2026-01-15 08:31:01 | INFO     | ======================================================================
2026-01-15 08:31:01 | INFO     | Load Factor Scraper Started - Route: AJF-CAI
2026-01-15 08:31:01 | INFO     | Log file: D:\CODERED\LAB\Artifacts\outputs\run_generated_150126_at_08.22\logs\LF_AJF-CAI_20260115_083101.log
2026-01-15 08:31:01 | INFO     | Enhanced logging: Capturing both logging.info() and print()
2026-01-15 08:31:01 | INFO     | ======================================================================
2026-01-15 08:31:01 | INFO     | Starting LF search for route: AJF-CAI
2026-01-15 08:31:01 | INFO     | [START] LF Search
2026-01-15 08:31:02 | INFO     | [HEALTH CHECK] [OK] Chrome connection is healthy
2026-01-15 08:31:02 | INFO     | [DAY_START] Processing 18FEB
2026-01-15 08:31:02 | INFO     | [lf.day.start] Processing AJF-CAI for 18FEB
2026-01-15 08:31:04 | WARNING  | [lf.day.no_flights] No direct flights on 18FEB
2026-01-15 08:31:04 | INFO     | [SUCCESS] Day 18FEB
2026-01-15 08:31:04 | INFO     | [DAY_START] Processing 17FEB
2026-01-15 08:31:04 | INFO     | [lf.day.start] Processing AJF-CAI for 17FEB
2026-01-15 08:31:05 | INFO     | [lf.day.flights_found] Found 1 flights on 17FEB
2026-01-15 08:31:07 | INFO     | [lf.flight.extracted] SM322 on 17FEB: BKG=43, LF=24.6%
2026-01-15 08:31:12 | INFO     | [SUCCESS] Day 17FEB
2026-01-15 08:31:12 | INFO     | [DAY_START] Processing 16FEB
2026-01-15 08:31:12 | INFO     | [lf.day.start] Processing AJF-CAI for 16FEB
2026-01-15 08:31:13 | WARNING  | [lf.day.no_flights] No direct flights on 16FEB
2026-01-15 08:31:13 | INFO     | [SUCCESS] Day 16FEB
2026-01-15 08:31:13 | INFO     | [DAY_START] Processing 15FEB
2026-01-15 08:31:13 | INFO     | [lf.day.start] Processing AJF-CAI for 15FEB
2026-01-15 08:31:14 | WARNING  | [lf.day.no_flights] No direct flights on 15FEB
2026-01-15 08:31:14 | INFO     | [SUCCESS] Day 15FEB
2026-01-15 08:31:14 | INFO     | [DAY_START] Processing 14FEB
2026-01-15 08:31:14 | INFO     | [lf.day.start] Processing AJF-CAI for 14FEB
2026-01-15 08:31:15 | INFO     | [lf.day.flights_found] Found 1 flights on 14FEB
2026-01-15 08:31:18 | INFO     | [lf.flight.extracted] SM322 on 14FEB: BKG=58, LF=33.7%
2026-01-15 08:31:22 | INFO     | [SUCCESS] Day 14FEB
2026-01-15 08:31:22 | INFO     | [DAY_START] Processing 13FEB
2026-01-15 08:31:22 | INFO     | [lf.day.start] Processing AJF-CAI for 13FEB
2026-01-15 08:31:24 | WARNING  | [lf.day.no_flights] No direct flights on 13FEB
2026-01-15 08:31:24 | INFO     | [SUCCESS] Day 13FEB
2026-01-15 08:31:24 | INFO     | [DAY_START] Processing 12FEB
2026-01-15 08:31:24 | INFO     | [lf.day.start] Processing AJF-CAI for 12FEB
2026-01-15 08:31:25 | INFO     | [lf.day.flights_found] Found 1 flights on 12FEB
2026-01-15 08:31:27 | INFO     | [lf.flight.extracted] SM322 on 12FEB: BKG=55, LF=31.4%
2026-01-15 08:31:32 | INFO     | [SUCCESS] Day 12FEB
2026-01-15 08:31:32 | INFO     | [DAY_START] Processing 11FEB
2026-01-15 08:31:32 | INFO     | [lf.day.start] Processing AJF-CAI for 11FEB
2026-01-15 08:31:33 | WARNING  | [lf.day.no_flights] No direct flights on 11FEB
2026-01-15 08:31:33 | INFO     | [SUCCESS] Day 11FEB
2026-01-15 08:31:33 | INFO     | [DAY_START] Processing 10FEB
2026-01-15 08:31:33 | INFO     | [lf.day.start] Processing AJF-CAI for 10FEB
2026-01-15 08:31:34 | INFO     | [lf.day.flights_found] Found 1 flights on 10FEB
2026-01-15 08:31:37 | INFO     | [lf.flight.extracted] SM322 on 10FEB: BKG=61, LF=34.9%
2026-01-15 08:31:41 | INFO     | [SUCCESS] Day 10FEB
2026-01-15 08:31:41 | INFO     | [SUCCESS] LF Search Complete
2026-01-15 08:31:43 | INFO     | [Worker_9225] Completed: AJF-CAI - 9 results, 0 errors
2026-01-15 08:31:43 | INFO     | [Worker_9225] Processing: ELQ-ATZ
2026-01-15 08:31:43 | INFO     |   Tier 0: Range 2, Chunk 2/3 (9 days)
