2026-01-15 08:34:19 | INFO     | ======================================================================
2026-01-15 08:34:19 | INFO     | Load Factor Scraper Started - Route: ATZ-TUU
2026-01-15 08:34:19 | INFO     | Log file: D:\CODERED\LAB\Artifacts\outputs\run_generated_150126_at_08.22\logs\LF_ATZ-TUU_20260115_083419.log
2026-01-15 08:34:19 | INFO     | Enhanced logging: Capturing both logging.info() and print()
2026-01-15 08:34:19 | INFO     | ======================================================================
2026-01-15 08:34:19 | INFO     | Starting LF search for route: ATZ-TUU
2026-01-15 08:34:19 | INFO     | [START] LF Search
2026-01-15 08:34:21 | INFO     | [HEALTH CHECK] [OK] Chrome connection is healthy
2026-01-15 08:34:21 | INFO     | [DAY_START] Processing 18FEB
2026-01-15 08:34:21 | INFO     | [lf.day.start] Processing ATZ-TUU for 18FEB
2026-01-15 08:34:23 | WARNING  | [lf.day.no_flights] No direct flights on 18FEB
2026-01-15 08:34:23 | INFO     | [SUCCESS] Day 18FEB
2026-01-15 08:34:23 | INFO     | [DAY_START] Processing 17FEB
2026-01-15 08:34:23 | INFO     | [lf.day.start] Processing ATZ-TUU for 17FEB
2026-01-15 08:34:25 | WARNING  | [lf.day.no_flights] No direct flights on 17FEB
2026-01-15 08:34:25 | INFO     | [SUCCESS] Day 17FEB
2026-01-15 08:34:25 | INFO     | [DAY_START] Processing 16FEB
2026-01-15 08:34:25 | INFO     | [lf.day.start] Processing ATZ-TUU for 16FEB
2026-01-15 08:34:26 | WARNING  | [lf.day.no_flights] No direct flights on 16FEB
2026-01-15 08:34:26 | INFO     | [SUCCESS] Day 16FEB
2026-01-15 08:34:26 | INFO     | [DAY_START] Processing 15FEB
2026-01-15 08:34:26 | INFO     | [lf.day.start] Processing ATZ-TUU for 15FEB
2026-01-15 08:34:27 | WARNING  | [lf.day.no_flights] No direct flights on 15FEB
2026-01-15 08:34:27 | INFO     | [SUCCESS] Day 15FEB
2026-01-15 08:34:27 | INFO     | [DAY_START] Processing 14FEB
2026-01-15 08:34:27 | INFO     | [lf.day.start] Processing ATZ-TUU for 14FEB
2026-01-15 08:34:29 | WARNING  | [lf.day.no_flights] No direct flights on 14FEB
2026-01-15 08:34:29 | INFO     | [SUCCESS] Day 14FEB
2026-01-15 08:34:29 | INFO     | [DAY_START] Processing 13FEB
2026-01-15 08:34:29 | INFO     | [lf.day.start] Processing ATZ-TUU for 13FEB
2026-01-15 08:34:32 | INFO     | [lf.day.flights_found] Found 1 flights on 13FEB
2026-01-15 08:34:36 | INFO     | [lf.flight.extracted] SM327 on 13FEB: BKG=0, LF=0.0%
2026-01-15 08:34:39 | INFO     | [SUCCESS] Day 13FEB
2026-01-15 08:34:39 | INFO     | [DAY_START] Processing 12FEB
2026-01-15 08:34:39 | INFO     | [lf.day.start] Processing ATZ-TUU for 12FEB
2026-01-15 08:34:41 | WARNING  | [lf.day.no_flights] No direct flights on 12FEB
2026-01-15 08:34:41 | INFO     | [SUCCESS] Day 12FEB
2026-01-15 08:34:41 | INFO     | [DAY_START] Processing 11FEB
2026-01-15 08:34:41 | INFO     | [lf.day.start] Processing ATZ-TUU for 11FEB
2026-01-15 08:34:43 | WARNING  | [lf.day.no_flights] No direct flights on 11FEB
2026-01-15 08:34:43 | INFO     | [SUCCESS] Day 11FEB
2026-01-15 08:34:43 | INFO     | [DAY_START] Processing 10FEB
2026-01-15 08:34:43 | INFO     | [lf.day.start] Processing ATZ-TUU for 10FEB
2026-01-15 08:34:44 | WARNING  | [lf.day.no_flights] No direct flights on 10FEB
2026-01-15 08:34:44 | INFO     | [SUCCESS] Day 10FEB
2026-01-15 08:34:44 | INFO     | [SUCCESS] LF Search Complete
2026-01-15 08:34:46 | INFO     | [Worker_9234] Completed: ATZ-TUU - 9 results, 0 errors
2026-01-15 08:34:46 | INFO     | [Worker_9234] Processing: CAI-YNB
2026-01-15 08:34:46 | INFO     |   Tier 0: Range 2, Chunk 2/3 (9 days)
