2026-01-15 08:46:08 | INFO     | ======================================================================
2026-01-15 08:46:08 | INFO     | Load Factor Scraper Started - Route: AHB-CAI
2026-01-15 08:46:08 | INFO     | Log file: D:\CODERED\LAB\Artifacts\outputs\run_generated_150126_at_08.22\logs\LF_AHB-CAI_20260115_084608.log
2026-01-15 08:46:08 | INFO     | Enhanced logging: Capturing both logging.info() and print()
2026-01-15 08:46:08 | INFO     | ======================================================================
2026-01-15 08:46:08 | INFO     | Starting LF search for route: AHB-CAI
2026-01-15 08:46:08 | INFO     | [START] LF Search
2026-01-15 08:46:11 | INFO     | [HEALTH CHECK] [OK] Chrome connection is healthy
2026-01-15 08:46:11 | INFO     | [DAY_START] Processing 31JAN
2026-01-15 08:46:11 | INFO     | [lf.day.start] Processing AHB-CAI for 31JAN
2026-01-15 08:46:12 | WARNING  | [lf.day.no_flights] No direct flights on 31JAN
2026-01-15 08:46:12 | INFO     | [SUCCESS] Day 31JAN
2026-01-15 08:46:12 | INFO     | [DAY_START] Processing 30JAN
2026-01-15 08:46:12 | INFO     | [lf.day.start] Processing AHB-CAI for 30JAN
2026-01-15 08:46:13 | INFO     | [lf.day.flights_found] Found 1 flights on 30JAN
2026-01-15 08:46:16 | INFO     | [lf.flight.extracted] SM444 on 30JAN: BKG=57, LF=32.6%
2026-01-15 08:46:24 | INFO     | [SUCCESS] Day 30JAN
2026-01-15 08:46:24 | INFO     | [DAY_START] Processing 29JAN
2026-01-15 08:46:24 | INFO     | [lf.day.start] Processing AHB-CAI for 29JAN
2026-01-15 08:46:25 | INFO     | [lf.day.flights_found] Found 1 flights on 29JAN
2026-01-15 08:46:28 | INFO     | [lf.flight.extracted] SM448 on 29JAN: BKG=66, LF=37.7%
2026-01-15 08:46:39 | INFO     | [SUCCESS] Day 29JAN
2026-01-15 08:46:39 | INFO     | [DAY_START] Processing 28JAN
2026-01-15 08:46:39 | INFO     | [lf.day.start] Processing AHB-CAI for 28JAN
2026-01-15 08:46:41 | WARNING  | [lf.day.no_flights] No direct flights on 28JAN
2026-01-15 08:46:41 | INFO     | [SUCCESS] Day 28JAN
2026-01-15 08:46:41 | INFO     | [DAY_START] Processing 27JAN
2026-01-15 08:46:41 | INFO     | [lf.day.start] Processing AHB-CAI for 27JAN
2026-01-15 08:46:44 | WARNING  | [lf.day.no_flights] No direct flights on 27JAN
2026-01-15 08:46:44 | INFO     | [SUCCESS] Day 27JAN
2026-01-15 08:46:44 | INFO     | [DAY_START] Processing 26JAN
2026-01-15 08:46:44 | INFO     | [lf.day.start] Processing AHB-CAI for 26JAN
2026-01-15 08:46:46 | WARNING  | [lf.day.no_flights] No direct flights on 26JAN
2026-01-15 08:46:46 | INFO     | [SUCCESS] Day 26JAN
2026-01-15 08:46:46 | INFO     | [DAY_START] Processing 25JAN
2026-01-15 08:46:46 | INFO     | [lf.day.start] Processing AHB-CAI for 25JAN
2026-01-15 08:46:47 | INFO     | [lf.day.flights_found] Found 1 flights on 25JAN
2026-01-15 08:46:50 | INFO     | [lf.flight.extracted] SM444 on 25JAN: BKG=39, LF=22.3%
2026-01-15 08:46:55 | INFO     | [SUCCESS] Day 25JAN
2026-01-15 08:46:55 | INFO     | [DAY_START] Processing 24JAN
2026-01-15 08:46:55 | INFO     | [lf.day.start] Processing AHB-CAI for 24JAN
2026-01-15 08:46:57 | WARNING  | [lf.day.no_flights] No direct flights on 24JAN
2026-01-15 08:46:57 | INFO     | [SUCCESS] Day 24JAN
2026-01-15 08:46:57 | INFO     | [DAY_START] Processing 23JAN
2026-01-15 08:46:57 | INFO     | [lf.day.start] Processing AHB-CAI for 23JAN
2026-01-15 08:46:58 | INFO     | [lf.day.flights_found] Found 1 flights on 23JAN
2026-01-15 08:47:01 | INFO     | [lf.flight.extracted] SM444 on 23JAN: BKG=36, LF=20.6%
2026-01-15 08:47:06 | INFO     | [SUCCESS] Day 23JAN
2026-01-15 08:47:06 | INFO     | [SUCCESS] LF Search Complete
2026-01-15 08:47:08 | INFO     | [Worker_9227] Completed: AHB-CAI - 9 results, 0 errors
2026-01-15 08:47:08 | INFO     | [Worker_9227] Processing: HBE-MED
2026-01-15 08:47:08 | INFO     |   Tier 0: Range 1, Chunk 1/2 (9 days)
