2026-01-15 08:34:27 | INFO     | ======================================================================
2026-01-15 08:34:27 | INFO     | Load Factor Scraper Started - Route: ATZ-AJF
2026-01-15 08:34:27 | INFO     | Log file: D:\CODERED\LAB\Artifacts\outputs\run_generated_150126_at_08.22\logs\LF_ATZ-AJF_20260115_083427.log
2026-01-15 08:34:27 | INFO     | Enhanced logging: Capturing both logging.info() and print()
2026-01-15 08:34:27 | INFO     | ======================================================================
2026-01-15 08:34:27 | INFO     | Starting LF search for route: ATZ-AJF
2026-01-15 08:34:27 | INFO     | [START] LF Search
2026-01-15 08:34:29 | INFO     | [HEALTH CHECK] [OK] Chrome connection is healthy
2026-01-15 08:34:29 | INFO     | [DAY_START] Processing 18FEB
2026-01-15 08:34:29 | INFO     | [lf.day.start] Processing ATZ-AJF for 18FEB
2026-01-15 08:34:31 | WARNING  | [lf.day.no_flights] No direct flights on 18FEB
2026-01-15 08:34:31 | INFO     | [SUCCESS] Day 18FEB
2026-01-15 08:34:31 | INFO     | [DAY_START] Processing 17FEB
2026-01-15 08:34:31 | INFO     | [lf.day.start] Processing ATZ-AJF for 17FEB
2026-01-15 08:34:33 | WARNING  | [lf.day.no_flights] No direct flights on 17FEB
2026-01-15 08:34:34 | INFO     | [SUCCESS] Day 17FEB
2026-01-15 08:34:34 | INFO     | [DAY_START] Processing 16FEB
2026-01-15 08:34:34 | INFO     | [lf.day.start] Processing ATZ-AJF for 16FEB
2026-01-15 08:34:36 | WARNING  | [lf.day.no_flights] No direct flights on 16FEB
2026-01-15 08:34:36 | INFO     | [SUCCESS] Day 16FEB
2026-01-15 08:34:36 | INFO     | [DAY_START] Processing 15FEB
2026-01-15 08:34:36 | INFO     | [lf.day.start] Processing ATZ-AJF for 15FEB
2026-01-15 08:34:38 | WARNING  | [lf.day.no_flights] No direct flights on 15FEB
2026-01-15 08:34:39 | INFO     | [SUCCESS] Day 15FEB
2026-01-15 08:34:39 | INFO     | [DAY_START] Processing 14FEB
2026-01-15 08:34:39 | INFO     | [lf.day.start] Processing ATZ-AJF for 14FEB
2026-01-15 08:34:40 | WARNING  | [lf.day.no_flights] No direct flights on 14FEB
2026-01-15 08:34:41 | INFO     | [SUCCESS] Day 14FEB
2026-01-15 08:34:41 | INFO     | [DAY_START] Processing 13FEB
2026-01-15 08:34:41 | INFO     | [lf.day.start] Processing ATZ-AJF for 13FEB
2026-01-15 08:34:43 | INFO     | [lf.day.flights_found] Found 1 flights on 13FEB
2026-01-15 08:34:45 | INFO     | [lf.flight.extracted] SM323 on 13FEB: BKG=4, LF=2.2%
2026-01-15 08:34:48 | INFO     | [SUCCESS] Day 13FEB
2026-01-15 08:34:48 | INFO     | [DAY_START] Processing 12FEB
2026-01-15 08:34:48 | INFO     | [lf.day.start] Processing ATZ-AJF for 12FEB
2026-01-15 08:34:50 | WARNING  | [lf.day.no_flights] No direct flights on 12FEB
2026-01-15 08:34:50 | INFO     | [SUCCESS] Day 12FEB
2026-01-15 08:34:50 | INFO     | [DAY_START] Processing 11FEB
2026-01-15 08:34:50 | INFO     | [lf.day.start] Processing ATZ-AJF for 11FEB
2026-01-15 08:34:51 | WARNING  | [lf.day.no_flights] No direct flights on 11FEB
2026-01-15 08:34:52 | INFO     | [SUCCESS] Day 11FEB
2026-01-15 08:34:52 | INFO     | [DAY_START] Processing 10FEB
2026-01-15 08:34:52 | INFO     | [lf.day.start] Processing ATZ-AJF for 10FEB
2026-01-15 08:34:53 | WARNING  | [lf.day.no_flights] No direct flights on 10FEB
2026-01-15 08:34:53 | INFO     | [SUCCESS] Day 10FEB
2026-01-15 08:34:53 | INFO     | [SUCCESS] LF Search Complete
2026-01-15 08:34:55 | INFO     | [Worker_9223] Completed: ATZ-AJF - 9 results, 0 errors
2026-01-15 08:34:55 | INFO     | [Worker_9223] Processing: CAI-ELQ
2026-01-15 08:34:55 | INFO     |   Tier 0: Range 2, Chunk 2/3 (9 days)
