2026-01-15 08:33:30 | INFO     | ======================================================================
2026-01-15 08:33:30 | INFO     | Load Factor Scraper Started - Route: ATZ-RUH
2026-01-15 08:33:30 | INFO     | Log file: D:\CODERED\LAB\Artifacts\outputs\run_generated_150126_at_08.22\logs\LF_ATZ-RUH_20260115_083330.log
2026-01-15 08:33:30 | INFO     | Enhanced logging: Capturing both logging.info() and print()
2026-01-15 08:33:30 | INFO     | ======================================================================
2026-01-15 08:33:30 | INFO     | Starting LF search for route: ATZ-RUH
2026-01-15 08:33:30 | INFO     | [START] LF Search
2026-01-15 08:33:31 | INFO     | [HEALTH CHECK] [OK] Chrome connection is healthy
2026-01-15 08:33:32 | INFO     | [DAY_START] Processing 18FEB
2026-01-15 08:33:32 | INFO     | [lf.day.start] Processing ATZ-RUH for 18FEB
2026-01-15 08:33:33 | INFO     | [lf.day.flights_found] Found 1 flights on 18FEB
2026-01-15 08:33:36 | INFO     | [lf.flight.extracted] SM465 on 18FEB: BKG=5, LF=2.8%
2026-01-15 08:33:39 | INFO     | [SUCCESS] Day 18FEB
2026-01-15 08:33:39 | INFO     | [DAY_START] Processing 17FEB
2026-01-15 08:33:39 | INFO     | [lf.day.start] Processing ATZ-RUH for 17FEB
2026-01-15 08:33:40 | INFO     | [lf.day.flights_found] Found 1 flights on 17FEB
2026-01-15 08:33:43 | INFO     | [lf.flight.extracted] SM463 on 17FEB: BKG=3, LF=1.7%
2026-01-15 08:33:46 | INFO     | [SUCCESS] Day 17FEB
2026-01-15 08:33:46 | INFO     | [DAY_START] Processing 16FEB
2026-01-15 08:33:46 | INFO     | [lf.day.start] Processing ATZ-RUH for 16FEB
2026-01-15 08:33:47 | WARNING  | [lf.day.no_flights] No direct flights on 16FEB
2026-01-15 08:33:47 | INFO     | [SUCCESS] Day 16FEB
2026-01-15 08:33:47 | INFO     | [DAY_START] Processing 15FEB
2026-01-15 08:33:47 | INFO     | [lf.day.start] Processing ATZ-RUH for 15FEB
2026-01-15 08:33:48 | INFO     | [lf.day.flights_found] Found 1 flights on 15FEB
2026-01-15 08:33:51 | INFO     | [lf.flight.extracted] SM463 on 15FEB: BKG=12, LF=6.7%
2026-01-15 08:33:54 | INFO     | [SUCCESS] Day 15FEB
2026-01-15 08:33:54 | INFO     | [DAY_START] Processing 14FEB
2026-01-15 08:33:54 | INFO     | [lf.day.start] Processing ATZ-RUH for 14FEB
2026-01-15 08:33:55 | WARNING  | [lf.day.no_flights] No direct flights on 14FEB
2026-01-15 08:33:55 | INFO     | [SUCCESS] Day 14FEB
2026-01-15 08:33:55 | INFO     | [DAY_START] Processing 13FEB
2026-01-15 08:33:55 | INFO     | [lf.day.start] Processing ATZ-RUH for 13FEB
2026-01-15 08:33:56 | WARNING  | [lf.day.no_flights] No direct flights on 13FEB
2026-01-15 08:33:56 | INFO     | [SUCCESS] Day 13FEB
2026-01-15 08:33:56 | INFO     | [DAY_START] Processing 12FEB
2026-01-15 08:33:56 | INFO     | [lf.day.start] Processing ATZ-RUH for 12FEB
2026-01-15 08:33:57 | WARNING  | [lf.day.no_flights] No direct flights on 12FEB
2026-01-15 08:33:57 | INFO     | [SUCCESS] Day 12FEB
2026-01-15 08:33:57 | INFO     | [DAY_START] Processing 11FEB
2026-01-15 08:33:57 | INFO     | [lf.day.start] Processing ATZ-RUH for 11FEB
2026-01-15 08:33:58 | INFO     | [lf.day.flights_found] Found 1 flights on 11FEB
2026-01-15 08:34:01 | INFO     | [lf.flight.extracted] SM465 on 11FEB: BKG=10, LF=5.6%
2026-01-15 08:34:05 | INFO     | [SUCCESS] Day 11FEB
2026-01-15 08:34:05 | INFO     | [DAY_START] Processing 10FEB
2026-01-15 08:34:05 | INFO     | [lf.day.start] Processing ATZ-RUH for 10FEB
2026-01-15 08:34:08 | INFO     | [lf.day.flights_found] Found 1 flights on 10FEB
2026-01-15 08:34:11 | INFO     | [lf.flight.extracted] SM463 on 10FEB: BKG=9, LF=5.0%
2026-01-15 08:34:17 | INFO     | [SUCCESS] Day 10FEB
2026-01-15 08:34:17 | INFO     | [SUCCESS] LF Search Complete
2026-01-15 08:34:19 | INFO     | [Worker_9234] Completed: ATZ-RUH - 9 results, 0 errors
2026-01-15 08:34:19 | INFO     | [Worker_9234] Processing: ATZ-TUU
2026-01-15 08:34:19 | INFO     |   Tier 0: Range 2, Chunk 2/3 (9 days)
