2026-01-15 08:34:52 | INFO     | ======================================================================
2026-01-15 08:34:52 | INFO     | Load Factor Scraper Started - Route: ATZ-AHB
2026-01-15 08:34:52 | INFO     | Log file: D:\CODERED\LAB\Artifacts\outputs\run_generated_150126_at_08.22\logs\LF_ATZ-AHB_20260115_083452.log
2026-01-15 08:34:52 | INFO     | Enhanced logging: Capturing both logging.info() and print()
2026-01-15 08:34:52 | INFO     | ======================================================================
2026-01-15 08:34:52 | INFO     | Starting LF search for route: ATZ-AHB
2026-01-15 08:34:52 | INFO     | [START] LF Search
2026-01-15 08:34:54 | INFO     | [HEALTH CHECK] [OK] Chrome connection is healthy
2026-01-15 08:34:54 | INFO     | [DAY_START] Processing 18FEB
2026-01-15 08:34:54 | INFO     | [lf.day.start] Processing ATZ-AHB for 18FEB
2026-01-15 08:34:55 | WARNING  | [lf.day.no_flights] No direct flights on 18FEB
2026-01-15 08:34:56 | INFO     | [SUCCESS] Day 18FEB
2026-01-15 08:34:56 | INFO     | [DAY_START] Processing 17FEB
2026-01-15 08:34:56 | INFO     | [lf.day.start] Processing ATZ-AHB for 17FEB
2026-01-15 08:34:57 | WARNING  | [lf.day.no_flights] No direct flights on 17FEB
2026-01-15 08:34:57 | INFO     | [SUCCESS] Day 17FEB
2026-01-15 08:34:57 | INFO     | [DAY_START] Processing 16FEB
2026-01-15 08:34:57 | INFO     | [lf.day.start] Processing ATZ-AHB for 16FEB
2026-01-15 08:34:59 | WARNING  | [lf.day.no_flights] No direct flights on 16FEB
2026-01-15 08:34:59 | INFO     | [SUCCESS] Day 16FEB
2026-01-15 08:34:59 | INFO     | [DAY_START] Processing 15FEB
2026-01-15 08:34:59 | INFO     | [lf.day.start] Processing ATZ-AHB for 15FEB
2026-01-15 08:35:01 | WARNING  | [lf.day.no_flights] No direct flights on 15FEB
2026-01-15 08:35:01 | INFO     | [SUCCESS] Day 15FEB
2026-01-15 08:35:01 | INFO     | [DAY_START] Processing 14FEB
2026-01-15 08:35:01 | INFO     | [lf.day.start] Processing ATZ-AHB for 14FEB
2026-01-15 08:35:02 | WARNING  | [lf.day.no_flights] No direct flights on 14FEB
2026-01-15 08:35:02 | INFO     | [SUCCESS] Day 14FEB
2026-01-15 08:35:02 | INFO     | [DAY_START] Processing 13FEB
2026-01-15 08:35:02 | INFO     | [lf.day.start] Processing ATZ-AHB for 13FEB
2026-01-15 08:35:03 | INFO     | [lf.day.flights_found] Found 1 flights on 13FEB
2026-01-15 08:35:06 | INFO     | [lf.flight.extracted] SM445 on 13FEB: BKG=4, LF=2.2%
2026-01-15 08:35:10 | INFO     | [SUCCESS] Day 13FEB
2026-01-15 08:35:10 | INFO     | [DAY_START] Processing 12FEB
2026-01-15 08:35:10 | INFO     | [lf.day.start] Processing ATZ-AHB for 12FEB
2026-01-15 08:35:11 | WARNING  | [lf.day.no_flights] No direct flights on 12FEB
2026-01-15 08:35:12 | INFO     | [SUCCESS] Day 12FEB
2026-01-15 08:35:12 | INFO     | [DAY_START] Processing 11FEB
2026-01-15 08:35:12 | INFO     | [lf.day.start] Processing ATZ-AHB for 11FEB
2026-01-15 08:35:13 | WARNING  | [lf.day.no_flights] No direct flights on 11FEB
2026-01-15 08:35:13 | INFO     | [SUCCESS] Day 11FEB
2026-01-15 08:35:13 | INFO     | [DAY_START] Processing 10FEB
2026-01-15 08:35:13 | INFO     | [lf.day.start] Processing ATZ-AHB for 10FEB
2026-01-15 08:35:14 | WARNING  | [lf.day.no_flights] No direct flights on 10FEB
2026-01-15 08:35:14 | INFO     | [SUCCESS] Day 10FEB
2026-01-15 08:35:14 | INFO     | [SUCCESS] LF Search Complete
2026-01-15 08:35:16 | INFO     | [Worker_9226] Completed: ATZ-AHB - 9 results, 0 errors
2026-01-15 08:35:16 | INFO     | [Worker_9226] Processing: CAI-GIZ
2026-01-15 08:35:16 | INFO     |   Tier 0: Range 2, Chunk 2/3 (9 days)
