2026-01-15 08:24:10 | INFO     | ======================================================================
2026-01-15 08:24:10 | INFO     | Load Factor Scraper Started - Route: AHB-ATZ
2026-01-15 08:24:10 | INFO     | Log file: D:\CODERED\LAB\Artifacts\outputs\run_generated_150126_at_08.22\logs\LF_AHB-ATZ_20260115_082410.log
2026-01-15 08:24:10 | INFO     | Enhanced logging: Capturing both logging.info() and print()
2026-01-15 08:24:10 | INFO     | ======================================================================
2026-01-15 08:24:10 | INFO     | Starting LF search for route: AHB-ATZ
2026-01-15 08:24:10 | INFO     | [START] LF Search
2026-01-15 08:24:11 | INFO     | [HEALTH CHECK] [OK] Chrome connection is healthy
2026-01-15 08:24:11 | INFO     | [DAY_START] Processing 28FEB
2026-01-15 08:24:11 | INFO     | [lf.day.start] Processing AHB-ATZ for 28FEB
2026-01-15 08:24:12 | WARNING  | [lf.day.no_flights] No direct flights on 28FEB
2026-01-15 08:24:12 | INFO     | [SUCCESS] Day 28FEB
2026-01-15 08:24:12 | INFO     | [DAY_START] Processing 27FEB
2026-01-15 08:24:12 | INFO     | [lf.day.start] Processing AHB-ATZ for 27FEB
2026-01-15 08:24:13 | INFO     | [lf.day.flights_found] Found 1 flights on 27FEB
2026-01-15 08:24:16 | INFO     | [lf.flight.extracted] SM446 on 27FEB: BKG=17, LF=9.7%
2026-01-15 08:24:18 | INFO     | [SUCCESS] Day 27FEB
2026-01-15 08:24:18 | INFO     | [DAY_START] Processing 26FEB
2026-01-15 08:24:18 | INFO     | [lf.day.start] Processing AHB-ATZ for 26FEB
2026-01-15 08:24:19 | WARNING  | [lf.day.no_flights] No direct flights on 26FEB
2026-01-15 08:24:20 | INFO     | [SUCCESS] Day 26FEB
2026-01-15 08:24:20 | INFO     | [DAY_START] Processing 25FEB
2026-01-15 08:24:20 | INFO     | [lf.day.start] Processing AHB-ATZ for 25FEB
2026-01-15 08:24:21 | WARNING  | [lf.day.no_flights] No direct flights on 25FEB
2026-01-15 08:24:21 | INFO     | [SUCCESS] Day 25FEB
2026-01-15 08:24:21 | INFO     | [DAY_START] Processing 24FEB
2026-01-15 08:24:21 | INFO     | [lf.day.start] Processing AHB-ATZ for 24FEB
2026-01-15 08:24:22 | WARNING  | [lf.day.no_flights] No direct flights on 24FEB
2026-01-15 08:24:22 | INFO     | [SUCCESS] Day 24FEB
2026-01-15 08:24:22 | INFO     | [DAY_START] Processing 23FEB
2026-01-15 08:24:22 | INFO     | [lf.day.start] Processing AHB-ATZ for 23FEB
2026-01-15 08:24:23 | WARNING  | [lf.day.no_flights] No direct flights on 23FEB
2026-01-15 08:24:23 | INFO     | [SUCCESS] Day 23FEB
2026-01-15 08:24:23 | INFO     | [DAY_START] Processing 22FEB
2026-01-15 08:24:23 | INFO     | [lf.day.start] Processing AHB-ATZ for 22FEB
2026-01-15 08:24:24 | WARNING  | [lf.day.no_flights] No direct flights on 22FEB
2026-01-15 08:24:24 | INFO     | [SUCCESS] Day 22FEB
2026-01-15 08:24:24 | INFO     | [DAY_START] Processing 21FEB
2026-01-15 08:24:24 | INFO     | [lf.day.start] Processing AHB-ATZ for 21FEB
2026-01-15 08:24:25 | WARNING  | [lf.day.no_flights] No direct flights on 21FEB
2026-01-15 08:24:26 | INFO     | [SUCCESS] Day 21FEB
2026-01-15 08:24:26 | INFO     | [DAY_START] Processing 20FEB
2026-01-15 08:24:26 | INFO     | [lf.day.start] Processing AHB-ATZ for 20FEB
2026-01-15 08:24:27 | INFO     | [lf.day.flights_found] Found 1 flights on 20FEB
2026-01-15 08:24:29 | INFO     | [lf.flight.extracted] SM446 on 20FEB: BKG=13, LF=7.4%
2026-01-15 08:24:32 | INFO     | [SUCCESS] Day 20FEB
2026-01-15 08:24:32 | INFO     | [DAY_START] Processing 19FEB
2026-01-15 08:24:32 | INFO     | [lf.day.start] Processing AHB-ATZ for 19FEB
2026-01-15 08:24:33 | WARNING  | [lf.day.no_flights] No direct flights on 19FEB
2026-01-15 08:24:33 | INFO     | [SUCCESS] Day 19FEB
2026-01-15 08:24:33 | INFO     | [SUCCESS] LF Search Complete
2026-01-15 08:24:35 | INFO     | [Worker_9234] Completed: AHB-ATZ - 10 results, 0 errors
2026-01-15 08:24:35 | INFO     | [Worker_9234] Processing: HBE-MED
2026-01-15 08:24:35 | INFO     |   Tier 0: Range 2, Chunk 1/3 (10 days)
