2026-01-15 08:40:29 | INFO     | ======================================================================
2026-01-15 08:40:29 | INFO     | Load Factor Scraper Started - Route: ATZ-JED
2026-01-15 08:40:29 | INFO     | Log file: D:\CODERED\LAB\Artifacts\outputs\run_generated_150126_at_08.22\logs\LF_ATZ-JED_20260115_084029.log
2026-01-15 08:40:29 | INFO     | Enhanced logging: Capturing both logging.info() and print()
2026-01-15 08:40:29 | INFO     | ======================================================================
2026-01-15 08:40:29 | INFO     | Starting LF search for route: ATZ-JED
2026-01-15 08:40:29 | INFO     | [START] LF Search
2026-01-15 08:40:30 | INFO     | [HEALTH CHECK] [OK] Chrome connection is healthy
2026-01-15 08:40:30 | INFO     | [DAY_START] Processing 09FEB
2026-01-15 08:40:30 | INFO     | [lf.day.start] Processing ATZ-JED for 09FEB
2026-01-15 08:40:31 | INFO     | [lf.day.flights_found] Found 4 flights on 09FEB
2026-01-15 08:40:34 | INFO     | [lf.flight.extracted] SM491 on 09FEB: BKG=181, LF=101.1%
2026-01-15 08:40:38 | INFO     | [lf.flight.extracted] SM455 on 09FEB: BKG=182, LF=101.7%
2026-01-15 08:40:43 | INFO     | [lf.flight.extracted] SM453 on 09FEB: BKG=184, LF=102.8%
2026-01-15 08:40:47 | INFO     | [lf.flight.extracted] SM975 on 09FEB: BKG=180, LF=100.6%
2026-01-15 08:40:55 | INFO     | [SUCCESS] Day 09FEB
2026-01-15 08:40:55 | INFO     | [DAY_START] Processing 08FEB
2026-01-15 08:40:55 | INFO     | [lf.day.start] Processing ATZ-JED for 08FEB
2026-01-15 08:40:56 | INFO     | [lf.day.flights_found] Found 5 flights on 08FEB
2026-01-15 08:40:59 | INFO     | [lf.flight.extracted] SM961 on 08FEB: BKG=180, LF=100.6%
2026-01-15 08:41:03 | INFO     | [lf.flight.extracted] SM491 on 08FEB: BKG=148, LF=82.7%
2026-01-15 08:41:07 | INFO     | [lf.flight.extracted] SM455 on 08FEB: BKG=152, LF=84.9%
2026-01-15 08:41:12 | INFO     | [lf.flight.extracted] SM2441 on 08FEB: BKG=0, LF=0.0%
2026-01-15 08:41:16 | INFO     | [lf.flight.extracted] SM973 on 08FEB: BKG=180, LF=100.6%
2026-01-15 08:41:26 | INFO     | [SUCCESS] Day 08FEB
2026-01-15 08:41:26 | INFO     | [DAY_START] Processing 07FEB
2026-01-15 08:41:26 | INFO     | [lf.day.start] Processing ATZ-JED for 07FEB
2026-01-15 08:41:27 | INFO     | [lf.day.flights_found] Found 4 flights on 07FEB
2026-01-15 08:41:30 | INFO     | [lf.flight.extracted] SM491 on 07FEB: BKG=144, LF=80.5%
2026-01-15 08:41:35 | INFO     | [lf.flight.extracted] SM453 on 07FEB: BKG=148, LF=82.7%
2026-01-15 08:41:39 | INFO     | [lf.flight.extracted] SM957 on 07FEB: BKG=180, LF=100.0%
2026-01-15 08:41:44 | INFO     | [lf.flight.extracted] SM455 on 07FEB: BKG=154, LF=86.0%
2026-01-15 08:41:53 | INFO     | [SUCCESS] Day 07FEB
2026-01-15 08:41:53 | INFO     | [DAY_START] Processing 06FEB
2026-01-15 08:41:53 | INFO     | [lf.day.start] Processing ATZ-JED for 06FEB
2026-01-15 08:41:54 | INFO     | [lf.day.flights_found] Found 2 flights on 06FEB
2026-01-15 08:41:57 | INFO     | [lf.flight.extracted] SM491 on 06FEB: BKG=143, LF=79.9%
2026-01-15 08:42:02 | INFO     | [lf.flight.extracted] SM955 on 06FEB: BKG=180, LF=100.6%
2026-01-15 08:42:07 | INFO     | [SUCCESS] Day 06FEB
2026-01-15 08:42:07 | INFO     | [DAY_START] Processing 05FEB
2026-01-15 08:42:07 | INFO     | [lf.day.start] Processing ATZ-JED for 05FEB
2026-01-15 08:42:08 | INFO     | [lf.day.flights_found] Found 3 flights on 05FEB
2026-01-15 08:42:12 | INFO     | [lf.flight.extracted] SM963 on 05FEB: BKG=180, LF=100.6%
2026-01-15 08:42:18 | INFO     | [lf.flight.extracted] SM453 on 05FEB: BKG=14, LF=7.8%
2026-01-15 08:42:23 | INFO     | [lf.flight.extracted] SM455 on 05FEB: BKG=17, LF=9.5%
2026-01-15 08:42:30 | INFO     | [SUCCESS] Day 05FEB
2026-01-15 08:42:30 | INFO     | [DAY_START] Processing 04FEB
2026-01-15 08:42:30 | INFO     | [lf.day.start] Processing ATZ-JED for 04FEB
2026-01-15 08:42:32 | INFO     | [lf.day.flights_found] Found 3 flights on 04FEB
2026-01-15 08:42:35 | INFO     | [lf.flight.extracted] SM453 on 04FEB: BKG=9, LF=5.0%
2026-01-15 08:42:39 | INFO     | [lf.flight.extracted] SM491 on 04FEB: BKG=17, LF=9.5%
2026-01-15 08:42:45 | INFO     | [lf.flight.extracted] SM421 on 04FEB: BKG=11, LF=6.2%
2026-01-15 08:42:54 | INFO     | [SUCCESS] Day 04FEB
2026-01-15 08:42:54 | INFO     | [DAY_START] Processing 03FEB
2026-01-15 08:42:54 | INFO     | [lf.day.start] Processing ATZ-JED for 03FEB
2026-01-15 08:42:56 | INFO     | [lf.day.flights_found] Found 2 flights on 03FEB
2026-01-15 08:42:59 | INFO     | [lf.flight.extracted] SM453 on 03FEB: BKG=180, LF=100.6%
2026-01-15 08:43:03 | INFO     | [lf.flight.extracted] SM455 on 03FEB: BKG=187, LF=104.5%
2026-01-15 08:43:11 | INFO     | [SUCCESS] Day 03FEB
2026-01-15 08:43:11 | INFO     | [DAY_START] Processing 02FEB
2026-01-15 08:43:11 | INFO     | [lf.day.start] Processing ATZ-JED for 02FEB
2026-01-15 08:43:13 | INFO     | [lf.day.flights_found] Found 4 flights on 02FEB
2026-01-15 08:43:16 | INFO     | [lf.flight.extracted] SM491 on 02FEB: BKG=179, LF=100.0%
2026-01-15 08:43:21 | INFO     | [lf.flight.extracted] SM455 on 02FEB: BKG=135, LF=75.4%
2026-01-15 08:43:25 | INFO     | [lf.flight.extracted] SM421 on 02FEB: BKG=160, LF=89.4%
2026-01-15 08:43:29 | INFO     | [lf.flight.extracted] SM453 on 02FEB: BKG=141, LF=78.8%
2026-01-15 08:43:39 | INFO     | [SUCCESS] Day 02FEB
2026-01-15 08:43:39 | INFO     | [DAY_START] Processing 01FEB
2026-01-15 08:43:39 | INFO     | [lf.day.start] Processing ATZ-JED for 01FEB
2026-01-15 08:43:40 | INFO     | [lf.day.flights_found] Found 2 flights on 01FEB
2026-01-15 08:43:44 | INFO     | [lf.flight.extracted] SM491 on 01FEB: BKG=150, LF=83.8%
2026-01-15 08:43:48 | INFO     | [lf.flight.extracted] SM455 on 01FEB: BKG=143, LF=79.9%
2026-01-15 08:43:53 | INFO     | [SUCCESS] Day 01FEB
2026-01-15 08:43:53 | INFO     | [SUCCESS] LF Search Complete
2026-01-15 08:43:55 | INFO     | [Worker_9222] Completed: ATZ-JED - 9 results, 0 errors
2026-01-15 08:43:55 | INFO     | [Worker_9222] Processing: JED-ASW
2026-01-15 08:43:55 | INFO     |   Tier 0: Range 1, Chunk 1/2 (9 days)
