2026-01-15 08:46:19 | INFO     | ======================================================================
2026-01-15 08:46:19 | INFO     | Load Factor Scraper Started - Route: AHB-ATZ
2026-01-15 08:46:19 | INFO     | Log file: D:\CODERED\LAB\Artifacts\outputs\run_generated_150126_at_08.22\logs\LF_AHB-ATZ_20260115_084619.log
2026-01-15 08:46:19 | INFO     | Enhanced logging: Capturing both logging.info() and print()
2026-01-15 08:46:19 | INFO     | ======================================================================
2026-01-15 08:46:19 | INFO     | Starting LF search for route: AHB-ATZ
2026-01-15 08:46:19 | INFO     | [START] LF Search
2026-01-15 08:46:21 | INFO     | [HEALTH CHECK] [OK] Chrome connection is healthy
2026-01-15 08:46:21 | INFO     | [DAY_START] Processing 31JAN
2026-01-15 08:46:21 | INFO     | [lf.day.start] Processing AHB-ATZ for 31JAN
2026-01-15 08:46:23 | WARNING  | [lf.day.no_flights] No direct flights on 31JAN
2026-01-15 08:46:23 | INFO     | [SUCCESS] Day 31JAN
2026-01-15 08:46:23 | INFO     | [DAY_START] Processing 30JAN
2026-01-15 08:46:23 | INFO     | [lf.day.start] Processing AHB-ATZ for 30JAN
2026-01-15 08:46:24 | INFO     | [lf.day.flights_found] Found 1 flights on 30JAN
2026-01-15 08:46:26 | INFO     | [lf.flight.extracted] SM446 on 30JAN: BKG=57, LF=34.1%
2026-01-15 08:46:33 | INFO     | [SUCCESS] Day 30JAN
2026-01-15 08:46:33 | INFO     | [DAY_START] Processing 29JAN
2026-01-15 08:46:33 | INFO     | [lf.day.start] Processing AHB-ATZ for 29JAN
2026-01-15 08:46:34 | WARNING  | [lf.day.no_flights] No direct flights on 29JAN
2026-01-15 08:46:34 | INFO     | [SUCCESS] Day 29JAN
2026-01-15 08:46:34 | INFO     | [DAY_START] Processing 28JAN
2026-01-15 08:46:34 | INFO     | [lf.day.start] Processing AHB-ATZ for 28JAN
2026-01-15 08:46:36 | WARNING  | [lf.day.no_flights] No direct flights on 28JAN
2026-01-15 08:46:37 | INFO     | [SUCCESS] Day 28JAN
2026-01-15 08:46:37 | INFO     | [DAY_START] Processing 27JAN
2026-01-15 08:46:37 | INFO     | [lf.day.start] Processing AHB-ATZ for 27JAN
2026-01-15 08:46:39 | WARNING  | [lf.day.no_flights] No direct flights on 27JAN
2026-01-15 08:46:39 | INFO     | [SUCCESS] Day 27JAN
2026-01-15 08:46:39 | INFO     | [DAY_START] Processing 26JAN
2026-01-15 08:46:39 | INFO     | [lf.day.start] Processing AHB-ATZ for 26JAN
2026-01-15 08:46:41 | WARNING  | [lf.day.no_flights] No direct flights on 26JAN
2026-01-15 08:46:41 | INFO     | [SUCCESS] Day 26JAN
2026-01-15 08:46:41 | INFO     | [DAY_START] Processing 25JAN
2026-01-15 08:46:41 | INFO     | [lf.day.start] Processing AHB-ATZ for 25JAN
2026-01-15 08:46:43 | WARNING  | [lf.day.no_flights] No direct flights on 25JAN
2026-01-15 08:46:44 | INFO     | [SUCCESS] Day 25JAN
2026-01-15 08:46:44 | INFO     | [DAY_START] Processing 24JAN
2026-01-15 08:46:44 | INFO     | [lf.day.start] Processing AHB-ATZ for 24JAN
2026-01-15 08:46:45 | WARNING  | [lf.day.no_flights] No direct flights on 24JAN
2026-01-15 08:46:45 | INFO     | [SUCCESS] Day 24JAN
2026-01-15 08:46:45 | INFO     | [DAY_START] Processing 23JAN
2026-01-15 08:46:45 | INFO     | [lf.day.start] Processing AHB-ATZ for 23JAN
2026-01-15 08:46:47 | INFO     | [lf.day.flights_found] Found 1 flights on 23JAN
2026-01-15 08:46:51 | INFO     | [lf.flight.extracted] SM446 on 23JAN: BKG=78, LF=44.6%
2026-01-15 08:46:57 | INFO     | [SUCCESS] Day 23JAN
2026-01-15 08:46:57 | INFO     | [SUCCESS] LF Search Complete
2026-01-15 08:46:59 | INFO     | [Worker_9232] Completed: AHB-ATZ - 9 results, 0 errors
2026-01-15 08:46:59 | INFO     | [Worker_9232] Processing: CAI-MED
2026-01-15 08:46:59 | INFO     |   Tier 0: Range 1, Chunk 1/2 (9 days)
