2026-01-15 08:45:42 | INFO     | ======================================================================
2026-01-15 08:45:42 | INFO     | Load Factor Scraper Started - Route: AJF-CAI
2026-01-15 08:45:42 | INFO     | Log file: D:\CODERED\LAB\Artifacts\outputs\run_generated_150126_at_08.22\logs\LF_AJF-CAI_20260115_084542.log
2026-01-15 08:45:42 | INFO     | Enhanced logging: Capturing both logging.info() and print()
2026-01-15 08:45:42 | INFO     | ======================================================================
2026-01-15 08:45:42 | INFO     | Starting LF search for route: AJF-CAI
2026-01-15 08:45:42 | INFO     | [START] LF Search
2026-01-15 08:45:47 | INFO     | [HEALTH CHECK] [OK] Chrome connection is healthy
2026-01-15 08:45:47 | INFO     | [DAY_START] Processing 31JAN
2026-01-15 08:45:47 | INFO     | [lf.day.start] Processing AJF-CAI for 31JAN
2026-01-15 08:45:50 | INFO     | [lf.day.flights_found] Found 1 flights on 31JAN
2026-01-15 08:45:55 | INFO     | [lf.flight.extracted] SM322 on 31JAN: BKG=64, LF=36.6%
2026-01-15 08:46:04 | INFO     | [SUCCESS] Day 31JAN
2026-01-15 08:46:04 | INFO     | [DAY_START] Processing 30JAN
2026-01-15 08:46:04 | INFO     | [lf.day.start] Processing AJF-CAI for 30JAN
2026-01-15 08:46:06 | WARNING  | [lf.day.no_flights] No direct flights on 30JAN
2026-01-15 08:46:06 | INFO     | [SUCCESS] Day 30JAN
2026-01-15 08:46:06 | INFO     | [DAY_START] Processing 29JAN
2026-01-15 08:46:06 | INFO     | [lf.day.start] Processing AJF-CAI for 29JAN
2026-01-15 08:46:08 | INFO     | [lf.day.flights_found] Found 1 flights on 29JAN
2026-01-15 08:46:11 | INFO     | [lf.flight.extracted] SM322 on 29JAN: BKG=21, LF=12.0%
2026-01-15 08:46:15 | INFO     | [SUCCESS] Day 29JAN
2026-01-15 08:46:15 | INFO     | [DAY_START] Processing 28JAN
2026-01-15 08:46:15 | INFO     | [lf.day.start] Processing AJF-CAI for 28JAN
2026-01-15 08:46:16 | WARNING  | [lf.day.no_flights] No direct flights on 28JAN
2026-01-15 08:46:17 | INFO     | [SUCCESS] Day 28JAN
2026-01-15 08:46:17 | INFO     | [DAY_START] Processing 27JAN
2026-01-15 08:46:17 | INFO     | [lf.day.start] Processing AJF-CAI for 27JAN
2026-01-15 08:46:18 | INFO     | [lf.day.flights_found] Found 1 flights on 27JAN
2026-01-15 08:46:21 | INFO     | [lf.flight.extracted] SM322 on 27JAN: BKG=28, LF=16.0%
2026-01-15 08:46:27 | INFO     | [SUCCESS] Day 27JAN
2026-01-15 08:46:27 | INFO     | [DAY_START] Processing 26JAN
2026-01-15 08:46:27 | INFO     | [lf.day.start] Processing AJF-CAI for 26JAN
2026-01-15 08:46:29 | WARNING  | [lf.day.no_flights] No direct flights on 26JAN
2026-01-15 08:46:29 | INFO     | [SUCCESS] Day 26JAN
2026-01-15 08:46:29 | INFO     | [DAY_START] Processing 25JAN
2026-01-15 08:46:29 | INFO     | [lf.day.start] Processing AJF-CAI for 25JAN
2026-01-15 08:46:31 | WARNING  | [lf.day.no_flights] No direct flights on 25JAN
2026-01-15 08:46:31 | INFO     | [SUCCESS] Day 25JAN
2026-01-15 08:46:31 | INFO     | [DAY_START] Processing 24JAN
2026-01-15 08:46:31 | INFO     | [lf.day.start] Processing AJF-CAI for 24JAN
2026-01-15 08:46:32 | INFO     | [lf.day.flights_found] Found 1 flights on 24JAN
2026-01-15 08:46:35 | INFO     | [lf.flight.extracted] SM322 on 24JAN: BKG=18, LF=10.3%
2026-01-15 08:46:41 | INFO     | [SUCCESS] Day 24JAN
2026-01-15 08:46:41 | INFO     | [DAY_START] Processing 23JAN
2026-01-15 08:46:41 | INFO     | [lf.day.start] Processing AJF-CAI for 23JAN
2026-01-15 08:46:43 | WARNING  | [lf.day.no_flights] No direct flights on 23JAN
2026-01-15 08:46:43 | INFO     | [SUCCESS] Day 23JAN
2026-01-15 08:46:43 | INFO     | [SUCCESS] LF Search Complete
2026-01-15 08:46:45 | INFO     | [Worker_9222] Completed: AJF-CAI - 9 results, 0 errors
2026-01-15 08:46:46 | INFO     | [Worker_9222] Processing: ELQ-ATZ
2026-01-15 08:46:46 | INFO     |   Tier 0: Range 1, Chunk 1/2 (9 days)
