2026-01-15 08:50:18 | INFO     | ======================================================================
2026-01-15 08:50:18 | INFO     | Load Factor Scraper Started - Route: ATZ-ELQ
2026-01-15 08:50:18 | INFO     | Log file: D:\CODERED\LAB\Artifacts\outputs\run_generated_150126_at_08.22\logs\LF_ATZ-ELQ_20260115_085018.log
2026-01-15 08:50:18 | INFO     | Enhanced logging: Capturing both logging.info() and print()
2026-01-15 08:50:18 | INFO     | ======================================================================
2026-01-15 08:50:18 | INFO     | Starting LF search for route: ATZ-ELQ
2026-01-15 08:50:18 | INFO     | [START] LF Search
2026-01-15 08:50:20 | INFO     | [HEALTH CHECK] [OK] Chrome connection is healthy
2026-01-15 08:50:20 | INFO     | [DAY_START] Processing 31JAN
2026-01-15 08:50:20 | INFO     | [lf.day.start] Processing ATZ-ELQ for 31JAN
2026-01-15 08:50:21 | INFO     | [lf.day.flights_found] Found 1 flights on 31JAN
2026-01-15 08:50:25 | INFO     | [lf.flight.extracted] SM435 on 31JAN: BKG=33, LF=18.4%
2026-01-15 08:50:30 | INFO     | [SUCCESS] Day 31JAN
2026-01-15 08:50:30 | INFO     | [DAY_START] Processing 30JAN
2026-01-15 08:50:30 | INFO     | [lf.day.start] Processing ATZ-ELQ for 30JAN
2026-01-15 08:50:32 | WARNING  | [lf.day.no_flights] No direct flights on 30JAN
2026-01-15 08:50:32 | INFO     | [SUCCESS] Day 30JAN
2026-01-15 08:50:32 | INFO     | [DAY_START] Processing 29JAN
2026-01-15 08:50:32 | INFO     | [lf.day.start] Processing ATZ-ELQ for 29JAN
2026-01-15 08:50:33 | WARNING  | [lf.day.no_flights] No direct flights on 29JAN
2026-01-15 08:50:33 | INFO     | [SUCCESS] Day 29JAN
2026-01-15 08:50:33 | INFO     | [DAY_START] Processing 28JAN
2026-01-15 08:50:33 | INFO     | [lf.day.start] Processing ATZ-ELQ for 28JAN
2026-01-15 08:50:35 | WARNING  | [lf.day.no_flights] No direct flights on 28JAN
2026-01-15 08:50:35 | INFO     | [SUCCESS] Day 28JAN
2026-01-15 08:50:35 | INFO     | [DAY_START] Processing 27JAN
2026-01-15 08:50:35 | INFO     | [lf.day.start] Processing ATZ-ELQ for 27JAN
2026-01-15 08:50:36 | INFO     | [lf.day.flights_found] Found 1 flights on 27JAN
2026-01-15 08:50:39 | INFO     | [lf.flight.extracted] SM435 on 27JAN: BKG=55, LF=30.7%
2026-01-15 08:50:45 | INFO     | [SUCCESS] Day 27JAN
2026-01-15 08:50:45 | INFO     | [DAY_START] Processing 26JAN
2026-01-15 08:50:45 | INFO     | [lf.day.start] Processing ATZ-ELQ for 26JAN
2026-01-15 08:50:46 | WARNING  | [lf.day.no_flights] No direct flights on 26JAN
2026-01-15 08:50:46 | INFO     | [SUCCESS] Day 26JAN
2026-01-15 08:50:46 | INFO     | [DAY_START] Processing 25JAN
2026-01-15 08:50:46 | INFO     | [lf.day.start] Processing ATZ-ELQ for 25JAN
2026-01-15 08:50:47 | WARNING  | [lf.day.no_flights] No direct flights on 25JAN
2026-01-15 08:50:47 | INFO     | [SUCCESS] Day 25JAN
2026-01-15 08:50:47 | INFO     | [DAY_START] Processing 24JAN
2026-01-15 08:50:47 | INFO     | [lf.day.start] Processing ATZ-ELQ for 24JAN
2026-01-15 08:50:48 | INFO     | [lf.day.flights_found] Found 1 flights on 24JAN
2026-01-15 08:50:51 | INFO     | [lf.flight.extracted] SM435 on 24JAN: BKG=67, LF=37.4%
2026-01-15 08:50:58 | INFO     | [SUCCESS] Day 24JAN
2026-01-15 08:50:58 | INFO     | [DAY_START] Processing 23JAN
2026-01-15 08:50:58 | INFO     | [lf.day.start] Processing ATZ-ELQ for 23JAN
2026-01-15 08:50:59 | WARNING  | [lf.day.no_flights] No direct flights on 23JAN
2026-01-15 08:50:59 | INFO     | [SUCCESS] Day 23JAN
2026-01-15 08:50:59 | INFO     | [SUCCESS] LF Search Complete
2026-01-15 08:51:01 | INFO     | [Worker_9226] Completed: ATZ-ELQ - 9 results, 0 errors
2026-01-15 08:51:01 | INFO     | [Worker_9226] Processing: JED-CAI
2026-01-15 08:51:01 | INFO     |   Tier 0: Range 1, Chunk 2/2 (8 days)
