2026-01-15 08:47:56 | INFO     | ======================================================================
2026-01-15 08:47:56 | INFO     | Load Factor Scraper Started - Route: ASW-JED
2026-01-15 08:47:56 | INFO     | Log file: D:\CODERED\LAB\Artifacts\outputs\run_generated_150126_at_08.22\logs\LF_ASW-JED_20260115_084756.log
2026-01-15 08:47:56 | INFO     | Enhanced logging: Capturing both logging.info() and print()
2026-01-15 08:47:56 | INFO     | ======================================================================
2026-01-15 08:47:56 | INFO     | Starting LF search for route: ASW-JED
2026-01-15 08:47:56 | INFO     | [START] LF Search
2026-01-15 08:47:58 | INFO     | [HEALTH CHECK] [OK] Chrome connection is healthy
2026-01-15 08:47:58 | INFO     | [DAY_START] Processing 31JAN
2026-01-15 08:47:58 | INFO     | [lf.day.start] Processing ASW-JED for 31JAN
2026-01-15 08:47:59 | WARNING  | [lf.day.no_flights] No direct flights on 31JAN
2026-01-15 08:48:00 | INFO     | [SUCCESS] Day 31JAN
2026-01-15 08:48:00 | INFO     | [DAY_START] Processing 30JAN
2026-01-15 08:48:00 | INFO     | [lf.day.start] Processing ASW-JED for 30JAN
2026-01-15 08:48:01 | WARNING  | [lf.day.no_flights] No direct flights on 30JAN
2026-01-15 08:48:01 | INFO     | [SUCCESS] Day 30JAN
2026-01-15 08:48:01 | INFO     | [DAY_START] Processing 29JAN
2026-01-15 08:48:01 | INFO     | [lf.day.start] Processing ASW-JED for 29JAN
2026-01-15 08:48:03 | WARNING  | [lf.day.no_flights] No direct flights on 29JAN
2026-01-15 08:48:03 | INFO     | [SUCCESS] Day 29JAN
2026-01-15 08:48:03 | INFO     | [DAY_START] Processing 28JAN
2026-01-15 08:48:03 | INFO     | [lf.day.start] Processing ASW-JED for 28JAN
2026-01-15 08:48:04 | WARNING  | [lf.day.no_flights] No direct flights on 28JAN
2026-01-15 08:48:05 | INFO     | [SUCCESS] Day 28JAN
2026-01-15 08:48:05 | INFO     | [DAY_START] Processing 27JAN
2026-01-15 08:48:05 | INFO     | [lf.day.start] Processing ASW-JED for 27JAN
2026-01-15 08:48:06 | INFO     | [lf.day.flights_found] Found 1 flights on 27JAN
2026-01-15 08:48:10 | INFO     | [lf.flight.extracted] SM985 on 27JAN: BKG=0, LF=0.0%
2026-01-15 08:48:11 | INFO     | [SUCCESS] Day 27JAN
2026-01-15 08:48:11 | INFO     | [DAY_START] Processing 26JAN
2026-01-15 08:48:11 | INFO     | [lf.day.start] Processing ASW-JED for 26JAN
2026-01-15 08:48:12 | INFO     | [lf.day.flights_found] Found 2 flights on 26JAN
2026-01-15 08:48:15 | INFO     | [lf.flight.extracted] SM425 on 26JAN: BKG=0, LF=0.0%
2026-01-15 08:48:20 | INFO     | [lf.flight.extracted] SM949 on 26JAN: BKG=0, LF=0.0%
2026-01-15 08:48:22 | INFO     | [SUCCESS] Day 26JAN
2026-01-15 08:48:22 | INFO     | [DAY_START] Processing 25JAN
2026-01-15 08:48:22 | INFO     | [lf.day.start] Processing ASW-JED for 25JAN
2026-01-15 08:48:23 | WARNING  | [lf.day.no_flights] No direct flights on 25JAN
2026-01-15 08:48:23 | INFO     | [SUCCESS] Day 25JAN
2026-01-15 08:48:23 | INFO     | [DAY_START] Processing 24JAN
2026-01-15 08:48:23 | INFO     | [lf.day.start] Processing ASW-JED for 24JAN
2026-01-15 08:48:24 | WARNING  | [lf.day.no_flights] No direct flights on 24JAN
2026-01-15 08:48:24 | INFO     | [SUCCESS] Day 24JAN
2026-01-15 08:48:24 | INFO     | [DAY_START] Processing 23JAN
2026-01-15 08:48:24 | INFO     | [lf.day.start] Processing ASW-JED for 23JAN
2026-01-15 08:48:25 | WARNING  | [lf.day.no_flights] No direct flights on 23JAN
2026-01-15 08:48:26 | INFO     | [SUCCESS] Day 23JAN
2026-01-15 08:48:26 | INFO     | [SUCCESS] LF Search Complete
2026-01-15 08:48:28 | INFO     | [Worker_9227] Completed: ASW-JED - 9 results, 0 errors
2026-01-15 08:48:28 | INFO     | [Worker_9227] Processing: CAI-DMM
2026-01-15 08:48:28 | INFO     |   Tier 0: Range 1, Chunk 1/2 (9 days)
