2026-01-15 08:54:24 | INFO     | ======================================================================
2026-01-15 08:54:24 | INFO     | Load Factor Scraper Started - Route: ATZ-JED
2026-01-15 08:54:24 | INFO     | Log file: D:\CODERED\LAB\Artifacts\outputs\run_generated_150126_at_08.22\logs\LF_ATZ-JED_20260115_085424.log
2026-01-15 08:54:24 | INFO     | Enhanced logging: Capturing both logging.info() and print()
2026-01-15 08:54:24 | INFO     | ======================================================================
2026-01-15 08:54:24 | INFO     | Starting LF search for route: ATZ-JED
2026-01-15 08:54:24 | INFO     | [START] LF Search
2026-01-15 08:54:25 | INFO     | [HEALTH CHECK] [OK] Chrome connection is healthy
2026-01-15 08:54:25 | INFO     | [DAY_START] Processing 22JAN
2026-01-15 08:54:25 | INFO     | [lf.day.start] Processing ATZ-JED for 22JAN
2026-01-15 08:54:26 | INFO     | [lf.day.flights_found] Found 3 flights on 22JAN
2026-01-15 08:54:29 | INFO     | [lf.flight.extracted] SM963 on 22JAN: BKG=179, LF=100.0%
2026-01-15 08:54:34 | INFO     | [lf.flight.extracted] SM453 on 22JAN: BKG=178, LF=99.4%
2026-01-15 08:54:38 | INFO     | [lf.flight.extracted] SM455 on 22JAN: BKG=131, LF=73.2%
2026-01-15 08:54:55 | INFO     | [SUCCESS] Day 22JAN
2026-01-15 08:54:55 | INFO     | [DAY_START] Processing 21JAN
2026-01-15 08:54:55 | INFO     | [lf.day.start] Processing ATZ-JED for 21JAN
2026-01-15 08:54:56 | INFO     | [lf.day.flights_found] Found 3 flights on 21JAN
2026-01-15 08:54:59 | INFO     | [lf.flight.extracted] SM453 on 21JAN: BKG=179, LF=100.0%
2026-01-15 08:55:04 | INFO     | [lf.flight.extracted] SM491 on 21JAN: BKG=180, LF=100.6%
2026-01-15 08:55:09 | INFO     | [lf.flight.extracted] SM421 on 21JAN: BKG=180, LF=100.6%
2026-01-15 08:55:20 | INFO     | [SUCCESS] Day 21JAN
2026-01-15 08:55:20 | INFO     | [DAY_START] Processing 20JAN
2026-01-15 08:55:20 | INFO     | [lf.day.start] Processing ATZ-JED for 20JAN
2026-01-15 08:55:22 | INFO     | [lf.day.flights_found] Found 2 flights on 20JAN
2026-01-15 08:55:25 | INFO     | [lf.flight.extracted] SM453 on 20JAN: BKG=179, LF=100.0%
2026-01-15 08:55:31 | INFO     | [lf.flight.extracted] SM455 on 20JAN: BKG=176, LF=98.3%
2026-01-15 08:55:46 | INFO     | [SUCCESS] Day 20JAN
2026-01-15 08:55:46 | INFO     | [DAY_START] Processing 19JAN
2026-01-15 08:55:46 | INFO     | [lf.day.start] Processing ATZ-JED for 19JAN
2026-01-15 08:55:48 | INFO     | [lf.day.flights_found] Found 4 flights on 19JAN
2026-01-15 08:55:51 | INFO     | [lf.flight.extracted] SM491 on 19JAN: BKG=177, LF=98.9%
2026-01-15 08:55:58 | INFO     | [lf.flight.extracted] SM455 on 19JAN: BKG=179, LF=100.0%
2026-01-15 08:56:04 | INFO     | [lf.flight.extracted] SM421 on 19JAN: BKG=179, LF=100.0%
2026-01-15 08:56:09 | INFO     | [lf.flight.extracted] SM453 on 19JAN: BKG=180, LF=100.6%
2026-01-15 08:56:48 | INFO     | [SUCCESS] Day 19JAN
2026-01-15 08:56:48 | INFO     | [DAY_START] Processing 18JAN
2026-01-15 08:56:48 | INFO     | [lf.day.start] Processing ATZ-JED for 18JAN
2026-01-15 08:56:49 | INFO     | [lf.day.flights_found] Found 2 flights on 18JAN
2026-01-15 08:56:57 | INFO     | [lf.flight.extracted] SM491 on 18JAN: BKG=178, LF=99.4%
2026-01-15 08:57:09 | INFO     | [lf.flight.extracted] SM455 on 18JAN: BKG=158, LF=88.3%
2026-01-15 08:58:13 | INFO     | [SUCCESS] Day 18JAN
2026-01-15 08:58:13 | INFO     | [DAY_START] Processing 17JAN
2026-01-15 08:58:13 | INFO     | [lf.day.start] Processing ATZ-JED for 17JAN
2026-01-15 08:58:14 | INFO     | [lf.day.flights_found] Found 3 flights on 17JAN
2026-01-15 08:58:18 | INFO     | [lf.flight.extracted] SM491 on 17JAN: BKG=179, LF=100.0%
2026-01-15 08:58:23 | INFO     | [lf.flight.extracted] SM453 on 17JAN: BKG=179, LF=100.0%
2026-01-15 08:58:29 | INFO     | [lf.flight.extracted] SM455 on 17JAN: BKG=179, LF=100.0%
2026-01-15 08:58:50 | INFO     | [SUCCESS] Day 17JAN
2026-01-15 08:58:50 | INFO     | [DAY_START] Processing 16JAN
2026-01-15 08:58:50 | INFO     | [lf.day.start] Processing ATZ-JED for 16JAN
2026-01-15 08:58:51 | INFO     | [lf.day.flights_found] Found 1 flights on 16JAN
2026-01-15 08:58:54 | INFO     | [lf.flight.extracted] SM491 on 16JAN: BKG=179, LF=100.0%
2026-01-15 08:59:03 | INFO     | [SUCCESS] Day 16JAN
2026-01-15 08:59:03 | INFO     | [SUCCESS] LF Search Complete
2026-01-15 08:59:05 | INFO     | [Worker_9223] Completed: ATZ-JED - 7 results, 0 errors
2026-01-15 09:59:55 | INFO     | [Worker_9223] Shutdown signal received, exiting...
2026-01-15 09:59:55 | INFO     | [Worker_9223] Finished. Processed 22 groups.
