2026-01-15 08:40:37 | INFO     | ======================================================================
2026-01-15 08:40:37 | INFO     | Load Factor Scraper Started - Route: ASW-JED
2026-01-15 08:40:37 | INFO     | Log file: D:\CODERED\LAB\Artifacts\outputs\run_generated_150126_at_08.22\logs\LF_ASW-JED_20260115_084037.log
2026-01-15 08:40:37 | INFO     | Enhanced logging: Capturing both logging.info() and print()
2026-01-15 08:40:37 | INFO     | ======================================================================
2026-01-15 08:40:37 | INFO     | Starting LF search for route: ASW-JED
2026-01-15 08:40:37 | INFO     | [START] LF Search
2026-01-15 08:40:39 | INFO     | [HEALTH CHECK] [OK] Chrome connection is healthy
2026-01-15 08:40:39 | INFO     | [DAY_START] Processing 09FEB
2026-01-15 08:40:39 | INFO     | [lf.day.start] Processing ASW-JED for 09FEB
2026-01-15 08:40:40 | INFO     | [lf.day.flights_found] Found 2 flights on 09FEB
2026-01-15 08:40:44 | INFO     | [lf.flight.extracted] SM425 on 09FEB: BKG=0, LF=0.0%
2026-01-15 08:40:48 | INFO     | [lf.flight.extracted] SM949 on 09FEB: BKG=0, LF=0.0%
2026-01-15 08:40:49 | INFO     | [SUCCESS] Day 09FEB
2026-01-15 08:40:49 | INFO     | [DAY_START] Processing 08FEB
2026-01-15 08:40:49 | INFO     | [lf.day.start] Processing ASW-JED for 08FEB
2026-01-15 08:40:51 | WARNING  | [lf.day.no_flights] No direct flights on 08FEB
2026-01-15 08:40:51 | INFO     | [SUCCESS] Day 08FEB
2026-01-15 08:40:51 | INFO     | [DAY_START] Processing 07FEB
2026-01-15 08:40:51 | INFO     | [lf.day.start] Processing ASW-JED for 07FEB
2026-01-15 08:40:52 | WARNING  | [lf.day.no_flights] No direct flights on 07FEB
2026-01-15 08:40:52 | INFO     | [SUCCESS] Day 07FEB
2026-01-15 08:40:52 | INFO     | [DAY_START] Processing 06FEB
2026-01-15 08:40:52 | INFO     | [lf.day.start] Processing ASW-JED for 06FEB
2026-01-15 08:40:53 | WARNING  | [lf.day.no_flights] No direct flights on 06FEB
2026-01-15 08:40:54 | INFO     | [SUCCESS] Day 06FEB
2026-01-15 08:40:54 | INFO     | [DAY_START] Processing 05FEB
2026-01-15 08:40:54 | INFO     | [lf.day.start] Processing ASW-JED for 05FEB
2026-01-15 08:40:55 | WARNING  | [lf.day.no_flights] No direct flights on 05FEB
2026-01-15 08:40:55 | INFO     | [SUCCESS] Day 05FEB
2026-01-15 08:40:55 | INFO     | [DAY_START] Processing 04FEB
2026-01-15 08:40:55 | INFO     | [lf.day.start] Processing ASW-JED for 04FEB
2026-01-15 08:40:57 | WARNING  | [lf.day.no_flights] No direct flights on 04FEB
2026-01-15 08:40:57 | INFO     | [SUCCESS] Day 04FEB
2026-01-15 08:40:57 | INFO     | [DAY_START] Processing 03FEB
2026-01-15 08:40:57 | INFO     | [lf.day.start] Processing ASW-JED for 03FEB
2026-01-15 08:40:58 | WARNING  | [lf.day.no_flights] No direct flights on 03FEB
2026-01-15 08:40:58 | INFO     | [SUCCESS] Day 03FEB
2026-01-15 08:40:58 | INFO     | [DAY_START] Processing 02FEB
2026-01-15 08:40:58 | INFO     | [lf.day.start] Processing ASW-JED for 02FEB
2026-01-15 08:40:59 | WARNING  | [lf.day.no_flights] No direct flights on 02FEB
2026-01-15 08:41:00 | INFO     | [SUCCESS] Day 02FEB
2026-01-15 08:41:00 | INFO     | [DAY_START] Processing 01FEB
2026-01-15 08:41:00 | INFO     | [lf.day.start] Processing ASW-JED for 01FEB
2026-01-15 08:41:01 | WARNING  | [lf.day.no_flights] No direct flights on 01FEB
2026-01-15 08:41:01 | INFO     | [SUCCESS] Day 01FEB
2026-01-15 08:41:01 | INFO     | [SUCCESS] LF Search Complete
2026-01-15 08:41:03 | INFO     | [Worker_9232] Completed: ASW-JED - 9 results, 0 errors
2026-01-15 08:41:03 | INFO     | [Worker_9232] Processing: ATZ-DMM
2026-01-15 08:41:03 | INFO     |   Tier 0: Range 2, Chunk 3/3 (9 days)
