2026-01-15 08:28:26 | INFO     | ======================================================================
2026-01-15 08:28:26 | INFO     | Load Factor Scraper Started - Route: ATZ-AHB
2026-01-15 08:28:26 | INFO     | Log file: D:\CODERED\LAB\Artifacts\outputs\run_generated_150126_at_08.22\logs\LF_ATZ-AHB_20260115_082826.log
2026-01-15 08:28:26 | INFO     | Enhanced logging: Capturing both logging.info() and print()
2026-01-15 08:28:26 | INFO     | ======================================================================
2026-01-15 08:28:26 | INFO     | Starting LF search for route: ATZ-AHB
2026-01-15 08:28:26 | INFO     | [START] LF Search
2026-01-15 08:28:28 | INFO     | [HEALTH CHECK] [OK] Chrome connection is healthy
2026-01-15 08:28:28 | INFO     | [DAY_START] Processing 28FEB
2026-01-15 08:28:28 | INFO     | [lf.day.start] Processing ATZ-AHB for 28FEB
2026-01-15 08:28:30 | WARNING  | [lf.day.no_flights] No direct flights on 28FEB
2026-01-15 08:28:30 | INFO     | [SUCCESS] Day 28FEB
2026-01-15 08:28:30 | INFO     | [DAY_START] Processing 27FEB
2026-01-15 08:28:30 | INFO     | [lf.day.start] Processing ATZ-AHB for 27FEB
2026-01-15 08:28:31 | INFO     | [lf.day.flights_found] Found 1 flights on 27FEB
2026-01-15 08:28:35 | INFO     | [lf.flight.extracted] SM445 on 27FEB: BKG=0, LF=0.0%
2026-01-15 08:28:36 | INFO     | [SUCCESS] Day 27FEB
2026-01-15 08:28:36 | INFO     | [DAY_START] Processing 26FEB
2026-01-15 08:28:36 | INFO     | [lf.day.start] Processing ATZ-AHB for 26FEB
2026-01-15 08:28:37 | WARNING  | [lf.day.no_flights] No direct flights on 26FEB
2026-01-15 08:28:37 | INFO     | [SUCCESS] Day 26FEB
2026-01-15 08:28:37 | INFO     | [DAY_START] Processing 25FEB
2026-01-15 08:28:37 | INFO     | [lf.day.start] Processing ATZ-AHB for 25FEB
2026-01-15 08:28:38 | WARNING  | [lf.day.no_flights] No direct flights on 25FEB
2026-01-15 08:28:39 | INFO     | [SUCCESS] Day 25FEB
2026-01-15 08:28:39 | INFO     | [DAY_START] Processing 24FEB
2026-01-15 08:28:39 | INFO     | [lf.day.start] Processing ATZ-AHB for 24FEB
2026-01-15 08:28:40 | WARNING  | [lf.day.no_flights] No direct flights on 24FEB
2026-01-15 08:28:40 | INFO     | [SUCCESS] Day 24FEB
2026-01-15 08:28:40 | INFO     | [DAY_START] Processing 23FEB
2026-01-15 08:28:40 | INFO     | [lf.day.start] Processing ATZ-AHB for 23FEB
2026-01-15 08:28:41 | WARNING  | [lf.day.no_flights] No direct flights on 23FEB
2026-01-15 08:28:41 | INFO     | [SUCCESS] Day 23FEB
2026-01-15 08:28:41 | INFO     | [DAY_START] Processing 22FEB
2026-01-15 08:28:41 | INFO     | [lf.day.start] Processing ATZ-AHB for 22FEB
2026-01-15 08:28:42 | WARNING  | [lf.day.no_flights] No direct flights on 22FEB
2026-01-15 08:28:42 | INFO     | [SUCCESS] Day 22FEB
2026-01-15 08:28:42 | INFO     | [DAY_START] Processing 21FEB
2026-01-15 08:28:42 | INFO     | [lf.day.start] Processing ATZ-AHB for 21FEB
2026-01-15 08:28:44 | WARNING  | [lf.day.no_flights] No direct flights on 21FEB
2026-01-15 08:28:44 | INFO     | [SUCCESS] Day 21FEB
2026-01-15 08:28:44 | INFO     | [DAY_START] Processing 20FEB
2026-01-15 08:28:44 | INFO     | [lf.day.start] Processing ATZ-AHB for 20FEB
2026-01-15 08:28:45 | INFO     | [lf.day.flights_found] Found 1 flights on 20FEB
2026-01-15 08:28:47 | INFO     | [lf.flight.extracted] SM445 on 20FEB: BKG=1, LF=0.6%
2026-01-15 08:28:50 | INFO     | [SUCCESS] Day 20FEB
2026-01-15 08:28:50 | INFO     | [DAY_START] Processing 19FEB
2026-01-15 08:28:50 | INFO     | [lf.day.start] Processing ATZ-AHB for 19FEB
2026-01-15 08:28:51 | WARNING  | [lf.day.no_flights] No direct flights on 19FEB
2026-01-15 08:28:51 | INFO     | [SUCCESS] Day 19FEB
2026-01-15 08:28:51 | INFO     | [SUCCESS] LF Search Complete
2026-01-15 08:28:53 | INFO     | [Worker_9222] Completed: ATZ-AHB - 10 results, 0 errors
2026-01-15 08:28:53 | INFO     | [Worker_9222] Processing: MED-HBE
2026-01-15 08:28:53 | INFO     |   Tier 0: Range 2, Chunk 2/3 (9 days)
