2026-01-15 08:41:42 | INFO     | ======================================================================
2026-01-15 08:41:42 | INFO     | Load Factor Scraper Started - Route: ATZ-AJF
2026-01-15 08:41:42 | INFO     | Log file: D:\CODERED\LAB\Artifacts\outputs\run_generated_150126_at_08.22\logs\LF_ATZ-AJF_20260115_084142.log
2026-01-15 08:41:42 | INFO     | Enhanced logging: Capturing both logging.info() and print()
2026-01-15 08:41:42 | INFO     | ======================================================================
2026-01-15 08:41:42 | INFO     | Starting LF search for route: ATZ-AJF
2026-01-15 08:41:42 | INFO     | [START] LF Search
2026-01-15 08:41:45 | INFO     | [HEALTH CHECK] [OK] Chrome connection is healthy
2026-01-15 08:41:45 | INFO     | [DAY_START] Processing 09FEB
2026-01-15 08:41:45 | INFO     | [lf.day.start] Processing ATZ-AJF for 09FEB
2026-01-15 08:41:46 | WARNING  | [lf.day.no_flights] No direct flights on 09FEB
2026-01-15 08:41:46 | INFO     | [SUCCESS] Day 09FEB
2026-01-15 08:41:46 | INFO     | [DAY_START] Processing 08FEB
2026-01-15 08:41:46 | INFO     | [lf.day.start] Processing ATZ-AJF for 08FEB
2026-01-15 08:41:48 | WARNING  | [lf.day.no_flights] No direct flights on 08FEB
2026-01-15 08:41:48 | INFO     | [SUCCESS] Day 08FEB
2026-01-15 08:41:48 | INFO     | [DAY_START] Processing 07FEB
2026-01-15 08:41:48 | INFO     | [lf.day.start] Processing ATZ-AJF for 07FEB
2026-01-15 08:41:49 | WARNING  | [lf.day.no_flights] No direct flights on 07FEB
2026-01-15 08:41:49 | INFO     | [SUCCESS] Day 07FEB
2026-01-15 08:41:49 | INFO     | [DAY_START] Processing 06FEB
2026-01-15 08:41:49 | INFO     | [lf.day.start] Processing ATZ-AJF for 06FEB
2026-01-15 08:41:50 | INFO     | [lf.day.flights_found] Found 1 flights on 06FEB
2026-01-15 08:41:52 | INFO     | [lf.flight.extracted] SM323 on 06FEB: BKG=9, LF=5.0%
2026-01-15 08:41:55 | INFO     | [SUCCESS] Day 06FEB
2026-01-15 08:41:55 | INFO     | [DAY_START] Processing 05FEB
2026-01-15 08:41:55 | INFO     | [lf.day.start] Processing ATZ-AJF for 05FEB
2026-01-15 08:41:57 | WARNING  | [lf.day.no_flights] No direct flights on 05FEB
2026-01-15 08:41:57 | INFO     | [SUCCESS] Day 05FEB
2026-01-15 08:41:57 | INFO     | [DAY_START] Processing 04FEB
2026-01-15 08:41:57 | INFO     | [lf.day.start] Processing ATZ-AJF for 04FEB
2026-01-15 08:41:58 | WARNING  | [lf.day.no_flights] No direct flights on 04FEB
2026-01-15 08:41:58 | INFO     | [SUCCESS] Day 04FEB
2026-01-15 08:41:58 | INFO     | [DAY_START] Processing 03FEB
2026-01-15 08:41:58 | INFO     | [lf.day.start] Processing ATZ-AJF for 03FEB
2026-01-15 08:42:00 | WARNING  | [lf.day.no_flights] No direct flights on 03FEB
2026-01-15 08:42:00 | INFO     | [SUCCESS] Day 03FEB
2026-01-15 08:42:00 | INFO     | [DAY_START] Processing 02FEB
2026-01-15 08:42:00 | INFO     | [lf.day.start] Processing ATZ-AJF for 02FEB
2026-01-15 08:42:01 | WARNING  | [lf.day.no_flights] No direct flights on 02FEB
2026-01-15 08:42:01 | INFO     | [SUCCESS] Day 02FEB
2026-01-15 08:42:01 | INFO     | [DAY_START] Processing 01FEB
2026-01-15 08:42:01 | INFO     | [lf.day.start] Processing ATZ-AJF for 01FEB
2026-01-15 08:42:03 | WARNING  | [lf.day.no_flights] No direct flights on 01FEB
2026-01-15 08:42:03 | INFO     | [SUCCESS] Day 01FEB
2026-01-15 08:42:03 | INFO     | [SUCCESS] LF Search Complete
2026-01-15 08:42:05 | INFO     | [Worker_9232] Completed: ATZ-AJF - 9 results, 0 errors
2026-01-15 08:42:05 | INFO     | [Worker_9232] Processing: ATZ-AHB
2026-01-15 08:42:05 | INFO     |   Tier 0: Range 2, Chunk 3/3 (9 days)
