2026-01-15 08:49:20 | INFO     | ======================================================================
2026-01-15 08:49:20 | INFO     | Load Factor Scraper Started - Route: ATZ-AJF
2026-01-15 08:49:20 | INFO     | Log file: D:\CODERED\LAB\Artifacts\outputs\run_generated_150126_at_08.22\logs\LF_ATZ-AJF_20260115_084920.log
2026-01-15 08:49:20 | INFO     | Enhanced logging: Capturing both logging.info() and print()
2026-01-15 08:49:20 | INFO     | ======================================================================
2026-01-15 08:49:20 | INFO     | Starting LF search for route: ATZ-AJF
2026-01-15 08:49:20 | INFO     | [START] LF Search
2026-01-15 08:49:21 | INFO     | [HEALTH CHECK] [OK] Chrome connection is healthy
2026-01-15 08:49:21 | INFO     | [DAY_START] Processing 31JAN
2026-01-15 08:49:21 | INFO     | [lf.day.start] Processing ATZ-AJF for 31JAN
2026-01-15 08:49:22 | WARNING  | [lf.day.no_flights] No direct flights on 31JAN
2026-01-15 08:49:22 | INFO     | [SUCCESS] Day 31JAN
2026-01-15 08:49:22 | INFO     | [DAY_START] Processing 30JAN
2026-01-15 08:49:22 | INFO     | [lf.day.start] Processing ATZ-AJF for 30JAN
2026-01-15 08:49:23 | INFO     | [lf.day.flights_found] Found 1 flights on 30JAN
2026-01-15 08:49:26 | INFO     | [lf.flight.extracted] SM323 on 30JAN: BKG=15, LF=8.4%
2026-01-15 08:49:29 | INFO     | [SUCCESS] Day 30JAN
2026-01-15 08:49:29 | INFO     | [DAY_START] Processing 29JAN
2026-01-15 08:49:29 | INFO     | [lf.day.start] Processing ATZ-AJF for 29JAN
2026-01-15 08:49:30 | WARNING  | [lf.day.no_flights] No direct flights on 29JAN
2026-01-15 08:49:30 | INFO     | [SUCCESS] Day 29JAN
2026-01-15 08:49:30 | INFO     | [DAY_START] Processing 28JAN
2026-01-15 08:49:30 | INFO     | [lf.day.start] Processing ATZ-AJF for 28JAN
2026-01-15 08:49:31 | WARNING  | [lf.day.no_flights] No direct flights on 28JAN
2026-01-15 08:49:31 | INFO     | [SUCCESS] Day 28JAN
2026-01-15 08:49:31 | INFO     | [DAY_START] Processing 27JAN
2026-01-15 08:49:31 | INFO     | [lf.day.start] Processing ATZ-AJF for 27JAN
2026-01-15 08:49:33 | WARNING  | [lf.day.no_flights] No direct flights on 27JAN
2026-01-15 08:49:33 | INFO     | [SUCCESS] Day 27JAN
2026-01-15 08:49:33 | INFO     | [DAY_START] Processing 26JAN
2026-01-15 08:49:33 | INFO     | [lf.day.start] Processing ATZ-AJF for 26JAN
2026-01-15 08:49:34 | WARNING  | [lf.day.no_flights] No direct flights on 26JAN
2026-01-15 08:49:34 | INFO     | [SUCCESS] Day 26JAN
2026-01-15 08:49:34 | INFO     | [DAY_START] Processing 25JAN
2026-01-15 08:49:34 | INFO     | [lf.day.start] Processing ATZ-AJF for 25JAN
2026-01-15 08:49:35 | WARNING  | [lf.day.no_flights] No direct flights on 25JAN
2026-01-15 08:49:35 | INFO     | [SUCCESS] Day 25JAN
2026-01-15 08:49:35 | INFO     | [DAY_START] Processing 24JAN
2026-01-15 08:49:35 | INFO     | [lf.day.start] Processing ATZ-AJF for 24JAN
2026-01-15 08:49:37 | WARNING  | [lf.day.no_flights] No direct flights on 24JAN
2026-01-15 08:49:37 | INFO     | [SUCCESS] Day 24JAN
2026-01-15 08:49:37 | INFO     | [DAY_START] Processing 23JAN
2026-01-15 08:49:37 | INFO     | [lf.day.start] Processing ATZ-AJF for 23JAN
2026-01-15 08:49:38 | INFO     | [lf.day.flights_found] Found 1 flights on 23JAN
2026-01-15 08:49:42 | INFO     | [lf.flight.extracted] SM323 on 23JAN: BKG=82, LF=45.8%
2026-01-15 08:49:49 | INFO     | [SUCCESS] Day 23JAN
2026-01-15 08:49:49 | INFO     | [SUCCESS] LF Search Complete
2026-01-15 08:49:51 | INFO     | [Worker_9225] Completed: ATZ-AJF - 9 results, 0 errors
2026-01-15 08:49:51 | INFO     | [Worker_9225] Processing: ATZ-AHB
2026-01-15 08:49:51 | INFO     |   Tier 0: Range 1, Chunk 1/2 (9 days)
