2026-01-15 08:49:31 | INFO     | ======================================================================
2026-01-15 08:49:31 | INFO     | Load Factor Scraper Started - Route: CAI-AHB
2026-01-15 08:49:31 | INFO     | Log file: D:\CODERED\LAB\Artifacts\outputs\run_generated_150126_at_08.22\logs\LF_CAI-AHB_20260115_084931.log
2026-01-15 08:49:31 | INFO     | Enhanced logging: Capturing both logging.info() and print()
2026-01-15 08:49:31 | INFO     | ======================================================================
2026-01-15 08:49:31 | INFO     | Starting LF search for route: CAI-AHB
2026-01-15 08:49:31 | INFO     | [START] LF Search
2026-01-15 08:49:32 | INFO     | [HEALTH CHECK] [OK] Chrome connection is healthy
2026-01-15 08:49:32 | INFO     | [DAY_START] Processing 31JAN
2026-01-15 08:49:32 | INFO     | [lf.day.start] Processing CAI-AHB for 31JAN
2026-01-15 08:49:34 | INFO     | [lf.day.flights_found] Found 1 flights on 31JAN
2026-01-15 08:49:36 | INFO     | [lf.flight.extracted] SM443 on 31JAN: BKG=94, LF=53.4%
2026-01-15 08:49:46 | INFO     | [SUCCESS] Day 31JAN
2026-01-15 08:49:46 | INFO     | [DAY_START] Processing 30JAN
2026-01-15 08:49:46 | INFO     | [lf.day.start] Processing CAI-AHB for 30JAN
2026-01-15 08:49:48 | WARNING  | [lf.day.no_flights] No direct flights on 30JAN
2026-01-15 08:49:48 | INFO     | [SUCCESS] Day 30JAN
2026-01-15 08:49:48 | INFO     | [DAY_START] Processing 29JAN
2026-01-15 08:49:48 | INFO     | [lf.day.start] Processing CAI-AHB for 29JAN
2026-01-15 08:49:49 | INFO     | [lf.day.flights_found] Found 1 flights on 29JAN
2026-01-15 08:49:52 | INFO     | [lf.flight.extracted] SM443 on 29JAN: BKG=82, LF=45.8%
2026-01-15 08:50:04 | INFO     | [SUCCESS] Day 29JAN
2026-01-15 08:50:04 | INFO     | [DAY_START] Processing 28JAN
2026-01-15 08:50:04 | INFO     | [lf.day.start] Processing CAI-AHB for 28JAN
2026-01-15 08:50:06 | INFO     | [lf.day.flights_found] Found 1 flights on 28JAN
2026-01-15 08:50:11 | INFO     | [lf.flight.extracted] SM447 on 28JAN: BKG=96, LF=53.6%
2026-01-15 08:50:19 | INFO     | [SUCCESS] Day 28JAN
2026-01-15 08:50:19 | INFO     | [DAY_START] Processing 27JAN
2026-01-15 08:50:19 | INFO     | [lf.day.start] Processing CAI-AHB for 27JAN
2026-01-15 08:50:20 | WARNING  | [lf.day.no_flights] No direct flights on 27JAN
2026-01-15 08:50:20 | INFO     | [SUCCESS] Day 27JAN
2026-01-15 08:50:20 | INFO     | [DAY_START] Processing 26JAN
2026-01-15 08:50:20 | INFO     | [lf.day.start] Processing CAI-AHB for 26JAN
2026-01-15 08:50:22 | WARNING  | [lf.day.no_flights] No direct flights on 26JAN
2026-01-15 08:50:22 | INFO     | [SUCCESS] Day 26JAN
2026-01-15 08:50:22 | INFO     | [DAY_START] Processing 25JAN
2026-01-15 08:50:22 | INFO     | [lf.day.start] Processing CAI-AHB for 25JAN
2026-01-15 08:50:24 | WARNING  | [lf.day.no_flights] No direct flights on 25JAN
2026-01-15 08:50:24 | INFO     | [SUCCESS] Day 25JAN
2026-01-15 08:50:24 | INFO     | [DAY_START] Processing 24JAN
2026-01-15 08:50:24 | INFO     | [lf.day.start] Processing CAI-AHB for 24JAN
2026-01-15 08:50:25 | INFO     | [lf.day.flights_found] Found 1 flights on 24JAN
2026-01-15 08:50:28 | INFO     | [lf.flight.extracted] SM443 on 24JAN: BKG=97, LF=54.2%
2026-01-15 08:50:36 | INFO     | [SUCCESS] Day 24JAN
2026-01-15 08:50:36 | INFO     | [DAY_START] Processing 23JAN
2026-01-15 08:50:36 | INFO     | [lf.day.start] Processing CAI-AHB for 23JAN
2026-01-15 08:50:38 | WARNING  | [lf.day.no_flights] No direct flights on 23JAN
2026-01-15 08:50:38 | INFO     | [SUCCESS] Day 23JAN
2026-01-15 08:50:38 | INFO     | [SUCCESS] LF Search Complete
2026-01-15 08:50:40 | INFO     | [Worker_9233] Completed: CAI-AHB - 9 results, 0 errors
2026-01-15 08:50:40 | INFO     | [Worker_9233] Processing: MED-HBE
2026-01-15 08:50:40 | INFO     |   Tier 0: Range 1, Chunk 2/2 (8 days)
