2026-01-15 08:49:31 | INFO     | ======================================================================
2026-01-15 08:49:31 | INFO     | Load Factor Scraper Started - Route: CAI-YNB
2026-01-15 08:49:31 | INFO     | Log file: D:\CODERED\LAB\Artifacts\outputs\run_generated_150126_at_08.22\logs\LF_CAI-YNB_20260115_084931.log
2026-01-15 08:49:31 | INFO     | Enhanced logging: Capturing both logging.info() and print()
2026-01-15 08:49:31 | INFO     | ======================================================================
2026-01-15 08:49:31 | INFO     | Starting LF search for route: CAI-YNB
2026-01-15 08:49:31 | INFO     | [START] LF Search
2026-01-15 08:49:32 | INFO     | [HEALTH CHECK] [OK] Chrome connection is healthy
2026-01-15 08:49:32 | INFO     | [DAY_START] Processing 31JAN
2026-01-15 08:49:32 | INFO     | [lf.day.start] Processing CAI-YNB for 31JAN
2026-01-15 08:49:33 | INFO     | [lf.day.flights_found] Found 1 flights on 31JAN
2026-01-15 08:49:36 | INFO     | [lf.flight.extracted] SM441 on 31JAN: BKG=74, LF=41.3%
2026-01-15 08:49:41 | INFO     | [SUCCESS] Day 31JAN
2026-01-15 08:49:41 | INFO     | [DAY_START] Processing 30JAN
2026-01-15 08:49:41 | INFO     | [lf.day.start] Processing CAI-YNB for 30JAN
2026-01-15 08:49:42 | INFO     | [lf.day.flights_found] Found 1 flights on 30JAN
2026-01-15 08:49:46 | INFO     | [lf.flight.extracted] SM441 on 30JAN: BKG=65, LF=36.3%
2026-01-15 08:49:50 | INFO     | [SUCCESS] Day 30JAN
2026-01-15 08:49:50 | INFO     | [DAY_START] Processing 29JAN
2026-01-15 08:49:50 | INFO     | [lf.day.start] Processing CAI-YNB for 29JAN
2026-01-15 08:49:52 | INFO     | [lf.day.flights_found] Found 1 flights on 29JAN
2026-01-15 08:49:54 | INFO     | [lf.flight.extracted] SM441 on 29JAN: BKG=111, LF=62.0%
2026-01-15 08:50:07 | INFO     | [SUCCESS] Day 29JAN
2026-01-15 08:50:07 | INFO     | [DAY_START] Processing 28JAN
2026-01-15 08:50:07 | INFO     | [lf.day.start] Processing CAI-YNB for 28JAN
2026-01-15 08:50:08 | INFO     | [lf.day.flights_found] Found 1 flights on 28JAN
2026-01-15 08:50:12 | INFO     | [lf.flight.extracted] SM441 on 28JAN: BKG=109, LF=60.9%
2026-01-15 08:50:17 | INFO     | [SUCCESS] Day 28JAN
2026-01-15 08:50:17 | INFO     | [DAY_START] Processing 27JAN
2026-01-15 08:50:17 | INFO     | [lf.day.start] Processing CAI-YNB for 27JAN
2026-01-15 08:50:19 | INFO     | [lf.day.flights_found] Found 1 flights on 27JAN
2026-01-15 08:50:22 | INFO     | [lf.flight.extracted] SM441 on 27JAN: BKG=110, LF=61.5%
2026-01-15 08:50:29 | INFO     | [SUCCESS] Day 27JAN
2026-01-15 08:50:29 | INFO     | [DAY_START] Processing 26JAN
2026-01-15 08:50:29 | INFO     | [lf.day.start] Processing CAI-YNB for 26JAN
2026-01-15 08:50:30 | INFO     | [lf.day.flights_found] Found 1 flights on 26JAN
2026-01-15 08:50:34 | INFO     | [lf.flight.extracted] SM441 on 26JAN: BKG=179, LF=100.0%
2026-01-15 08:50:38 | INFO     | [SUCCESS] Day 26JAN
2026-01-15 08:50:38 | INFO     | [DAY_START] Processing 25JAN
2026-01-15 08:50:38 | INFO     | [lf.day.start] Processing CAI-YNB for 25JAN
2026-01-15 08:50:39 | INFO     | [lf.day.flights_found] Found 1 flights on 25JAN
2026-01-15 08:50:43 | INFO     | [lf.flight.extracted] SM441 on 25JAN: BKG=176, LF=100.0%
2026-01-15 08:50:48 | INFO     | [SUCCESS] Day 25JAN
2026-01-15 08:50:48 | INFO     | [DAY_START] Processing 24JAN
2026-01-15 08:50:48 | INFO     | [lf.day.start] Processing CAI-YNB for 24JAN
2026-01-15 08:50:49 | INFO     | [lf.day.flights_found] Found 1 flights on 24JAN
2026-01-15 08:50:52 | INFO     | [lf.flight.extracted] SM441 on 24JAN: BKG=179, LF=100.0%
2026-01-15 08:50:58 | INFO     | [SUCCESS] Day 24JAN
2026-01-15 08:50:58 | INFO     | [DAY_START] Processing 23JAN
2026-01-15 08:50:58 | INFO     | [lf.day.start] Processing CAI-YNB for 23JAN
2026-01-15 08:50:59 | INFO     | [lf.day.flights_found] Found 1 flights on 23JAN
2026-01-15 08:51:02 | INFO     | [lf.flight.extracted] SM441 on 23JAN: BKG=180, LF=100.6%
2026-01-15 08:51:07 | INFO     | [SUCCESS] Day 23JAN
2026-01-15 08:51:07 | INFO     | [SUCCESS] LF Search Complete
2026-01-15 08:51:09 | INFO     | [Worker_9227] Completed: CAI-YNB - 9 results, 0 errors
2026-01-15 08:51:09 | INFO     | [Worker_9227] Processing: JED-ASW
2026-01-15 08:51:09 | INFO     |   Tier 0: Range 1, Chunk 2/2 (8 days)
