2026-01-15 08:28:31 | INFO     | ======================================================================
2026-01-15 08:28:31 | INFO     | Load Factor Scraper Started - Route: CAI-ELQ
2026-01-15 08:28:31 | INFO     | Log file: D:\CODERED\LAB\Artifacts\outputs\run_generated_150126_at_08.22\logs\LF_CAI-ELQ_20260115_082831.log
2026-01-15 08:28:31 | INFO     | Enhanced logging: Capturing both logging.info() and print()
2026-01-15 08:28:31 | INFO     | ======================================================================
2026-01-15 08:28:31 | INFO     | Starting LF search for route: CAI-ELQ
2026-01-15 08:28:31 | INFO     | [START] LF Search
2026-01-15 08:28:33 | INFO     | [HEALTH CHECK] [OK] Chrome connection is healthy
2026-01-15 08:28:33 | INFO     | [DAY_START] Processing 28FEB
2026-01-15 08:28:33 | INFO     | [lf.day.start] Processing CAI-ELQ for 28FEB
2026-01-15 08:28:34 | WARNING  | [lf.day.no_flights] No direct flights on 28FEB
2026-01-15 08:28:35 | INFO     | [SUCCESS] Day 28FEB
2026-01-15 08:28:35 | INFO     | [DAY_START] Processing 27FEB
2026-01-15 08:28:35 | INFO     | [lf.day.start] Processing CAI-ELQ for 27FEB
2026-01-15 08:28:36 | INFO     | [lf.day.flights_found] Found 1 flights on 27FEB
2026-01-15 08:28:38 | INFO     | [lf.flight.extracted] SM427 on 27FEB: BKG=2, LF=1.8%
2026-01-15 08:28:41 | INFO     | [SUCCESS] Day 27FEB
2026-01-15 08:28:41 | INFO     | [DAY_START] Processing 26FEB
2026-01-15 08:28:41 | INFO     | [lf.day.start] Processing CAI-ELQ for 26FEB
2026-01-15 08:28:42 | INFO     | [lf.day.flights_found] Found 1 flights on 26FEB
2026-01-15 08:28:45 | INFO     | [lf.flight.extracted] SM427 on 26FEB: BKG=0, LF=0.0%
2026-01-15 08:28:46 | INFO     | [SUCCESS] Day 26FEB
2026-01-15 08:28:46 | INFO     | [DAY_START] Processing 25FEB
2026-01-15 08:28:46 | INFO     | [lf.day.start] Processing CAI-ELQ for 25FEB
2026-01-15 08:28:47 | WARNING  | [lf.day.no_flights] No direct flights on 25FEB
2026-01-15 08:28:47 | INFO     | [SUCCESS] Day 25FEB
2026-01-15 08:28:47 | INFO     | [DAY_START] Processing 24FEB
2026-01-15 08:28:47 | INFO     | [lf.day.start] Processing CAI-ELQ for 24FEB
2026-01-15 08:28:48 | WARNING  | [lf.day.no_flights] No direct flights on 24FEB
2026-01-15 08:28:48 | INFO     | [SUCCESS] Day 24FEB
2026-01-15 08:28:48 | INFO     | [DAY_START] Processing 23FEB
2026-01-15 08:28:48 | INFO     | [lf.day.start] Processing CAI-ELQ for 23FEB
2026-01-15 08:28:50 | WARNING  | [lf.day.no_flights] No direct flights on 23FEB
2026-01-15 08:28:50 | INFO     | [SUCCESS] Day 23FEB
2026-01-15 08:28:50 | INFO     | [DAY_START] Processing 22FEB
2026-01-15 08:28:50 | INFO     | [lf.day.start] Processing CAI-ELQ for 22FEB
2026-01-15 08:28:51 | INFO     | [lf.day.flights_found] Found 1 flights on 22FEB
2026-01-15 08:28:53 | INFO     | [lf.flight.extracted] SM427 on 22FEB: BKG=4, LF=2.2%
2026-01-15 08:28:56 | INFO     | [SUCCESS] Day 22FEB
2026-01-15 08:28:56 | INFO     | [DAY_START] Processing 21FEB
2026-01-15 08:28:56 | INFO     | [lf.day.start] Processing CAI-ELQ for 21FEB
2026-01-15 08:28:57 | WARNING  | [lf.day.no_flights] No direct flights on 21FEB
2026-01-15 08:28:57 | INFO     | [SUCCESS] Day 21FEB
2026-01-15 08:28:57 | INFO     | [DAY_START] Processing 20FEB
2026-01-15 08:28:57 | INFO     | [lf.day.start] Processing CAI-ELQ for 20FEB
2026-01-15 08:28:58 | INFO     | [lf.day.flights_found] Found 1 flights on 20FEB
2026-01-15 08:29:01 | INFO     | [lf.flight.extracted] SM427 on 20FEB: BKG=3, LF=2.8%
2026-01-15 08:29:04 | INFO     | [SUCCESS] Day 20FEB
2026-01-15 08:29:04 | INFO     | [DAY_START] Processing 19FEB
2026-01-15 08:29:04 | INFO     | [lf.day.start] Processing CAI-ELQ for 19FEB
2026-01-15 08:29:05 | INFO     | [lf.day.flights_found] Found 1 flights on 19FEB
2026-01-15 08:29:07 | INFO     | [lf.flight.extracted] SM427 on 19FEB: BKG=1, LF=0.9%
2026-01-15 08:29:10 | INFO     | [SUCCESS] Day 19FEB
2026-01-15 08:29:10 | INFO     | [SUCCESS] LF Search Complete
2026-01-15 08:29:12 | INFO     | [Worker_9232] Completed: CAI-ELQ - 10 results, 0 errors
2026-01-15 08:29:12 | INFO     | [Worker_9232] Processing: JED-CAI
2026-01-15 08:29:12 | INFO     |   Tier 0: Range 2, Chunk 2/3 (9 days)
