2026-01-15 08:42:30 | INFO     | ======================================================================
2026-01-15 08:42:30 | INFO     | Load Factor Scraper Started - Route: CAI-GIZ
2026-01-15 08:42:30 | INFO     | Log file: D:\CODERED\LAB\Artifacts\outputs\run_generated_150126_at_08.22\logs\LF_CAI-GIZ_20260115_084230.log
2026-01-15 08:42:30 | INFO     | Enhanced logging: Capturing both logging.info() and print()
2026-01-15 08:42:30 | INFO     | ======================================================================
2026-01-15 08:42:30 | INFO     | Starting LF search for route: CAI-GIZ
2026-01-15 08:42:30 | INFO     | [START] LF Search
2026-01-15 08:42:32 | INFO     | [HEALTH CHECK] [OK] Chrome connection is healthy
2026-01-15 08:42:32 | INFO     | [DAY_START] Processing 09FEB
2026-01-15 08:42:32 | INFO     | [lf.day.start] Processing CAI-GIZ for 09FEB
2026-01-15 08:42:33 | WARNING  | [lf.day.no_flights] No direct flights on 09FEB
2026-01-15 08:42:33 | INFO     | [SUCCESS] Day 09FEB
2026-01-15 08:42:33 | INFO     | [DAY_START] Processing 08FEB
2026-01-15 08:42:33 | INFO     | [lf.day.start] Processing CAI-GIZ for 08FEB
2026-01-15 08:42:35 | WARNING  | [lf.day.no_flights] No direct flights on 08FEB
2026-01-15 08:42:35 | INFO     | [SUCCESS] Day 08FEB
2026-01-15 08:42:35 | INFO     | [DAY_START] Processing 07FEB
2026-01-15 08:42:35 | INFO     | [lf.day.start] Processing CAI-GIZ for 07FEB
2026-01-15 08:42:37 | INFO     | [lf.day.flights_found] Found 1 flights on 07FEB
2026-01-15 08:42:40 | INFO     | [lf.flight.extracted] SM329 on 07FEB: BKG=17, LF=9.5%
2026-01-15 08:42:44 | INFO     | [SUCCESS] Day 07FEB
2026-01-15 08:42:44 | INFO     | [DAY_START] Processing 06FEB
2026-01-15 08:42:44 | INFO     | [lf.day.start] Processing CAI-GIZ for 06FEB
2026-01-15 08:42:47 | WARNING  | [lf.day.no_flights] No direct flights on 06FEB
2026-01-15 08:42:47 | INFO     | [SUCCESS] Day 06FEB
2026-01-15 08:42:47 | INFO     | [DAY_START] Processing 05FEB
2026-01-15 08:42:47 | INFO     | [lf.day.start] Processing CAI-GIZ for 05FEB
2026-01-15 08:42:51 | INFO     | [lf.day.flights_found] Found 1 flights on 05FEB
2026-01-15 08:42:55 | INFO     | [lf.flight.extracted] SM329 on 05FEB: BKG=17, LF=9.5%
2026-01-15 08:42:58 | INFO     | [SUCCESS] Day 05FEB
2026-01-15 08:42:58 | INFO     | [DAY_START] Processing 04FEB
2026-01-15 08:42:58 | INFO     | [lf.day.start] Processing CAI-GIZ for 04FEB
2026-01-15 08:43:00 | WARNING  | [lf.day.no_flights] No direct flights on 04FEB
2026-01-15 08:43:00 | INFO     | [SUCCESS] Day 04FEB
2026-01-15 08:43:00 | INFO     | [DAY_START] Processing 03FEB
2026-01-15 08:43:00 | INFO     | [lf.day.start] Processing CAI-GIZ for 03FEB
2026-01-15 08:43:01 | WARNING  | [lf.day.no_flights] No direct flights on 03FEB
2026-01-15 08:43:01 | INFO     | [SUCCESS] Day 03FEB
2026-01-15 08:43:01 | INFO     | [DAY_START] Processing 02FEB
2026-01-15 08:43:01 | INFO     | [lf.day.start] Processing CAI-GIZ for 02FEB
2026-01-15 08:43:03 | WARNING  | [lf.day.no_flights] No direct flights on 02FEB
2026-01-15 08:43:03 | INFO     | [SUCCESS] Day 02FEB
2026-01-15 08:43:03 | INFO     | [DAY_START] Processing 01FEB
2026-01-15 08:43:03 | INFO     | [lf.day.start] Processing CAI-GIZ for 01FEB
2026-01-15 08:43:04 | WARNING  | [lf.day.no_flights] No direct flights on 01FEB
2026-01-15 08:43:04 | INFO     | [SUCCESS] Day 01FEB
2026-01-15 08:43:04 | INFO     | [SUCCESS] LF Search Complete
2026-01-15 08:43:07 | INFO     | [Worker_9224] Completed: CAI-GIZ - 9 results, 0 errors
2026-01-15 08:43:07 | INFO     | [Worker_9224] Processing: JED-HBE
2026-01-15 08:43:07 | INFO     |   Tier 0: Range 1, Chunk 1/2 (9 days)
