2026-01-15 08:41:55 | INFO     | ======================================================================
2026-01-15 08:41:55 | INFO     | Load Factor Scraper Started - Route: CAI-AHB
2026-01-15 08:41:55 | INFO     | Log file: D:\CODERED\LAB\Artifacts\outputs\run_generated_150126_at_08.22\logs\LF_CAI-AHB_20260115_084155.log
2026-01-15 08:41:55 | INFO     | Enhanced logging: Capturing both logging.info() and print()
2026-01-15 08:41:55 | INFO     | ======================================================================
2026-01-15 08:41:55 | INFO     | Starting LF search for route: CAI-AHB
2026-01-15 08:41:55 | INFO     | [START] LF Search
2026-01-15 08:41:56 | INFO     | [HEALTH CHECK] [OK] Chrome connection is healthy
2026-01-15 08:41:56 | INFO     | [DAY_START] Processing 09FEB
2026-01-15 08:41:56 | INFO     | [lf.day.start] Processing CAI-AHB for 09FEB
2026-01-15 08:41:58 | WARNING  | [lf.day.no_flights] No direct flights on 09FEB
2026-01-15 08:41:58 | INFO     | [SUCCESS] Day 09FEB
2026-01-15 08:41:58 | INFO     | [DAY_START] Processing 08FEB
2026-01-15 08:41:58 | INFO     | [lf.day.start] Processing CAI-AHB for 08FEB
2026-01-15 08:41:59 | WARNING  | [lf.day.no_flights] No direct flights on 08FEB
2026-01-15 08:41:59 | INFO     | [SUCCESS] Day 08FEB
2026-01-15 08:41:59 | INFO     | [DAY_START] Processing 07FEB
2026-01-15 08:41:59 | INFO     | [lf.day.start] Processing CAI-AHB for 07FEB
2026-01-15 08:42:01 | INFO     | [lf.day.flights_found] Found 1 flights on 07FEB
2026-01-15 08:42:04 | INFO     | [lf.flight.extracted] SM443 on 07FEB: BKG=44, LF=25.0%
2026-01-15 08:42:10 | INFO     | [SUCCESS] Day 07FEB
2026-01-15 08:42:10 | INFO     | [DAY_START] Processing 06FEB
2026-01-15 08:42:10 | INFO     | [lf.day.start] Processing CAI-AHB for 06FEB
2026-01-15 08:42:12 | WARNING  | [lf.day.no_flights] No direct flights on 06FEB
2026-01-15 08:42:12 | INFO     | [SUCCESS] Day 06FEB
2026-01-15 08:42:12 | INFO     | [DAY_START] Processing 05FEB
2026-01-15 08:42:12 | INFO     | [lf.day.start] Processing CAI-AHB for 05FEB
2026-01-15 08:42:14 | INFO     | [lf.day.flights_found] Found 1 flights on 05FEB
2026-01-15 08:42:18 | INFO     | [lf.flight.extracted] SM443 on 05FEB: BKG=46, LF=25.7%
2026-01-15 08:42:24 | INFO     | [SUCCESS] Day 05FEB
2026-01-15 08:42:24 | INFO     | [DAY_START] Processing 04FEB
2026-01-15 08:42:24 | INFO     | [lf.day.start] Processing CAI-AHB for 04FEB
2026-01-15 08:42:26 | INFO     | [lf.day.flights_found] Found 1 flights on 04FEB
2026-01-15 08:42:29 | INFO     | [lf.flight.extracted] SM447 on 04FEB: BKG=39, LF=21.8%
2026-01-15 08:42:34 | INFO     | [SUCCESS] Day 04FEB
2026-01-15 08:42:34 | INFO     | [DAY_START] Processing 03FEB
2026-01-15 08:42:34 | INFO     | [lf.day.start] Processing CAI-AHB for 03FEB
2026-01-15 08:42:36 | WARNING  | [lf.day.no_flights] No direct flights on 03FEB
2026-01-15 08:42:36 | INFO     | [SUCCESS] Day 03FEB
2026-01-15 08:42:36 | INFO     | [DAY_START] Processing 02FEB
2026-01-15 08:42:36 | INFO     | [lf.day.start] Processing CAI-AHB for 02FEB
2026-01-15 08:42:38 | WARNING  | [lf.day.no_flights] No direct flights on 02FEB
2026-01-15 08:42:38 | INFO     | [SUCCESS] Day 02FEB
2026-01-15 08:42:38 | INFO     | [DAY_START] Processing 01FEB
2026-01-15 08:42:38 | INFO     | [lf.day.start] Processing CAI-AHB for 01FEB
2026-01-15 08:42:39 | WARNING  | [lf.day.no_flights] No direct flights on 01FEB
2026-01-15 08:42:40 | INFO     | [SUCCESS] Day 01FEB
2026-01-15 08:42:40 | INFO     | [SUCCESS] LF Search Complete
2026-01-15 08:42:42 | INFO     | [Worker_9234] Completed: CAI-AHB - 9 results, 0 errors
2026-01-15 08:42:42 | INFO     | [Worker_9234] Processing: MED-HBE
2026-01-15 08:42:42 | INFO     |   Tier 0: Range 1, Chunk 1/2 (9 days)
