2026-01-15 08:35:16 | INFO     | ======================================================================
2026-01-15 08:35:16 | INFO     | Load Factor Scraper Started - Route: CAI-GIZ
2026-01-15 08:35:16 | INFO     | Log file: D:\CODERED\LAB\Artifacts\outputs\run_generated_150126_at_08.22\logs\LF_CAI-GIZ_20260115_083516.log
2026-01-15 08:35:16 | INFO     | Enhanced logging: Capturing both logging.info() and print()
2026-01-15 08:35:16 | INFO     | ======================================================================
2026-01-15 08:35:16 | INFO     | Starting LF search for route: CAI-GIZ
2026-01-15 08:35:16 | INFO     | [START] LF Search
2026-01-15 08:35:18 | INFO     | [HEALTH CHECK] [OK] Chrome connection is healthy
2026-01-15 08:35:18 | INFO     | [DAY_START] Processing 18FEB
2026-01-15 08:35:18 | INFO     | [lf.day.start] Processing CAI-GIZ for 18FEB
2026-01-15 08:35:19 | WARNING  | [lf.day.no_flights] No direct flights on 18FEB
2026-01-15 08:35:19 | INFO     | [SUCCESS] Day 18FEB
2026-01-15 08:35:19 | INFO     | [DAY_START] Processing 17FEB
2026-01-15 08:35:19 | INFO     | [lf.day.start] Processing CAI-GIZ for 17FEB
2026-01-15 08:35:20 | WARNING  | [lf.day.no_flights] No direct flights on 17FEB
2026-01-15 08:35:21 | INFO     | [SUCCESS] Day 17FEB
2026-01-15 08:35:21 | INFO     | [DAY_START] Processing 16FEB
2026-01-15 08:35:21 | INFO     | [lf.day.start] Processing CAI-GIZ for 16FEB
2026-01-15 08:35:22 | WARNING  | [lf.day.no_flights] No direct flights on 16FEB
2026-01-15 08:35:22 | INFO     | [SUCCESS] Day 16FEB
2026-01-15 08:35:22 | INFO     | [DAY_START] Processing 15FEB
2026-01-15 08:35:22 | INFO     | [lf.day.start] Processing CAI-GIZ for 15FEB
2026-01-15 08:35:23 | WARNING  | [lf.day.no_flights] No direct flights on 15FEB
2026-01-15 08:35:23 | INFO     | [SUCCESS] Day 15FEB
2026-01-15 08:35:23 | INFO     | [DAY_START] Processing 14FEB
2026-01-15 08:35:23 | INFO     | [lf.day.start] Processing CAI-GIZ for 14FEB
2026-01-15 08:35:24 | INFO     | [lf.day.flights_found] Found 1 flights on 14FEB
2026-01-15 08:35:27 | INFO     | [lf.flight.extracted] SM329 on 14FEB: BKG=10, LF=5.6%
2026-01-15 08:35:30 | INFO     | [SUCCESS] Day 14FEB
2026-01-15 08:35:30 | INFO     | [DAY_START] Processing 13FEB
2026-01-15 08:35:30 | INFO     | [lf.day.start] Processing CAI-GIZ for 13FEB
2026-01-15 08:35:31 | WARNING  | [lf.day.no_flights] No direct flights on 13FEB
2026-01-15 08:35:32 | INFO     | [SUCCESS] Day 13FEB
2026-01-15 08:35:32 | INFO     | [DAY_START] Processing 12FEB
2026-01-15 08:35:32 | INFO     | [lf.day.start] Processing CAI-GIZ for 12FEB
2026-01-15 08:35:35 | INFO     | [lf.day.flights_found] Found 1 flights on 12FEB
2026-01-15 08:35:41 | INFO     | [lf.flight.extracted] SM329 on 12FEB: BKG=13, LF=7.3%
2026-01-15 08:35:44 | INFO     | [SUCCESS] Day 12FEB
2026-01-15 08:35:44 | INFO     | [DAY_START] Processing 11FEB
2026-01-15 08:35:44 | INFO     | [lf.day.start] Processing CAI-GIZ for 11FEB
2026-01-15 08:35:46 | WARNING  | [lf.day.no_flights] No direct flights on 11FEB
2026-01-15 08:35:47 | INFO     | [SUCCESS] Day 11FEB
2026-01-15 08:35:47 | INFO     | [DAY_START] Processing 10FEB
2026-01-15 08:35:47 | INFO     | [lf.day.start] Processing CAI-GIZ for 10FEB
2026-01-15 08:35:48 | WARNING  | [lf.day.no_flights] No direct flights on 10FEB
2026-01-15 08:35:49 | INFO     | [SUCCESS] Day 10FEB
2026-01-15 08:35:49 | INFO     | [SUCCESS] LF Search Complete
2026-01-15 08:35:51 | INFO     | [Worker_9226] Completed: CAI-GIZ - 9 results, 0 errors
2026-01-15 08:35:51 | INFO     | [Worker_9226] Processing: JED-HBE
2026-01-15 08:35:51 | INFO     |   Tier 0: Range 2, Chunk 3/3 (9 days)
