2026-01-15 08:49:20 | INFO     | ======================================================================
2026-01-15 08:49:20 | INFO     | Load Factor Scraper Started - Route: CAI-AJF
2026-01-15 08:49:20 | INFO     | Log file: D:\CODERED\LAB\Artifacts\outputs\run_generated_150126_at_08.22\logs\LF_CAI-AJF_20260115_084920.log
2026-01-15 08:49:20 | INFO     | Enhanced logging: Capturing both logging.info() and print()
2026-01-15 08:49:20 | INFO     | ======================================================================
2026-01-15 08:49:20 | INFO     | Starting LF search for route: CAI-AJF
2026-01-15 08:49:20 | INFO     | [START] LF Search
2026-01-15 08:49:21 | INFO     | [HEALTH CHECK] [OK] Chrome connection is healthy
2026-01-15 08:49:21 | INFO     | [DAY_START] Processing 31JAN
2026-01-15 08:49:21 | INFO     | [lf.day.start] Processing CAI-AJF for 31JAN
2026-01-15 08:49:23 | INFO     | [lf.day.flights_found] Found 1 flights on 31JAN
2026-01-15 08:49:26 | INFO     | [lf.flight.extracted] SM321 on 31JAN: BKG=38, LF=21.2%
2026-01-15 08:49:29 | INFO     | [SUCCESS] Day 31JAN
2026-01-15 08:49:29 | INFO     | [DAY_START] Processing 30JAN
2026-01-15 08:49:29 | INFO     | [lf.day.start] Processing CAI-AJF for 30JAN
2026-01-15 08:49:30 | WARNING  | [lf.day.no_flights] No direct flights on 30JAN
2026-01-15 08:49:30 | INFO     | [SUCCESS] Day 30JAN
2026-01-15 08:49:30 | INFO     | [DAY_START] Processing 29JAN
2026-01-15 08:49:30 | INFO     | [lf.day.start] Processing CAI-AJF for 29JAN
2026-01-15 08:49:32 | INFO     | [lf.day.flights_found] Found 1 flights on 29JAN
2026-01-15 08:49:34 | INFO     | [lf.flight.extracted] SM321 on 29JAN: BKG=37, LF=20.7%
2026-01-15 08:49:39 | INFO     | [SUCCESS] Day 29JAN
2026-01-15 08:49:39 | INFO     | [DAY_START] Processing 28JAN
2026-01-15 08:49:39 | INFO     | [lf.day.start] Processing CAI-AJF for 28JAN
2026-01-15 08:49:40 | WARNING  | [lf.day.no_flights] No direct flights on 28JAN
2026-01-15 08:49:41 | INFO     | [SUCCESS] Day 28JAN
2026-01-15 08:49:41 | INFO     | [DAY_START] Processing 27JAN
2026-01-15 08:49:41 | INFO     | [lf.day.start] Processing CAI-AJF for 27JAN
2026-01-15 08:49:42 | INFO     | [lf.day.flights_found] Found 1 flights on 27JAN
2026-01-15 08:49:46 | INFO     | [lf.flight.extracted] SM321 on 27JAN: BKG=34, LF=19.0%
2026-01-15 08:49:51 | INFO     | [SUCCESS] Day 27JAN
2026-01-15 08:49:51 | INFO     | [DAY_START] Processing 26JAN
2026-01-15 08:49:51 | INFO     | [lf.day.start] Processing CAI-AJF for 26JAN
2026-01-15 08:49:52 | WARNING  | [lf.day.no_flights] No direct flights on 26JAN
2026-01-15 08:49:52 | INFO     | [SUCCESS] Day 26JAN
2026-01-15 08:49:52 | INFO     | [DAY_START] Processing 25JAN
2026-01-15 08:49:52 | INFO     | [lf.day.start] Processing CAI-AJF for 25JAN
2026-01-15 08:49:53 | WARNING  | [lf.day.no_flights] No direct flights on 25JAN
2026-01-15 08:49:53 | INFO     | [SUCCESS] Day 25JAN
2026-01-15 08:49:53 | INFO     | [DAY_START] Processing 24JAN
2026-01-15 08:49:53 | INFO     | [lf.day.start] Processing CAI-AJF for 24JAN
2026-01-15 08:49:56 | INFO     | [lf.day.flights_found] Found 1 flights on 24JAN
2026-01-15 08:50:03 | INFO     | [lf.flight.extracted] SM321 on 24JAN: BKG=114, LF=63.7%
2026-01-15 08:50:14 | INFO     | [SUCCESS] Day 24JAN
2026-01-15 08:50:14 | INFO     | [DAY_START] Processing 23JAN
2026-01-15 08:50:14 | INFO     | [lf.day.start] Processing CAI-AJF for 23JAN
2026-01-15 08:50:16 | WARNING  | [lf.day.no_flights] No direct flights on 23JAN
2026-01-15 08:50:16 | INFO     | [SUCCESS] Day 23JAN
2026-01-15 08:50:16 | INFO     | [SUCCESS] LF Search Complete
2026-01-15 08:50:18 | INFO     | [Worker_9226] Completed: CAI-AJF - 9 results, 0 errors
2026-01-15 08:50:18 | INFO     | [Worker_9226] Processing: ATZ-ELQ
2026-01-15 08:50:18 | INFO     |   Tier 0: Range 1, Chunk 1/2 (9 days)
