2026-01-15 08:34:55 | INFO     | ======================================================================
2026-01-15 08:34:55 | INFO     | Load Factor Scraper Started - Route: CAI-ELQ
2026-01-15 08:34:55 | INFO     | Log file: D:\CODERED\LAB\Artifacts\outputs\run_generated_150126_at_08.22\logs\LF_CAI-ELQ_20260115_083455.log
2026-01-15 08:34:55 | INFO     | Enhanced logging: Capturing both logging.info() and print()
2026-01-15 08:34:55 | INFO     | ======================================================================
2026-01-15 08:34:55 | INFO     | Starting LF search for route: CAI-ELQ
2026-01-15 08:34:55 | INFO     | [START] LF Search
2026-01-15 08:34:58 | INFO     | [HEALTH CHECK] [OK] Chrome connection is healthy
2026-01-15 08:34:58 | INFO     | [DAY_START] Processing 18FEB
2026-01-15 08:34:58 | INFO     | [lf.day.start] Processing CAI-ELQ for 18FEB
2026-01-15 08:35:00 | WARNING  | [lf.day.no_flights] No direct flights on 18FEB
2026-01-15 08:35:00 | INFO     | [SUCCESS] Day 18FEB
2026-01-15 08:35:00 | INFO     | [DAY_START] Processing 17FEB
2026-01-15 08:35:00 | INFO     | [lf.day.start] Processing CAI-ELQ for 17FEB
2026-01-15 08:35:01 | WARNING  | [lf.day.no_flights] No direct flights on 17FEB
2026-01-15 08:35:01 | INFO     | [SUCCESS] Day 17FEB
2026-01-15 08:35:01 | INFO     | [DAY_START] Processing 16FEB
2026-01-15 08:35:01 | INFO     | [lf.day.start] Processing CAI-ELQ for 16FEB
2026-01-15 08:35:02 | WARNING  | [lf.day.no_flights] No direct flights on 16FEB
2026-01-15 08:35:02 | INFO     | [SUCCESS] Day 16FEB
2026-01-15 08:35:02 | INFO     | [DAY_START] Processing 15FEB
2026-01-15 08:35:02 | INFO     | [lf.day.start] Processing CAI-ELQ for 15FEB
2026-01-15 08:35:04 | INFO     | [lf.day.flights_found] Found 1 flights on 15FEB
2026-01-15 08:35:06 | INFO     | [lf.flight.extracted] SM427 on 15FEB: BKG=3, LF=1.7%
2026-01-15 08:35:10 | INFO     | [SUCCESS] Day 15FEB
2026-01-15 08:35:10 | INFO     | [DAY_START] Processing 14FEB
2026-01-15 08:35:10 | INFO     | [lf.day.start] Processing CAI-ELQ for 14FEB
2026-01-15 08:35:12 | WARNING  | [lf.day.no_flights] No direct flights on 14FEB
2026-01-15 08:35:12 | INFO     | [SUCCESS] Day 14FEB
2026-01-15 08:35:12 | INFO     | [DAY_START] Processing 13FEB
2026-01-15 08:35:12 | INFO     | [lf.day.start] Processing CAI-ELQ for 13FEB
2026-01-15 08:35:13 | INFO     | [lf.day.flights_found] Found 1 flights on 13FEB
2026-01-15 08:35:15 | INFO     | [lf.flight.extracted] SM427 on 13FEB: BKG=6, LF=5.5%
2026-01-15 08:35:18 | INFO     | [SUCCESS] Day 13FEB
2026-01-15 08:35:18 | INFO     | [DAY_START] Processing 12FEB
2026-01-15 08:35:18 | INFO     | [lf.day.start] Processing CAI-ELQ for 12FEB
2026-01-15 08:35:20 | INFO     | [lf.day.flights_found] Found 1 flights on 12FEB
2026-01-15 08:35:22 | INFO     | [lf.flight.extracted] SM427 on 12FEB: BKG=6, LF=5.5%
2026-01-15 08:35:25 | INFO     | [SUCCESS] Day 12FEB
2026-01-15 08:35:25 | INFO     | [DAY_START] Processing 11FEB
2026-01-15 08:35:25 | INFO     | [lf.day.start] Processing CAI-ELQ for 11FEB
2026-01-15 08:35:27 | WARNING  | [lf.day.no_flights] No direct flights on 11FEB
2026-01-15 08:35:27 | INFO     | [SUCCESS] Day 11FEB
2026-01-15 08:35:27 | INFO     | [DAY_START] Processing 10FEB
2026-01-15 08:35:27 | INFO     | [lf.day.start] Processing CAI-ELQ for 10FEB
2026-01-15 08:35:28 | WARNING  | [lf.day.no_flights] No direct flights on 10FEB
2026-01-15 08:35:28 | INFO     | [SUCCESS] Day 10FEB
2026-01-15 08:35:28 | INFO     | [SUCCESS] LF Search Complete
2026-01-15 08:35:30 | INFO     | [Worker_9223] Completed: CAI-ELQ - 9 results, 0 errors
2026-01-15 08:35:30 | INFO     | [Worker_9223] Processing: MED-ATZ
2026-01-15 08:35:30 | INFO     |   Tier 0: Range 2, Chunk 3/3 (9 days)
