2026-01-15 08:56:38 | INFO     | ======================================================================
2026-01-15 08:56:38 | INFO     | Load Factor Scraper Started - Route: CAI-ELQ
2026-01-15 08:56:38 | INFO     | Log file: D:\CODERED\LAB\Artifacts\outputs\run_generated_150126_at_08.22\logs\LF_CAI-ELQ_20260115_085638.log
2026-01-15 08:56:38 | INFO     | Enhanced logging: Capturing both logging.info() and print()
2026-01-15 08:56:38 | INFO     | ======================================================================
2026-01-15 08:56:38 | INFO     | Starting LF search for route: CAI-ELQ
2026-01-15 08:56:38 | INFO     | [START] LF Search
2026-01-15 08:56:41 | INFO     | [HEALTH CHECK] [OK] Chrome connection is healthy
2026-01-15 08:56:41 | INFO     | [DAY_START] Processing 22JAN
2026-01-15 08:56:41 | INFO     | [lf.day.start] Processing CAI-ELQ for 22JAN
2026-01-15 08:56:45 | INFO     | [lf.day.flights_found] Found 1 flights on 22JAN
2026-01-15 08:56:50 | INFO     | [lf.flight.extracted] SM427 on 22JAN: BKG=125, LF=69.8%
2026-01-15 08:57:10 | INFO     | [SUCCESS] Day 22JAN
2026-01-15 08:57:10 | INFO     | [DAY_START] Processing 21JAN
2026-01-15 08:57:10 | INFO     | [lf.day.start] Processing CAI-ELQ for 21JAN
2026-01-15 08:57:13 | WARNING  | [lf.day.no_flights] No direct flights on 21JAN
2026-01-15 08:57:13 | INFO     | [SUCCESS] Day 21JAN
2026-01-15 08:57:13 | INFO     | [DAY_START] Processing 20JAN
2026-01-15 08:57:13 | INFO     | [lf.day.start] Processing CAI-ELQ for 20JAN
2026-01-15 08:57:16 | WARNING  | [lf.day.no_flights] No direct flights on 20JAN
2026-01-15 08:57:16 | INFO     | [SUCCESS] Day 20JAN
2026-01-15 08:57:16 | INFO     | [DAY_START] Processing 19JAN
2026-01-15 08:57:16 | INFO     | [lf.day.start] Processing CAI-ELQ for 19JAN
2026-01-15 08:57:18 | WARNING  | [lf.day.no_flights] No direct flights on 19JAN
2026-01-15 08:57:19 | INFO     | [SUCCESS] Day 19JAN
2026-01-15 08:57:19 | INFO     | [DAY_START] Processing 18JAN
2026-01-15 08:57:19 | INFO     | [lf.day.start] Processing CAI-ELQ for 18JAN
2026-01-15 08:57:21 | INFO     | [lf.day.flights_found] Found 1 flights on 18JAN
2026-01-15 08:57:28 | INFO     | [lf.flight.extracted] SM427 on 18JAN: BKG=179, LF=100.0%
2026-01-15 08:57:39 | INFO     | [SUCCESS] Day 18JAN
2026-01-15 08:57:39 | INFO     | [DAY_START] Processing 17JAN
2026-01-15 08:57:39 | INFO     | [lf.day.start] Processing CAI-ELQ for 17JAN
2026-01-15 08:57:41 | WARNING  | [lf.day.no_flights] No direct flights on 17JAN
2026-01-15 08:57:41 | INFO     | [SUCCESS] Day 17JAN
2026-01-15 08:57:41 | INFO     | [DAY_START] Processing 16JAN
2026-01-15 08:57:41 | INFO     | [lf.day.start] Processing CAI-ELQ for 16JAN
2026-01-15 08:57:45 | INFO     | [lf.day.flights_found] Found 1 flights on 16JAN
2026-01-15 08:57:51 | INFO     | [lf.flight.extracted] SM427 on 16JAN: BKG=174, LF=97.2%
2026-01-15 08:58:03 | INFO     | [SUCCESS] Day 16JAN
2026-01-15 08:58:03 | INFO     | [SUCCESS] LF Search Complete
2026-01-15 08:58:05 | INFO     | [Worker_9224] Completed: CAI-ELQ - 7 results, 0 errors
2026-01-15 09:59:55 | INFO     | [Worker_9224] Shutdown signal received, exiting...
2026-01-15 09:59:55 | INFO     | [Worker_9224] Finished. Processed 26 groups.
