2026-01-15 08:56:01 | INFO     | ======================================================================
2026-01-15 08:56:01 | INFO     | Load Factor Scraper Started - Route: CAI-AHB
2026-01-15 08:56:01 | INFO     | Log file: D:\CODERED\LAB\Artifacts\outputs\run_generated_150126_at_08.22\logs\LF_CAI-AHB_20260115_085601.log
2026-01-15 08:56:01 | INFO     | Enhanced logging: Capturing both logging.info() and print()
2026-01-15 08:56:01 | INFO     | ======================================================================
2026-01-15 08:56:01 | INFO     | Starting LF search for route: CAI-AHB
2026-01-15 08:56:01 | INFO     | [START] LF Search
2026-01-15 08:56:04 | INFO     | [HEALTH CHECK] [OK] Chrome connection is healthy
2026-01-15 08:56:04 | INFO     | [DAY_START] Processing 22JAN
2026-01-15 08:56:04 | INFO     | [lf.day.start] Processing CAI-AHB for 22JAN
2026-01-15 08:56:06 | INFO     | [lf.day.flights_found] Found 1 flights on 22JAN
2026-01-15 08:56:09 | INFO     | [lf.flight.extracted] SM443 on 22JAN: BKG=101, LF=56.4%
2026-01-15 08:56:17 | INFO     | [SUCCESS] Day 22JAN
2026-01-15 08:56:17 | INFO     | [DAY_START] Processing 21JAN
2026-01-15 08:56:17 | INFO     | [lf.day.start] Processing CAI-AHB for 21JAN
2026-01-15 08:56:19 | INFO     | [lf.day.flights_found] Found 1 flights on 21JAN
2026-01-15 08:56:22 | INFO     | [lf.flight.extracted] SM447 on 21JAN: BKG=142, LF=80.7%
2026-01-15 08:56:36 | INFO     | [SUCCESS] Day 21JAN
2026-01-15 08:56:36 | INFO     | [DAY_START] Processing 20JAN
2026-01-15 08:56:36 | INFO     | [lf.day.start] Processing CAI-AHB for 20JAN
2026-01-15 08:56:39 | WARNING  | [lf.day.no_flights] No direct flights on 20JAN
2026-01-15 08:56:39 | INFO     | [SUCCESS] Day 20JAN
2026-01-15 08:56:39 | INFO     | [DAY_START] Processing 19JAN
2026-01-15 08:56:39 | INFO     | [lf.day.start] Processing CAI-AHB for 19JAN
2026-01-15 08:56:42 | WARNING  | [lf.day.no_flights] No direct flights on 19JAN
2026-01-15 08:56:42 | INFO     | [SUCCESS] Day 19JAN
2026-01-15 08:56:42 | INFO     | [DAY_START] Processing 18JAN
2026-01-15 08:56:42 | INFO     | [lf.day.start] Processing CAI-AHB for 18JAN
2026-01-15 08:56:46 | WARNING  | [lf.day.no_flights] No direct flights on 18JAN
2026-01-15 08:56:46 | INFO     | [SUCCESS] Day 18JAN
2026-01-15 08:56:46 | INFO     | [DAY_START] Processing 17JAN
2026-01-15 08:56:46 | INFO     | [lf.day.start] Processing CAI-AHB for 17JAN
2026-01-15 08:56:48 | INFO     | [lf.day.flights_found] Found 1 flights on 17JAN
2026-01-15 08:56:53 | INFO     | [lf.flight.extracted] SM443 on 17JAN: BKG=130, LF=72.6%
2026-01-15 08:57:13 | INFO     | [SUCCESS] Day 17JAN
2026-01-15 08:57:13 | INFO     | [DAY_START] Processing 16JAN
2026-01-15 08:57:13 | INFO     | [lf.day.start] Processing CAI-AHB for 16JAN
2026-01-15 08:57:16 | WARNING  | [lf.day.no_flights] No direct flights on 16JAN
2026-01-15 08:57:16 | INFO     | [SUCCESS] Day 16JAN
2026-01-15 08:57:16 | INFO     | [SUCCESS] LF Search Complete
2026-01-15 08:57:18 | INFO     | [Worker_9227] Completed: CAI-AHB - 7 results, 0 errors
2026-01-15 09:59:53 | INFO     | [Worker_9227] Shutdown signal received, exiting...
2026-01-15 09:59:53 | INFO     | [Worker_9227] Finished. Processed 28 groups.
