2026-01-15 08:53:47 | INFO     | ======================================================================
2026-01-15 08:53:47 | INFO     | Load Factor Scraper Started - Route: CAI-JED
2026-01-15 08:53:47 | INFO     | Log file: D:\CODERED\LAB\Artifacts\outputs\run_generated_150126_at_08.22\logs\LF_CAI-JED_20260115_085347.log
2026-01-15 08:53:47 | INFO     | Enhanced logging: Capturing both logging.info() and print()
2026-01-15 08:53:47 | INFO     | ======================================================================
2026-01-15 08:53:47 | INFO     | Starting LF search for route: CAI-JED
2026-01-15 08:53:47 | INFO     | [START] LF Search
2026-01-15 08:53:49 | INFO     | [HEALTH CHECK] [OK] Chrome connection is healthy
2026-01-15 08:53:49 | INFO     | [DAY_START] Processing 22JAN
2026-01-15 08:53:49 | INFO     | [lf.day.start] Processing CAI-JED for 22JAN
2026-01-15 08:53:52 | INFO     | [lf.day.flights_found] Found 7 flights on 22JAN
2026-01-15 08:53:55 | INFO     | [lf.flight.extracted] SM449 on 22JAN: BKG=179, LF=100.0%
2026-01-15 08:54:00 | INFO     | [lf.flight.extracted] SM475 on 22JAN: BKG=179, LF=100.0%
2026-01-15 08:54:05 | INFO     | [lf.flight.extracted] SM431 on 22JAN: BKG=176, LF=100.0%
2026-01-15 08:54:10 | INFO     | [lf.flight.extracted] SM961 on 22JAN: BKG=176, LF=100.0%
2026-01-15 08:54:15 | INFO     | [lf.flight.extracted] SM477 on 22JAN: BKG=179, LF=100.0%
2026-01-15 08:54:19 | INFO     | [lf.flight.extracted] SM479 on 22JAN: BKG=178, LF=101.1%
2026-01-15 08:54:24 | INFO     | [lf.flight.extracted] SM423 on 22JAN: BKG=165, LF=92.2%
2026-01-15 08:55:04 | INFO     | [SUCCESS] Day 22JAN
2026-01-15 08:55:04 | INFO     | [DAY_START] Processing 21JAN
2026-01-15 08:55:04 | INFO     | [lf.day.start] Processing CAI-JED for 21JAN
2026-01-15 08:55:05 | INFO     | [lf.day.flights_found] Found 5 flights on 21JAN
2026-01-15 08:55:09 | INFO     | [lf.flight.extracted] SM423 on 21JAN: BKG=179, LF=100.0%
2026-01-15 08:55:14 | INFO     | [lf.flight.extracted] SM475 on 21JAN: BKG=179, LF=100.0%
2026-01-15 08:55:20 | INFO     | [lf.flight.extracted] SM459 on 21JAN: BKG=179, LF=100.0%
2026-01-15 08:55:25 | INFO     | [lf.flight.extracted] SM477 on 21JAN: BKG=179, LF=100.0%
2026-01-15 08:55:31 | INFO     | [lf.flight.extracted] SM471 on 21JAN: BKG=177, LF=98.9%
2026-01-15 08:56:35 | INFO     | [SUCCESS] Day 21JAN
2026-01-15 08:56:35 | INFO     | [DAY_START] Processing 20JAN
2026-01-15 08:56:35 | INFO     | [lf.day.start] Processing CAI-JED for 20JAN
2026-01-15 08:56:38 | INFO     | [lf.day.flights_found] Found 7 flights on 20JAN
2026-01-15 08:56:44 | INFO     | [lf.flight.extracted] SM471 on 20JAN: BKG=179, LF=100.0%
2026-01-15 08:56:52 | INFO     | [lf.flight.extracted] SM953 on 20JAN: BKG=179, LF=100.0%
2026-01-15 08:57:06 | INFO     | [lf.flight.extracted] SM479 on 20JAN: BKG=176, LF=100.0%
2026-01-15 08:57:14 | INFO     | [lf.flight.extracted] SM477 on 20JAN: BKG=179, LF=100.0%
2026-01-15 08:57:25 | INFO     | [lf.flight.extracted] SM459 on 20JAN: BKG=179, LF=100.0%
2026-01-15 08:57:32 | INFO     | [lf.flight.extracted] SM423 on 20JAN: BKG=179, LF=100.0%
2026-01-15 08:57:37 | INFO     | [lf.flight.extracted] SM475 on 20JAN: BKG=179, LF=100.0%
2026-01-15 08:58:35 | INFO     | [SUCCESS] Day 20JAN
2026-01-15 08:58:35 | INFO     | [DAY_START] Processing 19JAN
2026-01-15 08:58:35 | INFO     | [lf.day.start] Processing CAI-JED for 19JAN
2026-01-15 08:58:38 | INFO     | [lf.day.flights_found] Found 3 flights on 19JAN
2026-01-15 08:58:41 | INFO     | [lf.flight.extracted] SM475 on 19JAN: BKG=179, LF=100.0%
2026-01-15 08:58:47 | INFO     | [lf.flight.extracted] SM477 on 19JAN: BKG=179, LF=100.0%
2026-01-15 08:58:51 | INFO     | [lf.flight.extracted] SM459 on 19JAN: BKG=179, LF=100.0%
2026-01-15 08:59:15 | INFO     | [SUCCESS] Day 19JAN
2026-01-15 08:59:15 | INFO     | [DAY_START] Processing 18JAN
2026-01-15 08:59:15 | INFO     | [lf.day.start] Processing CAI-JED for 18JAN
2026-01-15 08:59:16 | INFO     | [lf.day.flights_found] Found 5 flights on 18JAN
2026-01-15 08:59:20 | INFO     | [lf.flight.extracted] SM475 on 18JAN: BKG=180, LF=100.6%
2026-01-15 08:59:24 | INFO     | [lf.flight.extracted] SM431 on 18JAN: BKG=178, LF=101.1%
2026-01-15 08:59:29 | INFO     | [lf.flight.extracted] SM459 on 18JAN: BKG=179, LF=100.0%
2026-01-15 08:59:33 | INFO     | [lf.flight.extracted] SM477 on 18JAN: BKG=178, LF=101.1%
2026-01-15 08:59:37 | INFO     | [lf.flight.extracted] SM479 on 18JAN: BKG=179, LF=100.0%
2026-01-15 09:00:06 | INFO     | [SUCCESS] Day 18JAN
2026-01-15 09:00:06 | INFO     | [DAY_START] Processing 17JAN
2026-01-15 09:00:06 | INFO     | [lf.day.start] Processing CAI-JED for 17JAN
2026-01-15 09:00:07 | INFO     | [lf.day.flights_found] Found 4 flights on 17JAN
2026-01-15 09:00:10 | INFO     | [lf.flight.extracted] SM449 on 17JAN: BKG=180, LF=100.6%
2026-01-15 09:00:14 | INFO     | [lf.flight.extracted] SM475 on 17JAN: BKG=179, LF=100.0%
2026-01-15 09:00:18 | INFO     | [lf.flight.extracted] SM477 on 17JAN: BKG=179, LF=100.0%
2026-01-15 09:00:24 | INFO     | [lf.flight.extracted] SM423 on 17JAN: BKG=174, LF=97.2%
2026-01-15 09:00:46 | INFO     | [SUCCESS] Day 17JAN
2026-01-15 09:00:46 | INFO     | [DAY_START] Processing 16JAN
2026-01-15 09:00:46 | INFO     | [lf.day.start] Processing CAI-JED for 16JAN
2026-01-15 09:00:47 | INFO     | [lf.day.flights_found] Found 5 flights on 16JAN
2026-01-15 09:00:50 | INFO     | [lf.flight.extracted] SM475 on 16JAN: BKG=179, LF=100.0%
2026-01-15 09:00:55 | INFO     | [lf.flight.extracted] SM477 on 16JAN: BKG=178, LF=99.4%
2026-01-15 09:00:59 | INFO     | [lf.flight.extracted] SM479 on 16JAN: BKG=179, LF=100.0%
2026-01-15 09:01:03 | INFO     | [lf.flight.extracted] SM471 on 16JAN: BKG=179, LF=100.0%
2026-01-15 09:01:08 | INFO     | [lf.flight.extracted] SM459 on 16JAN: BKG=176, LF=98.3%
2026-01-15 09:01:39 | INFO     | [SUCCESS] Day 16JAN
2026-01-15 09:01:39 | INFO     | [SUCCESS] LF Search Complete
2026-01-15 09:01:41 | INFO     | [Worker_9225] Completed: CAI-JED - 7 results, 0 errors
2026-01-15 09:59:56 | INFO     | [Worker_9225] Shutdown signal received, exiting...
2026-01-15 09:59:56 | INFO     | [Worker_9225] Finished. Processed 16 groups.
