2026-01-15 08:34:46 | INFO     | ======================================================================
2026-01-15 08:34:46 | INFO     | Load Factor Scraper Started - Route: CAI-YNB
2026-01-15 08:34:46 | INFO     | Log file: D:\CODERED\LAB\Artifacts\outputs\run_generated_150126_at_08.22\logs\LF_CAI-YNB_20260115_083446.log
2026-01-15 08:34:46 | INFO     | Enhanced logging: Capturing both logging.info() and print()
2026-01-15 08:34:46 | INFO     | ======================================================================
2026-01-15 08:34:46 | INFO     | Starting LF search for route: CAI-YNB
2026-01-15 08:34:46 | INFO     | [START] LF Search
2026-01-15 08:34:48 | INFO     | [HEALTH CHECK] [OK] Chrome connection is healthy
2026-01-15 08:34:48 | INFO     | [DAY_START] Processing 18FEB
2026-01-15 08:34:48 | INFO     | [lf.day.start] Processing CAI-YNB for 18FEB
2026-01-15 08:34:50 | INFO     | [lf.day.flights_found] Found 2 flights on 18FEB
2026-01-15 08:34:54 | INFO     | [lf.flight.extracted] SM941 on 18FEB: BKG=170, LF=95.0%
2026-01-15 08:34:59 | INFO     | [lf.flight.extracted] SM441 on 18FEB: BKG=139, LF=77.6%
2026-01-15 08:35:04 | INFO     | [SUCCESS] Day 18FEB
2026-01-15 08:35:04 | INFO     | [DAY_START] Processing 17FEB
2026-01-15 08:35:04 | INFO     | [lf.day.start] Processing CAI-YNB for 17FEB
2026-01-15 08:35:05 | INFO     | [lf.day.flights_found] Found 2 flights on 17FEB
2026-01-15 08:35:09 | INFO     | [lf.flight.extracted] SM933 on 17FEB: BKG=0, LF=0.0%
2026-01-15 08:35:14 | INFO     | [lf.flight.extracted] SM441 on 17FEB: BKG=142, LF=80.7%
2026-01-15 08:35:17 | INFO     | [SUCCESS] Day 17FEB
2026-01-15 08:35:17 | INFO     | [DAY_START] Processing 16FEB
2026-01-15 08:35:17 | INFO     | [lf.day.start] Processing CAI-YNB for 16FEB
2026-01-15 08:35:18 | INFO     | [lf.day.flights_found] Found 2 flights on 16FEB
2026-01-15 08:35:21 | INFO     | [lf.flight.extracted] SM931 on 16FEB: BKG=0, LF=0.0%
2026-01-15 08:35:25 | INFO     | [lf.flight.extracted] SM441 on 16FEB: BKG=140, LF=78.2%
2026-01-15 08:35:28 | INFO     | [SUCCESS] Day 16FEB
2026-01-15 08:35:28 | INFO     | [DAY_START] Processing 15FEB
2026-01-15 08:35:28 | INFO     | [lf.day.start] Processing CAI-YNB for 15FEB
2026-01-15 08:35:29 | INFO     | [lf.day.flights_found] Found 1 flights on 15FEB
2026-01-15 08:35:31 | INFO     | [lf.flight.extracted] SM441 on 15FEB: BKG=185, LF=103.4%
2026-01-15 08:35:40 | INFO     | [SUCCESS] Day 15FEB
2026-01-15 08:35:40 | INFO     | [DAY_START] Processing 14FEB
2026-01-15 08:35:40 | INFO     | [lf.day.start] Processing CAI-YNB for 14FEB
2026-01-15 08:35:41 | INFO     | [lf.day.flights_found] Found 1 flights on 14FEB
2026-01-15 08:35:44 | INFO     | [lf.flight.extracted] SM441 on 14FEB: BKG=155, LF=86.6%
2026-01-15 08:35:51 | INFO     | [SUCCESS] Day 14FEB
2026-01-15 08:35:51 | INFO     | [DAY_START] Processing 13FEB
2026-01-15 08:35:51 | INFO     | [lf.day.start] Processing CAI-YNB for 13FEB
2026-01-15 08:35:53 | INFO     | [lf.day.flights_found] Found 1 flights on 13FEB
2026-01-15 08:35:57 | INFO     | [lf.flight.extracted] SM441 on 13FEB: BKG=148, LF=82.7%
2026-01-15 08:36:00 | INFO     | [SUCCESS] Day 13FEB
2026-01-15 08:36:00 | INFO     | [DAY_START] Processing 12FEB
2026-01-15 08:36:00 | INFO     | [lf.day.start] Processing CAI-YNB for 12FEB
2026-01-15 08:36:01 | INFO     | [lf.day.flights_found] Found 1 flights on 12FEB
2026-01-15 08:36:03 | INFO     | [lf.flight.extracted] SM441 on 12FEB: BKG=140, LF=78.2%
2026-01-15 08:36:06 | INFO     | [SUCCESS] Day 12FEB
2026-01-15 08:36:06 | INFO     | [DAY_START] Processing 11FEB
2026-01-15 08:36:06 | INFO     | [lf.day.start] Processing CAI-YNB for 11FEB
2026-01-15 08:36:07 | INFO     | [lf.day.flights_found] Found 1 flights on 11FEB
2026-01-15 08:36:10 | INFO     | [lf.flight.extracted] SM441 on 11FEB: BKG=155, LF=86.6%
2026-01-15 08:36:13 | INFO     | [SUCCESS] Day 11FEB
2026-01-15 08:36:13 | INFO     | [DAY_START] Processing 10FEB
2026-01-15 08:36:13 | INFO     | [lf.day.start] Processing CAI-YNB for 10FEB
2026-01-15 08:36:15 | INFO     | [lf.day.flights_found] Found 2 flights on 10FEB
2026-01-15 08:36:18 | INFO     | [lf.flight.extracted] SM987 on 10FEB: BKG=170, LF=95.0%
2026-01-15 08:36:24 | INFO     | [lf.flight.extracted] SM441 on 10FEB: BKG=179, LF=100.0%
2026-01-15 08:36:29 | INFO     | [SUCCESS] Day 10FEB
2026-01-15 08:36:29 | INFO     | [SUCCESS] LF Search Complete
2026-01-15 08:36:31 | INFO     | [Worker_9234] Completed: CAI-YNB - 9 results, 0 errors
2026-01-15 08:36:31 | INFO     | [Worker_9234] Processing: RUH-CAI
2026-01-15 08:36:31 | INFO     |   Tier 0: Range 2, Chunk 3/3 (9 days)
