2026-01-15 08:32:07 | INFO     | ======================================================================
2026-01-15 08:32:07 | INFO     | Load Factor Scraper Started - Route: CAI-MED
2026-01-15 08:32:07 | INFO     | Log file: D:\CODERED\LAB\Artifacts\outputs\run_generated_150126_at_08.22\logs\LF_CAI-MED_20260115_083207.log
2026-01-15 08:32:07 | INFO     | Enhanced logging: Capturing both logging.info() and print()
2026-01-15 08:32:07 | INFO     | ======================================================================
2026-01-15 08:32:07 | INFO     | Starting LF search for route: CAI-MED
2026-01-15 08:32:07 | INFO     | [START] LF Search
2026-01-15 08:32:09 | INFO     | [HEALTH CHECK] [OK] Chrome connection is healthy
2026-01-15 08:32:09 | INFO     | [DAY_START] Processing 18FEB
2026-01-15 08:32:09 | INFO     | [lf.day.start] Processing CAI-MED for 18FEB
2026-01-15 08:32:11 | INFO     | [lf.day.flights_found] Found 2 flights on 18FEB
2026-01-15 08:32:14 | INFO     | [lf.flight.extracted] SM951 on 18FEB: BKG=170, LF=95.0%
2026-01-15 08:32:19 | INFO     | [lf.flight.extracted] SM953 on 18FEB: BKG=170, LF=95.0%
2026-01-15 08:32:24 | INFO     | [SUCCESS] Day 18FEB
2026-01-15 08:32:24 | INFO     | [DAY_START] Processing 17FEB
2026-01-15 08:32:24 | INFO     | [lf.day.start] Processing CAI-MED for 17FEB
2026-01-15 08:32:26 | INFO     | [lf.day.flights_found] Found 2 flights on 17FEB
2026-01-15 08:32:29 | INFO     | [lf.flight.extracted] SM971 on 17FEB: BKG=180, LF=100.6%
2026-01-15 08:32:34 | INFO     | [lf.flight.extracted] SM493 on 17FEB: BKG=177, LF=98.9%
2026-01-15 08:32:43 | INFO     | [SUCCESS] Day 17FEB
2026-01-15 08:32:43 | INFO     | [DAY_START] Processing 16FEB
2026-01-15 08:32:43 | INFO     | [lf.day.start] Processing CAI-MED for 16FEB
2026-01-15 08:32:44 | INFO     | [lf.day.flights_found] Found 2 flights on 16FEB
2026-01-15 08:32:47 | INFO     | [lf.flight.extracted] SM971 on 16FEB: BKG=170, LF=95.0%
2026-01-15 08:32:52 | INFO     | [lf.flight.extracted] SM495 on 16FEB: BKG=176, LF=100.0%
2026-01-15 08:33:01 | INFO     | [SUCCESS] Day 16FEB
2026-01-15 08:33:01 | INFO     | [DAY_START] Processing 15FEB
2026-01-15 08:33:01 | INFO     | [lf.day.start] Processing CAI-MED for 15FEB
2026-01-15 08:33:02 | INFO     | [lf.day.flights_found] Found 1 flights on 15FEB
2026-01-15 08:33:05 | INFO     | [lf.flight.extracted] SM493 on 15FEB: BKG=174, LF=97.2%
2026-01-15 08:33:10 | INFO     | [SUCCESS] Day 15FEB
2026-01-15 08:33:10 | INFO     | [DAY_START] Processing 14FEB
2026-01-15 08:33:10 | INFO     | [lf.day.start] Processing CAI-MED for 14FEB
2026-01-15 08:33:11 | INFO     | [lf.day.flights_found] Found 1 flights on 14FEB
2026-01-15 08:33:14 | INFO     | [lf.flight.extracted] SM493 on 14FEB: BKG=163, LF=92.6%
2026-01-15 08:33:19 | INFO     | [SUCCESS] Day 14FEB
2026-01-15 08:33:19 | INFO     | [DAY_START] Processing 13FEB
2026-01-15 08:33:19 | INFO     | [lf.day.start] Processing CAI-MED for 13FEB
2026-01-15 08:33:20 | INFO     | [lf.day.flights_found] Found 1 flights on 13FEB
2026-01-15 08:33:23 | INFO     | [lf.flight.extracted] SM971 on 13FEB: BKG=175, LF=97.8%
2026-01-15 08:33:25 | INFO     | [SUCCESS] Day 13FEB
2026-01-15 08:33:25 | INFO     | [DAY_START] Processing 12FEB
2026-01-15 08:33:25 | INFO     | [lf.day.start] Processing CAI-MED for 12FEB
2026-01-15 08:33:27 | INFO     | [lf.day.flights_found] Found 1 flights on 12FEB
2026-01-15 08:33:29 | INFO     | [lf.flight.extracted] SM493 on 12FEB: BKG=164, LF=93.2%
2026-01-15 08:33:36 | INFO     | [SUCCESS] Day 12FEB
2026-01-15 08:33:36 | INFO     | [DAY_START] Processing 11FEB
2026-01-15 08:33:36 | INFO     | [lf.day.start] Processing CAI-MED for 11FEB
2026-01-15 08:33:38 | WARNING  | [lf.day.no_flights] No direct flights on 11FEB
2026-01-15 08:33:38 | INFO     | [SUCCESS] Day 11FEB
2026-01-15 08:33:38 | INFO     | [DAY_START] Processing 10FEB
2026-01-15 08:33:38 | INFO     | [lf.day.start] Processing CAI-MED for 10FEB
2026-01-15 08:33:39 | INFO     | [lf.day.flights_found] Found 1 flights on 10FEB
2026-01-15 08:33:42 | INFO     | [lf.flight.extracted] SM493 on 10FEB: BKG=178, LF=99.4%
2026-01-15 08:33:46 | INFO     | [SUCCESS] Day 10FEB
2026-01-15 08:33:46 | INFO     | [SUCCESS] LF Search Complete
2026-01-15 08:33:48 | INFO     | [Worker_9233] Completed: CAI-MED - 9 results, 0 errors
2026-01-15 08:33:48 | INFO     | [Worker_9233] Processing: ATZ-DMM
2026-01-15 08:33:48 | INFO     |   Tier 0: Range 2, Chunk 2/3 (9 days)
