2026-01-15 08:51:51 | INFO     | ======================================================================
2026-01-15 08:51:51 | INFO     | Load Factor Scraper Started - Route: DMM-ATZ
2026-01-15 08:51:51 | INFO     | Log file: D:\CODERED\LAB\Artifacts\outputs\run_generated_150126_at_08.22\logs\LF_DMM-ATZ_20260115_085151.log
2026-01-15 08:51:51 | INFO     | Enhanced logging: Capturing both logging.info() and print()
2026-01-15 08:51:51 | INFO     | ======================================================================
2026-01-15 08:51:51 | INFO     | Starting LF search for route: DMM-ATZ
2026-01-15 08:51:51 | INFO     | [START] LF Search
2026-01-15 08:51:54 | INFO     | [HEALTH CHECK] [OK] Chrome connection is healthy
2026-01-15 08:51:54 | INFO     | [DAY_START] Processing 22JAN
2026-01-15 08:51:54 | INFO     | [lf.day.start] Processing DMM-ATZ for 22JAN
2026-01-15 08:51:56 | WARNING  | [lf.day.no_flights] No direct flights on 22JAN
2026-01-15 08:51:56 | INFO     | [SUCCESS] Day 22JAN
2026-01-15 08:51:56 | INFO     | [DAY_START] Processing 21JAN
2026-01-15 08:51:56 | INFO     | [lf.day.start] Processing DMM-ATZ for 21JAN
2026-01-15 08:51:57 | WARNING  | [lf.day.no_flights] No direct flights on 21JAN
2026-01-15 08:51:57 | INFO     | [SUCCESS] Day 21JAN
2026-01-15 08:51:57 | INFO     | [DAY_START] Processing 20JAN
2026-01-15 08:51:57 | INFO     | [lf.day.start] Processing DMM-ATZ for 20JAN
2026-01-15 08:51:58 | WARNING  | [lf.day.no_flights] No direct flights on 20JAN
2026-01-15 08:51:58 | INFO     | [SUCCESS] Day 20JAN
2026-01-15 08:51:58 | INFO     | [DAY_START] Processing 19JAN
2026-01-15 08:51:58 | INFO     | [lf.day.start] Processing DMM-ATZ for 19JAN
2026-01-15 08:51:59 | INFO     | [lf.day.flights_found] Found 1 flights on 19JAN
2026-01-15 08:52:02 | INFO     | [lf.flight.extracted] SM438 on 19JAN: BKG=83, LF=47.4%
2026-01-15 08:52:10 | INFO     | [SUCCESS] Day 19JAN
2026-01-15 08:52:10 | INFO     | [DAY_START] Processing 18JAN
2026-01-15 08:52:10 | INFO     | [lf.day.start] Processing DMM-ATZ for 18JAN
2026-01-15 08:52:11 | WARNING  | [lf.day.no_flights] No direct flights on 18JAN
2026-01-15 08:52:11 | INFO     | [SUCCESS] Day 18JAN
2026-01-15 08:52:11 | INFO     | [DAY_START] Processing 17JAN
2026-01-15 08:52:11 | INFO     | [lf.day.start] Processing DMM-ATZ for 17JAN
2026-01-15 08:52:12 | WARNING  | [lf.day.no_flights] No direct flights on 17JAN
2026-01-15 08:52:12 | INFO     | [SUCCESS] Day 17JAN
2026-01-15 08:52:12 | INFO     | [DAY_START] Processing 16JAN
2026-01-15 08:52:12 | INFO     | [lf.day.start] Processing DMM-ATZ for 16JAN
2026-01-15 08:52:14 | INFO     | [lf.day.flights_found] Found 1 flights on 16JAN
2026-01-15 08:52:17 | INFO     | [lf.flight.extracted] SM438 on 16JAN: BKG=140, LF=80.0%
2026-01-15 08:52:30 | INFO     | [SUCCESS] Day 16JAN
2026-01-15 08:52:30 | INFO     | [SUCCESS] LF Search Complete
2026-01-15 08:52:32 | INFO     | [Worker_9225] Completed: DMM-ATZ - 7 results, 0 errors
2026-01-15 08:52:32 | INFO     | [Worker_9225] Processing: AJF-CAI
2026-01-15 08:52:32 | INFO     |   Tier 0: Range 1, Chunk 2/2 (8 days)
