2026-01-15 08:44:03 | INFO     | ======================================================================
2026-01-15 08:44:03 | INFO     | Load Factor Scraper Started - Route: DMM-CAI
2026-01-15 08:44:03 | INFO     | Log file: D:\CODERED\LAB\Artifacts\outputs\run_generated_150126_at_08.22\logs\LF_DMM-CAI_20260115_084403.log
2026-01-15 08:44:03 | INFO     | Enhanced logging: Capturing both logging.info() and print()
2026-01-15 08:44:03 | INFO     | ======================================================================
2026-01-15 08:44:03 | INFO     | Starting LF search for route: DMM-CAI
2026-01-15 08:44:03 | INFO     | [START] LF Search
2026-01-15 08:44:05 | INFO     | [HEALTH CHECK] [OK] Chrome connection is healthy
2026-01-15 08:44:05 | INFO     | [DAY_START] Processing 31JAN
2026-01-15 08:44:05 | INFO     | [lf.day.start] Processing DMM-CAI for 31JAN
2026-01-15 08:44:07 | INFO     | [lf.day.flights_found] Found 1 flights on 31JAN
2026-01-15 08:44:10 | INFO     | [lf.flight.extracted] SM434 on 31JAN: BKG=22, LF=12.6%
2026-01-15 08:44:14 | INFO     | [SUCCESS] Day 31JAN
2026-01-15 08:44:14 | INFO     | [DAY_START] Processing 30JAN
2026-01-15 08:44:14 | INFO     | [lf.day.start] Processing DMM-CAI for 30JAN
2026-01-15 08:44:15 | INFO     | [lf.day.flights_found] Found 1 flights on 30JAN
2026-01-15 08:44:18 | INFO     | [lf.flight.extracted] SM434 on 30JAN: BKG=44, LF=25.1%
2026-01-15 08:44:23 | INFO     | [SUCCESS] Day 30JAN
2026-01-15 08:44:23 | INFO     | [DAY_START] Processing 29JAN
2026-01-15 08:44:23 | INFO     | [lf.day.start] Processing DMM-CAI for 29JAN
2026-01-15 08:44:24 | INFO     | [lf.day.flights_found] Found 1 flights on 29JAN
2026-01-15 08:44:27 | INFO     | [lf.flight.extracted] SM434 on 29JAN: BKG=32, LF=18.3%
2026-01-15 08:44:32 | INFO     | [SUCCESS] Day 29JAN
2026-01-15 08:44:32 | INFO     | [DAY_START] Processing 28JAN
2026-01-15 08:44:32 | INFO     | [lf.day.start] Processing DMM-CAI for 28JAN
2026-01-15 08:44:33 | WARNING  | [lf.day.no_flights] No direct flights on 28JAN
2026-01-15 08:44:34 | INFO     | [SUCCESS] Day 28JAN
2026-01-15 08:44:34 | INFO     | [DAY_START] Processing 27JAN
2026-01-15 08:44:34 | INFO     | [lf.day.start] Processing DMM-CAI for 27JAN
2026-01-15 08:44:35 | INFO     | [lf.day.flights_found] Found 1 flights on 27JAN
2026-01-15 08:44:38 | INFO     | [lf.flight.extracted] SM434 on 27JAN: BKG=31, LF=18.4%
2026-01-15 08:44:43 | INFO     | [SUCCESS] Day 27JAN
2026-01-15 08:44:43 | INFO     | [DAY_START] Processing 26JAN
2026-01-15 08:44:43 | INFO     | [lf.day.start] Processing DMM-CAI for 26JAN
2026-01-15 08:44:44 | WARNING  | [lf.day.no_flights] No direct flights on 26JAN
2026-01-15 08:44:44 | INFO     | [SUCCESS] Day 26JAN
2026-01-15 08:44:44 | INFO     | [DAY_START] Processing 25JAN
2026-01-15 08:44:44 | INFO     | [lf.day.start] Processing DMM-CAI for 25JAN
2026-01-15 08:44:45 | WARNING  | [lf.day.no_flights] No direct flights on 25JAN
2026-01-15 08:44:46 | INFO     | [SUCCESS] Day 25JAN
2026-01-15 08:44:46 | INFO     | [DAY_START] Processing 24JAN
2026-01-15 08:44:46 | INFO     | [lf.day.start] Processing DMM-CAI for 24JAN
2026-01-15 08:44:47 | INFO     | [lf.day.flights_found] Found 1 flights on 24JAN
2026-01-15 08:44:49 | INFO     | [lf.flight.extracted] SM434 on 24JAN: BKG=23, LF=13.7%
2026-01-15 08:44:53 | INFO     | [SUCCESS] Day 24JAN
2026-01-15 08:44:53 | INFO     | [DAY_START] Processing 23JAN
2026-01-15 08:44:53 | INFO     | [lf.day.start] Processing DMM-CAI for 23JAN
2026-01-15 08:44:54 | INFO     | [lf.day.flights_found] Found 1 flights on 23JAN
2026-01-15 08:44:56 | INFO     | [lf.flight.extracted] SM434 on 23JAN: BKG=37, LF=21.1%
2026-01-15 08:45:00 | INFO     | [SUCCESS] Day 23JAN
2026-01-15 08:45:00 | INFO     | [SUCCESS] LF Search Complete
2026-01-15 08:45:02 | INFO     | [Worker_9233] Completed: DMM-CAI - 9 results, 0 errors
2026-01-15 08:45:02 | INFO     | [Worker_9233] Processing: TUU-CAI
2026-01-15 08:45:02 | INFO     |   Tier 0: Range 1, Chunk 1/2 (9 days)
