2026-01-15 08:53:13 | INFO     | ======================================================================
2026-01-15 08:53:13 | INFO     | Load Factor Scraper Started - Route: ELQ-ATZ
2026-01-15 08:53:13 | INFO     | Log file: D:\CODERED\LAB\Artifacts\outputs\run_generated_150126_at_08.22\logs\LF_ELQ-ATZ_20260115_085313.log
2026-01-15 08:53:13 | INFO     | Enhanced logging: Capturing both logging.info() and print()
2026-01-15 08:53:13 | INFO     | ======================================================================
2026-01-15 08:53:13 | INFO     | Starting LF search for route: ELQ-ATZ
2026-01-15 08:53:13 | INFO     | [START] LF Search
2026-01-15 08:53:15 | INFO     | [HEALTH CHECK] [OK] Chrome connection is healthy
2026-01-15 08:53:15 | INFO     | [DAY_START] Processing 22JAN
2026-01-15 08:53:15 | INFO     | [lf.day.start] Processing ELQ-ATZ for 22JAN
2026-01-15 08:53:16 | WARNING  | [lf.day.no_flights] No direct flights on 22JAN
2026-01-15 08:53:16 | INFO     | [SUCCESS] Day 22JAN
2026-01-15 08:53:16 | INFO     | [DAY_START] Processing 21JAN
2026-01-15 08:53:16 | INFO     | [lf.day.start] Processing ELQ-ATZ for 21JAN
2026-01-15 08:53:18 | INFO     | [lf.day.flights_found] Found 1 flights on 21JAN
2026-01-15 08:53:20 | INFO     | [lf.flight.extracted] SM436 on 21JAN: BKG=97, LF=55.4%
2026-01-15 08:53:29 | INFO     | [SUCCESS] Day 21JAN
2026-01-15 08:53:29 | INFO     | [DAY_START] Processing 20JAN
2026-01-15 08:53:29 | INFO     | [lf.day.start] Processing ELQ-ATZ for 20JAN
2026-01-15 08:53:30 | WARNING  | [lf.day.no_flights] No direct flights on 20JAN
2026-01-15 08:53:30 | INFO     | [SUCCESS] Day 20JAN
2026-01-15 08:53:30 | INFO     | [DAY_START] Processing 19JAN
2026-01-15 08:53:30 | INFO     | [lf.day.start] Processing ELQ-ATZ for 19JAN
2026-01-15 08:53:31 | WARNING  | [lf.day.no_flights] No direct flights on 19JAN
2026-01-15 08:53:31 | INFO     | [SUCCESS] Day 19JAN
2026-01-15 08:53:31 | INFO     | [DAY_START] Processing 18JAN
2026-01-15 08:53:31 | INFO     | [lf.day.start] Processing ELQ-ATZ for 18JAN
2026-01-15 08:53:32 | WARNING  | [lf.day.no_flights] No direct flights on 18JAN
2026-01-15 08:53:33 | INFO     | [SUCCESS] Day 18JAN
2026-01-15 08:53:33 | INFO     | [DAY_START] Processing 17JAN
2026-01-15 08:53:33 | INFO     | [lf.day.start] Processing ELQ-ATZ for 17JAN
2026-01-15 08:53:34 | INFO     | [lf.day.flights_found] Found 1 flights on 17JAN
2026-01-15 08:53:37 | INFO     | [lf.flight.extracted] SM436 on 17JAN: BKG=117, LF=66.9%
2026-01-15 08:53:43 | INFO     | [SUCCESS] Day 17JAN
2026-01-15 08:53:43 | INFO     | [DAY_START] Processing 16JAN
2026-01-15 08:53:43 | INFO     | [lf.day.start] Processing ELQ-ATZ for 16JAN
2026-01-15 08:53:45 | WARNING  | [lf.day.no_flights] No direct flights on 16JAN
2026-01-15 08:53:45 | INFO     | [SUCCESS] Day 16JAN
2026-01-15 08:53:45 | INFO     | [SUCCESS] LF Search Complete
2026-01-15 08:53:47 | INFO     | [Worker_9225] Completed: ELQ-ATZ - 7 results, 0 errors
2026-01-15 08:53:47 | INFO     | [Worker_9225] Processing: CAI-JED
2026-01-15 08:53:47 | INFO     |   Tier 0: Range 1, Chunk 2/2 (8 days)
