2026-01-15 08:31:43 | INFO     | ======================================================================
2026-01-15 08:31:43 | INFO     | Load Factor Scraper Started - Route: ELQ-ATZ
2026-01-15 08:31:43 | INFO     | Log file: D:\CODERED\LAB\Artifacts\outputs\run_generated_150126_at_08.22\logs\LF_ELQ-ATZ_20260115_083143.log
2026-01-15 08:31:43 | INFO     | Enhanced logging: Capturing both logging.info() and print()
2026-01-15 08:31:43 | INFO     | ======================================================================
2026-01-15 08:31:43 | INFO     | Starting LF search for route: ELQ-ATZ
2026-01-15 08:31:43 | INFO     | [START] LF Search
2026-01-15 08:31:45 | INFO     | [HEALTH CHECK] [OK] Chrome connection is healthy
2026-01-15 08:31:45 | INFO     | [DAY_START] Processing 18FEB
2026-01-15 08:31:45 | INFO     | [lf.day.start] Processing ELQ-ATZ for 18FEB
2026-01-15 08:31:47 | INFO     | [lf.day.flights_found] Found 1 flights on 18FEB
2026-01-15 08:31:51 | INFO     | [lf.flight.extracted] SM436 on 18FEB: BKG=25, LF=14.3%
2026-01-15 08:31:56 | INFO     | [SUCCESS] Day 18FEB
2026-01-15 08:31:56 | INFO     | [DAY_START] Processing 17FEB
2026-01-15 08:31:56 | INFO     | [lf.day.start] Processing ELQ-ATZ for 17FEB
2026-01-15 08:31:58 | WARNING  | [lf.day.no_flights] No direct flights on 17FEB
2026-01-15 08:31:58 | INFO     | [SUCCESS] Day 17FEB
2026-01-15 08:31:58 | INFO     | [DAY_START] Processing 16FEB
2026-01-15 08:31:58 | INFO     | [lf.day.start] Processing ELQ-ATZ for 16FEB
2026-01-15 08:32:00 | WARNING  | [lf.day.no_flights] No direct flights on 16FEB
2026-01-15 08:32:00 | INFO     | [SUCCESS] Day 16FEB
2026-01-15 08:32:00 | INFO     | [DAY_START] Processing 15FEB
2026-01-15 08:32:00 | INFO     | [lf.day.start] Processing ELQ-ATZ for 15FEB
2026-01-15 08:32:01 | WARNING  | [lf.day.no_flights] No direct flights on 15FEB
2026-01-15 08:32:01 | INFO     | [SUCCESS] Day 15FEB
2026-01-15 08:32:01 | INFO     | [DAY_START] Processing 14FEB
2026-01-15 08:32:01 | INFO     | [lf.day.start] Processing ELQ-ATZ for 14FEB
2026-01-15 08:32:03 | INFO     | [lf.day.flights_found] Found 1 flights on 14FEB
2026-01-15 08:32:07 | INFO     | [lf.flight.extracted] SM436 on 14FEB: BKG=86, LF=49.1%
2026-01-15 08:32:14 | INFO     | [SUCCESS] Day 14FEB
2026-01-15 08:32:14 | INFO     | [DAY_START] Processing 13FEB
2026-01-15 08:32:14 | INFO     | [lf.day.start] Processing ELQ-ATZ for 13FEB
2026-01-15 08:32:16 | WARNING  | [lf.day.no_flights] No direct flights on 13FEB
2026-01-15 08:32:16 | INFO     | [SUCCESS] Day 13FEB
2026-01-15 08:32:16 | INFO     | [DAY_START] Processing 12FEB
2026-01-15 08:32:16 | INFO     | [lf.day.start] Processing ELQ-ATZ for 12FEB
2026-01-15 08:32:17 | WARNING  | [lf.day.no_flights] No direct flights on 12FEB
2026-01-15 08:32:17 | INFO     | [SUCCESS] Day 12FEB
2026-01-15 08:32:17 | INFO     | [DAY_START] Processing 11FEB
2026-01-15 08:32:17 | INFO     | [lf.day.start] Processing ELQ-ATZ for 11FEB
2026-01-15 08:32:19 | INFO     | [lf.day.flights_found] Found 1 flights on 11FEB
2026-01-15 08:32:21 | INFO     | [lf.flight.extracted] SM436 on 11FEB: BKG=59, LF=33.7%
2026-01-15 08:32:27 | INFO     | [SUCCESS] Day 11FEB
2026-01-15 08:32:27 | INFO     | [DAY_START] Processing 10FEB
2026-01-15 08:32:27 | INFO     | [lf.day.start] Processing ELQ-ATZ for 10FEB
2026-01-15 08:32:28 | WARNING  | [lf.day.no_flights] No direct flights on 10FEB
2026-01-15 08:32:29 | INFO     | [SUCCESS] Day 10FEB
2026-01-15 08:32:29 | INFO     | [SUCCESS] LF Search Complete
2026-01-15 08:32:31 | INFO     | [Worker_9225] Completed: ELQ-ATZ - 9 results, 0 errors
2026-01-15 08:32:31 | INFO     | [Worker_9225] Processing: CAI-JED
2026-01-15 08:32:31 | INFO     |   Tier 0: Range 2, Chunk 2/3 (9 days)
