2026-01-15 08:46:33 | INFO     | ======================================================================
2026-01-15 08:46:33 | INFO     | Load Factor Scraper Started - Route: ELQ-CAI
2026-01-15 08:46:33 | INFO     | Log file: D:\CODERED\LAB\Artifacts\outputs\run_generated_150126_at_08.22\logs\LF_ELQ-CAI_20260115_084633.log
2026-01-15 08:46:33 | INFO     | Enhanced logging: Capturing both logging.info() and print()
2026-01-15 08:46:33 | INFO     | ======================================================================
2026-01-15 08:46:33 | INFO     | Starting LF search for route: ELQ-CAI
2026-01-15 08:46:33 | INFO     | [START] LF Search
2026-01-15 08:46:36 | INFO     | [HEALTH CHECK] [OK] Chrome connection is healthy
2026-01-15 08:46:36 | INFO     | [DAY_START] Processing 31JAN
2026-01-15 08:46:36 | INFO     | [lf.day.start] Processing ELQ-CAI for 31JAN
2026-01-15 08:46:38 | INFO     | [lf.day.flights_found] Found 1 flights on 31JAN
2026-01-15 08:46:43 | INFO     | [lf.flight.extracted] SM428 on 31JAN: BKG=18, LF=10.3%
2026-01-15 08:46:48 | INFO     | [SUCCESS] Day 31JAN
2026-01-15 08:46:48 | INFO     | [DAY_START] Processing 30JAN
2026-01-15 08:46:48 | INFO     | [lf.day.start] Processing ELQ-CAI for 30JAN
2026-01-15 08:46:49 | WARNING  | [lf.day.no_flights] No direct flights on 30JAN
2026-01-15 08:46:49 | INFO     | [SUCCESS] Day 30JAN
2026-01-15 08:46:49 | INFO     | [DAY_START] Processing 29JAN
2026-01-15 08:46:49 | INFO     | [lf.day.start] Processing ELQ-CAI for 29JAN
2026-01-15 08:46:51 | INFO     | [lf.day.flights_found] Found 1 flights on 29JAN
2026-01-15 08:46:54 | INFO     | [lf.flight.extracted] SM428 on 29JAN: BKG=12, LF=7.0%
2026-01-15 08:46:59 | INFO     | [SUCCESS] Day 29JAN
2026-01-15 08:46:59 | INFO     | [DAY_START] Processing 28JAN
2026-01-15 08:46:59 | INFO     | [lf.day.start] Processing ELQ-CAI for 28JAN
2026-01-15 08:47:00 | WARNING  | [lf.day.no_flights] No direct flights on 28JAN
2026-01-15 08:47:00 | INFO     | [SUCCESS] Day 28JAN
2026-01-15 08:47:00 | INFO     | [DAY_START] Processing 27JAN
2026-01-15 08:47:00 | INFO     | [lf.day.start] Processing ELQ-CAI for 27JAN
2026-01-15 08:47:01 | WARNING  | [lf.day.no_flights] No direct flights on 27JAN
2026-01-15 08:47:01 | INFO     | [SUCCESS] Day 27JAN
2026-01-15 08:47:01 | INFO     | [DAY_START] Processing 26JAN
2026-01-15 08:47:01 | INFO     | [lf.day.start] Processing ELQ-CAI for 26JAN
2026-01-15 08:47:03 | WARNING  | [lf.day.no_flights] No direct flights on 26JAN
2026-01-15 08:47:04 | INFO     | [SUCCESS] Day 26JAN
2026-01-15 08:47:04 | INFO     | [DAY_START] Processing 25JAN
2026-01-15 08:47:04 | INFO     | [lf.day.start] Processing ELQ-CAI for 25JAN
2026-01-15 08:47:05 | INFO     | [lf.day.flights_found] Found 1 flights on 25JAN
2026-01-15 08:47:08 | INFO     | [lf.flight.extracted] SM428 on 25JAN: BKG=19, LF=10.9%
2026-01-15 08:47:11 | INFO     | [SUCCESS] Day 25JAN
2026-01-15 08:47:11 | INFO     | [DAY_START] Processing 24JAN
2026-01-15 08:47:11 | INFO     | [lf.day.start] Processing ELQ-CAI for 24JAN
2026-01-15 08:47:12 | INFO     | [lf.day.flights_found] Found 1 flights on 24JAN
2026-01-15 08:47:15 | INFO     | [lf.flight.extracted] SM428 on 24JAN: BKG=5, LF=2.9%
2026-01-15 08:47:17 | INFO     | [SUCCESS] Day 24JAN
2026-01-15 08:47:17 | INFO     | [DAY_START] Processing 23JAN
2026-01-15 08:47:17 | INFO     | [lf.day.start] Processing ELQ-CAI for 23JAN
2026-01-15 08:47:18 | WARNING  | [lf.day.no_flights] No direct flights on 23JAN
2026-01-15 08:47:18 | INFO     | [SUCCESS] Day 23JAN
2026-01-15 08:47:18 | INFO     | [SUCCESS] LF Search Complete
2026-01-15 08:47:21 | INFO     | [Worker_9233] Completed: ELQ-CAI - 9 results, 0 errors
2026-01-15 08:47:21 | INFO     | [Worker_9233] Processing: ATZ-MED
2026-01-15 08:47:21 | INFO     |   Tier 0: Range 1, Chunk 1/2 (9 days)
