2026-01-15 08:38:32 | INFO     | ======================================================================
2026-01-15 08:38:32 | INFO     | Load Factor Scraper Started - Route: ELQ-CAI
2026-01-15 08:38:32 | INFO     | Log file: D:\CODERED\LAB\Artifacts\outputs\run_generated_150126_at_08.22\logs\LF_ELQ-CAI_20260115_083832.log
2026-01-15 08:38:32 | INFO     | Enhanced logging: Capturing both logging.info() and print()
2026-01-15 08:38:32 | INFO     | ======================================================================
2026-01-15 08:38:32 | INFO     | Starting LF search for route: ELQ-CAI
2026-01-15 08:38:32 | INFO     | [START] LF Search
2026-01-15 08:38:34 | INFO     | [HEALTH CHECK] [OK] Chrome connection is healthy
2026-01-15 08:38:35 | INFO     | [DAY_START] Processing 09FEB
2026-01-15 08:38:35 | INFO     | [lf.day.start] Processing ELQ-CAI for 09FEB
2026-01-15 08:38:38 | WARNING  | [lf.day.no_flights] No direct flights on 09FEB
2026-01-15 08:38:38 | INFO     | [SUCCESS] Day 09FEB
2026-01-15 08:38:38 | INFO     | [DAY_START] Processing 08FEB
2026-01-15 08:38:38 | INFO     | [lf.day.start] Processing ELQ-CAI for 08FEB
2026-01-15 08:38:40 | INFO     | [lf.day.flights_found] Found 1 flights on 08FEB
2026-01-15 08:38:45 | INFO     | [lf.flight.extracted] SM428 on 08FEB: BKG=46, LF=26.7%
2026-01-15 08:38:51 | INFO     | [SUCCESS] Day 08FEB
2026-01-15 08:38:51 | INFO     | [DAY_START] Processing 07FEB
2026-01-15 08:38:51 | INFO     | [lf.day.start] Processing ELQ-CAI for 07FEB
2026-01-15 08:38:53 | INFO     | [lf.day.flights_found] Found 1 flights on 07FEB
2026-01-15 08:38:57 | INFO     | [lf.flight.extracted] SM428 on 07FEB: BKG=29, LF=27.6%
2026-01-15 08:39:04 | INFO     | [SUCCESS] Day 07FEB
2026-01-15 08:39:04 | INFO     | [DAY_START] Processing 06FEB
2026-01-15 08:39:04 | INFO     | [lf.day.start] Processing ELQ-CAI for 06FEB
2026-01-15 08:39:07 | WARNING  | [lf.day.no_flights] No direct flights on 06FEB
2026-01-15 08:39:07 | INFO     | [SUCCESS] Day 06FEB
2026-01-15 08:39:07 | INFO     | [DAY_START] Processing 05FEB
2026-01-15 08:39:07 | INFO     | [lf.day.start] Processing ELQ-CAI for 05FEB
2026-01-15 08:39:09 | INFO     | [lf.day.flights_found] Found 1 flights on 05FEB
2026-01-15 08:39:14 | INFO     | [lf.flight.extracted] SM428 on 05FEB: BKG=46, LF=43.8%
2026-01-15 08:39:20 | INFO     | [SUCCESS] Day 05FEB
2026-01-15 08:39:20 | INFO     | [DAY_START] Processing 04FEB
2026-01-15 08:39:20 | INFO     | [lf.day.start] Processing ELQ-CAI for 04FEB
2026-01-15 08:39:21 | WARNING  | [lf.day.no_flights] No direct flights on 04FEB
2026-01-15 08:39:21 | INFO     | [SUCCESS] Day 04FEB
2026-01-15 08:39:21 | INFO     | [DAY_START] Processing 03FEB
2026-01-15 08:39:21 | INFO     | [lf.day.start] Processing ELQ-CAI for 03FEB
2026-01-15 08:39:23 | WARNING  | [lf.day.no_flights] No direct flights on 03FEB
2026-01-15 08:39:23 | INFO     | [SUCCESS] Day 03FEB
2026-01-15 08:39:23 | INFO     | [DAY_START] Processing 02FEB
2026-01-15 08:39:23 | INFO     | [lf.day.start] Processing ELQ-CAI for 02FEB
2026-01-15 08:39:24 | WARNING  | [lf.day.no_flights] No direct flights on 02FEB
2026-01-15 08:39:24 | INFO     | [SUCCESS] Day 02FEB
2026-01-15 08:39:24 | INFO     | [DAY_START] Processing 01FEB
2026-01-15 08:39:24 | INFO     | [lf.day.start] Processing ELQ-CAI for 01FEB
2026-01-15 08:39:25 | INFO     | [lf.day.flights_found] Found 1 flights on 01FEB
2026-01-15 08:39:28 | INFO     | [lf.flight.extracted] SM428 on 01FEB: BKG=23, LF=13.1%
2026-01-15 08:39:40 | INFO     | [SUCCESS] Day 01FEB
2026-01-15 08:39:40 | INFO     | [SUCCESS] LF Search Complete
2026-01-15 08:39:42 | INFO     | [Worker_9223] Completed: ELQ-CAI - 9 results, 0 errors
2026-01-15 08:39:42 | INFO     | [Worker_9223] Processing: ATZ-MED
2026-01-15 08:39:42 | INFO     |   Tier 0: Range 2, Chunk 3/3 (9 days)
