2026-01-15 08:24:32 | INFO     | ======================================================================
2026-01-15 08:24:32 | INFO     | Load Factor Scraper Started - Route: ELQ-ATZ
2026-01-15 08:24:32 | INFO     | Log file: D:\CODERED\LAB\Artifacts\outputs\run_generated_150126_at_08.22\logs\LF_ELQ-ATZ_20260115_082432.log
2026-01-15 08:24:32 | INFO     | Enhanced logging: Capturing both logging.info() and print()
2026-01-15 08:24:32 | INFO     | ======================================================================
2026-01-15 08:24:32 | INFO     | Starting LF search for route: ELQ-ATZ
2026-01-15 08:24:32 | INFO     | [START] LF Search
2026-01-15 08:24:33 | INFO     | [HEALTH CHECK] [OK] Chrome connection is healthy
2026-01-15 08:24:33 | INFO     | [DAY_START] Processing 28FEB
2026-01-15 08:24:33 | INFO     | [lf.day.start] Processing ELQ-ATZ for 28FEB
2026-01-15 08:24:34 | INFO     | [lf.day.flights_found] Found 1 flights on 28FEB
2026-01-15 08:24:37 | INFO     | [lf.flight.extracted] SM436 on 28FEB: BKG=29, LF=16.6%
2026-01-15 08:24:40 | INFO     | [SUCCESS] Day 28FEB
2026-01-15 08:24:40 | INFO     | [DAY_START] Processing 27FEB
2026-01-15 08:24:40 | INFO     | [lf.day.start] Processing ELQ-ATZ for 27FEB
2026-01-15 08:24:41 | WARNING  | [lf.day.no_flights] No direct flights on 27FEB
2026-01-15 08:24:41 | INFO     | [SUCCESS] Day 27FEB
2026-01-15 08:24:41 | INFO     | [DAY_START] Processing 26FEB
2026-01-15 08:24:41 | INFO     | [lf.day.start] Processing ELQ-ATZ for 26FEB
2026-01-15 08:24:43 | WARNING  | [lf.day.no_flights] No direct flights on 26FEB
2026-01-15 08:24:43 | INFO     | [SUCCESS] Day 26FEB
2026-01-15 08:24:43 | INFO     | [DAY_START] Processing 25FEB
2026-01-15 08:24:43 | INFO     | [lf.day.start] Processing ELQ-ATZ for 25FEB
2026-01-15 08:24:44 | INFO     | [lf.day.flights_found] Found 1 flights on 25FEB
2026-01-15 08:24:46 | INFO     | [lf.flight.extracted] SM436 on 25FEB: BKG=42, LF=24.0%
2026-01-15 08:24:50 | INFO     | [SUCCESS] Day 25FEB
2026-01-15 08:24:50 | INFO     | [DAY_START] Processing 24FEB
2026-01-15 08:24:50 | INFO     | [lf.day.start] Processing ELQ-ATZ for 24FEB
2026-01-15 08:24:51 | WARNING  | [lf.day.no_flights] No direct flights on 24FEB
2026-01-15 08:24:51 | INFO     | [SUCCESS] Day 24FEB
2026-01-15 08:24:51 | INFO     | [DAY_START] Processing 23FEB
2026-01-15 08:24:51 | INFO     | [lf.day.start] Processing ELQ-ATZ for 23FEB
2026-01-15 08:24:52 | WARNING  | [lf.day.no_flights] No direct flights on 23FEB
2026-01-15 08:24:53 | INFO     | [SUCCESS] Day 23FEB
2026-01-15 08:24:53 | INFO     | [DAY_START] Processing 22FEB
2026-01-15 08:24:53 | INFO     | [lf.day.start] Processing ELQ-ATZ for 22FEB
2026-01-15 08:24:54 | WARNING  | [lf.day.no_flights] No direct flights on 22FEB
2026-01-15 08:24:54 | INFO     | [SUCCESS] Day 22FEB
2026-01-15 08:24:54 | INFO     | [DAY_START] Processing 21FEB
2026-01-15 08:24:54 | INFO     | [lf.day.start] Processing ELQ-ATZ for 21FEB
2026-01-15 08:24:55 | INFO     | [lf.day.flights_found] Found 1 flights on 21FEB
2026-01-15 08:24:58 | INFO     | [lf.flight.extracted] SM436 on 21FEB: BKG=32, LF=18.3%
2026-01-15 08:25:02 | INFO     | [SUCCESS] Day 21FEB
2026-01-15 08:25:02 | INFO     | [DAY_START] Processing 20FEB
2026-01-15 08:25:02 | INFO     | [lf.day.start] Processing ELQ-ATZ for 20FEB
2026-01-15 08:25:03 | WARNING  | [lf.day.no_flights] No direct flights on 20FEB
2026-01-15 08:25:03 | INFO     | [SUCCESS] Day 20FEB
2026-01-15 08:25:03 | INFO     | [DAY_START] Processing 19FEB
2026-01-15 08:25:03 | INFO     | [lf.day.start] Processing ELQ-ATZ for 19FEB
2026-01-15 08:25:04 | WARNING  | [lf.day.no_flights] No direct flights on 19FEB
2026-01-15 08:25:04 | INFO     | [SUCCESS] Day 19FEB
2026-01-15 08:25:04 | INFO     | [SUCCESS] LF Search Complete
2026-01-15 08:25:06 | INFO     | [Worker_9226] Completed: ELQ-ATZ - 10 results, 0 errors
2026-01-15 08:25:06 | INFO     | [Worker_9226] Processing: ATZ-JED
2026-01-15 08:25:06 | INFO     |   Tier 0: Range 2, Chunk 1/3 (10 days)
