2026-01-15 08:39:05 | INFO     | ======================================================================
2026-01-15 08:39:05 | INFO     | Load Factor Scraper Started - Route: GIZ-CAI
2026-01-15 08:39:05 | INFO     | Log file: D:\CODERED\LAB\Artifacts\outputs\run_generated_150126_at_08.22\logs\LF_GIZ-CAI_20260115_083905.log
2026-01-15 08:39:05 | INFO     | Enhanced logging: Capturing both logging.info() and print()
2026-01-15 08:39:05 | INFO     | ======================================================================
2026-01-15 08:39:05 | INFO     | Starting LF search for route: GIZ-CAI
2026-01-15 08:39:05 | INFO     | [START] LF Search
2026-01-15 08:39:07 | INFO     | [HEALTH CHECK] [OK] Chrome connection is healthy
2026-01-15 08:39:07 | INFO     | [DAY_START] Processing 09FEB
2026-01-15 08:39:07 | INFO     | [lf.day.start] Processing GIZ-CAI for 09FEB
2026-01-15 08:39:10 | WARNING  | [lf.day.no_flights] No direct flights on 09FEB
2026-01-15 08:39:10 | INFO     | [SUCCESS] Day 09FEB
2026-01-15 08:39:10 | INFO     | [DAY_START] Processing 08FEB
2026-01-15 08:39:10 | INFO     | [lf.day.start] Processing GIZ-CAI for 08FEB
2026-01-15 08:39:11 | INFO     | [lf.day.flights_found] Found 1 flights on 08FEB
2026-01-15 08:39:16 | INFO     | [lf.flight.extracted] SM330 on 08FEB: BKG=11, LF=6.3%
2026-01-15 08:39:20 | INFO     | [SUCCESS] Day 08FEB
2026-01-15 08:39:20 | INFO     | [DAY_START] Processing 07FEB
2026-01-15 08:39:20 | INFO     | [lf.day.start] Processing GIZ-CAI for 07FEB
2026-01-15 08:39:21 | WARNING  | [lf.day.no_flights] No direct flights on 07FEB
2026-01-15 08:39:21 | INFO     | [SUCCESS] Day 07FEB
2026-01-15 08:39:21 | INFO     | [DAY_START] Processing 06FEB
2026-01-15 08:39:21 | INFO     | [lf.day.start] Processing GIZ-CAI for 06FEB
2026-01-15 08:39:22 | INFO     | [lf.day.flights_found] Found 1 flights on 06FEB
2026-01-15 08:39:25 | INFO     | [lf.flight.extracted] SM330 on 06FEB: BKG=22, LF=12.6%
2026-01-15 08:39:29 | INFO     | [SUCCESS] Day 06FEB
2026-01-15 08:39:29 | INFO     | [DAY_START] Processing 05FEB
2026-01-15 08:39:29 | INFO     | [lf.day.start] Processing GIZ-CAI for 05FEB
2026-01-15 08:39:31 | WARNING  | [lf.day.no_flights] No direct flights on 05FEB
2026-01-15 08:39:31 | INFO     | [SUCCESS] Day 05FEB
2026-01-15 08:39:31 | INFO     | [DAY_START] Processing 04FEB
2026-01-15 08:39:31 | INFO     | [lf.day.start] Processing GIZ-CAI for 04FEB
2026-01-15 08:39:36 | WARNING  | [lf.day.no_flights] No direct flights on 04FEB
2026-01-15 08:39:36 | INFO     | [SUCCESS] Day 04FEB
2026-01-15 08:39:36 | INFO     | [DAY_START] Processing 03FEB
2026-01-15 08:39:36 | INFO     | [lf.day.start] Processing GIZ-CAI for 03FEB
2026-01-15 08:39:41 | WARNING  | [lf.day.no_flights] No direct flights on 03FEB
2026-01-15 08:39:41 | INFO     | [SUCCESS] Day 03FEB
2026-01-15 08:39:41 | INFO     | [DAY_START] Processing 02FEB
2026-01-15 08:39:41 | INFO     | [lf.day.start] Processing GIZ-CAI for 02FEB
2026-01-15 08:39:43 | WARNING  | [lf.day.no_flights] No direct flights on 02FEB
2026-01-15 08:39:43 | INFO     | [SUCCESS] Day 02FEB
2026-01-15 08:39:43 | INFO     | [DAY_START] Processing 01FEB
2026-01-15 08:39:43 | INFO     | [lf.day.start] Processing GIZ-CAI for 01FEB
2026-01-15 08:39:45 | INFO     | [lf.day.flights_found] Found 1 flights on 01FEB
2026-01-15 08:39:54 | INFO     | [lf.flight.extracted] SM330 on 01FEB: BKG=12, LF=6.9%
2026-01-15 08:40:01 | INFO     | [SUCCESS] Day 01FEB
2026-01-15 08:40:01 | INFO     | [SUCCESS] LF Search Complete
2026-01-15 08:40:03 | INFO     | [Worker_9224] Completed: GIZ-CAI - 9 results, 0 errors
2026-01-15 08:40:03 | INFO     | [Worker_9224] Processing: HBE-JED
2026-01-15 08:40:03 | INFO     |   Tier 0: Range 2, Chunk 3/3 (9 days)
