2026-01-15 08:40:03 | INFO     | ======================================================================
2026-01-15 08:40:03 | INFO     | Load Factor Scraper Started - Route: HBE-JED
2026-01-15 08:40:03 | INFO     | Log file: D:\CODERED\LAB\Artifacts\outputs\run_generated_150126_at_08.22\logs\LF_HBE-JED_20260115_084003.log
2026-01-15 08:40:03 | INFO     | Enhanced logging: Capturing both logging.info() and print()
2026-01-15 08:40:03 | INFO     | ======================================================================
2026-01-15 08:40:03 | INFO     | Starting LF search for route: HBE-JED
2026-01-15 08:40:03 | INFO     | [START] LF Search
2026-01-15 08:40:05 | INFO     | [HEALTH CHECK] [OK] Chrome connection is healthy
2026-01-15 08:40:05 | INFO     | [DAY_START] Processing 09FEB
2026-01-15 08:40:05 | INFO     | [lf.day.start] Processing HBE-JED for 09FEB
2026-01-15 08:40:08 | INFO     | [lf.day.flights_found] Found 4 flights on 09FEB
2026-01-15 08:40:11 | INFO     | [lf.flight.extracted] SM457 on 09FEB: BKG=179, LF=100.0%
2026-01-15 08:40:16 | INFO     | [lf.flight.extracted] SM477 on 09FEB: BKG=170, LF=95.0%
2026-01-15 08:40:20 | INFO     | [lf.flight.extracted] SM451 on 09FEB: BKG=179, LF=100.0%
2026-01-15 08:40:24 | INFO     | [lf.flight.extracted] SM957 on 09FEB: BKG=175, LF=97.8%
2026-01-15 08:40:32 | INFO     | [SUCCESS] Day 09FEB
2026-01-15 08:40:32 | INFO     | [DAY_START] Processing 08FEB
2026-01-15 08:40:32 | INFO     | [lf.day.start] Processing HBE-JED for 08FEB
2026-01-15 08:40:33 | INFO     | [lf.day.flights_found] Found 2 flights on 08FEB
2026-01-15 08:40:35 | INFO     | [lf.flight.extracted] SM451 on 08FEB: BKG=179, LF=100.0%
2026-01-15 08:40:40 | INFO     | [lf.flight.extracted] SM457 on 08FEB: BKG=149, LF=83.2%
2026-01-15 08:40:47 | INFO     | [SUCCESS] Day 08FEB
2026-01-15 08:40:47 | INFO     | [DAY_START] Processing 07FEB
2026-01-15 08:40:47 | INFO     | [lf.day.start] Processing HBE-JED for 07FEB
2026-01-15 08:40:48 | INFO     | [lf.day.flights_found] Found 2 flights on 07FEB
2026-01-15 08:40:51 | INFO     | [lf.flight.extracted] SM457 on 07FEB: BKG=176, LF=98.3%
2026-01-15 08:40:56 | INFO     | [lf.flight.extracted] SM451 on 07FEB: BKG=179, LF=100.0%
2026-01-15 08:41:02 | INFO     | [SUCCESS] Day 07FEB
2026-01-15 08:41:02 | INFO     | [DAY_START] Processing 06FEB
2026-01-15 08:41:02 | INFO     | [lf.day.start] Processing HBE-JED for 06FEB
2026-01-15 08:41:04 | INFO     | [lf.day.flights_found] Found 1 flights on 06FEB
2026-01-15 08:41:08 | INFO     | [lf.flight.extracted] SM451 on 06FEB: BKG=143, LF=79.9%
2026-01-15 08:41:12 | INFO     | [SUCCESS] Day 06FEB
2026-01-15 08:41:12 | INFO     | [DAY_START] Processing 05FEB
2026-01-15 08:41:12 | INFO     | [lf.day.start] Processing HBE-JED for 05FEB
2026-01-15 08:41:13 | INFO     | [lf.day.flights_found] Found 1 flights on 05FEB
2026-01-15 08:41:16 | INFO     | [lf.flight.extracted] SM451 on 05FEB: BKG=140, LF=78.2%
2026-01-15 08:41:19 | INFO     | [SUCCESS] Day 05FEB
2026-01-15 08:41:19 | INFO     | [DAY_START] Processing 04FEB
2026-01-15 08:41:19 | INFO     | [lf.day.start] Processing HBE-JED for 04FEB
2026-01-15 08:41:21 | INFO     | [lf.day.flights_found] Found 3 flights on 04FEB
2026-01-15 08:41:24 | INFO     | [lf.flight.extracted] SM451 on 04FEB: BKG=30, LF=16.8%
2026-01-15 08:41:29 | INFO     | [lf.flight.extracted] SM457 on 04FEB: BKG=170, LF=96.6%
2026-01-15 08:41:33 | INFO     | [lf.flight.extracted] SM473 on 04FEB: BKG=95, LF=54.0%
2026-01-15 08:41:41 | INFO     | [SUCCESS] Day 04FEB
2026-01-15 08:41:41 | INFO     | [DAY_START] Processing 03FEB
2026-01-15 08:41:41 | INFO     | [lf.day.start] Processing HBE-JED for 03FEB
2026-01-15 08:41:42 | INFO     | [lf.day.flights_found] Found 1 flights on 03FEB
2026-01-15 08:41:45 | INFO     | [lf.flight.extracted] SM451 on 03FEB: BKG=31, LF=17.3%
2026-01-15 08:41:50 | INFO     | [SUCCESS] Day 03FEB
2026-01-15 08:41:50 | INFO     | [DAY_START] Processing 02FEB
2026-01-15 08:41:50 | INFO     | [lf.day.start] Processing HBE-JED for 02FEB
2026-01-15 08:41:51 | INFO     | [lf.day.flights_found] Found 2 flights on 02FEB
2026-01-15 08:41:53 | INFO     | [lf.flight.extracted] SM457 on 02FEB: BKG=28, LF=15.6%
2026-01-15 08:41:58 | INFO     | [lf.flight.extracted] SM451 on 02FEB: BKG=30, LF=16.8%
2026-01-15 08:42:06 | INFO     | [SUCCESS] Day 02FEB
2026-01-15 08:42:06 | INFO     | [DAY_START] Processing 01FEB
2026-01-15 08:42:06 | INFO     | [lf.day.start] Processing HBE-JED for 01FEB
2026-01-15 08:42:08 | INFO     | [lf.day.flights_found] Found 2 flights on 01FEB
2026-01-15 08:42:11 | INFO     | [lf.flight.extracted] SM451 on 01FEB: BKG=89, LF=49.7%
2026-01-15 08:42:16 | INFO     | [lf.flight.extracted] SM457 on 01FEB: BKG=39, LF=21.8%
2026-01-15 08:42:28 | INFO     | [SUCCESS] Day 01FEB
2026-01-15 08:42:28 | INFO     | [SUCCESS] LF Search Complete
2026-01-15 08:42:30 | INFO     | [Worker_9224] Completed: HBE-JED - 9 results, 0 errors
2026-01-15 08:42:30 | INFO     | [Worker_9224] Processing: CAI-GIZ
2026-01-15 08:42:30 | INFO     |   Tier 0: Range 2, Chunk 3/3 (9 days)
