2026-01-15 08:32:32 | INFO     | ======================================================================
2026-01-15 08:32:32 | INFO     | Load Factor Scraper Started - Route: HBE-JED
2026-01-15 08:32:32 | INFO     | Log file: D:\CODERED\LAB\Artifacts\outputs\run_generated_150126_at_08.22\logs\LF_HBE-JED_20260115_083232.log
2026-01-15 08:32:32 | INFO     | Enhanced logging: Capturing both logging.info() and print()
2026-01-15 08:32:32 | INFO     | ======================================================================
2026-01-15 08:32:32 | INFO     | Starting LF search for route: HBE-JED
2026-01-15 08:32:32 | INFO     | [START] LF Search
2026-01-15 08:32:34 | INFO     | [HEALTH CHECK] [OK] Chrome connection is healthy
2026-01-15 08:32:34 | INFO     | [DAY_START] Processing 18FEB
2026-01-15 08:32:34 | INFO     | [lf.day.start] Processing HBE-JED for 18FEB
2026-01-15 08:32:36 | INFO     | [lf.day.flights_found] Found 3 flights on 18FEB
2026-01-15 08:32:39 | INFO     | [lf.flight.extracted] SM451 on 18FEB: BKG=179, LF=100.0%
2026-01-15 08:32:44 | INFO     | [lf.flight.extracted] SM457 on 18FEB: BKG=175, LF=99.4%
2026-01-15 08:32:48 | INFO     | [lf.flight.extracted] SM473 on 18FEB: BKG=176, LF=100.0%
2026-01-15 08:33:00 | INFO     | [SUCCESS] Day 18FEB
2026-01-15 08:33:00 | INFO     | [DAY_START] Processing 17FEB
2026-01-15 08:33:00 | INFO     | [lf.day.start] Processing HBE-JED for 17FEB
2026-01-15 08:33:01 | INFO     | [lf.day.flights_found] Found 3 flights on 17FEB
2026-01-15 08:33:03 | INFO     | [lf.flight.extracted] SM451 on 17FEB: BKG=179, LF=100.0%
2026-01-15 08:33:07 | INFO     | [lf.flight.extracted] SM973 on 17FEB: BKG=170, LF=95.0%
2026-01-15 08:33:11 | INFO     | [lf.flight.extracted] SM957 on 17FEB: BKG=180, LF=100.6%
2026-01-15 08:33:17 | INFO     | [SUCCESS] Day 17FEB
2026-01-15 08:33:17 | INFO     | [DAY_START] Processing 16FEB
2026-01-15 08:33:17 | INFO     | [lf.day.start] Processing HBE-JED for 16FEB
2026-01-15 08:33:18 | INFO     | [lf.day.flights_found] Found 5 flights on 16FEB
2026-01-15 08:33:21 | INFO     | [lf.flight.extracted] SM973 on 16FEB: BKG=170, LF=95.0%
2026-01-15 08:33:24 | INFO     | [lf.flight.extracted] SM457 on 16FEB: BKG=179, LF=100.0%
2026-01-15 08:33:28 | INFO     | [lf.flight.extracted] SM2455 on 16FEB: BKG=175, LF=97.8%
2026-01-15 08:33:33 | INFO     | [lf.flight.extracted] SM451 on 16FEB: BKG=179, LF=100.0%
2026-01-15 08:33:38 | INFO     | [lf.flight.extracted] SM2457 on 16FEB: BKG=175, LF=97.2%
2026-01-15 08:33:46 | INFO     | [SUCCESS] Day 16FEB
2026-01-15 08:33:46 | INFO     | [DAY_START] Processing 15FEB
2026-01-15 08:33:46 | INFO     | [lf.day.start] Processing HBE-JED for 15FEB
2026-01-15 08:33:48 | INFO     | [lf.day.flights_found] Found 3 flights on 15FEB
2026-01-15 08:33:50 | INFO     | [lf.flight.extracted] SM957 on 15FEB: BKG=170, LF=95.0%
2026-01-15 08:33:54 | INFO     | [lf.flight.extracted] SM451 on 15FEB: BKG=179, LF=100.0%
2026-01-15 08:33:58 | INFO     | [lf.flight.extracted] SM457 on 15FEB: BKG=188, LF=105.0%
2026-01-15 08:34:05 | INFO     | [SUCCESS] Day 15FEB
2026-01-15 08:34:05 | INFO     | [DAY_START] Processing 14FEB
2026-01-15 08:34:05 | INFO     | [lf.day.start] Processing HBE-JED for 14FEB
2026-01-15 08:34:07 | INFO     | [lf.day.flights_found] Found 3 flights on 14FEB
2026-01-15 08:34:11 | INFO     | [lf.flight.extracted] SM457 on 14FEB: BKG=177, LF=98.9%
2026-01-15 08:34:16 | INFO     | [lf.flight.extracted] SM451 on 14FEB: BKG=183, LF=102.2%
2026-01-15 08:34:22 | INFO     | [lf.flight.extracted] SM979 on 14FEB: BKG=170, LF=95.0%
2026-01-15 08:34:29 | INFO     | [SUCCESS] Day 14FEB
2026-01-15 08:34:29 | INFO     | [DAY_START] Processing 13FEB
2026-01-15 08:34:29 | INFO     | [lf.day.start] Processing HBE-JED for 13FEB
2026-01-15 08:34:31 | INFO     | [lf.day.flights_found] Found 2 flights on 13FEB
2026-01-15 08:34:36 | INFO     | [lf.flight.extracted] SM451 on 13FEB: BKG=181, LF=101.1%
2026-01-15 08:34:42 | INFO     | [lf.flight.extracted] SM951 on 13FEB: BKG=175, LF=97.8%
2026-01-15 08:34:46 | INFO     | [SUCCESS] Day 13FEB
2026-01-15 08:34:46 | INFO     | [DAY_START] Processing 12FEB
2026-01-15 08:34:46 | INFO     | [lf.day.start] Processing HBE-JED for 12FEB
2026-01-15 08:34:48 | INFO     | [lf.day.flights_found] Found 2 flights on 12FEB
2026-01-15 08:34:51 | INFO     | [lf.flight.extracted] SM451 on 12FEB: BKG=179, LF=100.0%
2026-01-15 08:34:56 | INFO     | [lf.flight.extracted] SM2457 on 12FEB: BKG=0, LF=0.0%
2026-01-15 08:35:00 | INFO     | [SUCCESS] Day 12FEB
2026-01-15 08:35:00 | INFO     | [DAY_START] Processing 11FEB
2026-01-15 08:35:00 | INFO     | [lf.day.start] Processing HBE-JED for 11FEB
2026-01-15 08:35:01 | INFO     | [lf.day.flights_found] Found 6 flights on 11FEB
2026-01-15 08:35:02 | INFO     | [lf.flight.extracted] SM2449 on 11FEB: BKG=0, LF=0.0%
2026-01-15 08:35:06 | INFO     | [lf.flight.extracted] SM451 on 11FEB: BKG=179, LF=100.0%
2026-01-15 08:35:12 | INFO     | [lf.flight.extracted] SM2451 on 11FEB: BKG=0, LF=0.0%
2026-01-15 08:35:16 | INFO     | [lf.flight.extracted] SM457 on 11FEB: BKG=179, LF=100.0%
2026-01-15 08:35:20 | INFO     | [lf.flight.extracted] SM2453 on 11FEB: BKG=0, LF=0.0%
2026-01-15 08:35:24 | INFO     | [lf.flight.extracted] SM473 on 11FEB: BKG=179, LF=100.0%
2026-01-15 08:35:30 | INFO     | [SUCCESS] Day 11FEB
2026-01-15 08:35:30 | INFO     | [DAY_START] Processing 10FEB
2026-01-15 08:35:30 | INFO     | [lf.day.start] Processing HBE-JED for 10FEB
2026-01-15 08:35:31 | INFO     | [lf.day.flights_found] Found 3 flights on 10FEB
2026-01-15 08:35:36 | INFO     | [lf.flight.extracted] SM471 on 10FEB: BKG=170, LF=95.0%
2026-01-15 08:35:42 | INFO     | [lf.flight.extracted] SM479 on 10FEB: BKG=175, LF=97.8%
2026-01-15 08:35:47 | INFO     | [lf.flight.extracted] SM451 on 10FEB: BKG=179, LF=100.0%
2026-01-15 08:35:57 | INFO     | [SUCCESS] Day 10FEB
2026-01-15 08:35:57 | INFO     | [SUCCESS] LF Search Complete
2026-01-15 08:35:59 | INFO     | [Worker_9227] Completed: HBE-JED - 9 results, 0 errors
2026-01-15 08:35:59 | INFO     | [Worker_9227] Processing: JED-ATZ
2026-01-15 08:35:59 | INFO     |   Tier 0: Range 2, Chunk 3/3 (9 days)
