2026-01-15 08:51:08 | INFO     | ======================================================================
2026-01-15 08:51:08 | INFO     | Load Factor Scraper Started - Route: JED-LXR
2026-01-15 08:51:08 | INFO     | Log file: D:\CODERED\LAB\Artifacts\outputs\run_generated_150126_at_08.22\logs\LF_JED-LXR_20260115_085108.log
2026-01-15 08:51:08 | INFO     | Enhanced logging: Capturing both logging.info() and print()
2026-01-15 08:51:08 | INFO     | ======================================================================
2026-01-15 08:51:08 | INFO     | Starting LF search for route: JED-LXR
2026-01-15 08:51:08 | INFO     | [START] LF Search
2026-01-15 08:51:10 | INFO     | [HEALTH CHECK] [OK] Chrome connection is healthy
2026-01-15 08:51:10 | INFO     | [DAY_START] Processing 22JAN
2026-01-15 08:51:10 | INFO     | [lf.day.start] Processing JED-LXR for 22JAN
2026-01-15 08:51:11 | WARNING  | [lf.day.no_flights] No direct flights on 22JAN
2026-01-15 08:51:12 | INFO     | [SUCCESS] Day 22JAN
2026-01-15 08:51:12 | INFO     | [DAY_START] Processing 21JAN
2026-01-15 08:51:12 | INFO     | [lf.day.start] Processing JED-LXR for 21JAN
2026-01-15 08:51:13 | INFO     | [lf.day.flights_found] Found 1 flights on 21JAN
2026-01-15 08:51:16 | INFO     | [lf.flight.extracted] SM984 on 21JAN: BKG=179, LF=107.2%
2026-01-15 08:51:23 | INFO     | [SUCCESS] Day 21JAN
2026-01-15 08:51:23 | INFO     | [DAY_START] Processing 20JAN
2026-01-15 08:51:23 | INFO     | [lf.day.start] Processing JED-LXR for 20JAN
2026-01-15 08:51:26 | INFO     | [lf.day.flights_found] Found 4 flights on 20JAN
2026-01-15 08:51:31 | INFO     | [lf.flight.extracted] SM482 on 20JAN: BKG=178, LF=100.0%
2026-01-15 08:51:37 | INFO     | [lf.flight.extracted] SM430 on 20JAN: BKG=177, LF=100.0%
2026-01-15 08:51:42 | INFO     | [lf.flight.extracted] SM982 on 20JAN: BKG=182, LF=109.0%
2026-01-15 08:51:46 | INFO     | [lf.flight.extracted] SM484 on 20JAN: BKG=180, LF=107.8%
2026-01-15 08:52:13 | INFO     | [SUCCESS] Day 20JAN
2026-01-15 08:52:13 | INFO     | [DAY_START] Processing 19JAN
2026-01-15 08:52:13 | INFO     | [lf.day.start] Processing JED-LXR for 19JAN
2026-01-15 08:52:14 | WARNING  | [lf.day.no_flights] No direct flights on 19JAN
2026-01-15 08:52:15 | INFO     | [SUCCESS] Day 19JAN
2026-01-15 08:52:15 | INFO     | [DAY_START] Processing 18JAN
2026-01-15 08:52:15 | INFO     | [lf.day.start] Processing JED-LXR for 18JAN
2026-01-15 08:52:16 | WARNING  | [lf.day.no_flights] No direct flights on 18JAN
2026-01-15 08:52:16 | INFO     | [SUCCESS] Day 18JAN
2026-01-15 08:52:16 | INFO     | [DAY_START] Processing 17JAN
2026-01-15 08:52:16 | INFO     | [lf.day.start] Processing JED-LXR for 17JAN
2026-01-15 08:52:19 | WARNING  | [lf.day.no_flights] No direct flights on 17JAN
2026-01-15 08:52:19 | INFO     | [SUCCESS] Day 17JAN
2026-01-15 08:52:19 | INFO     | [DAY_START] Processing 16JAN
2026-01-15 08:52:19 | INFO     | [lf.day.start] Processing JED-LXR for 16JAN
2026-01-15 08:52:22 | WARNING  | [lf.day.no_flights] No direct flights on 16JAN
2026-01-15 08:52:22 | INFO     | [SUCCESS] Day 16JAN
2026-01-15 08:52:22 | INFO     | [SUCCESS] LF Search Complete
2026-01-15 08:52:25 | INFO     | [Worker_9224] Completed: JED-LXR - 7 results, 0 errors
2026-01-15 08:52:25 | INFO     | [Worker_9224] Processing: TUU-CAI
2026-01-15 08:52:25 | INFO     |   Tier 0: Range 1, Chunk 2/2 (8 days)
