2026-01-15 08:43:45 | INFO     | ======================================================================
2026-01-15 08:43:45 | INFO     | Load Factor Scraper Started - Route: JED-LXR
2026-01-15 08:43:45 | INFO     | Log file: D:\CODERED\LAB\Artifacts\outputs\run_generated_150126_at_08.22\logs\LF_JED-LXR_20260115_084345.log
2026-01-15 08:43:45 | INFO     | Enhanced logging: Capturing both logging.info() and print()
2026-01-15 08:43:45 | INFO     | ======================================================================
2026-01-15 08:43:45 | INFO     | Starting LF search for route: JED-LXR
2026-01-15 08:43:45 | INFO     | [START] LF Search
2026-01-15 08:43:47 | INFO     | [HEALTH CHECK] [OK] Chrome connection is healthy
2026-01-15 08:43:47 | INFO     | [DAY_START] Processing 31JAN
2026-01-15 08:43:47 | INFO     | [lf.day.start] Processing JED-LXR for 31JAN
2026-01-15 08:43:48 | WARNING  | [lf.day.no_flights] No direct flights on 31JAN
2026-01-15 08:43:48 | INFO     | [SUCCESS] Day 31JAN
2026-01-15 08:43:48 | INFO     | [DAY_START] Processing 30JAN
2026-01-15 08:43:48 | INFO     | [lf.day.start] Processing JED-LXR for 30JAN
2026-01-15 08:43:50 | WARNING  | [lf.day.no_flights] No direct flights on 30JAN
2026-01-15 08:43:50 | INFO     | [SUCCESS] Day 30JAN
2026-01-15 08:43:50 | INFO     | [DAY_START] Processing 29JAN
2026-01-15 08:43:50 | INFO     | [lf.day.start] Processing JED-LXR for 29JAN
2026-01-15 08:43:51 | WARNING  | [lf.day.no_flights] No direct flights on 29JAN
2026-01-15 08:43:51 | INFO     | [SUCCESS] Day 29JAN
2026-01-15 08:43:51 | INFO     | [DAY_START] Processing 28JAN
2026-01-15 08:43:51 | INFO     | [lf.day.start] Processing JED-LXR for 28JAN
2026-01-15 08:43:53 | INFO     | [lf.day.flights_found] Found 1 flights on 28JAN
2026-01-15 08:43:56 | INFO     | [lf.flight.extracted] SM962 on 28JAN: BKG=180, LF=107.8%
2026-01-15 08:44:24 | INFO     | [SUCCESS] Day 28JAN
2026-01-15 08:44:24 | INFO     | [DAY_START] Processing 27JAN
2026-01-15 08:44:24 | INFO     | [lf.day.start] Processing JED-LXR for 27JAN
2026-01-15 08:44:25 | INFO     | [lf.day.flights_found] Found 5 flights on 27JAN
2026-01-15 08:44:28 | INFO     | [lf.flight.extracted] SM482 on 27JAN: BKG=180, LF=107.8%
2026-01-15 08:44:33 | INFO     | [lf.flight.extracted] SM430 on 27JAN: BKG=180, LF=107.8%
2026-01-15 08:44:38 | INFO     | [lf.flight.extracted] SM484 on 27JAN: BKG=169, LF=101.2%
2026-01-15 08:44:43 | INFO     | [lf.flight.extracted] SM982 on 27JAN: BKG=180, LF=107.8%
2026-01-15 08:44:47 | INFO     | [lf.flight.extracted] SM960 on 27JAN: BKG=180, LF=107.8%
2026-01-15 08:47:19 | INFO     | [SUCCESS] Day 27JAN
2026-01-15 08:47:19 | INFO     | [DAY_START] Processing 26JAN
2026-01-15 08:47:19 | INFO     | [lf.day.start] Processing JED-LXR for 26JAN
2026-01-15 08:47:20 | WARNING  | [lf.day.no_flights] No direct flights on 26JAN
2026-01-15 08:47:20 | INFO     | [SUCCESS] Day 26JAN
2026-01-15 08:47:20 | INFO     | [DAY_START] Processing 25JAN
2026-01-15 08:47:20 | INFO     | [lf.day.start] Processing JED-LXR for 25JAN
2026-01-15 08:47:21 | WARNING  | [lf.day.no_flights] No direct flights on 25JAN
2026-01-15 08:47:22 | INFO     | [SUCCESS] Day 25JAN
2026-01-15 08:47:22 | INFO     | [DAY_START] Processing 24JAN
2026-01-15 08:47:22 | INFO     | [lf.day.start] Processing JED-LXR for 24JAN
2026-01-15 08:47:23 | WARNING  | [lf.day.no_flights] No direct flights on 24JAN
2026-01-15 08:47:23 | INFO     | [SUCCESS] Day 24JAN
2026-01-15 08:47:23 | INFO     | [DAY_START] Processing 23JAN
2026-01-15 08:47:23 | INFO     | [lf.day.start] Processing JED-LXR for 23JAN
2026-01-15 08:47:24 | WARNING  | [lf.day.no_flights] No direct flights on 23JAN
2026-01-15 08:47:24 | INFO     | [SUCCESS] Day 23JAN
2026-01-15 08:47:24 | INFO     | [SUCCESS] LF Search Complete
2026-01-15 08:47:26 | INFO     | [Worker_9234] Completed: JED-LXR - 9 results, 0 errors
2026-01-15 08:47:26 | INFO     | [Worker_9234] Processing: CAI-JED
2026-01-15 08:47:26 | INFO     |   Tier 0: Range 1, Chunk 1/2 (9 days)
