2026-01-15 08:35:46 | INFO     | ======================================================================
2026-01-15 08:35:46 | INFO     | Load Factor Scraper Started - Route: JED-CAI
2026-01-15 08:35:46 | INFO     | Log file: D:\CODERED\LAB\Artifacts\outputs\run_generated_150126_at_08.22\logs\LF_JED-CAI_20260115_083546.log
2026-01-15 08:35:46 | INFO     | Enhanced logging: Capturing both logging.info() and print()
2026-01-15 08:35:46 | INFO     | ======================================================================
2026-01-15 08:35:46 | INFO     | Starting LF search for route: JED-CAI
2026-01-15 08:35:46 | INFO     | [START] LF Search
2026-01-15 08:35:48 | INFO     | [HEALTH CHECK] [OK] Chrome connection is healthy
2026-01-15 08:35:49 | INFO     | [DAY_START] Processing 09FEB
2026-01-15 08:35:49 | INFO     | [lf.day.start] Processing JED-CAI for 09FEB
2026-01-15 08:35:50 | INFO     | [lf.day.flights_found] Found 5 flights on 09FEB
2026-01-15 08:35:55 | INFO     | [lf.flight.extracted] SM480 on 09FEB: BKG=137, LF=78.3%
2026-01-15 08:36:00 | INFO     | [lf.flight.extracted] SM476 on 09FEB: BKG=185, LF=107.6%
2026-01-15 08:36:04 | INFO     | [lf.flight.extracted] SM984 on 09FEB: BKG=21, LF=12.0%
2026-01-15 08:36:08 | INFO     | [lf.flight.extracted] SM972 on 09FEB: BKG=0, LF=0.0%
2026-01-15 08:36:12 | INFO     | [lf.flight.extracted] SM460 on 09FEB: BKG=172, LF=98.3%
2026-01-15 08:36:33 | INFO     | [SUCCESS] Day 09FEB
2026-01-15 08:36:33 | INFO     | [DAY_START] Processing 08FEB
2026-01-15 08:36:33 | INFO     | [lf.day.start] Processing JED-CAI for 08FEB
2026-01-15 08:36:35 | INFO     | [lf.day.flights_found] Found 6 flights on 08FEB
2026-01-15 08:36:38 | INFO     | [lf.flight.extracted] SM424 on 08FEB: BKG=153, LF=87.4%
2026-01-15 08:36:43 | INFO     | [lf.flight.extracted] SM476 on 08FEB: BKG=168, LF=96.0%
2026-01-15 08:36:48 | INFO     | [lf.flight.extracted] SM432 on 08FEB: BKG=128, LF=73.1%
2026-01-15 08:36:53 | INFO     | [lf.flight.extracted] SM948 on 08FEB: BKG=83, LF=47.4%
2026-01-15 08:36:58 | INFO     | [lf.flight.extracted] SM460 on 08FEB: BKG=168, LF=96.0%
2026-01-15 08:37:04 | INFO     | [lf.flight.extracted] SM478 on 08FEB: BKG=165, LF=98.2%
2026-01-15 08:37:24 | INFO     | [SUCCESS] Day 08FEB
2026-01-15 08:37:24 | INFO     | [DAY_START] Processing 07FEB
2026-01-15 08:37:24 | INFO     | [lf.day.start] Processing JED-CAI for 07FEB
2026-01-15 08:37:25 | INFO     | [lf.day.flights_found] Found 3 flights on 07FEB
2026-01-15 08:37:27 | INFO     | [lf.flight.extracted] SM450 on 07FEB: BKG=165, LF=95.9%
2026-01-15 08:37:34 | INFO     | [lf.flight.extracted] SM476 on 07FEB: BKG=168, LF=96.0%
2026-01-15 08:37:44 | INFO     | [lf.flight.extracted] SM478 on 07FEB: BKG=170, LF=97.1%
2026-01-15 08:38:10 | INFO     | [SUCCESS] Day 07FEB
2026-01-15 08:38:10 | INFO     | [DAY_START] Processing 06FEB
2026-01-15 08:38:10 | INFO     | [lf.day.start] Processing JED-CAI for 06FEB
2026-01-15 08:38:11 | INFO     | [lf.day.flights_found] Found 6 flights on 06FEB
2026-01-15 08:38:14 | INFO     | [lf.flight.extracted] SM424 on 06FEB: BKG=158, LF=91.9%
2026-01-15 08:38:20 | INFO     | [lf.flight.extracted] SM476 on 06FEB: BKG=96, LF=57.1%
2026-01-15 08:38:25 | INFO     | [lf.flight.extracted] SM478 on 06FEB: BKG=142, LF=81.1%
2026-01-15 08:38:30 | INFO     | [lf.flight.extracted] SM480 on 06FEB: BKG=138, LF=78.9%
2026-01-15 08:38:38 | INFO     | [lf.flight.extracted] SM472 on 06FEB: BKG=169, LF=96.6%
2026-01-15 08:38:45 | INFO     | [lf.flight.extracted] SM460 on 06FEB: BKG=168, LF=100.0%
2026-01-15 08:39:24 | INFO     | [SUCCESS] Day 06FEB
2026-01-15 08:39:24 | INFO     | [DAY_START] Processing 05FEB
2026-01-15 08:39:24 | INFO     | [lf.day.start] Processing JED-CAI for 05FEB
2026-01-15 08:39:25 | INFO     | [lf.day.flights_found] Found 8 flights on 05FEB
2026-01-15 08:39:27 | INFO     | [lf.flight.extracted] SM424 on 05FEB: BKG=105, LF=61.1%
2026-01-15 08:39:36 | INFO     | [lf.flight.extracted] SM472 on 05FEB: BKG=113, LF=64.6%
2026-01-15 08:39:51 | INFO     | [lf.flight.extracted] SM450 on 05FEB: BKG=145, LF=82.9%
2026-01-15 08:40:00 | INFO     | [lf.flight.extracted] SM476 on 05FEB: BKG=146, LF=83.4%
2026-01-15 08:40:05 | INFO     | [lf.flight.extracted] SM432 on 05FEB: BKG=168, LF=96.0%
2026-01-15 08:40:11 | INFO     | [lf.flight.extracted] SM962 on 05FEB: BKG=155, LF=94.5%
2026-01-15 08:40:15 | INFO     | [lf.flight.extracted] SM478 on 05FEB: BKG=168, LF=96.0%
2026-01-15 08:40:19 | INFO     | [lf.flight.extracted] SM480 on 05FEB: BKG=168, LF=100.0%
2026-01-15 08:40:54 | INFO     | [SUCCESS] Day 05FEB
2026-01-15 08:40:54 | INFO     | [DAY_START] Processing 04FEB
2026-01-15 08:40:54 | INFO     | [lf.day.start] Processing JED-CAI for 04FEB
2026-01-15 08:40:55 | INFO     | [lf.day.flights_found] Found 3 flights on 04FEB
2026-01-15 08:40:58 | INFO     | [lf.flight.extracted] SM476 on 04FEB: BKG=168, LF=100.0%
2026-01-15 08:41:02 | INFO     | [lf.flight.extracted] SM460 on 04FEB: BKG=168, LF=96.0%
2026-01-15 08:41:06 | INFO     | [lf.flight.extracted] SM478 on 04FEB: BKG=168, LF=100.0%
2026-01-15 08:41:19 | INFO     | [SUCCESS] Day 04FEB
2026-01-15 08:41:19 | INFO     | [DAY_START] Processing 03FEB
2026-01-15 08:41:19 | INFO     | [lf.day.start] Processing JED-CAI for 03FEB
2026-01-15 08:41:20 | INFO     | [lf.day.flights_found] Found 7 flights on 03FEB
2026-01-15 08:41:23 | INFO     | [lf.flight.extracted] SM472 on 03FEB: BKG=141, LF=80.6%
2026-01-15 08:41:27 | INFO     | [lf.flight.extracted] SM954 on 03FEB: BKG=167, LF=100.0%
2026-01-15 08:41:33 | INFO     | [lf.flight.extracted] SM480 on 03FEB: BKG=121, LF=69.1%
2026-01-15 08:41:37 | INFO     | [lf.flight.extracted] SM478 on 03FEB: BKG=168, LF=96.0%
2026-01-15 08:41:41 | INFO     | [lf.flight.extracted] SM460 on 03FEB: BKG=125, LF=72.7%
2026-01-15 08:41:46 | INFO     | [lf.flight.extracted] SM424 on 03FEB: BKG=98, LF=56.0%
2026-01-15 08:41:50 | INFO     | [lf.flight.extracted] SM476 on 03FEB: BKG=145, LF=82.9%
2026-01-15 08:42:17 | INFO     | [SUCCESS] Day 03FEB
2026-01-15 08:42:17 | INFO     | [DAY_START] Processing 02FEB
2026-01-15 08:42:17 | INFO     | [lf.day.start] Processing JED-CAI for 02FEB
2026-01-15 08:42:19 | INFO     | [lf.day.flights_found] Found 4 flights on 02FEB
2026-01-15 08:42:22 | INFO     | [lf.flight.extracted] SM480 on 02FEB: BKG=156, LF=92.9%
2026-01-15 08:42:27 | INFO     | [lf.flight.extracted] SM476 on 02FEB: BKG=168, LF=96.0%
2026-01-15 08:42:32 | INFO     | [lf.flight.extracted] SM478 on 02FEB: BKG=172, LF=98.3%
2026-01-15 08:42:37 | INFO     | [lf.flight.extracted] SM460 on 02FEB: BKG=164, LF=93.7%
2026-01-15 08:43:05 | INFO     | [SUCCESS] Day 02FEB
2026-01-15 08:43:05 | INFO     | [DAY_START] Processing 01FEB
2026-01-15 08:43:05 | INFO     | [lf.day.start] Processing JED-CAI for 01FEB
2026-01-15 08:43:07 | INFO     | [lf.day.flights_found] Found 5 flights on 01FEB
2026-01-15 08:43:11 | INFO     | [lf.flight.extracted] SM424 on 01FEB: BKG=137, LF=78.3%
2026-01-15 08:43:17 | INFO     | [lf.flight.extracted] SM476 on 01FEB: BKG=125, LF=72.7%
2026-01-15 08:43:22 | INFO     | [lf.flight.extracted] SM432 on 01FEB: BKG=161, LF=95.8%
2026-01-15 08:43:26 | INFO     | [lf.flight.extracted] SM460 on 01FEB: BKG=163, LF=93.1%
2026-01-15 08:43:31 | INFO     | [lf.flight.extracted] SM478 on 01FEB: BKG=132, LF=76.7%
2026-01-15 08:44:01 | INFO     | [SUCCESS] Day 01FEB
2026-01-15 08:44:01 | INFO     | [SUCCESS] LF Search Complete
2026-01-15 08:44:03 | INFO     | [Worker_9233] Completed: JED-CAI - 9 results, 0 errors
2026-01-15 08:44:03 | INFO     | [Worker_9233] Processing: DMM-CAI
2026-01-15 08:44:03 | INFO     |   Tier 0: Range 1, Chunk 1/2 (9 days)
