2026-01-15 08:43:55 | INFO     | ======================================================================
2026-01-15 08:43:55 | INFO     | Load Factor Scraper Started - Route: JED-ASW
2026-01-15 08:43:55 | INFO     | Log file: D:\CODERED\LAB\Artifacts\outputs\run_generated_150126_at_08.22\logs\LF_JED-ASW_20260115_084355.log
2026-01-15 08:43:55 | INFO     | Enhanced logging: Capturing both logging.info() and print()
2026-01-15 08:43:55 | INFO     | ======================================================================
2026-01-15 08:43:55 | INFO     | Starting LF search for route: JED-ASW
2026-01-15 08:43:55 | INFO     | [START] LF Search
2026-01-15 08:43:58 | INFO     | [HEALTH CHECK] [OK] Chrome connection is healthy
2026-01-15 08:43:58 | INFO     | [DAY_START] Processing 31JAN
2026-01-15 08:43:58 | INFO     | [lf.day.start] Processing JED-ASW for 31JAN
2026-01-15 08:43:59 | WARNING  | [lf.day.no_flights] No direct flights on 31JAN
2026-01-15 08:43:59 | INFO     | [SUCCESS] Day 31JAN
2026-01-15 08:43:59 | INFO     | [DAY_START] Processing 30JAN
2026-01-15 08:43:59 | INFO     | [lf.day.start] Processing JED-ASW for 30JAN
2026-01-15 08:44:01 | WARNING  | [lf.day.no_flights] No direct flights on 30JAN
2026-01-15 08:44:01 | INFO     | [SUCCESS] Day 30JAN
2026-01-15 08:44:01 | INFO     | [DAY_START] Processing 29JAN
2026-01-15 08:44:01 | INFO     | [lf.day.start] Processing JED-ASW for 29JAN
2026-01-15 08:44:02 | WARNING  | [lf.day.no_flights] No direct flights on 29JAN
2026-01-15 08:44:02 | INFO     | [SUCCESS] Day 29JAN
2026-01-15 08:44:02 | INFO     | [DAY_START] Processing 28JAN
2026-01-15 08:44:02 | INFO     | [lf.day.start] Processing JED-ASW for 28JAN
2026-01-15 08:44:04 | WARNING  | [lf.day.no_flights] No direct flights on 28JAN
2026-01-15 08:44:04 | INFO     | [SUCCESS] Day 28JAN
2026-01-15 08:44:04 | INFO     | [DAY_START] Processing 27JAN
2026-01-15 08:44:04 | INFO     | [lf.day.start] Processing JED-ASW for 27JAN
2026-01-15 08:44:05 | INFO     | [lf.day.flights_found] Found 1 flights on 27JAN
2026-01-15 08:44:08 | INFO     | [lf.flight.extracted] SM986 on 27JAN: BKG=180, LF=107.8%
2026-01-15 08:44:38 | INFO     | [SUCCESS] Day 27JAN
2026-01-15 08:44:38 | INFO     | [DAY_START] Processing 26JAN
2026-01-15 08:44:38 | INFO     | [lf.day.start] Processing JED-ASW for 26JAN
2026-01-15 08:44:39 | INFO     | [lf.day.flights_found] Found 2 flights on 26JAN
2026-01-15 08:44:42 | INFO     | [lf.flight.extracted] SM426 on 26JAN: BKG=179, LF=107.2%
2026-01-15 08:44:46 | INFO     | [lf.flight.extracted] SM950 on 26JAN: BKG=180, LF=102.9%
2026-01-15 08:45:35 | INFO     | [SUCCESS] Day 26JAN
2026-01-15 08:45:35 | INFO     | [DAY_START] Processing 25JAN
2026-01-15 08:45:35 | INFO     | [lf.day.start] Processing JED-ASW for 25JAN
2026-01-15 08:45:36 | WARNING  | [lf.day.no_flights] No direct flights on 25JAN
2026-01-15 08:45:36 | INFO     | [SUCCESS] Day 25JAN
2026-01-15 08:45:36 | INFO     | [DAY_START] Processing 24JAN
2026-01-15 08:45:36 | INFO     | [lf.day.start] Processing JED-ASW for 24JAN
2026-01-15 08:45:37 | WARNING  | [lf.day.no_flights] No direct flights on 24JAN
2026-01-15 08:45:37 | INFO     | [SUCCESS] Day 24JAN
2026-01-15 08:45:37 | INFO     | [DAY_START] Processing 23JAN
2026-01-15 08:45:37 | INFO     | [lf.day.start] Processing JED-ASW for 23JAN
2026-01-15 08:45:40 | WARNING  | [lf.day.no_flights] No direct flights on 23JAN
2026-01-15 08:45:40 | INFO     | [SUCCESS] Day 23JAN
2026-01-15 08:45:40 | INFO     | [SUCCESS] LF Search Complete
2026-01-15 08:45:42 | INFO     | [Worker_9222] Completed: JED-ASW - 9 results, 0 errors
2026-01-15 08:45:42 | INFO     | [Worker_9222] Processing: AJF-CAI
2026-01-15 08:45:42 | INFO     |   Tier 0: Range 1, Chunk 1/2 (9 days)
