2026-01-15 08:43:07 | INFO     | ======================================================================
2026-01-15 08:43:07 | INFO     | Load Factor Scraper Started - Route: JED-HBE
2026-01-15 08:43:07 | INFO     | Log file: D:\CODERED\LAB\Artifacts\outputs\run_generated_150126_at_08.22\logs\LF_JED-HBE_20260115_084307.log
2026-01-15 08:43:07 | INFO     | Enhanced logging: Capturing both logging.info() and print()
2026-01-15 08:43:07 | INFO     | ======================================================================
2026-01-15 08:43:07 | INFO     | Starting LF search for route: JED-HBE
2026-01-15 08:43:07 | INFO     | [START] LF Search
2026-01-15 08:43:09 | INFO     | [HEALTH CHECK] [OK] Chrome connection is healthy
2026-01-15 08:43:09 | INFO     | [DAY_START] Processing 31JAN
2026-01-15 08:43:09 | INFO     | [lf.day.start] Processing JED-HBE for 31JAN
2026-01-15 08:43:11 | INFO     | [lf.day.flights_found] Found 2 flights on 31JAN
2026-01-15 08:43:14 | INFO     | [lf.flight.extracted] SM458 on 31JAN: BKG=168, LF=96.0%
2026-01-15 08:43:20 | INFO     | [lf.flight.extracted] SM452 on 31JAN: BKG=166, LF=94.9%
2026-01-15 08:43:33 | INFO     | [SUCCESS] Day 31JAN
2026-01-15 08:43:33 | INFO     | [DAY_START] Processing 30JAN
2026-01-15 08:43:33 | INFO     | [lf.day.start] Processing JED-HBE for 30JAN
2026-01-15 08:43:34 | INFO     | [lf.day.flights_found] Found 1 flights on 30JAN
2026-01-15 08:43:37 | INFO     | [lf.flight.extracted] SM452 on 30JAN: BKG=111, LF=63.4%
2026-01-15 08:43:44 | INFO     | [SUCCESS] Day 30JAN
2026-01-15 08:43:44 | INFO     | [DAY_START] Processing 29JAN
2026-01-15 08:43:44 | INFO     | [lf.day.start] Processing JED-HBE for 29JAN
2026-01-15 08:43:46 | INFO     | [lf.day.flights_found] Found 1 flights on 29JAN
2026-01-15 08:43:49 | INFO     | [lf.flight.extracted] SM452 on 29JAN: BKG=159, LF=90.9%
2026-01-15 08:43:56 | INFO     | [SUCCESS] Day 29JAN
2026-01-15 08:43:56 | INFO     | [DAY_START] Processing 28JAN
2026-01-15 08:43:56 | INFO     | [lf.day.start] Processing JED-HBE for 28JAN
2026-01-15 08:43:57 | INFO     | [lf.day.flights_found] Found 3 flights on 28JAN
2026-01-15 08:44:00 | INFO     | [lf.flight.extracted] SM452 on 28JAN: BKG=161, LF=90.5%
2026-01-15 08:44:05 | INFO     | [lf.flight.extracted] SM474 on 28JAN: BKG=161, LF=92.0%
2026-01-15 08:44:09 | INFO     | [lf.flight.extracted] SM458 on 28JAN: BKG=173, LF=97.2%
2026-01-15 08:44:29 | INFO     | [SUCCESS] Day 28JAN
2026-01-15 08:44:29 | INFO     | [DAY_START] Processing 27JAN
2026-01-15 08:44:29 | INFO     | [lf.day.start] Processing JED-HBE for 27JAN
2026-01-15 08:44:30 | INFO     | [lf.day.flights_found] Found 2 flights on 27JAN
2026-01-15 08:44:33 | INFO     | [lf.flight.extracted] SM958 on 27JAN: BKG=15, LF=9.0%
2026-01-15 08:44:38 | INFO     | [lf.flight.extracted] SM452 on 27JAN: BKG=167, LF=95.4%
2026-01-15 08:44:47 | INFO     | [SUCCESS] Day 27JAN
2026-01-15 08:44:47 | INFO     | [DAY_START] Processing 26JAN
2026-01-15 08:44:47 | INFO     | [lf.day.start] Processing JED-HBE for 26JAN
2026-01-15 08:44:48 | INFO     | [lf.day.flights_found] Found 5 flights on 26JAN
2026-01-15 08:44:50 | INFO     | [lf.flight.extracted] SM952 on 26JAN: BKG=97, LF=58.1%
2026-01-15 08:44:55 | INFO     | [lf.flight.extracted] SM954 on 26JAN: BKG=42, LF=24.0%
2026-01-15 08:44:59 | INFO     | [lf.flight.extracted] SM458 on 26JAN: BKG=152, LF=86.9%
2026-01-15 08:45:03 | INFO     | [lf.flight.extracted] SM452 on 26JAN: BKG=84, LF=48.0%
2026-01-15 08:45:07 | INFO     | [lf.flight.extracted] SM956 on 26JAN: BKG=96, LF=57.5%
2026-01-15 08:45:30 | INFO     | [SUCCESS] Day 26JAN
2026-01-15 08:45:30 | INFO     | [DAY_START] Processing 25JAN
2026-01-15 08:45:30 | INFO     | [lf.day.start] Processing JED-HBE for 25JAN
2026-01-15 08:45:32 | INFO     | [lf.day.flights_found] Found 2 flights on 25JAN
2026-01-15 08:45:35 | INFO     | [lf.flight.extracted] SM458 on 25JAN: BKG=165, LF=94.3%
2026-01-15 08:45:44 | INFO     | [lf.flight.extracted] SM452 on 25JAN: BKG=175, LF=100.0%
2026-01-15 08:46:07 | INFO     | [SUCCESS] Day 25JAN
2026-01-15 08:46:07 | INFO     | [DAY_START] Processing 24JAN
2026-01-15 08:46:07 | INFO     | [lf.day.start] Processing JED-HBE for 24JAN
2026-01-15 08:46:09 | INFO     | [lf.day.flights_found] Found 2 flights on 24JAN
2026-01-15 08:46:12 | INFO     | [lf.flight.extracted] SM458 on 24JAN: BKG=172, LF=98.3%
2026-01-15 08:46:16 | INFO     | [lf.flight.extracted] SM452 on 24JAN: BKG=163, LF=93.1%
2026-01-15 08:46:30 | INFO     | [SUCCESS] Day 24JAN
2026-01-15 08:46:30 | INFO     | [DAY_START] Processing 23JAN
2026-01-15 08:46:30 | INFO     | [lf.day.start] Processing JED-HBE for 23JAN
2026-01-15 08:46:32 | INFO     | [lf.day.flights_found] Found 1 flights on 23JAN
2026-01-15 08:46:35 | INFO     | [lf.flight.extracted] SM452 on 23JAN: BKG=70, LF=40.0%
2026-01-15 08:46:45 | INFO     | [SUCCESS] Day 23JAN
2026-01-15 08:46:45 | INFO     | [SUCCESS] LF Search Complete
2026-01-15 08:46:47 | INFO     | [Worker_9224] Completed: JED-HBE - 9 results, 0 errors
2026-01-15 08:46:47 | INFO     | [Worker_9224] Processing: GIZ-CAI
2026-01-15 08:46:47 | INFO     |   Tier 0: Range 1, Chunk 1/2 (9 days)
