2026-01-15 08:40:33 | INFO     | ======================================================================
2026-01-15 08:40:33 | INFO     | Load Factor Scraper Started - Route: LXR-JED
2026-01-15 08:40:33 | INFO     | Log file: D:\CODERED\LAB\Artifacts\outputs\run_generated_150126_at_08.22\logs\LF_LXR-JED_20260115_084033.log
2026-01-15 08:40:33 | INFO     | Enhanced logging: Capturing both logging.info() and print()
2026-01-15 08:40:33 | INFO     | ======================================================================
2026-01-15 08:40:33 | INFO     | Starting LF search for route: LXR-JED
2026-01-15 08:40:33 | INFO     | [START] LF Search
2026-01-15 08:40:35 | INFO     | [HEALTH CHECK] [OK] Chrome connection is healthy
2026-01-15 08:40:35 | INFO     | [DAY_START] Processing 09FEB
2026-01-15 08:40:35 | INFO     | [lf.day.start] Processing LXR-JED for 09FEB
2026-01-15 08:40:36 | INFO     | [lf.day.flights_found] Found 1 flights on 09FEB
2026-01-15 08:40:39 | INFO     | [lf.flight.extracted] SM481 on 09FEB: BKG=0, LF=0.0%
2026-01-15 08:40:40 | INFO     | [SUCCESS] Day 09FEB
2026-01-15 08:40:40 | INFO     | [DAY_START] Processing 08FEB
2026-01-15 08:40:40 | INFO     | [lf.day.start] Processing LXR-JED for 08FEB
2026-01-15 08:40:42 | WARNING  | [lf.day.no_flights] No direct flights on 08FEB
2026-01-15 08:40:42 | INFO     | [SUCCESS] Day 08FEB
2026-01-15 08:40:42 | INFO     | [DAY_START] Processing 07FEB
2026-01-15 08:40:42 | INFO     | [lf.day.start] Processing LXR-JED for 07FEB
2026-01-15 08:40:44 | WARNING  | [lf.day.no_flights] No direct flights on 07FEB
2026-01-15 08:40:44 | INFO     | [SUCCESS] Day 07FEB
2026-01-15 08:40:44 | INFO     | [DAY_START] Processing 06FEB
2026-01-15 08:40:44 | INFO     | [lf.day.start] Processing LXR-JED for 06FEB
2026-01-15 08:40:45 | WARNING  | [lf.day.no_flights] No direct flights on 06FEB
2026-01-15 08:40:46 | INFO     | [SUCCESS] Day 06FEB
2026-01-15 08:40:46 | INFO     | [DAY_START] Processing 05FEB
2026-01-15 08:40:46 | INFO     | [lf.day.start] Processing LXR-JED for 05FEB
2026-01-15 08:40:47 | WARNING  | [lf.day.no_flights] No direct flights on 05FEB
2026-01-15 08:40:47 | INFO     | [SUCCESS] Day 05FEB
2026-01-15 08:40:47 | INFO     | [DAY_START] Processing 04FEB
2026-01-15 08:40:47 | INFO     | [lf.day.start] Processing LXR-JED for 04FEB
2026-01-15 08:40:48 | INFO     | [lf.day.flights_found] Found 1 flights on 04FEB
2026-01-15 08:40:50 | INFO     | [lf.flight.extracted] SM983 on 04FEB: BKG=0, LF=0.0%
2026-01-15 08:40:52 | INFO     | [SUCCESS] Day 04FEB
2026-01-15 08:40:52 | INFO     | [DAY_START] Processing 03FEB
2026-01-15 08:40:52 | INFO     | [lf.day.start] Processing LXR-JED for 03FEB
2026-01-15 08:40:53 | INFO     | [lf.day.flights_found] Found 3 flights on 03FEB
2026-01-15 08:40:56 | INFO     | [lf.flight.extracted] SM429 on 03FEB: BKG=0, LF=0.0%
2026-01-15 08:41:01 | INFO     | [lf.flight.extracted] SM483 on 03FEB: BKG=0, LF=0.0%
2026-01-15 08:41:04 | INFO     | [lf.flight.extracted] SM981 on 03FEB: BKG=0, LF=0.0%
2026-01-15 08:41:06 | INFO     | [SUCCESS] Day 03FEB
2026-01-15 08:41:06 | INFO     | [DAY_START] Processing 02FEB
2026-01-15 08:41:06 | INFO     | [lf.day.start] Processing LXR-JED for 02FEB
2026-01-15 08:41:07 | INFO     | [lf.day.flights_found] Found 1 flights on 02FEB
2026-01-15 08:41:11 | INFO     | [lf.flight.extracted] SM481 on 02FEB: BKG=0, LF=0.0%
2026-01-15 08:41:13 | INFO     | [SUCCESS] Day 02FEB
2026-01-15 08:41:13 | INFO     | [DAY_START] Processing 01FEB
2026-01-15 08:41:13 | INFO     | [lf.day.start] Processing LXR-JED for 01FEB
2026-01-15 08:41:14 | WARNING  | [lf.day.no_flights] No direct flights on 01FEB
2026-01-15 08:41:14 | INFO     | [SUCCESS] Day 01FEB
2026-01-15 08:41:14 | INFO     | [SUCCESS] LF Search Complete
2026-01-15 08:41:16 | INFO     | [Worker_9225] Completed: LXR-JED - 9 results, 0 errors
2026-01-15 08:41:16 | INFO     | [Worker_9225] Processing: CAI-TUU
2026-01-15 08:41:16 | INFO     |   Tier 0: Range 2, Chunk 3/3 (9 days)
