2026-01-15 08:47:55 | INFO     | ======================================================================
2026-01-15 08:47:55 | INFO     | Load Factor Scraper Started - Route: LXR-JED
2026-01-15 08:47:55 | INFO     | Log file: D:\CODERED\LAB\Artifacts\outputs\run_generated_150126_at_08.22\logs\LF_LXR-JED_20260115_084755.log
2026-01-15 08:47:55 | INFO     | Enhanced logging: Capturing both logging.info() and print()
2026-01-15 08:47:55 | INFO     | ======================================================================
2026-01-15 08:47:55 | INFO     | Starting LF search for route: LXR-JED
2026-01-15 08:47:55 | INFO     | [START] LF Search
2026-01-15 08:47:58 | INFO     | [HEALTH CHECK] [OK] Chrome connection is healthy
2026-01-15 08:47:58 | INFO     | [DAY_START] Processing 31JAN
2026-01-15 08:47:58 | INFO     | [lf.day.start] Processing LXR-JED for 31JAN
2026-01-15 08:47:59 | WARNING  | [lf.day.no_flights] No direct flights on 31JAN
2026-01-15 08:47:59 | INFO     | [SUCCESS] Day 31JAN
2026-01-15 08:47:59 | INFO     | [DAY_START] Processing 30JAN
2026-01-15 08:47:59 | INFO     | [lf.day.start] Processing LXR-JED for 30JAN
2026-01-15 08:48:01 | WARNING  | [lf.day.no_flights] No direct flights on 30JAN
2026-01-15 08:48:01 | INFO     | [SUCCESS] Day 30JAN
2026-01-15 08:48:01 | INFO     | [DAY_START] Processing 29JAN
2026-01-15 08:48:01 | INFO     | [lf.day.start] Processing LXR-JED for 29JAN
2026-01-15 08:48:03 | WARNING  | [lf.day.no_flights] No direct flights on 29JAN
2026-01-15 08:48:03 | INFO     | [SUCCESS] Day 29JAN
2026-01-15 08:48:03 | INFO     | [DAY_START] Processing 28JAN
2026-01-15 08:48:03 | INFO     | [lf.day.start] Processing LXR-JED for 28JAN
2026-01-15 08:48:04 | WARNING  | [lf.day.no_flights] No direct flights on 28JAN
2026-01-15 08:48:04 | INFO     | [SUCCESS] Day 28JAN
2026-01-15 08:48:04 | INFO     | [DAY_START] Processing 27JAN
2026-01-15 08:48:04 | INFO     | [lf.day.start] Processing LXR-JED for 27JAN
2026-01-15 08:48:06 | INFO     | [lf.day.flights_found] Found 5 flights on 27JAN
2026-01-15 08:48:09 | INFO     | [lf.flight.extracted] SM429 on 27JAN: BKG=0, LF=0.0%
2026-01-15 08:48:13 | INFO     | [lf.flight.extracted] SM483 on 27JAN: BKG=0, LF=0.0%
2026-01-15 08:48:18 | INFO     | [lf.flight.extracted] SM959 on 27JAN: BKG=0, LF=0.0%
2026-01-15 08:48:22 | INFO     | [lf.flight.extracted] SM981 on 27JAN: BKG=0, LF=0.0%
2026-01-15 08:48:26 | INFO     | [lf.flight.extracted] SM961 on 27JAN: BKG=0, LF=0.0%
2026-01-15 08:48:28 | INFO     | [SUCCESS] Day 27JAN
2026-01-15 08:48:28 | INFO     | [DAY_START] Processing 26JAN
2026-01-15 08:48:28 | INFO     | [lf.day.start] Processing LXR-JED for 26JAN
2026-01-15 08:48:29 | INFO     | [lf.day.flights_found] Found 1 flights on 26JAN
2026-01-15 08:48:31 | INFO     | [lf.flight.extracted] SM481 on 26JAN: BKG=0, LF=0.0%
2026-01-15 08:48:32 | INFO     | [SUCCESS] Day 26JAN
2026-01-15 08:48:32 | INFO     | [DAY_START] Processing 25JAN
2026-01-15 08:48:32 | INFO     | [lf.day.start] Processing LXR-JED for 25JAN
2026-01-15 08:48:33 | WARNING  | [lf.day.no_flights] No direct flights on 25JAN
2026-01-15 08:48:34 | INFO     | [SUCCESS] Day 25JAN
2026-01-15 08:48:34 | INFO     | [DAY_START] Processing 24JAN
2026-01-15 08:48:34 | INFO     | [lf.day.start] Processing LXR-JED for 24JAN
2026-01-15 08:48:35 | WARNING  | [lf.day.no_flights] No direct flights on 24JAN
2026-01-15 08:48:35 | INFO     | [SUCCESS] Day 24JAN
2026-01-15 08:48:35 | INFO     | [DAY_START] Processing 23JAN
2026-01-15 08:48:35 | INFO     | [lf.day.start] Processing LXR-JED for 23JAN
2026-01-15 08:48:36 | WARNING  | [lf.day.no_flights] No direct flights on 23JAN
2026-01-15 08:48:36 | INFO     | [SUCCESS] Day 23JAN
2026-01-15 08:48:36 | INFO     | [SUCCESS] LF Search Complete
2026-01-15 08:48:38 | INFO     | [Worker_9226] Completed: LXR-JED - 9 results, 0 errors
2026-01-15 08:48:38 | INFO     | [Worker_9226] Processing: ATZ-DMM
2026-01-15 08:48:38 | INFO     |   Tier 0: Range 1, Chunk 1/2 (9 days)
