2026-01-15 08:42:47 | INFO     | ======================================================================
2026-01-15 08:42:47 | INFO     | Load Factor Scraper Started - Route: MED-ATZ
2026-01-15 08:42:47 | INFO     | Log file: D:\CODERED\LAB\Artifacts\outputs\run_generated_150126_at_08.22\logs\LF_MED-ATZ_20260115_084247.log
2026-01-15 08:42:47 | INFO     | Enhanced logging: Capturing both logging.info() and print()
2026-01-15 08:42:47 | INFO     | ======================================================================
2026-01-15 08:42:47 | INFO     | Starting LF search for route: MED-ATZ
2026-01-15 08:42:47 | INFO     | [START] LF Search
2026-01-15 08:42:50 | INFO     | [HEALTH CHECK] [OK] Chrome connection is healthy
2026-01-15 08:42:50 | INFO     | [DAY_START] Processing 31JAN
2026-01-15 08:42:50 | INFO     | [lf.day.start] Processing MED-ATZ for 31JAN
2026-01-15 08:42:52 | INFO     | [lf.day.flights_found] Found 1 flights on 31JAN
2026-01-15 08:42:55 | INFO     | [lf.flight.extracted] SM488 on 31JAN: BKG=175, LF=100.0%
2026-01-15 08:43:07 | INFO     | [SUCCESS] Day 31JAN
2026-01-15 08:43:07 | INFO     | [DAY_START] Processing 30JAN
2026-01-15 08:43:07 | INFO     | [lf.day.start] Processing MED-ATZ for 30JAN
2026-01-15 08:43:09 | WARNING  | [lf.day.no_flights] No direct flights on 30JAN
2026-01-15 08:43:09 | INFO     | [SUCCESS] Day 30JAN
2026-01-15 08:43:09 | INFO     | [DAY_START] Processing 29JAN
2026-01-15 08:43:09 | INFO     | [lf.day.start] Processing MED-ATZ for 29JAN
2026-01-15 08:43:10 | WARNING  | [lf.day.no_flights] No direct flights on 29JAN
2026-01-15 08:43:10 | INFO     | [SUCCESS] Day 29JAN
2026-01-15 08:43:10 | INFO     | [DAY_START] Processing 28JAN
2026-01-15 08:43:10 | INFO     | [lf.day.start] Processing MED-ATZ for 28JAN
2026-01-15 08:43:12 | INFO     | [lf.day.flights_found] Found 1 flights on 28JAN
2026-01-15 08:43:15 | INFO     | [lf.flight.extracted] SM490 on 28JAN: BKG=81, LF=45.5%
2026-01-15 08:43:21 | INFO     | [SUCCESS] Day 28JAN
2026-01-15 08:43:21 | INFO     | [DAY_START] Processing 27JAN
2026-01-15 08:43:21 | INFO     | [lf.day.start] Processing MED-ATZ for 27JAN
2026-01-15 08:43:23 | INFO     | [lf.day.flights_found] Found 1 flights on 27JAN
2026-01-15 08:43:25 | INFO     | [lf.flight.extracted] SM488 on 27JAN: BKG=44, LF=25.1%
2026-01-15 08:43:31 | INFO     | [SUCCESS] Day 27JAN
2026-01-15 08:43:31 | INFO     | [DAY_START] Processing 26JAN
2026-01-15 08:43:31 | INFO     | [lf.day.start] Processing MED-ATZ for 26JAN
2026-01-15 08:43:32 | INFO     | [lf.day.flights_found] Found 1 flights on 26JAN
2026-01-15 08:43:35 | INFO     | [lf.flight.extracted] SM488 on 26JAN: BKG=89, LF=53.0%
2026-01-15 08:43:41 | INFO     | [SUCCESS] Day 26JAN
2026-01-15 08:43:41 | INFO     | [DAY_START] Processing 25JAN
2026-01-15 08:43:41 | INFO     | [lf.day.start] Processing MED-ATZ for 25JAN
2026-01-15 08:43:43 | WARNING  | [lf.day.no_flights] No direct flights on 25JAN
2026-01-15 08:43:43 | INFO     | [SUCCESS] Day 25JAN
2026-01-15 08:43:43 | INFO     | [DAY_START] Processing 24JAN
2026-01-15 08:43:43 | INFO     | [lf.day.start] Processing MED-ATZ for 24JAN
2026-01-15 08:43:44 | INFO     | [lf.day.flights_found] Found 1 flights on 24JAN
2026-01-15 08:43:48 | INFO     | [lf.flight.extracted] SM488 on 24JAN: BKG=118, LF=67.4%
2026-01-15 08:43:57 | INFO     | [SUCCESS] Day 24JAN
2026-01-15 08:43:57 | INFO     | [DAY_START] Processing 23JAN
2026-01-15 08:43:57 | INFO     | [lf.day.start] Processing MED-ATZ for 23JAN
2026-01-15 08:43:58 | WARNING  | [lf.day.no_flights] No direct flights on 23JAN
2026-01-15 08:43:59 | INFO     | [SUCCESS] Day 23JAN
2026-01-15 08:43:59 | INFO     | [SUCCESS] LF Search Complete
2026-01-15 08:44:01 | INFO     | [Worker_9227] Completed: MED-ATZ - 9 results, 0 errors
2026-01-15 08:44:01 | INFO     | [Worker_9227] Processing: RUH-CAI
2026-01-15 08:44:01 | INFO     |   Tier 0: Range 1, Chunk 1/2 (9 days)
