2026-01-15 08:29:03 | INFO     | ======================================================================
2026-01-15 08:29:03 | INFO     | Load Factor Scraper Started - Route: MED-ATZ
2026-01-15 08:29:03 | INFO     | Log file: D:\CODERED\LAB\Artifacts\outputs\run_generated_150126_at_08.22\logs\LF_MED-ATZ_20260115_082903.log
2026-01-15 08:29:03 | INFO     | Enhanced logging: Capturing both logging.info() and print()
2026-01-15 08:29:03 | INFO     | ======================================================================
2026-01-15 08:29:03 | INFO     | Starting LF search for route: MED-ATZ
2026-01-15 08:29:03 | INFO     | [START] LF Search
2026-01-15 08:29:04 | INFO     | [HEALTH CHECK] [OK] Chrome connection is healthy
2026-01-15 08:29:04 | INFO     | [DAY_START] Processing 18FEB
2026-01-15 08:29:04 | INFO     | [lf.day.start] Processing MED-ATZ for 18FEB
2026-01-15 08:29:05 | INFO     | [lf.day.flights_found] Found 1 flights on 18FEB
2026-01-15 08:29:07 | INFO     | [lf.flight.extracted] SM490 on 18FEB: BKG=19, LF=10.9%
2026-01-15 08:29:10 | INFO     | [SUCCESS] Day 18FEB
2026-01-15 08:29:10 | INFO     | [DAY_START] Processing 17FEB
2026-01-15 08:29:10 | INFO     | [lf.day.start] Processing MED-ATZ for 17FEB
2026-01-15 08:29:11 | INFO     | [lf.day.flights_found] Found 1 flights on 17FEB
2026-01-15 08:29:14 | INFO     | [lf.flight.extracted] SM488 on 17FEB: BKG=36, LF=20.6%
2026-01-15 08:29:18 | INFO     | [SUCCESS] Day 17FEB
2026-01-15 08:29:18 | INFO     | [DAY_START] Processing 16FEB
2026-01-15 08:29:18 | INFO     | [lf.day.start] Processing MED-ATZ for 16FEB
2026-01-15 08:29:19 | INFO     | [lf.day.flights_found] Found 2 flights on 16FEB
2026-01-15 08:29:21 | INFO     | [lf.flight.extracted] SM964 on 16FEB: BKG=0, LF=0.0%
2026-01-15 08:29:25 | INFO     | [lf.flight.extracted] SM488 on 16FEB: BKG=70, LF=40.0%
2026-01-15 08:29:30 | INFO     | [SUCCESS] Day 16FEB
2026-01-15 08:29:30 | INFO     | [DAY_START] Processing 15FEB
2026-01-15 08:29:30 | INFO     | [lf.day.start] Processing MED-ATZ for 15FEB
2026-01-15 08:29:31 | WARNING  | [lf.day.no_flights] No direct flights on 15FEB
2026-01-15 08:29:31 | INFO     | [SUCCESS] Day 15FEB
2026-01-15 08:29:31 | INFO     | [DAY_START] Processing 14FEB
2026-01-15 08:29:31 | INFO     | [lf.day.start] Processing MED-ATZ for 14FEB
2026-01-15 08:29:32 | INFO     | [lf.day.flights_found] Found 1 flights on 14FEB
2026-01-15 08:29:35 | INFO     | [lf.flight.extracted] SM488 on 14FEB: BKG=95, LF=54.3%
2026-01-15 08:29:41 | INFO     | [SUCCESS] Day 14FEB
2026-01-15 08:29:41 | INFO     | [DAY_START] Processing 13FEB
2026-01-15 08:29:41 | INFO     | [lf.day.start] Processing MED-ATZ for 13FEB
2026-01-15 08:29:42 | INFO     | [lf.day.flights_found] Found 1 flights on 13FEB
2026-01-15 08:29:44 | INFO     | [lf.flight.extracted] SM964 on 13FEB: BKG=1, LF=0.6%
2026-01-15 08:29:47 | INFO     | [SUCCESS] Day 13FEB
2026-01-15 08:29:47 | INFO     | [DAY_START] Processing 12FEB
2026-01-15 08:29:47 | INFO     | [lf.day.start] Processing MED-ATZ for 12FEB
2026-01-15 08:29:48 | WARNING  | [lf.day.no_flights] No direct flights on 12FEB
2026-01-15 08:29:48 | INFO     | [SUCCESS] Day 12FEB
2026-01-15 08:29:48 | INFO     | [DAY_START] Processing 11FEB
2026-01-15 08:29:48 | INFO     | [lf.day.start] Processing MED-ATZ for 11FEB
2026-01-15 08:29:49 | INFO     | [lf.day.flights_found] Found 1 flights on 11FEB
2026-01-15 08:29:52 | INFO     | [lf.flight.extracted] SM490 on 11FEB: BKG=129, LF=73.7%
2026-01-15 08:29:56 | INFO     | [SUCCESS] Day 11FEB
2026-01-15 08:29:56 | INFO     | [DAY_START] Processing 10FEB
2026-01-15 08:29:56 | INFO     | [lf.day.start] Processing MED-ATZ for 10FEB
2026-01-15 08:29:57 | INFO     | [lf.day.flights_found] Found 1 flights on 10FEB
2026-01-15 08:29:59 | INFO     | [lf.flight.extracted] SM488 on 10FEB: BKG=119, LF=66.8%
2026-01-15 08:30:05 | INFO     | [SUCCESS] Day 10FEB
2026-01-15 08:30:05 | INFO     | [SUCCESS] LF Search Complete
2026-01-15 08:30:07 | INFO     | [Worker_9233] Completed: MED-ATZ - 9 results, 0 errors
2026-01-15 08:30:07 | INFO     | [Worker_9233] Processing: RUH-CAI
2026-01-15 08:30:07 | INFO     |   Tier 0: Range 2, Chunk 2/3 (9 days)
