2026-01-15 08:35:30 | INFO     | ======================================================================
2026-01-15 08:35:30 | INFO     | Load Factor Scraper Started - Route: MED-HBE
2026-01-15 08:35:30 | INFO     | Log file: D:\CODERED\LAB\Artifacts\outputs\run_generated_150126_at_08.22\logs\LF_MED-HBE_20260115_083530.log
2026-01-15 08:35:30 | INFO     | Enhanced logging: Capturing both logging.info() and print()
2026-01-15 08:35:30 | INFO     | ======================================================================
2026-01-15 08:35:30 | INFO     | Starting LF search for route: MED-HBE
2026-01-15 08:35:30 | INFO     | [START] LF Search
2026-01-15 08:35:31 | INFO     | [HEALTH CHECK] [OK] Chrome connection is healthy
2026-01-15 08:35:31 | INFO     | [DAY_START] Processing 09FEB
2026-01-15 08:35:31 | INFO     | [lf.day.start] Processing MED-HBE for 09FEB
2026-01-15 08:35:35 | WARNING  | [lf.day.no_flights] No direct flights on 09FEB
2026-01-15 08:35:35 | INFO     | [SUCCESS] Day 09FEB
2026-01-15 08:35:35 | INFO     | [DAY_START] Processing 08FEB
2026-01-15 08:35:35 | INFO     | [lf.day.start] Processing MED-HBE for 08FEB
2026-01-15 08:35:38 | INFO     | [lf.day.flights_found] Found 1 flights on 08FEB
2026-01-15 08:35:41 | INFO     | [lf.flight.extracted] SM486 on 08FEB: BKG=168, LF=96.0%
2026-01-15 08:35:46 | INFO     | [SUCCESS] Day 08FEB
2026-01-15 08:35:46 | INFO     | [DAY_START] Processing 07FEB
2026-01-15 08:35:46 | INFO     | [lf.day.start] Processing MED-HBE for 07FEB
2026-01-15 08:35:48 | WARNING  | [lf.day.no_flights] No direct flights on 07FEB
2026-01-15 08:35:48 | INFO     | [SUCCESS] Day 07FEB
2026-01-15 08:35:48 | INFO     | [DAY_START] Processing 06FEB
2026-01-15 08:35:48 | INFO     | [lf.day.start] Processing MED-HBE for 06FEB
2026-01-15 08:35:50 | WARNING  | [lf.day.no_flights] No direct flights on 06FEB
2026-01-15 08:35:50 | INFO     | [SUCCESS] Day 06FEB
2026-01-15 08:35:50 | INFO     | [DAY_START] Processing 05FEB
2026-01-15 08:35:50 | INFO     | [lf.day.start] Processing MED-HBE for 05FEB
2026-01-15 08:35:53 | INFO     | [lf.day.flights_found] Found 1 flights on 05FEB
2026-01-15 08:35:56 | INFO     | [lf.flight.extracted] SM486 on 05FEB: BKG=168, LF=96.0%
2026-01-15 08:36:00 | INFO     | [SUCCESS] Day 05FEB
2026-01-15 08:36:00 | INFO     | [DAY_START] Processing 04FEB
2026-01-15 08:36:00 | INFO     | [lf.day.start] Processing MED-HBE for 04FEB
2026-01-15 08:36:01 | INFO     | [lf.day.flights_found] Found 1 flights on 04FEB
2026-01-15 08:36:04 | INFO     | [lf.flight.extracted] SM486 on 04FEB: BKG=168, LF=96.0%
2026-01-15 08:36:08 | INFO     | [SUCCESS] Day 04FEB
2026-01-15 08:36:08 | INFO     | [DAY_START] Processing 03FEB
2026-01-15 08:36:08 | INFO     | [lf.day.start] Processing MED-HBE for 03FEB
2026-01-15 08:36:09 | INFO     | [lf.day.flights_found] Found 1 flights on 03FEB
2026-01-15 08:36:11 | INFO     | [lf.flight.extracted] SM486 on 03FEB: BKG=167, LF=95.4%
2026-01-15 08:36:18 | INFO     | [SUCCESS] Day 03FEB
2026-01-15 08:36:18 | INFO     | [DAY_START] Processing 02FEB
2026-01-15 08:36:18 | INFO     | [lf.day.start] Processing MED-HBE for 02FEB
2026-01-15 08:36:20 | WARNING  | [lf.day.no_flights] No direct flights on 02FEB
2026-01-15 08:36:20 | INFO     | [SUCCESS] Day 02FEB
2026-01-15 08:36:20 | INFO     | [DAY_START] Processing 01FEB
2026-01-15 08:36:20 | INFO     | [lf.day.start] Processing MED-HBE for 01FEB
2026-01-15 08:36:22 | INFO     | [lf.day.flights_found] Found 1 flights on 01FEB
2026-01-15 08:36:26 | INFO     | [lf.flight.extracted] SM486 on 01FEB: BKG=169, LF=96.6%
2026-01-15 08:36:33 | INFO     | [SUCCESS] Day 01FEB
2026-01-15 08:36:33 | INFO     | [SUCCESS] LF Search Complete
2026-01-15 08:36:35 | INFO     | [Worker_9222] Completed: MED-HBE - 9 results, 0 errors
2026-01-15 08:36:35 | INFO     | [Worker_9222] Processing: RUH-ATZ
2026-01-15 08:36:35 | INFO     |   Tier 0: Range 2, Chunk 3/3 (9 days)
