2026-01-15 08:28:53 | INFO     | ======================================================================
2026-01-15 08:28:53 | INFO     | Load Factor Scraper Started - Route: MED-HBE
2026-01-15 08:28:53 | INFO     | Log file: D:\CODERED\LAB\Artifacts\outputs\run_generated_150126_at_08.22\logs\LF_MED-HBE_20260115_082853.log
2026-01-15 08:28:53 | INFO     | Enhanced logging: Capturing both logging.info() and print()
2026-01-15 08:28:53 | INFO     | ======================================================================
2026-01-15 08:28:53 | INFO     | Starting LF search for route: MED-HBE
2026-01-15 08:28:53 | INFO     | [START] LF Search
2026-01-15 08:28:55 | INFO     | [HEALTH CHECK] [OK] Chrome connection is healthy
2026-01-15 08:28:55 | INFO     | [DAY_START] Processing 18FEB
2026-01-15 08:28:55 | INFO     | [lf.day.start] Processing MED-HBE for 18FEB
2026-01-15 08:28:56 | INFO     | [lf.day.flights_found] Found 1 flights on 18FEB
2026-01-15 08:28:58 | INFO     | [lf.flight.extracted] SM486 on 18FEB: BKG=92, LF=52.6%
2026-01-15 08:29:01 | INFO     | [SUCCESS] Day 18FEB
2026-01-15 08:29:01 | INFO     | [DAY_START] Processing 17FEB
2026-01-15 08:29:01 | INFO     | [lf.day.start] Processing MED-HBE for 17FEB
2026-01-15 08:29:02 | INFO     | [lf.day.flights_found] Found 1 flights on 17FEB
2026-01-15 08:29:05 | INFO     | [lf.flight.extracted] SM486 on 17FEB: BKG=22, LF=12.6%
2026-01-15 08:29:08 | INFO     | [SUCCESS] Day 17FEB
2026-01-15 08:29:08 | INFO     | [DAY_START] Processing 16FEB
2026-01-15 08:29:08 | INFO     | [lf.day.start] Processing MED-HBE for 16FEB
2026-01-15 08:29:09 | WARNING  | [lf.day.no_flights] No direct flights on 16FEB
2026-01-15 08:29:09 | INFO     | [SUCCESS] Day 16FEB
2026-01-15 08:29:09 | INFO     | [DAY_START] Processing 15FEB
2026-01-15 08:29:09 | INFO     | [lf.day.start] Processing MED-HBE for 15FEB
2026-01-15 08:29:10 | INFO     | [lf.day.flights_found] Found 1 flights on 15FEB
2026-01-15 08:29:13 | INFO     | [lf.flight.extracted] SM486 on 15FEB: BKG=46, LF=26.3%
2026-01-15 08:29:17 | INFO     | [SUCCESS] Day 15FEB
2026-01-15 08:29:17 | INFO     | [DAY_START] Processing 14FEB
2026-01-15 08:29:17 | INFO     | [lf.day.start] Processing MED-HBE for 14FEB
2026-01-15 08:29:18 | WARNING  | [lf.day.no_flights] No direct flights on 14FEB
2026-01-15 08:29:19 | INFO     | [SUCCESS] Day 14FEB
2026-01-15 08:29:19 | INFO     | [DAY_START] Processing 13FEB
2026-01-15 08:29:19 | INFO     | [lf.day.start] Processing MED-HBE for 13FEB
2026-01-15 08:29:20 | INFO     | [lf.day.flights_found] Found 1 flights on 13FEB
2026-01-15 08:29:22 | INFO     | [lf.flight.extracted] SM974 on 13FEB: BKG=59, LF=35.3%
2026-01-15 08:29:25 | INFO     | [SUCCESS] Day 13FEB
2026-01-15 08:29:25 | INFO     | [DAY_START] Processing 12FEB
2026-01-15 08:29:25 | INFO     | [lf.day.start] Processing MED-HBE for 12FEB
2026-01-15 08:29:26 | INFO     | [lf.day.flights_found] Found 1 flights on 12FEB
2026-01-15 08:29:28 | INFO     | [lf.flight.extracted] SM486 on 12FEB: BKG=168, LF=96.0%
2026-01-15 08:29:32 | INFO     | [SUCCESS] Day 12FEB
2026-01-15 08:29:32 | INFO     | [DAY_START] Processing 11FEB
2026-01-15 08:29:32 | INFO     | [lf.day.start] Processing MED-HBE for 11FEB
2026-01-15 08:29:33 | INFO     | [lf.day.flights_found] Found 1 flights on 11FEB
2026-01-15 08:29:36 | INFO     | [lf.flight.extracted] SM486 on 11FEB: BKG=168, LF=96.0%
2026-01-15 08:29:39 | INFO     | [SUCCESS] Day 11FEB
2026-01-15 08:29:39 | INFO     | [DAY_START] Processing 10FEB
2026-01-15 08:29:39 | INFO     | [lf.day.start] Processing MED-HBE for 10FEB
2026-01-15 08:29:40 | INFO     | [lf.day.flights_found] Found 1 flights on 10FEB
2026-01-15 08:29:43 | INFO     | [lf.flight.extracted] SM486 on 10FEB: BKG=168, LF=96.0%
2026-01-15 08:29:48 | INFO     | [SUCCESS] Day 10FEB
2026-01-15 08:29:48 | INFO     | [SUCCESS] LF Search Complete
2026-01-15 08:29:50 | INFO     | [Worker_9222] Completed: MED-HBE - 9 results, 0 errors
2026-01-15 08:29:50 | INFO     | [Worker_9222] Processing: JED-LXR
2026-01-15 08:29:50 | INFO     |   Tier 0: Range 2, Chunk 2/3 (9 days)
