2026-01-15 08:30:14 | INFO     | ======================================================================
2026-01-15 08:30:14 | INFO     | Load Factor Scraper Started - Route: RUH-ATZ
2026-01-15 08:30:14 | INFO     | Log file: D:\CODERED\LAB\Artifacts\outputs\run_generated_150126_at_08.22\logs\LF_RUH-ATZ_20260115_083014.log
2026-01-15 08:30:14 | INFO     | Enhanced logging: Capturing both logging.info() and print()
2026-01-15 08:30:14 | INFO     | ======================================================================
2026-01-15 08:30:14 | INFO     | Starting LF search for route: RUH-ATZ
2026-01-15 08:30:14 | INFO     | [START] LF Search
2026-01-15 08:30:15 | INFO     | [HEALTH CHECK] [OK] Chrome connection is healthy
2026-01-15 08:30:15 | INFO     | [DAY_START] Processing 18FEB
2026-01-15 08:30:15 | INFO     | [lf.day.start] Processing RUH-ATZ for 18FEB
2026-01-15 08:30:16 | INFO     | [lf.day.flights_found] Found 1 flights on 18FEB
2026-01-15 08:30:19 | INFO     | [lf.flight.extracted] SM466 on 18FEB: BKG=13, LF=7.4%
2026-01-15 08:30:22 | INFO     | [SUCCESS] Day 18FEB
2026-01-15 08:30:22 | INFO     | [DAY_START] Processing 17FEB
2026-01-15 08:30:22 | INFO     | [lf.day.start] Processing RUH-ATZ for 17FEB
2026-01-15 08:30:23 | INFO     | [lf.day.flights_found] Found 1 flights on 17FEB
2026-01-15 08:30:25 | INFO     | [lf.flight.extracted] SM464 on 17FEB: BKG=15, LF=8.6%
2026-01-15 08:30:28 | INFO     | [SUCCESS] Day 17FEB
2026-01-15 08:30:28 | INFO     | [DAY_START] Processing 16FEB
2026-01-15 08:30:28 | INFO     | [lf.day.start] Processing RUH-ATZ for 16FEB
2026-01-15 08:30:29 | WARNING  | [lf.day.no_flights] No direct flights on 16FEB
2026-01-15 08:30:29 | INFO     | [SUCCESS] Day 16FEB
2026-01-15 08:30:29 | INFO     | [DAY_START] Processing 15FEB
2026-01-15 08:30:29 | INFO     | [lf.day.start] Processing RUH-ATZ for 15FEB
2026-01-15 08:30:30 | INFO     | [lf.day.flights_found] Found 1 flights on 15FEB
2026-01-15 08:30:33 | INFO     | [lf.flight.extracted] SM464 on 15FEB: BKG=46, LF=26.3%
2026-01-15 08:30:37 | INFO     | [SUCCESS] Day 15FEB
2026-01-15 08:30:37 | INFO     | [DAY_START] Processing 14FEB
2026-01-15 08:30:37 | INFO     | [lf.day.start] Processing RUH-ATZ for 14FEB
2026-01-15 08:30:38 | WARNING  | [lf.day.no_flights] No direct flights on 14FEB
2026-01-15 08:30:39 | INFO     | [SUCCESS] Day 14FEB
2026-01-15 08:30:39 | INFO     | [DAY_START] Processing 13FEB
2026-01-15 08:30:39 | INFO     | [lf.day.start] Processing RUH-ATZ for 13FEB
2026-01-15 08:30:40 | WARNING  | [lf.day.no_flights] No direct flights on 13FEB
2026-01-15 08:30:40 | INFO     | [SUCCESS] Day 13FEB
2026-01-15 08:30:40 | INFO     | [DAY_START] Processing 12FEB
2026-01-15 08:30:40 | INFO     | [lf.day.start] Processing RUH-ATZ for 12FEB
2026-01-15 08:30:41 | WARNING  | [lf.day.no_flights] No direct flights on 12FEB
2026-01-15 08:30:41 | INFO     | [SUCCESS] Day 12FEB
2026-01-15 08:30:41 | INFO     | [DAY_START] Processing 11FEB
2026-01-15 08:30:41 | INFO     | [lf.day.start] Processing RUH-ATZ for 11FEB
2026-01-15 08:30:42 | INFO     | [lf.day.flights_found] Found 1 flights on 11FEB
2026-01-15 08:30:45 | INFO     | [lf.flight.extracted] SM466 on 11FEB: BKG=35, LF=20.0%
2026-01-15 08:30:49 | INFO     | [SUCCESS] Day 11FEB
2026-01-15 08:30:49 | INFO     | [DAY_START] Processing 10FEB
2026-01-15 08:30:49 | INFO     | [lf.day.start] Processing RUH-ATZ for 10FEB
2026-01-15 08:30:50 | INFO     | [lf.day.flights_found] Found 1 flights on 10FEB
2026-01-15 08:30:52 | INFO     | [lf.flight.extracted] SM464 on 10FEB: BKG=41, LF=23.4%
2026-01-15 08:30:56 | INFO     | [SUCCESS] Day 10FEB
2026-01-15 08:30:56 | INFO     | [SUCCESS] LF Search Complete
2026-01-15 08:30:58 | INFO     | [Worker_9224] Completed: RUH-ATZ - 9 results, 0 errors
2026-01-15 08:30:58 | INFO     | [Worker_9224] Processing: TUU-ATZ
2026-01-15 08:30:58 | INFO     |   Tier 0: Range 2, Chunk 2/3 (9 days)
