2026-01-15 08:36:35 | INFO     | ======================================================================
2026-01-15 08:36:35 | INFO     | Load Factor Scraper Started - Route: RUH-ATZ
2026-01-15 08:36:35 | INFO     | Log file: D:\CODERED\LAB\Artifacts\outputs\run_generated_150126_at_08.22\logs\LF_RUH-ATZ_20260115_083635.log
2026-01-15 08:36:35 | INFO     | Enhanced logging: Capturing both logging.info() and print()
2026-01-15 08:36:35 | INFO     | ======================================================================
2026-01-15 08:36:35 | INFO     | Starting LF search for route: RUH-ATZ
2026-01-15 08:36:35 | INFO     | [START] LF Search
2026-01-15 08:36:38 | INFO     | [HEALTH CHECK] [OK] Chrome connection is healthy
2026-01-15 08:36:38 | INFO     | [DAY_START] Processing 09FEB
2026-01-15 08:36:38 | INFO     | [lf.day.start] Processing RUH-ATZ for 09FEB
2026-01-15 08:36:40 | WARNING  | [lf.day.no_flights] No direct flights on 09FEB
2026-01-15 08:36:40 | INFO     | [SUCCESS] Day 09FEB
2026-01-15 08:36:40 | INFO     | [DAY_START] Processing 08FEB
2026-01-15 08:36:40 | INFO     | [lf.day.start] Processing RUH-ATZ for 08FEB
2026-01-15 08:36:42 | INFO     | [lf.day.flights_found] Found 1 flights on 08FEB
2026-01-15 08:36:45 | INFO     | [lf.flight.extracted] SM464 on 08FEB: BKG=40, LF=22.9%
2026-01-15 08:36:49 | INFO     | [SUCCESS] Day 08FEB
2026-01-15 08:36:50 | INFO     | [DAY_START] Processing 07FEB
2026-01-15 08:36:50 | INFO     | [lf.day.start] Processing RUH-ATZ for 07FEB
2026-01-15 08:36:51 | WARNING  | [lf.day.no_flights] No direct flights on 07FEB
2026-01-15 08:36:51 | INFO     | [SUCCESS] Day 07FEB
2026-01-15 08:36:51 | INFO     | [DAY_START] Processing 06FEB
2026-01-15 08:36:51 | INFO     | [lf.day.start] Processing RUH-ATZ for 06FEB
2026-01-15 08:36:53 | WARNING  | [lf.day.no_flights] No direct flights on 06FEB
2026-01-15 08:36:53 | INFO     | [SUCCESS] Day 06FEB
2026-01-15 08:36:53 | INFO     | [DAY_START] Processing 05FEB
2026-01-15 08:36:53 | INFO     | [lf.day.start] Processing RUH-ATZ for 05FEB
2026-01-15 08:36:54 | WARNING  | [lf.day.no_flights] No direct flights on 05FEB
2026-01-15 08:36:55 | INFO     | [SUCCESS] Day 05FEB
2026-01-15 08:36:55 | INFO     | [DAY_START] Processing 04FEB
2026-01-15 08:36:55 | INFO     | [lf.day.start] Processing RUH-ATZ for 04FEB
2026-01-15 08:36:56 | INFO     | [lf.day.flights_found] Found 1 flights on 04FEB
2026-01-15 08:37:00 | INFO     | [lf.flight.extracted] SM466 on 04FEB: BKG=29, LF=17.4%
2026-01-15 08:37:06 | INFO     | [SUCCESS] Day 04FEB
2026-01-15 08:37:06 | INFO     | [DAY_START] Processing 03FEB
2026-01-15 08:37:06 | INFO     | [lf.day.start] Processing RUH-ATZ for 03FEB
2026-01-15 08:37:07 | INFO     | [lf.day.flights_found] Found 1 flights on 03FEB
2026-01-15 08:37:09 | INFO     | [lf.flight.extracted] SM464 on 03FEB: BKG=29, LF=16.6%
2026-01-15 08:37:13 | INFO     | [SUCCESS] Day 03FEB
2026-01-15 08:37:13 | INFO     | [DAY_START] Processing 02FEB
2026-01-15 08:37:13 | INFO     | [lf.day.start] Processing RUH-ATZ for 02FEB
2026-01-15 08:37:14 | WARNING  | [lf.day.no_flights] No direct flights on 02FEB
2026-01-15 08:37:14 | INFO     | [SUCCESS] Day 02FEB
2026-01-15 08:37:14 | INFO     | [DAY_START] Processing 01FEB
2026-01-15 08:37:14 | INFO     | [lf.day.start] Processing RUH-ATZ for 01FEB
2026-01-15 08:37:15 | INFO     | [lf.day.flights_found] Found 1 flights on 01FEB
2026-01-15 08:37:17 | INFO     | [lf.flight.extracted] SM464 on 01FEB: BKG=23, LF=13.1%
2026-01-15 08:37:21 | INFO     | [SUCCESS] Day 01FEB
2026-01-15 08:37:21 | INFO     | [SUCCESS] LF Search Complete
2026-01-15 08:37:23 | INFO     | [Worker_9222] Completed: RUH-ATZ - 9 results, 0 errors
2026-01-15 08:37:23 | INFO     | [Worker_9222] Processing: TUU-ATZ
2026-01-15 08:37:23 | INFO     |   Tier 0: Range 2, Chunk 3/3 (9 days)
