2026-01-15 08:30:58 | INFO     | ======================================================================
2026-01-15 08:30:58 | INFO     | Load Factor Scraper Started - Route: TUU-CAI
2026-01-15 08:30:58 | INFO     | Log file: D:\CODERED\LAB\Artifacts\outputs\run_generated_150126_at_08.22\logs\LF_TUU-CAI_20260115_083058.log
2026-01-15 08:30:58 | INFO     | Enhanced logging: Capturing both logging.info() and print()
2026-01-15 08:30:58 | INFO     | ======================================================================
2026-01-15 08:30:58 | INFO     | Starting LF search for route: TUU-CAI
2026-01-15 08:30:58 | INFO     | [START] LF Search
2026-01-15 08:30:59 | INFO     | [HEALTH CHECK] [OK] Chrome connection is healthy
2026-01-15 08:30:59 | INFO     | [DAY_START] Processing 18FEB
2026-01-15 08:30:59 | INFO     | [lf.day.start] Processing TUU-CAI for 18FEB
2026-01-15 08:31:00 | INFO     | [lf.day.flights_found] Found 1 flights on 18FEB
2026-01-15 08:31:03 | INFO     | [lf.flight.extracted] SM326 on 18FEB: BKG=0, LF=0.0%
2026-01-15 08:31:04 | INFO     | [SUCCESS] Day 18FEB
2026-01-15 08:31:04 | INFO     | [DAY_START] Processing 17FEB
2026-01-15 08:31:04 | INFO     | [lf.day.start] Processing TUU-CAI for 17FEB
2026-01-15 08:31:05 | WARNING  | [lf.day.no_flights] No direct flights on 17FEB
2026-01-15 08:31:05 | INFO     | [SUCCESS] Day 17FEB
2026-01-15 08:31:05 | INFO     | [DAY_START] Processing 16FEB
2026-01-15 08:31:05 | INFO     | [lf.day.start] Processing TUU-CAI for 16FEB
2026-01-15 08:31:06 | WARNING  | [lf.day.no_flights] No direct flights on 16FEB
2026-01-15 08:31:06 | INFO     | [SUCCESS] Day 16FEB
2026-01-15 08:31:06 | INFO     | [DAY_START] Processing 15FEB
2026-01-15 08:31:06 | INFO     | [lf.day.start] Processing TUU-CAI for 15FEB
2026-01-15 08:31:07 | WARNING  | [lf.day.no_flights] No direct flights on 15FEB
2026-01-15 08:31:08 | INFO     | [SUCCESS] Day 15FEB
2026-01-15 08:31:08 | INFO     | [DAY_START] Processing 14FEB
2026-01-15 08:31:08 | INFO     | [lf.day.start] Processing TUU-CAI for 14FEB
2026-01-15 08:31:09 | INFO     | [lf.day.flights_found] Found 1 flights on 14FEB
2026-01-15 08:31:11 | INFO     | [lf.flight.extracted] SM326 on 14FEB: BKG=1, LF=1.0%
2026-01-15 08:31:14 | INFO     | [SUCCESS] Day 14FEB
2026-01-15 08:31:14 | INFO     | [DAY_START] Processing 13FEB
2026-01-15 08:31:14 | INFO     | [lf.day.start] Processing TUU-CAI for 13FEB
2026-01-15 08:31:15 | WARNING  | [lf.day.no_flights] No direct flights on 13FEB
2026-01-15 08:31:15 | INFO     | [SUCCESS] Day 13FEB
2026-01-15 08:31:15 | INFO     | [DAY_START] Processing 12FEB
2026-01-15 08:31:15 | INFO     | [lf.day.start] Processing TUU-CAI for 12FEB
2026-01-15 08:31:16 | INFO     | [lf.day.flights_found] Found 1 flights on 12FEB
2026-01-15 08:31:18 | INFO     | [lf.flight.extracted] SM326 on 12FEB: BKG=14, LF=8.0%
2026-01-15 08:31:22 | INFO     | [SUCCESS] Day 12FEB
2026-01-15 08:31:22 | INFO     | [DAY_START] Processing 11FEB
2026-01-15 08:31:22 | INFO     | [lf.day.start] Processing TUU-CAI for 11FEB
2026-01-15 08:31:23 | INFO     | [lf.day.flights_found] Found 1 flights on 11FEB
2026-01-15 08:31:25 | INFO     | [lf.flight.extracted] SM326 on 11FEB: BKG=5, LF=2.9%
2026-01-15 08:31:28 | INFO     | [SUCCESS] Day 11FEB
2026-01-15 08:31:28 | INFO     | [DAY_START] Processing 10FEB
2026-01-15 08:31:28 | INFO     | [lf.day.start] Processing TUU-CAI for 10FEB
2026-01-15 08:31:30 | WARNING  | [lf.day.no_flights] No direct flights on 10FEB
2026-01-15 08:31:30 | INFO     | [SUCCESS] Day 10FEB
2026-01-15 08:31:30 | INFO     | [SUCCESS] LF Search Complete
2026-01-15 08:31:32 | INFO     | [Worker_9227] Completed: TUU-CAI - 9 results, 0 errors
2026-01-15 08:31:32 | INFO     | [Worker_9227] Processing: AHB-ATZ
2026-01-15 08:31:32 | INFO     |   Tier 0: Range 2, Chunk 2/3 (9 days)
