2026-01-15 08:23:34 | INFO     | ======================================================================
2026-01-15 08:23:34 | INFO     | Load Factor Scraper Started - Route: TUU-CAI
2026-01-15 08:23:34 | INFO     | Log file: D:\CODERED\LAB\Artifacts\outputs\run_generated_150126_at_08.22\logs\LF_TUU-CAI_20260115_082334.log
2026-01-15 08:23:34 | INFO     | Enhanced logging: Capturing both logging.info() and print()
2026-01-15 08:23:34 | INFO     | ======================================================================
2026-01-15 08:23:34 | INFO     | Starting LF search for route: TUU-CAI
2026-01-15 08:23:34 | INFO     | [START] LF Search
2026-01-15 08:23:36 | INFO     | [HEALTH CHECK] [OK] Chrome connection is healthy
2026-01-15 08:23:36 | INFO     | [DAY_START] Processing 28FEB
2026-01-15 08:23:36 | INFO     | [lf.day.start] Processing TUU-CAI for 28FEB
2026-01-15 08:23:37 | INFO     | [lf.day.flights_found] Found 1 flights on 28FEB
2026-01-15 08:23:40 | INFO     | [lf.flight.extracted] SM326 on 28FEB: BKG=8, LF=7.6%
2026-01-15 08:23:43 | INFO     | [SUCCESS] Day 28FEB
2026-01-15 08:23:43 | INFO     | [DAY_START] Processing 27FEB
2026-01-15 08:23:43 | INFO     | [lf.day.start] Processing TUU-CAI for 27FEB
2026-01-15 08:23:44 | WARNING  | [lf.day.no_flights] No direct flights on 27FEB
2026-01-15 08:23:44 | INFO     | [SUCCESS] Day 27FEB
2026-01-15 08:23:44 | INFO     | [DAY_START] Processing 26FEB
2026-01-15 08:23:44 | INFO     | [lf.day.start] Processing TUU-CAI for 26FEB
2026-01-15 08:23:45 | INFO     | [lf.day.flights_found] Found 1 flights on 26FEB
2026-01-15 08:23:48 | INFO     | [lf.flight.extracted] SM326 on 26FEB: BKG=0, LF=0.0%
2026-01-15 08:23:49 | INFO     | [SUCCESS] Day 26FEB
2026-01-15 08:23:49 | INFO     | [DAY_START] Processing 25FEB
2026-01-15 08:23:49 | INFO     | [lf.day.start] Processing TUU-CAI for 25FEB
2026-01-15 08:23:50 | INFO     | [lf.day.flights_found] Found 1 flights on 25FEB
2026-01-15 08:23:53 | INFO     | [lf.flight.extracted] SM326 on 25FEB: BKG=20, LF=11.6%
2026-01-15 08:23:56 | INFO     | [SUCCESS] Day 25FEB
2026-01-15 08:23:56 | INFO     | [DAY_START] Processing 24FEB
2026-01-15 08:23:56 | INFO     | [lf.day.start] Processing TUU-CAI for 24FEB
2026-01-15 08:23:57 | WARNING  | [lf.day.no_flights] No direct flights on 24FEB
2026-01-15 08:23:57 | INFO     | [SUCCESS] Day 24FEB
2026-01-15 08:23:57 | INFO     | [DAY_START] Processing 23FEB
2026-01-15 08:23:57 | INFO     | [lf.day.start] Processing TUU-CAI for 23FEB
2026-01-15 08:23:58 | WARNING  | [lf.day.no_flights] No direct flights on 23FEB
2026-01-15 08:23:58 | INFO     | [SUCCESS] Day 23FEB
2026-01-15 08:23:59 | INFO     | [DAY_START] Processing 22FEB
2026-01-15 08:23:59 | INFO     | [lf.day.start] Processing TUU-CAI for 22FEB
2026-01-15 08:24:00 | WARNING  | [lf.day.no_flights] No direct flights on 22FEB
2026-01-15 08:24:00 | INFO     | [SUCCESS] Day 22FEB
2026-01-15 08:24:00 | INFO     | [DAY_START] Processing 21FEB
2026-01-15 08:24:00 | INFO     | [lf.day.start] Processing TUU-CAI for 21FEB
2026-01-15 08:24:01 | INFO     | [lf.day.flights_found] Found 1 flights on 21FEB
2026-01-15 08:24:03 | INFO     | [lf.flight.extracted] SM326 on 21FEB: BKG=15, LF=14.3%
2026-01-15 08:24:06 | INFO     | [SUCCESS] Day 21FEB
2026-01-15 08:24:06 | INFO     | [DAY_START] Processing 20FEB
2026-01-15 08:24:06 | INFO     | [lf.day.start] Processing TUU-CAI for 20FEB
2026-01-15 08:24:08 | WARNING  | [lf.day.no_flights] No direct flights on 20FEB
2026-01-15 08:24:08 | INFO     | [SUCCESS] Day 20FEB
2026-01-15 08:24:08 | INFO     | [DAY_START] Processing 19FEB
2026-01-15 08:24:08 | INFO     | [lf.day.start] Processing TUU-CAI for 19FEB
2026-01-15 08:24:09 | INFO     | [lf.day.flights_found] Found 1 flights on 19FEB
2026-01-15 08:24:11 | INFO     | [lf.flight.extracted] SM326 on 19FEB: BKG=12, LF=7.0%
2026-01-15 08:24:14 | INFO     | [SUCCESS] Day 19FEB
2026-01-15 08:24:14 | INFO     | [SUCCESS] LF Search Complete
2026-01-15 08:24:16 | INFO     | [Worker_9223] Completed: TUU-CAI - 10 results, 0 errors
2026-01-15 08:24:16 | INFO     | [Worker_9223] Processing: ELQ-CAI
2026-01-15 08:24:16 | INFO     |   Tier 0: Range 2, Chunk 1/3 (10 days)
