
============================================================
     LF WORKER - PORT 9232
============================================================
Worker: Worker_9232
Status: READY
Waiting for tasks...
============================================================


============================================================
[Worker_9232] Processing: RUH-CAI
  Tier 0: Range 4, Chunk 1/3
  Dates: 9 days
  Date Range: 2026-04-29 to 2026-04-21
============================================================

2026-01-19 05:18:59 | INFO     | ======================================================================
2026-01-19 05:18:59 | INFO     | Load Factor Scraper Started - Route: RUH-CAI
2026-01-19 05:18:59 | INFO     | Log file: D:\CODERED\LAB\Artifacts\outputs\run_generated_190126_at_05.18_RETRY\logs\LF_RUH-CAI_20260119_051859.log
2026-01-19 05:18:59 | INFO     | Enhanced logging: Capturing both logging.info() and print()
2026-01-19 05:18:59 | INFO     | ======================================================================
[LF] Processing dates (override): ['29APR', '28APR', '27APR', '26APR', '25APR', '24APR', '23APR', '22APR', '21APR']
[LF] Attaching to Chrome for Altea access
[LF][[OK] SUCCESS] Connected to Chrome on 127.0.0.1:9232 (after 1 attempts)
[LF][[OK] SUCCESS] Found Amadeus Altea window: Altéa Reservation Desktop
[LF][[INFO] INFO] URL: https://tc212.resdesktop.altea.amadeus.com/app_ard/apf/init/login?SITE=ESMPESMP&LANGUAGE=GB&MARKETS=ARDW_PROD_WBP&ACTION=clpLogin
[LF] Processing RUH-CAI for 29APR
[LF][ERROR] Amadeus command error detected: UNKNOWN TRANSACTION
[LF][ERROR] Command: SN29APRRUHCAI/ASM
[LF][RESYNC] Triggering immediate resync to last successful SN command
============================================================
[LF][RESYNC] Command 'SN29APRRUHCAI/ASM' failed: TECH_ERROR:UNKNOWN TRANSACTION
[LF][RESYNC] Re-running entire day from SN command for RUH-CAI 29APR
[LF][RESYNC] Attempt 1/50 (waiting 1.0s before retry...)
============================================================
[LF][RESYNC] Sending IG to clear session state...
[LF][RESYNC] Session cleared with IG
[LF] Processing RUH-CAI for 29APR
[LF] 29APR: found 1 direct flights
[LF] SM462 29APR: BKG=0, GRP=0, CAP=167, LF%=0.0%, Brd-Off=RUH-CAI
[LF] Processing RUH-CAI for 28APR
[LF] 28APR: found 1 direct flights
[LF] SM462 28APR: BKG=0, GRP=0, CAP=167, LF%=0.0%, Brd-Off=RUH-CAI
[LF] Processing RUH-CAI for 27APR
[LF] 27APR: found 1 direct flights
[LF] SM462 27APR: BKG=0, GRP=0, CAP=167, LF%=0.0%, Brd-Off=RUH-CAI
[LF] Processing RUH-CAI for 26APR
[LF] 26APR: found 1 direct flights
[LF] SM462 26APR: BKG=0, GRP=0, CAP=167, LF%=0.0%, Brd-Off=RUH-CAI
[LF] Processing RUH-CAI for 25APR
[LF] 25APR: found 1 direct flights
[LF] SM462 25APR: BKG=0, GRP=0, CAP=167, LF%=0.0%, Brd-Off=RUH-CAI
[LF] Processing RUH-CAI for 24APR
[LF] 24APR: found 1 direct flights
[LF] SM462 24APR: BKG=0, GRP=0, CAP=167, LF%=0.0%, Brd-Off=RUH-CAI
[LF] Processing RUH-CAI for 23APR
[LF] 23APR: found 1 direct flights
[LF] SM462 23APR: BKG=0, GRP=0, CAP=167, LF%=0.0%, Brd-Off=RUH-CAI
[LF] Processing RUH-CAI for 22APR
[LF] 22APR: found 1 direct flights
[LF] SM462 22APR: BKG=0, GRP=0, CAP=167, LF%=0.0%, Brd-Off=RUH-CAI
[LF] Processing RUH-CAI for 21APR
[LF] 21APR: found 1 direct flights
[LF] SM462 21APR: BKG=0, GRP=0, CAP=167, LF%=0.0%, Brd-Off=RUH-CAI
[LF] Results summary:
  2026-04-29: 1 flights
  2026-04-28: 1 flights
  2026-04-27: 1 flights
  2026-04-26: 1 flights
  2026-04-25: 1 flights
  2026-04-24: 1 flights
  2026-04-23: 1 flights
  2026-04-22: 1 flights
  2026-04-21: 1 flights

============================================================
[Worker_9232] ✓ COMPLETED: RUH-CAI
  Results: 9 dates
  Errors: 0 dates
  Total Processed: 1 groups
============================================================


============================================================
[Worker_9232] Processing: AHB-ATZ
  Tier 0: Range 4, Chunk 1/3
  Dates: 9 days
  Date Range: 2026-04-29 to 2026-04-21
============================================================

2026-01-19 05:19:49 | INFO     | ======================================================================
2026-01-19 05:19:49 | INFO     | Load Factor Scraper Started - Route: AHB-ATZ
2026-01-19 05:19:49 | INFO     | Log file: D:\CODERED\LAB\Artifacts\outputs\run_generated_190126_at_05.18_RETRY\logs\LF_AHB-ATZ_20260119_051949.log
2026-01-19 05:19:49 | INFO     | Enhanced logging: Capturing both logging.info() and print()
2026-01-19 05:19:49 | INFO     | ======================================================================
[LF] Processing dates (override): ['29APR', '28APR', '27APR', '26APR', '25APR', '24APR', '23APR', '22APR', '21APR']
[LF] Attaching to Chrome for Altea access
2026-01-19 05:19:49 | INFO     | Starting LF search for route: AHB-ATZ
2026-01-19 05:19:49 | INFO     | [START] LF Search
[LF][[OK] SUCCESS] Connected to Chrome on 127.0.0.1:9232 (after 1 attempts)
2026-01-19 05:19:50 | INFO     | [HEALTH CHECK] [OK] Chrome connection is healthy
[LF][[OK] SUCCESS] Found Amadeus Altea window: Altéa Reservation Desktop
[LF][[INFO] INFO] URL: https://tc212.resdesktop.altea.amadeus.com/app_ard/apf/init/login?SITE=ESMPESMP&LANGUAGE=GB&MARKETS=ARDW_PROD_WBP&ACTION=clpLogin
2026-01-19 05:19:50 | INFO     | [DAY_START] Processing 29APR
[LF] Processing AHB-ATZ for 29APR
2026-01-19 05:19:50 | INFO     | [lf.day.start] Processing AHB-ATZ for 29APR
[LF] No direct flights on 29APR for AHB-ATZ
2026-01-19 05:19:52 | WARNING  | [lf.day.no_flights] No direct flights on 29APR
2026-01-19 05:19:52 | INFO     | [SUCCESS] Day 29APR
2026-01-19 05:19:52 | INFO     | [DAY_START] Processing 28APR
[LF] Processing AHB-ATZ for 28APR
2026-01-19 05:19:52 | INFO     | [lf.day.start] Processing AHB-ATZ for 28APR
[LF] No direct flights on 28APR for AHB-ATZ
2026-01-19 05:19:53 | WARNING  | [lf.day.no_flights] No direct flights on 28APR
2026-01-19 05:19:53 | INFO     | [SUCCESS] Day 28APR
2026-01-19 05:19:53 | INFO     | [DAY_START] Processing 27APR
[LF] Processing AHB-ATZ for 27APR
2026-01-19 05:19:53 | INFO     | [lf.day.start] Processing AHB-ATZ for 27APR
[LF] No direct flights on 27APR for AHB-ATZ
2026-01-19 05:19:55 | WARNING  | [lf.day.no_flights] No direct flights on 27APR
2026-01-19 05:19:55 | INFO     | [SUCCESS] Day 27APR
2026-01-19 05:19:55 | INFO     | [DAY_START] Processing 26APR
[LF] Processing AHB-ATZ for 26APR
2026-01-19 05:19:55 | INFO     | [lf.day.start] Processing AHB-ATZ for 26APR
[LF] No direct flights on 26APR for AHB-ATZ
2026-01-19 05:19:56 | WARNING  | [lf.day.no_flights] No direct flights on 26APR
2026-01-19 05:19:56 | INFO     | [SUCCESS] Day 26APR
2026-01-19 05:19:56 | INFO     | [DAY_START] Processing 25APR
[LF] Processing AHB-ATZ for 25APR
2026-01-19 05:19:56 | INFO     | [lf.day.start] Processing AHB-ATZ for 25APR
[LF] No direct flights on 25APR for AHB-ATZ
2026-01-19 05:19:57 | WARNING  | [lf.day.no_flights] No direct flights on 25APR
2026-01-19 05:19:58 | INFO     | [SUCCESS] Day 25APR
2026-01-19 05:19:58 | INFO     | [DAY_START] Processing 24APR
[LF] Processing AHB-ATZ for 24APR
2026-01-19 05:19:58 | INFO     | [lf.day.start] Processing AHB-ATZ for 24APR
[LF] No direct flights on 24APR for AHB-ATZ
2026-01-19 05:19:59 | WARNING  | [lf.day.no_flights] No direct flights on 24APR
2026-01-19 05:19:59 | INFO     | [SUCCESS] Day 24APR
2026-01-19 05:19:59 | INFO     | [DAY_START] Processing 23APR
[LF] Processing AHB-ATZ for 23APR
2026-01-19 05:19:59 | INFO     | [lf.day.start] Processing AHB-ATZ for 23APR
[LF] No direct flights on 23APR for AHB-ATZ
2026-01-19 05:20:00 | WARNING  | [lf.day.no_flights] No direct flights on 23APR
2026-01-19 05:20:00 | INFO     | [SUCCESS] Day 23APR
2026-01-19 05:20:00 | INFO     | [DAY_START] Processing 22APR
[LF] Processing AHB-ATZ for 22APR
2026-01-19 05:20:00 | INFO     | [lf.day.start] Processing AHB-ATZ for 22APR
[LF] No direct flights on 22APR for AHB-ATZ
2026-01-19 05:20:01 | WARNING  | [lf.day.no_flights] No direct flights on 22APR
2026-01-19 05:20:02 | INFO     | [SUCCESS] Day 22APR
2026-01-19 05:20:02 | INFO     | [DAY_START] Processing 21APR
[LF] Processing AHB-ATZ for 21APR
2026-01-19 05:20:02 | INFO     | [lf.day.start] Processing AHB-ATZ for 21APR
[LF] No direct flights on 21APR for AHB-ATZ
2026-01-19 05:20:03 | WARNING  | [lf.day.no_flights] No direct flights on 21APR
2026-01-19 05:20:03 | INFO     | [SUCCESS] Day 21APR
[LF] Results summary:
  2026-04-29: 0 flights
  2026-04-28: 0 flights
  2026-04-27: 0 flights
  2026-04-26: 0 flights
  2026-04-25: 0 flights
  2026-04-24: 0 flights
  2026-04-23: 0 flights
  2026-04-22: 0 flights
  2026-04-21: 0 flights
2026-01-19 05:20:03 | INFO     | [SUCCESS] LF Search Complete

============================================================
[Worker_9232] ✓ COMPLETED: AHB-ATZ
  Results: 9 dates
  Errors: 0 dates
  Total Processed: 2 groups
============================================================

2026-01-19 05:20:03 | INFO     | [Worker_9232] Completed: AHB-ATZ - 9 results, 0 errors

============================================================
[Worker_9232] Processing: GIZ-CAI
  Tier 0: Range 4, Chunk 1/3
  Dates: 9 days
  Date Range: 2026-04-29 to 2026-04-21
============================================================

2026-01-19 05:20:03 | INFO     | [Worker_9232] Processing: GIZ-CAI
2026-01-19 05:20:03 | INFO     |   Tier 0: Range 4, Chunk 1/3 (9 days)
2026-01-19 05:20:03 | INFO     | ======================================================================
2026-01-19 05:20:03 | INFO     | Load Factor Scraper Started - Route: GIZ-CAI
2026-01-19 05:20:03 | INFO     | Log file: D:\CODERED\LAB\Artifacts\outputs\run_generated_190126_at_05.18_RETRY\logs\LF_GIZ-CAI_20260119_052003.log
2026-01-19 05:20:03 | INFO     | Enhanced logging: Capturing both logging.info() and print()
2026-01-19 05:20:03 | INFO     | ======================================================================
[LF] Processing dates (override): ['29APR', '28APR', '27APR', '26APR', '25APR', '24APR', '23APR', '22APR', '21APR']
[LF] Attaching to Chrome for Altea access
2026-01-19 05:20:03 | INFO     | Starting LF search for route: GIZ-CAI
2026-01-19 05:20:03 | INFO     | [START] LF Search
[LF][[OK] SUCCESS] Connected to Chrome on 127.0.0.1:9232 (after 1 attempts)
2026-01-19 05:20:04 | INFO     | [HEALTH CHECK] [OK] Chrome connection is healthy
[LF][[OK] SUCCESS] Found Amadeus Altea window: Altéa Reservation Desktop
[LF][[INFO] INFO] URL: https://tc212.resdesktop.altea.amadeus.com/app_ard/apf/init/login?SITE=ESMPESMP&LANGUAGE=GB&MARKETS=ARDW_PROD_WBP&ACTION=clpLogin
2026-01-19 05:20:04 | INFO     | [DAY_START] Processing 29APR
[LF] Processing GIZ-CAI for 29APR
2026-01-19 05:20:04 | INFO     | [lf.day.start] Processing GIZ-CAI for 29APR
[LF] No direct flights on 29APR for GIZ-CAI
2026-01-19 05:20:05 | WARNING  | [lf.day.no_flights] No direct flights on 29APR
2026-01-19 05:20:06 | INFO     | [SUCCESS] Day 29APR
2026-01-19 05:20:06 | INFO     | [DAY_START] Processing 28APR
[LF] Processing GIZ-CAI for 28APR
2026-01-19 05:20:06 | INFO     | [lf.day.start] Processing GIZ-CAI for 28APR
[LF] No direct flights on 28APR for GIZ-CAI
2026-01-19 05:20:07 | WARNING  | [lf.day.no_flights] No direct flights on 28APR
2026-01-19 05:20:07 | INFO     | [SUCCESS] Day 28APR
2026-01-19 05:20:07 | INFO     | [DAY_START] Processing 27APR
[LF] Processing GIZ-CAI for 27APR
2026-01-19 05:20:07 | INFO     | [lf.day.start] Processing GIZ-CAI for 27APR
[LF] No direct flights on 27APR for GIZ-CAI
2026-01-19 05:20:08 | WARNING  | [lf.day.no_flights] No direct flights on 27APR
2026-01-19 05:20:08 | INFO     | [SUCCESS] Day 27APR
2026-01-19 05:20:08 | INFO     | [DAY_START] Processing 26APR
[LF] Processing GIZ-CAI for 26APR
2026-01-19 05:20:08 | INFO     | [lf.day.start] Processing GIZ-CAI for 26APR
[LF][RETRY] Error processing 2026-04-26: ('Connection aborted.', ConnectionResetError(10054, 'An existing connection was forcibly closed by the remote host', None, 10054, None))
[LF][INFO] Program will keep trying until successful...
