
============================================================
     LF WORKER - PORT 9234
============================================================
Worker: Worker_9234
Status: READY
Waiting for tasks...
============================================================


============================================================
[Worker_9234] Processing: JED-ASW
  Tier 0: Range 4, Chunk 1/3
  Dates: 9 days
  Date Range: 2026-04-29 to 2026-04-21
============================================================

2026-01-19 05:18:59 | INFO     | ======================================================================
2026-01-19 05:18:59 | INFO     | Load Factor Scraper Started - Route: JED-ASW
2026-01-19 05:18:59 | INFO     | Log file: D:\CODERED\LAB\Artifacts\outputs\run_generated_190126_at_05.18_RETRY\logs\LF_JED-ASW_20260119_051859.log
2026-01-19 05:18:59 | INFO     | Enhanced logging: Capturing both logging.info() and print()
2026-01-19 05:18:59 | INFO     | ======================================================================
[LF] Processing dates (override): ['29APR', '28APR', '27APR', '26APR', '25APR', '24APR', '23APR', '22APR', '21APR']
[LF] Attaching to Chrome for Altea access
[LF][[OK] SUCCESS] Connected to Chrome on 127.0.0.1:9234 (after 1 attempts)
[LF][[OK] SUCCESS] Found Amadeus Altea window: Altéa Reservation Desktop
[LF][[INFO] INFO] URL: https://tc212.resdesktop.altea.amadeus.com/app_ard/apf/init/login?SITE=ESMPESMP&LANGUAGE=GB&MARKETS=ARDW_PROD_WBP&ACTION=clpLogin
[LF] Processing JED-ASW for 29APR
[LF][ERROR] Amadeus command error detected: UNKNOWN TRANSACTION
[LF][ERROR] Command: SN29APRJEDASW/ASM
[LF][RESYNC] Triggering immediate resync to last successful SN command
============================================================
[LF][RESYNC] Command 'SN29APRJEDASW/ASM' failed: TECH_ERROR:UNKNOWN TRANSACTION
[LF][RESYNC] Re-running entire day from SN command for JED-ASW 29APR
[LF][RESYNC] Attempt 1/50 (waiting 1.0s before retry...)
============================================================
[LF][RESYNC] Sending IG to clear session state...
[LF][RESYNC] Session cleared with IG
[LF] Processing JED-ASW for 29APR
[LF] No direct flights on 29APR for JED-ASW
[LF] Processing JED-ASW for 28APR
[LF] No direct flights on 28APR for JED-ASW
[LF] Processing JED-ASW for 27APR
[LF] No direct flights on 27APR for JED-ASW
[LF] Processing JED-ASW for 26APR
[LF] No direct flights on 26APR for JED-ASW
[LF] Processing JED-ASW for 25APR
[LF] No direct flights on 25APR for JED-ASW
[LF] Processing JED-ASW for 24APR
[LF] No direct flights on 24APR for JED-ASW
[LF] Processing JED-ASW for 23APR
[LF] No direct flights on 23APR for JED-ASW
[LF] Processing JED-ASW for 22APR
[LF] No direct flights on 22APR for JED-ASW
[LF] Processing JED-ASW for 21APR
[LF] No direct flights on 21APR for JED-ASW
[LF] Results summary:
  2026-04-29: 0 flights
  2026-04-28: 0 flights
  2026-04-27: 0 flights
  2026-04-26: 0 flights
  2026-04-25: 0 flights
  2026-04-24: 0 flights
  2026-04-23: 0 flights
  2026-04-22: 0 flights
  2026-04-21: 0 flights

============================================================
[Worker_9234] ✓ COMPLETED: JED-ASW
  Results: 9 dates
  Errors: 0 dates
  Total Processed: 1 groups
============================================================


============================================================
[Worker_9234] Processing: DMM-CAI
  Tier 0: Range 4, Chunk 1/3
  Dates: 9 days
  Date Range: 2026-04-29 to 2026-04-21
============================================================

2026-01-19 05:19:18 | INFO     | ======================================================================
2026-01-19 05:19:18 | INFO     | Load Factor Scraper Started - Route: DMM-CAI
2026-01-19 05:19:18 | INFO     | Log file: D:\CODERED\LAB\Artifacts\outputs\run_generated_190126_at_05.18_RETRY\logs\LF_DMM-CAI_20260119_051918.log
2026-01-19 05:19:18 | INFO     | Enhanced logging: Capturing both logging.info() and print()
2026-01-19 05:19:18 | INFO     | ======================================================================
[LF] Processing dates (override): ['29APR', '28APR', '27APR', '26APR', '25APR', '24APR', '23APR', '22APR', '21APR']
[LF] Attaching to Chrome for Altea access
2026-01-19 05:19:18 | INFO     | Starting LF search for route: DMM-CAI
2026-01-19 05:19:18 | INFO     | [START] LF Search
[LF][[OK] SUCCESS] Connected to Chrome on 127.0.0.1:9234 (after 1 attempts)
2026-01-19 05:19:19 | INFO     | [HEALTH CHECK] [OK] Chrome connection is healthy
[LF][[OK] SUCCESS] Found Amadeus Altea window: Altéa Reservation Desktop
[LF][[INFO] INFO] URL: https://tc212.resdesktop.altea.amadeus.com/app_ard/apf/init/login?SITE=ESMPESMP&LANGUAGE=GB&MARKETS=ARDW_PROD_WBP&ACTION=clpLogin
2026-01-19 05:19:19 | INFO     | [DAY_START] Processing 29APR
[LF] Processing DMM-CAI for 29APR
2026-01-19 05:19:19 | INFO     | [lf.day.start] Processing DMM-CAI for 29APR
[LF] 29APR: found 1 direct flights
2026-01-19 05:19:20 | INFO     | [lf.day.flights_found] Found 1 flights on 29APR
2026-01-19 05:19:22 | INFO     | [lf.flight.extracted] SM434 on 29APR: BKG=2, LF=1.1%
[LF] SM434 29APR: BKG=2, GRP=0, CAP=175, LF%=1.1%, Brd-Off=DMM-CAI, Classes: I:2
[LF] Getting WEEKLY/LASTSOLD data for 1 flights
[LF] SM434 29APR: LASTSOLD=2026-01-13 00:00:00, WEEKLY=2, TODAY=0, YDAY=0
2026-01-19 05:19:24 | INFO     | [SUCCESS] Day 29APR
2026-01-19 05:19:24 | INFO     | [DAY_START] Processing 28APR
[LF] Processing DMM-CAI for 28APR
2026-01-19 05:19:24 | INFO     | [lf.day.start] Processing DMM-CAI for 28APR
[LF] 28APR: found 1 direct flights
2026-01-19 05:19:26 | INFO     | [lf.day.flights_found] Found 1 flights on 28APR
2026-01-19 05:19:28 | INFO     | [lf.flight.extracted] SM434 on 28APR: BKG=0, LF=0.0%
[LF] SM434 28APR: BKG=0, GRP=0, CAP=175, LF%=0.0%, Brd-Off=DMM-CAI
2026-01-19 05:19:29 | INFO     | [SUCCESS] Day 28APR
2026-01-19 05:19:29 | INFO     | [DAY_START] Processing 27APR
[LF] Processing DMM-CAI for 27APR
2026-01-19 05:19:29 | INFO     | [lf.day.start] Processing DMM-CAI for 27APR
[LF] 27APR: found 2 direct flights
2026-01-19 05:19:30 | INFO     | [lf.day.flights_found] Found 2 flights on 27APR
2026-01-19 05:19:33 | INFO     | [lf.flight.extracted] SM440 on 27APR: BKG=3, LF=1.7%
[LF] SM440 27APR: BKG=3, GRP=0, CAP=175, LF%=1.7%, Brd-Off=DMM-CAI, Classes: I:3
2026-01-19 05:19:37 | INFO     | [lf.flight.extracted] SM434 on 27APR: BKG=0, LF=0.0%
[LF] SM434 27APR: BKG=0, GRP=0, CAP=175, LF%=0.0%, Brd-Off=DMM-CAI
[LF] Getting WEEKLY/LASTSOLD data for 1 flights
[LF] SM440 27APR: LASTSOLD=2025-11-04 00:00:00, WEEKLY=0, TODAY=0, YDAY=0
2026-01-19 05:19:40 | INFO     | [SUCCESS] Day 27APR
2026-01-19 05:19:40 | INFO     | [DAY_START] Processing 26APR
[LF] Processing DMM-CAI for 26APR
2026-01-19 05:19:40 | INFO     | [lf.day.start] Processing DMM-CAI for 26APR
[LF] 26APR: found 1 direct flights
2026-01-19 05:19:42 | INFO     | [lf.day.flights_found] Found 1 flights on 26APR
2026-01-19 05:19:45 | INFO     | [lf.flight.extracted] SM434 on 26APR: BKG=0, LF=0.0%
[LF] SM434 26APR: BKG=0, GRP=0, CAP=175, LF%=0.0%, Brd-Off=DMM-CAI
2026-01-19 05:19:46 | INFO     | [SUCCESS] Day 26APR
2026-01-19 05:19:46 | INFO     | [DAY_START] Processing 25APR
[LF] Processing DMM-CAI for 25APR
2026-01-19 05:19:46 | INFO     | [lf.day.start] Processing DMM-CAI for 25APR
[LF] No direct flights on 25APR for DMM-CAI
2026-01-19 05:19:48 | WARNING  | [lf.day.no_flights] No direct flights on 25APR
2026-01-19 05:19:48 | INFO     | [SUCCESS] Day 25APR
2026-01-19 05:19:48 | INFO     | [DAY_START] Processing 24APR
[LF] Processing DMM-CAI for 24APR
2026-01-19 05:19:48 | INFO     | [lf.day.start] Processing DMM-CAI for 24APR
[LF] 24APR: found 2 direct flights
2026-01-19 05:19:50 | INFO     | [lf.day.flights_found] Found 2 flights on 24APR
2026-01-19 05:19:52 | INFO     | [lf.flight.extracted] SM434 on 24APR: BKG=0, LF=0.0%
[LF] SM434 24APR: BKG=0, GRP=0, CAP=175, LF%=0.0%, Brd-Off=DMM-CAI
2026-01-19 05:19:57 | INFO     | [lf.flight.extracted] SM440 on 24APR: BKG=0, LF=0.0%
[LF] SM440 24APR: BKG=0, GRP=0, CAP=175, LF%=0.0%, Brd-Off=DMM-CAI
2026-01-19 05:19:58 | INFO     | [SUCCESS] Day 24APR
2026-01-19 05:19:58 | INFO     | [DAY_START] Processing 23APR
[LF] Processing DMM-CAI for 23APR
2026-01-19 05:19:58 | INFO     | [lf.day.start] Processing DMM-CAI for 23APR
[LF] No direct flights on 23APR for DMM-CAI
2026-01-19 05:20:00 | WARNING  | [lf.day.no_flights] No direct flights on 23APR
2026-01-19 05:20:00 | INFO     | [SUCCESS] Day 23APR
2026-01-19 05:20:00 | INFO     | [DAY_START] Processing 22APR
[LF] Processing DMM-CAI for 22APR
2026-01-19 05:20:00 | INFO     | [lf.day.start] Processing DMM-CAI for 22APR
[LF] 22APR: found 1 direct flights
2026-01-19 05:20:01 | INFO     | [lf.day.flights_found] Found 1 flights on 22APR
2026-01-19 05:20:04 | INFO     | [lf.flight.extracted] SM434 on 22APR: BKG=3, LF=1.8%
[LF] SM434 22APR: BKG=3, GRP=0, CAP=168, LF%=1.8%, Brd-Off=DMM-CAI, Classes: I:3
[LF] Getting WEEKLY/LASTSOLD data for 1 flights
[LF] SM434 22APR: LASTSOLD=2026-01-11 00:00:00, WEEKLY=0, TODAY=0, YDAY=0
2026-01-19 05:20:07 | INFO     | [SUCCESS] Day 22APR
2026-01-19 05:20:07 | INFO     | [DAY_START] Processing 21APR
[LF] Processing DMM-CAI for 21APR
2026-01-19 05:20:07 | INFO     | [lf.day.start] Processing DMM-CAI for 21APR
[LF] 21APR: found 1 direct flights
2026-01-19 05:20:08 | INFO     | [lf.day.flights_found] Found 1 flights on 21APR
