2026-01-17 23:49:35 | INFO     | ======================================================================
2026-01-17 23:49:35 | INFO     | Load Factor Scraper Started - Route: ATZ-DMM
2026-01-17 23:49:35 | INFO     | Log file: D:\CODERED\LAB\Artifacts\outputs\run_generated_170126_at_23.33_RETRY\logs\LF_ATZ-DMM_20260117_234935.log
2026-01-17 23:49:35 | INFO     | Enhanced logging: Capturing both logging.info() and print()
2026-01-17 23:49:35 | INFO     | ======================================================================
2026-01-17 23:49:35 | INFO     | Starting LF search for route: ATZ-DMM
2026-01-17 23:49:35 | INFO     | [START] LF Search
2026-01-17 23:49:36 | INFO     | [HEALTH CHECK] [OK] Chrome connection is healthy
2026-01-17 23:49:36 | INFO     | [DAY_START] Processing 23MAR
2026-01-17 23:49:36 | INFO     | [lf.day.start] Processing ATZ-DMM for 23MAR
2026-01-17 23:49:37 | INFO     | [lf.day.flights_found] Found 1 flights on 23MAR
2026-01-17 23:49:39 | INFO     | [lf.flight.extracted] SM437 on 23MAR: BKG=16, LF=9.1%
2026-01-17 23:49:42 | INFO     | [SUCCESS] Day 23MAR
2026-01-17 23:49:42 | INFO     | [DAY_START] Processing 22MAR
2026-01-17 23:49:42 | INFO     | [lf.day.start] Processing ATZ-DMM for 22MAR
2026-01-17 23:49:43 | WARNING  | [lf.day.no_flights] No direct flights on 22MAR
2026-01-17 23:49:43 | INFO     | [SUCCESS] Day 22MAR
2026-01-17 23:49:43 | INFO     | [DAY_START] Processing 21MAR
2026-01-17 23:49:43 | INFO     | [lf.day.start] Processing ATZ-DMM for 21MAR
2026-01-17 23:49:44 | WARNING  | [lf.day.no_flights] No direct flights on 21MAR
2026-01-17 23:49:44 | INFO     | [SUCCESS] Day 21MAR
2026-01-17 23:49:44 | INFO     | [DAY_START] Processing 20MAR
2026-01-17 23:49:44 | INFO     | [lf.day.start] Processing ATZ-DMM for 20MAR
2026-01-17 23:49:45 | INFO     | [lf.day.flights_found] Found 1 flights on 20MAR
2026-01-17 23:49:47 | INFO     | [lf.flight.extracted] SM437 on 20MAR: BKG=1, LF=0.6%
2026-01-17 23:49:49 | INFO     | [SUCCESS] Day 20MAR
2026-01-17 23:49:49 | INFO     | [DAY_START] Processing 19MAR
2026-01-17 23:49:49 | INFO     | [lf.day.start] Processing ATZ-DMM for 19MAR
2026-01-17 23:49:50 | WARNING  | [lf.day.no_flights] No direct flights on 19MAR
2026-01-17 23:49:51 | INFO     | [SUCCESS] Day 19MAR
2026-01-17 23:49:51 | INFO     | [DAY_START] Processing 18MAR
2026-01-17 23:49:51 | INFO     | [lf.day.start] Processing ATZ-DMM for 18MAR
2026-01-17 23:49:51 | WARNING  | [lf.day.no_flights] No direct flights on 18MAR
2026-01-17 23:49:52 | INFO     | [SUCCESS] Day 18MAR
2026-01-17 23:49:52 | INFO     | [DAY_START] Processing 17MAR
2026-01-17 23:49:52 | INFO     | [lf.day.start] Processing ATZ-DMM for 17MAR
2026-01-17 23:49:53 | WARNING  | [lf.day.no_flights] No direct flights on 17MAR
2026-01-17 23:49:53 | INFO     | [SUCCESS] Day 17MAR
2026-01-17 23:49:53 | INFO     | [DAY_START] Processing 16MAR
2026-01-17 23:49:53 | INFO     | [lf.day.start] Processing ATZ-DMM for 16MAR
2026-01-17 23:49:54 | INFO     | [lf.day.flights_found] Found 1 flights on 16MAR
2026-01-17 23:49:56 | INFO     | [lf.flight.extracted] SM437 on 16MAR: BKG=1, LF=0.6%
2026-01-17 23:49:58 | INFO     | [SUCCESS] Day 16MAR
2026-01-17 23:49:58 | INFO     | [SUCCESS] LF Search Complete
2026-01-17 23:49:58 | INFO     | [Worker_9224] Completed: ATZ-DMM - 8 results, 0 errors
2026-01-17 23:49:58 | INFO     | [Worker_9224] Processing: CAI-AJF
2026-01-17 23:49:58 | INFO     |   Tier 0: Range 3, Chunk 2/3 (8 days)
