2026-01-18 00:05:02 | INFO     | ======================================================================
2026-01-18 00:05:02 | INFO     | Load Factor Scraper Started - Route: AJF-ATZ
2026-01-18 00:05:02 | INFO     | Log file: D:\CODERED\LAB\Artifacts\outputs\run_generated_170126_at_23.33_RETRY\logs\LF_AJF-ATZ_20260118_000502.log
2026-01-18 00:05:02 | INFO     | Enhanced logging: Capturing both logging.info() and print()
2026-01-18 00:05:02 | INFO     | ======================================================================
2026-01-18 00:05:02 | INFO     | Starting LF search for route: AJF-ATZ
2026-01-18 00:05:02 | INFO     | [START] LF Search
2026-01-18 00:05:04 | INFO     | [HEALTH CHECK] [OK] Chrome connection is healthy
2026-01-18 00:05:04 | INFO     | [DAY_START] Processing 18FEB
2026-01-18 00:05:04 | INFO     | [lf.day.start] Processing AJF-ATZ for 18FEB
2026-01-18 00:05:05 | WARNING  | [lf.day.no_flights] No direct flights on 18FEB
2026-01-18 00:05:05 | INFO     | [SUCCESS] Day 18FEB
2026-01-18 00:05:05 | INFO     | [DAY_START] Processing 17FEB
2026-01-18 00:05:05 | INFO     | [lf.day.start] Processing AJF-ATZ for 17FEB
2026-01-18 00:05:06 | WARNING  | [lf.day.no_flights] No direct flights on 17FEB
2026-01-18 00:05:07 | INFO     | [SUCCESS] Day 17FEB
2026-01-18 00:05:07 | INFO     | [DAY_START] Processing 16FEB
2026-01-18 00:05:07 | INFO     | [lf.day.start] Processing AJF-ATZ for 16FEB
2026-01-18 00:05:08 | WARNING  | [lf.day.no_flights] No direct flights on 16FEB
2026-01-18 00:05:08 | INFO     | [SUCCESS] Day 16FEB
2026-01-18 00:05:08 | INFO     | [DAY_START] Processing 15FEB
2026-01-18 00:05:08 | INFO     | [lf.day.start] Processing AJF-ATZ for 15FEB
2026-01-18 00:05:09 | WARNING  | [lf.day.no_flights] No direct flights on 15FEB
2026-01-18 00:05:09 | INFO     | [SUCCESS] Day 15FEB
2026-01-18 00:05:09 | INFO     | [DAY_START] Processing 14FEB
2026-01-18 00:05:09 | INFO     | [lf.day.start] Processing AJF-ATZ for 14FEB
2026-01-18 00:05:11 | WARNING  | [lf.day.no_flights] No direct flights on 14FEB
2026-01-18 00:05:11 | INFO     | [SUCCESS] Day 14FEB
2026-01-18 00:05:11 | INFO     | [DAY_START] Processing 13FEB
2026-01-18 00:05:11 | INFO     | [lf.day.start] Processing AJF-ATZ for 13FEB
2026-01-18 00:05:12 | INFO     | [lf.day.flights_found] Found 1 flights on 13FEB
2026-01-18 00:05:14 | INFO     | [lf.flight.extracted] SM324 on 13FEB: BKG=78, LF=44.6%
2026-01-18 00:05:20 | INFO     | [SUCCESS] Day 13FEB
2026-01-18 00:05:20 | INFO     | [DAY_START] Processing 12FEB
2026-01-18 00:05:20 | INFO     | [lf.day.start] Processing AJF-ATZ for 12FEB
2026-01-18 00:05:22 | WARNING  | [lf.day.no_flights] No direct flights on 12FEB
2026-01-18 00:05:22 | INFO     | [SUCCESS] Day 12FEB
2026-01-18 00:05:22 | INFO     | [DAY_START] Processing 11FEB
2026-01-18 00:05:22 | INFO     | [lf.day.start] Processing AJF-ATZ for 11FEB
2026-01-18 00:05:23 | WARNING  | [lf.day.no_flights] No direct flights on 11FEB
2026-01-18 00:05:23 | INFO     | [SUCCESS] Day 11FEB
2026-01-18 00:05:23 | INFO     | [SUCCESS] LF Search Complete
2026-01-18 00:05:23 | INFO     | [Worker_9222] Completed: AJF-ATZ - 8 results, 0 errors
2026-01-18 00:05:23 | INFO     | [Worker_9222] Processing: AHB-CAI
2026-01-18 00:05:23 | INFO     |   Tier 0: Range 2, Chunk 3/3 (8 days)
