2026-01-17 23:52:22 | INFO     | ======================================================================
2026-01-17 23:52:22 | INFO     | Load Factor Scraper Started - Route: AHB-CAI
2026-01-17 23:52:22 | INFO     | Log file: D:\CODERED\LAB\Artifacts\outputs\run_generated_170126_at_23.33_RETRY\logs\LF_AHB-CAI_20260117_235222.log
2026-01-17 23:52:22 | INFO     | Enhanced logging: Capturing both logging.info() and print()
2026-01-17 23:52:22 | INFO     | ======================================================================
2026-01-17 23:52:22 | INFO     | Starting LF search for route: AHB-CAI
2026-01-17 23:52:22 | INFO     | [START] LF Search
2026-01-17 23:52:23 | INFO     | [HEALTH CHECK] [OK] Chrome connection is healthy
2026-01-17 23:52:23 | INFO     | [DAY_START] Processing 15MAR
2026-01-17 23:52:23 | INFO     | [lf.day.start] Processing AHB-CAI for 15MAR
2026-01-17 23:52:24 | INFO     | [lf.day.flights_found] Found 1 flights on 15MAR
2026-01-17 23:52:26 | INFO     | [lf.flight.extracted] SM444 on 15MAR: BKG=11, LF=6.3%
2026-01-17 23:52:31 | INFO     | [SUCCESS] Day 15MAR
2026-01-17 23:52:31 | INFO     | [DAY_START] Processing 14MAR
2026-01-17 23:52:31 | INFO     | [lf.day.start] Processing AHB-CAI for 14MAR
2026-01-17 23:52:33 | WARNING  | [lf.day.no_flights] No direct flights on 14MAR
2026-01-17 23:52:33 | INFO     | [SUCCESS] Day 14MAR
2026-01-17 23:52:33 | INFO     | [DAY_START] Processing 13MAR
2026-01-17 23:52:33 | INFO     | [lf.day.start] Processing AHB-CAI for 13MAR
2026-01-17 23:52:34 | INFO     | [lf.day.flights_found] Found 1 flights on 13MAR
2026-01-17 23:52:37 | INFO     | [lf.flight.extracted] SM444 on 13MAR: BKG=7, LF=4.0%
2026-01-17 23:52:40 | INFO     | [SUCCESS] Day 13MAR
2026-01-17 23:52:40 | INFO     | [DAY_START] Processing 12MAR
2026-01-17 23:52:40 | INFO     | [lf.day.start] Processing AHB-CAI for 12MAR
2026-01-17 23:52:41 | INFO     | [lf.day.flights_found] Found 1 flights on 12MAR
2026-01-17 23:52:43 | INFO     | [lf.flight.extracted] SM448 on 12MAR: BKG=9, LF=5.1%
2026-01-17 23:52:46 | INFO     | [SUCCESS] Day 12MAR
2026-01-17 23:52:46 | INFO     | [DAY_START] Processing 11MAR
2026-01-17 23:52:46 | INFO     | [lf.day.start] Processing AHB-CAI for 11MAR
2026-01-17 23:52:47 | WARNING  | [lf.day.no_flights] No direct flights on 11MAR
2026-01-17 23:52:47 | INFO     | [SUCCESS] Day 11MAR
2026-01-17 23:52:47 | INFO     | [DAY_START] Processing 10MAR
2026-01-17 23:52:47 | INFO     | [lf.day.start] Processing AHB-CAI for 10MAR
2026-01-17 23:52:49 | WARNING  | [lf.day.no_flights] No direct flights on 10MAR
2026-01-17 23:52:49 | INFO     | [SUCCESS] Day 10MAR
2026-01-17 23:52:49 | INFO     | [DAY_START] Processing 09MAR
2026-01-17 23:52:49 | INFO     | [lf.day.start] Processing AHB-CAI for 09MAR
2026-01-17 23:52:50 | WARNING  | [lf.day.no_flights] No direct flights on 09MAR
2026-01-17 23:52:50 | INFO     | [SUCCESS] Day 09MAR
2026-01-17 23:52:50 | INFO     | [DAY_START] Processing 08MAR
2026-01-17 23:52:50 | INFO     | [lf.day.start] Processing AHB-CAI for 08MAR
2026-01-17 23:52:51 | INFO     | [lf.day.flights_found] Found 1 flights on 08MAR
2026-01-17 23:52:53 | INFO     | [lf.flight.extracted] SM444 on 08MAR: BKG=40, LF=22.9%
2026-01-17 23:52:57 | INFO     | [SUCCESS] Day 08MAR
2026-01-17 23:52:57 | INFO     | [SUCCESS] LF Search Complete
2026-01-17 23:52:57 | INFO     | [Worker_9233] Completed: AHB-CAI - 8 results, 0 errors
2026-01-17 23:52:57 | INFO     | [Worker_9233] Processing: CAI-JED
2026-01-17 23:52:57 | INFO     |   Tier 0: Range 3, Chunk 3/3 (8 days)
