2026-01-18 00:13:22 | INFO     | ======================================================================
2026-01-18 00:13:22 | INFO     | Load Factor Scraper Started - Route: ATZ-TUU
2026-01-18 00:13:22 | INFO     | Log file: D:\CODERED\LAB\Artifacts\outputs\run_generated_170126_at_23.33_RETRY\logs\LF_ATZ-TUU_20260118_001322.log
2026-01-18 00:13:22 | INFO     | Enhanced logging: Capturing both logging.info() and print()
2026-01-18 00:13:22 | INFO     | ======================================================================
2026-01-18 00:13:22 | INFO     | Starting LF search for route: ATZ-TUU
2026-01-18 00:13:22 | INFO     | [START] LF Search
2026-01-18 00:13:23 | INFO     | [HEALTH CHECK] [OK] Chrome connection is healthy
2026-01-18 00:13:23 | INFO     | [DAY_START] Processing 10FEB
2026-01-18 00:13:23 | INFO     | [lf.day.start] Processing ATZ-TUU for 10FEB
2026-01-18 00:13:24 | WARNING  | [lf.day.no_flights] No direct flights on 10FEB
2026-01-18 00:13:24 | INFO     | [SUCCESS] Day 10FEB
2026-01-18 00:13:24 | INFO     | [DAY_START] Processing 09FEB
2026-01-18 00:13:24 | INFO     | [lf.day.start] Processing ATZ-TUU for 09FEB
2026-01-18 00:13:25 | WARNING  | [lf.day.no_flights] No direct flights on 09FEB
2026-01-18 00:13:25 | INFO     | [SUCCESS] Day 09FEB
2026-01-18 00:13:25 | INFO     | [DAY_START] Processing 08FEB
2026-01-18 00:13:25 | INFO     | [lf.day.start] Processing ATZ-TUU for 08FEB
2026-01-18 00:13:26 | WARNING  | [lf.day.no_flights] No direct flights on 08FEB
2026-01-18 00:13:26 | INFO     | [SUCCESS] Day 08FEB
2026-01-18 00:13:26 | INFO     | [DAY_START] Processing 07FEB
2026-01-18 00:13:26 | INFO     | [lf.day.start] Processing ATZ-TUU for 07FEB
2026-01-18 00:13:27 | WARNING  | [lf.day.no_flights] No direct flights on 07FEB
2026-01-18 00:13:28 | INFO     | [SUCCESS] Day 07FEB
2026-01-18 00:13:28 | INFO     | [DAY_START] Processing 06FEB
2026-01-18 00:13:28 | INFO     | [lf.day.start] Processing ATZ-TUU for 06FEB
2026-01-18 00:13:29 | INFO     | [lf.day.flights_found] Found 1 flights on 06FEB
2026-01-18 00:13:30 | INFO     | [lf.flight.extracted] SM327 on 06FEB: BKG=9, LF=5.0%
2026-01-18 00:13:33 | INFO     | [SUCCESS] Day 06FEB
2026-01-18 00:13:33 | INFO     | [DAY_START] Processing 05FEB
2026-01-18 00:13:33 | INFO     | [lf.day.start] Processing ATZ-TUU for 05FEB
2026-01-18 00:13:34 | WARNING  | [lf.day.no_flights] No direct flights on 05FEB
2026-01-18 00:13:34 | INFO     | [SUCCESS] Day 05FEB
2026-01-18 00:13:34 | INFO     | [DAY_START] Processing 04FEB
2026-01-18 00:13:34 | INFO     | [lf.day.start] Processing ATZ-TUU for 04FEB
2026-01-18 00:13:35 | WARNING  | [lf.day.no_flights] No direct flights on 04FEB
2026-01-18 00:13:36 | INFO     | [SUCCESS] Day 04FEB
2026-01-18 00:13:36 | INFO     | [DAY_START] Processing 03FEB
2026-01-18 00:13:36 | INFO     | [lf.day.start] Processing ATZ-TUU for 03FEB
2026-01-18 00:13:37 | WARNING  | [lf.day.no_flights] No direct flights on 03FEB
2026-01-18 00:13:37 | INFO     | [SUCCESS] Day 03FEB
2026-01-18 00:13:37 | INFO     | [DAY_START] Processing 02FEB
2026-01-18 00:13:37 | INFO     | [lf.day.start] Processing ATZ-TUU for 02FEB
2026-01-18 00:13:38 | WARNING  | [lf.day.no_flights] No direct flights on 02FEB
2026-01-18 00:13:38 | INFO     | [SUCCESS] Day 02FEB
2026-01-18 00:13:38 | INFO     | [SUCCESS] LF Search Complete
2026-01-18 00:13:38 | INFO     | [Worker_9223] Completed: ATZ-TUU - 9 results, 0 errors
2026-01-18 00:13:38 | INFO     | [Worker_9223] Processing: CAI-AHB
2026-01-18 00:13:38 | INFO     |   Tier 0: Range 1, Chunk 1/3 (9 days)
