2026-01-17 23:34:13 | INFO     | ======================================================================
2026-01-17 23:34:13 | INFO     | Load Factor Scraper Started - Route: ATZ-MED
2026-01-17 23:34:13 | INFO     | Log file: D:\CODERED\LAB\Artifacts\outputs\run_generated_170126_at_23.33_RETRY\logs\LF_ATZ-MED_20260117_233413.log
2026-01-17 23:34:13 | INFO     | Enhanced logging: Capturing both logging.info() and print()
2026-01-17 23:34:13 | INFO     | ======================================================================
2026-01-17 23:34:13 | INFO     | Starting LF search for route: ATZ-MED
2026-01-17 23:34:13 | INFO     | [START] LF Search
2026-01-17 23:34:14 | INFO     | [HEALTH CHECK] [OK] Chrome connection is healthy
2026-01-17 23:34:14 | INFO     | [DAY_START] Processing 27APR
2026-01-17 23:34:14 | INFO     | [lf.day.start] Processing ATZ-MED for 27APR
2026-01-17 23:34:15 | WARNING  | [lf.day.no_flights] No direct flights on 27APR
2026-01-17 23:34:15 | INFO     | [SUCCESS] Day 27APR
2026-01-17 23:34:15 | INFO     | [DAY_START] Processing 26APR
2026-01-17 23:34:15 | INFO     | [lf.day.start] Processing ATZ-MED for 26APR
2026-01-17 23:34:16 | INFO     | [lf.day.flights_found] Found 1 flights on 26APR
2026-01-17 23:34:19 | INFO     | [lf.flight.extracted] SM487 on 26APR: BKG=3, LF=1.7%
2026-01-17 23:34:21 | INFO     | [SUCCESS] Day 26APR
2026-01-17 23:34:21 | INFO     | [DAY_START] Processing 25APR
2026-01-17 23:34:21 | INFO     | [lf.day.start] Processing ATZ-MED for 25APR
2026-01-17 23:34:22 | WARNING  | [lf.day.no_flights] No direct flights on 25APR
2026-01-17 23:34:22 | INFO     | [SUCCESS] Day 25APR
2026-01-17 23:34:22 | INFO     | [DAY_START] Processing 24APR
2026-01-17 23:34:22 | INFO     | [lf.day.start] Processing ATZ-MED for 24APR
2026-01-17 23:34:23 | WARNING  | [lf.day.no_flights] No direct flights on 24APR
2026-01-17 23:34:24 | INFO     | [SUCCESS] Day 24APR
2026-01-17 23:34:24 | INFO     | [DAY_START] Processing 23APR
2026-01-17 23:34:24 | INFO     | [lf.day.start] Processing ATZ-MED for 23APR
2026-01-17 23:34:25 | WARNING  | [lf.day.no_flights] No direct flights on 23APR
2026-01-17 23:34:25 | INFO     | [SUCCESS] Day 23APR
2026-01-17 23:34:25 | INFO     | [DAY_START] Processing 22APR
2026-01-17 23:34:25 | INFO     | [lf.day.start] Processing ATZ-MED for 22APR
2026-01-17 23:34:26 | WARNING  | [lf.day.no_flights] No direct flights on 22APR
2026-01-17 23:34:26 | INFO     | [SUCCESS] Day 22APR
2026-01-17 23:34:26 | INFO     | [DAY_START] Processing 21APR
2026-01-17 23:34:26 | INFO     | [lf.day.start] Processing ATZ-MED for 21APR
2026-01-17 23:34:27 | WARNING  | [lf.day.no_flights] No direct flights on 21APR
2026-01-17 23:34:27 | INFO     | [SUCCESS] Day 21APR
2026-01-17 23:34:27 | INFO     | [DAY_START] Processing 20APR
2026-01-17 23:34:27 | INFO     | [lf.day.start] Processing ATZ-MED for 20APR
2026-01-17 23:34:28 | WARNING  | [lf.day.no_flights] No direct flights on 20APR
2026-01-17 23:34:29 | INFO     | [SUCCESS] Day 20APR
2026-01-17 23:34:29 | INFO     | [DAY_START] Processing 19APR
2026-01-17 23:34:29 | INFO     | [lf.day.start] Processing ATZ-MED for 19APR
2026-01-17 23:34:30 | INFO     | [lf.day.flights_found] Found 1 flights on 19APR
2026-01-17 23:34:32 | INFO     | [lf.flight.extracted] SM487 on 19APR: BKG=5, LF=2.8%
2026-01-17 23:34:34 | INFO     | [SUCCESS] Day 19APR
2026-01-17 23:34:34 | INFO     | [SUCCESS] LF Search Complete
2026-01-17 23:34:34 | INFO     | [Worker_9222] Completed: ATZ-MED - 9 results, 0 errors
2026-01-17 23:34:34 | INFO     | [Worker_9222] Processing: CAI-RUH
2026-01-17 23:34:34 | INFO     |   Tier 0: Range 4, Chunk 1/3 (9 days)
