2026-01-18 00:18:31 | INFO     | ======================================================================
2026-01-18 00:18:31 | INFO     | Load Factor Scraper Started - Route: ATZ-TUU
2026-01-18 00:18:31 | INFO     | Log file: D:\CODERED\LAB\Artifacts\outputs\run_generated_170126_at_23.33_RETRY\logs\LF_ATZ-TUU_20260118_001831.log
2026-01-18 00:18:31 | INFO     | Enhanced logging: Capturing both logging.info() and print()
2026-01-18 00:18:31 | INFO     | ======================================================================
2026-01-18 00:18:31 | INFO     | Starting LF search for route: ATZ-TUU
2026-01-18 00:18:31 | INFO     | [START] LF Search
2026-01-18 00:18:32 | INFO     | [HEALTH CHECK] [OK] Chrome connection is healthy
2026-01-18 00:18:32 | INFO     | [DAY_START] Processing 01FEB
2026-01-18 00:18:32 | INFO     | [lf.day.start] Processing ATZ-TUU for 01FEB
2026-01-18 00:18:33 | WARNING  | [lf.day.no_flights] No direct flights on 01FEB
2026-01-18 00:18:33 | INFO     | [SUCCESS] Day 01FEB
2026-01-18 00:18:33 | INFO     | [DAY_START] Processing 31JAN
2026-01-18 00:18:33 | INFO     | [lf.day.start] Processing ATZ-TUU for 31JAN
2026-01-18 00:18:34 | WARNING  | [lf.day.no_flights] No direct flights on 31JAN
2026-01-18 00:18:34 | INFO     | [SUCCESS] Day 31JAN
2026-01-18 00:18:34 | INFO     | [DAY_START] Processing 30JAN
2026-01-18 00:18:34 | INFO     | [lf.day.start] Processing ATZ-TUU for 30JAN
2026-01-18 00:18:35 | INFO     | [lf.day.flights_found] Found 1 flights on 30JAN
2026-01-18 00:18:37 | INFO     | [lf.flight.extracted] SM327 on 30JAN: BKG=32, LF=17.9%
2026-01-18 00:18:41 | INFO     | [SUCCESS] Day 30JAN
2026-01-18 00:18:41 | INFO     | [DAY_START] Processing 29JAN
2026-01-18 00:18:41 | INFO     | [lf.day.start] Processing ATZ-TUU for 29JAN
2026-01-18 00:18:42 | WARNING  | [lf.day.no_flights] No direct flights on 29JAN
2026-01-18 00:18:42 | INFO     | [SUCCESS] Day 29JAN
2026-01-18 00:18:42 | INFO     | [DAY_START] Processing 28JAN
2026-01-18 00:18:42 | INFO     | [lf.day.start] Processing ATZ-TUU for 28JAN
2026-01-18 00:18:43 | WARNING  | [lf.day.no_flights] No direct flights on 28JAN
2026-01-18 00:18:43 | INFO     | [SUCCESS] Day 28JAN
2026-01-18 00:18:43 | INFO     | [DAY_START] Processing 27JAN
2026-01-18 00:18:43 | INFO     | [lf.day.start] Processing ATZ-TUU for 27JAN
2026-01-18 00:18:44 | WARNING  | [lf.day.no_flights] No direct flights on 27JAN
2026-01-18 00:18:45 | INFO     | [SUCCESS] Day 27JAN
2026-01-18 00:18:45 | INFO     | [DAY_START] Processing 26JAN
2026-01-18 00:18:45 | INFO     | [lf.day.start] Processing ATZ-TUU for 26JAN
2026-01-18 00:18:46 | WARNING  | [lf.day.no_flights] No direct flights on 26JAN
2026-01-18 00:18:46 | INFO     | [SUCCESS] Day 26JAN
2026-01-18 00:18:46 | INFO     | [DAY_START] Processing 25JAN
2026-01-18 00:18:46 | INFO     | [lf.day.start] Processing ATZ-TUU for 25JAN
2026-01-18 00:18:47 | WARNING  | [lf.day.no_flights] No direct flights on 25JAN
2026-01-18 00:18:47 | INFO     | [SUCCESS] Day 25JAN
2026-01-18 00:18:47 | INFO     | [SUCCESS] LF Search Complete
2026-01-18 00:18:47 | INFO     | [Worker_9232] Completed: ATZ-TUU - 8 results, 0 errors
2026-01-18 00:18:47 | INFO     | [Worker_9232] Processing: CAI-AHB
2026-01-18 00:18:47 | INFO     |   Tier 0: Range 1, Chunk 2/3 (8 days)
