2026-01-18 00:00:16 | INFO     | ======================================================================
2026-01-18 00:00:16 | INFO     | Load Factor Scraper Started - Route: AJF-CAI
2026-01-18 00:00:16 | INFO     | Log file: D:\CODERED\LAB\Artifacts\outputs\run_generated_170126_at_23.33_RETRY\logs\LF_AJF-CAI_20260118_000016.log
2026-01-18 00:00:16 | INFO     | Enhanced logging: Capturing both logging.info() and print()
2026-01-18 00:00:16 | INFO     | ======================================================================
2026-01-18 00:00:16 | INFO     | Starting LF search for route: AJF-CAI
2026-01-18 00:00:16 | INFO     | [START] LF Search
2026-01-18 00:00:18 | INFO     | [HEALTH CHECK] [OK] Chrome connection is healthy
2026-01-18 00:00:18 | INFO     | [DAY_START] Processing 26FEB
2026-01-18 00:00:18 | INFO     | [lf.day.start] Processing AJF-CAI for 26FEB
2026-01-18 00:00:19 | INFO     | [lf.day.flights_found] Found 1 flights on 26FEB
2026-01-18 00:00:21 | INFO     | [lf.flight.extracted] SM322 on 26FEB: BKG=32, LF=19.2%
2026-01-18 00:00:25 | INFO     | [SUCCESS] Day 26FEB
2026-01-18 00:00:25 | INFO     | [DAY_START] Processing 25FEB
2026-01-18 00:00:25 | INFO     | [lf.day.start] Processing AJF-CAI for 25FEB
2026-01-18 00:00:26 | WARNING  | [lf.day.no_flights] No direct flights on 25FEB
2026-01-18 00:00:26 | INFO     | [SUCCESS] Day 25FEB
2026-01-18 00:00:26 | INFO     | [DAY_START] Processing 24FEB
2026-01-18 00:00:26 | INFO     | [lf.day.start] Processing AJF-CAI for 24FEB
2026-01-18 00:00:27 | INFO     | [lf.day.flights_found] Found 1 flights on 24FEB
2026-01-18 00:00:30 | INFO     | [lf.flight.extracted] SM322 on 24FEB: BKG=19, LF=10.9%
2026-01-18 00:00:33 | INFO     | [SUCCESS] Day 24FEB
2026-01-18 00:00:33 | INFO     | [DAY_START] Processing 23FEB
2026-01-18 00:00:33 | INFO     | [lf.day.start] Processing AJF-CAI for 23FEB
2026-01-18 00:00:34 | WARNING  | [lf.day.no_flights] No direct flights on 23FEB
2026-01-18 00:00:34 | INFO     | [SUCCESS] Day 23FEB
2026-01-18 00:00:34 | INFO     | [DAY_START] Processing 22FEB
2026-01-18 00:00:34 | INFO     | [lf.day.start] Processing AJF-CAI for 22FEB
2026-01-18 00:00:35 | WARNING  | [lf.day.no_flights] No direct flights on 22FEB
2026-01-18 00:00:35 | INFO     | [SUCCESS] Day 22FEB
2026-01-18 00:00:35 | INFO     | [DAY_START] Processing 21FEB
2026-01-18 00:00:35 | INFO     | [lf.day.start] Processing AJF-CAI for 21FEB
2026-01-18 00:00:37 | INFO     | [lf.day.flights_found] Found 1 flights on 21FEB
2026-01-18 00:00:39 | INFO     | [lf.flight.extracted] SM322 on 21FEB: BKG=22, LF=12.6%
2026-01-18 00:00:43 | INFO     | [SUCCESS] Day 21FEB
2026-01-18 00:00:43 | INFO     | [DAY_START] Processing 20FEB
2026-01-18 00:00:43 | INFO     | [lf.day.start] Processing AJF-CAI for 20FEB
2026-01-18 00:00:44 | WARNING  | [lf.day.no_flights] No direct flights on 20FEB
2026-01-18 00:00:44 | INFO     | [SUCCESS] Day 20FEB
2026-01-18 00:00:44 | INFO     | [DAY_START] Processing 19FEB
2026-01-18 00:00:44 | INFO     | [lf.day.start] Processing AJF-CAI for 19FEB
2026-01-18 00:00:45 | INFO     | [lf.day.flights_found] Found 1 flights on 19FEB
2026-01-18 00:00:47 | INFO     | [lf.flight.extracted] SM322 on 19FEB: BKG=9, LF=5.1%
2026-01-18 00:00:51 | INFO     | [SUCCESS] Day 19FEB
2026-01-18 00:00:51 | INFO     | [SUCCESS] LF Search Complete
2026-01-18 00:00:51 | INFO     | [Worker_9225] Completed: AJF-CAI - 8 results, 0 errors
2026-01-18 00:00:51 | INFO     | [Worker_9225] Processing: HBE-MED
2026-01-18 00:00:51 | INFO     |   Tier 0: Range 2, Chunk 2/3 (8 days)
