2026-01-17 23:58:16 | INFO     | ======================================================================
2026-01-17 23:58:16 | INFO     | Load Factor Scraper Started - Route: ATZ-AHB
2026-01-17 23:58:16 | INFO     | Log file: D:\CODERED\LAB\Artifacts\outputs\run_generated_170126_at_23.33_RETRY\logs\LF_ATZ-AHB_20260117_235816.log
2026-01-17 23:58:16 | INFO     | Enhanced logging: Capturing both logging.info() and print()
2026-01-17 23:58:16 | INFO     | ======================================================================
2026-01-17 23:58:16 | INFO     | Starting LF search for route: ATZ-AHB
2026-01-17 23:58:16 | INFO     | [START] LF Search
2026-01-17 23:58:17 | INFO     | [HEALTH CHECK] [OK] Chrome connection is healthy
2026-01-17 23:58:17 | INFO     | [DAY_START] Processing 07MAR
2026-01-17 23:58:17 | INFO     | [lf.day.start] Processing ATZ-AHB for 07MAR
2026-01-17 23:58:18 | WARNING  | [lf.day.no_flights] No direct flights on 07MAR
2026-01-17 23:58:18 | INFO     | [SUCCESS] Day 07MAR
2026-01-17 23:58:18 | INFO     | [DAY_START] Processing 06MAR
2026-01-17 23:58:18 | INFO     | [lf.day.start] Processing ATZ-AHB for 06MAR
2026-01-17 23:58:20 | INFO     | [lf.day.flights_found] Found 1 flights on 06MAR
2026-01-17 23:58:22 | INFO     | [lf.flight.extracted] SM445 on 06MAR: BKG=2, LF=1.1%
2026-01-17 23:58:25 | INFO     | [SUCCESS] Day 06MAR
2026-01-17 23:58:25 | INFO     | [DAY_START] Processing 05MAR
2026-01-17 23:58:25 | INFO     | [lf.day.start] Processing ATZ-AHB for 05MAR
2026-01-17 23:58:26 | WARNING  | [lf.day.no_flights] No direct flights on 05MAR
2026-01-17 23:58:27 | INFO     | [SUCCESS] Day 05MAR
2026-01-17 23:58:27 | INFO     | [DAY_START] Processing 04MAR
2026-01-17 23:58:27 | INFO     | [lf.day.start] Processing ATZ-AHB for 04MAR
2026-01-17 23:58:28 | WARNING  | [lf.day.no_flights] No direct flights on 04MAR
2026-01-17 23:58:28 | INFO     | [SUCCESS] Day 04MAR
2026-01-17 23:58:28 | INFO     | [DAY_START] Processing 03MAR
2026-01-17 23:58:28 | INFO     | [lf.day.start] Processing ATZ-AHB for 03MAR
2026-01-17 23:58:29 | WARNING  | [lf.day.no_flights] No direct flights on 03MAR
2026-01-17 23:58:29 | INFO     | [SUCCESS] Day 03MAR
2026-01-17 23:58:29 | INFO     | [DAY_START] Processing 02MAR
2026-01-17 23:58:29 | INFO     | [lf.day.start] Processing ATZ-AHB for 02MAR
2026-01-17 23:58:30 | WARNING  | [lf.day.no_flights] No direct flights on 02MAR
2026-01-17 23:58:30 | INFO     | [SUCCESS] Day 02MAR
2026-01-17 23:58:30 | INFO     | [DAY_START] Processing 01MAR
2026-01-17 23:58:30 | INFO     | [lf.day.start] Processing ATZ-AHB for 01MAR
2026-01-17 23:58:31 | WARNING  | [lf.day.no_flights] No direct flights on 01MAR
2026-01-17 23:58:31 | INFO     | [SUCCESS] Day 01MAR
2026-01-17 23:58:31 | INFO     | [DAY_START] Processing 28FEB
2026-01-17 23:58:31 | INFO     | [lf.day.start] Processing ATZ-AHB for 28FEB
2026-01-17 23:58:32 | WARNING  | [lf.day.no_flights] No direct flights on 28FEB
2026-01-17 23:58:33 | INFO     | [SUCCESS] Day 28FEB
2026-01-17 23:58:33 | INFO     | [DAY_START] Processing 27FEB
2026-01-17 23:58:33 | INFO     | [lf.day.start] Processing ATZ-AHB for 27FEB
2026-01-17 23:58:34 | INFO     | [lf.day.flights_found] Found 1 flights on 27FEB
2026-01-17 23:58:36 | INFO     | [lf.flight.extracted] SM445 on 27FEB: BKG=0, LF=0.0%
2026-01-17 23:58:37 | INFO     | [SUCCESS] Day 27FEB
2026-01-17 23:58:37 | INFO     | [SUCCESS] LF Search Complete
2026-01-17 23:58:37 | INFO     | [Worker_9234] Completed: ATZ-AHB - 9 results, 0 errors
2026-01-17 23:58:37 | INFO     | [Worker_9234] Processing: MED-CAI
2026-01-17 23:58:37 | INFO     |   Tier 0: Range 2, Chunk 2/3 (8 days)
