2026-01-17 23:37:22 | INFO     | ======================================================================
2026-01-17 23:37:22 | INFO     | Load Factor Scraper Started - Route: ATZ-TUU
2026-01-17 23:37:22 | INFO     | Log file: D:\CODERED\LAB\Artifacts\outputs\run_generated_170126_at_23.33_RETRY\logs\LF_ATZ-TUU_20260117_233722.log
2026-01-17 23:37:22 | INFO     | Enhanced logging: Capturing both logging.info() and print()
2026-01-17 23:37:22 | INFO     | ======================================================================
2026-01-17 23:37:22 | INFO     | Starting LF search for route: ATZ-TUU
2026-01-17 23:37:22 | INFO     | [START] LF Search
2026-01-17 23:37:23 | INFO     | [HEALTH CHECK] [OK] Chrome connection is healthy
2026-01-17 23:37:23 | INFO     | [DAY_START] Processing 18APR
2026-01-17 23:37:23 | INFO     | [lf.day.start] Processing ATZ-TUU for 18APR
2026-01-17 23:37:24 | WARNING  | [lf.day.no_flights] No direct flights on 18APR
2026-01-17 23:37:24 | INFO     | [SUCCESS] Day 18APR
2026-01-17 23:37:24 | INFO     | [DAY_START] Processing 17APR
2026-01-17 23:37:24 | INFO     | [lf.day.start] Processing ATZ-TUU for 17APR
2026-01-17 23:37:25 | WARNING  | [lf.day.no_flights] No direct flights on 17APR
2026-01-17 23:37:26 | INFO     | [SUCCESS] Day 17APR
2026-01-17 23:37:26 | INFO     | [DAY_START] Processing 16APR
2026-01-17 23:37:26 | INFO     | [lf.day.start] Processing ATZ-TUU for 16APR
2026-01-17 23:37:27 | WARNING  | [lf.day.no_flights] No direct flights on 16APR
2026-01-17 23:37:27 | INFO     | [SUCCESS] Day 16APR
2026-01-17 23:37:27 | INFO     | [DAY_START] Processing 15APR
2026-01-17 23:37:27 | INFO     | [lf.day.start] Processing ATZ-TUU for 15APR
2026-01-17 23:37:28 | WARNING  | [lf.day.no_flights] No direct flights on 15APR
2026-01-17 23:37:28 | INFO     | [SUCCESS] Day 15APR
2026-01-17 23:37:28 | INFO     | [DAY_START] Processing 14APR
2026-01-17 23:37:28 | INFO     | [lf.day.start] Processing ATZ-TUU for 14APR
2026-01-17 23:37:29 | WARNING  | [lf.day.no_flights] No direct flights on 14APR
2026-01-17 23:37:29 | INFO     | [SUCCESS] Day 14APR
2026-01-17 23:37:29 | INFO     | [DAY_START] Processing 13APR
2026-01-17 23:37:29 | INFO     | [lf.day.start] Processing ATZ-TUU for 13APR
2026-01-17 23:37:30 | WARNING  | [lf.day.no_flights] No direct flights on 13APR
2026-01-17 23:37:30 | INFO     | [SUCCESS] Day 13APR
2026-01-17 23:37:30 | INFO     | [DAY_START] Processing 12APR
2026-01-17 23:37:30 | INFO     | [lf.day.start] Processing ATZ-TUU for 12APR
2026-01-17 23:37:32 | WARNING  | [lf.day.no_flights] No direct flights on 12APR
2026-01-17 23:37:32 | INFO     | [SUCCESS] Day 12APR
2026-01-17 23:37:32 | INFO     | [DAY_START] Processing 11APR
2026-01-17 23:37:32 | INFO     | [lf.day.start] Processing ATZ-TUU for 11APR
2026-01-17 23:37:33 | WARNING  | [lf.day.no_flights] No direct flights on 11APR
2026-01-17 23:37:33 | INFO     | [SUCCESS] Day 11APR
2026-01-17 23:37:33 | INFO     | [DAY_START] Processing 10APR
2026-01-17 23:37:33 | INFO     | [lf.day.start] Processing ATZ-TUU for 10APR
2026-01-17 23:37:34 | WARNING  | [lf.day.no_flights] No direct flights on 10APR
2026-01-17 23:37:35 | INFO     | [SUCCESS] Day 10APR
2026-01-17 23:37:35 | INFO     | [SUCCESS] LF Search Complete
2026-01-17 23:37:35 | INFO     | [Worker_9233] Completed: ATZ-TUU - 9 results, 0 errors
2026-01-17 23:37:35 | INFO     | [Worker_9233] Processing: CAI-YNB
2026-01-17 23:37:35 | INFO     |   Tier 0: Range 4, Chunk 2/3 (9 days)
