2026-01-18 00:22:09 | INFO     | ======================================================================
2026-01-18 00:22:09 | INFO     | Load Factor Scraper Started - Route: ATZ-JED
2026-01-18 00:22:09 | INFO     | Log file: D:\CODERED\LAB\Artifacts\outputs\run_generated_170126_at_23.33_RETRY\logs\LF_ATZ-JED_20260118_002209.log
2026-01-18 00:22:09 | INFO     | Enhanced logging: Capturing both logging.info() and print()
2026-01-18 00:22:09 | INFO     | ======================================================================
2026-01-18 00:22:09 | INFO     | Starting LF search for route: ATZ-JED
2026-01-18 00:22:09 | INFO     | [START] LF Search
2026-01-18 00:22:10 | INFO     | [HEALTH CHECK] [OK] Chrome connection is healthy
2026-01-18 00:22:10 | INFO     | [DAY_START] Processing 24JAN
2026-01-18 00:22:10 | INFO     | [lf.day.start] Processing ATZ-JED for 24JAN
2026-01-18 00:22:11 | INFO     | [lf.day.flights_found] Found 4 flights on 24JAN
2026-01-18 00:22:13 | INFO     | [lf.flight.extracted] SM491 on 24JAN: BKG=179, LF=100.0%
2026-01-18 00:22:16 | INFO     | [lf.flight.extracted] SM453 on 24JAN: BKG=179, LF=100.0%
2026-01-18 00:22:19 | INFO     | [lf.flight.extracted] SM957 on 24JAN: BKG=180, LF=100.6%
2026-01-18 00:22:22 | INFO     | [lf.flight.extracted] SM455 on 24JAN: BKG=179, LF=100.0%
2026-01-18 00:22:35 | INFO     | [SUCCESS] Day 24JAN
2026-01-18 00:22:35 | INFO     | [DAY_START] Processing 23JAN
2026-01-18 00:22:35 | INFO     | [lf.day.start] Processing ATZ-JED for 23JAN
2026-01-18 00:22:36 | INFO     | [lf.day.flights_found] Found 2 flights on 23JAN
2026-01-18 00:22:38 | INFO     | [lf.flight.extracted] SM491 on 23JAN: BKG=179, LF=100.0%
2026-01-18 00:22:42 | INFO     | [lf.flight.extracted] SM955 on 23JAN: BKG=179, LF=100.0%
2026-01-18 00:22:53 | INFO     | [SUCCESS] Day 23JAN
2026-01-18 00:22:53 | INFO     | [DAY_START] Processing 22JAN
2026-01-18 00:22:53 | INFO     | [lf.day.start] Processing ATZ-JED for 22JAN
2026-01-18 00:22:54 | INFO     | [lf.day.flights_found] Found 3 flights on 22JAN
2026-01-18 00:22:56 | INFO     | [lf.flight.extracted] SM963 on 22JAN: BKG=179, LF=100.0%
2026-01-18 00:23:00 | INFO     | [lf.flight.extracted] SM453 on 22JAN: BKG=179, LF=100.0%
2026-01-18 00:23:03 | INFO     | [lf.flight.extracted] SM455 on 22JAN: BKG=179, LF=100.0%
2026-01-18 00:23:18 | INFO     | [SUCCESS] Day 22JAN
2026-01-18 00:23:18 | INFO     | [DAY_START] Processing 21JAN
2026-01-18 00:23:18 | INFO     | [lf.day.start] Processing ATZ-JED for 21JAN
2026-01-18 00:23:19 | INFO     | [lf.day.flights_found] Found 3 flights on 21JAN
2026-01-18 00:23:21 | INFO     | [lf.flight.extracted] SM453 on 21JAN: BKG=179, LF=100.0%
2026-01-18 00:23:24 | INFO     | [lf.flight.extracted] SM491 on 21JAN: BKG=180, LF=100.6%
2026-01-18 00:23:27 | INFO     | [lf.flight.extracted] SM421 on 21JAN: BKG=180, LF=100.6%
2026-01-18 00:23:37 | INFO     | [SUCCESS] Day 21JAN
2026-01-18 00:23:37 | INFO     | [DAY_START] Processing 20JAN
2026-01-18 00:23:37 | INFO     | [lf.day.start] Processing ATZ-JED for 20JAN
2026-01-18 00:23:38 | INFO     | [lf.day.flights_found] Found 2 flights on 20JAN
2026-01-18 00:23:40 | INFO     | [lf.flight.extracted] SM453 on 20JAN: BKG=178, LF=99.4%
2026-01-18 00:23:43 | INFO     | [lf.flight.extracted] SM455 on 20JAN: BKG=179, LF=100.0%
2026-01-18 00:23:52 | INFO     | [SUCCESS] Day 20JAN
2026-01-18 00:23:52 | INFO     | [DAY_START] Processing 19JAN
2026-01-18 00:23:52 | INFO     | [lf.day.start] Processing ATZ-JED for 19JAN
2026-01-18 00:23:53 | INFO     | [lf.day.flights_found] Found 4 flights on 19JAN
2026-01-18 00:23:55 | INFO     | [lf.flight.extracted] SM491 on 19JAN: BKG=179, LF=100.0%
2026-01-18 00:23:59 | INFO     | [lf.flight.extracted] SM455 on 19JAN: BKG=179, LF=100.0%
2026-01-18 00:24:02 | INFO     | [lf.flight.extracted] SM421 on 19JAN: BKG=179, LF=100.0%
2026-01-18 00:24:06 | INFO     | [lf.flight.extracted] SM453 on 19JAN: BKG=180, LF=100.6%
2026-01-18 00:24:24 | INFO     | [SUCCESS] Day 19JAN
2026-01-18 00:24:24 | INFO     | [DAY_START] Processing 17JAN
2026-01-18 00:24:24 | INFO     | [lf.day.start] Processing ATZ-JED for 17JAN
2026-01-18 00:24:25 | WARNING  | [lf.day.no_flights] No direct flights on 17JAN
2026-01-18 00:24:25 | INFO     | [SUCCESS] Day 17JAN
2026-01-18 00:24:25 | INFO     | [SUCCESS] LF Search Complete
2026-01-18 00:24:25 | INFO     | [Worker_9232] Completed: ATZ-JED - 7 results, 0 errors
2026-01-18 00:53:43 | INFO     | [Worker_9232] Shutdown signal received, exiting...
2026-01-18 00:53:43 | INFO     | [Worker_9232] Finished. Processed 43 groups.
