2026-01-18 00:23:15 | INFO     | ======================================================================
2026-01-18 00:23:15 | INFO     | Load Factor Scraper Started - Route: ATZ-AJF
2026-01-18 00:23:15 | INFO     | Log file: D:\CODERED\LAB\Artifacts\outputs\run_generated_170126_at_23.33_RETRY\logs\LF_ATZ-AJF_20260118_002315.log
2026-01-18 00:23:15 | INFO     | Enhanced logging: Capturing both logging.info() and print()
2026-01-18 00:23:15 | INFO     | ======================================================================
2026-01-18 00:23:15 | INFO     | Starting LF search for route: ATZ-AJF
2026-01-18 00:23:15 | INFO     | [START] LF Search
2026-01-18 00:23:16 | INFO     | [HEALTH CHECK] [OK] Chrome connection is healthy
2026-01-18 00:23:16 | INFO     | [DAY_START] Processing 24JAN
2026-01-18 00:23:16 | INFO     | [lf.day.start] Processing ATZ-AJF for 24JAN
2026-01-18 00:23:17 | WARNING  | [lf.day.no_flights] No direct flights on 24JAN
2026-01-18 00:23:17 | INFO     | [SUCCESS] Day 24JAN
2026-01-18 00:23:17 | INFO     | [DAY_START] Processing 23JAN
2026-01-18 00:23:17 | INFO     | [lf.day.start] Processing ATZ-AJF for 23JAN
2026-01-18 00:23:18 | INFO     | [lf.day.flights_found] Found 1 flights on 23JAN
2026-01-18 00:23:20 | INFO     | [lf.flight.extracted] SM323 on 23JAN: BKG=103, LF=57.5%
2026-01-18 00:23:26 | INFO     | [SUCCESS] Day 23JAN
2026-01-18 00:23:26 | INFO     | [DAY_START] Processing 22JAN
2026-01-18 00:23:26 | INFO     | [lf.day.start] Processing ATZ-AJF for 22JAN
2026-01-18 00:23:27 | WARNING  | [lf.day.no_flights] No direct flights on 22JAN
2026-01-18 00:23:27 | INFO     | [SUCCESS] Day 22JAN
2026-01-18 00:23:27 | INFO     | [DAY_START] Processing 21JAN
2026-01-18 00:23:27 | INFO     | [lf.day.start] Processing ATZ-AJF for 21JAN
2026-01-18 00:23:29 | WARNING  | [lf.day.no_flights] No direct flights on 21JAN
2026-01-18 00:23:29 | INFO     | [SUCCESS] Day 21JAN
2026-01-18 00:23:29 | INFO     | [DAY_START] Processing 20JAN
2026-01-18 00:23:29 | INFO     | [lf.day.start] Processing ATZ-AJF for 20JAN
2026-01-18 00:23:30 | WARNING  | [lf.day.no_flights] No direct flights on 20JAN
2026-01-18 00:23:30 | INFO     | [SUCCESS] Day 20JAN
2026-01-18 00:23:30 | INFO     | [DAY_START] Processing 19JAN
2026-01-18 00:23:30 | INFO     | [lf.day.start] Processing ATZ-AJF for 19JAN
2026-01-18 00:23:31 | WARNING  | [lf.day.no_flights] No direct flights on 19JAN
2026-01-18 00:23:31 | INFO     | [SUCCESS] Day 19JAN
2026-01-18 00:23:31 | INFO     | [DAY_START] Processing 17JAN
2026-01-18 00:23:31 | INFO     | [lf.day.start] Processing ATZ-AJF for 17JAN
2026-01-18 00:23:32 | WARNING  | [lf.day.no_flights] No direct flights on 17JAN
2026-01-18 00:23:32 | INFO     | [SUCCESS] Day 17JAN
2026-01-18 00:23:32 | INFO     | [SUCCESS] LF Search Complete
2026-01-18 00:23:32 | INFO     | [Worker_9222] Completed: ATZ-AJF - 7 results, 0 errors
2026-01-18 00:23:32 | INFO     | [Worker_9222] Processing: ATZ-AHB
2026-01-18 00:23:32 | INFO     |   Tier 0: Range 1, Chunk 3/3 (8 days)
