2026-01-17 23:34:37 | INFO     | ======================================================================
2026-01-17 23:34:37 | INFO     | Load Factor Scraper Started - Route: ATZ-RUH
2026-01-17 23:34:37 | INFO     | Log file: D:\CODERED\LAB\Artifacts\outputs\run_generated_170126_at_23.33_RETRY\logs\LF_ATZ-RUH_20260117_233437.log
2026-01-17 23:34:37 | INFO     | Enhanced logging: Capturing both logging.info() and print()
2026-01-17 23:34:37 | INFO     | ======================================================================
2026-01-17 23:34:37 | INFO     | Starting LF search for route: ATZ-RUH
2026-01-17 23:34:37 | INFO     | [START] LF Search
2026-01-17 23:34:38 | INFO     | [HEALTH CHECK] [OK] Chrome connection is healthy
2026-01-17 23:34:38 | INFO     | [DAY_START] Processing 27APR
2026-01-17 23:34:38 | INFO     | [lf.day.start] Processing ATZ-RUH for 27APR
2026-01-17 23:34:39 | WARNING  | [lf.day.no_flights] No direct flights on 27APR
2026-01-17 23:34:40 | INFO     | [SUCCESS] Day 27APR
2026-01-17 23:34:40 | INFO     | [DAY_START] Processing 26APR
2026-01-17 23:34:40 | INFO     | [lf.day.start] Processing ATZ-RUH for 26APR
2026-01-17 23:34:41 | WARNING  | [lf.day.no_flights] No direct flights on 26APR
2026-01-17 23:34:41 | INFO     | [SUCCESS] Day 26APR
2026-01-17 23:34:41 | INFO     | [DAY_START] Processing 25APR
2026-01-17 23:34:41 | INFO     | [lf.day.start] Processing ATZ-RUH for 25APR
2026-01-17 23:34:42 | WARNING  | [lf.day.no_flights] No direct flights on 25APR
2026-01-17 23:34:42 | INFO     | [SUCCESS] Day 25APR
2026-01-17 23:34:42 | INFO     | [DAY_START] Processing 24APR
2026-01-17 23:34:42 | INFO     | [lf.day.start] Processing ATZ-RUH for 24APR
2026-01-17 23:34:43 | WARNING  | [lf.day.no_flights] No direct flights on 24APR
2026-01-17 23:34:43 | INFO     | [SUCCESS] Day 24APR
2026-01-17 23:34:43 | INFO     | [DAY_START] Processing 23APR
2026-01-17 23:34:43 | INFO     | [lf.day.start] Processing ATZ-RUH for 23APR
2026-01-17 23:34:44 | WARNING  | [lf.day.no_flights] No direct flights on 23APR
2026-01-17 23:34:44 | INFO     | [SUCCESS] Day 23APR
2026-01-17 23:34:44 | INFO     | [DAY_START] Processing 22APR
2026-01-17 23:34:44 | INFO     | [lf.day.start] Processing ATZ-RUH for 22APR
2026-01-17 23:34:45 | INFO     | [lf.day.flights_found] Found 1 flights on 22APR
2026-01-17 23:34:49 | INFO     | [lf.flight.extracted] SM465 on 22APR: BKG=31, LF=17.3%
2026-01-17 23:34:53 | INFO     | [SUCCESS] Day 22APR
2026-01-17 23:34:53 | INFO     | [DAY_START] Processing 21APR
2026-01-17 23:34:53 | INFO     | [lf.day.start] Processing ATZ-RUH for 21APR
2026-01-17 23:34:54 | WARNING  | [lf.day.no_flights] No direct flights on 21APR
2026-01-17 23:34:54 | INFO     | [SUCCESS] Day 21APR
2026-01-17 23:34:54 | INFO     | [DAY_START] Processing 20APR
2026-01-17 23:34:54 | INFO     | [lf.day.start] Processing ATZ-RUH for 20APR
2026-01-17 23:34:55 | WARNING  | [lf.day.no_flights] No direct flights on 20APR
2026-01-17 23:34:55 | INFO     | [SUCCESS] Day 20APR
2026-01-17 23:34:55 | INFO     | [DAY_START] Processing 19APR
2026-01-17 23:34:55 | INFO     | [lf.day.start] Processing ATZ-RUH for 19APR
2026-01-17 23:34:56 | WARNING  | [lf.day.no_flights] No direct flights on 19APR
2026-01-17 23:34:56 | INFO     | [SUCCESS] Day 19APR
2026-01-17 23:34:56 | INFO     | [SUCCESS] LF Search Complete
2026-01-17 23:34:56 | INFO     | [Worker_9224] Completed: ATZ-RUH - 9 results, 0 errors
2026-01-17 23:34:56 | INFO     | [Worker_9224] Processing: CAI-AJF
2026-01-17 23:34:56 | INFO     |   Tier 0: Range 4, Chunk 1/3 (9 days)
