2026-01-18 00:17:17 | INFO     | ======================================================================
2026-01-18 00:17:17 | INFO     | Load Factor Scraper Started - Route: ATZ-MED
2026-01-18 00:17:17 | INFO     | Log file: D:\CODERED\LAB\Artifacts\outputs\run_generated_170126_at_23.33_RETRY\logs\LF_ATZ-MED_20260118_001717.log
2026-01-18 00:17:17 | INFO     | Enhanced logging: Capturing both logging.info() and print()
2026-01-18 00:17:17 | INFO     | ======================================================================
2026-01-18 00:17:17 | INFO     | Starting LF search for route: ATZ-MED
2026-01-18 00:17:17 | INFO     | [START] LF Search
2026-01-18 00:17:18 | INFO     | [HEALTH CHECK] [OK] Chrome connection is healthy
2026-01-18 00:17:18 | INFO     | [DAY_START] Processing 01FEB
2026-01-18 00:17:18 | INFO     | [lf.day.start] Processing ATZ-MED for 01FEB
2026-01-18 00:17:19 | WARNING  | [lf.day.no_flights] No direct flights on 01FEB
2026-01-18 00:17:19 | INFO     | [SUCCESS] Day 01FEB
2026-01-18 00:17:19 | INFO     | [DAY_START] Processing 31JAN
2026-01-18 00:17:19 | INFO     | [lf.day.start] Processing ATZ-MED for 31JAN
2026-01-18 00:17:20 | INFO     | [lf.day.flights_found] Found 1 flights on 31JAN
2026-01-18 00:17:22 | INFO     | [lf.flight.extracted] SM487 on 31JAN: BKG=158, LF=88.3%
2026-01-18 00:17:26 | INFO     | [SUCCESS] Day 31JAN
2026-01-18 00:17:26 | INFO     | [DAY_START] Processing 30JAN
2026-01-18 00:17:26 | INFO     | [lf.day.start] Processing ATZ-MED for 30JAN
2026-01-18 00:17:27 | WARNING  | [lf.day.no_flights] No direct flights on 30JAN
2026-01-18 00:17:28 | INFO     | [SUCCESS] Day 30JAN
2026-01-18 00:17:28 | INFO     | [DAY_START] Processing 29JAN
2026-01-18 00:17:28 | INFO     | [lf.day.start] Processing ATZ-MED for 29JAN
2026-01-18 00:17:28 | WARNING  | [lf.day.no_flights] No direct flights on 29JAN
2026-01-18 00:17:29 | INFO     | [SUCCESS] Day 29JAN
2026-01-18 00:17:29 | INFO     | [DAY_START] Processing 28JAN
2026-01-18 00:17:29 | INFO     | [lf.day.start] Processing ATZ-MED for 28JAN
2026-01-18 00:17:30 | INFO     | [lf.day.flights_found] Found 1 flights on 28JAN
2026-01-18 00:17:32 | INFO     | [lf.flight.extracted] SM489 on 28JAN: BKG=178, LF=99.4%
2026-01-18 00:17:35 | INFO     | [SUCCESS] Day 28JAN
2026-01-18 00:17:35 | INFO     | [DAY_START] Processing 27JAN
2026-01-18 00:17:35 | INFO     | [lf.day.start] Processing ATZ-MED for 27JAN
2026-01-18 00:17:36 | INFO     | [lf.day.flights_found] Found 1 flights on 27JAN
2026-01-18 00:17:38 | INFO     | [lf.flight.extracted] SM487 on 27JAN: BKG=171, LF=95.5%
2026-01-18 00:17:42 | INFO     | [SUCCESS] Day 27JAN
2026-01-18 00:17:42 | INFO     | [DAY_START] Processing 26JAN
2026-01-18 00:17:42 | INFO     | [lf.day.start] Processing ATZ-MED for 26JAN
2026-01-18 00:17:43 | INFO     | [lf.day.flights_found] Found 1 flights on 26JAN
2026-01-18 00:17:45 | INFO     | [lf.flight.extracted] SM487 on 26JAN: BKG=166, LF=92.7%
2026-01-18 00:17:49 | INFO     | [SUCCESS] Day 26JAN
2026-01-18 00:17:49 | INFO     | [DAY_START] Processing 25JAN
2026-01-18 00:17:49 | INFO     | [lf.day.start] Processing ATZ-MED for 25JAN
2026-01-18 00:17:50 | WARNING  | [lf.day.no_flights] No direct flights on 25JAN
2026-01-18 00:17:50 | INFO     | [SUCCESS] Day 25JAN
2026-01-18 00:17:50 | INFO     | [SUCCESS] LF Search Complete
2026-01-18 00:17:50 | INFO     | [Worker_9226] Completed: ATZ-MED - 8 results, 0 errors
2026-01-18 00:17:50 | INFO     | [Worker_9226] Processing: CAI-RUH
2026-01-18 00:17:50 | INFO     |   Tier 0: Range 1, Chunk 2/3 (8 days)
