2026-01-18 00:06:58 | INFO     | ======================================================================
2026-01-18 00:06:58 | INFO     | Load Factor Scraper Started - Route: ATZ-RUH
2026-01-18 00:06:58 | INFO     | Log file: D:\CODERED\LAB\Artifacts\outputs\run_generated_170126_at_23.33_RETRY\logs\LF_ATZ-RUH_20260118_000658.log
2026-01-18 00:06:58 | INFO     | Enhanced logging: Capturing both logging.info() and print()
2026-01-18 00:06:58 | INFO     | ======================================================================
2026-01-18 00:06:58 | INFO     | Starting LF search for route: ATZ-RUH
2026-01-18 00:06:58 | INFO     | [START] LF Search
2026-01-18 00:06:59 | INFO     | [HEALTH CHECK] [OK] Chrome connection is healthy
2026-01-18 00:06:59 | INFO     | [DAY_START] Processing 18FEB
2026-01-18 00:06:59 | INFO     | [lf.day.start] Processing ATZ-RUH for 18FEB
2026-01-18 00:07:00 | INFO     | [lf.day.flights_found] Found 1 flights on 18FEB
2026-01-18 00:07:02 | INFO     | [lf.flight.extracted] SM465 on 18FEB: BKG=5, LF=2.8%
2026-01-18 00:07:07 | INFO     | [SUCCESS] Day 18FEB
2026-01-18 00:07:07 | INFO     | [DAY_START] Processing 17FEB
2026-01-18 00:07:07 | INFO     | [lf.day.start] Processing ATZ-RUH for 17FEB
2026-01-18 00:07:08 | INFO     | [lf.day.flights_found] Found 1 flights on 17FEB
2026-01-18 00:07:11 | INFO     | [lf.flight.extracted] SM463 on 17FEB: BKG=3, LF=1.7%
2026-01-18 00:07:14 | INFO     | [SUCCESS] Day 17FEB
2026-01-18 00:07:14 | INFO     | [DAY_START] Processing 16FEB
2026-01-18 00:07:14 | INFO     | [lf.day.start] Processing ATZ-RUH for 16FEB
2026-01-18 00:07:15 | WARNING  | [lf.day.no_flights] No direct flights on 16FEB
2026-01-18 00:07:15 | INFO     | [SUCCESS] Day 16FEB
2026-01-18 00:07:15 | INFO     | [DAY_START] Processing 15FEB
2026-01-18 00:07:15 | INFO     | [lf.day.start] Processing ATZ-RUH for 15FEB
2026-01-18 00:07:16 | INFO     | [lf.day.flights_found] Found 1 flights on 15FEB
2026-01-18 00:07:19 | INFO     | [lf.flight.extracted] SM463 on 15FEB: BKG=13, LF=7.3%
2026-01-18 00:07:22 | INFO     | [SUCCESS] Day 15FEB
2026-01-18 00:07:22 | INFO     | [DAY_START] Processing 14FEB
2026-01-18 00:07:22 | INFO     | [lf.day.start] Processing ATZ-RUH for 14FEB
2026-01-18 00:07:23 | WARNING  | [lf.day.no_flights] No direct flights on 14FEB
2026-01-18 00:07:23 | INFO     | [SUCCESS] Day 14FEB
2026-01-18 00:07:23 | INFO     | [DAY_START] Processing 13FEB
2026-01-18 00:07:23 | INFO     | [lf.day.start] Processing ATZ-RUH for 13FEB
2026-01-18 00:07:25 | WARNING  | [lf.day.no_flights] No direct flights on 13FEB
2026-01-18 00:07:25 | INFO     | [SUCCESS] Day 13FEB
2026-01-18 00:07:25 | INFO     | [DAY_START] Processing 12FEB
2026-01-18 00:07:25 | INFO     | [lf.day.start] Processing ATZ-RUH for 12FEB
2026-01-18 00:07:27 | WARNING  | [lf.day.no_flights] No direct flights on 12FEB
2026-01-18 00:07:27 | INFO     | [SUCCESS] Day 12FEB
2026-01-18 00:07:27 | INFO     | [DAY_START] Processing 11FEB
2026-01-18 00:07:27 | INFO     | [lf.day.start] Processing ATZ-RUH for 11FEB
2026-01-18 00:07:28 | INFO     | [lf.day.flights_found] Found 1 flights on 11FEB
2026-01-18 00:07:31 | INFO     | [lf.flight.extracted] SM465 on 11FEB: BKG=11, LF=6.2%
2026-01-18 00:07:34 | INFO     | [SUCCESS] Day 11FEB
2026-01-18 00:07:34 | INFO     | [SUCCESS] LF Search Complete
2026-01-18 00:07:34 | INFO     | [Worker_9226] Completed: ATZ-RUH - 8 results, 0 errors
2026-01-18 00:07:34 | INFO     | [Worker_9226] Processing: ATZ-TUU
2026-01-18 00:07:34 | INFO     |   Tier 0: Range 2, Chunk 3/3 (8 days)
