2026-01-17 23:37:30 | INFO     | ======================================================================
2026-01-17 23:37:30 | INFO     | Load Factor Scraper Started - Route: ATZ-AJF
2026-01-17 23:37:30 | INFO     | Log file: D:\CODERED\LAB\Artifacts\outputs\run_generated_170126_at_23.33_RETRY\logs\LF_ATZ-AJF_20260117_233730.log
2026-01-17 23:37:30 | INFO     | Enhanced logging: Capturing both logging.info() and print()
2026-01-17 23:37:30 | INFO     | ======================================================================
2026-01-17 23:37:30 | INFO     | Starting LF search for route: ATZ-AJF
2026-01-17 23:37:30 | INFO     | [START] LF Search
2026-01-17 23:37:31 | INFO     | [HEALTH CHECK] [OK] Chrome connection is healthy
2026-01-17 23:37:31 | INFO     | [DAY_START] Processing 18APR
2026-01-17 23:37:31 | INFO     | [lf.day.start] Processing ATZ-AJF for 18APR
2026-01-17 23:37:33 | WARNING  | [lf.day.no_flights] No direct flights on 18APR
2026-01-17 23:37:33 | INFO     | [SUCCESS] Day 18APR
2026-01-17 23:37:33 | INFO     | [DAY_START] Processing 17APR
2026-01-17 23:37:33 | INFO     | [lf.day.start] Processing ATZ-AJF for 17APR
2026-01-17 23:37:34 | WARNING  | [lf.day.no_flights] No direct flights on 17APR
2026-01-17 23:37:34 | INFO     | [SUCCESS] Day 17APR
2026-01-17 23:37:34 | INFO     | [DAY_START] Processing 16APR
2026-01-17 23:37:34 | INFO     | [lf.day.start] Processing ATZ-AJF for 16APR
2026-01-17 23:37:35 | WARNING  | [lf.day.no_flights] No direct flights on 16APR
2026-01-17 23:37:36 | INFO     | [SUCCESS] Day 16APR
2026-01-17 23:37:36 | INFO     | [DAY_START] Processing 15APR
2026-01-17 23:37:36 | INFO     | [lf.day.start] Processing ATZ-AJF for 15APR
2026-01-17 23:37:37 | WARNING  | [lf.day.no_flights] No direct flights on 15APR
2026-01-17 23:37:37 | INFO     | [SUCCESS] Day 15APR
2026-01-17 23:37:37 | INFO     | [DAY_START] Processing 14APR
2026-01-17 23:37:37 | INFO     | [lf.day.start] Processing ATZ-AJF for 14APR
2026-01-17 23:37:38 | WARNING  | [lf.day.no_flights] No direct flights on 14APR
2026-01-17 23:37:38 | INFO     | [SUCCESS] Day 14APR
2026-01-17 23:37:38 | INFO     | [DAY_START] Processing 13APR
2026-01-17 23:37:38 | INFO     | [lf.day.start] Processing ATZ-AJF for 13APR
2026-01-17 23:37:39 | WARNING  | [lf.day.no_flights] No direct flights on 13APR
2026-01-17 23:37:39 | INFO     | [SUCCESS] Day 13APR
2026-01-17 23:37:39 | INFO     | [DAY_START] Processing 12APR
2026-01-17 23:37:39 | INFO     | [lf.day.start] Processing ATZ-AJF for 12APR
2026-01-17 23:37:40 | WARNING  | [lf.day.no_flights] No direct flights on 12APR
2026-01-17 23:37:40 | INFO     | [SUCCESS] Day 12APR
2026-01-17 23:37:40 | INFO     | [DAY_START] Processing 11APR
2026-01-17 23:37:40 | INFO     | [lf.day.start] Processing ATZ-AJF for 11APR
2026-01-17 23:37:41 | WARNING  | [lf.day.no_flights] No direct flights on 11APR
2026-01-17 23:37:42 | INFO     | [SUCCESS] Day 11APR
2026-01-17 23:37:42 | INFO     | [DAY_START] Processing 10APR
2026-01-17 23:37:42 | INFO     | [lf.day.start] Processing ATZ-AJF for 10APR
2026-01-17 23:37:43 | WARNING  | [lf.day.no_flights] No direct flights on 10APR
2026-01-17 23:37:43 | INFO     | [SUCCESS] Day 10APR
2026-01-17 23:37:43 | INFO     | [SUCCESS] LF Search Complete
2026-01-17 23:37:43 | INFO     | [Worker_9223] Completed: ATZ-AJF - 9 results, 0 errors
2026-01-17 23:37:43 | INFO     | [Worker_9223] Processing: ATZ-AHB
2026-01-17 23:37:43 | INFO     |   Tier 0: Range 4, Chunk 2/3 (9 days)
