2026-01-18 00:01:44 | INFO     | ======================================================================
2026-01-18 00:01:44 | INFO     | Load Factor Scraper Started - Route: ATZ-RUH
2026-01-18 00:01:44 | INFO     | Log file: D:\CODERED\LAB\Artifacts\outputs\run_generated_170126_at_23.33_RETRY\logs\LF_ATZ-RUH_20260118_000144.log
2026-01-18 00:01:44 | INFO     | Enhanced logging: Capturing both logging.info() and print()
2026-01-18 00:01:44 | INFO     | ======================================================================
2026-01-18 00:01:44 | INFO     | Starting LF search for route: ATZ-RUH
2026-01-18 00:01:44 | INFO     | [START] LF Search
2026-01-18 00:01:45 | INFO     | [HEALTH CHECK] [OK] Chrome connection is healthy
2026-01-18 00:01:45 | INFO     | [DAY_START] Processing 26FEB
2026-01-18 00:01:45 | INFO     | [lf.day.start] Processing ATZ-RUH for 26FEB
2026-01-18 00:01:46 | WARNING  | [lf.day.no_flights] No direct flights on 26FEB
2026-01-18 00:01:47 | INFO     | [SUCCESS] Day 26FEB
2026-01-18 00:01:47 | INFO     | [DAY_START] Processing 25FEB
2026-01-18 00:01:47 | INFO     | [lf.day.start] Processing ATZ-RUH for 25FEB
2026-01-18 00:01:48 | INFO     | [lf.day.flights_found] Found 1 flights on 25FEB
2026-01-18 00:01:50 | INFO     | [lf.flight.extracted] SM465 on 25FEB: BKG=6, LF=3.4%
2026-01-18 00:01:53 | INFO     | [SUCCESS] Day 25FEB
2026-01-18 00:01:53 | INFO     | [DAY_START] Processing 24FEB
2026-01-18 00:01:53 | INFO     | [lf.day.start] Processing ATZ-RUH for 24FEB
2026-01-18 00:01:54 | INFO     | [lf.day.flights_found] Found 1 flights on 24FEB
2026-01-18 00:01:56 | INFO     | [lf.flight.extracted] SM463 on 24FEB: BKG=4, LF=2.2%
2026-01-18 00:01:59 | INFO     | [SUCCESS] Day 24FEB
2026-01-18 00:01:59 | INFO     | [DAY_START] Processing 23FEB
2026-01-18 00:01:59 | INFO     | [lf.day.start] Processing ATZ-RUH for 23FEB
2026-01-18 00:02:01 | WARNING  | [lf.day.no_flights] No direct flights on 23FEB
2026-01-18 00:02:01 | INFO     | [SUCCESS] Day 23FEB
2026-01-18 00:02:01 | INFO     | [DAY_START] Processing 22FEB
2026-01-18 00:02:01 | INFO     | [lf.day.start] Processing ATZ-RUH for 22FEB
2026-01-18 00:02:02 | INFO     | [lf.day.flights_found] Found 1 flights on 22FEB
2026-01-18 00:02:04 | INFO     | [lf.flight.extracted] SM463 on 22FEB: BKG=6, LF=3.4%
2026-01-18 00:02:08 | INFO     | [SUCCESS] Day 22FEB
2026-01-18 00:02:08 | INFO     | [DAY_START] Processing 21FEB
2026-01-18 00:02:08 | INFO     | [lf.day.start] Processing ATZ-RUH for 21FEB
2026-01-18 00:02:09 | WARNING  | [lf.day.no_flights] No direct flights on 21FEB
2026-01-18 00:02:09 | INFO     | [SUCCESS] Day 21FEB
2026-01-18 00:02:09 | INFO     | [DAY_START] Processing 20FEB
2026-01-18 00:02:09 | INFO     | [lf.day.start] Processing ATZ-RUH for 20FEB
2026-01-18 00:02:10 | WARNING  | [lf.day.no_flights] No direct flights on 20FEB
2026-01-18 00:02:10 | INFO     | [SUCCESS] Day 20FEB
2026-01-18 00:02:10 | INFO     | [DAY_START] Processing 19FEB
2026-01-18 00:02:10 | INFO     | [lf.day.start] Processing ATZ-RUH for 19FEB
2026-01-18 00:02:11 | WARNING  | [lf.day.no_flights] No direct flights on 19FEB
2026-01-18 00:02:11 | INFO     | [SUCCESS] Day 19FEB
2026-01-18 00:02:11 | INFO     | [SUCCESS] LF Search Complete
2026-01-18 00:02:11 | INFO     | [Worker_9226] Completed: ATZ-RUH - 8 results, 0 errors
2026-01-18 00:02:11 | INFO     | [Worker_9226] Processing: ATZ-TUU
2026-01-18 00:02:11 | INFO     |   Tier 0: Range 2, Chunk 2/3 (8 days)
