2026-01-18 00:21:00 | INFO     | ======================================================================
2026-01-18 00:21:00 | INFO     | Load Factor Scraper Started - Route: AJF-ATZ
2026-01-18 00:21:00 | INFO     | Log file: D:\CODERED\LAB\Artifacts\outputs\run_generated_170126_at_23.33_RETRY\logs\LF_AJF-ATZ_20260118_002100.log
2026-01-18 00:21:00 | INFO     | Enhanced logging: Capturing both logging.info() and print()
2026-01-18 00:21:00 | INFO     | ======================================================================
2026-01-18 00:21:00 | INFO     | Starting LF search for route: AJF-ATZ
2026-01-18 00:21:00 | INFO     | [START] LF Search
2026-01-18 00:21:01 | INFO     | [HEALTH CHECK] [OK] Chrome connection is healthy
2026-01-18 00:21:01 | INFO     | [DAY_START] Processing 24JAN
2026-01-18 00:21:01 | INFO     | [lf.day.start] Processing AJF-ATZ for 24JAN
2026-01-18 00:21:02 | WARNING  | [lf.day.no_flights] No direct flights on 24JAN
2026-01-18 00:21:02 | INFO     | [SUCCESS] Day 24JAN
2026-01-18 00:21:02 | INFO     | [DAY_START] Processing 23JAN
2026-01-18 00:21:02 | INFO     | [lf.day.start] Processing AJF-ATZ for 23JAN
2026-01-18 00:21:03 | INFO     | [lf.day.flights_found] Found 1 flights on 23JAN
2026-01-18 00:21:06 | INFO     | [lf.flight.extracted] SM324 on 23JAN: BKG=107, LF=61.1%
2026-01-18 00:21:12 | INFO     | [SUCCESS] Day 23JAN
2026-01-18 00:21:12 | INFO     | [DAY_START] Processing 22JAN
2026-01-18 00:21:12 | INFO     | [lf.day.start] Processing AJF-ATZ for 22JAN
2026-01-18 00:21:13 | WARNING  | [lf.day.no_flights] No direct flights on 22JAN
2026-01-18 00:21:13 | INFO     | [SUCCESS] Day 22JAN
2026-01-18 00:21:13 | INFO     | [DAY_START] Processing 21JAN
2026-01-18 00:21:13 | INFO     | [lf.day.start] Processing AJF-ATZ for 21JAN
2026-01-18 00:21:15 | WARNING  | [lf.day.no_flights] No direct flights on 21JAN
2026-01-18 00:21:15 | INFO     | [SUCCESS] Day 21JAN
2026-01-18 00:21:15 | INFO     | [DAY_START] Processing 20JAN
2026-01-18 00:21:15 | INFO     | [lf.day.start] Processing AJF-ATZ for 20JAN
2026-01-18 00:21:16 | WARNING  | [lf.day.no_flights] No direct flights on 20JAN
2026-01-18 00:21:16 | INFO     | [SUCCESS] Day 20JAN
2026-01-18 00:21:16 | INFO     | [DAY_START] Processing 19JAN
2026-01-18 00:21:16 | INFO     | [lf.day.start] Processing AJF-ATZ for 19JAN
2026-01-18 00:21:17 | WARNING  | [lf.day.no_flights] No direct flights on 19JAN
2026-01-18 00:21:17 | INFO     | [SUCCESS] Day 19JAN
2026-01-18 00:21:17 | INFO     | [DAY_START] Processing 17JAN
2026-01-18 00:21:17 | INFO     | [lf.day.start] Processing AJF-ATZ for 17JAN
2026-01-18 00:21:18 | WARNING  | [lf.day.no_flights] No direct flights on 17JAN
2026-01-18 00:21:18 | INFO     | [SUCCESS] Day 17JAN
2026-01-18 00:21:18 | INFO     | [SUCCESS] LF Search Complete
2026-01-18 00:21:18 | INFO     | [Worker_9234] Completed: AJF-ATZ - 7 results, 0 errors
2026-01-18 00:21:18 | INFO     | [Worker_9234] Processing: AHB-ATZ
2026-01-18 00:21:18 | INFO     |   Tier 0: Range 1, Chunk 3/3 (8 days)
