2026-01-17 23:56:01 | INFO     | ======================================================================
2026-01-17 23:56:01 | INFO     | Load Factor Scraper Started - Route: AJF-ATZ
2026-01-17 23:56:01 | INFO     | Log file: D:\CODERED\LAB\Artifacts\outputs\run_generated_170126_at_23.33_RETRY\logs\LF_AJF-ATZ_20260117_235601.log
2026-01-17 23:56:01 | INFO     | Enhanced logging: Capturing both logging.info() and print()
2026-01-17 23:56:01 | INFO     | ======================================================================
2026-01-17 23:56:01 | INFO     | Starting LF search for route: AJF-ATZ
2026-01-17 23:56:01 | INFO     | [START] LF Search
2026-01-17 23:56:02 | INFO     | [HEALTH CHECK] [OK] Chrome connection is healthy
2026-01-17 23:56:02 | INFO     | [DAY_START] Processing 07MAR
2026-01-17 23:56:02 | INFO     | [lf.day.start] Processing AJF-ATZ for 07MAR
2026-01-17 23:56:03 | WARNING  | [lf.day.no_flights] No direct flights on 07MAR
2026-01-17 23:56:04 | INFO     | [SUCCESS] Day 07MAR
2026-01-17 23:56:04 | INFO     | [DAY_START] Processing 06MAR
2026-01-17 23:56:04 | INFO     | [lf.day.start] Processing AJF-ATZ for 06MAR
2026-01-17 23:56:05 | INFO     | [lf.day.flights_found] Found 1 flights on 06MAR
2026-01-17 23:56:06 | INFO     | [lf.flight.extracted] SM324 on 06MAR: BKG=55, LF=32.9%
2026-01-17 23:56:11 | INFO     | [SUCCESS] Day 06MAR
2026-01-17 23:56:11 | INFO     | [DAY_START] Processing 05MAR
2026-01-17 23:56:11 | INFO     | [lf.day.start] Processing AJF-ATZ for 05MAR
2026-01-17 23:56:12 | WARNING  | [lf.day.no_flights] No direct flights on 05MAR
2026-01-17 23:56:12 | INFO     | [SUCCESS] Day 05MAR
2026-01-17 23:56:12 | INFO     | [DAY_START] Processing 04MAR
2026-01-17 23:56:12 | INFO     | [lf.day.start] Processing AJF-ATZ for 04MAR
2026-01-17 23:56:13 | WARNING  | [lf.day.no_flights] No direct flights on 04MAR
2026-01-17 23:56:13 | INFO     | [SUCCESS] Day 04MAR
2026-01-17 23:56:13 | INFO     | [DAY_START] Processing 03MAR
2026-01-17 23:56:13 | INFO     | [lf.day.start] Processing AJF-ATZ for 03MAR
2026-01-17 23:56:14 | WARNING  | [lf.day.no_flights] No direct flights on 03MAR
2026-01-17 23:56:14 | INFO     | [SUCCESS] Day 03MAR
2026-01-17 23:56:14 | INFO     | [DAY_START] Processing 02MAR
2026-01-17 23:56:14 | INFO     | [lf.day.start] Processing AJF-ATZ for 02MAR
2026-01-17 23:56:15 | WARNING  | [lf.day.no_flights] No direct flights on 02MAR
2026-01-17 23:56:15 | INFO     | [SUCCESS] Day 02MAR
2026-01-17 23:56:15 | INFO     | [DAY_START] Processing 01MAR
2026-01-17 23:56:15 | INFO     | [lf.day.start] Processing AJF-ATZ for 01MAR
2026-01-17 23:56:16 | WARNING  | [lf.day.no_flights] No direct flights on 01MAR
2026-01-17 23:56:16 | INFO     | [SUCCESS] Day 01MAR
2026-01-17 23:56:16 | INFO     | [DAY_START] Processing 28FEB
2026-01-17 23:56:16 | INFO     | [lf.day.start] Processing AJF-ATZ for 28FEB
2026-01-17 23:56:17 | WARNING  | [lf.day.no_flights] No direct flights on 28FEB
2026-01-17 23:56:17 | INFO     | [SUCCESS] Day 28FEB
2026-01-17 23:56:17 | INFO     | [DAY_START] Processing 27FEB
2026-01-17 23:56:17 | INFO     | [lf.day.start] Processing AJF-ATZ for 27FEB
2026-01-17 23:56:19 | INFO     | [lf.day.flights_found] Found 1 flights on 27FEB
2026-01-17 23:56:21 | INFO     | [lf.flight.extracted] SM324 on 27FEB: BKG=17, LF=9.7%
2026-01-17 23:56:23 | INFO     | [SUCCESS] Day 27FEB
2026-01-17 23:56:23 | INFO     | [SUCCESS] LF Search Complete
2026-01-17 23:56:23 | INFO     | [Worker_9233] Completed: AJF-ATZ - 9 results, 0 errors
2026-01-17 23:56:23 | INFO     | [Worker_9233] Processing: ELQ-ATZ
2026-01-17 23:56:23 | INFO     |   Tier 0: Range 2, Chunk 1/3 (9 days)
