2026-01-17 23:57:15 | INFO     | ======================================================================
2026-01-17 23:57:15 | INFO     | Load Factor Scraper Started - Route: ATZ-RUH
2026-01-17 23:57:15 | INFO     | Log file: D:\CODERED\LAB\Artifacts\outputs\run_generated_170126_at_23.33_RETRY\logs\LF_ATZ-RUH_20260117_235715.log
2026-01-17 23:57:15 | INFO     | Enhanced logging: Capturing both logging.info() and print()
2026-01-17 23:57:15 | INFO     | ======================================================================
2026-01-17 23:57:15 | INFO     | Starting LF search for route: ATZ-RUH
2026-01-17 23:57:15 | INFO     | [START] LF Search
2026-01-17 23:57:16 | INFO     | [HEALTH CHECK] [OK] Chrome connection is healthy
2026-01-17 23:57:16 | INFO     | [DAY_START] Processing 07MAR
2026-01-17 23:57:16 | INFO     | [lf.day.start] Processing ATZ-RUH for 07MAR
2026-01-17 23:57:17 | WARNING  | [lf.day.no_flights] No direct flights on 07MAR
2026-01-17 23:57:17 | INFO     | [SUCCESS] Day 07MAR
2026-01-17 23:57:17 | INFO     | [DAY_START] Processing 06MAR
2026-01-17 23:57:17 | INFO     | [lf.day.start] Processing ATZ-RUH for 06MAR
2026-01-17 23:57:18 | WARNING  | [lf.day.no_flights] No direct flights on 06MAR
2026-01-17 23:57:18 | INFO     | [SUCCESS] Day 06MAR
2026-01-17 23:57:18 | INFO     | [DAY_START] Processing 05MAR
2026-01-17 23:57:18 | INFO     | [lf.day.start] Processing ATZ-RUH for 05MAR
2026-01-17 23:57:19 | WARNING  | [lf.day.no_flights] No direct flights on 05MAR
2026-01-17 23:57:19 | INFO     | [SUCCESS] Day 05MAR
2026-01-17 23:57:19 | INFO     | [DAY_START] Processing 04MAR
2026-01-17 23:57:19 | INFO     | [lf.day.start] Processing ATZ-RUH for 04MAR
2026-01-17 23:57:20 | INFO     | [lf.day.flights_found] Found 1 flights on 04MAR
2026-01-17 23:57:22 | INFO     | [lf.flight.extracted] SM465 on 04MAR: BKG=4, LF=2.2%
2026-01-17 23:57:25 | INFO     | [SUCCESS] Day 04MAR
2026-01-17 23:57:25 | INFO     | [DAY_START] Processing 03MAR
2026-01-17 23:57:25 | INFO     | [lf.day.start] Processing ATZ-RUH for 03MAR
2026-01-17 23:57:26 | INFO     | [lf.day.flights_found] Found 1 flights on 03MAR
2026-01-17 23:57:28 | INFO     | [lf.flight.extracted] SM463 on 03MAR: BKG=3, LF=1.7%
2026-01-17 23:57:30 | INFO     | [SUCCESS] Day 03MAR
2026-01-17 23:57:30 | INFO     | [DAY_START] Processing 02MAR
2026-01-17 23:57:30 | INFO     | [lf.day.start] Processing ATZ-RUH for 02MAR
2026-01-17 23:57:31 | WARNING  | [lf.day.no_flights] No direct flights on 02MAR
2026-01-17 23:57:31 | INFO     | [SUCCESS] Day 02MAR
2026-01-17 23:57:31 | INFO     | [DAY_START] Processing 01MAR
2026-01-17 23:57:31 | INFO     | [lf.day.start] Processing ATZ-RUH for 01MAR
2026-01-17 23:57:32 | INFO     | [lf.day.flights_found] Found 1 flights on 01MAR
2026-01-17 23:57:34 | INFO     | [lf.flight.extracted] SM463 on 01MAR: BKG=10, LF=5.6%
2026-01-17 23:57:37 | INFO     | [SUCCESS] Day 01MAR
2026-01-17 23:57:37 | INFO     | [DAY_START] Processing 28FEB
2026-01-17 23:57:37 | INFO     | [lf.day.start] Processing ATZ-RUH for 28FEB
2026-01-17 23:57:38 | WARNING  | [lf.day.no_flights] No direct flights on 28FEB
2026-01-17 23:57:38 | INFO     | [SUCCESS] Day 28FEB
2026-01-17 23:57:38 | INFO     | [DAY_START] Processing 27FEB
2026-01-17 23:57:38 | INFO     | [lf.day.start] Processing ATZ-RUH for 27FEB
2026-01-17 23:57:39 | WARNING  | [lf.day.no_flights] No direct flights on 27FEB
2026-01-17 23:57:39 | INFO     | [SUCCESS] Day 27FEB
2026-01-17 23:57:39 | INFO     | [SUCCESS] LF Search Complete
2026-01-17 23:57:51 | INFO     | [Worker_9234] Completed: ATZ-RUH - 9 results, 0 errors
2026-01-17 23:57:51 | INFO     | [Worker_9234] Processing: ATZ-TUU
2026-01-17 23:57:51 | INFO     |   Tier 0: Range 2, Chunk 1/3 (9 days)
