2026-01-18 00:13:45 | INFO     | ======================================================================
2026-01-18 00:13:45 | INFO     | Load Factor Scraper Started - Route: ATZ-AHB
2026-01-18 00:13:45 | INFO     | Log file: D:\CODERED\LAB\Artifacts\outputs\run_generated_170126_at_23.33_RETRY\logs\LF_ATZ-AHB_20260118_001345.log
2026-01-18 00:13:45 | INFO     | Enhanced logging: Capturing both logging.info() and print()
2026-01-18 00:13:45 | INFO     | ======================================================================
2026-01-18 00:13:45 | INFO     | Starting LF search for route: ATZ-AHB
2026-01-18 00:13:45 | INFO     | [START] LF Search
2026-01-18 00:13:46 | INFO     | [HEALTH CHECK] [OK] Chrome connection is healthy
2026-01-18 00:13:46 | INFO     | [DAY_START] Processing 10FEB
2026-01-18 00:13:46 | INFO     | [lf.day.start] Processing ATZ-AHB for 10FEB
2026-01-18 00:13:47 | WARNING  | [lf.day.no_flights] No direct flights on 10FEB
2026-01-18 00:13:47 | INFO     | [SUCCESS] Day 10FEB
2026-01-18 00:13:47 | INFO     | [DAY_START] Processing 09FEB
2026-01-18 00:13:47 | INFO     | [lf.day.start] Processing ATZ-AHB for 09FEB
2026-01-18 00:13:49 | WARNING  | [lf.day.no_flights] No direct flights on 09FEB
2026-01-18 00:13:49 | INFO     | [SUCCESS] Day 09FEB
2026-01-18 00:13:49 | INFO     | [DAY_START] Processing 08FEB
2026-01-18 00:13:49 | INFO     | [lf.day.start] Processing ATZ-AHB for 08FEB
2026-01-18 00:13:50 | WARNING  | [lf.day.no_flights] No direct flights on 08FEB
2026-01-18 00:13:50 | INFO     | [SUCCESS] Day 08FEB
2026-01-18 00:13:50 | INFO     | [DAY_START] Processing 07FEB
2026-01-18 00:13:50 | INFO     | [lf.day.start] Processing ATZ-AHB for 07FEB
2026-01-18 00:13:51 | WARNING  | [lf.day.no_flights] No direct flights on 07FEB
2026-01-18 00:13:51 | INFO     | [SUCCESS] Day 07FEB
2026-01-18 00:13:51 | INFO     | [DAY_START] Processing 06FEB
2026-01-18 00:13:51 | INFO     | [lf.day.start] Processing ATZ-AHB for 06FEB
2026-01-18 00:13:52 | INFO     | [lf.day.flights_found] Found 1 flights on 06FEB
2026-01-18 00:13:55 | INFO     | [lf.flight.extracted] SM445 on 06FEB: BKG=29, LF=16.2%
2026-01-18 00:13:58 | INFO     | [SUCCESS] Day 06FEB
2026-01-18 00:13:58 | INFO     | [DAY_START] Processing 05FEB
2026-01-18 00:13:58 | INFO     | [lf.day.start] Processing ATZ-AHB for 05FEB
2026-01-18 00:13:59 | WARNING  | [lf.day.no_flights] No direct flights on 05FEB
2026-01-18 00:13:59 | INFO     | [SUCCESS] Day 05FEB
2026-01-18 00:13:59 | INFO     | [DAY_START] Processing 04FEB
2026-01-18 00:13:59 | INFO     | [lf.day.start] Processing ATZ-AHB for 04FEB
2026-01-18 00:14:00 | WARNING  | [lf.day.no_flights] No direct flights on 04FEB
2026-01-18 00:14:00 | INFO     | [SUCCESS] Day 04FEB
2026-01-18 00:14:00 | INFO     | [DAY_START] Processing 03FEB
2026-01-18 00:14:00 | INFO     | [lf.day.start] Processing ATZ-AHB for 03FEB
2026-01-18 00:14:01 | WARNING  | [lf.day.no_flights] No direct flights on 03FEB
2026-01-18 00:14:01 | INFO     | [SUCCESS] Day 03FEB
2026-01-18 00:14:01 | INFO     | [DAY_START] Processing 02FEB
2026-01-18 00:14:01 | INFO     | [lf.day.start] Processing ATZ-AHB for 02FEB
2026-01-18 00:14:03 | WARNING  | [lf.day.no_flights] No direct flights on 02FEB
2026-01-18 00:14:03 | INFO     | [SUCCESS] Day 02FEB
2026-01-18 00:14:03 | INFO     | [SUCCESS] LF Search Complete
2026-01-18 00:14:03 | INFO     | [Worker_9226] Completed: ATZ-AHB - 9 results, 0 errors
2026-01-18 00:14:03 | INFO     | [Worker_9226] Processing: MED-CAI
2026-01-18 00:14:03 | INFO     |   Tier 0: Range 1, Chunk 2/3 (8 days)
