2026-01-17 23:33:48 | INFO     | ======================================================================
2026-01-17 23:33:48 | INFO     | Load Factor Scraper Started - Route: AJF-ATZ
2026-01-17 23:33:48 | INFO     | Log file: D:\CODERED\LAB\Artifacts\outputs\run_generated_170126_at_23.33_RETRY\logs\LF_AJF-ATZ_20260117_233348.log
2026-01-17 23:33:48 | INFO     | Enhanced logging: Capturing both logging.info() and print()
2026-01-17 23:33:48 | INFO     | ======================================================================
2026-01-17 23:33:48 | INFO     | Starting LF search for route: AJF-ATZ
2026-01-17 23:33:48 | INFO     | [START] LF Search
2026-01-17 23:33:49 | INFO     | [HEALTH CHECK] [OK] Chrome connection is healthy
2026-01-17 23:33:49 | INFO     | [DAY_START] Processing 27APR
2026-01-17 23:33:49 | INFO     | [lf.day.start] Processing AJF-ATZ for 27APR
2026-01-17 23:33:50 | WARNING  | [lf.day.no_flights] No direct flights on 27APR
2026-01-17 23:33:50 | INFO     | [SUCCESS] Day 27APR
2026-01-17 23:33:50 | INFO     | [DAY_START] Processing 26APR
2026-01-17 23:33:50 | INFO     | [lf.day.start] Processing AJF-ATZ for 26APR
2026-01-17 23:33:51 | WARNING  | [lf.day.no_flights] No direct flights on 26APR
2026-01-17 23:33:51 | INFO     | [SUCCESS] Day 26APR
2026-01-17 23:33:51 | INFO     | [DAY_START] Processing 25APR
2026-01-17 23:33:51 | INFO     | [lf.day.start] Processing AJF-ATZ for 25APR
2026-01-17 23:33:52 | WARNING  | [lf.day.no_flights] No direct flights on 25APR
2026-01-17 23:33:52 | INFO     | [SUCCESS] Day 25APR
2026-01-17 23:33:52 | INFO     | [DAY_START] Processing 24APR
2026-01-17 23:33:52 | INFO     | [lf.day.start] Processing AJF-ATZ for 24APR
2026-01-17 23:33:53 | WARNING  | [lf.day.no_flights] No direct flights on 24APR
2026-01-17 23:33:53 | INFO     | [SUCCESS] Day 24APR
2026-01-17 23:33:53 | INFO     | [DAY_START] Processing 23APR
2026-01-17 23:33:53 | INFO     | [lf.day.start] Processing AJF-ATZ for 23APR
2026-01-17 23:33:54 | WARNING  | [lf.day.no_flights] No direct flights on 23APR
2026-01-17 23:33:54 | INFO     | [SUCCESS] Day 23APR
2026-01-17 23:33:54 | INFO     | [DAY_START] Processing 22APR
2026-01-17 23:33:54 | INFO     | [lf.day.start] Processing AJF-ATZ for 22APR
2026-01-17 23:33:55 | WARNING  | [lf.day.no_flights] No direct flights on 22APR
2026-01-17 23:33:56 | INFO     | [SUCCESS] Day 22APR
2026-01-17 23:33:56 | INFO     | [DAY_START] Processing 21APR
2026-01-17 23:33:56 | INFO     | [lf.day.start] Processing AJF-ATZ for 21APR
2026-01-17 23:33:57 | WARNING  | [lf.day.no_flights] No direct flights on 21APR
2026-01-17 23:33:57 | INFO     | [SUCCESS] Day 21APR
2026-01-17 23:33:57 | INFO     | [DAY_START] Processing 20APR
2026-01-17 23:33:57 | INFO     | [lf.day.start] Processing AJF-ATZ for 20APR
2026-01-17 23:33:58 | WARNING  | [lf.day.no_flights] No direct flights on 20APR
2026-01-17 23:33:58 | INFO     | [SUCCESS] Day 20APR
2026-01-17 23:33:58 | INFO     | [DAY_START] Processing 19APR
2026-01-17 23:33:58 | INFO     | [lf.day.start] Processing AJF-ATZ for 19APR
2026-01-17 23:33:59 | WARNING  | [lf.day.no_flights] No direct flights on 19APR
2026-01-17 23:33:59 | INFO     | [SUCCESS] Day 19APR
2026-01-17 23:33:59 | INFO     | [SUCCESS] LF Search Complete
2026-01-17 23:33:59 | INFO     | [Worker_9233] Completed: AJF-ATZ - 9 results, 0 errors
2026-01-17 23:33:59 | INFO     | [Worker_9233] Processing: ELQ-ATZ
2026-01-17 23:33:59 | INFO     |   Tier 0: Range 4, Chunk 1/3 (9 days)
