2026-01-18 00:00:18 | INFO     | ======================================================================
2026-01-18 00:00:18 | INFO     | Load Factor Scraper Started - Route: AJF-ATZ
2026-01-18 00:00:18 | INFO     | Log file: D:\CODERED\LAB\Artifacts\outputs\run_generated_170126_at_23.33_RETRY\logs\LF_AJF-ATZ_20260118_000018.log
2026-01-18 00:00:18 | INFO     | Enhanced logging: Capturing both logging.info() and print()
2026-01-18 00:00:18 | INFO     | ======================================================================
2026-01-18 00:00:18 | INFO     | Starting LF search for route: AJF-ATZ
2026-01-18 00:00:18 | INFO     | [START] LF Search
2026-01-18 00:00:19 | INFO     | [HEALTH CHECK] [OK] Chrome connection is healthy
2026-01-18 00:00:19 | INFO     | [DAY_START] Processing 26FEB
2026-01-18 00:00:19 | INFO     | [lf.day.start] Processing AJF-ATZ for 26FEB
2026-01-18 00:00:20 | WARNING  | [lf.day.no_flights] No direct flights on 26FEB
2026-01-18 00:00:20 | INFO     | [SUCCESS] Day 26FEB
2026-01-18 00:00:20 | INFO     | [DAY_START] Processing 25FEB
2026-01-18 00:00:20 | INFO     | [lf.day.start] Processing AJF-ATZ for 25FEB
2026-01-18 00:00:22 | WARNING  | [lf.day.no_flights] No direct flights on 25FEB
2026-01-18 00:00:22 | INFO     | [SUCCESS] Day 25FEB
2026-01-18 00:00:22 | INFO     | [DAY_START] Processing 24FEB
2026-01-18 00:00:22 | INFO     | [lf.day.start] Processing AJF-ATZ for 24FEB
2026-01-18 00:00:23 | WARNING  | [lf.day.no_flights] No direct flights on 24FEB
2026-01-18 00:00:23 | INFO     | [SUCCESS] Day 24FEB
2026-01-18 00:00:23 | INFO     | [DAY_START] Processing 23FEB
2026-01-18 00:00:23 | INFO     | [lf.day.start] Processing AJF-ATZ for 23FEB
2026-01-18 00:00:24 | WARNING  | [lf.day.no_flights] No direct flights on 23FEB
2026-01-18 00:00:24 | INFO     | [SUCCESS] Day 23FEB
2026-01-18 00:00:24 | INFO     | [DAY_START] Processing 22FEB
2026-01-18 00:00:24 | INFO     | [lf.day.start] Processing AJF-ATZ for 22FEB
2026-01-18 00:00:26 | WARNING  | [lf.day.no_flights] No direct flights on 22FEB
2026-01-18 00:00:26 | INFO     | [SUCCESS] Day 22FEB
2026-01-18 00:00:26 | INFO     | [DAY_START] Processing 21FEB
2026-01-18 00:00:26 | INFO     | [lf.day.start] Processing AJF-ATZ for 21FEB
2026-01-18 00:00:27 | WARNING  | [lf.day.no_flights] No direct flights on 21FEB
2026-01-18 00:00:27 | INFO     | [SUCCESS] Day 21FEB
2026-01-18 00:00:27 | INFO     | [DAY_START] Processing 20FEB
2026-01-18 00:00:27 | INFO     | [lf.day.start] Processing AJF-ATZ for 20FEB
2026-01-18 00:00:28 | INFO     | [lf.day.flights_found] Found 1 flights on 20FEB
2026-01-18 00:00:30 | INFO     | [lf.flight.extracted] SM324 on 20FEB: BKG=20, LF=12.0%
2026-01-18 00:00:34 | INFO     | [SUCCESS] Day 20FEB
2026-01-18 00:00:34 | INFO     | [DAY_START] Processing 19FEB
2026-01-18 00:00:34 | INFO     | [lf.day.start] Processing AJF-ATZ for 19FEB
2026-01-18 00:00:36 | WARNING  | [lf.day.no_flights] No direct flights on 19FEB
2026-01-18 00:00:36 | INFO     | [SUCCESS] Day 19FEB
2026-01-18 00:00:36 | INFO     | [SUCCESS] LF Search Complete
2026-01-18 00:00:36 | INFO     | [Worker_9234] Completed: AJF-ATZ - 8 results, 0 errors
2026-01-18 00:00:36 | INFO     | [Worker_9234] Processing: GIZ-CAI
2026-01-18 00:00:36 | INFO     |   Tier 0: Range 2, Chunk 2/3 (8 days)
