2026-01-17 23:36:47 | INFO     | ======================================================================
2026-01-17 23:36:47 | INFO     | Load Factor Scraper Started - Route: ATZ-MED
2026-01-17 23:36:47 | INFO     | Log file: D:\CODERED\LAB\Artifacts\outputs\run_generated_170126_at_23.33_RETRY\logs\LF_ATZ-MED_20260117_233647.log
2026-01-17 23:36:47 | INFO     | Enhanced logging: Capturing both logging.info() and print()
2026-01-17 23:36:47 | INFO     | ======================================================================
2026-01-17 23:36:47 | INFO     | Starting LF search for route: ATZ-MED
2026-01-17 23:36:47 | INFO     | [START] LF Search
2026-01-17 23:36:47 | INFO     | [HEALTH CHECK] [OK] Chrome connection is healthy
2026-01-17 23:36:47 | INFO     | [DAY_START] Processing 18APR
2026-01-17 23:36:47 | INFO     | [lf.day.start] Processing ATZ-MED for 18APR
2026-01-17 23:36:48 | WARNING  | [lf.day.no_flights] No direct flights on 18APR
2026-01-17 23:36:49 | INFO     | [SUCCESS] Day 18APR
2026-01-17 23:36:49 | INFO     | [DAY_START] Processing 17APR
2026-01-17 23:36:49 | INFO     | [lf.day.start] Processing ATZ-MED for 17APR
2026-01-17 23:36:50 | WARNING  | [lf.day.no_flights] No direct flights on 17APR
2026-01-17 23:36:50 | INFO     | [SUCCESS] Day 17APR
2026-01-17 23:36:50 | INFO     | [DAY_START] Processing 16APR
2026-01-17 23:36:50 | INFO     | [lf.day.start] Processing ATZ-MED for 16APR
2026-01-17 23:36:51 | WARNING  | [lf.day.no_flights] No direct flights on 16APR
2026-01-17 23:36:51 | INFO     | [SUCCESS] Day 16APR
2026-01-17 23:36:51 | INFO     | [DAY_START] Processing 15APR
2026-01-17 23:36:51 | INFO     | [lf.day.start] Processing ATZ-MED for 15APR
2026-01-17 23:36:52 | WARNING  | [lf.day.no_flights] No direct flights on 15APR
2026-01-17 23:36:52 | INFO     | [SUCCESS] Day 15APR
2026-01-17 23:36:52 | INFO     | [DAY_START] Processing 14APR
2026-01-17 23:36:52 | INFO     | [lf.day.start] Processing ATZ-MED for 14APR
2026-01-17 23:36:53 | WARNING  | [lf.day.no_flights] No direct flights on 14APR
2026-01-17 23:36:53 | INFO     | [SUCCESS] Day 14APR
2026-01-17 23:36:53 | INFO     | [DAY_START] Processing 13APR
2026-01-17 23:36:53 | INFO     | [lf.day.start] Processing ATZ-MED for 13APR
2026-01-17 23:36:54 | WARNING  | [lf.day.no_flights] No direct flights on 13APR
2026-01-17 23:36:54 | INFO     | [SUCCESS] Day 13APR
2026-01-17 23:36:54 | INFO     | [DAY_START] Processing 12APR
2026-01-17 23:36:54 | INFO     | [lf.day.start] Processing ATZ-MED for 12APR
2026-01-17 23:36:56 | INFO     | [lf.day.flights_found] Found 1 flights on 12APR
2026-01-17 23:36:58 | INFO     | [lf.flight.extracted] SM487 on 12APR: BKG=1, LF=0.6%
2026-01-17 23:37:00 | INFO     | [SUCCESS] Day 12APR
2026-01-17 23:37:00 | INFO     | [DAY_START] Processing 11APR
2026-01-17 23:37:00 | INFO     | [lf.day.start] Processing ATZ-MED for 11APR
2026-01-17 23:37:01 | WARNING  | [lf.day.no_flights] No direct flights on 11APR
2026-01-17 23:37:01 | INFO     | [SUCCESS] Day 11APR
2026-01-17 23:37:01 | INFO     | [DAY_START] Processing 10APR
2026-01-17 23:37:01 | INFO     | [lf.day.start] Processing ATZ-MED for 10APR
2026-01-17 23:37:02 | WARNING  | [lf.day.no_flights] No direct flights on 10APR
2026-01-17 23:37:02 | INFO     | [SUCCESS] Day 10APR
2026-01-17 23:37:02 | INFO     | [SUCCESS] LF Search Complete
2026-01-17 23:37:02 | INFO     | [Worker_9224] Completed: ATZ-MED - 9 results, 0 errors
2026-01-17 23:37:02 | INFO     | [Worker_9224] Processing: ATZ-JED
2026-01-17 23:37:02 | INFO     |   Tier 0: Range 4, Chunk 2/3 (9 days)
