2026-01-17 23:56:11 | INFO     | ======================================================================
2026-01-17 23:56:11 | INFO     | Load Factor Scraper Started - Route: AHB-ATZ
2026-01-17 23:56:11 | INFO     | Log file: D:\CODERED\LAB\Artifacts\outputs\run_generated_170126_at_23.33_RETRY\logs\LF_AHB-ATZ_20260117_235611.log
2026-01-17 23:56:11 | INFO     | Enhanced logging: Capturing both logging.info() and print()
2026-01-17 23:56:11 | INFO     | ======================================================================
2026-01-17 23:56:11 | INFO     | Starting LF search for route: AHB-ATZ
2026-01-17 23:56:11 | INFO     | [START] LF Search
2026-01-17 23:56:12 | INFO     | [HEALTH CHECK] [OK] Chrome connection is healthy
2026-01-17 23:56:12 | INFO     | [DAY_START] Processing 07MAR
2026-01-17 23:56:12 | INFO     | [lf.day.start] Processing AHB-ATZ for 07MAR
2026-01-17 23:56:13 | WARNING  | [lf.day.no_flights] No direct flights on 07MAR
2026-01-17 23:56:13 | INFO     | [SUCCESS] Day 07MAR
2026-01-17 23:56:13 | INFO     | [DAY_START] Processing 06MAR
2026-01-17 23:56:13 | INFO     | [lf.day.start] Processing AHB-ATZ for 06MAR
2026-01-17 23:56:14 | INFO     | [lf.day.flights_found] Found 1 flights on 06MAR
2026-01-17 23:56:16 | INFO     | [lf.flight.extracted] SM446 on 06MAR: BKG=28, LF=16.8%
2026-01-17 23:56:19 | INFO     | [SUCCESS] Day 06MAR
2026-01-17 23:56:19 | INFO     | [DAY_START] Processing 05MAR
2026-01-17 23:56:19 | INFO     | [lf.day.start] Processing AHB-ATZ for 05MAR
2026-01-17 23:56:20 | WARNING  | [lf.day.no_flights] No direct flights on 05MAR
2026-01-17 23:56:20 | INFO     | [SUCCESS] Day 05MAR
2026-01-17 23:56:20 | INFO     | [DAY_START] Processing 04MAR
2026-01-17 23:56:20 | INFO     | [lf.day.start] Processing AHB-ATZ for 04MAR
2026-01-17 23:56:21 | WARNING  | [lf.day.no_flights] No direct flights on 04MAR
2026-01-17 23:56:21 | INFO     | [SUCCESS] Day 04MAR
2026-01-17 23:56:21 | INFO     | [DAY_START] Processing 03MAR
2026-01-17 23:56:21 | INFO     | [lf.day.start] Processing AHB-ATZ for 03MAR
2026-01-17 23:56:22 | WARNING  | [lf.day.no_flights] No direct flights on 03MAR
2026-01-17 23:56:23 | INFO     | [SUCCESS] Day 03MAR
2026-01-17 23:56:23 | INFO     | [DAY_START] Processing 02MAR
2026-01-17 23:56:23 | INFO     | [lf.day.start] Processing AHB-ATZ for 02MAR
2026-01-17 23:56:23 | WARNING  | [lf.day.no_flights] No direct flights on 02MAR
2026-01-17 23:56:24 | INFO     | [SUCCESS] Day 02MAR
2026-01-17 23:56:24 | INFO     | [DAY_START] Processing 01MAR
2026-01-17 23:56:24 | INFO     | [lf.day.start] Processing AHB-ATZ for 01MAR
2026-01-17 23:56:25 | WARNING  | [lf.day.no_flights] No direct flights on 01MAR
2026-01-17 23:56:25 | INFO     | [SUCCESS] Day 01MAR
2026-01-17 23:56:25 | INFO     | [DAY_START] Processing 28FEB
2026-01-17 23:56:25 | INFO     | [lf.day.start] Processing AHB-ATZ for 28FEB
2026-01-17 23:56:26 | WARNING  | [lf.day.no_flights] No direct flights on 28FEB
2026-01-17 23:56:26 | INFO     | [SUCCESS] Day 28FEB
2026-01-17 23:56:26 | INFO     | [DAY_START] Processing 27FEB
2026-01-17 23:56:26 | INFO     | [lf.day.start] Processing AHB-ATZ for 27FEB
2026-01-17 23:56:27 | INFO     | [lf.day.flights_found] Found 1 flights on 27FEB
2026-01-17 23:56:30 | INFO     | [lf.flight.extracted] SM446 on 27FEB: BKG=20, LF=11.4%
2026-01-17 23:56:33 | INFO     | [SUCCESS] Day 27FEB
2026-01-17 23:56:33 | INFO     | [SUCCESS] LF Search Complete
2026-01-17 23:56:33 | INFO     | [Worker_9227] Completed: AHB-ATZ - 9 results, 0 errors
2026-01-17 23:56:33 | INFO     | [Worker_9227] Processing: HBE-MED
2026-01-17 23:56:33 | INFO     |   Tier 0: Range 2, Chunk 1/3 (9 days)
