2026-01-18 00:08:17 | INFO     | ======================================================================
2026-01-18 00:08:17 | INFO     | Load Factor Scraper Started - Route: ATZ-ELQ
2026-01-18 00:08:17 | INFO     | Log file: D:\CODERED\LAB\Artifacts\outputs\run_generated_170126_at_23.33_RETRY\logs\LF_ATZ-ELQ_20260118_000817.log
2026-01-18 00:08:17 | INFO     | Enhanced logging: Capturing both logging.info() and print()
2026-01-18 00:08:17 | INFO     | ======================================================================
2026-01-18 00:08:17 | INFO     | Starting LF search for route: ATZ-ELQ
2026-01-18 00:08:17 | INFO     | [START] LF Search
2026-01-18 00:08:19 | INFO     | [HEALTH CHECK] [OK] Chrome connection is healthy
2026-01-18 00:08:19 | INFO     | [DAY_START] Processing 18FEB
2026-01-18 00:08:19 | INFO     | [lf.day.start] Processing ATZ-ELQ for 18FEB
2026-01-18 00:08:21 | WARNING  | [lf.day.no_flights] No direct flights on 18FEB
2026-01-18 00:08:21 | INFO     | [SUCCESS] Day 18FEB
2026-01-18 00:08:21 | INFO     | [DAY_START] Processing 17FEB
2026-01-18 00:08:21 | INFO     | [lf.day.start] Processing ATZ-ELQ for 17FEB
2026-01-18 00:08:23 | INFO     | [lf.day.flights_found] Found 1 flights on 17FEB
2026-01-18 00:08:25 | INFO     | [lf.flight.extracted] SM435 on 17FEB: BKG=93, LF=52.0%
2026-01-18 00:08:29 | INFO     | [SUCCESS] Day 17FEB
2026-01-18 00:08:29 | INFO     | [DAY_START] Processing 16FEB
2026-01-18 00:08:29 | INFO     | [lf.day.start] Processing ATZ-ELQ for 16FEB
2026-01-18 00:08:30 | WARNING  | [lf.day.no_flights] No direct flights on 16FEB
2026-01-18 00:08:31 | INFO     | [SUCCESS] Day 16FEB
2026-01-18 00:08:31 | INFO     | [DAY_START] Processing 15FEB
2026-01-18 00:08:31 | INFO     | [lf.day.start] Processing ATZ-ELQ for 15FEB
2026-01-18 00:08:32 | WARNING  | [lf.day.no_flights] No direct flights on 15FEB
2026-01-18 00:08:32 | INFO     | [SUCCESS] Day 15FEB
2026-01-18 00:08:32 | INFO     | [DAY_START] Processing 14FEB
2026-01-18 00:08:32 | INFO     | [lf.day.start] Processing ATZ-ELQ for 14FEB
2026-01-18 00:08:34 | INFO     | [lf.day.flights_found] Found 1 flights on 14FEB
2026-01-18 00:08:36 | INFO     | [lf.flight.extracted] SM435 on 14FEB: BKG=4, LF=2.2%
2026-01-18 00:08:40 | INFO     | [SUCCESS] Day 14FEB
2026-01-18 00:08:40 | INFO     | [DAY_START] Processing 13FEB
2026-01-18 00:08:40 | INFO     | [lf.day.start] Processing ATZ-ELQ for 13FEB
2026-01-18 00:08:41 | WARNING  | [lf.day.no_flights] No direct flights on 13FEB
2026-01-18 00:08:41 | INFO     | [SUCCESS] Day 13FEB
2026-01-18 00:08:41 | INFO     | [DAY_START] Processing 12FEB
2026-01-18 00:08:41 | INFO     | [lf.day.start] Processing ATZ-ELQ for 12FEB
2026-01-18 00:08:42 | WARNING  | [lf.day.no_flights] No direct flights on 12FEB
2026-01-18 00:08:43 | INFO     | [SUCCESS] Day 12FEB
2026-01-18 00:08:43 | INFO     | [DAY_START] Processing 11FEB
2026-01-18 00:08:43 | INFO     | [lf.day.start] Processing ATZ-ELQ for 11FEB
2026-01-18 00:08:44 | WARNING  | [lf.day.no_flights] No direct flights on 11FEB
2026-01-18 00:08:44 | INFO     | [SUCCESS] Day 11FEB
2026-01-18 00:08:44 | INFO     | [SUCCESS] LF Search Complete
2026-01-18 00:08:44 | INFO     | [Worker_9227] Completed: ATZ-ELQ - 8 results, 0 errors
2026-01-18 00:08:44 | INFO     | [Worker_9227] Processing: MED-ATZ
2026-01-18 00:08:44 | INFO     |   Tier 0: Range 1, Chunk 1/3 (9 days)
