2026-01-17 23:36:32 | INFO     | ======================================================================
2026-01-17 23:36:32 | INFO     | Load Factor Scraper Started - Route: AHB-ATZ
2026-01-17 23:36:32 | INFO     | Log file: D:\CODERED\LAB\Artifacts\outputs\run_generated_170126_at_23.33_RETRY\logs\LF_AHB-ATZ_20260117_233632.log
2026-01-17 23:36:32 | INFO     | Enhanced logging: Capturing both logging.info() and print()
2026-01-17 23:36:32 | INFO     | ======================================================================
2026-01-17 23:36:32 | INFO     | Starting LF search for route: AHB-ATZ
2026-01-17 23:36:32 | INFO     | [START] LF Search
2026-01-17 23:36:33 | INFO     | [HEALTH CHECK] [OK] Chrome connection is healthy
2026-01-17 23:36:33 | INFO     | [DAY_START] Processing 18APR
2026-01-17 23:36:33 | INFO     | [lf.day.start] Processing AHB-ATZ for 18APR
2026-01-17 23:36:34 | WARNING  | [lf.day.no_flights] No direct flights on 18APR
2026-01-17 23:36:34 | INFO     | [SUCCESS] Day 18APR
2026-01-17 23:36:34 | INFO     | [DAY_START] Processing 17APR
2026-01-17 23:36:34 | INFO     | [lf.day.start] Processing AHB-ATZ for 17APR
2026-01-17 23:36:35 | WARNING  | [lf.day.no_flights] No direct flights on 17APR
2026-01-17 23:36:35 | INFO     | [SUCCESS] Day 17APR
2026-01-17 23:36:35 | INFO     | [DAY_START] Processing 16APR
2026-01-17 23:36:35 | INFO     | [lf.day.start] Processing AHB-ATZ for 16APR
2026-01-17 23:36:37 | WARNING  | [lf.day.no_flights] No direct flights on 16APR
2026-01-17 23:36:37 | INFO     | [SUCCESS] Day 16APR
2026-01-17 23:36:37 | INFO     | [DAY_START] Processing 15APR
2026-01-17 23:36:37 | INFO     | [lf.day.start] Processing AHB-ATZ for 15APR
2026-01-17 23:36:38 | WARNING  | [lf.day.no_flights] No direct flights on 15APR
2026-01-17 23:36:38 | INFO     | [SUCCESS] Day 15APR
2026-01-17 23:36:38 | INFO     | [DAY_START] Processing 14APR
2026-01-17 23:36:38 | INFO     | [lf.day.start] Processing AHB-ATZ for 14APR
2026-01-17 23:36:39 | WARNING  | [lf.day.no_flights] No direct flights on 14APR
2026-01-17 23:36:39 | INFO     | [SUCCESS] Day 14APR
2026-01-17 23:36:39 | INFO     | [DAY_START] Processing 13APR
2026-01-17 23:36:39 | INFO     | [lf.day.start] Processing AHB-ATZ for 13APR
2026-01-17 23:36:40 | WARNING  | [lf.day.no_flights] No direct flights on 13APR
2026-01-17 23:36:40 | INFO     | [SUCCESS] Day 13APR
2026-01-17 23:36:40 | INFO     | [DAY_START] Processing 12APR
2026-01-17 23:36:40 | INFO     | [lf.day.start] Processing AHB-ATZ for 12APR
2026-01-17 23:36:41 | WARNING  | [lf.day.no_flights] No direct flights on 12APR
2026-01-17 23:36:42 | INFO     | [SUCCESS] Day 12APR
2026-01-17 23:36:42 | INFO     | [DAY_START] Processing 11APR
2026-01-17 23:36:42 | INFO     | [lf.day.start] Processing AHB-ATZ for 11APR
2026-01-17 23:36:43 | WARNING  | [lf.day.no_flights] No direct flights on 11APR
2026-01-17 23:36:43 | INFO     | [SUCCESS] Day 11APR
2026-01-17 23:36:43 | INFO     | [DAY_START] Processing 10APR
2026-01-17 23:36:43 | INFO     | [lf.day.start] Processing AHB-ATZ for 10APR
2026-01-17 23:36:44 | WARNING  | [lf.day.no_flights] No direct flights on 10APR
2026-01-17 23:36:44 | INFO     | [SUCCESS] Day 10APR
2026-01-17 23:36:44 | INFO     | [SUCCESS] LF Search Complete
2026-01-17 23:36:44 | INFO     | [Worker_9232] Completed: AHB-ATZ - 9 results, 0 errors
2026-01-17 23:36:44 | INFO     | [Worker_9232] Processing: HBE-MED
2026-01-17 23:36:44 | INFO     |   Tier 0: Range 4, Chunk 2/3 (9 days)
