2026-01-17 23:44:45 | INFO     | ======================================================================
2026-01-17 23:44:45 | INFO     | Load Factor Scraper Started - Route: ATZ-JED
2026-01-17 23:44:45 | INFO     | Log file: D:\CODERED\LAB\Artifacts\outputs\run_generated_170126_at_23.33_RETRY\logs\LF_ATZ-JED_20260117_234445.log
2026-01-17 23:44:45 | INFO     | Enhanced logging: Capturing both logging.info() and print()
2026-01-17 23:44:45 | INFO     | ======================================================================
2026-01-17 23:44:45 | INFO     | Starting LF search for route: ATZ-JED
2026-01-17 23:44:45 | INFO     | [START] LF Search
2026-01-17 23:44:46 | INFO     | [HEALTH CHECK] [OK] Chrome connection is healthy
2026-01-17 23:44:46 | INFO     | [DAY_START] Processing 01APR
2026-01-17 23:44:46 | INFO     | [lf.day.start] Processing ATZ-JED for 01APR
2026-01-17 23:44:47 | INFO     | [lf.day.flights_found] Found 1 flights on 01APR
2026-01-17 23:44:49 | INFO     | [lf.flight.extracted] SM455 on 01APR: BKG=23, LF=12.8%
2026-01-17 23:44:52 | INFO     | [SUCCESS] Day 01APR
2026-01-17 23:44:52 | INFO     | [DAY_START] Processing 31MAR
2026-01-17 23:44:52 | INFO     | [lf.day.start] Processing ATZ-JED for 31MAR
2026-01-17 23:44:53 | INFO     | [lf.day.flights_found] Found 1 flights on 31MAR
2026-01-17 23:44:55 | INFO     | [lf.flight.extracted] SM455 on 31MAR: BKG=10, LF=5.6%
2026-01-17 23:44:58 | INFO     | [SUCCESS] Day 31MAR
2026-01-17 23:44:58 | INFO     | [DAY_START] Processing 30MAR
2026-01-17 23:44:58 | INFO     | [lf.day.start] Processing ATZ-JED for 30MAR
2026-01-17 23:44:59 | INFO     | [lf.day.flights_found] Found 1 flights on 30MAR
2026-01-17 23:45:01 | INFO     | [lf.flight.extracted] SM455 on 30MAR: BKG=25, LF=14.0%
2026-01-17 23:45:05 | INFO     | [SUCCESS] Day 30MAR
2026-01-17 23:45:05 | INFO     | [DAY_START] Processing 29MAR
2026-01-17 23:45:05 | INFO     | [lf.day.start] Processing ATZ-JED for 29MAR
2026-01-17 23:45:06 | INFO     | [lf.day.flights_found] Found 1 flights on 29MAR
2026-01-17 23:45:08 | INFO     | [lf.flight.extracted] SM455 on 29MAR: BKG=30, LF=16.8%
2026-01-17 23:45:11 | INFO     | [SUCCESS] Day 29MAR
2026-01-17 23:45:11 | INFO     | [DAY_START] Processing 28MAR
2026-01-17 23:45:11 | INFO     | [lf.day.start] Processing ATZ-JED for 28MAR
2026-01-17 23:45:13 | INFO     | [lf.day.flights_found] Found 4 flights on 28MAR
2026-01-17 23:45:15 | INFO     | [lf.flight.extracted] SM491 on 28MAR: BKG=29, LF=16.2%
2026-01-17 23:45:18 | INFO     | [lf.flight.extracted] SM453 on 28MAR: BKG=24, LF=13.6%
2026-01-17 23:45:22 | INFO     | [lf.flight.extracted] SM455 on 28MAR: BKG=59, LF=33.0%
2026-01-17 23:45:25 | INFO     | [lf.flight.extracted] SM955 on 28MAR: BKG=0, LF=0.0%
2026-01-17 23:45:36 | INFO     | [SUCCESS] Day 28MAR
2026-01-17 23:45:36 | INFO     | [DAY_START] Processing 27MAR
2026-01-17 23:45:36 | INFO     | [lf.day.start] Processing ATZ-JED for 27MAR
2026-01-17 23:45:37 | INFO     | [lf.day.flights_found] Found 2 flights on 27MAR
2026-01-17 23:45:39 | INFO     | [lf.flight.extracted] SM491 on 27MAR: BKG=14, LF=7.8%
2026-01-17 23:45:43 | INFO     | [lf.flight.extracted] SM953 on 27MAR: BKG=0, LF=0.0%
2026-01-17 23:45:46 | INFO     | [SUCCESS] Day 27MAR
2026-01-17 23:45:46 | INFO     | [DAY_START] Processing 26MAR
2026-01-17 23:45:46 | INFO     | [lf.day.start] Processing ATZ-JED for 26MAR
2026-01-17 23:45:47 | INFO     | [lf.day.flights_found] Found 2 flights on 26MAR
2026-01-17 23:45:49 | INFO     | [lf.flight.extracted] SM455 on 26MAR: BKG=4, LF=2.2%
2026-01-17 23:45:52 | INFO     | [lf.flight.extracted] SM453 on 26MAR: BKG=4, LF=2.3%
2026-01-17 23:45:56 | INFO     | [SUCCESS] Day 26MAR
2026-01-17 23:45:56 | INFO     | [DAY_START] Processing 25MAR
2026-01-17 23:45:56 | INFO     | [lf.day.start] Processing ATZ-JED for 25MAR
2026-01-17 23:45:57 | INFO     | [lf.day.flights_found] Found 2 flights on 25MAR
2026-01-17 23:45:59 | INFO     | [lf.flight.extracted] SM453 on 25MAR: BKG=1, LF=0.6%
2026-01-17 23:46:03 | INFO     | [lf.flight.extracted] SM491 on 25MAR: BKG=6, LF=3.4%
2026-01-17 23:46:07 | INFO     | [SUCCESS] Day 25MAR
2026-01-17 23:46:07 | INFO     | [DAY_START] Processing 24MAR
2026-01-17 23:46:07 | INFO     | [lf.day.start] Processing ATZ-JED for 24MAR
2026-01-17 23:46:08 | INFO     | [lf.day.flights_found] Found 5 flights on 24MAR
2026-01-17 23:46:08 | INFO     | [lf.flight.extracted] SM2487 on 24MAR: BKG=0, LF=0.0%
2026-01-17 23:46:11 | INFO     | [lf.flight.extracted] SM453 on 24MAR: BKG=4, LF=2.2%
2026-01-17 23:46:15 | INFO     | [lf.flight.extracted] SM2485 on 24MAR: BKG=0, LF=0.0%
2026-01-17 23:46:18 | INFO     | [lf.flight.extracted] SM455 on 24MAR: BKG=7, LF=3.9%
2026-01-17 23:46:22 | INFO     | [lf.flight.extracted] SM2459 on 24MAR: BKG=0, LF=0.0%
2026-01-17 23:46:25 | INFO     | [SUCCESS] Day 24MAR
2026-01-17 23:46:25 | INFO     | [SUCCESS] LF Search Complete
2026-01-17 23:46:25 | INFO     | [Worker_9234] Completed: ATZ-JED - 9 results, 0 errors
2026-01-17 23:46:25 | INFO     | [Worker_9234] Processing: CAI-GIZ
2026-01-17 23:46:25 | INFO     |   Tier 0: Range 3, Chunk 1/3 (9 days)
