2026-01-17 23:36:11 | INFO     | ======================================================================
2026-01-17 23:36:11 | INFO     | Load Factor Scraper Started - Route: AJF-CAI
2026-01-17 23:36:11 | INFO     | Log file: D:\CODERED\LAB\Artifacts\outputs\run_generated_170126_at_23.33_RETRY\logs\LF_AJF-CAI_20260117_233611.log
2026-01-17 23:36:11 | INFO     | Enhanced logging: Capturing both logging.info() and print()
2026-01-17 23:36:11 | INFO     | ======================================================================
2026-01-17 23:36:11 | INFO     | Starting LF search for route: AJF-CAI
2026-01-17 23:36:11 | INFO     | [START] LF Search
2026-01-17 23:36:12 | INFO     | [HEALTH CHECK] [OK] Chrome connection is healthy
2026-01-17 23:36:12 | INFO     | [DAY_START] Processing 18APR
2026-01-17 23:36:12 | INFO     | [lf.day.start] Processing AJF-CAI for 18APR
2026-01-17 23:36:14 | WARNING  | [lf.day.no_flights] No direct flights on 18APR
2026-01-17 23:36:14 | INFO     | [SUCCESS] Day 18APR
2026-01-17 23:36:14 | INFO     | [DAY_START] Processing 17APR
2026-01-17 23:36:14 | INFO     | [lf.day.start] Processing AJF-CAI for 17APR
2026-01-17 23:36:17 | INFO     | [lf.day.flights_found] Found 1 flights on 17APR
2026-01-17 23:36:19 | INFO     | [lf.flight.extracted] SM322 on 17APR: BKG=1, LF=0.6%
2026-01-17 23:36:22 | INFO     | [SUCCESS] Day 17APR
2026-01-17 23:36:22 | INFO     | [DAY_START] Processing 16APR
2026-01-17 23:36:22 | INFO     | [lf.day.start] Processing AJF-CAI for 16APR
2026-01-17 23:36:23 | INFO     | [lf.day.flights_found] Found 1 flights on 16APR
2026-01-17 23:36:25 | INFO     | [lf.flight.extracted] SM322 on 16APR: BKG=0, LF=0.0%
2026-01-17 23:36:26 | INFO     | [SUCCESS] Day 16APR
2026-01-17 23:36:26 | INFO     | [DAY_START] Processing 15APR
2026-01-17 23:36:26 | INFO     | [lf.day.start] Processing AJF-CAI for 15APR
2026-01-17 23:36:27 | WARNING  | [lf.day.no_flights] No direct flights on 15APR
2026-01-17 23:36:27 | INFO     | [SUCCESS] Day 15APR
2026-01-17 23:36:27 | INFO     | [DAY_START] Processing 14APR
2026-01-17 23:36:27 | INFO     | [lf.day.start] Processing AJF-CAI for 14APR
2026-01-17 23:36:28 | WARNING  | [lf.day.no_flights] No direct flights on 14APR
2026-01-17 23:36:28 | INFO     | [SUCCESS] Day 14APR
2026-01-17 23:36:28 | INFO     | [DAY_START] Processing 13APR
2026-01-17 23:36:28 | INFO     | [lf.day.start] Processing AJF-CAI for 13APR
2026-01-17 23:36:29 | WARNING  | [lf.day.no_flights] No direct flights on 13APR
2026-01-17 23:36:29 | INFO     | [SUCCESS] Day 13APR
2026-01-17 23:36:29 | INFO     | [DAY_START] Processing 12APR
2026-01-17 23:36:29 | INFO     | [lf.day.start] Processing AJF-CAI for 12APR
2026-01-17 23:36:30 | INFO     | [lf.day.flights_found] Found 1 flights on 12APR
2026-01-17 23:36:32 | INFO     | [lf.flight.extracted] SM322 on 12APR: BKG=3, LF=1.7%
2026-01-17 23:36:35 | INFO     | [SUCCESS] Day 12APR
2026-01-17 23:36:35 | INFO     | [DAY_START] Processing 11APR
2026-01-17 23:36:35 | INFO     | [lf.day.start] Processing AJF-CAI for 11APR
2026-01-17 23:36:36 | WARNING  | [lf.day.no_flights] No direct flights on 11APR
2026-01-17 23:36:36 | INFO     | [SUCCESS] Day 11APR
2026-01-17 23:36:36 | INFO     | [DAY_START] Processing 10APR
2026-01-17 23:36:36 | INFO     | [lf.day.start] Processing AJF-CAI for 10APR
2026-01-17 23:36:37 | INFO     | [lf.day.flights_found] Found 1 flights on 10APR
2026-01-17 23:36:39 | INFO     | [lf.flight.extracted] SM322 on 10APR: BKG=0, LF=0.0%
2026-01-17 23:36:40 | INFO     | [SUCCESS] Day 10APR
2026-01-17 23:36:40 | INFO     | [SUCCESS] LF Search Complete
2026-01-17 23:36:40 | INFO     | [Worker_9233] Completed: AJF-CAI - 9 results, 0 errors
2026-01-17 23:36:40 | INFO     | [Worker_9233] Processing: CAI-MED
2026-01-17 23:36:40 | INFO     |   Tier 0: Range 4, Chunk 2/3 (9 days)
