2026-01-18 00:12:36 | INFO     | ======================================================================
2026-01-18 00:12:36 | INFO     | Load Factor Scraper Started - Route: ATZ-RUH
2026-01-18 00:12:36 | INFO     | Log file: D:\CODERED\LAB\Artifacts\outputs\run_generated_170126_at_23.33_RETRY\logs\LF_ATZ-RUH_20260118_001236.log
2026-01-18 00:12:36 | INFO     | Enhanced logging: Capturing both logging.info() and print()
2026-01-18 00:12:36 | INFO     | ======================================================================
2026-01-18 00:12:36 | INFO     | Starting LF search for route: ATZ-RUH
2026-01-18 00:12:36 | INFO     | [START] LF Search
2026-01-18 00:12:37 | INFO     | [HEALTH CHECK] [OK] Chrome connection is healthy
2026-01-18 00:12:37 | INFO     | [DAY_START] Processing 10FEB
2026-01-18 00:12:37 | INFO     | [lf.day.start] Processing ATZ-RUH for 10FEB
2026-01-18 00:12:38 | INFO     | [lf.day.flights_found] Found 1 flights on 10FEB
2026-01-18 00:12:40 | INFO     | [lf.flight.extracted] SM463 on 10FEB: BKG=11, LF=6.2%
2026-01-18 00:12:43 | INFO     | [SUCCESS] Day 10FEB
2026-01-18 00:12:43 | INFO     | [DAY_START] Processing 09FEB
2026-01-18 00:12:43 | INFO     | [lf.day.start] Processing ATZ-RUH for 09FEB
2026-01-18 00:12:44 | WARNING  | [lf.day.no_flights] No direct flights on 09FEB
2026-01-18 00:12:44 | INFO     | [SUCCESS] Day 09FEB
2026-01-18 00:12:44 | INFO     | [DAY_START] Processing 08FEB
2026-01-18 00:12:44 | INFO     | [lf.day.start] Processing ATZ-RUH for 08FEB
2026-01-18 00:12:45 | INFO     | [lf.day.flights_found] Found 1 flights on 08FEB
2026-01-18 00:12:47 | INFO     | [lf.flight.extracted] SM463 on 08FEB: BKG=46, LF=25.7%
2026-01-18 00:12:51 | INFO     | [SUCCESS] Day 08FEB
2026-01-18 00:12:51 | INFO     | [DAY_START] Processing 07FEB
2026-01-18 00:12:51 | INFO     | [lf.day.start] Processing ATZ-RUH for 07FEB
2026-01-18 00:12:52 | WARNING  | [lf.day.no_flights] No direct flights on 07FEB
2026-01-18 00:12:52 | INFO     | [SUCCESS] Day 07FEB
2026-01-18 00:12:52 | INFO     | [DAY_START] Processing 06FEB
2026-01-18 00:12:52 | INFO     | [lf.day.start] Processing ATZ-RUH for 06FEB
2026-01-18 00:12:53 | WARNING  | [lf.day.no_flights] No direct flights on 06FEB
2026-01-18 00:12:53 | INFO     | [SUCCESS] Day 06FEB
2026-01-18 00:12:53 | INFO     | [DAY_START] Processing 05FEB
2026-01-18 00:12:53 | INFO     | [lf.day.start] Processing ATZ-RUH for 05FEB
2026-01-18 00:12:54 | WARNING  | [lf.day.no_flights] No direct flights on 05FEB
2026-01-18 00:12:55 | INFO     | [SUCCESS] Day 05FEB
2026-01-18 00:12:55 | INFO     | [DAY_START] Processing 04FEB
2026-01-18 00:12:55 | INFO     | [lf.day.start] Processing ATZ-RUH for 04FEB
2026-01-18 00:12:56 | INFO     | [lf.day.flights_found] Found 1 flights on 04FEB
2026-01-18 00:12:58 | INFO     | [lf.flight.extracted] SM465 on 04FEB: BKG=51, LF=28.5%
2026-01-18 00:13:02 | INFO     | [SUCCESS] Day 04FEB
2026-01-18 00:13:02 | INFO     | [DAY_START] Processing 03FEB
2026-01-18 00:13:02 | INFO     | [lf.day.start] Processing ATZ-RUH for 03FEB
2026-01-18 00:13:03 | INFO     | [lf.day.flights_found] Found 1 flights on 03FEB
2026-01-18 00:13:05 | INFO     | [lf.flight.extracted] SM463 on 03FEB: BKG=53, LF=29.6%
2026-01-18 00:13:09 | INFO     | [SUCCESS] Day 03FEB
2026-01-18 00:13:09 | INFO     | [DAY_START] Processing 02FEB
2026-01-18 00:13:09 | INFO     | [lf.day.start] Processing ATZ-RUH for 02FEB
2026-01-18 00:13:10 | WARNING  | [lf.day.no_flights] No direct flights on 02FEB
2026-01-18 00:13:10 | INFO     | [SUCCESS] Day 02FEB
2026-01-18 00:13:10 | INFO     | [SUCCESS] LF Search Complete
2026-01-18 00:13:10 | INFO     | [Worker_9225] Completed: ATZ-RUH - 9 results, 0 errors
2026-01-18 00:13:10 | INFO     | [Worker_9225] Processing: CAI-TUU
2026-01-18 00:13:10 | INFO     |   Tier 0: Range 1, Chunk 1/3 (9 days)
