2026-01-18 00:13:29 | INFO     | ======================================================================
2026-01-18 00:13:29 | INFO     | Load Factor Scraper Started - Route: ATZ-AJF
2026-01-18 00:13:29 | INFO     | Log file: D:\CODERED\LAB\Artifacts\outputs\run_generated_170126_at_23.33_RETRY\logs\LF_ATZ-AJF_20260118_001329.log
2026-01-18 00:13:29 | INFO     | Enhanced logging: Capturing both logging.info() and print()
2026-01-18 00:13:29 | INFO     | ======================================================================
2026-01-18 00:13:29 | INFO     | Starting LF search for route: ATZ-AJF
2026-01-18 00:13:29 | INFO     | [START] LF Search
2026-01-18 00:13:30 | INFO     | [HEALTH CHECK] [OK] Chrome connection is healthy
2026-01-18 00:13:30 | INFO     | [DAY_START] Processing 10FEB
2026-01-18 00:13:30 | INFO     | [lf.day.start] Processing ATZ-AJF for 10FEB
2026-01-18 00:13:31 | WARNING  | [lf.day.no_flights] No direct flights on 10FEB
2026-01-18 00:13:32 | INFO     | [SUCCESS] Day 10FEB
2026-01-18 00:13:32 | INFO     | [DAY_START] Processing 09FEB
2026-01-18 00:13:32 | INFO     | [lf.day.start] Processing ATZ-AJF for 09FEB
2026-01-18 00:13:32 | WARNING  | [lf.day.no_flights] No direct flights on 09FEB
2026-01-18 00:13:33 | INFO     | [SUCCESS] Day 09FEB
2026-01-18 00:13:33 | INFO     | [DAY_START] Processing 08FEB
2026-01-18 00:13:33 | INFO     | [lf.day.start] Processing ATZ-AJF for 08FEB
2026-01-18 00:13:34 | WARNING  | [lf.day.no_flights] No direct flights on 08FEB
2026-01-18 00:13:34 | INFO     | [SUCCESS] Day 08FEB
2026-01-18 00:13:34 | INFO     | [DAY_START] Processing 07FEB
2026-01-18 00:13:34 | INFO     | [lf.day.start] Processing ATZ-AJF for 07FEB
2026-01-18 00:13:35 | WARNING  | [lf.day.no_flights] No direct flights on 07FEB
2026-01-18 00:13:35 | INFO     | [SUCCESS] Day 07FEB
2026-01-18 00:13:35 | INFO     | [DAY_START] Processing 06FEB
2026-01-18 00:13:35 | INFO     | [lf.day.start] Processing ATZ-AJF for 06FEB
2026-01-18 00:13:36 | INFO     | [lf.day.flights_found] Found 1 flights on 06FEB
2026-01-18 00:13:38 | INFO     | [lf.flight.extracted] SM323 on 06FEB: BKG=12, LF=6.7%
2026-01-18 00:13:40 | INFO     | [SUCCESS] Day 06FEB
2026-01-18 00:13:40 | INFO     | [DAY_START] Processing 05FEB
2026-01-18 00:13:40 | INFO     | [lf.day.start] Processing ATZ-AJF for 05FEB
2026-01-18 00:13:41 | WARNING  | [lf.day.no_flights] No direct flights on 05FEB
2026-01-18 00:13:42 | INFO     | [SUCCESS] Day 05FEB
2026-01-18 00:13:42 | INFO     | [DAY_START] Processing 04FEB
2026-01-18 00:13:42 | INFO     | [lf.day.start] Processing ATZ-AJF for 04FEB
2026-01-18 00:13:43 | WARNING  | [lf.day.no_flights] No direct flights on 04FEB
2026-01-18 00:13:43 | INFO     | [SUCCESS] Day 04FEB
2026-01-18 00:13:43 | INFO     | [DAY_START] Processing 03FEB
2026-01-18 00:13:43 | INFO     | [lf.day.start] Processing ATZ-AJF for 03FEB
2026-01-18 00:13:44 | WARNING  | [lf.day.no_flights] No direct flights on 03FEB
2026-01-18 00:13:44 | INFO     | [SUCCESS] Day 03FEB
2026-01-18 00:13:44 | INFO     | [DAY_START] Processing 02FEB
2026-01-18 00:13:44 | INFO     | [lf.day.start] Processing ATZ-AJF for 02FEB
2026-01-18 00:13:45 | WARNING  | [lf.day.no_flights] No direct flights on 02FEB
2026-01-18 00:13:45 | INFO     | [SUCCESS] Day 02FEB
2026-01-18 00:13:45 | INFO     | [SUCCESS] LF Search Complete
2026-01-18 00:13:45 | INFO     | [Worker_9226] Completed: ATZ-AJF - 9 results, 0 errors
2026-01-18 00:13:45 | INFO     | [Worker_9226] Processing: ATZ-AHB
2026-01-18 00:13:45 | INFO     |   Tier 0: Range 1, Chunk 1/3 (9 days)
