2026-01-18 00:17:50 | INFO     | ======================================================================
2026-01-18 00:17:50 | INFO     | Load Factor Scraper Started - Route: ASW-JED
2026-01-18 00:17:50 | INFO     | Log file: D:\CODERED\LAB\Artifacts\outputs\run_generated_170126_at_23.33_RETRY\logs\LF_ASW-JED_20260118_001750.log
2026-01-18 00:17:50 | INFO     | Enhanced logging: Capturing both logging.info() and print()
2026-01-18 00:17:50 | INFO     | ======================================================================
2026-01-18 00:17:50 | INFO     | Starting LF search for route: ASW-JED
2026-01-18 00:17:50 | INFO     | [START] LF Search
2026-01-18 00:17:51 | INFO     | [HEALTH CHECK] [OK] Chrome connection is healthy
2026-01-18 00:17:51 | INFO     | [DAY_START] Processing 01FEB
2026-01-18 00:17:51 | INFO     | [lf.day.start] Processing ASW-JED for 01FEB
2026-01-18 00:17:52 | WARNING  | [lf.day.no_flights] No direct flights on 01FEB
2026-01-18 00:17:52 | INFO     | [SUCCESS] Day 01FEB
2026-01-18 00:17:52 | INFO     | [DAY_START] Processing 31JAN
2026-01-18 00:17:52 | INFO     | [lf.day.start] Processing ASW-JED for 31JAN
2026-01-18 00:17:53 | WARNING  | [lf.day.no_flights] No direct flights on 31JAN
2026-01-18 00:17:53 | INFO     | [SUCCESS] Day 31JAN
2026-01-18 00:17:53 | INFO     | [DAY_START] Processing 30JAN
2026-01-18 00:17:53 | INFO     | [lf.day.start] Processing ASW-JED for 30JAN
2026-01-18 00:17:54 | WARNING  | [lf.day.no_flights] No direct flights on 30JAN
2026-01-18 00:17:54 | INFO     | [SUCCESS] Day 30JAN
2026-01-18 00:17:54 | INFO     | [DAY_START] Processing 29JAN
2026-01-18 00:17:54 | INFO     | [lf.day.start] Processing ASW-JED for 29JAN
2026-01-18 00:17:56 | WARNING  | [lf.day.no_flights] No direct flights on 29JAN
2026-01-18 00:17:56 | INFO     | [SUCCESS] Day 29JAN
2026-01-18 00:17:56 | INFO     | [DAY_START] Processing 28JAN
2026-01-18 00:17:56 | INFO     | [lf.day.start] Processing ASW-JED for 28JAN
2026-01-18 00:17:57 | WARNING  | [lf.day.no_flights] No direct flights on 28JAN
2026-01-18 00:17:57 | INFO     | [SUCCESS] Day 28JAN
2026-01-18 00:17:57 | INFO     | [DAY_START] Processing 27JAN
2026-01-18 00:17:57 | INFO     | [lf.day.start] Processing ASW-JED for 27JAN
2026-01-18 00:17:58 | INFO     | [lf.day.flights_found] Found 1 flights on 27JAN
2026-01-18 00:18:00 | INFO     | [lf.flight.extracted] SM985 on 27JAN: BKG=0, LF=0.0%
2026-01-18 00:18:01 | INFO     | [SUCCESS] Day 27JAN
2026-01-18 00:18:01 | INFO     | [DAY_START] Processing 26JAN
2026-01-18 00:18:01 | INFO     | [lf.day.start] Processing ASW-JED for 26JAN
2026-01-18 00:18:02 | INFO     | [lf.day.flights_found] Found 2 flights on 26JAN
2026-01-18 00:18:04 | INFO     | [lf.flight.extracted] SM425 on 26JAN: BKG=0, LF=0.0%
2026-01-18 00:18:08 | INFO     | [lf.flight.extracted] SM949 on 26JAN: BKG=0, LF=0.0%
2026-01-18 00:18:09 | INFO     | [SUCCESS] Day 26JAN
2026-01-18 00:18:09 | INFO     | [DAY_START] Processing 25JAN
2026-01-18 00:18:09 | INFO     | [lf.day.start] Processing ASW-JED for 25JAN
2026-01-18 00:18:11 | WARNING  | [lf.day.no_flights] No direct flights on 25JAN
2026-01-18 00:18:11 | INFO     | [SUCCESS] Day 25JAN
2026-01-18 00:18:11 | INFO     | [SUCCESS] LF Search Complete
2026-01-18 00:18:11 | INFO     | [Worker_9225] Completed: ASW-JED - 8 results, 0 errors
2026-01-18 00:18:11 | INFO     | [Worker_9225] Processing: ATZ-DMM
2026-01-18 00:18:11 | INFO     |   Tier 0: Range 1, Chunk 2/3 (8 days)
