2026-01-18 00:07:34 | INFO     | ======================================================================
2026-01-18 00:07:34 | INFO     | Load Factor Scraper Started - Route: ATZ-TUU
2026-01-18 00:07:34 | INFO     | Log file: D:\CODERED\LAB\Artifacts\outputs\run_generated_170126_at_23.33_RETRY\logs\LF_ATZ-TUU_20260118_000734.log
2026-01-18 00:07:34 | INFO     | Enhanced logging: Capturing both logging.info() and print()
2026-01-18 00:07:34 | INFO     | ======================================================================
2026-01-18 00:07:34 | INFO     | Starting LF search for route: ATZ-TUU
2026-01-18 00:07:34 | INFO     | [START] LF Search
2026-01-18 00:07:35 | INFO     | [HEALTH CHECK] [OK] Chrome connection is healthy
2026-01-18 00:07:35 | INFO     | [DAY_START] Processing 18FEB
2026-01-18 00:07:35 | INFO     | [lf.day.start] Processing ATZ-TUU for 18FEB
2026-01-18 00:07:37 | WARNING  | [lf.day.no_flights] No direct flights on 18FEB
2026-01-18 00:07:37 | INFO     | [SUCCESS] Day 18FEB
2026-01-18 00:07:37 | INFO     | [DAY_START] Processing 17FEB
2026-01-18 00:07:37 | INFO     | [lf.day.start] Processing ATZ-TUU for 17FEB
2026-01-18 00:07:38 | WARNING  | [lf.day.no_flights] No direct flights on 17FEB
2026-01-18 00:07:38 | INFO     | [SUCCESS] Day 17FEB
2026-01-18 00:07:38 | INFO     | [DAY_START] Processing 16FEB
2026-01-18 00:07:38 | INFO     | [lf.day.start] Processing ATZ-TUU for 16FEB
2026-01-18 00:07:40 | WARNING  | [lf.day.no_flights] No direct flights on 16FEB
2026-01-18 00:07:40 | INFO     | [SUCCESS] Day 16FEB
2026-01-18 00:07:40 | INFO     | [DAY_START] Processing 15FEB
2026-01-18 00:07:40 | INFO     | [lf.day.start] Processing ATZ-TUU for 15FEB
2026-01-18 00:07:41 | WARNING  | [lf.day.no_flights] No direct flights on 15FEB
2026-01-18 00:07:41 | INFO     | [SUCCESS] Day 15FEB
2026-01-18 00:07:41 | INFO     | [DAY_START] Processing 14FEB
2026-01-18 00:07:41 | INFO     | [lf.day.start] Processing ATZ-TUU for 14FEB
2026-01-18 00:07:43 | WARNING  | [lf.day.no_flights] No direct flights on 14FEB
2026-01-18 00:07:43 | INFO     | [SUCCESS] Day 14FEB
2026-01-18 00:07:43 | INFO     | [DAY_START] Processing 13FEB
2026-01-18 00:07:43 | INFO     | [lf.day.start] Processing ATZ-TUU for 13FEB
2026-01-18 00:07:44 | INFO     | [lf.day.flights_found] Found 1 flights on 13FEB
2026-01-18 00:07:46 | INFO     | [lf.flight.extracted] SM327 on 13FEB: BKG=0, LF=0.0%
2026-01-18 00:07:47 | INFO     | [SUCCESS] Day 13FEB
2026-01-18 00:07:47 | INFO     | [DAY_START] Processing 12FEB
2026-01-18 00:07:47 | INFO     | [lf.day.start] Processing ATZ-TUU for 12FEB
2026-01-18 00:07:49 | WARNING  | [lf.day.no_flights] No direct flights on 12FEB
2026-01-18 00:07:49 | INFO     | [SUCCESS] Day 12FEB
2026-01-18 00:07:49 | INFO     | [DAY_START] Processing 11FEB
2026-01-18 00:07:49 | INFO     | [lf.day.start] Processing ATZ-TUU for 11FEB
2026-01-18 00:07:51 | WARNING  | [lf.day.no_flights] No direct flights on 11FEB
2026-01-18 00:07:51 | INFO     | [SUCCESS] Day 11FEB
2026-01-18 00:07:51 | INFO     | [SUCCESS] LF Search Complete
2026-01-18 00:07:51 | INFO     | [Worker_9226] Completed: ATZ-TUU - 8 results, 0 errors
2026-01-18 00:07:51 | INFO     | [Worker_9226] Processing: CAI-YNB
2026-01-18 00:07:51 | INFO     |   Tier 0: Range 2, Chunk 3/3 (8 days)
