2026-01-17 23:53:03 | INFO     | ======================================================================
2026-01-17 23:53:03 | INFO     | Load Factor Scraper Started - Route: ATZ-JED
2026-01-17 23:53:03 | INFO     | Log file: D:\CODERED\LAB\Artifacts\outputs\run_generated_170126_at_23.33_RETRY\logs\LF_ATZ-JED_20260117_235303.log
2026-01-17 23:53:03 | INFO     | Enhanced logging: Capturing both logging.info() and print()
2026-01-17 23:53:03 | INFO     | ======================================================================
2026-01-17 23:53:03 | INFO     | Starting LF search for route: ATZ-JED
2026-01-17 23:53:03 | INFO     | [START] LF Search
2026-01-17 23:53:04 | INFO     | [HEALTH CHECK] [OK] Chrome connection is healthy
2026-01-17 23:53:05 | INFO     | [DAY_START] Processing 15MAR
2026-01-17 23:53:05 | INFO     | [lf.day.start] Processing ATZ-JED for 15MAR
2026-01-17 23:53:06 | INFO     | [lf.day.flights_found] Found 2 flights on 15MAR
2026-01-17 23:53:09 | INFO     | [lf.flight.extracted] SM491 on 15MAR: BKG=0, LF=0.0%
2026-01-17 23:53:12 | INFO     | [lf.flight.extracted] SM455 on 15MAR: BKG=3, LF=1.7%
2026-01-17 23:53:15 | INFO     | [SUCCESS] Day 15MAR
2026-01-17 23:53:15 | INFO     | [DAY_START] Processing 14MAR
2026-01-17 23:53:15 | INFO     | [lf.day.start] Processing ATZ-JED for 14MAR
2026-01-17 23:53:16 | INFO     | [lf.day.flights_found] Found 3 flights on 14MAR
2026-01-17 23:53:19 | INFO     | [lf.flight.extracted] SM491 on 14MAR: BKG=1, LF=0.6%
2026-01-17 23:53:22 | INFO     | [lf.flight.extracted] SM453 on 14MAR: BKG=0, LF=0.0%
2026-01-17 23:53:26 | INFO     | [lf.flight.extracted] SM455 on 14MAR: BKG=0, LF=0.0%
2026-01-17 23:53:28 | INFO     | [SUCCESS] Day 14MAR
2026-01-17 23:53:28 | INFO     | [DAY_START] Processing 13MAR
2026-01-17 23:53:28 | INFO     | [lf.day.start] Processing ATZ-JED for 13MAR
2026-01-17 23:53:29 | INFO     | [lf.day.flights_found] Found 1 flights on 13MAR
2026-01-17 23:53:31 | INFO     | [lf.flight.extracted] SM491 on 13MAR: BKG=4, LF=2.2%
2026-01-17 23:53:34 | INFO     | [SUCCESS] Day 13MAR
2026-01-17 23:53:34 | INFO     | [DAY_START] Processing 12MAR
2026-01-17 23:53:34 | INFO     | [lf.day.start] Processing ATZ-JED for 12MAR
2026-01-17 23:53:35 | INFO     | [lf.day.flights_found] Found 2 flights on 12MAR
2026-01-17 23:53:38 | INFO     | [lf.flight.extracted] SM453 on 12MAR: BKG=1, LF=0.6%
2026-01-17 23:53:41 | INFO     | [lf.flight.extracted] SM455 on 12MAR: BKG=0, LF=0.0%
2026-01-17 23:53:44 | INFO     | [SUCCESS] Day 12MAR
2026-01-17 23:53:44 | INFO     | [DAY_START] Processing 11MAR
2026-01-17 23:53:44 | INFO     | [lf.day.start] Processing ATZ-JED for 11MAR
2026-01-17 23:53:45 | INFO     | [lf.day.flights_found] Found 3 flights on 11MAR
2026-01-17 23:53:47 | INFO     | [lf.flight.extracted] SM453 on 11MAR: BKG=0, LF=0.0%
2026-01-17 23:53:51 | INFO     | [lf.flight.extracted] SM491 on 11MAR: BKG=1, LF=0.6%
2026-01-17 23:53:54 | INFO     | [lf.flight.extracted] SM421 on 11MAR: BKG=1, LF=0.6%
2026-01-17 23:53:59 | INFO     | [SUCCESS] Day 11MAR
2026-01-17 23:53:59 | INFO     | [DAY_START] Processing 10MAR
2026-01-17 23:53:59 | INFO     | [lf.day.start] Processing ATZ-JED for 10MAR
2026-01-17 23:54:00 | INFO     | [lf.day.flights_found] Found 2 flights on 10MAR
2026-01-17 23:54:03 | INFO     | [lf.flight.extracted] SM453 on 10MAR: BKG=0, LF=0.0%
2026-01-17 23:54:07 | INFO     | [lf.flight.extracted] SM455 on 10MAR: BKG=0, LF=0.0%
2026-01-17 23:54:09 | INFO     | [SUCCESS] Day 10MAR
2026-01-17 23:54:09 | INFO     | [DAY_START] Processing 09MAR
2026-01-17 23:54:09 | INFO     | [lf.day.start] Processing ATZ-JED for 09MAR
2026-01-17 23:54:10 | INFO     | [lf.day.flights_found] Found 4 flights on 09MAR
2026-01-17 23:54:13 | INFO     | [lf.flight.extracted] SM491 on 09MAR: BKG=2, LF=1.1%
2026-01-17 23:54:18 | INFO     | [lf.flight.extracted] SM455 on 09MAR: BKG=0, LF=0.0%
2026-01-17 23:54:22 | INFO     | [lf.flight.extracted] SM421 on 09MAR: BKG=8, LF=4.5%
2026-01-17 23:54:26 | INFO     | [lf.flight.extracted] SM453 on 09MAR: BKG=0, LF=0.0%
2026-01-17 23:54:32 | INFO     | [SUCCESS] Day 09MAR
2026-01-17 23:54:32 | INFO     | [DAY_START] Processing 08MAR
2026-01-17 23:54:32 | INFO     | [lf.day.start] Processing ATZ-JED for 08MAR
2026-01-17 23:54:33 | INFO     | [lf.day.flights_found] Found 2 flights on 08MAR
2026-01-17 23:54:36 | INFO     | [lf.flight.extracted] SM491 on 08MAR: BKG=3, LF=1.7%
2026-01-17 23:54:40 | INFO     | [lf.flight.extracted] SM455 on 08MAR: BKG=2, LF=1.1%
2026-01-17 23:54:45 | INFO     | [SUCCESS] Day 08MAR
2026-01-17 23:54:45 | INFO     | [SUCCESS] LF Search Complete
2026-01-17 23:54:45 | INFO     | [Worker_9234] Completed: ATZ-JED - 8 results, 0 errors
2026-01-17 23:54:45 | INFO     | [Worker_9234] Processing: MED-ATZ
2026-01-17 23:54:45 | INFO     |   Tier 0: Range 2, Chunk 1/3 (9 days)
