2026-01-18 00:05:29 | INFO     | ======================================================================
2026-01-18 00:05:29 | INFO     | Load Factor Scraper Started - Route: AHB-ATZ
2026-01-18 00:05:29 | INFO     | Log file: D:\CODERED\LAB\Artifacts\outputs\run_generated_170126_at_23.33_RETRY\logs\LF_AHB-ATZ_20260118_000529.log
2026-01-18 00:05:29 | INFO     | Enhanced logging: Capturing both logging.info() and print()
2026-01-18 00:05:29 | INFO     | ======================================================================
2026-01-18 00:05:29 | INFO     | Starting LF search for route: AHB-ATZ
2026-01-18 00:05:29 | INFO     | [START] LF Search
2026-01-18 00:05:30 | INFO     | [HEALTH CHECK] [OK] Chrome connection is healthy
2026-01-18 00:05:30 | INFO     | [DAY_START] Processing 18FEB
2026-01-18 00:05:30 | INFO     | [lf.day.start] Processing AHB-ATZ for 18FEB
2026-01-18 00:05:31 | WARNING  | [lf.day.no_flights] No direct flights on 18FEB
2026-01-18 00:05:32 | INFO     | [SUCCESS] Day 18FEB
2026-01-18 00:05:32 | INFO     | [DAY_START] Processing 17FEB
2026-01-18 00:05:32 | INFO     | [lf.day.start] Processing AHB-ATZ for 17FEB
2026-01-18 00:05:33 | WARNING  | [lf.day.no_flights] No direct flights on 17FEB
2026-01-18 00:05:33 | INFO     | [SUCCESS] Day 17FEB
2026-01-18 00:05:33 | INFO     | [DAY_START] Processing 16FEB
2026-01-18 00:05:33 | INFO     | [lf.day.start] Processing AHB-ATZ for 16FEB
2026-01-18 00:05:34 | WARNING  | [lf.day.no_flights] No direct flights on 16FEB
2026-01-18 00:05:34 | INFO     | [SUCCESS] Day 16FEB
2026-01-18 00:05:34 | INFO     | [DAY_START] Processing 15FEB
2026-01-18 00:05:34 | INFO     | [lf.day.start] Processing AHB-ATZ for 15FEB
2026-01-18 00:05:35 | WARNING  | [lf.day.no_flights] No direct flights on 15FEB
2026-01-18 00:05:35 | INFO     | [SUCCESS] Day 15FEB
2026-01-18 00:05:35 | INFO     | [DAY_START] Processing 14FEB
2026-01-18 00:05:35 | INFO     | [lf.day.start] Processing AHB-ATZ for 14FEB
2026-01-18 00:05:37 | WARNING  | [lf.day.no_flights] No direct flights on 14FEB
2026-01-18 00:05:37 | INFO     | [SUCCESS] Day 14FEB
2026-01-18 00:05:37 | INFO     | [DAY_START] Processing 13FEB
2026-01-18 00:05:37 | INFO     | [lf.day.start] Processing AHB-ATZ for 13FEB
2026-01-18 00:05:38 | INFO     | [lf.day.flights_found] Found 1 flights on 13FEB
2026-01-18 00:05:40 | INFO     | [lf.flight.extracted] SM446 on 13FEB: BKG=37, LF=21.1%
2026-01-18 00:05:44 | INFO     | [SUCCESS] Day 13FEB
2026-01-18 00:05:45 | INFO     | [DAY_START] Processing 12FEB
2026-01-18 00:05:45 | INFO     | [lf.day.start] Processing AHB-ATZ for 12FEB
2026-01-18 00:05:46 | WARNING  | [lf.day.no_flights] No direct flights on 12FEB
2026-01-18 00:05:46 | INFO     | [SUCCESS] Day 12FEB
2026-01-18 00:05:46 | INFO     | [DAY_START] Processing 11FEB
2026-01-18 00:05:46 | INFO     | [lf.day.start] Processing AHB-ATZ for 11FEB
2026-01-18 00:05:47 | WARNING  | [lf.day.no_flights] No direct flights on 11FEB
2026-01-18 00:05:47 | INFO     | [SUCCESS] Day 11FEB
2026-01-18 00:05:47 | INFO     | [SUCCESS] LF Search Complete
2026-01-18 00:05:47 | INFO     | [Worker_9223] Completed: AHB-ATZ - 8 results, 0 errors
2026-01-18 00:05:47 | INFO     | [Worker_9223] Processing: GIZ-CAI
2026-01-18 00:05:47 | INFO     |   Tier 0: Range 2, Chunk 3/3 (8 days)
