2026-01-18 00:06:12 | INFO     | ======================================================================
2026-01-18 00:06:12 | INFO     | Load Factor Scraper Started - Route: ATZ-MED
2026-01-18 00:06:12 | INFO     | Log file: D:\CODERED\LAB\Artifacts\outputs\run_generated_170126_at_23.33_RETRY\logs\LF_ATZ-MED_20260118_000612.log
2026-01-18 00:06:12 | INFO     | Enhanced logging: Capturing both logging.info() and print()
2026-01-18 00:06:12 | INFO     | ======================================================================
2026-01-18 00:06:12 | INFO     | Starting LF search for route: ATZ-MED
2026-01-18 00:06:12 | INFO     | [START] LF Search
2026-01-18 00:06:13 | INFO     | [HEALTH CHECK] [OK] Chrome connection is healthy
2026-01-18 00:06:13 | INFO     | [DAY_START] Processing 18FEB
2026-01-18 00:06:13 | INFO     | [lf.day.start] Processing ATZ-MED for 18FEB
2026-01-18 00:06:15 | INFO     | [lf.day.flights_found] Found 1 flights on 18FEB
2026-01-18 00:06:17 | INFO     | [lf.flight.extracted] SM489 on 18FEB: BKG=225, LF=125.7%
2026-01-18 00:06:21 | INFO     | [SUCCESS] Day 18FEB
2026-01-18 00:06:21 | INFO     | [DAY_START] Processing 17FEB
2026-01-18 00:06:21 | INFO     | [lf.day.start] Processing ATZ-MED for 17FEB
2026-01-18 00:06:22 | INFO     | [lf.day.flights_found] Found 1 flights on 17FEB
2026-01-18 00:06:24 | INFO     | [lf.flight.extracted] SM487 on 17FEB: BKG=91, LF=50.8%
2026-01-18 00:06:28 | INFO     | [SUCCESS] Day 17FEB
2026-01-18 00:06:28 | INFO     | [DAY_START] Processing 16FEB
2026-01-18 00:06:28 | INFO     | [lf.day.start] Processing ATZ-MED for 16FEB
2026-01-18 00:06:29 | INFO     | [lf.day.flights_found] Found 1 flights on 16FEB
2026-01-18 00:06:31 | INFO     | [lf.flight.extracted] SM487 on 16FEB: BKG=177, LF=98.9%
2026-01-18 00:06:34 | INFO     | [SUCCESS] Day 16FEB
2026-01-18 00:06:34 | INFO     | [DAY_START] Processing 15FEB
2026-01-18 00:06:34 | INFO     | [lf.day.start] Processing ATZ-MED for 15FEB
2026-01-18 00:06:35 | INFO     | [lf.day.flights_found] Found 1 flights on 15FEB
2026-01-18 00:06:38 | INFO     | [lf.flight.extracted] SM963 on 15FEB: BKG=180, LF=100.6%
2026-01-18 00:06:41 | INFO     | [SUCCESS] Day 15FEB
2026-01-18 00:06:41 | INFO     | [DAY_START] Processing 14FEB
2026-01-18 00:06:41 | INFO     | [lf.day.start] Processing ATZ-MED for 14FEB
2026-01-18 00:06:42 | INFO     | [lf.day.flights_found] Found 1 flights on 14FEB
2026-01-18 00:06:45 | INFO     | [lf.flight.extracted] SM487 on 14FEB: BKG=145, LF=81.0%
2026-01-18 00:06:49 | INFO     | [SUCCESS] Day 14FEB
2026-01-18 00:06:49 | INFO     | [DAY_START] Processing 13FEB
2026-01-18 00:06:49 | INFO     | [lf.day.start] Processing ATZ-MED for 13FEB
2026-01-18 00:06:51 | INFO     | [lf.day.flights_found] Found 1 flights on 13FEB
2026-01-18 00:06:53 | INFO     | [lf.flight.extracted] SM963 on 13FEB: BKG=180, LF=100.6%
2026-01-18 00:06:57 | INFO     | [SUCCESS] Day 13FEB
2026-01-18 00:06:57 | INFO     | [DAY_START] Processing 12FEB
2026-01-18 00:06:57 | INFO     | [lf.day.start] Processing ATZ-MED for 12FEB
2026-01-18 00:06:58 | WARNING  | [lf.day.no_flights] No direct flights on 12FEB
2026-01-18 00:06:59 | INFO     | [SUCCESS] Day 12FEB
2026-01-18 00:06:59 | INFO     | [DAY_START] Processing 11FEB
2026-01-18 00:06:59 | INFO     | [lf.day.start] Processing ATZ-MED for 11FEB
2026-01-18 00:07:00 | INFO     | [lf.day.flights_found] Found 1 flights on 11FEB
2026-01-18 00:07:02 | INFO     | [lf.flight.extracted] SM489 on 11FEB: BKG=180, LF=100.6%
2026-01-18 00:07:06 | INFO     | [SUCCESS] Day 11FEB
2026-01-18 00:07:06 | INFO     | [SUCCESS] LF Search Complete
2026-01-18 00:07:10 | INFO     | [Worker_9227] Completed: ATZ-MED - 8 results, 0 errors
2026-01-18 00:07:10 | INFO     | [Worker_9227] Processing: CAI-DMM
2026-01-18 00:07:10 | INFO     |   Tier 0: Range 2, Chunk 3/3 (8 days)
