2026-01-18 00:16:22 | INFO     | ======================================================================
2026-01-18 00:16:22 | INFO     | Load Factor Scraper Started - Route: AJF-CAI
2026-01-18 00:16:22 | INFO     | Log file: D:\CODERED\LAB\Artifacts\outputs\run_generated_170126_at_23.33_RETRY\logs\LF_AJF-CAI_20260118_001622.log
2026-01-18 00:16:22 | INFO     | Enhanced logging: Capturing both logging.info() and print()
2026-01-18 00:16:22 | INFO     | ======================================================================
2026-01-18 00:16:22 | INFO     | Starting LF search for route: AJF-CAI
2026-01-18 00:16:22 | INFO     | [START] LF Search
2026-01-18 00:16:23 | INFO     | [HEALTH CHECK] [OK] Chrome connection is healthy
2026-01-18 00:16:23 | INFO     | [DAY_START] Processing 01FEB
2026-01-18 00:16:23 | INFO     | [lf.day.start] Processing AJF-CAI for 01FEB
2026-01-18 00:16:24 | WARNING  | [lf.day.no_flights] No direct flights on 01FEB
2026-01-18 00:16:24 | INFO     | [SUCCESS] Day 01FEB
2026-01-18 00:16:24 | INFO     | [DAY_START] Processing 31JAN
2026-01-18 00:16:24 | INFO     | [lf.day.start] Processing AJF-CAI for 31JAN
2026-01-18 00:16:25 | INFO     | [lf.day.flights_found] Found 1 flights on 31JAN
2026-01-18 00:16:27 | INFO     | [lf.flight.extracted] SM322 on 31JAN: BKG=67, LF=38.3%
2026-01-18 00:16:32 | INFO     | [SUCCESS] Day 31JAN
2026-01-18 00:16:32 | INFO     | [DAY_START] Processing 30JAN
2026-01-18 00:16:32 | INFO     | [lf.day.start] Processing AJF-CAI for 30JAN
2026-01-18 00:16:33 | WARNING  | [lf.day.no_flights] No direct flights on 30JAN
2026-01-18 00:16:33 | INFO     | [SUCCESS] Day 30JAN
2026-01-18 00:16:33 | INFO     | [DAY_START] Processing 29JAN
2026-01-18 00:16:33 | INFO     | [lf.day.start] Processing AJF-CAI for 29JAN
2026-01-18 00:16:34 | INFO     | [lf.day.flights_found] Found 1 flights on 29JAN
2026-01-18 00:16:36 | INFO     | [lf.flight.extracted] SM322 on 29JAN: BKG=27, LF=15.4%
2026-01-18 00:16:40 | INFO     | [SUCCESS] Day 29JAN
2026-01-18 00:16:40 | INFO     | [DAY_START] Processing 28JAN
2026-01-18 00:16:40 | INFO     | [lf.day.start] Processing AJF-CAI for 28JAN
2026-01-18 00:16:41 | WARNING  | [lf.day.no_flights] No direct flights on 28JAN
2026-01-18 00:16:41 | INFO     | [SUCCESS] Day 28JAN
2026-01-18 00:16:41 | INFO     | [DAY_START] Processing 27JAN
2026-01-18 00:16:41 | INFO     | [lf.day.start] Processing AJF-CAI for 27JAN
2026-01-18 00:16:42 | INFO     | [lf.day.flights_found] Found 1 flights on 27JAN
2026-01-18 00:16:44 | INFO     | [lf.flight.extracted] SM322 on 27JAN: BKG=35, LF=20.0%
2026-01-18 00:16:49 | INFO     | [SUCCESS] Day 27JAN
2026-01-18 00:16:49 | INFO     | [DAY_START] Processing 26JAN
2026-01-18 00:16:49 | INFO     | [lf.day.start] Processing AJF-CAI for 26JAN
2026-01-18 00:16:50 | WARNING  | [lf.day.no_flights] No direct flights on 26JAN
2026-01-18 00:16:50 | INFO     | [SUCCESS] Day 26JAN
2026-01-18 00:16:50 | INFO     | [DAY_START] Processing 25JAN
2026-01-18 00:16:50 | INFO     | [lf.day.start] Processing AJF-CAI for 25JAN
2026-01-18 00:16:51 | WARNING  | [lf.day.no_flights] No direct flights on 25JAN
2026-01-18 00:16:51 | INFO     | [SUCCESS] Day 25JAN
2026-01-18 00:16:51 | INFO     | [SUCCESS] LF Search Complete
2026-01-18 00:16:51 | INFO     | [Worker_9226] Completed: AJF-CAI - 8 results, 0 errors
2026-01-18 00:16:51 | INFO     | [Worker_9226] Processing: ELQ-ATZ
2026-01-18 00:16:51 | INFO     |   Tier 0: Range 1, Chunk 2/3 (8 days)
