2026-01-18 00:23:39 | INFO     | ======================================================================
2026-01-18 00:23:39 | INFO     | Load Factor Scraper Started - Route: CAI-GIZ
2026-01-18 00:23:39 | INFO     | Log file: D:\CODERED\LAB\Artifacts\outputs\run_generated_170126_at_23.33_RETRY\logs\LF_CAI-GIZ_20260118_002339.log
2026-01-18 00:23:39 | INFO     | Enhanced logging: Capturing both logging.info() and print()
2026-01-18 00:23:39 | INFO     | ======================================================================
2026-01-18 00:23:39 | INFO     | Starting LF search for route: CAI-GIZ
2026-01-18 00:23:39 | INFO     | [START] LF Search
2026-01-18 00:23:40 | INFO     | [HEALTH CHECK] [OK] Chrome connection is healthy
2026-01-18 00:23:40 | INFO     | [DAY_START] Processing 24JAN
2026-01-18 00:23:40 | INFO     | [lf.day.start] Processing CAI-GIZ for 24JAN
2026-01-18 00:23:41 | INFO     | [lf.day.flights_found] Found 1 flights on 24JAN
2026-01-18 00:23:43 | INFO     | [lf.flight.extracted] SM329 on 24JAN: BKG=83, LF=46.4%
2026-01-18 00:23:48 | INFO     | [SUCCESS] Day 24JAN
2026-01-18 00:23:48 | INFO     | [DAY_START] Processing 23JAN
2026-01-18 00:23:48 | INFO     | [lf.day.start] Processing CAI-GIZ for 23JAN
2026-01-18 00:23:49 | WARNING  | [lf.day.no_flights] No direct flights on 23JAN
2026-01-18 00:23:49 | INFO     | [SUCCESS] Day 23JAN
2026-01-18 00:23:49 | INFO     | [DAY_START] Processing 22JAN
2026-01-18 00:23:49 | INFO     | [lf.day.start] Processing CAI-GIZ for 22JAN
2026-01-18 00:23:50 | INFO     | [lf.day.flights_found] Found 1 flights on 22JAN
2026-01-18 00:23:52 | INFO     | [lf.flight.extracted] SM329 on 22JAN: BKG=110, LF=61.5%
2026-01-18 00:23:58 | INFO     | [SUCCESS] Day 22JAN
2026-01-18 00:23:58 | INFO     | [DAY_START] Processing 21JAN
2026-01-18 00:23:58 | INFO     | [lf.day.start] Processing CAI-GIZ for 21JAN
2026-01-18 00:23:59 | WARNING  | [lf.day.no_flights] No direct flights on 21JAN
2026-01-18 00:23:59 | INFO     | [SUCCESS] Day 21JAN
2026-01-18 00:23:59 | INFO     | [DAY_START] Processing 20JAN
2026-01-18 00:23:59 | INFO     | [lf.day.start] Processing CAI-GIZ for 20JAN
2026-01-18 00:24:00 | WARNING  | [lf.day.no_flights] No direct flights on 20JAN
2026-01-18 00:24:00 | INFO     | [SUCCESS] Day 20JAN
2026-01-18 00:24:00 | INFO     | [DAY_START] Processing 19JAN
2026-01-18 00:24:00 | INFO     | [lf.day.start] Processing CAI-GIZ for 19JAN
2026-01-18 00:24:01 | WARNING  | [lf.day.no_flights] No direct flights on 19JAN
2026-01-18 00:24:01 | INFO     | [SUCCESS] Day 19JAN
2026-01-18 00:24:01 | INFO     | [DAY_START] Processing 17JAN
2026-01-18 00:24:01 | INFO     | [lf.day.start] Processing CAI-GIZ for 17JAN
2026-01-18 00:24:02 | WARNING  | [lf.day.no_flights] No direct flights on 17JAN
2026-01-18 00:24:02 | INFO     | [SUCCESS] Day 17JAN
2026-01-18 00:24:02 | INFO     | [SUCCESS] LF Search Complete
2026-01-18 00:24:02 | INFO     | [Worker_9233] Completed: CAI-GIZ - 7 results, 0 errors
2026-01-18 00:53:45 | INFO     | [Worker_9233] Shutdown signal received, exiting...
2026-01-18 00:53:45 | INFO     | [Worker_9233] Finished. Processed 57 groups.
