2026-01-18 00:11:40 | INFO     | ======================================================================
2026-01-18 00:11:40 | INFO     | Load Factor Scraper Started - Route: CAI-MED
2026-01-18 00:11:40 | INFO     | Log file: D:\CODERED\LAB\Artifacts\outputs\run_generated_170126_at_23.33_RETRY\logs\LF_CAI-MED_20260118_001140.log
2026-01-18 00:11:40 | INFO     | Enhanced logging: Capturing both logging.info() and print()
2026-01-18 00:11:40 | INFO     | ======================================================================
2026-01-18 00:11:40 | INFO     | Starting LF search for route: CAI-MED
2026-01-18 00:11:40 | INFO     | [START] LF Search
2026-01-18 00:11:41 | INFO     | [HEALTH CHECK] [OK] Chrome connection is healthy
2026-01-18 00:11:41 | INFO     | [DAY_START] Processing 10FEB
2026-01-18 00:11:41 | INFO     | [lf.day.start] Processing CAI-MED for 10FEB
2026-01-18 00:11:42 | INFO     | [lf.day.flights_found] Found 1 flights on 10FEB
2026-01-18 00:11:44 | INFO     | [lf.flight.extracted] SM493 on 10FEB: BKG=178, LF=99.4%
2026-01-18 00:11:48 | INFO     | [SUCCESS] Day 10FEB
2026-01-18 00:11:48 | INFO     | [DAY_START] Processing 09FEB
2026-01-18 00:11:48 | INFO     | [lf.day.start] Processing CAI-MED for 09FEB
2026-01-18 00:11:49 | INFO     | [lf.day.flights_found] Found 1 flights on 09FEB
2026-01-18 00:11:51 | INFO     | [lf.flight.extracted] SM495 on 09FEB: BKG=172, LF=96.1%
2026-01-18 00:11:55 | INFO     | [SUCCESS] Day 09FEB
2026-01-18 00:11:55 | INFO     | [DAY_START] Processing 08FEB
2026-01-18 00:11:55 | INFO     | [lf.day.start] Processing CAI-MED for 08FEB
2026-01-18 00:11:56 | INFO     | [lf.day.flights_found] Found 1 flights on 08FEB
2026-01-18 00:11:58 | INFO     | [lf.flight.extracted] SM493 on 08FEB: BKG=175, LF=97.8%
2026-01-18 00:12:02 | INFO     | [SUCCESS] Day 08FEB
2026-01-18 00:12:02 | INFO     | [DAY_START] Processing 07FEB
2026-01-18 00:12:02 | INFO     | [lf.day.start] Processing CAI-MED for 07FEB
2026-01-18 00:12:03 | INFO     | [lf.day.flights_found] Found 1 flights on 07FEB
2026-01-18 00:12:05 | INFO     | [lf.flight.extracted] SM493 on 07FEB: BKG=177, LF=98.9%
2026-01-18 00:12:09 | INFO     | [SUCCESS] Day 07FEB
2026-01-18 00:12:09 | INFO     | [DAY_START] Processing 06FEB
2026-01-18 00:12:09 | INFO     | [lf.day.start] Processing CAI-MED for 06FEB
2026-01-18 00:12:10 | WARNING  | [lf.day.no_flights] No direct flights on 06FEB
2026-01-18 00:12:10 | INFO     | [SUCCESS] Day 06FEB
2026-01-18 00:12:10 | INFO     | [DAY_START] Processing 05FEB
2026-01-18 00:12:10 | INFO     | [lf.day.start] Processing CAI-MED for 05FEB
2026-01-18 00:12:11 | INFO     | [lf.day.flights_found] Found 1 flights on 05FEB
2026-01-18 00:12:13 | INFO     | [lf.flight.extracted] SM493 on 05FEB: BKG=104, LF=58.1%
2026-01-18 00:12:17 | INFO     | [SUCCESS] Day 05FEB
2026-01-18 00:12:17 | INFO     | [DAY_START] Processing 04FEB
2026-01-18 00:12:17 | INFO     | [lf.day.start] Processing CAI-MED for 04FEB
2026-01-18 00:12:19 | WARNING  | [lf.day.no_flights] No direct flights on 04FEB
2026-01-18 00:12:19 | INFO     | [SUCCESS] Day 04FEB
2026-01-18 00:12:19 | INFO     | [DAY_START] Processing 03FEB
2026-01-18 00:12:19 | INFO     | [lf.day.start] Processing CAI-MED for 03FEB
2026-01-18 00:12:20 | INFO     | [lf.day.flights_found] Found 1 flights on 03FEB
2026-01-18 00:12:22 | INFO     | [lf.flight.extracted] SM493 on 03FEB: BKG=94, LF=52.5%
2026-01-18 00:12:26 | INFO     | [SUCCESS] Day 03FEB
2026-01-18 00:12:26 | INFO     | [DAY_START] Processing 02FEB
2026-01-18 00:12:26 | INFO     | [lf.day.start] Processing CAI-MED for 02FEB
2026-01-18 00:12:27 | INFO     | [lf.day.flights_found] Found 1 flights on 02FEB
2026-01-18 00:12:29 | INFO     | [lf.flight.extracted] SM495 on 02FEB: BKG=50, LF=28.4%
2026-01-18 00:12:33 | INFO     | [SUCCESS] Day 02FEB
2026-01-18 00:12:33 | INFO     | [SUCCESS] LF Search Complete
2026-01-18 00:12:33 | INFO     | [Worker_9226] Completed: CAI-MED - 9 results, 0 errors
2026-01-18 00:12:33 | INFO     | [Worker_9226] Processing: ASW-JED
2026-01-18 00:12:33 | INFO     |   Tier 0: Range 1, Chunk 1/3 (9 days)
