2026-01-18 00:07:55 | INFO     | ======================================================================
2026-01-18 00:07:55 | INFO     | Load Factor Scraper Started - Route: CAI-AHB
2026-01-18 00:07:55 | INFO     | Log file: D:\CODERED\LAB\Artifacts\outputs\run_generated_170126_at_23.33_RETRY\logs\LF_CAI-AHB_20260118_000755.log
2026-01-18 00:07:55 | INFO     | Enhanced logging: Capturing both logging.info() and print()
2026-01-18 00:07:55 | INFO     | ======================================================================
2026-01-18 00:07:55 | INFO     | Starting LF search for route: CAI-AHB
2026-01-18 00:07:55 | INFO     | [START] LF Search
2026-01-18 00:07:56 | INFO     | [HEALTH CHECK] [OK] Chrome connection is healthy
2026-01-18 00:07:56 | INFO     | [DAY_START] Processing 18FEB
2026-01-18 00:07:56 | INFO     | [lf.day.start] Processing CAI-AHB for 18FEB
2026-01-18 00:07:58 | INFO     | [lf.day.flights_found] Found 1 flights on 18FEB
2026-01-18 00:08:00 | INFO     | [lf.flight.extracted] SM447 on 18FEB: BKG=3, LF=1.7%
2026-01-18 00:08:04 | ERROR    | Atomic write failed for D:\CODERED\LAB\Artifacts\outputs\run_generated_170126_at_23.33_RETRY\checkpoints\flight_booking_data.json: [WinError 5] Access is denied: 'D:\\CODERED\\LAB\\Artifacts\\outputs\\run_generated_170126_at_23.33_RETRY\\checkpoints\\flight_booking_data.tmp_8b4b85d1' -> 'D:\\CODERED\\LAB\\Artifacts\\outputs\\run_generated_170126_at_23.33_RETRY\\checkpoints\\flight_booking_data.json'
2026-01-18 00:08:04 | INFO     | [SUCCESS] Day 18FEB
2026-01-18 00:08:04 | INFO     | [DAY_START] Processing 17FEB
2026-01-18 00:08:04 | INFO     | [lf.day.start] Processing CAI-AHB for 17FEB
2026-01-18 00:08:05 | WARNING  | [lf.day.no_flights] No direct flights on 17FEB
2026-01-18 00:08:06 | INFO     | [SUCCESS] Day 17FEB
2026-01-18 00:08:06 | INFO     | [DAY_START] Processing 16FEB
2026-01-18 00:08:06 | INFO     | [lf.day.start] Processing CAI-AHB for 16FEB
2026-01-18 00:08:07 | WARNING  | [lf.day.no_flights] No direct flights on 16FEB
2026-01-18 00:08:07 | INFO     | [SUCCESS] Day 16FEB
2026-01-18 00:08:07 | INFO     | [DAY_START] Processing 15FEB
2026-01-18 00:08:07 | INFO     | [lf.day.start] Processing CAI-AHB for 15FEB
2026-01-18 00:08:08 | WARNING  | [lf.day.no_flights] No direct flights on 15FEB
2026-01-18 00:08:08 | INFO     | [SUCCESS] Day 15FEB
2026-01-18 00:08:08 | INFO     | [DAY_START] Processing 14FEB
2026-01-18 00:08:08 | INFO     | [lf.day.start] Processing CAI-AHB for 14FEB
2026-01-18 00:08:10 | INFO     | [lf.day.flights_found] Found 1 flights on 14FEB
2026-01-18 00:08:13 | INFO     | [lf.flight.extracted] SM443 on 14FEB: BKG=17, LF=9.5%
2026-01-18 00:08:17 | INFO     | [SUCCESS] Day 14FEB
2026-01-18 00:08:17 | INFO     | [DAY_START] Processing 13FEB
2026-01-18 00:08:17 | INFO     | [lf.day.start] Processing CAI-AHB for 13FEB
2026-01-18 00:08:18 | WARNING  | [lf.day.no_flights] No direct flights on 13FEB
2026-01-18 00:08:18 | INFO     | [SUCCESS] Day 13FEB
2026-01-18 00:08:18 | INFO     | [DAY_START] Processing 12FEB
2026-01-18 00:08:18 | INFO     | [lf.day.start] Processing CAI-AHB for 12FEB
2026-01-18 00:08:20 | INFO     | [lf.day.flights_found] Found 1 flights on 12FEB
2026-01-18 00:08:23 | INFO     | [lf.flight.extracted] SM443 on 12FEB: BKG=20, LF=11.2%
2026-01-18 00:08:28 | INFO     | [SUCCESS] Day 12FEB
2026-01-18 00:08:28 | INFO     | [DAY_START] Processing 11FEB
2026-01-18 00:08:28 | INFO     | [lf.day.start] Processing CAI-AHB for 11FEB
2026-01-18 00:08:29 | INFO     | [lf.day.flights_found] Found 1 flights on 11FEB
2026-01-18 00:08:32 | INFO     | [lf.flight.extracted] SM447 on 11FEB: BKG=8, LF=4.5%
2026-01-18 00:08:35 | INFO     | [SUCCESS] Day 11FEB
2026-01-18 00:08:35 | INFO     | [SUCCESS] LF Search Complete
2026-01-18 00:08:35 | INFO     | [Worker_9222] Completed: CAI-AHB - 8 results, 0 errors
2026-01-18 00:08:35 | INFO     | [Worker_9222] Processing: MED-CAI
2026-01-18 00:08:35 | INFO     |   Tier 0: Range 1, Chunk 1/3 (9 days)
