2026-01-18 00:13:56 | INFO     | ======================================================================
2026-01-18 00:13:56 | INFO     | Load Factor Scraper Started - Route: CAI-GIZ
2026-01-18 00:13:56 | INFO     | Log file: D:\CODERED\LAB\Artifacts\outputs\run_generated_170126_at_23.33_RETRY\logs\LF_CAI-GIZ_20260118_001356.log
2026-01-18 00:13:56 | INFO     | Enhanced logging: Capturing both logging.info() and print()
2026-01-18 00:13:56 | INFO     | ======================================================================
2026-01-18 00:13:56 | INFO     | Starting LF search for route: CAI-GIZ
2026-01-18 00:13:56 | INFO     | [START] LF Search
2026-01-18 00:13:57 | INFO     | [HEALTH CHECK] [OK] Chrome connection is healthy
2026-01-18 00:13:57 | INFO     | [DAY_START] Processing 10FEB
2026-01-18 00:13:57 | INFO     | [lf.day.start] Processing CAI-GIZ for 10FEB
2026-01-18 00:13:58 | WARNING  | [lf.day.no_flights] No direct flights on 10FEB
2026-01-18 00:13:58 | INFO     | [SUCCESS] Day 10FEB
2026-01-18 00:13:58 | INFO     | [DAY_START] Processing 09FEB
2026-01-18 00:13:58 | INFO     | [lf.day.start] Processing CAI-GIZ for 09FEB
2026-01-18 00:13:59 | WARNING  | [lf.day.no_flights] No direct flights on 09FEB
2026-01-18 00:13:59 | INFO     | [SUCCESS] Day 09FEB
2026-01-18 00:13:59 | INFO     | [DAY_START] Processing 08FEB
2026-01-18 00:13:59 | INFO     | [lf.day.start] Processing CAI-GIZ for 08FEB
2026-01-18 00:14:00 | WARNING  | [lf.day.no_flights] No direct flights on 08FEB
2026-01-18 00:14:01 | INFO     | [SUCCESS] Day 08FEB
2026-01-18 00:14:01 | INFO     | [DAY_START] Processing 07FEB
2026-01-18 00:14:01 | INFO     | [lf.day.start] Processing CAI-GIZ for 07FEB
2026-01-18 00:14:02 | INFO     | [lf.day.flights_found] Found 1 flights on 07FEB
2026-01-18 00:14:04 | INFO     | [lf.flight.extracted] SM329 on 07FEB: BKG=17, LF=9.5%
2026-01-18 00:14:07 | INFO     | [SUCCESS] Day 07FEB
2026-01-18 00:14:07 | INFO     | [DAY_START] Processing 06FEB
2026-01-18 00:14:07 | INFO     | [lf.day.start] Processing CAI-GIZ for 06FEB
2026-01-18 00:14:08 | WARNING  | [lf.day.no_flights] No direct flights on 06FEB
2026-01-18 00:14:08 | INFO     | [SUCCESS] Day 06FEB
2026-01-18 00:14:08 | INFO     | [DAY_START] Processing 05FEB
2026-01-18 00:14:08 | INFO     | [lf.day.start] Processing CAI-GIZ for 05FEB
2026-01-18 00:14:09 | INFO     | [lf.day.flights_found] Found 1 flights on 05FEB
2026-01-18 00:14:11 | INFO     | [lf.flight.extracted] SM329 on 05FEB: BKG=20, LF=11.2%
2026-01-18 00:14:15 | INFO     | [SUCCESS] Day 05FEB
2026-01-18 00:14:15 | INFO     | [DAY_START] Processing 04FEB
2026-01-18 00:14:15 | INFO     | [lf.day.start] Processing CAI-GIZ for 04FEB
2026-01-18 00:14:16 | WARNING  | [lf.day.no_flights] No direct flights on 04FEB
2026-01-18 00:14:16 | INFO     | [SUCCESS] Day 04FEB
2026-01-18 00:14:16 | INFO     | [DAY_START] Processing 03FEB
2026-01-18 00:14:16 | INFO     | [lf.day.start] Processing CAI-GIZ for 03FEB
2026-01-18 00:14:18 | WARNING  | [lf.day.no_flights] No direct flights on 03FEB
2026-01-18 00:14:18 | INFO     | [SUCCESS] Day 03FEB
2026-01-18 00:14:18 | INFO     | [DAY_START] Processing 02FEB
2026-01-18 00:14:18 | INFO     | [lf.day.start] Processing CAI-GIZ for 02FEB
2026-01-18 00:14:19 | WARNING  | [lf.day.no_flights] No direct flights on 02FEB
2026-01-18 00:14:19 | INFO     | [SUCCESS] Day 02FEB
2026-01-18 00:14:19 | INFO     | [SUCCESS] LF Search Complete
2026-01-18 00:14:19 | INFO     | [Worker_9233] Completed: CAI-GIZ - 9 results, 0 errors
2026-01-18 00:14:19 | INFO     | [Worker_9233] Processing: JED-CAI
2026-01-18 00:14:19 | INFO     |   Tier 0: Range 1, Chunk 2/3 (8 days)
