2026-01-18 00:13:38 | INFO     | ======================================================================
2026-01-18 00:13:38 | INFO     | Load Factor Scraper Started - Route: CAI-AHB
2026-01-18 00:13:38 | INFO     | Log file: D:\CODERED\LAB\Artifacts\outputs\run_generated_170126_at_23.33_RETRY\logs\LF_CAI-AHB_20260118_001338.log
2026-01-18 00:13:38 | INFO     | Enhanced logging: Capturing both logging.info() and print()
2026-01-18 00:13:38 | INFO     | ======================================================================
2026-01-18 00:13:38 | INFO     | Starting LF search for route: CAI-AHB
2026-01-18 00:13:38 | INFO     | [START] LF Search
2026-01-18 00:13:39 | INFO     | [HEALTH CHECK] [OK] Chrome connection is healthy
2026-01-18 00:13:39 | INFO     | [DAY_START] Processing 10FEB
2026-01-18 00:13:39 | INFO     | [lf.day.start] Processing CAI-AHB for 10FEB
2026-01-18 00:13:40 | WARNING  | [lf.day.no_flights] No direct flights on 10FEB
2026-01-18 00:13:40 | INFO     | [SUCCESS] Day 10FEB
2026-01-18 00:13:40 | INFO     | [DAY_START] Processing 09FEB
2026-01-18 00:13:40 | INFO     | [lf.day.start] Processing CAI-AHB for 09FEB
2026-01-18 00:13:41 | WARNING  | [lf.day.no_flights] No direct flights on 09FEB
2026-01-18 00:13:41 | INFO     | [SUCCESS] Day 09FEB
2026-01-18 00:13:41 | INFO     | [DAY_START] Processing 08FEB
2026-01-18 00:13:41 | INFO     | [lf.day.start] Processing CAI-AHB for 08FEB
2026-01-18 00:13:42 | WARNING  | [lf.day.no_flights] No direct flights on 08FEB
2026-01-18 00:13:42 | INFO     | [SUCCESS] Day 08FEB
2026-01-18 00:13:42 | INFO     | [DAY_START] Processing 07FEB
2026-01-18 00:13:42 | INFO     | [lf.day.start] Processing CAI-AHB for 07FEB
2026-01-18 00:13:43 | INFO     | [lf.day.flights_found] Found 1 flights on 07FEB
2026-01-18 00:13:45 | INFO     | [lf.flight.extracted] SM443 on 07FEB: BKG=44, LF=25.0%
2026-01-18 00:13:50 | INFO     | [SUCCESS] Day 07FEB
2026-01-18 00:13:50 | INFO     | [DAY_START] Processing 06FEB
2026-01-18 00:13:50 | INFO     | [lf.day.start] Processing CAI-AHB for 06FEB
2026-01-18 00:13:51 | WARNING  | [lf.day.no_flights] No direct flights on 06FEB
2026-01-18 00:13:51 | INFO     | [SUCCESS] Day 06FEB
2026-01-18 00:13:51 | INFO     | [DAY_START] Processing 05FEB
2026-01-18 00:13:51 | INFO     | [lf.day.start] Processing CAI-AHB for 05FEB
2026-01-18 00:13:52 | INFO     | [lf.day.flights_found] Found 1 flights on 05FEB
2026-01-18 00:13:54 | INFO     | [lf.flight.extracted] SM443 on 05FEB: BKG=47, LF=26.3%
2026-01-18 00:13:58 | INFO     | [SUCCESS] Day 05FEB
2026-01-18 00:13:58 | INFO     | [DAY_START] Processing 04FEB
2026-01-18 00:13:58 | INFO     | [lf.day.start] Processing CAI-AHB for 04FEB
2026-01-18 00:13:59 | INFO     | [lf.day.flights_found] Found 1 flights on 04FEB
2026-01-18 00:14:01 | INFO     | [lf.flight.extracted] SM447 on 04FEB: BKG=54, LF=30.2%
2026-01-18 00:14:06 | INFO     | [SUCCESS] Day 04FEB
2026-01-18 00:14:06 | INFO     | [DAY_START] Processing 03FEB
2026-01-18 00:14:06 | INFO     | [lf.day.start] Processing CAI-AHB for 03FEB
2026-01-18 00:14:07 | WARNING  | [lf.day.no_flights] No direct flights on 03FEB
2026-01-18 00:14:07 | INFO     | [SUCCESS] Day 03FEB
2026-01-18 00:14:07 | INFO     | [DAY_START] Processing 02FEB
2026-01-18 00:14:07 | INFO     | [lf.day.start] Processing CAI-AHB for 02FEB
2026-01-18 00:14:08 | WARNING  | [lf.day.no_flights] No direct flights on 02FEB
2026-01-18 00:14:08 | INFO     | [SUCCESS] Day 02FEB
2026-01-18 00:14:08 | INFO     | [SUCCESS] LF Search Complete
2026-01-18 00:14:08 | INFO     | [Worker_9223] Completed: CAI-AHB - 9 results, 0 errors
2026-01-18 00:14:08 | INFO     | [Worker_9223] Processing: MED-HBE
2026-01-18 00:14:08 | INFO     |   Tier 0: Range 1, Chunk 2/3 (8 days)
