2026-01-17 23:50:07 | INFO     | ======================================================================
2026-01-17 23:50:07 | INFO     | Load Factor Scraper Started - Route: CAI-AHB
2026-01-17 23:50:07 | INFO     | Log file: D:\CODERED\LAB\Artifacts\outputs\run_generated_170126_at_23.33_RETRY\logs\LF_CAI-AHB_20260117_235007.log
2026-01-17 23:50:07 | INFO     | Enhanced logging: Capturing both logging.info() and print()
2026-01-17 23:50:07 | INFO     | ======================================================================
2026-01-17 23:50:07 | INFO     | Starting LF search for route: CAI-AHB
2026-01-17 23:50:07 | INFO     | [START] LF Search
2026-01-17 23:50:08 | INFO     | [HEALTH CHECK] [OK] Chrome connection is healthy
2026-01-17 23:50:08 | INFO     | [DAY_START] Processing 23MAR
2026-01-17 23:50:08 | INFO     | [lf.day.start] Processing CAI-AHB for 23MAR
2026-01-17 23:50:09 | WARNING  | [lf.day.no_flights] No direct flights on 23MAR
2026-01-17 23:50:09 | INFO     | [SUCCESS] Day 23MAR
2026-01-17 23:50:09 | INFO     | [DAY_START] Processing 22MAR
2026-01-17 23:50:09 | INFO     | [lf.day.start] Processing CAI-AHB for 22MAR
2026-01-17 23:50:10 | WARNING  | [lf.day.no_flights] No direct flights on 22MAR
2026-01-17 23:50:10 | INFO     | [SUCCESS] Day 22MAR
2026-01-17 23:50:10 | INFO     | [DAY_START] Processing 21MAR
2026-01-17 23:50:10 | INFO     | [lf.day.start] Processing CAI-AHB for 21MAR
2026-01-17 23:50:11 | INFO     | [lf.day.flights_found] Found 1 flights on 21MAR
2026-01-17 23:50:13 | INFO     | [lf.flight.extracted] SM443 on 21MAR: BKG=31, LF=17.3%
2026-01-17 23:50:16 | INFO     | [SUCCESS] Day 21MAR
2026-01-17 23:50:16 | INFO     | [DAY_START] Processing 20MAR
2026-01-17 23:50:16 | INFO     | [lf.day.start] Processing CAI-AHB for 20MAR
2026-01-17 23:50:17 | WARNING  | [lf.day.no_flights] No direct flights on 20MAR
2026-01-17 23:50:18 | INFO     | [SUCCESS] Day 20MAR
2026-01-17 23:50:18 | INFO     | [DAY_START] Processing 19MAR
2026-01-17 23:50:18 | INFO     | [lf.day.start] Processing CAI-AHB for 19MAR
2026-01-17 23:50:18 | INFO     | [lf.day.flights_found] Found 1 flights on 19MAR
2026-01-17 23:50:20 | INFO     | [lf.flight.extracted] SM443 on 19MAR: BKG=2, LF=1.1%
2026-01-17 23:50:23 | INFO     | [SUCCESS] Day 19MAR
2026-01-17 23:50:23 | INFO     | [DAY_START] Processing 18MAR
2026-01-17 23:50:23 | INFO     | [lf.day.start] Processing CAI-AHB for 18MAR
2026-01-17 23:50:24 | INFO     | [lf.day.flights_found] Found 1 flights on 18MAR
2026-01-17 23:50:26 | INFO     | [lf.flight.extracted] SM447 on 18MAR: BKG=0, LF=0.0%
2026-01-17 23:50:27 | INFO     | [SUCCESS] Day 18MAR
2026-01-17 23:50:27 | INFO     | [DAY_START] Processing 17MAR
2026-01-17 23:50:27 | INFO     | [lf.day.start] Processing CAI-AHB for 17MAR
2026-01-17 23:50:28 | WARNING  | [lf.day.no_flights] No direct flights on 17MAR
2026-01-17 23:50:28 | INFO     | [SUCCESS] Day 17MAR
2026-01-17 23:50:28 | INFO     | [DAY_START] Processing 16MAR
2026-01-17 23:50:28 | INFO     | [lf.day.start] Processing CAI-AHB for 16MAR
2026-01-17 23:50:29 | WARNING  | [lf.day.no_flights] No direct flights on 16MAR
2026-01-17 23:50:29 | INFO     | [SUCCESS] Day 16MAR
2026-01-17 23:50:29 | INFO     | [SUCCESS] LF Search Complete
2026-01-17 23:50:29 | INFO     | [Worker_9223] Completed: CAI-AHB - 8 results, 0 errors
2026-01-17 23:50:29 | INFO     | [Worker_9223] Processing: MED-HBE
2026-01-17 23:50:29 | INFO     |   Tier 0: Range 3, Chunk 3/3 (8 days)
