2026-01-17 23:57:26 | INFO     | ======================================================================
2026-01-17 23:57:26 | INFO     | Load Factor Scraper Started - Route: CAI-TUU
2026-01-17 23:57:26 | INFO     | Log file: D:\CODERED\LAB\Artifacts\outputs\run_generated_170126_at_23.33_RETRY\logs\LF_CAI-TUU_20260117_235726.log
2026-01-17 23:57:26 | INFO     | Enhanced logging: Capturing both logging.info() and print()
2026-01-17 23:57:26 | INFO     | ======================================================================
2026-01-17 23:57:26 | INFO     | Starting LF search for route: CAI-TUU
2026-01-17 23:57:26 | INFO     | [START] LF Search
2026-01-17 23:57:27 | INFO     | [HEALTH CHECK] [OK] Chrome connection is healthy
2026-01-17 23:57:27 | INFO     | [DAY_START] Processing 07MAR
2026-01-17 23:57:27 | INFO     | [lf.day.start] Processing CAI-TUU for 07MAR
2026-01-17 23:57:28 | INFO     | [lf.day.flights_found] Found 1 flights on 07MAR
2026-01-17 23:57:30 | INFO     | [lf.flight.extracted] SM325 on 07MAR: BKG=3, LF=2.8%
2026-01-17 23:57:32 | INFO     | [SUCCESS] Day 07MAR
2026-01-17 23:57:32 | INFO     | [DAY_START] Processing 06MAR
2026-01-17 23:57:32 | INFO     | [lf.day.start] Processing CAI-TUU for 06MAR
2026-01-17 23:57:33 | WARNING  | [lf.day.no_flights] No direct flights on 06MAR
2026-01-17 23:57:34 | INFO     | [SUCCESS] Day 06MAR
2026-01-17 23:57:34 | INFO     | [DAY_START] Processing 05MAR
2026-01-17 23:57:34 | INFO     | [lf.day.start] Processing CAI-TUU for 05MAR
2026-01-17 23:57:34 | INFO     | [lf.day.flights_found] Found 1 flights on 05MAR
2026-01-17 23:57:36 | INFO     | [lf.flight.extracted] SM325 on 05MAR: BKG=1, LF=0.6%
2026-01-17 23:57:39 | INFO     | [SUCCESS] Day 05MAR
2026-01-17 23:57:39 | INFO     | [DAY_START] Processing 04MAR
2026-01-17 23:57:39 | INFO     | [lf.day.start] Processing CAI-TUU for 04MAR
2026-01-17 23:57:40 | INFO     | [lf.day.flights_found] Found 1 flights on 04MAR
2026-01-17 23:57:42 | INFO     | [lf.flight.extracted] SM325 on 04MAR: BKG=1, LF=0.6%
2026-01-17 23:57:44 | INFO     | [SUCCESS] Day 04MAR
2026-01-17 23:57:44 | INFO     | [DAY_START] Processing 03MAR
2026-01-17 23:57:44 | INFO     | [lf.day.start] Processing CAI-TUU for 03MAR
2026-01-17 23:57:45 | WARNING  | [lf.day.no_flights] No direct flights on 03MAR
2026-01-17 23:57:45 | INFO     | [SUCCESS] Day 03MAR
2026-01-17 23:57:45 | INFO     | [DAY_START] Processing 02MAR
2026-01-17 23:57:45 | INFO     | [lf.day.start] Processing CAI-TUU for 02MAR
2026-01-17 23:57:46 | WARNING  | [lf.day.no_flights] No direct flights on 02MAR
2026-01-17 23:57:46 | INFO     | [SUCCESS] Day 02MAR
2026-01-17 23:57:46 | INFO     | [DAY_START] Processing 01MAR
2026-01-17 23:57:46 | INFO     | [lf.day.start] Processing CAI-TUU for 01MAR
2026-01-17 23:57:47 | WARNING  | [lf.day.no_flights] No direct flights on 01MAR
2026-01-17 23:57:47 | INFO     | [SUCCESS] Day 01MAR
2026-01-17 23:57:47 | INFO     | [DAY_START] Processing 28FEB
2026-01-17 23:57:47 | INFO     | [lf.day.start] Processing CAI-TUU for 28FEB
2026-01-17 23:57:48 | INFO     | [lf.day.flights_found] Found 1 flights on 28FEB
2026-01-17 23:57:50 | INFO     | [lf.flight.extracted] SM325 on 28FEB: BKG=5, LF=4.6%
2026-01-17 23:57:53 | INFO     | [SUCCESS] Day 28FEB
2026-01-17 23:57:53 | INFO     | [DAY_START] Processing 27FEB
2026-01-17 23:57:53 | INFO     | [lf.day.start] Processing CAI-TUU for 27FEB
2026-01-17 23:57:54 | WARNING  | [lf.day.no_flights] No direct flights on 27FEB
2026-01-17 23:57:54 | INFO     | [SUCCESS] Day 27FEB
2026-01-17 23:57:54 | INFO     | [SUCCESS] LF Search Complete
2026-01-17 23:57:54 | INFO     | [Worker_9227] Completed: CAI-TUU - 9 results, 0 errors
2026-01-17 23:57:54 | INFO     | [Worker_9227] Processing: ATZ-AJF
2026-01-17 23:57:54 | INFO     |   Tier 0: Range 2, Chunk 1/3 (9 days)
