2026-01-18 00:02:27 | INFO     | ======================================================================
2026-01-18 00:02:27 | INFO     | Load Factor Scraper Started - Route: CAI-YNB
2026-01-18 00:02:27 | INFO     | Log file: D:\CODERED\LAB\Artifacts\outputs\run_generated_170126_at_23.33_RETRY\logs\LF_CAI-YNB_20260118_000227.log
2026-01-18 00:02:27 | INFO     | Enhanced logging: Capturing both logging.info() and print()
2026-01-18 00:02:27 | INFO     | ======================================================================
2026-01-18 00:02:27 | INFO     | Starting LF search for route: CAI-YNB
2026-01-18 00:02:27 | INFO     | [START] LF Search
2026-01-18 00:02:28 | INFO     | [HEALTH CHECK] [OK] Chrome connection is healthy
2026-01-18 00:02:28 | INFO     | [DAY_START] Processing 26FEB
2026-01-18 00:02:28 | INFO     | [lf.day.start] Processing CAI-YNB for 26FEB
2026-01-18 00:02:29 | INFO     | [lf.day.flights_found] Found 1 flights on 26FEB
2026-01-18 00:02:32 | INFO     | [lf.flight.extracted] SM441 on 26FEB: BKG=93, LF=52.0%
2026-01-18 00:02:35 | INFO     | [SUCCESS] Day 26FEB
2026-01-18 00:02:35 | INFO     | [DAY_START] Processing 25FEB
2026-01-18 00:02:35 | INFO     | [lf.day.start] Processing CAI-YNB for 25FEB
2026-01-18 00:02:36 | INFO     | [lf.day.flights_found] Found 1 flights on 25FEB
2026-01-18 00:02:38 | INFO     | [lf.flight.extracted] SM441 on 25FEB: BKG=179, LF=100.0%
2026-01-18 00:02:41 | INFO     | [SUCCESS] Day 25FEB
2026-01-18 00:02:41 | INFO     | [DAY_START] Processing 24FEB
2026-01-18 00:02:41 | INFO     | [lf.day.start] Processing CAI-YNB for 24FEB
2026-01-18 00:02:42 | INFO     | [lf.day.flights_found] Found 3 flights on 24FEB
2026-01-18 00:02:44 | INFO     | [lf.flight.extracted] SM941 on 24FEB: BKG=170, LF=95.0%
2026-01-18 00:02:48 | INFO     | [lf.flight.extracted] SM441 on 24FEB: BKG=175, LF=97.8%
2026-01-18 00:02:52 | INFO     | [lf.flight.extracted] SM983 on 24FEB: BKG=175, LF=99.4%
2026-01-18 00:02:57 | INFO     | [SUCCESS] Day 24FEB
2026-01-18 00:02:57 | INFO     | [DAY_START] Processing 23FEB
2026-01-18 00:02:57 | INFO     | [lf.day.start] Processing CAI-YNB for 23FEB
2026-01-18 00:02:58 | INFO     | [lf.day.flights_found] Found 2 flights on 23FEB
2026-01-18 00:03:00 | INFO     | [lf.flight.extracted] SM931 on 23FEB: BKG=0, LF=0.0%
2026-01-18 00:03:04 | INFO     | [lf.flight.extracted] SM441 on 23FEB: BKG=153, LF=85.5%
2026-01-18 00:03:07 | INFO     | [SUCCESS] Day 23FEB
2026-01-18 00:03:07 | INFO     | [DAY_START] Processing 22FEB
2026-01-18 00:03:07 | INFO     | [lf.day.start] Processing CAI-YNB for 22FEB
2026-01-18 00:03:09 | INFO     | [lf.day.flights_found] Found 4 flights on 22FEB
2026-01-18 00:03:11 | INFO     | [lf.flight.extracted] SM441 on 22FEB: BKG=142, LF=79.3%
2026-01-18 00:03:15 | INFO     | [lf.flight.extracted] SM987 on 22FEB: BKG=160, LF=89.4%
2026-01-18 00:03:18 | INFO     | [lf.flight.extracted] SM955 on 22FEB: BKG=170, LF=95.0%
2026-01-18 00:03:22 | INFO     | [lf.flight.extracted] SM985 on 22FEB: BKG=170, LF=95.0%
2026-01-18 00:03:29 | INFO     | [SUCCESS] Day 22FEB
2026-01-18 00:03:29 | INFO     | [DAY_START] Processing 21FEB
2026-01-18 00:03:29 | INFO     | [lf.day.start] Processing CAI-YNB for 21FEB
2026-01-18 00:03:30 | INFO     | [lf.day.flights_found] Found 1 flights on 21FEB
2026-01-18 00:03:33 | INFO     | [lf.flight.extracted] SM441 on 21FEB: BKG=142, LF=79.3%
2026-01-18 00:03:35 | INFO     | [SUCCESS] Day 21FEB
2026-01-18 00:03:35 | INFO     | [DAY_START] Processing 20FEB
2026-01-18 00:03:35 | INFO     | [lf.day.start] Processing CAI-YNB for 20FEB
2026-01-18 00:03:36 | INFO     | [lf.day.flights_found] Found 2 flights on 20FEB
2026-01-18 00:03:39 | INFO     | [lf.flight.extracted] SM931 on 20FEB: BKG=0, LF=0.0%
2026-01-18 00:03:42 | INFO     | [lf.flight.extracted] SM441 on 20FEB: BKG=140, LF=78.2%
2026-01-18 00:03:45 | INFO     | [SUCCESS] Day 20FEB
2026-01-18 00:03:45 | INFO     | [DAY_START] Processing 19FEB
2026-01-18 00:03:45 | INFO     | [lf.day.start] Processing CAI-YNB for 19FEB
2026-01-18 00:03:47 | INFO     | [lf.day.flights_found] Found 3 flights on 19FEB
2026-01-18 00:03:49 | INFO     | [lf.flight.extracted] SM931 on 19FEB: BKG=0, LF=0.0%
2026-01-18 00:03:52 | INFO     | [lf.flight.extracted] SM933 on 19FEB: BKG=0, LF=0.0%
2026-01-18 00:03:56 | INFO     | [lf.flight.extracted] SM441 on 19FEB: BKG=137, LF=77.8%
2026-01-18 00:03:59 | INFO     | [SUCCESS] Day 19FEB
2026-01-18 00:03:59 | INFO     | [SUCCESS] LF Search Complete
2026-01-18 00:03:59 | INFO     | [Worker_9225] Completed: CAI-YNB - 8 results, 0 errors
2026-01-18 00:03:59 | INFO     | [Worker_9225] Processing: JED-ASW
2026-01-18 00:03:59 | INFO     |   Tier 0: Range 2, Chunk 3/3 (8 days)
