2026-01-17 23:36:40 | INFO     | ======================================================================
2026-01-17 23:36:40 | INFO     | Load Factor Scraper Started - Route: CAI-MED
2026-01-17 23:36:40 | INFO     | Log file: D:\CODERED\LAB\Artifacts\outputs\run_generated_170126_at_23.33_RETRY\logs\LF_CAI-MED_20260117_233640.log
2026-01-17 23:36:40 | INFO     | Enhanced logging: Capturing both logging.info() and print()
2026-01-17 23:36:40 | INFO     | ======================================================================
2026-01-17 23:36:40 | INFO     | Starting LF search for route: CAI-MED
2026-01-17 23:36:40 | INFO     | [START] LF Search
2026-01-17 23:36:41 | INFO     | [HEALTH CHECK] [OK] Chrome connection is healthy
2026-01-17 23:36:41 | INFO     | [DAY_START] Processing 18APR
2026-01-17 23:36:41 | INFO     | [lf.day.start] Processing CAI-MED for 18APR
2026-01-17 23:36:42 | WARNING  | [lf.day.no_flights] No direct flights on 18APR
2026-01-17 23:36:42 | INFO     | [SUCCESS] Day 18APR
2026-01-17 23:36:42 | INFO     | [DAY_START] Processing 17APR
2026-01-17 23:36:42 | INFO     | [lf.day.start] Processing CAI-MED for 17APR
2026-01-17 23:36:43 | WARNING  | [lf.day.no_flights] No direct flights on 17APR
2026-01-17 23:36:43 | INFO     | [SUCCESS] Day 17APR
2026-01-17 23:36:43 | INFO     | [DAY_START] Processing 16APR
2026-01-17 23:36:43 | INFO     | [lf.day.start] Processing CAI-MED for 16APR
2026-01-17 23:36:44 | INFO     | [lf.day.flights_found] Found 1 flights on 16APR
2026-01-17 23:36:46 | INFO     | [lf.flight.extracted] SM493 on 16APR: BKG=0, LF=0.0%
2026-01-17 23:36:47 | INFO     | [SUCCESS] Day 16APR
2026-01-17 23:36:47 | INFO     | [DAY_START] Processing 15APR
2026-01-17 23:36:47 | INFO     | [lf.day.start] Processing CAI-MED for 15APR
2026-01-17 23:36:48 | INFO     | [lf.day.flights_found] Found 1 flights on 15APR
2026-01-17 23:36:51 | INFO     | [lf.flight.extracted] SM493 on 15APR: BKG=6, LF=3.4%
2026-01-17 23:36:53 | INFO     | [SUCCESS] Day 15APR
2026-01-17 23:36:53 | INFO     | [DAY_START] Processing 14APR
2026-01-17 23:36:53 | INFO     | [lf.day.start] Processing CAI-MED for 14APR
2026-01-17 23:36:54 | INFO     | [lf.day.flights_found] Found 1 flights on 14APR
2026-01-17 23:36:56 | INFO     | [lf.flight.extracted] SM493 on 14APR: BKG=0, LF=0.0%
2026-01-17 23:36:57 | INFO     | [SUCCESS] Day 14APR
2026-01-17 23:36:57 | INFO     | [DAY_START] Processing 13APR
2026-01-17 23:36:57 | INFO     | [lf.day.start] Processing CAI-MED for 13APR
2026-01-17 23:36:58 | WARNING  | [lf.day.no_flights] No direct flights on 13APR
2026-01-17 23:36:58 | INFO     | [SUCCESS] Day 13APR
2026-01-17 23:36:58 | INFO     | [DAY_START] Processing 12APR
2026-01-17 23:36:58 | INFO     | [lf.day.start] Processing CAI-MED for 12APR
2026-01-17 23:36:59 | INFO     | [lf.day.flights_found] Found 1 flights on 12APR
2026-01-17 23:37:01 | INFO     | [lf.flight.extracted] SM493 on 12APR: BKG=4, LF=2.2%
2026-01-17 23:37:03 | INFO     | [SUCCESS] Day 12APR
2026-01-17 23:37:03 | INFO     | [DAY_START] Processing 11APR
2026-01-17 23:37:03 | INFO     | [lf.day.start] Processing CAI-MED for 11APR
2026-01-17 23:37:04 | WARNING  | [lf.day.no_flights] No direct flights on 11APR
2026-01-17 23:37:05 | INFO     | [SUCCESS] Day 11APR
2026-01-17 23:37:05 | INFO     | [DAY_START] Processing 10APR
2026-01-17 23:37:05 | INFO     | [lf.day.start] Processing CAI-MED for 10APR
2026-01-17 23:37:05 | WARNING  | [lf.day.no_flights] No direct flights on 10APR
2026-01-17 23:37:06 | INFO     | [SUCCESS] Day 10APR
2026-01-17 23:37:06 | INFO     | [SUCCESS] LF Search Complete
2026-01-17 23:37:06 | INFO     | [Worker_9233] Completed: CAI-MED - 9 results, 0 errors
2026-01-17 23:37:06 | INFO     | [Worker_9233] Processing: ATZ-RUH
2026-01-17 23:37:06 | INFO     |   Tier 0: Range 4, Chunk 2/3 (9 days)
