2026-01-18 00:02:19 | INFO     | ======================================================================
2026-01-18 00:02:19 | INFO     | Load Factor Scraper Started - Route: CAI-AJF
2026-01-18 00:02:19 | INFO     | Log file: D:\CODERED\LAB\Artifacts\outputs\run_generated_170126_at_23.33_RETRY\logs\LF_CAI-AJF_20260118_000219.log
2026-01-18 00:02:19 | INFO     | Enhanced logging: Capturing both logging.info() and print()
2026-01-18 00:02:19 | INFO     | ======================================================================
2026-01-18 00:02:19 | INFO     | Starting LF search for route: CAI-AJF
2026-01-18 00:02:19 | INFO     | [START] LF Search
2026-01-18 00:02:20 | INFO     | [HEALTH CHECK] [OK] Chrome connection is healthy
2026-01-18 00:02:20 | INFO     | [DAY_START] Processing 26FEB
2026-01-18 00:02:20 | INFO     | [lf.day.start] Processing CAI-AJF for 26FEB
2026-01-18 00:02:21 | INFO     | [lf.day.flights_found] Found 1 flights on 26FEB
2026-01-18 00:02:24 | INFO     | [lf.flight.extracted] SM321 on 26FEB: BKG=1, LF=0.6%
2026-01-18 00:02:27 | INFO     | [SUCCESS] Day 26FEB
2026-01-18 00:02:27 | INFO     | [DAY_START] Processing 25FEB
2026-01-18 00:02:27 | INFO     | [lf.day.start] Processing CAI-AJF for 25FEB
2026-01-18 00:02:28 | WARNING  | [lf.day.no_flights] No direct flights on 25FEB
2026-01-18 00:02:28 | INFO     | [SUCCESS] Day 25FEB
2026-01-18 00:02:28 | INFO     | [DAY_START] Processing 24FEB
2026-01-18 00:02:28 | INFO     | [lf.day.start] Processing CAI-AJF for 24FEB
2026-01-18 00:02:29 | INFO     | [lf.day.flights_found] Found 1 flights on 24FEB
2026-01-18 00:02:32 | INFO     | [lf.flight.extracted] SM321 on 24FEB: BKG=5, LF=2.8%
2026-01-18 00:02:35 | INFO     | [SUCCESS] Day 24FEB
2026-01-18 00:02:35 | INFO     | [DAY_START] Processing 23FEB
2026-01-18 00:02:35 | INFO     | [lf.day.start] Processing CAI-AJF for 23FEB
2026-01-18 00:02:36 | WARNING  | [lf.day.no_flights] No direct flights on 23FEB
2026-01-18 00:02:36 | INFO     | [SUCCESS] Day 23FEB
2026-01-18 00:02:36 | INFO     | [DAY_START] Processing 22FEB
2026-01-18 00:02:36 | INFO     | [lf.day.start] Processing CAI-AJF for 22FEB
2026-01-18 00:02:37 | WARNING  | [lf.day.no_flights] No direct flights on 22FEB
2026-01-18 00:02:37 | INFO     | [SUCCESS] Day 22FEB
2026-01-18 00:02:37 | INFO     | [DAY_START] Processing 21FEB
2026-01-18 00:02:37 | INFO     | [lf.day.start] Processing CAI-AJF for 21FEB
2026-01-18 00:02:39 | INFO     | [lf.day.flights_found] Found 1 flights on 21FEB
2026-01-18 00:02:41 | INFO     | [lf.flight.extracted] SM321 on 21FEB: BKG=11, LF=6.2%
2026-01-18 00:02:44 | INFO     | [SUCCESS] Day 21FEB
2026-01-18 00:02:44 | INFO     | [DAY_START] Processing 20FEB
2026-01-18 00:02:44 | INFO     | [lf.day.start] Processing CAI-AJF for 20FEB
2026-01-18 00:02:45 | WARNING  | [lf.day.no_flights] No direct flights on 20FEB
2026-01-18 00:02:45 | INFO     | [SUCCESS] Day 20FEB
2026-01-18 00:02:45 | INFO     | [DAY_START] Processing 19FEB
2026-01-18 00:02:45 | INFO     | [lf.day.start] Processing CAI-AJF for 19FEB
2026-01-18 00:02:46 | INFO     | [lf.day.flights_found] Found 1 flights on 19FEB
2026-01-18 00:02:48 | INFO     | [lf.flight.extracted] SM321 on 19FEB: BKG=0, LF=0.0%
2026-01-18 00:02:50 | INFO     | [SUCCESS] Day 19FEB
2026-01-18 00:02:50 | INFO     | [SUCCESS] LF Search Complete
2026-01-18 00:02:50 | INFO     | [Worker_9224] Completed: CAI-AJF - 8 results, 0 errors
2026-01-18 00:02:50 | INFO     | [Worker_9224] Processing: CAI-GIZ
2026-01-18 00:02:50 | INFO     |   Tier 0: Range 2, Chunk 2/3 (8 days)
