2026-01-18 00:18:44 | INFO     | ======================================================================
2026-01-18 00:18:44 | INFO     | Load Factor Scraper Started - Route: CAI-YNB
2026-01-18 00:18:44 | INFO     | Log file: D:\CODERED\LAB\Artifacts\outputs\run_generated_170126_at_23.33_RETRY\logs\LF_CAI-YNB_20260118_001844.log
2026-01-18 00:18:44 | INFO     | Enhanced logging: Capturing both logging.info() and print()
2026-01-18 00:18:44 | INFO     | ======================================================================
2026-01-18 00:18:44 | INFO     | Starting LF search for route: CAI-YNB
2026-01-18 00:18:44 | INFO     | [START] LF Search
2026-01-18 00:18:45 | INFO     | [HEALTH CHECK] [OK] Chrome connection is healthy
2026-01-18 00:18:45 | INFO     | [DAY_START] Processing 01FEB
2026-01-18 00:18:45 | INFO     | [lf.day.start] Processing CAI-YNB for 01FEB
2026-01-18 00:18:46 | INFO     | [lf.day.flights_found] Found 1 flights on 01FEB
2026-01-18 00:18:48 | INFO     | [lf.flight.extracted] SM441 on 01FEB: BKG=29, LF=16.2%
2026-01-18 00:18:51 | INFO     | [SUCCESS] Day 01FEB
2026-01-18 00:18:51 | INFO     | [DAY_START] Processing 31JAN
2026-01-18 00:18:51 | INFO     | [lf.day.start] Processing CAI-YNB for 31JAN
2026-01-18 00:18:52 | INFO     | [lf.day.flights_found] Found 1 flights on 31JAN
2026-01-18 00:18:54 | INFO     | [lf.flight.extracted] SM441 on 31JAN: BKG=74, LF=41.3%
2026-01-18 00:18:58 | INFO     | [SUCCESS] Day 31JAN
2026-01-18 00:18:58 | INFO     | [DAY_START] Processing 30JAN
2026-01-18 00:18:58 | INFO     | [lf.day.start] Processing CAI-YNB for 30JAN
2026-01-18 00:18:59 | INFO     | [lf.day.flights_found] Found 1 flights on 30JAN
2026-01-18 00:19:01 | INFO     | [lf.flight.extracted] SM441 on 30JAN: BKG=70, LF=39.1%
2026-01-18 00:19:04 | INFO     | [SUCCESS] Day 30JAN
2026-01-18 00:19:04 | INFO     | [DAY_START] Processing 29JAN
2026-01-18 00:19:04 | INFO     | [lf.day.start] Processing CAI-YNB for 29JAN
2026-01-18 00:19:05 | INFO     | [lf.day.flights_found] Found 1 flights on 29JAN
2026-01-18 00:19:07 | INFO     | [lf.flight.extracted] SM441 on 29JAN: BKG=127, LF=71.0%
2026-01-18 00:19:11 | INFO     | [SUCCESS] Day 29JAN
2026-01-18 00:19:11 | INFO     | [DAY_START] Processing 28JAN
2026-01-18 00:19:11 | INFO     | [lf.day.start] Processing CAI-YNB for 28JAN
2026-01-18 00:19:12 | INFO     | [lf.day.flights_found] Found 1 flights on 28JAN
2026-01-18 00:19:14 | INFO     | [lf.flight.extracted] SM441 on 28JAN: BKG=123, LF=68.7%
2026-01-18 00:19:17 | INFO     | [SUCCESS] Day 28JAN
2026-01-18 00:19:17 | INFO     | [DAY_START] Processing 27JAN
2026-01-18 00:19:17 | INFO     | [lf.day.start] Processing CAI-YNB for 27JAN
2026-01-18 00:19:18 | INFO     | [lf.day.flights_found] Found 1 flights on 27JAN
2026-01-18 00:19:20 | INFO     | [lf.flight.extracted] SM441 on 27JAN: BKG=138, LF=77.1%
2026-01-18 00:19:26 | INFO     | [SUCCESS] Day 27JAN
2026-01-18 00:19:26 | INFO     | [DAY_START] Processing 26JAN
2026-01-18 00:19:26 | INFO     | [lf.day.start] Processing CAI-YNB for 26JAN
2026-01-18 00:19:27 | INFO     | [lf.day.flights_found] Found 1 flights on 26JAN
2026-01-18 00:19:29 | INFO     | [lf.flight.extracted] SM441 on 26JAN: BKG=179, LF=100.0%
2026-01-18 00:19:32 | INFO     | [SUCCESS] Day 26JAN
2026-01-18 00:19:32 | INFO     | [DAY_START] Processing 25JAN
2026-01-18 00:19:32 | INFO     | [lf.day.start] Processing CAI-YNB for 25JAN
2026-01-18 00:19:33 | INFO     | [lf.day.flights_found] Found 1 flights on 25JAN
2026-01-18 00:19:36 | INFO     | [lf.flight.extracted] SM441 on 25JAN: BKG=176, LF=100.0%
2026-01-18 00:19:40 | INFO     | [SUCCESS] Day 25JAN
2026-01-18 00:19:40 | INFO     | [SUCCESS] LF Search Complete
2026-01-18 00:19:40 | INFO     | [Worker_9227] Completed: CAI-YNB - 8 results, 0 errors
2026-01-18 00:19:40 | INFO     | [Worker_9227] Processing: JED-HBE
2026-01-18 00:19:40 | INFO     |   Tier 0: Range 1, Chunk 3/3 (8 days)
