2026-01-17 23:58:32 | INFO     | ======================================================================
2026-01-17 23:58:32 | INFO     | Load Factor Scraper Started - Route: CAI-GIZ
2026-01-17 23:58:32 | INFO     | Log file: D:\CODERED\LAB\Artifacts\outputs\run_generated_170126_at_23.33_RETRY\logs\LF_CAI-GIZ_20260117_235832.log
2026-01-17 23:58:32 | INFO     | Enhanced logging: Capturing both logging.info() and print()
2026-01-17 23:58:32 | INFO     | ======================================================================
2026-01-17 23:58:32 | INFO     | Starting LF search for route: CAI-GIZ
2026-01-17 23:58:32 | INFO     | [START] LF Search
2026-01-17 23:58:33 | INFO     | [HEALTH CHECK] [OK] Chrome connection is healthy
2026-01-17 23:58:33 | INFO     | [DAY_START] Processing 07MAR
2026-01-17 23:58:33 | INFO     | [lf.day.start] Processing CAI-GIZ for 07MAR
2026-01-17 23:58:35 | INFO     | [lf.day.flights_found] Found 1 flights on 07MAR
2026-01-17 23:58:37 | INFO     | [lf.flight.extracted] SM329 on 07MAR: BKG=4, LF=2.2%
2026-01-17 23:58:40 | INFO     | [SUCCESS] Day 07MAR
2026-01-17 23:58:40 | INFO     | [DAY_START] Processing 06MAR
2026-01-17 23:58:40 | INFO     | [lf.day.start] Processing CAI-GIZ for 06MAR
2026-01-17 23:58:41 | WARNING  | [lf.day.no_flights] No direct flights on 06MAR
2026-01-17 23:58:41 | INFO     | [SUCCESS] Day 06MAR
2026-01-17 23:58:41 | INFO     | [DAY_START] Processing 05MAR
2026-01-17 23:58:41 | INFO     | [lf.day.start] Processing CAI-GIZ for 05MAR
2026-01-17 23:58:42 | INFO     | [lf.day.flights_found] Found 1 flights on 05MAR
2026-01-17 23:58:44 | INFO     | [lf.flight.extracted] SM329 on 05MAR: BKG=2, LF=1.1%
2026-01-17 23:58:47 | INFO     | [SUCCESS] Day 05MAR
2026-01-17 23:58:47 | INFO     | [DAY_START] Processing 04MAR
2026-01-17 23:58:47 | INFO     | [lf.day.start] Processing CAI-GIZ for 04MAR
2026-01-17 23:58:48 | WARNING  | [lf.day.no_flights] No direct flights on 04MAR
2026-01-17 23:58:48 | INFO     | [SUCCESS] Day 04MAR
2026-01-17 23:58:48 | INFO     | [DAY_START] Processing 03MAR
2026-01-17 23:58:48 | INFO     | [lf.day.start] Processing CAI-GIZ for 03MAR
2026-01-17 23:58:50 | WARNING  | [lf.day.no_flights] No direct flights on 03MAR
2026-01-17 23:58:50 | INFO     | [SUCCESS] Day 03MAR
2026-01-17 23:58:50 | INFO     | [DAY_START] Processing 02MAR
2026-01-17 23:58:50 | INFO     | [lf.day.start] Processing CAI-GIZ for 02MAR
2026-01-17 23:58:51 | WARNING  | [lf.day.no_flights] No direct flights on 02MAR
2026-01-17 23:58:51 | INFO     | [SUCCESS] Day 02MAR
2026-01-17 23:58:51 | INFO     | [DAY_START] Processing 01MAR
2026-01-17 23:58:51 | INFO     | [lf.day.start] Processing CAI-GIZ for 01MAR
2026-01-17 23:58:52 | WARNING  | [lf.day.no_flights] No direct flights on 01MAR
2026-01-17 23:58:52 | INFO     | [SUCCESS] Day 01MAR
2026-01-17 23:58:52 | INFO     | [DAY_START] Processing 28FEB
2026-01-17 23:58:52 | INFO     | [lf.day.start] Processing CAI-GIZ for 28FEB
2026-01-17 23:58:53 | INFO     | [lf.day.flights_found] Found 1 flights on 28FEB
2026-01-17 23:58:55 | INFO     | [lf.flight.extracted] SM329 on 28FEB: BKG=6, LF=3.4%
2026-01-17 23:58:58 | INFO     | [SUCCESS] Day 28FEB
2026-01-17 23:58:58 | INFO     | [DAY_START] Processing 27FEB
2026-01-17 23:58:58 | INFO     | [lf.day.start] Processing CAI-GIZ for 27FEB
2026-01-17 23:59:00 | WARNING  | [lf.day.no_flights] No direct flights on 27FEB
2026-01-17 23:59:00 | INFO     | [SUCCESS] Day 27FEB
2026-01-17 23:59:00 | INFO     | [SUCCESS] LF Search Complete
2026-01-17 23:59:00 | INFO     | [Worker_9226] Completed: CAI-GIZ - 9 results, 0 errors
2026-01-17 23:59:00 | INFO     | [Worker_9226] Processing: JED-LXR
2026-01-17 23:59:00 | INFO     |   Tier 0: Range 2, Chunk 2/3 (8 days)
