2026-01-17 23:56:30 | INFO     | ======================================================================
2026-01-17 23:56:30 | INFO     | Load Factor Scraper Started - Route: CAI-MED
2026-01-17 23:56:30 | INFO     | Log file: D:\CODERED\LAB\Artifacts\outputs\run_generated_170126_at_23.33_RETRY\logs\LF_CAI-MED_20260117_235630.log
2026-01-17 23:56:30 | INFO     | Enhanced logging: Capturing both logging.info() and print()
2026-01-17 23:56:30 | INFO     | ======================================================================
2026-01-17 23:56:30 | INFO     | Starting LF search for route: CAI-MED
2026-01-17 23:56:30 | INFO     | [START] LF Search
2026-01-17 23:56:31 | INFO     | [HEALTH CHECK] [OK] Chrome connection is healthy
2026-01-17 23:56:31 | INFO     | [DAY_START] Processing 07MAR
2026-01-17 23:56:31 | INFO     | [lf.day.start] Processing CAI-MED for 07MAR
2026-01-17 23:56:32 | INFO     | [lf.day.flights_found] Found 1 flights on 07MAR
2026-01-17 23:56:34 | INFO     | [lf.flight.extracted] SM493 on 07MAR: BKG=153, LF=85.5%
2026-01-17 23:56:38 | INFO     | [SUCCESS] Day 07MAR
2026-01-17 23:56:38 | INFO     | [DAY_START] Processing 06MAR
2026-01-17 23:56:38 | INFO     | [lf.day.start] Processing CAI-MED for 06MAR
2026-01-17 23:56:39 | WARNING  | [lf.day.no_flights] No direct flights on 06MAR
2026-01-17 23:56:39 | INFO     | [SUCCESS] Day 06MAR
2026-01-17 23:56:39 | INFO     | [DAY_START] Processing 05MAR
2026-01-17 23:56:39 | INFO     | [lf.day.start] Processing CAI-MED for 05MAR
2026-01-17 23:56:40 | INFO     | [lf.day.flights_found] Found 1 flights on 05MAR
2026-01-17 23:56:42 | INFO     | [lf.flight.extracted] SM493 on 05MAR: BKG=179, LF=101.7%
2026-01-17 23:56:48 | INFO     | [SUCCESS] Day 05MAR
2026-01-17 23:56:48 | INFO     | [DAY_START] Processing 04MAR
2026-01-17 23:56:48 | INFO     | [lf.day.start] Processing CAI-MED for 04MAR
2026-01-17 23:56:49 | WARNING  | [lf.day.no_flights] No direct flights on 04MAR
2026-01-17 23:56:49 | INFO     | [SUCCESS] Day 04MAR
2026-01-17 23:56:49 | INFO     | [DAY_START] Processing 03MAR
2026-01-17 23:56:49 | INFO     | [lf.day.start] Processing CAI-MED for 03MAR
2026-01-17 23:56:50 | INFO     | [lf.day.flights_found] Found 1 flights on 03MAR
2026-01-17 23:56:52 | INFO     | [lf.flight.extracted] SM493 on 03MAR: BKG=144, LF=80.5%
2026-01-17 23:56:55 | INFO     | [SUCCESS] Day 03MAR
2026-01-17 23:56:55 | INFO     | [DAY_START] Processing 02MAR
2026-01-17 23:56:55 | INFO     | [lf.day.start] Processing CAI-MED for 02MAR
2026-01-17 23:56:56 | INFO     | [lf.day.flights_found] Found 1 flights on 02MAR
2026-01-17 23:56:58 | INFO     | [lf.flight.extracted] SM495 on 02MAR: BKG=161, LF=89.9%
2026-01-17 23:57:01 | INFO     | [SUCCESS] Day 02MAR
2026-01-17 23:57:01 | INFO     | [DAY_START] Processing 01MAR
2026-01-17 23:57:01 | INFO     | [lf.day.start] Processing CAI-MED for 01MAR
2026-01-17 23:57:02 | INFO     | [lf.day.flights_found] Found 1 flights on 01MAR
2026-01-17 23:57:04 | INFO     | [lf.flight.extracted] SM493 on 01MAR: BKG=150, LF=83.8%
2026-01-17 23:57:07 | INFO     | [SUCCESS] Day 01MAR
2026-01-17 23:57:07 | INFO     | [DAY_START] Processing 28FEB
2026-01-17 23:57:07 | INFO     | [lf.day.start] Processing CAI-MED for 28FEB
2026-01-17 23:57:08 | INFO     | [lf.day.flights_found] Found 1 flights on 28FEB
2026-01-17 23:57:10 | INFO     | [lf.flight.extracted] SM493 on 28FEB: BKG=129, LF=72.1%
2026-01-17 23:57:14 | INFO     | [SUCCESS] Day 28FEB
2026-01-17 23:57:14 | INFO     | [DAY_START] Processing 27FEB
2026-01-17 23:57:14 | INFO     | [lf.day.start] Processing CAI-MED for 27FEB
2026-01-17 23:57:15 | WARNING  | [lf.day.no_flights] No direct flights on 27FEB
2026-01-17 23:57:15 | INFO     | [SUCCESS] Day 27FEB
2026-01-17 23:57:15 | INFO     | [SUCCESS] LF Search Complete
2026-01-17 23:57:15 | INFO     | [Worker_9226] Completed: CAI-MED - 9 results, 0 errors
2026-01-17 23:57:15 | INFO     | [Worker_9226] Processing: CAI-DMM
2026-01-17 23:57:15 | INFO     |   Tier 0: Range 2, Chunk 1/3 (9 days)
