2026-01-17 23:52:57 | INFO     | ======================================================================
2026-01-17 23:52:57 | INFO     | Load Factor Scraper Started - Route: CAI-JED
2026-01-17 23:52:57 | INFO     | Log file: D:\CODERED\LAB\Artifacts\outputs\run_generated_170126_at_23.33_RETRY\logs\LF_CAI-JED_20260117_235257.log
2026-01-17 23:52:57 | INFO     | Enhanced logging: Capturing both logging.info() and print()
2026-01-17 23:52:57 | INFO     | ======================================================================
2026-01-17 23:52:57 | INFO     | Starting LF search for route: CAI-JED
2026-01-17 23:52:57 | INFO     | [START] LF Search
2026-01-17 23:52:58 | INFO     | [HEALTH CHECK] [OK] Chrome connection is healthy
2026-01-17 23:52:58 | INFO     | [DAY_START] Processing 15MAR
2026-01-17 23:52:58 | INFO     | [lf.day.start] Processing CAI-JED for 15MAR
2026-01-17 23:52:59 | INFO     | [lf.day.flights_found] Found 5 flights on 15MAR
2026-01-17 23:53:02 | INFO     | [lf.flight.extracted] SM475 on 15MAR: BKG=0, LF=0.0%
2026-01-17 23:53:06 | INFO     | [lf.flight.extracted] SM431 on 15MAR: BKG=0, LF=0.0%
2026-01-17 23:53:09 | INFO     | [lf.flight.extracted] SM459 on 15MAR: BKG=0, LF=0.0%
2026-01-17 23:53:13 | INFO     | [lf.flight.extracted] SM477 on 15MAR: BKG=0, LF=0.0%
2026-01-17 23:53:16 | INFO     | [lf.flight.extracted] SM479 on 15MAR: BKG=0, LF=0.0%
2026-01-17 23:53:18 | INFO     | [SUCCESS] Day 15MAR
2026-01-17 23:53:18 | INFO     | [DAY_START] Processing 14MAR
2026-01-17 23:53:18 | INFO     | [lf.day.start] Processing CAI-JED for 14MAR
2026-01-17 23:53:19 | INFO     | [lf.day.flights_found] Found 4 flights on 14MAR
2026-01-17 23:53:22 | INFO     | [lf.flight.extracted] SM449 on 14MAR: BKG=0, LF=0.0%
2026-01-17 23:53:25 | INFO     | [lf.flight.extracted] SM475 on 14MAR: BKG=0, LF=0.0%
2026-01-17 23:53:28 | INFO     | [lf.flight.extracted] SM477 on 14MAR: BKG=0, LF=0.0%
2026-01-17 23:53:31 | INFO     | [lf.flight.extracted] SM423 on 14MAR: BKG=0, LF=0.0%
2026-01-17 23:53:32 | INFO     | [SUCCESS] Day 14MAR
2026-01-17 23:53:32 | INFO     | [DAY_START] Processing 13MAR
2026-01-17 23:53:32 | INFO     | [lf.day.start] Processing CAI-JED for 13MAR
2026-01-17 23:53:33 | INFO     | [lf.day.flights_found] Found 5 flights on 13MAR
2026-01-17 23:53:35 | INFO     | [lf.flight.extracted] SM475 on 13MAR: BKG=4, LF=2.2%
2026-01-17 23:53:39 | INFO     | [lf.flight.extracted] SM477 on 13MAR: BKG=0, LF=0.0%
2026-01-17 23:53:42 | INFO     | [lf.flight.extracted] SM479 on 13MAR: BKG=6, LF=3.4%
2026-01-17 23:53:46 | INFO     | [lf.flight.extracted] SM471 on 13MAR: BKG=2, LF=1.1%
2026-01-17 23:53:49 | INFO     | [lf.flight.extracted] SM459 on 13MAR: BKG=0, LF=0.0%
2026-01-17 23:53:55 | INFO     | [SUCCESS] Day 13MAR
2026-01-17 23:53:55 | INFO     | [DAY_START] Processing 12MAR
2026-01-17 23:53:55 | INFO     | [lf.day.start] Processing CAI-JED for 12MAR
2026-01-17 23:54:09 | INFO     | [lf.day.flights_found] Found 6 flights on 12MAR
2026-01-17 23:54:11 | INFO     | [lf.flight.extracted] SM449 on 12MAR: BKG=1, LF=0.6%
2026-01-17 23:54:16 | INFO     | [lf.flight.extracted] SM475 on 12MAR: BKG=0, LF=0.0%
2026-01-17 23:54:20 | INFO     | [lf.flight.extracted] SM431 on 12MAR: BKG=0, LF=0.0%
2026-01-17 23:54:24 | INFO     | [lf.flight.extracted] SM477 on 12MAR: BKG=1, LF=0.6%
2026-01-17 23:54:28 | INFO     | [lf.flight.extracted] SM479 on 12MAR: BKG=1, LF=0.6%
2026-01-17 23:54:33 | INFO     | [lf.flight.extracted] SM423 on 12MAR: BKG=50, LF=27.9%
2026-01-17 23:54:40 | INFO     | [SUCCESS] Day 12MAR
2026-01-17 23:54:40 | INFO     | [DAY_START] Processing 11MAR
2026-01-17 23:54:40 | INFO     | [lf.day.start] Processing CAI-JED for 11MAR
2026-01-17 23:54:41 | INFO     | [lf.day.flights_found] Found 5 flights on 11MAR
2026-01-17 23:54:43 | INFO     | [lf.flight.extracted] SM423 on 11MAR: BKG=2, LF=1.1%
2026-01-17 23:54:46 | INFO     | [lf.flight.extracted] SM475 on 11MAR: BKG=0, LF=0.0%
2026-01-17 23:54:50 | INFO     | [lf.flight.extracted] SM459 on 11MAR: BKG=0, LF=0.0%
2026-01-17 23:54:53 | INFO     | [lf.flight.extracted] SM477 on 11MAR: BKG=2, LF=1.1%
2026-01-17 23:54:56 | INFO     | [lf.flight.extracted] SM471 on 11MAR: BKG=0, LF=0.0%
2026-01-17 23:55:00 | INFO     | [SUCCESS] Day 11MAR
2026-01-17 23:55:00 | INFO     | [DAY_START] Processing 10MAR
2026-01-17 23:55:00 | INFO     | [lf.day.start] Processing CAI-JED for 10MAR
2026-01-17 23:55:01 | INFO     | [lf.day.flights_found] Found 6 flights on 10MAR
2026-01-17 23:55:03 | INFO     | [lf.flight.extracted] SM471 on 10MAR: BKG=1, LF=0.6%
2026-01-17 23:55:06 | INFO     | [lf.flight.extracted] SM479 on 10MAR: BKG=0, LF=0.0%
2026-01-17 23:55:09 | INFO     | [lf.flight.extracted] SM477 on 10MAR: BKG=0, LF=0.0%
2026-01-17 23:55:12 | INFO     | [lf.flight.extracted] SM459 on 10MAR: BKG=0, LF=0.0%
2026-01-17 23:55:16 | INFO     | [lf.flight.extracted] SM423 on 10MAR: BKG=1, LF=0.6%
2026-01-17 23:55:19 | INFO     | [lf.flight.extracted] SM475 on 10MAR: BKG=130, LF=72.6%
2026-01-17 23:55:24 | INFO     | [SUCCESS] Day 10MAR
2026-01-17 23:55:24 | INFO     | [DAY_START] Processing 09MAR
2026-01-17 23:55:24 | INFO     | [lf.day.start] Processing CAI-JED for 09MAR
2026-01-17 23:55:25 | INFO     | [lf.day.flights_found] Found 3 flights on 09MAR
2026-01-17 23:55:27 | INFO     | [lf.flight.extracted] SM475 on 09MAR: BKG=5, LF=2.8%
2026-01-17 23:55:30 | INFO     | [lf.flight.extracted] SM477 on 09MAR: BKG=44, LF=24.6%
2026-01-17 23:55:33 | INFO     | [lf.flight.extracted] SM459 on 09MAR: BKG=3, LF=1.7%
2026-01-17 23:55:35 | ERROR    | Atomic write failed for D:\CODERED\LAB\Artifacts\outputs\run_generated_170126_at_23.33_RETRY\checkpoints\flight_booking_data.json: [WinError 5] Access is denied: 'D:\\CODERED\\LAB\\Artifacts\\outputs\\run_generated_170126_at_23.33_RETRY\\checkpoints\\flight_booking_data.tmp_44857b2e' -> 'D:\\CODERED\\LAB\\Artifacts\\outputs\\run_generated_170126_at_23.33_RETRY\\checkpoints\\flight_booking_data.json'
2026-01-17 23:55:38 | INFO     | [SUCCESS] Day 09MAR
2026-01-17 23:55:38 | INFO     | [DAY_START] Processing 08MAR
2026-01-17 23:55:38 | INFO     | [lf.day.start] Processing CAI-JED for 08MAR
2026-01-17 23:55:39 | INFO     | [lf.day.flights_found] Found 5 flights on 08MAR
2026-01-17 23:55:41 | INFO     | [lf.flight.extracted] SM475 on 08MAR: BKG=1, LF=0.6%
2026-01-17 23:55:44 | INFO     | [lf.flight.extracted] SM431 on 08MAR: BKG=4, LF=2.2%
2026-01-17 23:55:47 | INFO     | [lf.flight.extracted] SM459 on 08MAR: BKG=11, LF=6.2%
2026-01-17 23:55:51 | INFO     | [lf.flight.extracted] SM477 on 08MAR: BKG=4, LF=2.2%
2026-01-17 23:55:54 | INFO     | [lf.flight.extracted] SM479 on 08MAR: BKG=4, LF=2.2%
2026-01-17 23:56:01 | INFO     | [SUCCESS] Day 08MAR
2026-01-17 23:56:01 | INFO     | [SUCCESS] LF Search Complete
2026-01-17 23:56:01 | INFO     | [Worker_9233] Completed: CAI-JED - 8 results, 0 errors
2026-01-17 23:56:01 | INFO     | [Worker_9233] Processing: AJF-ATZ
2026-01-17 23:56:01 | INFO     |   Tier 0: Range 2, Chunk 1/3 (9 days)
