2026-01-18 00:02:46 | INFO     | ======================================================================
2026-01-18 00:02:46 | INFO     | Load Factor Scraper Started - Route: CAI-ELQ
2026-01-18 00:02:46 | INFO     | Log file: D:\CODERED\LAB\Artifacts\outputs\run_generated_170126_at_23.33_RETRY\logs\LF_CAI-ELQ_20260118_000246.log
2026-01-18 00:02:46 | INFO     | Enhanced logging: Capturing both logging.info() and print()
2026-01-18 00:02:46 | INFO     | ======================================================================
2026-01-18 00:02:46 | INFO     | Starting LF search for route: CAI-ELQ
2026-01-18 00:02:46 | INFO     | [START] LF Search
2026-01-18 00:02:47 | INFO     | [HEALTH CHECK] [OK] Chrome connection is healthy
2026-01-18 00:02:47 | INFO     | [DAY_START] Processing 26FEB
2026-01-18 00:02:47 | INFO     | [lf.day.start] Processing CAI-ELQ for 26FEB
2026-01-18 00:02:48 | INFO     | [lf.day.flights_found] Found 1 flights on 26FEB
2026-01-18 00:02:50 | INFO     | [lf.flight.extracted] SM427 on 26FEB: BKG=0, LF=0.0%
2026-01-18 00:02:52 | INFO     | [SUCCESS] Day 26FEB
2026-01-18 00:02:52 | INFO     | [DAY_START] Processing 25FEB
2026-01-18 00:02:52 | INFO     | [lf.day.start] Processing CAI-ELQ for 25FEB
2026-01-18 00:02:53 | WARNING  | [lf.day.no_flights] No direct flights on 25FEB
2026-01-18 00:02:53 | INFO     | [SUCCESS] Day 25FEB
2026-01-18 00:02:53 | INFO     | [DAY_START] Processing 24FEB
2026-01-18 00:02:53 | INFO     | [lf.day.start] Processing CAI-ELQ for 24FEB
2026-01-18 00:02:54 | WARNING  | [lf.day.no_flights] No direct flights on 24FEB
2026-01-18 00:02:54 | INFO     | [SUCCESS] Day 24FEB
2026-01-18 00:02:54 | INFO     | [DAY_START] Processing 23FEB
2026-01-18 00:02:54 | INFO     | [lf.day.start] Processing CAI-ELQ for 23FEB
2026-01-18 00:02:56 | WARNING  | [lf.day.no_flights] No direct flights on 23FEB
2026-01-18 00:02:56 | INFO     | [SUCCESS] Day 23FEB
2026-01-18 00:02:56 | INFO     | [DAY_START] Processing 22FEB
2026-01-18 00:02:56 | INFO     | [lf.day.start] Processing CAI-ELQ for 22FEB
2026-01-18 00:02:57 | INFO     | [lf.day.flights_found] Found 1 flights on 22FEB
2026-01-18 00:02:59 | INFO     | [lf.flight.extracted] SM427 on 22FEB: BKG=4, LF=2.2%
2026-01-18 00:03:02 | INFO     | [SUCCESS] Day 22FEB
2026-01-18 00:03:02 | INFO     | [DAY_START] Processing 21FEB
2026-01-18 00:03:02 | INFO     | [lf.day.start] Processing CAI-ELQ for 21FEB
2026-01-18 00:03:03 | WARNING  | [lf.day.no_flights] No direct flights on 21FEB
2026-01-18 00:03:03 | INFO     | [SUCCESS] Day 21FEB
2026-01-18 00:03:03 | INFO     | [DAY_START] Processing 20FEB
2026-01-18 00:03:03 | INFO     | [lf.day.start] Processing CAI-ELQ for 20FEB
2026-01-18 00:03:04 | INFO     | [lf.day.flights_found] Found 1 flights on 20FEB
2026-01-18 00:03:06 | INFO     | [lf.flight.extracted] SM427 on 20FEB: BKG=2, LF=1.8%
2026-01-18 00:03:09 | INFO     | [SUCCESS] Day 20FEB
2026-01-18 00:03:09 | INFO     | [DAY_START] Processing 19FEB
2026-01-18 00:03:09 | INFO     | [lf.day.start] Processing CAI-ELQ for 19FEB
2026-01-18 00:03:11 | INFO     | [lf.day.flights_found] Found 1 flights on 19FEB
2026-01-18 00:03:13 | INFO     | [lf.flight.extracted] SM427 on 19FEB: BKG=1, LF=0.9%
2026-01-18 00:03:16 | INFO     | [SUCCESS] Day 19FEB
2026-01-18 00:03:16 | INFO     | [SUCCESS] LF Search Complete
2026-01-18 00:03:16 | INFO     | [Worker_9232] Completed: CAI-ELQ - 8 results, 0 errors
2026-01-18 00:03:16 | INFO     | [Worker_9232] Processing: MED-ATZ
2026-01-18 00:03:16 | INFO     |   Tier 0: Range 2, Chunk 3/3 (8 days)
