2026-01-17 23:40:49 | INFO     | ======================================================================
2026-01-17 23:40:49 | INFO     | Load Factor Scraper Started - Route: CAI-TUU
2026-01-17 23:40:49 | INFO     | Log file: D:\CODERED\LAB\Artifacts\outputs\run_generated_170126_at_23.33_RETRY\logs\LF_CAI-TUU_20260117_234049.log
2026-01-17 23:40:49 | INFO     | Enhanced logging: Capturing both logging.info() and print()
2026-01-17 23:40:49 | INFO     | ======================================================================
2026-01-17 23:40:49 | INFO     | Starting LF search for route: CAI-TUU
2026-01-17 23:40:49 | INFO     | [START] LF Search
2026-01-17 23:40:50 | INFO     | [HEALTH CHECK] [OK] Chrome connection is healthy
2026-01-17 23:40:50 | INFO     | [DAY_START] Processing 09APR
2026-01-17 23:40:50 | INFO     | [lf.day.start] Processing CAI-TUU for 09APR
2026-01-17 23:40:51 | INFO     | [lf.day.flights_found] Found 1 flights on 09APR
2026-01-17 23:40:53 | INFO     | [lf.flight.extracted] SM325 on 09APR: BKG=1, LF=0.6%
2026-01-17 23:41:22 | INFO     | [SUCCESS] Day 09APR
2026-01-17 23:41:22 | INFO     | [DAY_START] Processing 08APR
2026-01-17 23:41:22 | INFO     | [lf.day.start] Processing CAI-TUU for 08APR
2026-01-17 23:41:41 | WARNING  | [lf.day.no_flights] No direct flights on 08APR
2026-01-17 23:41:41 | INFO     | [SUCCESS] Day 08APR
2026-01-17 23:41:41 | INFO     | [DAY_START] Processing 07APR
2026-01-17 23:41:41 | INFO     | [lf.day.start] Processing CAI-TUU for 07APR
2026-01-17 23:41:43 | INFO     | [lf.day.flights_found] Found 1 flights on 07APR
2026-01-17 23:41:45 | INFO     | [lf.flight.extracted] SM325 on 07APR: BKG=2, LF=1.1%
2026-01-17 23:41:48 | INFO     | [SUCCESS] Day 07APR
2026-01-17 23:41:48 | INFO     | [DAY_START] Processing 06APR
2026-01-17 23:41:48 | INFO     | [lf.day.start] Processing CAI-TUU for 06APR
2026-01-17 23:41:48 | WARNING  | [lf.day.no_flights] No direct flights on 06APR
2026-01-17 23:41:49 | INFO     | [SUCCESS] Day 06APR
2026-01-17 23:41:49 | INFO     | [DAY_START] Processing 05APR
2026-01-17 23:41:49 | INFO     | [lf.day.start] Processing CAI-TUU for 05APR
2026-01-17 23:41:50 | WARNING  | [lf.day.no_flights] No direct flights on 05APR
2026-01-17 23:41:50 | INFO     | [SUCCESS] Day 05APR
2026-01-17 23:41:50 | INFO     | [DAY_START] Processing 04APR
2026-01-17 23:41:50 | INFO     | [lf.day.start] Processing CAI-TUU for 04APR
2026-01-17 23:41:51 | INFO     | [lf.day.flights_found] Found 1 flights on 04APR
2026-01-17 23:41:53 | INFO     | [lf.flight.extracted] SM325 on 04APR: BKG=10, LF=5.6%
2026-01-17 23:41:55 | INFO     | [SUCCESS] Day 04APR
2026-01-17 23:41:55 | INFO     | [DAY_START] Processing 03APR
2026-01-17 23:41:55 | INFO     | [lf.day.start] Processing CAI-TUU for 03APR
2026-01-17 23:41:56 | INFO     | [lf.day.flights_found] Found 1 flights on 03APR
2026-01-17 23:41:58 | INFO     | [lf.flight.extracted] SM325 on 03APR: BKG=16, LF=8.9%
2026-01-17 23:42:01 | INFO     | [SUCCESS] Day 03APR
2026-01-17 23:42:01 | INFO     | [DAY_START] Processing 02APR
2026-01-17 23:42:01 | INFO     | [lf.day.start] Processing CAI-TUU for 02APR
2026-01-17 23:42:19 | INFO     | [lf.day.flights_found] Found 1 flights on 02APR
2026-01-17 23:42:47 | INFO     | [lf.flight.extracted] SM325 on 02APR: BKG=4, LF=2.2%
2026-01-17 23:42:50 | INFO     | [SUCCESS] Day 02APR
2026-01-17 23:42:50 | INFO     | [SUCCESS] LF Search Complete
2026-01-17 23:42:50 | INFO     | [Worker_9234] Completed: CAI-TUU - 8 results, 0 errors
2026-01-17 23:42:50 | INFO     | [Worker_9234] Processing: CAI-GIZ
2026-01-17 23:42:50 | INFO     |   Tier 0: Range 4, Chunk 3/3 (8 days)
