2026-01-17 23:53:20 | INFO     | ======================================================================
2026-01-17 23:53:20 | INFO     | Load Factor Scraper Started - Route: CAI-DMM
2026-01-17 23:53:20 | INFO     | Log file: D:\CODERED\LAB\Artifacts\outputs\run_generated_170126_at_23.33_RETRY\logs\LF_CAI-DMM_20260117_235320.log
2026-01-17 23:53:20 | INFO     | Enhanced logging: Capturing both logging.info() and print()
2026-01-17 23:53:20 | INFO     | ======================================================================
2026-01-17 23:53:20 | INFO     | Starting LF search for route: CAI-DMM
2026-01-17 23:53:20 | INFO     | [START] LF Search
2026-01-17 23:53:21 | INFO     | [HEALTH CHECK] [OK] Chrome connection is healthy
2026-01-17 23:53:21 | INFO     | [DAY_START] Processing 15MAR
2026-01-17 23:53:21 | INFO     | [lf.day.start] Processing CAI-DMM for 15MAR
2026-01-17 23:53:22 | WARNING  | [lf.day.no_flights] No direct flights on 15MAR
2026-01-17 23:53:22 | INFO     | [SUCCESS] Day 15MAR
2026-01-17 23:53:22 | INFO     | [DAY_START] Processing 14MAR
2026-01-17 23:53:22 | INFO     | [lf.day.start] Processing CAI-DMM for 14MAR
2026-01-17 23:53:23 | INFO     | [lf.day.flights_found] Found 1 flights on 14MAR
2026-01-17 23:53:25 | INFO     | [lf.flight.extracted] SM433 on 14MAR: BKG=6, LF=3.4%
2026-01-17 23:53:28 | INFO     | [SUCCESS] Day 14MAR
2026-01-17 23:53:28 | INFO     | [DAY_START] Processing 13MAR
2026-01-17 23:53:28 | INFO     | [lf.day.start] Processing CAI-DMM for 13MAR
2026-01-17 23:53:29 | INFO     | [lf.day.flights_found] Found 1 flights on 13MAR
2026-01-17 23:53:31 | INFO     | [lf.flight.extracted] SM433 on 13MAR: BKG=5, LF=2.8%
2026-01-17 23:53:34 | INFO     | [SUCCESS] Day 13MAR
2026-01-17 23:53:34 | INFO     | [DAY_START] Processing 12MAR
2026-01-17 23:53:34 | INFO     | [lf.day.start] Processing CAI-DMM for 12MAR
2026-01-17 23:53:35 | INFO     | [lf.day.flights_found] Found 1 flights on 12MAR
2026-01-17 23:53:37 | INFO     | [lf.flight.extracted] SM433 on 12MAR: BKG=6, LF=3.4%
2026-01-17 23:53:40 | INFO     | [SUCCESS] Day 12MAR
2026-01-17 23:53:40 | INFO     | [DAY_START] Processing 11MAR
2026-01-17 23:53:40 | INFO     | [lf.day.start] Processing CAI-DMM for 11MAR
2026-01-17 23:53:41 | WARNING  | [lf.day.no_flights] No direct flights on 11MAR
2026-01-17 23:53:41 | INFO     | [SUCCESS] Day 11MAR
2026-01-17 23:53:41 | INFO     | [DAY_START] Processing 10MAR
2026-01-17 23:53:41 | INFO     | [lf.day.start] Processing CAI-DMM for 10MAR
2026-01-17 23:53:42 | INFO     | [lf.day.flights_found] Found 1 flights on 10MAR
2026-01-17 23:53:44 | INFO     | [lf.flight.extracted] SM433 on 10MAR: BKG=3, LF=2.8%
2026-01-17 23:53:47 | INFO     | [SUCCESS] Day 10MAR
2026-01-17 23:53:47 | INFO     | [DAY_START] Processing 09MAR
2026-01-17 23:53:47 | INFO     | [lf.day.start] Processing CAI-DMM for 09MAR
2026-01-17 23:53:48 | WARNING  | [lf.day.no_flights] No direct flights on 09MAR
2026-01-17 23:53:48 | INFO     | [SUCCESS] Day 09MAR
2026-01-17 23:53:48 | INFO     | [DAY_START] Processing 08MAR
2026-01-17 23:53:48 | INFO     | [lf.day.start] Processing CAI-DMM for 08MAR
2026-01-17 23:53:49 | WARNING  | [lf.day.no_flights] No direct flights on 08MAR
2026-01-17 23:53:49 | INFO     | [SUCCESS] Day 08MAR
2026-01-17 23:53:49 | INFO     | [SUCCESS] LF Search Complete
2026-01-17 23:53:49 | INFO     | [Worker_9232] Completed: CAI-DMM - 8 results, 0 errors
2026-01-17 23:53:49 | INFO     | [Worker_9232] Processing: ATZ-AJF
2026-01-17 23:53:49 | INFO     |   Tier 0: Range 3, Chunk 3/3 (8 days)
