2026-01-18 00:23:22 | INFO     | ======================================================================
2026-01-18 00:23:22 | INFO     | Load Factor Scraper Started - Route: CAI-AHB
2026-01-18 00:23:22 | INFO     | Log file: D:\CODERED\LAB\Artifacts\outputs\run_generated_170126_at_23.33_RETRY\logs\LF_CAI-AHB_20260118_002322.log
2026-01-18 00:23:22 | INFO     | Enhanced logging: Capturing both logging.info() and print()
2026-01-18 00:23:22 | INFO     | ======================================================================
2026-01-18 00:23:22 | INFO     | Starting LF search for route: CAI-AHB
2026-01-18 00:23:22 | INFO     | [START] LF Search
2026-01-18 00:23:24 | INFO     | [HEALTH CHECK] [OK] Chrome connection is healthy
2026-01-18 00:23:24 | INFO     | [DAY_START] Processing 24JAN
2026-01-18 00:23:24 | INFO     | [lf.day.start] Processing CAI-AHB for 24JAN
2026-01-18 00:23:25 | INFO     | [lf.day.flights_found] Found 1 flights on 24JAN
2026-01-18 00:23:26 | INFO     | [lf.flight.extracted] SM443 on 24JAN: BKG=108, LF=60.3%
2026-01-18 00:23:32 | INFO     | [SUCCESS] Day 24JAN
2026-01-18 00:23:32 | INFO     | [DAY_START] Processing 23JAN
2026-01-18 00:23:32 | INFO     | [lf.day.start] Processing CAI-AHB for 23JAN
2026-01-18 00:23:33 | WARNING  | [lf.day.no_flights] No direct flights on 23JAN
2026-01-18 00:23:33 | INFO     | [SUCCESS] Day 23JAN
2026-01-18 00:23:33 | INFO     | [DAY_START] Processing 22JAN
2026-01-18 00:23:33 | INFO     | [lf.day.start] Processing CAI-AHB for 22JAN
2026-01-18 00:23:34 | INFO     | [lf.day.flights_found] Found 1 flights on 22JAN
2026-01-18 00:23:37 | INFO     | [lf.flight.extracted] SM443 on 22JAN: BKG=133, LF=74.3%
2026-01-18 00:23:43 | INFO     | [SUCCESS] Day 22JAN
2026-01-18 00:23:43 | INFO     | [DAY_START] Processing 21JAN
2026-01-18 00:23:43 | INFO     | [lf.day.start] Processing CAI-AHB for 21JAN
2026-01-18 00:23:44 | INFO     | [lf.day.flights_found] Found 1 flights on 21JAN
2026-01-18 00:23:46 | INFO     | [lf.flight.extracted] SM447 on 21JAN: BKG=152, LF=84.9%
2026-01-18 00:23:52 | INFO     | [SUCCESS] Day 21JAN
2026-01-18 00:23:52 | INFO     | [DAY_START] Processing 20JAN
2026-01-18 00:23:52 | INFO     | [lf.day.start] Processing CAI-AHB for 20JAN
2026-01-18 00:23:53 | WARNING  | [lf.day.no_flights] No direct flights on 20JAN
2026-01-18 00:23:53 | INFO     | [SUCCESS] Day 20JAN
2026-01-18 00:23:53 | INFO     | [DAY_START] Processing 19JAN
2026-01-18 00:23:53 | INFO     | [lf.day.start] Processing CAI-AHB for 19JAN
2026-01-18 00:23:54 | WARNING  | [lf.day.no_flights] No direct flights on 19JAN
2026-01-18 00:23:54 | INFO     | [SUCCESS] Day 19JAN
2026-01-18 00:23:54 | INFO     | [DAY_START] Processing 17JAN
2026-01-18 00:23:54 | INFO     | [lf.day.start] Processing CAI-AHB for 17JAN
2026-01-18 00:23:55 | WARNING  | [lf.day.no_flights] No direct flights on 17JAN
2026-01-18 00:23:56 | INFO     | [SUCCESS] Day 17JAN
2026-01-18 00:23:56 | INFO     | [SUCCESS] LF Search Complete
2026-01-18 00:24:08 | INFO     | [Worker_9227] Completed: CAI-AHB - 7 results, 0 errors
2026-01-18 00:53:46 | INFO     | [Worker_9227] Shutdown signal received, exiting...
2026-01-18 00:53:46 | INFO     | [Worker_9227] Finished. Processed 68 groups.
