2026-01-17 23:57:11 | INFO     | ======================================================================
2026-01-17 23:57:11 | INFO     | Load Factor Scraper Started - Route: CAI-RUH
2026-01-17 23:57:11 | INFO     | Log file: D:\CODERED\LAB\Artifacts\outputs\run_generated_170126_at_23.33_RETRY\logs\LF_CAI-RUH_20260117_235711.log
2026-01-17 23:57:11 | INFO     | Enhanced logging: Capturing both logging.info() and print()
2026-01-17 23:57:11 | INFO     | ======================================================================
2026-01-17 23:57:11 | INFO     | Starting LF search for route: CAI-RUH
2026-01-17 23:57:11 | INFO     | [START] LF Search
2026-01-17 23:57:11 | INFO     | [HEALTH CHECK] [OK] Chrome connection is healthy
2026-01-17 23:57:11 | INFO     | [DAY_START] Processing 07MAR
2026-01-17 23:57:11 | INFO     | [lf.day.start] Processing CAI-RUH for 07MAR
2026-01-17 23:57:12 | INFO     | [lf.day.flights_found] Found 1 flights on 07MAR
2026-01-17 23:57:14 | INFO     | [lf.flight.extracted] SM461 on 07MAR: BKG=2, LF=1.1%
2026-01-17 23:57:17 | INFO     | [SUCCESS] Day 07MAR
2026-01-17 23:57:17 | INFO     | [DAY_START] Processing 06MAR
2026-01-17 23:57:17 | INFO     | [lf.day.start] Processing CAI-RUH for 06MAR
2026-01-17 23:57:18 | INFO     | [lf.day.flights_found] Found 2 flights on 06MAR
2026-01-17 23:57:20 | INFO     | [lf.flight.extracted] SM461 on 06MAR: BKG=1, LF=0.6%
2026-01-17 23:57:23 | INFO     | [lf.flight.extracted] SM469 on 06MAR: BKG=2, LF=1.1%
2026-01-17 23:57:26 | INFO     | [SUCCESS] Day 06MAR
2026-01-17 23:57:26 | INFO     | [DAY_START] Processing 05MAR
2026-01-17 23:57:26 | INFO     | [lf.day.start] Processing CAI-RUH for 05MAR
2026-01-17 23:57:27 | INFO     | [lf.day.flights_found] Found 1 flights on 05MAR
2026-01-17 23:57:29 | INFO     | [lf.flight.extracted] SM461 on 05MAR: BKG=5, LF=2.8%
2026-01-17 23:57:32 | INFO     | [SUCCESS] Day 05MAR
2026-01-17 23:57:32 | INFO     | [DAY_START] Processing 04MAR
2026-01-17 23:57:32 | INFO     | [lf.day.start] Processing CAI-RUH for 04MAR
2026-01-17 23:57:33 | INFO     | [lf.day.flights_found] Found 2 flights on 04MAR
2026-01-17 23:57:35 | INFO     | [lf.flight.extracted] SM461 on 04MAR: BKG=6, LF=3.4%
2026-01-17 23:57:38 | INFO     | [lf.flight.extracted] SM469 on 04MAR: BKG=7, LF=3.9%
2026-01-17 23:57:41 | INFO     | [SUCCESS] Day 04MAR
2026-01-17 23:57:41 | INFO     | [DAY_START] Processing 03MAR
2026-01-17 23:57:41 | INFO     | [lf.day.start] Processing CAI-RUH for 03MAR
2026-01-17 23:57:42 | INFO     | [lf.day.flights_found] Found 1 flights on 03MAR
2026-01-17 23:57:44 | INFO     | [lf.flight.extracted] SM469 on 03MAR: BKG=3, LF=1.7%
2026-01-17 23:57:46 | INFO     | [SUCCESS] Day 03MAR
2026-01-17 23:57:46 | INFO     | [DAY_START] Processing 02MAR
2026-01-17 23:57:46 | INFO     | [lf.day.start] Processing CAI-RUH for 02MAR
2026-01-17 23:57:47 | INFO     | [lf.day.flights_found] Found 1 flights on 02MAR
2026-01-17 23:57:49 | INFO     | [lf.flight.extracted] SM469 on 02MAR: BKG=8, LF=4.5%
2026-01-17 23:57:52 | INFO     | [SUCCESS] Day 02MAR
2026-01-17 23:57:52 | INFO     | [DAY_START] Processing 01MAR
2026-01-17 23:57:52 | INFO     | [lf.day.start] Processing CAI-RUH for 01MAR
2026-01-17 23:57:53 | INFO     | [lf.day.flights_found] Found 1 flights on 01MAR
2026-01-17 23:57:56 | INFO     | [lf.flight.extracted] SM461 on 01MAR: BKG=10, LF=5.6%
2026-01-17 23:57:59 | INFO     | [SUCCESS] Day 01MAR
2026-01-17 23:57:59 | INFO     | [DAY_START] Processing 28FEB
2026-01-17 23:57:59 | INFO     | [lf.day.start] Processing CAI-RUH for 28FEB
2026-01-17 23:58:00 | INFO     | [lf.day.flights_found] Found 1 flights on 28FEB
2026-01-17 23:58:02 | INFO     | [lf.flight.extracted] SM461 on 28FEB: BKG=14, LF=7.8%
2026-01-17 23:58:05 | INFO     | [SUCCESS] Day 28FEB
2026-01-17 23:58:05 | INFO     | [DAY_START] Processing 27FEB
2026-01-17 23:58:05 | INFO     | [lf.day.start] Processing CAI-RUH for 27FEB
2026-01-17 23:58:07 | INFO     | [lf.day.flights_found] Found 2 flights on 27FEB
2026-01-17 23:58:09 | INFO     | [lf.flight.extracted] SM461 on 27FEB: BKG=7, LF=3.9%
2026-01-17 23:58:13 | INFO     | [lf.flight.extracted] SM469 on 27FEB: BKG=17, LF=9.5%
2026-01-17 23:58:17 | INFO     | [SUCCESS] Day 27FEB
2026-01-17 23:58:17 | INFO     | [SUCCESS] LF Search Complete
2026-01-17 23:58:17 | INFO     | [Worker_9222] Completed: CAI-RUH - 9 results, 0 errors
2026-01-17 23:58:17 | INFO     | [Worker_9222] Processing: ATZ-ELQ
2026-01-17 23:58:17 | INFO     |   Tier 0: Range 2, Chunk 1/3 (9 days)
