2026-01-18 00:11:59 | INFO     | ======================================================================
2026-01-18 00:11:59 | INFO     | Load Factor Scraper Started - Route: CAI-JED
2026-01-18 00:11:59 | INFO     | Log file: D:\CODERED\LAB\Artifacts\outputs\run_generated_170126_at_23.33_RETRY\logs\LF_CAI-JED_20260118_001159.log
2026-01-18 00:11:59 | INFO     | Enhanced logging: Capturing both logging.info() and print()
2026-01-18 00:11:59 | INFO     | ======================================================================
2026-01-18 00:11:59 | INFO     | Starting LF search for route: CAI-JED
2026-01-18 00:11:59 | INFO     | [START] LF Search
2026-01-18 00:12:00 | INFO     | [HEALTH CHECK] [OK] Chrome connection is healthy
2026-01-18 00:12:00 | INFO     | [DAY_START] Processing 10FEB
2026-01-18 00:12:00 | INFO     | [lf.day.start] Processing CAI-JED for 10FEB
2026-01-18 00:12:01 | INFO     | [lf.day.flights_found] Found 7 flights on 10FEB
2026-01-18 00:12:03 | INFO     | [lf.flight.extracted] SM971 on 10FEB: BKG=180, LF=100.6%
2026-01-18 00:12:06 | INFO     | [lf.flight.extracted] SM2485 on 10FEB: BKG=175, LF=97.2%
2026-01-18 00:12:10 | INFO     | [lf.flight.extracted] SM477 on 10FEB: BKG=192, LF=107.3%
2026-01-18 00:12:13 | INFO     | [lf.flight.extracted] SM459 on 10FEB: BKG=191, LF=106.7%
2026-01-18 00:12:16 | INFO     | [lf.flight.extracted] SM2449 on 10FEB: BKG=0, LF=0.0%
2026-01-18 00:12:19 | INFO     | [lf.flight.extracted] SM423 on 10FEB: BKG=173, LF=96.7%
2026-01-18 00:12:23 | INFO     | [lf.flight.extracted] SM475 on 10FEB: BKG=175, LF=97.8%
2026-01-18 00:12:36 | INFO     | [SUCCESS] Day 10FEB
2026-01-18 00:12:36 | INFO     | [DAY_START] Processing 09FEB
2026-01-18 00:12:36 | INFO     | [lf.day.start] Processing CAI-JED for 09FEB
2026-01-18 00:12:53 | INFO     | [lf.day.flights_found] Found 4 flights on 09FEB
2026-01-18 00:12:55 | INFO     | [lf.flight.extracted] SM475 on 09FEB: BKG=193, LF=109.7%
2026-01-18 00:12:58 | INFO     | [lf.flight.extracted] SM983 on 09FEB: BKG=170, LF=95.0%
2026-01-18 00:13:01 | INFO     | [lf.flight.extracted] SM971 on 09FEB: BKG=170, LF=95.0%
2026-01-18 00:13:04 | INFO     | [lf.flight.extracted] SM459 on 09FEB: BKG=164, LF=91.6%
2026-01-18 00:13:13 | INFO     | [SUCCESS] Day 09FEB
2026-01-18 00:13:13 | INFO     | [DAY_START] Processing 08FEB
2026-01-18 00:13:13 | INFO     | [lf.day.start] Processing CAI-JED for 08FEB
2026-01-18 00:13:14 | INFO     | [lf.day.flights_found] Found 7 flights on 08FEB
2026-01-18 00:13:16 | INFO     | [lf.flight.extracted] SM475 on 08FEB: BKG=179, LF=100.0%
2026-01-18 00:13:19 | INFO     | [lf.flight.extracted] SM431 on 08FEB: BKG=184, LF=102.8%
2026-01-18 00:13:22 | INFO     | [lf.flight.extracted] SM947 on 08FEB: BKG=170, LF=95.0%
2026-01-18 00:13:26 | INFO     | [lf.flight.extracted] SM459 on 08FEB: BKG=182, LF=101.7%
2026-01-18 00:13:29 | INFO     | [lf.flight.extracted] SM477 on 08FEB: BKG=163, LF=91.1%
2026-01-18 00:13:32 | INFO     | [lf.flight.extracted] SM479 on 08FEB: BKG=182, LF=101.7%
2026-01-18 00:13:35 | INFO     | [lf.flight.extracted] SM951 on 08FEB: BKG=180, LF=100.6%
2026-01-18 00:13:47 | INFO     | [SUCCESS] Day 08FEB
2026-01-18 00:13:47 | INFO     | [DAY_START] Processing 07FEB
2026-01-18 00:13:47 | INFO     | [lf.day.start] Processing CAI-JED for 07FEB
2026-01-18 00:13:48 | INFO     | [lf.day.flights_found] Found 4 flights on 07FEB
2026-01-18 00:13:50 | INFO     | [lf.flight.extracted] SM449 on 07FEB: BKG=182, LF=103.4%
2026-01-18 00:13:54 | INFO     | [lf.flight.extracted] SM475 on 07FEB: BKG=161, LF=89.9%
2026-01-18 00:13:57 | INFO     | [lf.flight.extracted] SM477 on 07FEB: BKG=156, LF=87.2%
2026-01-18 00:14:01 | INFO     | [lf.flight.extracted] SM423 on 07FEB: BKG=153, LF=85.5%
2026-01-18 00:14:12 | INFO     | [SUCCESS] Day 07FEB
2026-01-18 00:14:12 | INFO     | [DAY_START] Processing 06FEB
2026-01-18 00:14:12 | INFO     | [lf.day.start] Processing CAI-JED for 06FEB
2026-01-18 00:14:13 | INFO     | [lf.day.flights_found] Found 5 flights on 06FEB
2026-01-18 00:14:15 | INFO     | [lf.flight.extracted] SM475 on 06FEB: BKG=173, LF=96.7%
2026-01-18 00:14:19 | INFO     | [lf.flight.extracted] SM477 on 06FEB: BKG=54, LF=30.2%
2026-01-18 00:14:23 | INFO     | [lf.flight.extracted] SM479 on 06FEB: BKG=96, LF=53.6%
2026-01-18 00:14:26 | INFO     | [lf.flight.extracted] SM471 on 06FEB: BKG=106, LF=59.2%
2026-01-18 00:14:29 | INFO     | [lf.flight.extracted] SM459 on 06FEB: BKG=105, LF=58.7%
2026-01-18 00:14:37 | INFO     | [SUCCESS] Day 06FEB
2026-01-18 00:14:37 | INFO     | [DAY_START] Processing 05FEB
2026-01-18 00:14:37 | INFO     | [lf.day.start] Processing CAI-JED for 05FEB
2026-01-18 00:14:38 | INFO     | [lf.day.flights_found] Found 7 flights on 05FEB
2026-01-18 00:14:40 | INFO     | [lf.flight.extracted] SM449 on 05FEB: BKG=110, LF=61.5%
2026-01-18 00:14:44 | INFO     | [lf.flight.extracted] SM475 on 05FEB: BKG=147, LF=82.1%
2026-01-18 00:14:47 | INFO     | [lf.flight.extracted] SM431 on 05FEB: BKG=100, LF=55.9%
2026-01-18 00:14:50 | INFO     | [lf.flight.extracted] SM961 on 05FEB: BKG=125, LF=71.0%
2026-01-18 00:14:53 | INFO     | [lf.flight.extracted] SM477 on 05FEB: BKG=115, LF=64.2%
2026-01-18 00:14:56 | INFO     | [lf.flight.extracted] SM479 on 05FEB: BKG=33, LF=18.4%
2026-01-18 00:15:05 | INFO     | [lf.flight.extracted] SM423 on 05FEB: BKG=116, LF=65.9%
2026-01-18 00:15:21 | INFO     | [SUCCESS] Day 05FEB
2026-01-18 00:15:21 | INFO     | [DAY_START] Processing 04FEB
2026-01-18 00:15:21 | INFO     | [lf.day.start] Processing CAI-JED for 04FEB
2026-01-18 00:15:22 | INFO     | [lf.day.flights_found] Found 5 flights on 04FEB
2026-01-18 00:15:25 | INFO     | [lf.flight.extracted] SM423 on 04FEB: BKG=109, LF=61.9%
2026-01-18 00:15:28 | INFO     | [lf.flight.extracted] SM475 on 04FEB: BKG=150, LF=83.8%
2026-01-18 00:15:31 | INFO     | [lf.flight.extracted] SM459 on 04FEB: BKG=105, LF=58.7%
2026-01-18 00:15:35 | INFO     | [lf.flight.extracted] SM477 on 04FEB: BKG=162, LF=90.5%
2026-01-18 00:15:38 | INFO     | [lf.flight.extracted] SM471 on 04FEB: BKG=108, LF=60.3%
2026-01-18 00:15:48 | INFO     | [SUCCESS] Day 04FEB
2026-01-18 00:15:48 | INFO     | [DAY_START] Processing 03FEB
2026-01-18 00:15:48 | INFO     | [lf.day.start] Processing CAI-JED for 03FEB
2026-01-18 00:15:49 | INFO     | [lf.day.flights_found] Found 7 flights on 03FEB
2026-01-18 00:15:51 | INFO     | [lf.flight.extracted] SM471 on 03FEB: BKG=113, LF=63.1%
2026-01-18 00:15:54 | INFO     | [lf.flight.extracted] SM953 on 03FEB: BKG=90, LF=50.3%
2026-01-18 00:15:57 | INFO     | [lf.flight.extracted] SM479 on 03FEB: BKG=24, LF=13.4%
2026-01-18 00:16:00 | INFO     | [lf.flight.extracted] SM477 on 03FEB: BKG=24, LF=13.4%
2026-01-18 00:16:04 | INFO     | [lf.flight.extracted] SM459 on 03FEB: BKG=26, LF=14.8%
2026-01-18 00:16:07 | INFO     | [lf.flight.extracted] SM423 on 03FEB: BKG=24, LF=13.4%
2026-01-18 00:16:10 | INFO     | [lf.flight.extracted] SM475 on 03FEB: BKG=102, LF=57.0%
2026-01-18 00:16:27 | INFO     | [SUCCESS] Day 03FEB
2026-01-18 00:16:27 | INFO     | [DAY_START] Processing 02FEB
2026-01-18 00:16:27 | INFO     | [lf.day.start] Processing CAI-JED for 02FEB
2026-01-18 00:16:28 | INFO     | [lf.day.flights_found] Found 3 flights on 02FEB
2026-01-18 00:16:30 | INFO     | [lf.flight.extracted] SM475 on 02FEB: BKG=15, LF=8.4%
2026-01-18 00:16:33 | INFO     | [lf.flight.extracted] SM477 on 02FEB: BKG=31, LF=17.3%
2026-01-18 00:16:37 | INFO     | [lf.flight.extracted] SM459 on 02FEB: BKG=27, LF=15.1%
2026-01-18 00:16:44 | INFO     | [SUCCESS] Day 02FEB
2026-01-18 00:16:44 | INFO     | [SUCCESS] LF Search Complete
2026-01-18 00:16:44 | INFO     | [Worker_9227] Completed: CAI-JED - 9 results, 0 errors
2026-01-18 00:16:44 | INFO     | [Worker_9227] Processing: AHB-ATZ
2026-01-18 00:16:44 | INFO     |   Tier 0: Range 1, Chunk 2/3 (8 days)
