2026-01-17 23:39:59 | INFO     | ======================================================================
2026-01-17 23:39:59 | INFO     | Load Factor Scraper Started - Route: CAI-MED
2026-01-17 23:39:59 | INFO     | Log file: D:\CODERED\LAB\Artifacts\outputs\run_generated_170126_at_23.33_RETRY\logs\LF_CAI-MED_20260117_233959.log
2026-01-17 23:39:59 | INFO     | Enhanced logging: Capturing both logging.info() and print()
2026-01-17 23:39:59 | INFO     | ======================================================================
2026-01-17 23:39:59 | INFO     | Starting LF search for route: CAI-MED
2026-01-17 23:39:59 | INFO     | [START] LF Search
2026-01-17 23:40:00 | INFO     | [HEALTH CHECK] [OK] Chrome connection is healthy
2026-01-17 23:40:00 | INFO     | [DAY_START] Processing 09APR
2026-01-17 23:40:00 | INFO     | [lf.day.start] Processing CAI-MED for 09APR
2026-01-17 23:40:01 | INFO     | [lf.day.flights_found] Found 1 flights on 09APR
2026-01-17 23:40:03 | INFO     | [lf.flight.extracted] SM493 on 09APR: BKG=3, LF=1.7%
2026-01-17 23:40:06 | INFO     | [SUCCESS] Day 09APR
2026-01-17 23:40:06 | INFO     | [DAY_START] Processing 08APR
2026-01-17 23:40:06 | INFO     | [lf.day.start] Processing CAI-MED for 08APR
2026-01-17 23:40:07 | INFO     | [lf.day.flights_found] Found 1 flights on 08APR
2026-01-17 23:40:09 | INFO     | [lf.flight.extracted] SM493 on 08APR: BKG=2, LF=1.1%
2026-01-17 23:40:12 | INFO     | [SUCCESS] Day 08APR
2026-01-17 23:40:12 | INFO     | [DAY_START] Processing 07APR
2026-01-17 23:40:12 | INFO     | [lf.day.start] Processing CAI-MED for 07APR
2026-01-17 23:40:13 | INFO     | [lf.day.flights_found] Found 1 flights on 07APR
2026-01-17 23:40:15 | INFO     | [lf.flight.extracted] SM493 on 07APR: BKG=2, LF=1.1%
2026-01-17 23:40:18 | INFO     | [SUCCESS] Day 07APR
2026-01-17 23:40:18 | INFO     | [DAY_START] Processing 06APR
2026-01-17 23:40:18 | INFO     | [lf.day.start] Processing CAI-MED for 06APR
2026-01-17 23:40:19 | WARNING  | [lf.day.no_flights] No direct flights on 06APR
2026-01-17 23:40:19 | INFO     | [SUCCESS] Day 06APR
2026-01-17 23:40:19 | INFO     | [DAY_START] Processing 05APR
2026-01-17 23:40:19 | INFO     | [lf.day.start] Processing CAI-MED for 05APR
2026-01-17 23:40:20 | INFO     | [lf.day.flights_found] Found 1 flights on 05APR
2026-01-17 23:40:22 | INFO     | [lf.flight.extracted] SM493 on 05APR: BKG=2, LF=1.1%
2026-01-17 23:40:24 | INFO     | [SUCCESS] Day 05APR
2026-01-17 23:40:24 | INFO     | [DAY_START] Processing 04APR
2026-01-17 23:40:24 | INFO     | [lf.day.start] Processing CAI-MED for 04APR
2026-01-17 23:40:25 | WARNING  | [lf.day.no_flights] No direct flights on 04APR
2026-01-17 23:40:26 | INFO     | [SUCCESS] Day 04APR
2026-01-17 23:40:26 | INFO     | [DAY_START] Processing 03APR
2026-01-17 23:40:26 | INFO     | [lf.day.start] Processing CAI-MED for 03APR
2026-01-17 23:40:27 | WARNING  | [lf.day.no_flights] No direct flights on 03APR
2026-01-17 23:40:27 | INFO     | [SUCCESS] Day 03APR
2026-01-17 23:40:27 | INFO     | [DAY_START] Processing 02APR
2026-01-17 23:40:27 | INFO     | [lf.day.start] Processing CAI-MED for 02APR
2026-01-17 23:40:28 | INFO     | [lf.day.flights_found] Found 1 flights on 02APR
2026-01-17 23:40:30 | INFO     | [lf.flight.extracted] SM493 on 02APR: BKG=3, LF=1.7%
2026-01-17 23:40:33 | INFO     | [SUCCESS] Day 02APR
2026-01-17 23:40:33 | INFO     | [SUCCESS] LF Search Complete
2026-01-17 23:40:47 | INFO     | [Worker_9226] Completed: CAI-MED - 8 results, 0 errors
2026-01-17 23:40:47 | INFO     | [Worker_9226] Processing: ATZ-DMM
2026-01-17 23:40:47 | INFO     |   Tier 0: Range 4, Chunk 3/3 (8 days)
