2026-01-17 23:53:15 | INFO     | ======================================================================
2026-01-17 23:53:15 | INFO     | Load Factor Scraper Started - Route: CAI-RUH
2026-01-17 23:53:15 | INFO     | Log file: D:\CODERED\LAB\Artifacts\outputs\run_generated_170126_at_23.33_RETRY\logs\LF_CAI-RUH_20260117_235315.log
2026-01-17 23:53:15 | INFO     | Enhanced logging: Capturing both logging.info() and print()
2026-01-17 23:53:15 | INFO     | ======================================================================
2026-01-17 23:53:15 | INFO     | Starting LF search for route: CAI-RUH
2026-01-17 23:53:15 | INFO     | [START] LF Search
2026-01-17 23:53:16 | INFO     | [HEALTH CHECK] [OK] Chrome connection is healthy
2026-01-17 23:53:16 | INFO     | [DAY_START] Processing 15MAR
2026-01-17 23:53:16 | INFO     | [lf.day.start] Processing CAI-RUH for 15MAR
2026-01-17 23:53:17 | INFO     | [lf.day.flights_found] Found 1 flights on 15MAR
2026-01-17 23:53:20 | INFO     | [lf.flight.extracted] SM461 on 15MAR: BKG=8, LF=4.5%
2026-01-17 23:53:22 | INFO     | [SUCCESS] Day 15MAR
2026-01-17 23:53:22 | INFO     | [DAY_START] Processing 14MAR
2026-01-17 23:53:22 | INFO     | [lf.day.start] Processing CAI-RUH for 14MAR
2026-01-17 23:53:23 | INFO     | [lf.day.flights_found] Found 1 flights on 14MAR
2026-01-17 23:53:25 | INFO     | [lf.flight.extracted] SM461 on 14MAR: BKG=1, LF=0.6%
2026-01-17 23:53:28 | INFO     | [SUCCESS] Day 14MAR
2026-01-17 23:53:28 | INFO     | [DAY_START] Processing 13MAR
2026-01-17 23:53:28 | INFO     | [lf.day.start] Processing CAI-RUH for 13MAR
2026-01-17 23:53:29 | INFO     | [lf.day.flights_found] Found 2 flights on 13MAR
2026-01-17 23:53:31 | INFO     | [lf.flight.extracted] SM461 on 13MAR: BKG=2, LF=1.1%
2026-01-17 23:53:34 | INFO     | [lf.flight.extracted] SM469 on 13MAR: BKG=8, LF=4.5%
2026-01-17 23:53:39 | INFO     | [SUCCESS] Day 13MAR
2026-01-17 23:53:39 | INFO     | [DAY_START] Processing 12MAR
2026-01-17 23:53:39 | INFO     | [lf.day.start] Processing CAI-RUH for 12MAR
2026-01-17 23:53:40 | INFO     | [lf.day.flights_found] Found 1 flights on 12MAR
2026-01-17 23:53:42 | INFO     | [lf.flight.extracted] SM461 on 12MAR: BKG=2, LF=1.1%
2026-01-17 23:53:45 | INFO     | [SUCCESS] Day 12MAR
2026-01-17 23:53:45 | INFO     | [DAY_START] Processing 11MAR
2026-01-17 23:53:45 | INFO     | [lf.day.start] Processing CAI-RUH for 11MAR
2026-01-17 23:53:46 | INFO     | [lf.day.flights_found] Found 2 flights on 11MAR
2026-01-17 23:53:48 | INFO     | [lf.flight.extracted] SM461 on 11MAR: BKG=2, LF=1.1%
2026-01-17 23:53:51 | INFO     | [lf.flight.extracted] SM469 on 11MAR: BKG=3, LF=1.7%
2026-01-17 23:53:56 | INFO     | [SUCCESS] Day 11MAR
2026-01-17 23:53:56 | INFO     | [DAY_START] Processing 10MAR
2026-01-17 23:53:56 | INFO     | [lf.day.start] Processing CAI-RUH for 10MAR
2026-01-17 23:53:57 | INFO     | [lf.day.flights_found] Found 1 flights on 10MAR
2026-01-17 23:53:59 | INFO     | [lf.flight.extracted] SM469 on 10MAR: BKG=4, LF=2.2%
2026-01-17 23:54:03 | INFO     | [SUCCESS] Day 10MAR
2026-01-17 23:54:03 | INFO     | [DAY_START] Processing 09MAR
2026-01-17 23:54:03 | INFO     | [lf.day.start] Processing CAI-RUH for 09MAR
2026-01-17 23:54:04 | INFO     | [lf.day.flights_found] Found 1 flights on 09MAR
2026-01-17 23:54:07 | INFO     | [lf.flight.extracted] SM469 on 09MAR: BKG=1, LF=0.6%
2026-01-17 23:54:11 | INFO     | [SUCCESS] Day 09MAR
2026-01-17 23:54:11 | INFO     | [DAY_START] Processing 08MAR
2026-01-17 23:54:11 | INFO     | [lf.day.start] Processing CAI-RUH for 08MAR
2026-01-17 23:54:12 | INFO     | [lf.day.flights_found] Found 1 flights on 08MAR
2026-01-17 23:54:15 | INFO     | [lf.flight.extracted] SM461 on 08MAR: BKG=5, LF=2.8%
2026-01-17 23:54:19 | INFO     | [SUCCESS] Day 08MAR
2026-01-17 23:54:19 | INFO     | [SUCCESS] LF Search Complete
2026-01-17 23:54:19 | INFO     | [Worker_9224] Completed: CAI-RUH - 8 results, 0 errors
2026-01-17 23:54:19 | INFO     | [Worker_9224] Processing: CAI-ELQ
2026-01-17 23:54:19 | INFO     |   Tier 0: Range 3, Chunk 3/3 (8 days)
