2026-01-17 23:34:55 | INFO     | ======================================================================
2026-01-17 23:34:55 | INFO     | Load Factor Scraper Started - Route: CAI-TUU
2026-01-17 23:34:55 | INFO     | Log file: D:\CODERED\LAB\Artifacts\outputs\run_generated_170126_at_23.33_RETRY\logs\LF_CAI-TUU_20260117_233455.log
2026-01-17 23:34:55 | INFO     | Enhanced logging: Capturing both logging.info() and print()
2026-01-17 23:34:55 | INFO     | ======================================================================
2026-01-17 23:34:55 | INFO     | Starting LF search for route: CAI-TUU
2026-01-17 23:34:55 | INFO     | [START] LF Search
2026-01-17 23:34:56 | INFO     | [HEALTH CHECK] [OK] Chrome connection is healthy
2026-01-17 23:34:56 | INFO     | [DAY_START] Processing 27APR
2026-01-17 23:34:56 | INFO     | [lf.day.start] Processing CAI-TUU for 27APR
2026-01-17 23:34:57 | WARNING  | [lf.day.no_flights] No direct flights on 27APR
2026-01-17 23:34:57 | INFO     | [SUCCESS] Day 27APR
2026-01-17 23:34:57 | INFO     | [DAY_START] Processing 26APR
2026-01-17 23:34:57 | INFO     | [lf.day.start] Processing CAI-TUU for 26APR
2026-01-17 23:34:58 | WARNING  | [lf.day.no_flights] No direct flights on 26APR
2026-01-17 23:34:58 | INFO     | [SUCCESS] Day 26APR
2026-01-17 23:34:58 | INFO     | [DAY_START] Processing 25APR
2026-01-17 23:34:58 | INFO     | [lf.day.start] Processing CAI-TUU for 25APR
2026-01-17 23:34:59 | INFO     | [lf.day.flights_found] Found 1 flights on 25APR
2026-01-17 23:35:01 | INFO     | [lf.flight.extracted] SM325 on 25APR: BKG=0, LF=0.0%
2026-01-17 23:35:02 | INFO     | [SUCCESS] Day 25APR
2026-01-17 23:35:02 | INFO     | [DAY_START] Processing 24APR
2026-01-17 23:35:02 | INFO     | [lf.day.start] Processing CAI-TUU for 24APR
2026-01-17 23:35:03 | INFO     | [lf.day.flights_found] Found 1 flights on 24APR
2026-01-17 23:35:05 | INFO     | [lf.flight.extracted] SM325 on 24APR: BKG=2, LF=1.1%
2026-01-17 23:35:08 | INFO     | [SUCCESS] Day 24APR
2026-01-17 23:35:08 | INFO     | [DAY_START] Processing 23APR
2026-01-17 23:35:08 | INFO     | [lf.day.start] Processing CAI-TUU for 23APR
2026-01-17 23:35:09 | INFO     | [lf.day.flights_found] Found 1 flights on 23APR
2026-01-17 23:35:10 | INFO     | [lf.flight.extracted] SM325 on 23APR: BKG=0, LF=0.0%
2026-01-17 23:35:12 | INFO     | [SUCCESS] Day 23APR
2026-01-17 23:35:12 | INFO     | [DAY_START] Processing 22APR
2026-01-17 23:35:12 | INFO     | [lf.day.start] Processing CAI-TUU for 22APR
2026-01-17 23:35:13 | WARNING  | [lf.day.no_flights] No direct flights on 22APR
2026-01-17 23:35:13 | INFO     | [SUCCESS] Day 22APR
2026-01-17 23:35:13 | INFO     | [DAY_START] Processing 21APR
2026-01-17 23:35:13 | INFO     | [lf.day.start] Processing CAI-TUU for 21APR
2026-01-17 23:35:14 | INFO     | [lf.day.flights_found] Found 1 flights on 21APR
2026-01-17 23:35:16 | INFO     | [lf.flight.extracted] SM325 on 21APR: BKG=0, LF=0.0%
2026-01-17 23:35:17 | INFO     | [SUCCESS] Day 21APR
2026-01-17 23:35:17 | INFO     | [DAY_START] Processing 20APR
2026-01-17 23:35:17 | INFO     | [lf.day.start] Processing CAI-TUU for 20APR
2026-01-17 23:35:18 | WARNING  | [lf.day.no_flights] No direct flights on 20APR
2026-01-17 23:35:18 | INFO     | [SUCCESS] Day 20APR
2026-01-17 23:35:18 | INFO     | [DAY_START] Processing 19APR
2026-01-17 23:35:18 | INFO     | [lf.day.start] Processing CAI-TUU for 19APR
2026-01-17 23:35:19 | WARNING  | [lf.day.no_flights] No direct flights on 19APR
2026-01-17 23:35:19 | INFO     | [SUCCESS] Day 19APR
2026-01-17 23:35:19 | INFO     | [SUCCESS] LF Search Complete
2026-01-17 23:35:19 | INFO     | [Worker_9233] Completed: CAI-TUU - 9 results, 0 errors
2026-01-17 23:35:19 | INFO     | [Worker_9233] Processing: ATZ-ELQ
2026-01-17 23:35:19 | INFO     |   Tier 0: Range 4, Chunk 1/3 (9 days)
