2026-01-17 23:36:49 | INFO     | ======================================================================
2026-01-17 23:36:49 | INFO     | Load Factor Scraper Started - Route: CAI-JED
2026-01-17 23:36:49 | INFO     | Log file: D:\CODERED\LAB\Artifacts\outputs\run_generated_170126_at_23.33_RETRY\logs\LF_CAI-JED_20260117_233649.log
2026-01-17 23:36:49 | INFO     | Enhanced logging: Capturing both logging.info() and print()
2026-01-17 23:36:49 | INFO     | ======================================================================
2026-01-17 23:36:49 | INFO     | Starting LF search for route: CAI-JED
2026-01-17 23:36:49 | INFO     | [START] LF Search
2026-01-17 23:36:50 | INFO     | [HEALTH CHECK] [OK] Chrome connection is healthy
2026-01-17 23:36:50 | INFO     | [DAY_START] Processing 18APR
2026-01-17 23:36:50 | INFO     | [lf.day.start] Processing CAI-JED for 18APR
2026-01-17 23:36:51 | INFO     | [lf.day.flights_found] Found 2 flights on 18APR
2026-01-17 23:36:53 | INFO     | [lf.flight.extracted] SM477 on 18APR: BKG=9, LF=5.0%
2026-01-17 23:36:56 | INFO     | [lf.flight.extracted] SM475 on 18APR: BKG=13, LF=7.3%
2026-01-17 23:37:00 | INFO     | [SUCCESS] Day 18APR
2026-01-17 23:37:00 | INFO     | [DAY_START] Processing 17APR
2026-01-17 23:37:00 | INFO     | [lf.day.start] Processing CAI-JED for 17APR
2026-01-17 23:37:01 | INFO     | [lf.day.flights_found] Found 3 flights on 17APR
2026-01-17 23:37:03 | INFO     | [lf.flight.extracted] SM477 on 17APR: BKG=2, LF=1.1%
2026-01-17 23:37:06 | INFO     | [lf.flight.extracted] SM475 on 17APR: BKG=2, LF=1.1%
2026-01-17 23:37:09 | INFO     | [lf.flight.extracted] SM479 on 17APR: BKG=16, LF=8.9%
2026-01-17 23:37:14 | INFO     | [SUCCESS] Day 17APR
2026-01-17 23:37:14 | INFO     | [DAY_START] Processing 16APR
2026-01-17 23:37:14 | INFO     | [lf.day.start] Processing CAI-JED for 16APR
2026-01-17 23:37:15 | INFO     | [lf.day.flights_found] Found 3 flights on 16APR
2026-01-17 23:37:17 | INFO     | [lf.flight.extracted] SM477 on 16APR: BKG=3, LF=1.7%
2026-01-17 23:37:20 | INFO     | [lf.flight.extracted] SM475 on 16APR: BKG=4, LF=2.2%
2026-01-17 23:37:24 | INFO     | [lf.flight.extracted] SM459 on 16APR: BKG=5, LF=2.8%
2026-01-17 23:37:29 | INFO     | [SUCCESS] Day 16APR
2026-01-17 23:37:29 | INFO     | [DAY_START] Processing 15APR
2026-01-17 23:37:29 | INFO     | [lf.day.start] Processing CAI-JED for 15APR
2026-01-17 23:37:30 | INFO     | [lf.day.flights_found] Found 2 flights on 15APR
2026-01-17 23:37:32 | INFO     | [lf.flight.extracted] SM477 on 15APR: BKG=5, LF=2.8%
2026-01-17 23:37:36 | INFO     | [lf.flight.extracted] SM475 on 15APR: BKG=6, LF=3.4%
2026-01-17 23:37:39 | INFO     | [SUCCESS] Day 15APR
2026-01-17 23:37:39 | INFO     | [DAY_START] Processing 14APR
2026-01-17 23:37:39 | INFO     | [lf.day.start] Processing CAI-JED for 14APR
2026-01-17 23:37:40 | INFO     | [lf.day.flights_found] Found 3 flights on 14APR
2026-01-17 23:37:43 | INFO     | [lf.flight.extracted] SM477 on 14APR: BKG=4, LF=2.2%
2026-01-17 23:37:46 | INFO     | [lf.flight.extracted] SM475 on 14APR: BKG=2, LF=1.1%
2026-01-17 23:37:49 | INFO     | [lf.flight.extracted] SM479 on 14APR: BKG=13, LF=7.3%
2026-01-17 23:37:54 | INFO     | [SUCCESS] Day 14APR
2026-01-17 23:37:54 | INFO     | [DAY_START] Processing 13APR
2026-01-17 23:37:54 | INFO     | [lf.day.start] Processing CAI-JED for 13APR
2026-01-17 23:37:55 | INFO     | [lf.day.flights_found] Found 3 flights on 13APR
2026-01-17 23:37:57 | INFO     | [lf.flight.extracted] SM477 on 13APR: BKG=2, LF=1.1%
2026-01-17 23:38:41 | INFO     | [lf.flight.extracted] SM475 on 13APR: BKG=2, LF=1.1%
2026-01-17 23:38:50 | INFO     | [lf.flight.extracted] SM479 on 13APR: BKG=6, LF=3.4%
2026-01-17 23:38:55 | INFO     | [SUCCESS] Day 13APR
2026-01-17 23:38:55 | INFO     | [DAY_START] Processing 12APR
2026-01-17 23:38:55 | INFO     | [lf.day.start] Processing CAI-JED for 12APR
2026-01-17 23:38:56 | INFO     | [lf.day.flights_found] Found 3 flights on 12APR
2026-01-17 23:38:59 | INFO     | [lf.flight.extracted] SM477 on 12APR: BKG=5, LF=2.8%
2026-01-17 23:39:02 | INFO     | [lf.flight.extracted] SM475 on 12APR: BKG=8, LF=4.5%
2026-01-17 23:39:05 | INFO     | [lf.flight.extracted] SM459 on 12APR: BKG=7, LF=3.9%
2026-01-17 23:39:11 | INFO     | [SUCCESS] Day 12APR
2026-01-17 23:39:11 | INFO     | [DAY_START] Processing 11APR
2026-01-17 23:39:11 | INFO     | [lf.day.start] Processing CAI-JED for 11APR
2026-01-17 23:39:12 | INFO     | [lf.day.flights_found] Found 2 flights on 11APR
2026-01-17 23:39:14 | INFO     | [lf.flight.extracted] SM477 on 11APR: BKG=7, LF=3.9%
2026-01-17 23:39:18 | INFO     | [lf.flight.extracted] SM475 on 11APR: BKG=15, LF=8.4%
2026-01-17 23:39:22 | INFO     | [SUCCESS] Day 11APR
2026-01-17 23:39:22 | INFO     | [DAY_START] Processing 10APR
2026-01-17 23:39:22 | INFO     | [lf.day.start] Processing CAI-JED for 10APR
2026-01-17 23:39:23 | INFO     | [lf.day.flights_found] Found 3 flights on 10APR
2026-01-17 23:39:25 | INFO     | [lf.flight.extracted] SM477 on 10APR: BKG=4, LF=2.2%
2026-01-17 23:39:28 | INFO     | [lf.flight.extracted] SM475 on 10APR: BKG=10, LF=5.6%
2026-01-17 23:39:31 | INFO     | [lf.flight.extracted] SM479 on 10APR: BKG=15, LF=8.4%
2026-01-17 23:39:37 | INFO     | [SUCCESS] Day 10APR
2026-01-17 23:39:37 | INFO     | [SUCCESS] LF Search Complete
2026-01-17 23:39:37 | INFO     | [Worker_9227] Completed: CAI-JED - 9 results, 0 errors
2026-01-17 23:39:37 | INFO     | [Worker_9227] Processing: AJF-CAI
2026-01-17 23:39:37 | INFO     |   Tier 0: Range 4, Chunk 3/3 (8 days)
