2026-01-17 23:45:58 | INFO     | ======================================================================
2026-01-17 23:45:58 | INFO     | Load Factor Scraper Started - Route: CAI-AHB
2026-01-17 23:45:58 | INFO     | Log file: D:\CODERED\LAB\Artifacts\outputs\run_generated_170126_at_23.33_RETRY\logs\LF_CAI-AHB_20260117_234558.log
2026-01-17 23:45:58 | INFO     | Enhanced logging: Capturing both logging.info() and print()
2026-01-17 23:45:58 | INFO     | ======================================================================
2026-01-17 23:45:58 | INFO     | Starting LF search for route: CAI-AHB
2026-01-17 23:45:58 | INFO     | [START] LF Search
2026-01-17 23:45:59 | INFO     | [HEALTH CHECK] [OK] Chrome connection is healthy
2026-01-17 23:45:59 | INFO     | [DAY_START] Processing 01APR
2026-01-17 23:45:59 | INFO     | [lf.day.start] Processing CAI-AHB for 01APR
2026-01-17 23:46:00 | INFO     | [lf.day.flights_found] Found 1 flights on 01APR
2026-01-17 23:46:02 | INFO     | [lf.flight.extracted] SM443 on 01APR: BKG=63, LF=35.2%
2026-01-17 23:46:06 | INFO     | [SUCCESS] Day 01APR
2026-01-17 23:46:06 | INFO     | [DAY_START] Processing 31MAR
2026-01-17 23:46:06 | INFO     | [lf.day.start] Processing CAI-AHB for 31MAR
2026-01-17 23:46:07 | WARNING  | [lf.day.no_flights] No direct flights on 31MAR
2026-01-17 23:46:07 | INFO     | [SUCCESS] Day 31MAR
2026-01-17 23:46:07 | INFO     | [DAY_START] Processing 30MAR
2026-01-17 23:46:07 | INFO     | [lf.day.start] Processing CAI-AHB for 30MAR
2026-01-17 23:46:08 | INFO     | [lf.day.flights_found] Found 1 flights on 30MAR
2026-01-17 23:46:10 | INFO     | [lf.flight.extracted] SM443 on 30MAR: BKG=1, LF=0.6%
2026-01-17 23:46:13 | INFO     | [SUCCESS] Day 30MAR
2026-01-17 23:46:13 | INFO     | [DAY_START] Processing 29MAR
2026-01-17 23:46:13 | INFO     | [lf.day.start] Processing CAI-AHB for 29MAR
2026-01-17 23:46:24 | WARNING  | [lf.day.no_flights] No direct flights on 29MAR
2026-01-17 23:46:24 | INFO     | [SUCCESS] Day 29MAR
2026-01-17 23:46:24 | INFO     | [DAY_START] Processing 28MAR
2026-01-17 23:46:24 | INFO     | [lf.day.start] Processing CAI-AHB for 28MAR
2026-01-17 23:46:25 | INFO     | [lf.day.flights_found] Found 1 flights on 28MAR
2026-01-17 23:46:27 | INFO     | [lf.flight.extracted] SM443 on 28MAR: BKG=52, LF=29.0%
2026-01-17 23:46:32 | INFO     | [SUCCESS] Day 28MAR
2026-01-17 23:46:32 | INFO     | [DAY_START] Processing 27MAR
2026-01-17 23:46:32 | INFO     | [lf.day.start] Processing CAI-AHB for 27MAR
2026-01-17 23:46:33 | WARNING  | [lf.day.no_flights] No direct flights on 27MAR
2026-01-17 23:46:33 | INFO     | [SUCCESS] Day 27MAR
2026-01-17 23:46:33 | INFO     | [DAY_START] Processing 26MAR
2026-01-17 23:46:33 | INFO     | [lf.day.start] Processing CAI-AHB for 26MAR
2026-01-17 23:46:34 | INFO     | [lf.day.flights_found] Found 1 flights on 26MAR
2026-01-17 23:46:36 | INFO     | [lf.flight.extracted] SM443 on 26MAR: BKG=20, LF=11.2%
2026-01-17 23:46:39 | INFO     | [SUCCESS] Day 26MAR
2026-01-17 23:46:39 | INFO     | [DAY_START] Processing 25MAR
2026-01-17 23:46:39 | INFO     | [lf.day.start] Processing CAI-AHB for 25MAR
2026-01-17 23:46:40 | INFO     | [lf.day.flights_found] Found 1 flights on 25MAR
2026-01-17 23:46:43 | INFO     | [lf.flight.extracted] SM447 on 25MAR: BKG=10, LF=5.6%
2026-01-17 23:46:45 | INFO     | [SUCCESS] Day 25MAR
2026-01-17 23:46:45 | INFO     | [DAY_START] Processing 24MAR
2026-01-17 23:46:45 | INFO     | [lf.day.start] Processing CAI-AHB for 24MAR
2026-01-17 23:46:47 | WARNING  | [lf.day.no_flights] No direct flights on 24MAR
2026-01-17 23:46:47 | INFO     | [SUCCESS] Day 24MAR
2026-01-17 23:46:47 | INFO     | [SUCCESS] LF Search Complete
2026-01-17 23:46:47 | INFO     | [Worker_9227] Completed: CAI-AHB - 9 results, 0 errors
2026-01-17 23:46:47 | INFO     | [Worker_9227] Processing: MED-ATZ
2026-01-17 23:46:47 | INFO     |   Tier 0: Range 3, Chunk 2/3 (8 days)
