2026-01-18 00:18:38 | INFO     | ======================================================================
2026-01-18 00:18:38 | INFO     | Load Factor Scraper Started - Route: CAI-AJF
2026-01-18 00:18:38 | INFO     | Log file: D:\CODERED\LAB\Artifacts\outputs\run_generated_170126_at_23.33_RETRY\logs\LF_CAI-AJF_20260118_001838.log
2026-01-18 00:18:38 | INFO     | Enhanced logging: Capturing both logging.info() and print()
2026-01-18 00:18:38 | INFO     | ======================================================================
2026-01-18 00:18:38 | INFO     | Starting LF search for route: CAI-AJF
2026-01-18 00:18:38 | INFO     | [START] LF Search
2026-01-18 00:18:39 | INFO     | [HEALTH CHECK] [OK] Chrome connection is healthy
2026-01-18 00:18:39 | INFO     | [DAY_START] Processing 01FEB
2026-01-18 00:18:39 | INFO     | [lf.day.start] Processing CAI-AJF for 01FEB
2026-01-18 00:18:41 | WARNING  | [lf.day.no_flights] No direct flights on 01FEB
2026-01-18 00:18:41 | INFO     | [SUCCESS] Day 01FEB
2026-01-18 00:18:41 | INFO     | [DAY_START] Processing 31JAN
2026-01-18 00:18:41 | INFO     | [lf.day.start] Processing CAI-AJF for 31JAN
2026-01-18 00:18:42 | INFO     | [lf.day.flights_found] Found 1 flights on 31JAN
2026-01-18 00:18:44 | INFO     | [lf.flight.extracted] SM321 on 31JAN: BKG=40, LF=22.4%
2026-01-18 00:18:47 | INFO     | [SUCCESS] Day 31JAN
2026-01-18 00:18:47 | INFO     | [DAY_START] Processing 30JAN
2026-01-18 00:18:47 | INFO     | [lf.day.start] Processing CAI-AJF for 30JAN
2026-01-18 00:18:48 | WARNING  | [lf.day.no_flights] No direct flights on 30JAN
2026-01-18 00:18:48 | INFO     | [SUCCESS] Day 30JAN
2026-01-18 00:18:48 | INFO     | [DAY_START] Processing 29JAN
2026-01-18 00:18:48 | INFO     | [lf.day.start] Processing CAI-AJF for 29JAN
2026-01-18 00:18:49 | INFO     | [lf.day.flights_found] Found 1 flights on 29JAN
2026-01-18 00:18:52 | INFO     | [lf.flight.extracted] SM321 on 29JAN: BKG=50, LF=27.9%
2026-01-18 00:18:56 | INFO     | [SUCCESS] Day 29JAN
2026-01-18 00:18:56 | INFO     | [DAY_START] Processing 28JAN
2026-01-18 00:18:56 | INFO     | [lf.day.start] Processing CAI-AJF for 28JAN
2026-01-18 00:18:57 | WARNING  | [lf.day.no_flights] No direct flights on 28JAN
2026-01-18 00:18:57 | INFO     | [SUCCESS] Day 28JAN
2026-01-18 00:18:57 | INFO     | [DAY_START] Processing 27JAN
2026-01-18 00:18:57 | INFO     | [lf.day.start] Processing CAI-AJF for 27JAN
2026-01-18 00:18:58 | INFO     | [lf.day.flights_found] Found 1 flights on 27JAN
2026-01-18 00:19:00 | INFO     | [lf.flight.extracted] SM321 on 27JAN: BKG=47, LF=26.3%
2026-01-18 00:19:04 | INFO     | [SUCCESS] Day 27JAN
2026-01-18 00:19:04 | INFO     | [DAY_START] Processing 26JAN
2026-01-18 00:19:04 | INFO     | [lf.day.start] Processing CAI-AJF for 26JAN
2026-01-18 00:19:05 | WARNING  | [lf.day.no_flights] No direct flights on 26JAN
2026-01-18 00:19:05 | INFO     | [SUCCESS] Day 26JAN
2026-01-18 00:19:05 | INFO     | [DAY_START] Processing 25JAN
2026-01-18 00:19:05 | INFO     | [lf.day.start] Processing CAI-AJF for 25JAN
2026-01-18 00:19:06 | WARNING  | [lf.day.no_flights] No direct flights on 25JAN
2026-01-18 00:19:06 | INFO     | [SUCCESS] Day 25JAN
2026-01-18 00:19:06 | INFO     | [SUCCESS] LF Search Complete
2026-01-18 00:19:06 | INFO     | [Worker_9223] Completed: CAI-AJF - 8 results, 0 errors
2026-01-18 00:19:06 | INFO     | [Worker_9223] Processing: CAI-ELQ
2026-01-18 00:19:06 | INFO     |   Tier 0: Range 1, Chunk 2/3 (8 days)
