2026-01-18 00:12:36 | INFO     | ======================================================================
2026-01-18 00:12:36 | INFO     | Load Factor Scraper Started - Route: CAI-RUH
2026-01-18 00:12:36 | INFO     | Log file: D:\CODERED\LAB\Artifacts\outputs\run_generated_170126_at_23.33_RETRY\logs\LF_CAI-RUH_20260118_001236.log
2026-01-18 00:12:36 | INFO     | Enhanced logging: Capturing both logging.info() and print()
2026-01-18 00:12:36 | INFO     | ======================================================================
2026-01-18 00:12:36 | INFO     | Starting LF search for route: CAI-RUH
2026-01-18 00:12:36 | INFO     | [START] LF Search
2026-01-18 00:12:37 | INFO     | [HEALTH CHECK] [OK] Chrome connection is healthy
2026-01-18 00:12:37 | INFO     | [DAY_START] Processing 10FEB
2026-01-18 00:12:37 | INFO     | [lf.day.start] Processing CAI-RUH for 10FEB
2026-01-18 00:12:38 | INFO     | [lf.day.flights_found] Found 1 flights on 10FEB
2026-01-18 00:12:40 | INFO     | [lf.flight.extracted] SM469 on 10FEB: BKG=8, LF=4.5%
2026-01-18 00:12:42 | INFO     | [SUCCESS] Day 10FEB
2026-01-18 00:12:42 | INFO     | [DAY_START] Processing 09FEB
2026-01-18 00:12:42 | INFO     | [lf.day.start] Processing CAI-RUH for 09FEB
2026-01-18 00:12:43 | INFO     | [lf.day.flights_found] Found 1 flights on 09FEB
2026-01-18 00:12:45 | INFO     | [lf.flight.extracted] SM469 on 09FEB: BKG=13, LF=7.3%
2026-01-18 00:12:48 | INFO     | [SUCCESS] Day 09FEB
2026-01-18 00:12:48 | INFO     | [DAY_START] Processing 08FEB
2026-01-18 00:12:48 | INFO     | [lf.day.start] Processing CAI-RUH for 08FEB
2026-01-18 00:12:49 | INFO     | [lf.day.flights_found] Found 1 flights on 08FEB
2026-01-18 00:12:51 | INFO     | [lf.flight.extracted] SM461 on 08FEB: BKG=12, LF=6.7%
2026-01-18 00:12:54 | INFO     | [SUCCESS] Day 08FEB
2026-01-18 00:12:54 | INFO     | [DAY_START] Processing 07FEB
2026-01-18 00:12:54 | INFO     | [lf.day.start] Processing CAI-RUH for 07FEB
2026-01-18 00:12:55 | INFO     | [lf.day.flights_found] Found 1 flights on 07FEB
2026-01-18 00:12:57 | INFO     | [lf.flight.extracted] SM461 on 07FEB: BKG=22, LF=12.3%
2026-01-18 00:13:00 | INFO     | [SUCCESS] Day 07FEB
2026-01-18 00:13:00 | INFO     | [DAY_START] Processing 06FEB
2026-01-18 00:13:00 | INFO     | [lf.day.start] Processing CAI-RUH for 06FEB
2026-01-18 00:13:01 | INFO     | [lf.day.flights_found] Found 2 flights on 06FEB
2026-01-18 00:13:03 | INFO     | [lf.flight.extracted] SM461 on 06FEB: BKG=20, LF=11.2%
2026-01-18 00:13:06 | INFO     | [lf.flight.extracted] SM469 on 06FEB: BKG=22, LF=12.3%
2026-01-18 00:13:12 | INFO     | [SUCCESS] Day 06FEB
2026-01-18 00:13:12 | INFO     | [DAY_START] Processing 05FEB
2026-01-18 00:13:12 | INFO     | [lf.day.start] Processing CAI-RUH for 05FEB
2026-01-18 00:13:13 | INFO     | [lf.day.flights_found] Found 1 flights on 05FEB
2026-01-18 00:13:15 | INFO     | [lf.flight.extracted] SM461 on 05FEB: BKG=34, LF=19.0%
2026-01-18 00:13:18 | INFO     | [SUCCESS] Day 05FEB
2026-01-18 00:13:18 | INFO     | [DAY_START] Processing 04FEB
2026-01-18 00:13:18 | INFO     | [lf.day.start] Processing CAI-RUH for 04FEB
2026-01-18 00:13:19 | INFO     | [lf.day.flights_found] Found 2 flights on 04FEB
2026-01-18 00:13:21 | INFO     | [lf.flight.extracted] SM461 on 04FEB: BKG=15, LF=8.4%
2026-01-18 00:13:24 | INFO     | [lf.flight.extracted] SM469 on 04FEB: BKG=17, LF=9.5%
2026-01-18 00:13:30 | INFO     | [SUCCESS] Day 04FEB
2026-01-18 00:13:30 | INFO     | [DAY_START] Processing 03FEB
2026-01-18 00:13:30 | INFO     | [lf.day.start] Processing CAI-RUH for 03FEB
2026-01-18 00:13:31 | INFO     | [lf.day.flights_found] Found 1 flights on 03FEB
2026-01-18 00:13:33 | INFO     | [lf.flight.extracted] SM469 on 03FEB: BKG=26, LF=14.5%
2026-01-18 00:13:36 | INFO     | [SUCCESS] Day 03FEB
2026-01-18 00:13:36 | INFO     | [DAY_START] Processing 02FEB
2026-01-18 00:13:36 | INFO     | [lf.day.start] Processing CAI-RUH for 02FEB
2026-01-18 00:13:37 | INFO     | [lf.day.flights_found] Found 1 flights on 02FEB
2026-01-18 00:13:39 | INFO     | [lf.flight.extracted] SM469 on 02FEB: BKG=37, LF=20.7%
2026-01-18 00:13:42 | INFO     | [SUCCESS] Day 02FEB
2026-01-18 00:13:42 | INFO     | [SUCCESS] LF Search Complete
2026-01-18 00:13:55 | INFO     | [Worker_9222] Completed: CAI-RUH - 9 results, 0 errors
2026-01-18 00:13:55 | INFO     | [Worker_9222] Processing: ATZ-ELQ
2026-01-18 00:13:55 | INFO     |   Tier 0: Range 1, Chunk 1/3 (9 days)
