2026-01-17 23:35:06 | INFO     | ======================================================================
2026-01-17 23:35:06 | INFO     | Load Factor Scraper Started - Route: CAI-YNB
2026-01-17 23:35:06 | INFO     | Log file: D:\CODERED\LAB\Artifacts\outputs\run_generated_170126_at_23.33_RETRY\logs\LF_CAI-YNB_20260117_233506.log
2026-01-17 23:35:06 | INFO     | Enhanced logging: Capturing both logging.info() and print()
2026-01-17 23:35:06 | INFO     | ======================================================================
2026-01-17 23:35:06 | INFO     | Starting LF search for route: CAI-YNB
2026-01-17 23:35:06 | INFO     | [START] LF Search
2026-01-17 23:35:07 | INFO     | [HEALTH CHECK] [OK] Chrome connection is healthy
2026-01-17 23:35:07 | INFO     | [DAY_START] Processing 27APR
2026-01-17 23:35:07 | INFO     | [lf.day.start] Processing CAI-YNB for 27APR
2026-01-17 23:35:08 | INFO     | [lf.day.flights_found] Found 1 flights on 27APR
2026-01-17 23:35:10 | INFO     | [lf.flight.extracted] SM441 on 27APR: BKG=1, LF=0.6%
2026-01-17 23:35:12 | INFO     | [SUCCESS] Day 27APR
2026-01-17 23:35:12 | INFO     | [DAY_START] Processing 26APR
2026-01-17 23:35:12 | INFO     | [lf.day.start] Processing CAI-YNB for 26APR
2026-01-17 23:35:13 | INFO     | [lf.day.flights_found] Found 1 flights on 26APR
2026-01-17 23:35:15 | INFO     | [lf.flight.extracted] SM441 on 26APR: BKG=0, LF=0.0%
2026-01-17 23:35:16 | INFO     | [SUCCESS] Day 26APR
2026-01-17 23:35:16 | INFO     | [DAY_START] Processing 25APR
2026-01-17 23:35:16 | INFO     | [lf.day.start] Processing CAI-YNB for 25APR
2026-01-17 23:35:17 | INFO     | [lf.day.flights_found] Found 1 flights on 25APR
2026-01-17 23:35:19 | INFO     | [lf.flight.extracted] SM447 on 25APR: BKG=1, LF=0.6%
2026-01-17 23:35:21 | INFO     | [SUCCESS] Day 25APR
2026-01-17 23:35:21 | INFO     | [DAY_START] Processing 24APR
2026-01-17 23:35:21 | INFO     | [lf.day.start] Processing CAI-YNB for 24APR
2026-01-17 23:35:22 | INFO     | [lf.day.flights_found] Found 1 flights on 24APR
2026-01-17 23:35:24 | INFO     | [lf.flight.extracted] SM441 on 24APR: BKG=3, LF=1.7%
2026-01-17 23:35:27 | INFO     | [SUCCESS] Day 24APR
2026-01-17 23:35:27 | INFO     | [DAY_START] Processing 23APR
2026-01-17 23:35:27 | INFO     | [lf.day.start] Processing CAI-YNB for 23APR
2026-01-17 23:35:28 | INFO     | [lf.day.flights_found] Found 1 flights on 23APR
2026-01-17 23:35:30 | INFO     | [lf.flight.extracted] SM441 on 23APR: BKG=4, LF=2.2%
2026-01-17 23:35:32 | INFO     | [SUCCESS] Day 23APR
2026-01-17 23:35:32 | INFO     | [DAY_START] Processing 22APR
2026-01-17 23:35:32 | INFO     | [lf.day.start] Processing CAI-YNB for 22APR
2026-01-17 23:35:33 | INFO     | [lf.day.flights_found] Found 1 flights on 22APR
2026-01-17 23:35:35 | INFO     | [lf.flight.extracted] SM441 on 22APR: BKG=6, LF=3.4%
2026-01-17 23:35:37 | INFO     | [SUCCESS] Day 22APR
2026-01-17 23:35:37 | INFO     | [DAY_START] Processing 21APR
2026-01-17 23:35:37 | INFO     | [lf.day.start] Processing CAI-YNB for 21APR
2026-01-17 23:35:38 | INFO     | [lf.day.flights_found] Found 1 flights on 21APR
2026-01-17 23:35:40 | INFO     | [lf.flight.extracted] SM441 on 21APR: BKG=10, LF=5.6%
2026-01-17 23:35:43 | INFO     | [SUCCESS] Day 21APR
2026-01-17 23:35:43 | INFO     | [DAY_START] Processing 20APR
2026-01-17 23:35:43 | INFO     | [lf.day.start] Processing CAI-YNB for 20APR
2026-01-17 23:35:44 | INFO     | [lf.day.flights_found] Found 1 flights on 20APR
2026-01-17 23:35:45 | INFO     | [lf.flight.extracted] SM441 on 20APR: BKG=2, LF=1.1%
2026-01-17 23:35:48 | INFO     | [SUCCESS] Day 20APR
2026-01-17 23:35:48 | INFO     | [DAY_START] Processing 19APR
2026-01-17 23:35:48 | INFO     | [lf.day.start] Processing CAI-YNB for 19APR
2026-01-17 23:35:49 | INFO     | [lf.day.flights_found] Found 1 flights on 19APR
2026-01-17 23:35:51 | INFO     | [lf.flight.extracted] SM441 on 19APR: BKG=2, LF=1.1%
2026-01-17 23:35:53 | INFO     | [SUCCESS] Day 19APR
2026-01-17 23:35:53 | INFO     | [SUCCESS] LF Search Complete
2026-01-17 23:35:53 | INFO     | [Worker_9227] Completed: CAI-YNB - 9 results, 0 errors
2026-01-17 23:35:53 | INFO     | [Worker_9227] Processing: RUH-ATZ
2026-01-17 23:35:53 | INFO     |   Tier 0: Range 4, Chunk 2/3 (9 days)
