2026-01-17 23:40:33 | INFO     | ======================================================================
2026-01-17 23:40:33 | INFO     | Load Factor Scraper Started - Route: CAI-RUH
2026-01-17 23:40:33 | INFO     | Log file: D:\CODERED\LAB\Artifacts\outputs\run_generated_170126_at_23.33_RETRY\logs\LF_CAI-RUH_20260117_234033.log
2026-01-17 23:40:33 | INFO     | Enhanced logging: Capturing both logging.info() and print()
2026-01-17 23:40:33 | INFO     | ======================================================================
2026-01-17 23:40:33 | INFO     | Starting LF search for route: CAI-RUH
2026-01-17 23:40:33 | INFO     | [START] LF Search
2026-01-17 23:40:34 | INFO     | [HEALTH CHECK] [OK] Chrome connection is healthy
2026-01-17 23:40:34 | INFO     | [DAY_START] Processing 09APR
2026-01-17 23:40:34 | INFO     | [lf.day.start] Processing CAI-RUH for 09APR
2026-01-17 23:40:35 | INFO     | [lf.day.flights_found] Found 1 flights on 09APR
2026-01-17 23:40:37 | INFO     | [lf.flight.extracted] SM461 on 09APR: BKG=0, LF=0.0%
2026-01-17 23:40:38 | INFO     | [SUCCESS] Day 09APR
2026-01-17 23:40:38 | INFO     | [DAY_START] Processing 08APR
2026-01-17 23:40:38 | INFO     | [lf.day.start] Processing CAI-RUH for 08APR
2026-01-17 23:40:39 | INFO     | [lf.day.flights_found] Found 1 flights on 08APR
2026-01-17 23:40:41 | INFO     | [lf.flight.extracted] SM461 on 08APR: BKG=0, LF=0.0%
2026-01-17 23:40:42 | INFO     | [SUCCESS] Day 08APR
2026-01-17 23:40:42 | INFO     | [DAY_START] Processing 07APR
2026-01-17 23:40:42 | INFO     | [lf.day.start] Processing CAI-RUH for 07APR
2026-01-17 23:40:44 | INFO     | [lf.day.flights_found] Found 1 flights on 07APR
2026-01-17 23:40:45 | INFO     | [lf.flight.extracted] SM461 on 07APR: BKG=0, LF=0.0%
2026-01-17 23:40:47 | INFO     | [SUCCESS] Day 07APR
2026-01-17 23:40:47 | INFO     | [DAY_START] Processing 06APR
2026-01-17 23:40:47 | INFO     | [lf.day.start] Processing CAI-RUH for 06APR
2026-01-17 23:40:48 | INFO     | [lf.day.flights_found] Found 1 flights on 06APR
2026-01-17 23:40:50 | INFO     | [lf.flight.extracted] SM461 on 06APR: BKG=0, LF=0.0%
2026-01-17 23:40:51 | INFO     | [SUCCESS] Day 06APR
2026-01-17 23:40:51 | INFO     | [DAY_START] Processing 05APR
2026-01-17 23:40:51 | INFO     | [lf.day.start] Processing CAI-RUH for 05APR
2026-01-17 23:40:52 | INFO     | [lf.day.flights_found] Found 1 flights on 05APR
2026-01-17 23:40:54 | INFO     | [lf.flight.extracted] SM461 on 05APR: BKG=0, LF=0.0%
2026-01-17 23:41:17 | INFO     | [SUCCESS] Day 05APR
2026-01-17 23:41:17 | INFO     | [DAY_START] Processing 04APR
2026-01-17 23:41:17 | INFO     | [lf.day.start] Processing CAI-RUH for 04APR
2026-01-17 23:41:41 | INFO     | [lf.day.flights_found] Found 1 flights on 04APR
2026-01-17 23:41:44 | INFO     | [lf.flight.extracted] SM461 on 04APR: BKG=0, LF=0.0%
2026-01-17 23:41:45 | INFO     | [SUCCESS] Day 04APR
2026-01-17 23:41:45 | INFO     | [DAY_START] Processing 03APR
2026-01-17 23:41:45 | INFO     | [lf.day.start] Processing CAI-RUH for 03APR
2026-01-17 23:41:46 | INFO     | [lf.day.flights_found] Found 1 flights on 03APR
2026-01-17 23:41:48 | INFO     | [lf.flight.extracted] SM461 on 03APR: BKG=0, LF=0.0%
2026-01-17 23:41:49 | INFO     | [SUCCESS] Day 03APR
2026-01-17 23:41:49 | INFO     | [DAY_START] Processing 02APR
2026-01-17 23:41:49 | INFO     | [lf.day.start] Processing CAI-RUH for 02APR
2026-01-17 23:41:50 | INFO     | [lf.day.flights_found] Found 1 flights on 02APR
2026-01-17 23:41:52 | INFO     | [lf.flight.extracted] SM461 on 02APR: BKG=0, LF=0.0%
2026-01-17 23:41:53 | INFO     | [SUCCESS] Day 02APR
2026-01-17 23:41:53 | INFO     | [SUCCESS] LF Search Complete
2026-01-17 23:41:53 | INFO     | [Worker_9233] Completed: CAI-RUH - 8 results, 0 errors
2026-01-17 23:41:53 | INFO     | [Worker_9233] Processing: CAI-YNB
2026-01-17 23:41:53 | INFO     |   Tier 0: Range 4, Chunk 3/3 (8 days)
