2026-01-18 00:21:53 | INFO     | ======================================================================
2026-01-18 00:21:53 | INFO     | Load Factor Scraper Started - Route: CAI-JED
2026-01-18 00:21:53 | INFO     | Log file: D:\CODERED\LAB\Artifacts\outputs\run_generated_170126_at_23.33_RETRY\logs\LF_CAI-JED_20260118_002153.log
2026-01-18 00:21:53 | INFO     | Enhanced logging: Capturing both logging.info() and print()
2026-01-18 00:21:53 | INFO     | ======================================================================
2026-01-18 00:21:53 | INFO     | Starting LF search for route: CAI-JED
2026-01-18 00:21:53 | INFO     | [START] LF Search
2026-01-18 00:21:54 | INFO     | [HEALTH CHECK] [OK] Chrome connection is healthy
2026-01-18 00:21:54 | INFO     | [DAY_START] Processing 24JAN
2026-01-18 00:21:54 | INFO     | [lf.day.start] Processing CAI-JED for 24JAN
2026-01-18 00:21:55 | INFO     | [lf.day.flights_found] Found 4 flights on 24JAN
2026-01-18 00:21:57 | INFO     | [lf.flight.extracted] SM449 on 24JAN: BKG=178, LF=99.4%
2026-01-18 00:22:02 | INFO     | [lf.flight.extracted] SM475 on 24JAN: BKG=179, LF=100.0%
2026-01-18 00:22:05 | INFO     | [lf.flight.extracted] SM477 on 24JAN: BKG=179, LF=100.0%
2026-01-18 00:22:09 | INFO     | [lf.flight.extracted] SM423 on 24JAN: BKG=179, LF=100.0%
2026-01-18 00:22:25 | INFO     | [SUCCESS] Day 24JAN
2026-01-18 00:22:25 | INFO     | [DAY_START] Processing 23JAN
2026-01-18 00:22:25 | INFO     | [lf.day.start] Processing CAI-JED for 23JAN
2026-01-18 00:22:26 | INFO     | [lf.day.flights_found] Found 5 flights on 23JAN
2026-01-18 00:22:28 | INFO     | [lf.flight.extracted] SM475 on 23JAN: BKG=179, LF=100.0%
2026-01-18 00:22:31 | INFO     | [lf.flight.extracted] SM477 on 23JAN: BKG=180, LF=100.6%
2026-01-18 00:22:35 | INFO     | [lf.flight.extracted] SM479 on 23JAN: BKG=179, LF=100.0%
2026-01-18 00:22:39 | INFO     | [lf.flight.extracted] SM471 on 23JAN: BKG=167, LF=93.3%
2026-01-18 00:22:43 | INFO     | [lf.flight.extracted] SM459 on 23JAN: BKG=141, LF=78.8%
2026-01-18 00:23:09 | INFO     | [SUCCESS] Day 23JAN
2026-01-18 00:23:09 | INFO     | [DAY_START] Processing 22JAN
2026-01-18 00:23:09 | INFO     | [lf.day.start] Processing CAI-JED for 22JAN
2026-01-18 00:23:10 | INFO     | [lf.day.flights_found] Found 7 flights on 22JAN
2026-01-18 00:23:12 | INFO     | [lf.flight.extracted] SM449 on 22JAN: BKG=179, LF=100.0%
2026-01-18 00:23:16 | INFO     | [lf.flight.extracted] SM475 on 22JAN: BKG=179, LF=100.0%
2026-01-18 00:23:19 | INFO     | [lf.flight.extracted] SM961 on 22JAN: BKG=176, LF=100.0%
2026-01-18 00:23:22 | INFO     | [lf.flight.extracted] SM431 on 22JAN: BKG=179, LF=100.0%
2026-01-18 00:23:26 | INFO     | [lf.flight.extracted] SM477 on 22JAN: BKG=179, LF=100.0%
2026-01-18 00:23:29 | INFO     | [lf.flight.extracted] SM479 on 22JAN: BKG=179, LF=100.0%
2026-01-18 00:23:32 | INFO     | [lf.flight.extracted] SM423 on 22JAN: BKG=172, LF=97.7%
2026-01-18 00:24:04 | INFO     | [SUCCESS] Day 22JAN
2026-01-18 00:24:04 | INFO     | [DAY_START] Processing 21JAN
2026-01-18 00:24:04 | INFO     | [lf.day.start] Processing CAI-JED for 21JAN
2026-01-18 00:24:05 | INFO     | [lf.day.flights_found] Found 5 flights on 21JAN
2026-01-18 00:24:07 | INFO     | [lf.flight.extracted] SM423 on 21JAN: BKG=176, LF=98.3%
2026-01-18 00:24:10 | INFO     | [lf.flight.extracted] SM475 on 21JAN: BKG=179, LF=100.0%
2026-01-18 00:24:13 | INFO     | [lf.flight.extracted] SM459 on 21JAN: BKG=179, LF=100.0%
2026-01-18 00:24:16 | INFO     | [lf.flight.extracted] SM477 on 21JAN: BKG=181, LF=101.1%
2026-01-18 00:24:20 | INFO     | [lf.flight.extracted] SM471 on 21JAN: BKG=179, LF=100.0%
2026-01-18 00:24:56 | INFO     | [SUCCESS] Day 21JAN
2026-01-18 00:24:56 | INFO     | [DAY_START] Processing 20JAN
2026-01-18 00:24:56 | INFO     | [lf.day.start] Processing CAI-JED for 20JAN
2026-01-18 00:24:57 | INFO     | [lf.day.flights_found] Found 7 flights on 20JAN
2026-01-18 00:24:59 | INFO     | [lf.flight.extracted] SM471 on 20JAN: BKG=179, LF=100.0%
2026-01-18 00:25:03 | INFO     | [lf.flight.extracted] SM953 on 20JAN: BKG=179, LF=100.0%
2026-01-18 00:25:06 | INFO     | [lf.flight.extracted] SM479 on 20JAN: BKG=176, LF=100.0%
2026-01-18 00:25:09 | INFO     | [lf.flight.extracted] SM477 on 20JAN: BKG=179, LF=100.0%
2026-01-18 00:25:13 | INFO     | [lf.flight.extracted] SM459 on 20JAN: BKG=179, LF=100.0%
2026-01-18 00:25:16 | INFO     | [lf.flight.extracted] SM423 on 20JAN: BKG=179, LF=100.0%
2026-01-18 00:25:20 | INFO     | [lf.flight.extracted] SM475 on 20JAN: BKG=179, LF=100.0%
2026-01-18 00:25:53 | INFO     | [SUCCESS] Day 20JAN
2026-01-18 00:25:53 | INFO     | [DAY_START] Processing 19JAN
2026-01-18 00:25:53 | INFO     | [lf.day.start] Processing CAI-JED for 19JAN
2026-01-18 00:25:54 | INFO     | [lf.day.flights_found] Found 3 flights on 19JAN
2026-01-18 00:25:56 | INFO     | [lf.flight.extracted] SM475 on 19JAN: BKG=179, LF=100.0%
2026-01-18 00:25:59 | INFO     | [lf.flight.extracted] SM477 on 19JAN: BKG=179, LF=100.0%
2026-01-18 00:26:02 | INFO     | [lf.flight.extracted] SM459 on 19JAN: BKG=179, LF=100.0%
2026-01-18 00:26:17 | INFO     | [SUCCESS] Day 19JAN
2026-01-18 00:26:17 | INFO     | [DAY_START] Processing 17JAN
2026-01-18 00:26:17 | INFO     | [lf.day.start] Processing CAI-JED for 17JAN
2026-01-18 00:26:18 | WARNING  | [lf.day.no_flights] No direct flights on 17JAN
2026-01-18 00:26:18 | INFO     | [SUCCESS] Day 17JAN
2026-01-18 00:26:18 | INFO     | [SUCCESS] LF Search Complete
2026-01-18 00:26:18 | INFO     | [Worker_9234] Completed: CAI-JED - 7 results, 0 errors
2026-01-18 00:53:46 | INFO     | [Worker_9234] Shutdown signal received, exiting...
2026-01-18 00:53:46 | INFO     | [Worker_9234] Finished. Processed 59 groups.
