2026-01-17 23:34:19 | INFO     | ======================================================================
2026-01-17 23:34:19 | INFO     | Load Factor Scraper Started - Route: CAI-JED
2026-01-17 23:34:19 | INFO     | Log file: D:\CODERED\LAB\Artifacts\outputs\run_generated_170126_at_23.33_RETRY\logs\LF_CAI-JED_20260117_233419.log
2026-01-17 23:34:19 | INFO     | Enhanced logging: Capturing both logging.info() and print()
2026-01-17 23:34:19 | INFO     | ======================================================================
2026-01-17 23:34:19 | INFO     | Starting LF search for route: CAI-JED
2026-01-17 23:34:19 | INFO     | [START] LF Search
2026-01-17 23:34:20 | INFO     | [HEALTH CHECK] [OK] Chrome connection is healthy
2026-01-17 23:34:20 | INFO     | [DAY_START] Processing 27APR
2026-01-17 23:34:20 | INFO     | [lf.day.start] Processing CAI-JED for 27APR
2026-01-17 23:34:21 | INFO     | [lf.day.flights_found] Found 3 flights on 27APR
2026-01-17 23:34:23 | INFO     | [lf.flight.extracted] SM477 on 27APR: BKG=1, LF=0.6%
2026-01-17 23:34:26 | INFO     | [lf.flight.extracted] SM475 on 27APR: BKG=1, LF=0.6%
2026-01-17 23:34:30 | INFO     | [lf.flight.extracted] SM479 on 27APR: BKG=8, LF=4.5%
2026-01-17 23:34:35 | INFO     | [SUCCESS] Day 27APR
2026-01-17 23:34:35 | INFO     | [DAY_START] Processing 26APR
2026-01-17 23:34:35 | INFO     | [lf.day.start] Processing CAI-JED for 26APR
2026-01-17 23:34:36 | INFO     | [lf.day.flights_found] Found 3 flights on 26APR
2026-01-17 23:34:38 | INFO     | [lf.flight.extracted] SM477 on 26APR: BKG=1, LF=0.6%
2026-01-17 23:34:41 | INFO     | [lf.flight.extracted] SM475 on 26APR: BKG=3, LF=1.7%
2026-01-17 23:34:44 | INFO     | [lf.flight.extracted] SM459 on 26APR: BKG=0, LF=0.0%
2026-01-17 23:34:50 | INFO     | [SUCCESS] Day 26APR
2026-01-17 23:34:50 | INFO     | [DAY_START] Processing 25APR
2026-01-17 23:34:50 | INFO     | [lf.day.start] Processing CAI-JED for 25APR
2026-01-17 23:34:51 | INFO     | [lf.day.flights_found] Found 2 flights on 25APR
2026-01-17 23:34:53 | INFO     | [lf.flight.extracted] SM477 on 25APR: BKG=4, LF=2.2%
2026-01-17 23:34:56 | INFO     | [lf.flight.extracted] SM475 on 25APR: BKG=10, LF=5.6%
2026-01-17 23:35:01 | INFO     | [SUCCESS] Day 25APR
2026-01-17 23:35:01 | INFO     | [DAY_START] Processing 24APR
2026-01-17 23:35:01 | INFO     | [lf.day.start] Processing CAI-JED for 24APR
2026-01-17 23:35:01 | INFO     | [lf.day.flights_found] Found 3 flights on 24APR
2026-01-17 23:35:03 | INFO     | [lf.flight.extracted] SM477 on 24APR: BKG=2, LF=1.1%
2026-01-17 23:35:06 | INFO     | [lf.flight.extracted] SM475 on 24APR: BKG=1, LF=0.6%
2026-01-17 23:35:09 | INFO     | [lf.flight.extracted] SM479 on 24APR: BKG=16, LF=8.9%
2026-01-17 23:35:18 | INFO     | [SUCCESS] Day 24APR
2026-01-17 23:35:18 | INFO     | [DAY_START] Processing 23APR
2026-01-17 23:35:18 | INFO     | [lf.day.start] Processing CAI-JED for 23APR
2026-01-17 23:35:19 | INFO     | [lf.day.flights_found] Found 3 flights on 23APR
2026-01-17 23:35:21 | INFO     | [lf.flight.extracted] SM477 on 23APR: BKG=4, LF=2.2%
2026-01-17 23:35:24 | INFO     | [lf.flight.extracted] SM475 on 23APR: BKG=5, LF=2.8%
2026-01-17 23:35:27 | INFO     | [lf.flight.extracted] SM459 on 23APR: BKG=3, LF=1.7%
2026-01-17 23:35:32 | INFO     | [SUCCESS] Day 23APR
2026-01-17 23:35:32 | INFO     | [DAY_START] Processing 22APR
2026-01-17 23:35:32 | INFO     | [lf.day.start] Processing CAI-JED for 22APR
2026-01-17 23:35:33 | INFO     | [lf.day.flights_found] Found 2 flights on 22APR
2026-01-17 23:35:35 | INFO     | [lf.flight.extracted] SM477 on 22APR: BKG=4, LF=2.2%
2026-01-17 23:35:38 | INFO     | [lf.flight.extracted] SM475 on 22APR: BKG=2, LF=1.1%
2026-01-17 23:35:42 | INFO     | [SUCCESS] Day 22APR
2026-01-17 23:35:42 | INFO     | [DAY_START] Processing 21APR
2026-01-17 23:35:42 | INFO     | [lf.day.start] Processing CAI-JED for 21APR
2026-01-17 23:35:43 | INFO     | [lf.day.flights_found] Found 3 flights on 21APR
2026-01-17 23:35:44 | INFO     | [lf.flight.extracted] SM477 on 21APR: BKG=4, LF=2.2%
2026-01-17 23:35:48 | INFO     | [lf.flight.extracted] SM475 on 21APR: BKG=2, LF=1.1%
2026-01-17 23:35:51 | INFO     | [lf.flight.extracted] SM479 on 21APR: BKG=7, LF=3.9%
2026-01-17 23:35:55 | INFO     | [SUCCESS] Day 21APR
2026-01-17 23:35:55 | INFO     | [DAY_START] Processing 20APR
2026-01-17 23:35:55 | INFO     | [lf.day.start] Processing CAI-JED for 20APR
2026-01-17 23:35:56 | INFO     | [lf.day.flights_found] Found 3 flights on 20APR
2026-01-17 23:35:59 | INFO     | [lf.flight.extracted] SM477 on 20APR: BKG=4, LF=2.2%
2026-01-17 23:36:02 | INFO     | [lf.flight.extracted] SM475 on 20APR: BKG=7, LF=3.9%
2026-01-17 23:36:05 | INFO     | [lf.flight.extracted] SM479 on 20APR: BKG=9, LF=5.0%
2026-01-17 23:36:14 | INFO     | [SUCCESS] Day 20APR
2026-01-17 23:36:14 | INFO     | [DAY_START] Processing 19APR
2026-01-17 23:36:14 | INFO     | [lf.day.start] Processing CAI-JED for 19APR
2026-01-17 23:36:17 | INFO     | [lf.day.flights_found] Found 3 flights on 19APR
2026-01-17 23:36:19 | INFO     | [lf.flight.extracted] SM477 on 19APR: BKG=3, LF=1.7%
2026-01-17 23:36:23 | INFO     | [lf.flight.extracted] SM475 on 19APR: BKG=6, LF=3.4%
2026-01-17 23:36:27 | INFO     | [lf.flight.extracted] SM459 on 19APR: BKG=4, LF=2.2%
2026-01-17 23:36:32 | INFO     | [SUCCESS] Day 19APR
2026-01-17 23:36:32 | INFO     | [SUCCESS] LF Search Complete
2026-01-17 23:36:32 | INFO     | [Worker_9232] Completed: CAI-JED - 9 results, 0 errors
2026-01-17 23:36:32 | INFO     | [Worker_9232] Processing: AHB-ATZ
2026-01-17 23:36:32 | INFO     |   Tier 0: Range 4, Chunk 2/3 (9 days)
