2026-01-17 23:53:34 | INFO     | ======================================================================
2026-01-17 23:53:34 | INFO     | Load Factor Scraper Started - Route: CAI-TUU
2026-01-17 23:53:34 | INFO     | Log file: D:\CODERED\LAB\Artifacts\outputs\run_generated_170126_at_23.33_RETRY\logs\LF_CAI-TUU_20260117_235334.log
2026-01-17 23:53:34 | INFO     | Enhanced logging: Capturing both logging.info() and print()
2026-01-17 23:53:34 | INFO     | ======================================================================
2026-01-17 23:53:34 | INFO     | Starting LF search for route: CAI-TUU
2026-01-17 23:53:34 | INFO     | [START] LF Search
2026-01-17 23:53:35 | INFO     | [HEALTH CHECK] [OK] Chrome connection is healthy
2026-01-17 23:53:35 | INFO     | [DAY_START] Processing 15MAR
2026-01-17 23:53:35 | INFO     | [lf.day.start] Processing CAI-TUU for 15MAR
2026-01-17 23:53:37 | WARNING  | [lf.day.no_flights] No direct flights on 15MAR
2026-01-17 23:53:37 | INFO     | [SUCCESS] Day 15MAR
2026-01-17 23:53:37 | INFO     | [DAY_START] Processing 14MAR
2026-01-17 23:53:37 | INFO     | [lf.day.start] Processing CAI-TUU for 14MAR
2026-01-17 23:53:38 | INFO     | [lf.day.flights_found] Found 1 flights on 14MAR
2026-01-17 23:53:40 | INFO     | [lf.flight.extracted] SM325 on 14MAR: BKG=2, LF=1.8%
2026-01-17 23:53:43 | INFO     | [SUCCESS] Day 14MAR
2026-01-17 23:53:43 | INFO     | [DAY_START] Processing 13MAR
2026-01-17 23:53:43 | INFO     | [lf.day.start] Processing CAI-TUU for 13MAR
2026-01-17 23:53:44 | WARNING  | [lf.day.no_flights] No direct flights on 13MAR
2026-01-17 23:53:44 | INFO     | [SUCCESS] Day 13MAR
2026-01-17 23:53:44 | INFO     | [DAY_START] Processing 12MAR
2026-01-17 23:53:44 | INFO     | [lf.day.start] Processing CAI-TUU for 12MAR
2026-01-17 23:53:45 | INFO     | [lf.day.flights_found] Found 1 flights on 12MAR
2026-01-17 23:53:47 | INFO     | [lf.flight.extracted] SM325 on 12MAR: BKG=0, LF=0.0%
2026-01-17 23:53:48 | INFO     | [SUCCESS] Day 12MAR
2026-01-17 23:53:48 | INFO     | [DAY_START] Processing 11MAR
2026-01-17 23:53:48 | INFO     | [lf.day.start] Processing CAI-TUU for 11MAR
2026-01-17 23:53:50 | INFO     | [lf.day.flights_found] Found 1 flights on 11MAR
2026-01-17 23:53:52 | INFO     | [lf.flight.extracted] SM325 on 11MAR: BKG=2, LF=1.1%
2026-01-17 23:53:55 | INFO     | [SUCCESS] Day 11MAR
2026-01-17 23:53:55 | INFO     | [DAY_START] Processing 10MAR
2026-01-17 23:53:55 | INFO     | [lf.day.start] Processing CAI-TUU for 10MAR
2026-01-17 23:53:56 | WARNING  | [lf.day.no_flights] No direct flights on 10MAR
2026-01-17 23:53:56 | INFO     | [SUCCESS] Day 10MAR
2026-01-17 23:53:56 | INFO     | [DAY_START] Processing 09MAR
2026-01-17 23:53:56 | INFO     | [lf.day.start] Processing CAI-TUU for 09MAR
2026-01-17 23:53:57 | WARNING  | [lf.day.no_flights] No direct flights on 09MAR
2026-01-17 23:53:58 | INFO     | [SUCCESS] Day 09MAR
2026-01-17 23:53:58 | INFO     | [DAY_START] Processing 08MAR
2026-01-17 23:53:58 | INFO     | [lf.day.start] Processing CAI-TUU for 08MAR
2026-01-17 23:53:59 | WARNING  | [lf.day.no_flights] No direct flights on 08MAR
2026-01-17 23:53:59 | INFO     | [SUCCESS] Day 08MAR
2026-01-17 23:53:59 | INFO     | [SUCCESS] LF Search Complete
2026-01-17 23:53:59 | INFO     | [Worker_9223] Completed: CAI-TUU - 8 results, 0 errors
2026-01-17 23:53:59 | INFO     | [Worker_9223] Processing: CAI-YNB
2026-01-17 23:53:59 | INFO     |   Tier 0: Range 3, Chunk 3/3 (8 days)
