2026-01-17 23:33:37 | INFO     | ======================================================================
2026-01-17 23:33:37 | INFO     | Load Factor Scraper Started - Route: DMM-ATZ
2026-01-17 23:33:37 | INFO     | Log file: D:\CODERED\LAB\Artifacts\outputs\run_generated_170126_at_23.33_RETRY\logs\LF_DMM-ATZ_20260117_233337.log
2026-01-17 23:33:37 | INFO     | Enhanced logging: Capturing both logging.info() and print()
2026-01-17 23:33:37 | INFO     | ======================================================================
2026-01-17 23:33:37 | INFO     | Starting LF search for route: DMM-ATZ
2026-01-17 23:33:37 | INFO     | [START] LF Search
2026-01-17 23:33:37 | INFO     | [HEALTH CHECK] [OK] Chrome connection is healthy
2026-01-17 23:33:37 | INFO     | [DAY_START] Processing 27APR
2026-01-17 23:33:37 | INFO     | [lf.day.start] Processing DMM-ATZ for 27APR
2026-01-17 23:33:38 | WARNING  | [lf.day.no_flights] No direct flights on 27APR
2026-01-17 23:33:38 | INFO     | [SUCCESS] Day 27APR
2026-01-17 23:33:38 | INFO     | [DAY_START] Processing 26APR
2026-01-17 23:33:38 | INFO     | [lf.day.start] Processing DMM-ATZ for 26APR
2026-01-17 23:33:39 | WARNING  | [lf.day.no_flights] No direct flights on 26APR
2026-01-17 23:33:40 | INFO     | [SUCCESS] Day 26APR
2026-01-17 23:33:40 | INFO     | [DAY_START] Processing 25APR
2026-01-17 23:33:40 | INFO     | [lf.day.start] Processing DMM-ATZ for 25APR
2026-01-17 23:33:41 | WARNING  | [lf.day.no_flights] No direct flights on 25APR
2026-01-17 23:33:41 | INFO     | [SUCCESS] Day 25APR
2026-01-17 23:33:41 | INFO     | [DAY_START] Processing 24APR
2026-01-17 23:33:41 | INFO     | [lf.day.start] Processing DMM-ATZ for 24APR
2026-01-17 23:33:42 | WARNING  | [lf.day.no_flights] No direct flights on 24APR
2026-01-17 23:33:42 | INFO     | [SUCCESS] Day 24APR
2026-01-17 23:33:42 | INFO     | [DAY_START] Processing 23APR
2026-01-17 23:33:42 | INFO     | [lf.day.start] Processing DMM-ATZ for 23APR
2026-01-17 23:33:43 | WARNING  | [lf.day.no_flights] No direct flights on 23APR
2026-01-17 23:33:43 | INFO     | [SUCCESS] Day 23APR
2026-01-17 23:33:43 | INFO     | [DAY_START] Processing 22APR
2026-01-17 23:33:43 | INFO     | [lf.day.start] Processing DMM-ATZ for 22APR
2026-01-17 23:33:44 | WARNING  | [lf.day.no_flights] No direct flights on 22APR
2026-01-17 23:33:44 | INFO     | [SUCCESS] Day 22APR
2026-01-17 23:33:44 | INFO     | [DAY_START] Processing 21APR
2026-01-17 23:33:44 | INFO     | [lf.day.start] Processing DMM-ATZ for 21APR
2026-01-17 23:33:45 | WARNING  | [lf.day.no_flights] No direct flights on 21APR
2026-01-17 23:33:45 | INFO     | [SUCCESS] Day 21APR
2026-01-17 23:33:45 | INFO     | [DAY_START] Processing 20APR
2026-01-17 23:33:45 | INFO     | [lf.day.start] Processing DMM-ATZ for 20APR
2026-01-17 23:33:46 | WARNING  | [lf.day.no_flights] No direct flights on 20APR
2026-01-17 23:33:46 | INFO     | [SUCCESS] Day 20APR
2026-01-17 23:33:46 | INFO     | [DAY_START] Processing 19APR
2026-01-17 23:33:46 | INFO     | [lf.day.start] Processing DMM-ATZ for 19APR
2026-01-17 23:33:48 | WARNING  | [lf.day.no_flights] No direct flights on 19APR
2026-01-17 23:33:48 | INFO     | [SUCCESS] Day 19APR
2026-01-17 23:33:48 | INFO     | [SUCCESS] LF Search Complete
2026-01-17 23:33:48 | INFO     | [Worker_9233] Completed: DMM-ATZ - 9 results, 0 errors
2026-01-17 23:33:48 | INFO     | [Worker_9233] Processing: AJF-ATZ
2026-01-17 23:33:48 | INFO     |   Tier 0: Range 4, Chunk 1/3 (9 days)
