2026-01-18 00:04:38 | INFO     | ======================================================================
2026-01-18 00:04:38 | INFO     | Load Factor Scraper Started - Route: DMM-ATZ
2026-01-18 00:04:38 | INFO     | Log file: D:\CODERED\LAB\Artifacts\outputs\run_generated_170126_at_23.33_RETRY\logs\LF_DMM-ATZ_20260118_000438.log
2026-01-18 00:04:38 | INFO     | Enhanced logging: Capturing both logging.info() and print()
2026-01-18 00:04:38 | INFO     | ======================================================================
2026-01-18 00:04:38 | INFO     | Starting LF search for route: DMM-ATZ
2026-01-18 00:04:38 | INFO     | [START] LF Search
2026-01-18 00:04:39 | INFO     | [HEALTH CHECK] [OK] Chrome connection is healthy
2026-01-18 00:04:39 | INFO     | [DAY_START] Processing 18FEB
2026-01-18 00:04:39 | INFO     | [lf.day.start] Processing DMM-ATZ for 18FEB
2026-01-18 00:04:40 | WARNING  | [lf.day.no_flights] No direct flights on 18FEB
2026-01-18 00:04:40 | INFO     | [SUCCESS] Day 18FEB
2026-01-18 00:04:40 | INFO     | [DAY_START] Processing 17FEB
2026-01-18 00:04:40 | INFO     | [lf.day.start] Processing DMM-ATZ for 17FEB
2026-01-18 00:04:42 | WARNING  | [lf.day.no_flights] No direct flights on 17FEB
2026-01-18 00:04:42 | INFO     | [SUCCESS] Day 17FEB
2026-01-18 00:04:42 | INFO     | [DAY_START] Processing 16FEB
2026-01-18 00:04:42 | INFO     | [lf.day.start] Processing DMM-ATZ for 16FEB
2026-01-18 00:04:43 | INFO     | [lf.day.flights_found] Found 1 flights on 16FEB
2026-01-18 00:04:45 | INFO     | [lf.flight.extracted] SM438 on 16FEB: BKG=31, LF=17.7%
2026-01-18 00:04:49 | INFO     | [SUCCESS] Day 16FEB
2026-01-18 00:04:49 | INFO     | [DAY_START] Processing 15FEB
2026-01-18 00:04:49 | INFO     | [lf.day.start] Processing DMM-ATZ for 15FEB
2026-01-18 00:04:50 | WARNING  | [lf.day.no_flights] No direct flights on 15FEB
2026-01-18 00:04:51 | INFO     | [SUCCESS] Day 15FEB
2026-01-18 00:04:51 | INFO     | [DAY_START] Processing 14FEB
2026-01-18 00:04:51 | INFO     | [lf.day.start] Processing DMM-ATZ for 14FEB
2026-01-18 00:04:52 | WARNING  | [lf.day.no_flights] No direct flights on 14FEB
2026-01-18 00:04:52 | INFO     | [SUCCESS] Day 14FEB
2026-01-18 00:04:52 | INFO     | [DAY_START] Processing 13FEB
2026-01-18 00:04:52 | INFO     | [lf.day.start] Processing DMM-ATZ for 13FEB
2026-01-18 00:04:53 | INFO     | [lf.day.flights_found] Found 1 flights on 13FEB
2026-01-18 00:04:55 | INFO     | [lf.flight.extracted] SM438 on 13FEB: BKG=40, LF=23.8%
2026-01-18 00:05:00 | INFO     | [SUCCESS] Day 13FEB
2026-01-18 00:05:00 | INFO     | [DAY_START] Processing 12FEB
2026-01-18 00:05:00 | INFO     | [lf.day.start] Processing DMM-ATZ for 12FEB
2026-01-18 00:05:01 | WARNING  | [lf.day.no_flights] No direct flights on 12FEB
2026-01-18 00:05:01 | INFO     | [SUCCESS] Day 12FEB
2026-01-18 00:05:01 | INFO     | [DAY_START] Processing 11FEB
2026-01-18 00:05:01 | INFO     | [lf.day.start] Processing DMM-ATZ for 11FEB
2026-01-18 00:05:02 | WARNING  | [lf.day.no_flights] No direct flights on 11FEB
2026-01-18 00:05:02 | INFO     | [SUCCESS] Day 11FEB
2026-01-18 00:05:02 | INFO     | [SUCCESS] LF Search Complete
2026-01-18 00:05:02 | INFO     | [Worker_9222] Completed: DMM-ATZ - 8 results, 0 errors
2026-01-18 00:05:02 | INFO     | [Worker_9222] Processing: AJF-ATZ
2026-01-18 00:05:02 | INFO     |   Tier 0: Range 2, Chunk 3/3 (8 days)
