2026-01-17 23:35:54 | INFO     | ======================================================================
2026-01-17 23:35:54 | INFO     | Load Factor Scraper Started - Route: DMM-CAI
2026-01-17 23:35:54 | INFO     | Log file: D:\CODERED\LAB\Artifacts\outputs\run_generated_170126_at_23.33_RETRY\logs\LF_DMM-CAI_20260117_233554.log
2026-01-17 23:35:54 | INFO     | Enhanced logging: Capturing both logging.info() and print()
2026-01-17 23:35:54 | INFO     | ======================================================================
2026-01-17 23:35:54 | INFO     | Starting LF search for route: DMM-CAI
2026-01-17 23:35:54 | INFO     | [START] LF Search
2026-01-17 23:35:55 | INFO     | [HEALTH CHECK] [OK] Chrome connection is healthy
2026-01-17 23:35:55 | INFO     | [DAY_START] Processing 18APR
2026-01-17 23:35:55 | INFO     | [lf.day.start] Processing DMM-CAI for 18APR
2026-01-17 23:35:56 | WARNING  | [lf.day.no_flights] No direct flights on 18APR
2026-01-17 23:35:56 | INFO     | [SUCCESS] Day 18APR
2026-01-17 23:35:56 | INFO     | [DAY_START] Processing 17APR
2026-01-17 23:35:56 | INFO     | [lf.day.start] Processing DMM-CAI for 17APR
2026-01-17 23:35:57 | INFO     | [lf.day.flights_found] Found 2 flights on 17APR
2026-01-17 23:35:59 | INFO     | [lf.flight.extracted] SM434 on 17APR: BKG=0, LF=0.0%
2026-01-17 23:36:02 | INFO     | [lf.flight.extracted] SM440 on 17APR: BKG=3, LF=1.7%
2026-01-17 23:36:05 | INFO     | [SUCCESS] Day 17APR
2026-01-17 23:36:05 | INFO     | [DAY_START] Processing 16APR
2026-01-17 23:36:05 | INFO     | [lf.day.start] Processing DMM-CAI for 16APR
2026-01-17 23:36:06 | WARNING  | [lf.day.no_flights] No direct flights on 16APR
2026-01-17 23:36:06 | INFO     | [SUCCESS] Day 16APR
2026-01-17 23:36:06 | INFO     | [DAY_START] Processing 15APR
2026-01-17 23:36:06 | INFO     | [lf.day.start] Processing DMM-CAI for 15APR
2026-01-17 23:36:07 | INFO     | [lf.day.flights_found] Found 1 flights on 15APR
2026-01-17 23:36:11 | INFO     | [lf.flight.extracted] SM434 on 15APR: BKG=7, LF=4.0%
2026-01-17 23:36:18 | INFO     | [SUCCESS] Day 15APR
2026-01-17 23:36:18 | INFO     | [DAY_START] Processing 14APR
2026-01-17 23:36:18 | INFO     | [lf.day.start] Processing DMM-CAI for 14APR
2026-01-17 23:36:19 | INFO     | [lf.day.flights_found] Found 1 flights on 14APR
2026-01-17 23:36:21 | INFO     | [lf.flight.extracted] SM434 on 14APR: BKG=0, LF=0.0%
2026-01-17 23:36:22 | INFO     | [SUCCESS] Day 14APR
2026-01-17 23:36:22 | INFO     | [DAY_START] Processing 13APR
2026-01-17 23:36:22 | INFO     | [lf.day.start] Processing DMM-CAI for 13APR
2026-01-17 23:36:23 | INFO     | [lf.day.flights_found] Found 2 flights on 13APR
2026-01-17 23:36:25 | INFO     | [lf.flight.extracted] SM440 on 13APR: BKG=0, LF=0.0%
2026-01-17 23:36:28 | INFO     | [lf.flight.extracted] SM434 on 13APR: BKG=1, LF=0.6%
2026-01-17 23:36:31 | INFO     | [SUCCESS] Day 13APR
2026-01-17 23:36:31 | INFO     | [DAY_START] Processing 12APR
2026-01-17 23:36:31 | INFO     | [lf.day.start] Processing DMM-CAI for 12APR
2026-01-17 23:36:32 | INFO     | [lf.day.flights_found] Found 1 flights on 12APR
2026-01-17 23:36:34 | INFO     | [lf.flight.extracted] SM434 on 12APR: BKG=0, LF=0.0%
2026-01-17 23:36:35 | INFO     | [SUCCESS] Day 12APR
2026-01-17 23:36:35 | INFO     | [DAY_START] Processing 11APR
2026-01-17 23:36:35 | INFO     | [lf.day.start] Processing DMM-CAI for 11APR
2026-01-17 23:36:36 | WARNING  | [lf.day.no_flights] No direct flights on 11APR
2026-01-17 23:36:36 | INFO     | [SUCCESS] Day 11APR
2026-01-17 23:36:36 | INFO     | [DAY_START] Processing 10APR
2026-01-17 23:36:36 | INFO     | [lf.day.start] Processing DMM-CAI for 10APR
2026-01-17 23:36:38 | INFO     | [lf.day.flights_found] Found 2 flights on 10APR
2026-01-17 23:36:40 | INFO     | [lf.flight.extracted] SM434 on 10APR: BKG=4, LF=2.3%
2026-01-17 23:36:43 | INFO     | [lf.flight.extracted] SM440 on 10APR: BKG=8, LF=4.6%
2026-01-17 23:36:47 | INFO     | [SUCCESS] Day 10APR
2026-01-17 23:36:47 | INFO     | [SUCCESS] LF Search Complete
2026-01-17 23:36:47 | INFO     | [Worker_9224] Completed: DMM-CAI - 9 results, 0 errors
2026-01-17 23:36:47 | INFO     | [Worker_9224] Processing: ATZ-MED
2026-01-17 23:36:47 | INFO     |   Tier 0: Range 4, Chunk 2/3 (9 days)
