2026-01-17 23:43:38 | INFO     | ======================================================================
2026-01-17 23:43:38 | INFO     | Load Factor Scraper Started - Route: DMM-ATZ
2026-01-17 23:43:38 | INFO     | Log file: D:\CODERED\LAB\Artifacts\outputs\run_generated_170126_at_23.33_RETRY\logs\LF_DMM-ATZ_20260117_234338.log
2026-01-17 23:43:38 | INFO     | Enhanced logging: Capturing both logging.info() and print()
2026-01-17 23:43:38 | INFO     | ======================================================================
2026-01-17 23:43:38 | INFO     | Starting LF search for route: DMM-ATZ
2026-01-17 23:43:38 | INFO     | [START] LF Search
2026-01-17 23:43:39 | INFO     | [HEALTH CHECK] [OK] Chrome connection is healthy
2026-01-17 23:43:39 | INFO     | [DAY_START] Processing 01APR
2026-01-17 23:43:39 | INFO     | [lf.day.start] Processing DMM-ATZ for 01APR
2026-01-17 23:43:40 | WARNING  | [lf.day.no_flights] No direct flights on 01APR
2026-01-17 23:43:40 | INFO     | [SUCCESS] Day 01APR
2026-01-17 23:43:40 | INFO     | [DAY_START] Processing 31MAR
2026-01-17 23:43:40 | INFO     | [lf.day.start] Processing DMM-ATZ for 31MAR
2026-01-17 23:43:41 | WARNING  | [lf.day.no_flights] No direct flights on 31MAR
2026-01-17 23:43:41 | INFO     | [SUCCESS] Day 31MAR
2026-01-17 23:43:41 | INFO     | [DAY_START] Processing 30MAR
2026-01-17 23:43:41 | INFO     | [lf.day.start] Processing DMM-ATZ for 30MAR
2026-01-17 23:43:42 | WARNING  | [lf.day.no_flights] No direct flights on 30MAR
2026-01-17 23:43:42 | INFO     | [SUCCESS] Day 30MAR
2026-01-17 23:43:42 | INFO     | [DAY_START] Processing 29MAR
2026-01-17 23:43:42 | INFO     | [lf.day.start] Processing DMM-ATZ for 29MAR
2026-01-17 23:43:43 | WARNING  | [lf.day.no_flights] No direct flights on 29MAR
2026-01-17 23:43:43 | INFO     | [SUCCESS] Day 29MAR
2026-01-17 23:43:43 | INFO     | [DAY_START] Processing 28MAR
2026-01-17 23:43:43 | INFO     | [lf.day.start] Processing DMM-ATZ for 28MAR
2026-01-17 23:43:44 | WARNING  | [lf.day.no_flights] No direct flights on 28MAR
2026-01-17 23:43:44 | INFO     | [SUCCESS] Day 28MAR
2026-01-17 23:43:44 | INFO     | [DAY_START] Processing 27MAR
2026-01-17 23:43:44 | INFO     | [lf.day.start] Processing DMM-ATZ for 27MAR
2026-01-17 23:43:45 | INFO     | [lf.day.flights_found] Found 1 flights on 27MAR
2026-01-17 23:43:47 | INFO     | [lf.flight.extracted] SM438 on 27MAR: BKG=10, LF=5.8%
2026-01-17 23:43:50 | INFO     | [SUCCESS] Day 27MAR
2026-01-17 23:43:50 | INFO     | [DAY_START] Processing 26MAR
2026-01-17 23:43:50 | INFO     | [lf.day.start] Processing DMM-ATZ for 26MAR
2026-01-17 23:43:51 | WARNING  | [lf.day.no_flights] No direct flights on 26MAR
2026-01-17 23:43:51 | INFO     | [SUCCESS] Day 26MAR
2026-01-17 23:43:51 | INFO     | [DAY_START] Processing 25MAR
2026-01-17 23:43:51 | INFO     | [lf.day.start] Processing DMM-ATZ for 25MAR
2026-01-17 23:43:52 | WARNING  | [lf.day.no_flights] No direct flights on 25MAR
2026-01-17 23:43:52 | INFO     | [SUCCESS] Day 25MAR
2026-01-17 23:43:52 | INFO     | [DAY_START] Processing 24MAR
2026-01-17 23:43:52 | INFO     | [lf.day.start] Processing DMM-ATZ for 24MAR
2026-01-17 23:43:53 | WARNING  | [lf.day.no_flights] No direct flights on 24MAR
2026-01-17 23:43:53 | INFO     | [SUCCESS] Day 24MAR
2026-01-17 23:43:53 | INFO     | [SUCCESS] LF Search Complete
2026-01-17 23:43:53 | INFO     | [Worker_9227] Completed: DMM-ATZ - 9 results, 0 errors
2026-01-17 23:43:53 | INFO     | [Worker_9227] Processing: AJF-ATZ
2026-01-17 23:43:53 | INFO     |   Tier 0: Range 3, Chunk 1/3 (9 days)
