2026-01-18 00:11:33 | INFO     | ======================================================================
2026-01-18 00:11:33 | INFO     | Load Factor Scraper Started - Route: ELQ-ATZ
2026-01-18 00:11:33 | INFO     | Log file: D:\CODERED\LAB\Artifacts\outputs\run_generated_170126_at_23.33_RETRY\logs\LF_ELQ-ATZ_20260118_001133.log
2026-01-18 00:11:33 | INFO     | Enhanced logging: Capturing both logging.info() and print()
2026-01-18 00:11:33 | INFO     | ======================================================================
2026-01-18 00:11:33 | INFO     | Starting LF search for route: ELQ-ATZ
2026-01-18 00:11:33 | INFO     | [START] LF Search
2026-01-18 00:11:34 | INFO     | [HEALTH CHECK] [OK] Chrome connection is healthy
2026-01-18 00:11:34 | INFO     | [DAY_START] Processing 10FEB
2026-01-18 00:11:34 | INFO     | [lf.day.start] Processing ELQ-ATZ for 10FEB
2026-01-18 00:11:35 | WARNING  | [lf.day.no_flights] No direct flights on 10FEB
2026-01-18 00:11:35 | INFO     | [SUCCESS] Day 10FEB
2026-01-18 00:11:35 | INFO     | [DAY_START] Processing 09FEB
2026-01-18 00:11:35 | INFO     | [lf.day.start] Processing ELQ-ATZ for 09FEB
2026-01-18 00:11:38 | WARNING  | [lf.day.no_flights] No direct flights on 09FEB
2026-01-18 00:11:38 | INFO     | [SUCCESS] Day 09FEB
2026-01-18 00:11:38 | INFO     | [DAY_START] Processing 08FEB
2026-01-18 00:11:38 | INFO     | [lf.day.start] Processing ELQ-ATZ for 08FEB
2026-01-18 00:11:39 | WARNING  | [lf.day.no_flights] No direct flights on 08FEB
2026-01-18 00:11:39 | INFO     | [SUCCESS] Day 08FEB
2026-01-18 00:11:39 | INFO     | [DAY_START] Processing 07FEB
2026-01-18 00:11:39 | INFO     | [lf.day.start] Processing ELQ-ATZ for 07FEB
2026-01-18 00:11:40 | INFO     | [lf.day.flights_found] Found 1 flights on 07FEB
2026-01-18 00:11:42 | INFO     | [lf.flight.extracted] SM436 on 07FEB: BKG=85, LF=48.6%
2026-01-18 00:11:47 | INFO     | [SUCCESS] Day 07FEB
2026-01-18 00:11:47 | INFO     | [DAY_START] Processing 06FEB
2026-01-18 00:11:47 | INFO     | [lf.day.start] Processing ELQ-ATZ for 06FEB
2026-01-18 00:11:48 | WARNING  | [lf.day.no_flights] No direct flights on 06FEB
2026-01-18 00:11:49 | INFO     | [SUCCESS] Day 06FEB
2026-01-18 00:11:49 | INFO     | [DAY_START] Processing 05FEB
2026-01-18 00:11:49 | INFO     | [lf.day.start] Processing ELQ-ATZ for 05FEB
2026-01-18 00:11:50 | WARNING  | [lf.day.no_flights] No direct flights on 05FEB
2026-01-18 00:11:50 | INFO     | [SUCCESS] Day 05FEB
2026-01-18 00:11:50 | INFO     | [DAY_START] Processing 04FEB
2026-01-18 00:11:50 | INFO     | [lf.day.start] Processing ELQ-ATZ for 04FEB
2026-01-18 00:11:51 | INFO     | [lf.day.flights_found] Found 1 flights on 04FEB
2026-01-18 00:11:53 | INFO     | [lf.flight.extracted] SM436 on 04FEB: BKG=59, LF=33.7%
2026-01-18 00:11:57 | INFO     | [SUCCESS] Day 04FEB
2026-01-18 00:11:57 | INFO     | [DAY_START] Processing 03FEB
2026-01-18 00:11:57 | INFO     | [lf.day.start] Processing ELQ-ATZ for 03FEB
2026-01-18 00:11:58 | WARNING  | [lf.day.no_flights] No direct flights on 03FEB
2026-01-18 00:11:58 | INFO     | [SUCCESS] Day 03FEB
2026-01-18 00:11:58 | INFO     | [DAY_START] Processing 02FEB
2026-01-18 00:11:58 | INFO     | [lf.day.start] Processing ELQ-ATZ for 02FEB
2026-01-18 00:11:59 | WARNING  | [lf.day.no_flights] No direct flights on 02FEB
2026-01-18 00:11:59 | INFO     | [SUCCESS] Day 02FEB
2026-01-18 00:11:59 | INFO     | [SUCCESS] LF Search Complete
2026-01-18 00:11:59 | INFO     | [Worker_9227] Completed: ELQ-ATZ - 9 results, 0 errors
2026-01-18 00:11:59 | INFO     | [Worker_9227] Processing: CAI-JED
2026-01-18 00:11:59 | INFO     |   Tier 0: Range 1, Chunk 1/3 (9 days)
