2026-01-18 00:00:34 | INFO     | ======================================================================
2026-01-18 00:00:34 | INFO     | Load Factor Scraper Started - Route: ELQ-ATZ
2026-01-18 00:00:34 | INFO     | Log file: D:\CODERED\LAB\Artifacts\outputs\run_generated_170126_at_23.33_RETRY\logs\LF_ELQ-ATZ_20260118_000034.log
2026-01-18 00:00:34 | INFO     | Enhanced logging: Capturing both logging.info() and print()
2026-01-18 00:00:34 | INFO     | ======================================================================
2026-01-18 00:00:34 | INFO     | Starting LF search for route: ELQ-ATZ
2026-01-18 00:00:34 | INFO     | [START] LF Search
2026-01-18 00:00:35 | INFO     | [HEALTH CHECK] [OK] Chrome connection is healthy
2026-01-18 00:00:35 | INFO     | [DAY_START] Processing 26FEB
2026-01-18 00:00:35 | INFO     | [lf.day.start] Processing ELQ-ATZ for 26FEB
2026-01-18 00:00:36 | WARNING  | [lf.day.no_flights] No direct flights on 26FEB
2026-01-18 00:00:36 | INFO     | [SUCCESS] Day 26FEB
2026-01-18 00:00:37 | INFO     | [DAY_START] Processing 25FEB
2026-01-18 00:00:37 | INFO     | [lf.day.start] Processing ELQ-ATZ for 25FEB
2026-01-18 00:00:38 | INFO     | [lf.day.flights_found] Found 1 flights on 25FEB
2026-01-18 00:00:41 | INFO     | [lf.flight.extracted] SM436 on 25FEB: BKG=46, LF=26.3%
2026-01-18 00:00:45 | INFO     | [SUCCESS] Day 25FEB
2026-01-18 00:00:45 | INFO     | [DAY_START] Processing 24FEB
2026-01-18 00:00:45 | INFO     | [lf.day.start] Processing ELQ-ATZ for 24FEB
2026-01-18 00:00:46 | WARNING  | [lf.day.no_flights] No direct flights on 24FEB
2026-01-18 00:00:47 | INFO     | [SUCCESS] Day 24FEB
2026-01-18 00:00:47 | INFO     | [DAY_START] Processing 23FEB
2026-01-18 00:00:47 | INFO     | [lf.day.start] Processing ELQ-ATZ for 23FEB
2026-01-18 00:00:48 | WARNING  | [lf.day.no_flights] No direct flights on 23FEB
2026-01-18 00:00:48 | INFO     | [SUCCESS] Day 23FEB
2026-01-18 00:00:48 | INFO     | [DAY_START] Processing 22FEB
2026-01-18 00:00:48 | INFO     | [lf.day.start] Processing ELQ-ATZ for 22FEB
2026-01-18 00:00:50 | WARNING  | [lf.day.no_flights] No direct flights on 22FEB
2026-01-18 00:00:50 | INFO     | [SUCCESS] Day 22FEB
2026-01-18 00:00:50 | INFO     | [DAY_START] Processing 21FEB
2026-01-18 00:00:50 | INFO     | [lf.day.start] Processing ELQ-ATZ for 21FEB
2026-01-18 00:00:51 | INFO     | [lf.day.flights_found] Found 1 flights on 21FEB
2026-01-18 00:00:53 | INFO     | [lf.flight.extracted] SM436 on 21FEB: BKG=33, LF=18.9%
2026-01-18 00:00:57 | INFO     | [SUCCESS] Day 21FEB
2026-01-18 00:00:57 | INFO     | [DAY_START] Processing 20FEB
2026-01-18 00:00:57 | INFO     | [lf.day.start] Processing ELQ-ATZ for 20FEB
2026-01-18 00:00:58 | WARNING  | [lf.day.no_flights] No direct flights on 20FEB
2026-01-18 00:00:58 | INFO     | [SUCCESS] Day 20FEB
2026-01-18 00:00:58 | INFO     | [DAY_START] Processing 19FEB
2026-01-18 00:00:58 | INFO     | [lf.day.start] Processing ELQ-ATZ for 19FEB
2026-01-18 00:01:00 | WARNING  | [lf.day.no_flights] No direct flights on 19FEB
2026-01-18 00:01:00 | INFO     | [SUCCESS] Day 19FEB
2026-01-18 00:01:00 | INFO     | [SUCCESS] LF Search Complete
2026-01-18 00:01:00 | INFO     | [Worker_9222] Completed: ELQ-ATZ - 8 results, 0 errors
2026-01-18 00:01:00 | INFO     | [Worker_9222] Processing: HBE-JED
2026-01-18 00:01:00 | INFO     |   Tier 0: Range 2, Chunk 2/3 (8 days)
