2026-01-18 00:00:26 | INFO     | ======================================================================
2026-01-18 00:00:26 | INFO     | Load Factor Scraper Started - Route: ELQ-CAI
2026-01-18 00:00:26 | INFO     | Log file: D:\CODERED\LAB\Artifacts\outputs\run_generated_170126_at_23.33_RETRY\logs\LF_ELQ-CAI_20260118_000026.log
2026-01-18 00:00:26 | INFO     | Enhanced logging: Capturing both logging.info() and print()
2026-01-18 00:00:26 | INFO     | ======================================================================
2026-01-18 00:00:26 | INFO     | Starting LF search for route: ELQ-CAI
2026-01-18 00:00:26 | INFO     | [START] LF Search
2026-01-18 00:00:26 | INFO     | [HEALTH CHECK] [OK] Chrome connection is healthy
2026-01-18 00:00:26 | INFO     | [DAY_START] Processing 26FEB
2026-01-18 00:00:26 | INFO     | [lf.day.start] Processing ELQ-CAI for 26FEB
2026-01-18 00:00:28 | INFO     | [lf.day.flights_found] Found 1 flights on 26FEB
2026-01-18 00:00:30 | INFO     | [lf.flight.extracted] SM428 on 26FEB: BKG=31, LF=29.5%
2026-01-18 00:00:34 | INFO     | [SUCCESS] Day 26FEB
2026-01-18 00:00:34 | INFO     | [DAY_START] Processing 25FEB
2026-01-18 00:00:34 | INFO     | [lf.day.start] Processing ELQ-CAI for 25FEB
2026-01-18 00:00:35 | WARNING  | [lf.day.no_flights] No direct flights on 25FEB
2026-01-18 00:00:35 | INFO     | [SUCCESS] Day 25FEB
2026-01-18 00:00:35 | INFO     | [DAY_START] Processing 24FEB
2026-01-18 00:00:35 | INFO     | [lf.day.start] Processing ELQ-CAI for 24FEB
2026-01-18 00:00:36 | WARNING  | [lf.day.no_flights] No direct flights on 24FEB
2026-01-18 00:00:36 | INFO     | [SUCCESS] Day 24FEB
2026-01-18 00:00:36 | INFO     | [DAY_START] Processing 23FEB
2026-01-18 00:00:36 | INFO     | [lf.day.start] Processing ELQ-CAI for 23FEB
2026-01-18 00:00:37 | WARNING  | [lf.day.no_flights] No direct flights on 23FEB
2026-01-18 00:00:38 | INFO     | [SUCCESS] Day 23FEB
2026-01-18 00:00:38 | INFO     | [DAY_START] Processing 22FEB
2026-01-18 00:00:38 | INFO     | [lf.day.start] Processing ELQ-CAI for 22FEB
2026-01-18 00:00:39 | INFO     | [lf.day.flights_found] Found 1 flights on 22FEB
2026-01-18 00:00:41 | INFO     | [lf.flight.extracted] SM428 on 22FEB: BKG=29, LF=16.6%
2026-01-18 00:00:45 | INFO     | [SUCCESS] Day 22FEB
2026-01-18 00:00:45 | INFO     | [DAY_START] Processing 21FEB
2026-01-18 00:00:45 | INFO     | [lf.day.start] Processing ELQ-CAI for 21FEB
2026-01-18 00:00:46 | INFO     | [lf.day.flights_found] Found 1 flights on 21FEB
2026-01-18 00:00:48 | INFO     | [lf.flight.extracted] SM428 on 21FEB: BKG=26, LF=24.8%
2026-01-18 00:00:52 | INFO     | [SUCCESS] Day 21FEB
2026-01-18 00:00:52 | INFO     | [DAY_START] Processing 20FEB
2026-01-18 00:00:52 | INFO     | [lf.day.start] Processing ELQ-CAI for 20FEB
2026-01-18 00:00:53 | WARNING  | [lf.day.no_flights] No direct flights on 20FEB
2026-01-18 00:00:53 | INFO     | [SUCCESS] Day 20FEB
2026-01-18 00:00:53 | INFO     | [DAY_START] Processing 19FEB
2026-01-18 00:00:53 | INFO     | [lf.day.start] Processing ELQ-CAI for 19FEB
2026-01-18 00:00:55 | INFO     | [lf.day.flights_found] Found 1 flights on 19FEB
2026-01-18 00:00:57 | INFO     | [lf.flight.extracted] SM428 on 19FEB: BKG=13, LF=12.4%
2026-01-18 00:01:00 | INFO     | [SUCCESS] Day 19FEB
2026-01-18 00:01:00 | INFO     | [SUCCESS] LF Search Complete
2026-01-18 00:01:00 | INFO     | [Worker_9233] Completed: ELQ-CAI - 8 results, 0 errors
2026-01-18 00:01:00 | INFO     | [Worker_9233] Processing: CAI-JED
2026-01-18 00:01:00 | INFO     |   Tier 0: Range 2, Chunk 2/3 (8 days)
