2026-01-18 00:16:47 | INFO     | ======================================================================
2026-01-18 00:16:47 | INFO     | Load Factor Scraper Started - Route: ELQ-CAI
2026-01-18 00:16:47 | INFO     | Log file: D:\CODERED\LAB\Artifacts\outputs\run_generated_170126_at_23.33_RETRY\logs\LF_ELQ-CAI_20260118_001647.log
2026-01-18 00:16:47 | INFO     | Enhanced logging: Capturing both logging.info() and print()
2026-01-18 00:16:47 | INFO     | ======================================================================
2026-01-18 00:16:47 | INFO     | Starting LF search for route: ELQ-CAI
2026-01-18 00:16:47 | INFO     | [START] LF Search
2026-01-18 00:16:47 | INFO     | [HEALTH CHECK] [OK] Chrome connection is healthy
2026-01-18 00:16:47 | INFO     | [DAY_START] Processing 01FEB
2026-01-18 00:16:47 | INFO     | [lf.day.start] Processing ELQ-CAI for 01FEB
2026-01-18 00:16:48 | INFO     | [lf.day.flights_found] Found 1 flights on 01FEB
2026-01-18 00:16:50 | INFO     | [lf.flight.extracted] SM428 on 01FEB: BKG=26, LF=14.9%
2026-01-18 00:16:54 | INFO     | [SUCCESS] Day 01FEB
2026-01-18 00:16:54 | INFO     | [DAY_START] Processing 31JAN
2026-01-18 00:16:54 | INFO     | [lf.day.start] Processing ELQ-CAI for 31JAN
2026-01-18 00:16:55 | INFO     | [lf.day.flights_found] Found 1 flights on 31JAN
2026-01-18 00:16:57 | INFO     | [lf.flight.extracted] SM428 on 31JAN: BKG=22, LF=12.6%
2026-01-18 00:17:00 | INFO     | [SUCCESS] Day 31JAN
2026-01-18 00:17:00 | INFO     | [DAY_START] Processing 30JAN
2026-01-18 00:17:00 | INFO     | [lf.day.start] Processing ELQ-CAI for 30JAN
2026-01-18 00:17:01 | WARNING  | [lf.day.no_flights] No direct flights on 30JAN
2026-01-18 00:17:02 | INFO     | [SUCCESS] Day 30JAN
2026-01-18 00:17:02 | INFO     | [DAY_START] Processing 29JAN
2026-01-18 00:17:02 | INFO     | [lf.day.start] Processing ELQ-CAI for 29JAN
2026-01-18 00:17:03 | INFO     | [lf.day.flights_found] Found 1 flights on 29JAN
2026-01-18 00:17:05 | INFO     | [lf.flight.extracted] SM428 on 29JAN: BKG=17, LF=9.9%
2026-01-18 00:17:08 | INFO     | [SUCCESS] Day 29JAN
2026-01-18 00:17:08 | INFO     | [DAY_START] Processing 28JAN
2026-01-18 00:17:08 | INFO     | [lf.day.start] Processing ELQ-CAI for 28JAN
2026-01-18 00:17:09 | WARNING  | [lf.day.no_flights] No direct flights on 28JAN
2026-01-18 00:17:09 | INFO     | [SUCCESS] Day 28JAN
2026-01-18 00:17:09 | INFO     | [DAY_START] Processing 27JAN
2026-01-18 00:17:09 | INFO     | [lf.day.start] Processing ELQ-CAI for 27JAN
2026-01-18 00:17:10 | WARNING  | [lf.day.no_flights] No direct flights on 27JAN
2026-01-18 00:17:10 | INFO     | [SUCCESS] Day 27JAN
2026-01-18 00:17:10 | INFO     | [DAY_START] Processing 26JAN
2026-01-18 00:17:10 | INFO     | [lf.day.start] Processing ELQ-CAI for 26JAN
2026-01-18 00:17:11 | WARNING  | [lf.day.no_flights] No direct flights on 26JAN
2026-01-18 00:17:11 | INFO     | [SUCCESS] Day 26JAN
2026-01-18 00:17:11 | INFO     | [DAY_START] Processing 25JAN
2026-01-18 00:17:11 | INFO     | [lf.day.start] Processing ELQ-CAI for 25JAN
2026-01-18 00:17:12 | INFO     | [lf.day.flights_found] Found 1 flights on 25JAN
2026-01-18 00:17:14 | INFO     | [lf.flight.extracted] SM428 on 25JAN: BKG=21, LF=12.0%
2026-01-18 00:17:17 | INFO     | [SUCCESS] Day 25JAN
2026-01-18 00:17:17 | INFO     | [SUCCESS] LF Search Complete
2026-01-18 00:17:17 | INFO     | [Worker_9224] Completed: ELQ-CAI - 8 results, 0 errors
2026-01-18 00:17:17 | INFO     | [Worker_9224] Processing: CAI-JED
2026-01-18 00:17:17 | INFO     |   Tier 0: Range 1, Chunk 2/3 (8 days)
