2026-01-18 00:21:33 | INFO     | ======================================================================
2026-01-18 00:21:33 | INFO     | Load Factor Scraper Started - Route: ELQ-ATZ
2026-01-18 00:21:33 | INFO     | Log file: D:\CODERED\LAB\Artifacts\outputs\run_generated_170126_at_23.33_RETRY\logs\LF_ELQ-ATZ_20260118_002133.log
2026-01-18 00:21:33 | INFO     | Enhanced logging: Capturing both logging.info() and print()
2026-01-18 00:21:33 | INFO     | ======================================================================
2026-01-18 00:21:33 | INFO     | Starting LF search for route: ELQ-ATZ
2026-01-18 00:21:33 | INFO     | [START] LF Search
2026-01-18 00:21:34 | INFO     | [HEALTH CHECK] [OK] Chrome connection is healthy
2026-01-18 00:21:34 | INFO     | [DAY_START] Processing 24JAN
2026-01-18 00:21:34 | INFO     | [lf.day.start] Processing ELQ-ATZ for 24JAN
2026-01-18 00:21:35 | INFO     | [lf.day.flights_found] Found 1 flights on 24JAN
2026-01-18 00:21:37 | INFO     | [lf.flight.extracted] SM436 on 24JAN: BKG=111, LF=63.4%
2026-01-18 00:21:44 | INFO     | [SUCCESS] Day 24JAN
2026-01-18 00:21:44 | INFO     | [DAY_START] Processing 23JAN
2026-01-18 00:21:44 | INFO     | [lf.day.start] Processing ELQ-ATZ for 23JAN
2026-01-18 00:21:45 | WARNING  | [lf.day.no_flights] No direct flights on 23JAN
2026-01-18 00:21:45 | INFO     | [SUCCESS] Day 23JAN
2026-01-18 00:21:45 | INFO     | [DAY_START] Processing 22JAN
2026-01-18 00:21:45 | INFO     | [lf.day.start] Processing ELQ-ATZ for 22JAN
2026-01-18 00:21:46 | WARNING  | [lf.day.no_flights] No direct flights on 22JAN
2026-01-18 00:21:46 | INFO     | [SUCCESS] Day 22JAN
2026-01-18 00:21:46 | INFO     | [DAY_START] Processing 21JAN
2026-01-18 00:21:46 | INFO     | [lf.day.start] Processing ELQ-ATZ for 21JAN
2026-01-18 00:21:47 | INFO     | [lf.day.flights_found] Found 1 flights on 21JAN
2026-01-18 00:21:49 | INFO     | [lf.flight.extracted] SM436 on 21JAN: BKG=114, LF=65.1%
2026-01-18 00:21:55 | INFO     | [SUCCESS] Day 21JAN
2026-01-18 00:21:55 | INFO     | [DAY_START] Processing 20JAN
2026-01-18 00:21:55 | INFO     | [lf.day.start] Processing ELQ-ATZ for 20JAN
2026-01-18 00:21:56 | WARNING  | [lf.day.no_flights] No direct flights on 20JAN
2026-01-18 00:21:56 | INFO     | [SUCCESS] Day 20JAN
2026-01-18 00:21:56 | INFO     | [DAY_START] Processing 19JAN
2026-01-18 00:21:56 | INFO     | [lf.day.start] Processing ELQ-ATZ for 19JAN
2026-01-18 00:21:57 | WARNING  | [lf.day.no_flights] No direct flights on 19JAN
2026-01-18 00:21:58 | INFO     | [SUCCESS] Day 19JAN
2026-01-18 00:21:58 | INFO     | [DAY_START] Processing 17JAN
2026-01-18 00:21:58 | INFO     | [lf.day.start] Processing ELQ-ATZ for 17JAN
2026-01-18 00:21:59 | INFO     | [lf.day.flights_found] Found 1 flights on 17JAN
2026-01-18 00:22:01 | INFO     | [lf.flight.extracted] SM436 on 17JAN: BKG=122, LF=70.1%
2026-01-18 00:22:07 | INFO     | [SUCCESS] Day 17JAN
2026-01-18 00:22:07 | INFO     | [SUCCESS] LF Search Complete
2026-01-18 00:22:07 | INFO     | [Worker_9226] Completed: ELQ-ATZ - 7 results, 0 errors
2026-01-18 00:22:07 | INFO     | [Worker_9226] Processing: HBE-JED
2026-01-18 00:22:07 | INFO     |   Tier 0: Range 1, Chunk 3/3 (8 days)
