2026-01-18 00:21:34 | INFO     | ======================================================================
2026-01-18 00:21:34 | INFO     | Load Factor Scraper Started - Route: GIZ-CAI
2026-01-18 00:21:34 | INFO     | Log file: D:\CODERED\LAB\Artifacts\outputs\run_generated_170126_at_23.33_RETRY\logs\LF_GIZ-CAI_20260118_002134.log
2026-01-18 00:21:34 | INFO     | Enhanced logging: Capturing both logging.info() and print()
2026-01-18 00:21:34 | INFO     | ======================================================================
2026-01-18 00:21:34 | INFO     | Starting LF search for route: GIZ-CAI
2026-01-18 00:21:34 | INFO     | [START] LF Search
2026-01-18 00:21:35 | INFO     | [HEALTH CHECK] [OK] Chrome connection is healthy
2026-01-18 00:21:35 | INFO     | [DAY_START] Processing 24JAN
2026-01-18 00:21:35 | INFO     | [lf.day.start] Processing GIZ-CAI for 24JAN
2026-01-18 00:21:36 | WARNING  | [lf.day.no_flights] No direct flights on 24JAN
2026-01-18 00:21:36 | INFO     | [SUCCESS] Day 24JAN
2026-01-18 00:21:36 | INFO     | [DAY_START] Processing 23JAN
2026-01-18 00:21:36 | INFO     | [lf.day.start] Processing GIZ-CAI for 23JAN
2026-01-18 00:21:38 | INFO     | [lf.day.flights_found] Found 1 flights on 23JAN
2026-01-18 00:21:40 | INFO     | [lf.flight.extracted] SM330 on 23JAN: BKG=80, LF=45.7%
2026-01-18 00:21:47 | INFO     | [SUCCESS] Day 23JAN
2026-01-18 00:21:47 | INFO     | [DAY_START] Processing 22JAN
2026-01-18 00:21:47 | INFO     | [lf.day.start] Processing GIZ-CAI for 22JAN
2026-01-18 00:21:48 | WARNING  | [lf.day.no_flights] No direct flights on 22JAN
2026-01-18 00:21:49 | INFO     | [SUCCESS] Day 22JAN
2026-01-18 00:21:49 | INFO     | [DAY_START] Processing 21JAN
2026-01-18 00:21:49 | INFO     | [lf.day.start] Processing GIZ-CAI for 21JAN
2026-01-18 00:21:50 | WARNING  | [lf.day.no_flights] No direct flights on 21JAN
2026-01-18 00:21:50 | INFO     | [SUCCESS] Day 21JAN
2026-01-18 00:21:50 | INFO     | [DAY_START] Processing 20JAN
2026-01-18 00:21:50 | INFO     | [lf.day.start] Processing GIZ-CAI for 20JAN
2026-01-18 00:21:51 | WARNING  | [lf.day.no_flights] No direct flights on 20JAN
2026-01-18 00:21:51 | INFO     | [SUCCESS] Day 20JAN
2026-01-18 00:21:51 | INFO     | [DAY_START] Processing 19JAN
2026-01-18 00:21:51 | INFO     | [lf.day.start] Processing GIZ-CAI for 19JAN
2026-01-18 00:21:52 | WARNING  | [lf.day.no_flights] No direct flights on 19JAN
2026-01-18 00:21:52 | INFO     | [SUCCESS] Day 19JAN
2026-01-18 00:21:52 | INFO     | [DAY_START] Processing 17JAN
2026-01-18 00:21:52 | INFO     | [lf.day.start] Processing GIZ-CAI for 17JAN
2026-01-18 00:21:53 | WARNING  | [lf.day.no_flights] No direct flights on 17JAN
2026-01-18 00:21:53 | INFO     | [SUCCESS] Day 17JAN
2026-01-18 00:21:53 | INFO     | [SUCCESS] LF Search Complete
2026-01-18 00:21:53 | INFO     | [Worker_9234] Completed: GIZ-CAI - 7 results, 0 errors
2026-01-18 00:21:53 | INFO     | [Worker_9234] Processing: CAI-JED
2026-01-18 00:21:53 | INFO     |   Tier 0: Range 1, Chunk 3/3 (8 days)
