2026-01-18 00:06:13 | INFO     | ======================================================================
2026-01-18 00:06:13 | INFO     | Load Factor Scraper Started - Route: HBE-JED
2026-01-18 00:06:13 | INFO     | Log file: D:\CODERED\LAB\Artifacts\outputs\run_generated_170126_at_23.33_RETRY\logs\LF_HBE-JED_20260118_000613.log
2026-01-18 00:06:13 | INFO     | Enhanced logging: Capturing both logging.info() and print()
2026-01-18 00:06:13 | INFO     | ======================================================================
2026-01-18 00:06:13 | INFO     | Starting LF search for route: HBE-JED
2026-01-18 00:06:13 | INFO     | [START] LF Search
2026-01-18 00:06:14 | INFO     | [HEALTH CHECK] [OK] Chrome connection is healthy
2026-01-18 00:06:15 | INFO     | [DAY_START] Processing 18FEB
2026-01-18 00:06:15 | INFO     | [lf.day.start] Processing HBE-JED for 18FEB
2026-01-18 00:06:16 | INFO     | [lf.day.flights_found] Found 3 flights on 18FEB
2026-01-18 00:06:18 | INFO     | [lf.flight.extracted] SM451 on 18FEB: BKG=179, LF=100.0%
2026-01-18 00:06:22 | INFO     | [lf.flight.extracted] SM457 on 18FEB: BKG=175, LF=99.4%
2026-01-18 00:06:26 | INFO     | [lf.flight.extracted] SM473 on 18FEB: BKG=176, LF=100.0%
2026-01-18 00:06:34 | INFO     | [SUCCESS] Day 18FEB
2026-01-18 00:06:34 | INFO     | [DAY_START] Processing 17FEB
2026-01-18 00:06:34 | INFO     | [lf.day.start] Processing HBE-JED for 17FEB
2026-01-18 00:06:35 | INFO     | [lf.day.flights_found] Found 3 flights on 17FEB
2026-01-18 00:06:38 | INFO     | [lf.flight.extracted] SM451 on 17FEB: BKG=179, LF=100.0%
2026-01-18 00:06:42 | INFO     | [lf.flight.extracted] SM973 on 17FEB: BKG=170, LF=95.0%
2026-01-18 00:06:46 | INFO     | [lf.flight.extracted] SM957 on 17FEB: BKG=180, LF=100.6%
2026-01-18 00:06:52 | INFO     | [SUCCESS] Day 17FEB
2026-01-18 00:06:52 | INFO     | [DAY_START] Processing 16FEB
2026-01-18 00:06:52 | INFO     | [lf.day.start] Processing HBE-JED for 16FEB
2026-01-18 00:06:54 | INFO     | [lf.day.flights_found] Found 5 flights on 16FEB
2026-01-18 00:06:57 | INFO     | [lf.flight.extracted] SM973 on 16FEB: BKG=170, LF=95.0%
2026-01-18 00:07:00 | INFO     | [lf.flight.extracted] SM457 on 16FEB: BKG=179, LF=100.0%
2026-01-18 00:07:04 | INFO     | [lf.flight.extracted] SM2455 on 16FEB: BKG=175, LF=97.8%
2026-01-18 00:07:09 | INFO     | [lf.flight.extracted] SM451 on 16FEB: BKG=179, LF=100.0%
2026-01-18 00:07:12 | INFO     | [lf.flight.extracted] SM2457 on 16FEB: BKG=175, LF=97.2%
2026-01-18 00:07:21 | INFO     | [SUCCESS] Day 16FEB
2026-01-18 00:07:21 | INFO     | [DAY_START] Processing 15FEB
2026-01-18 00:07:21 | INFO     | [lf.day.start] Processing HBE-JED for 15FEB
2026-01-18 00:07:23 | INFO     | [lf.day.flights_found] Found 3 flights on 15FEB
2026-01-18 00:07:25 | INFO     | [lf.flight.extracted] SM957 on 15FEB: BKG=170, LF=95.0%
2026-01-18 00:07:29 | INFO     | [lf.flight.extracted] SM451 on 15FEB: BKG=179, LF=100.0%
2026-01-18 00:07:33 | INFO     | [lf.flight.extracted] SM457 on 15FEB: BKG=188, LF=105.0%
2026-01-18 00:07:39 | INFO     | [SUCCESS] Day 15FEB
2026-01-18 00:07:39 | INFO     | [DAY_START] Processing 14FEB
2026-01-18 00:07:39 | INFO     | [lf.day.start] Processing HBE-JED for 14FEB
2026-01-18 00:07:41 | INFO     | [lf.day.flights_found] Found 3 flights on 14FEB
2026-01-18 00:07:43 | INFO     | [lf.flight.extracted] SM457 on 14FEB: BKG=179, LF=100.0%
2026-01-18 00:07:47 | INFO     | [lf.flight.extracted] SM451 on 14FEB: BKG=183, LF=102.2%
2026-01-18 00:07:51 | INFO     | [lf.flight.extracted] SM979 on 14FEB: BKG=170, LF=95.0%
2026-01-18 00:08:00 | INFO     | [SUCCESS] Day 14FEB
2026-01-18 00:08:00 | INFO     | [DAY_START] Processing 13FEB
2026-01-18 00:08:00 | INFO     | [lf.day.start] Processing HBE-JED for 13FEB
2026-01-18 00:08:01 | INFO     | [lf.day.flights_found] Found 2 flights on 13FEB
2026-01-18 00:08:04 | INFO     | [lf.flight.extracted] SM451 on 13FEB: BKG=181, LF=101.1%
2026-01-18 00:08:08 | INFO     | [lf.flight.extracted] SM951 on 13FEB: BKG=175, LF=97.8%
2026-01-18 00:08:13 | INFO     | [SUCCESS] Day 13FEB
2026-01-18 00:08:13 | INFO     | [DAY_START] Processing 12FEB
2026-01-18 00:08:13 | INFO     | [lf.day.start] Processing HBE-JED for 12FEB
2026-01-18 00:08:15 | INFO     | [lf.day.flights_found] Found 2 flights on 12FEB
2026-01-18 00:08:18 | INFO     | [lf.flight.extracted] SM451 on 12FEB: BKG=179, LF=100.0%
2026-01-18 00:08:22 | INFO     | [lf.flight.extracted] SM2457 on 12FEB: BKG=0, LF=0.0%
2026-01-18 00:08:26 | INFO     | [SUCCESS] Day 12FEB
2026-01-18 00:08:26 | INFO     | [DAY_START] Processing 11FEB
2026-01-18 00:08:26 | INFO     | [lf.day.start] Processing HBE-JED for 11FEB
2026-01-18 00:08:27 | INFO     | [lf.day.flights_found] Found 6 flights on 11FEB
2026-01-18 00:08:29 | INFO     | [lf.flight.extracted] SM2449 on 11FEB: BKG=0, LF=0.0%
2026-01-18 00:08:34 | INFO     | [lf.flight.extracted] SM451 on 11FEB: BKG=179, LF=100.0%
2026-01-18 00:08:38 | INFO     | [lf.flight.extracted] SM2451 on 11FEB: BKG=0, LF=0.0%
2026-01-18 00:08:42 | INFO     | [lf.flight.extracted] SM457 on 11FEB: BKG=179, LF=100.0%
2026-01-18 00:08:45 | INFO     | [lf.flight.extracted] SM2453 on 11FEB: BKG=0, LF=0.0%
2026-01-18 00:08:49 | INFO     | [lf.flight.extracted] SM473 on 11FEB: BKG=179, LF=100.0%
2026-01-18 00:08:57 | INFO     | [SUCCESS] Day 11FEB
2026-01-18 00:08:57 | INFO     | [SUCCESS] LF Search Complete
2026-01-18 00:09:07 | INFO     | [Worker_9223] Completed: HBE-JED - 8 results, 0 errors
2026-01-18 00:09:07 | INFO     | [Worker_9223] Processing: JED-ATZ
2026-01-18 00:09:07 | INFO     |   Tier 0: Range 1, Chunk 1/3 (9 days)
