2026-01-18 00:01:00 | INFO     | ======================================================================
2026-01-18 00:01:00 | INFO     | Load Factor Scraper Started - Route: HBE-JED
2026-01-18 00:01:00 | INFO     | Log file: D:\CODERED\LAB\Artifacts\outputs\run_generated_170126_at_23.33_RETRY\logs\LF_HBE-JED_20260118_000100.log
2026-01-18 00:01:00 | INFO     | Enhanced logging: Capturing both logging.info() and print()
2026-01-18 00:01:00 | INFO     | ======================================================================
2026-01-18 00:01:00 | INFO     | Starting LF search for route: HBE-JED
2026-01-18 00:01:00 | INFO     | [START] LF Search
2026-01-18 00:01:01 | INFO     | [HEALTH CHECK] [OK] Chrome connection is healthy
2026-01-18 00:01:01 | INFO     | [DAY_START] Processing 26FEB
2026-01-18 00:01:01 | INFO     | [lf.day.start] Processing HBE-JED for 26FEB
2026-01-18 00:01:02 | INFO     | [lf.day.flights_found] Found 2 flights on 26FEB
2026-01-18 00:01:04 | INFO     | [lf.flight.extracted] SM451 on 26FEB: BKG=179, LF=100.0%
2026-01-18 00:01:08 | INFO     | [lf.flight.extracted] SM2461 on 26FEB: BKG=0, LF=0.0%
2026-01-18 00:01:10 | INFO     | [SUCCESS] Day 26FEB
2026-01-18 00:01:10 | INFO     | [DAY_START] Processing 25FEB
2026-01-18 00:01:10 | INFO     | [lf.day.start] Processing HBE-JED for 25FEB
2026-01-18 00:01:11 | INFO     | [lf.day.flights_found] Found 5 flights on 25FEB
2026-01-18 00:01:14 | INFO     | [lf.flight.extracted] SM451 on 25FEB: BKG=179, LF=100.0%
2026-01-18 00:01:17 | INFO     | [lf.flight.extracted] SM2457 on 25FEB: BKG=0, LF=0.0%
2026-01-18 00:01:21 | INFO     | [lf.flight.extracted] SM457 on 25FEB: BKG=181, LF=101.1%
2026-01-18 00:01:24 | INFO     | [lf.flight.extracted] SM2459 on 25FEB: BKG=0, LF=0.0%
2026-01-18 00:01:28 | INFO     | [lf.flight.extracted] SM473 on 25FEB: BKG=179, LF=100.0%
2026-01-18 00:01:35 | INFO     | [SUCCESS] Day 25FEB
2026-01-18 00:01:35 | INFO     | [DAY_START] Processing 24FEB
2026-01-18 00:01:35 | INFO     | [lf.day.start] Processing HBE-JED for 24FEB
2026-01-18 00:01:36 | INFO     | [lf.day.flights_found] Found 1 flights on 24FEB
2026-01-18 00:01:39 | INFO     | [lf.flight.extracted] SM451 on 24FEB: BKG=180, LF=100.6%
2026-01-18 00:01:42 | INFO     | [SUCCESS] Day 24FEB
2026-01-18 00:01:42 | INFO     | [DAY_START] Processing 23FEB
2026-01-18 00:01:42 | INFO     | [lf.day.start] Processing HBE-JED for 23FEB
2026-01-18 00:01:43 | INFO     | [lf.day.flights_found] Found 3 flights on 23FEB
2026-01-18 00:01:45 | INFO     | [lf.flight.extracted] SM457 on 23FEB: BKG=179, LF=100.0%
2026-01-18 00:01:49 | INFO     | [lf.flight.extracted] SM451 on 23FEB: BKG=179, LF=100.0%
2026-01-18 00:01:53 | INFO     | [lf.flight.extracted] SM2477 on 23FEB: BKG=165, LF=93.8%
2026-01-18 00:02:02 | INFO     | [SUCCESS] Day 23FEB
2026-01-18 00:02:02 | INFO     | [DAY_START] Processing 22FEB
2026-01-18 00:02:02 | INFO     | [lf.day.start] Processing HBE-JED for 22FEB
2026-01-18 00:02:03 | INFO     | [lf.day.flights_found] Found 2 flights on 22FEB
2026-01-18 00:02:05 | INFO     | [lf.flight.extracted] SM451 on 22FEB: BKG=179, LF=100.0%
2026-01-18 00:02:09 | INFO     | [lf.flight.extracted] SM457 on 22FEB: BKG=171, LF=95.5%
2026-01-18 00:02:13 | INFO     | [SUCCESS] Day 22FEB
2026-01-18 00:02:13 | INFO     | [DAY_START] Processing 21FEB
2026-01-18 00:02:13 | INFO     | [lf.day.start] Processing HBE-JED for 21FEB
2026-01-18 00:02:24 | INFO     | [lf.day.flights_found] Found 2 flights on 21FEB
2026-01-18 00:02:26 | INFO     | [lf.flight.extracted] SM457 on 21FEB: BKG=181, LF=101.1%
2026-01-18 00:02:30 | INFO     | [lf.flight.extracted] SM451 on 21FEB: BKG=179, LF=100.0%
2026-01-18 00:02:34 | INFO     | [SUCCESS] Day 21FEB
2026-01-18 00:02:34 | INFO     | [DAY_START] Processing 20FEB
2026-01-18 00:02:34 | INFO     | [lf.day.start] Processing HBE-JED for 20FEB
2026-01-18 00:02:35 | INFO     | [lf.day.flights_found] Found 1 flights on 20FEB
2026-01-18 00:02:38 | INFO     | [lf.flight.extracted] SM451 on 20FEB: BKG=179, LF=100.0%
2026-01-18 00:02:41 | INFO     | [SUCCESS] Day 20FEB
2026-01-18 00:02:41 | INFO     | [DAY_START] Processing 19FEB
2026-01-18 00:02:41 | INFO     | [lf.day.start] Processing HBE-JED for 19FEB
2026-01-18 00:02:42 | INFO     | [lf.day.flights_found] Found 1 flights on 19FEB
2026-01-18 00:02:45 | INFO     | [lf.flight.extracted] SM451 on 19FEB: BKG=179, LF=100.0%
2026-01-18 00:02:48 | INFO     | [SUCCESS] Day 19FEB
2026-01-18 00:02:48 | INFO     | [SUCCESS] LF Search Complete
2026-01-18 00:02:48 | INFO     | [Worker_9222] Completed: HBE-JED - 8 results, 0 errors
2026-01-18 00:02:48 | INFO     | [Worker_9222] Processing: ATZ-ELQ
2026-01-18 00:02:48 | INFO     |   Tier 0: Range 2, Chunk 2/3 (8 days)
