2026-01-17 23:52:41 | INFO     | ======================================================================
2026-01-17 23:52:41 | INFO     | Load Factor Scraper Started - Route: HBE-MED
2026-01-17 23:52:41 | INFO     | Log file: D:\CODERED\LAB\Artifacts\outputs\run_generated_170126_at_23.33_RETRY\logs\LF_HBE-MED_20260117_235241.log
2026-01-17 23:52:41 | INFO     | Enhanced logging: Capturing both logging.info() and print()
2026-01-17 23:52:41 | INFO     | ======================================================================
2026-01-17 23:52:41 | INFO     | Starting LF search for route: HBE-MED
2026-01-17 23:52:41 | INFO     | [START] LF Search
2026-01-17 23:52:43 | INFO     | [HEALTH CHECK] [OK] Chrome connection is healthy
2026-01-17 23:52:43 | INFO     | [DAY_START] Processing 15MAR
2026-01-17 23:52:43 | INFO     | [lf.day.start] Processing HBE-MED for 15MAR
2026-01-17 23:52:44 | INFO     | [lf.day.flights_found] Found 1 flights on 15MAR
2026-01-17 23:52:46 | INFO     | [lf.flight.extracted] SM485 on 15MAR: BKG=0, LF=0.0%
2026-01-17 23:52:47 | INFO     | [SUCCESS] Day 15MAR
2026-01-17 23:52:47 | INFO     | [DAY_START] Processing 14MAR
2026-01-17 23:52:47 | INFO     | [lf.day.start] Processing HBE-MED for 14MAR
2026-01-17 23:52:48 | WARNING  | [lf.day.no_flights] No direct flights on 14MAR
2026-01-17 23:52:48 | INFO     | [SUCCESS] Day 14MAR
2026-01-17 23:52:48 | INFO     | [DAY_START] Processing 13MAR
2026-01-17 23:52:48 | INFO     | [lf.day.start] Processing HBE-MED for 13MAR
2026-01-17 23:52:49 | WARNING  | [lf.day.no_flights] No direct flights on 13MAR
2026-01-17 23:52:49 | INFO     | [SUCCESS] Day 13MAR
2026-01-17 23:52:49 | INFO     | [DAY_START] Processing 12MAR
2026-01-17 23:52:49 | INFO     | [lf.day.start] Processing HBE-MED for 12MAR
2026-01-17 23:52:51 | INFO     | [lf.day.flights_found] Found 1 flights on 12MAR
2026-01-17 23:52:53 | INFO     | [lf.flight.extracted] SM485 on 12MAR: BKG=1, LF=0.6%
2026-01-17 23:52:56 | INFO     | [SUCCESS] Day 12MAR
2026-01-17 23:52:56 | INFO     | [DAY_START] Processing 11MAR
2026-01-17 23:52:56 | INFO     | [lf.day.start] Processing HBE-MED for 11MAR
2026-01-17 23:52:57 | INFO     | [lf.day.flights_found] Found 1 flights on 11MAR
2026-01-17 23:52:59 | INFO     | [lf.flight.extracted] SM485 on 11MAR: BKG=5, LF=2.8%
2026-01-17 23:53:03 | INFO     | [SUCCESS] Day 11MAR
2026-01-17 23:53:03 | INFO     | [DAY_START] Processing 10MAR
2026-01-17 23:53:03 | INFO     | [lf.day.start] Processing HBE-MED for 10MAR
2026-01-17 23:53:04 | INFO     | [lf.day.flights_found] Found 1 flights on 10MAR
2026-01-17 23:53:06 | INFO     | [lf.flight.extracted] SM485 on 10MAR: BKG=0, LF=0.0%
2026-01-17 23:53:08 | INFO     | [SUCCESS] Day 10MAR
2026-01-17 23:53:08 | INFO     | [DAY_START] Processing 09MAR
2026-01-17 23:53:08 | INFO     | [lf.day.start] Processing HBE-MED for 09MAR
2026-01-17 23:53:09 | WARNING  | [lf.day.no_flights] No direct flights on 09MAR
2026-01-17 23:53:09 | INFO     | [SUCCESS] Day 09MAR
2026-01-17 23:53:09 | INFO     | [DAY_START] Processing 08MAR
2026-01-17 23:53:09 | INFO     | [lf.day.start] Processing HBE-MED for 08MAR
2026-01-17 23:53:10 | INFO     | [lf.day.flights_found] Found 1 flights on 08MAR
2026-01-17 23:53:12 | INFO     | [lf.flight.extracted] SM485 on 08MAR: BKG=15, LF=8.4%
2026-01-17 23:53:16 | INFO     | [SUCCESS] Day 08MAR
2026-01-17 23:53:16 | INFO     | [SUCCESS] LF Search Complete
2026-01-17 23:53:16 | INFO     | [Worker_9227] Completed: HBE-MED - 8 results, 0 errors
2026-01-17 23:53:16 | INFO     | [Worker_9227] Processing: ATZ-RUH
2026-01-17 23:53:16 | INFO     |   Tier 0: Range 3, Chunk 3/3 (8 days)
