2026-01-17 23:56:33 | INFO     | ======================================================================
2026-01-17 23:56:33 | INFO     | Load Factor Scraper Started - Route: HBE-MED
2026-01-17 23:56:33 | INFO     | Log file: D:\CODERED\LAB\Artifacts\outputs\run_generated_170126_at_23.33_RETRY\logs\LF_HBE-MED_20260117_235633.log
2026-01-17 23:56:33 | INFO     | Enhanced logging: Capturing both logging.info() and print()
2026-01-17 23:56:33 | INFO     | ======================================================================
2026-01-17 23:56:33 | INFO     | Starting LF search for route: HBE-MED
2026-01-17 23:56:33 | INFO     | [START] LF Search
2026-01-17 23:56:34 | INFO     | [HEALTH CHECK] [OK] Chrome connection is healthy
2026-01-17 23:56:34 | INFO     | [DAY_START] Processing 07MAR
2026-01-17 23:56:34 | INFO     | [lf.day.start] Processing HBE-MED for 07MAR
2026-01-17 23:56:35 | WARNING  | [lf.day.no_flights] No direct flights on 07MAR
2026-01-17 23:56:35 | INFO     | [SUCCESS] Day 07MAR
2026-01-17 23:56:35 | INFO     | [DAY_START] Processing 06MAR
2026-01-17 23:56:35 | INFO     | [lf.day.start] Processing HBE-MED for 06MAR
2026-01-17 23:56:36 | WARNING  | [lf.day.no_flights] No direct flights on 06MAR
2026-01-17 23:56:36 | INFO     | [SUCCESS] Day 06MAR
2026-01-17 23:56:36 | INFO     | [DAY_START] Processing 05MAR
2026-01-17 23:56:36 | INFO     | [lf.day.start] Processing HBE-MED for 05MAR
2026-01-17 23:56:37 | INFO     | [lf.day.flights_found] Found 1 flights on 05MAR
2026-01-17 23:56:39 | INFO     | [lf.flight.extracted] SM485 on 05MAR: BKG=181, LF=101.1%
2026-01-17 23:56:43 | INFO     | [SUCCESS] Day 05MAR
2026-01-17 23:56:43 | INFO     | [DAY_START] Processing 04MAR
2026-01-17 23:56:43 | INFO     | [lf.day.start] Processing HBE-MED for 04MAR
2026-01-17 23:56:44 | INFO     | [lf.day.flights_found] Found 1 flights on 04MAR
2026-01-17 23:56:46 | INFO     | [lf.flight.extracted] SM485 on 04MAR: BKG=175, LF=97.8%
2026-01-17 23:56:48 | INFO     | [SUCCESS] Day 04MAR
2026-01-17 23:56:48 | INFO     | [DAY_START] Processing 03MAR
2026-01-17 23:56:48 | INFO     | [lf.day.start] Processing HBE-MED for 03MAR
2026-01-17 23:56:49 | INFO     | [lf.day.flights_found] Found 1 flights on 03MAR
2026-01-17 23:56:51 | INFO     | [lf.flight.extracted] SM485 on 03MAR: BKG=107, LF=59.8%
2026-01-17 23:56:54 | INFO     | [SUCCESS] Day 03MAR
2026-01-17 23:56:54 | INFO     | [DAY_START] Processing 02MAR
2026-01-17 23:56:54 | INFO     | [lf.day.start] Processing HBE-MED for 02MAR
2026-01-17 23:56:55 | WARNING  | [lf.day.no_flights] No direct flights on 02MAR
2026-01-17 23:56:55 | INFO     | [SUCCESS] Day 02MAR
2026-01-17 23:56:55 | INFO     | [DAY_START] Processing 01MAR
2026-01-17 23:56:55 | INFO     | [lf.day.start] Processing HBE-MED for 01MAR
2026-01-17 23:56:56 | INFO     | [lf.day.flights_found] Found 1 flights on 01MAR
2026-01-17 23:56:58 | INFO     | [lf.flight.extracted] SM485 on 01MAR: BKG=9, LF=5.0%
2026-01-17 23:57:01 | INFO     | [SUCCESS] Day 01MAR
2026-01-17 23:57:01 | INFO     | [DAY_START] Processing 28FEB
2026-01-17 23:57:01 | INFO     | [lf.day.start] Processing HBE-MED for 28FEB
2026-01-17 23:57:02 | WARNING  | [lf.day.no_flights] No direct flights on 28FEB
2026-01-17 23:57:02 | INFO     | [SUCCESS] Day 28FEB
2026-01-17 23:57:02 | INFO     | [DAY_START] Processing 27FEB
2026-01-17 23:57:02 | INFO     | [lf.day.start] Processing HBE-MED for 27FEB
2026-01-17 23:57:03 | WARNING  | [lf.day.no_flights] No direct flights on 27FEB
2026-01-17 23:57:03 | INFO     | [SUCCESS] Day 27FEB
2026-01-17 23:57:03 | INFO     | [SUCCESS] LF Search Complete
2026-01-17 23:57:03 | INFO     | [Worker_9227] Completed: HBE-MED - 9 results, 0 errors
2026-01-17 23:57:03 | INFO     | [Worker_9227] Processing: LXR-JED
2026-01-17 23:57:03 | INFO     |   Tier 0: Range 2, Chunk 1/3 (9 days)
