2026-01-17 23:44:40 | INFO     | ======================================================================
2026-01-17 23:44:40 | INFO     | Load Factor Scraper Started - Route: HBE-JED
2026-01-17 23:44:40 | INFO     | Log file: D:\CODERED\LAB\Artifacts\outputs\run_generated_170126_at_23.33_RETRY\logs\LF_HBE-JED_20260117_234440.log
2026-01-17 23:44:40 | INFO     | Enhanced logging: Capturing both logging.info() and print()
2026-01-17 23:44:40 | INFO     | ======================================================================
2026-01-17 23:44:40 | INFO     | Starting LF search for route: HBE-JED
2026-01-17 23:44:40 | INFO     | [START] LF Search
2026-01-17 23:44:41 | INFO     | [HEALTH CHECK] [OK] Chrome connection is healthy
2026-01-17 23:44:41 | INFO     | [DAY_START] Processing 01APR
2026-01-17 23:44:41 | INFO     | [lf.day.start] Processing HBE-JED for 01APR
2026-01-17 23:44:42 | INFO     | [lf.day.flights_found] Found 1 flights on 01APR
2026-01-17 23:44:44 | INFO     | [lf.flight.extracted] SM451 on 01APR: BKG=20, LF=11.2%
2026-01-17 23:44:48 | INFO     | [SUCCESS] Day 01APR
2026-01-17 23:44:48 | INFO     | [DAY_START] Processing 31MAR
2026-01-17 23:44:48 | INFO     | [lf.day.start] Processing HBE-JED for 31MAR
2026-01-17 23:44:49 | WARNING  | [lf.day.no_flights] No direct flights on 31MAR
2026-01-17 23:44:49 | INFO     | [SUCCESS] Day 31MAR
2026-01-17 23:44:49 | INFO     | [DAY_START] Processing 30MAR
2026-01-17 23:44:49 | INFO     | [lf.day.start] Processing HBE-JED for 30MAR
2026-01-17 23:44:50 | INFO     | [lf.day.flights_found] Found 1 flights on 30MAR
2026-01-17 23:44:52 | INFO     | [lf.flight.extracted] SM451 on 30MAR: BKG=18, LF=10.1%
2026-01-17 23:44:55 | INFO     | [SUCCESS] Day 30MAR
2026-01-17 23:44:55 | INFO     | [DAY_START] Processing 29MAR
2026-01-17 23:44:55 | INFO     | [lf.day.start] Processing HBE-JED for 29MAR
2026-01-17 23:44:56 | INFO     | [lf.day.flights_found] Found 1 flights on 29MAR
2026-01-17 23:44:58 | INFO     | [lf.flight.extracted] SM451 on 29MAR: BKG=56, LF=31.3%
2026-01-17 23:45:02 | INFO     | [SUCCESS] Day 29MAR
2026-01-17 23:45:02 | INFO     | [DAY_START] Processing 28MAR
2026-01-17 23:45:02 | INFO     | [lf.day.start] Processing HBE-JED for 28MAR
2026-01-17 23:45:03 | INFO     | [lf.day.flights_found] Found 2 flights on 28MAR
2026-01-17 23:45:05 | INFO     | [lf.flight.extracted] SM457 on 28MAR: BKG=77, LF=43.0%
2026-01-17 23:45:09 | INFO     | [lf.flight.extracted] SM451 on 28MAR: BKG=99, LF=55.3%
2026-01-17 23:45:20 | INFO     | [SUCCESS] Day 28MAR
2026-01-17 23:45:20 | INFO     | [DAY_START] Processing 27MAR
2026-01-17 23:45:20 | INFO     | [lf.day.start] Processing HBE-JED for 27MAR
2026-01-17 23:45:21 | INFO     | [lf.day.flights_found] Found 1 flights on 27MAR
2026-01-17 23:45:23 | INFO     | [lf.flight.extracted] SM451 on 27MAR: BKG=58, LF=32.4%
2026-01-17 23:45:27 | INFO     | [SUCCESS] Day 27MAR
2026-01-17 23:45:27 | INFO     | [DAY_START] Processing 26MAR
2026-01-17 23:45:27 | INFO     | [lf.day.start] Processing HBE-JED for 26MAR
2026-01-17 23:45:28 | INFO     | [lf.day.flights_found] Found 1 flights on 26MAR
2026-01-17 23:45:31 | INFO     | [lf.flight.extracted] SM451 on 26MAR: BKG=4, LF=2.2%
2026-01-17 23:45:33 | ERROR    | Atomic write failed for D:\CODERED\LAB\Artifacts\outputs\run_generated_170126_at_23.33_RETRY\checkpoints\flight_booking_data.json: [WinError 5] Access is denied: 'D:\\CODERED\\LAB\\Artifacts\\outputs\\run_generated_170126_at_23.33_RETRY\\checkpoints\\flight_booking_data.tmp_0fca870a' -> 'D:\\CODERED\\LAB\\Artifacts\\outputs\\run_generated_170126_at_23.33_RETRY\\checkpoints\\flight_booking_data.json'
2026-01-17 23:45:34 | INFO     | [SUCCESS] Day 26MAR
2026-01-17 23:45:34 | INFO     | [DAY_START] Processing 25MAR
2026-01-17 23:45:34 | INFO     | [lf.day.start] Processing HBE-JED for 25MAR
2026-01-17 23:45:35 | INFO     | [lf.day.flights_found] Found 3 flights on 25MAR
2026-01-17 23:45:37 | INFO     | [lf.flight.extracted] SM451 on 25MAR: BKG=0, LF=0.0%
2026-01-17 23:45:40 | INFO     | [lf.flight.extracted] SM457 on 25MAR: BKG=4, LF=2.2%
2026-01-17 23:45:43 | INFO     | [lf.flight.extracted] SM473 on 25MAR: BKG=0, LF=0.0%
2026-01-17 23:45:46 | INFO     | [SUCCESS] Day 25MAR
2026-01-17 23:45:46 | INFO     | [DAY_START] Processing 24MAR
2026-01-17 23:45:46 | INFO     | [lf.day.start] Processing HBE-JED for 24MAR
2026-01-17 23:45:47 | INFO     | [lf.day.flights_found] Found 3 flights on 24MAR
2026-01-17 23:45:49 | INFO     | [lf.flight.extracted] SM961 on 24MAR: BKG=12, LF=6.7%
2026-01-17 23:45:52 | INFO     | [lf.flight.extracted] SM451 on 24MAR: BKG=0, LF=0.0%
2026-01-17 23:45:55 | INFO     | [lf.flight.extracted] SM957 on 24MAR: BKG=0, LF=0.0%
2026-01-17 23:45:58 | INFO     | [SUCCESS] Day 24MAR
2026-01-17 23:45:58 | INFO     | [SUCCESS] LF Search Complete
2026-01-17 23:45:58 | INFO     | [Worker_9227] Completed: HBE-JED - 9 results, 0 errors
2026-01-17 23:45:58 | INFO     | [Worker_9227] Processing: CAI-AHB
2026-01-17 23:45:58 | INFO     |   Tier 0: Range 3, Chunk 1/3 (9 days)
