2026-01-17 23:43:17 | INFO     | ======================================================================
2026-01-17 23:43:17 | INFO     | Load Factor Scraper Started - Route: JED-ASW
2026-01-17 23:43:17 | INFO     | Log file: D:\CODERED\LAB\Artifacts\outputs\run_generated_170126_at_23.33_RETRY\logs\LF_JED-ASW_20260117_234317.log
2026-01-17 23:43:17 | INFO     | Enhanced logging: Capturing both logging.info() and print()
2026-01-17 23:43:17 | INFO     | ======================================================================
2026-01-17 23:43:17 | INFO     | Starting LF search for route: JED-ASW
2026-01-17 23:43:17 | INFO     | [START] LF Search
2026-01-17 23:43:18 | INFO     | [HEALTH CHECK] [OK] Chrome connection is healthy
2026-01-17 23:43:18 | INFO     | [DAY_START] Processing 01APR
2026-01-17 23:43:18 | INFO     | [lf.day.start] Processing JED-ASW for 01APR
2026-01-17 23:43:19 | WARNING  | [lf.day.no_flights] No direct flights on 01APR
2026-01-17 23:43:19 | INFO     | [SUCCESS] Day 01APR
2026-01-17 23:43:19 | INFO     | [DAY_START] Processing 31MAR
2026-01-17 23:43:19 | INFO     | [lf.day.start] Processing JED-ASW for 31MAR
2026-01-17 23:43:20 | WARNING  | [lf.day.no_flights] No direct flights on 31MAR
2026-01-17 23:43:20 | INFO     | [SUCCESS] Day 31MAR
2026-01-17 23:43:20 | INFO     | [DAY_START] Processing 30MAR
2026-01-17 23:43:20 | INFO     | [lf.day.start] Processing JED-ASW for 30MAR
2026-01-17 23:43:21 | WARNING  | [lf.day.no_flights] No direct flights on 30MAR
2026-01-17 23:43:21 | INFO     | [SUCCESS] Day 30MAR
2026-01-17 23:43:21 | INFO     | [DAY_START] Processing 29MAR
2026-01-17 23:43:21 | INFO     | [lf.day.start] Processing JED-ASW for 29MAR
2026-01-17 23:43:22 | WARNING  | [lf.day.no_flights] No direct flights on 29MAR
2026-01-17 23:43:22 | INFO     | [SUCCESS] Day 29MAR
2026-01-17 23:43:22 | INFO     | [DAY_START] Processing 28MAR
2026-01-17 23:43:22 | INFO     | [lf.day.start] Processing JED-ASW for 28MAR
2026-01-17 23:43:23 | WARNING  | [lf.day.no_flights] No direct flights on 28MAR
2026-01-17 23:43:24 | INFO     | [SUCCESS] Day 28MAR
2026-01-17 23:43:24 | INFO     | [DAY_START] Processing 27MAR
2026-01-17 23:43:24 | INFO     | [lf.day.start] Processing JED-ASW for 27MAR
2026-01-17 23:43:25 | WARNING  | [lf.day.no_flights] No direct flights on 27MAR
2026-01-17 23:43:25 | INFO     | [SUCCESS] Day 27MAR
2026-01-17 23:43:25 | INFO     | [DAY_START] Processing 26MAR
2026-01-17 23:43:25 | INFO     | [lf.day.start] Processing JED-ASW for 26MAR
2026-01-17 23:43:26 | INFO     | [lf.day.flights_found] Found 1 flights on 26MAR
2026-01-17 23:43:27 | INFO     | [lf.flight.extracted] SM950 on 26MAR: BKG=0, LF=0.0%
2026-01-17 23:43:29 | INFO     | [SUCCESS] Day 26MAR
2026-01-17 23:43:29 | INFO     | [DAY_START] Processing 25MAR
2026-01-17 23:43:29 | INFO     | [lf.day.start] Processing JED-ASW for 25MAR
2026-01-17 23:43:30 | INFO     | [lf.day.flights_found] Found 1 flights on 25MAR
2026-01-17 23:43:31 | INFO     | [lf.flight.extracted] SM426 on 25MAR: BKG=0, LF=0.0%
2026-01-17 23:43:33 | INFO     | [SUCCESS] Day 25MAR
2026-01-17 23:43:33 | INFO     | [DAY_START] Processing 24MAR
2026-01-17 23:43:33 | INFO     | [lf.day.start] Processing JED-ASW for 24MAR
2026-01-17 23:43:34 | WARNING  | [lf.day.no_flights] No direct flights on 24MAR
2026-01-17 23:43:34 | INFO     | [SUCCESS] Day 24MAR
2026-01-17 23:43:34 | INFO     | [SUCCESS] LF Search Complete
2026-01-17 23:43:34 | INFO     | [Worker_9233] Completed: JED-ASW - 9 results, 0 errors
2026-01-17 23:43:34 | INFO     | [Worker_9233] Processing: DMM-CAI
2026-01-17 23:43:34 | INFO     |   Tier 0: Range 3, Chunk 1/3 (9 days)
