2026-01-17 23:39:03 | INFO     | ======================================================================
2026-01-17 23:39:03 | INFO     | Load Factor Scraper Started - Route: JED-ATZ
2026-01-17 23:39:03 | INFO     | Log file: D:\CODERED\LAB\Artifacts\outputs\run_generated_170126_at_23.33_RETRY\logs\LF_JED-ATZ_20260117_233903.log
2026-01-17 23:39:03 | INFO     | Enhanced logging: Capturing both logging.info() and print()
2026-01-17 23:39:03 | INFO     | ======================================================================
2026-01-17 23:39:03 | INFO     | Starting LF search for route: JED-ATZ
2026-01-17 23:39:03 | INFO     | [START] LF Search
2026-01-17 23:39:03 | INFO     | [HEALTH CHECK] [OK] Chrome connection is healthy
2026-01-17 23:39:03 | INFO     | [DAY_START] Processing 09APR
2026-01-17 23:39:03 | INFO     | [lf.day.start] Processing JED-ATZ for 09APR
2026-01-17 23:39:04 | INFO     | [lf.day.flights_found] Found 1 flights on 09APR
2026-01-17 23:39:07 | INFO     | [lf.flight.extracted] SM456 on 09APR: BKG=1, LF=0.6%
2026-01-17 23:39:09 | INFO     | [SUCCESS] Day 09APR
2026-01-17 23:39:09 | INFO     | [DAY_START] Processing 08APR
2026-01-17 23:39:09 | INFO     | [lf.day.start] Processing JED-ATZ for 08APR
2026-01-17 23:39:10 | INFO     | [lf.day.flights_found] Found 1 flights on 08APR
2026-01-17 23:39:12 | INFO     | [lf.flight.extracted] SM456 on 08APR: BKG=2, LF=1.1%
2026-01-17 23:39:15 | INFO     | [SUCCESS] Day 08APR
2026-01-17 23:39:15 | INFO     | [DAY_START] Processing 07APR
2026-01-17 23:39:15 | INFO     | [lf.day.start] Processing JED-ATZ for 07APR
2026-01-17 23:39:16 | INFO     | [lf.day.flights_found] Found 1 flights on 07APR
2026-01-17 23:39:18 | INFO     | [lf.flight.extracted] SM456 on 07APR: BKG=183, LF=104.6%
2026-01-17 23:39:21 | INFO     | [SUCCESS] Day 07APR
2026-01-17 23:39:21 | INFO     | [DAY_START] Processing 06APR
2026-01-17 23:39:21 | INFO     | [lf.day.start] Processing JED-ATZ for 06APR
2026-01-17 23:39:22 | INFO     | [lf.day.flights_found] Found 1 flights on 06APR
2026-01-17 23:39:24 | INFO     | [lf.flight.extracted] SM456 on 06APR: BKG=0, LF=0.0%
2026-01-17 23:39:25 | INFO     | [SUCCESS] Day 06APR
2026-01-17 23:39:25 | INFO     | [DAY_START] Processing 05APR
2026-01-17 23:39:25 | INFO     | [lf.day.start] Processing JED-ATZ for 05APR
2026-01-17 23:39:26 | INFO     | [lf.day.flights_found] Found 1 flights on 05APR
2026-01-17 23:39:28 | INFO     | [lf.flight.extracted] SM456 on 05APR: BKG=136, LF=77.7%
2026-01-17 23:39:31 | INFO     | [SUCCESS] Day 05APR
2026-01-17 23:39:31 | INFO     | [DAY_START] Processing 04APR
2026-01-17 23:39:31 | INFO     | [lf.day.start] Processing JED-ATZ for 04APR
2026-01-17 23:39:32 | INFO     | [lf.day.flights_found] Found 1 flights on 04APR
2026-01-17 23:39:34 | INFO     | [lf.flight.extracted] SM456 on 04APR: BKG=136, LF=77.7%
2026-01-17 23:39:36 | INFO     | [SUCCESS] Day 04APR
2026-01-17 23:39:36 | INFO     | [DAY_START] Processing 03APR
2026-01-17 23:39:36 | INFO     | [lf.day.start] Processing JED-ATZ for 03APR
2026-01-17 23:39:37 | INFO     | [lf.day.flights_found] Found 1 flights on 03APR
2026-01-17 23:39:39 | INFO     | [lf.flight.extracted] SM456 on 03APR: BKG=139, LF=79.4%
2026-01-17 23:39:42 | INFO     | [SUCCESS] Day 03APR
2026-01-17 23:39:42 | INFO     | [DAY_START] Processing 02APR
2026-01-17 23:39:42 | INFO     | [lf.day.start] Processing JED-ATZ for 02APR
2026-01-17 23:39:43 | INFO     | [lf.day.flights_found] Found 1 flights on 02APR
2026-01-17 23:39:46 | INFO     | [lf.flight.extracted] SM456 on 02APR: BKG=186, LF=106.3%
2026-01-17 23:39:48 | INFO     | [SUCCESS] Day 02APR
2026-01-17 23:39:48 | INFO     | [SUCCESS] LF Search Complete
2026-01-17 23:39:48 | INFO     | [Worker_9226] Completed: JED-ATZ - 8 results, 0 errors
2026-01-17 23:39:48 | INFO     | [Worker_9226] Processing: AHB-ATZ
2026-01-17 23:39:48 | INFO     |   Tier 0: Range 4, Chunk 3/3 (8 days)
