2026-01-18 00:03:57 | INFO     | ======================================================================
2026-01-18 00:03:57 | INFO     | Load Factor Scraper Started - Route: JED-LXR
2026-01-18 00:03:57 | INFO     | Log file: D:\CODERED\LAB\Artifacts\outputs\run_generated_170126_at_23.33_RETRY\logs\LF_JED-LXR_20260118_000357.log
2026-01-18 00:03:57 | INFO     | Enhanced logging: Capturing both logging.info() and print()
2026-01-18 00:03:57 | INFO     | ======================================================================
2026-01-18 00:03:57 | INFO     | Starting LF search for route: JED-LXR
2026-01-18 00:03:57 | INFO     | [START] LF Search
2026-01-18 00:03:58 | INFO     | [HEALTH CHECK] [OK] Chrome connection is healthy
2026-01-18 00:03:58 | INFO     | [DAY_START] Processing 18FEB
2026-01-18 00:03:58 | INFO     | [lf.day.start] Processing JED-LXR for 18FEB
2026-01-18 00:03:59 | INFO     | [lf.day.flights_found] Found 1 flights on 18FEB
2026-01-18 00:04:01 | INFO     | [lf.flight.extracted] SM984 on 18FEB: BKG=0, LF=0.0%
2026-01-18 00:04:03 | INFO     | [SUCCESS] Day 18FEB
2026-01-18 00:04:03 | INFO     | [DAY_START] Processing 17FEB
2026-01-18 00:04:03 | INFO     | [lf.day.start] Processing JED-LXR for 17FEB
2026-01-18 00:04:04 | INFO     | [lf.day.flights_found] Found 4 flights on 17FEB
2026-01-18 00:04:06 | INFO     | [lf.flight.extracted] SM482 on 17FEB: BKG=0, LF=0.0%
2026-01-18 00:04:10 | INFO     | [lf.flight.extracted] SM430 on 17FEB: BKG=0, LF=0.0%
2026-01-18 00:04:14 | INFO     | [lf.flight.extracted] SM982 on 17FEB: BKG=0, LF=0.0%
2026-01-18 00:04:17 | INFO     | [lf.flight.extracted] SM484 on 17FEB: BKG=8, LF=4.8%
2026-01-18 00:04:21 | INFO     | [SUCCESS] Day 17FEB
2026-01-18 00:04:21 | INFO     | [DAY_START] Processing 16FEB
2026-01-18 00:04:21 | INFO     | [lf.day.start] Processing JED-LXR for 16FEB
2026-01-18 00:04:22 | WARNING  | [lf.day.no_flights] No direct flights on 16FEB
2026-01-18 00:04:22 | INFO     | [SUCCESS] Day 16FEB
2026-01-18 00:04:22 | INFO     | [DAY_START] Processing 15FEB
2026-01-18 00:04:22 | INFO     | [lf.day.start] Processing JED-LXR for 15FEB
2026-01-18 00:04:23 | WARNING  | [lf.day.no_flights] No direct flights on 15FEB
2026-01-18 00:04:23 | INFO     | [SUCCESS] Day 15FEB
2026-01-18 00:04:23 | INFO     | [DAY_START] Processing 14FEB
2026-01-18 00:04:23 | INFO     | [lf.day.start] Processing JED-LXR for 14FEB
2026-01-18 00:04:25 | WARNING  | [lf.day.no_flights] No direct flights on 14FEB
2026-01-18 00:04:25 | INFO     | [SUCCESS] Day 14FEB
2026-01-18 00:04:25 | INFO     | [DAY_START] Processing 13FEB
2026-01-18 00:04:25 | INFO     | [lf.day.start] Processing JED-LXR for 13FEB
2026-01-18 00:04:26 | WARNING  | [lf.day.no_flights] No direct flights on 13FEB
2026-01-18 00:04:26 | INFO     | [SUCCESS] Day 13FEB
2026-01-18 00:04:26 | INFO     | [DAY_START] Processing 12FEB
2026-01-18 00:04:26 | INFO     | [lf.day.start] Processing JED-LXR for 12FEB
2026-01-18 00:04:27 | WARNING  | [lf.day.no_flights] No direct flights on 12FEB
2026-01-18 00:04:28 | INFO     | [SUCCESS] Day 12FEB
2026-01-18 00:04:28 | INFO     | [DAY_START] Processing 11FEB
2026-01-18 00:04:28 | INFO     | [lf.day.start] Processing JED-LXR for 11FEB
2026-01-18 00:04:29 | INFO     | [lf.day.flights_found] Found 2 flights on 11FEB
2026-01-18 00:04:32 | INFO     | [lf.flight.extracted] SM960 on 11FEB: BKG=0, LF=0.0%
2026-01-18 00:04:36 | INFO     | [lf.flight.extracted] SM962 on 11FEB: BKG=0, LF=0.0%
2026-01-18 00:04:38 | INFO     | [SUCCESS] Day 11FEB
2026-01-18 00:04:38 | INFO     | [SUCCESS] LF Search Complete
2026-01-18 00:04:38 | INFO     | [Worker_9222] Completed: JED-LXR - 8 results, 0 errors
2026-01-18 00:04:38 | INFO     | [Worker_9222] Processing: DMM-ATZ
2026-01-18 00:04:38 | INFO     |   Tier 0: Range 2, Chunk 3/3 (8 days)
