2026-01-17 23:47:08 | INFO     | ======================================================================
2026-01-17 23:47:08 | INFO     | Load Factor Scraper Started - Route: JED-ATZ
2026-01-17 23:47:08 | INFO     | Log file: D:\CODERED\LAB\Artifacts\outputs\run_generated_170126_at_23.33_RETRY\logs\LF_JED-ATZ_20260117_234708.log
2026-01-17 23:47:08 | INFO     | Enhanced logging: Capturing both logging.info() and print()
2026-01-17 23:47:08 | INFO     | ======================================================================
2026-01-17 23:47:08 | INFO     | Starting LF search for route: JED-ATZ
2026-01-17 23:47:08 | INFO     | [START] LF Search
2026-01-17 23:47:09 | INFO     | [HEALTH CHECK] [OK] Chrome connection is healthy
2026-01-17 23:47:09 | INFO     | [DAY_START] Processing 23MAR
2026-01-17 23:47:09 | INFO     | [lf.day.start] Processing JED-ATZ for 23MAR
2026-01-17 23:47:10 | INFO     | [lf.day.flights_found] Found 6 flights on 23MAR
2026-01-17 23:47:13 | INFO     | [lf.flight.extracted] SM954 on 23MAR: BKG=180, LF=102.9%
2026-01-17 23:47:16 | INFO     | [lf.flight.extracted] SM492 on 23MAR: BKG=180, LF=102.9%
2026-01-17 23:47:20 | INFO     | [lf.flight.extracted] SM456 on 23MAR: BKG=183, LF=104.6%
2026-01-17 23:47:24 | INFO     | [lf.flight.extracted] SM422 on 23MAR: BKG=148, LF=84.6%
2026-01-17 23:47:28 | INFO     | [lf.flight.extracted] SM454 on 23MAR: BKG=183, LF=104.6%
2026-01-17 23:47:32 | INFO     | [lf.flight.extracted] SM956 on 23MAR: BKG=180, LF=109.1%
2026-01-17 23:47:43 | INFO     | [SUCCESS] Day 23MAR
2026-01-17 23:47:43 | INFO     | [DAY_START] Processing 22MAR
2026-01-17 23:47:43 | INFO     | [lf.day.start] Processing JED-ATZ for 22MAR
2026-01-17 23:47:44 | INFO     | [lf.day.flights_found] Found 4 flights on 22MAR
2026-01-17 23:47:45 | INFO     | [lf.flight.extracted] SM956 on 22MAR: BKG=180, LF=102.9%
2026-01-17 23:47:49 | INFO     | [lf.flight.extracted] SM2448 on 22MAR: BKG=180, LF=102.9%
2026-01-17 23:47:52 | INFO     | [lf.flight.extracted] SM492 on 22MAR: BKG=181, LF=103.4%
2026-01-17 23:47:55 | INFO     | [lf.flight.extracted] SM456 on 22MAR: BKG=225, LF=130.8%
2026-01-17 23:48:01 | INFO     | [SUCCESS] Day 22MAR
2026-01-17 23:48:01 | INFO     | [DAY_START] Processing 21MAR
2026-01-17 23:48:01 | INFO     | [lf.day.start] Processing JED-ATZ for 21MAR
2026-01-17 23:48:02 | INFO     | [lf.day.flights_found] Found 3 flights on 21MAR
2026-01-17 23:48:04 | INFO     | [lf.flight.extracted] SM492 on 21MAR: BKG=181, LF=103.4%
2026-01-17 23:48:07 | INFO     | [lf.flight.extracted] SM454 on 21MAR: BKG=182, LF=108.3%
2026-01-17 23:48:11 | INFO     | [lf.flight.extracted] SM456 on 21MAR: BKG=184, LF=107.0%
2026-01-17 23:48:17 | INFO     | [SUCCESS] Day 21MAR
2026-01-17 23:48:17 | INFO     | [DAY_START] Processing 20MAR
2026-01-17 23:48:17 | INFO     | [lf.day.start] Processing JED-ATZ for 20MAR
2026-01-17 23:48:18 | INFO     | [lf.day.flights_found] Found 1 flights on 20MAR
2026-01-17 23:48:20 | INFO     | [lf.flight.extracted] SM492 on 20MAR: BKG=182, LF=104.0%
2026-01-17 23:48:23 | INFO     | [SUCCESS] Day 20MAR
2026-01-17 23:48:23 | INFO     | [DAY_START] Processing 19MAR
2026-01-17 23:48:23 | INFO     | [lf.day.start] Processing JED-ATZ for 19MAR
2026-01-17 23:48:24 | INFO     | [lf.day.flights_found] Found 3 flights on 19MAR
2026-01-17 23:48:26 | INFO     | [lf.flight.extracted] SM422 on 19MAR: BKG=17, LF=9.7%
2026-01-17 23:48:30 | INFO     | [lf.flight.extracted] SM454 on 19MAR: BKG=11, LF=6.3%
2026-01-17 23:48:33 | INFO     | [lf.flight.extracted] SM456 on 19MAR: BKG=56, LF=32.0%
2026-01-17 23:48:41 | INFO     | [SUCCESS] Day 19MAR
2026-01-17 23:48:41 | INFO     | [DAY_START] Processing 18MAR
2026-01-17 23:48:41 | INFO     | [lf.day.start] Processing JED-ATZ for 18MAR
2026-01-17 23:48:42 | INFO     | [lf.day.flights_found] Found 2 flights on 18MAR
2026-01-17 23:48:44 | INFO     | [lf.flight.extracted] SM454 on 18MAR: BKG=15, LF=8.6%
2026-01-17 23:48:49 | INFO     | [lf.flight.extracted] SM492 on 18MAR: BKG=26, LF=15.8%
2026-01-17 23:48:56 | INFO     | [SUCCESS] Day 18MAR
2026-01-17 23:48:56 | INFO     | [DAY_START] Processing 17MAR
2026-01-17 23:48:56 | INFO     | [lf.day.start] Processing JED-ATZ for 17MAR
2026-01-17 23:48:57 | INFO     | [lf.day.flights_found] Found 2 flights on 17MAR
2026-01-17 23:49:00 | INFO     | [lf.flight.extracted] SM454 on 17MAR: BKG=10, LF=5.7%
2026-01-17 23:49:04 | INFO     | [lf.flight.extracted] SM456 on 17MAR: BKG=11, LF=6.3%
2026-01-17 23:49:09 | INFO     | [SUCCESS] Day 17MAR
2026-01-17 23:49:09 | INFO     | [DAY_START] Processing 16MAR
2026-01-17 23:49:09 | INFO     | [lf.day.start] Processing JED-ATZ for 16MAR
2026-01-17 23:49:10 | INFO     | [lf.day.flights_found] Found 4 flights on 16MAR
2026-01-17 23:49:12 | INFO     | [lf.flight.extracted] SM492 on 16MAR: BKG=8, LF=4.6%
2026-01-17 23:49:15 | INFO     | [lf.flight.extracted] SM456 on 16MAR: BKG=9, LF=5.1%
2026-01-17 23:49:19 | INFO     | [lf.flight.extracted] SM422 on 16MAR: BKG=12, LF=6.9%
2026-01-17 23:49:23 | INFO     | [lf.flight.extracted] SM454 on 16MAR: BKG=11, LF=6.3%
2026-01-17 23:49:31 | INFO     | [SUCCESS] Day 16MAR
2026-01-17 23:49:31 | INFO     | [SUCCESS] LF Search Complete
2026-01-17 23:49:31 | INFO     | [Worker_9234] Completed: JED-ATZ - 8 results, 0 errors
2026-01-17 23:49:31 | INFO     | [Worker_9234] Processing: CAI-DMM
2026-01-17 23:49:31 | INFO     |   Tier 0: Range 3, Chunk 2/3 (8 days)
