2026-01-18 00:19:40 | INFO     | ======================================================================
2026-01-18 00:19:40 | INFO     | Load Factor Scraper Started - Route: JED-HBE
2026-01-18 00:19:40 | INFO     | Log file: D:\CODERED\LAB\Artifacts\outputs\run_generated_170126_at_23.33_RETRY\logs\LF_JED-HBE_20260118_001940.log
2026-01-18 00:19:40 | INFO     | Enhanced logging: Capturing both logging.info() and print()
2026-01-18 00:19:40 | INFO     | ======================================================================
2026-01-18 00:19:40 | INFO     | Starting LF search for route: JED-HBE
2026-01-18 00:19:40 | INFO     | [START] LF Search
2026-01-18 00:19:41 | INFO     | [HEALTH CHECK] [OK] Chrome connection is healthy
2026-01-18 00:19:41 | INFO     | [DAY_START] Processing 24JAN
2026-01-18 00:19:41 | INFO     | [lf.day.start] Processing JED-HBE for 24JAN
2026-01-18 00:19:42 | INFO     | [lf.day.flights_found] Found 2 flights on 24JAN
2026-01-18 00:19:44 | INFO     | [lf.flight.extracted] SM458 on 24JAN: BKG=172, LF=98.3%
2026-01-18 00:19:47 | INFO     | [lf.flight.extracted] SM452 on 24JAN: BKG=164, LF=93.7%
2026-01-18 00:19:58 | INFO     | [SUCCESS] Day 24JAN
2026-01-18 00:19:58 | INFO     | [DAY_START] Processing 23JAN
2026-01-18 00:19:58 | INFO     | [lf.day.start] Processing JED-HBE for 23JAN
2026-01-18 00:19:59 | INFO     | [lf.day.flights_found] Found 1 flights on 23JAN
2026-01-18 00:20:02 | INFO     | [lf.flight.extracted] SM452 on 23JAN: BKG=78, LF=44.6%
2026-01-18 00:20:08 | INFO     | [SUCCESS] Day 23JAN
2026-01-18 00:20:08 | INFO     | [DAY_START] Processing 22JAN
2026-01-18 00:20:08 | INFO     | [lf.day.start] Processing JED-HBE for 22JAN
2026-01-18 00:20:09 | INFO     | [lf.day.flights_found] Found 2 flights on 22JAN
2026-01-18 00:20:12 | INFO     | [lf.flight.extracted] SM452 on 22JAN: BKG=168, LF=96.0%
2026-01-18 00:20:15 | INFO     | [lf.flight.extracted] SM478 on 22JAN: BKG=43, LF=24.6%
2026-01-18 00:20:25 | INFO     | [SUCCESS] Day 22JAN
2026-01-18 00:20:25 | INFO     | [DAY_START] Processing 21JAN
2026-01-18 00:20:25 | INFO     | [lf.day.start] Processing JED-HBE for 21JAN
2026-01-18 00:20:26 | INFO     | [lf.day.flights_found] Found 3 flights on 21JAN
2026-01-18 00:20:28 | INFO     | [lf.flight.extracted] SM452 on 21JAN: BKG=166, LF=94.9%
2026-01-18 00:20:32 | INFO     | [lf.flight.extracted] SM474 on 21JAN: BKG=161, LF=92.0%
2026-01-18 00:20:35 | INFO     | [lf.flight.extracted] SM458 on 21JAN: BKG=173, LF=98.9%
2026-01-18 00:20:52 | INFO     | [SUCCESS] Day 21JAN
2026-01-18 00:20:52 | INFO     | [DAY_START] Processing 20JAN
2026-01-18 00:20:52 | INFO     | [lf.day.start] Processing JED-HBE for 20JAN
2026-01-18 00:20:53 | INFO     | [lf.day.flights_found] Found 1 flights on 20JAN
2026-01-18 00:20:55 | INFO     | [lf.flight.extracted] SM452 on 20JAN: BKG=168, LF=96.0%
2026-01-18 00:21:01 | INFO     | [SUCCESS] Day 20JAN
2026-01-18 00:21:01 | INFO     | [DAY_START] Processing 19JAN
2026-01-18 00:21:01 | INFO     | [lf.day.start] Processing JED-HBE for 19JAN
2026-01-18 00:21:02 | INFO     | [lf.day.flights_found] Found 2 flights on 19JAN
2026-01-18 00:21:04 | INFO     | [lf.flight.extracted] SM458 on 19JAN: BKG=175, LF=100.0%
2026-01-18 00:21:08 | INFO     | [lf.flight.extracted] SM452 on 19JAN: BKG=175, LF=100.0%
2026-01-18 00:21:19 | INFO     | [SUCCESS] Day 19JAN
2026-01-18 00:21:19 | INFO     | [DAY_START] Processing 17JAN
2026-01-18 00:21:19 | INFO     | [lf.day.start] Processing JED-HBE for 17JAN
2026-01-18 00:21:20 | INFO     | [lf.day.flights_found] Found 2 flights on 17JAN
2026-01-18 00:21:22 | INFO     | [lf.flight.extracted] SM458 on 17JAN: BKG=151, LF=86.8%
2026-01-18 00:21:26 | INFO     | [lf.flight.extracted] SM452 on 17JAN: BKG=177, LF=100.0%
2026-01-18 00:21:37 | INFO     | [SUCCESS] Day 17JAN
2026-01-18 00:21:37 | INFO     | [SUCCESS] LF Search Complete
2026-01-18 00:21:37 | INFO     | [Worker_9227] Completed: JED-HBE - 7 results, 0 errors
2026-01-18 00:21:37 | INFO     | [Worker_9227] Processing: CAI-MED
2026-01-18 00:21:37 | INFO     |   Tier 0: Range 1, Chunk 3/3 (8 days)
