2026-01-17 23:47:24 | INFO     | ======================================================================
2026-01-17 23:47:24 | INFO     | Load Factor Scraper Started - Route: JED-ASW
2026-01-17 23:47:24 | INFO     | Log file: D:\CODERED\LAB\Artifacts\outputs\run_generated_170126_at_23.33_RETRY\logs\LF_JED-ASW_20260117_234724.log
2026-01-17 23:47:24 | INFO     | Enhanced logging: Capturing both logging.info() and print()
2026-01-17 23:47:24 | INFO     | ======================================================================
2026-01-17 23:47:24 | INFO     | Starting LF search for route: JED-ASW
2026-01-17 23:47:24 | INFO     | [START] LF Search
2026-01-17 23:47:24 | INFO     | [HEALTH CHECK] [OK] Chrome connection is healthy
2026-01-17 23:47:24 | INFO     | [DAY_START] Processing 23MAR
2026-01-17 23:47:24 | INFO     | [lf.day.start] Processing JED-ASW for 23MAR
2026-01-17 23:47:26 | WARNING  | [lf.day.no_flights] No direct flights on 23MAR
2026-01-17 23:47:26 | INFO     | [SUCCESS] Day 23MAR
2026-01-17 23:47:26 | INFO     | [DAY_START] Processing 22MAR
2026-01-17 23:47:26 | INFO     | [lf.day.start] Processing JED-ASW for 22MAR
2026-01-17 23:47:27 | WARNING  | [lf.day.no_flights] No direct flights on 22MAR
2026-01-17 23:47:27 | INFO     | [SUCCESS] Day 22MAR
2026-01-17 23:47:27 | INFO     | [DAY_START] Processing 21MAR
2026-01-17 23:47:27 | INFO     | [lf.day.start] Processing JED-ASW for 21MAR
2026-01-17 23:47:28 | WARNING  | [lf.day.no_flights] No direct flights on 21MAR
2026-01-17 23:47:28 | INFO     | [SUCCESS] Day 21MAR
2026-01-17 23:47:28 | INFO     | [DAY_START] Processing 20MAR
2026-01-17 23:47:28 | INFO     | [lf.day.start] Processing JED-ASW for 20MAR
2026-01-17 23:47:30 | WARNING  | [lf.day.no_flights] No direct flights on 20MAR
2026-01-17 23:47:30 | INFO     | [SUCCESS] Day 20MAR
2026-01-17 23:47:30 | INFO     | [DAY_START] Processing 19MAR
2026-01-17 23:47:30 | INFO     | [lf.day.start] Processing JED-ASW for 19MAR
2026-01-17 23:47:31 | WARNING  | [lf.day.no_flights] No direct flights on 19MAR
2026-01-17 23:47:31 | INFO     | [SUCCESS] Day 19MAR
2026-01-17 23:47:31 | INFO     | [DAY_START] Processing 18MAR
2026-01-17 23:47:31 | INFO     | [lf.day.start] Processing JED-ASW for 18MAR
2026-01-17 23:47:33 | WARNING  | [lf.day.no_flights] No direct flights on 18MAR
2026-01-17 23:47:33 | INFO     | [SUCCESS] Day 18MAR
2026-01-17 23:47:33 | INFO     | [DAY_START] Processing 17MAR
2026-01-17 23:47:33 | INFO     | [lf.day.start] Processing JED-ASW for 17MAR
2026-01-17 23:47:34 | WARNING  | [lf.day.no_flights] No direct flights on 17MAR
2026-01-17 23:47:34 | INFO     | [SUCCESS] Day 17MAR
2026-01-17 23:47:34 | INFO     | [DAY_START] Processing 16MAR
2026-01-17 23:47:34 | INFO     | [lf.day.start] Processing JED-ASW for 16MAR
2026-01-17 23:47:35 | WARNING  | [lf.day.no_flights] No direct flights on 16MAR
2026-01-17 23:47:35 | INFO     | [SUCCESS] Day 16MAR
2026-01-17 23:47:35 | INFO     | [SUCCESS] LF Search Complete
2026-01-17 23:47:35 | INFO     | [Worker_9232] Completed: JED-ASW - 8 results, 0 errors
2026-01-17 23:47:35 | INFO     | [Worker_9232] Processing: DMM-CAI
2026-01-17 23:47:35 | INFO     |   Tier 0: Range 3, Chunk 2/3 (8 days)
