2026-01-17 23:43:13 | INFO     | ======================================================================
2026-01-17 23:43:13 | INFO     | Load Factor Scraper Started - Route: JED-ATZ
2026-01-17 23:43:13 | INFO     | Log file: D:\CODERED\LAB\Artifacts\outputs\run_generated_170126_at_23.33_RETRY\logs\LF_JED-ATZ_20260117_234313.log
2026-01-17 23:43:13 | INFO     | Enhanced logging: Capturing both logging.info() and print()
2026-01-17 23:43:13 | INFO     | ======================================================================
2026-01-17 23:43:13 | INFO     | Starting LF search for route: JED-ATZ
2026-01-17 23:43:13 | INFO     | [START] LF Search
2026-01-17 23:43:14 | INFO     | [HEALTH CHECK] [OK] Chrome connection is healthy
2026-01-17 23:43:14 | INFO     | [DAY_START] Processing 01APR
2026-01-17 23:43:14 | INFO     | [lf.day.start] Processing JED-ATZ for 01APR
2026-01-17 23:43:15 | INFO     | [lf.day.flights_found] Found 1 flights on 01APR
2026-01-17 23:43:17 | INFO     | [lf.flight.extracted] SM456 on 01APR: BKG=190, LF=108.6%
2026-01-17 23:43:19 | INFO     | [SUCCESS] Day 01APR
2026-01-17 23:43:19 | INFO     | [DAY_START] Processing 31MAR
2026-01-17 23:43:19 | INFO     | [lf.day.start] Processing JED-ATZ for 31MAR
2026-01-17 23:43:20 | INFO     | [lf.day.flights_found] Found 1 flights on 31MAR
2026-01-17 23:43:22 | INFO     | [lf.flight.extracted] SM456 on 31MAR: BKG=232, LF=132.6%
2026-01-17 23:43:25 | INFO     | [SUCCESS] Day 31MAR
2026-01-17 23:43:25 | INFO     | [DAY_START] Processing 30MAR
2026-01-17 23:43:25 | INFO     | [lf.day.start] Processing JED-ATZ for 30MAR
2026-01-17 23:43:26 | INFO     | [lf.day.flights_found] Found 1 flights on 30MAR
2026-01-17 23:43:28 | INFO     | [lf.flight.extracted] SM456 on 30MAR: BKG=188, LF=107.4%
2026-01-17 23:43:30 | INFO     | [SUCCESS] Day 30MAR
2026-01-17 23:43:30 | INFO     | [DAY_START] Processing 29MAR
2026-01-17 23:43:30 | INFO     | [lf.day.start] Processing JED-ATZ for 29MAR
2026-01-17 23:43:31 | INFO     | [lf.day.flights_found] Found 2 flights on 29MAR
2026-01-17 23:43:34 | INFO     | [lf.flight.extracted] SM956 on 29MAR: BKG=180, LF=104.7%
2026-01-17 23:43:37 | INFO     | [lf.flight.extracted] SM456 on 29MAR: BKG=241, LF=137.7%
2026-01-17 23:43:41 | INFO     | [SUCCESS] Day 29MAR
2026-01-17 23:43:41 | INFO     | [DAY_START] Processing 28MAR
2026-01-17 23:43:41 | INFO     | [lf.day.start] Processing JED-ATZ for 28MAR
2026-01-17 23:43:42 | INFO     | [lf.day.flights_found] Found 4 flights on 28MAR
2026-01-17 23:43:44 | INFO     | [lf.flight.extracted] SM954 on 28MAR: BKG=180, LF=102.9%
2026-01-17 23:43:47 | INFO     | [lf.flight.extracted] SM492 on 28MAR: BKG=225, LF=128.6%
2026-01-17 23:43:50 | INFO     | [lf.flight.extracted] SM454 on 28MAR: BKG=180, LF=104.7%
2026-01-17 23:43:53 | INFO     | [lf.flight.extracted] SM456 on 28MAR: BKG=180, LF=102.9%
2026-01-17 23:43:59 | INFO     | [SUCCESS] Day 28MAR
2026-01-17 23:43:59 | INFO     | [DAY_START] Processing 27MAR
2026-01-17 23:43:59 | INFO     | [lf.day.start] Processing JED-ATZ for 27MAR
2026-01-17 23:44:00 | INFO     | [lf.day.flights_found] Found 1 flights on 27MAR
2026-01-17 23:44:02 | INFO     | [lf.flight.extracted] SM492 on 27MAR: BKG=225, LF=128.6%
2026-01-17 23:44:04 | INFO     | [SUCCESS] Day 27MAR
2026-01-17 23:44:04 | INFO     | [DAY_START] Processing 26MAR
2026-01-17 23:44:04 | INFO     | [lf.day.start] Processing JED-ATZ for 26MAR
2026-01-17 23:44:05 | INFO     | [lf.day.flights_found] Found 5 flights on 26MAR
2026-01-17 23:44:07 | INFO     | [lf.flight.extracted] SM422 on 26MAR: BKG=180, LF=107.1%
2026-01-17 23:44:10 | INFO     | [lf.flight.extracted] SM2472 on 26MAR: BKG=180, LF=104.7%
2026-01-17 23:44:14 | INFO     | [lf.flight.extracted] SM2474 on 26MAR: BKG=180, LF=102.9%
2026-01-17 23:44:17 | INFO     | [lf.flight.extracted] SM454 on 26MAR: BKG=230, LF=133.7%
2026-01-17 23:44:20 | INFO     | [lf.flight.extracted] SM456 on 26MAR: BKG=186, LF=106.3%
2026-01-17 23:44:27 | INFO     | [SUCCESS] Day 26MAR
2026-01-17 23:44:27 | INFO     | [DAY_START] Processing 25MAR
2026-01-17 23:44:27 | INFO     | [lf.day.start] Processing JED-ATZ for 25MAR
2026-01-17 23:44:28 | INFO     | [lf.day.flights_found] Found 1 flights on 25MAR
2026-01-17 23:44:30 | INFO     | [lf.flight.extracted] SM454 on 25MAR: BKG=228, LF=130.3%
2026-01-17 23:44:33 | INFO     | [SUCCESS] Day 25MAR
2026-01-17 23:44:33 | INFO     | [DAY_START] Processing 24MAR
2026-01-17 23:44:33 | INFO     | [lf.day.start] Processing JED-ATZ for 24MAR
2026-01-17 23:44:34 | INFO     | [lf.day.flights_found] Found 5 flights on 24MAR
2026-01-17 23:44:34 | INFO     | [lf.flight.extracted] SM2488 on 24MAR: BKG=0, LF=0.0%
2026-01-17 23:44:37 | INFO     | [lf.flight.extracted] SM454 on 24MAR: BKG=180, LF=102.9%
2026-01-17 23:44:40 | INFO     | [lf.flight.extracted] SM2486 on 24MAR: BKG=180, LF=109.1%
2026-01-17 23:44:44 | INFO     | [lf.flight.extracted] SM2460 on 24MAR: BKG=180, LF=102.9%
2026-01-17 23:44:47 | INFO     | [lf.flight.extracted] SM456 on 24MAR: BKG=186, LF=106.3%
2026-01-17 23:44:53 | INFO     | [SUCCESS] Day 24MAR
2026-01-17 23:44:53 | INFO     | [SUCCESS] LF Search Complete
2026-01-17 23:44:53 | INFO     | [Worker_9232] Completed: JED-ATZ - 9 results, 0 errors
2026-01-17 23:44:53 | INFO     | [Worker_9232] Processing: LXR-JED
2026-01-17 23:44:53 | INFO     |   Tier 0: Range 3, Chunk 1/3 (9 days)
