2026-01-17 23:38:57 | INFO     | ======================================================================
2026-01-17 23:38:57 | INFO     | Load Factor Scraper Started - Route: JED-CAI
2026-01-17 23:38:57 | INFO     | Log file: D:\CODERED\LAB\Artifacts\outputs\run_generated_170126_at_23.33_RETRY\logs\LF_JED-CAI_20260117_233857.log
2026-01-17 23:38:57 | INFO     | Enhanced logging: Capturing both logging.info() and print()
2026-01-17 23:38:57 | INFO     | ======================================================================
2026-01-17 23:38:57 | INFO     | Starting LF search for route: JED-CAI
2026-01-17 23:38:57 | INFO     | [START] LF Search
2026-01-17 23:38:58 | INFO     | [HEALTH CHECK] [OK] Chrome connection is healthy
2026-01-17 23:38:58 | INFO     | [DAY_START] Processing 09APR
2026-01-17 23:38:58 | INFO     | [lf.day.start] Processing JED-CAI for 09APR
2026-01-17 23:38:59 | INFO     | [lf.day.flights_found] Found 2 flights on 09APR
2026-01-17 23:39:01 | INFO     | [lf.flight.extracted] SM478 on 09APR: BKG=74, LF=44.0%
2026-01-17 23:39:06 | INFO     | [lf.flight.extracted] SM476 on 09APR: BKG=11, LF=6.3%
2026-01-17 23:39:10 | INFO     | [SUCCESS] Day 09APR
2026-01-17 23:39:10 | INFO     | [DAY_START] Processing 08APR
2026-01-17 23:39:10 | INFO     | [lf.day.start] Processing JED-CAI for 08APR
2026-01-17 23:39:11 | INFO     | [lf.day.flights_found] Found 2 flights on 08APR
2026-01-17 23:39:13 | INFO     | [lf.flight.extracted] SM478 on 08APR: BKG=124, LF=70.9%
2026-01-17 23:39:16 | INFO     | [lf.flight.extracted] SM476 on 08APR: BKG=23, LF=13.1%
2026-01-17 23:39:23 | INFO     | [SUCCESS] Day 08APR
2026-01-17 23:39:23 | INFO     | [DAY_START] Processing 07APR
2026-01-17 23:39:23 | INFO     | [lf.day.start] Processing JED-CAI for 07APR
2026-01-17 23:39:24 | INFO     | [lf.day.flights_found] Found 3 flights on 07APR
2026-01-17 23:39:26 | INFO     | [lf.flight.extracted] SM478 on 07APR: BKG=21, LF=12.0%
2026-01-17 23:39:30 | INFO     | [lf.flight.extracted] SM476 on 07APR: BKG=131, LF=74.9%
2026-01-17 23:39:33 | INFO     | [lf.flight.extracted] SM480 on 07APR: BKG=199, LF=118.5%
2026-01-17 23:39:43 | INFO     | [SUCCESS] Day 07APR
2026-01-17 23:39:43 | INFO     | [DAY_START] Processing 06APR
2026-01-17 23:39:43 | INFO     | [lf.day.start] Processing JED-CAI for 06APR
2026-01-17 23:39:44 | INFO     | [lf.day.flights_found] Found 4 flights on 06APR
2026-01-17 23:39:46 | INFO     | [lf.flight.extracted] SM460 on 06APR: BKG=185, LF=110.8%
2026-01-17 23:39:50 | INFO     | [lf.flight.extracted] SM478 on 06APR: BKG=176, LF=100.6%
2026-01-17 23:39:53 | INFO     | [lf.flight.extracted] SM476 on 06APR: BKG=165, LF=94.3%
2026-01-17 23:39:57 | INFO     | [lf.flight.extracted] SM480 on 06APR: BKG=169, LF=96.6%
2026-01-17 23:40:05 | INFO     | [SUCCESS] Day 06APR
2026-01-17 23:40:05 | INFO     | [DAY_START] Processing 05APR
2026-01-17 23:40:05 | INFO     | [lf.day.start] Processing JED-CAI for 05APR
2026-01-17 23:40:06 | INFO     | [lf.day.flights_found] Found 2 flights on 05APR
2026-01-17 23:40:08 | INFO     | [lf.flight.extracted] SM478 on 05APR: BKG=158, LF=90.3%
2026-01-17 23:40:12 | INFO     | [lf.flight.extracted] SM476 on 05APR: BKG=168, LF=96.0%
2026-01-17 23:40:18 | INFO     | [SUCCESS] Day 05APR
2026-01-17 23:40:18 | INFO     | [DAY_START] Processing 04APR
2026-01-17 23:40:18 | INFO     | [lf.day.start] Processing JED-CAI for 04APR
2026-01-17 23:40:20 | INFO     | [lf.day.flights_found] Found 2 flights on 04APR
2026-01-17 23:40:22 | INFO     | [lf.flight.extracted] SM478 on 04APR: BKG=169, LF=96.6%
2026-01-17 23:40:25 | INFO     | [lf.flight.extracted] SM476 on 04APR: BKG=191, LF=109.1%
2026-01-17 23:40:31 | INFO     | [SUCCESS] Day 04APR
2026-01-17 23:40:31 | INFO     | [DAY_START] Processing 03APR
2026-01-17 23:40:31 | INFO     | [lf.day.start] Processing JED-CAI for 03APR
2026-01-17 23:40:32 | INFO     | [lf.day.flights_found] Found 4 flights on 03APR
2026-01-17 23:40:34 | INFO     | [lf.flight.extracted] SM460 on 03APR: BKG=167, LF=100.0%
2026-01-17 23:40:37 | INFO     | [lf.flight.extracted] SM478 on 03APR: BKG=168, LF=96.0%
2026-01-17 23:40:41 | INFO     | [lf.flight.extracted] SM476 on 03APR: BKG=168, LF=96.0%
2026-01-17 23:40:44 | INFO     | [lf.flight.extracted] SM480 on 03APR: BKG=166, LF=94.9%
2026-01-17 23:41:44 | INFO     | [SUCCESS] Day 03APR
2026-01-17 23:41:44 | INFO     | [DAY_START] Processing 02APR
2026-01-17 23:41:44 | INFO     | [lf.day.start] Processing JED-CAI for 02APR
2026-01-17 23:41:45 | INFO     | [lf.day.flights_found] Found 2 flights on 02APR
2026-01-17 23:41:47 | INFO     | [lf.flight.extracted] SM478 on 02APR: BKG=168, LF=96.0%
2026-01-17 23:41:51 | INFO     | [lf.flight.extracted] SM476 on 02APR: BKG=197, LF=112.6%
2026-01-17 23:41:56 | INFO     | [SUCCESS] Day 02APR
2026-01-17 23:41:56 | INFO     | [SUCCESS] LF Search Complete
2026-01-17 23:41:56 | INFO     | [Worker_9232] Completed: JED-CAI - 8 results, 0 errors
2026-01-17 23:41:56 | INFO     | [Worker_9232] Processing: CAI-AHB
2026-01-17 23:41:56 | INFO     |   Tier 0: Range 4, Chunk 3/3 (8 days)
