2026-01-18 00:09:18 | INFO     | ======================================================================
2026-01-18 00:09:18 | INFO     | Load Factor Scraper Started - Route: JED-ASW
2026-01-18 00:09:18 | INFO     | Log file: D:\CODERED\LAB\Artifacts\outputs\run_generated_170126_at_23.33_RETRY\logs\LF_JED-ASW_20260118_000918.log
2026-01-18 00:09:18 | INFO     | Enhanced logging: Capturing both logging.info() and print()
2026-01-18 00:09:18 | INFO     | ======================================================================
2026-01-18 00:09:18 | INFO     | Starting LF search for route: JED-ASW
2026-01-18 00:09:18 | INFO     | [START] LF Search
2026-01-18 00:09:19 | INFO     | [HEALTH CHECK] [OK] Chrome connection is healthy
2026-01-18 00:09:19 | INFO     | [DAY_START] Processing 10FEB
2026-01-18 00:09:19 | INFO     | [lf.day.start] Processing JED-ASW for 10FEB
2026-01-18 00:09:20 | INFO     | [lf.day.flights_found] Found 1 flights on 10FEB
2026-01-18 00:09:23 | INFO     | [lf.flight.extracted] SM986 on 10FEB: BKG=0, LF=0.0%
2026-01-18 00:09:24 | INFO     | [SUCCESS] Day 10FEB
2026-01-18 00:09:24 | INFO     | [DAY_START] Processing 09FEB
2026-01-18 00:09:24 | INFO     | [lf.day.start] Processing JED-ASW for 09FEB
2026-01-18 00:09:26 | INFO     | [lf.day.flights_found] Found 2 flights on 09FEB
2026-01-18 00:09:28 | INFO     | [lf.flight.extracted] SM426 on 09FEB: BKG=0, LF=0.0%
2026-01-18 00:09:32 | INFO     | [lf.flight.extracted] SM950 on 09FEB: BKG=0, LF=0.0%
2026-01-18 00:09:34 | INFO     | [SUCCESS] Day 09FEB
2026-01-18 00:09:34 | INFO     | [DAY_START] Processing 08FEB
2026-01-18 00:09:34 | INFO     | [lf.day.start] Processing JED-ASW for 08FEB
2026-01-18 00:09:36 | WARNING  | [lf.day.no_flights] No direct flights on 08FEB
2026-01-18 00:09:36 | INFO     | [SUCCESS] Day 08FEB
2026-01-18 00:09:36 | INFO     | [DAY_START] Processing 07FEB
2026-01-18 00:09:36 | INFO     | [lf.day.start] Processing JED-ASW for 07FEB
2026-01-18 00:09:38 | WARNING  | [lf.day.no_flights] No direct flights on 07FEB
2026-01-18 00:09:38 | INFO     | [SUCCESS] Day 07FEB
2026-01-18 00:09:38 | INFO     | [DAY_START] Processing 06FEB
2026-01-18 00:09:38 | INFO     | [lf.day.start] Processing JED-ASW for 06FEB
2026-01-18 00:09:39 | WARNING  | [lf.day.no_flights] No direct flights on 06FEB
2026-01-18 00:09:40 | INFO     | [SUCCESS] Day 06FEB
2026-01-18 00:09:40 | INFO     | [DAY_START] Processing 05FEB
2026-01-18 00:09:40 | INFO     | [lf.day.start] Processing JED-ASW for 05FEB
2026-01-18 00:09:42 | WARNING  | [lf.day.no_flights] No direct flights on 05FEB
2026-01-18 00:09:42 | INFO     | [SUCCESS] Day 05FEB
2026-01-18 00:09:42 | INFO     | [DAY_START] Processing 04FEB
2026-01-18 00:09:42 | INFO     | [lf.day.start] Processing JED-ASW for 04FEB
2026-01-18 00:09:44 | WARNING  | [lf.day.no_flights] No direct flights on 04FEB
2026-01-18 00:09:44 | INFO     | [SUCCESS] Day 04FEB
2026-01-18 00:09:44 | INFO     | [DAY_START] Processing 03FEB
2026-01-18 00:09:44 | INFO     | [lf.day.start] Processing JED-ASW for 03FEB
2026-01-18 00:09:46 | WARNING  | [lf.day.no_flights] No direct flights on 03FEB
2026-01-18 00:09:46 | INFO     | [SUCCESS] Day 03FEB
2026-01-18 00:09:46 | INFO     | [DAY_START] Processing 02FEB
2026-01-18 00:09:46 | INFO     | [lf.day.start] Processing JED-ASW for 02FEB
2026-01-18 00:09:47 | WARNING  | [lf.day.no_flights] No direct flights on 02FEB
2026-01-18 00:09:48 | INFO     | [SUCCESS] Day 02FEB
2026-01-18 00:09:48 | INFO     | [SUCCESS] LF Search Complete
2026-01-18 00:09:48 | INFO     | [Worker_9226] Completed: JED-ASW - 9 results, 0 errors
2026-01-18 00:09:48 | INFO     | [Worker_9226] Processing: RUH-ATZ
2026-01-18 00:09:48 | INFO     |   Tier 0: Range 1, Chunk 1/3 (9 days)
