2026-01-18 00:03:16 | INFO     | ======================================================================
2026-01-18 00:03:16 | INFO     | Load Factor Scraper Started - Route: JED-CAI
2026-01-18 00:03:16 | INFO     | Log file: D:\CODERED\LAB\Artifacts\outputs\run_generated_170126_at_23.33_RETRY\logs\LF_JED-CAI_20260118_000316.log
2026-01-18 00:03:16 | INFO     | Enhanced logging: Capturing both logging.info() and print()
2026-01-18 00:03:16 | INFO     | ======================================================================
2026-01-18 00:03:16 | INFO     | Starting LF search for route: JED-CAI
2026-01-18 00:03:16 | INFO     | [START] LF Search
2026-01-18 00:03:17 | INFO     | [HEALTH CHECK] [OK] Chrome connection is healthy
2026-01-18 00:03:17 | INFO     | [DAY_START] Processing 18FEB
2026-01-18 00:03:17 | INFO     | [lf.day.start] Processing JED-CAI for 18FEB
2026-01-18 00:03:18 | INFO     | [lf.day.flights_found] Found 5 flights on 18FEB
2026-01-18 00:03:19 | INFO     | [lf.flight.extracted] SM2464 on 18FEB: BKG=0, LF=0.0%
2026-01-18 00:03:23 | INFO     | [lf.flight.extracted] SM476 on 18FEB: BKG=8, LF=4.6%
2026-01-18 00:03:27 | INFO     | [lf.flight.extracted] SM460 on 18FEB: BKG=13, LF=7.4%
2026-01-18 00:03:30 | INFO     | [lf.flight.extracted] SM478 on 18FEB: BKG=20, LF=11.4%
2026-01-18 00:03:34 | INFO     | [lf.flight.extracted] SM956 on 18FEB: BKG=0, LF=0.0%
2026-01-18 00:03:41 | INFO     | [SUCCESS] Day 18FEB
2026-01-18 00:03:41 | INFO     | [DAY_START] Processing 17FEB
2026-01-18 00:03:41 | INFO     | [lf.day.start] Processing JED-CAI for 17FEB
2026-01-18 00:03:42 | INFO     | [lf.day.flights_found] Found 7 flights on 17FEB
2026-01-18 00:03:45 | INFO     | [lf.flight.extracted] SM472 on 17FEB: BKG=0, LF=0.0%
2026-01-18 00:03:49 | INFO     | [lf.flight.extracted] SM480 on 17FEB: BKG=4, LF=2.4%
2026-01-18 00:03:52 | INFO     | [lf.flight.extracted] SM478 on 17FEB: BKG=9, LF=5.1%
2026-01-18 00:03:56 | INFO     | [lf.flight.extracted] SM460 on 17FEB: BKG=7, LF=4.1%
2026-01-18 00:04:00 | INFO     | [lf.flight.extracted] SM976 on 17FEB: BKG=6, LF=3.6%
2026-01-18 00:04:03 | INFO     | [lf.flight.extracted] SM424 on 17FEB: BKG=181, LF=103.4%
2026-01-18 00:04:08 | INFO     | [lf.flight.extracted] SM476 on 17FEB: BKG=5, LF=2.9%
2026-01-18 00:04:18 | INFO     | [SUCCESS] Day 17FEB
2026-01-18 00:04:18 | INFO     | [DAY_START] Processing 16FEB
2026-01-18 00:04:18 | INFO     | [lf.day.start] Processing JED-CAI for 16FEB
2026-01-18 00:04:19 | INFO     | [lf.day.flights_found] Found 7 flights on 16FEB
2026-01-18 00:04:22 | INFO     | [lf.flight.extracted] SM480 on 16FEB: BKG=9, LF=5.1%
2026-01-18 00:04:27 | INFO     | [lf.flight.extracted] SM976 on 16FEB: BKG=0, LF=0.0%
2026-01-18 00:04:31 | INFO     | [lf.flight.extracted] SM476 on 16FEB: BKG=12, LF=6.9%
2026-01-18 00:04:35 | INFO     | [lf.flight.extracted] SM478 on 16FEB: BKG=20, LF=11.4%
2026-01-18 00:04:39 | INFO     | [lf.flight.extracted] SM2458 on 16FEB: BKG=0, LF=0.0%
2026-01-18 00:04:43 | INFO     | [lf.flight.extracted] SM460 on 16FEB: BKG=15, LF=8.6%
2026-01-18 00:04:47 | INFO     | [lf.flight.extracted] SM978 on 16FEB: BKG=9, LF=5.4%
2026-01-18 00:05:08 | INFO     | [SUCCESS] Day 16FEB
2026-01-18 00:05:08 | INFO     | [DAY_START] Processing 15FEB
2026-01-18 00:05:08 | INFO     | [lf.day.start] Processing JED-CAI for 15FEB
2026-01-18 00:05:09 | INFO     | [lf.day.flights_found] Found 7 flights on 15FEB
2026-01-18 00:05:12 | INFO     | [lf.flight.extracted] SM424 on 15FEB: BKG=51, LF=29.1%
2026-01-18 00:05:17 | INFO     | [lf.flight.extracted] SM476 on 15FEB: BKG=25, LF=14.3%
2026-01-18 00:05:21 | INFO     | [lf.flight.extracted] SM432 on 15FEB: BKG=20, LF=11.4%
2026-01-18 00:05:25 | INFO     | [lf.flight.extracted] SM2484 on 15FEB: BKG=0, LF=0.0%
2026-01-18 00:05:28 | INFO     | [lf.flight.extracted] SM460 on 15FEB: BKG=40, LF=23.3%
2026-01-18 00:05:32 | INFO     | [lf.flight.extracted] SM478 on 15FEB: BKG=50, LF=28.6%
2026-01-18 00:05:36 | INFO     | [lf.flight.extracted] SM958 on 15FEB: BKG=36, LF=21.6%
2026-01-18 00:05:57 | INFO     | [SUCCESS] Day 15FEB
2026-01-18 00:05:57 | INFO     | [DAY_START] Processing 14FEB
2026-01-18 00:05:57 | INFO     | [lf.day.start] Processing JED-CAI for 14FEB
2026-01-18 00:05:59 | INFO     | [lf.day.flights_found] Found 4 flights on 14FEB
2026-01-18 00:06:01 | INFO     | [lf.flight.extracted] SM976 on 14FEB: BKG=41, LF=24.6%
2026-01-18 00:06:05 | INFO     | [lf.flight.extracted] SM450 on 14FEB: BKG=23, LF=13.1%
2026-01-18 00:06:09 | INFO     | [lf.flight.extracted] SM476 on 14FEB: BKG=25, LF=14.3%
2026-01-18 00:06:13 | INFO     | [lf.flight.extracted] SM478 on 14FEB: BKG=123, LF=70.3%
2026-01-18 00:06:30 | INFO     | [SUCCESS] Day 14FEB
2026-01-18 00:06:30 | INFO     | [DAY_START] Processing 13FEB
2026-01-18 00:06:30 | INFO     | [lf.day.start] Processing JED-CAI for 13FEB
2026-01-18 00:06:31 | INFO     | [lf.day.flights_found] Found 6 flights on 13FEB
2026-01-18 00:06:33 | INFO     | [lf.flight.extracted] SM424 on 13FEB: BKG=23, LF=13.4%
2026-01-18 00:06:37 | INFO     | [lf.flight.extracted] SM476 on 13FEB: BKG=20, LF=11.4%
2026-01-18 00:06:41 | INFO     | [lf.flight.extracted] SM478 on 13FEB: BKG=24, LF=13.7%
2026-01-18 00:06:45 | INFO     | [lf.flight.extracted] SM480 on 13FEB: BKG=49, LF=28.5%
2026-01-18 00:06:49 | INFO     | [lf.flight.extracted] SM472 on 13FEB: BKG=56, LF=32.0%
2026-01-18 00:06:54 | INFO     | [lf.flight.extracted] SM460 on 13FEB: BKG=75, LF=42.9%
2026-01-18 00:07:17 | INFO     | [SUCCESS] Day 13FEB
2026-01-18 00:07:17 | INFO     | [DAY_START] Processing 12FEB
2026-01-18 00:07:17 | INFO     | [lf.day.start] Processing JED-CAI for 12FEB
2026-01-18 00:07:18 | INFO     | [lf.day.flights_found] Found 8 flights on 12FEB
2026-01-18 00:07:21 | INFO     | [lf.flight.extracted] SM424 on 12FEB: BKG=116, LF=66.3%
2026-01-18 00:07:25 | INFO     | [lf.flight.extracted] SM472 on 12FEB: BKG=139, LF=79.4%
2026-01-18 00:07:29 | INFO     | [lf.flight.extracted] SM450 on 12FEB: BKG=14, LF=8.0%
2026-01-18 00:07:33 | INFO     | [lf.flight.extracted] SM476 on 12FEB: BKG=114, LF=65.1%
2026-01-18 00:07:36 | INFO     | [lf.flight.extracted] SM432 on 12FEB: BKG=63, LF=36.0%
2026-01-18 00:07:40 | INFO     | [lf.flight.extracted] SM478 on 12FEB: BKG=114, LF=65.1%
2026-01-18 00:07:44 | INFO     | [lf.flight.extracted] SM2458 on 12FEB: BKG=0, LF=0.0%
2026-01-18 00:07:48 | INFO     | [lf.flight.extracted] SM480 on 12FEB: BKG=130, LF=77.4%
2026-01-18 00:08:13 | INFO     | [SUCCESS] Day 12FEB
2026-01-18 00:08:13 | INFO     | [DAY_START] Processing 11FEB
2026-01-18 00:08:13 | INFO     | [lf.day.start] Processing JED-CAI for 11FEB
2026-01-18 00:08:14 | INFO     | [lf.day.flights_found] Found 5 flights on 11FEB
2026-01-18 00:08:17 | INFO     | [lf.flight.extracted] SM476 on 11FEB: BKG=129, LF=73.7%
2026-01-18 00:08:22 | INFO     | [lf.flight.extracted] SM460 on 11FEB: BKG=133, LF=76.0%
2026-01-18 00:08:26 | INFO     | [lf.flight.extracted] SM478 on 11FEB: BKG=168, LF=100.0%
2026-01-18 00:08:31 | INFO     | [lf.flight.extracted] SM980 on 11FEB: BKG=0, LF=0.0%
2026-01-18 00:08:36 | INFO     | [lf.flight.extracted] SM2454 on 11FEB: BKG=0, LF=0.0%
2026-01-18 00:08:47 | INFO     | [SUCCESS] Day 11FEB
2026-01-18 00:08:47 | INFO     | [SUCCESS] LF Search Complete
2026-01-18 00:08:47 | INFO     | [Worker_9224] Completed: JED-CAI - 8 results, 0 errors
2026-01-18 00:08:47 | INFO     | [Worker_9224] Processing: JED-CAI
2026-01-18 00:08:47 | INFO     |   Tier 0: Range 1, Chunk 1/3 (9 days)
