2026-01-17 23:51:02 | INFO     | ======================================================================
2026-01-17 23:51:02 | INFO     | Load Factor Scraper Started - Route: JED-LXR
2026-01-17 23:51:02 | INFO     | Log file: D:\CODERED\LAB\Artifacts\outputs\run_generated_170126_at_23.33_RETRY\logs\LF_JED-LXR_20260117_235102.log
2026-01-17 23:51:02 | INFO     | Enhanced logging: Capturing both logging.info() and print()
2026-01-17 23:51:02 | INFO     | ======================================================================
2026-01-17 23:51:02 | INFO     | Starting LF search for route: JED-LXR
2026-01-17 23:51:02 | INFO     | [START] LF Search
2026-01-17 23:51:02 | INFO     | [HEALTH CHECK] [OK] Chrome connection is healthy
2026-01-17 23:51:02 | INFO     | [DAY_START] Processing 15MAR
2026-01-17 23:51:02 | INFO     | [lf.day.start] Processing JED-LXR for 15MAR
2026-01-17 23:51:03 | WARNING  | [lf.day.no_flights] No direct flights on 15MAR
2026-01-17 23:51:03 | INFO     | [SUCCESS] Day 15MAR
2026-01-17 23:51:03 | INFO     | [DAY_START] Processing 14MAR
2026-01-17 23:51:03 | INFO     | [lf.day.start] Processing JED-LXR for 14MAR
2026-01-17 23:51:04 | WARNING  | [lf.day.no_flights] No direct flights on 14MAR
2026-01-17 23:51:05 | INFO     | [SUCCESS] Day 14MAR
2026-01-17 23:51:05 | INFO     | [DAY_START] Processing 13MAR
2026-01-17 23:51:05 | INFO     | [lf.day.start] Processing JED-LXR for 13MAR
2026-01-17 23:51:06 | WARNING  | [lf.day.no_flights] No direct flights on 13MAR
2026-01-17 23:51:06 | INFO     | [SUCCESS] Day 13MAR
2026-01-17 23:51:06 | INFO     | [DAY_START] Processing 12MAR
2026-01-17 23:51:06 | INFO     | [lf.day.start] Processing JED-LXR for 12MAR
2026-01-17 23:51:07 | WARNING  | [lf.day.no_flights] No direct flights on 12MAR
2026-01-17 23:51:07 | INFO     | [SUCCESS] Day 12MAR
2026-01-17 23:51:07 | INFO     | [DAY_START] Processing 11MAR
2026-01-17 23:51:07 | INFO     | [lf.day.start] Processing JED-LXR for 11MAR
2026-01-17 23:51:08 | WARNING  | [lf.day.no_flights] No direct flights on 11MAR
2026-01-17 23:51:08 | INFO     | [SUCCESS] Day 11MAR
2026-01-17 23:51:08 | INFO     | [DAY_START] Processing 10MAR
2026-01-17 23:51:08 | INFO     | [lf.day.start] Processing JED-LXR for 10MAR
2026-01-17 23:51:10 | INFO     | [lf.day.flights_found] Found 4 flights on 10MAR
2026-01-17 23:51:12 | INFO     | [lf.flight.extracted] SM482 on 10MAR: BKG=0, LF=0.0%
2026-01-17 23:51:15 | INFO     | [lf.flight.extracted] SM430 on 10MAR: BKG=0, LF=0.0%
2026-01-17 23:51:19 | INFO     | [lf.flight.extracted] SM982 on 10MAR: BKG=0, LF=0.0%
2026-01-17 23:51:22 | INFO     | [lf.flight.extracted] SM484 on 10MAR: BKG=0, LF=0.0%
2026-01-17 23:51:24 | INFO     | [SUCCESS] Day 10MAR
2026-01-17 23:51:24 | INFO     | [DAY_START] Processing 09MAR
2026-01-17 23:51:24 | INFO     | [lf.day.start] Processing JED-LXR for 09MAR
2026-01-17 23:51:25 | WARNING  | [lf.day.no_flights] No direct flights on 09MAR
2026-01-17 23:51:25 | INFO     | [SUCCESS] Day 09MAR
2026-01-17 23:51:25 | INFO     | [DAY_START] Processing 08MAR
2026-01-17 23:51:25 | INFO     | [lf.day.start] Processing JED-LXR for 08MAR
2026-01-17 23:51:27 | WARNING  | [lf.day.no_flights] No direct flights on 08MAR
2026-01-17 23:51:28 | INFO     | [SUCCESS] Day 08MAR
2026-01-17 23:51:28 | INFO     | [SUCCESS] LF Search Complete
2026-01-17 23:51:28 | INFO     | [Worker_9222] Completed: JED-LXR - 8 results, 0 errors
2026-01-17 23:51:28 | INFO     | [Worker_9222] Processing: DMM-ATZ
2026-01-17 23:51:28 | INFO     |   Tier 0: Range 3, Chunk 3/3 (8 days)
