2026-01-18 00:08:47 | INFO     | ======================================================================
2026-01-18 00:08:47 | INFO     | Load Factor Scraper Started - Route: JED-CAI
2026-01-18 00:08:47 | INFO     | Log file: D:\CODERED\LAB\Artifacts\outputs\run_generated_170126_at_23.33_RETRY\logs\LF_JED-CAI_20260118_000847.log
2026-01-18 00:08:47 | INFO     | Enhanced logging: Capturing both logging.info() and print()
2026-01-18 00:08:47 | INFO     | ======================================================================
2026-01-18 00:08:47 | INFO     | Starting LF search for route: JED-CAI
2026-01-18 00:08:47 | INFO     | [START] LF Search
2026-01-18 00:08:48 | INFO     | [HEALTH CHECK] [OK] Chrome connection is healthy
2026-01-18 00:08:48 | INFO     | [DAY_START] Processing 10FEB
2026-01-18 00:08:48 | INFO     | [lf.day.start] Processing JED-CAI for 10FEB
2026-01-18 00:08:49 | INFO     | [lf.day.flights_found] Found 6 flights on 10FEB
2026-01-18 00:08:52 | INFO     | [lf.flight.extracted] SM972 on 10FEB: BKG=137, LF=82.0%
2026-01-18 00:08:56 | INFO     | [lf.flight.extracted] SM480 on 10FEB: BKG=157, LF=89.7%
2026-01-18 00:09:01 | INFO     | [lf.flight.extracted] SM478 on 10FEB: BKG=168, LF=96.0%
2026-01-18 00:09:04 | INFO     | [lf.flight.extracted] SM460 on 10FEB: BKG=111, LF=63.4%
2026-01-18 00:09:08 | INFO     | [lf.flight.extracted] SM424 on 10FEB: BKG=111, LF=63.4%
2026-01-18 00:09:12 | INFO     | [lf.flight.extracted] SM476 on 10FEB: BKG=126, LF=72.0%
2026-01-18 00:09:38 | INFO     | [SUCCESS] Day 10FEB
2026-01-18 00:09:38 | INFO     | [DAY_START] Processing 09FEB
2026-01-18 00:09:38 | INFO     | [lf.day.start] Processing JED-CAI for 09FEB
2026-01-18 00:09:40 | INFO     | [lf.day.flights_found] Found 5 flights on 09FEB
2026-01-18 00:09:43 | INFO     | [lf.flight.extracted] SM480 on 09FEB: BKG=152, LF=86.9%
2026-01-18 00:09:49 | INFO     | [lf.flight.extracted] SM476 on 09FEB: BKG=185, LF=107.6%
2026-01-18 00:09:54 | INFO     | [lf.flight.extracted] SM984 on 09FEB: BKG=25, LF=14.3%
2026-01-18 00:09:59 | INFO     | [lf.flight.extracted] SM972 on 09FEB: BKG=0, LF=0.0%
2026-01-18 00:10:06 | INFO     | [lf.flight.extracted] SM460 on 09FEB: BKG=171, LF=97.7%
2026-01-18 00:10:29 | INFO     | [SUCCESS] Day 09FEB
2026-01-18 00:10:29 | INFO     | [DAY_START] Processing 08FEB
2026-01-18 00:10:29 | INFO     | [lf.day.start] Processing JED-CAI for 08FEB
2026-01-18 00:10:30 | INFO     | [lf.day.flights_found] Found 6 flights on 08FEB
2026-01-18 00:10:33 | INFO     | [lf.flight.extracted] SM424 on 08FEB: BKG=150, LF=85.7%
2026-01-18 00:10:38 | INFO     | [lf.flight.extracted] SM476 on 08FEB: BKG=168, LF=96.0%
2026-01-18 00:10:43 | INFO     | [lf.flight.extracted] SM432 on 08FEB: BKG=149, LF=85.1%
2026-01-18 00:10:47 | INFO     | [lf.flight.extracted] SM948 on 08FEB: BKG=95, LF=54.3%
2026-01-18 00:10:52 | INFO     | [lf.flight.extracted] SM460 on 08FEB: BKG=168, LF=96.0%
2026-01-18 00:10:57 | INFO     | [lf.flight.extracted] SM478 on 08FEB: BKG=165, LF=98.2%
2026-01-18 00:11:22 | INFO     | [SUCCESS] Day 08FEB
2026-01-18 00:11:22 | INFO     | [DAY_START] Processing 07FEB
2026-01-18 00:11:22 | INFO     | [lf.day.start] Processing JED-CAI for 07FEB
2026-01-18 00:11:23 | INFO     | [lf.day.flights_found] Found 3 flights on 07FEB
2026-01-18 00:11:25 | INFO     | [lf.flight.extracted] SM450 on 07FEB: BKG=165, LF=95.9%
2026-01-18 00:11:30 | INFO     | [lf.flight.extracted] SM476 on 07FEB: BKG=168, LF=96.0%
2026-01-18 00:11:34 | INFO     | [lf.flight.extracted] SM478 on 07FEB: BKG=167, LF=95.4%
2026-01-18 00:11:44 | INFO     | [SUCCESS] Day 07FEB
2026-01-18 00:11:44 | INFO     | [DAY_START] Processing 06FEB
2026-01-18 00:11:44 | INFO     | [lf.day.start] Processing JED-CAI for 06FEB
2026-01-18 00:11:45 | INFO     | [lf.day.flights_found] Found 6 flights on 06FEB
2026-01-18 00:11:47 | INFO     | [lf.flight.extracted] SM424 on 06FEB: BKG=159, LF=92.4%
2026-01-18 00:11:51 | INFO     | [lf.flight.extracted] SM476 on 06FEB: BKG=98, LF=58.3%
2026-01-18 00:11:55 | INFO     | [lf.flight.extracted] SM478 on 06FEB: BKG=142, LF=81.1%
2026-01-18 00:11:59 | INFO     | [lf.flight.extracted] SM480 on 06FEB: BKG=143, LF=81.7%
2026-01-18 00:12:02 | INFO     | [lf.flight.extracted] SM472 on 06FEB: BKG=169, LF=96.6%
2026-01-18 00:12:05 | INFO     | [lf.flight.extracted] SM460 on 06FEB: BKG=143, LF=85.1%
2026-01-18 00:12:29 | INFO     | [SUCCESS] Day 06FEB
2026-01-18 00:12:29 | INFO     | [DAY_START] Processing 05FEB
2026-01-18 00:12:29 | INFO     | [lf.day.start] Processing JED-CAI for 05FEB
2026-01-18 00:12:30 | INFO     | [lf.day.flights_found] Found 8 flights on 05FEB
2026-01-18 00:12:32 | INFO     | [lf.flight.extracted] SM424 on 05FEB: BKG=103, LF=59.9%
2026-01-18 00:12:36 | INFO     | [lf.flight.extracted] SM472 on 05FEB: BKG=126, LF=72.0%
2026-01-18 00:12:40 | INFO     | [lf.flight.extracted] SM450 on 05FEB: BKG=145, LF=82.9%
2026-01-18 00:12:43 | INFO     | [lf.flight.extracted] SM476 on 05FEB: BKG=146, LF=83.4%
2026-01-18 00:12:46 | INFO     | [lf.flight.extracted] SM432 on 05FEB: BKG=168, LF=96.0%
2026-01-18 00:12:50 | INFO     | [lf.flight.extracted] SM962 on 05FEB: BKG=155, LF=94.5%
2026-01-18 00:12:53 | INFO     | [lf.flight.extracted] SM478 on 05FEB: BKG=163, LF=93.1%
2026-01-18 00:12:56 | INFO     | [lf.flight.extracted] SM480 on 05FEB: BKG=168, LF=100.0%
2026-01-18 00:13:25 | INFO     | [SUCCESS] Day 05FEB
2026-01-18 00:13:25 | INFO     | [DAY_START] Processing 04FEB
2026-01-18 00:13:25 | INFO     | [lf.day.start] Processing JED-CAI for 04FEB
2026-01-18 00:13:26 | INFO     | [lf.day.flights_found] Found 3 flights on 04FEB
2026-01-18 00:13:28 | INFO     | [lf.flight.extracted] SM476 on 04FEB: BKG=168, LF=100.0%
2026-01-18 00:13:31 | INFO     | [lf.flight.extracted] SM460 on 04FEB: BKG=170, LF=97.1%
2026-01-18 00:13:34 | INFO     | [lf.flight.extracted] SM478 on 04FEB: BKG=166, LF=98.8%
2026-01-18 00:13:50 | INFO     | [SUCCESS] Day 04FEB
2026-01-18 00:13:50 | INFO     | [DAY_START] Processing 03FEB
2026-01-18 00:13:50 | INFO     | [lf.day.start] Processing JED-CAI for 03FEB
2026-01-18 00:13:51 | INFO     | [lf.day.flights_found] Found 7 flights on 03FEB
2026-01-18 00:13:53 | INFO     | [lf.flight.extracted] SM472 on 03FEB: BKG=141, LF=80.6%
2026-01-18 00:13:57 | INFO     | [lf.flight.extracted] SM954 on 03FEB: BKG=167, LF=100.0%
2026-01-18 00:14:02 | INFO     | [lf.flight.extracted] SM480 on 03FEB: BKG=123, LF=70.3%
2026-01-18 00:14:05 | INFO     | [lf.flight.extracted] SM478 on 03FEB: BKG=166, LF=94.9%
2026-01-18 00:14:09 | INFO     | [lf.flight.extracted] SM460 on 03FEB: BKG=129, LF=75.0%
2026-01-18 00:14:12 | INFO     | [lf.flight.extracted] SM424 on 03FEB: BKG=97, LF=55.4%
2026-01-18 00:14:16 | INFO     | [lf.flight.extracted] SM476 on 03FEB: BKG=145, LF=82.9%
2026-01-18 00:14:47 | INFO     | [SUCCESS] Day 03FEB
2026-01-18 00:14:47 | INFO     | [DAY_START] Processing 02FEB
2026-01-18 00:14:47 | INFO     | [lf.day.start] Processing JED-CAI for 02FEB
2026-01-18 00:14:48 | INFO     | [lf.day.flights_found] Found 4 flights on 02FEB
2026-01-18 00:14:50 | INFO     | [lf.flight.extracted] SM480 on 02FEB: BKG=156, LF=92.9%
2026-01-18 00:14:53 | INFO     | [lf.flight.extracted] SM476 on 02FEB: BKG=168, LF=96.0%
2026-01-18 00:14:56 | INFO     | [lf.flight.extracted] SM478 on 02FEB: BKG=172, LF=98.3%
2026-01-18 00:15:00 | INFO     | [lf.flight.extracted] SM460 on 02FEB: BKG=172, LF=98.3%
2026-01-18 00:15:22 | INFO     | [SUCCESS] Day 02FEB
2026-01-18 00:15:22 | INFO     | [SUCCESS] LF Search Complete
2026-01-18 00:15:22 | INFO     | [Worker_9224] Completed: JED-CAI - 9 results, 0 errors
2026-01-18 00:15:22 | INFO     | [Worker_9224] Processing: RUH-ATZ
2026-01-18 00:15:22 | INFO     |   Tier 0: Range 1, Chunk 2/3 (8 days)
