2026-01-18 00:19:34 | INFO     | ======================================================================
2026-01-18 00:19:34 | INFO     | Load Factor Scraper Started - Route: JED-CAI
2026-01-18 00:19:34 | INFO     | Log file: D:\CODERED\LAB\Artifacts\outputs\run_generated_170126_at_23.33_RETRY\logs\LF_JED-CAI_20260118_001934.log
2026-01-18 00:19:34 | INFO     | Enhanced logging: Capturing both logging.info() and print()
2026-01-18 00:19:34 | INFO     | ======================================================================
2026-01-18 00:19:34 | INFO     | Starting LF search for route: JED-CAI
2026-01-18 00:19:34 | INFO     | [START] LF Search
2026-01-18 00:19:35 | INFO     | [HEALTH CHECK] [OK] Chrome connection is healthy
2026-01-18 00:19:35 | INFO     | [DAY_START] Processing 24JAN
2026-01-18 00:19:35 | INFO     | [lf.day.start] Processing JED-CAI for 24JAN
2026-01-18 00:19:36 | INFO     | [lf.day.flights_found] Found 3 flights on 24JAN
2026-01-18 00:19:38 | INFO     | [lf.flight.extracted] SM450 on 24JAN: BKG=28, LF=16.0%
2026-01-18 00:19:41 | INFO     | [lf.flight.extracted] SM476 on 24JAN: BKG=156, LF=89.1%
2026-01-18 00:19:44 | INFO     | [lf.flight.extracted] SM478 on 24JAN: BKG=163, LF=93.1%
2026-01-18 00:19:59 | INFO     | [SUCCESS] Day 24JAN
2026-01-18 00:19:59 | INFO     | [DAY_START] Processing 23JAN
2026-01-18 00:19:59 | INFO     | [lf.day.start] Processing JED-CAI for 23JAN
2026-01-18 00:20:00 | INFO     | [lf.day.flights_found] Found 6 flights on 23JAN
2026-01-18 00:20:02 | INFO     | [lf.flight.extracted] SM424 on 23JAN: BKG=66, LF=38.4%
2026-01-18 00:20:07 | INFO     | [lf.flight.extracted] SM476 on 23JAN: BKG=9, LF=5.1%
2026-01-18 00:20:13 | INFO     | [lf.flight.extracted] SM478 on 23JAN: BKG=26, LF=14.9%
2026-01-18 00:20:16 | INFO     | [lf.flight.extracted] SM480 on 23JAN: BKG=59, LF=33.7%
2026-01-18 00:20:19 | INFO     | [lf.flight.extracted] SM472 on 23JAN: BKG=109, LF=62.3%
2026-01-18 00:20:24 | INFO     | [lf.flight.extracted] SM460 on 23JAN: BKG=123, LF=70.3%
2026-01-18 00:20:48 | INFO     | [SUCCESS] Day 23JAN
2026-01-18 00:20:48 | INFO     | [DAY_START] Processing 22JAN
2026-01-18 00:20:48 | INFO     | [lf.day.start] Processing JED-CAI for 22JAN
2026-01-18 00:20:49 | INFO     | [lf.day.flights_found] Found 6 flights on 22JAN
2026-01-18 00:20:51 | INFO     | [lf.flight.extracted] SM472 on 22JAN: BKG=20, LF=11.4%
2026-01-18 00:20:55 | INFO     | [lf.flight.extracted] SM450 on 22JAN: BKG=8, LF=4.8%
2026-01-18 00:20:59 | INFO     | [lf.flight.extracted] SM476 on 22JAN: BKG=18, LF=10.3%
2026-01-18 00:21:02 | INFO     | [lf.flight.extracted] SM962 on 22JAN: BKG=64, LF=39.0%
2026-01-18 00:21:06 | INFO     | [lf.flight.extracted] SM432 on 22JAN: BKG=56, LF=32.0%
2026-01-18 00:21:10 | INFO     | [lf.flight.extracted] SM480 on 22JAN: BKG=171, LF=97.7%
2026-01-18 00:21:29 | INFO     | [SUCCESS] Day 22JAN
2026-01-18 00:21:29 | INFO     | [DAY_START] Processing 21JAN
2026-01-18 00:21:29 | INFO     | [lf.day.start] Processing JED-CAI for 21JAN
2026-01-18 00:21:30 | INFO     | [lf.day.flights_found] Found 4 flights on 21JAN
2026-01-18 00:21:32 | INFO     | [lf.flight.extracted] SM476 on 21JAN: BKG=55, LF=31.4%
2026-01-18 00:21:35 | INFO     | [lf.flight.extracted] SM478 on 21JAN: BKG=108, LF=61.7%
2026-01-18 00:21:39 | INFO     | [lf.flight.extracted] SM460 on 21JAN: BKG=167, LF=95.4%
2026-01-18 00:21:43 | INFO     | [lf.flight.extracted] SM424 on 21JAN: BKG=44, LF=25.1%
2026-01-18 00:22:00 | INFO     | [SUCCESS] Day 21JAN
2026-01-18 00:22:00 | INFO     | [DAY_START] Processing 20JAN
2026-01-18 00:22:00 | INFO     | [lf.day.start] Processing JED-CAI for 20JAN
2026-01-18 00:22:02 | INFO     | [lf.day.flights_found] Found 7 flights on 20JAN
2026-01-18 00:22:04 | INFO     | [lf.flight.extracted] SM472 on 20JAN: BKG=0, LF=0.0%
2026-01-18 00:22:19 | INFO     | [lf.flight.extracted] SM954 on 20JAN: BKG=30, LF=18.0%
2026-01-18 00:22:22 | INFO     | [lf.flight.extracted] SM480 on 20JAN: BKG=135, LF=77.1%
2026-01-18 00:22:26 | INFO     | [lf.flight.extracted] SM478 on 20JAN: BKG=128, LF=76.2%
2026-01-18 00:22:29 | INFO     | [lf.flight.extracted] SM460 on 20JAN: BKG=129, LF=73.7%
2026-01-18 00:22:33 | INFO     | [lf.flight.extracted] SM424 on 20JAN: BKG=0, LF=0.0%
2026-01-18 00:22:50 | INFO     | [lf.flight.extracted] SM476 on 20JAN: BKG=88, LF=50.3%
2026-01-18 00:23:14 | INFO     | [SUCCESS] Day 20JAN
2026-01-18 00:23:14 | INFO     | [DAY_START] Processing 19JAN
2026-01-18 00:23:14 | INFO     | [lf.day.start] Processing JED-CAI for 19JAN
2026-01-18 00:23:15 | INFO     | [lf.day.flights_found] Found 4 flights on 19JAN
2026-01-18 00:23:17 | INFO     | [lf.flight.extracted] SM480 on 19JAN: BKG=0, LF=0.0%
2026-01-18 00:23:32 | INFO     | [lf.flight.extracted] SM476 on 19JAN: BKG=147, LF=82.6%
2026-01-18 00:23:36 | INFO     | [lf.flight.extracted] SM478 on 19JAN: BKG=136, LF=76.4%
2026-01-18 00:23:40 | INFO     | [lf.flight.extracted] SM460 on 19JAN: BKG=138, LF=77.5%
2026-01-18 00:23:57 | INFO     | [SUCCESS] Day 19JAN
2026-01-18 00:23:57 | INFO     | [DAY_START] Processing 17JAN
2026-01-18 00:23:57 | INFO     | [lf.day.start] Processing JED-CAI for 17JAN
2026-01-18 00:23:58 | INFO     | [lf.day.flights_found] Found 3 flights on 17JAN
2026-01-18 00:24:00 | INFO     | [lf.flight.extracted] SM450 on 17JAN: BKG=0, LF=0.0%
2026-01-18 00:24:14 | INFO     | [lf.flight.extracted] SM476 on 17JAN: BKG=178, LF=98.9%
2026-01-18 00:24:17 | INFO     | [lf.flight.extracted] SM478 on 17JAN: BKG=178, LF=100.6%
2026-01-18 00:24:28 | INFO     | [SUCCESS] Day 17JAN
2026-01-18 00:24:28 | INFO     | [SUCCESS] LF Search Complete
2026-01-18 00:24:38 | INFO     | [Worker_9225] Completed: JED-CAI - 7 results, 0 errors
2026-01-18 00:53:46 | INFO     | [Worker_9225] Shutdown signal received, exiting...
2026-01-18 00:53:46 | INFO     | [Worker_9225] Finished. Processed 53 groups.
