2026-01-18 00:22:11 | INFO     | ======================================================================
2026-01-18 00:22:11 | INFO     | Load Factor Scraper Started - Route: LXR-JED
2026-01-18 00:22:11 | INFO     | Log file: D:\CODERED\LAB\Artifacts\outputs\run_generated_170126_at_23.33_RETRY\logs\LF_LXR-JED_20260118_002211.log
2026-01-18 00:22:11 | INFO     | Enhanced logging: Capturing both logging.info() and print()
2026-01-18 00:22:11 | INFO     | ======================================================================
2026-01-18 00:22:11 | INFO     | Starting LF search for route: LXR-JED
2026-01-18 00:22:11 | INFO     | [START] LF Search
2026-01-18 00:22:12 | INFO     | [HEALTH CHECK] [OK] Chrome connection is healthy
2026-01-18 00:22:12 | INFO     | [DAY_START] Processing 24JAN
2026-01-18 00:22:12 | INFO     | [lf.day.start] Processing LXR-JED for 24JAN
2026-01-18 00:22:13 | WARNING  | [lf.day.no_flights] No direct flights on 24JAN
2026-01-18 00:22:13 | INFO     | [SUCCESS] Day 24JAN
2026-01-18 00:22:13 | INFO     | [DAY_START] Processing 23JAN
2026-01-18 00:22:13 | INFO     | [lf.day.start] Processing LXR-JED for 23JAN
2026-01-18 00:22:14 | WARNING  | [lf.day.no_flights] No direct flights on 23JAN
2026-01-18 00:22:14 | INFO     | [SUCCESS] Day 23JAN
2026-01-18 00:22:14 | INFO     | [DAY_START] Processing 22JAN
2026-01-18 00:22:14 | INFO     | [lf.day.start] Processing LXR-JED for 22JAN
2026-01-18 00:22:15 | WARNING  | [lf.day.no_flights] No direct flights on 22JAN
2026-01-18 00:22:15 | INFO     | [SUCCESS] Day 22JAN
2026-01-18 00:22:15 | INFO     | [DAY_START] Processing 21JAN
2026-01-18 00:22:15 | INFO     | [lf.day.start] Processing LXR-JED for 21JAN
2026-01-18 00:22:16 | INFO     | [lf.day.flights_found] Found 1 flights on 21JAN
2026-01-18 00:22:18 | INFO     | [lf.flight.extracted] SM983 on 21JAN: BKG=0, LF=0.0%
2026-01-18 00:22:19 | INFO     | [SUCCESS] Day 21JAN
2026-01-18 00:22:19 | INFO     | [DAY_START] Processing 20JAN
2026-01-18 00:22:19 | INFO     | [lf.day.start] Processing LXR-JED for 20JAN
2026-01-18 00:22:20 | INFO     | [lf.day.flights_found] Found 3 flights on 20JAN
2026-01-18 00:22:22 | INFO     | [lf.flight.extracted] SM429 on 20JAN: BKG=0, LF=0.0%
2026-01-18 00:22:25 | INFO     | [lf.flight.extracted] SM483 on 20JAN: BKG=4, LF=2.2%
2026-01-18 00:22:29 | INFO     | [lf.flight.extracted] SM981 on 20JAN: BKG=0, LF=0.0%
2026-01-18 00:22:31 | INFO     | [SUCCESS] Day 20JAN
2026-01-18 00:22:31 | INFO     | [DAY_START] Processing 19JAN
2026-01-18 00:22:31 | INFO     | [lf.day.start] Processing LXR-JED for 19JAN
2026-01-18 00:22:32 | INFO     | [lf.day.flights_found] Found 1 flights on 19JAN
2026-01-18 00:22:34 | INFO     | [lf.flight.extracted] SM481 on 19JAN: BKG=0, LF=0.0%
2026-01-18 00:22:36 | INFO     | [SUCCESS] Day 19JAN
2026-01-18 00:22:36 | INFO     | [DAY_START] Processing 17JAN
2026-01-18 00:22:36 | INFO     | [lf.day.start] Processing LXR-JED for 17JAN
2026-01-18 00:22:37 | WARNING  | [lf.day.no_flights] No direct flights on 17JAN
2026-01-18 00:22:37 | INFO     | [SUCCESS] Day 17JAN
2026-01-18 00:22:37 | INFO     | [SUCCESS] LF Search Complete
2026-01-18 00:22:37 | INFO     | [Worker_9233] Completed: LXR-JED - 7 results, 0 errors
2026-01-18 00:22:37 | INFO     | [Worker_9233] Processing: ATZ-DMM
2026-01-18 00:22:37 | INFO     |   Tier 0: Range 1, Chunk 3/3 (8 days)
