2026-01-17 23:57:03 | INFO     | ======================================================================
2026-01-17 23:57:03 | INFO     | Load Factor Scraper Started - Route: LXR-JED
2026-01-17 23:57:03 | INFO     | Log file: D:\CODERED\LAB\Artifacts\outputs\run_generated_170126_at_23.33_RETRY\logs\LF_LXR-JED_20260117_235703.log
2026-01-17 23:57:03 | INFO     | Enhanced logging: Capturing both logging.info() and print()
2026-01-17 23:57:03 | INFO     | ======================================================================
2026-01-17 23:57:03 | INFO     | Starting LF search for route: LXR-JED
2026-01-17 23:57:03 | INFO     | [START] LF Search
2026-01-17 23:57:04 | INFO     | [HEALTH CHECK] [OK] Chrome connection is healthy
2026-01-17 23:57:04 | INFO     | [DAY_START] Processing 07MAR
2026-01-17 23:57:04 | INFO     | [lf.day.start] Processing LXR-JED for 07MAR
2026-01-17 23:57:05 | WARNING  | [lf.day.no_flights] No direct flights on 07MAR
2026-01-17 23:57:05 | INFO     | [SUCCESS] Day 07MAR
2026-01-17 23:57:05 | INFO     | [DAY_START] Processing 06MAR
2026-01-17 23:57:05 | INFO     | [lf.day.start] Processing LXR-JED for 06MAR
2026-01-17 23:57:06 | WARNING  | [lf.day.no_flights] No direct flights on 06MAR
2026-01-17 23:57:06 | INFO     | [SUCCESS] Day 06MAR
2026-01-17 23:57:06 | INFO     | [DAY_START] Processing 05MAR
2026-01-17 23:57:06 | INFO     | [lf.day.start] Processing LXR-JED for 05MAR
2026-01-17 23:57:07 | WARNING  | [lf.day.no_flights] No direct flights on 05MAR
2026-01-17 23:57:07 | INFO     | [SUCCESS] Day 05MAR
2026-01-17 23:57:07 | INFO     | [DAY_START] Processing 04MAR
2026-01-17 23:57:07 | INFO     | [lf.day.start] Processing LXR-JED for 04MAR
2026-01-17 23:57:08 | WARNING  | [lf.day.no_flights] No direct flights on 04MAR
2026-01-17 23:57:08 | INFO     | [SUCCESS] Day 04MAR
2026-01-17 23:57:08 | INFO     | [DAY_START] Processing 03MAR
2026-01-17 23:57:08 | INFO     | [lf.day.start] Processing LXR-JED for 03MAR
2026-01-17 23:57:09 | INFO     | [lf.day.flights_found] Found 3 flights on 03MAR
2026-01-17 23:57:11 | INFO     | [lf.flight.extracted] SM429 on 03MAR: BKG=0, LF=0.0%
2026-01-17 23:57:14 | INFO     | [lf.flight.extracted] SM483 on 03MAR: BKG=0, LF=0.0%
2026-01-17 23:57:18 | INFO     | [lf.flight.extracted] SM981 on 03MAR: BKG=0, LF=0.0%
2026-01-17 23:57:19 | INFO     | [SUCCESS] Day 03MAR
2026-01-17 23:57:19 | INFO     | [DAY_START] Processing 02MAR
2026-01-17 23:57:19 | INFO     | [lf.day.start] Processing LXR-JED for 02MAR
2026-01-17 23:57:20 | INFO     | [lf.day.flights_found] Found 1 flights on 02MAR
2026-01-17 23:57:22 | INFO     | [lf.flight.extracted] SM481 on 02MAR: BKG=0, LF=0.0%
2026-01-17 23:57:23 | INFO     | [SUCCESS] Day 02MAR
2026-01-17 23:57:23 | INFO     | [DAY_START] Processing 01MAR
2026-01-17 23:57:23 | INFO     | [lf.day.start] Processing LXR-JED for 01MAR
2026-01-17 23:57:24 | WARNING  | [lf.day.no_flights] No direct flights on 01MAR
2026-01-17 23:57:24 | INFO     | [SUCCESS] Day 01MAR
2026-01-17 23:57:24 | INFO     | [DAY_START] Processing 28FEB
2026-01-17 23:57:24 | INFO     | [lf.day.start] Processing LXR-JED for 28FEB
2026-01-17 23:57:25 | WARNING  | [lf.day.no_flights] No direct flights on 28FEB
2026-01-17 23:57:25 | INFO     | [SUCCESS] Day 28FEB
2026-01-17 23:57:25 | INFO     | [DAY_START] Processing 27FEB
2026-01-17 23:57:25 | INFO     | [lf.day.start] Processing LXR-JED for 27FEB
2026-01-17 23:57:26 | WARNING  | [lf.day.no_flights] No direct flights on 27FEB
2026-01-17 23:57:26 | INFO     | [SUCCESS] Day 27FEB
2026-01-17 23:57:26 | INFO     | [SUCCESS] LF Search Complete
2026-01-17 23:57:26 | INFO     | [Worker_9227] Completed: LXR-JED - 9 results, 0 errors
2026-01-17 23:57:26 | INFO     | [Worker_9227] Processing: CAI-TUU
2026-01-17 23:57:26 | INFO     |   Tier 0: Range 2, Chunk 1/3 (9 days)
