2026-01-18 00:14:03 | INFO     | ======================================================================
2026-01-18 00:14:03 | INFO     | Load Factor Scraper Started - Route: MED-CAI
2026-01-18 00:14:03 | INFO     | Log file: D:\CODERED\LAB\Artifacts\outputs\run_generated_170126_at_23.33_RETRY\logs\LF_MED-CAI_20260118_001403.log
2026-01-18 00:14:03 | INFO     | Enhanced logging: Capturing both logging.info() and print()
2026-01-18 00:14:03 | INFO     | ======================================================================
2026-01-18 00:14:03 | INFO     | Starting LF search for route: MED-CAI
2026-01-18 00:14:03 | INFO     | [START] LF Search
2026-01-18 00:14:04 | INFO     | [HEALTH CHECK] [OK] Chrome connection is healthy
2026-01-18 00:14:04 | INFO     | [DAY_START] Processing 01FEB
2026-01-18 00:14:04 | INFO     | [lf.day.start] Processing MED-CAI for 01FEB
2026-01-18 00:14:05 | INFO     | [lf.day.flights_found] Found 1 flights on 01FEB
2026-01-18 00:14:07 | INFO     | [lf.flight.extracted] SM494 on 01FEB: BKG=141, LF=82.0%
2026-01-18 00:14:13 | INFO     | [SUCCESS] Day 01FEB
2026-01-18 00:14:13 | INFO     | [DAY_START] Processing 31JAN
2026-01-18 00:14:13 | INFO     | [lf.day.start] Processing MED-CAI for 31JAN
2026-01-18 00:14:15 | INFO     | [lf.day.flights_found] Found 1 flights on 31JAN
2026-01-18 00:14:21 | INFO     | [lf.flight.extracted] SM494 on 31JAN: BKG=168, LF=96.0%
2026-01-18 00:14:28 | INFO     | [SUCCESS] Day 31JAN
2026-01-18 00:14:28 | INFO     | [DAY_START] Processing 30JAN
2026-01-18 00:14:28 | INFO     | [lf.day.start] Processing MED-CAI for 30JAN
2026-01-18 00:14:29 | WARNING  | [lf.day.no_flights] No direct flights on 30JAN
2026-01-18 00:14:29 | INFO     | [SUCCESS] Day 30JAN
2026-01-18 00:14:29 | INFO     | [DAY_START] Processing 29JAN
2026-01-18 00:14:29 | INFO     | [lf.day.start] Processing MED-CAI for 29JAN
2026-01-18 00:14:31 | INFO     | [lf.day.flights_found] Found 1 flights on 29JAN
2026-01-18 00:14:33 | INFO     | [lf.flight.extracted] SM494 on 29JAN: BKG=174, LF=98.9%
2026-01-18 00:14:38 | INFO     | [SUCCESS] Day 29JAN
2026-01-18 00:14:38 | INFO     | [DAY_START] Processing 28JAN
2026-01-18 00:14:38 | INFO     | [lf.day.start] Processing MED-CAI for 28JAN
2026-01-18 00:14:58 | WARNING  | [lf.day.no_flights] No direct flights on 28JAN
2026-01-18 00:14:58 | INFO     | [SUCCESS] Day 28JAN
2026-01-18 00:14:58 | INFO     | [DAY_START] Processing 27JAN
2026-01-18 00:14:58 | INFO     | [lf.day.start] Processing MED-CAI for 27JAN
2026-01-18 00:14:59 | INFO     | [lf.day.flights_found] Found 2 flights on 27JAN
2026-01-18 00:15:01 | INFO     | [lf.flight.extracted] SM496 on 27JAN: BKG=171, LF=96.1%
2026-01-18 00:15:05 | INFO     | [lf.flight.extracted] SM494 on 27JAN: BKG=170, LF=95.5%
2026-01-18 00:15:17 | INFO     | [SUCCESS] Day 27JAN
2026-01-18 00:15:17 | INFO     | [DAY_START] Processing 26JAN
2026-01-18 00:15:17 | INFO     | [lf.day.start] Processing MED-CAI for 26JAN
2026-01-18 00:15:18 | WARNING  | [lf.day.no_flights] No direct flights on 26JAN
2026-01-18 00:15:18 | INFO     | [SUCCESS] Day 26JAN
2026-01-18 00:15:18 | INFO     | [DAY_START] Processing 25JAN
2026-01-18 00:15:18 | INFO     | [lf.day.start] Processing MED-CAI for 25JAN
2026-01-18 00:15:19 | INFO     | [lf.day.flights_found] Found 1 flights on 25JAN
2026-01-18 00:15:21 | INFO     | [lf.flight.extracted] SM494 on 25JAN: BKG=169, LF=98.3%
2026-01-18 00:15:28 | INFO     | [SUCCESS] Day 25JAN
2026-01-18 00:15:28 | INFO     | [SUCCESS] LF Search Complete
2026-01-18 00:15:28 | INFO     | [Worker_9226] Completed: MED-CAI - 8 results, 0 errors
2026-01-18 00:15:28 | INFO     | [Worker_9226] Processing: DMM-CAI
2026-01-18 00:15:28 | INFO     |   Tier 0: Range 1, Chunk 2/3 (8 days)
