2026-01-17 23:54:37 | INFO     | ======================================================================
2026-01-17 23:54:37 | INFO     | Load Factor Scraper Started - Route: MED-HBE
2026-01-17 23:54:37 | INFO     | Log file: D:\CODERED\LAB\Artifacts\outputs\run_generated_170126_at_23.33_RETRY\logs\LF_MED-HBE_20260117_235437.log
2026-01-17 23:54:37 | INFO     | Enhanced logging: Capturing both logging.info() and print()
2026-01-17 23:54:37 | INFO     | ======================================================================
2026-01-17 23:54:37 | INFO     | Starting LF search for route: MED-HBE
2026-01-17 23:54:37 | INFO     | [START] LF Search
2026-01-17 23:54:37 | INFO     | [HEALTH CHECK] [OK] Chrome connection is healthy
2026-01-17 23:54:37 | INFO     | [DAY_START] Processing 07MAR
2026-01-17 23:54:37 | INFO     | [lf.day.start] Processing MED-HBE for 07MAR
2026-01-17 23:54:40 | WARNING  | [lf.day.no_flights] No direct flights on 07MAR
2026-01-17 23:54:40 | INFO     | [SUCCESS] Day 07MAR
2026-01-17 23:54:40 | INFO     | [DAY_START] Processing 06MAR
2026-01-17 23:54:40 | INFO     | [lf.day.start] Processing MED-HBE for 06MAR
2026-01-17 23:54:41 | WARNING  | [lf.day.no_flights] No direct flights on 06MAR
2026-01-17 23:54:41 | INFO     | [SUCCESS] Day 06MAR
2026-01-17 23:54:41 | INFO     | [DAY_START] Processing 05MAR
2026-01-17 23:54:41 | INFO     | [lf.day.start] Processing MED-HBE for 05MAR
2026-01-17 23:54:42 | INFO     | [lf.day.flights_found] Found 1 flights on 05MAR
2026-01-17 23:54:44 | INFO     | [lf.flight.extracted] SM486 on 05MAR: BKG=42, LF=24.0%
2026-01-17 23:54:47 | INFO     | [SUCCESS] Day 05MAR
2026-01-17 23:54:47 | INFO     | [DAY_START] Processing 04MAR
2026-01-17 23:54:47 | INFO     | [lf.day.start] Processing MED-HBE for 04MAR
2026-01-17 23:54:48 | INFO     | [lf.day.flights_found] Found 1 flights on 04MAR
2026-01-17 23:54:50 | INFO     | [lf.flight.extracted] SM486 on 04MAR: BKG=18, LF=10.7%
2026-01-17 23:54:53 | INFO     | [SUCCESS] Day 04MAR
2026-01-17 23:54:53 | INFO     | [DAY_START] Processing 03MAR
2026-01-17 23:54:53 | INFO     | [lf.day.start] Processing MED-HBE for 03MAR
2026-01-17 23:54:54 | INFO     | [lf.day.flights_found] Found 1 flights on 03MAR
2026-01-17 23:54:56 | INFO     | [lf.flight.extracted] SM486 on 03MAR: BKG=100, LF=57.1%
2026-01-17 23:55:00 | INFO     | [SUCCESS] Day 03MAR
2026-01-17 23:55:00 | INFO     | [DAY_START] Processing 02MAR
2026-01-17 23:55:00 | INFO     | [lf.day.start] Processing MED-HBE for 02MAR
2026-01-17 23:55:00 | WARNING  | [lf.day.no_flights] No direct flights on 02MAR
2026-01-17 23:55:01 | INFO     | [SUCCESS] Day 02MAR
2026-01-17 23:55:01 | INFO     | [DAY_START] Processing 01MAR
2026-01-17 23:55:01 | INFO     | [lf.day.start] Processing MED-HBE for 01MAR
2026-01-17 23:55:02 | INFO     | [lf.day.flights_found] Found 1 flights on 01MAR
2026-01-17 23:55:04 | INFO     | [lf.flight.extracted] SM486 on 01MAR: BKG=44, LF=26.2%
2026-01-17 23:55:08 | INFO     | [SUCCESS] Day 01MAR
2026-01-17 23:55:08 | INFO     | [DAY_START] Processing 28FEB
2026-01-17 23:55:08 | INFO     | [lf.day.start] Processing MED-HBE for 28FEB
2026-01-17 23:55:09 | WARNING  | [lf.day.no_flights] No direct flights on 28FEB
2026-01-17 23:55:09 | INFO     | [SUCCESS] Day 28FEB
2026-01-17 23:55:09 | INFO     | [DAY_START] Processing 27FEB
2026-01-17 23:55:09 | INFO     | [lf.day.start] Processing MED-HBE for 27FEB
2026-01-17 23:55:10 | WARNING  | [lf.day.no_flights] No direct flights on 27FEB
2026-01-17 23:55:10 | INFO     | [SUCCESS] Day 27FEB
2026-01-17 23:55:10 | INFO     | [SUCCESS] LF Search Complete
2026-01-17 23:55:10 | INFO     | [Worker_9222] Completed: MED-HBE - 9 results, 0 errors
2026-01-17 23:55:10 | INFO     | [Worker_9222] Processing: JED-ASW
2026-01-17 23:55:10 | INFO     |   Tier 0: Range 2, Chunk 1/3 (9 days)
