2026-01-18 00:08:40 | INFO     | ======================================================================
2026-01-18 00:08:40 | INFO     | Load Factor Scraper Started - Route: MED-HBE
2026-01-18 00:08:40 | INFO     | Log file: D:\CODERED\LAB\Artifacts\outputs\run_generated_170126_at_23.33_RETRY\logs\LF_MED-HBE_20260118_000840.log
2026-01-18 00:08:40 | INFO     | Enhanced logging: Capturing both logging.info() and print()
2026-01-18 00:08:40 | INFO     | ======================================================================
2026-01-18 00:08:40 | INFO     | Starting LF search for route: MED-HBE
2026-01-18 00:08:40 | INFO     | [START] LF Search
2026-01-18 00:08:40 | INFO     | [HEALTH CHECK] [OK] Chrome connection is healthy
2026-01-18 00:08:40 | INFO     | [DAY_START] Processing 10FEB
2026-01-18 00:08:40 | INFO     | [lf.day.start] Processing MED-HBE for 10FEB
2026-01-18 00:08:41 | INFO     | [lf.day.flights_found] Found 1 flights on 10FEB
2026-01-18 00:08:43 | INFO     | [lf.flight.extracted] SM486 on 10FEB: BKG=168, LF=96.0%
2026-01-18 00:08:49 | INFO     | [SUCCESS] Day 10FEB
2026-01-18 00:08:49 | INFO     | [DAY_START] Processing 09FEB
2026-01-18 00:08:49 | INFO     | [lf.day.start] Processing MED-HBE for 09FEB
2026-01-18 00:08:51 | WARNING  | [lf.day.no_flights] No direct flights on 09FEB
2026-01-18 00:08:51 | INFO     | [SUCCESS] Day 09FEB
2026-01-18 00:08:51 | INFO     | [DAY_START] Processing 08FEB
2026-01-18 00:08:51 | INFO     | [lf.day.start] Processing MED-HBE for 08FEB
2026-01-18 00:08:53 | INFO     | [lf.day.flights_found] Found 1 flights on 08FEB
2026-01-18 00:08:55 | INFO     | [lf.flight.extracted] SM486 on 08FEB: BKG=168, LF=96.0%
2026-01-18 00:09:00 | INFO     | [SUCCESS] Day 08FEB
2026-01-18 00:09:00 | INFO     | [DAY_START] Processing 07FEB
2026-01-18 00:09:00 | INFO     | [lf.day.start] Processing MED-HBE for 07FEB
2026-01-18 00:09:01 | WARNING  | [lf.day.no_flights] No direct flights on 07FEB
2026-01-18 00:09:01 | INFO     | [SUCCESS] Day 07FEB
2026-01-18 00:09:01 | INFO     | [DAY_START] Processing 06FEB
2026-01-18 00:09:01 | INFO     | [lf.day.start] Processing MED-HBE for 06FEB
2026-01-18 00:09:03 | WARNING  | [lf.day.no_flights] No direct flights on 06FEB
2026-01-18 00:09:03 | INFO     | [SUCCESS] Day 06FEB
2026-01-18 00:09:03 | INFO     | [DAY_START] Processing 05FEB
2026-01-18 00:09:03 | INFO     | [lf.day.start] Processing MED-HBE for 05FEB
2026-01-18 00:09:04 | INFO     | [lf.day.flights_found] Found 1 flights on 05FEB
2026-01-18 00:09:07 | INFO     | [lf.flight.extracted] SM486 on 05FEB: BKG=174, LF=99.4%
2026-01-18 00:09:11 | INFO     | [SUCCESS] Day 05FEB
2026-01-18 00:09:11 | INFO     | [DAY_START] Processing 04FEB
2026-01-18 00:09:11 | INFO     | [lf.day.start] Processing MED-HBE for 04FEB
2026-01-18 00:09:12 | INFO     | [lf.day.flights_found] Found 1 flights on 04FEB
2026-01-18 00:09:14 | INFO     | [lf.flight.extracted] SM486 on 04FEB: BKG=168, LF=96.0%
2026-01-18 00:09:21 | INFO     | [SUCCESS] Day 04FEB
2026-01-18 00:09:21 | INFO     | [DAY_START] Processing 03FEB
2026-01-18 00:09:21 | INFO     | [lf.day.start] Processing MED-HBE for 03FEB
2026-01-18 00:09:22 | INFO     | [lf.day.flights_found] Found 1 flights on 03FEB
2026-01-18 00:09:25 | INFO     | [lf.flight.extracted] SM486 on 03FEB: BKG=168, LF=96.0%
2026-01-18 00:09:32 | INFO     | [SUCCESS] Day 03FEB
2026-01-18 00:09:32 | INFO     | [DAY_START] Processing 02FEB
2026-01-18 00:09:32 | INFO     | [lf.day.start] Processing MED-HBE for 02FEB
2026-01-18 00:09:34 | WARNING  | [lf.day.no_flights] No direct flights on 02FEB
2026-01-18 00:09:34 | INFO     | [SUCCESS] Day 02FEB
2026-01-18 00:09:34 | INFO     | [SUCCESS] LF Search Complete
2026-01-18 00:09:34 | INFO     | [Worker_9233] Completed: MED-HBE - 9 results, 0 errors
2026-01-18 00:09:34 | INFO     | [Worker_9233] Processing: RUH-CAI
2026-01-18 00:09:34 | INFO     |   Tier 0: Range 1, Chunk 1/3 (9 days)
