2026-01-18 00:14:14 | INFO     | ======================================================================
2026-01-18 00:14:14 | INFO     | Load Factor Scraper Started - Route: MED-ATZ
2026-01-18 00:14:14 | INFO     | Log file: D:\CODERED\LAB\Artifacts\outputs\run_generated_170126_at_23.33_RETRY\logs\LF_MED-ATZ_20260118_001414.log
2026-01-18 00:14:14 | INFO     | Enhanced logging: Capturing both logging.info() and print()
2026-01-18 00:14:14 | INFO     | ======================================================================
2026-01-18 00:14:14 | INFO     | Starting LF search for route: MED-ATZ
2026-01-18 00:14:14 | INFO     | [START] LF Search
2026-01-18 00:14:15 | INFO     | [HEALTH CHECK] [OK] Chrome connection is healthy
2026-01-18 00:14:15 | INFO     | [DAY_START] Processing 01FEB
2026-01-18 00:14:15 | INFO     | [lf.day.start] Processing MED-ATZ for 01FEB
2026-01-18 00:14:16 | WARNING  | [lf.day.no_flights] No direct flights on 01FEB
2026-01-18 00:14:16 | INFO     | [SUCCESS] Day 01FEB
2026-01-18 00:14:16 | INFO     | [DAY_START] Processing 31JAN
2026-01-18 00:14:16 | INFO     | [lf.day.start] Processing MED-ATZ for 31JAN
2026-01-18 00:14:20 | INFO     | [lf.day.flights_found] Found 1 flights on 31JAN
2026-01-18 00:14:22 | INFO     | [lf.flight.extracted] SM488 on 31JAN: BKG=176, LF=100.6%
2026-01-18 00:14:30 | INFO     | [SUCCESS] Day 31JAN
2026-01-18 00:14:30 | INFO     | [DAY_START] Processing 30JAN
2026-01-18 00:14:30 | INFO     | [lf.day.start] Processing MED-ATZ for 30JAN
2026-01-18 00:14:31 | WARNING  | [lf.day.no_flights] No direct flights on 30JAN
2026-01-18 00:14:31 | INFO     | [SUCCESS] Day 30JAN
2026-01-18 00:14:31 | INFO     | [DAY_START] Processing 29JAN
2026-01-18 00:14:31 | INFO     | [lf.day.start] Processing MED-ATZ for 29JAN
2026-01-18 00:14:32 | WARNING  | [lf.day.no_flights] No direct flights on 29JAN
2026-01-18 00:14:32 | INFO     | [SUCCESS] Day 29JAN
2026-01-18 00:14:32 | INFO     | [DAY_START] Processing 28JAN
2026-01-18 00:14:32 | INFO     | [lf.day.start] Processing MED-ATZ for 28JAN
2026-01-18 00:14:33 | INFO     | [lf.day.flights_found] Found 1 flights on 28JAN
2026-01-18 00:14:36 | INFO     | [lf.flight.extracted] SM490 on 28JAN: BKG=93, LF=52.2%
2026-01-18 00:14:41 | INFO     | [SUCCESS] Day 28JAN
2026-01-18 00:14:41 | INFO     | [DAY_START] Processing 27JAN
2026-01-18 00:14:41 | INFO     | [lf.day.start] Processing MED-ATZ for 27JAN
2026-01-18 00:14:42 | INFO     | [lf.day.flights_found] Found 1 flights on 27JAN
2026-01-18 00:14:44 | INFO     | [lf.flight.extracted] SM488 on 27JAN: BKG=52, LF=29.7%
2026-01-18 00:14:48 | INFO     | [SUCCESS] Day 27JAN
2026-01-18 00:14:48 | INFO     | [DAY_START] Processing 26JAN
2026-01-18 00:14:48 | INFO     | [lf.day.start] Processing MED-ATZ for 26JAN
2026-01-18 00:14:49 | INFO     | [lf.day.flights_found] Found 1 flights on 26JAN
2026-01-18 00:14:51 | INFO     | [lf.flight.extracted] SM488 on 26JAN: BKG=89, LF=53.0%
2026-01-18 00:14:56 | INFO     | [SUCCESS] Day 26JAN
2026-01-18 00:14:56 | INFO     | [DAY_START] Processing 25JAN
2026-01-18 00:14:56 | INFO     | [lf.day.start] Processing MED-ATZ for 25JAN
2026-01-18 00:14:58 | WARNING  | [lf.day.no_flights] No direct flights on 25JAN
2026-01-18 00:14:58 | INFO     | [SUCCESS] Day 25JAN
2026-01-18 00:14:58 | INFO     | [SUCCESS] LF Search Complete
2026-01-18 00:14:58 | INFO     | [Worker_9234] Completed: MED-ATZ - 8 results, 0 errors
2026-01-18 00:14:58 | INFO     | [Worker_9234] Processing: JED-LXR
2026-01-18 00:14:58 | INFO     |   Tier 0: Range 1, Chunk 2/3 (8 days)
