2026-01-18 00:14:08 | INFO     | ======================================================================
2026-01-18 00:14:08 | INFO     | Load Factor Scraper Started - Route: MED-HBE
2026-01-18 00:14:08 | INFO     | Log file: D:\CODERED\LAB\Artifacts\outputs\run_generated_170126_at_23.33_RETRY\logs\LF_MED-HBE_20260118_001408.log
2026-01-18 00:14:08 | INFO     | Enhanced logging: Capturing both logging.info() and print()
2026-01-18 00:14:08 | INFO     | ======================================================================
2026-01-18 00:14:08 | INFO     | Starting LF search for route: MED-HBE
2026-01-18 00:14:08 | INFO     | [START] LF Search
2026-01-18 00:14:10 | INFO     | [HEALTH CHECK] [OK] Chrome connection is healthy
2026-01-18 00:14:10 | INFO     | [DAY_START] Processing 01FEB
2026-01-18 00:14:10 | INFO     | [lf.day.start] Processing MED-HBE for 01FEB
2026-01-18 00:14:11 | INFO     | [lf.day.flights_found] Found 1 flights on 01FEB
2026-01-18 00:14:13 | INFO     | [lf.flight.extracted] SM486 on 01FEB: BKG=169, LF=96.6%
2026-01-18 00:14:19 | INFO     | [SUCCESS] Day 01FEB
2026-01-18 00:14:19 | INFO     | [DAY_START] Processing 31JAN
2026-01-18 00:14:19 | INFO     | [lf.day.start] Processing MED-HBE for 31JAN
2026-01-18 00:14:22 | WARNING  | [lf.day.no_flights] No direct flights on 31JAN
2026-01-18 00:14:22 | INFO     | [SUCCESS] Day 31JAN
2026-01-18 00:14:22 | INFO     | [DAY_START] Processing 30JAN
2026-01-18 00:14:22 | INFO     | [lf.day.start] Processing MED-HBE for 30JAN
2026-01-18 00:14:23 | WARNING  | [lf.day.no_flights] No direct flights on 30JAN
2026-01-18 00:14:23 | INFO     | [SUCCESS] Day 30JAN
2026-01-18 00:14:23 | INFO     | [DAY_START] Processing 29JAN
2026-01-18 00:14:23 | INFO     | [lf.day.start] Processing MED-HBE for 29JAN
2026-01-18 00:14:24 | INFO     | [lf.day.flights_found] Found 1 flights on 29JAN
2026-01-18 00:14:26 | INFO     | [lf.flight.extracted] SM486 on 29JAN: BKG=169, LF=94.9%
2026-01-18 00:14:31 | INFO     | [SUCCESS] Day 29JAN
2026-01-18 00:14:31 | INFO     | [DAY_START] Processing 28JAN
2026-01-18 00:14:31 | INFO     | [lf.day.start] Processing MED-HBE for 28JAN
2026-01-18 00:14:32 | INFO     | [lf.day.flights_found] Found 1 flights on 28JAN
2026-01-18 00:14:35 | INFO     | [lf.flight.extracted] SM486 on 28JAN: BKG=172, LF=96.6%
2026-01-18 00:14:40 | INFO     | [SUCCESS] Day 28JAN
2026-01-18 00:14:40 | INFO     | [DAY_START] Processing 27JAN
2026-01-18 00:14:40 | INFO     | [lf.day.start] Processing MED-HBE for 27JAN
2026-01-18 00:14:41 | INFO     | [lf.day.flights_found] Found 1 flights on 27JAN
2026-01-18 00:14:43 | INFO     | [lf.flight.extracted] SM486 on 27JAN: BKG=173, LF=97.2%
2026-01-18 00:14:48 | INFO     | [SUCCESS] Day 27JAN
2026-01-18 00:14:48 | INFO     | [DAY_START] Processing 26JAN
2026-01-18 00:14:48 | INFO     | [lf.day.start] Processing MED-HBE for 26JAN
2026-01-18 00:14:49 | WARNING  | [lf.day.no_flights] No direct flights on 26JAN
2026-01-18 00:14:50 | INFO     | [SUCCESS] Day 26JAN
2026-01-18 00:14:50 | INFO     | [DAY_START] Processing 25JAN
2026-01-18 00:14:50 | INFO     | [lf.day.start] Processing MED-HBE for 25JAN
2026-01-18 00:14:50 | INFO     | [lf.day.flights_found] Found 1 flights on 25JAN
2026-01-18 00:14:52 | INFO     | [lf.flight.extracted] SM486 on 25JAN: BKG=167, LF=95.4%
2026-01-18 00:14:59 | INFO     | [SUCCESS] Day 25JAN
2026-01-18 00:14:59 | INFO     | [SUCCESS] LF Search Complete
2026-01-18 00:14:59 | INFO     | [Worker_9223] Completed: MED-HBE - 8 results, 0 errors
2026-01-18 00:14:59 | INFO     | [Worker_9223] Processing: JED-ASW
2026-01-18 00:14:59 | INFO     |   Tier 0: Range 1, Chunk 2/3 (8 days)
