2026-01-17 23:33:31 | INFO     | ======================================================================
2026-01-17 23:33:31 | INFO     | Load Factor Scraper Started - Route: RUH-ATZ
2026-01-17 23:33:31 | INFO     | Log file: D:\CODERED\LAB\Artifacts\outputs\run_generated_170126_at_23.33_RETRY\logs\LF_RUH-ATZ_20260117_233331.log
2026-01-17 23:33:31 | INFO     | Enhanced logging: Capturing both logging.info() and print()
2026-01-17 23:33:31 | INFO     | ======================================================================
2026-01-17 23:33:31 | INFO     | Starting LF search for route: RUH-ATZ
2026-01-17 23:33:31 | INFO     | [START] LF Search
2026-01-17 23:33:31 | INFO     | [HEALTH CHECK] [OK] Chrome connection is healthy
2026-01-17 23:33:31 | INFO     | [DAY_START] Processing 27APR
2026-01-17 23:33:31 | INFO     | [lf.day.start] Processing RUH-ATZ for 27APR
2026-01-17 23:33:32 | WARNING  | [lf.day.no_flights] No direct flights on 27APR
2026-01-17 23:33:32 | INFO     | [SUCCESS] Day 27APR
2026-01-17 23:33:32 | INFO     | [DAY_START] Processing 26APR
2026-01-17 23:33:32 | INFO     | [lf.day.start] Processing RUH-ATZ for 26APR
2026-01-17 23:33:33 | WARNING  | [lf.day.no_flights] No direct flights on 26APR
2026-01-17 23:33:34 | INFO     | [SUCCESS] Day 26APR
2026-01-17 23:33:34 | INFO     | [DAY_START] Processing 25APR
2026-01-17 23:33:34 | INFO     | [lf.day.start] Processing RUH-ATZ for 25APR
2026-01-17 23:33:34 | WARNING  | [lf.day.no_flights] No direct flights on 25APR
2026-01-17 23:33:35 | INFO     | [SUCCESS] Day 25APR
2026-01-17 23:33:35 | INFO     | [DAY_START] Processing 24APR
2026-01-17 23:33:35 | INFO     | [lf.day.start] Processing RUH-ATZ for 24APR
2026-01-17 23:33:36 | WARNING  | [lf.day.no_flights] No direct flights on 24APR
2026-01-17 23:33:36 | INFO     | [SUCCESS] Day 24APR
2026-01-17 23:33:36 | INFO     | [DAY_START] Processing 23APR
2026-01-17 23:33:36 | INFO     | [lf.day.start] Processing RUH-ATZ for 23APR
2026-01-17 23:33:37 | WARNING  | [lf.day.no_flights] No direct flights on 23APR
2026-01-17 23:33:37 | INFO     | [SUCCESS] Day 23APR
2026-01-17 23:33:37 | INFO     | [DAY_START] Processing 22APR
2026-01-17 23:33:37 | INFO     | [lf.day.start] Processing RUH-ATZ for 22APR
2026-01-17 23:33:38 | INFO     | [lf.day.flights_found] Found 1 flights on 22APR
2026-01-17 23:33:40 | INFO     | [lf.flight.extracted] SM466 on 22APR: BKG=6, LF=3.4%
2026-01-17 23:33:42 | INFO     | [SUCCESS] Day 22APR
2026-01-17 23:33:42 | INFO     | [DAY_START] Processing 21APR
2026-01-17 23:33:42 | INFO     | [lf.day.start] Processing RUH-ATZ for 21APR
2026-01-17 23:33:43 | WARNING  | [lf.day.no_flights] No direct flights on 21APR
2026-01-17 23:33:43 | INFO     | [SUCCESS] Day 21APR
2026-01-17 23:33:43 | INFO     | [DAY_START] Processing 20APR
2026-01-17 23:33:43 | INFO     | [lf.day.start] Processing RUH-ATZ for 20APR
2026-01-17 23:33:44 | WARNING  | [lf.day.no_flights] No direct flights on 20APR
2026-01-17 23:33:44 | INFO     | [SUCCESS] Day 20APR
2026-01-17 23:33:44 | INFO     | [DAY_START] Processing 19APR
2026-01-17 23:33:44 | INFO     | [lf.day.start] Processing RUH-ATZ for 19APR
2026-01-17 23:33:45 | WARNING  | [lf.day.no_flights] No direct flights on 19APR
2026-01-17 23:33:46 | INFO     | [SUCCESS] Day 19APR
2026-01-17 23:33:46 | INFO     | [SUCCESS] LF Search Complete
2026-01-17 23:33:46 | INFO     | [Worker_9226] Completed: RUH-ATZ - 9 results, 0 errors
2026-01-17 23:33:46 | INFO     | [Worker_9226] Processing: TUU-ATZ
2026-01-17 23:33:46 | INFO     |   Tier 0: Range 4, Chunk 1/3 (9 days)
