2026-01-17 23:47:25 | INFO     | ======================================================================
2026-01-17 23:47:25 | INFO     | Load Factor Scraper Started - Route: RUH-CAI
2026-01-17 23:47:25 | INFO     | Log file: D:\CODERED\LAB\Artifacts\outputs\run_generated_170126_at_23.33_RETRY\logs\LF_RUH-CAI_20260117_234725.log
2026-01-17 23:47:25 | INFO     | Enhanced logging: Capturing both logging.info() and print()
2026-01-17 23:47:25 | INFO     | ======================================================================
2026-01-17 23:47:25 | INFO     | Starting LF search for route: RUH-CAI
2026-01-17 23:47:25 | INFO     | [START] LF Search
2026-01-17 23:47:26 | INFO     | [HEALTH CHECK] [OK] Chrome connection is healthy
2026-01-17 23:47:26 | INFO     | [DAY_START] Processing 23MAR
2026-01-17 23:47:26 | INFO     | [lf.day.start] Processing RUH-CAI for 23MAR
2026-01-17 23:47:27 | INFO     | [lf.day.flights_found] Found 1 flights on 23MAR
2026-01-17 23:47:29 | INFO     | [lf.flight.extracted] SM470 on 23MAR: BKG=28, LF=16.8%
2026-01-17 23:47:34 | INFO     | [SUCCESS] Day 23MAR
2026-01-17 23:47:34 | INFO     | [DAY_START] Processing 22MAR
2026-01-17 23:47:34 | INFO     | [lf.day.start] Processing RUH-CAI for 22MAR
2026-01-17 23:47:35 | INFO     | [lf.day.flights_found] Found 1 flights on 22MAR
2026-01-17 23:47:37 | INFO     | [lf.flight.extracted] SM462 on 22MAR: BKG=32, LF=18.3%
2026-01-17 23:47:40 | INFO     | [SUCCESS] Day 22MAR
2026-01-17 23:47:40 | INFO     | [DAY_START] Processing 21MAR
2026-01-17 23:47:40 | INFO     | [lf.day.start] Processing RUH-CAI for 21MAR
2026-01-17 23:47:41 | INFO     | [lf.day.flights_found] Found 1 flights on 21MAR
2026-01-17 23:47:43 | INFO     | [lf.flight.extracted] SM462 on 21MAR: BKG=22, LF=12.6%
2026-01-17 23:47:46 | INFO     | [SUCCESS] Day 21MAR
2026-01-17 23:47:46 | INFO     | [DAY_START] Processing 20MAR
2026-01-17 23:47:46 | INFO     | [lf.day.start] Processing RUH-CAI for 20MAR
2026-01-17 23:47:47 | INFO     | [lf.day.flights_found] Found 2 flights on 20MAR
2026-01-17 23:47:49 | INFO     | [lf.flight.extracted] SM462 on 20MAR: BKG=4, LF=2.3%
2026-01-17 23:47:53 | INFO     | [lf.flight.extracted] SM470 on 20MAR: BKG=0, LF=0.0%
2026-01-17 23:47:56 | INFO     | [SUCCESS] Day 20MAR
2026-01-17 23:47:56 | INFO     | [DAY_START] Processing 19MAR
2026-01-17 23:47:56 | INFO     | [lf.day.start] Processing RUH-CAI for 19MAR
2026-01-17 23:47:57 | INFO     | [lf.day.flights_found] Found 1 flights on 19MAR
2026-01-17 23:47:59 | INFO     | [lf.flight.extracted] SM462 on 19MAR: BKG=22, LF=12.6%
2026-01-17 23:48:02 | INFO     | [SUCCESS] Day 19MAR
2026-01-17 23:48:02 | INFO     | [DAY_START] Processing 18MAR
2026-01-17 23:48:02 | INFO     | [lf.day.start] Processing RUH-CAI for 18MAR
2026-01-17 23:48:03 | INFO     | [lf.day.flights_found] Found 2 flights on 18MAR
2026-01-17 23:48:05 | INFO     | [lf.flight.extracted] SM462 on 18MAR: BKG=22, LF=12.6%
2026-01-17 23:48:08 | INFO     | [lf.flight.extracted] SM470 on 18MAR: BKG=13, LF=7.8%
2026-01-17 23:48:16 | INFO     | [SUCCESS] Day 18MAR
2026-01-17 23:48:16 | INFO     | [DAY_START] Processing 17MAR
2026-01-17 23:48:16 | INFO     | [lf.day.start] Processing RUH-CAI for 17MAR
2026-01-17 23:48:17 | INFO     | [lf.day.flights_found] Found 1 flights on 17MAR
2026-01-17 23:48:19 | INFO     | [lf.flight.extracted] SM470 on 17MAR: BKG=3, LF=1.8%
2026-01-17 23:48:22 | INFO     | [SUCCESS] Day 17MAR
2026-01-17 23:48:22 | INFO     | [DAY_START] Processing 16MAR
2026-01-17 23:48:22 | INFO     | [lf.day.start] Processing RUH-CAI for 16MAR
2026-01-17 23:48:24 | INFO     | [lf.day.flights_found] Found 1 flights on 16MAR
2026-01-17 23:48:26 | INFO     | [lf.flight.extracted] SM470 on 16MAR: BKG=1, LF=0.6%
2026-01-17 23:48:28 | INFO     | [SUCCESS] Day 16MAR
2026-01-17 23:48:28 | INFO     | [SUCCESS] LF Search Complete
2026-01-17 23:48:28 | INFO     | [Worker_9223] Completed: RUH-CAI - 8 results, 0 errors
2026-01-17 23:48:28 | INFO     | [Worker_9223] Processing: ELQ-CAI
2026-01-17 23:48:28 | INFO     |   Tier 0: Range 3, Chunk 2/3 (8 days)
