2026-01-17 23:47:30 | INFO     | ======================================================================
2026-01-17 23:47:30 | INFO     | Load Factor Scraper Started - Route: RUH-ATZ
2026-01-17 23:47:30 | INFO     | Log file: D:\CODERED\LAB\Artifacts\outputs\run_generated_170126_at_23.33_RETRY\logs\LF_RUH-ATZ_20260117_234730.log
2026-01-17 23:47:30 | INFO     | Enhanced logging: Capturing both logging.info() and print()
2026-01-17 23:47:30 | INFO     | ======================================================================
2026-01-17 23:47:30 | INFO     | Starting LF search for route: RUH-ATZ
2026-01-17 23:47:30 | INFO     | [START] LF Search
2026-01-17 23:47:31 | INFO     | [HEALTH CHECK] [OK] Chrome connection is healthy
2026-01-17 23:47:31 | INFO     | [DAY_START] Processing 23MAR
2026-01-17 23:47:31 | INFO     | [lf.day.start] Processing RUH-ATZ for 23MAR
2026-01-17 23:47:32 | WARNING  | [lf.day.no_flights] No direct flights on 23MAR
2026-01-17 23:47:33 | INFO     | [SUCCESS] Day 23MAR
2026-01-17 23:47:33 | INFO     | [DAY_START] Processing 22MAR
2026-01-17 23:47:33 | INFO     | [lf.day.start] Processing RUH-ATZ for 22MAR
2026-01-17 23:47:34 | INFO     | [lf.day.flights_found] Found 1 flights on 22MAR
2026-01-17 23:47:36 | INFO     | [lf.flight.extracted] SM464 on 22MAR: BKG=12, LF=6.9%
2026-01-17 23:47:39 | INFO     | [SUCCESS] Day 22MAR
2026-01-17 23:47:39 | INFO     | [DAY_START] Processing 21MAR
2026-01-17 23:47:39 | INFO     | [lf.day.start] Processing RUH-ATZ for 21MAR
2026-01-17 23:47:40 | WARNING  | [lf.day.no_flights] No direct flights on 21MAR
2026-01-17 23:47:40 | INFO     | [SUCCESS] Day 21MAR
2026-01-17 23:47:40 | INFO     | [DAY_START] Processing 20MAR
2026-01-17 23:47:40 | INFO     | [lf.day.start] Processing RUH-ATZ for 20MAR
2026-01-17 23:47:41 | WARNING  | [lf.day.no_flights] No direct flights on 20MAR
2026-01-17 23:47:41 | INFO     | [SUCCESS] Day 20MAR
2026-01-17 23:47:41 | INFO     | [DAY_START] Processing 19MAR
2026-01-17 23:47:41 | INFO     | [lf.day.start] Processing RUH-ATZ for 19MAR
2026-01-17 23:47:42 | WARNING  | [lf.day.no_flights] No direct flights on 19MAR
2026-01-17 23:47:42 | INFO     | [SUCCESS] Day 19MAR
2026-01-17 23:47:42 | INFO     | [DAY_START] Processing 18MAR
2026-01-17 23:47:42 | INFO     | [lf.day.start] Processing RUH-ATZ for 18MAR
2026-01-17 23:47:43 | INFO     | [lf.day.flights_found] Found 1 flights on 18MAR
2026-01-17 23:47:45 | INFO     | [lf.flight.extracted] SM466 on 18MAR: BKG=25, LF=14.3%
2026-01-17 23:47:48 | INFO     | [SUCCESS] Day 18MAR
2026-01-17 23:47:48 | INFO     | [DAY_START] Processing 17MAR
2026-01-17 23:47:48 | INFO     | [lf.day.start] Processing RUH-ATZ for 17MAR
2026-01-17 23:47:49 | INFO     | [lf.day.flights_found] Found 1 flights on 17MAR
2026-01-17 23:47:51 | INFO     | [lf.flight.extracted] SM464 on 17MAR: BKG=9, LF=5.1%
2026-01-17 23:47:53 | INFO     | [SUCCESS] Day 17MAR
2026-01-17 23:47:53 | INFO     | [DAY_START] Processing 16MAR
2026-01-17 23:47:53 | INFO     | [lf.day.start] Processing RUH-ATZ for 16MAR
2026-01-17 23:47:54 | WARNING  | [lf.day.no_flights] No direct flights on 16MAR
2026-01-17 23:47:54 | INFO     | [SUCCESS] Day 16MAR
2026-01-17 23:47:54 | INFO     | [SUCCESS] LF Search Complete
2026-01-17 23:47:54 | INFO     | [Worker_9227] Completed: RUH-ATZ - 8 results, 0 errors
2026-01-17 23:47:54 | INFO     | [Worker_9227] Processing: TUU-ATZ
2026-01-17 23:47:54 | INFO     |   Tier 0: Range 3, Chunk 2/3 (8 days)
