2026-01-17 23:59:33 | INFO     | ======================================================================
2026-01-17 23:59:33 | INFO     | Load Factor Scraper Started - Route: RUH-ATZ
2026-01-17 23:59:33 | INFO     | Log file: D:\CODERED\LAB\Artifacts\outputs\run_generated_170126_at_23.33_RETRY\logs\LF_RUH-ATZ_20260117_235933.log
2026-01-17 23:59:33 | INFO     | Enhanced logging: Capturing both logging.info() and print()
2026-01-17 23:59:33 | INFO     | ======================================================================
2026-01-17 23:59:33 | INFO     | Starting LF search for route: RUH-ATZ
2026-01-17 23:59:33 | INFO     | [START] LF Search
2026-01-17 23:59:34 | INFO     | [HEALTH CHECK] [OK] Chrome connection is healthy
2026-01-17 23:59:34 | INFO     | [DAY_START] Processing 26FEB
2026-01-17 23:59:34 | INFO     | [lf.day.start] Processing RUH-ATZ for 26FEB
2026-01-17 23:59:35 | WARNING  | [lf.day.no_flights] No direct flights on 26FEB
2026-01-17 23:59:35 | INFO     | [SUCCESS] Day 26FEB
2026-01-17 23:59:35 | INFO     | [DAY_START] Processing 25FEB
2026-01-17 23:59:35 | INFO     | [lf.day.start] Processing RUH-ATZ for 25FEB
2026-01-17 23:59:36 | INFO     | [lf.day.flights_found] Found 1 flights on 25FEB
2026-01-17 23:59:39 | INFO     | [lf.flight.extracted] SM466 on 25FEB: BKG=49, LF=29.3%
2026-01-17 23:59:44 | INFO     | [SUCCESS] Day 25FEB
2026-01-17 23:59:44 | INFO     | [DAY_START] Processing 24FEB
2026-01-17 23:59:44 | INFO     | [lf.day.start] Processing RUH-ATZ for 24FEB
2026-01-17 23:59:55 | INFO     | [lf.day.flights_found] Found 1 flights on 24FEB
2026-01-17 23:59:58 | INFO     | [lf.flight.extracted] SM464 on 24FEB: BKG=40, LF=22.9%
2026-01-18 00:00:01 | INFO     | [SUCCESS] Day 24FEB
2026-01-18 00:00:01 | INFO     | [DAY_START] Processing 23FEB
2026-01-18 00:00:01 | INFO     | [lf.day.start] Processing RUH-ATZ for 23FEB
2026-01-18 00:00:03 | WARNING  | [lf.day.no_flights] No direct flights on 23FEB
2026-01-18 00:00:03 | INFO     | [SUCCESS] Day 23FEB
2026-01-18 00:00:03 | INFO     | [DAY_START] Processing 22FEB
2026-01-18 00:00:03 | INFO     | [lf.day.start] Processing RUH-ATZ for 22FEB
2026-01-18 00:00:04 | INFO     | [lf.day.flights_found] Found 1 flights on 22FEB
2026-01-18 00:00:07 | INFO     | [lf.flight.extracted] SM464 on 22FEB: BKG=48, LF=27.4%
2026-01-18 00:00:12 | INFO     | [SUCCESS] Day 22FEB
2026-01-18 00:00:12 | INFO     | [DAY_START] Processing 21FEB
2026-01-18 00:00:12 | INFO     | [lf.day.start] Processing RUH-ATZ for 21FEB
2026-01-18 00:00:13 | WARNING  | [lf.day.no_flights] No direct flights on 21FEB
2026-01-18 00:00:13 | INFO     | [SUCCESS] Day 21FEB
2026-01-18 00:00:13 | INFO     | [DAY_START] Processing 20FEB
2026-01-18 00:00:13 | INFO     | [lf.day.start] Processing RUH-ATZ for 20FEB
2026-01-18 00:00:14 | WARNING  | [lf.day.no_flights] No direct flights on 20FEB
2026-01-18 00:00:14 | INFO     | [SUCCESS] Day 20FEB
2026-01-18 00:00:14 | INFO     | [DAY_START] Processing 19FEB
2026-01-18 00:00:14 | INFO     | [lf.day.start] Processing RUH-ATZ for 19FEB
2026-01-18 00:00:16 | WARNING  | [lf.day.no_flights] No direct flights on 19FEB
2026-01-18 00:00:16 | INFO     | [SUCCESS] Day 19FEB
2026-01-18 00:00:16 | INFO     | [SUCCESS] LF Search Complete
2026-01-18 00:00:16 | INFO     | [Worker_9225] Completed: RUH-ATZ - 8 results, 0 errors
2026-01-18 00:00:16 | INFO     | [Worker_9225] Processing: AJF-CAI
2026-01-18 00:00:16 | INFO     |   Tier 0: Range 2, Chunk 2/3 (8 days)
