2026-01-17 23:43:27 | INFO     | ======================================================================
2026-01-17 23:43:27 | INFO     | Load Factor Scraper Started - Route: RUH-ATZ
2026-01-17 23:43:27 | INFO     | Log file: D:\CODERED\LAB\Artifacts\outputs\run_generated_170126_at_23.33_RETRY\logs\LF_RUH-ATZ_20260117_234327.log
2026-01-17 23:43:27 | INFO     | Enhanced logging: Capturing both logging.info() and print()
2026-01-17 23:43:27 | INFO     | ======================================================================
2026-01-17 23:43:27 | INFO     | Starting LF search for route: RUH-ATZ
2026-01-17 23:43:27 | INFO     | [START] LF Search
2026-01-17 23:43:28 | INFO     | [HEALTH CHECK] [OK] Chrome connection is healthy
2026-01-17 23:43:28 | INFO     | [DAY_START] Processing 01APR
2026-01-17 23:43:28 | INFO     | [lf.day.start] Processing RUH-ATZ for 01APR
2026-01-17 23:43:29 | INFO     | [lf.day.flights_found] Found 1 flights on 01APR
2026-01-17 23:43:31 | INFO     | [lf.flight.extracted] SM466 on 01APR: BKG=19, LF=10.9%
2026-01-17 23:43:35 | INFO     | [SUCCESS] Day 01APR
2026-01-17 23:43:35 | INFO     | [DAY_START] Processing 31MAR
2026-01-17 23:43:35 | INFO     | [lf.day.start] Processing RUH-ATZ for 31MAR
2026-01-17 23:43:36 | WARNING  | [lf.day.no_flights] No direct flights on 31MAR
2026-01-17 23:43:36 | INFO     | [SUCCESS] Day 31MAR
2026-01-17 23:43:36 | INFO     | [DAY_START] Processing 30MAR
2026-01-17 23:43:36 | INFO     | [lf.day.start] Processing RUH-ATZ for 30MAR
2026-01-17 23:43:37 | WARNING  | [lf.day.no_flights] No direct flights on 30MAR
2026-01-17 23:43:37 | INFO     | [SUCCESS] Day 30MAR
2026-01-17 23:43:37 | INFO     | [DAY_START] Processing 29MAR
2026-01-17 23:43:37 | INFO     | [lf.day.start] Processing RUH-ATZ for 29MAR
2026-01-17 23:43:38 | WARNING  | [lf.day.no_flights] No direct flights on 29MAR
2026-01-17 23:43:38 | INFO     | [SUCCESS] Day 29MAR
2026-01-17 23:43:38 | INFO     | [DAY_START] Processing 28MAR
2026-01-17 23:43:38 | INFO     | [lf.day.start] Processing RUH-ATZ for 28MAR
2026-01-17 23:43:39 | WARNING  | [lf.day.no_flights] No direct flights on 28MAR
2026-01-17 23:43:39 | INFO     | [SUCCESS] Day 28MAR
2026-01-17 23:43:39 | INFO     | [DAY_START] Processing 27MAR
2026-01-17 23:43:39 | INFO     | [lf.day.start] Processing RUH-ATZ for 27MAR
2026-01-17 23:43:40 | WARNING  | [lf.day.no_flights] No direct flights on 27MAR
2026-01-17 23:43:40 | INFO     | [SUCCESS] Day 27MAR
2026-01-17 23:43:40 | INFO     | [DAY_START] Processing 26MAR
2026-01-17 23:43:40 | INFO     | [lf.day.start] Processing RUH-ATZ for 26MAR
2026-01-17 23:43:41 | WARNING  | [lf.day.no_flights] No direct flights on 26MAR
2026-01-17 23:43:41 | INFO     | [SUCCESS] Day 26MAR
2026-01-17 23:43:41 | INFO     | [DAY_START] Processing 25MAR
2026-01-17 23:43:41 | INFO     | [lf.day.start] Processing RUH-ATZ for 25MAR
2026-01-17 23:43:42 | INFO     | [lf.day.flights_found] Found 1 flights on 25MAR
2026-01-17 23:43:44 | INFO     | [lf.flight.extracted] SM466 on 25MAR: BKG=9, LF=5.4%
2026-01-17 23:43:47 | INFO     | [SUCCESS] Day 25MAR
2026-01-17 23:43:47 | INFO     | [DAY_START] Processing 24MAR
2026-01-17 23:43:47 | INFO     | [lf.day.start] Processing RUH-ATZ for 24MAR
2026-01-17 23:43:48 | INFO     | [lf.day.flights_found] Found 1 flights on 24MAR
2026-01-17 23:43:49 | INFO     | [lf.flight.extracted] SM464 on 24MAR: BKG=8, LF=4.6%
2026-01-17 23:43:52 | INFO     | [SUCCESS] Day 24MAR
2026-01-17 23:43:52 | INFO     | [SUCCESS] LF Search Complete
2026-01-17 23:43:52 | INFO     | [Worker_9223] Completed: RUH-ATZ - 9 results, 0 errors
2026-01-17 23:43:52 | INFO     | [Worker_9223] Processing: TUU-ATZ
2026-01-17 23:43:52 | INFO     |   Tier 0: Range 3, Chunk 1/3 (9 days)
