2026-01-17 23:39:11 | INFO     | ======================================================================
2026-01-17 23:39:11 | INFO     | Load Factor Scraper Started - Route: RUH-CAI
2026-01-17 23:39:11 | INFO     | Log file: D:\CODERED\LAB\Artifacts\outputs\run_generated_170126_at_23.33_RETRY\logs\LF_RUH-CAI_20260117_233911.log
2026-01-17 23:39:11 | INFO     | Enhanced logging: Capturing both logging.info() and print()
2026-01-17 23:39:11 | INFO     | ======================================================================
2026-01-17 23:39:11 | INFO     | Starting LF search for route: RUH-CAI
2026-01-17 23:39:11 | INFO     | [START] LF Search
2026-01-17 23:39:12 | INFO     | [HEALTH CHECK] [OK] Chrome connection is healthy
2026-01-17 23:39:12 | INFO     | [DAY_START] Processing 09APR
2026-01-17 23:39:12 | INFO     | [lf.day.start] Processing RUH-CAI for 09APR
2026-01-17 23:39:13 | INFO     | [lf.day.flights_found] Found 1 flights on 09APR
2026-01-17 23:39:15 | INFO     | [lf.flight.extracted] SM462 on 09APR: BKG=0, LF=0.0%
2026-01-17 23:39:16 | INFO     | [SUCCESS] Day 09APR
2026-01-17 23:39:16 | INFO     | [DAY_START] Processing 08APR
2026-01-17 23:39:16 | INFO     | [lf.day.start] Processing RUH-CAI for 08APR
2026-01-17 23:39:18 | INFO     | [lf.day.flights_found] Found 1 flights on 08APR
2026-01-17 23:39:20 | INFO     | [lf.flight.extracted] SM462 on 08APR: BKG=0, LF=0.0%
2026-01-17 23:39:21 | INFO     | [SUCCESS] Day 08APR
2026-01-17 23:39:21 | INFO     | [DAY_START] Processing 07APR
2026-01-17 23:39:21 | INFO     | [lf.day.start] Processing RUH-CAI for 07APR
2026-01-17 23:39:22 | INFO     | [lf.day.flights_found] Found 1 flights on 07APR
2026-01-17 23:39:24 | INFO     | [lf.flight.extracted] SM462 on 07APR: BKG=0, LF=0.0%
2026-01-17 23:39:25 | INFO     | [SUCCESS] Day 07APR
2026-01-17 23:39:25 | INFO     | [DAY_START] Processing 06APR
2026-01-17 23:39:25 | INFO     | [lf.day.start] Processing RUH-CAI for 06APR
2026-01-17 23:39:26 | INFO     | [lf.day.flights_found] Found 1 flights on 06APR
2026-01-17 23:39:28 | INFO     | [lf.flight.extracted] SM462 on 06APR: BKG=0, LF=0.0%
2026-01-17 23:39:29 | INFO     | [SUCCESS] Day 06APR
2026-01-17 23:39:29 | INFO     | [DAY_START] Processing 05APR
2026-01-17 23:39:29 | INFO     | [lf.day.start] Processing RUH-CAI for 05APR
2026-01-17 23:39:31 | INFO     | [lf.day.flights_found] Found 1 flights on 05APR
2026-01-17 23:39:33 | INFO     | [lf.flight.extracted] SM462 on 05APR: BKG=0, LF=0.0%
2026-01-17 23:39:34 | INFO     | [SUCCESS] Day 05APR
2026-01-17 23:39:34 | INFO     | [DAY_START] Processing 04APR
2026-01-17 23:39:34 | INFO     | [lf.day.start] Processing RUH-CAI for 04APR
2026-01-17 23:39:35 | INFO     | [lf.day.flights_found] Found 1 flights on 04APR
2026-01-17 23:39:37 | INFO     | [lf.flight.extracted] SM462 on 04APR: BKG=0, LF=0.0%
2026-01-17 23:39:38 | INFO     | [SUCCESS] Day 04APR
2026-01-17 23:39:38 | INFO     | [DAY_START] Processing 03APR
2026-01-17 23:39:38 | INFO     | [lf.day.start] Processing RUH-CAI for 03APR
2026-01-17 23:39:39 | INFO     | [lf.day.flights_found] Found 1 flights on 03APR
2026-01-17 23:39:41 | INFO     | [lf.flight.extracted] SM462 on 03APR: BKG=0, LF=0.0%
2026-01-17 23:39:42 | INFO     | [SUCCESS] Day 03APR
2026-01-17 23:39:42 | INFO     | [DAY_START] Processing 02APR
2026-01-17 23:39:42 | INFO     | [lf.day.start] Processing RUH-CAI for 02APR
2026-01-17 23:39:44 | INFO     | [lf.day.flights_found] Found 1 flights on 02APR
2026-01-17 23:39:45 | INFO     | [lf.flight.extracted] SM462 on 02APR: BKG=0, LF=0.0%
2026-01-17 23:39:47 | INFO     | [SUCCESS] Day 02APR
2026-01-17 23:39:47 | INFO     | [SUCCESS] LF Search Complete
2026-01-17 23:39:47 | INFO     | [Worker_9223] Completed: RUH-CAI - 8 results, 0 errors
2026-01-17 23:39:47 | INFO     | [Worker_9223] Processing: AHB-CAI
2026-01-17 23:39:47 | INFO     |   Tier 0: Range 4, Chunk 3/3 (8 days)
