2026-01-17 23:33:42 | INFO     | ======================================================================
2026-01-17 23:33:42 | INFO     | Load Factor Scraper Started - Route: TUU-CAI
2026-01-17 23:33:42 | INFO     | Log file: D:\CODERED\LAB\Artifacts\outputs\run_generated_170126_at_23.33_RETRY\logs\LF_TUU-CAI_20260117_233342.log
2026-01-17 23:33:42 | INFO     | Enhanced logging: Capturing both logging.info() and print()
2026-01-17 23:33:42 | INFO     | ======================================================================
2026-01-17 23:33:42 | INFO     | Starting LF search for route: TUU-CAI
2026-01-17 23:33:42 | INFO     | [START] LF Search
2026-01-17 23:33:43 | INFO     | [HEALTH CHECK] [OK] Chrome connection is healthy
2026-01-17 23:33:43 | INFO     | [DAY_START] Processing 27APR
2026-01-17 23:33:43 | INFO     | [lf.day.start] Processing TUU-CAI for 27APR
2026-01-17 23:33:44 | WARNING  | [lf.day.no_flights] No direct flights on 27APR
2026-01-17 23:33:44 | INFO     | [SUCCESS] Day 27APR
2026-01-17 23:33:44 | INFO     | [DAY_START] Processing 26APR
2026-01-17 23:33:44 | INFO     | [lf.day.start] Processing TUU-CAI for 26APR
2026-01-17 23:33:45 | WARNING  | [lf.day.no_flights] No direct flights on 26APR
2026-01-17 23:33:45 | INFO     | [SUCCESS] Day 26APR
2026-01-17 23:33:45 | INFO     | [DAY_START] Processing 25APR
2026-01-17 23:33:45 | INFO     | [lf.day.start] Processing TUU-CAI for 25APR
2026-01-17 23:33:46 | INFO     | [lf.day.flights_found] Found 1 flights on 25APR
2026-01-17 23:33:48 | INFO     | [lf.flight.extracted] SM326 on 25APR: BKG=0, LF=0.0%
2026-01-17 23:33:49 | INFO     | [SUCCESS] Day 25APR
2026-01-17 23:33:49 | INFO     | [DAY_START] Processing 24APR
2026-01-17 23:33:49 | INFO     | [lf.day.start] Processing TUU-CAI for 24APR
2026-01-17 23:33:50 | INFO     | [lf.day.flights_found] Found 1 flights on 24APR
2026-01-17 23:33:52 | INFO     | [lf.flight.extracted] SM326 on 24APR: BKG=0, LF=0.0%
2026-01-17 23:33:53 | INFO     | [SUCCESS] Day 24APR
2026-01-17 23:33:53 | INFO     | [DAY_START] Processing 23APR
2026-01-17 23:33:53 | INFO     | [lf.day.start] Processing TUU-CAI for 23APR
2026-01-17 23:33:54 | INFO     | [lf.day.flights_found] Found 1 flights on 23APR
2026-01-17 23:33:56 | INFO     | [lf.flight.extracted] SM326 on 23APR: BKG=1, LF=0.6%
2026-01-17 23:33:59 | INFO     | [SUCCESS] Day 23APR
2026-01-17 23:33:59 | INFO     | [DAY_START] Processing 22APR
2026-01-17 23:33:59 | INFO     | [lf.day.start] Processing TUU-CAI for 22APR
2026-01-17 23:34:00 | WARNING  | [lf.day.no_flights] No direct flights on 22APR
2026-01-17 23:34:00 | INFO     | [SUCCESS] Day 22APR
2026-01-17 23:34:00 | INFO     | [DAY_START] Processing 21APR
2026-01-17 23:34:00 | INFO     | [lf.day.start] Processing TUU-CAI for 21APR
2026-01-17 23:34:01 | INFO     | [lf.day.flights_found] Found 1 flights on 21APR
2026-01-17 23:34:03 | INFO     | [lf.flight.extracted] SM326 on 21APR: BKG=0, LF=0.0%
2026-01-17 23:34:05 | INFO     | [SUCCESS] Day 21APR
2026-01-17 23:34:05 | INFO     | [DAY_START] Processing 20APR
2026-01-17 23:34:05 | INFO     | [lf.day.start] Processing TUU-CAI for 20APR
2026-01-17 23:34:06 | WARNING  | [lf.day.no_flights] No direct flights on 20APR
2026-01-17 23:34:06 | INFO     | [SUCCESS] Day 20APR
2026-01-17 23:34:06 | INFO     | [DAY_START] Processing 19APR
2026-01-17 23:34:06 | INFO     | [lf.day.start] Processing TUU-CAI for 19APR
2026-01-17 23:34:07 | WARNING  | [lf.day.no_flights] No direct flights on 19APR
2026-01-17 23:34:07 | INFO     | [SUCCESS] Day 19APR
2026-01-17 23:34:07 | INFO     | [SUCCESS] LF Search Complete
2026-01-17 23:34:07 | INFO     | [Worker_9227] Completed: TUU-CAI - 9 results, 0 errors
2026-01-17 23:34:07 | INFO     | [Worker_9227] Processing: GIZ-CAI
2026-01-17 23:34:07 | INFO     |   Tier 0: Range 4, Chunk 1/3 (9 days)
