2026-01-17 23:36:11 | INFO     | ======================================================================
2026-01-17 23:36:11 | INFO     | Load Factor Scraper Started - Route: TUU-ATZ
2026-01-17 23:36:11 | INFO     | Log file: D:\CODERED\LAB\Artifacts\outputs\run_generated_170126_at_23.33_RETRY\logs\LF_TUU-ATZ_20260117_233611.log
2026-01-17 23:36:11 | INFO     | Enhanced logging: Capturing both logging.info() and print()
2026-01-17 23:36:11 | INFO     | ======================================================================
2026-01-17 23:36:11 | INFO     | Starting LF search for route: TUU-ATZ
2026-01-17 23:36:11 | INFO     | [START] LF Search
2026-01-17 23:36:12 | INFO     | [HEALTH CHECK] [OK] Chrome connection is healthy
2026-01-17 23:36:12 | INFO     | [DAY_START] Processing 18APR
2026-01-17 23:36:12 | INFO     | [lf.day.start] Processing TUU-ATZ for 18APR
2026-01-17 23:36:14 | WARNING  | [lf.day.no_flights] No direct flights on 18APR
2026-01-17 23:36:14 | INFO     | [SUCCESS] Day 18APR
2026-01-17 23:36:14 | INFO     | [DAY_START] Processing 17APR
2026-01-17 23:36:14 | INFO     | [lf.day.start] Processing TUU-ATZ for 17APR
2026-01-17 23:36:17 | WARNING  | [lf.day.no_flights] No direct flights on 17APR
2026-01-17 23:36:17 | INFO     | [SUCCESS] Day 17APR
2026-01-17 23:36:17 | INFO     | [DAY_START] Processing 16APR
2026-01-17 23:36:17 | INFO     | [lf.day.start] Processing TUU-ATZ for 16APR
2026-01-17 23:36:19 | WARNING  | [lf.day.no_flights] No direct flights on 16APR
2026-01-17 23:36:19 | INFO     | [SUCCESS] Day 16APR
2026-01-17 23:36:19 | INFO     | [DAY_START] Processing 15APR
2026-01-17 23:36:19 | INFO     | [lf.day.start] Processing TUU-ATZ for 15APR
2026-01-17 23:36:20 | WARNING  | [lf.day.no_flights] No direct flights on 15APR
2026-01-17 23:36:20 | INFO     | [SUCCESS] Day 15APR
2026-01-17 23:36:20 | INFO     | [DAY_START] Processing 14APR
2026-01-17 23:36:20 | INFO     | [lf.day.start] Processing TUU-ATZ for 14APR
2026-01-17 23:36:21 | WARNING  | [lf.day.no_flights] No direct flights on 14APR
2026-01-17 23:36:21 | INFO     | [SUCCESS] Day 14APR
2026-01-17 23:36:21 | INFO     | [DAY_START] Processing 13APR
2026-01-17 23:36:21 | INFO     | [lf.day.start] Processing TUU-ATZ for 13APR
2026-01-17 23:36:22 | WARNING  | [lf.day.no_flights] No direct flights on 13APR
2026-01-17 23:36:22 | INFO     | [SUCCESS] Day 13APR
2026-01-17 23:36:22 | INFO     | [DAY_START] Processing 12APR
2026-01-17 23:36:22 | INFO     | [lf.day.start] Processing TUU-ATZ for 12APR
2026-01-17 23:36:23 | WARNING  | [lf.day.no_flights] No direct flights on 12APR
2026-01-17 23:36:23 | INFO     | [SUCCESS] Day 12APR
2026-01-17 23:36:23 | INFO     | [DAY_START] Processing 11APR
2026-01-17 23:36:23 | INFO     | [lf.day.start] Processing TUU-ATZ for 11APR
2026-01-17 23:36:24 | WARNING  | [lf.day.no_flights] No direct flights on 11APR
2026-01-17 23:36:24 | INFO     | [SUCCESS] Day 11APR
2026-01-17 23:36:24 | INFO     | [DAY_START] Processing 10APR
2026-01-17 23:36:24 | INFO     | [lf.day.start] Processing TUU-ATZ for 10APR
2026-01-17 23:36:25 | WARNING  | [lf.day.no_flights] No direct flights on 10APR
2026-01-17 23:36:25 | INFO     | [SUCCESS] Day 10APR
2026-01-17 23:36:25 | INFO     | [SUCCESS] LF Search Complete
2026-01-17 23:36:25 | INFO     | [Worker_9227] Completed: TUU-ATZ - 9 results, 0 errors
2026-01-17 23:36:25 | INFO     | [Worker_9227] Processing: AJF-ATZ
2026-01-17 23:36:25 | INFO     |   Tier 0: Range 4, Chunk 2/3 (9 days)
