2026-01-18 00:10:18 | INFO     | ======================================================================
2026-01-18 00:10:18 | INFO     | Load Factor Scraper Started - Route: TUU-CAI
2026-01-18 00:10:18 | INFO     | Log file: D:\CODERED\LAB\Artifacts\outputs\run_generated_170126_at_23.33_RETRY\logs\LF_TUU-CAI_20260118_001018.log
2026-01-18 00:10:18 | INFO     | Enhanced logging: Capturing both logging.info() and print()
2026-01-18 00:10:18 | INFO     | ======================================================================
2026-01-18 00:10:18 | INFO     | Starting LF search for route: TUU-CAI
2026-01-18 00:10:18 | INFO     | [START] LF Search
2026-01-18 00:10:20 | INFO     | [HEALTH CHECK] [OK] Chrome connection is healthy
2026-01-18 00:10:20 | INFO     | [DAY_START] Processing 10FEB
2026-01-18 00:10:20 | INFO     | [lf.day.start] Processing TUU-CAI for 10FEB
2026-01-18 00:10:21 | WARNING  | [lf.day.no_flights] No direct flights on 10FEB
2026-01-18 00:10:21 | INFO     | [SUCCESS] Day 10FEB
2026-01-18 00:10:21 | INFO     | [DAY_START] Processing 09FEB
2026-01-18 00:10:21 | INFO     | [lf.day.start] Processing TUU-CAI for 09FEB
2026-01-18 00:10:23 | WARNING  | [lf.day.no_flights] No direct flights on 09FEB
2026-01-18 00:10:23 | INFO     | [SUCCESS] Day 09FEB
2026-01-18 00:10:23 | INFO     | [DAY_START] Processing 08FEB
2026-01-18 00:10:23 | INFO     | [lf.day.start] Processing TUU-CAI for 08FEB
2026-01-18 00:10:25 | WARNING  | [lf.day.no_flights] No direct flights on 08FEB
2026-01-18 00:10:25 | INFO     | [SUCCESS] Day 08FEB
2026-01-18 00:10:25 | INFO     | [DAY_START] Processing 07FEB
2026-01-18 00:10:25 | INFO     | [lf.day.start] Processing TUU-CAI for 07FEB
2026-01-18 00:10:26 | INFO     | [lf.day.flights_found] Found 1 flights on 07FEB
2026-01-18 00:10:29 | INFO     | [lf.flight.extracted] SM326 on 07FEB: BKG=7, LF=7.2%
2026-01-18 00:10:34 | INFO     | [SUCCESS] Day 07FEB
2026-01-18 00:10:34 | INFO     | [DAY_START] Processing 06FEB
2026-01-18 00:10:34 | INFO     | [lf.day.start] Processing TUU-CAI for 06FEB
2026-01-18 00:10:35 | WARNING  | [lf.day.no_flights] No direct flights on 06FEB
2026-01-18 00:10:36 | INFO     | [SUCCESS] Day 06FEB
2026-01-18 00:10:36 | INFO     | [DAY_START] Processing 05FEB
2026-01-18 00:10:36 | INFO     | [lf.day.start] Processing TUU-CAI for 05FEB
2026-01-18 00:10:37 | INFO     | [lf.day.flights_found] Found 1 flights on 05FEB
2026-01-18 00:10:40 | INFO     | [lf.flight.extracted] SM326 on 05FEB: BKG=20, LF=11.4%
2026-01-18 00:10:44 | INFO     | [SUCCESS] Day 05FEB
2026-01-18 00:10:44 | INFO     | [DAY_START] Processing 04FEB
2026-01-18 00:10:44 | INFO     | [lf.day.start] Processing TUU-CAI for 04FEB
2026-01-18 00:10:45 | INFO     | [lf.day.flights_found] Found 1 flights on 04FEB
2026-01-18 00:10:48 | INFO     | [lf.flight.extracted] SM326 on 04FEB: BKG=7, LF=4.0%
2026-01-18 00:10:52 | INFO     | [SUCCESS] Day 04FEB
2026-01-18 00:10:52 | INFO     | [DAY_START] Processing 03FEB
2026-01-18 00:10:52 | INFO     | [lf.day.start] Processing TUU-CAI for 03FEB
2026-01-18 00:10:54 | WARNING  | [lf.day.no_flights] No direct flights on 03FEB
2026-01-18 00:10:54 | INFO     | [SUCCESS] Day 03FEB
2026-01-18 00:10:54 | INFO     | [DAY_START] Processing 02FEB
2026-01-18 00:10:54 | INFO     | [lf.day.start] Processing TUU-CAI for 02FEB
2026-01-18 00:10:56 | WARNING  | [lf.day.no_flights] No direct flights on 02FEB
2026-01-18 00:10:56 | INFO     | [SUCCESS] Day 02FEB
2026-01-18 00:10:56 | INFO     | [SUCCESS] LF Search Complete
2026-01-18 00:10:56 | INFO     | [Worker_9225] Completed: TUU-CAI - 9 results, 0 errors
2026-01-18 00:10:56 | INFO     | [Worker_9225] Processing: YNB-CAI
2026-01-18 00:10:56 | INFO     |   Tier 0: Range 1, Chunk 1/3 (9 days)
