2026-01-18 00:16:14 | INFO     | ======================================================================
2026-01-18 00:16:14 | INFO     | Load Factor Scraper Started - Route: TUU-ATZ
2026-01-18 00:16:14 | INFO     | Log file: D:\CODERED\LAB\Artifacts\outputs\run_generated_170126_at_23.33_RETRY\logs\LF_TUU-ATZ_20260118_001614.log
2026-01-18 00:16:14 | INFO     | Enhanced logging: Capturing both logging.info() and print()
2026-01-18 00:16:14 | INFO     | ======================================================================
2026-01-18 00:16:14 | INFO     | Starting LF search for route: TUU-ATZ
2026-01-18 00:16:14 | INFO     | [START] LF Search
2026-01-18 00:16:15 | INFO     | [HEALTH CHECK] [OK] Chrome connection is healthy
2026-01-18 00:16:15 | INFO     | [DAY_START] Processing 01FEB
2026-01-18 00:16:15 | INFO     | [lf.day.start] Processing TUU-ATZ for 01FEB
2026-01-18 00:16:16 | WARNING  | [lf.day.no_flights] No direct flights on 01FEB
2026-01-18 00:16:16 | INFO     | [SUCCESS] Day 01FEB
2026-01-18 00:16:16 | INFO     | [DAY_START] Processing 31JAN
2026-01-18 00:16:16 | INFO     | [lf.day.start] Processing TUU-ATZ for 31JAN
2026-01-18 00:16:17 | WARNING  | [lf.day.no_flights] No direct flights on 31JAN
2026-01-18 00:16:17 | INFO     | [SUCCESS] Day 31JAN
2026-01-18 00:16:17 | INFO     | [DAY_START] Processing 30JAN
2026-01-18 00:16:17 | INFO     | [lf.day.start] Processing TUU-ATZ for 30JAN
2026-01-18 00:16:18 | INFO     | [lf.day.flights_found] Found 1 flights on 30JAN
2026-01-18 00:16:20 | INFO     | [lf.flight.extracted] SM328 on 30JAN: BKG=103, LF=58.9%
2026-01-18 00:16:26 | INFO     | [SUCCESS] Day 30JAN
2026-01-18 00:16:26 | INFO     | [DAY_START] Processing 29JAN
2026-01-18 00:16:26 | INFO     | [lf.day.start] Processing TUU-ATZ for 29JAN
2026-01-18 00:16:27 | WARNING  | [lf.day.no_flights] No direct flights on 29JAN
2026-01-18 00:16:28 | INFO     | [SUCCESS] Day 29JAN
2026-01-18 00:16:28 | INFO     | [DAY_START] Processing 28JAN
2026-01-18 00:16:28 | INFO     | [lf.day.start] Processing TUU-ATZ for 28JAN
2026-01-18 00:16:29 | WARNING  | [lf.day.no_flights] No direct flights on 28JAN
2026-01-18 00:16:29 | INFO     | [SUCCESS] Day 28JAN
2026-01-18 00:16:29 | INFO     | [DAY_START] Processing 27JAN
2026-01-18 00:16:29 | INFO     | [lf.day.start] Processing TUU-ATZ for 27JAN
2026-01-18 00:16:30 | WARNING  | [lf.day.no_flights] No direct flights on 27JAN
2026-01-18 00:16:30 | INFO     | [SUCCESS] Day 27JAN
2026-01-18 00:16:30 | INFO     | [DAY_START] Processing 26JAN
2026-01-18 00:16:30 | INFO     | [lf.day.start] Processing TUU-ATZ for 26JAN
2026-01-18 00:16:31 | WARNING  | [lf.day.no_flights] No direct flights on 26JAN
2026-01-18 00:16:31 | INFO     | [SUCCESS] Day 26JAN
2026-01-18 00:16:31 | INFO     | [DAY_START] Processing 25JAN
2026-01-18 00:16:31 | INFO     | [lf.day.start] Processing TUU-ATZ for 25JAN
2026-01-18 00:16:32 | WARNING  | [lf.day.no_flights] No direct flights on 25JAN
2026-01-18 00:16:32 | INFO     | [SUCCESS] Day 25JAN
2026-01-18 00:16:32 | INFO     | [SUCCESS] LF Search Complete
2026-01-18 00:16:32 | INFO     | [Worker_9225] Completed: TUU-ATZ - 8 results, 0 errors
2026-01-18 00:16:32 | INFO     | [Worker_9225] Processing: YNB-CAI
2026-01-18 00:16:32 | INFO     |   Tier 0: Range 1, Chunk 2/3 (8 days)
