2026-01-18 00:00:00 | INFO     | ======================================================================
2026-01-18 00:00:00 | INFO     | Load Factor Scraper Started - Route: TUU-ATZ
2026-01-18 00:00:00 | INFO     | Log file: D:\CODERED\LAB\Artifacts\outputs\run_generated_170126_at_23.33_RETRY\logs\LF_TUU-ATZ_20260118_000000.log
2026-01-18 00:00:00 | INFO     | Enhanced logging: Capturing both logging.info() and print()
2026-01-18 00:00:00 | INFO     | ======================================================================
2026-01-18 00:00:00 | INFO     | Starting LF search for route: TUU-ATZ
2026-01-18 00:00:00 | INFO     | [START] LF Search
2026-01-18 00:00:01 | INFO     | [HEALTH CHECK] [OK] Chrome connection is healthy
2026-01-18 00:00:01 | INFO     | [DAY_START] Processing 26FEB
2026-01-18 00:00:01 | INFO     | [lf.day.start] Processing TUU-ATZ for 26FEB
2026-01-18 00:00:02 | WARNING  | [lf.day.no_flights] No direct flights on 26FEB
2026-01-18 00:00:03 | INFO     | [SUCCESS] Day 26FEB
2026-01-18 00:00:03 | INFO     | [DAY_START] Processing 25FEB
2026-01-18 00:00:03 | INFO     | [lf.day.start] Processing TUU-ATZ for 25FEB
2026-01-18 00:00:04 | WARNING  | [lf.day.no_flights] No direct flights on 25FEB
2026-01-18 00:00:04 | INFO     | [SUCCESS] Day 25FEB
2026-01-18 00:00:04 | INFO     | [DAY_START] Processing 24FEB
2026-01-18 00:00:04 | INFO     | [lf.day.start] Processing TUU-ATZ for 24FEB
2026-01-18 00:00:06 | WARNING  | [lf.day.no_flights] No direct flights on 24FEB
2026-01-18 00:00:06 | INFO     | [SUCCESS] Day 24FEB
2026-01-18 00:00:06 | INFO     | [DAY_START] Processing 23FEB
2026-01-18 00:00:06 | INFO     | [lf.day.start] Processing TUU-ATZ for 23FEB
2026-01-18 00:00:07 | WARNING  | [lf.day.no_flights] No direct flights on 23FEB
2026-01-18 00:00:08 | INFO     | [SUCCESS] Day 23FEB
2026-01-18 00:00:08 | INFO     | [DAY_START] Processing 22FEB
2026-01-18 00:00:08 | INFO     | [lf.day.start] Processing TUU-ATZ for 22FEB
2026-01-18 00:00:09 | WARNING  | [lf.day.no_flights] No direct flights on 22FEB
2026-01-18 00:00:09 | INFO     | [SUCCESS] Day 22FEB
2026-01-18 00:00:09 | INFO     | [DAY_START] Processing 21FEB
2026-01-18 00:00:09 | INFO     | [lf.day.start] Processing TUU-ATZ for 21FEB
2026-01-18 00:00:10 | WARNING  | [lf.day.no_flights] No direct flights on 21FEB
2026-01-18 00:00:10 | INFO     | [SUCCESS] Day 21FEB
2026-01-18 00:00:10 | INFO     | [DAY_START] Processing 20FEB
2026-01-18 00:00:10 | INFO     | [lf.day.start] Processing TUU-ATZ for 20FEB
2026-01-18 00:00:11 | INFO     | [lf.day.flights_found] Found 1 flights on 20FEB
2026-01-18 00:00:14 | INFO     | [lf.flight.extracted] SM328 on 20FEB: BKG=5, LF=2.9%
2026-01-18 00:00:17 | INFO     | [SUCCESS] Day 20FEB
2026-01-18 00:00:17 | INFO     | [DAY_START] Processing 19FEB
2026-01-18 00:00:17 | INFO     | [lf.day.start] Processing TUU-ATZ for 19FEB
2026-01-18 00:00:18 | WARNING  | [lf.day.no_flights] No direct flights on 19FEB
2026-01-18 00:00:18 | INFO     | [SUCCESS] Day 19FEB
2026-01-18 00:00:18 | INFO     | [SUCCESS] LF Search Complete
2026-01-18 00:00:18 | INFO     | [Worker_9234] Completed: TUU-ATZ - 8 results, 0 errors
2026-01-18 00:00:18 | INFO     | [Worker_9234] Processing: AJF-ATZ
2026-01-18 00:00:18 | INFO     |   Tier 0: Range 2, Chunk 2/3 (8 days)
