2026-01-18 00:16:04 | INFO     | ======================================================================
2026-01-18 00:16:04 | INFO     | Load Factor Scraper Started - Route: TUU-CAI
2026-01-18 00:16:04 | INFO     | Log file: D:\CODERED\LAB\Artifacts\outputs\run_generated_170126_at_23.33_RETRY\logs\LF_TUU-CAI_20260118_001604.log
2026-01-18 00:16:04 | INFO     | Enhanced logging: Capturing both logging.info() and print()
2026-01-18 00:16:04 | INFO     | ======================================================================
2026-01-18 00:16:04 | INFO     | Starting LF search for route: TUU-CAI
2026-01-18 00:16:04 | INFO     | [START] LF Search
2026-01-18 00:16:04 | INFO     | [HEALTH CHECK] [OK] Chrome connection is healthy
2026-01-18 00:16:04 | INFO     | [DAY_START] Processing 01FEB
2026-01-18 00:16:04 | INFO     | [lf.day.start] Processing TUU-CAI for 01FEB
2026-01-18 00:16:05 | WARNING  | [lf.day.no_flights] No direct flights on 01FEB
2026-01-18 00:16:05 | INFO     | [SUCCESS] Day 01FEB
2026-01-18 00:16:05 | INFO     | [DAY_START] Processing 31JAN
2026-01-18 00:16:05 | INFO     | [lf.day.start] Processing TUU-CAI for 31JAN
2026-01-18 00:16:06 | INFO     | [lf.day.flights_found] Found 1 flights on 31JAN
2026-01-18 00:16:08 | INFO     | [lf.flight.extracted] SM326 on 31JAN: BKG=16, LF=9.1%
2026-01-18 00:16:11 | INFO     | [SUCCESS] Day 31JAN
2026-01-18 00:16:11 | INFO     | [DAY_START] Processing 30JAN
2026-01-18 00:16:11 | INFO     | [lf.day.start] Processing TUU-CAI for 30JAN
2026-01-18 00:16:12 | WARNING  | [lf.day.no_flights] No direct flights on 30JAN
2026-01-18 00:16:12 | INFO     | [SUCCESS] Day 30JAN
2026-01-18 00:16:12 | INFO     | [DAY_START] Processing 29JAN
2026-01-18 00:16:12 | INFO     | [lf.day.start] Processing TUU-CAI for 29JAN
2026-01-18 00:16:13 | INFO     | [lf.day.flights_found] Found 1 flights on 29JAN
2026-01-18 00:16:15 | INFO     | [lf.flight.extracted] SM326 on 29JAN: BKG=45, LF=25.7%
2026-01-18 00:16:19 | INFO     | [SUCCESS] Day 29JAN
2026-01-18 00:16:19 | INFO     | [DAY_START] Processing 28JAN
2026-01-18 00:16:19 | INFO     | [lf.day.start] Processing TUU-CAI for 28JAN
2026-01-18 00:16:20 | INFO     | [lf.day.flights_found] Found 1 flights on 28JAN
2026-01-18 00:16:22 | INFO     | [lf.flight.extracted] SM326 on 28JAN: BKG=15, LF=8.6%
2026-01-18 00:16:25 | INFO     | [SUCCESS] Day 28JAN
2026-01-18 00:16:25 | INFO     | [DAY_START] Processing 27JAN
2026-01-18 00:16:25 | INFO     | [lf.day.start] Processing TUU-CAI for 27JAN
2026-01-18 00:16:26 | WARNING  | [lf.day.no_flights] No direct flights on 27JAN
2026-01-18 00:16:26 | INFO     | [SUCCESS] Day 27JAN
2026-01-18 00:16:26 | INFO     | [DAY_START] Processing 26JAN
2026-01-18 00:16:26 | INFO     | [lf.day.start] Processing TUU-CAI for 26JAN
2026-01-18 00:16:27 | WARNING  | [lf.day.no_flights] No direct flights on 26JAN
2026-01-18 00:16:28 | INFO     | [SUCCESS] Day 26JAN
2026-01-18 00:16:28 | INFO     | [DAY_START] Processing 25JAN
2026-01-18 00:16:28 | INFO     | [lf.day.start] Processing TUU-CAI for 25JAN
2026-01-18 00:16:29 | WARNING  | [lf.day.no_flights] No direct flights on 25JAN
2026-01-18 00:16:29 | INFO     | [SUCCESS] Day 25JAN
2026-01-18 00:16:29 | INFO     | [SUCCESS] LF Search Complete
2026-01-18 00:16:29 | INFO     | [Worker_9224] Completed: TUU-CAI - 8 results, 0 errors
2026-01-18 00:16:29 | INFO     | [Worker_9224] Processing: AJF-ATZ
2026-01-18 00:16:29 | INFO     |   Tier 0: Range 1, Chunk 2/3 (8 days)
