2026-01-17 23:55:40 | INFO     | ======================================================================
2026-01-17 23:55:40 | INFO     | Load Factor Scraper Started - Route: TUU-CAI
2026-01-17 23:55:40 | INFO     | Log file: D:\CODERED\LAB\Artifacts\outputs\run_generated_170126_at_23.33_RETRY\logs\LF_TUU-CAI_20260117_235540.log
2026-01-17 23:55:40 | INFO     | Enhanced logging: Capturing both logging.info() and print()
2026-01-17 23:55:40 | INFO     | ======================================================================
2026-01-17 23:55:40 | INFO     | Starting LF search for route: TUU-CAI
2026-01-17 23:55:40 | INFO     | [START] LF Search
2026-01-17 23:55:42 | INFO     | [HEALTH CHECK] [OK] Chrome connection is healthy
2026-01-17 23:55:42 | INFO     | [DAY_START] Processing 07MAR
2026-01-17 23:55:42 | INFO     | [lf.day.start] Processing TUU-CAI for 07MAR
2026-01-17 23:55:43 | INFO     | [lf.day.flights_found] Found 1 flights on 07MAR
2026-01-17 23:55:45 | INFO     | [lf.flight.extracted] SM326 on 07MAR: BKG=11, LF=10.5%
2026-01-17 23:55:47 | INFO     | [SUCCESS] Day 07MAR
2026-01-17 23:55:47 | INFO     | [DAY_START] Processing 06MAR
2026-01-17 23:55:47 | INFO     | [lf.day.start] Processing TUU-CAI for 06MAR
2026-01-17 23:55:48 | WARNING  | [lf.day.no_flights] No direct flights on 06MAR
2026-01-17 23:55:48 | INFO     | [SUCCESS] Day 06MAR
2026-01-17 23:55:48 | INFO     | [DAY_START] Processing 05MAR
2026-01-17 23:55:48 | INFO     | [lf.day.start] Processing TUU-CAI for 05MAR
2026-01-17 23:55:49 | INFO     | [lf.day.flights_found] Found 1 flights on 05MAR
2026-01-17 23:55:51 | INFO     | [lf.flight.extracted] SM326 on 05MAR: BKG=27, LF=15.4%
2026-01-17 23:55:54 | INFO     | [SUCCESS] Day 05MAR
2026-01-17 23:55:54 | INFO     | [DAY_START] Processing 04MAR
2026-01-17 23:55:54 | INFO     | [lf.day.start] Processing TUU-CAI for 04MAR
2026-01-17 23:55:56 | INFO     | [lf.day.flights_found] Found 1 flights on 04MAR
2026-01-17 23:55:58 | INFO     | [lf.flight.extracted] SM326 on 04MAR: BKG=21, LF=12.2%
2026-01-17 23:56:01 | INFO     | [SUCCESS] Day 04MAR
2026-01-17 23:56:01 | INFO     | [DAY_START] Processing 03MAR
2026-01-17 23:56:01 | INFO     | [lf.day.start] Processing TUU-CAI for 03MAR
2026-01-17 23:56:02 | WARNING  | [lf.day.no_flights] No direct flights on 03MAR
2026-01-17 23:56:02 | INFO     | [SUCCESS] Day 03MAR
2026-01-17 23:56:02 | INFO     | [DAY_START] Processing 02MAR
2026-01-17 23:56:02 | INFO     | [lf.day.start] Processing TUU-CAI for 02MAR
2026-01-17 23:56:03 | WARNING  | [lf.day.no_flights] No direct flights on 02MAR
2026-01-17 23:56:03 | INFO     | [SUCCESS] Day 02MAR
2026-01-17 23:56:03 | INFO     | [DAY_START] Processing 01MAR
2026-01-17 23:56:03 | INFO     | [lf.day.start] Processing TUU-CAI for 01MAR
2026-01-17 23:56:04 | WARNING  | [lf.day.no_flights] No direct flights on 01MAR
2026-01-17 23:56:04 | INFO     | [SUCCESS] Day 01MAR
2026-01-17 23:56:04 | INFO     | [DAY_START] Processing 28FEB
2026-01-17 23:56:04 | INFO     | [lf.day.start] Processing TUU-CAI for 28FEB
2026-01-17 23:56:05 | INFO     | [lf.day.flights_found] Found 1 flights on 28FEB
2026-01-17 23:56:07 | INFO     | [lf.flight.extracted] SM326 on 28FEB: BKG=8, LF=7.6%
2026-01-17 23:56:10 | INFO     | [SUCCESS] Day 28FEB
2026-01-17 23:56:10 | INFO     | [DAY_START] Processing 27FEB
2026-01-17 23:56:10 | INFO     | [lf.day.start] Processing TUU-CAI for 27FEB
2026-01-17 23:56:11 | WARNING  | [lf.day.no_flights] No direct flights on 27FEB
2026-01-17 23:56:11 | INFO     | [SUCCESS] Day 27FEB
2026-01-17 23:56:11 | INFO     | [SUCCESS] LF Search Complete
2026-01-17 23:56:11 | INFO     | [Worker_9227] Completed: TUU-CAI - 9 results, 0 errors
2026-01-17 23:56:11 | INFO     | [Worker_9227] Processing: AHB-ATZ
2026-01-17 23:56:11 | INFO     |   Tier 0: Range 2, Chunk 1/3 (9 days)
