2026-01-17 23:39:23 | INFO     | ======================================================================
2026-01-17 23:39:23 | INFO     | Load Factor Scraper Started - Route: TUU-CAI
2026-01-17 23:39:23 | INFO     | Log file: D:\CODERED\LAB\Artifacts\outputs\run_generated_170126_at_23.33_RETRY\logs\LF_TUU-CAI_20260117_233923.log
2026-01-17 23:39:23 | INFO     | Enhanced logging: Capturing both logging.info() and print()
2026-01-17 23:39:23 | INFO     | ======================================================================
2026-01-17 23:39:23 | INFO     | Starting LF search for route: TUU-CAI
2026-01-17 23:39:23 | INFO     | [START] LF Search
2026-01-17 23:39:24 | INFO     | [HEALTH CHECK] [OK] Chrome connection is healthy
2026-01-17 23:39:24 | INFO     | [DAY_START] Processing 09APR
2026-01-17 23:39:24 | INFO     | [lf.day.start] Processing TUU-CAI for 09APR
2026-01-17 23:39:25 | INFO     | [lf.day.flights_found] Found 1 flights on 09APR
2026-01-17 23:39:27 | INFO     | [lf.flight.extracted] SM326 on 09APR: BKG=0, LF=0.0%
2026-01-17 23:39:28 | INFO     | [SUCCESS] Day 09APR
2026-01-17 23:39:28 | INFO     | [DAY_START] Processing 08APR
2026-01-17 23:39:28 | INFO     | [lf.day.start] Processing TUU-CAI for 08APR
2026-01-17 23:39:29 | WARNING  | [lf.day.no_flights] No direct flights on 08APR
2026-01-17 23:39:29 | INFO     | [SUCCESS] Day 08APR
2026-01-17 23:39:29 | INFO     | [DAY_START] Processing 07APR
2026-01-17 23:39:29 | INFO     | [lf.day.start] Processing TUU-CAI for 07APR
2026-01-17 23:39:30 | INFO     | [lf.day.flights_found] Found 1 flights on 07APR
2026-01-17 23:39:32 | INFO     | [lf.flight.extracted] SM326 on 07APR: BKG=0, LF=0.0%
2026-01-17 23:39:34 | INFO     | [SUCCESS] Day 07APR
2026-01-17 23:39:34 | INFO     | [DAY_START] Processing 06APR
2026-01-17 23:39:34 | INFO     | [lf.day.start] Processing TUU-CAI for 06APR
2026-01-17 23:39:34 | WARNING  | [lf.day.no_flights] No direct flights on 06APR
2026-01-17 23:39:35 | INFO     | [SUCCESS] Day 06APR
2026-01-17 23:39:35 | INFO     | [DAY_START] Processing 05APR
2026-01-17 23:39:35 | INFO     | [lf.day.start] Processing TUU-CAI for 05APR
2026-01-17 23:39:36 | WARNING  | [lf.day.no_flights] No direct flights on 05APR
2026-01-17 23:39:36 | INFO     | [SUCCESS] Day 05APR
2026-01-17 23:39:36 | INFO     | [DAY_START] Processing 04APR
2026-01-17 23:39:36 | INFO     | [lf.day.start] Processing TUU-CAI for 04APR
2026-01-17 23:39:37 | INFO     | [lf.day.flights_found] Found 1 flights on 04APR
2026-01-17 23:39:39 | INFO     | [lf.flight.extracted] SM326 on 04APR: BKG=4, LF=2.4%
2026-01-17 23:39:41 | INFO     | [SUCCESS] Day 04APR
2026-01-17 23:39:41 | INFO     | [DAY_START] Processing 03APR
2026-01-17 23:39:41 | INFO     | [lf.day.start] Processing TUU-CAI for 03APR
2026-01-17 23:39:43 | INFO     | [lf.day.flights_found] Found 1 flights on 03APR
2026-01-17 23:39:45 | INFO     | [lf.flight.extracted] SM326 on 03APR: BKG=6, LF=3.6%
2026-01-17 23:39:48 | INFO     | [SUCCESS] Day 03APR
2026-01-17 23:39:48 | INFO     | [DAY_START] Processing 02APR
2026-01-17 23:39:48 | INFO     | [lf.day.start] Processing TUU-CAI for 02APR
2026-01-17 23:39:48 | INFO     | [lf.day.flights_found] Found 1 flights on 02APR
2026-01-17 23:39:51 | INFO     | [lf.flight.extracted] SM326 on 02APR: BKG=2, LF=1.1%
2026-01-17 23:39:53 | INFO     | [SUCCESS] Day 02APR
2026-01-17 23:39:53 | INFO     | [SUCCESS] LF Search Complete
2026-01-17 23:39:53 | INFO     | [Worker_9224] Completed: TUU-CAI - 8 results, 0 errors
2026-01-17 23:39:53 | INFO     | [Worker_9224] Processing: ELQ-ATZ
2026-01-17 23:39:53 | INFO     |   Tier 0: Range 4, Chunk 3/3 (8 days)
