2026-01-17 23:39:42 | INFO     | ======================================================================
2026-01-17 23:39:42 | INFO     | Load Factor Scraper Started - Route: YNB-CAI
2026-01-17 23:39:42 | INFO     | Log file: D:\CODERED\LAB\Artifacts\outputs\run_generated_170126_at_23.33_RETRY\logs\LF_YNB-CAI_20260117_233942.log
2026-01-17 23:39:42 | INFO     | Enhanced logging: Capturing both logging.info() and print()
2026-01-17 23:39:42 | INFO     | ======================================================================
2026-01-17 23:39:42 | INFO     | Starting LF search for route: YNB-CAI
2026-01-17 23:39:42 | INFO     | [START] LF Search
2026-01-17 23:39:43 | INFO     | [HEALTH CHECK] [OK] Chrome connection is healthy
2026-01-17 23:39:43 | INFO     | [DAY_START] Processing 09APR
2026-01-17 23:39:43 | INFO     | [lf.day.start] Processing YNB-CAI for 09APR
2026-01-17 23:39:44 | INFO     | [lf.day.flights_found] Found 1 flights on 09APR
2026-01-17 23:39:46 | INFO     | [lf.flight.extracted] SM442 on 09APR: BKG=1, LF=0.6%
2026-01-17 23:39:49 | INFO     | [SUCCESS] Day 09APR
2026-01-17 23:39:49 | INFO     | [DAY_START] Processing 08APR
2026-01-17 23:39:49 | INFO     | [lf.day.start] Processing YNB-CAI for 08APR
2026-01-17 23:39:50 | WARNING  | [lf.day.no_flights] No direct flights on 08APR
2026-01-17 23:39:50 | INFO     | [SUCCESS] Day 08APR
2026-01-17 23:39:50 | INFO     | [DAY_START] Processing 07APR
2026-01-17 23:39:50 | INFO     | [lf.day.start] Processing YNB-CAI for 07APR
2026-01-17 23:39:51 | INFO     | [lf.day.flights_found] Found 1 flights on 07APR
2026-01-17 23:39:53 | INFO     | [lf.flight.extracted] SM442 on 07APR: BKG=137, LF=78.3%
2026-01-17 23:39:56 | INFO     | [SUCCESS] Day 07APR
2026-01-17 23:39:56 | INFO     | [DAY_START] Processing 06APR
2026-01-17 23:39:56 | INFO     | [lf.day.start] Processing YNB-CAI for 06APR
2026-01-17 23:39:57 | INFO     | [lf.day.flights_found] Found 1 flights on 06APR
2026-01-17 23:39:59 | INFO     | [lf.flight.extracted] SM442 on 06APR: BKG=172, LF=98.3%
2026-01-17 23:40:02 | INFO     | [SUCCESS] Day 06APR
2026-01-17 23:40:02 | INFO     | [DAY_START] Processing 05APR
2026-01-17 23:40:02 | INFO     | [lf.day.start] Processing YNB-CAI for 05APR
2026-01-17 23:40:03 | INFO     | [lf.day.flights_found] Found 1 flights on 05APR
2026-01-17 23:40:06 | INFO     | [lf.flight.extracted] SM442 on 05APR: BKG=138, LF=82.6%
2026-01-17 23:40:08 | INFO     | [SUCCESS] Day 05APR
2026-01-17 23:40:08 | INFO     | [DAY_START] Processing 04APR
2026-01-17 23:40:08 | INFO     | [lf.day.start] Processing YNB-CAI for 04APR
2026-01-17 23:40:09 | INFO     | [lf.day.flights_found] Found 2 flights on 04APR
2026-01-17 23:40:11 | INFO     | [lf.flight.extracted] SM442 on 04APR: BKG=177, LF=101.1%
2026-01-17 23:40:15 | INFO     | [lf.flight.extracted] SM448 on 04APR: BKG=175, LF=100.0%
2026-01-17 23:40:19 | INFO     | [SUCCESS] Day 04APR
2026-01-17 23:40:19 | INFO     | [DAY_START] Processing 03APR
2026-01-17 23:40:19 | INFO     | [lf.day.start] Processing YNB-CAI for 03APR
2026-01-17 23:40:20 | INFO     | [lf.day.flights_found] Found 1 flights on 03APR
2026-01-17 23:40:40 | INFO     | [lf.flight.extracted] SM442 on 03APR: BKG=146, LF=83.4%
2026-01-17 23:40:43 | INFO     | [SUCCESS] Day 03APR
2026-01-17 23:40:43 | INFO     | [DAY_START] Processing 02APR
2026-01-17 23:40:43 | INFO     | [lf.day.start] Processing YNB-CAI for 02APR
2026-01-17 23:40:44 | INFO     | [lf.day.flights_found] Found 1 flights on 02APR
2026-01-17 23:40:46 | INFO     | [lf.flight.extracted] SM442 on 02APR: BKG=181, LF=103.4%
2026-01-17 23:40:49 | INFO     | [SUCCESS] Day 02APR
2026-01-17 23:40:49 | INFO     | [SUCCESS] LF Search Complete
2026-01-17 23:40:49 | INFO     | [Worker_9234] Completed: YNB-CAI - 8 results, 0 errors
2026-01-17 23:40:49 | INFO     | [Worker_9234] Processing: CAI-TUU
2026-01-17 23:40:49 | INFO     |   Tier 0: Range 4, Chunk 3/3 (8 days)
