2026-01-17 23:52:21 | INFO     | ======================================================================
2026-01-17 23:52:21 | INFO     | Load Factor Scraper Started - Route: YNB-CAI
2026-01-17 23:52:21 | INFO     | Log file: D:\CODERED\LAB\Artifacts\outputs\run_generated_170126_at_23.33_RETRY\logs\LF_YNB-CAI_20260117_235221.log
2026-01-17 23:52:21 | INFO     | Enhanced logging: Capturing both logging.info() and print()
2026-01-17 23:52:21 | INFO     | ======================================================================
2026-01-17 23:52:21 | INFO     | Starting LF search for route: YNB-CAI
2026-01-17 23:52:21 | INFO     | [START] LF Search
2026-01-17 23:52:22 | INFO     | [HEALTH CHECK] [OK] Chrome connection is healthy
2026-01-17 23:52:22 | INFO     | [DAY_START] Processing 15MAR
2026-01-17 23:52:22 | INFO     | [lf.day.start] Processing YNB-CAI for 15MAR
2026-01-17 23:52:23 | INFO     | [lf.day.flights_found] Found 1 flights on 15MAR
2026-01-17 23:52:26 | INFO     | [lf.flight.extracted] SM442 on 15MAR: BKG=3, LF=1.7%
2026-01-17 23:52:29 | INFO     | [SUCCESS] Day 15MAR
2026-01-17 23:52:29 | INFO     | [DAY_START] Processing 14MAR
2026-01-17 23:52:29 | INFO     | [lf.day.start] Processing YNB-CAI for 14MAR
2026-01-17 23:52:30 | INFO     | [lf.day.flights_found] Found 1 flights on 14MAR
2026-01-17 23:52:33 | INFO     | [lf.flight.extracted] SM442 on 14MAR: BKG=5, LF=2.9%
2026-01-17 23:52:37 | INFO     | [SUCCESS] Day 14MAR
2026-01-17 23:52:37 | INFO     | [DAY_START] Processing 13MAR
2026-01-17 23:52:37 | INFO     | [lf.day.start] Processing YNB-CAI for 13MAR
2026-01-17 23:52:38 | INFO     | [lf.day.flights_found] Found 1 flights on 13MAR
2026-01-17 23:52:40 | INFO     | [lf.flight.extracted] SM442 on 13MAR: BKG=38, LF=21.7%
2026-01-17 23:52:44 | INFO     | [SUCCESS] Day 13MAR
2026-01-17 23:52:44 | INFO     | [DAY_START] Processing 12MAR
2026-01-17 23:52:44 | INFO     | [lf.day.start] Processing YNB-CAI for 12MAR
2026-01-17 23:52:45 | INFO     | [lf.day.flights_found] Found 1 flights on 12MAR
2026-01-17 23:52:47 | INFO     | [lf.flight.extracted] SM442 on 12MAR: BKG=49, LF=28.0%
2026-01-17 23:52:52 | INFO     | [SUCCESS] Day 12MAR
2026-01-17 23:52:52 | INFO     | [DAY_START] Processing 11MAR
2026-01-17 23:52:52 | INFO     | [lf.day.start] Processing YNB-CAI for 11MAR
2026-01-17 23:52:53 | INFO     | [lf.day.flights_found] Found 1 flights on 11MAR
2026-01-17 23:52:55 | INFO     | [lf.flight.extracted] SM442 on 11MAR: BKG=19, LF=10.9%
2026-01-17 23:52:59 | INFO     | [SUCCESS] Day 11MAR
2026-01-17 23:52:59 | INFO     | [DAY_START] Processing 10MAR
2026-01-17 23:52:59 | INFO     | [lf.day.start] Processing YNB-CAI for 10MAR
2026-01-17 23:53:00 | INFO     | [lf.day.flights_found] Found 1 flights on 10MAR
2026-01-17 23:53:02 | INFO     | [lf.flight.extracted] SM442 on 10MAR: BKG=25, LF=14.3%
2026-01-17 23:53:06 | INFO     | [SUCCESS] Day 10MAR
2026-01-17 23:53:06 | INFO     | [DAY_START] Processing 09MAR
2026-01-17 23:53:06 | INFO     | [lf.day.start] Processing YNB-CAI for 09MAR
2026-01-17 23:53:07 | INFO     | [lf.day.flights_found] Found 1 flights on 09MAR
2026-01-17 23:53:09 | INFO     | [lf.flight.extracted] SM442 on 09MAR: BKG=14, LF=8.0%
2026-01-17 23:53:13 | INFO     | [SUCCESS] Day 09MAR
2026-01-17 23:53:13 | INFO     | [DAY_START] Processing 08MAR
2026-01-17 23:53:13 | INFO     | [lf.day.start] Processing YNB-CAI for 08MAR
2026-01-17 23:53:14 | INFO     | [lf.day.flights_found] Found 1 flights on 08MAR
2026-01-17 23:53:16 | INFO     | [lf.flight.extracted] SM442 on 08MAR: BKG=6, LF=3.5%
2026-01-17 23:53:20 | INFO     | [SUCCESS] Day 08MAR
2026-01-17 23:53:20 | INFO     | [SUCCESS] LF Search Complete
2026-01-17 23:53:20 | INFO     | [Worker_9232] Completed: YNB-CAI - 8 results, 0 errors
2026-01-17 23:53:20 | INFO     | [Worker_9232] Processing: CAI-DMM
2026-01-17 23:53:20 | INFO     |   Tier 0: Range 3, Chunk 3/3 (8 days)
