2026-01-17 23:36:30 | INFO     | ======================================================================
2026-01-17 23:36:30 | INFO     | Load Factor Scraper Started - Route: YNB-CAI
2026-01-17 23:36:30 | INFO     | Log file: D:\CODERED\LAB\Artifacts\outputs\run_generated_170126_at_23.33_RETRY\logs\LF_YNB-CAI_20260117_233630.log
2026-01-17 23:36:30 | INFO     | Enhanced logging: Capturing both logging.info() and print()
2026-01-17 23:36:30 | INFO     | ======================================================================
2026-01-17 23:36:30 | INFO     | Starting LF search for route: YNB-CAI
2026-01-17 23:36:30 | INFO     | [START] LF Search
2026-01-17 23:36:31 | INFO     | [HEALTH CHECK] [OK] Chrome connection is healthy
2026-01-17 23:36:31 | INFO     | [DAY_START] Processing 18APR
2026-01-17 23:36:31 | INFO     | [lf.day.start] Processing YNB-CAI for 18APR
2026-01-17 23:36:32 | INFO     | [lf.day.flights_found] Found 2 flights on 18APR
2026-01-17 23:36:34 | INFO     | [lf.flight.extracted] SM442 on 18APR: BKG=0, LF=0.0%
2026-01-17 23:36:37 | INFO     | [lf.flight.extracted] SM448 on 18APR: BKG=0, LF=0.0%
2026-01-17 23:36:38 | INFO     | [SUCCESS] Day 18APR
2026-01-17 23:36:38 | INFO     | [DAY_START] Processing 17APR
2026-01-17 23:36:38 | INFO     | [lf.day.start] Processing YNB-CAI for 17APR
2026-01-17 23:36:39 | INFO     | [lf.day.flights_found] Found 1 flights on 17APR
2026-01-17 23:36:41 | INFO     | [lf.flight.extracted] SM442 on 17APR: BKG=0, LF=0.0%
2026-01-17 23:36:42 | INFO     | [SUCCESS] Day 17APR
2026-01-17 23:36:42 | INFO     | [DAY_START] Processing 16APR
2026-01-17 23:36:42 | INFO     | [lf.day.start] Processing YNB-CAI for 16APR
2026-01-17 23:36:45 | INFO     | [lf.day.flights_found] Found 1 flights on 16APR
2026-01-17 23:36:47 | INFO     | [lf.flight.extracted] SM442 on 16APR: BKG=0, LF=0.0%
2026-01-17 23:36:48 | INFO     | [SUCCESS] Day 16APR
2026-01-17 23:36:48 | INFO     | [DAY_START] Processing 15APR
2026-01-17 23:36:48 | INFO     | [lf.day.start] Processing YNB-CAI for 15APR
2026-01-17 23:36:49 | WARNING  | [lf.day.no_flights] No direct flights on 15APR
2026-01-17 23:36:50 | INFO     | [SUCCESS] Day 15APR
2026-01-17 23:36:50 | INFO     | [DAY_START] Processing 14APR
2026-01-17 23:36:50 | INFO     | [lf.day.start] Processing YNB-CAI for 14APR
2026-01-17 23:36:51 | INFO     | [lf.day.flights_found] Found 1 flights on 14APR
2026-01-17 23:36:53 | INFO     | [lf.flight.extracted] SM442 on 14APR: BKG=0, LF=0.0%
2026-01-17 23:36:54 | INFO     | [SUCCESS] Day 14APR
2026-01-17 23:36:54 | INFO     | [DAY_START] Processing 13APR
2026-01-17 23:36:54 | INFO     | [lf.day.start] Processing YNB-CAI for 13APR
2026-01-17 23:36:55 | INFO     | [lf.day.flights_found] Found 1 flights on 13APR
2026-01-17 23:36:57 | INFO     | [lf.flight.extracted] SM442 on 13APR: BKG=0, LF=0.0%
2026-01-17 23:36:58 | INFO     | [SUCCESS] Day 13APR
2026-01-17 23:36:58 | INFO     | [DAY_START] Processing 12APR
2026-01-17 23:36:58 | INFO     | [lf.day.start] Processing YNB-CAI for 12APR
2026-01-17 23:36:59 | INFO     | [lf.day.flights_found] Found 1 flights on 12APR
2026-01-17 23:37:01 | INFO     | [lf.flight.extracted] SM442 on 12APR: BKG=4, LF=2.3%
2026-01-17 23:37:03 | INFO     | [SUCCESS] Day 12APR
2026-01-17 23:37:03 | INFO     | [DAY_START] Processing 11APR
2026-01-17 23:37:03 | INFO     | [lf.day.start] Processing YNB-CAI for 11APR
2026-01-17 23:37:04 | INFO     | [lf.day.flights_found] Found 2 flights on 11APR
2026-01-17 23:37:06 | INFO     | [lf.flight.extracted] SM442 on 11APR: BKG=0, LF=0.0%
2026-01-17 23:37:09 | INFO     | [lf.flight.extracted] SM448 on 11APR: BKG=0, LF=0.0%
2026-01-17 23:37:11 | INFO     | [SUCCESS] Day 11APR
2026-01-17 23:37:11 | INFO     | [DAY_START] Processing 10APR
2026-01-17 23:37:11 | INFO     | [lf.day.start] Processing YNB-CAI for 10APR
2026-01-17 23:37:12 | INFO     | [lf.day.flights_found] Found 1 flights on 10APR
2026-01-17 23:37:14 | INFO     | [lf.flight.extracted] SM442 on 10APR: BKG=1, LF=0.6%
2026-01-17 23:37:16 | INFO     | [SUCCESS] Day 10APR
2026-01-17 23:37:16 | INFO     | [SUCCESS] LF Search Complete
2026-01-17 23:37:16 | INFO     | [Worker_9225] Completed: YNB-CAI - 9 results, 0 errors
2026-01-17 23:37:16 | INFO     | [Worker_9225] Processing: CAI-TUU
2026-01-17 23:37:16 | INFO     |   Tier 0: Range 4, Chunk 2/3 (9 days)
