2026-01-18 00:21:02 | INFO     | ======================================================================
2026-01-18 00:21:02 | INFO     | Load Factor Scraper Started - Route: YNB-CAI
2026-01-18 00:21:02 | INFO     | Log file: D:\CODERED\LAB\Artifacts\outputs\run_generated_170126_at_23.33_RETRY\logs\LF_YNB-CAI_20260118_002102.log
2026-01-18 00:21:02 | INFO     | Enhanced logging: Capturing both logging.info() and print()
2026-01-18 00:21:02 | INFO     | ======================================================================
2026-01-18 00:21:02 | INFO     | Starting LF search for route: YNB-CAI
2026-01-18 00:21:02 | INFO     | [START] LF Search
2026-01-18 00:21:03 | INFO     | [HEALTH CHECK] [OK] Chrome connection is healthy
2026-01-18 00:21:03 | INFO     | [DAY_START] Processing 24JAN
2026-01-18 00:21:03 | INFO     | [lf.day.start] Processing YNB-CAI for 24JAN
2026-01-18 00:21:05 | INFO     | [lf.day.flights_found] Found 1 flights on 24JAN
2026-01-18 00:21:07 | INFO     | [lf.flight.extracted] SM442 on 24JAN: BKG=173, LF=98.9%
2026-01-18 00:21:14 | INFO     | [SUCCESS] Day 24JAN
2026-01-18 00:21:14 | INFO     | [DAY_START] Processing 23JAN
2026-01-18 00:21:14 | INFO     | [lf.day.start] Processing YNB-CAI for 23JAN
2026-01-18 00:21:15 | INFO     | [lf.day.flights_found] Found 1 flights on 23JAN
2026-01-18 00:21:17 | INFO     | [lf.flight.extracted] SM442 on 23JAN: BKG=85, LF=48.6%
2026-01-18 00:21:23 | INFO     | [SUCCESS] Day 23JAN
2026-01-18 00:21:23 | INFO     | [DAY_START] Processing 22JAN
2026-01-18 00:21:23 | INFO     | [lf.day.start] Processing YNB-CAI for 22JAN
2026-01-18 00:21:24 | INFO     | [lf.day.flights_found] Found 1 flights on 22JAN
2026-01-18 00:21:26 | INFO     | [lf.flight.extracted] SM442 on 22JAN: BKG=140, LF=80.0%
2026-01-18 00:21:31 | INFO     | [SUCCESS] Day 22JAN
2026-01-18 00:21:31 | INFO     | [DAY_START] Processing 21JAN
2026-01-18 00:21:31 | INFO     | [lf.day.start] Processing YNB-CAI for 21JAN
2026-01-18 00:21:32 | INFO     | [lf.day.flights_found] Found 1 flights on 21JAN
2026-01-18 00:21:34 | INFO     | [lf.flight.extracted] SM442 on 21JAN: BKG=138, LF=78.9%
2026-01-18 00:21:40 | INFO     | [SUCCESS] Day 21JAN
2026-01-18 00:21:40 | INFO     | [DAY_START] Processing 20JAN
2026-01-18 00:21:40 | INFO     | [lf.day.start] Processing YNB-CAI for 20JAN
2026-01-18 00:21:41 | INFO     | [lf.day.flights_found] Found 1 flights on 20JAN
2026-01-18 00:21:44 | INFO     | [lf.flight.extracted] SM442 on 20JAN: BKG=147, LF=84.0%
2026-01-18 00:21:49 | INFO     | [SUCCESS] Day 20JAN
2026-01-18 00:21:49 | INFO     | [DAY_START] Processing 19JAN
2026-01-18 00:21:49 | INFO     | [lf.day.start] Processing YNB-CAI for 19JAN
2026-01-18 00:21:50 | INFO     | [lf.day.flights_found] Found 1 flights on 19JAN
2026-01-18 00:21:53 | INFO     | [lf.flight.extracted] SM442 on 19JAN: BKG=169, LF=94.9%
2026-01-18 00:21:59 | INFO     | [SUCCESS] Day 19JAN
2026-01-18 00:21:59 | INFO     | [DAY_START] Processing 17JAN
2026-01-18 00:21:59 | INFO     | [lf.day.start] Processing YNB-CAI for 17JAN
2026-01-18 00:22:00 | INFO     | [lf.day.flights_found] Found 1 flights on 17JAN
2026-01-18 00:22:02 | INFO     | [lf.flight.extracted] SM442 on 17JAN: BKG=179, LF=101.7%
2026-01-18 00:22:09 | INFO     | [SUCCESS] Day 17JAN
2026-01-18 00:22:09 | INFO     | [SUCCESS] LF Search Complete
2026-01-18 00:22:09 | INFO     | [Worker_9232] Completed: YNB-CAI - 7 results, 0 errors
2026-01-18 00:22:09 | INFO     | [Worker_9232] Processing: ATZ-JED
2026-01-18 00:22:09 | INFO     |   Tier 0: Range 1, Chunk 3/3 (8 days)
