2026-01-18 00:10:56 | INFO     | ======================================================================
2026-01-18 00:10:56 | INFO     | Load Factor Scraper Started - Route: YNB-CAI
2026-01-18 00:10:56 | INFO     | Log file: D:\CODERED\LAB\Artifacts\outputs\run_generated_170126_at_23.33_RETRY\logs\LF_YNB-CAI_20260118_001056.log
2026-01-18 00:10:56 | INFO     | Enhanced logging: Capturing both logging.info() and print()
2026-01-18 00:10:56 | INFO     | ======================================================================
2026-01-18 00:10:56 | INFO     | Starting LF search for route: YNB-CAI
2026-01-18 00:10:56 | INFO     | [START] LF Search
2026-01-18 00:10:57 | INFO     | [HEALTH CHECK] [OK] Chrome connection is healthy
2026-01-18 00:10:57 | INFO     | [DAY_START] Processing 10FEB
2026-01-18 00:10:57 | INFO     | [lf.day.start] Processing YNB-CAI for 10FEB
2026-01-18 00:11:00 | INFO     | [lf.day.flights_found] Found 2 flights on 10FEB
2026-01-18 00:11:03 | INFO     | [lf.flight.extracted] SM988 on 10FEB: BKG=0, LF=0.0%
2026-01-18 00:11:07 | INFO     | [lf.flight.extracted] SM442 on 10FEB: BKG=103, LF=58.9%
2026-01-18 00:11:11 | INFO     | [SUCCESS] Day 10FEB
2026-01-18 00:11:11 | INFO     | [DAY_START] Processing 09FEB
2026-01-18 00:11:11 | INFO     | [lf.day.start] Processing YNB-CAI for 09FEB
2026-01-18 00:11:12 | INFO     | [lf.day.flights_found] Found 2 flights on 09FEB
2026-01-18 00:11:15 | INFO     | [lf.flight.extracted] SM988 on 09FEB: BKG=0, LF=0.0%
2026-01-18 00:11:20 | INFO     | [lf.flight.extracted] SM442 on 09FEB: BKG=116, LF=66.3%
2026-01-18 00:11:24 | INFO     | [SUCCESS] Day 09FEB
2026-01-18 00:11:24 | INFO     | [DAY_START] Processing 08FEB
2026-01-18 00:11:24 | INFO     | [lf.day.start] Processing YNB-CAI for 08FEB
2026-01-18 00:11:25 | INFO     | [lf.day.flights_found] Found 4 flights on 08FEB
2026-01-18 00:11:27 | INFO     | [lf.flight.extracted] SM982 on 08FEB: BKG=0, LF=0.0%
2026-01-18 00:11:31 | INFO     | [lf.flight.extracted] SM442 on 08FEB: BKG=137, LF=79.7%
2026-01-18 00:11:34 | INFO     | [lf.flight.extracted] SM984 on 08FEB: BKG=0, LF=0.0%
2026-01-18 00:11:37 | INFO     | [lf.flight.extracted] SM986 on 08FEB: BKG=0, LF=0.0%
2026-01-18 00:11:41 | INFO     | [SUCCESS] Day 08FEB
2026-01-18 00:11:41 | INFO     | [DAY_START] Processing 07FEB
2026-01-18 00:11:41 | INFO     | [lf.day.start] Processing YNB-CAI for 07FEB
2026-01-18 00:11:42 | INFO     | [lf.day.flights_found] Found 1 flights on 07FEB
2026-01-18 00:11:44 | INFO     | [lf.flight.extracted] SM442 on 07FEB: BKG=168, LF=96.0%
2026-01-18 00:11:49 | INFO     | [SUCCESS] Day 07FEB
2026-01-18 00:11:49 | INFO     | [DAY_START] Processing 06FEB
2026-01-18 00:11:49 | INFO     | [lf.day.start] Processing YNB-CAI for 06FEB
2026-01-18 00:11:50 | INFO     | [lf.day.flights_found] Found 1 flights on 06FEB
2026-01-18 00:11:52 | INFO     | [lf.flight.extracted] SM442 on 06FEB: BKG=168, LF=96.0%
2026-01-18 00:11:57 | ERROR    | Atomic write failed for D:\CODERED\LAB\Artifacts\outputs\run_generated_170126_at_23.33_RETRY\checkpoints\flight_booking_data.json: [WinError 5] Access is denied: 'D:\\CODERED\\LAB\\Artifacts\\outputs\\run_generated_170126_at_23.33_RETRY\\checkpoints\\flight_booking_data.tmp_ef415fa9' -> 'D:\\CODERED\\LAB\\Artifacts\\outputs\\run_generated_170126_at_23.33_RETRY\\checkpoints\\flight_booking_data.json'
2026-01-18 00:11:57 | INFO     | [SUCCESS] Day 06FEB
2026-01-18 00:11:57 | INFO     | [DAY_START] Processing 05FEB
2026-01-18 00:11:57 | INFO     | [lf.day.start] Processing YNB-CAI for 05FEB
2026-01-18 00:11:58 | INFO     | [lf.day.flights_found] Found 1 flights on 05FEB
2026-01-18 00:12:00 | INFO     | [lf.flight.extracted] SM442 on 05FEB: BKG=168, LF=96.0%
2026-01-18 00:12:05 | INFO     | [SUCCESS] Day 05FEB
2026-01-18 00:12:05 | INFO     | [DAY_START] Processing 04FEB
2026-01-18 00:12:05 | INFO     | [lf.day.start] Processing YNB-CAI for 04FEB
2026-01-18 00:12:06 | INFO     | [lf.day.flights_found] Found 1 flights on 04FEB
2026-01-18 00:12:08 | INFO     | [lf.flight.extracted] SM442 on 04FEB: BKG=167, LF=95.4%
2026-01-18 00:12:13 | INFO     | [SUCCESS] Day 04FEB
2026-01-18 00:12:13 | INFO     | [DAY_START] Processing 03FEB
2026-01-18 00:12:13 | INFO     | [lf.day.start] Processing YNB-CAI for 03FEB
2026-01-18 00:12:14 | INFO     | [lf.day.flights_found] Found 1 flights on 03FEB
2026-01-18 00:12:16 | INFO     | [lf.flight.extracted] SM442 on 03FEB: BKG=155, LF=90.1%
2026-01-18 00:12:20 | INFO     | [SUCCESS] Day 03FEB
2026-01-18 00:12:20 | INFO     | [DAY_START] Processing 02FEB
2026-01-18 00:12:20 | INFO     | [lf.day.start] Processing YNB-CAI for 02FEB
2026-01-18 00:12:21 | INFO     | [lf.day.flights_found] Found 1 flights on 02FEB
2026-01-18 00:12:23 | INFO     | [lf.flight.extracted] SM442 on 02FEB: BKG=168, LF=96.0%
2026-01-18 00:12:28 | INFO     | [SUCCESS] Day 02FEB
2026-01-18 00:12:28 | INFO     | [SUCCESS] LF Search Complete
2026-01-18 00:12:36 | INFO     | [Worker_9225] Completed: YNB-CAI - 9 results, 0 errors
2026-01-18 00:12:36 | INFO     | [Worker_9225] Processing: ATZ-RUH
2026-01-18 00:12:36 | INFO     |   Tier 0: Range 1, Chunk 1/3 (9 days)
