2026-01-17 23:33:31,128 | INFO     | [Worker_9226] Completed: JED-LXR - 9 results, 0 errors
2026-01-17 23:33:31,128 | INFO     | [Worker_9226] Processing: RUH-ATZ
2026-01-17 23:33:31,129 | INFO     |   Tier 0: Range 4, Chunk 1/3 (9 days)
2026-01-17 23:33:46,094 | INFO     | [Worker_9226] Completed: RUH-ATZ - 9 results, 0 errors
2026-01-17 23:33:46,095 | INFO     | [Worker_9226] Processing: TUU-ATZ
2026-01-17 23:33:46,095 | INFO     |   Tier 0: Range 4, Chunk 1/3 (9 days)
2026-01-17 23:33:57,383 | INFO     | [Worker_9226] Completed: TUU-ATZ - 9 results, 0 errors
2026-01-17 23:33:57,384 | INFO     | [Worker_9226] Processing: AHB-CAI
2026-01-17 23:33:57,384 | INFO     |   Tier 0: Range 4, Chunk 1/3 (9 days)
2026-01-17 23:34:29,530 | INFO     | [Worker_9226] Completed: AHB-CAI - 9 results, 0 errors
2026-01-17 23:34:29,531 | INFO     | [Worker_9226] Processing: ATZ-JED
2026-01-17 23:34:29,531 | INFO     |   Tier 0: Range 4, Chunk 1/3 (9 days)
2026-01-17 23:35:25,792 | INFO     | [Worker_9226] Completed: ATZ-JED - 9 results, 0 errors
2026-01-17 23:35:25,794 | INFO     | [Worker_9226] Processing: CAI-GIZ
2026-01-17 23:35:25,794 | INFO     |   Tier 0: Range 4, Chunk 1/3 (9 days)
2026-01-17 23:35:48,035 | INFO     | [Worker_9226] Completed: CAI-GIZ - 9 results, 0 errors
2026-01-17 23:35:48,036 | INFO     | [Worker_9226] Processing: RUH-CAI
2026-01-17 23:35:48,036 | INFO     |   Tier 0: Range 4, Chunk 2/3 (9 days)
2026-01-17 23:36:32,334 | INFO     | [Worker_9226] Completed: RUH-CAI - 9 results, 0 errors
2026-01-17 23:36:32,335 | INFO     | [Worker_9226] Processing: AHB-CAI
2026-01-17 23:36:32,335 | INFO     |   Tier 0: Range 4, Chunk 2/3 (9 days)
2026-01-17 23:37:05,482 | INFO     | [Worker_9226] Completed: AHB-CAI - 9 results, 0 errors
2026-01-17 23:37:05,483 | INFO     | [Worker_9226] Processing: CAI-RUH
2026-01-17 23:37:05,483 | INFO     |   Tier 0: Range 4, Chunk 2/3 (9 days)
2026-01-17 23:37:45,855 | INFO     | [Worker_9226] Completed: CAI-RUH - 9 results, 0 errors
2026-01-17 23:37:45,856 | INFO     | [Worker_9226] Processing: CAI-ELQ
2026-01-17 23:37:45,857 | INFO     |   Tier 0: Range 4, Chunk 2/3 (9 days)
2026-01-17 23:39:03,189 | INFO     | [Worker_9226] Completed: CAI-ELQ - 9 results, 0 errors
2026-01-17 23:39:03,190 | INFO     | [Worker_9226] Processing: JED-ATZ
2026-01-17 23:39:03,190 | INFO     |   Tier 0: Range 4, Chunk 3/3 (8 days)
2026-01-17 23:39:48,946 | INFO     | [Worker_9226] Completed: JED-ATZ - 8 results, 0 errors
2026-01-17 23:39:48,947 | INFO     | [Worker_9226] Processing: AHB-ATZ
2026-01-17 23:39:48,948 | INFO     |   Tier 0: Range 4, Chunk 3/3 (8 days)
2026-01-17 23:39:59,893 | INFO     | [Worker_9226] Completed: AHB-ATZ - 8 results, 0 errors
2026-01-17 23:39:59,894 | INFO     | [Worker_9226] Processing: CAI-MED
2026-01-17 23:39:59,894 | INFO     |   Tier 0: Range 4, Chunk 3/3 (8 days)
2026-01-17 23:40:47,310 | INFO     | [Worker_9226] Completed: CAI-MED - 8 results, 0 errors
2026-01-17 23:40:47,311 | INFO     | [Worker_9226] Processing: ATZ-DMM
2026-01-17 23:40:47,311 | INFO     |   Tier 0: Range 4, Chunk 3/3 (8 days)
2026-01-17 23:41:42,168 | INFO     | [Worker_9226] Completed: ATZ-DMM - 8 results, 0 errors
2026-01-17 23:41:42,168 | INFO     | [Worker_9226] Processing: CAI-AJF
2026-01-17 23:41:42,168 | INFO     |   Tier 0: Range 4, Chunk 3/3 (8 days)
2026-01-17 23:42:54,011 | INFO     | [Worker_9226] Completed: CAI-AJF - 8 results, 0 errors
2026-01-17 23:42:54,012 | INFO     | [Worker_9226] Processing: MED-HBE
2026-01-17 23:42:54,012 | INFO     |   Tier 0: Range 3, Chunk 1/3 (9 days)
2026-01-17 23:43:21,314 | INFO     | [Worker_9226] Completed: MED-HBE - 9 results, 0 errors
2026-01-17 23:43:21,315 | INFO     | [Worker_9226] Processing: RUH-CAI
2026-01-17 23:43:21,315 | INFO     |   Tier 0: Range 3, Chunk 1/3 (9 days)
2026-01-17 23:44:20,661 | INFO     | [Worker_9226] Completed: RUH-CAI - 9 results, 0 errors
2026-01-17 23:44:20,662 | INFO     | [Worker_9226] Processing: GIZ-CAI
2026-01-17 23:44:20,662 | INFO     |   Tier 0: Range 3, Chunk 1/3 (9 days)
2026-01-17 23:44:38,277 | INFO     | [Worker_9226] Completed: GIZ-CAI - 9 results, 0 errors
2026-01-17 23:44:38,278 | INFO     | [Worker_9226] Processing: ATZ-MED
2026-01-17 23:44:38,278 | INFO     |   Tier 0: Range 3, Chunk 1/3 (9 days)
2026-01-17 23:45:11,857 | INFO     | [Worker_9226] Completed: ATZ-MED - 9 results, 0 errors
2026-01-17 23:45:11,858 | INFO     | [Worker_9226] Processing: ATZ-RUH
2026-01-17 23:45:11,859 | INFO     |   Tier 0: Range 3, Chunk 1/3 (9 days)
2026-01-17 23:45:42,276 | INFO     | [Worker_9226] Completed: ATZ-RUH - 9 results, 0 errors
2026-01-17 23:45:42,277 | INFO     | [Worker_9226] Processing: CAI-AJF
2026-01-17 23:45:42,277 | INFO     |   Tier 0: Range 3, Chunk 1/3 (9 days)
2026-01-17 23:46:16,296 | INFO     | [Worker_9226] Completed: CAI-AJF - 9 results, 0 errors
2026-01-17 23:46:16,298 | INFO     | [Worker_9226] Processing: ATZ-ELQ
2026-01-17 23:46:16,298 | INFO     |   Tier 0: Range 3, Chunk 1/3 (9 days)
2026-01-17 23:46:55,189 | INFO     | [Worker_9226] Completed: ATZ-ELQ - 9 results, 0 errors
2026-01-17 23:46:55,191 | INFO     | [Worker_9226] Processing: JED-HBE
2026-01-17 23:46:55,191 | INFO     |   Tier 0: Range 3, Chunk 2/3 (8 days)
2026-01-17 23:48:38,462 | INFO     | [Worker_9226] Completed: JED-HBE - 8 results, 0 errors
2026-01-17 23:48:38,467 | INFO     | [Worker_9226] Processing: CAI-MED
2026-01-17 23:48:38,468 | INFO     |   Tier 0: Range 3, Chunk 2/3 (8 days)
2026-01-17 23:49:22,726 | INFO     | [Worker_9226] Completed: CAI-MED - 8 results, 0 errors
2026-01-17 23:49:22,728 | INFO     | [Worker_9226] Processing: CAI-RUH
2026-01-17 23:49:22,729 | INFO     |   Tier 0: Range 3, Chunk 2/3 (8 days)
2026-01-17 23:50:20,915 | INFO     | [Worker_9226] Completed: CAI-RUH - 8 results, 0 errors
2026-01-17 23:50:20,916 | INFO     | [Worker_9226] Processing: ATZ-ELQ
2026-01-17 23:50:20,916 | INFO     |   Tier 0: Range 3, Chunk 2/3 (8 days)
2026-01-17 23:50:39,127 | INFO     | [Worker_9226] Completed: ATZ-ELQ - 8 results, 0 errors
2026-01-17 23:50:39,128 | INFO     | [Worker_9226] Processing: JED-CAI
2026-01-17 23:50:39,128 | INFO     |   Tier 0: Range 3, Chunk 3/3 (8 days)
2026-01-17 23:55:15,115 | INFO     | [Worker_9226] Completed: JED-CAI - 8 results, 0 errors
2026-01-17 23:55:15,117 | INFO     | [Worker_9226] Processing: RUH-CAI
2026-01-17 23:55:15,117 | INFO     |   Tier 0: Range 2, Chunk 1/3 (9 days)
2026-01-17 23:56:30,315 | INFO     | [Worker_9226] Completed: RUH-CAI - 9 results, 0 errors
2026-01-17 23:56:30,317 | INFO     | [Worker_9226] Processing: CAI-MED
2026-01-17 23:56:30,317 | INFO     |   Tier 0: Range 2, Chunk 1/3 (9 days)
2026-01-17 23:57:15,541 | INFO     | [Worker_9226] Completed: CAI-MED - 9 results, 0 errors
2026-01-17 23:57:15,542 | INFO     | [Worker_9226] Processing: CAI-DMM
2026-01-17 23:57:15,542 | INFO     |   Tier 0: Range 2, Chunk 1/3 (9 days)
2026-01-17 23:57:52,452 | INFO     | [Worker_9226] Completed: CAI-DMM - 9 results, 0 errors
2026-01-17 23:57:52,455 | INFO     | [Worker_9226] Processing: CAI-AJF
2026-01-17 23:57:52,455 | INFO     |   Tier 0: Range 2, Chunk 1/3 (9 days)
2026-01-17 23:58:32,722 | INFO     | [Worker_9226] Completed: CAI-AJF - 9 results, 0 errors
2026-01-17 23:58:32,725 | INFO     | [Worker_9226] Processing: CAI-GIZ
2026-01-17 23:58:32,725 | INFO     |   Tier 0: Range 2, Chunk 1/3 (9 days)
2026-01-17 23:59:00,367 | INFO     | [Worker_9226] Completed: CAI-GIZ - 9 results, 0 errors
2026-01-17 23:59:00,370 | INFO     | [Worker_9226] Processing: JED-LXR
2026-01-17 23:59:00,370 | INFO     |   Tier 0: Range 2, Chunk 2/3 (8 days)
2026-01-17 23:59:28,839 | INFO     | [Worker_9226] Completed: JED-LXR - 8 results, 0 errors
2026-01-17 23:59:28,841 | INFO     | [Worker_9226] Processing: JED-ASW
2026-01-17 23:59:28,841 | INFO     |   Tier 0: Range 2, Chunk 2/3 (8 days)
2026-01-17 23:59:51,160 | INFO     | [Worker_9226] Completed: JED-ASW - 8 results, 0 errors
2026-01-17 23:59:51,160 | INFO     | [Worker_9226] Processing: TUU-CAI
2026-01-17 23:59:51,160 | INFO     |   Tier 0: Range 2, Chunk 2/3 (8 days)
2026-01-18 00:00:23,764 | INFO     | [Worker_9226] Completed: TUU-CAI - 8 results, 0 errors
2026-01-18 00:00:23,766 | INFO     | [Worker_9226] Processing: AHB-CAI
2026-01-18 00:00:23,766 | INFO     |   Tier 0: Range 2, Chunk 2/3 (8 days)
2026-01-18 00:00:57,741 | INFO     | [Worker_9226] Completed: AHB-CAI - 8 results, 0 errors
2026-01-18 00:00:57,743 | INFO     | [Worker_9226] Processing: ATZ-MED
2026-01-18 00:00:57,743 | INFO     |   Tier 0: Range 2, Chunk 2/3 (8 days)
2026-01-18 00:01:44,838 | INFO     | [Worker_9226] Completed: ATZ-MED - 8 results, 0 errors
2026-01-18 00:01:44,840 | INFO     | [Worker_9226] Processing: ATZ-RUH
2026-01-18 00:01:44,840 | INFO     |   Tier 0: Range 2, Chunk 2/3 (8 days)
2026-01-18 00:02:11,833 | INFO     | [Worker_9226] Completed: ATZ-RUH - 8 results, 0 errors
2026-01-18 00:02:11,836 | INFO     | [Worker_9226] Processing: ATZ-TUU
2026-01-18 00:02:11,836 | INFO     |   Tier 0: Range 2, Chunk 2/3 (8 days)
2026-01-18 00:02:28,832 | INFO     | [Worker_9226] Completed: ATZ-TUU - 8 results, 0 errors
2026-01-18 00:02:28,834 | INFO     | [Worker_9226] Processing: CAI-AHB
2026-01-18 00:02:28,834 | INFO     |   Tier 0: Range 2, Chunk 2/3 (8 days)
2026-01-18 00:03:17,253 | INFO     | [Worker_9226] Completed: CAI-AHB - 8 results, 0 errors
2026-01-18 00:03:17,254 | INFO     | [Worker_9226] Processing: JED-HBE
2026-01-18 00:03:17,254 | INFO     |   Tier 0: Range 2, Chunk 3/3 (8 days)
2026-01-18 00:06:00,083 | INFO     | [Worker_9226] Completed: JED-HBE - 8 results, 0 errors
2026-01-18 00:06:00,088 | INFO     | [Worker_9226] Processing: HBE-MED
2026-01-18 00:06:00,088 | INFO     |   Tier 0: Range 2, Chunk 3/3 (8 days)
2026-01-18 00:06:44,972 | INFO     | [Worker_9226] Completed: HBE-MED - 8 results, 0 errors
2026-01-18 00:06:44,974 | INFO     | [Worker_9226] Processing: ASW-JED
2026-01-18 00:06:44,974 | INFO     |   Tier 0: Range 2, Chunk 3/3 (8 days)
2026-01-18 00:06:58,231 | INFO     | [Worker_9226] Completed: ASW-JED - 8 results, 0 errors
2026-01-18 00:06:58,233 | INFO     | [Worker_9226] Processing: ATZ-RUH
2026-01-18 00:06:58,233 | INFO     |   Tier 0: Range 2, Chunk 3/3 (8 days)
2026-01-18 00:07:34,742 | INFO     | [Worker_9226] Completed: ATZ-RUH - 8 results, 0 errors
2026-01-18 00:07:34,744 | INFO     | [Worker_9226] Processing: ATZ-TUU
2026-01-18 00:07:34,744 | INFO     |   Tier 0: Range 2, Chunk 3/3 (8 days)
2026-01-18 00:07:51,335 | INFO     | [Worker_9226] Completed: ATZ-TUU - 8 results, 0 errors
2026-01-18 00:07:51,338 | INFO     | [Worker_9226] Processing: CAI-YNB
2026-01-18 00:07:51,338 | INFO     |   Tier 0: Range 2, Chunk 3/3 (8 days)
2026-01-18 00:09:18,317 | INFO     | [Worker_9226] Completed: CAI-YNB - 8 results, 0 errors
2026-01-18 00:09:18,319 | INFO     | [Worker_9226] Processing: JED-ASW
2026-01-18 00:09:18,320 | INFO     |   Tier 0: Range 1, Chunk 1/3 (9 days)
2026-01-18 00:09:48,857 | INFO     | [Worker_9226] Completed: JED-ASW - 9 results, 0 errors
2026-01-18 00:09:48,865 | INFO     | [Worker_9226] Processing: RUH-ATZ
2026-01-18 00:09:48,865 | INFO     |   Tier 0: Range 1, Chunk 1/3 (9 days)
2026-01-18 00:10:42,246 | INFO     | [Worker_9226] Completed: RUH-ATZ - 9 results, 0 errors
2026-01-18 00:10:42,249 | INFO     | [Worker_9226] Processing: TUU-ATZ
2026-01-18 00:10:42,250 | INFO     |   Tier 0: Range 1, Chunk 1/3 (9 days)
2026-01-18 00:11:05,614 | INFO     | [Worker_9226] Completed: TUU-ATZ - 9 results, 0 errors
2026-01-18 00:11:05,618 | INFO     | [Worker_9226] Processing: AHB-CAI
2026-01-18 00:11:05,618 | INFO     |   Tier 0: Range 1, Chunk 1/3 (9 days)
2026-01-18 00:11:40,874 | INFO     | [Worker_9226] Completed: AHB-CAI - 9 results, 0 errors
2026-01-18 00:11:40,874 | INFO     | [Worker_9226] Processing: CAI-MED
2026-01-18 00:11:40,875 | INFO     |   Tier 0: Range 1, Chunk 1/3 (9 days)
2026-01-18 00:12:33,784 | INFO     | [Worker_9226] Completed: CAI-MED - 9 results, 0 errors
2026-01-18 00:12:33,786 | INFO     | [Worker_9226] Processing: ASW-JED
2026-01-18 00:12:33,786 | INFO     |   Tier 0: Range 1, Chunk 1/3 (9 days)
2026-01-18 00:12:53,787 | INFO     | [Worker_9226] Completed: ASW-JED - 9 results, 0 errors
2026-01-18 00:12:53,788 | INFO     | [Worker_9226] Processing: CAI-DMM
2026-01-18 00:12:53,788 | INFO     |   Tier 0: Range 1, Chunk 1/3 (9 days)
2026-01-18 00:13:29,994 | INFO     | [Worker_9226] Completed: CAI-DMM - 9 results, 0 errors
2026-01-18 00:13:29,995 | INFO     | [Worker_9226] Processing: ATZ-AJF
2026-01-18 00:13:29,995 | INFO     |   Tier 0: Range 1, Chunk 1/3 (9 days)
2026-01-18 00:13:45,731 | INFO     | [Worker_9226] Completed: ATZ-AJF - 9 results, 0 errors
2026-01-18 00:13:45,734 | INFO     | [Worker_9226] Processing: ATZ-AHB
2026-01-18 00:13:45,734 | INFO     |   Tier 0: Range 1, Chunk 1/3 (9 days)
2026-01-18 00:14:03,271 | INFO     | [Worker_9226] Completed: ATZ-AHB - 9 results, 0 errors
2026-01-18 00:14:03,274 | INFO     | [Worker_9226] Processing: MED-CAI
2026-01-18 00:14:03,274 | INFO     |   Tier 0: Range 1, Chunk 2/3 (8 days)
2026-01-18 00:15:28,405 | INFO     | [Worker_9226] Completed: MED-CAI - 8 results, 0 errors
2026-01-18 00:15:28,408 | INFO     | [Worker_9226] Processing: DMM-CAI
2026-01-18 00:15:28,409 | INFO     |   Tier 0: Range 1, Chunk 2/3 (8 days)
2026-01-18 00:15:59,603 | INFO     | [Worker_9226] Completed: DMM-CAI - 8 results, 0 errors
2026-01-18 00:15:59,605 | INFO     | [Worker_9226] Processing: DMM-ATZ
2026-01-18 00:15:59,605 | INFO     |   Tier 0: Range 1, Chunk 2/3 (8 days)
2026-01-18 00:16:22,603 | INFO     | [Worker_9226] Completed: DMM-ATZ - 8 results, 0 errors
2026-01-18 00:16:22,604 | INFO     | [Worker_9226] Processing: AJF-CAI
2026-01-18 00:16:22,604 | INFO     |   Tier 0: Range 1, Chunk 2/3 (8 days)
2026-01-18 00:16:51,614 | INFO     | [Worker_9226] Completed: AJF-CAI - 8 results, 0 errors
2026-01-18 00:16:51,616 | INFO     | [Worker_9226] Processing: ELQ-ATZ
2026-01-18 00:16:51,616 | INFO     |   Tier 0: Range 1, Chunk 2/3 (8 days)
2026-01-18 00:17:17,191 | INFO     | [Worker_9226] Completed: ELQ-ATZ - 8 results, 0 errors
2026-01-18 00:17:17,193 | INFO     | [Worker_9226] Processing: ATZ-MED
2026-01-18 00:17:17,193 | INFO     |   Tier 0: Range 1, Chunk 2/3 (8 days)
2026-01-18 00:17:50,919 | INFO     | [Worker_9226] Completed: ATZ-MED - 8 results, 0 errors
2026-01-18 00:17:50,920 | INFO     | [Worker_9226] Processing: CAI-RUH
2026-01-18 00:17:50,920 | INFO     |   Tier 0: Range 1, Chunk 2/3 (8 days)
2026-01-18 00:19:12,951 | INFO     | [Worker_9226] Completed: CAI-RUH - 8 results, 0 errors
2026-01-18 00:19:12,952 | INFO     | [Worker_9226] Processing: CAI-GIZ
2026-01-18 00:19:12,952 | INFO     |   Tier 0: Range 1, Chunk 2/3 (8 days)
2026-01-18 00:19:34,039 | INFO     | [Worker_9226] Completed: CAI-GIZ - 8 results, 0 errors
2026-01-18 00:19:34,040 | INFO     | [Worker_9226] Processing: MED-ATZ
2026-01-18 00:19:34,040 | INFO     |   Tier 0: Range 1, Chunk 3/3 (8 days)
2026-01-18 00:20:30,823 | INFO     | [Worker_9226] Completed: MED-ATZ - 7 results, 0 errors
2026-01-18 00:20:30,825 | INFO     | [Worker_9226] Processing: DMM-ATZ
2026-01-18 00:20:30,825 | INFO     |   Tier 0: Range 1, Chunk 3/3 (8 days)
2026-01-18 00:20:55,546 | INFO     | [Worker_9226] Completed: DMM-ATZ - 7 results, 0 errors
2026-01-18 00:20:55,547 | INFO     | [Worker_9226] Processing: AJF-CAI
2026-01-18 00:20:55,547 | INFO     |   Tier 0: Range 1, Chunk 3/3 (8 days)
2026-01-18 00:21:33,629 | INFO     | [Worker_9226] Completed: AJF-CAI - 7 results, 0 errors
2026-01-18 00:21:33,630 | INFO     | [Worker_9226] Processing: ELQ-ATZ
2026-01-18 00:21:33,630 | INFO     |   Tier 0: Range 1, Chunk 3/3 (8 days)
2026-01-18 00:22:07,836 | INFO     | [Worker_9226] Completed: ELQ-ATZ - 7 results, 0 errors
2026-01-18 00:22:07,838 | INFO     | [Worker_9226] Processing: HBE-JED
2026-01-18 00:22:07,838 | INFO     |   Tier 0: Range 1, Chunk 3/3 (8 days)
2026-01-18 00:23:33,609 | INFO     | [Worker_9226] Completed: HBE-JED - 7 results, 0 errors
2026-01-18 00:23:33,611 | INFO     | [Worker_9226] Processing: CAI-ELQ
2026-01-18 00:23:33,611 | INFO     |   Tier 0: Range 1, Chunk 3/3 (8 days)
2026-01-18 00:23:58,212 | INFO     | [Worker_9226] Completed: CAI-ELQ - 7 results, 0 errors
2026-01-18 00:53:46,187 | INFO     | [Worker_9226] Shutdown signal received, exiting...
2026-01-18 00:53:46,190 | INFO     | [Worker_9226] Finished. Processed 69 groups.
