2026-01-17 23:33:37,000 | INFO     | [Worker_9233] Completed: MED-ATZ - 9 results, 0 errors
2026-01-17 23:33:37,001 | INFO     | [Worker_9233] Processing: DMM-ATZ
2026-01-17 23:33:37,001 | INFO     |   Tier 0: Range 4, Chunk 1/3 (9 days)
2026-01-17 23:33:48,356 | INFO     | [Worker_9233] Completed: DMM-ATZ - 9 results, 0 errors
2026-01-17 23:33:48,357 | INFO     | [Worker_9233] Processing: AJF-ATZ
2026-01-17 23:33:48,357 | INFO     |   Tier 0: Range 4, Chunk 1/3 (9 days)
2026-01-17 23:33:59,480 | INFO     | [Worker_9233] Completed: AJF-ATZ - 9 results, 0 errors
2026-01-17 23:33:59,481 | INFO     | [Worker_9233] Processing: ELQ-ATZ
2026-01-17 23:33:59,481 | INFO     |   Tier 0: Range 4, Chunk 1/3 (9 days)
2026-01-17 23:34:11,206 | INFO     | [Worker_9233] Completed: ELQ-ATZ - 9 results, 0 errors
2026-01-17 23:34:11,207 | INFO     | [Worker_9233] Processing: HBE-MED
2026-01-17 23:34:11,207 | INFO     |   Tier 0: Range 4, Chunk 1/3 (9 days)
2026-01-17 23:34:33,434 | INFO     | [Worker_9233] Completed: HBE-MED - 9 results, 0 errors
2026-01-17 23:34:33,434 | INFO     | [Worker_9233] Processing: LXR-JED
2026-01-17 23:34:33,435 | INFO     |   Tier 0: Range 4, Chunk 1/3 (9 days)
2026-01-17 23:34:55,744 | INFO     | [Worker_9233] Completed: LXR-JED - 9 results, 0 errors
2026-01-17 23:34:55,745 | INFO     | [Worker_9233] Processing: CAI-TUU
2026-01-17 23:34:55,745 | INFO     |   Tier 0: Range 4, Chunk 1/3 (9 days)
2026-01-17 23:35:19,495 | INFO     | [Worker_9233] Completed: CAI-TUU - 9 results, 0 errors
2026-01-17 23:35:19,496 | INFO     | [Worker_9233] Processing: ATZ-ELQ
2026-01-17 23:35:19,496 | INFO     |   Tier 0: Range 4, Chunk 1/3 (9 days)
2026-01-17 23:35:30,346 | INFO     | [Worker_9233] Completed: ATZ-ELQ - 9 results, 0 errors
2026-01-17 23:35:30,346 | INFO     | [Worker_9233] Processing: MED-HBE
2026-01-17 23:35:30,346 | INFO     |   Tier 0: Range 4, Chunk 2/3 (9 days)
2026-01-17 23:35:48,000 | INFO     | [Worker_9233] Completed: MED-HBE - 9 results, 0 errors
2026-01-17 23:35:48,000 | INFO     | [Worker_9233] Processing: JED-ASW
2026-01-17 23:35:48,000 | INFO     |   Tier 0: Range 4, Chunk 2/3 (9 days)
2026-01-17 23:35:58,597 | INFO     | [Worker_9233] Completed: JED-ASW - 9 results, 0 errors
2026-01-17 23:35:58,598 | INFO     | [Worker_9233] Processing: DMM-ATZ
2026-01-17 23:35:58,598 | INFO     |   Tier 0: Range 4, Chunk 2/3 (9 days)
2026-01-17 23:36:11,468 | INFO     | [Worker_9233] Completed: DMM-ATZ - 9 results, 0 errors
2026-01-17 23:36:11,470 | INFO     | [Worker_9233] Processing: AJF-CAI
2026-01-17 23:36:11,470 | INFO     |   Tier 0: Range 4, Chunk 2/3 (9 days)
2026-01-17 23:36:40,835 | INFO     | [Worker_9233] Completed: AJF-CAI - 9 results, 0 errors
2026-01-17 23:36:40,836 | INFO     | [Worker_9233] Processing: CAI-MED
2026-01-17 23:36:40,836 | INFO     |   Tier 0: Range 4, Chunk 2/3 (9 days)
2026-01-17 23:37:06,135 | INFO     | [Worker_9233] Completed: CAI-MED - 9 results, 0 errors
2026-01-17 23:37:06,136 | INFO     | [Worker_9233] Processing: ATZ-RUH
2026-01-17 23:37:06,136 | INFO     |   Tier 0: Range 4, Chunk 2/3 (9 days)
2026-01-17 23:37:22,821 | INFO     | [Worker_9233] Completed: ATZ-RUH - 9 results, 0 errors
2026-01-17 23:37:22,823 | INFO     | [Worker_9233] Processing: ATZ-TUU
2026-01-17 23:37:22,823 | INFO     |   Tier 0: Range 4, Chunk 2/3 (9 days)
2026-01-17 23:37:35,062 | INFO     | [Worker_9233] Completed: ATZ-TUU - 9 results, 0 errors
2026-01-17 23:37:35,065 | INFO     | [Worker_9233] Processing: CAI-YNB
2026-01-17 23:37:35,065 | INFO     |   Tier 0: Range 4, Chunk 2/3 (9 days)
2026-01-17 23:39:14,601 | INFO     | [Worker_9233] Completed: CAI-YNB - 9 results, 0 errors
2026-01-17 23:39:14,602 | INFO     | [Worker_9233] Processing: RUH-ATZ
2026-01-17 23:39:14,602 | INFO     |   Tier 0: Range 4, Chunk 3/3 (8 days)
2026-01-17 23:40:00,233 | INFO     | [Worker_9233] Completed: RUH-ATZ - 8 results, 0 errors
2026-01-17 23:40:00,234 | INFO     | [Worker_9233] Processing: HBE-MED
2026-01-17 23:40:00,234 | INFO     |   Tier 0: Range 4, Chunk 3/3 (8 days)
2026-01-17 23:40:23,767 | INFO     | [Worker_9233] Completed: HBE-MED - 8 results, 0 errors
2026-01-17 23:40:23,768 | INFO     | [Worker_9233] Processing: LXR-JED
2026-01-17 23:40:23,768 | INFO     |   Tier 0: Range 4, Chunk 3/3 (8 days)
2026-01-17 23:40:33,949 | INFO     | [Worker_9233] Completed: LXR-JED - 8 results, 0 errors
2026-01-17 23:40:33,950 | INFO     | [Worker_9233] Processing: CAI-RUH
2026-01-17 23:40:33,950 | INFO     |   Tier 0: Range 4, Chunk 3/3 (8 days)
2026-01-17 23:41:53,753 | INFO     | [Worker_9233] Completed: CAI-RUH - 8 results, 0 errors
2026-01-17 23:41:53,754 | INFO     | [Worker_9233] Processing: CAI-YNB
2026-01-17 23:41:53,754 | INFO     |   Tier 0: Range 4, Chunk 3/3 (8 days)
2026-01-17 23:43:17,922 | INFO     | [Worker_9233] Completed: CAI-YNB - 8 results, 0 errors
2026-01-17 23:43:17,923 | INFO     | [Worker_9233] Processing: JED-ASW
2026-01-17 23:43:17,923 | INFO     |   Tier 0: Range 3, Chunk 1/3 (9 days)
2026-01-17 23:43:34,868 | INFO     | [Worker_9233] Completed: JED-ASW - 9 results, 0 errors
2026-01-17 23:43:34,869 | INFO     | [Worker_9233] Processing: DMM-CAI
2026-01-17 23:43:34,869 | INFO     |   Tier 0: Range 3, Chunk 1/3 (9 days)
2026-01-17 23:44:20,355 | INFO     | [Worker_9233] Completed: DMM-CAI - 9 results, 0 errors
2026-01-17 23:44:20,355 | INFO     | [Worker_9233] Processing: ELQ-ATZ
2026-01-17 23:44:20,356 | INFO     |   Tier 0: Range 3, Chunk 1/3 (9 days)
2026-01-17 23:44:40,740 | INFO     | [Worker_9233] Completed: ELQ-ATZ - 9 results, 0 errors
2026-01-17 23:44:40,741 | INFO     | [Worker_9233] Processing: CAI-JED
2026-01-17 23:44:40,741 | INFO     |   Tier 0: Range 3, Chunk 1/3 (9 days)
2026-01-17 23:48:42,961 | INFO     | [Worker_9233] Completed: CAI-JED - 9 results, 0 errors
2026-01-17 23:48:42,962 | INFO     | [Worker_9233] Processing: ATZ-MED
2026-01-17 23:48:42,962 | INFO     |   Tier 0: Range 3, Chunk 2/3 (8 days)
2026-01-17 23:49:16,173 | INFO     | [Worker_9233] Completed: ATZ-MED - 8 results, 0 errors
2026-01-17 23:49:16,175 | INFO     | [Worker_9233] Processing: LXR-JED
2026-01-17 23:49:16,175 | INFO     |   Tier 0: Range 3, Chunk 2/3 (8 days)
2026-01-17 23:49:46,167 | INFO     | [Worker_9233] Completed: LXR-JED - 8 results, 0 errors
2026-01-17 23:49:46,168 | INFO     | [Worker_9233] Processing: CAI-TUU
2026-01-17 23:49:46,168 | INFO     |   Tier 0: Range 3, Chunk 2/3 (8 days)
2026-01-17 23:50:06,479 | INFO     | [Worker_9233] Completed: CAI-TUU - 8 results, 0 errors
2026-01-17 23:50:06,480 | INFO     | [Worker_9233] Processing: CAI-YNB
2026-01-17 23:50:06,480 | INFO     |   Tier 0: Range 3, Chunk 2/3 (8 days)
2026-01-17 23:51:04,713 | INFO     | [Worker_9233] Completed: CAI-YNB - 8 results, 0 errors
2026-01-17 23:51:04,715 | INFO     | [Worker_9233] Processing: RUH-CAI
2026-01-17 23:51:04,715 | INFO     |   Tier 0: Range 3, Chunk 3/3 (8 days)
2026-01-17 23:52:22,667 | INFO     | [Worker_9233] Completed: RUH-CAI - 8 results, 0 errors
2026-01-17 23:52:22,669 | INFO     | [Worker_9233] Processing: AHB-CAI
2026-01-17 23:52:22,669 | INFO     |   Tier 0: Range 3, Chunk 3/3 (8 days)
2026-01-17 23:52:57,527 | INFO     | [Worker_9233] Completed: AHB-CAI - 8 results, 0 errors
2026-01-17 23:52:57,529 | INFO     | [Worker_9233] Processing: CAI-JED
2026-01-17 23:52:57,529 | INFO     |   Tier 0: Range 3, Chunk 3/3 (8 days)
2026-01-17 23:56:01,764 | INFO     | [Worker_9233] Completed: CAI-JED - 8 results, 0 errors
2026-01-17 23:56:01,765 | INFO     | [Worker_9233] Processing: AJF-ATZ
2026-01-17 23:56:01,765 | INFO     |   Tier 0: Range 2, Chunk 1/3 (9 days)
2026-01-17 23:56:23,732 | INFO     | [Worker_9233] Completed: AJF-ATZ - 9 results, 0 errors
2026-01-17 23:56:23,733 | INFO     | [Worker_9233] Processing: ELQ-ATZ
2026-01-17 23:56:23,733 | INFO     |   Tier 0: Range 2, Chunk 1/3 (9 days)
2026-01-17 23:56:51,895 | INFO     | [Worker_9233] Completed: ELQ-ATZ - 9 results, 0 errors
2026-01-17 23:56:51,896 | INFO     | [Worker_9233] Processing: CAI-JED
2026-01-17 23:56:51,896 | INFO     |   Tier 0: Range 2, Chunk 1/3 (9 days)
2026-01-18 00:00:26,154 | INFO     | [Worker_9233] Completed: CAI-JED - 9 results, 0 errors
2026-01-18 00:00:26,158 | INFO     | [Worker_9233] Processing: ELQ-CAI
2026-01-18 00:00:26,158 | INFO     |   Tier 0: Range 2, Chunk 2/3 (8 days)
2026-01-18 00:01:00,341 | INFO     | [Worker_9233] Completed: ELQ-CAI - 8 results, 0 errors
2026-01-18 00:01:00,344 | INFO     | [Worker_9233] Processing: CAI-JED
2026-01-18 00:01:00,344 | INFO     |   Tier 0: Range 2, Chunk 2/3 (8 days)
2026-01-18 00:06:38,592 | INFO     | [Worker_9233] Completed: CAI-JED - 8 results, 0 errors
2026-01-18 00:06:38,595 | INFO     | [Worker_9233] Processing: LXR-JED
2026-01-18 00:06:38,595 | INFO     |   Tier 0: Range 2, Chunk 3/3 (8 days)
2026-01-18 00:07:19,108 | INFO     | [Worker_9233] Completed: LXR-JED - 8 results, 0 errors
2026-01-18 00:07:19,110 | INFO     | [Worker_9233] Processing: CAI-TUU
2026-01-18 00:07:19,110 | INFO     |   Tier 0: Range 2, Chunk 3/3 (8 days)
2026-01-18 00:07:47,516 | INFO     | [Worker_9233] Completed: CAI-TUU - 8 results, 0 errors
2026-01-18 00:07:47,519 | INFO     | [Worker_9233] Processing: ATZ-AJF
2026-01-18 00:07:47,519 | INFO     |   Tier 0: Range 2, Chunk 3/3 (8 days)
2026-01-18 00:08:07,486 | INFO     | [Worker_9233] Completed: ATZ-AJF - 8 results, 0 errors
2026-01-18 00:08:07,488 | INFO     | [Worker_9233] Processing: CAI-ELQ
2026-01-18 00:08:07,488 | INFO     |   Tier 0: Range 2, Chunk 3/3 (8 days)
2026-01-18 00:08:40,008 | INFO     | [Worker_9233] Completed: CAI-ELQ - 8 results, 0 errors
2026-01-18 00:08:40,009 | INFO     | [Worker_9233] Processing: MED-HBE
2026-01-18 00:08:40,009 | INFO     |   Tier 0: Range 1, Chunk 1/3 (9 days)
2026-01-18 00:09:34,258 | INFO     | [Worker_9233] Completed: MED-HBE - 9 results, 0 errors
2026-01-18 00:09:34,262 | INFO     | [Worker_9233] Processing: RUH-CAI
2026-01-18 00:09:34,262 | INFO     |   Tier 0: Range 1, Chunk 1/3 (9 days)
2026-01-18 00:11:22,204 | INFO     | [Worker_9233] Completed: RUH-CAI - 9 results, 0 errors
2026-01-18 00:11:22,208 | INFO     | [Worker_9233] Processing: ELQ-CAI
2026-01-18 00:11:22,208 | INFO     |   Tier 0: Range 1, Chunk 1/3 (9 days)
2026-01-18 00:11:52,663 | INFO     | [Worker_9233] Completed: ELQ-CAI - 9 results, 0 errors
2026-01-18 00:11:52,664 | INFO     | [Worker_9233] Processing: HBE-MED
2026-01-18 00:11:52,664 | INFO     |   Tier 0: Range 1, Chunk 1/3 (9 days)
2026-01-18 00:12:26,420 | INFO     | [Worker_9233] Completed: HBE-MED - 9 results, 0 errors
2026-01-18 00:12:26,421 | INFO     | [Worker_9233] Processing: LXR-JED
2026-01-18 00:12:26,421 | INFO     |   Tier 0: Range 1, Chunk 1/3 (9 days)
2026-01-18 00:13:25,633 | INFO     | [Worker_9233] Completed: LXR-JED - 9 results, 0 errors
2026-01-18 00:13:25,634 | INFO     | [Worker_9233] Processing: CAI-AJF
2026-01-18 00:13:25,634 | INFO     |   Tier 0: Range 1, Chunk 1/3 (9 days)
2026-01-18 00:13:56,776 | INFO     | [Worker_9233] Completed: CAI-AJF - 9 results, 0 errors
2026-01-18 00:13:56,778 | INFO     | [Worker_9233] Processing: CAI-GIZ
2026-01-18 00:13:56,779 | INFO     |   Tier 0: Range 1, Chunk 1/3 (9 days)
2026-01-18 00:14:19,886 | INFO     | [Worker_9233] Completed: CAI-GIZ - 9 results, 0 errors
2026-01-18 00:14:19,888 | INFO     | [Worker_9233] Processing: JED-CAI
2026-01-18 00:14:19,888 | INFO     |   Tier 0: Range 1, Chunk 2/3 (8 days)
2026-01-18 00:19:42,483 | INFO     | [Worker_9233] Completed: JED-CAI - 8 results, 0 errors
2026-01-18 00:19:42,485 | INFO     | [Worker_9233] Processing: JED-LXR
2026-01-18 00:19:42,485 | INFO     |   Tier 0: Range 1, Chunk 3/3 (8 days)
2026-01-18 00:20:41,145 | INFO     | [Worker_9233] Completed: JED-LXR - 7 results, 0 errors
2026-01-18 00:20:41,147 | INFO     | [Worker_9233] Processing: TUU-CAI
2026-01-18 00:20:41,147 | INFO     |   Tier 0: Range 1, Chunk 3/3 (8 days)
2026-01-18 00:21:18,171 | INFO     | [Worker_9233] Completed: TUU-CAI - 7 results, 0 errors
2026-01-18 00:21:18,172 | INFO     | [Worker_9233] Processing: AHB-CAI
2026-01-18 00:21:18,172 | INFO     |   Tier 0: Range 1, Chunk 3/3 (8 days)
2026-01-18 00:21:38,317 | INFO     | [Worker_9233] Completed: AHB-CAI - 7 results, 0 errors
2026-01-18 00:21:38,318 | INFO     | [Worker_9233] Processing: HBE-MED
2026-01-18 00:21:38,318 | INFO     |   Tier 0: Range 1, Chunk 3/3 (8 days)
2026-01-18 00:22:11,475 | INFO     | [Worker_9233] Completed: HBE-MED - 7 results, 0 errors
2026-01-18 00:22:11,476 | INFO     | [Worker_9233] Processing: LXR-JED
2026-01-18 00:22:11,476 | INFO     |   Tier 0: Range 1, Chunk 3/3 (8 days)
2026-01-18 00:22:37,193 | INFO     | [Worker_9233] Completed: LXR-JED - 7 results, 0 errors
2026-01-18 00:22:37,194 | INFO     | [Worker_9233] Processing: ATZ-DMM
2026-01-18 00:22:37,194 | INFO     |   Tier 0: Range 1, Chunk 3/3 (8 days)
2026-01-18 00:23:04,800 | INFO     | [Worker_9233] Completed: ATZ-DMM - 7 results, 0 errors
2026-01-18 00:23:04,801 | INFO     | [Worker_9233] Processing: CAI-AJF
2026-01-18 00:23:04,801 | INFO     |   Tier 0: Range 1, Chunk 3/3 (8 days)
2026-01-18 00:23:39,342 | INFO     | [Worker_9233] Completed: CAI-AJF - 7 results, 0 errors
2026-01-18 00:23:39,344 | INFO     | [Worker_9233] Processing: CAI-GIZ
2026-01-18 00:23:39,344 | INFO     |   Tier 0: Range 1, Chunk 3/3 (8 days)
2026-01-18 00:24:02,657 | INFO     | [Worker_9233] Completed: CAI-GIZ - 7 results, 0 errors
2026-01-18 00:53:45,531 | INFO     | [Worker_9233] Shutdown signal received, exiting...
2026-01-18 00:53:45,533 | INFO     | [Worker_9233] Finished. Processed 57 groups.
