2026-01-17 23:33:58,381 | INFO     | [Worker_9234] Completed: RUH-CAI - 9 results, 0 errors
2026-01-17 23:33:58,383 | INFO     | [Worker_9234] Processing: ELQ-CAI
2026-01-17 23:33:58,383 | INFO     |   Tier 0: Range 4, Chunk 1/3 (9 days)
2026-01-17 23:34:19,680 | INFO     | [Worker_9234] Completed: ELQ-CAI - 9 results, 0 errors
2026-01-17 23:34:19,681 | INFO     | [Worker_9234] Processing: HBE-JED
2026-01-17 23:34:19,682 | INFO     |   Tier 0: Range 4, Chunk 1/3 (9 days)
2026-01-17 23:35:03,179 | INFO     | [Worker_9234] Completed: HBE-JED - 9 results, 0 errors
2026-01-17 23:35:03,180 | INFO     | [Worker_9234] Processing: ATZ-AJF
2026-01-17 23:35:03,180 | INFO     |   Tier 0: Range 4, Chunk 1/3 (9 days)
2026-01-17 23:35:15,173 | INFO     | [Worker_9234] Completed: ATZ-AJF - 9 results, 0 errors
2026-01-17 23:35:15,174 | INFO     | [Worker_9234] Processing: CAI-ELQ
2026-01-17 23:35:15,174 | INFO     |   Tier 0: Range 4, Chunk 1/3 (9 days)
2026-01-17 23:35:46,652 | INFO     | [Worker_9234] Completed: CAI-ELQ - 9 results, 0 errors
2026-01-17 23:35:46,653 | INFO     | [Worker_9234] Processing: JED-ATZ
2026-01-17 23:35:46,653 | INFO     |   Tier 0: Range 4, Chunk 2/3 (9 days)
2026-01-17 23:36:38,153 | INFO     | [Worker_9234] Completed: JED-ATZ - 9 results, 0 errors
2026-01-17 23:36:38,155 | INFO     | [Worker_9234] Processing: GIZ-CAI
2026-01-17 23:36:38,155 | INFO     |   Tier 0: Range 4, Chunk 2/3 (9 days)
2026-01-17 23:37:04,597 | INFO     | [Worker_9234] Completed: GIZ-CAI - 9 results, 0 errors
2026-01-17 23:37:04,599 | INFO     | [Worker_9234] Processing: ASW-JED
2026-01-17 23:37:04,599 | INFO     |   Tier 0: Range 4, Chunk 2/3 (9 days)
2026-01-17 23:37:16,408 | INFO     | [Worker_9234] Completed: ASW-JED - 9 results, 0 errors
2026-01-17 23:37:16,409 | INFO     | [Worker_9234] Processing: ATZ-DMM
2026-01-17 23:37:16,409 | INFO     |   Tier 0: Range 4, Chunk 2/3 (9 days)
2026-01-17 23:37:28,187 | INFO     | [Worker_9234] Completed: ATZ-DMM - 9 results, 0 errors
2026-01-17 23:37:28,188 | INFO     | [Worker_9234] Processing: CAI-AJF
2026-01-17 23:37:28,188 | INFO     |   Tier 0: Range 4, Chunk 2/3 (9 days)
2026-01-17 23:37:58,906 | INFO     | [Worker_9234] Completed: CAI-AJF - 9 results, 0 errors
2026-01-17 23:37:58,907 | INFO     | [Worker_9234] Processing: MED-HBE
2026-01-17 23:37:58,907 | INFO     |   Tier 0: Range 4, Chunk 3/3 (8 days)
2026-01-17 23:39:11,111 | INFO     | [Worker_9234] Completed: MED-HBE - 8 results, 0 errors
2026-01-17 23:39:11,112 | INFO     | [Worker_9234] Processing: JED-ASW
2026-01-17 23:39:11,112 | INFO     |   Tier 0: Range 4, Chunk 3/3 (8 days)
2026-01-17 23:39:21,846 | INFO     | [Worker_9234] Completed: JED-ASW - 8 results, 0 errors
2026-01-17 23:39:21,847 | INFO     | [Worker_9234] Processing: DMM-ATZ
2026-01-17 23:39:21,847 | INFO     |   Tier 0: Range 4, Chunk 3/3 (8 days)
2026-01-17 23:39:32,145 | INFO     | [Worker_9234] Completed: DMM-ATZ - 8 results, 0 errors
2026-01-17 23:39:32,146 | INFO     | [Worker_9234] Processing: TUU-ATZ
2026-01-17 23:39:32,146 | INFO     |   Tier 0: Range 4, Chunk 3/3 (8 days)
2026-01-17 23:39:42,483 | INFO     | [Worker_9234] Completed: TUU-ATZ - 8 results, 0 errors
2026-01-17 23:39:42,485 | INFO     | [Worker_9234] Processing: YNB-CAI
2026-01-17 23:39:42,485 | INFO     |   Tier 0: Range 4, Chunk 3/3 (8 days)
2026-01-17 23:40:49,415 | INFO     | [Worker_9234] Completed: YNB-CAI - 8 results, 0 errors
2026-01-17 23:40:49,416 | INFO     | [Worker_9234] Processing: CAI-TUU
2026-01-17 23:40:49,416 | INFO     |   Tier 0: Range 4, Chunk 3/3 (8 days)
2026-01-17 23:42:50,317 | INFO     | [Worker_9234] Completed: CAI-TUU - 8 results, 0 errors
2026-01-17 23:42:50,318 | INFO     | [Worker_9234] Processing: CAI-GIZ
2026-01-17 23:42:50,318 | INFO     |   Tier 0: Range 4, Chunk 3/3 (8 days)
2026-01-17 23:43:16,891 | INFO     | [Worker_9234] Completed: CAI-GIZ - 8 results, 0 errors
2026-01-17 23:43:16,892 | INFO     | [Worker_9234] Processing: JED-LXR
2026-01-17 23:43:16,892 | INFO     |   Tier 0: Range 3, Chunk 1/3 (9 days)
2026-01-17 23:43:52,757 | INFO     | [Worker_9234] Completed: JED-LXR - 9 results, 0 errors
2026-01-17 23:43:52,759 | INFO     | [Worker_9234] Processing: AJF-CAI
2026-01-17 23:43:52,759 | INFO     |   Tier 0: Range 3, Chunk 1/3 (9 days)
2026-01-17 23:44:16,448 | INFO     | [Worker_9234] Completed: AJF-CAI - 9 results, 0 errors
2026-01-17 23:44:16,449 | INFO     | [Worker_9234] Processing: ELQ-CAI
2026-01-17 23:44:16,449 | INFO     |   Tier 0: Range 3, Chunk 1/3 (9 days)
2026-01-17 23:44:45,195 | INFO     | [Worker_9234] Completed: ELQ-CAI - 9 results, 0 errors
2026-01-17 23:44:45,196 | INFO     | [Worker_9234] Processing: ATZ-JED
2026-01-17 23:44:45,196 | INFO     |   Tier 0: Range 3, Chunk 1/3 (9 days)
2026-01-17 23:46:25,879 | INFO     | [Worker_9234] Completed: ATZ-JED - 9 results, 0 errors
2026-01-17 23:46:25,880 | INFO     | [Worker_9234] Processing: CAI-GIZ
2026-01-17 23:46:25,880 | INFO     |   Tier 0: Range 3, Chunk 1/3 (9 days)
2026-01-17 23:47:08,055 | INFO     | [Worker_9234] Completed: CAI-GIZ - 9 results, 0 errors
2026-01-17 23:47:08,058 | INFO     | [Worker_9234] Processing: JED-ATZ
2026-01-17 23:47:08,059 | INFO     |   Tier 0: Range 3, Chunk 2/3 (8 days)
2026-01-17 23:49:31,060 | INFO     | [Worker_9234] Completed: JED-ATZ - 8 results, 0 errors
2026-01-17 23:49:31,061 | INFO     | [Worker_9234] Processing: CAI-DMM
2026-01-17 23:49:31,061 | INFO     |   Tier 0: Range 3, Chunk 2/3 (8 days)
2026-01-17 23:50:00,064 | INFO     | [Worker_9234] Completed: CAI-DMM - 8 results, 0 errors
2026-01-17 23:50:00,065 | INFO     | [Worker_9234] Processing: ATZ-AJF
2026-01-17 23:50:00,065 | INFO     |   Tier 0: Range 3, Chunk 2/3 (8 days)
2026-01-17 23:50:17,299 | INFO     | [Worker_9234] Completed: ATZ-AJF - 8 results, 0 errors
2026-01-17 23:50:17,300 | INFO     | [Worker_9234] Processing: CAI-ELQ
2026-01-17 23:50:17,300 | INFO     |   Tier 0: Range 3, Chunk 2/3 (8 days)
2026-01-17 23:50:39,146 | INFO     | [Worker_9234] Completed: CAI-ELQ - 8 results, 0 errors
2026-01-17 23:50:39,147 | INFO     | [Worker_9234] Processing: JED-HBE
2026-01-17 23:50:39,147 | INFO     |   Tier 0: Range 3, Chunk 3/3 (8 days)
2026-01-17 23:52:25,551 | INFO     | [Worker_9234] Completed: JED-HBE - 8 results, 0 errors
2026-01-17 23:52:25,553 | INFO     | [Worker_9234] Processing: ELQ-CAI
2026-01-17 23:52:25,553 | INFO     |   Tier 0: Range 3, Chunk 3/3 (8 days)
2026-01-17 23:53:03,857 | INFO     | [Worker_9234] Completed: ELQ-CAI - 8 results, 0 errors
2026-01-17 23:53:03,860 | INFO     | [Worker_9234] Processing: ATZ-JED
2026-01-17 23:53:03,860 | INFO     |   Tier 0: Range 3, Chunk 3/3 (8 days)
2026-01-17 23:54:45,045 | INFO     | [Worker_9234] Completed: ATZ-JED - 8 results, 0 errors
2026-01-17 23:54:45,047 | INFO     | [Worker_9234] Processing: MED-ATZ
2026-01-17 23:54:45,047 | INFO     |   Tier 0: Range 2, Chunk 1/3 (9 days)
2026-01-17 23:55:21,872 | INFO     | [Worker_9234] Completed: MED-ATZ - 9 results, 0 errors
2026-01-17 23:55:21,873 | INFO     | [Worker_9234] Processing: DMM-CAI
2026-01-17 23:55:21,873 | INFO     |   Tier 0: Range 2, Chunk 1/3 (9 days)
2026-01-17 23:56:03,941 | INFO     | [Worker_9234] Completed: DMM-CAI - 9 results, 0 errors
2026-01-17 23:56:03,942 | INFO     | [Worker_9234] Processing: YNB-CAI
2026-01-17 23:56:03,942 | INFO     |   Tier 0: Range 2, Chunk 1/3 (9 days)
2026-01-17 23:57:03,948 | INFO     | [Worker_9234] Completed: YNB-CAI - 9 results, 0 errors
2026-01-17 23:57:03,949 | INFO     | [Worker_9234] Processing: ASW-JED
2026-01-17 23:57:03,949 | INFO     |   Tier 0: Range 2, Chunk 1/3 (9 days)
2026-01-17 23:57:15,363 | INFO     | [Worker_9234] Completed: ASW-JED - 9 results, 0 errors
2026-01-17 23:57:15,365 | INFO     | [Worker_9234] Processing: ATZ-RUH
2026-01-17 23:57:15,365 | INFO     |   Tier 0: Range 2, Chunk 1/3 (9 days)
2026-01-17 23:57:51,678 | INFO     | [Worker_9234] Completed: ATZ-RUH - 9 results, 0 errors
2026-01-17 23:57:51,679 | INFO     | [Worker_9234] Processing: ATZ-TUU
2026-01-17 23:57:51,679 | INFO     |   Tier 0: Range 2, Chunk 1/3 (9 days)
2026-01-17 23:58:16,315 | INFO     | [Worker_9234] Completed: ATZ-TUU - 9 results, 0 errors
2026-01-17 23:58:16,316 | INFO     | [Worker_9234] Processing: ATZ-AHB
2026-01-17 23:58:16,317 | INFO     |   Tier 0: Range 2, Chunk 1/3 (9 days)
2026-01-17 23:58:37,957 | INFO     | [Worker_9234] Completed: ATZ-AHB - 9 results, 0 errors
2026-01-17 23:58:37,960 | INFO     | [Worker_9234] Processing: MED-CAI
2026-01-17 23:58:37,960 | INFO     |   Tier 0: Range 2, Chunk 2/3 (8 days)
2026-01-17 23:59:36,716 | INFO     | [Worker_9234] Completed: MED-CAI - 8 results, 0 errors
2026-01-17 23:59:36,718 | INFO     | [Worker_9234] Processing: DMM-ATZ
2026-01-17 23:59:36,718 | INFO     |   Tier 0: Range 2, Chunk 2/3 (8 days)
2026-01-18 00:00:00,255 | INFO     | [Worker_9234] Completed: DMM-ATZ - 8 results, 0 errors
2026-01-18 00:00:00,258 | INFO     | [Worker_9234] Processing: TUU-ATZ
2026-01-18 00:00:00,258 | INFO     |   Tier 0: Range 2, Chunk 2/3 (8 days)
2026-01-18 00:00:18,550 | INFO     | [Worker_9234] Completed: TUU-ATZ - 8 results, 0 errors
2026-01-18 00:00:18,551 | INFO     | [Worker_9234] Processing: AJF-ATZ
2026-01-18 00:00:18,551 | INFO     |   Tier 0: Range 2, Chunk 2/3 (8 days)
2026-01-18 00:00:36,279 | INFO     | [Worker_9234] Completed: AJF-ATZ - 8 results, 0 errors
2026-01-18 00:00:36,282 | INFO     | [Worker_9234] Processing: GIZ-CAI
2026-01-18 00:00:36,282 | INFO     |   Tier 0: Range 2, Chunk 2/3 (8 days)
2026-01-18 00:01:00,749 | INFO     | [Worker_9234] Completed: GIZ-CAI - 8 results, 0 errors
2026-01-18 00:01:00,752 | INFO     | [Worker_9234] Processing: ATZ-JED
2026-01-18 00:01:00,753 | INFO     |   Tier 0: Range 2, Chunk 2/3 (8 days)
2026-01-18 00:03:39,906 | INFO     | [Worker_9234] Completed: ATZ-JED - 8 results, 0 errors
2026-01-18 00:03:39,907 | INFO     | [Worker_9234] Processing: JED-ATZ
2026-01-18 00:03:39,907 | INFO     |   Tier 0: Range 2, Chunk 3/3 (8 days)
2026-01-18 00:06:48,470 | INFO     | [Worker_9234] Completed: JED-ATZ - 8 results, 0 errors
2026-01-18 00:06:48,473 | INFO     | [Worker_9234] Processing: CAI-RUH
2026-01-18 00:06:48,474 | INFO     |   Tier 0: Range 2, Chunk 3/3 (8 days)
2026-01-18 00:08:04,658 | INFO     | [Worker_9234] Completed: CAI-RUH - 8 results, 0 errors
2026-01-18 00:08:04,660 | INFO     | [Worker_9234] Processing: ATZ-AHB
2026-01-18 00:08:04,660 | INFO     |   Tier 0: Range 2, Chunk 3/3 (8 days)
2026-01-18 00:08:25,684 | INFO     | [Worker_9234] Completed: ATZ-AHB - 8 results, 0 errors
2026-01-18 00:08:25,686 | INFO     | [Worker_9234] Processing: CAI-GIZ
2026-01-18 00:08:25,686 | INFO     |   Tier 0: Range 2, Chunk 3/3 (8 days)
2026-01-18 00:08:51,346 | INFO     | [Worker_9234] Completed: CAI-GIZ - 8 results, 0 errors
2026-01-18 00:08:51,349 | INFO     | [Worker_9234] Processing: JED-HBE
2026-01-18 00:08:51,349 | INFO     |   Tier 0: Range 1, Chunk 1/3 (9 days)
2026-01-18 00:12:04,446 | INFO     | [Worker_9234] Completed: JED-HBE - 9 results, 0 errors
2026-01-18 00:12:04,448 | INFO     | [Worker_9234] Processing: HBE-JED
2026-01-18 00:12:04,448 | INFO     |   Tier 0: Range 1, Chunk 1/3 (9 days)
2026-01-18 00:13:48,081 | INFO     | [Worker_9234] Completed: HBE-JED - 9 results, 0 errors
2026-01-18 00:13:48,085 | INFO     | [Worker_9234] Processing: CAI-ELQ
2026-01-18 00:13:48,085 | INFO     |   Tier 0: Range 1, Chunk 1/3 (9 days)
2026-01-18 00:14:14,680 | INFO     | [Worker_9234] Completed: CAI-ELQ - 9 results, 0 errors
2026-01-18 00:14:14,682 | INFO     | [Worker_9234] Processing: MED-ATZ
2026-01-18 00:14:14,683 | INFO     |   Tier 0: Range 1, Chunk 2/3 (8 days)
2026-01-18 00:14:58,407 | INFO     | [Worker_9234] Completed: MED-ATZ - 8 results, 0 errors
2026-01-18 00:14:58,408 | INFO     | [Worker_9234] Processing: JED-LXR
2026-01-18 00:14:58,409 | INFO     |   Tier 0: Range 1, Chunk 2/3 (8 days)
2026-01-18 00:17:37,989 | INFO     | [Worker_9234] Completed: JED-LXR - 8 results, 0 errors
2026-01-18 00:17:37,990 | INFO     | [Worker_9234] Processing: ATZ-JED
2026-01-18 00:17:37,990 | INFO     |   Tier 0: Range 1, Chunk 2/3 (8 days)
2026-01-18 00:20:05,019 | INFO     | [Worker_9234] Completed: ATZ-JED - 8 results, 0 errors
2026-01-18 00:20:05,021 | INFO     | [Worker_9234] Processing: JED-ASW
2026-01-18 00:20:05,021 | INFO     |   Tier 0: Range 1, Chunk 3/3 (8 days)
2026-01-18 00:20:15,513 | INFO     | [Worker_9234] Completed: JED-ASW - 7 results, 0 errors
2026-01-18 00:20:15,514 | INFO     | [Worker_9234] Processing: RUH-ATZ
2026-01-18 00:20:15,514 | INFO     |   Tier 0: Range 1, Chunk 3/3 (8 days)
2026-01-18 00:20:42,170 | INFO     | [Worker_9234] Completed: RUH-ATZ - 7 results, 0 errors
2026-01-18 00:20:42,171 | INFO     | [Worker_9234] Processing: TUU-ATZ
2026-01-18 00:20:42,171 | INFO     |   Tier 0: Range 1, Chunk 3/3 (8 days)
2026-01-18 00:21:00,570 | INFO     | [Worker_9234] Completed: TUU-ATZ - 7 results, 0 errors
2026-01-18 00:21:00,571 | INFO     | [Worker_9234] Processing: AJF-ATZ
2026-01-18 00:21:00,571 | INFO     |   Tier 0: Range 1, Chunk 3/3 (8 days)
2026-01-18 00:21:18,789 | INFO     | [Worker_9234] Completed: AJF-ATZ - 7 results, 0 errors
2026-01-18 00:21:18,790 | INFO     | [Worker_9234] Processing: AHB-ATZ
2026-01-18 00:21:18,791 | INFO     |   Tier 0: Range 1, Chunk 3/3 (8 days)
2026-01-18 00:21:34,847 | INFO     | [Worker_9234] Completed: AHB-ATZ - 7 results, 0 errors
2026-01-18 00:21:34,848 | INFO     | [Worker_9234] Processing: GIZ-CAI
2026-01-18 00:21:34,848 | INFO     |   Tier 0: Range 1, Chunk 3/3 (8 days)
2026-01-18 00:21:53,842 | INFO     | [Worker_9234] Completed: GIZ-CAI - 7 results, 0 errors
2026-01-18 00:21:53,844 | INFO     | [Worker_9234] Processing: CAI-JED
2026-01-18 00:21:53,844 | INFO     |   Tier 0: Range 1, Chunk 3/3 (8 days)
2026-01-18 00:26:18,338 | INFO     | [Worker_9234] Completed: CAI-JED - 7 results, 0 errors
2026-01-18 00:53:46,080 | INFO     | [Worker_9234] Shutdown signal received, exiting...
2026-01-18 00:53:46,083 | INFO     | [Worker_9234] Finished. Processed 59 groups.
