2026-01-25 07:10:51,062 | INFO     | [Worker_9222] Completed: MED-ATZ - 8 results, 0 errors
2026-01-25 07:10:51,064 | INFO     | [Worker_9222] Processing: AJF-CAI
2026-01-25 07:10:51,064 | INFO     |   Tier 0: Range 4, Chunk 1/4 (8 days)
2026-01-25 07:11:13,764 | INFO     | [Worker_9222] Completed: AJF-CAI - 8 results, 0 errors
2026-01-25 07:11:13,765 | INFO     | [Worker_9222] Processing: ATZ-MED
2026-01-25 07:11:13,765 | INFO     |   Tier 0: Range 4, Chunk 1/4 (8 days)
2026-01-25 07:11:27,249 | INFO     | [Worker_9222] Completed: ATZ-MED - 8 results, 0 errors
2026-01-25 07:11:27,249 | INFO     | [Worker_9222] Processing: ATZ-JED
2026-01-25 07:11:27,250 | INFO     |   Tier 0: Range 4, Chunk 1/4 (8 days)
2026-01-25 07:12:07,776 | INFO     | [Worker_9222] Completed: ATZ-JED - 8 results, 0 errors
2026-01-25 07:12:07,777 | INFO     | [Worker_9222] Processing: ATZ-AHB
2026-01-25 07:12:07,778 | INFO     |   Tier 0: Range 4, Chunk 1/4 (8 days)
2026-01-25 07:12:25,546 | INFO     | [Worker_9222] Completed: ATZ-AHB - 8 results, 0 errors
2026-01-25 07:12:25,548 | INFO     | [Worker_9222] Processing: MED-ATZ
2026-01-25 07:12:25,548 | INFO     |   Tier 0: Range 4, Chunk 2/4 (8 days)
2026-01-25 07:12:39,518 | INFO     | [Worker_9222] Completed: MED-ATZ - 8 results, 0 errors
2026-01-25 07:12:39,519 | INFO     | [Worker_9222] Processing: JED-LXR
2026-01-25 07:12:39,519 | INFO     |   Tier 0: Range 4, Chunk 2/4 (8 days)
2026-01-25 07:12:49,180 | INFO     | [Worker_9222] Completed: JED-LXR - 8 results, 0 errors
2026-01-25 07:12:49,181 | INFO     | [Worker_9222] Processing: RUH-ATZ
2026-01-25 07:12:49,181 | INFO     |   Tier 0: Range 4, Chunk 2/4 (8 days)
2026-01-25 07:13:03,858 | INFO     | [Worker_9222] Completed: RUH-ATZ - 8 results, 0 errors
2026-01-25 07:13:03,860 | INFO     | [Worker_9222] Processing: YNB-CAI
2026-01-25 07:13:03,860 | INFO     |   Tier 0: Range 4, Chunk 2/4 (8 days)
2026-01-25 07:13:45,996 | INFO     | [Worker_9222] Completed: YNB-CAI - 8 results, 0 errors
2026-01-25 07:13:45,997 | INFO     | [Worker_9222] Processing: ATZ-RUH
2026-01-25 07:13:45,997 | INFO     |   Tier 0: Range 4, Chunk 2/4 (8 days)
2026-01-25 07:14:02,441 | INFO     | [Worker_9222] Completed: ATZ-RUH - 8 results, 0 errors
2026-01-25 07:14:02,442 | INFO     | [Worker_9222] Processing: ATZ-TUU
2026-01-25 07:14:02,443 | INFO     |   Tier 0: Range 4, Chunk 2/4 (8 days)
2026-01-25 07:14:11,993 | INFO     | [Worker_9222] Completed: ATZ-TUU - 8 results, 0 errors
2026-01-25 07:14:11,993 | INFO     | [Worker_9222] Processing: CAI-YNB
2026-01-25 07:14:11,993 | INFO     |   Tier 0: Range 4, Chunk 2/4 (8 days)
2026-01-25 07:14:52,218 | INFO     | [Worker_9222] Completed: CAI-YNB - 8 results, 0 errors
2026-01-25 07:14:52,221 | INFO     | [Worker_9222] Processing: RUH-CAI
2026-01-25 07:14:52,221 | INFO     |   Tier 0: Range 4, Chunk 3/4 (8 days)
2026-01-25 07:15:30,202 | INFO     | [Worker_9222] Completed: RUH-CAI - 8 results, 0 errors
2026-01-25 07:15:30,203 | INFO     | [Worker_9222] Processing: GIZ-CAI
2026-01-25 07:15:30,203 | INFO     |   Tier 0: Range 4, Chunk 3/4 (8 days)
2026-01-25 07:15:59,443 | INFO     | [Worker_9222] Completed: GIZ-CAI - 8 results, 0 errors
2026-01-25 07:15:59,444 | INFO     | [Worker_9222] Processing: CAI-RUH
2026-01-25 07:15:59,444 | INFO     |   Tier 0: Range 4, Chunk 3/4 (8 days)
2026-01-25 07:16:36,759 | INFO     | [Worker_9222] Completed: CAI-RUH - 8 results, 0 errors
2026-01-25 07:16:36,759 | INFO     | [Worker_9222] Processing: ATZ-AHB
2026-01-25 07:16:36,759 | INFO     |   Tier 0: Range 4, Chunk 3/4 (8 days)
2026-01-25 07:16:47,108 | INFO     | [Worker_9222] Completed: ATZ-AHB - 8 results, 0 errors
2026-01-25 07:16:47,109 | INFO     | [Worker_9222] Processing: MED-HBE
2026-01-25 07:16:47,109 | INFO     |   Tier 0: Range 4, Chunk 4/4 (8 days)
2026-01-25 07:17:28,480 | INFO     | [Worker_9222] Completed: MED-HBE - 8 results, 0 errors
2026-01-25 07:17:28,481 | INFO     | [Worker_9222] Processing: DMM-ATZ
2026-01-25 07:17:28,481 | INFO     |   Tier 0: Range 4, Chunk 4/4 (8 days)
2026-01-25 07:17:39,549 | INFO     | [Worker_9222] Completed: DMM-ATZ - 8 results, 0 errors
2026-01-25 07:17:39,550 | INFO     | [Worker_9222] Processing: AJF-CAI
2026-01-25 07:17:39,550 | INFO     |   Tier 0: Range 4, Chunk 4/4 (8 days)
2026-01-25 07:18:00,819 | INFO     | [Worker_9222] Completed: AJF-CAI - 8 results, 0 errors
2026-01-25 07:18:00,820 | INFO     | [Worker_9222] Processing: GIZ-CAI
2026-01-25 07:18:00,820 | INFO     |   Tier 0: Range 4, Chunk 4/4 (8 days)
2026-01-25 07:18:25,789 | INFO     | [Worker_9222] Completed: GIZ-CAI - 8 results, 0 errors
2026-01-25 07:18:25,790 | INFO     | [Worker_9222] Processing: ATZ-JED
2026-01-25 07:18:25,790 | INFO     |   Tier 0: Range 4, Chunk 4/4 (8 days)
2026-01-25 07:19:14,604 | INFO     | [Worker_9222] Completed: ATZ-JED - 8 results, 0 errors
2026-01-25 07:19:14,605 | INFO     | [Worker_9222] Processing: CAI-GIZ
2026-01-25 07:19:14,605 | INFO     |   Tier 0: Range 4, Chunk 4/4 (8 days)
2026-01-25 07:19:44,086 | INFO     | [Worker_9222] Completed: CAI-GIZ - 8 results, 0 errors
2026-01-25 07:19:44,088 | INFO     | [Worker_9222] Processing: RUH-ATZ
2026-01-25 07:19:44,088 | INFO     |   Tier 0: Range 3, Chunk 1/4 (8 days)
2026-01-25 07:20:00,817 | INFO     | [Worker_9222] Completed: RUH-ATZ - 8 results, 0 errors
2026-01-25 07:20:00,818 | INFO     | [Worker_9222] Processing: AJF-CAI
2026-01-25 07:20:00,818 | INFO     |   Tier 0: Range 3, Chunk 1/4 (8 days)
2026-01-25 07:20:26,543 | INFO     | [Worker_9222] Completed: AJF-CAI - 8 results, 0 errors
2026-01-25 07:20:26,545 | INFO     | [Worker_9222] Processing: HBE-MED
2026-01-25 07:20:26,545 | INFO     |   Tier 0: Range 3, Chunk 1/4 (8 days)
2026-01-25 07:20:44,228 | INFO     | [Worker_9222] Completed: HBE-MED - 8 results, 0 errors
2026-01-25 07:20:44,229 | INFO     | [Worker_9222] Processing: ASW-JED
2026-01-25 07:20:44,229 | INFO     |   Tier 0: Range 3, Chunk 1/4 (8 days)
2026-01-25 07:20:54,994 | INFO     | [Worker_9222] Completed: ASW-JED - 8 results, 0 errors
2026-01-25 07:20:54,995 | INFO     | [Worker_9222] Processing: CAI-DMM
2026-01-25 07:20:54,995 | INFO     |   Tier 0: Range 3, Chunk 1/4 (8 days)
2026-01-25 07:22:03,167 | INFO     | [Worker_9222] Completed: CAI-DMM - 8 results, 0 errors
2026-01-25 07:22:03,169 | INFO     | [Worker_9222] Processing: RUH-ATZ
2026-01-25 07:22:03,169 | INFO     |   Tier 0: Range 3, Chunk 2/4 (8 days)
2026-01-25 07:22:20,028 | INFO     | [Worker_9222] Completed: RUH-ATZ - 8 results, 0 errors
2026-01-25 07:22:20,029 | INFO     | [Worker_9222] Processing: TUU-ATZ
2026-01-25 07:22:20,029 | INFO     |   Tier 0: Range 3, Chunk 2/4 (8 days)
2026-01-25 07:22:30,288 | INFO     | [Worker_9222] Completed: TUU-ATZ - 8 results, 0 errors
2026-01-25 07:22:30,289 | INFO     | [Worker_9222] Processing: AJF-CAI
2026-01-25 07:22:30,289 | INFO     |   Tier 0: Range 3, Chunk 2/4 (8 days)
2026-01-25 07:22:54,250 | INFO     | [Worker_9222] Completed: AJF-CAI - 8 results, 0 errors
2026-01-25 07:22:54,250 | INFO     | [Worker_9222] Processing: ELQ-ATZ
2026-01-25 07:22:54,250 | INFO     |   Tier 0: Range 3, Chunk 2/4 (8 days)
2026-01-25 07:23:05,643 | INFO     | [Worker_9222] Completed: ELQ-ATZ - 8 results, 0 errors
2026-01-25 07:23:05,644 | INFO     | [Worker_9222] Processing: ATZ-MED
2026-01-25 07:23:05,644 | INFO     |   Tier 0: Range 3, Chunk 2/4 (8 days)
2026-01-25 07:23:21,705 | INFO     | [Worker_9222] Completed: ATZ-MED - 8 results, 0 errors
2026-01-25 07:23:21,706 | INFO     | [Worker_9222] Processing: ASW-JED
2026-01-25 07:23:21,706 | INFO     |   Tier 0: Range 3, Chunk 2/4 (8 days)
2026-01-25 07:23:32,807 | INFO     | [Worker_9222] Completed: ASW-JED - 8 results, 0 errors
2026-01-25 07:23:32,808 | INFO     | [Worker_9222] Processing: CAI-TUU
2026-01-25 07:23:32,808 | INFO     |   Tier 0: Range 3, Chunk 2/4 (8 days)
2026-01-25 07:23:57,681 | INFO     | [Worker_9222] Completed: CAI-TUU - 8 results, 0 errors
2026-01-25 07:23:57,681 | INFO     | [Worker_9222] Processing: ATZ-AHB
2026-01-25 07:23:57,681 | INFO     |   Tier 0: Range 3, Chunk 2/4 (8 days)
2026-01-25 07:24:08,204 | INFO     | [Worker_9222] Completed: ATZ-AHB - 8 results, 0 errors
2026-01-25 07:24:08,205 | INFO     | [Worker_9222] Processing: MED-HBE
2026-01-25 07:24:08,205 | INFO     |   Tier 0: Range 3, Chunk 3/4 (8 days)
2026-01-25 07:24:32,253 | INFO     | [Worker_9222] Completed: MED-HBE - 8 results, 0 errors
2026-01-25 07:24:32,255 | INFO     | [Worker_9222] Processing: RUH-CAI
2026-01-25 07:24:32,255 | INFO     |   Tier 0: Range 3, Chunk 3/4 (8 days)
2026-01-25 07:25:08,756 | INFO     | [Worker_9222] Completed: RUH-CAI - 8 results, 0 errors
2026-01-25 07:25:08,757 | INFO     | [Worker_9222] Processing: AHB-CAI
2026-01-25 07:25:08,757 | INFO     |   Tier 0: Range 3, Chunk 3/4 (8 days)
2026-01-25 07:25:57,938 | INFO     | [Worker_9222] Completed: AHB-CAI - 8 results, 0 errors
2026-01-25 07:25:57,938 | INFO     | [Worker_9222] Processing: CAI-DMM
2026-01-25 07:25:57,938 | INFO     |   Tier 0: Range 3, Chunk 3/4 (8 days)
2026-01-25 07:26:48,210 | INFO     | [Worker_9222] Completed: CAI-DMM - 8 results, 0 errors
2026-01-25 07:26:48,211 | INFO     | [Worker_9222] Processing: JED-CAI
2026-01-25 07:26:48,211 | INFO     |   Tier 0: Range 3, Chunk 4/4 (8 days)
2026-01-25 07:30:02,540 | INFO     | [Worker_9222] Completed: JED-CAI - 8 results, 0 errors
2026-01-25 07:30:02,543 | INFO     | [Worker_9222] Processing: JED-ATZ
2026-01-25 07:30:02,544 | INFO     |   Tier 0: Range 2, Chunk 1/4 (8 days)
2026-01-25 07:32:29,089 | INFO     | [Worker_9222] Completed: JED-ATZ - 8 results, 0 errors
2026-01-25 07:32:29,091 | INFO     | [Worker_9222] Processing: LXR-JED
2026-01-25 07:32:29,091 | INFO     |   Tier 0: Range 2, Chunk 1/4 (8 days)
2026-01-25 07:33:04,717 | INFO     | [Worker_9222] Completed: LXR-JED - 8 results, 0 errors
2026-01-25 07:33:04,718 | INFO     | [Worker_9222] Processing: ATZ-DMM
2026-01-25 07:33:04,718 | INFO     |   Tier 0: Range 2, Chunk 1/4 (8 days)
2026-01-25 07:33:34,010 | INFO     | [Worker_9222] Completed: ATZ-DMM - 8 results, 0 errors
2026-01-25 07:33:34,012 | INFO     | [Worker_9222] Processing: CAI-AJF
2026-01-25 07:33:34,012 | INFO     |   Tier 0: Range 2, Chunk 1/4 (8 days)
2026-01-25 07:34:00,344 | INFO     | [Worker_9222] Completed: CAI-AJF - 8 results, 0 errors
2026-01-25 07:34:00,344 | INFO     | [Worker_9222] Processing: CAI-ELQ
2026-01-25 07:34:00,344 | INFO     |   Tier 0: Range 2, Chunk 1/4 (8 days)
2026-01-25 07:34:31,210 | INFO     | [Worker_9222] Completed: CAI-ELQ - 8 results, 0 errors
2026-01-25 07:34:31,211 | INFO     | [Worker_9222] Processing: JED-ATZ
2026-01-25 07:34:31,211 | INFO     |   Tier 0: Range 2, Chunk 2/4 (8 days)
2026-01-25 07:36:24,098 | INFO     | [Worker_9222] Completed: JED-ATZ - 8 results, 0 errors
2026-01-25 07:36:24,099 | INFO     | [Worker_9222] Processing: ATZ-JED
2026-01-25 07:36:24,100 | INFO     |   Tier 0: Range 2, Chunk 2/4 (8 days)
2026-01-25 07:37:54,136 | INFO     | [Worker_9222] Completed: ATZ-JED - 8 results, 0 errors
2026-01-25 07:37:54,137 | INFO     | [Worker_9222] Processing: MED-HBE
2026-01-25 07:37:54,138 | INFO     |   Tier 0: Range 2, Chunk 3/4 (8 days)
2026-01-25 07:38:28,874 | INFO     | [Worker_9222] Completed: MED-HBE - 8 results, 0 errors
2026-01-25 07:38:28,875 | INFO     | [Worker_9222] Processing: JED-ASW
2026-01-25 07:38:28,875 | INFO     |   Tier 0: Range 2, Chunk 3/4 (8 days)
2026-01-25 07:38:39,045 | INFO     | [Worker_9222] Completed: JED-ASW - 8 results, 0 errors
2026-01-25 07:38:39,046 | INFO     | [Worker_9222] Processing: RUH-ATZ
2026-01-25 07:38:39,046 | INFO     |   Tier 0: Range 2, Chunk 3/4 (8 days)
2026-01-25 07:39:15,109 | INFO     | [Worker_9222] Completed: RUH-ATZ - 8 results, 0 errors
2026-01-25 07:39:15,110 | INFO     | [Worker_9222] Processing: AJF-CAI
2026-01-25 07:39:15,111 | INFO     |   Tier 0: Range 2, Chunk 3/4 (8 days)
2026-01-25 07:39:45,959 | INFO     | [Worker_9222] Completed: AJF-CAI - 8 results, 0 errors
2026-01-25 07:39:45,960 | INFO     | [Worker_9222] Processing: ELQ-ATZ
2026-01-25 07:39:45,960 | INFO     |   Tier 0: Range 2, Chunk 3/4 (8 days)
2026-01-25 07:40:19,661 | INFO     | [Worker_9222] Completed: ELQ-ATZ - 8 results, 0 errors
2026-01-25 07:40:19,667 | INFO     | [Worker_9222] Processing: LXR-JED
2026-01-25 07:40:19,667 | INFO     |   Tier 0: Range 2, Chunk 3/4 (8 days)
2026-01-25 07:40:46,470 | INFO     | [Worker_9222] Completed: LXR-JED - 8 results, 0 errors
2026-01-25 07:40:46,473 | INFO     | [Worker_9222] Processing: CAI-TUU
2026-01-25 07:40:46,473 | INFO     |   Tier 0: Range 2, Chunk 3/4 (8 days)
2026-01-25 07:41:20,129 | INFO     | [Worker_9222] Completed: CAI-TUU - 8 results, 0 errors
2026-01-25 07:41:20,131 | INFO     | [Worker_9222] Processing: CAI-AHB
2026-01-25 07:41:20,132 | INFO     |   Tier 0: Range 2, Chunk 3/4 (8 days)
2026-01-25 07:41:51,006 | INFO     | [Worker_9222] Completed: CAI-AHB - 8 results, 0 errors
2026-01-25 07:41:51,008 | INFO     | [Worker_9222] Processing: MED-HBE
2026-01-25 07:41:51,009 | INFO     |   Tier 0: Range 2, Chunk 4/4 (7 days)
2026-01-25 07:42:43,237 | INFO     | [Worker_9222] Completed: MED-HBE - 7 results, 0 errors
2026-01-25 07:42:43,239 | INFO     | [Worker_9222] Processing: TUU-CAI
2026-01-25 07:42:43,239 | INFO     |   Tier 0: Range 2, Chunk 4/4 (7 days)
2026-01-25 07:43:08,760 | INFO     | [Worker_9222] Completed: TUU-CAI - 7 results, 0 errors
2026-01-25 07:43:08,763 | INFO     | [Worker_9222] Processing: AJF-CAI
2026-01-25 07:43:08,763 | INFO     |   Tier 0: Range 2, Chunk 4/4 (7 days)
2026-01-25 07:43:35,150 | INFO     | [Worker_9222] Completed: AJF-CAI - 7 results, 0 errors
2026-01-25 07:43:35,150 | INFO     | [Worker_9222] Processing: ELQ-ATZ
2026-01-25 07:43:35,151 | INFO     |   Tier 0: Range 2, Chunk 4/4 (7 days)
2026-01-25 07:43:57,627 | INFO     | [Worker_9222] Completed: ELQ-ATZ - 7 results, 0 errors
2026-01-25 07:43:57,628 | INFO     | [Worker_9222] Processing: CAI-JED
2026-01-25 07:43:57,628 | INFO     |   Tier 0: Range 2, Chunk 4/4 (7 days)
2026-01-25 07:47:51,381 | INFO     | [Worker_9222] Completed: CAI-JED - 7 results, 0 errors
2026-01-25 07:47:51,384 | INFO     | [Worker_9222] Processing: CAI-MED
2026-01-25 07:47:51,384 | INFO     |   Tier 0: Range 1, Chunk 1/4 (8 days)
2026-01-25 07:49:21,601 | INFO     | [Worker_9222] Completed: CAI-MED - 8 results, 0 errors
2026-01-25 07:49:21,604 | INFO     | [Worker_9222] Processing: ATZ-DMM
2026-01-25 07:49:21,604 | INFO     |   Tier 0: Range 1, Chunk 1/4 (8 days)
2026-01-25 07:49:43,653 | INFO     | [Worker_9222] Completed: ATZ-DMM - 8 results, 0 errors
2026-01-25 07:49:43,654 | INFO     | [Worker_9222] Processing: CAI-AJF
2026-01-25 07:49:43,654 | INFO     |   Tier 0: Range 1, Chunk 1/4 (8 days)
2026-01-25 07:50:16,777 | INFO     | [Worker_9222] Completed: CAI-AJF - 8 results, 0 errors
2026-01-25 07:50:16,779 | INFO     | [Worker_9222] Processing: CAI-GIZ
2026-01-25 07:50:16,779 | INFO     |   Tier 0: Range 1, Chunk 1/4 (8 days)
2026-01-25 07:50:42,952 | INFO     | [Worker_9222] Completed: CAI-GIZ - 8 results, 0 errors
2026-01-25 07:50:42,953 | INFO     | [Worker_9222] Processing: JED-HBE
2026-01-25 07:50:42,953 | INFO     |   Tier 0: Range 1, Chunk 2/4 (8 days)
2026-01-25 07:54:08,140 | INFO     | [Worker_9222] Completed: JED-HBE - 8 results, 0 errors
2026-01-25 07:54:08,146 | INFO     | [Worker_9222] Processing: ASW-JED
2026-01-25 07:54:08,147 | INFO     |   Tier 0: Range 1, Chunk 2/4 (8 days)
2026-01-25 07:54:39,784 | INFO     | [Worker_9222] Completed: ASW-JED - 8 results, 0 errors
2026-01-25 07:54:39,785 | INFO     | [Worker_9222] Processing: CAI-DMM
2026-01-25 07:54:39,785 | INFO     |   Tier 0: Range 1, Chunk 2/4 (8 days)
2026-01-25 07:55:24,932 | INFO     | [Worker_9222] Completed: CAI-DMM - 8 results, 0 errors
2026-01-25 07:55:24,933 | INFO     | [Worker_9222] Processing: CAI-AHB
2026-01-25 07:55:24,933 | INFO     |   Tier 0: Range 1, Chunk 2/4 (8 days)
2026-01-25 07:55:58,999 | INFO     | [Worker_9222] Completed: CAI-AHB - 8 results, 0 errors
2026-01-25 07:55:59,001 | INFO     | [Worker_9222] Processing: MED-CAI
2026-01-25 07:55:59,001 | INFO     |   Tier 0: Range 1, Chunk 3/4 (8 days)
2026-01-25 07:57:03,957 | INFO     | [Worker_9222] Completed: MED-CAI - 8 results, 0 errors
2026-01-25 07:57:03,961 | INFO     | [Worker_9222] Processing: DMM-CAI
2026-01-25 07:57:03,962 | INFO     |   Tier 0: Range 1, Chunk 3/4 (8 days)
2026-01-25 07:57:41,762 | INFO     | [Worker_9222] Completed: DMM-CAI - 8 results, 0 errors
2026-01-25 07:57:41,763 | INFO     | [Worker_9222] Processing: TUU-ATZ
2026-01-25 07:57:41,763 | INFO     |   Tier 0: Range 1, Chunk 3/4 (8 days)
2026-01-25 07:57:58,963 | INFO     | [Worker_9222] Completed: TUU-ATZ - 8 results, 0 errors
2026-01-25 07:57:58,965 | INFO     | [Worker_9222] Processing: AJF-ATZ
2026-01-25 07:57:58,965 | INFO     |   Tier 0: Range 1, Chunk 3/4 (8 days)
2026-01-25 07:58:17,494 | INFO     | [Worker_9222] Completed: AJF-ATZ - 8 results, 0 errors
2026-01-25 07:58:17,496 | INFO     | [Worker_9222] Processing: ELQ-CAI
2026-01-25 07:58:17,496 | INFO     |   Tier 0: Range 1, Chunk 3/4 (8 days)
2026-01-25 07:58:51,296 | INFO     | [Worker_9222] Completed: ELQ-CAI - 8 results, 0 errors
2026-01-25 07:58:51,296 | INFO     | [Worker_9222] Processing: ATZ-MED
2026-01-25 07:58:51,297 | INFO     |   Tier 0: Range 1, Chunk 3/4 (8 days)
2026-01-25 07:59:20,416 | INFO     | [Worker_9222] Completed: ATZ-MED - 8 results, 0 errors
2026-01-25 07:59:20,421 | INFO     | [Worker_9222] Processing: LXR-JED
2026-01-25 07:59:20,421 | INFO     |   Tier 0: Range 1, Chunk 3/4 (8 days)
2026-01-25 08:00:12,027 | INFO     | [Worker_9222] Completed: LXR-JED - 8 results, 0 errors
2026-01-25 08:00:12,028 | INFO     | [Worker_9222] Processing: ATZ-DMM
2026-01-25 08:00:12,028 | INFO     |   Tier 0: Range 1, Chunk 3/4 (8 days)
2026-01-25 08:00:37,032 | INFO     | [Worker_9222] Completed: ATZ-DMM - 8 results, 0 errors
2026-01-25 08:00:37,033 | INFO     | [Worker_9222] Processing: CAI-YNB
2026-01-25 08:00:37,033 | INFO     |   Tier 0: Range 1, Chunk 3/4 (8 days)
2026-01-25 08:01:43,756 | INFO     | [Worker_9222] Completed: CAI-YNB - 8 results, 0 errors
2026-01-25 08:01:43,758 | INFO     | [Worker_9222] Processing: JED-LXR
2026-01-25 08:01:43,759 | INFO     |   Tier 0: Range 1, Chunk 4/4 (7 days)
2026-01-25 08:02:42,384 | INFO     | [Worker_9222] Completed: JED-LXR - 6 results, 0 errors
2026-01-25 08:02:42,385 | INFO     | [Worker_9222] Processing: TUU-CAI
2026-01-25 08:02:42,385 | INFO     |   Tier 0: Range 1, Chunk 4/4 (7 days)
2026-01-25 08:03:01,692 | INFO     | [Worker_9222] Completed: TUU-CAI - 6 results, 0 errors
2026-01-25 08:03:01,694 | INFO     | [Worker_9222] Processing: AHB-CAI
2026-01-25 08:03:01,694 | INFO     |   Tier 0: Range 1, Chunk 4/4 (7 days)
2026-01-25 08:03:27,443 | INFO     | [Worker_9222] Completed: AHB-CAI - 6 results, 0 errors
2026-01-25 08:03:27,444 | INFO     | [Worker_9222] Processing: CAI-MED
2026-01-25 08:03:27,444 | INFO     |   Tier 0: Range 1, Chunk 4/4 (7 days)
2026-01-25 08:04:02,204 | INFO     | [Worker_9222] Completed: CAI-MED - 6 results, 0 errors
2026-01-25 08:04:02,205 | INFO     | [Worker_9222] Processing: CAI-RUH
2026-01-25 08:04:02,205 | INFO     |   Tier 0: Range 1, Chunk 4/4 (7 days)
2026-01-25 08:05:24,260 | INFO     | [Worker_9222] Completed: CAI-RUH - 6 results, 0 errors
2026-01-25 08:05:24,262 | INFO     | [Worker_9222] Processing: ATZ-ELQ
2026-01-25 08:05:24,262 | INFO     |   Tier 0: Range 1, Chunk 4/4 (7 days)
2026-01-25 08:05:45,772 | INFO     | [Worker_9222] Completed: ATZ-ELQ - 6 results, 0 errors
2026-01-25 09:00:06,297 | INFO     | [Worker_9222] Shutdown signal received, exiting...
2026-01-25 09:00:06,321 | INFO     | [Worker_9222] Finished. Processed 83 groups.
