2026-01-25 07:10:36,008 | INFO     | [Worker_9233] Completed: JED-ASW - 8 results, 0 errors
2026-01-25 07:10:36,009 | INFO     | [Worker_9233] Processing: DMM-CAI
2026-01-25 07:10:36,009 | INFO     |   Tier 0: Range 4, Chunk 1/4 (8 days)
2026-01-25 07:11:13,822 | INFO     | [Worker_9233] Completed: DMM-CAI - 8 results, 0 errors
2026-01-25 07:11:13,823 | INFO     | [Worker_9233] Processing: CAI-JED
2026-01-25 07:11:13,824 | INFO     |   Tier 0: Range 4, Chunk 1/4 (8 days)
2026-01-25 07:12:50,077 | INFO     | [Worker_9233] Completed: CAI-JED - 8 results, 0 errors
2026-01-25 07:12:50,078 | INFO     | [Worker_9233] Processing: DMM-CAI
2026-01-25 07:12:50,078 | INFO     |   Tier 0: Range 4, Chunk 2/4 (8 days)
2026-01-25 07:13:36,807 | INFO     | [Worker_9233] Completed: DMM-CAI - 8 results, 0 errors
2026-01-25 07:13:36,808 | INFO     | [Worker_9233] Processing: HBE-JED
2026-01-25 07:13:36,808 | INFO     |   Tier 0: Range 4, Chunk 2/4 (8 days)
2026-01-25 07:14:07,211 | INFO     | [Worker_9233] Completed: HBE-JED - 8 results, 0 errors
2026-01-25 07:14:07,212 | INFO     | [Worker_9233] Processing: ATZ-AJF
2026-01-25 07:14:07,212 | INFO     |   Tier 0: Range 4, Chunk 2/4 (8 days)
2026-01-25 07:14:16,823 | INFO     | [Worker_9233] Completed: ATZ-AJF - 8 results, 0 errors
2026-01-25 07:14:16,824 | INFO     | [Worker_9233] Processing: CAI-AHB
2026-01-25 07:14:16,824 | INFO     |   Tier 0: Range 4, Chunk 2/4 (8 days)
2026-01-25 07:14:42,016 | INFO     | [Worker_9233] Completed: CAI-AHB - 8 results, 0 errors
2026-01-25 07:14:42,017 | INFO     | [Worker_9233] Processing: JED-HBE
2026-01-25 07:14:42,017 | INFO     |   Tier 0: Range 4, Chunk 3/4 (8 days)
2026-01-25 07:15:18,117 | INFO     | [Worker_9233] Completed: JED-HBE - 8 results, 0 errors
2026-01-25 07:15:18,118 | INFO     | [Worker_9233] Processing: YNB-CAI
2026-01-25 07:15:18,118 | INFO     |   Tier 0: Range 4, Chunk 3/4 (8 days)
2026-01-25 07:15:58,408 | INFO     | [Worker_9233] Completed: YNB-CAI - 8 results, 0 errors
2026-01-25 07:15:58,408 | INFO     | [Worker_9233] Processing: ASW-JED
2026-01-25 07:15:58,409 | INFO     |   Tier 0: Range 4, Chunk 3/4 (8 days)
2026-01-25 07:16:08,868 | INFO     | [Worker_9233] Completed: ASW-JED - 8 results, 0 errors
2026-01-25 07:16:08,869 | INFO     | [Worker_9233] Processing: ATZ-DMM
2026-01-25 07:16:08,869 | INFO     |   Tier 0: Range 4, Chunk 3/4 (8 days)
2026-01-25 07:16:18,431 | INFO     | [Worker_9233] Completed: ATZ-DMM - 8 results, 0 errors
2026-01-25 07:16:18,431 | INFO     | [Worker_9233] Processing: ATZ-AJF
2026-01-25 07:16:18,431 | INFO     |   Tier 0: Range 4, Chunk 3/4 (8 days)
2026-01-25 07:16:29,622 | INFO     | [Worker_9233] Completed: ATZ-AJF - 8 results, 0 errors
2026-01-25 07:16:29,623 | INFO     | [Worker_9233] Processing: CAI-AHB
2026-01-25 07:16:29,623 | INFO     |   Tier 0: Range 4, Chunk 3/4 (8 days)
2026-01-25 07:16:56,602 | INFO     | [Worker_9233] Completed: CAI-AHB - 8 results, 0 errors
2026-01-25 07:16:56,604 | INFO     | [Worker_9233] Processing: JED-CAI
2026-01-25 07:16:56,604 | INFO     |   Tier 0: Range 4, Chunk 4/4 (8 days)
2026-01-25 07:18:57,225 | INFO     | [Worker_9233] Completed: JED-CAI - 8 results, 0 errors
2026-01-25 07:18:57,226 | INFO     | [Worker_9233] Processing: ATZ-AJF
2026-01-25 07:18:57,226 | INFO     |   Tier 0: Range 4, Chunk 4/4 (8 days)
2026-01-25 07:19:07,534 | INFO     | [Worker_9233] Completed: ATZ-AJF - 8 results, 0 errors
2026-01-25 07:19:07,535 | INFO     | [Worker_9233] Processing: CAI-ELQ
2026-01-25 07:19:07,535 | INFO     |   Tier 0: Range 4, Chunk 4/4 (8 days)
2026-01-25 07:19:38,042 | INFO     | [Worker_9233] Completed: CAI-ELQ - 8 results, 0 errors
2026-01-25 07:19:38,043 | INFO     | [Worker_9233] Processing: JED-LXR
2026-01-25 07:19:38,043 | INFO     |   Tier 0: Range 3, Chunk 1/4 (8 days)
2026-01-25 07:19:48,142 | INFO     | [Worker_9233] Completed: JED-LXR - 8 results, 0 errors
2026-01-25 07:19:48,143 | INFO     | [Worker_9233] Processing: DMM-ATZ
2026-01-25 07:19:48,143 | INFO     |   Tier 0: Range 3, Chunk 1/4 (8 days)
2026-01-25 07:19:59,839 | INFO     | [Worker_9233] Completed: DMM-ATZ - 8 results, 0 errors
2026-01-25 07:19:59,840 | INFO     | [Worker_9233] Processing: TUU-ATZ
2026-01-25 07:19:59,840 | INFO     |   Tier 0: Range 3, Chunk 1/4 (8 days)
2026-01-25 07:20:10,476 | INFO     | [Worker_9233] Completed: TUU-ATZ - 8 results, 0 errors
2026-01-25 07:20:10,477 | INFO     | [Worker_9233] Processing: AHB-CAI
2026-01-25 07:20:10,477 | INFO     |   Tier 0: Range 3, Chunk 1/4 (8 days)
2026-01-25 07:20:38,572 | INFO     | [Worker_9233] Completed: AHB-CAI - 8 results, 0 errors
2026-01-25 07:20:38,573 | INFO     | [Worker_9233] Processing: HBE-JED
2026-01-25 07:20:38,573 | INFO     |   Tier 0: Range 3, Chunk 1/4 (8 days)
2026-01-25 07:21:11,975 | INFO     | [Worker_9233] Completed: HBE-JED - 8 results, 0 errors
2026-01-25 07:21:11,976 | INFO     | [Worker_9233] Processing: CAI-YNB
2026-01-25 07:21:11,976 | INFO     |   Tier 0: Range 3, Chunk 1/4 (8 days)
2026-01-25 07:21:58,022 | INFO     | [Worker_9233] Completed: CAI-YNB - 8 results, 0 errors
2026-01-25 07:21:58,023 | INFO     | [Worker_9233] Processing: RUH-CAI
2026-01-25 07:21:58,023 | INFO     |   Tier 0: Range 3, Chunk 2/4 (8 days)
2026-01-25 07:22:34,107 | INFO     | [Worker_9233] Completed: RUH-CAI - 8 results, 0 errors
2026-01-25 07:22:34,109 | INFO     | [Worker_9233] Processing: AJF-ATZ
2026-01-25 07:22:34,109 | INFO     |   Tier 0: Range 3, Chunk 2/4 (8 days)
2026-01-25 07:23:03,421 | INFO     | [Worker_9233] Completed: AJF-ATZ - 8 results, 0 errors
2026-01-25 07:23:03,422 | INFO     | [Worker_9233] Processing: CAI-MED
2026-01-25 07:23:03,422 | INFO     |   Tier 0: Range 3, Chunk 2/4 (8 days)
2026-01-25 07:23:31,847 | INFO     | [Worker_9233] Completed: CAI-MED - 8 results, 0 errors
2026-01-25 07:23:31,849 | INFO     | [Worker_9233] Processing: ATZ-DMM
2026-01-25 07:23:31,849 | INFO     |   Tier 0: Range 3, Chunk 2/4 (8 days)
2026-01-25 07:23:42,757 | INFO     | [Worker_9233] Completed: ATZ-DMM - 8 results, 0 errors
2026-01-25 07:23:42,758 | INFO     | [Worker_9233] Processing: CAI-AJF
2026-01-25 07:23:42,758 | INFO     |   Tier 0: Range 3, Chunk 2/4 (8 days)
2026-01-25 07:24:05,295 | INFO     | [Worker_9233] Completed: CAI-AJF - 8 results, 0 errors
2026-01-25 07:24:05,297 | INFO     | [Worker_9233] Processing: CAI-GIZ
2026-01-25 07:24:05,297 | INFO     |   Tier 0: Range 3, Chunk 2/4 (8 days)
2026-01-25 07:24:29,413 | INFO     | [Worker_9233] Completed: CAI-GIZ - 8 results, 0 errors
2026-01-25 07:24:29,414 | INFO     | [Worker_9233] Processing: JED-LXR
2026-01-25 07:24:29,414 | INFO     |   Tier 0: Range 3, Chunk 3/4 (8 days)
2026-01-25 07:24:40,287 | INFO     | [Worker_9233] Completed: JED-LXR - 8 results, 0 errors
2026-01-25 07:24:40,287 | INFO     | [Worker_9233] Processing: RUH-ATZ
2026-01-25 07:24:40,287 | INFO     |   Tier 0: Range 3, Chunk 3/4 (8 days)
2026-01-25 07:24:55,439 | INFO     | [Worker_9233] Completed: RUH-ATZ - 8 results, 0 errors
2026-01-25 07:24:55,440 | INFO     | [Worker_9233] Processing: AJF-CAI
2026-01-25 07:24:55,440 | INFO     |   Tier 0: Range 3, Chunk 3/4 (8 days)
2026-01-25 07:25:24,110 | INFO     | [Worker_9233] Completed: AJF-CAI - 8 results, 0 errors
2026-01-25 07:25:24,112 | INFO     | [Worker_9233] Processing: HBE-MED
2026-01-25 07:25:24,112 | INFO     |   Tier 0: Range 3, Chunk 3/4 (8 days)
2026-01-25 07:25:48,607 | INFO     | [Worker_9233] Completed: HBE-MED - 8 results, 0 errors
2026-01-25 07:25:48,609 | INFO     | [Worker_9233] Processing: LXR-JED
2026-01-25 07:25:48,609 | INFO     |   Tier 0: Range 3, Chunk 3/4 (8 days)
2026-01-25 07:25:58,703 | INFO     | [Worker_9233] Completed: LXR-JED - 8 results, 0 errors
2026-01-25 07:25:58,704 | INFO     | [Worker_9233] Processing: ATZ-DMM
2026-01-25 07:25:58,704 | INFO     |   Tier 0: Range 3, Chunk 3/4 (8 days)
2026-01-25 07:26:09,256 | INFO     | [Worker_9233] Completed: ATZ-DMM - 8 results, 0 errors
2026-01-25 07:26:09,258 | INFO     | [Worker_9233] Processing: ATZ-TUU
2026-01-25 07:26:09,258 | INFO     |   Tier 0: Range 3, Chunk 3/4 (8 days)
2026-01-25 07:26:19,835 | INFO     | [Worker_9233] Completed: ATZ-TUU - 8 results, 0 errors
2026-01-25 07:26:19,835 | INFO     | [Worker_9233] Processing: CAI-YNB
2026-01-25 07:26:19,835 | INFO     |   Tier 0: Range 3, Chunk 3/4 (8 days)
2026-01-25 07:27:28,548 | INFO     | [Worker_9233] Completed: CAI-YNB - 8 results, 0 errors
2026-01-25 07:27:28,549 | INFO     | [Worker_9233] Processing: DMM-ATZ
2026-01-25 07:27:28,549 | INFO     |   Tier 0: Range 3, Chunk 4/4 (8 days)
2026-01-25 07:27:38,875 | INFO     | [Worker_9233] Completed: DMM-ATZ - 8 results, 0 errors
2026-01-25 07:27:38,875 | INFO     | [Worker_9233] Processing: AJF-CAI
2026-01-25 07:27:38,876 | INFO     |   Tier 0: Range 3, Chunk 4/4 (8 days)
2026-01-25 07:28:03,309 | INFO     | [Worker_9233] Completed: AJF-CAI - 8 results, 0 errors
2026-01-25 07:28:03,310 | INFO     | [Worker_9233] Processing: GIZ-CAI
2026-01-25 07:28:03,310 | INFO     |   Tier 0: Range 3, Chunk 4/4 (8 days)
2026-01-25 07:28:27,197 | INFO     | [Worker_9233] Completed: GIZ-CAI - 8 results, 0 errors
2026-01-25 07:28:27,199 | INFO     | [Worker_9233] Processing: CAI-JED
2026-01-25 07:28:27,200 | INFO     |   Tier 0: Range 3, Chunk 4/4 (8 days)
2026-01-25 07:31:46,399 | INFO     | [Worker_9233] Completed: CAI-JED - 8 results, 0 errors
2026-01-25 07:31:46,401 | INFO     | [Worker_9233] Processing: AHB-ATZ
2026-01-25 07:31:46,401 | INFO     |   Tier 0: Range 2, Chunk 1/4 (8 days)
2026-01-25 07:32:05,640 | INFO     | [Worker_9233] Completed: AHB-ATZ - 8 results, 0 errors
2026-01-25 07:32:05,641 | INFO     | [Worker_9233] Processing: HBE-MED
2026-01-25 07:32:05,641 | INFO     |   Tier 0: Range 2, Chunk 1/4 (8 days)
2026-01-25 07:32:56,860 | INFO     | [Worker_9233] Completed: HBE-MED - 8 results, 0 errors
2026-01-25 07:32:56,863 | INFO     | [Worker_9233] Processing: CAI-DMM
2026-01-25 07:32:56,863 | INFO     |   Tier 0: Range 2, Chunk 1/4 (8 days)
2026-01-25 07:33:39,410 | INFO     | [Worker_9233] Completed: CAI-DMM - 8 results, 0 errors
2026-01-25 07:33:39,411 | INFO     | [Worker_9233] Processing: CAI-YNB
2026-01-25 07:33:39,411 | INFO     |   Tier 0: Range 2, Chunk 1/4 (8 days)
2026-01-25 07:34:56,997 | INFO     | [Worker_9233] Completed: CAI-YNB - 8 results, 0 errors
2026-01-25 07:34:56,998 | INFO     | [Worker_9233] Processing: RUH-CAI
2026-01-25 07:34:56,998 | INFO     |   Tier 0: Range 2, Chunk 2/4 (8 days)
2026-01-25 07:35:58,166 | INFO     | [Worker_9233] Completed: RUH-CAI - 8 results, 0 errors
2026-01-25 07:35:58,168 | INFO     | [Worker_9233] Processing: ELQ-CAI
2026-01-25 07:35:58,168 | INFO     |   Tier 0: Range 2, Chunk 2/4 (8 days)
2026-01-25 07:36:32,649 | INFO     | [Worker_9233] Completed: ELQ-CAI - 8 results, 0 errors
2026-01-25 07:36:32,650 | INFO     | [Worker_9233] Processing: ASW-JED
2026-01-25 07:36:32,650 | INFO     |   Tier 0: Range 2, Chunk 2/4 (8 days)
2026-01-25 07:36:42,838 | INFO     | [Worker_9233] Completed: ASW-JED - 8 results, 0 errors
2026-01-25 07:36:42,839 | INFO     | [Worker_9233] Processing: ATZ-RUH
2026-01-25 07:36:42,840 | INFO     |   Tier 0: Range 2, Chunk 2/4 (8 days)
2026-01-25 07:37:06,683 | INFO     | [Worker_9233] Completed: ATZ-RUH - 8 results, 0 errors
2026-01-25 07:37:06,685 | INFO     | [Worker_9233] Processing: CAI-AJF
2026-01-25 07:37:06,685 | INFO     |   Tier 0: Range 2, Chunk 2/4 (8 days)
2026-01-25 07:37:34,726 | INFO     | [Worker_9233] Completed: CAI-AJF - 8 results, 0 errors
2026-01-25 07:37:34,728 | INFO     | [Worker_9233] Processing: CAI-ELQ
2026-01-25 07:37:34,728 | INFO     |   Tier 0: Range 2, Chunk 2/4 (8 days)
2026-01-25 07:38:15,987 | INFO     | [Worker_9233] Completed: CAI-ELQ - 8 results, 0 errors
2026-01-25 07:38:15,988 | INFO     | [Worker_9233] Processing: JED-ATZ
2026-01-25 07:38:15,988 | INFO     |   Tier 0: Range 2, Chunk 3/4 (8 days)
2026-01-25 07:40:14,465 | INFO     | [Worker_9233] Completed: JED-ATZ - 8 results, 0 errors
2026-01-25 07:40:14,467 | INFO     | [Worker_9233] Processing: ATZ-JED
2026-01-25 07:40:14,467 | INFO     |   Tier 0: Range 2, Chunk 3/4 (8 days)
2026-01-25 07:41:58,721 | INFO     | [Worker_9233] Completed: ATZ-JED - 8 results, 0 errors
2026-01-25 07:41:58,725 | INFO     | [Worker_9233] Processing: MED-ATZ
2026-01-25 07:41:58,726 | INFO     |   Tier 0: Range 2, Chunk 4/4 (7 days)
2026-01-25 07:42:32,548 | INFO     | [Worker_9233] Completed: MED-ATZ - 7 results, 0 errors
2026-01-25 07:42:32,549 | INFO     | [Worker_9233] Processing: RUH-CAI
2026-01-25 07:42:32,549 | INFO     |   Tier 0: Range 2, Chunk 4/4 (7 days)
2026-01-25 07:43:40,176 | INFO     | [Worker_9233] Completed: RUH-CAI - 7 results, 0 errors
2026-01-25 07:43:40,177 | INFO     | [Worker_9233] Processing: GIZ-CAI
2026-01-25 07:43:40,177 | INFO     |   Tier 0: Range 2, Chunk 4/4 (7 days)
2026-01-25 07:44:00,479 | INFO     | [Worker_9233] Completed: GIZ-CAI - 7 results, 0 errors
2026-01-25 07:44:00,480 | INFO     | [Worker_9233] Processing: ATZ-JED
2026-01-25 07:44:00,480 | INFO     |   Tier 0: Range 2, Chunk 4/4 (7 days)
2026-01-25 07:45:44,117 | INFO     | [Worker_9233] Completed: ATZ-JED - 7 results, 0 errors
2026-01-25 07:45:44,120 | INFO     | [Worker_9233] Processing: JED-ATZ
2026-01-25 07:45:44,123 | INFO     |   Tier 0: Range 1, Chunk 1/4 (8 days)
2026-01-25 07:48:20,779 | INFO     | [Worker_9233] Completed: JED-ATZ - 8 results, 0 errors
2026-01-25 07:48:20,787 | INFO     | [Worker_9233] Processing: ATZ-JED
2026-01-25 07:48:20,787 | INFO     |   Tier 0: Range 1, Chunk 1/4 (8 days)
2026-01-25 07:51:05,041 | INFO     | [Worker_9233] Completed: ATZ-JED - 8 results, 0 errors
2026-01-25 07:51:05,043 | INFO     | [Worker_9233] Processing: JED-ATZ
2026-01-25 07:51:05,043 | INFO     |   Tier 0: Range 1, Chunk 2/4 (8 days)
2026-01-25 07:54:46,921 | INFO     | [Worker_9233] Completed: JED-ATZ - 8 results, 0 errors
2026-01-25 07:54:46,925 | INFO     | [Worker_9233] Processing: ATZ-DMM
2026-01-25 07:54:46,925 | INFO     |   Tier 0: Range 1, Chunk 2/4 (8 days)
2026-01-25 07:55:15,723 | INFO     | [Worker_9233] Completed: ATZ-DMM - 8 results, 0 errors
2026-01-25 07:55:15,725 | INFO     | [Worker_9233] Processing: CAI-AJF
2026-01-25 07:55:15,725 | INFO     |   Tier 0: Range 1, Chunk 2/4 (8 days)
2026-01-25 07:55:43,245 | INFO     | [Worker_9233] Completed: CAI-AJF - 8 results, 0 errors
2026-01-25 07:55:43,251 | INFO     | [Worker_9233] Processing: ATZ-ELQ
2026-01-25 07:55:43,251 | INFO     |   Tier 0: Range 1, Chunk 2/4 (8 days)
2026-01-25 07:56:19,395 | INFO     | [Worker_9233] Completed: ATZ-ELQ - 8 results, 0 errors
2026-01-25 07:56:19,400 | INFO     | [Worker_9233] Processing: JED-CAI
2026-01-25 07:56:19,401 | INFO     |   Tier 0: Range 1, Chunk 3/4 (8 days)
2026-01-25 08:03:52,521 | INFO     | [Worker_9233] Completed: JED-CAI - 8 results, 0 errors
2026-01-25 08:03:52,523 | INFO     | [Worker_9233] Processing: LXR-JED
2026-01-25 08:03:52,523 | INFO     |   Tier 0: Range 1, Chunk 4/4 (7 days)
2026-01-25 08:04:31,746 | INFO     | [Worker_9233] Completed: LXR-JED - 6 results, 0 errors
2026-01-25 08:04:31,747 | INFO     | [Worker_9233] Processing: ATZ-TUU
2026-01-25 08:04:31,747 | INFO     |   Tier 0: Range 1, Chunk 4/4 (7 days)
2026-01-25 08:04:49,382 | INFO     | [Worker_9233] Completed: ATZ-TUU - 6 results, 0 errors
2026-01-25 08:04:49,383 | INFO     | [Worker_9233] Processing: CAI-AJF
2026-01-25 08:04:49,384 | INFO     |   Tier 0: Range 1, Chunk 4/4 (7 days)
2026-01-25 08:05:18,388 | INFO     | [Worker_9233] Completed: CAI-AJF - 6 results, 0 errors
2026-01-25 08:05:18,389 | INFO     | [Worker_9233] Processing: CAI-ELQ
2026-01-25 08:05:18,389 | INFO     |   Tier 0: Range 1, Chunk 4/4 (7 days)
2026-01-25 08:05:39,951 | INFO     | [Worker_9233] Completed: CAI-ELQ - 6 results, 0 errors
2026-01-25 09:00:05,732 | INFO     | [Worker_9233] Shutdown signal received, exiting...
2026-01-25 09:00:05,758 | INFO     | [Worker_9233] Finished. Processed 67 groups.
