2026-01-17 09:02:33 | INFO     | ======================================================================
2026-01-17 09:02:33 | INFO     | Load Factor Scraper Started - Route: ASW-JED
2026-01-17 09:02:33 | INFO     | Log file: D:\CODERED\LAB\Artifacts\outputs\run_generated_170126_at_08.47_RETRY\logs\LF_ASW-JED_20260117_090233.log
2026-01-17 09:02:33 | INFO     | Enhanced logging: Capturing both logging.info() and print()
2026-01-17 09:02:33 | INFO     | ======================================================================
2026-01-17 09:02:33 | INFO     | Starting LF search for route: ASW-JED
2026-01-17 09:02:33 | INFO     | [START] LF Search
2026-01-17 09:02:34 | INFO     | [HEALTH CHECK] [OK] Chrome connection is healthy
2026-01-17 09:02:34 | INFO     | [DAY_START] Processing 23MAR
2026-01-17 09:02:34 | INFO     | [lf.day.start] Processing ASW-JED for 23MAR
2026-01-17 09:02:35 | WARNING  | [lf.day.no_flights] No direct flights on 23MAR
2026-01-17 09:02:35 | INFO     | [SUCCESS] Day 23MAR
2026-01-17 09:02:35 | INFO     | [DAY_START] Processing 22MAR
2026-01-17 09:02:35 | INFO     | [lf.day.start] Processing ASW-JED for 22MAR
2026-01-17 09:02:36 | WARNING  | [lf.day.no_flights] No direct flights on 22MAR
2026-01-17 09:02:36 | INFO     | [SUCCESS] Day 22MAR
2026-01-17 09:02:36 | INFO     | [DAY_START] Processing 21MAR
2026-01-17 09:02:36 | INFO     | [lf.day.start] Processing ASW-JED for 21MAR
2026-01-17 09:02:37 | WARNING  | [lf.day.no_flights] No direct flights on 21MAR
2026-01-17 09:02:37 | INFO     | [SUCCESS] Day 21MAR
2026-01-17 09:02:37 | INFO     | [DAY_START] Processing 20MAR
2026-01-17 09:02:37 | INFO     | [lf.day.start] Processing ASW-JED for 20MAR
2026-01-17 09:02:38 | WARNING  | [lf.day.no_flights] No direct flights on 20MAR
2026-01-17 09:02:38 | INFO     | [SUCCESS] Day 20MAR
2026-01-17 09:02:38 | INFO     | [DAY_START] Processing 19MAR
2026-01-17 09:02:38 | INFO     | [lf.day.start] Processing ASW-JED for 19MAR
2026-01-17 09:02:39 | WARNING  | [lf.day.no_flights] No direct flights on 19MAR
2026-01-17 09:02:40 | INFO     | [SUCCESS] Day 19MAR
2026-01-17 09:02:40 | INFO     | [DAY_START] Processing 18MAR
2026-01-17 09:02:40 | INFO     | [lf.day.start] Processing ASW-JED for 18MAR
2026-01-17 09:02:41 | WARNING  | [lf.day.no_flights] No direct flights on 18MAR
2026-01-17 09:02:41 | INFO     | [SUCCESS] Day 18MAR
2026-01-17 09:02:41 | INFO     | [DAY_START] Processing 17MAR
2026-01-17 09:02:41 | INFO     | [lf.day.start] Processing ASW-JED for 17MAR
2026-01-17 09:02:42 | WARNING  | [lf.day.no_flights] No direct flights on 17MAR
2026-01-17 09:02:42 | INFO     | [SUCCESS] Day 17MAR
2026-01-17 09:02:42 | INFO     | [DAY_START] Processing 16MAR
2026-01-17 09:02:42 | INFO     | [lf.day.start] Processing ASW-JED for 16MAR
2026-01-17 09:02:43 | WARNING  | [lf.day.no_flights] No direct flights on 16MAR
2026-01-17 09:02:43 | INFO     | [SUCCESS] Day 16MAR
2026-01-17 09:02:43 | INFO     | [SUCCESS] LF Search Complete
2026-01-17 09:02:43 | INFO     | [Worker_9223] Completed: ASW-JED - 8 results, 0 errors
2026-01-17 09:02:43 | INFO     | [Worker_9223] Processing: CAI-DMM
2026-01-17 09:02:43 | INFO     |   Tier 0: Range 3, Chunk 2/3 (8 days)
