2026-01-17 09:11:26 | INFO     | ======================================================================
2026-01-17 09:11:26 | INFO     | Load Factor Scraper Started - Route: ATZ-AHB
2026-01-17 09:11:26 | INFO     | Log file: D:\CODERED\LAB\Artifacts\outputs\run_generated_170126_at_08.47_RETRY\logs\LF_ATZ-AHB_20260117_091126.log
2026-01-17 09:11:26 | INFO     | Enhanced logging: Capturing both logging.info() and print()
2026-01-17 09:11:26 | INFO     | ======================================================================
2026-01-17 09:11:26 | INFO     | Starting LF search for route: ATZ-AHB
2026-01-17 09:11:26 | INFO     | [START] LF Search
2026-01-17 09:11:27 | INFO     | [HEALTH CHECK] [OK] Chrome connection is healthy
2026-01-17 09:11:27 | INFO     | [DAY_START] Processing 07MAR
2026-01-17 09:11:27 | INFO     | [lf.day.start] Processing ATZ-AHB for 07MAR
2026-01-17 09:11:28 | WARNING  | [lf.day.no_flights] No direct flights on 07MAR
2026-01-17 09:11:28 | INFO     | [SUCCESS] Day 07MAR
2026-01-17 09:11:28 | INFO     | [DAY_START] Processing 06MAR
2026-01-17 09:11:28 | INFO     | [lf.day.start] Processing ATZ-AHB for 06MAR
2026-01-17 09:11:29 | INFO     | [lf.day.flights_found] Found 1 flights on 06MAR
2026-01-17 09:11:37 | INFO     | [lf.flight.extracted] SM445 on 06MAR: BKG=2, LF=1.1%
2026-01-17 09:11:40 | INFO     | [SUCCESS] Day 06MAR
2026-01-17 09:11:40 | INFO     | [DAY_START] Processing 05MAR
2026-01-17 09:11:40 | INFO     | [lf.day.start] Processing ATZ-AHB for 05MAR
2026-01-17 09:11:41 | WARNING  | [lf.day.no_flights] No direct flights on 05MAR
2026-01-17 09:11:41 | INFO     | [SUCCESS] Day 05MAR
2026-01-17 09:11:41 | INFO     | [DAY_START] Processing 04MAR
2026-01-17 09:11:41 | INFO     | [lf.day.start] Processing ATZ-AHB for 04MAR
2026-01-17 09:11:42 | WARNING  | [lf.day.no_flights] No direct flights on 04MAR
2026-01-17 09:11:42 | INFO     | [SUCCESS] Day 04MAR
2026-01-17 09:11:42 | INFO     | [DAY_START] Processing 03MAR
2026-01-17 09:11:42 | INFO     | [lf.day.start] Processing ATZ-AHB for 03MAR
2026-01-17 09:11:43 | WARNING  | [lf.day.no_flights] No direct flights on 03MAR
2026-01-17 09:11:44 | INFO     | [SUCCESS] Day 03MAR
2026-01-17 09:11:44 | INFO     | [DAY_START] Processing 02MAR
2026-01-17 09:11:44 | INFO     | [lf.day.start] Processing ATZ-AHB for 02MAR
2026-01-17 09:11:45 | WARNING  | [lf.day.no_flights] No direct flights on 02MAR
2026-01-17 09:11:45 | INFO     | [SUCCESS] Day 02MAR
2026-01-17 09:11:45 | INFO     | [DAY_START] Processing 01MAR
2026-01-17 09:11:45 | INFO     | [lf.day.start] Processing ATZ-AHB for 01MAR
2026-01-17 09:11:46 | WARNING  | [lf.day.no_flights] No direct flights on 01MAR
2026-01-17 09:11:46 | INFO     | [SUCCESS] Day 01MAR
2026-01-17 09:11:46 | INFO     | [DAY_START] Processing 28FEB
2026-01-17 09:11:46 | INFO     | [lf.day.start] Processing ATZ-AHB for 28FEB
2026-01-17 09:11:47 | WARNING  | [lf.day.no_flights] No direct flights on 28FEB
2026-01-17 09:11:47 | INFO     | [SUCCESS] Day 28FEB
2026-01-17 09:11:47 | INFO     | [DAY_START] Processing 27FEB
2026-01-17 09:11:47 | INFO     | [lf.day.start] Processing ATZ-AHB for 27FEB
2026-01-17 09:11:48 | INFO     | [lf.day.flights_found] Found 1 flights on 27FEB
2026-01-17 09:11:50 | INFO     | [lf.flight.extracted] SM445 on 27FEB: BKG=0, LF=0.0%
2026-01-17 09:11:51 | INFO     | [SUCCESS] Day 27FEB
2026-01-17 09:11:51 | INFO     | [SUCCESS] LF Search Complete
2026-01-17 09:11:51 | INFO     | [Worker_9224] Completed: ATZ-AHB - 9 results, 0 errors
2026-01-17 09:11:51 | INFO     | [Worker_9224] Processing: MED-CAI
2026-01-17 09:11:51 | INFO     |   Tier 0: Range 2, Chunk 2/3 (8 days)
