2026-01-17 08:55:31 | INFO     | ======================================================================
2026-01-17 08:55:31 | INFO     | Load Factor Scraper Started - Route: ATZ-DMM
2026-01-17 08:55:31 | INFO     | Log file: D:\CODERED\LAB\Artifacts\outputs\run_generated_170126_at_08.47_RETRY\logs\LF_ATZ-DMM_20260117_085531.log
2026-01-17 08:55:31 | INFO     | Enhanced logging: Capturing both logging.info() and print()
2026-01-17 08:55:31 | INFO     | ======================================================================
2026-01-17 08:55:31 | INFO     | Starting LF search for route: ATZ-DMM
2026-01-17 08:55:31 | INFO     | [START] LF Search
2026-01-17 08:55:32 | INFO     | [HEALTH CHECK] [OK] Chrome connection is healthy
2026-01-17 08:55:32 | INFO     | [DAY_START] Processing 09APR
2026-01-17 08:55:32 | INFO     | [lf.day.start] Processing ATZ-DMM for 09APR
2026-01-17 08:55:33 | WARNING  | [lf.day.no_flights] No direct flights on 09APR
2026-01-17 08:55:33 | INFO     | [SUCCESS] Day 09APR
2026-01-17 08:55:33 | INFO     | [DAY_START] Processing 08APR
2026-01-17 08:55:33 | INFO     | [lf.day.start] Processing ATZ-DMM for 08APR
2026-01-17 08:55:34 | WARNING  | [lf.day.no_flights] No direct flights on 08APR
2026-01-17 08:55:34 | INFO     | [SUCCESS] Day 08APR
2026-01-17 08:55:34 | INFO     | [DAY_START] Processing 07APR
2026-01-17 08:55:34 | INFO     | [lf.day.start] Processing ATZ-DMM for 07APR
2026-01-17 08:55:35 | WARNING  | [lf.day.no_flights] No direct flights on 07APR
2026-01-17 08:55:35 | INFO     | [SUCCESS] Day 07APR
2026-01-17 08:55:35 | INFO     | [DAY_START] Processing 06APR
2026-01-17 08:55:35 | INFO     | [lf.day.start] Processing ATZ-DMM for 06APR
2026-01-17 08:55:36 | WARNING  | [lf.day.no_flights] No direct flights on 06APR
2026-01-17 08:55:37 | INFO     | [SUCCESS] Day 06APR
2026-01-17 08:55:37 | INFO     | [DAY_START] Processing 05APR
2026-01-17 08:55:37 | INFO     | [lf.day.start] Processing ATZ-DMM for 05APR
2026-01-17 08:55:38 | WARNING  | [lf.day.no_flights] No direct flights on 05APR
2026-01-17 08:55:38 | INFO     | [SUCCESS] Day 05APR
2026-01-17 08:55:38 | INFO     | [DAY_START] Processing 04APR
2026-01-17 08:55:38 | INFO     | [lf.day.start] Processing ATZ-DMM for 04APR
2026-01-17 08:55:39 | WARNING  | [lf.day.no_flights] No direct flights on 04APR
2026-01-17 08:55:39 | INFO     | [SUCCESS] Day 04APR
2026-01-17 08:55:39 | INFO     | [DAY_START] Processing 03APR
2026-01-17 08:55:39 | INFO     | [lf.day.start] Processing ATZ-DMM for 03APR
2026-01-17 08:55:40 | WARNING  | [lf.day.no_flights] No direct flights on 03APR
2026-01-17 08:55:40 | INFO     | [SUCCESS] Day 03APR
2026-01-17 08:55:40 | INFO     | [DAY_START] Processing 02APR
2026-01-17 08:55:40 | INFO     | [lf.day.start] Processing ATZ-DMM for 02APR
2026-01-17 08:55:41 | WARNING  | [lf.day.no_flights] No direct flights on 02APR
2026-01-17 08:55:41 | INFO     | [SUCCESS] Day 02APR
2026-01-17 08:55:41 | INFO     | [SUCCESS] LF Search Complete
2026-01-17 08:55:41 | INFO     | [Worker_9225] Completed: ATZ-DMM - 8 results, 0 errors
2026-01-17 08:55:41 | INFO     | [Worker_9225] Processing: CAI-AJF
2026-01-17 08:55:41 | INFO     |   Tier 0: Range 4, Chunk 3/3 (8 days)
