2026-01-17 08:48:56 | INFO     | ======================================================================
2026-01-17 08:48:56 | INFO     | Load Factor Scraper Started - Route: AJF-ATZ
2026-01-17 08:48:56 | INFO     | Log file: D:\CODERED\LAB\Artifacts\outputs\run_generated_170126_at_08.47_RETRY\logs\LF_AJF-ATZ_20260117_084856.log
2026-01-17 08:48:56 | INFO     | Enhanced logging: Capturing both logging.info() and print()
2026-01-17 08:48:56 | INFO     | ======================================================================
2026-01-17 08:48:56 | INFO     | Starting LF search for route: AJF-ATZ
2026-01-17 08:48:56 | INFO     | [START] LF Search
2026-01-17 08:48:57 | INFO     | [HEALTH CHECK] [OK] Chrome connection is healthy
2026-01-17 08:48:57 | INFO     | [DAY_START] Processing 27APR
2026-01-17 08:48:57 | INFO     | [lf.day.start] Processing AJF-ATZ for 27APR
2026-01-17 08:48:58 | WARNING  | [lf.day.no_flights] No direct flights on 27APR
2026-01-17 08:48:58 | INFO     | [SUCCESS] Day 27APR
2026-01-17 08:48:58 | INFO     | [DAY_START] Processing 26APR
2026-01-17 08:48:58 | INFO     | [lf.day.start] Processing AJF-ATZ for 26APR
2026-01-17 08:48:59 | WARNING  | [lf.day.no_flights] No direct flights on 26APR
2026-01-17 08:48:59 | INFO     | [SUCCESS] Day 26APR
2026-01-17 08:48:59 | INFO     | [DAY_START] Processing 25APR
2026-01-17 08:48:59 | INFO     | [lf.day.start] Processing AJF-ATZ for 25APR
2026-01-17 08:49:00 | WARNING  | [lf.day.no_flights] No direct flights on 25APR
2026-01-17 08:49:00 | INFO     | [SUCCESS] Day 25APR
2026-01-17 08:49:00 | INFO     | [DAY_START] Processing 24APR
2026-01-17 08:49:00 | INFO     | [lf.day.start] Processing AJF-ATZ for 24APR
2026-01-17 08:49:01 | WARNING  | [lf.day.no_flights] No direct flights on 24APR
2026-01-17 08:49:01 | INFO     | [SUCCESS] Day 24APR
2026-01-17 08:49:01 | INFO     | [DAY_START] Processing 23APR
2026-01-17 08:49:01 | INFO     | [lf.day.start] Processing AJF-ATZ for 23APR
2026-01-17 08:49:02 | WARNING  | [lf.day.no_flights] No direct flights on 23APR
2026-01-17 08:49:02 | INFO     | [SUCCESS] Day 23APR
2026-01-17 08:49:02 | INFO     | [DAY_START] Processing 22APR
2026-01-17 08:49:02 | INFO     | [lf.day.start] Processing AJF-ATZ for 22APR
2026-01-17 08:49:03 | WARNING  | [lf.day.no_flights] No direct flights on 22APR
2026-01-17 08:49:03 | INFO     | [SUCCESS] Day 22APR
2026-01-17 08:49:03 | INFO     | [DAY_START] Processing 21APR
2026-01-17 08:49:03 | INFO     | [lf.day.start] Processing AJF-ATZ for 21APR
2026-01-17 08:49:05 | WARNING  | [lf.day.no_flights] No direct flights on 21APR
2026-01-17 08:49:05 | INFO     | [SUCCESS] Day 21APR
2026-01-17 08:49:05 | INFO     | [DAY_START] Processing 20APR
2026-01-17 08:49:05 | INFO     | [lf.day.start] Processing AJF-ATZ for 20APR
2026-01-17 08:49:07 | WARNING  | [lf.day.no_flights] No direct flights on 20APR
2026-01-17 08:49:07 | INFO     | [SUCCESS] Day 20APR
2026-01-17 08:49:07 | INFO     | [DAY_START] Processing 19APR
2026-01-17 08:49:07 | INFO     | [lf.day.start] Processing AJF-ATZ for 19APR
2026-01-17 08:49:08 | WARNING  | [lf.day.no_flights] No direct flights on 19APR
2026-01-17 08:49:08 | INFO     | [SUCCESS] Day 19APR
2026-01-17 08:49:08 | INFO     | [SUCCESS] LF Search Complete
2026-01-17 08:49:08 | INFO     | [Worker_9226] Completed: AJF-ATZ - 9 results, 0 errors
2026-01-17 08:49:08 | INFO     | [Worker_9226] Processing: ELQ-ATZ
2026-01-17 08:49:08 | INFO     |   Tier 0: Range 4, Chunk 1/3 (9 days)
