2026-01-17 09:09:05 | INFO     | ======================================================================
2026-01-17 09:09:05 | INFO     | Load Factor Scraper Started - Route: AJF-ATZ
2026-01-17 09:09:05 | INFO     | Log file: D:\CODERED\LAB\Artifacts\outputs\run_generated_170126_at_08.47_RETRY\logs\LF_AJF-ATZ_20260117_090905.log
2026-01-17 09:09:05 | INFO     | Enhanced logging: Capturing both logging.info() and print()
2026-01-17 09:09:05 | INFO     | ======================================================================
2026-01-17 09:09:05 | INFO     | Starting LF search for route: AJF-ATZ
2026-01-17 09:09:05 | INFO     | [START] LF Search
2026-01-17 09:09:06 | INFO     | [HEALTH CHECK] [OK] Chrome connection is healthy
2026-01-17 09:09:06 | INFO     | [DAY_START] Processing 07MAR
2026-01-17 09:09:06 | INFO     | [lf.day.start] Processing AJF-ATZ for 07MAR
2026-01-17 09:09:07 | WARNING  | [lf.day.no_flights] No direct flights on 07MAR
2026-01-17 09:09:07 | INFO     | [SUCCESS] Day 07MAR
2026-01-17 09:09:07 | INFO     | [DAY_START] Processing 06MAR
2026-01-17 09:09:07 | INFO     | [lf.day.start] Processing AJF-ATZ for 06MAR
2026-01-17 09:09:08 | INFO     | [lf.day.flights_found] Found 1 flights on 06MAR
2026-01-17 09:09:10 | INFO     | [lf.flight.extracted] SM324 on 06MAR: BKG=54, LF=32.3%
2026-01-17 09:09:14 | INFO     | [SUCCESS] Day 06MAR
2026-01-17 09:09:14 | INFO     | [DAY_START] Processing 05MAR
2026-01-17 09:09:14 | INFO     | [lf.day.start] Processing AJF-ATZ for 05MAR
2026-01-17 09:09:15 | WARNING  | [lf.day.no_flights] No direct flights on 05MAR
2026-01-17 09:09:15 | INFO     | [SUCCESS] Day 05MAR
2026-01-17 09:09:15 | INFO     | [DAY_START] Processing 04MAR
2026-01-17 09:09:15 | INFO     | [lf.day.start] Processing AJF-ATZ for 04MAR
2026-01-17 09:09:16 | WARNING  | [lf.day.no_flights] No direct flights on 04MAR
2026-01-17 09:09:16 | INFO     | [SUCCESS] Day 04MAR
2026-01-17 09:09:16 | INFO     | [DAY_START] Processing 03MAR
2026-01-17 09:09:16 | INFO     | [lf.day.start] Processing AJF-ATZ for 03MAR
2026-01-17 09:09:17 | WARNING  | [lf.day.no_flights] No direct flights on 03MAR
2026-01-17 09:09:17 | INFO     | [SUCCESS] Day 03MAR
2026-01-17 09:09:17 | INFO     | [DAY_START] Processing 02MAR
2026-01-17 09:09:17 | INFO     | [lf.day.start] Processing AJF-ATZ for 02MAR
2026-01-17 09:09:18 | WARNING  | [lf.day.no_flights] No direct flights on 02MAR
2026-01-17 09:09:18 | INFO     | [SUCCESS] Day 02MAR
2026-01-17 09:09:18 | INFO     | [DAY_START] Processing 01MAR
2026-01-17 09:09:18 | INFO     | [lf.day.start] Processing AJF-ATZ for 01MAR
2026-01-17 09:09:19 | WARNING  | [lf.day.no_flights] No direct flights on 01MAR
2026-01-17 09:09:20 | INFO     | [SUCCESS] Day 01MAR
2026-01-17 09:09:20 | INFO     | [DAY_START] Processing 28FEB
2026-01-17 09:09:20 | INFO     | [lf.day.start] Processing AJF-ATZ for 28FEB
2026-01-17 09:09:21 | WARNING  | [lf.day.no_flights] No direct flights on 28FEB
2026-01-17 09:09:21 | INFO     | [SUCCESS] Day 28FEB
2026-01-17 09:09:21 | INFO     | [DAY_START] Processing 27FEB
2026-01-17 09:09:21 | INFO     | [lf.day.start] Processing AJF-ATZ for 27FEB
2026-01-17 09:09:22 | INFO     | [lf.day.flights_found] Found 1 flights on 27FEB
2026-01-17 09:09:24 | INFO     | [lf.flight.extracted] SM324 on 27FEB: BKG=17, LF=9.7%
2026-01-17 09:09:26 | INFO     | [SUCCESS] Day 27FEB
2026-01-17 09:09:26 | INFO     | [SUCCESS] LF Search Complete
2026-01-17 09:09:26 | INFO     | [Worker_9227] Completed: AJF-ATZ - 9 results, 0 errors
2026-01-17 09:09:26 | INFO     | [Worker_9227] Processing: ELQ-CAI
2026-01-17 09:09:26 | INFO     |   Tier 0: Range 2, Chunk 1/3 (9 days)
