2026-01-17 09:32:08 | INFO     | ======================================================================
2026-01-17 09:32:08 | INFO     | Load Factor Scraper Started - Route: AHB-ATZ
2026-01-17 09:32:08 | INFO     | Log file: D:\CODERED\LAB\Artifacts\outputs\run_generated_170126_at_08.47_RETRY\logs\LF_AHB-ATZ_20260117_093208.log
2026-01-17 09:32:08 | INFO     | Enhanced logging: Capturing both logging.info() and print()
2026-01-17 09:32:08 | INFO     | ======================================================================
2026-01-17 09:32:08 | INFO     | Starting LF search for route: AHB-ATZ
2026-01-17 09:32:08 | INFO     | [START] LF Search
2026-01-17 09:32:09 | INFO     | [HEALTH CHECK] [OK] Chrome connection is healthy
2026-01-17 09:32:09 | INFO     | [DAY_START] Processing 24JAN
2026-01-17 09:32:09 | INFO     | [lf.day.start] Processing AHB-ATZ for 24JAN
2026-01-17 09:32:10 | WARNING  | [lf.day.no_flights] No direct flights on 24JAN
2026-01-17 09:32:10 | INFO     | [SUCCESS] Day 24JAN
2026-01-17 09:32:10 | INFO     | [DAY_START] Processing 23JAN
2026-01-17 09:32:10 | INFO     | [lf.day.start] Processing AHB-ATZ for 23JAN
2026-01-17 09:32:11 | INFO     | [lf.day.flights_found] Found 1 flights on 23JAN
2026-01-17 09:32:13 | INFO     | [lf.flight.extracted] SM446 on 23JAN: BKG=85, LF=48.6%
2026-01-17 09:32:17 | INFO     | [SUCCESS] Day 23JAN
2026-01-17 09:32:17 | INFO     | [DAY_START] Processing 22JAN
2026-01-17 09:32:17 | INFO     | [lf.day.start] Processing AHB-ATZ for 22JAN
2026-01-17 09:32:18 | WARNING  | [lf.day.no_flights] No direct flights on 22JAN
2026-01-17 09:32:19 | INFO     | [SUCCESS] Day 22JAN
2026-01-17 09:32:19 | INFO     | [DAY_START] Processing 21JAN
2026-01-17 09:32:19 | INFO     | [lf.day.start] Processing AHB-ATZ for 21JAN
2026-01-17 09:32:20 | WARNING  | [lf.day.no_flights] No direct flights on 21JAN
2026-01-17 09:32:20 | INFO     | [SUCCESS] Day 21JAN
2026-01-17 09:32:20 | INFO     | [DAY_START] Processing 20JAN
2026-01-17 09:32:20 | INFO     | [lf.day.start] Processing AHB-ATZ for 20JAN
2026-01-17 09:32:21 | WARNING  | [lf.day.no_flights] No direct flights on 20JAN
2026-01-17 09:32:21 | INFO     | [SUCCESS] Day 20JAN
2026-01-17 09:32:21 | INFO     | [DAY_START] Processing 19JAN
2026-01-17 09:32:21 | INFO     | [lf.day.start] Processing AHB-ATZ for 19JAN
2026-01-17 09:32:22 | WARNING  | [lf.day.no_flights] No direct flights on 19JAN
2026-01-17 09:32:22 | INFO     | [SUCCESS] Day 19JAN
2026-01-17 09:32:22 | INFO     | [DAY_START] Processing 18JAN
2026-01-17 09:32:22 | INFO     | [lf.day.start] Processing AHB-ATZ for 18JAN
2026-01-17 09:32:23 | WARNING  | [lf.day.no_flights] No direct flights on 18JAN
2026-01-17 09:32:23 | INFO     | [SUCCESS] Day 18JAN
2026-01-17 09:32:23 | INFO     | [SUCCESS] LF Search Complete
2026-01-17 09:32:23 | INFO     | [Worker_9232] Completed: AHB-ATZ - 7 results, 0 errors
2026-01-17 09:32:23 | INFO     | [Worker_9232] Processing: GIZ-CAI
2026-01-17 09:32:23 | INFO     |   Tier 0: Range 1, Chunk 3/3 (8 days)
