2026-01-17 08:59:24 | INFO     | ======================================================================
2026-01-17 08:59:24 | INFO     | Load Factor Scraper Started - Route: ATZ-AJF
2026-01-17 08:59:24 | INFO     | Log file: D:\CODERED\LAB\Artifacts\outputs\run_generated_170126_at_08.47_RETRY\logs\LF_ATZ-AJF_20260117_085924.log
2026-01-17 08:59:24 | INFO     | Enhanced logging: Capturing both logging.info() and print()
2026-01-17 08:59:24 | INFO     | ======================================================================
2026-01-17 08:59:24 | INFO     | Starting LF search for route: ATZ-AJF
2026-01-17 08:59:24 | INFO     | [START] LF Search
2026-01-17 08:59:25 | INFO     | [HEALTH CHECK] [OK] Chrome connection is healthy
2026-01-17 08:59:26 | INFO     | [DAY_START] Processing 01APR
2026-01-17 08:59:26 | INFO     | [lf.day.start] Processing ATZ-AJF for 01APR
2026-01-17 08:59:27 | WARNING  | [lf.day.no_flights] No direct flights on 01APR
2026-01-17 08:59:27 | INFO     | [SUCCESS] Day 01APR
2026-01-17 08:59:27 | INFO     | [DAY_START] Processing 31MAR
2026-01-17 08:59:27 | INFO     | [lf.day.start] Processing ATZ-AJF for 31MAR
2026-01-17 08:59:28 | WARNING  | [lf.day.no_flights] No direct flights on 31MAR
2026-01-17 08:59:28 | INFO     | [SUCCESS] Day 31MAR
2026-01-17 08:59:28 | INFO     | [DAY_START] Processing 30MAR
2026-01-17 08:59:28 | INFO     | [lf.day.start] Processing ATZ-AJF for 30MAR
2026-01-17 08:59:29 | WARNING  | [lf.day.no_flights] No direct flights on 30MAR
2026-01-17 08:59:30 | INFO     | [SUCCESS] Day 30MAR
2026-01-17 08:59:30 | INFO     | [DAY_START] Processing 29MAR
2026-01-17 08:59:30 | INFO     | [lf.day.start] Processing ATZ-AJF for 29MAR
2026-01-17 08:59:31 | WARNING  | [lf.day.no_flights] No direct flights on 29MAR
2026-01-17 08:59:31 | INFO     | [SUCCESS] Day 29MAR
2026-01-17 08:59:31 | INFO     | [DAY_START] Processing 28MAR
2026-01-17 08:59:31 | INFO     | [lf.day.start] Processing ATZ-AJF for 28MAR
2026-01-17 08:59:32 | WARNING  | [lf.day.no_flights] No direct flights on 28MAR
2026-01-17 08:59:32 | INFO     | [SUCCESS] Day 28MAR
2026-01-17 08:59:32 | INFO     | [DAY_START] Processing 27MAR
2026-01-17 08:59:32 | INFO     | [lf.day.start] Processing ATZ-AJF for 27MAR
2026-01-17 08:59:33 | INFO     | [lf.day.flights_found] Found 1 flights on 27MAR
2026-01-17 08:59:35 | INFO     | [lf.flight.extracted] SM323 on 27MAR: BKG=40, LF=22.4%
2026-01-17 08:59:39 | INFO     | [SUCCESS] Day 27MAR
2026-01-17 08:59:39 | INFO     | [DAY_START] Processing 26MAR
2026-01-17 08:59:39 | INFO     | [lf.day.start] Processing ATZ-AJF for 26MAR
2026-01-17 08:59:40 | WARNING  | [lf.day.no_flights] No direct flights on 26MAR
2026-01-17 08:59:40 | INFO     | [SUCCESS] Day 26MAR
2026-01-17 08:59:40 | INFO     | [DAY_START] Processing 25MAR
2026-01-17 08:59:40 | INFO     | [lf.day.start] Processing ATZ-AJF for 25MAR
2026-01-17 08:59:41 | WARNING  | [lf.day.no_flights] No direct flights on 25MAR
2026-01-17 08:59:41 | INFO     | [SUCCESS] Day 25MAR
2026-01-17 08:59:41 | INFO     | [DAY_START] Processing 24MAR
2026-01-17 08:59:41 | INFO     | [lf.day.start] Processing ATZ-AJF for 24MAR
2026-01-17 08:59:42 | WARNING  | [lf.day.no_flights] No direct flights on 24MAR
2026-01-17 08:59:42 | INFO     | [SUCCESS] Day 24MAR
2026-01-17 08:59:42 | INFO     | [SUCCESS] LF Search Complete
2026-01-17 08:59:42 | INFO     | [Worker_9224] Completed: ATZ-AJF - 9 results, 0 errors
2026-01-17 08:59:42 | INFO     | [Worker_9224] Processing: CAI-ELQ
2026-01-17 08:59:42 | INFO     |   Tier 0: Range 3, Chunk 1/3 (9 days)
