2026-01-17 09:33:25 | INFO     | ======================================================================
2026-01-17 09:33:25 | INFO     | Load Factor Scraper Started - Route: ATZ-RUH
2026-01-17 09:33:25 | INFO     | Log file: D:\CODERED\LAB\Artifacts\outputs\run_generated_170126_at_08.47_RETRY\logs\LF_ATZ-RUH_20260117_093325.log
2026-01-17 09:33:25 | INFO     | Enhanced logging: Capturing both logging.info() and print()
2026-01-17 09:33:25 | INFO     | ======================================================================
2026-01-17 09:33:25 | INFO     | Starting LF search for route: ATZ-RUH
2026-01-17 09:33:25 | INFO     | [START] LF Search
2026-01-17 09:33:26 | INFO     | [HEALTH CHECK] [OK] Chrome connection is healthy
2026-01-17 09:33:26 | INFO     | [DAY_START] Processing 24JAN
2026-01-17 09:33:26 | INFO     | [lf.day.start] Processing ATZ-RUH for 24JAN
2026-01-17 09:33:27 | WARNING  | [lf.day.no_flights] No direct flights on 24JAN
2026-01-17 09:33:27 | INFO     | [SUCCESS] Day 24JAN
2026-01-17 09:33:27 | INFO     | [DAY_START] Processing 23JAN
2026-01-17 09:33:27 | INFO     | [lf.day.start] Processing ATZ-RUH for 23JAN
2026-01-17 09:33:28 | WARNING  | [lf.day.no_flights] No direct flights on 23JAN
2026-01-17 09:33:28 | INFO     | [SUCCESS] Day 23JAN
2026-01-17 09:33:28 | INFO     | [DAY_START] Processing 22JAN
2026-01-17 09:33:28 | INFO     | [lf.day.start] Processing ATZ-RUH for 22JAN
2026-01-17 09:33:29 | WARNING  | [lf.day.no_flights] No direct flights on 22JAN
2026-01-17 09:33:29 | INFO     | [SUCCESS] Day 22JAN
2026-01-17 09:33:29 | INFO     | [DAY_START] Processing 21JAN
2026-01-17 09:33:29 | INFO     | [lf.day.start] Processing ATZ-RUH for 21JAN
2026-01-17 09:33:30 | INFO     | [lf.day.flights_found] Found 1 flights on 21JAN
2026-01-17 09:33:33 | INFO     | [lf.flight.extracted] SM465 on 21JAN: BKG=149, LF=83.2%
2026-01-17 09:33:39 | INFO     | [SUCCESS] Day 21JAN
2026-01-17 09:33:39 | INFO     | [DAY_START] Processing 20JAN
2026-01-17 09:33:39 | INFO     | [lf.day.start] Processing ATZ-RUH for 20JAN
2026-01-17 09:33:40 | INFO     | [lf.day.flights_found] Found 1 flights on 20JAN
2026-01-17 09:33:42 | INFO     | [lf.flight.extracted] SM463 on 20JAN: BKG=179, LF=100.0%
2026-01-17 09:33:49 | INFO     | [SUCCESS] Day 20JAN
2026-01-17 09:33:49 | INFO     | [DAY_START] Processing 19JAN
2026-01-17 09:33:49 | INFO     | [lf.day.start] Processing ATZ-RUH for 19JAN
2026-01-17 09:33:50 | WARNING  | [lf.day.no_flights] No direct flights on 19JAN
2026-01-17 09:33:50 | INFO     | [SUCCESS] Day 19JAN
2026-01-17 09:33:50 | INFO     | [DAY_START] Processing 18JAN
2026-01-17 09:33:50 | INFO     | [lf.day.start] Processing ATZ-RUH for 18JAN
2026-01-17 09:33:51 | INFO     | [lf.day.flights_found] Found 1 flights on 18JAN
2026-01-17 09:33:53 | INFO     | [lf.flight.extracted] SM463 on 18JAN: BKG=179, LF=100.0%
2026-01-17 09:33:57 | INFO     | [SUCCESS] Day 18JAN
2026-01-17 09:33:57 | INFO     | [SUCCESS] LF Search Complete
2026-01-17 09:33:57 | INFO     | [Worker_9222] Completed: ATZ-RUH - 7 results, 0 errors
2026-01-17 09:33:57 | INFO     | [Worker_9222] Processing: CAI-AJF
2026-01-17 09:33:57 | INFO     |   Tier 0: Range 1, Chunk 3/3 (8 days)
