2026-01-17 09:23:12 | INFO     | ======================================================================
2026-01-17 09:23:12 | INFO     | Load Factor Scraper Started - Route: ATZ-JED
2026-01-17 09:23:12 | INFO     | Log file: D:\CODERED\LAB\Artifacts\outputs\run_generated_170126_at_08.47_RETRY\logs\LF_ATZ-JED_20260117_092312.log
2026-01-17 09:23:12 | INFO     | Enhanced logging: Capturing both logging.info() and print()
2026-01-17 09:23:12 | INFO     | ======================================================================
2026-01-17 09:23:12 | INFO     | Starting LF search for route: ATZ-JED
2026-01-17 09:23:12 | INFO     | [START] LF Search
2026-01-17 09:23:12 | INFO     | [HEALTH CHECK] [OK] Chrome connection is healthy
2026-01-17 09:23:13 | INFO     | [DAY_START] Processing 10FEB
2026-01-17 09:23:13 | INFO     | [lf.day.start] Processing ATZ-JED for 10FEB
2026-01-17 09:23:13 | INFO     | [lf.day.flights_found] Found 3 flights on 10FEB
2026-01-17 09:23:15 | INFO     | [lf.flight.extracted] SM453 on 10FEB: BKG=179, LF=100.0%
2026-01-17 09:23:19 | INFO     | [lf.flight.extracted] SM2447 on 10FEB: BKG=180, LF=100.6%
2026-01-17 09:23:23 | INFO     | [lf.flight.extracted] SM455 on 10FEB: BKG=163, LF=91.1%
2026-01-17 09:23:29 | INFO     | [SUCCESS] Day 10FEB
2026-01-17 09:23:29 | INFO     | [DAY_START] Processing 09FEB
2026-01-17 09:23:29 | INFO     | [lf.day.start] Processing ATZ-JED for 09FEB
2026-01-17 09:23:30 | INFO     | [lf.day.flights_found] Found 4 flights on 09FEB
2026-01-17 09:23:32 | INFO     | [lf.flight.extracted] SM491 on 09FEB: BKG=181, LF=101.1%
2026-01-17 09:23:35 | INFO     | [lf.flight.extracted] SM455 on 09FEB: BKG=182, LF=101.7%
2026-01-17 09:23:38 | INFO     | [lf.flight.extracted] SM453 on 09FEB: BKG=184, LF=102.8%
2026-01-17 09:23:42 | INFO     | [lf.flight.extracted] SM975 on 09FEB: BKG=180, LF=100.6%
2026-01-17 09:23:48 | INFO     | [SUCCESS] Day 09FEB
2026-01-17 09:23:48 | INFO     | [DAY_START] Processing 08FEB
2026-01-17 09:23:48 | INFO     | [lf.day.start] Processing ATZ-JED for 08FEB
2026-01-17 09:23:49 | INFO     | [lf.day.flights_found] Found 5 flights on 08FEB
2026-01-17 09:23:51 | INFO     | [lf.flight.extracted] SM961 on 08FEB: BKG=180, LF=100.6%
2026-01-17 09:23:55 | INFO     | [lf.flight.extracted] SM491 on 08FEB: BKG=148, LF=82.7%
2026-01-17 09:23:58 | INFO     | [lf.flight.extracted] SM455 on 08FEB: BKG=153, LF=85.5%
2026-01-17 09:24:02 | INFO     | [lf.flight.extracted] SM2441 on 08FEB: BKG=0, LF=0.0%
2026-01-17 09:24:05 | INFO     | [lf.flight.extracted] SM973 on 08FEB: BKG=180, LF=100.6%
2026-01-17 09:24:13 | INFO     | [SUCCESS] Day 08FEB
2026-01-17 09:24:13 | INFO     | [DAY_START] Processing 07FEB
2026-01-17 09:24:13 | INFO     | [lf.day.start] Processing ATZ-JED for 07FEB
2026-01-17 09:24:14 | INFO     | [lf.day.flights_found] Found 4 flights on 07FEB
2026-01-17 09:24:16 | INFO     | [lf.flight.extracted] SM491 on 07FEB: BKG=150, LF=83.8%
2026-01-17 09:24:20 | INFO     | [lf.flight.extracted] SM453 on 07FEB: BKG=149, LF=83.2%
2026-01-17 09:24:23 | INFO     | [lf.flight.extracted] SM957 on 07FEB: BKG=180, LF=100.0%
2026-01-17 09:24:27 | INFO     | [lf.flight.extracted] SM455 on 07FEB: BKG=159, LF=88.8%
2026-01-17 09:24:37 | INFO     | [SUCCESS] Day 07FEB
2026-01-17 09:24:37 | INFO     | [DAY_START] Processing 06FEB
2026-01-17 09:24:37 | INFO     | [lf.day.start] Processing ATZ-JED for 06FEB
2026-01-17 09:24:38 | INFO     | [lf.day.flights_found] Found 2 flights on 06FEB
2026-01-17 09:24:40 | INFO     | [lf.flight.extracted] SM491 on 06FEB: BKG=147, LF=82.1%
2026-01-17 09:24:43 | INFO     | [lf.flight.extracted] SM955 on 06FEB: BKG=180, LF=100.6%
2026-01-17 09:24:47 | INFO     | [SUCCESS] Day 06FEB
2026-01-17 09:24:47 | INFO     | [DAY_START] Processing 05FEB
2026-01-17 09:24:47 | INFO     | [lf.day.start] Processing ATZ-JED for 05FEB
2026-01-17 09:24:48 | INFO     | [lf.day.flights_found] Found 3 flights on 05FEB
2026-01-17 09:24:50 | INFO     | [lf.flight.extracted] SM963 on 05FEB: BKG=180, LF=100.6%
2026-01-17 09:24:54 | INFO     | [lf.flight.extracted] SM453 on 05FEB: BKG=17, LF=9.5%
2026-01-17 09:24:57 | INFO     | [lf.flight.extracted] SM455 on 05FEB: BKG=20, LF=11.2%
2026-01-17 09:25:03 | INFO     | [SUCCESS] Day 05FEB
2026-01-17 09:25:03 | INFO     | [DAY_START] Processing 04FEB
2026-01-17 09:25:03 | INFO     | [lf.day.start] Processing ATZ-JED for 04FEB
2026-01-17 09:25:04 | INFO     | [lf.day.flights_found] Found 3 flights on 04FEB
2026-01-17 09:25:06 | INFO     | [lf.flight.extracted] SM453 on 04FEB: BKG=11, LF=6.2%
2026-01-17 09:25:11 | INFO     | [lf.flight.extracted] SM491 on 04FEB: BKG=17, LF=9.5%
2026-01-17 09:25:14 | INFO     | [lf.flight.extracted] SM421 on 04FEB: BKG=13, LF=7.3%
2026-01-17 09:25:20 | INFO     | [SUCCESS] Day 04FEB
2026-01-17 09:25:20 | INFO     | [DAY_START] Processing 03FEB
2026-01-17 09:25:20 | INFO     | [lf.day.start] Processing ATZ-JED for 03FEB
2026-01-17 09:25:21 | INFO     | [lf.day.flights_found] Found 2 flights on 03FEB
2026-01-17 09:25:23 | INFO     | [lf.flight.extracted] SM453 on 03FEB: BKG=180, LF=100.6%
2026-01-17 09:25:26 | INFO     | [lf.flight.extracted] SM455 on 03FEB: BKG=187, LF=104.5%
2026-01-17 09:25:32 | INFO     | [SUCCESS] Day 03FEB
2026-01-17 09:25:32 | INFO     | [DAY_START] Processing 02FEB
2026-01-17 09:25:32 | INFO     | [lf.day.start] Processing ATZ-JED for 02FEB
2026-01-17 09:25:33 | INFO     | [lf.day.flights_found] Found 4 flights on 02FEB
2026-01-17 09:25:35 | INFO     | [lf.flight.extracted] SM491 on 02FEB: BKG=179, LF=100.0%
2026-01-17 09:25:38 | INFO     | [lf.flight.extracted] SM455 on 02FEB: BKG=136, LF=76.0%
2026-01-17 09:25:42 | INFO     | [lf.flight.extracted] SM421 on 02FEB: BKG=160, LF=89.4%
2026-01-17 09:25:45 | INFO     | [lf.flight.extracted] SM453 on 02FEB: BKG=145, LF=81.0%
2026-01-17 09:25:53 | INFO     | [SUCCESS] Day 02FEB
2026-01-17 09:25:53 | INFO     | [SUCCESS] LF Search Complete
2026-01-17 09:25:53 | INFO     | [Worker_9226] Completed: ATZ-JED - 9 results, 0 errors
2026-01-17 09:25:53 | INFO     | [Worker_9226] Processing: JED-ATZ
2026-01-17 09:25:53 | INFO     |   Tier 0: Range 1, Chunk 2/3 (8 days)
