2026-01-17 08:48:55 | INFO     | ======================================================================
2026-01-17 08:48:55 | INFO     | Load Factor Scraper Started - Route: AJF-CAI
2026-01-17 08:48:55 | INFO     | Log file: D:\CODERED\LAB\Artifacts\outputs\run_generated_170126_at_08.47_RETRY\logs\LF_AJF-CAI_20260117_084855.log
2026-01-17 08:48:55 | INFO     | Enhanced logging: Capturing both logging.info() and print()
2026-01-17 08:48:55 | INFO     | ======================================================================
2026-01-17 08:48:55 | INFO     | Starting LF search for route: AJF-CAI
2026-01-17 08:48:55 | INFO     | [START] LF Search
2026-01-17 08:48:56 | INFO     | [HEALTH CHECK] [OK] Chrome connection is healthy
2026-01-17 08:48:56 | INFO     | [DAY_START] Processing 27APR
2026-01-17 08:48:56 | INFO     | [lf.day.start] Processing AJF-CAI for 27APR
2026-01-17 08:48:57 | WARNING  | [lf.day.no_flights] No direct flights on 27APR
2026-01-17 08:48:57 | INFO     | [SUCCESS] Day 27APR
2026-01-17 08:48:57 | INFO     | [DAY_START] Processing 26APR
2026-01-17 08:48:57 | INFO     | [lf.day.start] Processing AJF-CAI for 26APR
2026-01-17 08:48:58 | INFO     | [lf.day.flights_found] Found 1 flights on 26APR
2026-01-17 08:49:00 | INFO     | [lf.flight.extracted] SM322 on 26APR: BKG=0, LF=0.0%
2026-01-17 08:49:01 | INFO     | [SUCCESS] Day 26APR
2026-01-17 08:49:01 | INFO     | [DAY_START] Processing 25APR
2026-01-17 08:49:01 | INFO     | [lf.day.start] Processing AJF-CAI for 25APR
2026-01-17 08:49:02 | WARNING  | [lf.day.no_flights] No direct flights on 25APR
2026-01-17 08:49:02 | INFO     | [SUCCESS] Day 25APR
2026-01-17 08:49:02 | INFO     | [DAY_START] Processing 24APR
2026-01-17 08:49:02 | INFO     | [lf.day.start] Processing AJF-CAI for 24APR
2026-01-17 08:49:03 | INFO     | [lf.day.flights_found] Found 1 flights on 24APR
2026-01-17 08:49:05 | INFO     | [lf.flight.extracted] SM322 on 24APR: BKG=0, LF=0.0%
2026-01-17 08:49:07 | INFO     | [SUCCESS] Day 24APR
2026-01-17 08:49:07 | INFO     | [DAY_START] Processing 23APR
2026-01-17 08:49:07 | INFO     | [lf.day.start] Processing AJF-CAI for 23APR
2026-01-17 08:49:09 | INFO     | [lf.day.flights_found] Found 1 flights on 23APR
2026-01-17 08:49:11 | INFO     | [lf.flight.extracted] SM322 on 23APR: BKG=3, LF=1.7%
2026-01-17 08:49:15 | INFO     | [SUCCESS] Day 23APR
2026-01-17 08:49:15 | INFO     | [DAY_START] Processing 22APR
2026-01-17 08:49:15 | INFO     | [lf.day.start] Processing AJF-CAI for 22APR
2026-01-17 08:49:16 | WARNING  | [lf.day.no_flights] No direct flights on 22APR
2026-01-17 08:49:16 | INFO     | [SUCCESS] Day 22APR
2026-01-17 08:49:16 | INFO     | [DAY_START] Processing 21APR
2026-01-17 08:49:16 | INFO     | [lf.day.start] Processing AJF-CAI for 21APR
2026-01-17 08:49:17 | WARNING  | [lf.day.no_flights] No direct flights on 21APR
2026-01-17 08:49:18 | INFO     | [SUCCESS] Day 21APR
2026-01-17 08:49:18 | INFO     | [DAY_START] Processing 20APR
2026-01-17 08:49:18 | INFO     | [lf.day.start] Processing AJF-CAI for 20APR
2026-01-17 08:49:19 | WARNING  | [lf.day.no_flights] No direct flights on 20APR
2026-01-17 08:49:19 | INFO     | [SUCCESS] Day 20APR
2026-01-17 08:49:19 | INFO     | [DAY_START] Processing 19APR
2026-01-17 08:49:19 | INFO     | [lf.day.start] Processing AJF-CAI for 19APR
2026-01-17 08:49:20 | INFO     | [lf.day.flights_found] Found 1 flights on 19APR
2026-01-17 08:49:22 | INFO     | [lf.flight.extracted] SM322 on 19APR: BKG=1, LF=0.6%
2026-01-17 08:49:25 | INFO     | [SUCCESS] Day 19APR
2026-01-17 08:49:25 | INFO     | [SUCCESS] LF Search Complete
2026-01-17 08:49:25 | INFO     | [Worker_9223] Completed: AJF-CAI - 9 results, 0 errors
2026-01-17 08:49:25 | INFO     | [Worker_9223] Processing: ATZ-MED
2026-01-17 08:49:25 | INFO     |   Tier 0: Range 4, Chunk 1/3 (9 days)
