2026-01-17 09:27:25 | INFO     | ======================================================================
2026-01-17 09:27:25 | INFO     | Load Factor Scraper Started - Route: AHB-CAI
2026-01-17 09:27:25 | INFO     | Log file: D:\CODERED\LAB\Artifacts\outputs\run_generated_170126_at_08.47_RETRY\logs\LF_AHB-CAI_20260117_092725.log
2026-01-17 09:27:25 | INFO     | Enhanced logging: Capturing both logging.info() and print()
2026-01-17 09:27:25 | INFO     | ======================================================================
2026-01-17 09:27:25 | INFO     | Starting LF search for route: AHB-CAI
2026-01-17 09:27:25 | INFO     | [START] LF Search
2026-01-17 09:27:25 | INFO     | [HEALTH CHECK] [OK] Chrome connection is healthy
2026-01-17 09:27:25 | INFO     | [DAY_START] Processing 01FEB
2026-01-17 09:27:25 | INFO     | [lf.day.start] Processing AHB-CAI for 01FEB
2026-01-17 09:27:27 | INFO     | [lf.day.flights_found] Found 1 flights on 01FEB
2026-01-17 09:27:29 | INFO     | [lf.flight.extracted] SM444 on 01FEB: BKG=27, LF=15.4%
2026-01-17 09:27:32 | INFO     | [SUCCESS] Day 01FEB
2026-01-17 09:27:32 | INFO     | [DAY_START] Processing 31JAN
2026-01-17 09:27:32 | INFO     | [lf.day.start] Processing AHB-CAI for 31JAN
2026-01-17 09:27:33 | WARNING  | [lf.day.no_flights] No direct flights on 31JAN
2026-01-17 09:27:33 | INFO     | [SUCCESS] Day 31JAN
2026-01-17 09:27:33 | INFO     | [DAY_START] Processing 30JAN
2026-01-17 09:27:33 | INFO     | [lf.day.start] Processing AHB-CAI for 30JAN
2026-01-17 09:27:34 | INFO     | [lf.day.flights_found] Found 1 flights on 30JAN
2026-01-17 09:27:36 | INFO     | [lf.flight.extracted] SM444 on 30JAN: BKG=67, LF=38.3%
2026-01-17 09:27:43 | INFO     | [SUCCESS] Day 30JAN
2026-01-17 09:27:43 | INFO     | [DAY_START] Processing 29JAN
2026-01-17 09:27:43 | INFO     | [lf.day.start] Processing AHB-CAI for 29JAN
2026-01-17 09:27:44 | INFO     | [lf.day.flights_found] Found 1 flights on 29JAN
2026-01-17 09:27:47 | INFO     | [lf.flight.extracted] SM448 on 29JAN: BKG=71, LF=40.6%
2026-01-17 09:27:55 | INFO     | [SUCCESS] Day 29JAN
2026-01-17 09:27:55 | INFO     | [DAY_START] Processing 28JAN
2026-01-17 09:27:55 | INFO     | [lf.day.start] Processing AHB-CAI for 28JAN
2026-01-17 09:27:56 | WARNING  | [lf.day.no_flights] No direct flights on 28JAN
2026-01-17 09:27:56 | INFO     | [SUCCESS] Day 28JAN
2026-01-17 09:27:56 | INFO     | [DAY_START] Processing 27JAN
2026-01-17 09:27:56 | INFO     | [lf.day.start] Processing AHB-CAI for 27JAN
2026-01-17 09:27:57 | WARNING  | [lf.day.no_flights] No direct flights on 27JAN
2026-01-17 09:27:58 | INFO     | [SUCCESS] Day 27JAN
2026-01-17 09:27:58 | INFO     | [DAY_START] Processing 26JAN
2026-01-17 09:27:58 | INFO     | [lf.day.start] Processing AHB-CAI for 26JAN
2026-01-17 09:27:59 | WARNING  | [lf.day.no_flights] No direct flights on 26JAN
2026-01-17 09:27:59 | INFO     | [SUCCESS] Day 26JAN
2026-01-17 09:27:59 | INFO     | [DAY_START] Processing 25JAN
2026-01-17 09:27:59 | INFO     | [lf.day.start] Processing AHB-CAI for 25JAN
2026-01-17 09:28:00 | INFO     | [lf.day.flights_found] Found 1 flights on 25JAN
2026-01-17 09:28:02 | INFO     | [lf.flight.extracted] SM444 on 25JAN: BKG=42, LF=24.0%
2026-01-17 09:28:05 | INFO     | [SUCCESS] Day 25JAN
2026-01-17 09:28:05 | INFO     | [SUCCESS] LF Search Complete
2026-01-17 09:28:05 | INFO     | [Worker_9222] Completed: AHB-CAI - 8 results, 0 errors
2026-01-17 09:28:05 | INFO     | [Worker_9222] Processing: HBE-MED
2026-01-17 09:28:05 | INFO     |   Tier 0: Range 1, Chunk 2/3 (8 days)
