2026-01-17 08:52:15 | INFO     | ======================================================================
2026-01-17 08:52:15 | INFO     | Load Factor Scraper Started - Route: ATZ-JED
2026-01-17 08:52:15 | INFO     | Log file: D:\CODERED\LAB\Artifacts\outputs\run_generated_170126_at_08.47_RETRY\logs\LF_ATZ-JED_20260117_085215.log
2026-01-17 08:52:15 | INFO     | Enhanced logging: Capturing both logging.info() and print()
2026-01-17 08:52:15 | INFO     | ======================================================================
2026-01-17 08:52:15 | INFO     | Starting LF search for route: ATZ-JED
2026-01-17 08:52:15 | INFO     | [START] LF Search
2026-01-17 08:52:16 | INFO     | [HEALTH CHECK] [OK] Chrome connection is healthy
2026-01-17 08:52:16 | INFO     | [DAY_START] Processing 18APR
2026-01-17 08:52:16 | INFO     | [lf.day.start] Processing ATZ-JED for 18APR
2026-01-17 08:52:18 | INFO     | [lf.day.flights_found] Found 1 flights on 18APR
2026-01-17 08:52:20 | INFO     | [lf.flight.extracted] SM455 on 18APR: BKG=7, LF=3.9%
2026-01-17 08:52:24 | INFO     | [SUCCESS] Day 18APR
2026-01-17 08:52:24 | INFO     | [DAY_START] Processing 17APR
2026-01-17 08:52:24 | INFO     | [lf.day.start] Processing ATZ-JED for 17APR
2026-01-17 08:52:35 | INFO     | [lf.day.flights_found] Found 1 flights on 17APR
2026-01-17 08:52:39 | INFO     | [lf.flight.extracted] SM455 on 17APR: BKG=2, LF=1.1%
2026-01-17 08:52:42 | INFO     | [SUCCESS] Day 17APR
2026-01-17 08:52:42 | INFO     | [DAY_START] Processing 16APR
2026-01-17 08:52:42 | INFO     | [lf.day.start] Processing ATZ-JED for 16APR
2026-01-17 08:52:43 | INFO     | [lf.day.flights_found] Found 1 flights on 16APR
2026-01-17 08:52:47 | INFO     | [lf.flight.extracted] SM455 on 16APR: BKG=6, LF=3.4%
2026-01-17 08:52:51 | INFO     | [SUCCESS] Day 16APR
2026-01-17 08:52:52 | INFO     | [DAY_START] Processing 15APR
2026-01-17 08:52:52 | INFO     | [lf.day.start] Processing ATZ-JED for 15APR
2026-01-17 08:52:52 | INFO     | [lf.day.flights_found] Found 1 flights on 15APR
2026-01-17 08:52:55 | INFO     | [lf.flight.extracted] SM455 on 15APR: BKG=10, LF=5.6%
2026-01-17 08:53:01 | INFO     | [SUCCESS] Day 15APR
2026-01-17 08:53:01 | INFO     | [DAY_START] Processing 14APR
2026-01-17 08:53:01 | INFO     | [lf.day.start] Processing ATZ-JED for 14APR
2026-01-17 08:53:02 | INFO     | [lf.day.flights_found] Found 1 flights on 14APR
2026-01-17 08:53:04 | INFO     | [lf.flight.extracted] SM455 on 14APR: BKG=6, LF=3.4%
2026-01-17 08:53:09 | INFO     | [SUCCESS] Day 14APR
2026-01-17 08:53:09 | INFO     | [DAY_START] Processing 13APR
2026-01-17 08:53:09 | INFO     | [lf.day.start] Processing ATZ-JED for 13APR
2026-01-17 08:53:10 | INFO     | [lf.day.flights_found] Found 1 flights on 13APR
2026-01-17 08:53:12 | INFO     | [lf.flight.extracted] SM455 on 13APR: BKG=1, LF=0.6%
2026-01-17 08:53:14 | INFO     | [SUCCESS] Day 13APR
2026-01-17 08:53:14 | INFO     | [DAY_START] Processing 12APR
2026-01-17 08:53:14 | INFO     | [lf.day.start] Processing ATZ-JED for 12APR
2026-01-17 08:53:15 | INFO     | [lf.day.flights_found] Found 1 flights on 12APR
2026-01-17 08:53:18 | INFO     | [lf.flight.extracted] SM455 on 12APR: BKG=6, LF=3.4%
2026-01-17 08:53:21 | INFO     | [SUCCESS] Day 12APR
2026-01-17 08:53:21 | INFO     | [DAY_START] Processing 11APR
2026-01-17 08:53:21 | INFO     | [lf.day.start] Processing ATZ-JED for 11APR
2026-01-17 08:53:22 | INFO     | [lf.day.flights_found] Found 1 flights on 11APR
2026-01-17 08:53:24 | INFO     | [lf.flight.extracted] SM455 on 11APR: BKG=5, LF=2.8%
2026-01-17 08:53:26 | INFO     | [SUCCESS] Day 11APR
2026-01-17 08:53:26 | INFO     | [DAY_START] Processing 10APR
2026-01-17 08:53:26 | INFO     | [lf.day.start] Processing ATZ-JED for 10APR
2026-01-17 08:53:27 | INFO     | [lf.day.flights_found] Found 1 flights on 10APR
2026-01-17 08:53:29 | INFO     | [lf.flight.extracted] SM455 on 10APR: BKG=5, LF=2.8%
2026-01-17 08:53:32 | INFO     | [SUCCESS] Day 10APR
2026-01-17 08:53:32 | INFO     | [SUCCESS] LF Search Complete
2026-01-17 08:53:32 | INFO     | [Worker_9232] Completed: ATZ-JED - 9 results, 0 errors
2026-01-17 08:53:32 | INFO     | [Worker_9232] Processing: MED-CAI
2026-01-17 08:53:32 | INFO     |   Tier 0: Range 4, Chunk 3/3 (8 days)
