2026-01-17 09:17:19 | INFO     | ======================================================================
2026-01-17 09:17:19 | INFO     | Load Factor Scraper Started - Route: AJF-CAI
2026-01-17 09:17:19 | INFO     | Log file: D:\CODERED\LAB\Artifacts\outputs\run_generated_170126_at_08.47_RETRY\logs\LF_AJF-CAI_20260117_091719.log
2026-01-17 09:17:19 | INFO     | Enhanced logging: Capturing both logging.info() and print()
2026-01-17 09:17:19 | INFO     | ======================================================================
2026-01-17 09:17:19 | INFO     | Starting LF search for route: AJF-CAI
2026-01-17 09:17:19 | INFO     | [START] LF Search
2026-01-17 09:17:20 | INFO     | [HEALTH CHECK] [OK] Chrome connection is healthy
2026-01-17 09:17:20 | INFO     | [DAY_START] Processing 18FEB
2026-01-17 09:17:20 | INFO     | [lf.day.start] Processing AJF-CAI for 18FEB
2026-01-17 09:17:21 | WARNING  | [lf.day.no_flights] No direct flights on 18FEB
2026-01-17 09:17:21 | INFO     | [SUCCESS] Day 18FEB
2026-01-17 09:17:21 | INFO     | [DAY_START] Processing 17FEB
2026-01-17 09:17:21 | INFO     | [lf.day.start] Processing AJF-CAI for 17FEB
2026-01-17 09:17:22 | INFO     | [lf.day.flights_found] Found 1 flights on 17FEB
2026-01-17 09:17:24 | INFO     | [lf.flight.extracted] SM322 on 17FEB: BKG=45, LF=25.7%
2026-01-17 09:17:28 | INFO     | [SUCCESS] Day 17FEB
2026-01-17 09:17:28 | INFO     | [DAY_START] Processing 16FEB
2026-01-17 09:17:28 | INFO     | [lf.day.start] Processing AJF-CAI for 16FEB
2026-01-17 09:17:29 | WARNING  | [lf.day.no_flights] No direct flights on 16FEB
2026-01-17 09:17:29 | INFO     | [SUCCESS] Day 16FEB
2026-01-17 09:17:29 | INFO     | [DAY_START] Processing 15FEB
2026-01-17 09:17:29 | INFO     | [lf.day.start] Processing AJF-CAI for 15FEB
2026-01-17 09:17:30 | WARNING  | [lf.day.no_flights] No direct flights on 15FEB
2026-01-17 09:17:30 | INFO     | [SUCCESS] Day 15FEB
2026-01-17 09:17:30 | INFO     | [DAY_START] Processing 14FEB
2026-01-17 09:17:30 | INFO     | [lf.day.start] Processing AJF-CAI for 14FEB
2026-01-17 09:17:31 | INFO     | [lf.day.flights_found] Found 1 flights on 14FEB
2026-01-17 09:17:34 | INFO     | [lf.flight.extracted] SM322 on 14FEB: BKG=63, LF=36.6%
2026-01-17 09:17:38 | INFO     | [SUCCESS] Day 14FEB
2026-01-17 09:17:38 | INFO     | [DAY_START] Processing 13FEB
2026-01-17 09:17:38 | INFO     | [lf.day.start] Processing AJF-CAI for 13FEB
2026-01-17 09:17:39 | WARNING  | [lf.day.no_flights] No direct flights on 13FEB
2026-01-17 09:17:39 | INFO     | [SUCCESS] Day 13FEB
2026-01-17 09:17:39 | INFO     | [DAY_START] Processing 12FEB
2026-01-17 09:17:39 | INFO     | [lf.day.start] Processing AJF-CAI for 12FEB
2026-01-17 09:17:40 | INFO     | [lf.day.flights_found] Found 1 flights on 12FEB
2026-01-17 09:17:42 | INFO     | [lf.flight.extracted] SM322 on 12FEB: BKG=55, LF=31.4%
2026-01-17 09:17:46 | INFO     | [SUCCESS] Day 12FEB
2026-01-17 09:17:46 | INFO     | [DAY_START] Processing 11FEB
2026-01-17 09:17:46 | INFO     | [lf.day.start] Processing AJF-CAI for 11FEB
2026-01-17 09:17:47 | WARNING  | [lf.day.no_flights] No direct flights on 11FEB
2026-01-17 09:17:47 | INFO     | [SUCCESS] Day 11FEB
2026-01-17 09:17:47 | INFO     | [SUCCESS] LF Search Complete
2026-01-17 09:17:47 | INFO     | [Worker_9225] Completed: AJF-CAI - 8 results, 0 errors
2026-01-17 09:17:47 | INFO     | [Worker_9225] Processing: ELQ-ATZ
2026-01-17 09:17:47 | INFO     |   Tier 0: Range 2, Chunk 3/3 (8 days)
