2026-01-17 08:54:38 | INFO     | ======================================================================
2026-01-17 08:54:38 | INFO     | Load Factor Scraper Started - Route: AHB-ATZ
2026-01-17 08:54:38 | INFO     | Log file: D:\CODERED\LAB\Artifacts\outputs\run_generated_170126_at_08.47_RETRY\logs\LF_AHB-ATZ_20260117_085438.log
2026-01-17 08:54:38 | INFO     | Enhanced logging: Capturing both logging.info() and print()
2026-01-17 08:54:38 | INFO     | ======================================================================
2026-01-17 08:54:38 | INFO     | Starting LF search for route: AHB-ATZ
2026-01-17 08:54:38 | INFO     | [START] LF Search
2026-01-17 08:54:39 | INFO     | [HEALTH CHECK] [OK] Chrome connection is healthy
2026-01-17 08:54:39 | INFO     | [DAY_START] Processing 09APR
2026-01-17 08:54:39 | INFO     | [lf.day.start] Processing AHB-ATZ for 09APR
2026-01-17 08:54:40 | WARNING  | [lf.day.no_flights] No direct flights on 09APR
2026-01-17 08:54:40 | INFO     | [SUCCESS] Day 09APR
2026-01-17 08:54:40 | INFO     | [DAY_START] Processing 08APR
2026-01-17 08:54:40 | INFO     | [lf.day.start] Processing AHB-ATZ for 08APR
2026-01-17 08:54:41 | WARNING  | [lf.day.no_flights] No direct flights on 08APR
2026-01-17 08:54:41 | INFO     | [SUCCESS] Day 08APR
2026-01-17 08:54:41 | INFO     | [DAY_START] Processing 07APR
2026-01-17 08:54:41 | INFO     | [lf.day.start] Processing AHB-ATZ for 07APR
2026-01-17 08:54:42 | WARNING  | [lf.day.no_flights] No direct flights on 07APR
2026-01-17 08:54:42 | INFO     | [SUCCESS] Day 07APR
2026-01-17 08:54:42 | INFO     | [DAY_START] Processing 06APR
2026-01-17 08:54:42 | INFO     | [lf.day.start] Processing AHB-ATZ for 06APR
2026-01-17 08:54:43 | WARNING  | [lf.day.no_flights] No direct flights on 06APR
2026-01-17 08:54:43 | INFO     | [SUCCESS] Day 06APR
2026-01-17 08:54:43 | INFO     | [DAY_START] Processing 05APR
2026-01-17 08:54:43 | INFO     | [lf.day.start] Processing AHB-ATZ for 05APR
2026-01-17 08:54:44 | WARNING  | [lf.day.no_flights] No direct flights on 05APR
2026-01-17 08:54:44 | INFO     | [SUCCESS] Day 05APR
2026-01-17 08:54:44 | INFO     | [DAY_START] Processing 04APR
2026-01-17 08:54:44 | INFO     | [lf.day.start] Processing AHB-ATZ for 04APR
2026-01-17 08:54:45 | WARNING  | [lf.day.no_flights] No direct flights on 04APR
2026-01-17 08:54:45 | INFO     | [SUCCESS] Day 04APR
2026-01-17 08:54:45 | INFO     | [DAY_START] Processing 03APR
2026-01-17 08:54:45 | INFO     | [lf.day.start] Processing AHB-ATZ for 03APR
2026-01-17 08:54:46 | WARNING  | [lf.day.no_flights] No direct flights on 03APR
2026-01-17 08:54:46 | INFO     | [SUCCESS] Day 03APR
2026-01-17 08:54:46 | INFO     | [DAY_START] Processing 02APR
2026-01-17 08:54:46 | INFO     | [lf.day.start] Processing AHB-ATZ for 02APR
2026-01-17 08:54:47 | WARNING  | [lf.day.no_flights] No direct flights on 02APR
2026-01-17 08:54:48 | INFO     | [SUCCESS] Day 02APR
2026-01-17 08:54:48 | INFO     | [SUCCESS] LF Search Complete
2026-01-17 08:54:48 | INFO     | [Worker_9223] Completed: AHB-ATZ - 8 results, 0 errors
2026-01-17 08:54:48 | INFO     | [Worker_9223] Processing: GIZ-CAI
2026-01-17 08:54:48 | INFO     |   Tier 0: Range 4, Chunk 3/3 (8 days)
