2026-01-17 08:57:20 | INFO     | ======================================================================
2026-01-17 08:57:20 | INFO     | Load Factor Scraper Started - Route: AJF-CAI
2026-01-17 08:57:20 | INFO     | Log file: D:\CODERED\LAB\Artifacts\outputs\run_generated_170126_at_08.47_RETRY\logs\LF_AJF-CAI_20260117_085720.log
2026-01-17 08:57:20 | INFO     | Enhanced logging: Capturing both logging.info() and print()
2026-01-17 08:57:20 | INFO     | ======================================================================
2026-01-17 08:57:20 | INFO     | Starting LF search for route: AJF-CAI
2026-01-17 08:57:20 | INFO     | [START] LF Search
2026-01-17 08:57:21 | INFO     | [HEALTH CHECK] [OK] Chrome connection is healthy
2026-01-17 08:57:22 | INFO     | [DAY_START] Processing 01APR
2026-01-17 08:57:22 | INFO     | [lf.day.start] Processing AJF-CAI for 01APR
2026-01-17 08:57:23 | WARNING  | [lf.day.no_flights] No direct flights on 01APR
2026-01-17 08:57:23 | INFO     | [SUCCESS] Day 01APR
2026-01-17 08:57:23 | INFO     | [DAY_START] Processing 31MAR
2026-01-17 08:57:23 | INFO     | [lf.day.start] Processing AJF-CAI for 31MAR
2026-01-17 08:57:24 | WARNING  | [lf.day.no_flights] No direct flights on 31MAR
2026-01-17 08:57:25 | INFO     | [SUCCESS] Day 31MAR
2026-01-17 08:57:25 | INFO     | [DAY_START] Processing 30MAR
2026-01-17 08:57:25 | INFO     | [lf.day.start] Processing AJF-CAI for 30MAR
2026-01-17 08:57:26 | WARNING  | [lf.day.no_flights] No direct flights on 30MAR
2026-01-17 08:57:26 | INFO     | [SUCCESS] Day 30MAR
2026-01-17 08:57:26 | INFO     | [DAY_START] Processing 29MAR
2026-01-17 08:57:26 | INFO     | [lf.day.start] Processing AJF-CAI for 29MAR
2026-01-17 08:57:27 | WARNING  | [lf.day.no_flights] No direct flights on 29MAR
2026-01-17 08:57:27 | INFO     | [SUCCESS] Day 29MAR
2026-01-17 08:57:27 | INFO     | [DAY_START] Processing 28MAR
2026-01-17 08:57:27 | INFO     | [lf.day.start] Processing AJF-CAI for 28MAR
2026-01-17 08:57:29 | INFO     | [lf.day.flights_found] Found 1 flights on 28MAR
2026-01-17 08:57:31 | INFO     | [lf.flight.extracted] SM322 on 28MAR: BKG=3, LF=1.7%
2026-01-17 08:57:35 | INFO     | [SUCCESS] Day 28MAR
2026-01-17 08:57:35 | INFO     | [DAY_START] Processing 27MAR
2026-01-17 08:57:35 | INFO     | [lf.day.start] Processing AJF-CAI for 27MAR
2026-01-17 08:57:36 | WARNING  | [lf.day.no_flights] No direct flights on 27MAR
2026-01-17 08:57:36 | INFO     | [SUCCESS] Day 27MAR
2026-01-17 08:57:36 | INFO     | [DAY_START] Processing 26MAR
2026-01-17 08:57:36 | INFO     | [lf.day.start] Processing AJF-CAI for 26MAR
2026-01-17 08:57:37 | INFO     | [lf.day.flights_found] Found 1 flights on 26MAR
2026-01-17 08:57:40 | INFO     | [lf.flight.extracted] SM322 on 26MAR: BKG=4, LF=2.3%
2026-01-17 08:57:42 | INFO     | [SUCCESS] Day 26MAR
2026-01-17 08:57:42 | INFO     | [DAY_START] Processing 25MAR
2026-01-17 08:57:42 | INFO     | [lf.day.start] Processing AJF-CAI for 25MAR
2026-01-17 08:57:44 | WARNING  | [lf.day.no_flights] No direct flights on 25MAR
2026-01-17 08:57:44 | INFO     | [SUCCESS] Day 25MAR
2026-01-17 08:57:44 | INFO     | [DAY_START] Processing 24MAR
2026-01-17 08:57:44 | INFO     | [lf.day.start] Processing AJF-CAI for 24MAR
2026-01-17 08:57:45 | INFO     | [lf.day.flights_found] Found 1 flights on 24MAR
2026-01-17 08:57:47 | INFO     | [lf.flight.extracted] SM322 on 24MAR: BKG=2, LF=1.2%
2026-01-17 08:57:49 | INFO     | [SUCCESS] Day 24MAR
2026-01-17 08:57:49 | INFO     | [SUCCESS] LF Search Complete
2026-01-17 08:57:49 | INFO     | [Worker_9232] Completed: AJF-CAI - 9 results, 0 errors
2026-01-17 08:57:49 | INFO     | [Worker_9232] Processing: ELQ-CAI
2026-01-17 08:57:49 | INFO     |   Tier 0: Range 3, Chunk 1/3 (9 days)
