2026-01-17 09:30:15 | INFO     | ======================================================================
2026-01-17 09:30:15 | INFO     | Load Factor Scraper Started - Route: ATZ-ELQ
2026-01-17 09:30:15 | INFO     | Log file: D:\CODERED\LAB\Artifacts\outputs\run_generated_170126_at_08.47_RETRY\logs\LF_ATZ-ELQ_20260117_093015.log
2026-01-17 09:30:15 | INFO     | Enhanced logging: Capturing both logging.info() and print()
2026-01-17 09:30:15 | INFO     | ======================================================================
2026-01-17 09:30:15 | INFO     | Starting LF search for route: ATZ-ELQ
2026-01-17 09:30:15 | INFO     | [START] LF Search
2026-01-17 09:30:16 | INFO     | [HEALTH CHECK] [OK] Chrome connection is healthy
2026-01-17 09:30:16 | INFO     | [DAY_START] Processing 01FEB
2026-01-17 09:30:16 | INFO     | [lf.day.start] Processing ATZ-ELQ for 01FEB
2026-01-17 09:30:17 | WARNING  | [lf.day.no_flights] No direct flights on 01FEB
2026-01-17 09:30:17 | INFO     | [SUCCESS] Day 01FEB
2026-01-17 09:30:17 | INFO     | [DAY_START] Processing 31JAN
2026-01-17 09:30:17 | INFO     | [lf.day.start] Processing ATZ-ELQ for 31JAN
2026-01-17 09:30:18 | INFO     | [lf.day.flights_found] Found 1 flights on 31JAN
2026-01-17 09:30:20 | INFO     | [lf.flight.extracted] SM435 on 31JAN: BKG=35, LF=19.6%
2026-01-17 09:30:23 | INFO     | [SUCCESS] Day 31JAN
2026-01-17 09:30:23 | INFO     | [DAY_START] Processing 30JAN
2026-01-17 09:30:23 | INFO     | [lf.day.start] Processing ATZ-ELQ for 30JAN
2026-01-17 09:30:24 | WARNING  | [lf.day.no_flights] No direct flights on 30JAN
2026-01-17 09:30:24 | INFO     | [SUCCESS] Day 30JAN
2026-01-17 09:30:24 | INFO     | [DAY_START] Processing 29JAN
2026-01-17 09:30:24 | INFO     | [lf.day.start] Processing ATZ-ELQ for 29JAN
2026-01-17 09:30:25 | WARNING  | [lf.day.no_flights] No direct flights on 29JAN
2026-01-17 09:30:26 | INFO     | [SUCCESS] Day 29JAN
2026-01-17 09:30:26 | INFO     | [DAY_START] Processing 28JAN
2026-01-17 09:30:26 | INFO     | [lf.day.start] Processing ATZ-ELQ for 28JAN
2026-01-17 09:30:27 | WARNING  | [lf.day.no_flights] No direct flights on 28JAN
2026-01-17 09:30:27 | INFO     | [SUCCESS] Day 28JAN
2026-01-17 09:30:27 | INFO     | [DAY_START] Processing 27JAN
2026-01-17 09:30:27 | INFO     | [lf.day.start] Processing ATZ-ELQ for 27JAN
2026-01-17 09:30:28 | INFO     | [lf.day.flights_found] Found 1 flights on 27JAN
2026-01-17 09:30:30 | INFO     | [lf.flight.extracted] SM435 on 27JAN: BKG=61, LF=34.1%
2026-01-17 09:30:34 | INFO     | [SUCCESS] Day 27JAN
2026-01-17 09:30:34 | INFO     | [DAY_START] Processing 26JAN
2026-01-17 09:30:34 | INFO     | [lf.day.start] Processing ATZ-ELQ for 26JAN
2026-01-17 09:30:35 | WARNING  | [lf.day.no_flights] No direct flights on 26JAN
2026-01-17 09:30:35 | INFO     | [SUCCESS] Day 26JAN
2026-01-17 09:30:35 | INFO     | [DAY_START] Processing 25JAN
2026-01-17 09:30:35 | INFO     | [lf.day.start] Processing ATZ-ELQ for 25JAN
2026-01-17 09:30:36 | WARNING  | [lf.day.no_flights] No direct flights on 25JAN
2026-01-17 09:30:36 | INFO     | [SUCCESS] Day 25JAN
2026-01-17 09:30:36 | INFO     | [SUCCESS] LF Search Complete
2026-01-17 09:30:36 | INFO     | [Worker_9222] Completed: ATZ-ELQ - 8 results, 0 errors
2026-01-17 09:30:36 | INFO     | [Worker_9222] Processing: MED-ATZ
2026-01-17 09:30:36 | INFO     |   Tier 0: Range 1, Chunk 3/3 (8 days)
