2026-01-17 09:28:14 | INFO     | ======================================================================
2026-01-17 09:28:14 | INFO     | Load Factor Scraper Started - Route: ATZ-MED
2026-01-17 09:28:14 | INFO     | Log file: D:\CODERED\LAB\Artifacts\outputs\run_generated_170126_at_08.47_RETRY\logs\LF_ATZ-MED_20260117_092814.log
2026-01-17 09:28:14 | INFO     | Enhanced logging: Capturing both logging.info() and print()
2026-01-17 09:28:14 | INFO     | ======================================================================
2026-01-17 09:28:14 | INFO     | Starting LF search for route: ATZ-MED
2026-01-17 09:28:14 | INFO     | [START] LF Search
2026-01-17 09:28:15 | INFO     | [HEALTH CHECK] [OK] Chrome connection is healthy
2026-01-17 09:28:15 | INFO     | [DAY_START] Processing 01FEB
2026-01-17 09:28:15 | INFO     | [lf.day.start] Processing ATZ-MED for 01FEB
2026-01-17 09:28:16 | WARNING  | [lf.day.no_flights] No direct flights on 01FEB
2026-01-17 09:28:16 | INFO     | [SUCCESS] Day 01FEB
2026-01-17 09:28:16 | INFO     | [DAY_START] Processing 31JAN
2026-01-17 09:28:16 | INFO     | [lf.day.start] Processing ATZ-MED for 31JAN
2026-01-17 09:28:17 | INFO     | [lf.day.flights_found] Found 1 flights on 31JAN
2026-01-17 09:28:20 | INFO     | [lf.flight.extracted] SM487 on 31JAN: BKG=154, LF=86.0%
2026-01-17 09:28:25 | INFO     | [SUCCESS] Day 31JAN
2026-01-17 09:28:25 | INFO     | [DAY_START] Processing 30JAN
2026-01-17 09:28:25 | INFO     | [lf.day.start] Processing ATZ-MED for 30JAN
2026-01-17 09:28:26 | WARNING  | [lf.day.no_flights] No direct flights on 30JAN
2026-01-17 09:28:26 | INFO     | [SUCCESS] Day 30JAN
2026-01-17 09:28:26 | INFO     | [DAY_START] Processing 29JAN
2026-01-17 09:28:26 | INFO     | [lf.day.start] Processing ATZ-MED for 29JAN
2026-01-17 09:28:27 | WARNING  | [lf.day.no_flights] No direct flights on 29JAN
2026-01-17 09:28:27 | INFO     | [SUCCESS] Day 29JAN
2026-01-17 09:28:27 | INFO     | [DAY_START] Processing 28JAN
2026-01-17 09:28:27 | INFO     | [lf.day.start] Processing ATZ-MED for 28JAN
2026-01-17 09:28:28 | INFO     | [lf.day.flights_found] Found 1 flights on 28JAN
2026-01-17 09:28:30 | INFO     | [lf.flight.extracted] SM489 on 28JAN: BKG=178, LF=99.4%
2026-01-17 09:28:34 | INFO     | [SUCCESS] Day 28JAN
2026-01-17 09:28:34 | INFO     | [DAY_START] Processing 27JAN
2026-01-17 09:28:34 | INFO     | [lf.day.start] Processing ATZ-MED for 27JAN
2026-01-17 09:28:35 | INFO     | [lf.day.flights_found] Found 1 flights on 27JAN
2026-01-17 09:28:37 | INFO     | [lf.flight.extracted] SM487 on 27JAN: BKG=171, LF=95.5%
2026-01-17 09:28:41 | INFO     | [SUCCESS] Day 27JAN
2026-01-17 09:28:41 | INFO     | [DAY_START] Processing 26JAN
2026-01-17 09:28:41 | INFO     | [lf.day.start] Processing ATZ-MED for 26JAN
2026-01-17 09:28:42 | INFO     | [lf.day.flights_found] Found 1 flights on 26JAN
2026-01-17 09:28:44 | INFO     | [lf.flight.extracted] SM487 on 26JAN: BKG=159, LF=88.8%
2026-01-17 09:28:50 | INFO     | [SUCCESS] Day 26JAN
2026-01-17 09:28:50 | INFO     | [DAY_START] Processing 25JAN
2026-01-17 09:28:50 | INFO     | [lf.day.start] Processing ATZ-MED for 25JAN
2026-01-17 09:28:51 | WARNING  | [lf.day.no_flights] No direct flights on 25JAN
2026-01-17 09:28:51 | INFO     | [SUCCESS] Day 25JAN
2026-01-17 09:28:51 | INFO     | [SUCCESS] LF Search Complete
2026-01-17 09:28:51 | INFO     | [Worker_9223] Completed: ATZ-MED - 8 results, 0 errors
2026-01-17 09:28:51 | INFO     | [Worker_9223] Processing: CAI-RUH
2026-01-17 09:28:51 | INFO     |   Tier 0: Range 1, Chunk 2/3 (8 days)
