2026-01-17 08:49:39 | INFO     | ======================================================================
2026-01-17 08:49:39 | INFO     | Load Factor Scraper Started - Route: ATZ-JED
2026-01-17 08:49:39 | INFO     | Log file: D:\CODERED\LAB\Artifacts\outputs\run_generated_170126_at_08.47_RETRY\logs\LF_ATZ-JED_20260117_084939.log
2026-01-17 08:49:39 | INFO     | Enhanced logging: Capturing both logging.info() and print()
2026-01-17 08:49:39 | INFO     | ======================================================================
2026-01-17 08:49:39 | INFO     | Starting LF search for route: ATZ-JED
2026-01-17 08:49:39 | INFO     | [START] LF Search
2026-01-17 08:49:40 | INFO     | [HEALTH CHECK] [OK] Chrome connection is healthy
2026-01-17 08:49:40 | INFO     | [DAY_START] Processing 27APR
2026-01-17 08:49:40 | INFO     | [lf.day.start] Processing ATZ-JED for 27APR
2026-01-17 08:49:41 | INFO     | [lf.day.flights_found] Found 1 flights on 27APR
2026-01-17 08:49:43 | INFO     | [lf.flight.extracted] SM455 on 27APR: BKG=0, LF=0.0%
2026-01-17 08:49:44 | INFO     | [SUCCESS] Day 27APR
2026-01-17 08:49:44 | INFO     | [DAY_START] Processing 26APR
2026-01-17 08:49:44 | INFO     | [lf.day.start] Processing ATZ-JED for 26APR
2026-01-17 08:49:45 | INFO     | [lf.day.flights_found] Found 1 flights on 26APR
2026-01-17 08:49:49 | INFO     | [lf.flight.extracted] SM455 on 26APR: BKG=1, LF=0.6%
2026-01-17 08:49:52 | INFO     | [SUCCESS] Day 26APR
2026-01-17 08:49:52 | INFO     | [DAY_START] Processing 25APR
2026-01-17 08:49:52 | INFO     | [lf.day.start] Processing ATZ-JED for 25APR
2026-01-17 08:50:01 | INFO     | [lf.day.flights_found] Found 1 flights on 25APR
2026-01-17 08:50:03 | INFO     | [lf.flight.extracted] SM455 on 25APR: BKG=4, LF=2.2%
2026-01-17 08:50:05 | INFO     | [SUCCESS] Day 25APR
2026-01-17 08:50:05 | INFO     | [DAY_START] Processing 24APR
2026-01-17 08:50:05 | INFO     | [lf.day.start] Processing ATZ-JED for 24APR
2026-01-17 08:50:07 | INFO     | [lf.day.flights_found] Found 1 flights on 24APR
2026-01-17 08:50:10 | INFO     | [lf.flight.extracted] SM455 on 24APR: BKG=5, LF=2.8%
2026-01-17 08:50:12 | INFO     | [SUCCESS] Day 24APR
2026-01-17 08:50:12 | INFO     | [DAY_START] Processing 23APR
2026-01-17 08:50:12 | INFO     | [lf.day.start] Processing ATZ-JED for 23APR
2026-01-17 08:50:13 | INFO     | [lf.day.flights_found] Found 1 flights on 23APR
2026-01-17 08:50:15 | INFO     | [lf.flight.extracted] SM455 on 23APR: BKG=0, LF=0.0%
2026-01-17 08:50:16 | INFO     | [SUCCESS] Day 23APR
2026-01-17 08:50:16 | INFO     | [DAY_START] Processing 22APR
2026-01-17 08:50:16 | INFO     | [lf.day.start] Processing ATZ-JED for 22APR
2026-01-17 08:50:17 | INFO     | [lf.day.flights_found] Found 1 flights on 22APR
2026-01-17 08:50:19 | INFO     | [lf.flight.extracted] SM455 on 22APR: BKG=2, LF=1.1%
2026-01-17 08:50:22 | INFO     | [SUCCESS] Day 22APR
2026-01-17 08:50:22 | INFO     | [DAY_START] Processing 21APR
2026-01-17 08:50:22 | INFO     | [lf.day.start] Processing ATZ-JED for 21APR
2026-01-17 08:50:23 | INFO     | [lf.day.flights_found] Found 1 flights on 21APR
2026-01-17 08:50:25 | INFO     | [lf.flight.extracted] SM455 on 21APR: BKG=4, LF=2.2%
2026-01-17 08:50:27 | INFO     | [SUCCESS] Day 21APR
2026-01-17 08:50:27 | INFO     | [DAY_START] Processing 20APR
2026-01-17 08:50:27 | INFO     | [lf.day.start] Processing ATZ-JED for 20APR
2026-01-17 08:50:28 | INFO     | [lf.day.flights_found] Found 1 flights on 20APR
2026-01-17 08:50:30 | INFO     | [lf.flight.extracted] SM455 on 20APR: BKG=3, LF=1.7%
2026-01-17 08:50:32 | INFO     | [SUCCESS] Day 20APR
2026-01-17 08:50:32 | INFO     | [DAY_START] Processing 19APR
2026-01-17 08:50:32 | INFO     | [lf.day.start] Processing ATZ-JED for 19APR
2026-01-17 08:50:33 | INFO     | [lf.day.flights_found] Found 1 flights on 19APR
2026-01-17 08:50:35 | INFO     | [lf.flight.extracted] SM455 on 19APR: BKG=6, LF=3.4%
2026-01-17 08:50:38 | INFO     | [SUCCESS] Day 19APR
2026-01-17 08:50:38 | INFO     | [SUCCESS] LF Search Complete
2026-01-17 08:50:38 | INFO     | [Worker_9227] Completed: ATZ-JED - 9 results, 0 errors
2026-01-17 08:50:38 | INFO     | [Worker_9227] Processing: MED-CAI
2026-01-17 08:50:38 | INFO     |   Tier 0: Range 4, Chunk 2/3 (9 days)
