2026-01-17 09:09:00 | INFO     | ======================================================================
2026-01-17 09:09:00 | INFO     | Load Factor Scraper Started - Route: AJF-CAI
2026-01-17 09:09:00 | INFO     | Log file: D:\CODERED\LAB\Artifacts\outputs\run_generated_170126_at_08.47_RETRY\logs\LF_AJF-CAI_20260117_090900.log
2026-01-17 09:09:00 | INFO     | Enhanced logging: Capturing both logging.info() and print()
2026-01-17 09:09:00 | INFO     | ======================================================================
2026-01-17 09:09:00 | INFO     | Starting LF search for route: AJF-CAI
2026-01-17 09:09:00 | INFO     | [START] LF Search
2026-01-17 09:09:01 | INFO     | [HEALTH CHECK] [OK] Chrome connection is healthy
2026-01-17 09:09:01 | INFO     | [DAY_START] Processing 07MAR
2026-01-17 09:09:01 | INFO     | [lf.day.start] Processing AJF-CAI for 07MAR
2026-01-17 09:09:02 | INFO     | [lf.day.flights_found] Found 1 flights on 07MAR
2026-01-17 09:09:04 | INFO     | [lf.flight.extracted] SM322 on 07MAR: BKG=20, LF=11.4%
2026-01-17 09:09:07 | INFO     | [SUCCESS] Day 07MAR
2026-01-17 09:09:07 | INFO     | [DAY_START] Processing 06MAR
2026-01-17 09:09:07 | INFO     | [lf.day.start] Processing AJF-CAI for 06MAR
2026-01-17 09:09:08 | WARNING  | [lf.day.no_flights] No direct flights on 06MAR
2026-01-17 09:09:08 | INFO     | [SUCCESS] Day 06MAR
2026-01-17 09:09:08 | INFO     | [DAY_START] Processing 05MAR
2026-01-17 09:09:08 | INFO     | [lf.day.start] Processing AJF-CAI for 05MAR
2026-01-17 09:09:09 | INFO     | [lf.day.flights_found] Found 1 flights on 05MAR
2026-01-17 09:09:11 | INFO     | [lf.flight.extracted] SM322 on 05MAR: BKG=39, LF=23.4%
2026-01-17 09:09:15 | INFO     | [SUCCESS] Day 05MAR
2026-01-17 09:09:15 | INFO     | [DAY_START] Processing 04MAR
2026-01-17 09:09:15 | INFO     | [lf.day.start] Processing AJF-CAI for 04MAR
2026-01-17 09:09:16 | WARNING  | [lf.day.no_flights] No direct flights on 04MAR
2026-01-17 09:09:16 | INFO     | [SUCCESS] Day 04MAR
2026-01-17 09:09:16 | INFO     | [DAY_START] Processing 03MAR
2026-01-17 09:09:16 | INFO     | [lf.day.start] Processing AJF-CAI for 03MAR
2026-01-17 09:09:17 | INFO     | [lf.day.flights_found] Found 1 flights on 03MAR
2026-01-17 09:09:19 | INFO     | [lf.flight.extracted] SM322 on 03MAR: BKG=26, LF=14.9%
2026-01-17 09:09:22 | INFO     | [SUCCESS] Day 03MAR
2026-01-17 09:09:22 | INFO     | [DAY_START] Processing 02MAR
2026-01-17 09:09:22 | INFO     | [lf.day.start] Processing AJF-CAI for 02MAR
2026-01-17 09:09:23 | WARNING  | [lf.day.no_flights] No direct flights on 02MAR
2026-01-17 09:09:23 | INFO     | [SUCCESS] Day 02MAR
2026-01-17 09:09:23 | INFO     | [DAY_START] Processing 01MAR
2026-01-17 09:09:23 | INFO     | [lf.day.start] Processing AJF-CAI for 01MAR
2026-01-17 09:09:24 | WARNING  | [lf.day.no_flights] No direct flights on 01MAR
2026-01-17 09:09:24 | INFO     | [SUCCESS] Day 01MAR
2026-01-17 09:09:24 | INFO     | [DAY_START] Processing 28FEB
2026-01-17 09:09:24 | INFO     | [lf.day.start] Processing AJF-CAI for 28FEB
2026-01-17 09:09:25 | INFO     | [lf.day.flights_found] Found 1 flights on 28FEB
2026-01-17 09:09:27 | INFO     | [lf.flight.extracted] SM322 on 28FEB: BKG=25, LF=14.3%
2026-01-17 09:09:30 | INFO     | [SUCCESS] Day 28FEB
2026-01-17 09:09:30 | INFO     | [DAY_START] Processing 27FEB
2026-01-17 09:09:30 | INFO     | [lf.day.start] Processing AJF-CAI for 27FEB
2026-01-17 09:09:31 | WARNING  | [lf.day.no_flights] No direct flights on 27FEB
2026-01-17 09:09:32 | INFO     | [SUCCESS] Day 27FEB
2026-01-17 09:09:32 | INFO     | [SUCCESS] LF Search Complete
2026-01-17 09:09:48 | INFO     | [Worker_9222] Completed: AJF-CAI - 9 results, 0 errors
2026-01-17 09:09:48 | INFO     | [Worker_9222] Processing: CAI-MED
2026-01-17 09:09:48 | INFO     |   Tier 0: Range 2, Chunk 1/3 (9 days)
