2026-01-17 09:32:34 | INFO     | ======================================================================
2026-01-17 09:32:34 | INFO     | Load Factor Scraper Started - Route: ATZ-MED
2026-01-17 09:32:34 | INFO     | Log file: D:\CODERED\LAB\Artifacts\outputs\run_generated_170126_at_08.47_RETRY\logs\LF_ATZ-MED_20260117_093234.log
2026-01-17 09:32:34 | INFO     | Enhanced logging: Capturing both logging.info() and print()
2026-01-17 09:32:34 | INFO     | ======================================================================
2026-01-17 09:32:34 | INFO     | Starting LF search for route: ATZ-MED
2026-01-17 09:32:34 | INFO     | [START] LF Search
2026-01-17 09:32:34 | INFO     | [HEALTH CHECK] [OK] Chrome connection is healthy
2026-01-17 09:32:34 | INFO     | [DAY_START] Processing 24JAN
2026-01-17 09:32:34 | INFO     | [lf.day.start] Processing ATZ-MED for 24JAN
2026-01-17 09:32:35 | INFO     | [lf.day.flights_found] Found 1 flights on 24JAN
2026-01-17 09:32:37 | INFO     | [lf.flight.extracted] SM487 on 24JAN: BKG=189, LF=105.6%
2026-01-17 09:32:40 | INFO     | [SUCCESS] Day 24JAN
2026-01-17 09:32:40 | INFO     | [DAY_START] Processing 23JAN
2026-01-17 09:32:40 | INFO     | [lf.day.start] Processing ATZ-MED for 23JAN
2026-01-17 09:32:41 | WARNING  | [lf.day.no_flights] No direct flights on 23JAN
2026-01-17 09:32:41 | INFO     | [SUCCESS] Day 23JAN
2026-01-17 09:32:41 | INFO     | [DAY_START] Processing 22JAN
2026-01-17 09:32:41 | INFO     | [lf.day.start] Processing ATZ-MED for 22JAN
2026-01-17 09:32:42 | WARNING  | [lf.day.no_flights] No direct flights on 22JAN
2026-01-17 09:32:42 | INFO     | [SUCCESS] Day 22JAN
2026-01-17 09:32:42 | INFO     | [DAY_START] Processing 21JAN
2026-01-17 09:32:42 | INFO     | [lf.day.start] Processing ATZ-MED for 21JAN
2026-01-17 09:32:43 | INFO     | [lf.day.flights_found] Found 1 flights on 21JAN
2026-01-17 09:32:45 | INFO     | [lf.flight.extracted] SM489 on 21JAN: BKG=180, LF=100.6%
2026-01-17 09:32:47 | INFO     | [SUCCESS] Day 21JAN
2026-01-17 09:32:47 | INFO     | [DAY_START] Processing 20JAN
2026-01-17 09:32:47 | INFO     | [lf.day.start] Processing ATZ-MED for 20JAN
2026-01-17 09:32:48 | INFO     | [lf.day.flights_found] Found 1 flights on 20JAN
2026-01-17 09:32:50 | INFO     | [lf.flight.extracted] SM487 on 20JAN: BKG=171, LF=95.5%
2026-01-17 09:32:55 | INFO     | [SUCCESS] Day 20JAN
2026-01-17 09:32:55 | INFO     | [DAY_START] Processing 19JAN
2026-01-17 09:32:55 | INFO     | [lf.day.start] Processing ATZ-MED for 19JAN
2026-01-17 09:32:56 | INFO     | [lf.day.flights_found] Found 1 flights on 19JAN
2026-01-17 09:32:58 | INFO     | [lf.flight.extracted] SM487 on 19JAN: BKG=179, LF=100.0%
2026-01-17 09:33:04 | INFO     | [SUCCESS] Day 19JAN
2026-01-17 09:33:04 | INFO     | [DAY_START] Processing 18JAN
2026-01-17 09:33:04 | INFO     | [lf.day.start] Processing ATZ-MED for 18JAN
2026-01-17 09:33:05 | WARNING  | [lf.day.no_flights] No direct flights on 18JAN
2026-01-17 09:33:05 | INFO     | [SUCCESS] Day 18JAN
2026-01-17 09:33:05 | INFO     | [SUCCESS] LF Search Complete
2026-01-17 09:33:05 | INFO     | [Worker_9223] Completed: ATZ-MED - 7 results, 0 errors
2026-01-17 09:33:05 | INFO     | [Worker_9223] Processing: ASW-JED
2026-01-17 09:33:05 | INFO     |   Tier 0: Range 1, Chunk 3/3 (8 days)
