2026-01-17 09:23:51 | INFO     | ======================================================================
2026-01-17 09:23:51 | INFO     | Load Factor Scraper Started - Route: ATZ-DMM
2026-01-17 09:23:51 | INFO     | Log file: D:\CODERED\LAB\Artifacts\outputs\run_generated_170126_at_08.47_RETRY\logs\LF_ATZ-DMM_20260117_092351.log
2026-01-17 09:23:51 | INFO     | Enhanced logging: Capturing both logging.info() and print()
2026-01-17 09:23:51 | INFO     | ======================================================================
2026-01-17 09:23:51 | INFO     | Starting LF search for route: ATZ-DMM
2026-01-17 09:23:51 | INFO     | [START] LF Search
2026-01-17 09:23:51 | INFO     | [HEALTH CHECK] [OK] Chrome connection is healthy
2026-01-17 09:23:51 | INFO     | [DAY_START] Processing 10FEB
2026-01-17 09:23:51 | INFO     | [lf.day.start] Processing ATZ-DMM for 10FEB
2026-01-17 09:23:53 | WARNING  | [lf.day.no_flights] No direct flights on 10FEB
2026-01-17 09:23:53 | INFO     | [SUCCESS] Day 10FEB
2026-01-17 09:23:53 | INFO     | [DAY_START] Processing 09FEB
2026-01-17 09:23:53 | INFO     | [lf.day.start] Processing ATZ-DMM for 09FEB
2026-01-17 09:23:54 | INFO     | [lf.day.flights_found] Found 1 flights on 09FEB
2026-01-17 09:23:56 | INFO     | [lf.flight.extracted] SM437 on 09FEB: BKG=17, LF=9.5%
2026-01-17 09:23:59 | INFO     | [SUCCESS] Day 09FEB
2026-01-17 09:23:59 | INFO     | [DAY_START] Processing 08FEB
2026-01-17 09:23:59 | INFO     | [lf.day.start] Processing ATZ-DMM for 08FEB
2026-01-17 09:24:00 | WARNING  | [lf.day.no_flights] No direct flights on 08FEB
2026-01-17 09:24:00 | INFO     | [SUCCESS] Day 08FEB
2026-01-17 09:24:00 | INFO     | [DAY_START] Processing 07FEB
2026-01-17 09:24:00 | INFO     | [lf.day.start] Processing ATZ-DMM for 07FEB
2026-01-17 09:24:01 | WARNING  | [lf.day.no_flights] No direct flights on 07FEB
2026-01-17 09:24:01 | INFO     | [SUCCESS] Day 07FEB
2026-01-17 09:24:01 | INFO     | [DAY_START] Processing 06FEB
2026-01-17 09:24:01 | INFO     | [lf.day.start] Processing ATZ-DMM for 06FEB
2026-01-17 09:24:02 | INFO     | [lf.day.flights_found] Found 1 flights on 06FEB
2026-01-17 09:24:04 | INFO     | [lf.flight.extracted] SM437 on 06FEB: BKG=35, LF=19.6%
2026-01-17 09:24:08 | INFO     | [SUCCESS] Day 06FEB
2026-01-17 09:24:08 | INFO     | [DAY_START] Processing 05FEB
2026-01-17 09:24:08 | INFO     | [lf.day.start] Processing ATZ-DMM for 05FEB
2026-01-17 09:24:09 | WARNING  | [lf.day.no_flights] No direct flights on 05FEB
2026-01-17 09:24:09 | INFO     | [SUCCESS] Day 05FEB
2026-01-17 09:24:09 | INFO     | [DAY_START] Processing 04FEB
2026-01-17 09:24:09 | INFO     | [lf.day.start] Processing ATZ-DMM for 04FEB
2026-01-17 09:24:10 | WARNING  | [lf.day.no_flights] No direct flights on 04FEB
2026-01-17 09:24:11 | INFO     | [SUCCESS] Day 04FEB
2026-01-17 09:24:11 | INFO     | [DAY_START] Processing 03FEB
2026-01-17 09:24:11 | INFO     | [lf.day.start] Processing ATZ-DMM for 03FEB
2026-01-17 09:24:12 | WARNING  | [lf.day.no_flights] No direct flights on 03FEB
2026-01-17 09:24:12 | INFO     | [SUCCESS] Day 03FEB
2026-01-17 09:24:12 | INFO     | [DAY_START] Processing 02FEB
2026-01-17 09:24:12 | INFO     | [lf.day.start] Processing ATZ-DMM for 02FEB
2026-01-17 09:24:13 | INFO     | [lf.day.flights_found] Found 1 flights on 02FEB
2026-01-17 09:24:15 | INFO     | [lf.flight.extracted] SM437 on 02FEB: BKG=37, LF=20.7%
2026-01-17 09:24:18 | INFO     | [SUCCESS] Day 02FEB
2026-01-17 09:24:18 | INFO     | [SUCCESS] LF Search Complete
2026-01-17 09:24:18 | INFO     | [Worker_9224] Completed: ATZ-DMM - 9 results, 0 errors
2026-01-17 09:24:18 | INFO     | [Worker_9224] Processing: ATZ-TUU
2026-01-17 09:24:18 | INFO     |   Tier 0: Range 1, Chunk 1/3 (9 days)
