2026-01-17 08:51:45 | INFO     | ======================================================================
2026-01-17 08:51:45 | INFO     | Load Factor Scraper Started - Route: AHB-ATZ
2026-01-17 08:51:45 | INFO     | Log file: D:\CODERED\LAB\Artifacts\outputs\run_generated_170126_at_08.47_RETRY\logs\LF_AHB-ATZ_20260117_085145.log
2026-01-17 08:51:45 | INFO     | Enhanced logging: Capturing both logging.info() and print()
2026-01-17 08:51:45 | INFO     | ======================================================================
2026-01-17 08:51:45 | INFO     | Starting LF search for route: AHB-ATZ
2026-01-17 08:51:45 | INFO     | [START] LF Search
2026-01-17 08:51:45 | INFO     | [HEALTH CHECK] [OK] Chrome connection is healthy
2026-01-17 08:51:45 | INFO     | [DAY_START] Processing 18APR
2026-01-17 08:51:45 | INFO     | [lf.day.start] Processing AHB-ATZ for 18APR
2026-01-17 08:51:46 | WARNING  | [lf.day.no_flights] No direct flights on 18APR
2026-01-17 08:51:47 | INFO     | [SUCCESS] Day 18APR
2026-01-17 08:51:47 | INFO     | [DAY_START] Processing 17APR
2026-01-17 08:51:47 | INFO     | [lf.day.start] Processing AHB-ATZ for 17APR
2026-01-17 08:51:48 | WARNING  | [lf.day.no_flights] No direct flights on 17APR
2026-01-17 08:51:48 | INFO     | [SUCCESS] Day 17APR
2026-01-17 08:51:48 | INFO     | [DAY_START] Processing 16APR
2026-01-17 08:51:48 | INFO     | [lf.day.start] Processing AHB-ATZ for 16APR
2026-01-17 08:51:49 | WARNING  | [lf.day.no_flights] No direct flights on 16APR
2026-01-17 08:51:49 | INFO     | [SUCCESS] Day 16APR
2026-01-17 08:51:49 | INFO     | [DAY_START] Processing 15APR
2026-01-17 08:51:49 | INFO     | [lf.day.start] Processing AHB-ATZ for 15APR
2026-01-17 08:51:50 | WARNING  | [lf.day.no_flights] No direct flights on 15APR
2026-01-17 08:51:50 | INFO     | [SUCCESS] Day 15APR
2026-01-17 08:51:50 | INFO     | [DAY_START] Processing 14APR
2026-01-17 08:51:50 | INFO     | [lf.day.start] Processing AHB-ATZ for 14APR
2026-01-17 08:51:51 | WARNING  | [lf.day.no_flights] No direct flights on 14APR
2026-01-17 08:51:51 | INFO     | [SUCCESS] Day 14APR
2026-01-17 08:51:51 | INFO     | [DAY_START] Processing 13APR
2026-01-17 08:51:51 | INFO     | [lf.day.start] Processing AHB-ATZ for 13APR
2026-01-17 08:51:52 | WARNING  | [lf.day.no_flights] No direct flights on 13APR
2026-01-17 08:51:52 | INFO     | [SUCCESS] Day 13APR
2026-01-17 08:51:52 | INFO     | [DAY_START] Processing 12APR
2026-01-17 08:51:52 | INFO     | [lf.day.start] Processing AHB-ATZ for 12APR
2026-01-17 08:51:54 | WARNING  | [lf.day.no_flights] No direct flights on 12APR
2026-01-17 08:51:54 | INFO     | [SUCCESS] Day 12APR
2026-01-17 08:51:54 | INFO     | [DAY_START] Processing 11APR
2026-01-17 08:51:54 | INFO     | [lf.day.start] Processing AHB-ATZ for 11APR
2026-01-17 08:51:55 | WARNING  | [lf.day.no_flights] No direct flights on 11APR
2026-01-17 08:51:56 | INFO     | [SUCCESS] Day 11APR
2026-01-17 08:51:56 | INFO     | [DAY_START] Processing 10APR
2026-01-17 08:51:56 | INFO     | [lf.day.start] Processing AHB-ATZ for 10APR
2026-01-17 08:51:57 | WARNING  | [lf.day.no_flights] No direct flights on 10APR
2026-01-17 08:51:57 | INFO     | [SUCCESS] Day 10APR
2026-01-17 08:51:57 | INFO     | [SUCCESS] LF Search Complete
2026-01-17 08:51:57 | INFO     | [Worker_9232] Completed: AHB-ATZ - 9 results, 0 errors
2026-01-17 08:51:57 | INFO     | [Worker_9232] Processing: ATZ-MED
2026-01-17 08:51:57 | INFO     |   Tier 0: Range 4, Chunk 2/3 (9 days)
