2026-01-17 09:24:53 | INFO     | ======================================================================
2026-01-17 09:24:53 | INFO     | Load Factor Scraper Started - Route: ATZ-ELQ
2026-01-17 09:24:53 | INFO     | Log file: D:\CODERED\LAB\Artifacts\outputs\run_generated_170126_at_08.47_RETRY\logs\LF_ATZ-ELQ_20260117_092453.log
2026-01-17 09:24:53 | INFO     | Enhanced logging: Capturing both logging.info() and print()
2026-01-17 09:24:53 | INFO     | ======================================================================
2026-01-17 09:24:53 | INFO     | Starting LF search for route: ATZ-ELQ
2026-01-17 09:24:53 | INFO     | [START] LF Search
2026-01-17 09:24:53 | INFO     | [HEALTH CHECK] [OK] Chrome connection is healthy
2026-01-17 09:24:53 | INFO     | [DAY_START] Processing 10FEB
2026-01-17 09:24:53 | INFO     | [lf.day.start] Processing ATZ-ELQ for 10FEB
2026-01-17 09:24:54 | INFO     | [lf.day.flights_found] Found 1 flights on 10FEB
2026-01-17 09:24:56 | INFO     | [lf.flight.extracted] SM435 on 10FEB: BKG=10, LF=5.6%
2026-01-17 09:24:59 | INFO     | [SUCCESS] Day 10FEB
2026-01-17 09:24:59 | INFO     | [DAY_START] Processing 09FEB
2026-01-17 09:24:59 | INFO     | [lf.day.start] Processing ATZ-ELQ for 09FEB
2026-01-17 09:25:00 | WARNING  | [lf.day.no_flights] No direct flights on 09FEB
2026-01-17 09:25:00 | INFO     | [SUCCESS] Day 09FEB
2026-01-17 09:25:00 | INFO     | [DAY_START] Processing 08FEB
2026-01-17 09:25:00 | INFO     | [lf.day.start] Processing ATZ-ELQ for 08FEB
2026-01-17 09:25:01 | WARNING  | [lf.day.no_flights] No direct flights on 08FEB
2026-01-17 09:25:01 | INFO     | [SUCCESS] Day 08FEB
2026-01-17 09:25:01 | INFO     | [DAY_START] Processing 07FEB
2026-01-17 09:25:01 | INFO     | [lf.day.start] Processing ATZ-ELQ for 07FEB
2026-01-17 09:25:02 | INFO     | [lf.day.flights_found] Found 1 flights on 07FEB
2026-01-17 09:25:04 | INFO     | [lf.flight.extracted] SM435 on 07FEB: BKG=19, LF=10.6%
2026-01-17 09:25:08 | INFO     | [SUCCESS] Day 07FEB
2026-01-17 09:25:08 | INFO     | [DAY_START] Processing 06FEB
2026-01-17 09:25:08 | INFO     | [lf.day.start] Processing ATZ-ELQ for 06FEB
2026-01-17 09:25:09 | WARNING  | [lf.day.no_flights] No direct flights on 06FEB
2026-01-17 09:25:09 | INFO     | [SUCCESS] Day 06FEB
2026-01-17 09:25:09 | INFO     | [DAY_START] Processing 05FEB
2026-01-17 09:25:09 | INFO     | [lf.day.start] Processing ATZ-ELQ for 05FEB
2026-01-17 09:25:10 | WARNING  | [lf.day.no_flights] No direct flights on 05FEB
2026-01-17 09:25:10 | INFO     | [SUCCESS] Day 05FEB
2026-01-17 09:25:10 | INFO     | [DAY_START] Processing 04FEB
2026-01-17 09:25:10 | INFO     | [lf.day.start] Processing ATZ-ELQ for 04FEB
2026-01-17 09:25:11 | WARNING  | [lf.day.no_flights] No direct flights on 04FEB
2026-01-17 09:25:11 | INFO     | [SUCCESS] Day 04FEB
2026-01-17 09:25:11 | INFO     | [DAY_START] Processing 03FEB
2026-01-17 09:25:11 | INFO     | [lf.day.start] Processing ATZ-ELQ for 03FEB
2026-01-17 09:25:12 | INFO     | [lf.day.flights_found] Found 1 flights on 03FEB
2026-01-17 09:25:14 | INFO     | [lf.flight.extracted] SM435 on 03FEB: BKG=20, LF=11.2%
2026-01-17 09:25:18 | INFO     | [SUCCESS] Day 03FEB
2026-01-17 09:25:18 | INFO     | [DAY_START] Processing 02FEB
2026-01-17 09:25:18 | INFO     | [lf.day.start] Processing ATZ-ELQ for 02FEB
2026-01-17 09:25:19 | WARNING  | [lf.day.no_flights] No direct flights on 02FEB
2026-01-17 09:25:19 | INFO     | [SUCCESS] Day 02FEB
2026-01-17 09:25:19 | INFO     | [SUCCESS] LF Search Complete
2026-01-17 09:25:19 | INFO     | [Worker_9233] Completed: ATZ-ELQ - 9 results, 0 errors
2026-01-17 09:25:19 | INFO     | [Worker_9233] Processing: JED-HBE
2026-01-17 09:25:19 | INFO     |   Tier 0: Range 1, Chunk 2/3 (8 days)
