2026-01-17 09:14:24 | INFO     | ======================================================================
2026-01-17 09:14:24 | INFO     | Load Factor Scraper Started - Route: ASW-JED
2026-01-17 09:14:24 | INFO     | Log file: D:\CODERED\LAB\Artifacts\outputs\run_generated_170126_at_08.47_RETRY\logs\LF_ASW-JED_20260117_091424.log
2026-01-17 09:14:24 | INFO     | Enhanced logging: Capturing both logging.info() and print()
2026-01-17 09:14:24 | INFO     | ======================================================================
2026-01-17 09:14:24 | INFO     | Starting LF search for route: ASW-JED
2026-01-17 09:14:24 | INFO     | [START] LF Search
2026-01-17 09:14:25 | INFO     | [HEALTH CHECK] [OK] Chrome connection is healthy
2026-01-17 09:14:25 | INFO     | [DAY_START] Processing 26FEB
2026-01-17 09:14:25 | INFO     | [lf.day.start] Processing ASW-JED for 26FEB
2026-01-17 09:14:26 | WARNING  | [lf.day.no_flights] No direct flights on 26FEB
2026-01-17 09:14:26 | INFO     | [SUCCESS] Day 26FEB
2026-01-17 09:14:26 | INFO     | [DAY_START] Processing 25FEB
2026-01-17 09:14:26 | INFO     | [lf.day.start] Processing ASW-JED for 25FEB
2026-01-17 09:14:27 | WARNING  | [lf.day.no_flights] No direct flights on 25FEB
2026-01-17 09:14:27 | INFO     | [SUCCESS] Day 25FEB
2026-01-17 09:14:27 | INFO     | [DAY_START] Processing 24FEB
2026-01-17 09:14:27 | INFO     | [lf.day.start] Processing ASW-JED for 24FEB
2026-01-17 09:14:28 | INFO     | [lf.day.flights_found] Found 1 flights on 24FEB
2026-01-17 09:14:30 | INFO     | [lf.flight.extracted] SM985 on 24FEB: BKG=0, LF=0.0%
2026-01-17 09:14:31 | INFO     | [SUCCESS] Day 24FEB
2026-01-17 09:14:31 | INFO     | [DAY_START] Processing 23FEB
2026-01-17 09:14:31 | INFO     | [lf.day.start] Processing ASW-JED for 23FEB
2026-01-17 09:14:32 | INFO     | [lf.day.flights_found] Found 2 flights on 23FEB
2026-01-17 09:14:34 | INFO     | [lf.flight.extracted] SM425 on 23FEB: BKG=0, LF=0.0%
2026-01-17 09:14:37 | INFO     | [lf.flight.extracted] SM949 on 23FEB: BKG=0, LF=0.0%
2026-01-17 09:14:38 | INFO     | [SUCCESS] Day 23FEB
2026-01-17 09:14:38 | INFO     | [DAY_START] Processing 22FEB
2026-01-17 09:14:38 | INFO     | [lf.day.start] Processing ASW-JED for 22FEB
2026-01-17 09:14:39 | WARNING  | [lf.day.no_flights] No direct flights on 22FEB
2026-01-17 09:14:39 | INFO     | [SUCCESS] Day 22FEB
2026-01-17 09:14:39 | INFO     | [DAY_START] Processing 21FEB
2026-01-17 09:14:39 | INFO     | [lf.day.start] Processing ASW-JED for 21FEB
2026-01-17 09:14:40 | WARNING  | [lf.day.no_flights] No direct flights on 21FEB
2026-01-17 09:14:40 | INFO     | [SUCCESS] Day 21FEB
2026-01-17 09:14:40 | INFO     | [DAY_START] Processing 20FEB
2026-01-17 09:14:40 | INFO     | [lf.day.start] Processing ASW-JED for 20FEB
2026-01-17 09:14:41 | WARNING  | [lf.day.no_flights] No direct flights on 20FEB
2026-01-17 09:14:42 | INFO     | [SUCCESS] Day 20FEB
2026-01-17 09:14:42 | INFO     | [DAY_START] Processing 19FEB
2026-01-17 09:14:42 | INFO     | [lf.day.start] Processing ASW-JED for 19FEB
2026-01-17 09:14:43 | WARNING  | [lf.day.no_flights] No direct flights on 19FEB
2026-01-17 09:14:43 | INFO     | [SUCCESS] Day 19FEB
2026-01-17 09:14:43 | INFO     | [SUCCESS] LF Search Complete
2026-01-17 09:14:43 | INFO     | [Worker_9222] Completed: ASW-JED - 8 results, 0 errors
2026-01-17 09:14:43 | INFO     | [Worker_9222] Processing: ATZ-DMM
2026-01-17 09:14:43 | INFO     |   Tier 0: Range 2, Chunk 2/3 (8 days)
