2026-01-17 09:10:33 | INFO     | ======================================================================
2026-01-17 09:10:33 | INFO     | Load Factor Scraper Started - Route: ATZ-RUH
2026-01-17 09:10:33 | INFO     | Log file: D:\CODERED\LAB\Artifacts\outputs\run_generated_170126_at_08.47_RETRY\logs\LF_ATZ-RUH_20260117_091033.log
2026-01-17 09:10:33 | INFO     | Enhanced logging: Capturing both logging.info() and print()
2026-01-17 09:10:33 | INFO     | ======================================================================
2026-01-17 09:10:33 | INFO     | Starting LF search for route: ATZ-RUH
2026-01-17 09:10:33 | INFO     | [START] LF Search
2026-01-17 09:10:34 | INFO     | [HEALTH CHECK] [OK] Chrome connection is healthy
2026-01-17 09:10:34 | INFO     | [DAY_START] Processing 07MAR
2026-01-17 09:10:34 | INFO     | [lf.day.start] Processing ATZ-RUH for 07MAR
2026-01-17 09:10:35 | WARNING  | [lf.day.no_flights] No direct flights on 07MAR
2026-01-17 09:10:35 | INFO     | [SUCCESS] Day 07MAR
2026-01-17 09:10:35 | INFO     | [DAY_START] Processing 06MAR
2026-01-17 09:10:35 | INFO     | [lf.day.start] Processing ATZ-RUH for 06MAR
2026-01-17 09:10:36 | WARNING  | [lf.day.no_flights] No direct flights on 06MAR
2026-01-17 09:10:37 | INFO     | [SUCCESS] Day 06MAR
2026-01-17 09:10:37 | INFO     | [DAY_START] Processing 05MAR
2026-01-17 09:10:37 | INFO     | [lf.day.start] Processing ATZ-RUH for 05MAR
2026-01-17 09:10:38 | WARNING  | [lf.day.no_flights] No direct flights on 05MAR
2026-01-17 09:10:38 | INFO     | [SUCCESS] Day 05MAR
2026-01-17 09:10:38 | INFO     | [DAY_START] Processing 04MAR
2026-01-17 09:10:38 | INFO     | [lf.day.start] Processing ATZ-RUH for 04MAR
2026-01-17 09:10:39 | INFO     | [lf.day.flights_found] Found 1 flights on 04MAR
2026-01-17 09:10:41 | INFO     | [lf.flight.extracted] SM465 on 04MAR: BKG=4, LF=2.2%
2026-01-17 09:10:44 | INFO     | [SUCCESS] Day 04MAR
2026-01-17 09:10:44 | INFO     | [DAY_START] Processing 03MAR
2026-01-17 09:10:44 | INFO     | [lf.day.start] Processing ATZ-RUH for 03MAR
2026-01-17 09:10:45 | INFO     | [lf.day.flights_found] Found 1 flights on 03MAR
2026-01-17 09:10:47 | INFO     | [lf.flight.extracted] SM463 on 03MAR: BKG=2, LF=1.1%
2026-01-17 09:10:50 | INFO     | [SUCCESS] Day 03MAR
2026-01-17 09:10:50 | INFO     | [DAY_START] Processing 02MAR
2026-01-17 09:10:50 | INFO     | [lf.day.start] Processing ATZ-RUH for 02MAR
2026-01-17 09:10:51 | WARNING  | [lf.day.no_flights] No direct flights on 02MAR
2026-01-17 09:10:51 | INFO     | [SUCCESS] Day 02MAR
2026-01-17 09:10:51 | INFO     | [DAY_START] Processing 01MAR
2026-01-17 09:10:51 | INFO     | [lf.day.start] Processing ATZ-RUH for 01MAR
2026-01-17 09:10:52 | INFO     | [lf.day.flights_found] Found 1 flights on 01MAR
2026-01-17 09:10:54 | INFO     | [lf.flight.extracted] SM463 on 01MAR: BKG=9, LF=5.0%
2026-01-17 09:10:56 | INFO     | [SUCCESS] Day 01MAR
2026-01-17 09:10:56 | INFO     | [DAY_START] Processing 28FEB
2026-01-17 09:10:56 | INFO     | [lf.day.start] Processing ATZ-RUH for 28FEB
2026-01-17 09:10:57 | WARNING  | [lf.day.no_flights] No direct flights on 28FEB
2026-01-17 09:10:57 | INFO     | [SUCCESS] Day 28FEB
2026-01-17 09:10:57 | INFO     | [DAY_START] Processing 27FEB
2026-01-17 09:10:57 | INFO     | [lf.day.start] Processing ATZ-RUH for 27FEB
2026-01-17 09:10:58 | WARNING  | [lf.day.no_flights] No direct flights on 27FEB
2026-01-17 09:10:58 | INFO     | [SUCCESS] Day 27FEB
2026-01-17 09:10:58 | INFO     | [SUCCESS] LF Search Complete
2026-01-17 09:11:07 | INFO     | [Worker_9226] Completed: ATZ-RUH - 9 results, 0 errors
2026-01-17 09:11:07 | INFO     | [Worker_9226] Processing: ATZ-TUU
2026-01-17 09:11:07 | INFO     |   Tier 0: Range 2, Chunk 1/3 (9 days)
