2026-01-17 09:22:06 | INFO     | ======================================================================
2026-01-17 09:22:06 | INFO     | Load Factor Scraper Started - Route: AHB-CAI
2026-01-17 09:22:06 | INFO     | Log file: D:\CODERED\LAB\Artifacts\outputs\run_generated_170126_at_08.47_RETRY\logs\LF_AHB-CAI_20260117_092206.log
2026-01-17 09:22:06 | INFO     | Enhanced logging: Capturing both logging.info() and print()
2026-01-17 09:22:06 | INFO     | ======================================================================
2026-01-17 09:22:06 | INFO     | Starting LF search for route: AHB-CAI
2026-01-17 09:22:06 | INFO     | [START] LF Search
2026-01-17 09:22:07 | INFO     | [HEALTH CHECK] [OK] Chrome connection is healthy
2026-01-17 09:22:07 | INFO     | [DAY_START] Processing 10FEB
2026-01-17 09:22:07 | INFO     | [lf.day.start] Processing AHB-CAI for 10FEB
2026-01-17 09:22:08 | WARNING  | [lf.day.no_flights] No direct flights on 10FEB
2026-01-17 09:22:08 | INFO     | [SUCCESS] Day 10FEB
2026-01-17 09:22:08 | INFO     | [DAY_START] Processing 09FEB
2026-01-17 09:22:08 | INFO     | [lf.day.start] Processing AHB-CAI for 09FEB
2026-01-17 09:22:09 | WARNING  | [lf.day.no_flights] No direct flights on 09FEB
2026-01-17 09:22:10 | INFO     | [SUCCESS] Day 09FEB
2026-01-17 09:22:10 | INFO     | [DAY_START] Processing 08FEB
2026-01-17 09:22:10 | INFO     | [lf.day.start] Processing AHB-CAI for 08FEB
2026-01-17 09:22:11 | INFO     | [lf.day.flights_found] Found 1 flights on 08FEB
2026-01-17 09:22:13 | INFO     | [lf.flight.extracted] SM444 on 08FEB: BKG=23, LF=13.4%
2026-01-17 09:22:16 | INFO     | [SUCCESS] Day 08FEB
2026-01-17 09:22:16 | INFO     | [DAY_START] Processing 07FEB
2026-01-17 09:22:16 | INFO     | [lf.day.start] Processing AHB-CAI for 07FEB
2026-01-17 09:22:17 | WARNING  | [lf.day.no_flights] No direct flights on 07FEB
2026-01-17 09:22:17 | INFO     | [SUCCESS] Day 07FEB
2026-01-17 09:22:17 | INFO     | [DAY_START] Processing 06FEB
2026-01-17 09:22:17 | INFO     | [lf.day.start] Processing AHB-CAI for 06FEB
2026-01-17 09:22:18 | INFO     | [lf.day.flights_found] Found 1 flights on 06FEB
2026-01-17 09:22:20 | INFO     | [lf.flight.extracted] SM444 on 06FEB: BKG=19, LF=10.9%
2026-01-17 09:22:24 | INFO     | [SUCCESS] Day 06FEB
2026-01-17 09:22:24 | INFO     | [DAY_START] Processing 05FEB
2026-01-17 09:22:24 | INFO     | [lf.day.start] Processing AHB-CAI for 05FEB
2026-01-17 09:22:25 | INFO     | [lf.day.flights_found] Found 1 flights on 05FEB
2026-01-17 09:22:27 | INFO     | [lf.flight.extracted] SM448 on 05FEB: BKG=30, LF=17.1%
2026-01-17 09:22:31 | INFO     | [SUCCESS] Day 05FEB
2026-01-17 09:22:31 | INFO     | [DAY_START] Processing 04FEB
2026-01-17 09:22:31 | INFO     | [lf.day.start] Processing AHB-CAI for 04FEB
2026-01-17 09:22:32 | WARNING  | [lf.day.no_flights] No direct flights on 04FEB
2026-01-17 09:22:32 | INFO     | [SUCCESS] Day 04FEB
2026-01-17 09:22:32 | INFO     | [DAY_START] Processing 03FEB
2026-01-17 09:22:32 | INFO     | [lf.day.start] Processing AHB-CAI for 03FEB
2026-01-17 09:22:33 | WARNING  | [lf.day.no_flights] No direct flights on 03FEB
2026-01-17 09:22:33 | INFO     | [SUCCESS] Day 03FEB
2026-01-17 09:22:33 | INFO     | [DAY_START] Processing 02FEB
2026-01-17 09:22:33 | INFO     | [lf.day.start] Processing AHB-CAI for 02FEB
2026-01-17 09:22:34 | WARNING  | [lf.day.no_flights] No direct flights on 02FEB
2026-01-17 09:22:34 | INFO     | [SUCCESS] Day 02FEB
2026-01-17 09:22:34 | INFO     | [SUCCESS] LF Search Complete
2026-01-17 09:22:34 | INFO     | [Worker_9222] Completed: AHB-CAI - 9 results, 0 errors
2026-01-17 09:22:34 | INFO     | [Worker_9222] Processing: GIZ-CAI
2026-01-17 09:22:34 | INFO     |   Tier 0: Range 1, Chunk 1/3 (9 days)
