2026-01-17 09:03:17 | INFO     | ======================================================================
2026-01-17 09:03:17 | INFO     | Load Factor Scraper Started - Route: ATZ-AJF
2026-01-17 09:03:17 | INFO     | Log file: D:\CODERED\LAB\Artifacts\outputs\run_generated_170126_at_08.47_RETRY\logs\LF_ATZ-AJF_20260117_090317.log
2026-01-17 09:03:17 | INFO     | Enhanced logging: Capturing both logging.info() and print()
2026-01-17 09:03:17 | INFO     | ======================================================================
2026-01-17 09:03:17 | INFO     | Starting LF search for route: ATZ-AJF
2026-01-17 09:03:17 | INFO     | [START] LF Search
2026-01-17 09:03:17 | INFO     | [HEALTH CHECK] [OK] Chrome connection is healthy
2026-01-17 09:03:17 | INFO     | [DAY_START] Processing 23MAR
2026-01-17 09:03:17 | INFO     | [lf.day.start] Processing ATZ-AJF for 23MAR
2026-01-17 09:03:18 | WARNING  | [lf.day.no_flights] No direct flights on 23MAR
2026-01-17 09:03:18 | INFO     | [SUCCESS] Day 23MAR
2026-01-17 09:03:18 | INFO     | [DAY_START] Processing 22MAR
2026-01-17 09:03:18 | INFO     | [lf.day.start] Processing ATZ-AJF for 22MAR
2026-01-17 09:03:19 | WARNING  | [lf.day.no_flights] No direct flights on 22MAR
2026-01-17 09:03:20 | INFO     | [SUCCESS] Day 22MAR
2026-01-17 09:03:20 | INFO     | [DAY_START] Processing 21MAR
2026-01-17 09:03:20 | INFO     | [lf.day.start] Processing ATZ-AJF for 21MAR
2026-01-17 09:03:21 | WARNING  | [lf.day.no_flights] No direct flights on 21MAR
2026-01-17 09:03:21 | INFO     | [SUCCESS] Day 21MAR
2026-01-17 09:03:21 | INFO     | [DAY_START] Processing 20MAR
2026-01-17 09:03:21 | INFO     | [lf.day.start] Processing ATZ-AJF for 20MAR
2026-01-17 09:03:22 | INFO     | [lf.day.flights_found] Found 1 flights on 20MAR
2026-01-17 09:03:24 | INFO     | [lf.flight.extracted] SM323 on 20MAR: BKG=2, LF=1.1%
2026-01-17 09:03:27 | INFO     | [SUCCESS] Day 20MAR
2026-01-17 09:03:27 | INFO     | [DAY_START] Processing 19MAR
2026-01-17 09:03:27 | INFO     | [lf.day.start] Processing ATZ-AJF for 19MAR
2026-01-17 09:03:28 | WARNING  | [lf.day.no_flights] No direct flights on 19MAR
2026-01-17 09:03:28 | INFO     | [SUCCESS] Day 19MAR
2026-01-17 09:03:28 | INFO     | [DAY_START] Processing 18MAR
2026-01-17 09:03:28 | INFO     | [lf.day.start] Processing ATZ-AJF for 18MAR
2026-01-17 09:03:29 | WARNING  | [lf.day.no_flights] No direct flights on 18MAR
2026-01-17 09:03:29 | INFO     | [SUCCESS] Day 18MAR
2026-01-17 09:03:29 | INFO     | [DAY_START] Processing 17MAR
2026-01-17 09:03:29 | INFO     | [lf.day.start] Processing ATZ-AJF for 17MAR
2026-01-17 09:03:30 | WARNING  | [lf.day.no_flights] No direct flights on 17MAR
2026-01-17 09:03:30 | INFO     | [SUCCESS] Day 17MAR
2026-01-17 09:03:30 | INFO     | [DAY_START] Processing 16MAR
2026-01-17 09:03:30 | INFO     | [lf.day.start] Processing ATZ-AJF for 16MAR
2026-01-17 09:03:31 | WARNING  | [lf.day.no_flights] No direct flights on 16MAR
2026-01-17 09:03:31 | INFO     | [SUCCESS] Day 16MAR
2026-01-17 09:03:31 | INFO     | [SUCCESS] LF Search Complete
2026-01-17 09:03:31 | INFO     | [Worker_9226] Completed: ATZ-AJF - 8 results, 0 errors
2026-01-17 09:03:31 | INFO     | [Worker_9226] Processing: CAI-ELQ
2026-01-17 09:03:31 | INFO     |   Tier 0: Range 3, Chunk 2/3 (8 days)
