2026-01-17 09:05:40 | INFO     | ======================================================================
2026-01-17 09:05:40 | INFO     | Load Factor Scraper Started - Route: AHB-ATZ
2026-01-17 09:05:40 | INFO     | Log file: D:\CODERED\LAB\Artifacts\outputs\run_generated_170126_at_08.47_RETRY\logs\LF_AHB-ATZ_20260117_090540.log
2026-01-17 09:05:40 | INFO     | Enhanced logging: Capturing both logging.info() and print()
2026-01-17 09:05:40 | INFO     | ======================================================================
2026-01-17 09:05:40 | INFO     | Starting LF search for route: AHB-ATZ
2026-01-17 09:05:40 | INFO     | [START] LF Search
2026-01-17 09:05:41 | INFO     | [HEALTH CHECK] [OK] Chrome connection is healthy
2026-01-17 09:05:41 | INFO     | [DAY_START] Processing 15MAR
2026-01-17 09:05:41 | INFO     | [lf.day.start] Processing AHB-ATZ for 15MAR
2026-01-17 09:05:43 | WARNING  | [lf.day.no_flights] No direct flights on 15MAR
2026-01-17 09:05:43 | INFO     | [SUCCESS] Day 15MAR
2026-01-17 09:05:43 | INFO     | [DAY_START] Processing 14MAR
2026-01-17 09:05:43 | INFO     | [lf.day.start] Processing AHB-ATZ for 14MAR
2026-01-17 09:05:44 | WARNING  | [lf.day.no_flights] No direct flights on 14MAR
2026-01-17 09:05:45 | INFO     | [SUCCESS] Day 14MAR
2026-01-17 09:05:45 | INFO     | [DAY_START] Processing 13MAR
2026-01-17 09:05:45 | INFO     | [lf.day.start] Processing AHB-ATZ for 13MAR
2026-01-17 09:05:51 | INFO     | [lf.day.flights_found] Found 1 flights on 13MAR
2026-01-17 09:05:54 | INFO     | [lf.flight.extracted] SM446 on 13MAR: BKG=4, LF=2.3%
2026-01-17 09:05:57 | INFO     | [SUCCESS] Day 13MAR
2026-01-17 09:05:57 | INFO     | [DAY_START] Processing 12MAR
2026-01-17 09:05:57 | INFO     | [lf.day.start] Processing AHB-ATZ for 12MAR
2026-01-17 09:05:59 | WARNING  | [lf.day.no_flights] No direct flights on 12MAR
2026-01-17 09:05:59 | INFO     | [SUCCESS] Day 12MAR
2026-01-17 09:05:59 | INFO     | [DAY_START] Processing 11MAR
2026-01-17 09:05:59 | INFO     | [lf.day.start] Processing AHB-ATZ for 11MAR
2026-01-17 09:06:00 | WARNING  | [lf.day.no_flights] No direct flights on 11MAR
2026-01-17 09:06:00 | INFO     | [SUCCESS] Day 11MAR
2026-01-17 09:06:00 | INFO     | [DAY_START] Processing 10MAR
2026-01-17 09:06:00 | INFO     | [lf.day.start] Processing AHB-ATZ for 10MAR
2026-01-17 09:06:01 | WARNING  | [lf.day.no_flights] No direct flights on 10MAR
2026-01-17 09:06:01 | INFO     | [SUCCESS] Day 10MAR
2026-01-17 09:06:01 | INFO     | [DAY_START] Processing 09MAR
2026-01-17 09:06:01 | INFO     | [lf.day.start] Processing AHB-ATZ for 09MAR
2026-01-17 09:06:02 | WARNING  | [lf.day.no_flights] No direct flights on 09MAR
2026-01-17 09:06:02 | INFO     | [SUCCESS] Day 09MAR
2026-01-17 09:06:02 | INFO     | [DAY_START] Processing 08MAR
2026-01-17 09:06:02 | INFO     | [lf.day.start] Processing AHB-ATZ for 08MAR
2026-01-17 09:06:03 | WARNING  | [lf.day.no_flights] No direct flights on 08MAR
2026-01-17 09:06:03 | INFO     | [SUCCESS] Day 08MAR
2026-01-17 09:06:03 | INFO     | [SUCCESS] LF Search Complete
2026-01-17 09:06:03 | INFO     | [Worker_9222] Completed: AHB-ATZ - 8 results, 0 errors
2026-01-17 09:06:03 | INFO     | [Worker_9222] Processing: CAI-MED
2026-01-17 09:06:03 | INFO     |   Tier 0: Range 3, Chunk 3/3 (8 days)
