2026-01-17 08:57:26 | INFO     | ======================================================================
2026-01-17 08:57:26 | INFO     | Load Factor Scraper Started - Route: AJF-ATZ
2026-01-17 08:57:26 | INFO     | Log file: D:\CODERED\LAB\Artifacts\outputs\run_generated_170126_at_08.47_RETRY\logs\LF_AJF-ATZ_20260117_085726.log
2026-01-17 08:57:26 | INFO     | Enhanced logging: Capturing both logging.info() and print()
2026-01-17 08:57:26 | INFO     | ======================================================================
2026-01-17 08:57:26 | INFO     | Starting LF search for route: AJF-ATZ
2026-01-17 08:57:26 | INFO     | [START] LF Search
2026-01-17 08:57:27 | INFO     | [HEALTH CHECK] [OK] Chrome connection is healthy
2026-01-17 08:57:27 | INFO     | [DAY_START] Processing 01APR
2026-01-17 08:57:27 | INFO     | [lf.day.start] Processing AJF-ATZ for 01APR
2026-01-17 08:57:29 | WARNING  | [lf.day.no_flights] No direct flights on 01APR
2026-01-17 08:57:29 | INFO     | [SUCCESS] Day 01APR
2026-01-17 08:57:29 | INFO     | [DAY_START] Processing 31MAR
2026-01-17 08:57:29 | INFO     | [lf.day.start] Processing AJF-ATZ for 31MAR
2026-01-17 08:57:30 | WARNING  | [lf.day.no_flights] No direct flights on 31MAR
2026-01-17 08:57:30 | INFO     | [SUCCESS] Day 31MAR
2026-01-17 08:57:30 | INFO     | [DAY_START] Processing 30MAR
2026-01-17 08:57:30 | INFO     | [lf.day.start] Processing AJF-ATZ for 30MAR
2026-01-17 08:57:31 | WARNING  | [lf.day.no_flights] No direct flights on 30MAR
2026-01-17 08:57:31 | INFO     | [SUCCESS] Day 30MAR
2026-01-17 08:57:31 | INFO     | [DAY_START] Processing 29MAR
2026-01-17 08:57:31 | INFO     | [lf.day.start] Processing AJF-ATZ for 29MAR
2026-01-17 08:57:33 | WARNING  | [lf.day.no_flights] No direct flights on 29MAR
2026-01-17 08:57:33 | INFO     | [SUCCESS] Day 29MAR
2026-01-17 08:57:33 | INFO     | [DAY_START] Processing 28MAR
2026-01-17 08:57:33 | INFO     | [lf.day.start] Processing AJF-ATZ for 28MAR
2026-01-17 08:57:34 | WARNING  | [lf.day.no_flights] No direct flights on 28MAR
2026-01-17 08:57:34 | INFO     | [SUCCESS] Day 28MAR
2026-01-17 08:57:34 | INFO     | [DAY_START] Processing 27MAR
2026-01-17 08:57:34 | INFO     | [lf.day.start] Processing AJF-ATZ for 27MAR
2026-01-17 08:57:35 | INFO     | [lf.day.flights_found] Found 1 flights on 27MAR
2026-01-17 08:57:38 | INFO     | [lf.flight.extracted] SM324 on 27MAR: BKG=0, LF=0.0%
2026-01-17 08:57:39 | INFO     | [SUCCESS] Day 27MAR
2026-01-17 08:57:39 | INFO     | [DAY_START] Processing 26MAR
2026-01-17 08:57:39 | INFO     | [lf.day.start] Processing AJF-ATZ for 26MAR
2026-01-17 08:57:40 | WARNING  | [lf.day.no_flights] No direct flights on 26MAR
2026-01-17 08:57:40 | INFO     | [SUCCESS] Day 26MAR
2026-01-17 08:57:40 | INFO     | [DAY_START] Processing 25MAR
2026-01-17 08:57:40 | INFO     | [lf.day.start] Processing AJF-ATZ for 25MAR
2026-01-17 08:57:41 | WARNING  | [lf.day.no_flights] No direct flights on 25MAR
2026-01-17 08:57:41 | INFO     | [SUCCESS] Day 25MAR
2026-01-17 08:57:41 | INFO     | [DAY_START] Processing 24MAR
2026-01-17 08:57:41 | INFO     | [lf.day.start] Processing AJF-ATZ for 24MAR
2026-01-17 08:57:42 | WARNING  | [lf.day.no_flights] No direct flights on 24MAR
2026-01-17 08:57:43 | INFO     | [SUCCESS] Day 24MAR
2026-01-17 08:57:43 | INFO     | [SUCCESS] LF Search Complete
2026-01-17 08:57:43 | INFO     | [Worker_9233] Completed: AJF-ATZ - 9 results, 0 errors
2026-01-17 08:57:43 | INFO     | [Worker_9233] Processing: AHB-CAI
2026-01-17 08:57:43 | INFO     |   Tier 0: Range 3, Chunk 1/3 (9 days)
