2026-01-17 09:06:16 | INFO     | ======================================================================
2026-01-17 09:06:16 | INFO     | Load Factor Scraper Started - Route: ATZ-JED
2026-01-17 09:06:16 | INFO     | Log file: D:\CODERED\LAB\Artifacts\outputs\run_generated_170126_at_08.47_RETRY\logs\LF_ATZ-JED_20260117_090616.log
2026-01-17 09:06:16 | INFO     | Enhanced logging: Capturing both logging.info() and print()
2026-01-17 09:06:16 | INFO     | ======================================================================
2026-01-17 09:06:16 | INFO     | Starting LF search for route: ATZ-JED
2026-01-17 09:06:16 | INFO     | [START] LF Search
2026-01-17 09:06:17 | INFO     | [HEALTH CHECK] [OK] Chrome connection is healthy
2026-01-17 09:06:17 | INFO     | [DAY_START] Processing 15MAR
2026-01-17 09:06:17 | INFO     | [lf.day.start] Processing ATZ-JED for 15MAR
2026-01-17 09:06:18 | INFO     | [lf.day.flights_found] Found 2 flights on 15MAR
2026-01-17 09:06:20 | INFO     | [lf.flight.extracted] SM491 on 15MAR: BKG=0, LF=0.0%
2026-01-17 09:06:24 | INFO     | [lf.flight.extracted] SM455 on 15MAR: BKG=3, LF=1.7%
2026-01-17 09:06:26 | INFO     | [SUCCESS] Day 15MAR
2026-01-17 09:06:26 | INFO     | [DAY_START] Processing 14MAR
2026-01-17 09:06:26 | INFO     | [lf.day.start] Processing ATZ-JED for 14MAR
2026-01-17 09:06:28 | INFO     | [lf.day.flights_found] Found 3 flights on 14MAR
2026-01-17 09:06:30 | INFO     | [lf.flight.extracted] SM491 on 14MAR: BKG=1, LF=0.6%
2026-01-17 09:06:33 | INFO     | [lf.flight.extracted] SM453 on 14MAR: BKG=0, LF=0.0%
2026-01-17 09:06:36 | INFO     | [lf.flight.extracted] SM455 on 14MAR: BKG=0, LF=0.0%
2026-01-17 09:06:39 | INFO     | [SUCCESS] Day 14MAR
2026-01-17 09:06:39 | INFO     | [DAY_START] Processing 13MAR
2026-01-17 09:06:39 | INFO     | [lf.day.start] Processing ATZ-JED for 13MAR
2026-01-17 09:06:40 | INFO     | [lf.day.flights_found] Found 1 flights on 13MAR
2026-01-17 09:06:42 | INFO     | [lf.flight.extracted] SM491 on 13MAR: BKG=4, LF=2.2%
2026-01-17 09:06:45 | INFO     | [SUCCESS] Day 13MAR
2026-01-17 09:06:45 | INFO     | [DAY_START] Processing 12MAR
2026-01-17 09:06:45 | INFO     | [lf.day.start] Processing ATZ-JED for 12MAR
2026-01-17 09:06:46 | INFO     | [lf.day.flights_found] Found 2 flights on 12MAR
2026-01-17 09:06:48 | INFO     | [lf.flight.extracted] SM453 on 12MAR: BKG=1, LF=0.6%
2026-01-17 09:06:51 | INFO     | [lf.flight.extracted] SM455 on 12MAR: BKG=0, LF=0.0%
2026-01-17 09:06:54 | INFO     | [SUCCESS] Day 12MAR
2026-01-17 09:06:54 | INFO     | [DAY_START] Processing 11MAR
2026-01-17 09:06:54 | INFO     | [lf.day.start] Processing ATZ-JED for 11MAR
2026-01-17 09:06:55 | INFO     | [lf.day.flights_found] Found 3 flights on 11MAR
2026-01-17 09:06:58 | INFO     | [lf.flight.extracted] SM453 on 11MAR: BKG=0, LF=0.0%
2026-01-17 09:07:01 | INFO     | [lf.flight.extracted] SM491 on 11MAR: BKG=1, LF=0.6%
2026-01-17 09:07:05 | INFO     | [lf.flight.extracted] SM421 on 11MAR: BKG=1, LF=0.6%
2026-01-17 09:07:08 | INFO     | [SUCCESS] Day 11MAR
2026-01-17 09:07:08 | INFO     | [DAY_START] Processing 10MAR
2026-01-17 09:07:08 | INFO     | [lf.day.start] Processing ATZ-JED for 10MAR
2026-01-17 09:07:09 | INFO     | [lf.day.flights_found] Found 2 flights on 10MAR
2026-01-17 09:07:12 | INFO     | [lf.flight.extracted] SM453 on 10MAR: BKG=0, LF=0.0%
2026-01-17 09:07:15 | INFO     | [lf.flight.extracted] SM455 on 10MAR: BKG=0, LF=0.0%
2026-01-17 09:07:17 | INFO     | [SUCCESS] Day 10MAR
2026-01-17 09:07:17 | INFO     | [DAY_START] Processing 09MAR
2026-01-17 09:07:17 | INFO     | [lf.day.start] Processing ATZ-JED for 09MAR
2026-01-17 09:07:18 | INFO     | [lf.day.flights_found] Found 4 flights on 09MAR
2026-01-17 09:07:20 | INFO     | [lf.flight.extracted] SM491 on 09MAR: BKG=2, LF=1.1%
2026-01-17 09:07:24 | INFO     | [lf.flight.extracted] SM455 on 09MAR: BKG=0, LF=0.0%
2026-01-17 09:07:27 | INFO     | [lf.flight.extracted] SM421 on 09MAR: BKG=8, LF=4.5%
2026-01-17 09:07:30 | INFO     | [lf.flight.extracted] SM453 on 09MAR: BKG=0, LF=0.0%
2026-01-17 09:07:34 | INFO     | [SUCCESS] Day 09MAR
2026-01-17 09:07:34 | INFO     | [DAY_START] Processing 08MAR
2026-01-17 09:07:34 | INFO     | [lf.day.start] Processing ATZ-JED for 08MAR
2026-01-17 09:07:35 | INFO     | [lf.day.flights_found] Found 2 flights on 08MAR
2026-01-17 09:07:37 | INFO     | [lf.flight.extracted] SM491 on 08MAR: BKG=3, LF=1.7%
2026-01-17 09:07:40 | INFO     | [lf.flight.extracted] SM455 on 08MAR: BKG=0, LF=0.0%
2026-01-17 09:07:43 | INFO     | [SUCCESS] Day 08MAR
2026-01-17 09:07:43 | INFO     | [SUCCESS] LF Search Complete
2026-01-17 09:07:55 | INFO     | [Worker_9232] Completed: ATZ-JED - 8 results, 0 errors
2026-01-17 09:07:55 | INFO     | [Worker_9232] Processing: JED-HBE
2026-01-17 09:07:55 | INFO     |   Tier 0: Range 2, Chunk 1/3 (9 days)
