2026-01-17 08:52:55 | INFO     | ======================================================================
2026-01-17 08:52:55 | INFO     | Load Factor Scraper Started - Route: ATZ-TUU
2026-01-17 08:52:55 | INFO     | Log file: D:\CODERED\LAB\Artifacts\outputs\run_generated_170126_at_08.47_RETRY\logs\LF_ATZ-TUU_20260117_085255.log
2026-01-17 08:52:55 | INFO     | Enhanced logging: Capturing both logging.info() and print()
2026-01-17 08:52:55 | INFO     | ======================================================================
2026-01-17 08:52:55 | INFO     | Starting LF search for route: ATZ-TUU
2026-01-17 08:52:55 | INFO     | [START] LF Search
2026-01-17 08:52:55 | INFO     | [HEALTH CHECK] [OK] Chrome connection is healthy
2026-01-17 08:52:55 | INFO     | [DAY_START] Processing 18APR
2026-01-17 08:52:55 | INFO     | [lf.day.start] Processing ATZ-TUU for 18APR
2026-01-17 08:52:57 | WARNING  | [lf.day.no_flights] No direct flights on 18APR
2026-01-17 08:52:57 | INFO     | [SUCCESS] Day 18APR
2026-01-17 08:52:57 | INFO     | [DAY_START] Processing 17APR
2026-01-17 08:52:57 | INFO     | [lf.day.start] Processing ATZ-TUU for 17APR
2026-01-17 08:53:09 | WARNING  | [lf.day.no_flights] No direct flights on 17APR
2026-01-17 08:53:09 | INFO     | [SUCCESS] Day 17APR
2026-01-17 08:53:09 | INFO     | [DAY_START] Processing 16APR
2026-01-17 08:53:09 | INFO     | [lf.day.start] Processing ATZ-TUU for 16APR
2026-01-17 08:53:10 | WARNING  | [lf.day.no_flights] No direct flights on 16APR
2026-01-17 08:53:10 | INFO     | [SUCCESS] Day 16APR
2026-01-17 08:53:10 | INFO     | [DAY_START] Processing 15APR
2026-01-17 08:53:10 | INFO     | [lf.day.start] Processing ATZ-TUU for 15APR
2026-01-17 08:53:11 | WARNING  | [lf.day.no_flights] No direct flights on 15APR
2026-01-17 08:53:11 | INFO     | [SUCCESS] Day 15APR
2026-01-17 08:53:11 | INFO     | [DAY_START] Processing 14APR
2026-01-17 08:53:11 | INFO     | [lf.day.start] Processing ATZ-TUU for 14APR
2026-01-17 08:53:12 | WARNING  | [lf.day.no_flights] No direct flights on 14APR
2026-01-17 08:53:12 | INFO     | [SUCCESS] Day 14APR
2026-01-17 08:53:12 | INFO     | [DAY_START] Processing 13APR
2026-01-17 08:53:12 | INFO     | [lf.day.start] Processing ATZ-TUU for 13APR
2026-01-17 08:53:13 | WARNING  | [lf.day.no_flights] No direct flights on 13APR
2026-01-17 08:53:14 | INFO     | [SUCCESS] Day 13APR
2026-01-17 08:53:14 | INFO     | [DAY_START] Processing 12APR
2026-01-17 08:53:14 | INFO     | [lf.day.start] Processing ATZ-TUU for 12APR
2026-01-17 08:53:15 | WARNING  | [lf.day.no_flights] No direct flights on 12APR
2026-01-17 08:53:15 | INFO     | [SUCCESS] Day 12APR
2026-01-17 08:53:15 | INFO     | [DAY_START] Processing 11APR
2026-01-17 08:53:15 | INFO     | [lf.day.start] Processing ATZ-TUU for 11APR
2026-01-17 08:53:16 | WARNING  | [lf.day.no_flights] No direct flights on 11APR
2026-01-17 08:53:16 | INFO     | [SUCCESS] Day 11APR
2026-01-17 08:53:16 | INFO     | [DAY_START] Processing 10APR
2026-01-17 08:53:16 | INFO     | [lf.day.start] Processing ATZ-TUU for 10APR
2026-01-17 08:53:17 | WARNING  | [lf.day.no_flights] No direct flights on 10APR
2026-01-17 08:53:17 | INFO     | [SUCCESS] Day 10APR
2026-01-17 08:53:17 | INFO     | [SUCCESS] LF Search Complete
2026-01-17 08:53:17 | INFO     | [Worker_9226] Completed: ATZ-TUU - 9 results, 0 errors
2026-01-17 08:53:17 | INFO     | [Worker_9226] Processing: ATZ-AHB
2026-01-17 08:53:17 | INFO     |   Tier 0: Range 4, Chunk 2/3 (9 days)
