2026-01-17 09:10:44 | INFO     | ======================================================================
2026-01-17 09:10:44 | INFO     | Load Factor Scraper Started - Route: ATZ-DMM
2026-01-17 09:10:44 | INFO     | Log file: D:\CODERED\LAB\Artifacts\outputs\run_generated_170126_at_08.47_RETRY\logs\LF_ATZ-DMM_20260117_091044.log
2026-01-17 09:10:44 | INFO     | Enhanced logging: Capturing both logging.info() and print()
2026-01-17 09:10:44 | INFO     | ======================================================================
2026-01-17 09:10:44 | INFO     | Starting LF search for route: ATZ-DMM
2026-01-17 09:10:44 | INFO     | [START] LF Search
2026-01-17 09:10:45 | INFO     | [HEALTH CHECK] [OK] Chrome connection is healthy
2026-01-17 09:10:45 | INFO     | [DAY_START] Processing 07MAR
2026-01-17 09:10:45 | INFO     | [lf.day.start] Processing ATZ-DMM for 07MAR
2026-01-17 09:10:46 | WARNING  | [lf.day.no_flights] No direct flights on 07MAR
2026-01-17 09:10:46 | INFO     | [SUCCESS] Day 07MAR
2026-01-17 09:10:46 | INFO     | [DAY_START] Processing 06MAR
2026-01-17 09:10:46 | INFO     | [lf.day.start] Processing ATZ-DMM for 06MAR
2026-01-17 09:10:47 | INFO     | [lf.day.flights_found] Found 1 flights on 06MAR
2026-01-17 09:10:49 | INFO     | [lf.flight.extracted] SM437 on 06MAR: BKG=2, LF=1.1%
2026-01-17 09:10:51 | INFO     | [SUCCESS] Day 06MAR
2026-01-17 09:10:51 | INFO     | [DAY_START] Processing 05MAR
2026-01-17 09:10:51 | INFO     | [lf.day.start] Processing ATZ-DMM for 05MAR
2026-01-17 09:10:52 | WARNING  | [lf.day.no_flights] No direct flights on 05MAR
2026-01-17 09:10:52 | INFO     | [SUCCESS] Day 05MAR
2026-01-17 09:10:52 | INFO     | [DAY_START] Processing 04MAR
2026-01-17 09:10:52 | INFO     | [lf.day.start] Processing ATZ-DMM for 04MAR
2026-01-17 09:10:53 | WARNING  | [lf.day.no_flights] No direct flights on 04MAR
2026-01-17 09:10:53 | INFO     | [SUCCESS] Day 04MAR
2026-01-17 09:10:53 | INFO     | [DAY_START] Processing 03MAR
2026-01-17 09:10:53 | INFO     | [lf.day.start] Processing ATZ-DMM for 03MAR
2026-01-17 09:10:54 | WARNING  | [lf.day.no_flights] No direct flights on 03MAR
2026-01-17 09:10:55 | INFO     | [SUCCESS] Day 03MAR
2026-01-17 09:10:55 | INFO     | [DAY_START] Processing 02MAR
2026-01-17 09:10:55 | INFO     | [lf.day.start] Processing ATZ-DMM for 02MAR
2026-01-17 09:10:55 | INFO     | [lf.day.flights_found] Found 1 flights on 02MAR
2026-01-17 09:10:57 | INFO     | [lf.flight.extracted] SM437 on 02MAR: BKG=8, LF=4.5%
2026-01-17 09:11:00 | INFO     | [SUCCESS] Day 02MAR
2026-01-17 09:11:00 | INFO     | [DAY_START] Processing 01MAR
2026-01-17 09:11:00 | INFO     | [lf.day.start] Processing ATZ-DMM for 01MAR
2026-01-17 09:11:01 | WARNING  | [lf.day.no_flights] No direct flights on 01MAR
2026-01-17 09:11:01 | INFO     | [SUCCESS] Day 01MAR
2026-01-17 09:11:01 | INFO     | [DAY_START] Processing 28FEB
2026-01-17 09:11:01 | INFO     | [lf.day.start] Processing ATZ-DMM for 28FEB
2026-01-17 09:11:02 | WARNING  | [lf.day.no_flights] No direct flights on 28FEB
2026-01-17 09:11:02 | INFO     | [SUCCESS] Day 28FEB
2026-01-17 09:11:02 | INFO     | [DAY_START] Processing 27FEB
2026-01-17 09:11:02 | INFO     | [lf.day.start] Processing ATZ-DMM for 27FEB
2026-01-17 09:11:03 | INFO     | [lf.day.flights_found] Found 1 flights on 27FEB
2026-01-17 09:11:05 | INFO     | [lf.flight.extracted] SM437 on 27FEB: BKG=5, LF=2.8%
2026-01-17 09:11:08 | INFO     | [SUCCESS] Day 27FEB
2026-01-17 09:11:08 | INFO     | [SUCCESS] LF Search Complete
2026-01-17 09:11:24 | INFO     | [Worker_9225] Completed: ATZ-DMM - 9 results, 0 errors
2026-01-17 09:11:24 | INFO     | [Worker_9225] Processing: CAI-YNB
2026-01-17 09:11:24 | INFO     |   Tier 0: Range 2, Chunk 1/3 (9 days)
