2026-01-17 09:31:43 | INFO     | ======================================================================
2026-01-17 09:31:43 | INFO     | Load Factor Scraper Started - Route: AJF-CAI
2026-01-17 09:31:43 | INFO     | Log file: D:\CODERED\LAB\Artifacts\outputs\run_generated_170126_at_08.47_RETRY\logs\LF_AJF-CAI_20260117_093143.log
2026-01-17 09:31:43 | INFO     | Enhanced logging: Capturing both logging.info() and print()
2026-01-17 09:31:43 | INFO     | ======================================================================
2026-01-17 09:31:43 | INFO     | Starting LF search for route: AJF-CAI
2026-01-17 09:31:43 | INFO     | [START] LF Search
2026-01-17 09:31:44 | INFO     | [HEALTH CHECK] [OK] Chrome connection is healthy
2026-01-17 09:31:44 | INFO     | [DAY_START] Processing 24JAN
2026-01-17 09:31:44 | INFO     | [lf.day.start] Processing AJF-CAI for 24JAN
2026-01-17 09:31:45 | INFO     | [lf.day.flights_found] Found 1 flights on 24JAN
2026-01-17 09:31:46 | INFO     | [lf.flight.extracted] SM322 on 24JAN: BKG=21, LF=12.0%
2026-01-17 09:31:50 | INFO     | [SUCCESS] Day 24JAN
2026-01-17 09:31:50 | INFO     | [DAY_START] Processing 23JAN
2026-01-17 09:31:50 | INFO     | [lf.day.start] Processing AJF-CAI for 23JAN
2026-01-17 09:31:51 | WARNING  | [lf.day.no_flights] No direct flights on 23JAN
2026-01-17 09:31:51 | INFO     | [SUCCESS] Day 23JAN
2026-01-17 09:31:51 | INFO     | [DAY_START] Processing 22JAN
2026-01-17 09:31:51 | INFO     | [lf.day.start] Processing AJF-CAI for 22JAN
2026-01-17 09:31:52 | INFO     | [lf.day.flights_found] Found 1 flights on 22JAN
2026-01-17 09:31:54 | INFO     | [lf.flight.extracted] SM322 on 22JAN: BKG=35, LF=20.0%
2026-01-17 09:31:57 | INFO     | [SUCCESS] Day 22JAN
2026-01-17 09:31:57 | INFO     | [DAY_START] Processing 21JAN
2026-01-17 09:31:57 | INFO     | [lf.day.start] Processing AJF-CAI for 21JAN
2026-01-17 09:31:58 | WARNING  | [lf.day.no_flights] No direct flights on 21JAN
2026-01-17 09:31:58 | INFO     | [SUCCESS] Day 21JAN
2026-01-17 09:31:58 | INFO     | [DAY_START] Processing 20JAN
2026-01-17 09:31:58 | INFO     | [lf.day.start] Processing AJF-CAI for 20JAN
2026-01-17 09:31:59 | INFO     | [lf.day.flights_found] Found 1 flights on 20JAN
2026-01-17 09:32:01 | INFO     | [lf.flight.extracted] SM322 on 20JAN: BKG=87, LF=49.7%
2026-01-17 09:32:07 | INFO     | [SUCCESS] Day 20JAN
2026-01-17 09:32:07 | INFO     | [DAY_START] Processing 19JAN
2026-01-17 09:32:07 | INFO     | [lf.day.start] Processing AJF-CAI for 19JAN
2026-01-17 09:32:08 | WARNING  | [lf.day.no_flights] No direct flights on 19JAN
2026-01-17 09:32:08 | INFO     | [SUCCESS] Day 19JAN
2026-01-17 09:32:08 | INFO     | [DAY_START] Processing 18JAN
2026-01-17 09:32:08 | INFO     | [lf.day.start] Processing AJF-CAI for 18JAN
2026-01-17 09:32:09 | WARNING  | [lf.day.no_flights] No direct flights on 18JAN
2026-01-17 09:32:09 | INFO     | [SUCCESS] Day 18JAN
2026-01-17 09:32:09 | INFO     | [SUCCESS] LF Search Complete
2026-01-17 09:32:09 | INFO     | [Worker_9222] Completed: AJF-CAI - 7 results, 0 errors
2026-01-17 09:32:09 | INFO     | [Worker_9222] Processing: ELQ-CAI
2026-01-17 09:32:09 | INFO     |   Tier 0: Range 1, Chunk 3/3 (8 days)
