2026-01-17 08:59:40 | INFO     | ======================================================================
2026-01-17 08:59:40 | INFO     | Load Factor Scraper Started - Route: ATZ-AHB
2026-01-17 08:59:40 | INFO     | Log file: D:\CODERED\LAB\Artifacts\outputs\run_generated_170126_at_08.47_RETRY\logs\LF_ATZ-AHB_20260117_085940.log
2026-01-17 08:59:40 | INFO     | Enhanced logging: Capturing both logging.info() and print()
2026-01-17 08:59:40 | INFO     | ======================================================================
2026-01-17 08:59:40 | INFO     | Starting LF search for route: ATZ-AHB
2026-01-17 08:59:40 | INFO     | [START] LF Search
2026-01-17 08:59:42 | INFO     | [HEALTH CHECK] [OK] Chrome connection is healthy
2026-01-17 08:59:42 | INFO     | [DAY_START] Processing 01APR
2026-01-17 08:59:42 | INFO     | [lf.day.start] Processing ATZ-AHB for 01APR
2026-01-17 08:59:43 | WARNING  | [lf.day.no_flights] No direct flights on 01APR
2026-01-17 08:59:43 | INFO     | [SUCCESS] Day 01APR
2026-01-17 08:59:43 | INFO     | [DAY_START] Processing 31MAR
2026-01-17 08:59:43 | INFO     | [lf.day.start] Processing ATZ-AHB for 31MAR
2026-01-17 08:59:44 | WARNING  | [lf.day.no_flights] No direct flights on 31MAR
2026-01-17 08:59:44 | INFO     | [SUCCESS] Day 31MAR
2026-01-17 08:59:44 | INFO     | [DAY_START] Processing 30MAR
2026-01-17 08:59:44 | INFO     | [lf.day.start] Processing ATZ-AHB for 30MAR
2026-01-17 08:59:46 | WARNING  | [lf.day.no_flights] No direct flights on 30MAR
2026-01-17 08:59:46 | INFO     | [SUCCESS] Day 30MAR
2026-01-17 08:59:46 | INFO     | [DAY_START] Processing 29MAR
2026-01-17 08:59:46 | INFO     | [lf.day.start] Processing ATZ-AHB for 29MAR
2026-01-17 08:59:47 | WARNING  | [lf.day.no_flights] No direct flights on 29MAR
2026-01-17 08:59:47 | INFO     | [SUCCESS] Day 29MAR
2026-01-17 08:59:47 | INFO     | [DAY_START] Processing 28MAR
2026-01-17 08:59:47 | INFO     | [lf.day.start] Processing ATZ-AHB for 28MAR
2026-01-17 08:59:48 | WARNING  | [lf.day.no_flights] No direct flights on 28MAR
2026-01-17 08:59:48 | INFO     | [SUCCESS] Day 28MAR
2026-01-17 08:59:48 | INFO     | [DAY_START] Processing 27MAR
2026-01-17 08:59:48 | INFO     | [lf.day.start] Processing ATZ-AHB for 27MAR
2026-01-17 08:59:50 | INFO     | [lf.day.flights_found] Found 1 flights on 27MAR
2026-01-17 08:59:51 | INFO     | [lf.flight.extracted] SM445 on 27MAR: BKG=14, LF=7.8%
2026-01-17 08:59:54 | INFO     | [SUCCESS] Day 27MAR
2026-01-17 08:59:54 | INFO     | [DAY_START] Processing 26MAR
2026-01-17 08:59:54 | INFO     | [lf.day.start] Processing ATZ-AHB for 26MAR
2026-01-17 08:59:55 | WARNING  | [lf.day.no_flights] No direct flights on 26MAR
2026-01-17 08:59:55 | INFO     | [SUCCESS] Day 26MAR
2026-01-17 08:59:55 | INFO     | [DAY_START] Processing 25MAR
2026-01-17 08:59:55 | INFO     | [lf.day.start] Processing ATZ-AHB for 25MAR
2026-01-17 08:59:56 | WARNING  | [lf.day.no_flights] No direct flights on 25MAR
2026-01-17 08:59:57 | INFO     | [SUCCESS] Day 25MAR
2026-01-17 08:59:57 | INFO     | [DAY_START] Processing 24MAR
2026-01-17 08:59:57 | INFO     | [lf.day.start] Processing ATZ-AHB for 24MAR
2026-01-17 08:59:57 | WARNING  | [lf.day.no_flights] No direct flights on 24MAR
2026-01-17 08:59:58 | INFO     | [SUCCESS] Day 24MAR
2026-01-17 08:59:58 | INFO     | [SUCCESS] LF Search Complete
2026-01-17 08:59:58 | INFO     | [Worker_9223] Completed: ATZ-AHB - 9 results, 0 errors
2026-01-17 08:59:58 | INFO     | [Worker_9223] Processing: MED-CAI
2026-01-17 08:59:58 | INFO     |   Tier 0: Range 3, Chunk 2/3 (8 days)
