2026-01-17 08:55:15 | INFO     | ======================================================================
2026-01-17 08:55:15 | INFO     | Load Factor Scraper Started - Route: ATZ-RUH
2026-01-17 08:55:15 | INFO     | Log file: D:\CODERED\LAB\Artifacts\outputs\run_generated_170126_at_08.47_RETRY\logs\LF_ATZ-RUH_20260117_085515.log
2026-01-17 08:55:15 | INFO     | Enhanced logging: Capturing both logging.info() and print()
2026-01-17 08:55:15 | INFO     | ======================================================================
2026-01-17 08:55:15 | INFO     | Starting LF search for route: ATZ-RUH
2026-01-17 08:55:15 | INFO     | [START] LF Search
2026-01-17 08:55:16 | INFO     | [HEALTH CHECK] [OK] Chrome connection is healthy
2026-01-17 08:55:16 | INFO     | [DAY_START] Processing 09APR
2026-01-17 08:55:16 | INFO     | [lf.day.start] Processing ATZ-RUH for 09APR
2026-01-17 08:55:17 | WARNING  | [lf.day.no_flights] No direct flights on 09APR
2026-01-17 08:55:17 | INFO     | [SUCCESS] Day 09APR
2026-01-17 08:55:17 | INFO     | [DAY_START] Processing 08APR
2026-01-17 08:55:17 | INFO     | [lf.day.start] Processing ATZ-RUH for 08APR
2026-01-17 08:55:18 | INFO     | [lf.day.flights_found] Found 1 flights on 08APR
2026-01-17 08:55:20 | INFO     | [lf.flight.extracted] SM465 on 08APR: BKG=47, LF=26.3%
2026-01-17 08:55:24 | INFO     | [SUCCESS] Day 08APR
2026-01-17 08:55:24 | INFO     | [DAY_START] Processing 07APR
2026-01-17 08:55:24 | INFO     | [lf.day.start] Processing ATZ-RUH for 07APR
2026-01-17 08:55:25 | WARNING  | [lf.day.no_flights] No direct flights on 07APR
2026-01-17 08:55:25 | INFO     | [SUCCESS] Day 07APR
2026-01-17 08:55:25 | INFO     | [DAY_START] Processing 06APR
2026-01-17 08:55:25 | INFO     | [lf.day.start] Processing ATZ-RUH for 06APR
2026-01-17 08:55:27 | WARNING  | [lf.day.no_flights] No direct flights on 06APR
2026-01-17 08:55:27 | INFO     | [SUCCESS] Day 06APR
2026-01-17 08:55:27 | INFO     | [DAY_START] Processing 05APR
2026-01-17 08:55:27 | INFO     | [lf.day.start] Processing ATZ-RUH for 05APR
2026-01-17 08:55:28 | WARNING  | [lf.day.no_flights] No direct flights on 05APR
2026-01-17 08:55:28 | INFO     | [SUCCESS] Day 05APR
2026-01-17 08:55:28 | INFO     | [DAY_START] Processing 04APR
2026-01-17 08:55:28 | INFO     | [lf.day.start] Processing ATZ-RUH for 04APR
2026-01-17 08:55:29 | WARNING  | [lf.day.no_flights] No direct flights on 04APR
2026-01-17 08:55:29 | INFO     | [SUCCESS] Day 04APR
2026-01-17 08:55:29 | INFO     | [DAY_START] Processing 03APR
2026-01-17 08:55:29 | INFO     | [lf.day.start] Processing ATZ-RUH for 03APR
2026-01-17 08:55:30 | WARNING  | [lf.day.no_flights] No direct flights on 03APR
2026-01-17 08:55:30 | INFO     | [SUCCESS] Day 03APR
2026-01-17 08:55:30 | INFO     | [DAY_START] Processing 02APR
2026-01-17 08:55:30 | INFO     | [lf.day.start] Processing ATZ-RUH for 02APR
2026-01-17 08:55:31 | WARNING  | [lf.day.no_flights] No direct flights on 02APR
2026-01-17 08:55:31 | INFO     | [SUCCESS] Day 02APR
2026-01-17 08:55:31 | INFO     | [SUCCESS] LF Search Complete
2026-01-17 08:55:31 | INFO     | [Worker_9225] Completed: ATZ-RUH - 8 results, 0 errors
2026-01-17 08:55:31 | INFO     | [Worker_9225] Processing: ATZ-DMM
2026-01-17 08:55:31 | INFO     |   Tier 0: Range 4, Chunk 3/3 (8 days)
