2026-01-17 09:02:55 | INFO     | ======================================================================
2026-01-17 09:02:55 | INFO     | Load Factor Scraper Started - Route: ATZ-DMM
2026-01-17 09:02:55 | INFO     | Log file: D:\CODERED\LAB\Artifacts\outputs\run_generated_170126_at_08.47_RETRY\logs\LF_ATZ-DMM_20260117_090255.log
2026-01-17 09:02:55 | INFO     | Enhanced logging: Capturing both logging.info() and print()
2026-01-17 09:02:55 | INFO     | ======================================================================
2026-01-17 09:02:55 | INFO     | Starting LF search for route: ATZ-DMM
2026-01-17 09:02:55 | INFO     | [START] LF Search
2026-01-17 09:02:56 | INFO     | [HEALTH CHECK] [OK] Chrome connection is healthy
2026-01-17 09:02:56 | INFO     | [DAY_START] Processing 23MAR
2026-01-17 09:02:56 | INFO     | [lf.day.start] Processing ATZ-DMM for 23MAR
2026-01-17 09:02:57 | INFO     | [lf.day.flights_found] Found 1 flights on 23MAR
2026-01-17 09:02:59 | INFO     | [lf.flight.extracted] SM437 on 23MAR: BKG=16, LF=9.1%
2026-01-17 09:03:01 | INFO     | [SUCCESS] Day 23MAR
2026-01-17 09:03:01 | INFO     | [DAY_START] Processing 22MAR
2026-01-17 09:03:01 | INFO     | [lf.day.start] Processing ATZ-DMM for 22MAR
2026-01-17 09:03:03 | WARNING  | [lf.day.no_flights] No direct flights on 22MAR
2026-01-17 09:03:03 | INFO     | [SUCCESS] Day 22MAR
2026-01-17 09:03:03 | INFO     | [DAY_START] Processing 21MAR
2026-01-17 09:03:03 | INFO     | [lf.day.start] Processing ATZ-DMM for 21MAR
2026-01-17 09:03:04 | WARNING  | [lf.day.no_flights] No direct flights on 21MAR
2026-01-17 09:03:04 | INFO     | [SUCCESS] Day 21MAR
2026-01-17 09:03:04 | INFO     | [DAY_START] Processing 20MAR
2026-01-17 09:03:04 | INFO     | [lf.day.start] Processing ATZ-DMM for 20MAR
2026-01-17 09:03:05 | INFO     | [lf.day.flights_found] Found 1 flights on 20MAR
2026-01-17 09:03:07 | INFO     | [lf.flight.extracted] SM437 on 20MAR: BKG=1, LF=0.6%
2026-01-17 09:03:09 | INFO     | [SUCCESS] Day 20MAR
2026-01-17 09:03:09 | INFO     | [DAY_START] Processing 19MAR
2026-01-17 09:03:09 | INFO     | [lf.day.start] Processing ATZ-DMM for 19MAR
2026-01-17 09:03:10 | WARNING  | [lf.day.no_flights] No direct flights on 19MAR
2026-01-17 09:03:10 | INFO     | [SUCCESS] Day 19MAR
2026-01-17 09:03:10 | INFO     | [DAY_START] Processing 18MAR
2026-01-17 09:03:10 | INFO     | [lf.day.start] Processing ATZ-DMM for 18MAR
2026-01-17 09:03:11 | WARNING  | [lf.day.no_flights] No direct flights on 18MAR
2026-01-17 09:03:12 | INFO     | [SUCCESS] Day 18MAR
2026-01-17 09:03:12 | INFO     | [DAY_START] Processing 17MAR
2026-01-17 09:03:12 | INFO     | [lf.day.start] Processing ATZ-DMM for 17MAR
2026-01-17 09:03:12 | WARNING  | [lf.day.no_flights] No direct flights on 17MAR
2026-01-17 09:03:13 | INFO     | [SUCCESS] Day 17MAR
2026-01-17 09:03:13 | INFO     | [DAY_START] Processing 16MAR
2026-01-17 09:03:13 | INFO     | [lf.day.start] Processing ATZ-DMM for 16MAR
2026-01-17 09:03:14 | INFO     | [lf.day.flights_found] Found 1 flights on 16MAR
2026-01-17 09:03:16 | INFO     | [lf.flight.extracted] SM437 on 16MAR: BKG=1, LF=0.6%
2026-01-17 09:03:18 | INFO     | [SUCCESS] Day 16MAR
2026-01-17 09:03:18 | INFO     | [SUCCESS] LF Search Complete
2026-01-17 09:03:18 | INFO     | [Worker_9233] Completed: ATZ-DMM - 8 results, 0 errors
2026-01-17 09:03:18 | INFO     | [Worker_9233] Processing: CAI-YNB
2026-01-17 09:03:18 | INFO     |   Tier 0: Range 3, Chunk 2/3 (8 days)
