2026-01-17 09:13:16 | INFO     | ======================================================================
2026-01-17 09:13:16 | INFO     | Load Factor Scraper Started - Route: AJF-ATZ
2026-01-17 09:13:16 | INFO     | Log file: D:\CODERED\LAB\Artifacts\outputs\run_generated_170126_at_08.47_RETRY\logs\LF_AJF-ATZ_20260117_091316.log
2026-01-17 09:13:16 | INFO     | Enhanced logging: Capturing both logging.info() and print()
2026-01-17 09:13:16 | INFO     | ======================================================================
2026-01-17 09:13:16 | INFO     | Starting LF search for route: AJF-ATZ
2026-01-17 09:13:16 | INFO     | [START] LF Search
2026-01-17 09:13:17 | INFO     | [HEALTH CHECK] [OK] Chrome connection is healthy
2026-01-17 09:13:17 | INFO     | [DAY_START] Processing 26FEB
2026-01-17 09:13:17 | INFO     | [lf.day.start] Processing AJF-ATZ for 26FEB
2026-01-17 09:13:19 | WARNING  | [lf.day.no_flights] No direct flights on 26FEB
2026-01-17 09:13:19 | INFO     | [SUCCESS] Day 26FEB
2026-01-17 09:13:19 | INFO     | [DAY_START] Processing 25FEB
2026-01-17 09:13:19 | INFO     | [lf.day.start] Processing AJF-ATZ for 25FEB
2026-01-17 09:13:20 | WARNING  | [lf.day.no_flights] No direct flights on 25FEB
2026-01-17 09:13:20 | INFO     | [SUCCESS] Day 25FEB
2026-01-17 09:13:20 | INFO     | [DAY_START] Processing 24FEB
2026-01-17 09:13:20 | INFO     | [lf.day.start] Processing AJF-ATZ for 24FEB
2026-01-17 09:13:21 | WARNING  | [lf.day.no_flights] No direct flights on 24FEB
2026-01-17 09:13:21 | INFO     | [SUCCESS] Day 24FEB
2026-01-17 09:13:21 | INFO     | [DAY_START] Processing 23FEB
2026-01-17 09:13:21 | INFO     | [lf.day.start] Processing AJF-ATZ for 23FEB
2026-01-17 09:13:22 | WARNING  | [lf.day.no_flights] No direct flights on 23FEB
2026-01-17 09:13:22 | INFO     | [SUCCESS] Day 23FEB
2026-01-17 09:13:22 | INFO     | [DAY_START] Processing 22FEB
2026-01-17 09:13:22 | INFO     | [lf.day.start] Processing AJF-ATZ for 22FEB
2026-01-17 09:13:23 | WARNING  | [lf.day.no_flights] No direct flights on 22FEB
2026-01-17 09:13:24 | INFO     | [SUCCESS] Day 22FEB
2026-01-17 09:13:24 | INFO     | [DAY_START] Processing 21FEB
2026-01-17 09:13:24 | INFO     | [lf.day.start] Processing AJF-ATZ for 21FEB
2026-01-17 09:13:25 | WARNING  | [lf.day.no_flights] No direct flights on 21FEB
2026-01-17 09:13:25 | INFO     | [SUCCESS] Day 21FEB
2026-01-17 09:13:25 | INFO     | [DAY_START] Processing 20FEB
2026-01-17 09:13:25 | INFO     | [lf.day.start] Processing AJF-ATZ for 20FEB
2026-01-17 09:13:26 | INFO     | [lf.day.flights_found] Found 1 flights on 20FEB
2026-01-17 09:13:28 | INFO     | [lf.flight.extracted] SM324 on 20FEB: BKG=19, LF=11.4%
2026-01-17 09:13:30 | INFO     | [SUCCESS] Day 20FEB
2026-01-17 09:13:30 | INFO     | [DAY_START] Processing 19FEB
2026-01-17 09:13:30 | INFO     | [lf.day.start] Processing AJF-ATZ for 19FEB
2026-01-17 09:13:31 | WARNING  | [lf.day.no_flights] No direct flights on 19FEB
2026-01-17 09:13:32 | INFO     | [SUCCESS] Day 19FEB
2026-01-17 09:13:32 | INFO     | [SUCCESS] LF Search Complete
2026-01-17 09:13:32 | INFO     | [Worker_9224] Completed: AJF-ATZ - 8 results, 0 errors
2026-01-17 09:13:32 | INFO     | [Worker_9224] Processing: ELQ-ATZ
2026-01-17 09:13:32 | INFO     |   Tier 0: Range 2, Chunk 2/3 (8 days)
