2026-01-17 09:02:09 | INFO     | ======================================================================
2026-01-17 09:02:09 | INFO     | Load Factor Scraper Started - Route: ATZ-MED
2026-01-17 09:02:09 | INFO     | Log file: D:\CODERED\LAB\Artifacts\outputs\run_generated_170126_at_08.47_RETRY\logs\LF_ATZ-MED_20260117_090209.log
2026-01-17 09:02:09 | INFO     | Enhanced logging: Capturing both logging.info() and print()
2026-01-17 09:02:09 | INFO     | ======================================================================
2026-01-17 09:02:09 | INFO     | Starting LF search for route: ATZ-MED
2026-01-17 09:02:09 | INFO     | [START] LF Search
2026-01-17 09:02:10 | INFO     | [HEALTH CHECK] [OK] Chrome connection is healthy
2026-01-17 09:02:10 | INFO     | [DAY_START] Processing 23MAR
2026-01-17 09:02:10 | INFO     | [lf.day.start] Processing ATZ-MED for 23MAR
2026-01-17 09:02:11 | INFO     | [lf.day.flights_found] Found 1 flights on 23MAR
2026-01-17 09:02:13 | INFO     | [lf.flight.extracted] SM487 on 23MAR: BKG=0, LF=0.0%
2026-01-17 09:02:14 | INFO     | [SUCCESS] Day 23MAR
2026-01-17 09:02:14 | INFO     | [DAY_START] Processing 22MAR
2026-01-17 09:02:14 | INFO     | [lf.day.start] Processing ATZ-MED for 22MAR
2026-01-17 09:02:16 | INFO     | [lf.day.flights_found] Found 1 flights on 22MAR
2026-01-17 09:02:17 | INFO     | [lf.flight.extracted] SM963 on 22MAR: BKG=0, LF=0.0%
2026-01-17 09:02:19 | INFO     | [SUCCESS] Day 22MAR
2026-01-17 09:02:19 | INFO     | [DAY_START] Processing 21MAR
2026-01-17 09:02:19 | INFO     | [lf.day.start] Processing ATZ-MED for 21MAR
2026-01-17 09:02:20 | INFO     | [lf.day.flights_found] Found 1 flights on 21MAR
2026-01-17 09:02:22 | INFO     | [lf.flight.extracted] SM487 on 21MAR: BKG=0, LF=0.0%
2026-01-17 09:02:23 | INFO     | [SUCCESS] Day 21MAR
2026-01-17 09:02:23 | INFO     | [DAY_START] Processing 20MAR
2026-01-17 09:02:23 | INFO     | [lf.day.start] Processing ATZ-MED for 20MAR
2026-01-17 09:02:24 | INFO     | [lf.day.flights_found] Found 1 flights on 20MAR
2026-01-17 09:02:26 | INFO     | [lf.flight.extracted] SM963 on 20MAR: BKG=0, LF=0.0%
2026-01-17 09:02:27 | INFO     | [SUCCESS] Day 20MAR
2026-01-17 09:02:27 | INFO     | [DAY_START] Processing 19MAR
2026-01-17 09:02:27 | INFO     | [lf.day.start] Processing ATZ-MED for 19MAR
2026-01-17 09:02:28 | WARNING  | [lf.day.no_flights] No direct flights on 19MAR
2026-01-17 09:02:28 | INFO     | [SUCCESS] Day 19MAR
2026-01-17 09:02:28 | INFO     | [DAY_START] Processing 18MAR
2026-01-17 09:02:28 | INFO     | [lf.day.start] Processing ATZ-MED for 18MAR
2026-01-17 09:02:29 | WARNING  | [lf.day.no_flights] No direct flights on 18MAR
2026-01-17 09:02:30 | INFO     | [SUCCESS] Day 18MAR
2026-01-17 09:02:30 | INFO     | [DAY_START] Processing 17MAR
2026-01-17 09:02:30 | INFO     | [lf.day.start] Processing ATZ-MED for 17MAR
2026-01-17 09:02:30 | INFO     | [lf.day.flights_found] Found 1 flights on 17MAR
2026-01-17 09:02:32 | INFO     | [lf.flight.extracted] SM487 on 17MAR: BKG=0, LF=0.0%
2026-01-17 09:02:34 | INFO     | [SUCCESS] Day 17MAR
2026-01-17 09:02:34 | INFO     | [DAY_START] Processing 16MAR
2026-01-17 09:02:34 | INFO     | [lf.day.start] Processing ATZ-MED for 16MAR
2026-01-17 09:02:35 | INFO     | [lf.day.flights_found] Found 1 flights on 16MAR
2026-01-17 09:02:37 | INFO     | [lf.flight.extracted] SM487 on 16MAR: BKG=0, LF=0.0%
2026-01-17 09:02:38 | INFO     | [SUCCESS] Day 16MAR
2026-01-17 09:02:38 | INFO     | [SUCCESS] LF Search Complete
2026-01-17 09:02:38 | INFO     | [Worker_9224] Completed: ATZ-MED - 8 results, 0 errors
2026-01-17 09:02:38 | INFO     | [Worker_9224] Processing: CAI-RUH
2026-01-17 09:02:38 | INFO     |   Tier 0: Range 3, Chunk 2/3 (8 days)
