2026-01-17 09:28:38 | INFO     | ======================================================================
2026-01-17 09:28:38 | INFO     | Load Factor Scraper Started - Route: ATZ-JED
2026-01-17 09:28:38 | INFO     | Log file: D:\CODERED\LAB\Artifacts\outputs\run_generated_170126_at_08.47_RETRY\logs\LF_ATZ-JED_20260117_092838.log
2026-01-17 09:28:38 | INFO     | Enhanced logging: Capturing both logging.info() and print()
2026-01-17 09:28:38 | INFO     | ======================================================================
2026-01-17 09:28:38 | INFO     | Starting LF search for route: ATZ-JED
2026-01-17 09:28:38 | INFO     | [START] LF Search
2026-01-17 09:28:39 | INFO     | [HEALTH CHECK] [OK] Chrome connection is healthy
2026-01-17 09:28:39 | INFO     | [DAY_START] Processing 01FEB
2026-01-17 09:28:39 | INFO     | [lf.day.start] Processing ATZ-JED for 01FEB
2026-01-17 09:28:40 | INFO     | [lf.day.flights_found] Found 2 flights on 01FEB
2026-01-17 09:28:42 | INFO     | [lf.flight.extracted] SM491 on 01FEB: BKG=150, LF=83.8%
2026-01-17 09:28:45 | INFO     | [lf.flight.extracted] SM455 on 01FEB: BKG=143, LF=79.9%
2026-01-17 09:28:50 | INFO     | [SUCCESS] Day 01FEB
2026-01-17 09:28:50 | INFO     | [DAY_START] Processing 31JAN
2026-01-17 09:28:50 | INFO     | [lf.day.start] Processing ATZ-JED for 31JAN
2026-01-17 09:28:51 | INFO     | [lf.day.flights_found] Found 3 flights on 31JAN
2026-01-17 09:28:53 | INFO     | [lf.flight.extracted] SM491 on 31JAN: BKG=54, LF=30.2%
2026-01-17 09:28:57 | INFO     | [lf.flight.extracted] SM453 on 31JAN: BKG=42, LF=23.5%
2026-01-17 09:29:00 | INFO     | [lf.flight.extracted] SM455 on 31JAN: BKG=72, LF=40.2%
2026-01-17 09:29:13 | INFO     | [SUCCESS] Day 31JAN
2026-01-17 09:29:13 | INFO     | [DAY_START] Processing 30JAN
2026-01-17 09:29:13 | INFO     | [lf.day.start] Processing ATZ-JED for 30JAN
2026-01-17 09:29:14 | INFO     | [lf.day.flights_found] Found 1 flights on 30JAN
2026-01-17 09:29:16 | INFO     | [lf.flight.extracted] SM491 on 30JAN: BKG=134, LF=74.9%
2026-01-17 09:29:21 | INFO     | [SUCCESS] Day 30JAN
2026-01-17 09:29:21 | INFO     | [DAY_START] Processing 29JAN
2026-01-17 09:29:21 | INFO     | [lf.day.start] Processing ATZ-JED for 29JAN
2026-01-17 09:29:22 | INFO     | [lf.day.flights_found] Found 2 flights on 29JAN
2026-01-17 09:29:24 | INFO     | [lf.flight.extracted] SM453 on 29JAN: BKG=145, LF=81.0%
2026-01-17 09:29:28 | INFO     | [lf.flight.extracted] SM455 on 29JAN: BKG=105, LF=58.7%
2026-01-17 09:29:34 | INFO     | [SUCCESS] Day 29JAN
2026-01-17 09:29:34 | INFO     | [DAY_START] Processing 28JAN
2026-01-17 09:29:34 | INFO     | [lf.day.start] Processing ATZ-JED for 28JAN
2026-01-17 09:29:35 | INFO     | [lf.day.flights_found] Found 4 flights on 28JAN
2026-01-17 09:29:37 | INFO     | [lf.flight.extracted] SM453 on 28JAN: BKG=144, LF=80.5%
2026-01-17 09:29:41 | INFO     | [lf.flight.extracted] SM491 on 28JAN: BKG=135, LF=75.4%
2026-01-17 09:29:45 | INFO     | [lf.flight.extracted] SM981 on 28JAN: BKG=150, LF=83.8%
2026-01-17 09:29:48 | INFO     | [lf.flight.extracted] SM421 on 28JAN: BKG=144, LF=80.5%
2026-01-17 09:29:58 | INFO     | [SUCCESS] Day 28JAN
2026-01-17 09:29:58 | INFO     | [DAY_START] Processing 27JAN
2026-01-17 09:29:58 | INFO     | [lf.day.start] Processing ATZ-JED for 27JAN
2026-01-17 09:29:59 | INFO     | [lf.day.flights_found] Found 2 flights on 27JAN
2026-01-17 09:30:01 | INFO     | [lf.flight.extracted] SM453 on 27JAN: BKG=157, LF=87.7%
2026-01-17 09:30:07 | INFO     | [lf.flight.extracted] SM455 on 27JAN: BKG=114, LF=63.7%
2026-01-17 09:30:16 | INFO     | [SUCCESS] Day 27JAN
2026-01-17 09:30:16 | INFO     | [DAY_START] Processing 26JAN
2026-01-17 09:30:16 | INFO     | [lf.day.start] Processing ATZ-JED for 26JAN
2026-01-17 09:30:17 | INFO     | [lf.day.flights_found] Found 4 flights on 26JAN
2026-01-17 09:30:19 | INFO     | [lf.flight.extracted] SM491 on 26JAN: BKG=141, LF=78.8%
2026-01-17 09:30:22 | INFO     | [lf.flight.extracted] SM455 on 26JAN: BKG=179, LF=100.0%
2026-01-17 09:30:25 | INFO     | [lf.flight.extracted] SM453 on 26JAN: BKG=167, LF=93.3%
2026-01-17 09:30:29 | INFO     | [lf.flight.extracted] SM975 on 26JAN: BKG=180, LF=100.6%
2026-01-17 09:30:38 | INFO     | [SUCCESS] Day 26JAN
2026-01-17 09:30:38 | INFO     | [DAY_START] Processing 25JAN
2026-01-17 09:30:38 | INFO     | [lf.day.start] Processing ATZ-JED for 25JAN
2026-01-17 09:30:39 | INFO     | [lf.day.flights_found] Found 3 flights on 25JAN
2026-01-17 09:30:41 | INFO     | [lf.flight.extracted] SM491 on 25JAN: BKG=179, LF=100.0%
2026-01-17 09:30:45 | INFO     | [lf.flight.extracted] SM455 on 25JAN: BKG=179, LF=100.0%
2026-01-17 09:30:48 | INFO     | [lf.flight.extracted] SM973 on 25JAN: BKG=0, LF=0.0%
2026-01-17 09:30:55 | INFO     | [SUCCESS] Day 25JAN
2026-01-17 09:30:55 | INFO     | [SUCCESS] LF Search Complete
2026-01-17 09:30:55 | INFO     | [Worker_9233] Completed: ATZ-JED - 8 results, 0 errors
2026-01-17 09:30:55 | INFO     | [Worker_9233] Processing: JED-LXR
2026-01-17 09:30:55 | INFO     |   Tier 0: Range 1, Chunk 3/3 (8 days)
