2026-01-17 08:56:00 | INFO     | ======================================================================
2026-01-17 08:56:00 | INFO     | Load Factor Scraper Started - Route: ATZ-ELQ
2026-01-17 08:56:00 | INFO     | Log file: D:\CODERED\LAB\Artifacts\outputs\run_generated_170126_at_08.47_RETRY\logs\LF_ATZ-ELQ_20260117_085600.log
2026-01-17 08:56:00 | INFO     | Enhanced logging: Capturing both logging.info() and print()
2026-01-17 08:56:00 | INFO     | ======================================================================
2026-01-17 08:56:00 | INFO     | Starting LF search for route: ATZ-ELQ
2026-01-17 08:56:00 | INFO     | [START] LF Search
2026-01-17 08:56:00 | INFO     | [HEALTH CHECK] [OK] Chrome connection is healthy
2026-01-17 08:56:00 | INFO     | [DAY_START] Processing 09APR
2026-01-17 08:56:00 | INFO     | [lf.day.start] Processing ATZ-ELQ for 09APR
2026-01-17 08:56:01 | WARNING  | [lf.day.no_flights] No direct flights on 09APR
2026-01-17 08:56:01 | INFO     | [SUCCESS] Day 09APR
2026-01-17 08:56:01 | INFO     | [DAY_START] Processing 08APR
2026-01-17 08:56:01 | INFO     | [lf.day.start] Processing ATZ-ELQ for 08APR
2026-01-17 08:56:02 | WARNING  | [lf.day.no_flights] No direct flights on 08APR
2026-01-17 08:56:03 | INFO     | [SUCCESS] Day 08APR
2026-01-17 08:56:03 | INFO     | [DAY_START] Processing 07APR
2026-01-17 08:56:03 | INFO     | [lf.day.start] Processing ATZ-ELQ for 07APR
2026-01-17 08:56:04 | WARNING  | [lf.day.no_flights] No direct flights on 07APR
2026-01-17 08:56:04 | INFO     | [SUCCESS] Day 07APR
2026-01-17 08:56:04 | INFO     | [DAY_START] Processing 06APR
2026-01-17 08:56:04 | INFO     | [lf.day.start] Processing ATZ-ELQ for 06APR
2026-01-17 08:56:05 | WARNING  | [lf.day.no_flights] No direct flights on 06APR
2026-01-17 08:56:05 | INFO     | [SUCCESS] Day 06APR
2026-01-17 08:56:05 | INFO     | [DAY_START] Processing 05APR
2026-01-17 08:56:05 | INFO     | [lf.day.start] Processing ATZ-ELQ for 05APR
2026-01-17 08:56:06 | WARNING  | [lf.day.no_flights] No direct flights on 05APR
2026-01-17 08:56:06 | INFO     | [SUCCESS] Day 05APR
2026-01-17 08:56:06 | INFO     | [DAY_START] Processing 04APR
2026-01-17 08:56:06 | INFO     | [lf.day.start] Processing ATZ-ELQ for 04APR
2026-01-17 08:56:07 | WARNING  | [lf.day.no_flights] No direct flights on 04APR
2026-01-17 08:56:08 | INFO     | [SUCCESS] Day 04APR
2026-01-17 08:56:08 | INFO     | [DAY_START] Processing 03APR
2026-01-17 08:56:08 | INFO     | [lf.day.start] Processing ATZ-ELQ for 03APR
2026-01-17 08:56:09 | WARNING  | [lf.day.no_flights] No direct flights on 03APR
2026-01-17 08:56:09 | INFO     | [SUCCESS] Day 03APR
2026-01-17 08:56:09 | INFO     | [DAY_START] Processing 02APR
2026-01-17 08:56:09 | INFO     | [lf.day.start] Processing ATZ-ELQ for 02APR
2026-01-17 08:56:10 | WARNING  | [lf.day.no_flights] No direct flights on 02APR
2026-01-17 08:56:10 | INFO     | [SUCCESS] Day 02APR
2026-01-17 08:56:10 | INFO     | [SUCCESS] LF Search Complete
2026-01-17 08:56:10 | INFO     | [Worker_9224] Completed: ATZ-ELQ - 8 results, 0 errors
2026-01-17 08:56:10 | INFO     | [Worker_9224] Processing: MED-CAI
2026-01-17 08:56:10 | INFO     |   Tier 0: Range 3, Chunk 1/3 (9 days)
