2026-01-17 09:13:09 | INFO     | ======================================================================
2026-01-17 09:13:09 | INFO     | Load Factor Scraper Started - Route: AJF-CAI
2026-01-17 09:13:09 | INFO     | Log file: D:\CODERED\LAB\Artifacts\outputs\run_generated_170126_at_08.47_RETRY\logs\LF_AJF-CAI_20260117_091309.log
2026-01-17 09:13:09 | INFO     | Enhanced logging: Capturing both logging.info() and print()
2026-01-17 09:13:09 | INFO     | ======================================================================
2026-01-17 09:13:09 | INFO     | Starting LF search for route: AJF-CAI
2026-01-17 09:13:09 | INFO     | [START] LF Search
2026-01-17 09:13:09 | INFO     | [HEALTH CHECK] [OK] Chrome connection is healthy
2026-01-17 09:13:09 | INFO     | [DAY_START] Processing 26FEB
2026-01-17 09:13:09 | INFO     | [lf.day.start] Processing AJF-CAI for 26FEB
2026-01-17 09:13:11 | INFO     | [lf.day.flights_found] Found 1 flights on 26FEB
2026-01-17 09:13:12 | INFO     | [lf.flight.extracted] SM322 on 26FEB: BKG=32, LF=19.2%
2026-01-17 09:13:16 | INFO     | [SUCCESS] Day 26FEB
2026-01-17 09:13:16 | INFO     | [DAY_START] Processing 25FEB
2026-01-17 09:13:16 | INFO     | [lf.day.start] Processing AJF-CAI for 25FEB
2026-01-17 09:13:17 | WARNING  | [lf.day.no_flights] No direct flights on 25FEB
2026-01-17 09:13:17 | INFO     | [SUCCESS] Day 25FEB
2026-01-17 09:13:17 | INFO     | [DAY_START] Processing 24FEB
2026-01-17 09:13:17 | INFO     | [lf.day.start] Processing AJF-CAI for 24FEB
2026-01-17 09:13:19 | INFO     | [lf.day.flights_found] Found 1 flights on 24FEB
2026-01-17 09:13:20 | INFO     | [lf.flight.extracted] SM322 on 24FEB: BKG=19, LF=10.9%
2026-01-17 09:13:23 | INFO     | [SUCCESS] Day 24FEB
2026-01-17 09:13:23 | INFO     | [DAY_START] Processing 23FEB
2026-01-17 09:13:23 | INFO     | [lf.day.start] Processing AJF-CAI for 23FEB
2026-01-17 09:13:24 | WARNING  | [lf.day.no_flights] No direct flights on 23FEB
2026-01-17 09:13:24 | INFO     | [SUCCESS] Day 23FEB
2026-01-17 09:13:24 | INFO     | [DAY_START] Processing 22FEB
2026-01-17 09:13:24 | INFO     | [lf.day.start] Processing AJF-CAI for 22FEB
2026-01-17 09:13:25 | WARNING  | [lf.day.no_flights] No direct flights on 22FEB
2026-01-17 09:13:25 | INFO     | [SUCCESS] Day 22FEB
2026-01-17 09:13:25 | INFO     | [DAY_START] Processing 21FEB
2026-01-17 09:13:25 | INFO     | [lf.day.start] Processing AJF-CAI for 21FEB
2026-01-17 09:13:26 | INFO     | [lf.day.flights_found] Found 1 flights on 21FEB
2026-01-17 09:13:28 | INFO     | [lf.flight.extracted] SM322 on 21FEB: BKG=19, LF=10.9%
2026-01-17 09:13:31 | INFO     | [SUCCESS] Day 21FEB
2026-01-17 09:13:31 | INFO     | [DAY_START] Processing 20FEB
2026-01-17 09:13:31 | INFO     | [lf.day.start] Processing AJF-CAI for 20FEB
2026-01-17 09:13:32 | WARNING  | [lf.day.no_flights] No direct flights on 20FEB
2026-01-17 09:13:32 | INFO     | [SUCCESS] Day 20FEB
2026-01-17 09:13:32 | INFO     | [DAY_START] Processing 19FEB
2026-01-17 09:13:32 | INFO     | [lf.day.start] Processing AJF-CAI for 19FEB
2026-01-17 09:13:33 | INFO     | [lf.day.flights_found] Found 1 flights on 19FEB
2026-01-17 09:13:35 | INFO     | [lf.flight.extracted] SM322 on 19FEB: BKG=9, LF=5.1%
2026-01-17 09:13:38 | INFO     | [SUCCESS] Day 19FEB
2026-01-17 09:13:38 | INFO     | [SUCCESS] LF Search Complete
2026-01-17 09:13:38 | INFO     | [Worker_9223] Completed: AJF-CAI - 8 results, 0 errors
2026-01-17 09:13:38 | INFO     | [Worker_9223] Processing: GIZ-CAI
2026-01-17 09:13:38 | INFO     |   Tier 0: Range 2, Chunk 2/3 (8 days)
