2026-01-17 09:18:48 | INFO     | ======================================================================
2026-01-17 09:18:48 | INFO     | Load Factor Scraper Started - Route: ASW-JED
2026-01-17 09:18:48 | INFO     | Log file: D:\CODERED\LAB\Artifacts\outputs\run_generated_170126_at_08.47_RETRY\logs\LF_ASW-JED_20260117_091848.log
2026-01-17 09:18:48 | INFO     | Enhanced logging: Capturing both logging.info() and print()
2026-01-17 09:18:48 | INFO     | ======================================================================
2026-01-17 09:18:48 | INFO     | Starting LF search for route: ASW-JED
2026-01-17 09:18:48 | INFO     | [START] LF Search
2026-01-17 09:18:49 | INFO     | [HEALTH CHECK] [OK] Chrome connection is healthy
2026-01-17 09:18:49 | INFO     | [DAY_START] Processing 18FEB
2026-01-17 09:18:49 | INFO     | [lf.day.start] Processing ASW-JED for 18FEB
2026-01-17 09:18:50 | WARNING  | [lf.day.no_flights] No direct flights on 18FEB
2026-01-17 09:18:50 | INFO     | [SUCCESS] Day 18FEB
2026-01-17 09:18:50 | INFO     | [DAY_START] Processing 17FEB
2026-01-17 09:18:50 | INFO     | [lf.day.start] Processing ASW-JED for 17FEB
2026-01-17 09:18:51 | WARNING  | [lf.day.no_flights] No direct flights on 17FEB
2026-01-17 09:18:51 | INFO     | [SUCCESS] Day 17FEB
2026-01-17 09:18:51 | INFO     | [DAY_START] Processing 16FEB
2026-01-17 09:18:51 | INFO     | [lf.day.start] Processing ASW-JED for 16FEB
2026-01-17 09:18:52 | WARNING  | [lf.day.no_flights] No direct flights on 16FEB
2026-01-17 09:18:53 | INFO     | [SUCCESS] Day 16FEB
2026-01-17 09:18:53 | INFO     | [DAY_START] Processing 15FEB
2026-01-17 09:18:53 | INFO     | [lf.day.start] Processing ASW-JED for 15FEB
2026-01-17 09:18:53 | WARNING  | [lf.day.no_flights] No direct flights on 15FEB
2026-01-17 09:18:54 | INFO     | [SUCCESS] Day 15FEB
2026-01-17 09:18:54 | INFO     | [DAY_START] Processing 14FEB
2026-01-17 09:18:54 | INFO     | [lf.day.start] Processing ASW-JED for 14FEB
2026-01-17 09:18:55 | WARNING  | [lf.day.no_flights] No direct flights on 14FEB
2026-01-17 09:18:55 | INFO     | [SUCCESS] Day 14FEB
2026-01-17 09:18:55 | INFO     | [DAY_START] Processing 13FEB
2026-01-17 09:18:55 | INFO     | [lf.day.start] Processing ASW-JED for 13FEB
2026-01-17 09:18:56 | WARNING  | [lf.day.no_flights] No direct flights on 13FEB
2026-01-17 09:18:56 | INFO     | [SUCCESS] Day 13FEB
2026-01-17 09:18:56 | INFO     | [DAY_START] Processing 12FEB
2026-01-17 09:18:56 | INFO     | [lf.day.start] Processing ASW-JED for 12FEB
2026-01-17 09:18:57 | WARNING  | [lf.day.no_flights] No direct flights on 12FEB
2026-01-17 09:18:57 | INFO     | [SUCCESS] Day 12FEB
2026-01-17 09:18:57 | INFO     | [DAY_START] Processing 11FEB
2026-01-17 09:18:57 | INFO     | [lf.day.start] Processing ASW-JED for 11FEB
2026-01-17 09:18:58 | WARNING  | [lf.day.no_flights] No direct flights on 11FEB
2026-01-17 09:18:58 | INFO     | [SUCCESS] Day 11FEB
2026-01-17 09:18:58 | INFO     | [SUCCESS] LF Search Complete
2026-01-17 09:18:58 | INFO     | [Worker_9224] Completed: ASW-JED - 8 results, 0 errors
2026-01-17 09:18:58 | INFO     | [Worker_9224] Processing: ATZ-RUH
2026-01-17 09:18:58 | INFO     |   Tier 0: Range 2, Chunk 3/3 (8 days)
