2026-01-17 09:20:11 | INFO     | ======================================================================
2026-01-17 09:20:11 | INFO     | Load Factor Scraper Started - Route: CAI-GIZ
2026-01-17 09:20:11 | INFO     | Log file: D:\CODERED\LAB\Artifacts\outputs\run_generated_170126_at_08.47_RETRY\logs\LF_CAI-GIZ_20260117_092011.log
2026-01-17 09:20:11 | INFO     | Enhanced logging: Capturing both logging.info() and print()
2026-01-17 09:20:11 | INFO     | ======================================================================
2026-01-17 09:20:11 | INFO     | Starting LF search for route: CAI-GIZ
2026-01-17 09:20:11 | INFO     | [START] LF Search
2026-01-17 09:20:12 | INFO     | [HEALTH CHECK] [OK] Chrome connection is healthy
2026-01-17 09:20:12 | INFO     | [DAY_START] Processing 18FEB
2026-01-17 09:20:12 | INFO     | [lf.day.start] Processing CAI-GIZ for 18FEB
2026-01-17 09:20:13 | WARNING  | [lf.day.no_flights] No direct flights on 18FEB
2026-01-17 09:20:13 | INFO     | [SUCCESS] Day 18FEB
2026-01-17 09:20:13 | INFO     | [DAY_START] Processing 17FEB
2026-01-17 09:20:13 | INFO     | [lf.day.start] Processing CAI-GIZ for 17FEB
2026-01-17 09:20:14 | WARNING  | [lf.day.no_flights] No direct flights on 17FEB
2026-01-17 09:20:15 | INFO     | [SUCCESS] Day 17FEB
2026-01-17 09:20:15 | INFO     | [DAY_START] Processing 16FEB
2026-01-17 09:20:15 | INFO     | [lf.day.start] Processing CAI-GIZ for 16FEB
2026-01-17 09:20:16 | WARNING  | [lf.day.no_flights] No direct flights on 16FEB
2026-01-17 09:20:16 | INFO     | [SUCCESS] Day 16FEB
2026-01-17 09:20:16 | INFO     | [DAY_START] Processing 15FEB
2026-01-17 09:20:16 | INFO     | [lf.day.start] Processing CAI-GIZ for 15FEB
2026-01-17 09:20:17 | WARNING  | [lf.day.no_flights] No direct flights on 15FEB
2026-01-17 09:20:17 | INFO     | [SUCCESS] Day 15FEB
2026-01-17 09:20:17 | INFO     | [DAY_START] Processing 14FEB
2026-01-17 09:20:17 | INFO     | [lf.day.start] Processing CAI-GIZ for 14FEB
2026-01-17 09:20:19 | INFO     | [lf.day.flights_found] Found 1 flights on 14FEB
2026-01-17 09:20:21 | INFO     | [lf.flight.extracted] SM329 on 14FEB: BKG=10, LF=5.6%
2026-01-17 09:20:23 | INFO     | [SUCCESS] Day 14FEB
2026-01-17 09:20:23 | INFO     | [DAY_START] Processing 13FEB
2026-01-17 09:20:23 | INFO     | [lf.day.start] Processing CAI-GIZ for 13FEB
2026-01-17 09:20:24 | WARNING  | [lf.day.no_flights] No direct flights on 13FEB
2026-01-17 09:20:24 | INFO     | [SUCCESS] Day 13FEB
2026-01-17 09:20:24 | INFO     | [DAY_START] Processing 12FEB
2026-01-17 09:20:24 | INFO     | [lf.day.start] Processing CAI-GIZ for 12FEB
2026-01-17 09:20:25 | INFO     | [lf.day.flights_found] Found 1 flights on 12FEB
2026-01-17 09:20:27 | INFO     | [lf.flight.extracted] SM329 on 12FEB: BKG=14, LF=7.8%
2026-01-17 09:20:30 | INFO     | [SUCCESS] Day 12FEB
2026-01-17 09:20:30 | INFO     | [DAY_START] Processing 11FEB
2026-01-17 09:20:30 | INFO     | [lf.day.start] Processing CAI-GIZ for 11FEB
2026-01-17 09:20:31 | WARNING  | [lf.day.no_flights] No direct flights on 11FEB
2026-01-17 09:20:31 | INFO     | [SUCCESS] Day 11FEB
2026-01-17 09:20:31 | INFO     | [SUCCESS] LF Search Complete
2026-01-17 09:20:31 | INFO     | [Worker_9226] Completed: CAI-GIZ - 8 results, 0 errors
2026-01-17 09:20:31 | INFO     | [Worker_9226] Processing: JED-HBE
2026-01-17 09:20:31 | INFO     |   Tier 0: Range 1, Chunk 1/3 (9 days)
