2026-01-17 09:18:18 | INFO     | ======================================================================
2026-01-17 09:18:18 | INFO     | Load Factor Scraper Started - Route: CAI-JED
2026-01-17 09:18:18 | INFO     | Log file: D:\CODERED\LAB\Artifacts\outputs\run_generated_170126_at_08.47_RETRY\logs\LF_CAI-JED_20260117_091818.log
2026-01-17 09:18:18 | INFO     | Enhanced logging: Capturing both logging.info() and print()
2026-01-17 09:18:18 | INFO     | ======================================================================
2026-01-17 09:18:18 | INFO     | Starting LF search for route: CAI-JED
2026-01-17 09:18:18 | INFO     | [START] LF Search
2026-01-17 09:18:19 | INFO     | [HEALTH CHECK] [OK] Chrome connection is healthy
2026-01-17 09:18:19 | INFO     | [DAY_START] Processing 18FEB
2026-01-17 09:18:19 | INFO     | [lf.day.start] Processing CAI-JED for 18FEB
2026-01-17 09:18:20 | INFO     | [lf.day.flights_found] Found 6 flights on 18FEB
2026-01-17 09:18:22 | INFO     | [lf.flight.extracted] SM423 on 18FEB: BKG=150, LF=85.2%
2026-01-17 09:18:25 | INFO     | [lf.flight.extracted] SM475 on 18FEB: BKG=154, LF=86.0%
2026-01-17 09:18:29 | INFO     | [lf.flight.extracted] SM459 on 18FEB: BKG=146, LF=81.6%
2026-01-17 09:18:32 | INFO     | [lf.flight.extracted] SM477 on 18FEB: BKG=151, LF=84.4%
2026-01-17 09:18:35 | INFO     | [lf.flight.extracted] SM955 on 18FEB: BKG=170, LF=95.0%
2026-01-17 09:18:38 | INFO     | [lf.flight.extracted] SM471 on 18FEB: BKG=177, LF=98.9%
2026-01-17 09:18:48 | INFO     | [SUCCESS] Day 18FEB
2026-01-17 09:18:48 | INFO     | [DAY_START] Processing 17FEB
2026-01-17 09:18:48 | INFO     | [lf.day.start] Processing CAI-JED for 17FEB
2026-01-17 09:18:53 | INFO     | [lf.day.flights_found] Found 8 flights on 17FEB
2026-01-17 09:18:55 | INFO     | [lf.flight.extracted] SM471 on 17FEB: BKG=164, LF=91.6%
2026-01-17 09:18:58 | INFO     | [lf.flight.extracted] SM975 on 17FEB: BKG=180, LF=100.6%
2026-01-17 09:19:02 | INFO     | [lf.flight.extracted] SM479 on 17FEB: BKG=160, LF=89.4%
2026-01-17 09:19:05 | INFO     | [lf.flight.extracted] SM477 on 17FEB: BKG=162, LF=90.5%
2026-01-17 09:19:09 | INFO     | [lf.flight.extracted] SM459 on 17FEB: BKG=164, LF=93.2%
2026-01-17 09:19:13 | INFO     | [lf.flight.extracted] SM423 on 17FEB: BKG=162, LF=90.5%
2026-01-17 09:19:17 | INFO     | [lf.flight.extracted] SM475 on 17FEB: BKG=168, LF=93.8%
2026-01-17 09:19:20 | INFO     | [lf.flight.extracted] SM2463 on 17FEB: BKG=175, LF=97.2%
2026-01-17 09:19:39 | INFO     | [SUCCESS] Day 17FEB
2026-01-17 09:19:39 | INFO     | [DAY_START] Processing 16FEB
2026-01-17 09:19:39 | INFO     | [lf.day.start] Processing CAI-JED for 16FEB
2026-01-17 09:19:40 | INFO     | [lf.day.flights_found] Found 5 flights on 16FEB
2026-01-17 09:19:41 | INFO     | [lf.flight.extracted] SM2453 on 16FEB: BKG=0, LF=0.0%
2026-01-17 09:19:44 | INFO     | [lf.flight.extracted] SM475 on 16FEB: BKG=174, LF=97.2%
2026-01-17 09:19:47 | INFO     | [lf.flight.extracted] SM477 on 16FEB: BKG=170, LF=95.0%
2026-01-17 09:19:51 | INFO     | [lf.flight.extracted] SM459 on 16FEB: BKG=173, LF=96.7%
2026-01-17 09:19:54 | INFO     | [lf.flight.extracted] SM977 on 16FEB: BKG=170, LF=95.0%
2026-01-17 09:20:05 | INFO     | [SUCCESS] Day 16FEB
2026-01-17 09:20:05 | INFO     | [DAY_START] Processing 15FEB
2026-01-17 09:20:05 | INFO     | [lf.day.start] Processing CAI-JED for 15FEB
2026-01-17 09:20:06 | INFO     | [lf.day.flights_found] Found 7 flights on 15FEB
2026-01-17 09:20:09 | INFO     | [lf.flight.extracted] SM475 on 15FEB: BKG=166, LF=92.7%
2026-01-17 09:20:12 | INFO     | [lf.flight.extracted] SM431 on 15FEB: BKG=161, LF=89.9%
2026-01-17 09:20:15 | INFO     | [lf.flight.extracted] SM2483 on 15FEB: BKG=175, LF=97.8%
2026-01-17 09:20:19 | INFO     | [lf.flight.extracted] SM459 on 15FEB: BKG=159, LF=90.3%
2026-01-17 09:20:22 | INFO     | [lf.flight.extracted] SM477 on 15FEB: BKG=173, LF=96.7%
2026-01-17 09:20:26 | INFO     | [lf.flight.extracted] SM975 on 15FEB: BKG=170, LF=95.0%
2026-01-17 09:20:29 | INFO     | [lf.flight.extracted] SM479 on 15FEB: BKG=167, LF=93.3%
2026-01-17 09:20:45 | INFO     | [SUCCESS] Day 15FEB
2026-01-17 09:20:45 | INFO     | [DAY_START] Processing 14FEB
2026-01-17 09:20:45 | INFO     | [lf.day.start] Processing CAI-JED for 14FEB
2026-01-17 09:20:46 | INFO     | [lf.day.flights_found] Found 5 flights on 14FEB
2026-01-17 09:20:49 | INFO     | [lf.flight.extracted] SM449 on 14FEB: BKG=149, LF=83.2%
2026-01-17 09:20:52 | INFO     | [lf.flight.extracted] SM475 on 14FEB: BKG=162, LF=90.5%
2026-01-17 09:20:55 | INFO     | [lf.flight.extracted] SM977 on 14FEB: BKG=170, LF=95.0%
2026-01-17 09:20:58 | INFO     | [lf.flight.extracted] SM477 on 14FEB: BKG=177, LF=98.9%
2026-01-17 09:21:02 | INFO     | [lf.flight.extracted] SM423 on 14FEB: BKG=162, LF=90.5%
2026-01-17 09:21:16 | INFO     | [SUCCESS] Day 14FEB
2026-01-17 09:21:16 | INFO     | [DAY_START] Processing 13FEB
2026-01-17 09:21:16 | INFO     | [lf.day.start] Processing CAI-JED for 13FEB
2026-01-17 09:21:17 | INFO     | [lf.day.flights_found] Found 6 flights on 13FEB
2026-01-17 09:21:19 | INFO     | [lf.flight.extracted] SM475 on 13FEB: BKG=188, LF=105.0%
2026-01-17 09:21:23 | INFO     | [lf.flight.extracted] SM477 on 13FEB: BKG=185, LF=103.4%
2026-01-17 09:21:26 | INFO     | [lf.flight.extracted] SM479 on 13FEB: BKG=161, LF=91.5%
2026-01-17 09:21:29 | INFO     | [lf.flight.extracted] SM471 on 13FEB: BKG=190, LF=106.2%
2026-01-17 09:21:33 | INFO     | [lf.flight.extracted] SM459 on 13FEB: BKG=169, LF=94.4%
2026-01-17 09:21:36 | INFO     | [lf.flight.extracted] SM975 on 13FEB: BKG=180, LF=100.6%
2026-01-17 09:21:40 | ERROR    | Atomic write failed for D:\CODERED\LAB\Artifacts\outputs\run_generated_170126_at_08.47_RETRY\checkpoints\flight_booking_data.json: [WinError 5] Access is denied: 'D:\\CODERED\\LAB\\Artifacts\\outputs\\run_generated_170126_at_08.47_RETRY\\checkpoints\\flight_booking_data.tmp_a6aef75b' -> 'D:\\CODERED\\LAB\\Artifacts\\outputs\\run_generated_170126_at_08.47_RETRY\\checkpoints\\flight_booking_data.json'
2026-01-17 09:21:47 | INFO     | [SUCCESS] Day 13FEB
2026-01-17 09:21:47 | INFO     | [DAY_START] Processing 12FEB
2026-01-17 09:21:47 | INFO     | [lf.day.start] Processing CAI-JED for 12FEB
2026-01-17 09:21:48 | INFO     | [lf.day.flights_found] Found 7 flights on 12FEB
2026-01-17 09:21:50 | INFO     | [lf.flight.extracted] SM449 on 12FEB: BKG=177, LF=98.9%
2026-01-17 09:21:53 | INFO     | [lf.flight.extracted] SM2455 on 12FEB: BKG=0, LF=0.0%
2026-01-17 09:21:57 | INFO     | [lf.flight.extracted] SM475 on 12FEB: BKG=166, LF=92.7%
2026-01-17 09:22:01 | INFO     | [lf.flight.extracted] SM431 on 12FEB: BKG=188, LF=105.0%
2026-01-17 09:22:04 | INFO     | [lf.flight.extracted] SM477 on 12FEB: BKG=180, LF=100.6%
2026-01-17 09:22:08 | INFO     | [lf.flight.extracted] SM479 on 12FEB: BKG=171, LF=95.5%
2026-01-17 09:22:12 | INFO     | [lf.flight.extracted] SM423 on 12FEB: BKG=179, LF=101.7%
2026-01-17 09:22:24 | INFO     | [SUCCESS] Day 12FEB
2026-01-17 09:22:24 | INFO     | [DAY_START] Processing 11FEB
2026-01-17 09:22:24 | INFO     | [lf.day.start] Processing CAI-JED for 11FEB
2026-01-17 09:22:25 | INFO     | [lf.day.flights_found] Found 6 flights on 11FEB
2026-01-17 09:22:27 | INFO     | [lf.flight.extracted] SM423 on 11FEB: BKG=186, LF=103.9%
2026-01-17 09:22:30 | INFO     | [lf.flight.extracted] SM475 on 11FEB: BKG=170, LF=95.0%
2026-01-17 09:22:34 | INFO     | [lf.flight.extracted] SM459 on 11FEB: BKG=184, LF=102.8%
2026-01-17 09:22:37 | INFO     | [lf.flight.extracted] SM477 on 11FEB: BKG=177, LF=98.9%
2026-01-17 09:22:41 | INFO     | [lf.flight.extracted] SM979 on 11FEB: BKG=170, LF=96.6%
2026-01-17 09:22:44 | INFO     | [lf.flight.extracted] SM471 on 11FEB: BKG=178, LF=99.4%
2026-01-17 09:23:00 | INFO     | [SUCCESS] Day 11FEB
2026-01-17 09:23:00 | INFO     | [SUCCESS] LF Search Complete
2026-01-17 09:23:00 | INFO     | [Worker_9227] Completed: CAI-JED - 8 results, 0 errors
2026-01-17 09:23:00 | INFO     | [Worker_9227] Processing: CAI-JED
2026-01-17 09:23:00 | INFO     |   Tier 0: Range 1, Chunk 1/3 (9 days)
