2026-01-17 08:53:26 | INFO     | ======================================================================
2026-01-17 08:53:26 | INFO     | Load Factor Scraper Started - Route: CAI-ELQ
2026-01-17 08:53:26 | INFO     | Log file: D:\CODERED\LAB\Artifacts\outputs\run_generated_170126_at_08.47_RETRY\logs\LF_CAI-ELQ_20260117_085326.log
2026-01-17 08:53:26 | INFO     | Enhanced logging: Capturing both logging.info() and print()
2026-01-17 08:53:26 | INFO     | ======================================================================
2026-01-17 08:53:26 | INFO     | Starting LF search for route: CAI-ELQ
2026-01-17 08:53:26 | INFO     | [START] LF Search
2026-01-17 08:53:27 | INFO     | [HEALTH CHECK] [OK] Chrome connection is healthy
2026-01-17 08:53:27 | INFO     | [DAY_START] Processing 18APR
2026-01-17 08:53:27 | INFO     | [lf.day.start] Processing CAI-ELQ for 18APR
2026-01-17 08:53:28 | WARNING  | [lf.day.no_flights] No direct flights on 18APR
2026-01-17 08:53:28 | INFO     | [SUCCESS] Day 18APR
2026-01-17 08:53:28 | INFO     | [DAY_START] Processing 17APR
2026-01-17 08:53:28 | INFO     | [lf.day.start] Processing CAI-ELQ for 17APR
2026-01-17 08:53:29 | INFO     | [lf.day.flights_found] Found 1 flights on 17APR
2026-01-17 08:53:31 | INFO     | [lf.flight.extracted] SM427 on 17APR: BKG=3, LF=1.7%
2026-01-17 08:53:34 | INFO     | [SUCCESS] Day 17APR
2026-01-17 08:53:34 | INFO     | [DAY_START] Processing 16APR
2026-01-17 08:53:34 | INFO     | [lf.day.start] Processing CAI-ELQ for 16APR
2026-01-17 08:53:35 | WARNING  | [lf.day.no_flights] No direct flights on 16APR
2026-01-17 08:53:35 | INFO     | [SUCCESS] Day 16APR
2026-01-17 08:53:35 | INFO     | [DAY_START] Processing 15APR
2026-01-17 08:53:35 | INFO     | [lf.day.start] Processing CAI-ELQ for 15APR
2026-01-17 08:53:36 | INFO     | [lf.day.flights_found] Found 1 flights on 15APR
2026-01-17 08:53:38 | INFO     | [lf.flight.extracted] SM427 on 15APR: BKG=5, LF=2.8%
2026-01-17 08:53:40 | INFO     | [SUCCESS] Day 15APR
2026-01-17 08:53:40 | INFO     | [DAY_START] Processing 14APR
2026-01-17 08:53:40 | INFO     | [lf.day.start] Processing CAI-ELQ for 14APR
2026-01-17 08:53:41 | INFO     | [lf.day.flights_found] Found 1 flights on 14APR
2026-01-17 08:53:43 | INFO     | [lf.flight.extracted] SM427 on 14APR: BKG=5, LF=2.8%
2026-01-17 08:53:46 | INFO     | [SUCCESS] Day 14APR
2026-01-17 08:53:46 | INFO     | [DAY_START] Processing 13APR
2026-01-17 08:53:46 | INFO     | [lf.day.start] Processing CAI-ELQ for 13APR
2026-01-17 08:53:47 | WARNING  | [lf.day.no_flights] No direct flights on 13APR
2026-01-17 08:53:47 | INFO     | [SUCCESS] Day 13APR
2026-01-17 08:53:47 | INFO     | [DAY_START] Processing 12APR
2026-01-17 08:53:47 | INFO     | [lf.day.start] Processing CAI-ELQ for 12APR
2026-01-17 08:53:48 | WARNING  | [lf.day.no_flights] No direct flights on 12APR
2026-01-17 08:53:48 | INFO     | [SUCCESS] Day 12APR
2026-01-17 08:53:48 | INFO     | [DAY_START] Processing 11APR
2026-01-17 08:53:48 | INFO     | [lf.day.start] Processing CAI-ELQ for 11APR
2026-01-17 08:53:49 | WARNING  | [lf.day.no_flights] No direct flights on 11APR
2026-01-17 08:53:49 | INFO     | [SUCCESS] Day 11APR
2026-01-17 08:53:49 | INFO     | [DAY_START] Processing 10APR
2026-01-17 08:53:49 | INFO     | [lf.day.start] Processing CAI-ELQ for 10APR
2026-01-17 08:53:50 | INFO     | [lf.day.flights_found] Found 1 flights on 10APR
2026-01-17 08:53:52 | INFO     | [lf.flight.extracted] SM427 on 10APR: BKG=8, LF=4.5%
2026-01-17 08:53:55 | INFO     | [SUCCESS] Day 10APR
2026-01-17 08:53:55 | INFO     | [SUCCESS] LF Search Complete
2026-01-17 08:53:55 | INFO     | [Worker_9233] Completed: CAI-ELQ - 9 results, 0 errors
2026-01-17 08:53:55 | INFO     | [Worker_9233] Processing: JED-LXR
2026-01-17 08:53:55 | INFO     |   Tier 0: Range 4, Chunk 3/3 (8 days)
