2026-01-17 09:19:43 | INFO     | ======================================================================
2026-01-17 09:19:43 | INFO     | Load Factor Scraper Started - Route: CAI-YNB
2026-01-17 09:19:43 | INFO     | Log file: D:\CODERED\LAB\Artifacts\outputs\run_generated_170126_at_08.47_RETRY\logs\LF_CAI-YNB_20260117_091943.log
2026-01-17 09:19:43 | INFO     | Enhanced logging: Capturing both logging.info() and print()
2026-01-17 09:19:43 | INFO     | ======================================================================
2026-01-17 09:19:43 | INFO     | Starting LF search for route: CAI-YNB
2026-01-17 09:19:43 | INFO     | [START] LF Search
2026-01-17 09:19:44 | INFO     | [HEALTH CHECK] [OK] Chrome connection is healthy
2026-01-17 09:19:44 | INFO     | [DAY_START] Processing 18FEB
2026-01-17 09:19:44 | INFO     | [lf.day.start] Processing CAI-YNB for 18FEB
2026-01-17 09:19:45 | INFO     | [lf.day.flights_found] Found 2 flights on 18FEB
2026-01-17 09:19:47 | INFO     | [lf.flight.extracted] SM941 on 18FEB: BKG=170, LF=95.0%
2026-01-17 09:19:50 | INFO     | [lf.flight.extracted] SM441 on 18FEB: BKG=139, LF=77.6%
2026-01-17 09:19:54 | INFO     | [SUCCESS] Day 18FEB
2026-01-17 09:19:54 | INFO     | [DAY_START] Processing 17FEB
2026-01-17 09:19:54 | INFO     | [lf.day.start] Processing CAI-YNB for 17FEB
2026-01-17 09:19:55 | INFO     | [lf.day.flights_found] Found 2 flights on 17FEB
2026-01-17 09:19:57 | INFO     | [lf.flight.extracted] SM933 on 17FEB: BKG=0, LF=0.0%
2026-01-17 09:20:01 | INFO     | [lf.flight.extracted] SM441 on 17FEB: BKG=142, LF=80.7%
2026-01-17 09:20:03 | INFO     | [SUCCESS] Day 17FEB
2026-01-17 09:20:03 | INFO     | [DAY_START] Processing 16FEB
2026-01-17 09:20:03 | INFO     | [lf.day.start] Processing CAI-YNB for 16FEB
2026-01-17 09:20:04 | INFO     | [lf.day.flights_found] Found 2 flights on 16FEB
2026-01-17 09:20:06 | INFO     | [lf.flight.extracted] SM931 on 16FEB: BKG=0, LF=0.0%
2026-01-17 09:20:10 | INFO     | [lf.flight.extracted] SM441 on 16FEB: BKG=141, LF=78.8%
2026-01-17 09:20:12 | INFO     | [SUCCESS] Day 16FEB
2026-01-17 09:20:12 | INFO     | [DAY_START] Processing 15FEB
2026-01-17 09:20:12 | INFO     | [lf.day.start] Processing CAI-YNB for 15FEB
2026-01-17 09:20:13 | INFO     | [lf.day.flights_found] Found 1 flights on 15FEB
2026-01-17 09:20:16 | INFO     | [lf.flight.extracted] SM441 on 15FEB: BKG=185, LF=103.4%
2026-01-17 09:20:20 | INFO     | [SUCCESS] Day 15FEB
2026-01-17 09:20:20 | INFO     | [DAY_START] Processing 14FEB
2026-01-17 09:20:20 | INFO     | [lf.day.start] Processing CAI-YNB for 14FEB
2026-01-17 09:20:21 | INFO     | [lf.day.flights_found] Found 1 flights on 14FEB
2026-01-17 09:20:23 | INFO     | [lf.flight.extracted] SM441 on 14FEB: BKG=155, LF=86.6%
2026-01-17 09:20:26 | INFO     | [SUCCESS] Day 14FEB
2026-01-17 09:20:26 | INFO     | [DAY_START] Processing 13FEB
2026-01-17 09:20:26 | INFO     | [lf.day.start] Processing CAI-YNB for 13FEB
2026-01-17 09:20:27 | INFO     | [lf.day.flights_found] Found 1 flights on 13FEB
2026-01-17 09:20:29 | INFO     | [lf.flight.extracted] SM441 on 13FEB: BKG=150, LF=83.8%
2026-01-17 09:20:32 | INFO     | [SUCCESS] Day 13FEB
2026-01-17 09:20:32 | INFO     | [DAY_START] Processing 12FEB
2026-01-17 09:20:32 | INFO     | [lf.day.start] Processing CAI-YNB for 12FEB
2026-01-17 09:20:33 | INFO     | [lf.day.flights_found] Found 1 flights on 12FEB
2026-01-17 09:20:35 | INFO     | [lf.flight.extracted] SM441 on 12FEB: BKG=143, LF=79.9%
2026-01-17 09:20:38 | INFO     | [SUCCESS] Day 12FEB
2026-01-17 09:20:38 | INFO     | [DAY_START] Processing 11FEB
2026-01-17 09:20:38 | INFO     | [lf.day.start] Processing CAI-YNB for 11FEB
2026-01-17 09:20:39 | INFO     | [lf.day.flights_found] Found 1 flights on 11FEB
2026-01-17 09:20:41 | INFO     | [lf.flight.extracted] SM441 on 11FEB: BKG=156, LF=87.2%
2026-01-17 09:20:44 | INFO     | [SUCCESS] Day 11FEB
2026-01-17 09:20:44 | INFO     | [SUCCESS] LF Search Complete
2026-01-17 09:20:44 | INFO     | [Worker_9224] Completed: CAI-YNB - 8 results, 0 errors
2026-01-17 09:20:44 | INFO     | [Worker_9224] Processing: JED-LXR
2026-01-17 09:20:44 | INFO     |   Tier 0: Range 1, Chunk 1/3 (9 days)
