2026-01-17 09:02:38 | INFO     | ======================================================================
2026-01-17 09:02:38 | INFO     | Load Factor Scraper Started - Route: CAI-RUH
2026-01-17 09:02:38 | INFO     | Log file: D:\CODERED\LAB\Artifacts\outputs\run_generated_170126_at_08.47_RETRY\logs\LF_CAI-RUH_20260117_090238.log
2026-01-17 09:02:38 | INFO     | Enhanced logging: Capturing both logging.info() and print()
2026-01-17 09:02:38 | INFO     | ======================================================================
2026-01-17 09:02:38 | INFO     | Starting LF search for route: CAI-RUH
2026-01-17 09:02:38 | INFO     | [START] LF Search
2026-01-17 09:02:38 | INFO     | [HEALTH CHECK] [OK] Chrome connection is healthy
2026-01-17 09:02:38 | INFO     | [DAY_START] Processing 23MAR
2026-01-17 09:02:38 | INFO     | [lf.day.start] Processing CAI-RUH for 23MAR
2026-01-17 09:02:39 | INFO     | [lf.day.flights_found] Found 1 flights on 23MAR
2026-01-17 09:02:41 | INFO     | [lf.flight.extracted] SM469 on 23MAR: BKG=14, LF=7.8%
2026-01-17 09:02:44 | INFO     | [SUCCESS] Day 23MAR
2026-01-17 09:02:44 | INFO     | [DAY_START] Processing 22MAR
2026-01-17 09:02:44 | INFO     | [lf.day.start] Processing CAI-RUH for 22MAR
2026-01-17 09:02:45 | INFO     | [lf.day.flights_found] Found 1 flights on 22MAR
2026-01-17 09:02:47 | INFO     | [lf.flight.extracted] SM461 on 22MAR: BKG=13, LF=7.3%
2026-01-17 09:02:50 | INFO     | [SUCCESS] Day 22MAR
2026-01-17 09:02:50 | INFO     | [DAY_START] Processing 21MAR
2026-01-17 09:02:50 | INFO     | [lf.day.start] Processing CAI-RUH for 21MAR
2026-01-17 09:02:51 | INFO     | [lf.day.flights_found] Found 1 flights on 21MAR
2026-01-17 09:02:53 | INFO     | [lf.flight.extracted] SM461 on 21MAR: BKG=34, LF=19.0%
2026-01-17 09:02:57 | INFO     | [SUCCESS] Day 21MAR
2026-01-17 09:02:57 | INFO     | [DAY_START] Processing 20MAR
2026-01-17 09:02:57 | INFO     | [lf.day.start] Processing CAI-RUH for 20MAR
2026-01-17 09:02:58 | INFO     | [lf.day.flights_found] Found 2 flights on 20MAR
2026-01-17 09:03:00 | INFO     | [lf.flight.extracted] SM461 on 20MAR: BKG=12, LF=6.7%
2026-01-17 09:03:03 | INFO     | [lf.flight.extracted] SM469 on 20MAR: BKG=9, LF=5.0%
2026-01-17 09:03:07 | INFO     | [SUCCESS] Day 20MAR
2026-01-17 09:03:07 | INFO     | [DAY_START] Processing 19MAR
2026-01-17 09:03:07 | INFO     | [lf.day.start] Processing CAI-RUH for 19MAR
2026-01-17 09:03:08 | INFO     | [lf.day.flights_found] Found 1 flights on 19MAR
2026-01-17 09:03:10 | INFO     | [lf.flight.extracted] SM461 on 19MAR: BKG=4, LF=2.2%
2026-01-17 09:03:13 | INFO     | [SUCCESS] Day 19MAR
2026-01-17 09:03:13 | INFO     | [DAY_START] Processing 18MAR
2026-01-17 09:03:13 | INFO     | [lf.day.start] Processing CAI-RUH for 18MAR
2026-01-17 09:03:14 | INFO     | [lf.day.flights_found] Found 2 flights on 18MAR
2026-01-17 09:03:16 | INFO     | [lf.flight.extracted] SM461 on 18MAR: BKG=1, LF=0.6%
2026-01-17 09:03:19 | INFO     | [lf.flight.extracted] SM469 on 18MAR: BKG=1, LF=0.6%
2026-01-17 09:03:22 | INFO     | [SUCCESS] Day 18MAR
2026-01-17 09:03:22 | INFO     | [DAY_START] Processing 17MAR
2026-01-17 09:03:22 | INFO     | [lf.day.start] Processing CAI-RUH for 17MAR
2026-01-17 09:03:24 | INFO     | [lf.day.flights_found] Found 1 flights on 17MAR
2026-01-17 09:03:26 | INFO     | [lf.flight.extracted] SM469 on 17MAR: BKG=3, LF=1.7%
2026-01-17 09:03:29 | INFO     | [SUCCESS] Day 17MAR
2026-01-17 09:03:29 | INFO     | [DAY_START] Processing 16MAR
2026-01-17 09:03:29 | INFO     | [lf.day.start] Processing CAI-RUH for 16MAR
2026-01-17 09:03:30 | INFO     | [lf.day.flights_found] Found 1 flights on 16MAR
2026-01-17 09:03:31 | INFO     | [lf.flight.extracted] SM469 on 16MAR: BKG=2, LF=1.1%
2026-01-17 09:03:34 | INFO     | [SUCCESS] Day 16MAR
2026-01-17 09:03:34 | INFO     | [SUCCESS] LF Search Complete
2026-01-17 09:03:34 | INFO     | [Worker_9224] Completed: CAI-RUH - 8 results, 0 errors
2026-01-17 09:03:34 | INFO     | [Worker_9224] Processing: ATZ-ELQ
2026-01-17 09:03:34 | INFO     |   Tier 0: Range 3, Chunk 2/3 (8 days)
