2026-01-17 09:10:51 | INFO     | ======================================================================
2026-01-17 09:10:51 | INFO     | Load Factor Scraper Started - Route: CAI-TUU
2026-01-17 09:10:51 | INFO     | Log file: D:\CODERED\LAB\Artifacts\outputs\run_generated_170126_at_08.47_RETRY\logs\LF_CAI-TUU_20260117_091051.log
2026-01-17 09:10:51 | INFO     | Enhanced logging: Capturing both logging.info() and print()
2026-01-17 09:10:51 | INFO     | ======================================================================
2026-01-17 09:10:51 | INFO     | Starting LF search for route: CAI-TUU
2026-01-17 09:10:51 | INFO     | [START] LF Search
2026-01-17 09:10:52 | INFO     | [HEALTH CHECK] [OK] Chrome connection is healthy
2026-01-17 09:10:52 | INFO     | [DAY_START] Processing 07MAR
2026-01-17 09:10:52 | INFO     | [lf.day.start] Processing CAI-TUU for 07MAR
2026-01-17 09:10:53 | INFO     | [lf.day.flights_found] Found 1 flights on 07MAR
2026-01-17 09:10:55 | INFO     | [lf.flight.extracted] SM325 on 07MAR: BKG=3, LF=2.8%
2026-01-17 09:10:58 | INFO     | [SUCCESS] Day 07MAR
2026-01-17 09:10:58 | INFO     | [DAY_START] Processing 06MAR
2026-01-17 09:10:58 | INFO     | [lf.day.start] Processing CAI-TUU for 06MAR
2026-01-17 09:10:58 | WARNING  | [lf.day.no_flights] No direct flights on 06MAR
2026-01-17 09:10:59 | INFO     | [SUCCESS] Day 06MAR
2026-01-17 09:10:59 | INFO     | [DAY_START] Processing 05MAR
2026-01-17 09:10:59 | INFO     | [lf.day.start] Processing CAI-TUU for 05MAR
2026-01-17 09:11:00 | INFO     | [lf.day.flights_found] Found 1 flights on 05MAR
2026-01-17 09:11:02 | INFO     | [lf.flight.extracted] SM325 on 05MAR: BKG=1, LF=0.6%
2026-01-17 09:11:04 | INFO     | [SUCCESS] Day 05MAR
2026-01-17 09:11:04 | INFO     | [DAY_START] Processing 04MAR
2026-01-17 09:11:04 | INFO     | [lf.day.start] Processing CAI-TUU for 04MAR
2026-01-17 09:11:05 | INFO     | [lf.day.flights_found] Found 1 flights on 04MAR
2026-01-17 09:11:07 | INFO     | [lf.flight.extracted] SM325 on 04MAR: BKG=1, LF=0.6%
2026-01-17 09:11:10 | INFO     | [SUCCESS] Day 04MAR
2026-01-17 09:11:10 | INFO     | [DAY_START] Processing 03MAR
2026-01-17 09:11:10 | INFO     | [lf.day.start] Processing CAI-TUU for 03MAR
2026-01-17 09:11:10 | WARNING  | [lf.day.no_flights] No direct flights on 03MAR
2026-01-17 09:11:11 | INFO     | [SUCCESS] Day 03MAR
2026-01-17 09:11:11 | INFO     | [DAY_START] Processing 02MAR
2026-01-17 09:11:11 | INFO     | [lf.day.start] Processing CAI-TUU for 02MAR
2026-01-17 09:11:12 | WARNING  | [lf.day.no_flights] No direct flights on 02MAR
2026-01-17 09:11:12 | INFO     | [SUCCESS] Day 02MAR
2026-01-17 09:11:12 | INFO     | [DAY_START] Processing 01MAR
2026-01-17 09:11:12 | INFO     | [lf.day.start] Processing CAI-TUU for 01MAR
2026-01-17 09:11:13 | WARNING  | [lf.day.no_flights] No direct flights on 01MAR
2026-01-17 09:11:13 | INFO     | [SUCCESS] Day 01MAR
2026-01-17 09:11:13 | INFO     | [DAY_START] Processing 28FEB
2026-01-17 09:11:13 | INFO     | [lf.day.start] Processing CAI-TUU for 28FEB
2026-01-17 09:11:14 | INFO     | [lf.day.flights_found] Found 1 flights on 28FEB
2026-01-17 09:11:16 | INFO     | [lf.flight.extracted] SM325 on 28FEB: BKG=4, LF=3.7%
2026-01-17 09:11:18 | INFO     | [SUCCESS] Day 28FEB
2026-01-17 09:11:18 | INFO     | [DAY_START] Processing 27FEB
2026-01-17 09:11:18 | INFO     | [lf.day.start] Processing CAI-TUU for 27FEB
2026-01-17 09:11:19 | WARNING  | [lf.day.no_flights] No direct flights on 27FEB
2026-01-17 09:11:19 | INFO     | [SUCCESS] Day 27FEB
2026-01-17 09:11:19 | INFO     | [SUCCESS] LF Search Complete
2026-01-17 09:11:19 | INFO     | [Worker_9234] Completed: CAI-TUU - 9 results, 0 errors
2026-01-17 09:11:19 | INFO     | [Worker_9234] Processing: ATZ-AJF
2026-01-17 09:11:19 | INFO     |   Tier 0: Range 2, Chunk 1/3 (9 days)
