2026-01-17 09:19:09 | INFO     | ======================================================================
2026-01-17 09:19:09 | INFO     | Load Factor Scraper Started - Route: CAI-DMM
2026-01-17 09:19:09 | INFO     | Log file: D:\CODERED\LAB\Artifacts\outputs\run_generated_170126_at_08.47_RETRY\logs\LF_CAI-DMM_20260117_091909.log
2026-01-17 09:19:09 | INFO     | Enhanced logging: Capturing both logging.info() and print()
2026-01-17 09:19:09 | INFO     | ======================================================================
2026-01-17 09:19:09 | INFO     | Starting LF search for route: CAI-DMM
2026-01-17 09:19:09 | INFO     | [START] LF Search
2026-01-17 09:19:10 | INFO     | [HEALTH CHECK] [OK] Chrome connection is healthy
2026-01-17 09:19:10 | INFO     | [DAY_START] Processing 18FEB
2026-01-17 09:19:10 | INFO     | [lf.day.start] Processing CAI-DMM for 18FEB
2026-01-17 09:19:12 | WARNING  | [lf.day.no_flights] No direct flights on 18FEB
2026-01-17 09:19:12 | INFO     | [SUCCESS] Day 18FEB
2026-01-17 09:19:12 | INFO     | [DAY_START] Processing 17FEB
2026-01-17 09:19:12 | INFO     | [lf.day.start] Processing CAI-DMM for 17FEB
2026-01-17 09:19:13 | INFO     | [lf.day.flights_found] Found 1 flights on 17FEB
2026-01-17 09:19:15 | INFO     | [lf.flight.extracted] SM433 on 17FEB: BKG=4, LF=2.2%
2026-01-17 09:19:18 | INFO     | [SUCCESS] Day 17FEB
2026-01-17 09:19:18 | INFO     | [DAY_START] Processing 16FEB
2026-01-17 09:19:18 | INFO     | [lf.day.start] Processing CAI-DMM for 16FEB
2026-01-17 09:19:19 | WARNING  | [lf.day.no_flights] No direct flights on 16FEB
2026-01-17 09:19:19 | INFO     | [SUCCESS] Day 16FEB
2026-01-17 09:19:19 | INFO     | [DAY_START] Processing 15FEB
2026-01-17 09:19:19 | INFO     | [lf.day.start] Processing CAI-DMM for 15FEB
2026-01-17 09:19:20 | WARNING  | [lf.day.no_flights] No direct flights on 15FEB
2026-01-17 09:19:21 | INFO     | [SUCCESS] Day 15FEB
2026-01-17 09:19:21 | INFO     | [DAY_START] Processing 14FEB
2026-01-17 09:19:21 | INFO     | [lf.day.start] Processing CAI-DMM for 14FEB
2026-01-17 09:19:22 | INFO     | [lf.day.flights_found] Found 1 flights on 14FEB
2026-01-17 09:19:24 | INFO     | [lf.flight.extracted] SM433 on 14FEB: BKG=23, LF=12.8%
2026-01-17 09:19:27 | INFO     | [SUCCESS] Day 14FEB
2026-01-17 09:19:27 | INFO     | [DAY_START] Processing 13FEB
2026-01-17 09:19:27 | INFO     | [lf.day.start] Processing CAI-DMM for 13FEB
2026-01-17 09:19:28 | INFO     | [lf.day.flights_found] Found 1 flights on 13FEB
2026-01-17 09:19:30 | INFO     | [lf.flight.extracted] SM433 on 13FEB: BKG=13, LF=7.3%
2026-01-17 09:19:33 | INFO     | [SUCCESS] Day 13FEB
2026-01-17 09:19:33 | INFO     | [DAY_START] Processing 12FEB
2026-01-17 09:19:33 | INFO     | [lf.day.start] Processing CAI-DMM for 12FEB
2026-01-17 09:19:34 | INFO     | [lf.day.flights_found] Found 1 flights on 12FEB
2026-01-17 09:19:36 | INFO     | [lf.flight.extracted] SM433 on 12FEB: BKG=14, LF=7.8%
2026-01-17 09:19:38 | INFO     | [SUCCESS] Day 12FEB
2026-01-17 09:19:38 | INFO     | [DAY_START] Processing 11FEB
2026-01-17 09:19:38 | INFO     | [lf.day.start] Processing CAI-DMM for 11FEB
2026-01-17 09:19:39 | WARNING  | [lf.day.no_flights] No direct flights on 11FEB
2026-01-17 09:19:39 | INFO     | [SUCCESS] Day 11FEB
2026-01-17 09:19:39 | INFO     | [SUCCESS] LF Search Complete
2026-01-17 09:19:39 | INFO     | [Worker_9226] Completed: CAI-DMM - 8 results, 0 errors
2026-01-17 09:19:39 | INFO     | [Worker_9226] Processing: ATZ-AJF
2026-01-17 09:19:39 | INFO     |   Tier 0: Range 2, Chunk 3/3 (8 days)
