2026-01-17 08:51:55 | INFO     | ======================================================================
2026-01-17 08:51:55 | INFO     | Load Factor Scraper Started - Route: CAI-MED
2026-01-17 08:51:55 | INFO     | Log file: D:\CODERED\LAB\Artifacts\outputs\run_generated_170126_at_08.47_RETRY\logs\LF_CAI-MED_20260117_085155.log
2026-01-17 08:51:55 | INFO     | Enhanced logging: Capturing both logging.info() and print()
2026-01-17 08:51:55 | INFO     | ======================================================================
2026-01-17 08:51:55 | INFO     | Starting LF search for route: CAI-MED
2026-01-17 08:51:55 | INFO     | [START] LF Search
2026-01-17 08:51:56 | INFO     | [HEALTH CHECK] [OK] Chrome connection is healthy
2026-01-17 08:51:56 | INFO     | [DAY_START] Processing 18APR
2026-01-17 08:51:56 | INFO     | [lf.day.start] Processing CAI-MED for 18APR
2026-01-17 08:51:57 | WARNING  | [lf.day.no_flights] No direct flights on 18APR
2026-01-17 08:51:57 | INFO     | [SUCCESS] Day 18APR
2026-01-17 08:51:57 | INFO     | [DAY_START] Processing 17APR
2026-01-17 08:51:57 | INFO     | [lf.day.start] Processing CAI-MED for 17APR
2026-01-17 08:51:58 | WARNING  | [lf.day.no_flights] No direct flights on 17APR
2026-01-17 08:51:58 | INFO     | [SUCCESS] Day 17APR
2026-01-17 08:51:58 | INFO     | [DAY_START] Processing 16APR
2026-01-17 08:51:58 | INFO     | [lf.day.start] Processing CAI-MED for 16APR
2026-01-17 08:52:00 | INFO     | [lf.day.flights_found] Found 1 flights on 16APR
2026-01-17 08:52:02 | INFO     | [lf.flight.extracted] SM493 on 16APR: BKG=0, LF=0.0%
2026-01-17 08:52:03 | INFO     | [SUCCESS] Day 16APR
2026-01-17 08:52:03 | INFO     | [DAY_START] Processing 15APR
2026-01-17 08:52:03 | INFO     | [lf.day.start] Processing CAI-MED for 15APR
2026-01-17 08:52:04 | INFO     | [lf.day.flights_found] Found 1 flights on 15APR
2026-01-17 08:52:06 | INFO     | [lf.flight.extracted] SM493 on 15APR: BKG=6, LF=3.4%
2026-01-17 08:52:09 | INFO     | [SUCCESS] Day 15APR
2026-01-17 08:52:09 | INFO     | [DAY_START] Processing 14APR
2026-01-17 08:52:09 | INFO     | [lf.day.start] Processing CAI-MED for 14APR
2026-01-17 08:52:10 | INFO     | [lf.day.flights_found] Found 1 flights on 14APR
2026-01-17 08:52:12 | INFO     | [lf.flight.extracted] SM493 on 14APR: BKG=0, LF=0.0%
2026-01-17 08:52:14 | INFO     | [SUCCESS] Day 14APR
2026-01-17 08:52:14 | INFO     | [DAY_START] Processing 13APR
2026-01-17 08:52:14 | INFO     | [lf.day.start] Processing CAI-MED for 13APR
2026-01-17 08:52:16 | WARNING  | [lf.day.no_flights] No direct flights on 13APR
2026-01-17 08:52:16 | INFO     | [SUCCESS] Day 13APR
2026-01-17 08:52:16 | INFO     | [DAY_START] Processing 12APR
2026-01-17 08:52:16 | INFO     | [lf.day.start] Processing CAI-MED for 12APR
2026-01-17 08:52:17 | INFO     | [lf.day.flights_found] Found 1 flights on 12APR
2026-01-17 08:52:19 | INFO     | [lf.flight.extracted] SM493 on 12APR: BKG=3, LF=1.7%
2026-01-17 08:52:23 | INFO     | [SUCCESS] Day 12APR
2026-01-17 08:52:23 | INFO     | [DAY_START] Processing 11APR
2026-01-17 08:52:23 | INFO     | [lf.day.start] Processing CAI-MED for 11APR
2026-01-17 08:52:24 | WARNING  | [lf.day.no_flights] No direct flights on 11APR
2026-01-17 08:52:25 | INFO     | [SUCCESS] Day 11APR
2026-01-17 08:52:25 | INFO     | [DAY_START] Processing 10APR
2026-01-17 08:52:25 | INFO     | [lf.day.start] Processing CAI-MED for 10APR
2026-01-17 08:52:36 | WARNING  | [lf.day.no_flights] No direct flights on 10APR
2026-01-17 08:52:36 | INFO     | [SUCCESS] Day 10APR
2026-01-17 08:52:36 | INFO     | [SUCCESS] LF Search Complete
2026-01-17 08:52:36 | INFO     | [Worker_9227] Completed: CAI-MED - 9 results, 0 errors
2026-01-17 08:52:36 | INFO     | [Worker_9227] Processing: CAI-DMM
2026-01-17 08:52:36 | INFO     |   Tier 0: Range 4, Chunk 2/3 (9 days)
