2026-01-17 08:58:51 | INFO     | ======================================================================
2026-01-17 08:58:51 | INFO     | Load Factor Scraper Started - Route: CAI-DMM
2026-01-17 08:58:51 | INFO     | Log file: D:\CODERED\LAB\Artifacts\outputs\run_generated_170126_at_08.47_RETRY\logs\LF_CAI-DMM_20260117_085851.log
2026-01-17 08:58:51 | INFO     | Enhanced logging: Capturing both logging.info() and print()
2026-01-17 08:58:51 | INFO     | ======================================================================
2026-01-17 08:58:51 | INFO     | Starting LF search for route: CAI-DMM
2026-01-17 08:58:51 | INFO     | [START] LF Search
2026-01-17 08:58:52 | INFO     | [HEALTH CHECK] [OK] Chrome connection is healthy
2026-01-17 08:58:52 | INFO     | [DAY_START] Processing 01APR
2026-01-17 08:58:52 | INFO     | [lf.day.start] Processing CAI-DMM for 01APR
2026-01-17 08:58:54 | INFO     | [lf.day.flights_found] Found 1 flights on 01APR
2026-01-17 08:58:56 | INFO     | [lf.flight.extracted] SM433 on 01APR: BKG=37, LF=20.7%
2026-01-17 08:58:59 | INFO     | [SUCCESS] Day 01APR
2026-01-17 08:58:59 | INFO     | [DAY_START] Processing 31MAR
2026-01-17 08:58:59 | INFO     | [lf.day.start] Processing CAI-DMM for 31MAR
2026-01-17 08:59:00 | INFO     | [lf.day.flights_found] Found 1 flights on 31MAR
2026-01-17 08:59:02 | INFO     | [lf.flight.extracted] SM433 on 31MAR: BKG=0, LF=0.0%
2026-01-17 08:59:03 | INFO     | [SUCCESS] Day 31MAR
2026-01-17 08:59:03 | INFO     | [DAY_START] Processing 30MAR
2026-01-17 08:59:03 | INFO     | [lf.day.start] Processing CAI-DMM for 30MAR
2026-01-17 08:59:05 | INFO     | [lf.day.flights_found] Found 1 flights on 30MAR
2026-01-17 08:59:07 | INFO     | [lf.flight.extracted] SM433 on 30MAR: BKG=12, LF=6.7%
2026-01-17 08:59:10 | INFO     | [SUCCESS] Day 30MAR
2026-01-17 08:59:10 | INFO     | [DAY_START] Processing 29MAR
2026-01-17 08:59:10 | INFO     | [lf.day.start] Processing CAI-DMM for 29MAR
2026-01-17 08:59:11 | INFO     | [lf.day.flights_found] Found 1 flights on 29MAR
2026-01-17 08:59:13 | INFO     | [lf.flight.extracted] SM439 on 29MAR: BKG=46, LF=25.7%
2026-01-17 08:59:17 | INFO     | [SUCCESS] Day 29MAR
2026-01-17 08:59:17 | INFO     | [DAY_START] Processing 28MAR
2026-01-17 08:59:17 | INFO     | [lf.day.start] Processing CAI-DMM for 28MAR
2026-01-17 08:59:18 | INFO     | [lf.day.flights_found] Found 1 flights on 28MAR
2026-01-17 08:59:20 | INFO     | [lf.flight.extracted] SM433 on 28MAR: BKG=76, LF=42.5%
2026-01-17 08:59:26 | INFO     | [SUCCESS] Day 28MAR
2026-01-17 08:59:26 | INFO     | [DAY_START] Processing 27MAR
2026-01-17 08:59:26 | INFO     | [lf.day.start] Processing CAI-DMM for 27MAR
2026-01-17 08:59:27 | INFO     | [lf.day.flights_found] Found 1 flights on 27MAR
2026-01-17 08:59:29 | INFO     | [lf.flight.extracted] SM433 on 27MAR: BKG=57, LF=31.8%
2026-01-17 08:59:33 | INFO     | [SUCCESS] Day 27MAR
2026-01-17 08:59:33 | INFO     | [DAY_START] Processing 26MAR
2026-01-17 08:59:33 | INFO     | [lf.day.start] Processing CAI-DMM for 26MAR
2026-01-17 08:59:34 | INFO     | [lf.day.flights_found] Found 1 flights on 26MAR
2026-01-17 08:59:36 | INFO     | [lf.flight.extracted] SM433 on 26MAR: BKG=34, LF=19.0%
2026-01-17 08:59:40 | INFO     | [SUCCESS] Day 26MAR
2026-01-17 08:59:40 | INFO     | [DAY_START] Processing 25MAR
2026-01-17 08:59:40 | INFO     | [lf.day.start] Processing CAI-DMM for 25MAR
2026-01-17 08:59:41 | WARNING  | [lf.day.no_flights] No direct flights on 25MAR
2026-01-17 08:59:41 | INFO     | [SUCCESS] Day 25MAR
2026-01-17 08:59:41 | INFO     | [DAY_START] Processing 24MAR
2026-01-17 08:59:41 | INFO     | [lf.day.start] Processing CAI-DMM for 24MAR
2026-01-17 08:59:43 | INFO     | [lf.day.flights_found] Found 1 flights on 24MAR
2026-01-17 08:59:45 | INFO     | [lf.flight.extracted] SM433 on 24MAR: BKG=16, LF=8.9%
2026-01-17 08:59:48 | INFO     | [SUCCESS] Day 24MAR
2026-01-17 08:59:48 | INFO     | [SUCCESS] LF Search Complete
2026-01-17 08:59:48 | INFO     | [Worker_9234] Completed: CAI-DMM - 9 results, 0 errors
2026-01-17 08:59:48 | INFO     | [Worker_9234] Processing: ATZ-ELQ
2026-01-17 08:59:48 | INFO     |   Tier 0: Range 3, Chunk 1/3 (9 days)
