2026-01-17 09:23:50 | INFO     | ======================================================================
2026-01-17 09:23:50 | INFO     | Load Factor Scraper Started - Route: CAI-DMM
2026-01-17 09:23:50 | INFO     | Log file: D:\CODERED\LAB\Artifacts\outputs\run_generated_170126_at_08.47_RETRY\logs\LF_CAI-DMM_20260117_092350.log
2026-01-17 09:23:50 | INFO     | Enhanced logging: Capturing both logging.info() and print()
2026-01-17 09:23:50 | INFO     | ======================================================================
2026-01-17 09:23:50 | INFO     | Starting LF search for route: CAI-DMM
2026-01-17 09:23:50 | INFO     | [START] LF Search
2026-01-17 09:23:50 | INFO     | [HEALTH CHECK] [OK] Chrome connection is healthy
2026-01-17 09:23:50 | INFO     | [DAY_START] Processing 10FEB
2026-01-17 09:23:50 | INFO     | [lf.day.start] Processing CAI-DMM for 10FEB
2026-01-17 09:23:52 | INFO     | [lf.day.flights_found] Found 1 flights on 10FEB
2026-01-17 09:23:54 | INFO     | [lf.flight.extracted] SM433 on 10FEB: BKG=18, LF=10.1%
2026-01-17 09:23:56 | INFO     | [SUCCESS] Day 10FEB
2026-01-17 09:23:56 | INFO     | [DAY_START] Processing 09FEB
2026-01-17 09:23:56 | INFO     | [lf.day.start] Processing CAI-DMM for 09FEB
2026-01-17 09:23:57 | WARNING  | [lf.day.no_flights] No direct flights on 09FEB
2026-01-17 09:23:58 | INFO     | [SUCCESS] Day 09FEB
2026-01-17 09:23:58 | INFO     | [DAY_START] Processing 08FEB
2026-01-17 09:23:58 | INFO     | [lf.day.start] Processing CAI-DMM for 08FEB
2026-01-17 09:23:59 | WARNING  | [lf.day.no_flights] No direct flights on 08FEB
2026-01-17 09:23:59 | INFO     | [SUCCESS] Day 08FEB
2026-01-17 09:23:59 | INFO     | [DAY_START] Processing 07FEB
2026-01-17 09:23:59 | INFO     | [lf.day.start] Processing CAI-DMM for 07FEB
2026-01-17 09:24:00 | INFO     | [lf.day.flights_found] Found 1 flights on 07FEB
2026-01-17 09:24:02 | INFO     | [lf.flight.extracted] SM433 on 07FEB: BKG=33, LF=18.4%
2026-01-17 09:24:06 | INFO     | [SUCCESS] Day 07FEB
2026-01-17 09:24:06 | INFO     | [DAY_START] Processing 06FEB
2026-01-17 09:24:06 | INFO     | [lf.day.start] Processing CAI-DMM for 06FEB
2026-01-17 09:24:07 | INFO     | [lf.day.flights_found] Found 1 flights on 06FEB
2026-01-17 09:24:09 | INFO     | [lf.flight.extracted] SM433 on 06FEB: BKG=17, LF=9.5%
2026-01-17 09:24:12 | INFO     | [SUCCESS] Day 06FEB
2026-01-17 09:24:12 | INFO     | [DAY_START] Processing 05FEB
2026-01-17 09:24:12 | INFO     | [lf.day.start] Processing CAI-DMM for 05FEB
2026-01-17 09:24:13 | INFO     | [lf.day.flights_found] Found 1 flights on 05FEB
2026-01-17 09:24:15 | INFO     | [lf.flight.extracted] SM433 on 05FEB: BKG=25, LF=14.0%
2026-01-17 09:24:19 | INFO     | [SUCCESS] Day 05FEB
2026-01-17 09:24:19 | INFO     | [DAY_START] Processing 04FEB
2026-01-17 09:24:19 | INFO     | [lf.day.start] Processing CAI-DMM for 04FEB
2026-01-17 09:24:20 | WARNING  | [lf.day.no_flights] No direct flights on 04FEB
2026-01-17 09:24:20 | INFO     | [SUCCESS] Day 04FEB
2026-01-17 09:24:20 | INFO     | [DAY_START] Processing 03FEB
2026-01-17 09:24:20 | INFO     | [lf.day.start] Processing CAI-DMM for 03FEB
2026-01-17 09:24:21 | INFO     | [lf.day.flights_found] Found 1 flights on 03FEB
2026-01-17 09:24:23 | INFO     | [lf.flight.extracted] SM433 on 03FEB: BKG=20, LF=11.2%
2026-01-17 09:24:27 | INFO     | [SUCCESS] Day 03FEB
2026-01-17 09:24:27 | INFO     | [DAY_START] Processing 02FEB
2026-01-17 09:24:27 | INFO     | [lf.day.start] Processing CAI-DMM for 02FEB
2026-01-17 09:24:28 | WARNING  | [lf.day.no_flights] No direct flights on 02FEB
2026-01-17 09:24:28 | INFO     | [SUCCESS] Day 02FEB
2026-01-17 09:24:28 | INFO     | [SUCCESS] LF Search Complete
2026-01-17 09:24:28 | INFO     | [Worker_9222] Completed: CAI-DMM - 9 results, 0 errors
2026-01-17 09:24:28 | INFO     | [Worker_9222] Processing: ATZ-AJF
2026-01-17 09:24:28 | INFO     |   Tier 0: Range 1, Chunk 1/3 (9 days)
