2026-01-17 08:52:25 | INFO     | ======================================================================
2026-01-17 08:52:25 | INFO     | Load Factor Scraper Started - Route: CAI-RUH
2026-01-17 08:52:25 | INFO     | Log file: D:\CODERED\LAB\Artifacts\outputs\run_generated_170126_at_08.47_RETRY\logs\LF_CAI-RUH_20260117_085225.log
2026-01-17 08:52:25 | INFO     | Enhanced logging: Capturing both logging.info() and print()
2026-01-17 08:52:25 | INFO     | ======================================================================
2026-01-17 08:52:25 | INFO     | Starting LF search for route: CAI-RUH
2026-01-17 08:52:25 | INFO     | [START] LF Search
2026-01-17 08:52:26 | INFO     | [HEALTH CHECK] [OK] Chrome connection is healthy
2026-01-17 08:52:26 | INFO     | [DAY_START] Processing 18APR
2026-01-17 08:52:26 | INFO     | [lf.day.start] Processing CAI-RUH for 18APR
2026-01-17 08:52:27 | INFO     | [lf.day.flights_found] Found 1 flights on 18APR
2026-01-17 08:52:51 | INFO     | [lf.flight.extracted] SM461 on 18APR: BKG=0, LF=0.0%
2026-01-17 08:52:52 | INFO     | [SUCCESS] Day 18APR
2026-01-17 08:52:52 | INFO     | [DAY_START] Processing 17APR
2026-01-17 08:52:52 | INFO     | [lf.day.start] Processing CAI-RUH for 17APR
2026-01-17 08:52:56 | INFO     | [lf.day.flights_found] Found 1 flights on 17APR
2026-01-17 08:52:59 | INFO     | [lf.flight.extracted] SM461 on 17APR: BKG=0, LF=0.0%
2026-01-17 08:53:01 | INFO     | [SUCCESS] Day 17APR
2026-01-17 08:53:01 | INFO     | [DAY_START] Processing 16APR
2026-01-17 08:53:01 | INFO     | [lf.day.start] Processing CAI-RUH for 16APR
2026-01-17 08:53:12 | INFO     | [lf.day.flights_found] Found 1 flights on 16APR
2026-01-17 08:53:14 | INFO     | [lf.flight.extracted] SM461 on 16APR: BKG=0, LF=0.0%
2026-01-17 08:53:15 | INFO     | [SUCCESS] Day 16APR
2026-01-17 08:53:15 | INFO     | [DAY_START] Processing 15APR
2026-01-17 08:53:15 | INFO     | [lf.day.start] Processing CAI-RUH for 15APR
2026-01-17 08:53:16 | INFO     | [lf.day.flights_found] Found 1 flights on 15APR
2026-01-17 08:53:18 | INFO     | [lf.flight.extracted] SM461 on 15APR: BKG=0, LF=0.0%
2026-01-17 08:53:19 | INFO     | [SUCCESS] Day 15APR
2026-01-17 08:53:19 | INFO     | [DAY_START] Processing 14APR
2026-01-17 08:53:19 | INFO     | [lf.day.start] Processing CAI-RUH for 14APR
2026-01-17 08:53:20 | INFO     | [lf.day.flights_found] Found 1 flights on 14APR
2026-01-17 08:53:23 | INFO     | [lf.flight.extracted] SM461 on 14APR: BKG=0, LF=0.0%
2026-01-17 08:53:24 | INFO     | [SUCCESS] Day 14APR
2026-01-17 08:53:24 | INFO     | [DAY_START] Processing 13APR
2026-01-17 08:53:24 | INFO     | [lf.day.start] Processing CAI-RUH for 13APR
2026-01-17 08:53:25 | INFO     | [lf.day.flights_found] Found 1 flights on 13APR
2026-01-17 08:53:27 | INFO     | [lf.flight.extracted] SM461 on 13APR: BKG=0, LF=0.0%
2026-01-17 08:53:28 | INFO     | [SUCCESS] Day 13APR
2026-01-17 08:53:28 | INFO     | [DAY_START] Processing 12APR
2026-01-17 08:53:28 | INFO     | [lf.day.start] Processing CAI-RUH for 12APR
2026-01-17 08:53:29 | INFO     | [lf.day.flights_found] Found 1 flights on 12APR
2026-01-17 08:53:31 | INFO     | [lf.flight.extracted] SM461 on 12APR: BKG=0, LF=0.0%
2026-01-17 08:53:32 | INFO     | [SUCCESS] Day 12APR
2026-01-17 08:53:32 | INFO     | [DAY_START] Processing 11APR
2026-01-17 08:53:32 | INFO     | [lf.day.start] Processing CAI-RUH for 11APR
2026-01-17 08:53:33 | INFO     | [lf.day.flights_found] Found 1 flights on 11APR
2026-01-17 08:53:35 | INFO     | [lf.flight.extracted] SM461 on 11APR: BKG=0, LF=0.0%
2026-01-17 08:53:36 | INFO     | [SUCCESS] Day 11APR
2026-01-17 08:53:36 | INFO     | [DAY_START] Processing 10APR
2026-01-17 08:53:36 | INFO     | [lf.day.start] Processing CAI-RUH for 10APR
2026-01-17 08:53:37 | INFO     | [lf.day.flights_found] Found 1 flights on 10APR
2026-01-17 08:53:39 | INFO     | [lf.flight.extracted] SM461 on 10APR: BKG=0, LF=0.0%
2026-01-17 08:53:40 | INFO     | [SUCCESS] Day 10APR
2026-01-17 08:53:40 | INFO     | [SUCCESS] LF Search Complete
2026-01-17 08:53:40 | INFO     | [Worker_9225] Completed: CAI-RUH - 9 results, 0 errors
2026-01-17 08:53:40 | INFO     | [Worker_9225] Processing: MED-ATZ
2026-01-17 08:53:40 | INFO     |   Tier 0: Range 4, Chunk 3/3 (8 days)
