2026-01-17 08:57:59 | INFO     | ======================================================================
2026-01-17 08:57:59 | INFO     | Load Factor Scraper Started - Route: CAI-MED
2026-01-17 08:57:59 | INFO     | Log file: D:\CODERED\LAB\Artifacts\outputs\run_generated_170126_at_08.47_RETRY\logs\LF_CAI-MED_20260117_085759.log
2026-01-17 08:57:59 | INFO     | Enhanced logging: Capturing both logging.info() and print()
2026-01-17 08:57:59 | INFO     | ======================================================================
2026-01-17 08:57:59 | INFO     | Starting LF search for route: CAI-MED
2026-01-17 08:57:59 | INFO     | [START] LF Search
2026-01-17 08:58:00 | INFO     | [HEALTH CHECK] [OK] Chrome connection is healthy
2026-01-17 08:58:00 | INFO     | [DAY_START] Processing 01APR
2026-01-17 08:58:00 | INFO     | [lf.day.start] Processing CAI-MED for 01APR
2026-01-17 08:58:01 | INFO     | [lf.day.flights_found] Found 1 flights on 01APR
2026-01-17 08:58:04 | INFO     | [lf.flight.extracted] SM493 on 01APR: BKG=3, LF=1.7%
2026-01-17 08:58:06 | INFO     | [SUCCESS] Day 01APR
2026-01-17 08:58:06 | INFO     | [DAY_START] Processing 31MAR
2026-01-17 08:58:06 | INFO     | [lf.day.start] Processing CAI-MED for 31MAR
2026-01-17 08:58:07 | INFO     | [lf.day.flights_found] Found 1 flights on 31MAR
2026-01-17 08:58:09 | INFO     | [lf.flight.extracted] SM493 on 31MAR: BKG=0, LF=0.0%
2026-01-17 08:58:10 | INFO     | [SUCCESS] Day 31MAR
2026-01-17 08:58:10 | INFO     | [DAY_START] Processing 30MAR
2026-01-17 08:58:10 | INFO     | [lf.day.start] Processing CAI-MED for 30MAR
2026-01-17 08:58:11 | WARNING  | [lf.day.no_flights] No direct flights on 30MAR
2026-01-17 08:58:11 | INFO     | [SUCCESS] Day 30MAR
2026-01-17 08:58:11 | INFO     | [DAY_START] Processing 29MAR
2026-01-17 08:58:11 | INFO     | [lf.day.start] Processing CAI-MED for 29MAR
2026-01-17 08:58:13 | INFO     | [lf.day.flights_found] Found 1 flights on 29MAR
2026-01-17 08:58:15 | INFO     | [lf.flight.extracted] SM493 on 29MAR: BKG=60, LF=33.5%
2026-01-17 08:58:17 | INFO     | [SUCCESS] Day 29MAR
2026-01-17 08:58:17 | INFO     | [DAY_START] Processing 28MAR
2026-01-17 08:58:17 | INFO     | [lf.day.start] Processing CAI-MED for 28MAR
2026-01-17 08:58:18 | INFO     | [lf.day.flights_found] Found 1 flights on 28MAR
2026-01-17 08:58:20 | INFO     | [lf.flight.extracted] SM493 on 28MAR: BKG=25, LF=14.0%
2026-01-17 08:58:24 | INFO     | [SUCCESS] Day 28MAR
2026-01-17 08:58:24 | INFO     | [DAY_START] Processing 27MAR
2026-01-17 08:58:24 | INFO     | [lf.day.start] Processing CAI-MED for 27MAR
2026-01-17 08:58:25 | WARNING  | [lf.day.no_flights] No direct flights on 27MAR
2026-01-17 08:58:25 | INFO     | [SUCCESS] Day 27MAR
2026-01-17 08:58:25 | INFO     | [DAY_START] Processing 26MAR
2026-01-17 08:58:25 | INFO     | [lf.day.start] Processing CAI-MED for 26MAR
2026-01-17 08:58:26 | INFO     | [lf.day.flights_found] Found 1 flights on 26MAR
2026-01-17 08:58:28 | INFO     | [lf.flight.extracted] SM493 on 26MAR: BKG=0, LF=0.0%
2026-01-17 08:58:29 | INFO     | [SUCCESS] Day 26MAR
2026-01-17 08:58:29 | INFO     | [DAY_START] Processing 25MAR
2026-01-17 08:58:29 | INFO     | [lf.day.start] Processing CAI-MED for 25MAR
2026-01-17 08:58:30 | WARNING  | [lf.day.no_flights] No direct flights on 25MAR
2026-01-17 08:58:30 | INFO     | [SUCCESS] Day 25MAR
2026-01-17 08:58:30 | INFO     | [DAY_START] Processing 24MAR
2026-01-17 08:58:30 | INFO     | [lf.day.start] Processing CAI-MED for 24MAR
2026-01-17 08:58:31 | INFO     | [lf.day.flights_found] Found 1 flights on 24MAR
2026-01-17 08:58:33 | INFO     | [lf.flight.extracted] SM493 on 24MAR: BKG=1, LF=0.6%
2026-01-17 08:58:36 | INFO     | [SUCCESS] Day 24MAR
2026-01-17 08:58:36 | INFO     | [SUCCESS] LF Search Complete
2026-01-17 08:58:36 | INFO     | [Worker_9223] Completed: CAI-MED - 9 results, 0 errors
2026-01-17 08:58:36 | INFO     | [Worker_9223] Processing: CAI-RUH
2026-01-17 08:58:36 | INFO     |   Tier 0: Range 3, Chunk 1/3 (9 days)
