2026-01-17 09:09:48 | INFO     | ======================================================================
2026-01-17 09:09:48 | INFO     | Load Factor Scraper Started - Route: CAI-MED
2026-01-17 09:09:48 | INFO     | Log file: D:\CODERED\LAB\Artifacts\outputs\run_generated_170126_at_08.47_RETRY\logs\LF_CAI-MED_20260117_090948.log
2026-01-17 09:09:48 | INFO     | Enhanced logging: Capturing both logging.info() and print()
2026-01-17 09:09:48 | INFO     | ======================================================================
2026-01-17 09:09:48 | INFO     | Starting LF search for route: CAI-MED
2026-01-17 09:09:48 | INFO     | [START] LF Search
2026-01-17 09:09:49 | INFO     | [HEALTH CHECK] [OK] Chrome connection is healthy
2026-01-17 09:09:49 | INFO     | [DAY_START] Processing 07MAR
2026-01-17 09:09:49 | INFO     | [lf.day.start] Processing CAI-MED for 07MAR
2026-01-17 09:09:50 | INFO     | [lf.day.flights_found] Found 1 flights on 07MAR
2026-01-17 09:09:52 | INFO     | [lf.flight.extracted] SM493 on 07MAR: BKG=153, LF=85.5%
2026-01-17 09:09:57 | INFO     | [SUCCESS] Day 07MAR
2026-01-17 09:09:57 | INFO     | [DAY_START] Processing 06MAR
2026-01-17 09:09:57 | INFO     | [lf.day.start] Processing CAI-MED for 06MAR
2026-01-17 09:09:58 | WARNING  | [lf.day.no_flights] No direct flights on 06MAR
2026-01-17 09:09:58 | INFO     | [SUCCESS] Day 06MAR
2026-01-17 09:09:58 | INFO     | [DAY_START] Processing 05MAR
2026-01-17 09:09:58 | INFO     | [lf.day.start] Processing CAI-MED for 05MAR
2026-01-17 09:09:59 | INFO     | [lf.day.flights_found] Found 1 flights on 05MAR
2026-01-17 09:10:01 | INFO     | [lf.flight.extracted] SM493 on 05MAR: BKG=179, LF=101.7%
2026-01-17 09:10:07 | INFO     | [SUCCESS] Day 05MAR
2026-01-17 09:10:07 | INFO     | [DAY_START] Processing 04MAR
2026-01-17 09:10:07 | INFO     | [lf.day.start] Processing CAI-MED for 04MAR
2026-01-17 09:10:09 | WARNING  | [lf.day.no_flights] No direct flights on 04MAR
2026-01-17 09:10:09 | INFO     | [SUCCESS] Day 04MAR
2026-01-17 09:10:09 | INFO     | [DAY_START] Processing 03MAR
2026-01-17 09:10:09 | INFO     | [lf.day.start] Processing CAI-MED for 03MAR
2026-01-17 09:10:10 | INFO     | [lf.day.flights_found] Found 1 flights on 03MAR
2026-01-17 09:10:12 | INFO     | [lf.flight.extracted] SM493 on 03MAR: BKG=144, LF=80.5%
2026-01-17 09:10:16 | INFO     | [SUCCESS] Day 03MAR
2026-01-17 09:10:16 | INFO     | [DAY_START] Processing 02MAR
2026-01-17 09:10:16 | INFO     | [lf.day.start] Processing CAI-MED for 02MAR
2026-01-17 09:10:17 | INFO     | [lf.day.flights_found] Found 1 flights on 02MAR
2026-01-17 09:10:19 | INFO     | [lf.flight.extracted] SM495 on 02MAR: BKG=161, LF=89.9%
2026-01-17 09:10:23 | INFO     | [SUCCESS] Day 02MAR
2026-01-17 09:10:23 | INFO     | [DAY_START] Processing 01MAR
2026-01-17 09:10:23 | INFO     | [lf.day.start] Processing CAI-MED for 01MAR
2026-01-17 09:10:24 | INFO     | [lf.day.flights_found] Found 1 flights on 01MAR
2026-01-17 09:10:26 | INFO     | [lf.flight.extracted] SM493 on 01MAR: BKG=150, LF=83.8%
2026-01-17 09:10:28 | INFO     | [SUCCESS] Day 01MAR
2026-01-17 09:10:28 | INFO     | [DAY_START] Processing 28FEB
2026-01-17 09:10:28 | INFO     | [lf.day.start] Processing CAI-MED for 28FEB
2026-01-17 09:10:29 | INFO     | [lf.day.flights_found] Found 1 flights on 28FEB
2026-01-17 09:10:32 | INFO     | [lf.flight.extracted] SM493 on 28FEB: BKG=129, LF=72.1%
2026-01-17 09:10:36 | INFO     | [SUCCESS] Day 28FEB
2026-01-17 09:10:36 | INFO     | [DAY_START] Processing 27FEB
2026-01-17 09:10:36 | INFO     | [lf.day.start] Processing CAI-MED for 27FEB
2026-01-17 09:10:37 | WARNING  | [lf.day.no_flights] No direct flights on 27FEB
2026-01-17 09:10:37 | INFO     | [SUCCESS] Day 27FEB
2026-01-17 09:10:37 | INFO     | [SUCCESS] LF Search Complete
2026-01-17 09:10:37 | INFO     | [Worker_9222] Completed: CAI-MED - 9 results, 0 errors
2026-01-17 09:10:37 | INFO     | [Worker_9222] Processing: CAI-DMM
2026-01-17 09:10:37 | INFO     |   Tier 0: Range 2, Chunk 1/3 (9 days)
