2026-01-17 08:50:18 | INFO     | ======================================================================
2026-01-17 08:50:18 | INFO     | Load Factor Scraper Started - Route: CAI-AHB
2026-01-17 08:50:18 | INFO     | Log file: D:\CODERED\LAB\Artifacts\outputs\run_generated_170126_at_08.47_RETRY\logs\LF_CAI-AHB_20260117_085018.log
2026-01-17 08:50:18 | INFO     | Enhanced logging: Capturing both logging.info() and print()
2026-01-17 08:50:18 | INFO     | ======================================================================
2026-01-17 08:50:18 | INFO     | Starting LF search for route: CAI-AHB
2026-01-17 08:50:18 | INFO     | [START] LF Search
2026-01-17 08:50:29 | INFO     | [HEALTH CHECK] [OK] Chrome connection is healthy
2026-01-17 08:50:29 | INFO     | [DAY_START] Processing 27APR
2026-01-17 08:50:29 | INFO     | [lf.day.start] Processing CAI-AHB for 27APR
2026-01-17 08:50:30 | INFO     | [lf.day.flights_found] Found 1 flights on 27APR
2026-01-17 08:50:32 | INFO     | [lf.flight.extracted] SM443 on 27APR: BKG=4, LF=2.2%
2026-01-17 08:50:34 | INFO     | [SUCCESS] Day 27APR
2026-01-17 08:50:34 | INFO     | [DAY_START] Processing 26APR
2026-01-17 08:50:34 | INFO     | [lf.day.start] Processing CAI-AHB for 26APR
2026-01-17 08:50:35 | WARNING  | [lf.day.no_flights] No direct flights on 26APR
2026-01-17 08:50:36 | INFO     | [SUCCESS] Day 26APR
2026-01-17 08:50:36 | INFO     | [DAY_START] Processing 25APR
2026-01-17 08:50:36 | INFO     | [lf.day.start] Processing CAI-AHB for 25APR
2026-01-17 08:50:37 | INFO     | [lf.day.flights_found] Found 1 flights on 25APR
2026-01-17 08:50:38 | INFO     | [lf.flight.extracted] SM443 on 25APR: BKG=8, LF=4.5%
2026-01-17 08:50:41 | INFO     | [SUCCESS] Day 25APR
2026-01-17 08:50:41 | INFO     | [DAY_START] Processing 24APR
2026-01-17 08:50:41 | INFO     | [lf.day.start] Processing CAI-AHB for 24APR
2026-01-17 08:50:42 | WARNING  | [lf.day.no_flights] No direct flights on 24APR
2026-01-17 08:50:42 | INFO     | [SUCCESS] Day 24APR
2026-01-17 08:50:42 | INFO     | [DAY_START] Processing 23APR
2026-01-17 08:50:42 | INFO     | [lf.day.start] Processing CAI-AHB for 23APR
2026-01-17 08:50:43 | INFO     | [lf.day.flights_found] Found 1 flights on 23APR
2026-01-17 08:50:45 | INFO     | [lf.flight.extracted] SM443 on 23APR: BKG=5, LF=2.8%
2026-01-17 08:50:48 | INFO     | [SUCCESS] Day 23APR
2026-01-17 08:50:48 | INFO     | [DAY_START] Processing 22APR
2026-01-17 08:50:48 | INFO     | [lf.day.start] Processing CAI-AHB for 22APR
2026-01-17 08:50:49 | INFO     | [lf.day.flights_found] Found 1 flights on 22APR
2026-01-17 08:50:51 | INFO     | [lf.flight.extracted] SM443 on 22APR: BKG=4, LF=2.2%
2026-01-17 08:50:53 | INFO     | [SUCCESS] Day 22APR
2026-01-17 08:50:53 | INFO     | [DAY_START] Processing 21APR
2026-01-17 08:50:53 | INFO     | [lf.day.start] Processing CAI-AHB for 21APR
2026-01-17 08:50:54 | WARNING  | [lf.day.no_flights] No direct flights on 21APR
2026-01-17 08:50:54 | INFO     | [SUCCESS] Day 21APR
2026-01-17 08:50:54 | INFO     | [DAY_START] Processing 20APR
2026-01-17 08:50:54 | INFO     | [lf.day.start] Processing CAI-AHB for 20APR
2026-01-17 08:50:55 | INFO     | [lf.day.flights_found] Found 1 flights on 20APR
2026-01-17 08:51:01 | INFO     | [lf.flight.extracted] SM443 on 20APR: BKG=7, LF=3.9%
2026-01-17 08:51:07 | INFO     | [SUCCESS] Day 20APR
2026-01-17 08:51:07 | INFO     | [DAY_START] Processing 19APR
2026-01-17 08:51:07 | INFO     | [lf.day.start] Processing CAI-AHB for 19APR
2026-01-17 08:51:08 | WARNING  | [lf.day.no_flights] No direct flights on 19APR
2026-01-17 08:51:08 | INFO     | [SUCCESS] Day 19APR
2026-01-17 08:51:08 | INFO     | [SUCCESS] LF Search Complete
2026-01-17 08:51:08 | INFO     | [Worker_9232] Completed: CAI-AHB - 9 results, 0 errors
2026-01-17 08:51:08 | INFO     | [Worker_9232] Processing: RUH-CAI
2026-01-17 08:51:08 | INFO     |   Tier 0: Range 4, Chunk 2/3 (9 days)
