2026-01-17 08:52:36 | INFO     | ======================================================================
2026-01-17 08:52:36 | INFO     | Load Factor Scraper Started - Route: CAI-DMM
2026-01-17 08:52:36 | INFO     | Log file: D:\CODERED\LAB\Artifacts\outputs\run_generated_170126_at_08.47_RETRY\logs\LF_CAI-DMM_20260117_085236.log
2026-01-17 08:52:36 | INFO     | Enhanced logging: Capturing both logging.info() and print()
2026-01-17 08:52:36 | INFO     | ======================================================================
2026-01-17 08:52:36 | INFO     | Starting LF search for route: CAI-DMM
2026-01-17 08:52:36 | INFO     | [START] LF Search
2026-01-17 08:52:37 | INFO     | [HEALTH CHECK] [OK] Chrome connection is healthy
2026-01-17 08:52:37 | INFO     | [DAY_START] Processing 18APR
2026-01-17 08:52:37 | INFO     | [lf.day.start] Processing CAI-DMM for 18APR
2026-01-17 08:52:39 | INFO     | [lf.day.flights_found] Found 1 flights on 18APR
2026-01-17 08:52:43 | INFO     | [lf.flight.extracted] SM433 on 18APR: BKG=9, LF=5.0%
2026-01-17 08:52:46 | INFO     | [SUCCESS] Day 18APR
2026-01-17 08:52:46 | INFO     | [DAY_START] Processing 17APR
2026-01-17 08:52:46 | INFO     | [lf.day.start] Processing CAI-DMM for 17APR
2026-01-17 08:52:48 | INFO     | [lf.day.flights_found] Found 1 flights on 17APR
2026-01-17 08:52:52 | INFO     | [lf.flight.extracted] SM439 on 17APR: BKG=11, LF=6.2%
2026-01-17 08:53:00 | INFO     | [SUCCESS] Day 17APR
2026-01-17 08:53:00 | INFO     | [DAY_START] Processing 16APR
2026-01-17 08:53:00 | INFO     | [lf.day.start] Processing CAI-DMM for 16APR
2026-01-17 08:53:02 | INFO     | [lf.day.flights_found] Found 1 flights on 16APR
2026-01-17 08:53:04 | INFO     | [lf.flight.extracted] SM433 on 16APR: BKG=8, LF=4.5%
2026-01-17 08:53:08 | INFO     | [SUCCESS] Day 16APR
2026-01-17 08:53:08 | INFO     | [DAY_START] Processing 15APR
2026-01-17 08:53:08 | INFO     | [lf.day.start] Processing CAI-DMM for 15APR
2026-01-17 08:53:09 | INFO     | [lf.day.flights_found] Found 1 flights on 15APR
2026-01-17 08:53:11 | INFO     | [lf.flight.extracted] SM433 on 15APR: BKG=9, LF=5.0%
2026-01-17 08:53:14 | INFO     | [SUCCESS] Day 15APR
2026-01-17 08:53:14 | INFO     | [DAY_START] Processing 14APR
2026-01-17 08:53:14 | INFO     | [lf.day.start] Processing CAI-DMM for 14APR
2026-01-17 08:53:15 | INFO     | [lf.day.flights_found] Found 1 flights on 14APR
2026-01-17 08:53:17 | INFO     | [lf.flight.extracted] SM433 on 14APR: BKG=14, LF=7.8%
2026-01-17 08:53:20 | INFO     | [SUCCESS] Day 14APR
2026-01-17 08:53:20 | INFO     | [DAY_START] Processing 13APR
2026-01-17 08:53:20 | INFO     | [lf.day.start] Processing CAI-DMM for 13APR
2026-01-17 08:53:21 | INFO     | [lf.day.flights_found] Found 1 flights on 13APR
2026-01-17 08:53:23 | INFO     | [lf.flight.extracted] SM433 on 13APR: BKG=12, LF=6.7%
2026-01-17 08:53:25 | INFO     | [SUCCESS] Day 13APR
2026-01-17 08:53:25 | INFO     | [DAY_START] Processing 12APR
2026-01-17 08:53:25 | INFO     | [lf.day.start] Processing CAI-DMM for 12APR
2026-01-17 08:53:26 | INFO     | [lf.day.flights_found] Found 1 flights on 12APR
2026-01-17 08:53:28 | INFO     | [lf.flight.extracted] SM439 on 12APR: BKG=12, LF=6.7%
2026-01-17 08:53:31 | INFO     | [SUCCESS] Day 12APR
2026-01-17 08:53:31 | INFO     | [DAY_START] Processing 11APR
2026-01-17 08:53:31 | INFO     | [lf.day.start] Processing CAI-DMM for 11APR
2026-01-17 08:53:32 | INFO     | [lf.day.flights_found] Found 1 flights on 11APR
2026-01-17 08:53:34 | INFO     | [lf.flight.extracted] SM433 on 11APR: BKG=18, LF=10.1%
2026-01-17 08:53:37 | INFO     | [SUCCESS] Day 11APR
2026-01-17 08:53:37 | INFO     | [DAY_START] Processing 10APR
2026-01-17 08:53:37 | INFO     | [lf.day.start] Processing CAI-DMM for 10APR
2026-01-17 08:53:38 | INFO     | [lf.day.flights_found] Found 1 flights on 10APR
2026-01-17 08:53:40 | INFO     | [lf.flight.extracted] SM439 on 10APR: BKG=13, LF=7.3%
2026-01-17 08:53:43 | INFO     | [SUCCESS] Day 10APR
2026-01-17 08:53:43 | INFO     | [SUCCESS] LF Search Complete
2026-01-17 08:53:43 | INFO     | [Worker_9227] Completed: CAI-DMM - 9 results, 0 errors
2026-01-17 08:53:43 | INFO     | [Worker_9227] Processing: JED-CAI
2026-01-17 08:53:43 | INFO     |   Tier 0: Range 4, Chunk 3/3 (8 days)
