2026-01-17 09:13:38 | INFO     | ======================================================================
2026-01-17 09:13:38 | INFO     | Load Factor Scraper Started - Route: CAI-MED
2026-01-17 09:13:38 | INFO     | Log file: D:\CODERED\LAB\Artifacts\outputs\run_generated_170126_at_08.47_RETRY\logs\LF_CAI-MED_20260117_091338.log
2026-01-17 09:13:38 | INFO     | Enhanced logging: Capturing both logging.info() and print()
2026-01-17 09:13:38 | INFO     | ======================================================================
2026-01-17 09:13:38 | INFO     | Starting LF search for route: CAI-MED
2026-01-17 09:13:38 | INFO     | [START] LF Search
2026-01-17 09:13:39 | INFO     | [HEALTH CHECK] [OK] Chrome connection is healthy
2026-01-17 09:13:39 | INFO     | [DAY_START] Processing 26FEB
2026-01-17 09:13:39 | INFO     | [lf.day.start] Processing CAI-MED for 26FEB
2026-01-17 09:13:41 | INFO     | [lf.day.flights_found] Found 1 flights on 26FEB
2026-01-17 09:13:43 | INFO     | [lf.flight.extracted] SM493 on 26FEB: BKG=148, LF=84.1%
2026-01-17 09:13:47 | INFO     | [SUCCESS] Day 26FEB
2026-01-17 09:13:47 | INFO     | [DAY_START] Processing 25FEB
2026-01-17 09:13:47 | INFO     | [lf.day.start] Processing CAI-MED for 25FEB
2026-01-17 09:13:48 | WARNING  | [lf.day.no_flights] No direct flights on 25FEB
2026-01-17 09:13:48 | INFO     | [SUCCESS] Day 25FEB
2026-01-17 09:13:48 | INFO     | [DAY_START] Processing 24FEB
2026-01-17 09:13:48 | INFO     | [lf.day.start] Processing CAI-MED for 24FEB
2026-01-17 09:13:49 | INFO     | [lf.day.flights_found] Found 1 flights on 24FEB
2026-01-17 09:13:51 | INFO     | [lf.flight.extracted] SM493 on 24FEB: BKG=174, LF=97.2%
2026-01-17 09:13:54 | INFO     | [SUCCESS] Day 24FEB
2026-01-17 09:13:54 | INFO     | [DAY_START] Processing 23FEB
2026-01-17 09:13:54 | INFO     | [lf.day.start] Processing CAI-MED for 23FEB
2026-01-17 09:13:55 | INFO     | [lf.day.flights_found] Found 1 flights on 23FEB
2026-01-17 09:13:57 | INFO     | [lf.flight.extracted] SM495 on 23FEB: BKG=172, LF=96.1%
2026-01-17 09:14:00 | INFO     | [SUCCESS] Day 23FEB
2026-01-17 09:14:00 | INFO     | [DAY_START] Processing 22FEB
2026-01-17 09:14:00 | INFO     | [lf.day.start] Processing CAI-MED for 22FEB
2026-01-17 09:14:01 | INFO     | [lf.day.flights_found] Found 1 flights on 22FEB
2026-01-17 09:14:03 | INFO     | [lf.flight.extracted] SM493 on 22FEB: BKG=177, LF=98.9%
2026-01-17 09:14:07 | INFO     | [SUCCESS] Day 22FEB
2026-01-17 09:14:07 | INFO     | [DAY_START] Processing 21FEB
2026-01-17 09:14:07 | INFO     | [lf.day.start] Processing CAI-MED for 21FEB
2026-01-17 09:14:08 | INFO     | [lf.day.flights_found] Found 1 flights on 21FEB
2026-01-17 09:14:10 | INFO     | [lf.flight.extracted] SM493 on 21FEB: BKG=177, LF=98.9%
2026-01-17 09:14:14 | INFO     | [SUCCESS] Day 21FEB
2026-01-17 09:14:14 | INFO     | [DAY_START] Processing 20FEB
2026-01-17 09:14:14 | INFO     | [lf.day.start] Processing CAI-MED for 20FEB
2026-01-17 09:14:15 | INFO     | [lf.day.flights_found] Found 2 flights on 20FEB
2026-01-17 09:14:17 | INFO     | [lf.flight.extracted] SM971 on 20FEB: BKG=170, LF=96.6%
2026-01-17 09:14:21 | INFO     | [lf.flight.extracted] SM983 on 20FEB: BKG=170, LF=95.0%
2026-01-17 09:14:24 | INFO     | [SUCCESS] Day 20FEB
2026-01-17 09:14:24 | INFO     | [DAY_START] Processing 19FEB
2026-01-17 09:14:24 | INFO     | [lf.day.start] Processing CAI-MED for 19FEB
2026-01-17 09:14:25 | INFO     | [lf.day.flights_found] Found 1 flights on 19FEB
2026-01-17 09:14:27 | INFO     | [lf.flight.extracted] SM493 on 19FEB: BKG=163, LF=91.1%
2026-01-17 09:14:32 | INFO     | [SUCCESS] Day 19FEB
2026-01-17 09:14:32 | INFO     | [SUCCESS] LF Search Complete
2026-01-17 09:14:32 | INFO     | [Worker_9226] Completed: CAI-MED - 8 results, 0 errors
2026-01-17 09:14:32 | INFO     | [Worker_9226] Processing: CAI-RUH
2026-01-17 09:14:32 | INFO     |   Tier 0: Range 2, Chunk 2/3 (8 days)
