2026-01-17 09:07:27 | INFO     | ======================================================================
2026-01-17 09:07:27 | INFO     | Load Factor Scraper Started - Route: CAI-AHB
2026-01-17 09:07:27 | INFO     | Log file: D:\CODERED\LAB\Artifacts\outputs\run_generated_170126_at_08.47_RETRY\logs\LF_CAI-AHB_20260117_090727.log
2026-01-17 09:07:27 | INFO     | Enhanced logging: Capturing both logging.info() and print()
2026-01-17 09:07:27 | INFO     | ======================================================================
2026-01-17 09:07:27 | INFO     | Starting LF search for route: CAI-AHB
2026-01-17 09:07:27 | INFO     | [START] LF Search
2026-01-17 09:07:28 | INFO     | [HEALTH CHECK] [OK] Chrome connection is healthy
2026-01-17 09:07:28 | INFO     | [DAY_START] Processing 15MAR
2026-01-17 09:07:28 | INFO     | [lf.day.start] Processing CAI-AHB for 15MAR
2026-01-17 09:07:29 | WARNING  | [lf.day.no_flights] No direct flights on 15MAR
2026-01-17 09:07:29 | INFO     | [SUCCESS] Day 15MAR
2026-01-17 09:07:29 | INFO     | [DAY_START] Processing 14MAR
2026-01-17 09:07:29 | INFO     | [lf.day.start] Processing CAI-AHB for 14MAR
2026-01-17 09:07:30 | INFO     | [lf.day.flights_found] Found 1 flights on 14MAR
2026-01-17 09:07:32 | INFO     | [lf.flight.extracted] SM443 on 14MAR: BKG=7, LF=3.9%
2026-01-17 09:07:35 | INFO     | [SUCCESS] Day 14MAR
2026-01-17 09:07:35 | INFO     | [DAY_START] Processing 13MAR
2026-01-17 09:07:35 | INFO     | [lf.day.start] Processing CAI-AHB for 13MAR
2026-01-17 09:07:36 | WARNING  | [lf.day.no_flights] No direct flights on 13MAR
2026-01-17 09:07:36 | INFO     | [SUCCESS] Day 13MAR
2026-01-17 09:07:36 | INFO     | [DAY_START] Processing 12MAR
2026-01-17 09:07:36 | INFO     | [lf.day.start] Processing CAI-AHB for 12MAR
2026-01-17 09:07:37 | INFO     | [lf.day.flights_found] Found 1 flights on 12MAR
2026-01-17 09:07:39 | INFO     | [lf.flight.extracted] SM443 on 12MAR: BKG=6, LF=3.4%
2026-01-17 09:07:42 | INFO     | [SUCCESS] Day 12MAR
2026-01-17 09:07:42 | INFO     | [DAY_START] Processing 11MAR
2026-01-17 09:07:42 | INFO     | [lf.day.start] Processing CAI-AHB for 11MAR
2026-01-17 09:07:43 | INFO     | [lf.day.flights_found] Found 1 flights on 11MAR
2026-01-17 09:07:45 | INFO     | [lf.flight.extracted] SM447 on 11MAR: BKG=6, LF=3.4%
2026-01-17 09:07:48 | INFO     | [SUCCESS] Day 11MAR
2026-01-17 09:07:48 | INFO     | [DAY_START] Processing 10MAR
2026-01-17 09:07:48 | INFO     | [lf.day.start] Processing CAI-AHB for 10MAR
2026-01-17 09:07:49 | WARNING  | [lf.day.no_flights] No direct flights on 10MAR
2026-01-17 09:07:49 | INFO     | [SUCCESS] Day 10MAR
2026-01-17 09:07:49 | INFO     | [DAY_START] Processing 09MAR
2026-01-17 09:07:49 | INFO     | [lf.day.start] Processing CAI-AHB for 09MAR
2026-01-17 09:07:50 | WARNING  | [lf.day.no_flights] No direct flights on 09MAR
2026-01-17 09:07:50 | INFO     | [SUCCESS] Day 09MAR
2026-01-17 09:07:50 | INFO     | [DAY_START] Processing 08MAR
2026-01-17 09:07:50 | INFO     | [lf.day.start] Processing CAI-AHB for 08MAR
2026-01-17 09:07:51 | WARNING  | [lf.day.no_flights] No direct flights on 08MAR
2026-01-17 09:07:51 | INFO     | [SUCCESS] Day 08MAR
2026-01-17 09:07:51 | INFO     | [SUCCESS] LF Search Complete
2026-01-17 09:07:51 | INFO     | [Worker_9225] Completed: CAI-AHB - 8 results, 0 errors
2026-01-17 09:07:51 | INFO     | [Worker_9225] Processing: MED-HBE
2026-01-17 09:07:51 | INFO     |   Tier 0: Range 2, Chunk 1/3 (9 days)
