2026-01-17 09:14:33 | INFO     | ======================================================================
2026-01-17 09:14:33 | INFO     | Load Factor Scraper Started - Route: CAI-DMM
2026-01-17 09:14:33 | INFO     | Log file: D:\CODERED\LAB\Artifacts\outputs\run_generated_170126_at_08.47_RETRY\logs\LF_CAI-DMM_20260117_091433.log
2026-01-17 09:14:33 | INFO     | Enhanced logging: Capturing both logging.info() and print()
2026-01-17 09:14:33 | INFO     | ======================================================================
2026-01-17 09:14:33 | INFO     | Starting LF search for route: CAI-DMM
2026-01-17 09:14:33 | INFO     | [START] LF Search
2026-01-17 09:14:34 | INFO     | [HEALTH CHECK] [OK] Chrome connection is healthy
2026-01-17 09:14:34 | INFO     | [DAY_START] Processing 26FEB
2026-01-17 09:14:34 | INFO     | [lf.day.start] Processing CAI-DMM for 26FEB
2026-01-17 09:14:35 | INFO     | [lf.day.flights_found] Found 1 flights on 26FEB
2026-01-17 09:14:37 | INFO     | [lf.flight.extracted] SM433 on 26FEB: BKG=1, LF=0.6%
2026-01-17 09:14:39 | INFO     | [SUCCESS] Day 26FEB
2026-01-17 09:14:39 | INFO     | [DAY_START] Processing 25FEB
2026-01-17 09:14:39 | INFO     | [lf.day.start] Processing CAI-DMM for 25FEB
2026-01-17 09:14:40 | WARNING  | [lf.day.no_flights] No direct flights on 25FEB
2026-01-17 09:14:40 | INFO     | [SUCCESS] Day 25FEB
2026-01-17 09:14:40 | INFO     | [DAY_START] Processing 24FEB
2026-01-17 09:14:40 | INFO     | [lf.day.start] Processing CAI-DMM for 24FEB
2026-01-17 09:14:41 | INFO     | [lf.day.flights_found] Found 1 flights on 24FEB
2026-01-17 09:14:44 | INFO     | [lf.flight.extracted] SM433 on 24FEB: BKG=2, LF=1.1%
2026-01-17 09:14:46 | INFO     | [SUCCESS] Day 24FEB
2026-01-17 09:14:46 | INFO     | [DAY_START] Processing 23FEB
2026-01-17 09:14:46 | INFO     | [lf.day.start] Processing CAI-DMM for 23FEB
2026-01-17 09:14:47 | WARNING  | [lf.day.no_flights] No direct flights on 23FEB
2026-01-17 09:14:48 | INFO     | [SUCCESS] Day 23FEB
2026-01-17 09:14:48 | INFO     | [DAY_START] Processing 22FEB
2026-01-17 09:14:48 | INFO     | [lf.day.start] Processing CAI-DMM for 22FEB
2026-01-17 09:14:49 | WARNING  | [lf.day.no_flights] No direct flights on 22FEB
2026-01-17 09:14:49 | INFO     | [SUCCESS] Day 22FEB
2026-01-17 09:14:49 | INFO     | [DAY_START] Processing 21FEB
2026-01-17 09:14:49 | INFO     | [lf.day.start] Processing CAI-DMM for 21FEB
2026-01-17 09:14:50 | INFO     | [lf.day.flights_found] Found 1 flights on 21FEB
2026-01-17 09:14:52 | INFO     | [lf.flight.extracted] SM433 on 21FEB: BKG=7, LF=3.9%
2026-01-17 09:14:54 | INFO     | [SUCCESS] Day 21FEB
2026-01-17 09:14:54 | INFO     | [DAY_START] Processing 20FEB
2026-01-17 09:14:54 | INFO     | [lf.day.start] Processing CAI-DMM for 20FEB
2026-01-17 09:14:55 | INFO     | [lf.day.flights_found] Found 1 flights on 20FEB
2026-01-17 09:14:57 | INFO     | [lf.flight.extracted] SM433 on 20FEB: BKG=5, LF=2.8%
2026-01-17 09:15:00 | INFO     | [SUCCESS] Day 20FEB
2026-01-17 09:15:00 | INFO     | [DAY_START] Processing 19FEB
2026-01-17 09:15:00 | INFO     | [lf.day.start] Processing CAI-DMM for 19FEB
2026-01-17 09:15:01 | INFO     | [lf.day.flights_found] Found 1 flights on 19FEB
2026-01-17 09:15:03 | INFO     | [lf.flight.extracted] SM433 on 19FEB: BKG=1, LF=0.6%
2026-01-17 09:15:05 | ERROR    | Atomic write failed for D:\CODERED\LAB\Artifacts\outputs\run_generated_170126_at_08.47_RETRY\checkpoints\flight_booking_data.json: [WinError 5] Access is denied: 'D:\\CODERED\\LAB\\Artifacts\\outputs\\run_generated_170126_at_08.47_RETRY\\checkpoints\\flight_booking_data.tmp_a4866ddb' -> 'D:\\CODERED\\LAB\\Artifacts\\outputs\\run_generated_170126_at_08.47_RETRY\\checkpoints\\flight_booking_data.json'
2026-01-17 09:15:05 | INFO     | [SUCCESS] Day 19FEB
2026-01-17 09:15:05 | INFO     | [SUCCESS] LF Search Complete
2026-01-17 09:15:05 | INFO     | [Worker_9225] Completed: CAI-DMM - 8 results, 0 errors
2026-01-17 09:15:05 | INFO     | [Worker_9225] Processing: ATZ-AJF
2026-01-17 09:15:05 | INFO     |   Tier 0: Range 2, Chunk 2/3 (8 days)
