2026-01-17 09:07:06 | INFO     | ======================================================================
2026-01-17 09:07:06 | INFO     | Load Factor Scraper Started - Route: CAI-TUU
2026-01-17 09:07:06 | INFO     | Log file: D:\CODERED\LAB\Artifacts\outputs\run_generated_170126_at_08.47_RETRY\logs\LF_CAI-TUU_20260117_090706.log
2026-01-17 09:07:06 | INFO     | Enhanced logging: Capturing both logging.info() and print()
2026-01-17 09:07:06 | INFO     | ======================================================================
2026-01-17 09:07:06 | INFO     | Starting LF search for route: CAI-TUU
2026-01-17 09:07:06 | INFO     | [START] LF Search
2026-01-17 09:07:07 | INFO     | [HEALTH CHECK] [OK] Chrome connection is healthy
2026-01-17 09:07:07 | INFO     | [DAY_START] Processing 15MAR
2026-01-17 09:07:07 | INFO     | [lf.day.start] Processing CAI-TUU for 15MAR
2026-01-17 09:07:08 | WARNING  | [lf.day.no_flights] No direct flights on 15MAR
2026-01-17 09:07:08 | INFO     | [SUCCESS] Day 15MAR
2026-01-17 09:07:08 | INFO     | [DAY_START] Processing 14MAR
2026-01-17 09:07:08 | INFO     | [lf.day.start] Processing CAI-TUU for 14MAR
2026-01-17 09:07:09 | INFO     | [lf.day.flights_found] Found 1 flights on 14MAR
2026-01-17 09:07:11 | INFO     | [lf.flight.extracted] SM325 on 14MAR: BKG=1, LF=0.9%
2026-01-17 09:07:14 | INFO     | [SUCCESS] Day 14MAR
2026-01-17 09:07:14 | INFO     | [DAY_START] Processing 13MAR
2026-01-17 09:07:14 | INFO     | [lf.day.start] Processing CAI-TUU for 13MAR
2026-01-17 09:07:15 | WARNING  | [lf.day.no_flights] No direct flights on 13MAR
2026-01-17 09:07:15 | INFO     | [SUCCESS] Day 13MAR
2026-01-17 09:07:15 | INFO     | [DAY_START] Processing 12MAR
2026-01-17 09:07:15 | INFO     | [lf.day.start] Processing CAI-TUU for 12MAR
2026-01-17 09:07:17 | INFO     | [lf.day.flights_found] Found 1 flights on 12MAR
2026-01-17 09:07:19 | INFO     | [lf.flight.extracted] SM325 on 12MAR: BKG=0, LF=0.0%
2026-01-17 09:07:20 | INFO     | [SUCCESS] Day 12MAR
2026-01-17 09:07:20 | INFO     | [DAY_START] Processing 11MAR
2026-01-17 09:07:20 | INFO     | [lf.day.start] Processing CAI-TUU for 11MAR
2026-01-17 09:07:21 | INFO     | [lf.day.flights_found] Found 1 flights on 11MAR
2026-01-17 09:07:23 | INFO     | [lf.flight.extracted] SM325 on 11MAR: BKG=2, LF=1.1%
2026-01-17 09:07:26 | INFO     | [SUCCESS] Day 11MAR
2026-01-17 09:07:26 | INFO     | [DAY_START] Processing 10MAR
2026-01-17 09:07:26 | INFO     | [lf.day.start] Processing CAI-TUU for 10MAR
2026-01-17 09:07:27 | WARNING  | [lf.day.no_flights] No direct flights on 10MAR
2026-01-17 09:07:27 | INFO     | [SUCCESS] Day 10MAR
2026-01-17 09:07:27 | INFO     | [DAY_START] Processing 09MAR
2026-01-17 09:07:27 | INFO     | [lf.day.start] Processing CAI-TUU for 09MAR
2026-01-17 09:07:28 | WARNING  | [lf.day.no_flights] No direct flights on 09MAR
2026-01-17 09:07:28 | INFO     | [SUCCESS] Day 09MAR
2026-01-17 09:07:28 | INFO     | [DAY_START] Processing 08MAR
2026-01-17 09:07:28 | INFO     | [lf.day.start] Processing CAI-TUU for 08MAR
2026-01-17 09:07:29 | WARNING  | [lf.day.no_flights] No direct flights on 08MAR
2026-01-17 09:07:29 | INFO     | [SUCCESS] Day 08MAR
2026-01-17 09:07:29 | INFO     | [SUCCESS] LF Search Complete
2026-01-17 09:07:29 | INFO     | [Worker_9227] Completed: CAI-TUU - 8 results, 0 errors
2026-01-17 09:07:29 | INFO     | [Worker_9227] Processing: ATZ-AHB
2026-01-17 09:07:29 | INFO     |   Tier 0: Range 3, Chunk 3/3 (8 days)
