2026-01-17 09:29:53 | INFO     | ======================================================================
2026-01-17 09:29:53 | INFO     | Load Factor Scraper Started - Route: CAI-AHB
2026-01-17 09:29:53 | INFO     | Log file: D:\CODERED\LAB\Artifacts\outputs\run_generated_170126_at_08.47_RETRY\logs\LF_CAI-AHB_20260117_092953.log
2026-01-17 09:29:53 | INFO     | Enhanced logging: Capturing both logging.info() and print()
2026-01-17 09:29:53 | INFO     | ======================================================================
2026-01-17 09:29:53 | INFO     | Starting LF search for route: CAI-AHB
2026-01-17 09:29:53 | INFO     | [START] LF Search
2026-01-17 09:29:54 | INFO     | [HEALTH CHECK] [OK] Chrome connection is healthy
2026-01-17 09:29:54 | INFO     | [DAY_START] Processing 01FEB
2026-01-17 09:29:54 | INFO     | [lf.day.start] Processing CAI-AHB for 01FEB
2026-01-17 09:29:55 | WARNING  | [lf.day.no_flights] No direct flights on 01FEB
2026-01-17 09:29:55 | INFO     | [SUCCESS] Day 01FEB
2026-01-17 09:29:55 | INFO     | [DAY_START] Processing 31JAN
2026-01-17 09:29:55 | INFO     | [lf.day.start] Processing CAI-AHB for 31JAN
2026-01-17 09:29:56 | INFO     | [lf.day.flights_found] Found 1 flights on 31JAN
2026-01-17 09:29:58 | INFO     | [lf.flight.extracted] SM443 on 31JAN: BKG=100, LF=55.9%
2026-01-17 09:30:04 | INFO     | [SUCCESS] Day 31JAN
2026-01-17 09:30:04 | INFO     | [DAY_START] Processing 30JAN
2026-01-17 09:30:04 | INFO     | [lf.day.start] Processing CAI-AHB for 30JAN
2026-01-17 09:30:05 | WARNING  | [lf.day.no_flights] No direct flights on 30JAN
2026-01-17 09:30:05 | INFO     | [SUCCESS] Day 30JAN
2026-01-17 09:30:05 | INFO     | [DAY_START] Processing 29JAN
2026-01-17 09:30:05 | INFO     | [lf.day.start] Processing CAI-AHB for 29JAN
2026-01-17 09:30:06 | INFO     | [lf.day.flights_found] Found 1 flights on 29JAN
2026-01-17 09:30:09 | INFO     | [lf.flight.extracted] SM443 on 29JAN: BKG=99, LF=55.3%
2026-01-17 09:30:15 | INFO     | [SUCCESS] Day 29JAN
2026-01-17 09:30:15 | INFO     | [DAY_START] Processing 28JAN
2026-01-17 09:30:15 | INFO     | [lf.day.start] Processing CAI-AHB for 28JAN
2026-01-17 09:30:16 | INFO     | [lf.day.flights_found] Found 1 flights on 28JAN
2026-01-17 09:30:18 | INFO     | [lf.flight.extracted] SM447 on 28JAN: BKG=115, LF=64.2%
2026-01-17 09:30:24 | INFO     | [SUCCESS] Day 28JAN
2026-01-17 09:30:24 | INFO     | [DAY_START] Processing 27JAN
2026-01-17 09:30:24 | INFO     | [lf.day.start] Processing CAI-AHB for 27JAN
2026-01-17 09:30:25 | WARNING  | [lf.day.no_flights] No direct flights on 27JAN
2026-01-17 09:30:25 | INFO     | [SUCCESS] Day 27JAN
2026-01-17 09:30:25 | INFO     | [DAY_START] Processing 26JAN
2026-01-17 09:30:25 | INFO     | [lf.day.start] Processing CAI-AHB for 26JAN
2026-01-17 09:30:26 | WARNING  | [lf.day.no_flights] No direct flights on 26JAN
2026-01-17 09:30:26 | INFO     | [SUCCESS] Day 26JAN
2026-01-17 09:30:26 | INFO     | [DAY_START] Processing 25JAN
2026-01-17 09:30:26 | INFO     | [lf.day.start] Processing CAI-AHB for 25JAN
2026-01-17 09:30:27 | WARNING  | [lf.day.no_flights] No direct flights on 25JAN
2026-01-17 09:30:27 | INFO     | [SUCCESS] Day 25JAN
2026-01-17 09:30:27 | INFO     | [SUCCESS] LF Search Complete
2026-01-17 09:30:27 | INFO     | [Worker_9224] Completed: CAI-AHB - 8 results, 0 errors
2026-01-17 09:30:27 | INFO     | [Worker_9224] Processing: MED-CAI
2026-01-17 09:30:27 | INFO     |   Tier 0: Range 1, Chunk 3/3 (8 days)
