2026-01-17 08:49:45 | INFO     | ======================================================================
2026-01-17 08:49:45 | INFO     | Load Factor Scraper Started - Route: CAI-RUH
2026-01-17 08:49:45 | INFO     | Log file: D:\CODERED\LAB\Artifacts\outputs\run_generated_170126_at_08.47_RETRY\logs\LF_CAI-RUH_20260117_084945.log
2026-01-17 08:49:45 | INFO     | Enhanced logging: Capturing both logging.info() and print()
2026-01-17 08:49:45 | INFO     | ======================================================================
2026-01-17 08:49:45 | INFO     | Starting LF search for route: CAI-RUH
2026-01-17 08:49:45 | INFO     | [START] LF Search
2026-01-17 08:49:46 | INFO     | [HEALTH CHECK] [OK] Chrome connection is healthy
2026-01-17 08:49:46 | INFO     | [DAY_START] Processing 27APR
2026-01-17 08:49:46 | INFO     | [lf.day.start] Processing CAI-RUH for 27APR
2026-01-17 08:49:49 | INFO     | [lf.day.flights_found] Found 1 flights on 27APR
2026-01-17 08:49:52 | INFO     | [lf.flight.extracted] SM461 on 27APR: BKG=0, LF=0.0%
2026-01-17 08:49:53 | INFO     | [SUCCESS] Day 27APR
2026-01-17 08:49:53 | INFO     | [DAY_START] Processing 26APR
2026-01-17 08:49:53 | INFO     | [lf.day.start] Processing CAI-RUH for 26APR
2026-01-17 08:49:54 | INFO     | [lf.day.flights_found] Found 1 flights on 26APR
2026-01-17 08:49:56 | INFO     | [lf.flight.extracted] SM461 on 26APR: BKG=0, LF=0.0%
2026-01-17 08:49:57 | INFO     | [SUCCESS] Day 26APR
2026-01-17 08:49:57 | INFO     | [DAY_START] Processing 25APR
2026-01-17 08:49:57 | INFO     | [lf.day.start] Processing CAI-RUH for 25APR
2026-01-17 08:49:58 | INFO     | [lf.day.flights_found] Found 1 flights on 25APR
2026-01-17 08:50:00 | INFO     | [lf.flight.extracted] SM461 on 25APR: BKG=0, LF=0.0%
2026-01-17 08:50:01 | INFO     | [SUCCESS] Day 25APR
2026-01-17 08:50:01 | INFO     | [DAY_START] Processing 24APR
2026-01-17 08:50:01 | INFO     | [lf.day.start] Processing CAI-RUH for 24APR
2026-01-17 08:50:02 | INFO     | [lf.day.flights_found] Found 1 flights on 24APR
2026-01-17 08:50:04 | INFO     | [lf.flight.extracted] SM461 on 24APR: BKG=0, LF=0.0%
2026-01-17 08:50:05 | INFO     | [SUCCESS] Day 24APR
2026-01-17 08:50:05 | INFO     | [DAY_START] Processing 23APR
2026-01-17 08:50:05 | INFO     | [lf.day.start] Processing CAI-RUH for 23APR
2026-01-17 08:50:06 | INFO     | [lf.day.flights_found] Found 1 flights on 23APR
2026-01-17 08:50:08 | INFO     | [lf.flight.extracted] SM461 on 23APR: BKG=0, LF=0.0%
2026-01-17 08:50:10 | INFO     | [SUCCESS] Day 23APR
2026-01-17 08:50:10 | INFO     | [DAY_START] Processing 22APR
2026-01-17 08:50:10 | INFO     | [lf.day.start] Processing CAI-RUH for 22APR
2026-01-17 08:50:11 | INFO     | [lf.day.flights_found] Found 1 flights on 22APR
2026-01-17 08:50:12 | INFO     | [lf.flight.extracted] SM461 on 22APR: BKG=0, LF=0.0%
2026-01-17 08:50:14 | INFO     | [SUCCESS] Day 22APR
2026-01-17 08:50:14 | INFO     | [DAY_START] Processing 21APR
2026-01-17 08:50:14 | INFO     | [lf.day.start] Processing CAI-RUH for 21APR
2026-01-17 08:50:15 | INFO     | [lf.day.flights_found] Found 1 flights on 21APR
2026-01-17 08:50:16 | INFO     | [lf.flight.extracted] SM461 on 21APR: BKG=0, LF=0.0%
2026-01-17 08:50:17 | INFO     | [SUCCESS] Day 21APR
2026-01-17 08:50:17 | INFO     | [DAY_START] Processing 20APR
2026-01-17 08:50:17 | INFO     | [lf.day.start] Processing CAI-RUH for 20APR
2026-01-17 08:50:18 | INFO     | [lf.day.flights_found] Found 1 flights on 20APR
2026-01-17 08:50:20 | INFO     | [lf.flight.extracted] SM461 on 20APR: BKG=0, LF=0.0%
2026-01-17 08:50:21 | INFO     | [SUCCESS] Day 20APR
2026-01-17 08:50:21 | INFO     | [DAY_START] Processing 19APR
2026-01-17 08:50:21 | INFO     | [lf.day.start] Processing CAI-RUH for 19APR
2026-01-17 08:50:22 | INFO     | [lf.day.flights_found] Found 1 flights on 19APR
2026-01-17 08:50:24 | INFO     | [lf.flight.extracted] SM461 on 19APR: BKG=0, LF=0.0%
2026-01-17 08:50:25 | INFO     | [SUCCESS] Day 19APR
2026-01-17 08:50:25 | INFO     | [SUCCESS] LF Search Complete
2026-01-17 08:50:25 | INFO     | [Worker_9223] Completed: CAI-RUH - 9 results, 0 errors
2026-01-17 08:50:25 | INFO     | [Worker_9223] Processing: CAI-ELQ
2026-01-17 08:50:25 | INFO     |   Tier 0: Range 4, Chunk 1/3 (9 days)
