2026-01-17 09:15:02 | INFO     | ======================================================================
2026-01-17 09:15:02 | INFO     | Load Factor Scraper Started - Route: CAI-AJF
2026-01-17 09:15:02 | INFO     | Log file: D:\CODERED\LAB\Artifacts\outputs\run_generated_170126_at_08.47_RETRY\logs\LF_CAI-AJF_20260117_091502.log
2026-01-17 09:15:02 | INFO     | Enhanced logging: Capturing both logging.info() and print()
2026-01-17 09:15:02 | INFO     | ======================================================================
2026-01-17 09:15:02 | INFO     | Starting LF search for route: CAI-AJF
2026-01-17 09:15:02 | INFO     | [START] LF Search
2026-01-17 09:15:03 | INFO     | [HEALTH CHECK] [OK] Chrome connection is healthy
2026-01-17 09:15:03 | INFO     | [DAY_START] Processing 26FEB
2026-01-17 09:15:03 | INFO     | [lf.day.start] Processing CAI-AJF for 26FEB
2026-01-17 09:15:04 | INFO     | [lf.day.flights_found] Found 1 flights on 26FEB
2026-01-17 09:15:06 | INFO     | [lf.flight.extracted] SM321 on 26FEB: BKG=1, LF=0.6%
2026-01-17 09:15:08 | INFO     | [SUCCESS] Day 26FEB
2026-01-17 09:15:08 | INFO     | [DAY_START] Processing 25FEB
2026-01-17 09:15:08 | INFO     | [lf.day.start] Processing CAI-AJF for 25FEB
2026-01-17 09:15:09 | WARNING  | [lf.day.no_flights] No direct flights on 25FEB
2026-01-17 09:15:09 | INFO     | [SUCCESS] Day 25FEB
2026-01-17 09:15:09 | INFO     | [DAY_START] Processing 24FEB
2026-01-17 09:15:09 | INFO     | [lf.day.start] Processing CAI-AJF for 24FEB
2026-01-17 09:15:10 | INFO     | [lf.day.flights_found] Found 1 flights on 24FEB
2026-01-17 09:15:12 | INFO     | [lf.flight.extracted] SM321 on 24FEB: BKG=5, LF=2.8%
2026-01-17 09:15:15 | INFO     | [SUCCESS] Day 24FEB
2026-01-17 09:15:15 | INFO     | [DAY_START] Processing 23FEB
2026-01-17 09:15:15 | INFO     | [lf.day.start] Processing CAI-AJF for 23FEB
2026-01-17 09:15:16 | WARNING  | [lf.day.no_flights] No direct flights on 23FEB
2026-01-17 09:15:16 | INFO     | [SUCCESS] Day 23FEB
2026-01-17 09:15:16 | INFO     | [DAY_START] Processing 22FEB
2026-01-17 09:15:16 | INFO     | [lf.day.start] Processing CAI-AJF for 22FEB
2026-01-17 09:15:17 | WARNING  | [lf.day.no_flights] No direct flights on 22FEB
2026-01-17 09:15:18 | INFO     | [SUCCESS] Day 22FEB
2026-01-17 09:15:18 | INFO     | [DAY_START] Processing 21FEB
2026-01-17 09:15:18 | INFO     | [lf.day.start] Processing CAI-AJF for 21FEB
2026-01-17 09:15:19 | INFO     | [lf.day.flights_found] Found 1 flights on 21FEB
2026-01-17 09:15:21 | INFO     | [lf.flight.extracted] SM321 on 21FEB: BKG=11, LF=6.2%
2026-01-17 09:15:23 | INFO     | [SUCCESS] Day 21FEB
2026-01-17 09:15:23 | INFO     | [DAY_START] Processing 20FEB
2026-01-17 09:15:23 | INFO     | [lf.day.start] Processing CAI-AJF for 20FEB
2026-01-17 09:15:24 | WARNING  | [lf.day.no_flights] No direct flights on 20FEB
2026-01-17 09:15:25 | INFO     | [SUCCESS] Day 20FEB
2026-01-17 09:15:25 | INFO     | [DAY_START] Processing 19FEB
2026-01-17 09:15:25 | INFO     | [lf.day.start] Processing CAI-AJF for 19FEB
2026-01-17 09:15:26 | INFO     | [lf.day.flights_found] Found 1 flights on 19FEB
2026-01-17 09:15:28 | INFO     | [lf.flight.extracted] SM321 on 19FEB: BKG=0, LF=0.0%
2026-01-17 09:15:29 | INFO     | [SUCCESS] Day 19FEB
2026-01-17 09:15:29 | INFO     | [SUCCESS] LF Search Complete
2026-01-17 09:15:29 | INFO     | [Worker_9222] Completed: CAI-AJF - 8 results, 0 errors
2026-01-17 09:15:29 | INFO     | [Worker_9222] Processing: ATZ-ELQ
2026-01-17 09:15:29 | INFO     |   Tier 0: Range 2, Chunk 2/3 (8 days)
