2026-01-17 09:06:12 | INFO     | ======================================================================
2026-01-17 09:06:12 | INFO     | Load Factor Scraper Started - Route: CAI-JED
2026-01-17 09:06:12 | INFO     | Log file: D:\CODERED\LAB\Artifacts\outputs\run_generated_170126_at_08.47_RETRY\logs\LF_CAI-JED_20260117_090612.log
2026-01-17 09:06:12 | INFO     | Enhanced logging: Capturing both logging.info() and print()
2026-01-17 09:06:12 | INFO     | ======================================================================
2026-01-17 09:06:12 | INFO     | Starting LF search for route: CAI-JED
2026-01-17 09:06:12 | INFO     | [START] LF Search
2026-01-17 09:06:13 | INFO     | [HEALTH CHECK] [OK] Chrome connection is healthy
2026-01-17 09:06:13 | INFO     | [DAY_START] Processing 15MAR
2026-01-17 09:06:13 | INFO     | [lf.day.start] Processing CAI-JED for 15MAR
2026-01-17 09:06:14 | INFO     | [lf.day.flights_found] Found 5 flights on 15MAR
2026-01-17 09:06:16 | INFO     | [lf.flight.extracted] SM475 on 15MAR: BKG=0, LF=0.0%
2026-01-17 09:06:19 | INFO     | [lf.flight.extracted] SM431 on 15MAR: BKG=0, LF=0.0%
2026-01-17 09:06:23 | INFO     | [lf.flight.extracted] SM459 on 15MAR: BKG=0, LF=0.0%
2026-01-17 09:06:26 | INFO     | [lf.flight.extracted] SM477 on 15MAR: BKG=0, LF=0.0%
2026-01-17 09:06:30 | INFO     | [lf.flight.extracted] SM479 on 15MAR: BKG=0, LF=0.0%
2026-01-17 09:06:31 | INFO     | [SUCCESS] Day 15MAR
2026-01-17 09:06:31 | INFO     | [DAY_START] Processing 14MAR
2026-01-17 09:06:31 | INFO     | [lf.day.start] Processing CAI-JED for 14MAR
2026-01-17 09:06:32 | INFO     | [lf.day.flights_found] Found 4 flights on 14MAR
2026-01-17 09:06:34 | INFO     | [lf.flight.extracted] SM449 on 14MAR: BKG=0, LF=0.0%
2026-01-17 09:06:37 | INFO     | [lf.flight.extracted] SM475 on 14MAR: BKG=0, LF=0.0%
2026-01-17 09:06:40 | INFO     | [lf.flight.extracted] SM477 on 14MAR: BKG=0, LF=0.0%
2026-01-17 09:06:43 | INFO     | [lf.flight.extracted] SM423 on 14MAR: BKG=0, LF=0.0%
2026-01-17 09:06:45 | INFO     | [SUCCESS] Day 14MAR
2026-01-17 09:06:45 | INFO     | [DAY_START] Processing 13MAR
2026-01-17 09:06:45 | INFO     | [lf.day.start] Processing CAI-JED for 13MAR
2026-01-17 09:06:46 | INFO     | [lf.day.flights_found] Found 5 flights on 13MAR
2026-01-17 09:06:48 | INFO     | [lf.flight.extracted] SM475 on 13MAR: BKG=4, LF=2.2%
2026-01-17 09:06:51 | INFO     | [lf.flight.extracted] SM477 on 13MAR: BKG=0, LF=0.0%
2026-01-17 09:06:55 | INFO     | [lf.flight.extracted] SM479 on 13MAR: BKG=6, LF=3.4%
2026-01-17 09:06:58 | INFO     | [lf.flight.extracted] SM471 on 13MAR: BKG=2, LF=1.1%
2026-01-17 09:07:02 | INFO     | [lf.flight.extracted] SM459 on 13MAR: BKG=0, LF=0.0%
2026-01-17 09:07:07 | INFO     | [SUCCESS] Day 13MAR
2026-01-17 09:07:07 | INFO     | [DAY_START] Processing 12MAR
2026-01-17 09:07:07 | INFO     | [lf.day.start] Processing CAI-JED for 12MAR
2026-01-17 09:07:08 | INFO     | [lf.day.flights_found] Found 6 flights on 12MAR
2026-01-17 09:07:10 | INFO     | [lf.flight.extracted] SM449 on 12MAR: BKG=1, LF=0.6%
2026-01-17 09:07:13 | INFO     | [lf.flight.extracted] SM475 on 12MAR: BKG=0, LF=0.0%
2026-01-17 09:07:17 | INFO     | [lf.flight.extracted] SM431 on 12MAR: BKG=0, LF=0.0%
2026-01-17 09:07:21 | INFO     | [lf.flight.extracted] SM477 on 12MAR: BKG=1, LF=0.6%
2026-01-17 09:07:24 | INFO     | [lf.flight.extracted] SM479 on 12MAR: BKG=1, LF=0.6%
2026-01-17 09:07:27 | INFO     | [lf.flight.extracted] SM423 on 12MAR: BKG=50, LF=27.9%
2026-01-17 09:07:33 | INFO     | [SUCCESS] Day 12MAR
2026-01-17 09:07:33 | INFO     | [DAY_START] Processing 11MAR
2026-01-17 09:07:33 | INFO     | [lf.day.start] Processing CAI-JED for 11MAR
2026-01-17 09:07:34 | INFO     | [lf.day.flights_found] Found 5 flights on 11MAR
2026-01-17 09:07:36 | INFO     | [lf.flight.extracted] SM423 on 11MAR: BKG=2, LF=1.1%
2026-01-17 09:07:40 | INFO     | [lf.flight.extracted] SM475 on 11MAR: BKG=0, LF=0.0%
2026-01-17 09:07:43 | INFO     | [lf.flight.extracted] SM459 on 11MAR: BKG=0, LF=0.0%
2026-01-17 09:07:46 | INFO     | [lf.flight.extracted] SM477 on 11MAR: BKG=2, LF=1.1%
2026-01-17 09:07:49 | INFO     | [lf.flight.extracted] SM471 on 11MAR: BKG=0, LF=0.0%
2026-01-17 09:07:53 | INFO     | [SUCCESS] Day 11MAR
2026-01-17 09:07:53 | INFO     | [DAY_START] Processing 10MAR
2026-01-17 09:07:53 | INFO     | [lf.day.start] Processing CAI-JED for 10MAR
2026-01-17 09:07:54 | INFO     | [lf.day.flights_found] Found 6 flights on 10MAR
2026-01-17 09:07:56 | INFO     | [lf.flight.extracted] SM471 on 10MAR: BKG=1, LF=0.6%
2026-01-17 09:07:59 | INFO     | [lf.flight.extracted] SM479 on 10MAR: BKG=0, LF=0.0%
2026-01-17 09:08:03 | INFO     | [lf.flight.extracted] SM477 on 10MAR: BKG=0, LF=0.0%
2026-01-17 09:08:06 | INFO     | [lf.flight.extracted] SM459 on 10MAR: BKG=0, LF=0.0%
2026-01-17 09:08:10 | INFO     | [lf.flight.extracted] SM423 on 10MAR: BKG=1, LF=0.6%
2026-01-17 09:08:14 | INFO     | [lf.flight.extracted] SM475 on 10MAR: BKG=130, LF=72.6%
2026-01-17 09:08:20 | INFO     | [SUCCESS] Day 10MAR
2026-01-17 09:08:20 | INFO     | [DAY_START] Processing 09MAR
2026-01-17 09:08:20 | INFO     | [lf.day.start] Processing CAI-JED for 09MAR
2026-01-17 09:08:21 | INFO     | [lf.day.flights_found] Found 3 flights on 09MAR
2026-01-17 09:08:23 | INFO     | [lf.flight.extracted] SM475 on 09MAR: BKG=5, LF=2.8%
2026-01-17 09:08:26 | INFO     | [lf.flight.extracted] SM477 on 09MAR: BKG=44, LF=24.6%
2026-01-17 09:08:29 | INFO     | [lf.flight.extracted] SM459 on 09MAR: BKG=3, LF=1.7%
2026-01-17 09:08:34 | INFO     | [SUCCESS] Day 09MAR
2026-01-17 09:08:34 | INFO     | [DAY_START] Processing 08MAR
2026-01-17 09:08:34 | INFO     | [lf.day.start] Processing CAI-JED for 08MAR
2026-01-17 09:08:35 | INFO     | [lf.day.flights_found] Found 5 flights on 08MAR
2026-01-17 09:08:37 | INFO     | [lf.flight.extracted] SM475 on 08MAR: BKG=1, LF=0.6%
2026-01-17 09:08:40 | INFO     | [lf.flight.extracted] SM431 on 08MAR: BKG=4, LF=2.2%
2026-01-17 09:08:44 | INFO     | [lf.flight.extracted] SM459 on 08MAR: BKG=11, LF=6.2%
2026-01-17 09:08:47 | INFO     | [lf.flight.extracted] SM477 on 08MAR: BKG=4, LF=2.2%
2026-01-17 09:08:50 | INFO     | [lf.flight.extracted] SM479 on 08MAR: BKG=4, LF=2.2%
2026-01-17 09:08:58 | INFO     | [SUCCESS] Day 08MAR
2026-01-17 09:08:58 | INFO     | [SUCCESS] LF Search Complete
2026-01-17 09:08:58 | INFO     | [Worker_9233] Completed: CAI-JED - 8 results, 0 errors
2026-01-17 09:08:58 | INFO     | [Worker_9233] Processing: TUU-ATZ
2026-01-17 09:08:58 | INFO     |   Tier 0: Range 2, Chunk 1/3 (9 days)
