2026-01-17 09:02:02 | INFO     | ======================================================================
2026-01-17 09:02:02 | INFO     | Load Factor Scraper Started - Route: CAI-MED
2026-01-17 09:02:02 | INFO     | Log file: D:\CODERED\LAB\Artifacts\outputs\run_generated_170126_at_08.47_RETRY\logs\LF_CAI-MED_20260117_090202.log
2026-01-17 09:02:02 | INFO     | Enhanced logging: Capturing both logging.info() and print()
2026-01-17 09:02:02 | INFO     | ======================================================================
2026-01-17 09:02:02 | INFO     | Starting LF search for route: CAI-MED
2026-01-17 09:02:02 | INFO     | [START] LF Search
2026-01-17 09:02:03 | INFO     | [HEALTH CHECK] [OK] Chrome connection is healthy
2026-01-17 09:02:03 | INFO     | [DAY_START] Processing 23MAR
2026-01-17 09:02:03 | INFO     | [lf.day.start] Processing CAI-MED for 23MAR
2026-01-17 09:02:04 | INFO     | [lf.day.flights_found] Found 1 flights on 23MAR
2026-01-17 09:02:06 | INFO     | [lf.flight.extracted] SM495 on 23MAR: BKG=3, LF=1.7%
2026-01-17 09:02:08 | INFO     | [SUCCESS] Day 23MAR
2026-01-17 09:02:08 | INFO     | [DAY_START] Processing 22MAR
2026-01-17 09:02:08 | INFO     | [lf.day.start] Processing CAI-MED for 22MAR
2026-01-17 09:02:09 | INFO     | [lf.day.flights_found] Found 2 flights on 22MAR
2026-01-17 09:02:11 | INFO     | [lf.flight.extracted] SM971 on 22MAR: BKG=0, LF=0.0%
2026-01-17 09:02:15 | INFO     | [lf.flight.extracted] SM493 on 22MAR: BKG=0, LF=0.0%
2026-01-17 09:02:16 | INFO     | [SUCCESS] Day 22MAR
2026-01-17 09:02:16 | INFO     | [DAY_START] Processing 21MAR
2026-01-17 09:02:16 | INFO     | [lf.day.start] Processing CAI-MED for 21MAR
2026-01-17 09:02:17 | INFO     | [lf.day.flights_found] Found 1 flights on 21MAR
2026-01-17 09:02:19 | INFO     | [lf.flight.extracted] SM493 on 21MAR: BKG=0, LF=0.0%
2026-01-17 09:02:20 | INFO     | [SUCCESS] Day 21MAR
2026-01-17 09:02:20 | INFO     | [DAY_START] Processing 20MAR
2026-01-17 09:02:20 | INFO     | [lf.day.start] Processing CAI-MED for 20MAR
2026-01-17 09:02:21 | WARNING  | [lf.day.no_flights] No direct flights on 20MAR
2026-01-17 09:02:21 | INFO     | [SUCCESS] Day 20MAR
2026-01-17 09:02:21 | INFO     | [DAY_START] Processing 19MAR
2026-01-17 09:02:21 | INFO     | [lf.day.start] Processing CAI-MED for 19MAR
2026-01-17 09:02:23 | INFO     | [lf.day.flights_found] Found 2 flights on 19MAR
2026-01-17 09:02:25 | INFO     | [lf.flight.extracted] SM493 on 19MAR: BKG=0, LF=0.0%
2026-01-17 09:02:28 | INFO     | [lf.flight.extracted] SM951 on 19MAR: BKG=0, LF=0.0%
2026-01-17 09:02:29 | INFO     | [SUCCESS] Day 19MAR
2026-01-17 09:02:29 | INFO     | [DAY_START] Processing 18MAR
2026-01-17 09:02:29 | INFO     | [lf.day.start] Processing CAI-MED for 18MAR
2026-01-17 09:02:30 | WARNING  | [lf.day.no_flights] No direct flights on 18MAR
2026-01-17 09:02:30 | INFO     | [SUCCESS] Day 18MAR
2026-01-17 09:02:30 | INFO     | [DAY_START] Processing 17MAR
2026-01-17 09:02:30 | INFO     | [lf.day.start] Processing CAI-MED for 17MAR
2026-01-17 09:02:31 | INFO     | [lf.day.flights_found] Found 1 flights on 17MAR
2026-01-17 09:02:33 | INFO     | [lf.flight.extracted] SM493 on 17MAR: BKG=1, LF=0.6%
2026-01-17 09:02:35 | INFO     | [SUCCESS] Day 17MAR
2026-01-17 09:02:35 | INFO     | [DAY_START] Processing 16MAR
2026-01-17 09:02:35 | INFO     | [lf.day.start] Processing CAI-MED for 16MAR
2026-01-17 09:02:36 | INFO     | [lf.day.flights_found] Found 1 flights on 16MAR
2026-01-17 09:02:38 | INFO     | [lf.flight.extracted] SM495 on 16MAR: BKG=0, LF=0.0%
2026-01-17 09:02:39 | INFO     | [SUCCESS] Day 16MAR
2026-01-17 09:02:39 | INFO     | [SUCCESS] LF Search Complete
2026-01-17 09:02:39 | INFO     | [Worker_9226] Completed: CAI-MED - 8 results, 0 errors
2026-01-17 09:02:39 | INFO     | [Worker_9226] Processing: ATZ-RUH
2026-01-17 09:02:39 | INFO     |   Tier 0: Range 3, Chunk 2/3 (8 days)
