2026-01-17 09:15:41 | INFO     | ======================================================================
2026-01-17 09:15:41 | INFO     | Load Factor Scraper Started - Route: CAI-GIZ
2026-01-17 09:15:41 | INFO     | Log file: D:\CODERED\LAB\Artifacts\outputs\run_generated_170126_at_08.47_RETRY\logs\LF_CAI-GIZ_20260117_091541.log
2026-01-17 09:15:41 | INFO     | Enhanced logging: Capturing both logging.info() and print()
2026-01-17 09:15:41 | INFO     | ======================================================================
2026-01-17 09:15:41 | INFO     | Starting LF search for route: CAI-GIZ
2026-01-17 09:15:41 | INFO     | [START] LF Search
2026-01-17 09:15:42 | INFO     | [HEALTH CHECK] [OK] Chrome connection is healthy
2026-01-17 09:15:42 | INFO     | [DAY_START] Processing 26FEB
2026-01-17 09:15:42 | INFO     | [lf.day.start] Processing CAI-GIZ for 26FEB
2026-01-17 09:15:43 | INFO     | [lf.day.flights_found] Found 1 flights on 26FEB
2026-01-17 09:15:45 | INFO     | [lf.flight.extracted] SM329 on 26FEB: BKG=6, LF=3.4%
2026-01-17 09:15:48 | INFO     | [SUCCESS] Day 26FEB
2026-01-17 09:15:48 | INFO     | [DAY_START] Processing 25FEB
2026-01-17 09:15:48 | INFO     | [lf.day.start] Processing CAI-GIZ for 25FEB
2026-01-17 09:15:49 | WARNING  | [lf.day.no_flights] No direct flights on 25FEB
2026-01-17 09:15:49 | INFO     | [SUCCESS] Day 25FEB
2026-01-17 09:15:49 | INFO     | [DAY_START] Processing 24FEB
2026-01-17 09:15:49 | INFO     | [lf.day.start] Processing CAI-GIZ for 24FEB
2026-01-17 09:15:50 | WARNING  | [lf.day.no_flights] No direct flights on 24FEB
2026-01-17 09:15:50 | INFO     | [SUCCESS] Day 24FEB
2026-01-17 09:15:50 | INFO     | [DAY_START] Processing 23FEB
2026-01-17 09:15:50 | INFO     | [lf.day.start] Processing CAI-GIZ for 23FEB
2026-01-17 09:15:51 | WARNING  | [lf.day.no_flights] No direct flights on 23FEB
2026-01-17 09:15:52 | INFO     | [SUCCESS] Day 23FEB
2026-01-17 09:15:52 | INFO     | [DAY_START] Processing 22FEB
2026-01-17 09:15:52 | INFO     | [lf.day.start] Processing CAI-GIZ for 22FEB
2026-01-17 09:15:53 | WARNING  | [lf.day.no_flights] No direct flights on 22FEB
2026-01-17 09:15:53 | INFO     | [SUCCESS] Day 22FEB
2026-01-17 09:15:53 | INFO     | [DAY_START] Processing 21FEB
2026-01-17 09:15:53 | INFO     | [lf.day.start] Processing CAI-GIZ for 21FEB
2026-01-17 09:15:54 | INFO     | [lf.day.flights_found] Found 1 flights on 21FEB
2026-01-17 09:15:56 | INFO     | [lf.flight.extracted] SM329 on 21FEB: BKG=2, LF=1.1%
2026-01-17 09:15:58 | INFO     | [SUCCESS] Day 21FEB
2026-01-17 09:15:58 | INFO     | [DAY_START] Processing 20FEB
2026-01-17 09:15:58 | INFO     | [lf.day.start] Processing CAI-GIZ for 20FEB
2026-01-17 09:15:59 | WARNING  | [lf.day.no_flights] No direct flights on 20FEB
2026-01-17 09:16:00 | INFO     | [SUCCESS] Day 20FEB
2026-01-17 09:16:00 | INFO     | [DAY_START] Processing 19FEB
2026-01-17 09:16:00 | INFO     | [lf.day.start] Processing CAI-GIZ for 19FEB
2026-01-17 09:16:01 | INFO     | [lf.day.flights_found] Found 1 flights on 19FEB
2026-01-17 09:16:03 | INFO     | [lf.flight.extracted] SM329 on 19FEB: BKG=1, LF=0.6%
2026-01-17 09:16:05 | INFO     | [SUCCESS] Day 19FEB
2026-01-17 09:16:05 | INFO     | [SUCCESS] LF Search Complete
2026-01-17 09:16:05 | INFO     | [Worker_9226] Completed: CAI-GIZ - 8 results, 0 errors
2026-01-17 09:16:05 | INFO     | [Worker_9226] Processing: JED-ATZ
2026-01-17 09:16:05 | INFO     |   Tier 0: Range 2, Chunk 3/3 (8 days)
