2026-01-17 08:50:25 | INFO     | ======================================================================
2026-01-17 08:50:25 | INFO     | Load Factor Scraper Started - Route: CAI-ELQ
2026-01-17 08:50:25 | INFO     | Log file: D:\CODERED\LAB\Artifacts\outputs\run_generated_170126_at_08.47_RETRY\logs\LF_CAI-ELQ_20260117_085025.log
2026-01-17 08:50:25 | INFO     | Enhanced logging: Capturing both logging.info() and print()
2026-01-17 08:50:25 | INFO     | ======================================================================
2026-01-17 08:50:25 | INFO     | Starting LF search for route: CAI-ELQ
2026-01-17 08:50:25 | INFO     | [START] LF Search
2026-01-17 08:50:26 | INFO     | [HEALTH CHECK] [OK] Chrome connection is healthy
2026-01-17 08:50:26 | INFO     | [DAY_START] Processing 27APR
2026-01-17 08:50:26 | INFO     | [lf.day.start] Processing CAI-ELQ for 27APR
2026-01-17 08:50:27 | WARNING  | [lf.day.no_flights] No direct flights on 27APR
2026-01-17 08:50:27 | INFO     | [SUCCESS] Day 27APR
2026-01-17 08:50:27 | INFO     | [DAY_START] Processing 26APR
2026-01-17 08:50:27 | INFO     | [lf.day.start] Processing CAI-ELQ for 26APR
2026-01-17 08:50:36 | WARNING  | [lf.day.no_flights] No direct flights on 26APR
2026-01-17 08:50:36 | INFO     | [SUCCESS] Day 26APR
2026-01-17 08:50:36 | INFO     | [DAY_START] Processing 25APR
2026-01-17 08:50:36 | INFO     | [lf.day.start] Processing CAI-ELQ for 25APR
2026-01-17 08:50:37 | WARNING  | [lf.day.no_flights] No direct flights on 25APR
2026-01-17 08:50:38 | INFO     | [SUCCESS] Day 25APR
2026-01-17 08:50:38 | INFO     | [DAY_START] Processing 24APR
2026-01-17 08:50:38 | INFO     | [lf.day.start] Processing CAI-ELQ for 24APR
2026-01-17 08:50:39 | INFO     | [lf.day.flights_found] Found 1 flights on 24APR
2026-01-17 08:50:41 | INFO     | [lf.flight.extracted] SM427 on 24APR: BKG=2, LF=1.1%
2026-01-17 08:50:43 | INFO     | [SUCCESS] Day 24APR
2026-01-17 08:50:43 | INFO     | [DAY_START] Processing 23APR
2026-01-17 08:50:43 | INFO     | [lf.day.start] Processing CAI-ELQ for 23APR
2026-01-17 08:50:44 | WARNING  | [lf.day.no_flights] No direct flights on 23APR
2026-01-17 08:50:45 | INFO     | [SUCCESS] Day 23APR
2026-01-17 08:50:45 | INFO     | [DAY_START] Processing 22APR
2026-01-17 08:50:45 | INFO     | [lf.day.start] Processing CAI-ELQ for 22APR
2026-01-17 08:50:46 | INFO     | [lf.day.flights_found] Found 1 flights on 22APR
2026-01-17 08:50:48 | INFO     | [lf.flight.extracted] SM427 on 22APR: BKG=3, LF=1.7%
2026-01-17 08:50:50 | INFO     | [SUCCESS] Day 22APR
2026-01-17 08:50:50 | INFO     | [DAY_START] Processing 21APR
2026-01-17 08:50:50 | INFO     | [lf.day.start] Processing CAI-ELQ for 21APR
2026-01-17 08:50:51 | INFO     | [lf.day.flights_found] Found 1 flights on 21APR
2026-01-17 08:50:53 | INFO     | [lf.flight.extracted] SM427 on 21APR: BKG=3, LF=1.7%
2026-01-17 08:50:56 | INFO     | [SUCCESS] Day 21APR
2026-01-17 08:50:56 | INFO     | [DAY_START] Processing 20APR
2026-01-17 08:50:56 | INFO     | [lf.day.start] Processing CAI-ELQ for 20APR
2026-01-17 08:50:59 | WARNING  | [lf.day.no_flights] No direct flights on 20APR
2026-01-17 08:50:59 | INFO     | [SUCCESS] Day 20APR
2026-01-17 08:50:59 | INFO     | [DAY_START] Processing 19APR
2026-01-17 08:50:59 | INFO     | [lf.day.start] Processing CAI-ELQ for 19APR
2026-01-17 08:51:01 | WARNING  | [lf.day.no_flights] No direct flights on 19APR
2026-01-17 08:51:01 | INFO     | [SUCCESS] Day 19APR
2026-01-17 08:51:01 | INFO     | [SUCCESS] LF Search Complete
2026-01-17 08:51:01 | INFO     | [Worker_9223] Completed: CAI-ELQ - 9 results, 0 errors
2026-01-17 08:51:01 | INFO     | [Worker_9223] Processing: JED-ATZ
2026-01-17 08:51:01 | INFO     |   Tier 0: Range 4, Chunk 2/3 (9 days)
