2026-01-17 09:06:41 | INFO     | ======================================================================
2026-01-17 09:06:41 | INFO     | Load Factor Scraper Started - Route: CAI-DMM
2026-01-17 09:06:41 | INFO     | Log file: D:\CODERED\LAB\Artifacts\outputs\run_generated_170126_at_08.47_RETRY\logs\LF_CAI-DMM_20260117_090641.log
2026-01-17 09:06:41 | INFO     | Enhanced logging: Capturing both logging.info() and print()
2026-01-17 09:06:41 | INFO     | ======================================================================
2026-01-17 09:06:41 | INFO     | Starting LF search for route: CAI-DMM
2026-01-17 09:06:41 | INFO     | [START] LF Search
2026-01-17 09:06:41 | INFO     | [HEALTH CHECK] [OK] Chrome connection is healthy
2026-01-17 09:06:41 | INFO     | [DAY_START] Processing 15MAR
2026-01-17 09:06:41 | INFO     | [lf.day.start] Processing CAI-DMM for 15MAR
2026-01-17 09:06:42 | WARNING  | [lf.day.no_flights] No direct flights on 15MAR
2026-01-17 09:06:43 | INFO     | [SUCCESS] Day 15MAR
2026-01-17 09:06:43 | INFO     | [DAY_START] Processing 14MAR
2026-01-17 09:06:43 | INFO     | [lf.day.start] Processing CAI-DMM for 14MAR
2026-01-17 09:06:44 | INFO     | [lf.day.flights_found] Found 1 flights on 14MAR
2026-01-17 09:06:46 | INFO     | [lf.flight.extracted] SM433 on 14MAR: BKG=6, LF=3.4%
2026-01-17 09:06:49 | INFO     | [SUCCESS] Day 14MAR
2026-01-17 09:06:49 | INFO     | [DAY_START] Processing 13MAR
2026-01-17 09:06:49 | INFO     | [lf.day.start] Processing CAI-DMM for 13MAR
2026-01-17 09:06:50 | INFO     | [lf.day.flights_found] Found 1 flights on 13MAR
2026-01-17 09:06:52 | INFO     | [lf.flight.extracted] SM433 on 13MAR: BKG=3, LF=1.7%
2026-01-17 09:06:55 | INFO     | [SUCCESS] Day 13MAR
2026-01-17 09:06:55 | INFO     | [DAY_START] Processing 12MAR
2026-01-17 09:06:55 | INFO     | [lf.day.start] Processing CAI-DMM for 12MAR
2026-01-17 09:06:56 | INFO     | [lf.day.flights_found] Found 1 flights on 12MAR
2026-01-17 09:06:58 | INFO     | [lf.flight.extracted] SM433 on 12MAR: BKG=6, LF=3.4%
2026-01-17 09:07:01 | INFO     | [SUCCESS] Day 12MAR
2026-01-17 09:07:01 | INFO     | [DAY_START] Processing 11MAR
2026-01-17 09:07:01 | INFO     | [lf.day.start] Processing CAI-DMM for 11MAR
2026-01-17 09:07:02 | WARNING  | [lf.day.no_flights] No direct flights on 11MAR
2026-01-17 09:07:02 | INFO     | [SUCCESS] Day 11MAR
2026-01-17 09:07:02 | INFO     | [DAY_START] Processing 10MAR
2026-01-17 09:07:02 | INFO     | [lf.day.start] Processing CAI-DMM for 10MAR
2026-01-17 09:07:03 | INFO     | [lf.day.flights_found] Found 1 flights on 10MAR
2026-01-17 09:07:05 | INFO     | [lf.flight.extracted] SM433 on 10MAR: BKG=3, LF=2.8%
2026-01-17 09:07:08 | INFO     | [SUCCESS] Day 10MAR
2026-01-17 09:07:08 | INFO     | [DAY_START] Processing 09MAR
2026-01-17 09:07:08 | INFO     | [lf.day.start] Processing CAI-DMM for 09MAR
2026-01-17 09:07:09 | WARNING  | [lf.day.no_flights] No direct flights on 09MAR
2026-01-17 09:07:09 | INFO     | [SUCCESS] Day 09MAR
2026-01-17 09:07:09 | INFO     | [DAY_START] Processing 08MAR
2026-01-17 09:07:09 | INFO     | [lf.day.start] Processing CAI-DMM for 08MAR
2026-01-17 09:07:10 | WARNING  | [lf.day.no_flights] No direct flights on 08MAR
2026-01-17 09:07:10 | INFO     | [SUCCESS] Day 08MAR
2026-01-17 09:07:10 | INFO     | [SUCCESS] LF Search Complete
2026-01-17 09:07:10 | INFO     | [Worker_9222] Completed: CAI-DMM - 8 results, 0 errors
2026-01-17 09:07:10 | INFO     | [Worker_9222] Processing: CAI-AJF
2026-01-17 09:07:10 | INFO     |   Tier 0: Range 3, Chunk 3/3 (8 days)
