2026-01-17 09:04:27 | INFO     | ======================================================================
2026-01-17 09:04:27 | INFO     | Load Factor Scraper Started - Route: DMM-CAI
2026-01-17 09:04:27 | INFO     | Log file: D:\CODERED\LAB\Artifacts\outputs\run_generated_170126_at_08.47_RETRY\logs\LF_DMM-CAI_20260117_090427.log
2026-01-17 09:04:27 | INFO     | Enhanced logging: Capturing both logging.info() and print()
2026-01-17 09:04:27 | INFO     | ======================================================================
2026-01-17 09:04:27 | INFO     | Starting LF search for route: DMM-CAI
2026-01-17 09:04:27 | INFO     | [START] LF Search
2026-01-17 09:04:28 | INFO     | [HEALTH CHECK] [OK] Chrome connection is healthy
2026-01-17 09:04:28 | INFO     | [DAY_START] Processing 15MAR
2026-01-17 09:04:28 | INFO     | [lf.day.start] Processing DMM-CAI for 15MAR
2026-01-17 09:04:29 | WARNING  | [lf.day.no_flights] No direct flights on 15MAR
2026-01-17 09:04:29 | INFO     | [SUCCESS] Day 15MAR
2026-01-17 09:04:29 | INFO     | [DAY_START] Processing 14MAR
2026-01-17 09:04:29 | INFO     | [lf.day.start] Processing DMM-CAI for 14MAR
2026-01-17 09:04:30 | INFO     | [lf.day.flights_found] Found 1 flights on 14MAR
2026-01-17 09:04:32 | INFO     | [lf.flight.extracted] SM434 on 14MAR: BKG=3, LF=1.7%
2026-01-17 09:04:35 | INFO     | [SUCCESS] Day 14MAR
2026-01-17 09:04:35 | INFO     | [DAY_START] Processing 13MAR
2026-01-17 09:04:35 | INFO     | [lf.day.start] Processing DMM-CAI for 13MAR
2026-01-17 09:04:36 | INFO     | [lf.day.flights_found] Found 1 flights on 13MAR
2026-01-17 09:04:37 | INFO     | [lf.flight.extracted] SM434 on 13MAR: BKG=10, LF=5.7%
2026-01-17 09:04:40 | INFO     | [SUCCESS] Day 13MAR
2026-01-17 09:04:40 | INFO     | [DAY_START] Processing 12MAR
2026-01-17 09:04:40 | INFO     | [lf.day.start] Processing DMM-CAI for 12MAR
2026-01-17 09:04:41 | INFO     | [lf.day.flights_found] Found 1 flights on 12MAR
2026-01-17 09:04:43 | INFO     | [lf.flight.extracted] SM434 on 12MAR: BKG=18, LF=10.3%
2026-01-17 09:04:46 | INFO     | [SUCCESS] Day 12MAR
2026-01-17 09:04:46 | INFO     | [DAY_START] Processing 11MAR
2026-01-17 09:04:46 | INFO     | [lf.day.start] Processing DMM-CAI for 11MAR
2026-01-17 09:04:47 | WARNING  | [lf.day.no_flights] No direct flights on 11MAR
2026-01-17 09:04:47 | INFO     | [SUCCESS] Day 11MAR
2026-01-17 09:04:47 | INFO     | [DAY_START] Processing 10MAR
2026-01-17 09:04:47 | INFO     | [lf.day.start] Processing DMM-CAI for 10MAR
2026-01-17 09:04:48 | INFO     | [lf.day.flights_found] Found 1 flights on 10MAR
2026-01-17 09:04:50 | INFO     | [lf.flight.extracted] SM434 on 10MAR: BKG=37, LF=35.2%
2026-01-17 09:04:55 | INFO     | [SUCCESS] Day 10MAR
2026-01-17 09:04:55 | INFO     | [DAY_START] Processing 09MAR
2026-01-17 09:04:55 | INFO     | [lf.day.start] Processing DMM-CAI for 09MAR
2026-01-17 09:04:56 | WARNING  | [lf.day.no_flights] No direct flights on 09MAR
2026-01-17 09:04:56 | INFO     | [SUCCESS] Day 09MAR
2026-01-17 09:04:56 | INFO     | [DAY_START] Processing 08MAR
2026-01-17 09:04:56 | INFO     | [lf.day.start] Processing DMM-CAI for 08MAR
2026-01-17 09:04:57 | WARNING  | [lf.day.no_flights] No direct flights on 08MAR
2026-01-17 09:04:58 | INFO     | [SUCCESS] Day 08MAR
2026-01-17 09:04:58 | INFO     | [SUCCESS] LF Search Complete
2026-01-17 09:04:58 | INFO     | [Worker_9227] Completed: DMM-CAI - 8 results, 0 errors
2026-01-17 09:04:58 | INFO     | [Worker_9227] Processing: TUU-ATZ
2026-01-17 09:04:58 | INFO     |   Tier 0: Range 3, Chunk 3/3 (8 days)
