2026-01-17 09:26:43 | INFO     | ======================================================================
2026-01-17 09:26:43 | INFO     | Load Factor Scraper Started - Route: DMM-ATZ
2026-01-17 09:26:43 | INFO     | Log file: D:\CODERED\LAB\Artifacts\outputs\run_generated_170126_at_08.47_RETRY\logs\LF_DMM-ATZ_20260117_092643.log
2026-01-17 09:26:43 | INFO     | Enhanced logging: Capturing both logging.info() and print()
2026-01-17 09:26:43 | INFO     | ======================================================================
2026-01-17 09:26:43 | INFO     | Starting LF search for route: DMM-ATZ
2026-01-17 09:26:43 | INFO     | [START] LF Search
2026-01-17 09:26:44 | INFO     | [HEALTH CHECK] [OK] Chrome connection is healthy
2026-01-17 09:26:44 | INFO     | [DAY_START] Processing 01FEB
2026-01-17 09:26:44 | INFO     | [lf.day.start] Processing DMM-ATZ for 01FEB
2026-01-17 09:26:45 | WARNING  | [lf.day.no_flights] No direct flights on 01FEB
2026-01-17 09:26:45 | INFO     | [SUCCESS] Day 01FEB
2026-01-17 09:26:45 | INFO     | [DAY_START] Processing 31JAN
2026-01-17 09:26:45 | INFO     | [lf.day.start] Processing DMM-ATZ for 31JAN
2026-01-17 09:26:46 | WARNING  | [lf.day.no_flights] No direct flights on 31JAN
2026-01-17 09:26:46 | INFO     | [SUCCESS] Day 31JAN
2026-01-17 09:26:46 | INFO     | [DAY_START] Processing 30JAN
2026-01-17 09:26:46 | INFO     | [lf.day.start] Processing DMM-ATZ for 30JAN
2026-01-17 09:26:47 | INFO     | [lf.day.flights_found] Found 1 flights on 30JAN
2026-01-17 09:26:49 | INFO     | [lf.flight.extracted] SM438 on 30JAN: BKG=103, LF=58.9%
2026-01-17 09:26:52 | INFO     | [SUCCESS] Day 30JAN
2026-01-17 09:26:52 | INFO     | [DAY_START] Processing 29JAN
2026-01-17 09:26:52 | INFO     | [lf.day.start] Processing DMM-ATZ for 29JAN
2026-01-17 09:26:54 | WARNING  | [lf.day.no_flights] No direct flights on 29JAN
2026-01-17 09:26:54 | INFO     | [SUCCESS] Day 29JAN
2026-01-17 09:26:54 | INFO     | [DAY_START] Processing 28JAN
2026-01-17 09:26:54 | INFO     | [lf.day.start] Processing DMM-ATZ for 28JAN
2026-01-17 09:26:55 | WARNING  | [lf.day.no_flights] No direct flights on 28JAN
2026-01-17 09:26:56 | INFO     | [SUCCESS] Day 28JAN
2026-01-17 09:26:56 | INFO     | [DAY_START] Processing 27JAN
2026-01-17 09:26:56 | INFO     | [lf.day.start] Processing DMM-ATZ for 27JAN
2026-01-17 09:26:57 | WARNING  | [lf.day.no_flights] No direct flights on 27JAN
2026-01-17 09:26:57 | INFO     | [SUCCESS] Day 27JAN
2026-01-17 09:26:57 | INFO     | [DAY_START] Processing 26JAN
2026-01-17 09:26:57 | INFO     | [lf.day.start] Processing DMM-ATZ for 26JAN
2026-01-17 09:26:58 | INFO     | [lf.day.flights_found] Found 1 flights on 26JAN
2026-01-17 09:27:00 | INFO     | [lf.flight.extracted] SM438 on 26JAN: BKG=83, LF=47.4%
2026-01-17 09:27:05 | INFO     | [SUCCESS] Day 26JAN
2026-01-17 09:27:05 | INFO     | [DAY_START] Processing 25JAN
2026-01-17 09:27:05 | INFO     | [lf.day.start] Processing DMM-ATZ for 25JAN
2026-01-17 09:27:06 | WARNING  | [lf.day.no_flights] No direct flights on 25JAN
2026-01-17 09:27:07 | INFO     | [SUCCESS] Day 25JAN
2026-01-17 09:27:07 | INFO     | [SUCCESS] LF Search Complete
2026-01-17 09:27:07 | INFO     | [Worker_9222] Completed: DMM-ATZ - 8 results, 0 errors
2026-01-17 09:27:07 | INFO     | [Worker_9222] Processing: TUU-ATZ
2026-01-17 09:27:07 | INFO     |   Tier 0: Range 1, Chunk 2/3 (8 days)
