2026-01-17 08:56:59 | INFO     | ======================================================================
2026-01-17 08:56:59 | INFO     | Load Factor Scraper Started - Route: DMM-ATZ
2026-01-17 08:56:59 | INFO     | Log file: D:\CODERED\LAB\Artifacts\outputs\run_generated_170126_at_08.47_RETRY\logs\LF_DMM-ATZ_20260117_085659.log
2026-01-17 08:56:59 | INFO     | Enhanced logging: Capturing both logging.info() and print()
2026-01-17 08:56:59 | INFO     | ======================================================================
2026-01-17 08:56:59 | INFO     | Starting LF search for route: DMM-ATZ
2026-01-17 08:56:59 | INFO     | [START] LF Search
2026-01-17 08:57:00 | INFO     | [HEALTH CHECK] [OK] Chrome connection is healthy
2026-01-17 08:57:00 | INFO     | [DAY_START] Processing 01APR
2026-01-17 08:57:00 | INFO     | [lf.day.start] Processing DMM-ATZ for 01APR
2026-01-17 08:57:01 | WARNING  | [lf.day.no_flights] No direct flights on 01APR
2026-01-17 08:57:02 | INFO     | [SUCCESS] Day 01APR
2026-01-17 08:57:02 | INFO     | [DAY_START] Processing 31MAR
2026-01-17 08:57:02 | INFO     | [lf.day.start] Processing DMM-ATZ for 31MAR
2026-01-17 08:57:03 | WARNING  | [lf.day.no_flights] No direct flights on 31MAR
2026-01-17 08:57:03 | INFO     | [SUCCESS] Day 31MAR
2026-01-17 08:57:03 | INFO     | [DAY_START] Processing 30MAR
2026-01-17 08:57:03 | INFO     | [lf.day.start] Processing DMM-ATZ for 30MAR
2026-01-17 08:57:04 | WARNING  | [lf.day.no_flights] No direct flights on 30MAR
2026-01-17 08:57:04 | INFO     | [SUCCESS] Day 30MAR
2026-01-17 08:57:04 | INFO     | [DAY_START] Processing 29MAR
2026-01-17 08:57:04 | INFO     | [lf.day.start] Processing DMM-ATZ for 29MAR
2026-01-17 08:57:06 | WARNING  | [lf.day.no_flights] No direct flights on 29MAR
2026-01-17 08:57:06 | INFO     | [SUCCESS] Day 29MAR
2026-01-17 08:57:06 | INFO     | [DAY_START] Processing 28MAR
2026-01-17 08:57:06 | INFO     | [lf.day.start] Processing DMM-ATZ for 28MAR
2026-01-17 08:57:09 | WARNING  | [lf.day.no_flights] No direct flights on 28MAR
2026-01-17 08:57:09 | INFO     | [SUCCESS] Day 28MAR
2026-01-17 08:57:09 | INFO     | [DAY_START] Processing 27MAR
2026-01-17 08:57:09 | INFO     | [lf.day.start] Processing DMM-ATZ for 27MAR
2026-01-17 08:57:10 | INFO     | [lf.day.flights_found] Found 1 flights on 27MAR
2026-01-17 08:57:13 | INFO     | [lf.flight.extracted] SM438 on 27MAR: BKG=10, LF=5.8%
2026-01-17 08:57:16 | INFO     | [SUCCESS] Day 27MAR
2026-01-17 08:57:16 | INFO     | [DAY_START] Processing 26MAR
2026-01-17 08:57:16 | INFO     | [lf.day.start] Processing DMM-ATZ for 26MAR
2026-01-17 08:57:17 | WARNING  | [lf.day.no_flights] No direct flights on 26MAR
2026-01-17 08:57:17 | INFO     | [SUCCESS] Day 26MAR
2026-01-17 08:57:17 | INFO     | [DAY_START] Processing 25MAR
2026-01-17 08:57:17 | INFO     | [lf.day.start] Processing DMM-ATZ for 25MAR
2026-01-17 08:57:19 | WARNING  | [lf.day.no_flights] No direct flights on 25MAR
2026-01-17 08:57:19 | INFO     | [SUCCESS] Day 25MAR
2026-01-17 08:57:19 | INFO     | [DAY_START] Processing 24MAR
2026-01-17 08:57:19 | INFO     | [lf.day.start] Processing DMM-ATZ for 24MAR
2026-01-17 08:57:20 | WARNING  | [lf.day.no_flights] No direct flights on 24MAR
2026-01-17 08:57:20 | INFO     | [SUCCESS] Day 24MAR
2026-01-17 08:57:20 | INFO     | [SUCCESS] LF Search Complete
2026-01-17 08:57:20 | INFO     | [Worker_9232] Completed: DMM-ATZ - 9 results, 0 errors
2026-01-17 08:57:20 | INFO     | [Worker_9232] Processing: AJF-CAI
2026-01-17 08:57:20 | INFO     |   Tier 0: Range 3, Chunk 1/3 (9 days)
