2026-01-17 09:17:03 | INFO     | ======================================================================
2026-01-17 09:17:03 | INFO     | Load Factor Scraper Started - Route: DMM-ATZ
2026-01-17 09:17:03 | INFO     | Log file: D:\CODERED\LAB\Artifacts\outputs\run_generated_170126_at_08.47_RETRY\logs\LF_DMM-ATZ_20260117_091703.log
2026-01-17 09:17:03 | INFO     | Enhanced logging: Capturing both logging.info() and print()
2026-01-17 09:17:03 | INFO     | ======================================================================
2026-01-17 09:17:03 | INFO     | Starting LF search for route: DMM-ATZ
2026-01-17 09:17:03 | INFO     | [START] LF Search
2026-01-17 09:17:04 | INFO     | [HEALTH CHECK] [OK] Chrome connection is healthy
2026-01-17 09:17:04 | INFO     | [DAY_START] Processing 18FEB
2026-01-17 09:17:04 | INFO     | [lf.day.start] Processing DMM-ATZ for 18FEB
2026-01-17 09:17:05 | WARNING  | [lf.day.no_flights] No direct flights on 18FEB
2026-01-17 09:17:05 | INFO     | [SUCCESS] Day 18FEB
2026-01-17 09:17:05 | INFO     | [DAY_START] Processing 17FEB
2026-01-17 09:17:05 | INFO     | [lf.day.start] Processing DMM-ATZ for 17FEB
2026-01-17 09:17:06 | WARNING  | [lf.day.no_flights] No direct flights on 17FEB
2026-01-17 09:17:06 | INFO     | [SUCCESS] Day 17FEB
2026-01-17 09:17:06 | INFO     | [DAY_START] Processing 16FEB
2026-01-17 09:17:06 | INFO     | [lf.day.start] Processing DMM-ATZ for 16FEB
2026-01-17 09:17:07 | INFO     | [lf.day.flights_found] Found 1 flights on 16FEB
2026-01-17 09:17:09 | INFO     | [lf.flight.extracted] SM438 on 16FEB: BKG=29, LF=16.6%
2026-01-17 09:17:13 | INFO     | [SUCCESS] Day 16FEB
2026-01-17 09:17:13 | INFO     | [DAY_START] Processing 15FEB
2026-01-17 09:17:13 | INFO     | [lf.day.start] Processing DMM-ATZ for 15FEB
2026-01-17 09:17:14 | WARNING  | [lf.day.no_flights] No direct flights on 15FEB
2026-01-17 09:17:14 | INFO     | [SUCCESS] Day 15FEB
2026-01-17 09:17:14 | INFO     | [DAY_START] Processing 14FEB
2026-01-17 09:17:14 | INFO     | [lf.day.start] Processing DMM-ATZ for 14FEB
2026-01-17 09:17:15 | WARNING  | [lf.day.no_flights] No direct flights on 14FEB
2026-01-17 09:17:15 | INFO     | [SUCCESS] Day 14FEB
2026-01-17 09:17:15 | INFO     | [DAY_START] Processing 13FEB
2026-01-17 09:17:15 | INFO     | [lf.day.start] Processing DMM-ATZ for 13FEB
2026-01-17 09:17:16 | INFO     | [lf.day.flights_found] Found 1 flights on 13FEB
2026-01-17 09:17:18 | INFO     | [lf.flight.extracted] SM438 on 13FEB: BKG=38, LF=22.6%
2026-01-17 09:17:22 | INFO     | [SUCCESS] Day 13FEB
2026-01-17 09:17:22 | INFO     | [DAY_START] Processing 12FEB
2026-01-17 09:17:22 | INFO     | [lf.day.start] Processing DMM-ATZ for 12FEB
2026-01-17 09:17:23 | WARNING  | [lf.day.no_flights] No direct flights on 12FEB
2026-01-17 09:17:23 | INFO     | [SUCCESS] Day 12FEB
2026-01-17 09:17:23 | INFO     | [DAY_START] Processing 11FEB
2026-01-17 09:17:23 | INFO     | [lf.day.start] Processing DMM-ATZ for 11FEB
2026-01-17 09:17:24 | WARNING  | [lf.day.no_flights] No direct flights on 11FEB
2026-01-17 09:17:24 | INFO     | [SUCCESS] Day 11FEB
2026-01-17 09:17:24 | INFO     | [SUCCESS] LF Search Complete
2026-01-17 09:17:24 | INFO     | [Worker_9222] Completed: DMM-ATZ - 8 results, 0 errors
2026-01-17 09:17:24 | INFO     | [Worker_9222] Processing: AJF-ATZ
2026-01-17 09:17:24 | INFO     |   Tier 0: Range 2, Chunk 3/3 (8 days)
