2026-01-17 08:56:57 | INFO     | ======================================================================
2026-01-17 08:56:57 | INFO     | Load Factor Scraper Started - Route: DMM-CAI
2026-01-17 08:56:57 | INFO     | Log file: D:\CODERED\LAB\Artifacts\outputs\run_generated_170126_at_08.47_RETRY\logs\LF_DMM-CAI_20260117_085657.log
2026-01-17 08:56:57 | INFO     | Enhanced logging: Capturing both logging.info() and print()
2026-01-17 08:56:57 | INFO     | ======================================================================
2026-01-17 08:56:57 | INFO     | Starting LF search for route: DMM-CAI
2026-01-17 08:56:57 | INFO     | [START] LF Search
2026-01-17 08:56:58 | INFO     | [HEALTH CHECK] [OK] Chrome connection is healthy
2026-01-17 08:56:58 | INFO     | [DAY_START] Processing 01APR
2026-01-17 08:56:58 | INFO     | [lf.day.start] Processing DMM-CAI for 01APR
2026-01-17 08:56:59 | INFO     | [lf.day.flights_found] Found 1 flights on 01APR
2026-01-17 08:57:02 | INFO     | [lf.flight.extracted] SM434 on 01APR: BKG=15, LF=8.6%
2026-01-17 08:57:05 | INFO     | [SUCCESS] Day 01APR
2026-01-17 08:57:05 | INFO     | [DAY_START] Processing 31MAR
2026-01-17 08:57:05 | INFO     | [lf.day.start] Processing DMM-CAI for 31MAR
2026-01-17 08:57:06 | INFO     | [lf.day.flights_found] Found 1 flights on 31MAR
2026-01-17 08:57:08 | INFO     | [lf.flight.extracted] SM434 on 31MAR: BKG=2, LF=1.2%
2026-01-17 08:57:11 | INFO     | [SUCCESS] Day 31MAR
2026-01-17 08:57:11 | INFO     | [DAY_START] Processing 30MAR
2026-01-17 08:57:11 | INFO     | [lf.day.start] Processing DMM-CAI for 30MAR
2026-01-17 08:57:13 | INFO     | [lf.day.flights_found] Found 2 flights on 30MAR
2026-01-17 08:57:15 | INFO     | [lf.flight.extracted] SM440 on 30MAR: BKG=2, LF=1.1%
2026-01-17 08:57:19 | INFO     | [lf.flight.extracted] SM434 on 30MAR: BKG=4, LF=2.3%
2026-01-17 08:57:22 | ERROR    | Atomic write failed for D:\CODERED\LAB\Artifacts\outputs\run_generated_170126_at_08.47_RETRY\checkpoints\flight_booking_data.json: [WinError 5] Access is denied: 'D:\\CODERED\\LAB\\Artifacts\\outputs\\run_generated_170126_at_08.47_RETRY\\checkpoints\\flight_booking_data.tmp_fa160725' -> 'D:\\CODERED\\LAB\\Artifacts\\outputs\\run_generated_170126_at_08.47_RETRY\\checkpoints\\flight_booking_data.json'
2026-01-17 08:57:24 | INFO     | [SUCCESS] Day 30MAR
2026-01-17 08:57:24 | INFO     | [DAY_START] Processing 29MAR
2026-01-17 08:57:24 | INFO     | [lf.day.start] Processing DMM-CAI for 29MAR
2026-01-17 08:57:25 | WARNING  | [lf.day.no_flights] No direct flights on 29MAR
2026-01-17 08:57:25 | INFO     | [SUCCESS] Day 29MAR
2026-01-17 08:57:25 | INFO     | [DAY_START] Processing 28MAR
2026-01-17 08:57:25 | INFO     | [lf.day.start] Processing DMM-CAI for 28MAR
2026-01-17 08:57:26 | INFO     | [lf.day.flights_found] Found 1 flights on 28MAR
2026-01-17 08:57:29 | INFO     | [lf.flight.extracted] SM434 on 28MAR: BKG=11, LF=6.3%
2026-01-17 08:57:32 | INFO     | [SUCCESS] Day 28MAR
2026-01-17 08:57:32 | INFO     | [DAY_START] Processing 27MAR
2026-01-17 08:57:32 | INFO     | [lf.day.start] Processing DMM-CAI for 27MAR
2026-01-17 08:57:33 | INFO     | [lf.day.flights_found] Found 1 flights on 27MAR
2026-01-17 08:57:36 | INFO     | [lf.flight.extracted] SM434 on 27MAR: BKG=15, LF=8.6%
2026-01-17 08:57:39 | INFO     | [SUCCESS] Day 27MAR
2026-01-17 08:57:39 | INFO     | [DAY_START] Processing 26MAR
2026-01-17 08:57:39 | INFO     | [lf.day.start] Processing DMM-CAI for 26MAR
2026-01-17 08:57:40 | INFO     | [lf.day.flights_found] Found 1 flights on 26MAR
2026-01-17 08:57:42 | INFO     | [lf.flight.extracted] SM434 on 26MAR: BKG=13, LF=7.7%
2026-01-17 08:57:45 | INFO     | [SUCCESS] Day 26MAR
2026-01-17 08:57:45 | INFO     | [DAY_START] Processing 25MAR
2026-01-17 08:57:45 | INFO     | [lf.day.start] Processing DMM-CAI for 25MAR
2026-01-17 08:57:46 | WARNING  | [lf.day.no_flights] No direct flights on 25MAR
2026-01-17 08:57:46 | INFO     | [SUCCESS] Day 25MAR
2026-01-17 08:57:46 | INFO     | [DAY_START] Processing 24MAR
2026-01-17 08:57:46 | INFO     | [lf.day.start] Processing DMM-CAI for 24MAR
2026-01-17 08:57:47 | INFO     | [lf.day.flights_found] Found 1 flights on 24MAR
2026-01-17 08:57:49 | INFO     | [lf.flight.extracted] SM434 on 24MAR: BKG=20, LF=11.4%
2026-01-17 08:57:52 | INFO     | [SUCCESS] Day 24MAR
2026-01-17 08:57:52 | INFO     | [SUCCESS] LF Search Complete
2026-01-17 08:57:52 | INFO     | [Worker_9222] Completed: DMM-CAI - 9 results, 0 errors
2026-01-17 08:57:52 | INFO     | [Worker_9222] Processing: GIZ-CAI
2026-01-17 08:57:52 | INFO     |   Tier 0: Range 3, Chunk 1/3 (9 days)
