2026-01-17 09:16:50 | INFO     | ======================================================================
2026-01-17 09:16:50 | INFO     | Load Factor Scraper Started - Route: DMM-CAI
2026-01-17 09:16:50 | INFO     | Log file: D:\CODERED\LAB\Artifacts\outputs\run_generated_170126_at_08.47_RETRY\logs\LF_DMM-CAI_20260117_091650.log
2026-01-17 09:16:50 | INFO     | Enhanced logging: Capturing both logging.info() and print()
2026-01-17 09:16:50 | INFO     | ======================================================================
2026-01-17 09:16:50 | INFO     | Starting LF search for route: DMM-CAI
2026-01-17 09:16:50 | INFO     | [START] LF Search
2026-01-17 09:16:50 | INFO     | [HEALTH CHECK] [OK] Chrome connection is healthy
2026-01-17 09:16:50 | INFO     | [DAY_START] Processing 18FEB
2026-01-17 09:16:50 | INFO     | [lf.day.start] Processing DMM-CAI for 18FEB
2026-01-17 09:16:51 | WARNING  | [lf.day.no_flights] No direct flights on 18FEB
2026-01-17 09:16:52 | INFO     | [SUCCESS] Day 18FEB
2026-01-17 09:16:52 | INFO     | [DAY_START] Processing 17FEB
2026-01-17 09:16:52 | INFO     | [lf.day.start] Processing DMM-CAI for 17FEB
2026-01-17 09:16:53 | INFO     | [lf.day.flights_found] Found 1 flights on 17FEB
2026-01-17 09:16:55 | INFO     | [lf.flight.extracted] SM434 on 17FEB: BKG=2, LF=1.2%
2026-01-17 09:16:57 | INFO     | [SUCCESS] Day 17FEB
2026-01-17 09:16:57 | INFO     | [DAY_START] Processing 16FEB
2026-01-17 09:16:57 | INFO     | [lf.day.start] Processing DMM-CAI for 16FEB
2026-01-17 09:16:58 | WARNING  | [lf.day.no_flights] No direct flights on 16FEB
2026-01-17 09:16:58 | INFO     | [SUCCESS] Day 16FEB
2026-01-17 09:16:58 | INFO     | [DAY_START] Processing 15FEB
2026-01-17 09:16:58 | INFO     | [lf.day.start] Processing DMM-CAI for 15FEB
2026-01-17 09:16:59 | WARNING  | [lf.day.no_flights] No direct flights on 15FEB
2026-01-17 09:17:00 | INFO     | [SUCCESS] Day 15FEB
2026-01-17 09:17:00 | INFO     | [DAY_START] Processing 14FEB
2026-01-17 09:17:00 | INFO     | [lf.day.start] Processing DMM-CAI for 14FEB
2026-01-17 09:17:01 | INFO     | [lf.day.flights_found] Found 1 flights on 14FEB
2026-01-17 09:17:03 | INFO     | [lf.flight.extracted] SM434 on 14FEB: BKG=11, LF=6.3%
2026-01-17 09:17:06 | INFO     | [SUCCESS] Day 14FEB
2026-01-17 09:17:06 | INFO     | [DAY_START] Processing 13FEB
2026-01-17 09:17:06 | INFO     | [lf.day.start] Processing DMM-CAI for 13FEB
2026-01-17 09:17:07 | INFO     | [lf.day.flights_found] Found 1 flights on 13FEB
2026-01-17 09:17:09 | INFO     | [lf.flight.extracted] SM434 on 13FEB: BKG=25, LF=14.3%
2026-01-17 09:17:12 | INFO     | [SUCCESS] Day 13FEB
2026-01-17 09:17:12 | INFO     | [DAY_START] Processing 12FEB
2026-01-17 09:17:12 | INFO     | [lf.day.start] Processing DMM-CAI for 12FEB
2026-01-17 09:17:13 | INFO     | [lf.day.flights_found] Found 1 flights on 12FEB
2026-01-17 09:17:15 | INFO     | [lf.flight.extracted] SM434 on 12FEB: BKG=17, LF=9.7%
2026-01-17 09:17:17 | INFO     | [SUCCESS] Day 12FEB
2026-01-17 09:17:17 | INFO     | [DAY_START] Processing 11FEB
2026-01-17 09:17:17 | INFO     | [lf.day.start] Processing DMM-CAI for 11FEB
2026-01-17 09:17:19 | WARNING  | [lf.day.no_flights] No direct flights on 11FEB
2026-01-17 09:17:19 | INFO     | [SUCCESS] Day 11FEB
2026-01-17 09:17:19 | INFO     | [SUCCESS] LF Search Complete
2026-01-17 09:17:19 | INFO     | [Worker_9225] Completed: DMM-CAI - 8 results, 0 errors
2026-01-17 09:17:19 | INFO     | [Worker_9225] Processing: AJF-CAI
2026-01-17 09:17:19 | INFO     |   Tier 0: Range 2, Chunk 3/3 (8 days)
