2026-01-17 08:51:12 | INFO     | ======================================================================
2026-01-17 08:51:12 | INFO     | Load Factor Scraper Started - Route: DMM-CAI
2026-01-17 08:51:12 | INFO     | Log file: D:\CODERED\LAB\Artifacts\outputs\run_generated_170126_at_08.47_RETRY\logs\LF_DMM-CAI_20260117_085112.log
2026-01-17 08:51:12 | INFO     | Enhanced logging: Capturing both logging.info() and print()
2026-01-17 08:51:12 | INFO     | ======================================================================
2026-01-17 08:51:12 | INFO     | Starting LF search for route: DMM-CAI
2026-01-17 08:51:12 | INFO     | [START] LF Search
2026-01-17 08:51:13 | INFO     | [HEALTH CHECK] [OK] Chrome connection is healthy
2026-01-17 08:51:13 | INFO     | [DAY_START] Processing 18APR
2026-01-17 08:51:13 | INFO     | [lf.day.start] Processing DMM-CAI for 18APR
2026-01-17 08:51:14 | WARNING  | [lf.day.no_flights] No direct flights on 18APR
2026-01-17 08:51:14 | INFO     | [SUCCESS] Day 18APR
2026-01-17 08:51:14 | INFO     | [DAY_START] Processing 17APR
2026-01-17 08:51:14 | INFO     | [lf.day.start] Processing DMM-CAI for 17APR
2026-01-17 08:51:15 | INFO     | [lf.day.flights_found] Found 2 flights on 17APR
2026-01-17 08:51:17 | INFO     | [lf.flight.extracted] SM434 on 17APR: BKG=0, LF=0.0%
2026-01-17 08:51:20 | INFO     | [lf.flight.extracted] SM440 on 17APR: BKG=0, LF=0.0%
2026-01-17 08:51:21 | INFO     | [SUCCESS] Day 17APR
2026-01-17 08:51:21 | INFO     | [DAY_START] Processing 16APR
2026-01-17 08:51:21 | INFO     | [lf.day.start] Processing DMM-CAI for 16APR
2026-01-17 08:51:22 | WARNING  | [lf.day.no_flights] No direct flights on 16APR
2026-01-17 08:51:22 | INFO     | [SUCCESS] Day 16APR
2026-01-17 08:51:22 | INFO     | [DAY_START] Processing 15APR
2026-01-17 08:51:22 | INFO     | [lf.day.start] Processing DMM-CAI for 15APR
2026-01-17 08:51:23 | INFO     | [lf.day.flights_found] Found 1 flights on 15APR
2026-01-17 08:51:25 | INFO     | [lf.flight.extracted] SM434 on 15APR: BKG=7, LF=4.0%
2026-01-17 08:51:28 | INFO     | [SUCCESS] Day 15APR
2026-01-17 08:51:28 | INFO     | [DAY_START] Processing 14APR
2026-01-17 08:51:28 | INFO     | [lf.day.start] Processing DMM-CAI for 14APR
2026-01-17 08:51:28 | INFO     | [lf.day.flights_found] Found 1 flights on 14APR
2026-01-17 08:51:30 | INFO     | [lf.flight.extracted] SM434 on 14APR: BKG=0, LF=0.0%
2026-01-17 08:51:32 | INFO     | [SUCCESS] Day 14APR
2026-01-17 08:51:32 | INFO     | [DAY_START] Processing 13APR
2026-01-17 08:51:32 | INFO     | [lf.day.start] Processing DMM-CAI for 13APR
2026-01-17 08:51:32 | INFO     | [lf.day.flights_found] Found 2 flights on 13APR
2026-01-17 08:51:34 | INFO     | [lf.flight.extracted] SM440 on 13APR: BKG=0, LF=0.0%
2026-01-17 08:51:37 | INFO     | [lf.flight.extracted] SM434 on 13APR: BKG=1, LF=0.6%
2026-01-17 08:51:40 | INFO     | [SUCCESS] Day 13APR
2026-01-17 08:51:40 | INFO     | [DAY_START] Processing 12APR
2026-01-17 08:51:40 | INFO     | [lf.day.start] Processing DMM-CAI for 12APR
2026-01-17 08:51:41 | INFO     | [lf.day.flights_found] Found 1 flights on 12APR
2026-01-17 08:51:43 | INFO     | [lf.flight.extracted] SM434 on 12APR: BKG=0, LF=0.0%
2026-01-17 08:51:44 | INFO     | [SUCCESS] Day 12APR
2026-01-17 08:51:44 | INFO     | [DAY_START] Processing 11APR
2026-01-17 08:51:44 | INFO     | [lf.day.start] Processing DMM-CAI for 11APR
2026-01-17 08:51:45 | WARNING  | [lf.day.no_flights] No direct flights on 11APR
2026-01-17 08:51:45 | INFO     | [SUCCESS] Day 11APR
2026-01-17 08:51:45 | INFO     | [DAY_START] Processing 10APR
2026-01-17 08:51:45 | INFO     | [lf.day.start] Processing DMM-CAI for 10APR
2026-01-17 08:51:46 | INFO     | [lf.day.flights_found] Found 2 flights on 10APR
2026-01-17 08:51:48 | INFO     | [lf.flight.extracted] SM434 on 10APR: BKG=4, LF=2.3%
2026-01-17 08:51:51 | INFO     | [lf.flight.extracted] SM440 on 10APR: BKG=8, LF=4.6%
2026-01-17 08:51:55 | INFO     | [SUCCESS] Day 10APR
2026-01-17 08:51:55 | INFO     | [SUCCESS] LF Search Complete
2026-01-17 08:51:55 | INFO     | [Worker_9227] Completed: DMM-CAI - 9 results, 0 errors
2026-01-17 08:51:55 | INFO     | [Worker_9227] Processing: CAI-MED
2026-01-17 08:51:55 | INFO     |   Tier 0: Range 4, Chunk 2/3 (9 days)
