2026-01-17 09:22:25 | INFO     | ======================================================================
2026-01-17 09:22:25 | INFO     | Load Factor Scraper Started - Route: ELQ-CAI
2026-01-17 09:22:25 | INFO     | Log file: D:\CODERED\LAB\Artifacts\outputs\run_generated_170126_at_08.47_RETRY\logs\LF_ELQ-CAI_20260117_092225.log
2026-01-17 09:22:25 | INFO     | Enhanced logging: Capturing both logging.info() and print()
2026-01-17 09:22:25 | INFO     | ======================================================================
2026-01-17 09:22:25 | INFO     | Starting LF search for route: ELQ-CAI
2026-01-17 09:22:25 | INFO     | [START] LF Search
2026-01-17 09:22:25 | INFO     | [HEALTH CHECK] [OK] Chrome connection is healthy
2026-01-17 09:22:25 | INFO     | [DAY_START] Processing 10FEB
2026-01-17 09:22:25 | INFO     | [lf.day.start] Processing ELQ-CAI for 10FEB
2026-01-17 09:22:26 | WARNING  | [lf.day.no_flights] No direct flights on 10FEB
2026-01-17 09:22:27 | INFO     | [SUCCESS] Day 10FEB
2026-01-17 09:22:27 | INFO     | [DAY_START] Processing 09FEB
2026-01-17 09:22:27 | INFO     | [lf.day.start] Processing ELQ-CAI for 09FEB
2026-01-17 09:22:28 | WARNING  | [lf.day.no_flights] No direct flights on 09FEB
2026-01-17 09:22:28 | INFO     | [SUCCESS] Day 09FEB
2026-01-17 09:22:28 | INFO     | [DAY_START] Processing 08FEB
2026-01-17 09:22:28 | INFO     | [lf.day.start] Processing ELQ-CAI for 08FEB
2026-01-17 09:22:29 | INFO     | [lf.day.flights_found] Found 1 flights on 08FEB
2026-01-17 09:22:31 | INFO     | [lf.flight.extracted] SM428 on 08FEB: BKG=46, LF=26.7%
2026-01-17 09:22:36 | INFO     | [SUCCESS] Day 08FEB
2026-01-17 09:22:36 | INFO     | [DAY_START] Processing 07FEB
2026-01-17 09:22:36 | INFO     | [lf.day.start] Processing ELQ-CAI for 07FEB
2026-01-17 09:22:37 | INFO     | [lf.day.flights_found] Found 1 flights on 07FEB
2026-01-17 09:22:39 | INFO     | [lf.flight.extracted] SM428 on 07FEB: BKG=43, LF=40.9%
2026-01-17 09:22:43 | INFO     | [SUCCESS] Day 07FEB
2026-01-17 09:22:43 | INFO     | [DAY_START] Processing 06FEB
2026-01-17 09:22:43 | INFO     | [lf.day.start] Processing ELQ-CAI for 06FEB
2026-01-17 09:22:44 | WARNING  | [lf.day.no_flights] No direct flights on 06FEB
2026-01-17 09:22:45 | INFO     | [SUCCESS] Day 06FEB
2026-01-17 09:22:45 | INFO     | [DAY_START] Processing 05FEB
2026-01-17 09:22:45 | INFO     | [lf.day.start] Processing ELQ-CAI for 05FEB
2026-01-17 09:22:46 | INFO     | [lf.day.flights_found] Found 1 flights on 05FEB
2026-01-17 09:22:48 | INFO     | [lf.flight.extracted] SM428 on 05FEB: BKG=51, LF=48.6%
2026-01-17 09:22:52 | INFO     | [SUCCESS] Day 05FEB
2026-01-17 09:22:52 | INFO     | [DAY_START] Processing 04FEB
2026-01-17 09:22:52 | INFO     | [lf.day.start] Processing ELQ-CAI for 04FEB
2026-01-17 09:22:53 | WARNING  | [lf.day.no_flights] No direct flights on 04FEB
2026-01-17 09:22:54 | INFO     | [SUCCESS] Day 04FEB
2026-01-17 09:22:54 | INFO     | [DAY_START] Processing 03FEB
2026-01-17 09:22:54 | INFO     | [lf.day.start] Processing ELQ-CAI for 03FEB
2026-01-17 09:22:55 | WARNING  | [lf.day.no_flights] No direct flights on 03FEB
2026-01-17 09:22:55 | INFO     | [SUCCESS] Day 03FEB
2026-01-17 09:22:55 | INFO     | [DAY_START] Processing 02FEB
2026-01-17 09:22:55 | INFO     | [lf.day.start] Processing ELQ-CAI for 02FEB
2026-01-17 09:22:56 | WARNING  | [lf.day.no_flights] No direct flights on 02FEB
2026-01-17 09:22:56 | INFO     | [SUCCESS] Day 02FEB
2026-01-17 09:22:56 | INFO     | [SUCCESS] LF Search Complete
2026-01-17 09:22:56 | INFO     | [Worker_9224] Completed: ELQ-CAI - 9 results, 0 errors
2026-01-17 09:22:56 | INFO     | [Worker_9224] Processing: HBE-MED
2026-01-17 09:22:56 | INFO     |   Tier 0: Range 1, Chunk 1/3 (9 days)
