2026-01-17 09:05:46 | INFO     | ======================================================================
2026-01-17 09:05:46 | INFO     | Load Factor Scraper Started - Route: ELQ-ATZ
2026-01-17 09:05:46 | INFO     | Log file: D:\CODERED\LAB\Artifacts\outputs\run_generated_170126_at_08.47_RETRY\logs\LF_ELQ-ATZ_20260117_090546.log
2026-01-17 09:05:46 | INFO     | Enhanced logging: Capturing both logging.info() and print()
2026-01-17 09:05:46 | INFO     | ======================================================================
2026-01-17 09:05:46 | INFO     | Starting LF search for route: ELQ-ATZ
2026-01-17 09:05:46 | INFO     | [START] LF Search
2026-01-17 09:05:47 | INFO     | [HEALTH CHECK] [OK] Chrome connection is healthy
2026-01-17 09:05:47 | INFO     | [DAY_START] Processing 15MAR
2026-01-17 09:05:47 | INFO     | [lf.day.start] Processing ELQ-ATZ for 15MAR
2026-01-17 09:05:48 | WARNING  | [lf.day.no_flights] No direct flights on 15MAR
2026-01-17 09:05:49 | INFO     | [SUCCESS] Day 15MAR
2026-01-17 09:05:49 | INFO     | [DAY_START] Processing 14MAR
2026-01-17 09:05:49 | INFO     | [lf.day.start] Processing ELQ-ATZ for 14MAR
2026-01-17 09:05:50 | INFO     | [lf.day.flights_found] Found 1 flights on 14MAR
2026-01-17 09:05:53 | INFO     | [lf.flight.extracted] SM436 on 14MAR: BKG=14, LF=8.0%
2026-01-17 09:06:00 | INFO     | [SUCCESS] Day 14MAR
2026-01-17 09:06:00 | INFO     | [DAY_START] Processing 13MAR
2026-01-17 09:06:00 | INFO     | [lf.day.start] Processing ELQ-ATZ for 13MAR
2026-01-17 09:06:01 | WARNING  | [lf.day.no_flights] No direct flights on 13MAR
2026-01-17 09:06:01 | INFO     | [SUCCESS] Day 13MAR
2026-01-17 09:06:01 | INFO     | [DAY_START] Processing 12MAR
2026-01-17 09:06:01 | INFO     | [lf.day.start] Processing ELQ-ATZ for 12MAR
2026-01-17 09:06:02 | WARNING  | [lf.day.no_flights] No direct flights on 12MAR
2026-01-17 09:06:02 | INFO     | [SUCCESS] Day 12MAR
2026-01-17 09:06:02 | INFO     | [DAY_START] Processing 11MAR
2026-01-17 09:06:02 | INFO     | [lf.day.start] Processing ELQ-ATZ for 11MAR
2026-01-17 09:06:03 | INFO     | [lf.day.flights_found] Found 1 flights on 11MAR
2026-01-17 09:06:05 | INFO     | [lf.flight.extracted] SM436 on 11MAR: BKG=31, LF=17.7%
2026-01-17 09:06:09 | INFO     | [SUCCESS] Day 11MAR
2026-01-17 09:06:09 | INFO     | [DAY_START] Processing 10MAR
2026-01-17 09:06:09 | INFO     | [lf.day.start] Processing ELQ-ATZ for 10MAR
2026-01-17 09:06:10 | WARNING  | [lf.day.no_flights] No direct flights on 10MAR
2026-01-17 09:06:10 | INFO     | [SUCCESS] Day 10MAR
2026-01-17 09:06:10 | INFO     | [DAY_START] Processing 09MAR
2026-01-17 09:06:10 | INFO     | [lf.day.start] Processing ELQ-ATZ for 09MAR
2026-01-17 09:06:11 | WARNING  | [lf.day.no_flights] No direct flights on 09MAR
2026-01-17 09:06:11 | INFO     | [SUCCESS] Day 09MAR
2026-01-17 09:06:11 | INFO     | [DAY_START] Processing 08MAR
2026-01-17 09:06:11 | INFO     | [lf.day.start] Processing ELQ-ATZ for 08MAR
2026-01-17 09:06:12 | WARNING  | [lf.day.no_flights] No direct flights on 08MAR
2026-01-17 09:06:12 | INFO     | [SUCCESS] Day 08MAR
2026-01-17 09:06:12 | INFO     | [SUCCESS] LF Search Complete
2026-01-17 09:06:12 | INFO     | [Worker_9233] Completed: ELQ-ATZ - 8 results, 0 errors
2026-01-17 09:06:12 | INFO     | [Worker_9233] Processing: CAI-JED
2026-01-17 09:06:12 | INFO     |   Tier 0: Range 3, Chunk 3/3 (8 days)
