2026-01-17 09:17:47 | INFO     | ======================================================================
2026-01-17 09:17:47 | INFO     | Load Factor Scraper Started - Route: ELQ-ATZ
2026-01-17 09:17:47 | INFO     | Log file: D:\CODERED\LAB\Artifacts\outputs\run_generated_170126_at_08.47_RETRY\logs\LF_ELQ-ATZ_20260117_091747.log
2026-01-17 09:17:47 | INFO     | Enhanced logging: Capturing both logging.info() and print()
2026-01-17 09:17:47 | INFO     | ======================================================================
2026-01-17 09:17:47 | INFO     | Starting LF search for route: ELQ-ATZ
2026-01-17 09:17:47 | INFO     | [START] LF Search
2026-01-17 09:17:48 | INFO     | [HEALTH CHECK] [OK] Chrome connection is healthy
2026-01-17 09:17:48 | INFO     | [DAY_START] Processing 18FEB
2026-01-17 09:17:48 | INFO     | [lf.day.start] Processing ELQ-ATZ for 18FEB
2026-01-17 09:17:49 | INFO     | [lf.day.flights_found] Found 1 flights on 18FEB
2026-01-17 09:17:51 | INFO     | [lf.flight.extracted] SM436 on 18FEB: BKG=28, LF=16.0%
2026-01-17 09:17:54 | INFO     | [SUCCESS] Day 18FEB
2026-01-17 09:17:54 | INFO     | [DAY_START] Processing 17FEB
2026-01-17 09:17:54 | INFO     | [lf.day.start] Processing ELQ-ATZ for 17FEB
2026-01-17 09:17:55 | WARNING  | [lf.day.no_flights] No direct flights on 17FEB
2026-01-17 09:17:55 | INFO     | [SUCCESS] Day 17FEB
2026-01-17 09:17:55 | INFO     | [DAY_START] Processing 16FEB
2026-01-17 09:17:55 | INFO     | [lf.day.start] Processing ELQ-ATZ for 16FEB
2026-01-17 09:17:56 | WARNING  | [lf.day.no_flights] No direct flights on 16FEB
2026-01-17 09:17:56 | INFO     | [SUCCESS] Day 16FEB
2026-01-17 09:17:56 | INFO     | [DAY_START] Processing 15FEB
2026-01-17 09:17:56 | INFO     | [lf.day.start] Processing ELQ-ATZ for 15FEB
2026-01-17 09:17:57 | WARNING  | [lf.day.no_flights] No direct flights on 15FEB
2026-01-17 09:17:57 | INFO     | [SUCCESS] Day 15FEB
2026-01-17 09:17:57 | INFO     | [DAY_START] Processing 14FEB
2026-01-17 09:17:57 | INFO     | [lf.day.start] Processing ELQ-ATZ for 14FEB
2026-01-17 09:17:58 | INFO     | [lf.day.flights_found] Found 1 flights on 14FEB
2026-01-17 09:18:00 | INFO     | [lf.flight.extracted] SM436 on 14FEB: BKG=93, LF=53.1%
2026-01-17 09:18:06 | INFO     | [SUCCESS] Day 14FEB
2026-01-17 09:18:06 | INFO     | [DAY_START] Processing 13FEB
2026-01-17 09:18:06 | INFO     | [lf.day.start] Processing ELQ-ATZ for 13FEB
2026-01-17 09:18:07 | WARNING  | [lf.day.no_flights] No direct flights on 13FEB
2026-01-17 09:18:07 | INFO     | [SUCCESS] Day 13FEB
2026-01-17 09:18:07 | INFO     | [DAY_START] Processing 12FEB
2026-01-17 09:18:07 | INFO     | [lf.day.start] Processing ELQ-ATZ for 12FEB
2026-01-17 09:18:08 | WARNING  | [lf.day.no_flights] No direct flights on 12FEB
2026-01-17 09:18:08 | INFO     | [SUCCESS] Day 12FEB
2026-01-17 09:18:08 | INFO     | [DAY_START] Processing 11FEB
2026-01-17 09:18:08 | INFO     | [lf.day.start] Processing ELQ-ATZ for 11FEB
2026-01-17 09:18:09 | INFO     | [lf.day.flights_found] Found 1 flights on 11FEB
2026-01-17 09:18:11 | INFO     | [lf.flight.extracted] SM436 on 11FEB: BKG=66, LF=37.7%
2026-01-17 09:18:16 | INFO     | [SUCCESS] Day 11FEB
2026-01-17 09:18:16 | INFO     | [SUCCESS] LF Search Complete
2026-01-17 09:18:16 | INFO     | [Worker_9225] Completed: ELQ-ATZ - 8 results, 0 errors
2026-01-17 09:18:16 | INFO     | [Worker_9225] Processing: HBE-MED
2026-01-17 09:18:16 | INFO     |   Tier 0: Range 2, Chunk 3/3 (8 days)
