2026-01-17 09:13:32 | INFO     | ======================================================================
2026-01-17 09:13:32 | INFO     | Load Factor Scraper Started - Route: ELQ-ATZ
2026-01-17 09:13:32 | INFO     | Log file: D:\CODERED\LAB\Artifacts\outputs\run_generated_170126_at_08.47_RETRY\logs\LF_ELQ-ATZ_20260117_091332.log
2026-01-17 09:13:32 | INFO     | Enhanced logging: Capturing both logging.info() and print()
2026-01-17 09:13:32 | INFO     | ======================================================================
2026-01-17 09:13:32 | INFO     | Starting LF search for route: ELQ-ATZ
2026-01-17 09:13:32 | INFO     | [START] LF Search
2026-01-17 09:13:32 | INFO     | [HEALTH CHECK] [OK] Chrome connection is healthy
2026-01-17 09:13:32 | INFO     | [DAY_START] Processing 26FEB
2026-01-17 09:13:32 | INFO     | [lf.day.start] Processing ELQ-ATZ for 26FEB
2026-01-17 09:13:33 | WARNING  | [lf.day.no_flights] No direct flights on 26FEB
2026-01-17 09:13:33 | INFO     | [SUCCESS] Day 26FEB
2026-01-17 09:13:33 | INFO     | [DAY_START] Processing 25FEB
2026-01-17 09:13:33 | INFO     | [lf.day.start] Processing ELQ-ATZ for 25FEB
2026-01-17 09:13:34 | INFO     | [lf.day.flights_found] Found 1 flights on 25FEB
2026-01-17 09:13:36 | INFO     | [lf.flight.extracted] SM436 on 25FEB: BKG=45, LF=25.7%
2026-01-17 09:13:41 | INFO     | [SUCCESS] Day 25FEB
2026-01-17 09:13:41 | INFO     | [DAY_START] Processing 24FEB
2026-01-17 09:13:41 | INFO     | [lf.day.start] Processing ELQ-ATZ for 24FEB
2026-01-17 09:13:42 | WARNING  | [lf.day.no_flights] No direct flights on 24FEB
2026-01-17 09:13:42 | INFO     | [SUCCESS] Day 24FEB
2026-01-17 09:13:42 | INFO     | [DAY_START] Processing 23FEB
2026-01-17 09:13:42 | INFO     | [lf.day.start] Processing ELQ-ATZ for 23FEB
2026-01-17 09:13:43 | WARNING  | [lf.day.no_flights] No direct flights on 23FEB
2026-01-17 09:13:43 | INFO     | [SUCCESS] Day 23FEB
2026-01-17 09:13:43 | INFO     | [DAY_START] Processing 22FEB
2026-01-17 09:13:43 | INFO     | [lf.day.start] Processing ELQ-ATZ for 22FEB
2026-01-17 09:13:44 | WARNING  | [lf.day.no_flights] No direct flights on 22FEB
2026-01-17 09:13:44 | INFO     | [SUCCESS] Day 22FEB
2026-01-17 09:13:44 | INFO     | [DAY_START] Processing 21FEB
2026-01-17 09:13:44 | INFO     | [lf.day.start] Processing ELQ-ATZ for 21FEB
2026-01-17 09:13:45 | INFO     | [lf.day.flights_found] Found 1 flights on 21FEB
2026-01-17 09:13:47 | INFO     | [lf.flight.extracted] SM436 on 21FEB: BKG=32, LF=18.3%
2026-01-17 09:13:51 | INFO     | [SUCCESS] Day 21FEB
2026-01-17 09:13:51 | INFO     | [DAY_START] Processing 20FEB
2026-01-17 09:13:51 | INFO     | [lf.day.start] Processing ELQ-ATZ for 20FEB
2026-01-17 09:13:52 | WARNING  | [lf.day.no_flights] No direct flights on 20FEB
2026-01-17 09:13:52 | INFO     | [SUCCESS] Day 20FEB
2026-01-17 09:13:52 | INFO     | [DAY_START] Processing 19FEB
2026-01-17 09:13:52 | INFO     | [lf.day.start] Processing ELQ-ATZ for 19FEB
2026-01-17 09:13:53 | WARNING  | [lf.day.no_flights] No direct flights on 19FEB
2026-01-17 09:13:53 | INFO     | [SUCCESS] Day 19FEB
2026-01-17 09:13:53 | INFO     | [SUCCESS] LF Search Complete
2026-01-17 09:13:53 | INFO     | [Worker_9224] Completed: ELQ-ATZ - 8 results, 0 errors
2026-01-17 09:13:53 | INFO     | [Worker_9224] Processing: CAI-JED
2026-01-17 09:13:53 | INFO     |   Tier 0: Range 2, Chunk 2/3 (8 days)
