2026-01-17 09:05:43 | INFO     | ======================================================================
2026-01-17 09:05:43 | INFO     | Load Factor Scraper Started - Route: ELQ-CAI
2026-01-17 09:05:43 | INFO     | Log file: D:\CODERED\LAB\Artifacts\outputs\run_generated_170126_at_08.47_RETRY\logs\LF_ELQ-CAI_20260117_090543.log
2026-01-17 09:05:43 | INFO     | Enhanced logging: Capturing both logging.info() and print()
2026-01-17 09:05:43 | INFO     | ======================================================================
2026-01-17 09:05:43 | INFO     | Starting LF search for route: ELQ-CAI
2026-01-17 09:05:43 | INFO     | [START] LF Search
2026-01-17 09:05:44 | INFO     | [HEALTH CHECK] [OK] Chrome connection is healthy
2026-01-17 09:05:44 | INFO     | [DAY_START] Processing 15MAR
2026-01-17 09:05:44 | INFO     | [lf.day.start] Processing ELQ-CAI for 15MAR
2026-01-17 09:05:45 | INFO     | [lf.day.flights_found] Found 1 flights on 15MAR
2026-01-17 09:05:48 | INFO     | [lf.flight.extracted] SM428 on 15MAR: BKG=9, LF=5.1%
2026-01-17 09:05:56 | INFO     | [SUCCESS] Day 15MAR
2026-01-17 09:05:56 | INFO     | [DAY_START] Processing 14MAR
2026-01-17 09:05:56 | INFO     | [lf.day.start] Processing ELQ-CAI for 14MAR
2026-01-17 09:05:57 | INFO     | [lf.day.flights_found] Found 1 flights on 14MAR
2026-01-17 09:06:02 | INFO     | [lf.flight.extracted] SM428 on 14MAR: BKG=45, LF=25.7%
2026-01-17 09:06:06 | INFO     | [SUCCESS] Day 14MAR
2026-01-17 09:06:06 | INFO     | [DAY_START] Processing 13MAR
2026-01-17 09:06:06 | INFO     | [lf.day.start] Processing ELQ-CAI for 13MAR
2026-01-17 09:06:07 | WARNING  | [lf.day.no_flights] No direct flights on 13MAR
2026-01-17 09:06:07 | INFO     | [SUCCESS] Day 13MAR
2026-01-17 09:06:07 | INFO     | [DAY_START] Processing 12MAR
2026-01-17 09:06:07 | INFO     | [lf.day.start] Processing ELQ-CAI for 12MAR
2026-01-17 09:06:08 | INFO     | [lf.day.flights_found] Found 1 flights on 12MAR
2026-01-17 09:06:10 | INFO     | [lf.flight.extracted] SM428 on 12MAR: BKG=39, LF=22.3%
2026-01-17 09:06:13 | INFO     | [SUCCESS] Day 12MAR
2026-01-17 09:06:13 | INFO     | [DAY_START] Processing 11MAR
2026-01-17 09:06:13 | INFO     | [lf.day.start] Processing ELQ-CAI for 11MAR
2026-01-17 09:06:16 | WARNING  | [lf.day.no_flights] No direct flights on 11MAR
2026-01-17 09:06:16 | INFO     | [SUCCESS] Day 11MAR
2026-01-17 09:06:16 | INFO     | [DAY_START] Processing 10MAR
2026-01-17 09:06:16 | INFO     | [lf.day.start] Processing ELQ-CAI for 10MAR
2026-01-17 09:06:17 | WARNING  | [lf.day.no_flights] No direct flights on 10MAR
2026-01-17 09:06:17 | INFO     | [SUCCESS] Day 10MAR
2026-01-17 09:06:17 | INFO     | [DAY_START] Processing 09MAR
2026-01-17 09:06:17 | INFO     | [lf.day.start] Processing ELQ-CAI for 09MAR
2026-01-17 09:06:18 | WARNING  | [lf.day.no_flights] No direct flights on 09MAR
2026-01-17 09:06:19 | INFO     | [SUCCESS] Day 09MAR
2026-01-17 09:06:19 | INFO     | [DAY_START] Processing 08MAR
2026-01-17 09:06:19 | INFO     | [lf.day.start] Processing ELQ-CAI for 08MAR
2026-01-17 09:06:20 | INFO     | [lf.day.flights_found] Found 1 flights on 08MAR
2026-01-17 09:06:22 | INFO     | [lf.flight.extracted] SM428 on 08MAR: BKG=33, LF=19.2%
2026-01-17 09:06:26 | INFO     | [SUCCESS] Day 08MAR
2026-01-17 09:06:26 | INFO     | [SUCCESS] LF Search Complete
2026-01-17 09:06:26 | INFO     | [Worker_9234] Completed: ELQ-CAI - 8 results, 0 errors
2026-01-17 09:06:26 | INFO     | [Worker_9234] Processing: ASW-JED
2026-01-17 09:06:26 | INFO     |   Tier 0: Range 3, Chunk 3/3 (8 days)
