2026-01-17 09:05:48 | INFO     | ======================================================================
2026-01-17 09:05:48 | INFO     | Load Factor Scraper Started - Route: GIZ-CAI
2026-01-17 09:05:48 | INFO     | Log file: D:\CODERED\LAB\Artifacts\outputs\run_generated_170126_at_08.47_RETRY\logs\LF_GIZ-CAI_20260117_090548.log
2026-01-17 09:05:48 | INFO     | Enhanced logging: Capturing both logging.info() and print()
2026-01-17 09:05:48 | INFO     | ======================================================================
2026-01-17 09:05:48 | INFO     | Starting LF search for route: GIZ-CAI
2026-01-17 09:05:48 | INFO     | [START] LF Search
2026-01-17 09:05:49 | INFO     | [HEALTH CHECK] [OK] Chrome connection is healthy
2026-01-17 09:05:49 | INFO     | [DAY_START] Processing 15MAR
2026-01-17 09:05:49 | INFO     | [lf.day.start] Processing GIZ-CAI for 15MAR
2026-01-17 09:05:50 | INFO     | [lf.day.flights_found] Found 1 flights on 15MAR
2026-01-17 09:05:53 | INFO     | [lf.flight.extracted] SM330 on 15MAR: BKG=4, LF=2.3%
2026-01-17 09:05:56 | INFO     | [SUCCESS] Day 15MAR
2026-01-17 09:05:56 | INFO     | [DAY_START] Processing 14MAR
2026-01-17 09:05:56 | INFO     | [lf.day.start] Processing GIZ-CAI for 14MAR
2026-01-17 09:06:00 | WARNING  | [lf.day.no_flights] No direct flights on 14MAR
2026-01-17 09:06:00 | INFO     | [SUCCESS] Day 14MAR
2026-01-17 09:06:00 | INFO     | [DAY_START] Processing 13MAR
2026-01-17 09:06:00 | INFO     | [lf.day.start] Processing GIZ-CAI for 13MAR
2026-01-17 09:06:01 | INFO     | [lf.day.flights_found] Found 1 flights on 13MAR
2026-01-17 09:06:03 | INFO     | [lf.flight.extracted] SM330 on 13MAR: BKG=6, LF=3.4%
2026-01-17 09:06:06 | ERROR    | Atomic write failed for D:\CODERED\LAB\Artifacts\outputs\run_generated_170126_at_08.47_RETRY\checkpoints\flight_booking_data.json: [WinError 5] Access is denied: 'D:\\CODERED\\LAB\\Artifacts\\outputs\\run_generated_170126_at_08.47_RETRY\\checkpoints\\flight_booking_data.tmp_c71bfbc4' -> 'D:\\CODERED\\LAB\\Artifacts\\outputs\\run_generated_170126_at_08.47_RETRY\\checkpoints\\flight_booking_data.json'
2026-01-17 09:06:06 | INFO     | [SUCCESS] Day 13MAR
2026-01-17 09:06:06 | INFO     | [DAY_START] Processing 12MAR
2026-01-17 09:06:06 | INFO     | [lf.day.start] Processing GIZ-CAI for 12MAR
2026-01-17 09:06:07 | WARNING  | [lf.day.no_flights] No direct flights on 12MAR
2026-01-17 09:06:07 | INFO     | [SUCCESS] Day 12MAR
2026-01-17 09:06:07 | INFO     | [DAY_START] Processing 11MAR
2026-01-17 09:06:07 | INFO     | [lf.day.start] Processing GIZ-CAI for 11MAR
2026-01-17 09:06:08 | WARNING  | [lf.day.no_flights] No direct flights on 11MAR
2026-01-17 09:06:08 | INFO     | [SUCCESS] Day 11MAR
2026-01-17 09:06:08 | INFO     | [DAY_START] Processing 10MAR
2026-01-17 09:06:08 | INFO     | [lf.day.start] Processing GIZ-CAI for 10MAR
2026-01-17 09:06:09 | WARNING  | [lf.day.no_flights] No direct flights on 10MAR
2026-01-17 09:06:09 | INFO     | [SUCCESS] Day 10MAR
2026-01-17 09:06:09 | INFO     | [DAY_START] Processing 09MAR
2026-01-17 09:06:09 | INFO     | [lf.day.start] Processing GIZ-CAI for 09MAR
2026-01-17 09:06:10 | WARNING  | [lf.day.no_flights] No direct flights on 09MAR
2026-01-17 09:06:10 | INFO     | [SUCCESS] Day 09MAR
2026-01-17 09:06:10 | INFO     | [DAY_START] Processing 08MAR
2026-01-17 09:06:10 | INFO     | [lf.day.start] Processing GIZ-CAI for 08MAR
2026-01-17 09:06:11 | INFO     | [lf.day.flights_found] Found 1 flights on 08MAR
2026-01-17 09:06:13 | INFO     | [lf.flight.extracted] SM330 on 08MAR: BKG=15, LF=8.6%
2026-01-17 09:06:16 | INFO     | [SUCCESS] Day 08MAR
2026-01-17 09:06:16 | INFO     | [SUCCESS] LF Search Complete
2026-01-17 09:06:16 | INFO     | [Worker_9232] Completed: GIZ-CAI - 8 results, 0 errors
2026-01-17 09:06:16 | INFO     | [Worker_9232] Processing: ATZ-JED
2026-01-17 09:06:16 | INFO     |   Tier 0: Range 3, Chunk 3/3 (8 days)
