2026-01-17 08:49:17 | INFO     | ======================================================================
2026-01-17 08:49:17 | INFO     | Load Factor Scraper Started - Route: GIZ-CAI
2026-01-17 08:49:17 | INFO     | Log file: D:\CODERED\LAB\Artifacts\outputs\run_generated_170126_at_08.47_RETRY\logs\LF_GIZ-CAI_20260117_084917.log
2026-01-17 08:49:17 | INFO     | Enhanced logging: Capturing both logging.info() and print()
2026-01-17 08:49:17 | INFO     | ======================================================================
2026-01-17 08:49:17 | INFO     | Starting LF search for route: GIZ-CAI
2026-01-17 08:49:17 | INFO     | [START] LF Search
2026-01-17 08:49:18 | INFO     | [HEALTH CHECK] [OK] Chrome connection is healthy
2026-01-17 08:49:18 | INFO     | [DAY_START] Processing 27APR
2026-01-17 08:49:18 | INFO     | [lf.day.start] Processing GIZ-CAI for 27APR
2026-01-17 08:49:19 | WARNING  | [lf.day.no_flights] No direct flights on 27APR
2026-01-17 08:49:19 | INFO     | [SUCCESS] Day 27APR
2026-01-17 08:49:19 | INFO     | [DAY_START] Processing 26APR
2026-01-17 08:49:19 | INFO     | [lf.day.start] Processing GIZ-CAI for 26APR
2026-01-17 08:49:20 | INFO     | [lf.day.flights_found] Found 1 flights on 26APR
2026-01-17 08:49:22 | INFO     | [lf.flight.extracted] SM330 on 26APR: BKG=0, LF=0.0%
2026-01-17 08:49:24 | INFO     | [SUCCESS] Day 26APR
2026-01-17 08:49:24 | INFO     | [DAY_START] Processing 25APR
2026-01-17 08:49:24 | INFO     | [lf.day.start] Processing GIZ-CAI for 25APR
2026-01-17 08:49:25 | WARNING  | [lf.day.no_flights] No direct flights on 25APR
2026-01-17 08:49:25 | INFO     | [SUCCESS] Day 25APR
2026-01-17 08:49:25 | INFO     | [DAY_START] Processing 24APR
2026-01-17 08:49:25 | INFO     | [lf.day.start] Processing GIZ-CAI for 24APR
2026-01-17 08:49:26 | INFO     | [lf.day.flights_found] Found 1 flights on 24APR
2026-01-17 08:49:28 | INFO     | [lf.flight.extracted] SM330 on 24APR: BKG=3, LF=1.7%
2026-01-17 08:49:31 | INFO     | [SUCCESS] Day 24APR
2026-01-17 08:49:31 | INFO     | [DAY_START] Processing 23APR
2026-01-17 08:49:31 | INFO     | [lf.day.start] Processing GIZ-CAI for 23APR
2026-01-17 08:49:32 | INFO     | [lf.day.flights_found] Found 1 flights on 23APR
2026-01-17 08:49:34 | INFO     | [lf.flight.extracted] SM330 on 23APR: BKG=0, LF=0.0%
2026-01-17 08:49:35 | INFO     | [SUCCESS] Day 23APR
2026-01-17 08:49:35 | INFO     | [DAY_START] Processing 22APR
2026-01-17 08:49:35 | INFO     | [lf.day.start] Processing GIZ-CAI for 22APR
2026-01-17 08:49:36 | WARNING  | [lf.day.no_flights] No direct flights on 22APR
2026-01-17 08:49:37 | INFO     | [SUCCESS] Day 22APR
2026-01-17 08:49:37 | INFO     | [DAY_START] Processing 21APR
2026-01-17 08:49:37 | INFO     | [lf.day.start] Processing GIZ-CAI for 21APR
2026-01-17 08:49:38 | WARNING  | [lf.day.no_flights] No direct flights on 21APR
2026-01-17 08:49:38 | INFO     | [SUCCESS] Day 21APR
2026-01-17 08:49:38 | INFO     | [DAY_START] Processing 20APR
2026-01-17 08:49:38 | INFO     | [lf.day.start] Processing GIZ-CAI for 20APR
2026-01-17 08:49:39 | WARNING  | [lf.day.no_flights] No direct flights on 20APR
2026-01-17 08:49:39 | INFO     | [SUCCESS] Day 20APR
2026-01-17 08:49:39 | INFO     | [DAY_START] Processing 19APR
2026-01-17 08:49:39 | INFO     | [lf.day.start] Processing GIZ-CAI for 19APR
2026-01-17 08:49:40 | INFO     | [lf.day.flights_found] Found 1 flights on 19APR
2026-01-17 08:49:42 | INFO     | [lf.flight.extracted] SM330 on 19APR: BKG=4, LF=2.3%
2026-01-17 08:49:44 | INFO     | [SUCCESS] Day 19APR
2026-01-17 08:49:44 | INFO     | [SUCCESS] LF Search Complete
2026-01-17 08:49:44 | INFO     | [Worker_9222] Completed: GIZ-CAI - 9 results, 0 errors
2026-01-17 08:49:44 | INFO     | [Worker_9222] Processing: ASW-JED
2026-01-17 08:49:44 | INFO     |   Tier 0: Range 4, Chunk 1/3 (9 days)
