2026-01-17 08:57:52 | INFO     | ======================================================================
2026-01-17 08:57:52 | INFO     | Load Factor Scraper Started - Route: GIZ-CAI
2026-01-17 08:57:52 | INFO     | Log file: D:\CODERED\LAB\Artifacts\outputs\run_generated_170126_at_08.47_RETRY\logs\LF_GIZ-CAI_20260117_085752.log
2026-01-17 08:57:52 | INFO     | Enhanced logging: Capturing both logging.info() and print()
2026-01-17 08:57:52 | INFO     | ======================================================================
2026-01-17 08:57:52 | INFO     | Starting LF search for route: GIZ-CAI
2026-01-17 08:57:52 | INFO     | [START] LF Search
2026-01-17 08:57:53 | INFO     | [HEALTH CHECK] [OK] Chrome connection is healthy
2026-01-17 08:57:53 | INFO     | [DAY_START] Processing 01APR
2026-01-17 08:57:53 | INFO     | [lf.day.start] Processing GIZ-CAI for 01APR
2026-01-17 08:57:54 | WARNING  | [lf.day.no_flights] No direct flights on 01APR
2026-01-17 08:57:54 | INFO     | [SUCCESS] Day 01APR
2026-01-17 08:57:54 | INFO     | [DAY_START] Processing 31MAR
2026-01-17 08:57:54 | INFO     | [lf.day.start] Processing GIZ-CAI for 31MAR
2026-01-17 08:57:55 | WARNING  | [lf.day.no_flights] No direct flights on 31MAR
2026-01-17 08:57:55 | INFO     | [SUCCESS] Day 31MAR
2026-01-17 08:57:55 | INFO     | [DAY_START] Processing 30MAR
2026-01-17 08:57:55 | INFO     | [lf.day.start] Processing GIZ-CAI for 30MAR
2026-01-17 08:57:56 | WARNING  | [lf.day.no_flights] No direct flights on 30MAR
2026-01-17 08:57:57 | INFO     | [SUCCESS] Day 30MAR
2026-01-17 08:57:57 | INFO     | [DAY_START] Processing 29MAR
2026-01-17 08:57:57 | INFO     | [lf.day.start] Processing GIZ-CAI for 29MAR
2026-01-17 08:57:57 | INFO     | [lf.day.flights_found] Found 1 flights on 29MAR
2026-01-17 08:57:59 | INFO     | [lf.flight.extracted] SM330 on 29MAR: BKG=0, LF=0.0%
2026-01-17 08:58:01 | INFO     | [SUCCESS] Day 29MAR
2026-01-17 08:58:01 | INFO     | [DAY_START] Processing 28MAR
2026-01-17 08:58:01 | INFO     | [lf.day.start] Processing GIZ-CAI for 28MAR
2026-01-17 08:58:02 | WARNING  | [lf.day.no_flights] No direct flights on 28MAR
2026-01-17 08:58:02 | INFO     | [SUCCESS] Day 28MAR
2026-01-17 08:58:02 | INFO     | [DAY_START] Processing 27MAR
2026-01-17 08:58:02 | INFO     | [lf.day.start] Processing GIZ-CAI for 27MAR
2026-01-17 08:58:03 | INFO     | [lf.day.flights_found] Found 1 flights on 27MAR
2026-01-17 08:58:05 | INFO     | [lf.flight.extracted] SM330 on 27MAR: BKG=5, LF=2.9%
2026-01-17 08:58:07 | INFO     | [SUCCESS] Day 27MAR
2026-01-17 08:58:07 | INFO     | [DAY_START] Processing 26MAR
2026-01-17 08:58:07 | INFO     | [lf.day.start] Processing GIZ-CAI for 26MAR
2026-01-17 08:58:08 | WARNING  | [lf.day.no_flights] No direct flights on 26MAR
2026-01-17 08:58:09 | INFO     | [SUCCESS] Day 26MAR
2026-01-17 08:58:09 | INFO     | [DAY_START] Processing 25MAR
2026-01-17 08:58:09 | INFO     | [lf.day.start] Processing GIZ-CAI for 25MAR
2026-01-17 08:58:09 | WARNING  | [lf.day.no_flights] No direct flights on 25MAR
2026-01-17 08:58:10 | INFO     | [SUCCESS] Day 25MAR
2026-01-17 08:58:10 | INFO     | [DAY_START] Processing 24MAR
2026-01-17 08:58:10 | INFO     | [lf.day.start] Processing GIZ-CAI for 24MAR
2026-01-17 08:58:11 | WARNING  | [lf.day.no_flights] No direct flights on 24MAR
2026-01-17 08:58:11 | INFO     | [SUCCESS] Day 24MAR
2026-01-17 08:58:11 | INFO     | [SUCCESS] LF Search Complete
2026-01-17 08:58:11 | INFO     | [Worker_9222] Completed: GIZ-CAI - 9 results, 0 errors
2026-01-17 08:58:11 | INFO     | [Worker_9222] Processing: ATZ-MED
2026-01-17 08:58:11 | INFO     |   Tier 0: Range 3, Chunk 1/3 (9 days)
