2026-01-17 09:13:38 | INFO     | ======================================================================
2026-01-17 09:13:38 | INFO     | Load Factor Scraper Started - Route: GIZ-CAI
2026-01-17 09:13:38 | INFO     | Log file: D:\CODERED\LAB\Artifacts\outputs\run_generated_170126_at_08.47_RETRY\logs\LF_GIZ-CAI_20260117_091338.log
2026-01-17 09:13:38 | INFO     | Enhanced logging: Capturing both logging.info() and print()
2026-01-17 09:13:38 | INFO     | ======================================================================
2026-01-17 09:13:38 | INFO     | Starting LF search for route: GIZ-CAI
2026-01-17 09:13:38 | INFO     | [START] LF Search
2026-01-17 09:13:39 | INFO     | [HEALTH CHECK] [OK] Chrome connection is healthy
2026-01-17 09:13:39 | INFO     | [DAY_START] Processing 26FEB
2026-01-17 09:13:39 | INFO     | [lf.day.start] Processing GIZ-CAI for 26FEB
2026-01-17 09:13:40 | WARNING  | [lf.day.no_flights] No direct flights on 26FEB
2026-01-17 09:13:40 | INFO     | [SUCCESS] Day 26FEB
2026-01-17 09:13:40 | INFO     | [DAY_START] Processing 25FEB
2026-01-17 09:13:40 | INFO     | [lf.day.start] Processing GIZ-CAI for 25FEB
2026-01-17 09:13:41 | WARNING  | [lf.day.no_flights] No direct flights on 25FEB
2026-01-17 09:13:41 | INFO     | [SUCCESS] Day 25FEB
2026-01-17 09:13:41 | INFO     | [DAY_START] Processing 24FEB
2026-01-17 09:13:41 | INFO     | [lf.day.start] Processing GIZ-CAI for 24FEB
2026-01-17 09:13:42 | WARNING  | [lf.day.no_flights] No direct flights on 24FEB
2026-01-17 09:13:42 | INFO     | [SUCCESS] Day 24FEB
2026-01-17 09:13:42 | INFO     | [DAY_START] Processing 23FEB
2026-01-17 09:13:42 | INFO     | [lf.day.start] Processing GIZ-CAI for 23FEB
2026-01-17 09:13:43 | WARNING  | [lf.day.no_flights] No direct flights on 23FEB
2026-01-17 09:13:43 | INFO     | [SUCCESS] Day 23FEB
2026-01-17 09:13:43 | INFO     | [DAY_START] Processing 22FEB
2026-01-17 09:13:43 | INFO     | [lf.day.start] Processing GIZ-CAI for 22FEB
2026-01-17 09:13:44 | INFO     | [lf.day.flights_found] Found 1 flights on 22FEB
2026-01-17 09:13:46 | INFO     | [lf.flight.extracted] SM330 on 22FEB: BKG=18, LF=10.3%
2026-01-17 09:13:49 | INFO     | [SUCCESS] Day 22FEB
2026-01-17 09:13:49 | INFO     | [DAY_START] Processing 21FEB
2026-01-17 09:13:49 | INFO     | [lf.day.start] Processing GIZ-CAI for 21FEB
2026-01-17 09:13:50 | WARNING  | [lf.day.no_flights] No direct flights on 21FEB
2026-01-17 09:13:50 | INFO     | [SUCCESS] Day 21FEB
2026-01-17 09:13:50 | INFO     | [DAY_START] Processing 20FEB
2026-01-17 09:13:50 | INFO     | [lf.day.start] Processing GIZ-CAI for 20FEB
2026-01-17 09:13:51 | INFO     | [lf.day.flights_found] Found 1 flights on 20FEB
2026-01-17 09:13:53 | INFO     | [lf.flight.extracted] SM330 on 20FEB: BKG=6, LF=3.4%
2026-01-17 09:13:56 | INFO     | [SUCCESS] Day 20FEB
2026-01-17 09:13:56 | INFO     | [DAY_START] Processing 19FEB
2026-01-17 09:13:56 | INFO     | [lf.day.start] Processing GIZ-CAI for 19FEB
2026-01-17 09:13:57 | WARNING  | [lf.day.no_flights] No direct flights on 19FEB
2026-01-17 09:13:57 | INFO     | [SUCCESS] Day 19FEB
2026-01-17 09:13:57 | INFO     | [SUCCESS] LF Search Complete
2026-01-17 09:13:57 | INFO     | [Worker_9223] Completed: GIZ-CAI - 8 results, 0 errors
2026-01-17 09:13:57 | INFO     | [Worker_9223] Processing: HBE-JED
2026-01-17 09:13:57 | INFO     |   Tier 0: Range 2, Chunk 2/3 (8 days)
