2026-01-17 09:17:56 | INFO     | ======================================================================
2026-01-17 09:17:56 | INFO     | Load Factor Scraper Started - Route: GIZ-CAI
2026-01-17 09:17:56 | INFO     | Log file: D:\CODERED\LAB\Artifacts\outputs\run_generated_170126_at_08.47_RETRY\logs\LF_GIZ-CAI_20260117_091756.log
2026-01-17 09:17:56 | INFO     | Enhanced logging: Capturing both logging.info() and print()
2026-01-17 09:17:56 | INFO     | ======================================================================
2026-01-17 09:17:56 | INFO     | Starting LF search for route: GIZ-CAI
2026-01-17 09:17:56 | INFO     | [START] LF Search
2026-01-17 09:17:57 | INFO     | [HEALTH CHECK] [OK] Chrome connection is healthy
2026-01-17 09:17:57 | INFO     | [DAY_START] Processing 18FEB
2026-01-17 09:17:57 | INFO     | [lf.day.start] Processing GIZ-CAI for 18FEB
2026-01-17 09:17:58 | WARNING  | [lf.day.no_flights] No direct flights on 18FEB
2026-01-17 09:17:58 | INFO     | [SUCCESS] Day 18FEB
2026-01-17 09:17:58 | INFO     | [DAY_START] Processing 17FEB
2026-01-17 09:17:58 | INFO     | [lf.day.start] Processing GIZ-CAI for 17FEB
2026-01-17 09:17:59 | WARNING  | [lf.day.no_flights] No direct flights on 17FEB
2026-01-17 09:17:59 | INFO     | [SUCCESS] Day 17FEB
2026-01-17 09:17:59 | INFO     | [DAY_START] Processing 16FEB
2026-01-17 09:17:59 | INFO     | [lf.day.start] Processing GIZ-CAI for 16FEB
2026-01-17 09:18:00 | WARNING  | [lf.day.no_flights] No direct flights on 16FEB
2026-01-17 09:18:00 | INFO     | [SUCCESS] Day 16FEB
2026-01-17 09:18:00 | INFO     | [DAY_START] Processing 15FEB
2026-01-17 09:18:00 | INFO     | [lf.day.start] Processing GIZ-CAI for 15FEB
2026-01-17 09:18:01 | INFO     | [lf.day.flights_found] Found 1 flights on 15FEB
2026-01-17 09:18:03 | INFO     | [lf.flight.extracted] SM330 on 15FEB: BKG=27, LF=15.4%
2026-01-17 09:18:06 | INFO     | [SUCCESS] Day 15FEB
2026-01-17 09:18:06 | INFO     | [DAY_START] Processing 14FEB
2026-01-17 09:18:06 | INFO     | [lf.day.start] Processing GIZ-CAI for 14FEB
2026-01-17 09:18:07 | WARNING  | [lf.day.no_flights] No direct flights on 14FEB
2026-01-17 09:18:07 | INFO     | [SUCCESS] Day 14FEB
2026-01-17 09:18:07 | INFO     | [DAY_START] Processing 13FEB
2026-01-17 09:18:07 | INFO     | [lf.day.start] Processing GIZ-CAI for 13FEB
2026-01-17 09:18:09 | INFO     | [lf.day.flights_found] Found 1 flights on 13FEB
2026-01-17 09:18:10 | INFO     | [lf.flight.extracted] SM330 on 13FEB: BKG=23, LF=13.1%
2026-01-17 09:18:14 | INFO     | [SUCCESS] Day 13FEB
2026-01-17 09:18:14 | INFO     | [DAY_START] Processing 12FEB
2026-01-17 09:18:14 | INFO     | [lf.day.start] Processing GIZ-CAI for 12FEB
2026-01-17 09:18:15 | WARNING  | [lf.day.no_flights] No direct flights on 12FEB
2026-01-17 09:18:15 | INFO     | [SUCCESS] Day 12FEB
2026-01-17 09:18:15 | INFO     | [DAY_START] Processing 11FEB
2026-01-17 09:18:15 | INFO     | [lf.day.start] Processing GIZ-CAI for 11FEB
2026-01-17 09:18:16 | WARNING  | [lf.day.no_flights] No direct flights on 11FEB
2026-01-17 09:18:16 | INFO     | [SUCCESS] Day 11FEB
2026-01-17 09:18:16 | INFO     | [SUCCESS] LF Search Complete
2026-01-17 09:18:16 | INFO     | [Worker_9222] Completed: GIZ-CAI - 8 results, 0 errors
2026-01-17 09:18:16 | INFO     | [Worker_9222] Processing: ATZ-MED
2026-01-17 09:18:16 | INFO     |   Tier 0: Range 2, Chunk 3/3 (8 days)
