2026-01-17 08:49:30 | INFO     | ======================================================================
2026-01-17 08:49:30 | INFO     | Load Factor Scraper Started - Route: HBE-JED
2026-01-17 08:49:30 | INFO     | Log file: D:\CODERED\LAB\Artifacts\outputs\run_generated_170126_at_08.47_RETRY\logs\LF_HBE-JED_20260117_084930.log
2026-01-17 08:49:30 | INFO     | Enhanced logging: Capturing both logging.info() and print()
2026-01-17 08:49:30 | INFO     | ======================================================================
2026-01-17 08:49:30 | INFO     | Starting LF search for route: HBE-JED
2026-01-17 08:49:30 | INFO     | [START] LF Search
2026-01-17 08:49:31 | INFO     | [HEALTH CHECK] [OK] Chrome connection is healthy
2026-01-17 08:49:31 | INFO     | [DAY_START] Processing 27APR
2026-01-17 08:49:31 | INFO     | [lf.day.start] Processing HBE-JED for 27APR
2026-01-17 08:49:33 | INFO     | [lf.day.flights_found] Found 1 flights on 27APR
2026-01-17 08:49:34 | INFO     | [lf.flight.extracted] SM451 on 27APR: BKG=1, LF=0.6%
2026-01-17 08:49:37 | INFO     | [SUCCESS] Day 27APR
2026-01-17 08:49:37 | INFO     | [DAY_START] Processing 26APR
2026-01-17 08:49:37 | INFO     | [lf.day.start] Processing HBE-JED for 26APR
2026-01-17 08:49:38 | INFO     | [lf.day.flights_found] Found 1 flights on 26APR
2026-01-17 08:49:40 | INFO     | [lf.flight.extracted] SM451 on 26APR: BKG=2, LF=1.1%
2026-01-17 08:49:42 | INFO     | [SUCCESS] Day 26APR
2026-01-17 08:49:42 | INFO     | [DAY_START] Processing 25APR
2026-01-17 08:49:42 | INFO     | [lf.day.start] Processing HBE-JED for 25APR
2026-01-17 08:49:43 | INFO     | [lf.day.flights_found] Found 1 flights on 25APR
2026-01-17 08:49:45 | INFO     | [lf.flight.extracted] SM451 on 25APR: BKG=6, LF=3.4%
2026-01-17 08:49:49 | INFO     | [SUCCESS] Day 25APR
2026-01-17 08:49:49 | INFO     | [DAY_START] Processing 24APR
2026-01-17 08:49:49 | INFO     | [lf.day.start] Processing HBE-JED for 24APR
2026-01-17 08:49:50 | WARNING  | [lf.day.no_flights] No direct flights on 24APR
2026-01-17 08:49:50 | INFO     | [SUCCESS] Day 24APR
2026-01-17 08:49:50 | INFO     | [DAY_START] Processing 23APR
2026-01-17 08:49:50 | INFO     | [lf.day.start] Processing HBE-JED for 23APR
2026-01-17 08:49:52 | INFO     | [lf.day.flights_found] Found 1 flights on 23APR
2026-01-17 08:49:54 | INFO     | [lf.flight.extracted] SM451 on 23APR: BKG=2, LF=1.1%
2026-01-17 08:49:56 | INFO     | [SUCCESS] Day 23APR
2026-01-17 08:49:56 | INFO     | [DAY_START] Processing 22APR
2026-01-17 08:49:56 | INFO     | [lf.day.start] Processing HBE-JED for 22APR
2026-01-17 08:49:57 | INFO     | [lf.day.flights_found] Found 1 flights on 22APR
2026-01-17 08:49:59 | INFO     | [lf.flight.extracted] SM451 on 22APR: BKG=0, LF=0.0%
2026-01-17 08:50:00 | INFO     | [SUCCESS] Day 22APR
2026-01-17 08:50:00 | INFO     | [DAY_START] Processing 21APR
2026-01-17 08:50:00 | INFO     | [lf.day.start] Processing HBE-JED for 21APR
2026-01-17 08:50:01 | WARNING  | [lf.day.no_flights] No direct flights on 21APR
2026-01-17 08:50:01 | INFO     | [SUCCESS] Day 21APR
2026-01-17 08:50:01 | INFO     | [DAY_START] Processing 20APR
2026-01-17 08:50:01 | INFO     | [lf.day.start] Processing HBE-JED for 20APR
2026-01-17 08:50:02 | INFO     | [lf.day.flights_found] Found 1 flights on 20APR
2026-01-17 08:50:04 | INFO     | [lf.flight.extracted] SM451 on 20APR: BKG=1, LF=0.6%
2026-01-17 08:50:07 | INFO     | [SUCCESS] Day 20APR
2026-01-17 08:50:07 | INFO     | [DAY_START] Processing 19APR
2026-01-17 08:50:07 | INFO     | [lf.day.start] Processing HBE-JED for 19APR
2026-01-17 08:50:08 | INFO     | [lf.day.flights_found] Found 1 flights on 19APR
2026-01-17 08:50:09 | INFO     | [lf.flight.extracted] SM451 on 19APR: BKG=0, LF=0.0%
2026-01-17 08:50:11 | INFO     | [SUCCESS] Day 19APR
2026-01-17 08:50:11 | INFO     | [SUCCESS] LF Search Complete
2026-01-17 08:50:11 | INFO     | [Worker_9234] Completed: HBE-JED - 9 results, 0 errors
2026-01-17 08:50:11 | INFO     | [Worker_9234] Processing: ATZ-AJF
2026-01-17 08:50:11 | INFO     |   Tier 0: Range 4, Chunk 1/3 (9 days)
