2026-01-17 08:58:00 | INFO     | ======================================================================
2026-01-17 08:58:00 | INFO     | Load Factor Scraper Started - Route: HBE-MED
2026-01-17 08:58:00 | INFO     | Log file: D:\CODERED\LAB\Artifacts\outputs\run_generated_170126_at_08.47_RETRY\logs\LF_HBE-MED_20260117_085800.log
2026-01-17 08:58:00 | INFO     | Enhanced logging: Capturing both logging.info() and print()
2026-01-17 08:58:00 | INFO     | ======================================================================
2026-01-17 08:58:00 | INFO     | Starting LF search for route: HBE-MED
2026-01-17 08:58:00 | INFO     | [START] LF Search
2026-01-17 08:58:01 | INFO     | [HEALTH CHECK] [OK] Chrome connection is healthy
2026-01-17 08:58:01 | INFO     | [DAY_START] Processing 01APR
2026-01-17 08:58:01 | INFO     | [lf.day.start] Processing HBE-MED for 01APR
2026-01-17 08:58:02 | WARNING  | [lf.day.no_flights] No direct flights on 01APR
2026-01-17 08:58:02 | INFO     | [SUCCESS] Day 01APR
2026-01-17 08:58:02 | INFO     | [DAY_START] Processing 31MAR
2026-01-17 08:58:02 | INFO     | [lf.day.start] Processing HBE-MED for 31MAR
2026-01-17 08:58:03 | WARNING  | [lf.day.no_flights] No direct flights on 31MAR
2026-01-17 08:58:04 | INFO     | [SUCCESS] Day 31MAR
2026-01-17 08:58:04 | INFO     | [DAY_START] Processing 30MAR
2026-01-17 08:58:04 | INFO     | [lf.day.start] Processing HBE-MED for 30MAR
2026-01-17 08:58:05 | WARNING  | [lf.day.no_flights] No direct flights on 30MAR
2026-01-17 08:58:05 | INFO     | [SUCCESS] Day 30MAR
2026-01-17 08:58:05 | INFO     | [DAY_START] Processing 29MAR
2026-01-17 08:58:05 | INFO     | [lf.day.start] Processing HBE-MED for 29MAR
2026-01-17 08:58:06 | INFO     | [lf.day.flights_found] Found 1 flights on 29MAR
2026-01-17 08:58:08 | INFO     | [lf.flight.extracted] SM485 on 29MAR: BKG=11, LF=6.2%
2026-01-17 08:58:10 | INFO     | [SUCCESS] Day 29MAR
2026-01-17 08:58:10 | INFO     | [DAY_START] Processing 28MAR
2026-01-17 08:58:10 | INFO     | [lf.day.start] Processing HBE-MED for 28MAR
2026-01-17 08:58:11 | WARNING  | [lf.day.no_flights] No direct flights on 28MAR
2026-01-17 08:58:11 | INFO     | [SUCCESS] Day 28MAR
2026-01-17 08:58:11 | INFO     | [DAY_START] Processing 27MAR
2026-01-17 08:58:11 | INFO     | [lf.day.start] Processing HBE-MED for 27MAR
2026-01-17 08:58:12 | WARNING  | [lf.day.no_flights] No direct flights on 27MAR
2026-01-17 08:58:12 | INFO     | [SUCCESS] Day 27MAR
2026-01-17 08:58:12 | INFO     | [DAY_START] Processing 26MAR
2026-01-17 08:58:12 | INFO     | [lf.day.start] Processing HBE-MED for 26MAR
2026-01-17 08:58:13 | INFO     | [lf.day.flights_found] Found 1 flights on 26MAR
2026-01-17 08:58:15 | INFO     | [lf.flight.extracted] SM485 on 26MAR: BKG=61, LF=34.1%
2026-01-17 08:58:18 | INFO     | [SUCCESS] Day 26MAR
2026-01-17 08:58:18 | INFO     | [DAY_START] Processing 25MAR
2026-01-17 08:58:18 | INFO     | [lf.day.start] Processing HBE-MED for 25MAR
2026-01-17 08:58:19 | INFO     | [lf.day.flights_found] Found 1 flights on 25MAR
2026-01-17 08:58:22 | INFO     | [lf.flight.extracted] SM485 on 25MAR: BKG=6, LF=3.4%
2026-01-17 08:58:24 | INFO     | [SUCCESS] Day 25MAR
2026-01-17 08:58:24 | INFO     | [DAY_START] Processing 24MAR
2026-01-17 08:58:24 | INFO     | [lf.day.start] Processing HBE-MED for 24MAR
2026-01-17 08:58:25 | INFO     | [lf.day.flights_found] Found 3 flights on 24MAR
2026-01-17 08:58:27 | INFO     | [lf.flight.extracted] SM485 on 24MAR: BKG=3, LF=1.7%
2026-01-17 08:58:30 | INFO     | [lf.flight.extracted] SM973 on 24MAR: BKG=0, LF=0.0%
2026-01-17 08:58:33 | INFO     | [lf.flight.extracted] SM983 on 24MAR: BKG=0, LF=0.0%
2026-01-17 08:58:36 | INFO     | [SUCCESS] Day 24MAR
2026-01-17 08:58:36 | INFO     | [SUCCESS] LF Search Complete
2026-01-17 08:58:36 | INFO     | [Worker_9225] Completed: HBE-MED - 9 results, 0 errors
2026-01-17 08:58:36 | INFO     | [Worker_9225] Processing: ASW-JED
2026-01-17 08:58:36 | INFO     |   Tier 0: Range 3, Chunk 1/3 (9 days)
