2026-01-17 09:06:06 | INFO     | ======================================================================
2026-01-17 09:06:06 | INFO     | Load Factor Scraper Started - Route: HBE-MED
2026-01-17 09:06:06 | INFO     | Log file: D:\CODERED\LAB\Artifacts\outputs\run_generated_170126_at_08.47_RETRY\logs\LF_HBE-MED_20260117_090606.log
2026-01-17 09:06:06 | INFO     | Enhanced logging: Capturing both logging.info() and print()
2026-01-17 09:06:06 | INFO     | ======================================================================
2026-01-17 09:06:06 | INFO     | Starting LF search for route: HBE-MED
2026-01-17 09:06:06 | INFO     | [START] LF Search
2026-01-17 09:06:07 | INFO     | [HEALTH CHECK] [OK] Chrome connection is healthy
2026-01-17 09:06:07 | INFO     | [DAY_START] Processing 15MAR
2026-01-17 09:06:07 | INFO     | [lf.day.start] Processing HBE-MED for 15MAR
2026-01-17 09:06:08 | INFO     | [lf.day.flights_found] Found 1 flights on 15MAR
2026-01-17 09:06:09 | INFO     | [lf.flight.extracted] SM485 on 15MAR: BKG=0, LF=0.0%
2026-01-17 09:06:11 | INFO     | [SUCCESS] Day 15MAR
2026-01-17 09:06:11 | INFO     | [DAY_START] Processing 14MAR
2026-01-17 09:06:11 | INFO     | [lf.day.start] Processing HBE-MED for 14MAR
2026-01-17 09:06:12 | WARNING  | [lf.day.no_flights] No direct flights on 14MAR
2026-01-17 09:06:12 | INFO     | [SUCCESS] Day 14MAR
2026-01-17 09:06:12 | INFO     | [DAY_START] Processing 13MAR
2026-01-17 09:06:12 | INFO     | [lf.day.start] Processing HBE-MED for 13MAR
2026-01-17 09:06:13 | WARNING  | [lf.day.no_flights] No direct flights on 13MAR
2026-01-17 09:06:13 | INFO     | [SUCCESS] Day 13MAR
2026-01-17 09:06:13 | INFO     | [DAY_START] Processing 12MAR
2026-01-17 09:06:13 | INFO     | [lf.day.start] Processing HBE-MED for 12MAR
2026-01-17 09:06:14 | INFO     | [lf.day.flights_found] Found 1 flights on 12MAR
2026-01-17 09:06:16 | INFO     | [lf.flight.extracted] SM485 on 12MAR: BKG=1, LF=0.6%
2026-01-17 09:06:19 | INFO     | [SUCCESS] Day 12MAR
2026-01-17 09:06:19 | INFO     | [DAY_START] Processing 11MAR
2026-01-17 09:06:19 | INFO     | [lf.day.start] Processing HBE-MED for 11MAR
2026-01-17 09:06:20 | INFO     | [lf.day.flights_found] Found 1 flights on 11MAR
2026-01-17 09:06:22 | INFO     | [lf.flight.extracted] SM485 on 11MAR: BKG=5, LF=2.8%
2026-01-17 09:06:25 | INFO     | [SUCCESS] Day 11MAR
2026-01-17 09:06:25 | INFO     | [DAY_START] Processing 10MAR
2026-01-17 09:06:25 | INFO     | [lf.day.start] Processing HBE-MED for 10MAR
2026-01-17 09:06:26 | INFO     | [lf.day.flights_found] Found 1 flights on 10MAR
2026-01-17 09:06:43 | INFO     | [lf.flight.extracted] SM485 on 10MAR: BKG=2, LF=1.1%
2026-01-17 09:06:45 | INFO     | [SUCCESS] Day 10MAR
2026-01-17 09:06:45 | INFO     | [DAY_START] Processing 09MAR
2026-01-17 09:06:45 | INFO     | [lf.day.start] Processing HBE-MED for 09MAR
2026-01-17 09:06:47 | WARNING  | [lf.day.no_flights] No direct flights on 09MAR
2026-01-17 09:06:47 | INFO     | [SUCCESS] Day 09MAR
2026-01-17 09:06:47 | INFO     | [DAY_START] Processing 08MAR
2026-01-17 09:06:47 | INFO     | [lf.day.start] Processing HBE-MED for 08MAR
2026-01-17 09:06:48 | INFO     | [lf.day.flights_found] Found 1 flights on 08MAR
2026-01-17 09:06:50 | INFO     | [lf.flight.extracted] SM485 on 08MAR: BKG=15, LF=8.4%
2026-01-17 09:06:53 | INFO     | [SUCCESS] Day 08MAR
2026-01-17 09:06:53 | INFO     | [SUCCESS] LF Search Complete
2026-01-17 09:06:53 | INFO     | [Worker_9225] Completed: HBE-MED - 8 results, 0 errors
2026-01-17 09:06:53 | INFO     | [Worker_9225] Processing: ATZ-DMM
2026-01-17 09:06:53 | INFO     |   Tier 0: Range 3, Chunk 3/3 (8 days)
