2026-01-17 09:02:16 | INFO     | ======================================================================
2026-01-17 09:02:16 | INFO     | Load Factor Scraper Started - Route: HBE-JED
2026-01-17 09:02:16 | INFO     | Log file: D:\CODERED\LAB\Artifacts\outputs\run_generated_170126_at_08.47_RETRY\logs\LF_HBE-JED_20260117_090216.log
2026-01-17 09:02:16 | INFO     | Enhanced logging: Capturing both logging.info() and print()
2026-01-17 09:02:16 | INFO     | ======================================================================
2026-01-17 09:02:16 | INFO     | Starting LF search for route: HBE-JED
2026-01-17 09:02:16 | INFO     | [START] LF Search
2026-01-17 09:02:17 | INFO     | [HEALTH CHECK] [OK] Chrome connection is healthy
2026-01-17 09:02:17 | INFO     | [DAY_START] Processing 23MAR
2026-01-17 09:02:17 | INFO     | [lf.day.start] Processing HBE-JED for 23MAR
2026-01-17 09:02:18 | INFO     | [lf.day.flights_found] Found 3 flights on 23MAR
2026-01-17 09:02:20 | INFO     | [lf.flight.extracted] SM457 on 23MAR: BKG=2, LF=1.1%
2026-01-17 09:02:23 | INFO     | [lf.flight.extracted] SM451 on 23MAR: BKG=2, LF=1.1%
2026-01-17 09:02:26 | INFO     | [lf.flight.extracted] SM951 on 23MAR: BKG=0, LF=0.0%
2026-01-17 09:02:30 | INFO     | [SUCCESS] Day 23MAR
2026-01-17 09:02:30 | INFO     | [DAY_START] Processing 22MAR
2026-01-17 09:02:30 | INFO     | [lf.day.start] Processing HBE-JED for 22MAR
2026-01-17 09:02:31 | INFO     | [lf.day.flights_found] Found 2 flights on 22MAR
2026-01-17 09:02:33 | INFO     | [lf.flight.extracted] SM451 on 22MAR: BKG=0, LF=0.0%
2026-01-17 09:02:36 | INFO     | [lf.flight.extracted] SM457 on 22MAR: BKG=0, LF=0.0%
2026-01-17 09:02:37 | INFO     | [SUCCESS] Day 22MAR
2026-01-17 09:02:37 | INFO     | [DAY_START] Processing 21MAR
2026-01-17 09:02:37 | INFO     | [lf.day.start] Processing HBE-JED for 21MAR
2026-01-17 09:02:38 | INFO     | [lf.day.flights_found] Found 2 flights on 21MAR
2026-01-17 09:02:40 | INFO     | [lf.flight.extracted] SM457 on 21MAR: BKG=0, LF=0.0%
2026-01-17 09:02:43 | INFO     | [lf.flight.extracted] SM451 on 21MAR: BKG=0, LF=0.0%
2026-01-17 09:02:44 | INFO     | [SUCCESS] Day 21MAR
2026-01-17 09:02:44 | INFO     | [DAY_START] Processing 20MAR
2026-01-17 09:02:44 | INFO     | [lf.day.start] Processing HBE-JED for 20MAR
2026-01-17 09:02:46 | INFO     | [lf.day.flights_found] Found 1 flights on 20MAR
2026-01-17 09:02:48 | INFO     | [lf.flight.extracted] SM451 on 20MAR: BKG=0, LF=0.0%
2026-01-17 09:02:49 | INFO     | [SUCCESS] Day 20MAR
2026-01-17 09:02:49 | INFO     | [DAY_START] Processing 19MAR
2026-01-17 09:02:49 | INFO     | [lf.day.start] Processing HBE-JED for 19MAR
2026-01-17 09:02:50 | INFO     | [lf.day.flights_found] Found 1 flights on 19MAR
2026-01-17 09:02:52 | INFO     | [lf.flight.extracted] SM451 on 19MAR: BKG=0, LF=0.0%
2026-01-17 09:02:53 | INFO     | [SUCCESS] Day 19MAR
2026-01-17 09:02:53 | INFO     | [DAY_START] Processing 18MAR
2026-01-17 09:02:53 | INFO     | [lf.day.start] Processing HBE-JED for 18MAR
2026-01-17 09:02:54 | INFO     | [lf.day.flights_found] Found 4 flights on 18MAR
2026-01-17 09:02:56 | INFO     | [lf.flight.extracted] SM451 on 18MAR: BKG=0, LF=0.0%
2026-01-17 09:03:00 | INFO     | [lf.flight.extracted] SM475 on 18MAR: BKG=0, LF=0.0%
2026-01-17 09:03:03 | INFO     | [lf.flight.extracted] SM457 on 18MAR: BKG=0, LF=0.0%
2026-01-17 09:03:06 | INFO     | [lf.flight.extracted] SM473 on 18MAR: BKG=0, LF=0.0%
2026-01-17 09:03:07 | INFO     | [SUCCESS] Day 18MAR
2026-01-17 09:03:07 | INFO     | [DAY_START] Processing 17MAR
2026-01-17 09:03:07 | INFO     | [lf.day.start] Processing HBE-JED for 17MAR
2026-01-17 09:03:08 | INFO     | [lf.day.flights_found] Found 1 flights on 17MAR
2026-01-17 09:03:10 | INFO     | [lf.flight.extracted] SM451 on 17MAR: BKG=0, LF=0.0%
2026-01-17 09:03:11 | INFO     | [SUCCESS] Day 17MAR
2026-01-17 09:03:11 | INFO     | [DAY_START] Processing 16MAR
2026-01-17 09:03:11 | INFO     | [lf.day.start] Processing HBE-JED for 16MAR
2026-01-17 09:03:12 | INFO     | [lf.day.flights_found] Found 2 flights on 16MAR
2026-01-17 09:03:14 | INFO     | [lf.flight.extracted] SM457 on 16MAR: BKG=1, LF=0.6%
2026-01-17 09:03:17 | INFO     | [lf.flight.extracted] SM451 on 16MAR: BKG=0, LF=0.0%
2026-01-17 09:03:20 | INFO     | [SUCCESS] Day 16MAR
2026-01-17 09:03:20 | INFO     | [SUCCESS] LF Search Complete
2026-01-17 09:03:20 | INFO     | [Worker_9222] Completed: HBE-JED - 8 results, 0 errors
2026-01-17 09:03:20 | INFO     | [Worker_9222] Processing: CAI-AHB
2026-01-17 09:03:20 | INFO     |   Tier 0: Range 3, Chunk 2/3 (8 days)
