2026-01-17 09:32:47 | INFO     | ======================================================================
2026-01-17 09:32:47 | INFO     | Load Factor Scraper Started - Route: HBE-JED
2026-01-17 09:32:47 | INFO     | Log file: D:\CODERED\LAB\Artifacts\outputs\run_generated_170126_at_08.47_RETRY\logs\LF_HBE-JED_20260117_093247.log
2026-01-17 09:32:47 | INFO     | Enhanced logging: Capturing both logging.info() and print()
2026-01-17 09:32:47 | INFO     | ======================================================================
2026-01-17 09:32:47 | INFO     | Starting LF search for route: HBE-JED
2026-01-17 09:32:47 | INFO     | [START] LF Search
2026-01-17 09:32:48 | INFO     | [HEALTH CHECK] [OK] Chrome connection is healthy
2026-01-17 09:32:48 | INFO     | [DAY_START] Processing 24JAN
2026-01-17 09:32:48 | INFO     | [lf.day.start] Processing HBE-JED for 24JAN
2026-01-17 09:32:49 | INFO     | [lf.day.flights_found] Found 2 flights on 24JAN
2026-01-17 09:32:51 | INFO     | [lf.flight.extracted] SM457 on 24JAN: BKG=178, LF=99.4%
2026-01-17 09:32:54 | INFO     | [lf.flight.extracted] SM451 on 24JAN: BKG=176, LF=98.3%
2026-01-17 09:33:04 | INFO     | [SUCCESS] Day 24JAN
2026-01-17 09:33:04 | INFO     | [DAY_START] Processing 23JAN
2026-01-17 09:33:04 | INFO     | [lf.day.start] Processing HBE-JED for 23JAN
2026-01-17 09:33:05 | INFO     | [lf.day.flights_found] Found 1 flights on 23JAN
2026-01-17 09:33:07 | INFO     | [lf.flight.extracted] SM451 on 23JAN: BKG=177, LF=98.9%
2026-01-17 09:33:11 | INFO     | [SUCCESS] Day 23JAN
2026-01-17 09:33:11 | INFO     | [DAY_START] Processing 22JAN
2026-01-17 09:33:11 | INFO     | [lf.day.start] Processing HBE-JED for 22JAN
2026-01-17 09:33:12 | INFO     | [lf.day.flights_found] Found 1 flights on 22JAN
2026-01-17 09:33:14 | INFO     | [lf.flight.extracted] SM451 on 22JAN: BKG=179, LF=100.0%
2026-01-17 09:33:18 | INFO     | [SUCCESS] Day 22JAN
2026-01-17 09:33:18 | INFO     | [DAY_START] Processing 21JAN
2026-01-17 09:33:18 | INFO     | [lf.day.start] Processing HBE-JED for 21JAN
2026-01-17 09:33:19 | INFO     | [lf.day.flights_found] Found 3 flights on 21JAN
2026-01-17 09:33:21 | INFO     | [lf.flight.extracted] SM451 on 21JAN: BKG=179, LF=100.0%
2026-01-17 09:33:24 | INFO     | [lf.flight.extracted] SM457 on 21JAN: BKG=179, LF=100.0%
2026-01-17 09:33:27 | INFO     | [lf.flight.extracted] SM473 on 21JAN: BKG=180, LF=100.6%
2026-01-17 09:33:42 | INFO     | [SUCCESS] Day 21JAN
2026-01-17 09:33:42 | INFO     | [DAY_START] Processing 20JAN
2026-01-17 09:33:42 | INFO     | [lf.day.start] Processing HBE-JED for 20JAN
2026-01-17 09:33:44 | INFO     | [lf.day.flights_found] Found 1 flights on 20JAN
2026-01-17 09:33:46 | INFO     | [lf.flight.extracted] SM451 on 20JAN: BKG=179, LF=100.0%
2026-01-17 09:33:52 | INFO     | [SUCCESS] Day 20JAN
2026-01-17 09:33:52 | INFO     | [DAY_START] Processing 19JAN
2026-01-17 09:33:52 | INFO     | [lf.day.start] Processing HBE-JED for 19JAN
2026-01-17 09:33:53 | INFO     | [lf.day.flights_found] Found 2 flights on 19JAN
2026-01-17 09:33:55 | INFO     | [lf.flight.extracted] SM457 on 19JAN: BKG=179, LF=100.0%
2026-01-17 09:33:59 | INFO     | [lf.flight.extracted] SM451 on 19JAN: BKG=179, LF=100.0%
2026-01-17 09:34:10 | INFO     | [SUCCESS] Day 19JAN
2026-01-17 09:34:11 | INFO     | [DAY_START] Processing 18JAN
2026-01-17 09:34:11 | INFO     | [lf.day.start] Processing HBE-JED for 18JAN
2026-01-17 09:34:12 | INFO     | [lf.day.flights_found] Found 2 flights on 18JAN
2026-01-17 09:34:14 | INFO     | [lf.flight.extracted] SM451 on 18JAN: BKG=176, LF=98.3%
2026-01-17 09:34:18 | INFO     | [lf.flight.extracted] SM457 on 18JAN: BKG=179, LF=100.0%
2026-01-17 09:34:29 | INFO     | [SUCCESS] Day 18JAN
2026-01-17 09:34:29 | INFO     | [SUCCESS] LF Search Complete
2026-01-17 09:34:29 | INFO     | [Worker_9232] Completed: HBE-JED - 7 results, 0 errors
2026-01-17 09:34:29 | INFO     | [Worker_9232] Processing: CAI-ELQ
2026-01-17 09:34:29 | INFO     |   Tier 0: Range 1, Chunk 3/3 (8 days)
