2026-01-17 08:49:22 | INFO     | ======================================================================
2026-01-17 08:49:22 | INFO     | Load Factor Scraper Started - Route: HBE-MED
2026-01-17 08:49:22 | INFO     | Log file: D:\CODERED\LAB\Artifacts\outputs\run_generated_170126_at_08.47_RETRY\logs\LF_HBE-MED_20260117_084922.log
2026-01-17 08:49:22 | INFO     | Enhanced logging: Capturing both logging.info() and print()
2026-01-17 08:49:22 | INFO     | ======================================================================
2026-01-17 08:49:22 | INFO     | Starting LF search for route: HBE-MED
2026-01-17 08:49:22 | INFO     | [START] LF Search
2026-01-17 08:49:23 | INFO     | [HEALTH CHECK] [OK] Chrome connection is healthy
2026-01-17 08:49:23 | INFO     | [DAY_START] Processing 27APR
2026-01-17 08:49:23 | INFO     | [lf.day.start] Processing HBE-MED for 27APR
2026-01-17 08:49:24 | WARNING  | [lf.day.no_flights] No direct flights on 27APR
2026-01-17 08:49:24 | INFO     | [SUCCESS] Day 27APR
2026-01-17 08:49:24 | INFO     | [DAY_START] Processing 26APR
2026-01-17 08:49:24 | INFO     | [lf.day.start] Processing HBE-MED for 26APR
2026-01-17 08:49:25 | INFO     | [lf.day.flights_found] Found 1 flights on 26APR
2026-01-17 08:49:27 | INFO     | [lf.flight.extracted] SM485 on 26APR: BKG=0, LF=0.0%
2026-01-17 08:49:28 | INFO     | [SUCCESS] Day 26APR
2026-01-17 08:49:28 | INFO     | [DAY_START] Processing 25APR
2026-01-17 08:49:28 | INFO     | [lf.day.start] Processing HBE-MED for 25APR
2026-01-17 08:49:29 | WARNING  | [lf.day.no_flights] No direct flights on 25APR
2026-01-17 08:49:29 | INFO     | [SUCCESS] Day 25APR
2026-01-17 08:49:29 | INFO     | [DAY_START] Processing 24APR
2026-01-17 08:49:29 | INFO     | [lf.day.start] Processing HBE-MED for 24APR
2026-01-17 08:49:30 | WARNING  | [lf.day.no_flights] No direct flights on 24APR
2026-01-17 08:49:31 | INFO     | [SUCCESS] Day 24APR
2026-01-17 08:49:31 | INFO     | [DAY_START] Processing 23APR
2026-01-17 08:49:31 | INFO     | [lf.day.start] Processing HBE-MED for 23APR
2026-01-17 08:49:32 | INFO     | [lf.day.flights_found] Found 1 flights on 23APR
2026-01-17 08:49:34 | INFO     | [lf.flight.extracted] SM485 on 23APR: BKG=1, LF=0.6%
2026-01-17 08:49:36 | INFO     | [SUCCESS] Day 23APR
2026-01-17 08:49:36 | INFO     | [DAY_START] Processing 22APR
2026-01-17 08:49:36 | INFO     | [lf.day.start] Processing HBE-MED for 22APR
2026-01-17 08:49:37 | WARNING  | [lf.day.no_flights] No direct flights on 22APR
2026-01-17 08:49:37 | INFO     | [SUCCESS] Day 22APR
2026-01-17 08:49:37 | INFO     | [DAY_START] Processing 21APR
2026-01-17 08:49:37 | INFO     | [lf.day.start] Processing HBE-MED for 21APR
2026-01-17 08:49:38 | WARNING  | [lf.day.no_flights] No direct flights on 21APR
2026-01-17 08:49:38 | INFO     | [SUCCESS] Day 21APR
2026-01-17 08:49:38 | INFO     | [DAY_START] Processing 20APR
2026-01-17 08:49:38 | INFO     | [lf.day.start] Processing HBE-MED for 20APR
2026-01-17 08:49:39 | WARNING  | [lf.day.no_flights] No direct flights on 20APR
2026-01-17 08:49:39 | INFO     | [SUCCESS] Day 20APR
2026-01-17 08:49:39 | INFO     | [DAY_START] Processing 19APR
2026-01-17 08:49:39 | INFO     | [lf.day.start] Processing HBE-MED for 19APR
2026-01-17 08:49:41 | INFO     | [lf.day.flights_found] Found 1 flights on 19APR
2026-01-17 08:49:43 | INFO     | [lf.flight.extracted] SM485 on 19APR: BKG=0, LF=0.0%
2026-01-17 08:49:44 | INFO     | [SUCCESS] Day 19APR
2026-01-17 08:49:44 | INFO     | [SUCCESS] LF Search Complete
2026-01-17 08:49:44 | INFO     | [Worker_9226] Completed: HBE-MED - 9 results, 0 errors
2026-01-17 08:49:44 | INFO     | [Worker_9226] Processing: LXR-JED
2026-01-17 08:49:44 | INFO     |   Tier 0: Range 4, Chunk 1/3 (9 days)
