2026-01-17 09:23:01 | INFO     | ======================================================================
2026-01-17 09:23:01 | INFO     | Load Factor Scraper Started - Route: HBE-JED
2026-01-17 09:23:01 | INFO     | Log file: D:\CODERED\LAB\Artifacts\outputs\run_generated_170126_at_08.47_RETRY\logs\LF_HBE-JED_20260117_092301.log
2026-01-17 09:23:01 | INFO     | Enhanced logging: Capturing both logging.info() and print()
2026-01-17 09:23:01 | INFO     | ======================================================================
2026-01-17 09:23:01 | INFO     | Starting LF search for route: HBE-JED
2026-01-17 09:23:01 | INFO     | [START] LF Search
2026-01-17 09:23:02 | INFO     | [HEALTH CHECK] [OK] Chrome connection is healthy
2026-01-17 09:23:02 | INFO     | [DAY_START] Processing 10FEB
2026-01-17 09:23:02 | INFO     | [lf.day.start] Processing HBE-JED for 10FEB
2026-01-17 09:23:03 | INFO     | [lf.day.flights_found] Found 3 flights on 10FEB
2026-01-17 09:23:05 | INFO     | [lf.flight.extracted] SM471 on 10FEB: BKG=170, LF=95.0%
2026-01-17 09:23:08 | INFO     | [lf.flight.extracted] SM479 on 10FEB: BKG=175, LF=97.8%
2026-01-17 09:23:12 | INFO     | [lf.flight.extracted] SM451 on 10FEB: BKG=179, LF=100.0%
2026-01-17 09:23:17 | INFO     | [SUCCESS] Day 10FEB
2026-01-17 09:23:17 | INFO     | [DAY_START] Processing 09FEB
2026-01-17 09:23:17 | INFO     | [lf.day.start] Processing HBE-JED for 09FEB
2026-01-17 09:23:18 | INFO     | [lf.day.flights_found] Found 4 flights on 09FEB
2026-01-17 09:23:20 | INFO     | [lf.flight.extracted] SM457 on 09FEB: BKG=179, LF=100.0%
2026-01-17 09:23:23 | INFO     | [lf.flight.extracted] SM477 on 09FEB: BKG=170, LF=95.0%
2026-01-17 09:23:27 | INFO     | [lf.flight.extracted] SM451 on 09FEB: BKG=179, LF=100.0%
2026-01-17 09:23:30 | INFO     | [lf.flight.extracted] SM957 on 09FEB: BKG=175, LF=97.8%
2026-01-17 09:23:37 | INFO     | [SUCCESS] Day 09FEB
2026-01-17 09:23:37 | INFO     | [DAY_START] Processing 08FEB
2026-01-17 09:23:37 | INFO     | [lf.day.start] Processing HBE-JED for 08FEB
2026-01-17 09:23:38 | INFO     | [lf.day.flights_found] Found 2 flights on 08FEB
2026-01-17 09:23:40 | INFO     | [lf.flight.extracted] SM451 on 08FEB: BKG=179, LF=100.0%
2026-01-17 09:23:43 | INFO     | [lf.flight.extracted] SM457 on 08FEB: BKG=155, LF=86.6%
2026-01-17 09:23:48 | INFO     | [SUCCESS] Day 08FEB
2026-01-17 09:23:48 | INFO     | [DAY_START] Processing 07FEB
2026-01-17 09:23:48 | INFO     | [lf.day.start] Processing HBE-JED for 07FEB
2026-01-17 09:23:49 | INFO     | [lf.day.flights_found] Found 2 flights on 07FEB
2026-01-17 09:23:51 | INFO     | [lf.flight.extracted] SM457 on 07FEB: BKG=179, LF=100.0%
2026-01-17 09:23:55 | INFO     | [lf.flight.extracted] SM451 on 07FEB: BKG=179, LF=100.0%
2026-01-17 09:24:00 | INFO     | [SUCCESS] Day 07FEB
2026-01-17 09:24:00 | INFO     | [DAY_START] Processing 06FEB
2026-01-17 09:24:00 | INFO     | [lf.day.start] Processing HBE-JED for 06FEB
2026-01-17 09:24:01 | INFO     | [lf.day.flights_found] Found 1 flights on 06FEB
2026-01-17 09:24:03 | INFO     | [lf.flight.extracted] SM451 on 06FEB: BKG=144, LF=80.5%
2026-01-17 09:24:06 | INFO     | [SUCCESS] Day 06FEB
2026-01-17 09:24:06 | INFO     | [DAY_START] Processing 05FEB
2026-01-17 09:24:06 | INFO     | [lf.day.start] Processing HBE-JED for 05FEB
2026-01-17 09:24:07 | INFO     | [lf.day.flights_found] Found 1 flights on 05FEB
2026-01-17 09:24:09 | INFO     | [lf.flight.extracted] SM451 on 05FEB: BKG=147, LF=82.1%
2026-01-17 09:24:13 | INFO     | [SUCCESS] Day 05FEB
2026-01-17 09:24:13 | INFO     | [DAY_START] Processing 04FEB
2026-01-17 09:24:13 | INFO     | [lf.day.start] Processing HBE-JED for 04FEB
2026-01-17 09:24:14 | INFO     | [lf.day.flights_found] Found 3 flights on 04FEB
2026-01-17 09:24:16 | INFO     | [lf.flight.extracted] SM451 on 04FEB: BKG=32, LF=17.9%
2026-01-17 09:24:20 | INFO     | [lf.flight.extracted] SM457 on 04FEB: BKG=170, LF=96.6%
2026-01-17 09:24:23 | INFO     | [lf.flight.extracted] SM473 on 04FEB: BKG=96, LF=54.5%
2026-01-17 09:24:31 | INFO     | [SUCCESS] Day 04FEB
2026-01-17 09:24:31 | INFO     | [DAY_START] Processing 03FEB
2026-01-17 09:24:31 | INFO     | [lf.day.start] Processing HBE-JED for 03FEB
2026-01-17 09:24:33 | INFO     | [lf.day.flights_found] Found 1 flights on 03FEB
2026-01-17 09:24:35 | INFO     | [lf.flight.extracted] SM451 on 03FEB: BKG=38, LF=21.2%
2026-01-17 09:24:38 | INFO     | [SUCCESS] Day 03FEB
2026-01-17 09:24:38 | INFO     | [DAY_START] Processing 02FEB
2026-01-17 09:24:38 | INFO     | [lf.day.start] Processing HBE-JED for 02FEB
2026-01-17 09:24:39 | INFO     | [lf.day.flights_found] Found 2 flights on 02FEB
2026-01-17 09:24:41 | INFO     | [lf.flight.extracted] SM457 on 02FEB: BKG=32, LF=17.9%
2026-01-17 09:24:45 | INFO     | [lf.flight.extracted] SM451 on 02FEB: BKG=40, LF=22.4%
2026-01-17 09:24:52 | INFO     | [SUCCESS] Day 02FEB
2026-01-17 09:24:52 | INFO     | [SUCCESS] LF Search Complete
2026-01-17 09:24:52 | INFO     | [Worker_9234] Completed: HBE-JED - 9 results, 0 errors
2026-01-17 09:24:52 | INFO     | [Worker_9234] Processing: CAI-ELQ
2026-01-17 09:24:52 | INFO     |   Tier 0: Range 1, Chunk 1/3 (9 days)
