2026-01-17 08:55:02 | INFO     | ======================================================================
2026-01-17 08:55:02 | INFO     | Load Factor Scraper Started - Route: HBE-JED
2026-01-17 08:55:02 | INFO     | Log file: D:\CODERED\LAB\Artifacts\outputs\run_generated_170126_at_08.47_RETRY\logs\LF_HBE-JED_20260117_085502.log
2026-01-17 08:55:02 | INFO     | Enhanced logging: Capturing both logging.info() and print()
2026-01-17 08:55:02 | INFO     | ======================================================================
2026-01-17 08:55:02 | INFO     | Starting LF search for route: HBE-JED
2026-01-17 08:55:02 | INFO     | [START] LF Search
2026-01-17 08:55:03 | INFO     | [HEALTH CHECK] [OK] Chrome connection is healthy
2026-01-17 08:55:03 | INFO     | [DAY_START] Processing 09APR
2026-01-17 08:55:03 | INFO     | [lf.day.start] Processing HBE-JED for 09APR
2026-01-17 08:55:04 | INFO     | [lf.day.flights_found] Found 1 flights on 09APR
2026-01-17 08:55:05 | INFO     | [lf.flight.extracted] SM451 on 09APR: BKG=4, LF=2.2%
2026-01-17 08:55:08 | INFO     | [SUCCESS] Day 09APR
2026-01-17 08:55:08 | INFO     | [DAY_START] Processing 08APR
2026-01-17 08:55:08 | INFO     | [lf.day.start] Processing HBE-JED for 08APR
2026-01-17 08:55:09 | INFO     | [lf.day.flights_found] Found 1 flights on 08APR
2026-01-17 08:55:11 | INFO     | [lf.flight.extracted] SM451 on 08APR: BKG=2, LF=1.1%
2026-01-17 08:55:13 | INFO     | [SUCCESS] Day 08APR
2026-01-17 08:55:13 | INFO     | [DAY_START] Processing 07APR
2026-01-17 08:55:13 | INFO     | [lf.day.start] Processing HBE-JED for 07APR
2026-01-17 08:55:14 | WARNING  | [lf.day.no_flights] No direct flights on 07APR
2026-01-17 08:55:15 | INFO     | [SUCCESS] Day 07APR
2026-01-17 08:55:15 | INFO     | [DAY_START] Processing 06APR
2026-01-17 08:55:15 | INFO     | [lf.day.start] Processing HBE-JED for 06APR
2026-01-17 08:55:16 | INFO     | [lf.day.flights_found] Found 1 flights on 06APR
2026-01-17 08:55:17 | INFO     | [lf.flight.extracted] SM451 on 06APR: BKG=1, LF=0.6%
2026-01-17 08:55:20 | INFO     | [SUCCESS] Day 06APR
2026-01-17 08:55:20 | INFO     | [DAY_START] Processing 05APR
2026-01-17 08:55:20 | INFO     | [lf.day.start] Processing HBE-JED for 05APR
2026-01-17 08:55:21 | INFO     | [lf.day.flights_found] Found 1 flights on 05APR
2026-01-17 08:55:23 | INFO     | [lf.flight.extracted] SM451 on 05APR: BKG=16, LF=8.9%
2026-01-17 08:55:26 | INFO     | [SUCCESS] Day 05APR
2026-01-17 08:55:26 | INFO     | [DAY_START] Processing 04APR
2026-01-17 08:55:26 | INFO     | [lf.day.start] Processing HBE-JED for 04APR
2026-01-17 08:55:27 | INFO     | [lf.day.flights_found] Found 1 flights on 04APR
2026-01-17 08:55:29 | INFO     | [lf.flight.extracted] SM451 on 04APR: BKG=18, LF=10.1%
2026-01-17 08:55:32 | INFO     | [SUCCESS] Day 04APR
2026-01-17 08:55:32 | INFO     | [DAY_START] Processing 03APR
2026-01-17 08:55:32 | INFO     | [lf.day.start] Processing HBE-JED for 03APR
2026-01-17 08:55:33 | WARNING  | [lf.day.no_flights] No direct flights on 03APR
2026-01-17 08:55:33 | INFO     | [SUCCESS] Day 03APR
2026-01-17 08:55:33 | INFO     | [DAY_START] Processing 02APR
2026-01-17 08:55:33 | INFO     | [lf.day.start] Processing HBE-JED for 02APR
2026-01-17 08:55:34 | INFO     | [lf.day.flights_found] Found 1 flights on 02APR
2026-01-17 08:55:36 | INFO     | [lf.flight.extracted] SM451 on 02APR: BKG=19, LF=10.6%
2026-01-17 08:55:39 | INFO     | [SUCCESS] Day 02APR
2026-01-17 08:55:39 | INFO     | [SUCCESS] LF Search Complete
2026-01-17 08:55:49 | INFO     | [Worker_9224] Completed: HBE-JED - 8 results, 0 errors
2026-01-17 08:55:49 | INFO     | [Worker_9224] Processing: ATZ-AJF
2026-01-17 08:55:49 | INFO     |   Tier 0: Range 4, Chunk 3/3 (8 days)
