2026-01-17 08:56:23 | INFO     | ======================================================================
2026-01-17 08:56:23 | INFO     | Load Factor Scraper Started - Route: JED-CAI
2026-01-17 08:56:23 | INFO     | Log file: D:\CODERED\LAB\Artifacts\outputs\run_generated_170126_at_08.47_RETRY\logs\LF_JED-CAI_20260117_085623.log
2026-01-17 08:56:23 | INFO     | Enhanced logging: Capturing both logging.info() and print()
2026-01-17 08:56:23 | INFO     | ======================================================================
2026-01-17 08:56:23 | INFO     | Starting LF search for route: JED-CAI
2026-01-17 08:56:23 | INFO     | [START] LF Search
2026-01-17 08:56:24 | INFO     | [HEALTH CHECK] [OK] Chrome connection is healthy
2026-01-17 08:56:24 | INFO     | [DAY_START] Processing 01APR
2026-01-17 08:56:24 | INFO     | [lf.day.start] Processing JED-CAI for 01APR
2026-01-17 08:56:25 | INFO     | [lf.day.flights_found] Found 2 flights on 01APR
2026-01-17 08:56:27 | INFO     | [lf.flight.extracted] SM478 on 01APR: BKG=168, LF=96.0%
2026-01-17 08:56:31 | INFO     | [lf.flight.extracted] SM476 on 01APR: BKG=168, LF=96.0%
2026-01-17 08:56:37 | INFO     | [SUCCESS] Day 01APR
2026-01-17 08:56:37 | INFO     | [DAY_START] Processing 31MAR
2026-01-17 08:56:37 | INFO     | [lf.day.start] Processing JED-CAI for 31MAR
2026-01-17 08:56:38 | INFO     | [lf.day.flights_found] Found 3 flights on 31MAR
2026-01-17 08:56:40 | INFO     | [lf.flight.extracted] SM478 on 31MAR: BKG=168, LF=96.0%
2026-01-17 08:56:43 | INFO     | [lf.flight.extracted] SM476 on 31MAR: BKG=167, LF=95.4%
2026-01-17 08:56:46 | INFO     | [lf.flight.extracted] SM480 on 31MAR: BKG=165, LF=94.3%
2026-01-17 08:56:57 | INFO     | [SUCCESS] Day 31MAR
2026-01-17 08:56:57 | INFO     | [DAY_START] Processing 30MAR
2026-01-17 08:56:57 | INFO     | [lf.day.start] Processing JED-CAI for 30MAR
2026-01-17 08:56:58 | INFO     | [lf.day.flights_found] Found 4 flights on 30MAR
2026-01-17 08:57:01 | INFO     | [lf.flight.extracted] SM460 on 30MAR: BKG=167, LF=100.0%
2026-01-17 08:57:06 | INFO     | [lf.flight.extracted] SM478 on 30MAR: BKG=168, LF=96.0%
2026-01-17 08:57:10 | INFO     | [lf.flight.extracted] SM476 on 30MAR: BKG=257, LF=146.9%
2026-01-17 08:57:15 | INFO     | [lf.flight.extracted] SM480 on 30MAR: BKG=169, LF=96.6%
2026-01-17 08:57:35 | INFO     | [SUCCESS] Day 30MAR
2026-01-17 08:57:35 | INFO     | [DAY_START] Processing 29MAR
2026-01-17 08:57:35 | INFO     | [lf.day.start] Processing JED-CAI for 29MAR
2026-01-17 08:57:37 | INFO     | [lf.day.flights_found] Found 3 flights on 29MAR
2026-01-17 08:57:39 | INFO     | [lf.flight.extracted] SM424 on 29MAR: BKG=153, LF=87.4%
2026-01-17 08:57:43 | INFO     | [lf.flight.extracted] SM478 on 29MAR: BKG=168, LF=96.0%
2026-01-17 08:57:46 | INFO     | [lf.flight.extracted] SM476 on 29MAR: BKG=168, LF=96.0%
2026-01-17 08:58:00 | INFO     | [SUCCESS] Day 29MAR
2026-01-17 08:58:00 | INFO     | [DAY_START] Processing 28MAR
2026-01-17 08:58:00 | INFO     | [lf.day.start] Processing JED-CAI for 28MAR
2026-01-17 08:58:01 | INFO     | [lf.day.flights_found] Found 7 flights on 28MAR
2026-01-17 08:58:03 | INFO     | [lf.flight.extracted] SM976 on 28MAR: BKG=170, LF=97.1%
2026-01-17 08:58:06 | INFO     | [lf.flight.extracted] SM450 on 28MAR: BKG=175, LF=100.0%
2026-01-17 08:58:09 | INFO     | [lf.flight.extracted] SM476 on 28MAR: BKG=144, LF=82.3%
2026-01-17 08:58:12 | INFO     | [lf.flight.extracted] SM2464 on 28MAR: BKG=175, LF=100.0%
2026-01-17 08:58:16 | INFO     | [lf.flight.extracted] SM2466 on 28MAR: BKG=175, LF=100.0%
2026-01-17 08:58:19 | INFO     | [lf.flight.extracted] SM478 on 28MAR: BKG=149, LF=85.1%
2026-01-17 08:58:22 | INFO     | [lf.flight.extracted] SM952 on 28MAR: BKG=170, LF=97.1%
2026-01-17 08:58:32 | INFO     | [SUCCESS] Day 28MAR
2026-01-17 08:58:32 | INFO     | [DAY_START] Processing 27MAR
2026-01-17 08:58:32 | INFO     | [lf.day.start] Processing JED-CAI for 27MAR
2026-01-17 08:58:33 | INFO     | [lf.day.flights_found] Found 6 flights on 27MAR
2026-01-17 08:58:35 | INFO     | [lf.flight.extracted] SM424 on 27MAR: BKG=149, LF=85.1%
2026-01-17 08:58:40 | INFO     | [lf.flight.extracted] SM476 on 27MAR: BKG=144, LF=82.3%
2026-01-17 08:58:43 | INFO     | [lf.flight.extracted] SM478 on 27MAR: BKG=144, LF=82.3%
2026-01-17 08:58:46 | INFO     | [lf.flight.extracted] SM480 on 27MAR: BKG=175, LF=100.0%
2026-01-17 08:58:49 | INFO     | [lf.flight.extracted] SM472 on 27MAR: BKG=148, LF=84.6%
2026-01-17 08:58:52 | INFO     | [lf.flight.extracted] SM460 on 27MAR: BKG=144, LF=86.2%
2026-01-17 08:59:01 | INFO     | [SUCCESS] Day 27MAR
2026-01-17 08:59:01 | INFO     | [DAY_START] Processing 26MAR
2026-01-17 08:59:01 | INFO     | [lf.day.start] Processing JED-CAI for 26MAR
2026-01-17 08:59:02 | INFO     | [lf.day.flights_found] Found 8 flights on 26MAR
2026-01-17 08:59:04 | INFO     | [lf.flight.extracted] SM424 on 26MAR: BKG=174, LF=99.4%
2026-01-17 08:59:08 | INFO     | [lf.flight.extracted] SM472 on 26MAR: BKG=183, LF=104.6%
2026-01-17 08:59:11 | INFO     | [lf.flight.extracted] SM450 on 26MAR: BKG=171, LF=97.7%
2026-01-17 08:59:14 | INFO     | [lf.flight.extracted] SM2476 on 26MAR: BKG=175, LF=100.0%
2026-01-17 08:59:17 | INFO     | [lf.flight.extracted] SM476 on 26MAR: BKG=170, LF=97.1%
2026-01-17 08:59:20 | INFO     | [lf.flight.extracted] SM432 on 26MAR: BKG=171, LF=97.7%
2026-01-17 08:59:24 | INFO     | [lf.flight.extracted] SM478 on 26MAR: BKG=159, LF=90.9%
2026-01-17 08:59:29 | INFO     | [lf.flight.extracted] SM480 on 26MAR: BKG=152, LF=86.9%
2026-01-17 08:59:44 | INFO     | [SUCCESS] Day 26MAR
2026-01-17 08:59:44 | INFO     | [DAY_START] Processing 25MAR
2026-01-17 08:59:44 | INFO     | [lf.day.start] Processing JED-CAI for 25MAR
2026-01-17 08:59:45 | INFO     | [lf.day.flights_found] Found 7 flights on 25MAR
2026-01-17 08:59:47 | INFO     | [lf.flight.extracted] SM976 on 25MAR: BKG=170, LF=101.8%
2026-01-17 08:59:51 | INFO     | [lf.flight.extracted] SM2478 on 25MAR: BKG=175, LF=100.0%
2026-01-17 08:59:54 | INFO     | [lf.flight.extracted] SM476 on 25MAR: BKG=156, LF=89.1%
2026-01-17 08:59:57 | INFO     | [lf.flight.extracted] SM460 on 25MAR: BKG=152, LF=91.0%
2026-01-17 09:00:00 | INFO     | [lf.flight.extracted] SM478 on 25MAR: BKG=154, LF=88.0%
2026-01-17 09:00:05 | INFO     | [lf.flight.extracted] SM2480 on 25MAR: BKG=175, LF=100.0%
2026-01-17 09:00:08 | INFO     | [lf.flight.extracted] SM2462 on 25MAR: BKG=175, LF=100.0%
2026-01-17 09:00:22 | INFO     | [SUCCESS] Day 25MAR
2026-01-17 09:00:22 | INFO     | [DAY_START] Processing 24MAR
2026-01-17 09:00:22 | INFO     | [lf.day.start] Processing JED-CAI for 24MAR
2026-01-17 09:00:23 | INFO     | [lf.day.flights_found] Found 7 flights on 24MAR
2026-01-17 09:00:25 | INFO     | [lf.flight.extracted] SM472 on 24MAR: BKG=172, LF=98.3%
2026-01-17 09:00:28 | INFO     | [lf.flight.extracted] SM2482 on 24MAR: BKG=180, LF=102.9%
2026-01-17 09:00:31 | INFO     | [lf.flight.extracted] SM480 on 24MAR: BKG=177, LF=101.1%
2026-01-17 09:00:34 | INFO     | [lf.flight.extracted] SM478 on 24MAR: BKG=154, LF=88.0%
2026-01-17 09:00:38 | INFO     | [lf.flight.extracted] SM460 on 24MAR: BKG=154, LF=92.2%
2026-01-17 09:00:41 | INFO     | [lf.flight.extracted] SM424 on 24MAR: BKG=157, LF=89.7%
2026-01-17 09:00:46 | INFO     | [lf.flight.extracted] SM476 on 24MAR: BKG=151, LF=86.3%
2026-01-17 09:01:01 | INFO     | [SUCCESS] Day 24MAR
2026-01-17 09:01:01 | INFO     | [SUCCESS] LF Search Complete
2026-01-17 09:01:01 | INFO     | [Worker_9227] Completed: JED-CAI - 9 results, 0 errors
2026-01-17 09:01:01 | INFO     | [Worker_9227] Processing: DMM-CAI
2026-01-17 09:01:01 | INFO     |   Tier 0: Range 3, Chunk 2/3 (8 days)
