2026-01-17 09:08:26 | INFO     | ======================================================================
2026-01-17 09:08:26 | INFO     | Load Factor Scraper Started - Route: JED-ASW
2026-01-17 09:08:26 | INFO     | Log file: D:\CODERED\LAB\Artifacts\outputs\run_generated_170126_at_08.47_RETRY\logs\LF_JED-ASW_20260117_090826.log
2026-01-17 09:08:26 | INFO     | Enhanced logging: Capturing both logging.info() and print()
2026-01-17 09:08:26 | INFO     | ======================================================================
2026-01-17 09:08:26 | INFO     | Starting LF search for route: JED-ASW
2026-01-17 09:08:26 | INFO     | [START] LF Search
2026-01-17 09:08:27 | INFO     | [HEALTH CHECK] [OK] Chrome connection is healthy
2026-01-17 09:08:27 | INFO     | [DAY_START] Processing 07MAR
2026-01-17 09:08:27 | INFO     | [lf.day.start] Processing JED-ASW for 07MAR
2026-01-17 09:08:29 | WARNING  | [lf.day.no_flights] No direct flights on 07MAR
2026-01-17 09:08:29 | INFO     | [SUCCESS] Day 07MAR
2026-01-17 09:08:29 | INFO     | [DAY_START] Processing 06MAR
2026-01-17 09:08:29 | INFO     | [lf.day.start] Processing JED-ASW for 06MAR
2026-01-17 09:08:31 | WARNING  | [lf.day.no_flights] No direct flights on 06MAR
2026-01-17 09:08:31 | INFO     | [SUCCESS] Day 06MAR
2026-01-17 09:08:31 | INFO     | [DAY_START] Processing 05MAR
2026-01-17 09:08:31 | INFO     | [lf.day.start] Processing JED-ASW for 05MAR
2026-01-17 09:08:32 | WARNING  | [lf.day.no_flights] No direct flights on 05MAR
2026-01-17 09:08:32 | INFO     | [SUCCESS] Day 05MAR
2026-01-17 09:08:32 | INFO     | [DAY_START] Processing 04MAR
2026-01-17 09:08:32 | INFO     | [lf.day.start] Processing JED-ASW for 04MAR
2026-01-17 09:08:33 | WARNING  | [lf.day.no_flights] No direct flights on 04MAR
2026-01-17 09:08:33 | INFO     | [SUCCESS] Day 04MAR
2026-01-17 09:08:33 | INFO     | [DAY_START] Processing 03MAR
2026-01-17 09:08:33 | INFO     | [lf.day.start] Processing JED-ASW for 03MAR
2026-01-17 09:08:35 | WARNING  | [lf.day.no_flights] No direct flights on 03MAR
2026-01-17 09:08:35 | INFO     | [SUCCESS] Day 03MAR
2026-01-17 09:08:35 | INFO     | [DAY_START] Processing 02MAR
2026-01-17 09:08:35 | INFO     | [lf.day.start] Processing JED-ASW for 02MAR
2026-01-17 09:08:36 | WARNING  | [lf.day.no_flights] No direct flights on 02MAR
2026-01-17 09:08:36 | INFO     | [SUCCESS] Day 02MAR
2026-01-17 09:08:36 | INFO     | [DAY_START] Processing 01MAR
2026-01-17 09:08:36 | INFO     | [lf.day.start] Processing JED-ASW for 01MAR
2026-01-17 09:08:37 | WARNING  | [lf.day.no_flights] No direct flights on 01MAR
2026-01-17 09:08:37 | INFO     | [SUCCESS] Day 01MAR
2026-01-17 09:08:37 | INFO     | [DAY_START] Processing 28FEB
2026-01-17 09:08:37 | INFO     | [lf.day.start] Processing JED-ASW for 28FEB
2026-01-17 09:08:38 | WARNING  | [lf.day.no_flights] No direct flights on 28FEB
2026-01-17 09:08:38 | INFO     | [SUCCESS] Day 28FEB
2026-01-17 09:08:38 | INFO     | [DAY_START] Processing 27FEB
2026-01-17 09:08:38 | INFO     | [lf.day.start] Processing JED-ASW for 27FEB
2026-01-17 09:08:39 | WARNING  | [lf.day.no_flights] No direct flights on 27FEB
2026-01-17 09:08:40 | INFO     | [SUCCESS] Day 27FEB
2026-01-17 09:08:40 | INFO     | [SUCCESS] LF Search Complete
2026-01-17 09:08:40 | INFO     | [Worker_9225] Completed: JED-ASW - 9 results, 0 errors
2026-01-17 09:08:40 | INFO     | [Worker_9225] Processing: TUU-CAI
2026-01-17 09:08:40 | INFO     |   Tier 0: Range 2, Chunk 1/3 (9 days)
