2026-01-17 09:20:27 | INFO     | ======================================================================
2026-01-17 09:20:27 | INFO     | Load Factor Scraper Started - Route: JED-CAI
2026-01-17 09:20:27 | INFO     | Log file: D:\CODERED\LAB\Artifacts\outputs\run_generated_170126_at_08.47_RETRY\logs\LF_JED-CAI_20260117_092027.log
2026-01-17 09:20:27 | INFO     | Enhanced logging: Capturing both logging.info() and print()
2026-01-17 09:20:27 | INFO     | ======================================================================
2026-01-17 09:20:27 | INFO     | Starting LF search for route: JED-CAI
2026-01-17 09:20:27 | INFO     | [START] LF Search
2026-01-17 09:20:28 | INFO     | [HEALTH CHECK] [OK] Chrome connection is healthy
2026-01-17 09:20:28 | INFO     | [DAY_START] Processing 10FEB
2026-01-17 09:20:28 | INFO     | [lf.day.start] Processing JED-CAI for 10FEB
2026-01-17 09:20:29 | INFO     | [lf.day.flights_found] Found 6 flights on 10FEB
2026-01-17 09:20:31 | INFO     | [lf.flight.extracted] SM972 on 10FEB: BKG=137, LF=82.0%
2026-01-17 09:20:34 | INFO     | [lf.flight.extracted] SM480 on 10FEB: BKG=154, LF=88.0%
2026-01-17 09:20:37 | INFO     | [lf.flight.extracted] SM478 on 10FEB: BKG=168, LF=96.0%
2026-01-17 09:20:41 | INFO     | [lf.flight.extracted] SM460 on 10FEB: BKG=114, LF=65.1%
2026-01-17 09:20:44 | INFO     | [lf.flight.extracted] SM424 on 10FEB: BKG=110, LF=62.9%
2026-01-17 09:20:48 | INFO     | [lf.flight.extracted] SM476 on 10FEB: BKG=126, LF=72.0%
2026-01-17 09:21:06 | INFO     | [SUCCESS] Day 10FEB
2026-01-17 09:21:06 | INFO     | [DAY_START] Processing 09FEB
2026-01-17 09:21:06 | INFO     | [lf.day.start] Processing JED-CAI for 09FEB
2026-01-17 09:21:07 | INFO     | [lf.day.flights_found] Found 5 flights on 09FEB
2026-01-17 09:21:09 | INFO     | [lf.flight.extracted] SM480 on 09FEB: BKG=148, LF=84.6%
2026-01-17 09:21:13 | INFO     | [lf.flight.extracted] SM476 on 09FEB: BKG=185, LF=107.6%
2026-01-17 09:21:17 | INFO     | [lf.flight.extracted] SM984 on 09FEB: BKG=24, LF=13.7%
2026-01-17 09:21:21 | INFO     | [lf.flight.extracted] SM972 on 09FEB: BKG=0, LF=0.0%
2026-01-17 09:21:24 | INFO     | [lf.flight.extracted] SM460 on 09FEB: BKG=171, LF=97.7%
2026-01-17 09:21:40 | INFO     | [SUCCESS] Day 09FEB
2026-01-17 09:21:40 | INFO     | [DAY_START] Processing 08FEB
2026-01-17 09:21:40 | INFO     | [lf.day.start] Processing JED-CAI for 08FEB
2026-01-17 09:21:41 | INFO     | [lf.day.flights_found] Found 6 flights on 08FEB
2026-01-17 09:21:43 | INFO     | [lf.flight.extracted] SM424 on 08FEB: BKG=153, LF=87.4%
2026-01-17 09:21:46 | INFO     | [lf.flight.extracted] SM476 on 08FEB: BKG=168, LF=96.0%
2026-01-17 09:21:49 | INFO     | [lf.flight.extracted] SM432 on 08FEB: BKG=149, LF=85.1%
2026-01-17 09:21:53 | INFO     | [lf.flight.extracted] SM948 on 08FEB: BKG=89, LF=50.9%
2026-01-17 09:21:57 | INFO     | [lf.flight.extracted] SM460 on 08FEB: BKG=168, LF=96.0%
2026-01-17 09:22:00 | INFO     | [lf.flight.extracted] SM478 on 08FEB: BKG=165, LF=98.2%
2026-01-17 09:22:20 | INFO     | [SUCCESS] Day 08FEB
2026-01-17 09:22:20 | INFO     | [DAY_START] Processing 07FEB
2026-01-17 09:22:20 | INFO     | [lf.day.start] Processing JED-CAI for 07FEB
2026-01-17 09:22:21 | INFO     | [lf.day.flights_found] Found 3 flights on 07FEB
2026-01-17 09:22:23 | INFO     | [lf.flight.extracted] SM450 on 07FEB: BKG=165, LF=95.9%
2026-01-17 09:22:27 | INFO     | [lf.flight.extracted] SM476 on 07FEB: BKG=168, LF=96.0%
2026-01-17 09:22:31 | INFO     | [lf.flight.extracted] SM478 on 07FEB: BKG=167, LF=95.4%
2026-01-17 09:22:42 | INFO     | [SUCCESS] Day 07FEB
2026-01-17 09:22:42 | INFO     | [DAY_START] Processing 06FEB
2026-01-17 09:22:42 | INFO     | [lf.day.start] Processing JED-CAI for 06FEB
2026-01-17 09:22:43 | INFO     | [lf.day.flights_found] Found 6 flights on 06FEB
2026-01-17 09:22:45 | INFO     | [lf.flight.extracted] SM424 on 06FEB: BKG=158, LF=91.9%
2026-01-17 09:22:49 | INFO     | [lf.flight.extracted] SM476 on 06FEB: BKG=98, LF=58.3%
2026-01-17 09:22:54 | INFO     | [lf.flight.extracted] SM478 on 06FEB: BKG=142, LF=81.1%
2026-01-17 09:22:58 | INFO     | [lf.flight.extracted] SM480 on 06FEB: BKG=142, LF=81.1%
2026-01-17 09:23:02 | INFO     | [lf.flight.extracted] SM472 on 06FEB: BKG=169, LF=96.6%
2026-01-17 09:23:05 | INFO     | [lf.flight.extracted] SM460 on 06FEB: BKG=143, LF=85.1%
2026-01-17 09:23:29 | INFO     | [SUCCESS] Day 06FEB
2026-01-17 09:23:29 | INFO     | [DAY_START] Processing 05FEB
2026-01-17 09:23:29 | INFO     | [lf.day.start] Processing JED-CAI for 05FEB
2026-01-17 09:23:30 | INFO     | [lf.day.flights_found] Found 8 flights on 05FEB
2026-01-17 09:23:32 | INFO     | [lf.flight.extracted] SM424 on 05FEB: BKG=104, LF=60.5%
2026-01-17 09:23:36 | INFO     | [lf.flight.extracted] SM472 on 05FEB: BKG=122, LF=69.7%
2026-01-17 09:23:40 | INFO     | [lf.flight.extracted] SM450 on 05FEB: BKG=145, LF=82.9%
2026-01-17 09:23:43 | INFO     | [lf.flight.extracted] SM476 on 05FEB: BKG=146, LF=83.4%
2026-01-17 09:23:47 | INFO     | [lf.flight.extracted] SM432 on 05FEB: BKG=168, LF=96.0%
2026-01-17 09:23:50 | INFO     | [lf.flight.extracted] SM962 on 05FEB: BKG=155, LF=94.5%
2026-01-17 09:23:53 | INFO     | [lf.flight.extracted] SM478 on 05FEB: BKG=164, LF=93.7%
2026-01-17 09:23:57 | INFO     | [lf.flight.extracted] SM480 on 05FEB: BKG=168, LF=100.0%
2026-01-17 09:24:26 | ERROR    | Atomic write failed for D:\CODERED\LAB\Artifacts\outputs\run_generated_170126_at_08.47_RETRY\checkpoints\flight_booking_data.json: [WinError 5] Access is denied: 'D:\\CODERED\\LAB\\Artifacts\\outputs\\run_generated_170126_at_08.47_RETRY\\checkpoints\\flight_booking_data.tmp_71a32976' -> 'D:\\CODERED\\LAB\\Artifacts\\outputs\\run_generated_170126_at_08.47_RETRY\\checkpoints\\flight_booking_data.json'
2026-01-17 09:24:26 | INFO     | [SUCCESS] Day 05FEB
2026-01-17 09:24:26 | INFO     | [DAY_START] Processing 04FEB
2026-01-17 09:24:26 | INFO     | [lf.day.start] Processing JED-CAI for 04FEB
2026-01-17 09:24:27 | INFO     | [lf.day.flights_found] Found 3 flights on 04FEB
2026-01-17 09:24:30 | INFO     | [lf.flight.extracted] SM476 on 04FEB: BKG=169, LF=100.6%
2026-01-17 09:24:34 | INFO     | [lf.flight.extracted] SM460 on 04FEB: BKG=170, LF=97.1%
2026-01-17 09:24:37 | INFO     | [lf.flight.extracted] SM478 on 04FEB: BKG=166, LF=98.8%
2026-01-17 09:24:52 | INFO     | [SUCCESS] Day 04FEB
2026-01-17 09:24:52 | INFO     | [DAY_START] Processing 03FEB
2026-01-17 09:24:52 | INFO     | [lf.day.start] Processing JED-CAI for 03FEB
2026-01-17 09:24:53 | INFO     | [lf.day.flights_found] Found 7 flights on 03FEB
2026-01-17 09:24:55 | INFO     | [lf.flight.extracted] SM472 on 03FEB: BKG=141, LF=80.6%
2026-01-17 09:24:58 | INFO     | [lf.flight.extracted] SM954 on 03FEB: BKG=167, LF=100.0%
2026-01-17 09:25:03 | INFO     | [lf.flight.extracted] SM480 on 03FEB: BKG=122, LF=69.7%
2026-01-17 09:25:07 | INFO     | [lf.flight.extracted] SM478 on 03FEB: BKG=160, LF=91.4%
2026-01-17 09:25:11 | INFO     | [lf.flight.extracted] SM460 on 03FEB: BKG=127, LF=73.8%
2026-01-17 09:25:14 | INFO     | [lf.flight.extracted] SM424 on 03FEB: BKG=98, LF=56.0%
2026-01-17 09:25:18 | INFO     | [lf.flight.extracted] SM476 on 03FEB: BKG=145, LF=82.9%
2026-01-17 09:25:46 | INFO     | [SUCCESS] Day 03FEB
2026-01-17 09:25:46 | INFO     | [DAY_START] Processing 02FEB
2026-01-17 09:25:46 | INFO     | [lf.day.start] Processing JED-CAI for 02FEB
2026-01-17 09:25:47 | INFO     | [lf.day.flights_found] Found 4 flights on 02FEB
2026-01-17 09:25:49 | INFO     | [lf.flight.extracted] SM480 on 02FEB: BKG=156, LF=92.9%
2026-01-17 09:25:52 | INFO     | [lf.flight.extracted] SM476 on 02FEB: BKG=168, LF=96.0%
2026-01-17 09:25:55 | INFO     | [lf.flight.extracted] SM478 on 02FEB: BKG=172, LF=98.3%
2026-01-17 09:25:59 | INFO     | [lf.flight.extracted] SM460 on 02FEB: BKG=172, LF=98.3%
2026-01-17 09:26:20 | INFO     | [SUCCESS] Day 02FEB
2026-01-17 09:26:20 | INFO     | [SUCCESS] LF Search Complete
2026-01-17 09:26:20 | INFO     | [Worker_9225] Completed: JED-CAI - 9 results, 0 errors
2026-01-17 09:26:20 | INFO     | [Worker_9225] Processing: DMM-CAI
2026-01-17 09:26:20 | INFO     |   Tier 0: Range 1, Chunk 2/3 (8 days)
