2026-01-17 09:08:00 | INFO     | ======================================================================
2026-01-17 09:08:00 | INFO     | Load Factor Scraper Started - Route: JED-ATZ
2026-01-17 09:08:00 | INFO     | Log file: D:\CODERED\LAB\Artifacts\outputs\run_generated_170126_at_08.47_RETRY\logs\LF_JED-ATZ_20260117_090800.log
2026-01-17 09:08:00 | INFO     | Enhanced logging: Capturing both logging.info() and print()
2026-01-17 09:08:00 | INFO     | ======================================================================
2026-01-17 09:08:00 | INFO     | Starting LF search for route: JED-ATZ
2026-01-17 09:08:00 | INFO     | [START] LF Search
2026-01-17 09:08:01 | INFO     | [HEALTH CHECK] [OK] Chrome connection is healthy
2026-01-17 09:08:01 | INFO     | [DAY_START] Processing 07MAR
2026-01-17 09:08:01 | INFO     | [lf.day.start] Processing JED-ATZ for 07MAR
2026-01-17 09:08:02 | INFO     | [lf.day.flights_found] Found 3 flights on 07MAR
2026-01-17 09:08:04 | INFO     | [lf.flight.extracted] SM492 on 07MAR: BKG=10, LF=5.7%
2026-01-17 09:08:07 | INFO     | [lf.flight.extracted] SM454 on 07MAR: BKG=13, LF=7.4%
2026-01-17 09:08:12 | INFO     | [lf.flight.extracted] SM456 on 07MAR: BKG=11, LF=6.3%
2026-01-17 09:08:18 | INFO     | [SUCCESS] Day 07MAR
2026-01-17 09:08:18 | INFO     | [DAY_START] Processing 06MAR
2026-01-17 09:08:18 | INFO     | [lf.day.start] Processing JED-ATZ for 06MAR
2026-01-17 09:08:19 | INFO     | [lf.day.flights_found] Found 1 flights on 06MAR
2026-01-17 09:08:21 | INFO     | [lf.flight.extracted] SM492 on 06MAR: BKG=19, LF=10.9%
2026-01-17 09:08:24 | INFO     | [SUCCESS] Day 06MAR
2026-01-17 09:08:24 | INFO     | [DAY_START] Processing 05MAR
2026-01-17 09:08:24 | INFO     | [lf.day.start] Processing JED-ATZ for 05MAR
2026-01-17 09:08:25 | INFO     | [lf.day.flights_found] Found 3 flights on 05MAR
2026-01-17 09:08:27 | INFO     | [lf.flight.extracted] SM422 on 05MAR: BKG=43, LF=24.6%
2026-01-17 09:08:31 | INFO     | [lf.flight.extracted] SM454 on 05MAR: BKG=86, LF=49.1%
2026-01-17 09:08:34 | INFO     | [lf.flight.extracted] SM456 on 05MAR: BKG=81, LF=46.3%
2026-01-17 09:08:48 | INFO     | [SUCCESS] Day 05MAR
2026-01-17 09:08:48 | INFO     | [DAY_START] Processing 04MAR
2026-01-17 09:08:48 | INFO     | [lf.day.start] Processing JED-ATZ for 04MAR
2026-01-17 09:08:49 | INFO     | [lf.day.flights_found] Found 2 flights on 04MAR
2026-01-17 09:08:51 | INFO     | [lf.flight.extracted] SM454 on 04MAR: BKG=27, LF=15.4%
2026-01-17 09:08:54 | INFO     | [lf.flight.extracted] SM492 on 04MAR: BKG=45, LF=25.7%
2026-01-17 09:09:01 | INFO     | [SUCCESS] Day 04MAR
2026-01-17 09:09:01 | INFO     | [DAY_START] Processing 03MAR
2026-01-17 09:09:01 | INFO     | [lf.day.start] Processing JED-ATZ for 03MAR
2026-01-17 09:09:03 | INFO     | [lf.day.flights_found] Found 2 flights on 03MAR
2026-01-17 09:09:05 | INFO     | [lf.flight.extracted] SM454 on 03MAR: BKG=27, LF=15.4%
2026-01-17 09:09:08 | INFO     | [lf.flight.extracted] SM456 on 03MAR: BKG=24, LF=13.7%
2026-01-17 09:09:15 | INFO     | [SUCCESS] Day 03MAR
2026-01-17 09:09:15 | INFO     | [DAY_START] Processing 02MAR
2026-01-17 09:09:15 | INFO     | [lf.day.start] Processing JED-ATZ for 02MAR
2026-01-17 09:09:16 | INFO     | [lf.day.flights_found] Found 4 flights on 02MAR
2026-01-17 09:09:18 | INFO     | [lf.flight.extracted] SM492 on 02MAR: BKG=16, LF=9.1%
2026-01-17 09:09:21 | INFO     | [lf.flight.extracted] SM456 on 02MAR: BKG=9, LF=5.4%
2026-01-17 09:09:24 | INFO     | [lf.flight.extracted] SM422 on 02MAR: BKG=16, LF=9.1%
2026-01-17 09:09:28 | INFO     | [lf.flight.extracted] SM454 on 02MAR: BKG=17, LF=9.7%
2026-01-17 09:09:35 | INFO     | [SUCCESS] Day 02MAR
2026-01-17 09:09:35 | INFO     | [DAY_START] Processing 01MAR
2026-01-17 09:09:35 | INFO     | [lf.day.start] Processing JED-ATZ for 01MAR
2026-01-17 09:09:36 | INFO     | [lf.day.flights_found] Found 2 flights on 01MAR
2026-01-17 09:09:38 | INFO     | [lf.flight.extracted] SM492 on 01MAR: BKG=21, LF=12.5%
2026-01-17 09:09:42 | INFO     | [lf.flight.extracted] SM456 on 01MAR: BKG=22, LF=12.6%
2026-01-17 09:09:49 | INFO     | [SUCCESS] Day 01MAR
2026-01-17 09:09:49 | INFO     | [DAY_START] Processing 28FEB
2026-01-17 09:09:49 | INFO     | [lf.day.start] Processing JED-ATZ for 28FEB
2026-01-17 09:09:51 | INFO     | [lf.day.flights_found] Found 3 flights on 28FEB
2026-01-17 09:09:53 | INFO     | [lf.flight.extracted] SM492 on 28FEB: BKG=165, LF=94.3%
2026-01-17 09:09:56 | INFO     | [lf.flight.extracted] SM454 on 28FEB: BKG=165, LF=94.3%
2026-01-17 09:10:00 | INFO     | [lf.flight.extracted] SM456 on 28FEB: BKG=126, LF=72.0%
2026-01-17 09:10:11 | INFO     | [SUCCESS] Day 28FEB
2026-01-17 09:10:11 | INFO     | [DAY_START] Processing 27FEB
2026-01-17 09:10:11 | INFO     | [lf.day.start] Processing JED-ATZ for 27FEB
2026-01-17 09:10:12 | INFO     | [lf.day.flights_found] Found 2 flights on 27FEB
2026-01-17 09:10:14 | INFO     | [lf.flight.extracted] SM492 on 27FEB: BKG=186, LF=106.3%
2026-01-17 09:10:17 | INFO     | [lf.flight.extracted] SM2480 on 27FEB: BKG=180, LF=102.9%
2026-01-17 09:10:21 | INFO     | [SUCCESS] Day 27FEB
2026-01-17 09:10:21 | INFO     | [SUCCESS] LF Search Complete
2026-01-17 09:10:21 | INFO     | [Worker_9226] Completed: JED-ATZ - 9 results, 0 errors
2026-01-17 09:10:21 | INFO     | [Worker_9226] Processing: ASW-JED
2026-01-17 09:10:21 | INFO     |   Tier 0: Range 2, Chunk 1/3 (9 days)
