2026-01-17 09:04:17 | INFO     | ======================================================================
2026-01-17 09:04:17 | INFO     | Load Factor Scraper Started - Route: JED-ASW
2026-01-17 09:04:17 | INFO     | Log file: D:\CODERED\LAB\Artifacts\outputs\run_generated_170126_at_08.47_RETRY\logs\LF_JED-ASW_20260117_090417.log
2026-01-17 09:04:17 | INFO     | Enhanced logging: Capturing both logging.info() and print()
2026-01-17 09:04:17 | INFO     | ======================================================================
2026-01-17 09:04:17 | INFO     | Starting LF search for route: JED-ASW
2026-01-17 09:04:17 | INFO     | [START] LF Search
2026-01-17 09:04:18 | INFO     | [HEALTH CHECK] [OK] Chrome connection is healthy
2026-01-17 09:04:18 | INFO     | [DAY_START] Processing 15MAR
2026-01-17 09:04:18 | INFO     | [lf.day.start] Processing JED-ASW for 15MAR
2026-01-17 09:04:19 | WARNING  | [lf.day.no_flights] No direct flights on 15MAR
2026-01-17 09:04:19 | INFO     | [SUCCESS] Day 15MAR
2026-01-17 09:04:19 | INFO     | [DAY_START] Processing 14MAR
2026-01-17 09:04:19 | INFO     | [lf.day.start] Processing JED-ASW for 14MAR
2026-01-17 09:04:20 | WARNING  | [lf.day.no_flights] No direct flights on 14MAR
2026-01-17 09:04:20 | INFO     | [SUCCESS] Day 14MAR
2026-01-17 09:04:20 | INFO     | [DAY_START] Processing 13MAR
2026-01-17 09:04:20 | INFO     | [lf.day.start] Processing JED-ASW for 13MAR
2026-01-17 09:04:21 | WARNING  | [lf.day.no_flights] No direct flights on 13MAR
2026-01-17 09:04:21 | INFO     | [SUCCESS] Day 13MAR
2026-01-17 09:04:21 | INFO     | [DAY_START] Processing 12MAR
2026-01-17 09:04:21 | INFO     | [lf.day.start] Processing JED-ASW for 12MAR
2026-01-17 09:04:22 | WARNING  | [lf.day.no_flights] No direct flights on 12MAR
2026-01-17 09:04:23 | INFO     | [SUCCESS] Day 12MAR
2026-01-17 09:04:23 | INFO     | [DAY_START] Processing 11MAR
2026-01-17 09:04:23 | INFO     | [lf.day.start] Processing JED-ASW for 11MAR
2026-01-17 09:04:23 | WARNING  | [lf.day.no_flights] No direct flights on 11MAR
2026-01-17 09:04:24 | INFO     | [SUCCESS] Day 11MAR
2026-01-17 09:04:24 | INFO     | [DAY_START] Processing 10MAR
2026-01-17 09:04:24 | INFO     | [lf.day.start] Processing JED-ASW for 10MAR
2026-01-17 09:04:25 | WARNING  | [lf.day.no_flights] No direct flights on 10MAR
2026-01-17 09:04:25 | INFO     | [SUCCESS] Day 10MAR
2026-01-17 09:04:25 | INFO     | [DAY_START] Processing 09MAR
2026-01-17 09:04:25 | INFO     | [lf.day.start] Processing JED-ASW for 09MAR
2026-01-17 09:04:26 | WARNING  | [lf.day.no_flights] No direct flights on 09MAR
2026-01-17 09:04:26 | INFO     | [SUCCESS] Day 09MAR
2026-01-17 09:04:26 | INFO     | [DAY_START] Processing 08MAR
2026-01-17 09:04:26 | INFO     | [lf.day.start] Processing JED-ASW for 08MAR
2026-01-17 09:04:27 | WARNING  | [lf.day.no_flights] No direct flights on 08MAR
2026-01-17 09:04:27 | INFO     | [SUCCESS] Day 08MAR
2026-01-17 09:04:27 | INFO     | [SUCCESS] LF Search Complete
2026-01-17 09:04:27 | INFO     | [Worker_9227] Completed: JED-ASW - 8 results, 0 errors
2026-01-17 09:04:27 | INFO     | [Worker_9227] Processing: DMM-CAI
2026-01-17 09:04:27 | INFO     |   Tier 0: Range 3, Chunk 3/3 (8 days)
