2026-01-17 08:51:08 | INFO     | ======================================================================
2026-01-17 08:51:08 | INFO     | Load Factor Scraper Started - Route: JED-ASW
2026-01-17 08:51:08 | INFO     | Log file: D:\CODERED\LAB\Artifacts\outputs\run_generated_170126_at_08.47_RETRY\logs\LF_JED-ASW_20260117_085108.log
2026-01-17 08:51:08 | INFO     | Enhanced logging: Capturing both logging.info() and print()
2026-01-17 08:51:08 | INFO     | ======================================================================
2026-01-17 08:51:08 | INFO     | Starting LF search for route: JED-ASW
2026-01-17 08:51:08 | INFO     | [START] LF Search
2026-01-17 08:51:08 | INFO     | [HEALTH CHECK] [OK] Chrome connection is healthy
2026-01-17 08:51:09 | INFO     | [DAY_START] Processing 18APR
2026-01-17 08:51:09 | INFO     | [lf.day.start] Processing JED-ASW for 18APR
2026-01-17 08:51:09 | WARNING  | [lf.day.no_flights] No direct flights on 18APR
2026-01-17 08:51:10 | INFO     | [SUCCESS] Day 18APR
2026-01-17 08:51:10 | INFO     | [DAY_START] Processing 17APR
2026-01-17 08:51:10 | INFO     | [lf.day.start] Processing JED-ASW for 17APR
2026-01-17 08:51:11 | WARNING  | [lf.day.no_flights] No direct flights on 17APR
2026-01-17 08:51:11 | INFO     | [SUCCESS] Day 17APR
2026-01-17 08:51:11 | INFO     | [DAY_START] Processing 16APR
2026-01-17 08:51:11 | INFO     | [lf.day.start] Processing JED-ASW for 16APR
2026-01-17 08:51:12 | WARNING  | [lf.day.no_flights] No direct flights on 16APR
2026-01-17 08:51:12 | INFO     | [SUCCESS] Day 16APR
2026-01-17 08:51:12 | INFO     | [DAY_START] Processing 15APR
2026-01-17 08:51:12 | INFO     | [lf.day.start] Processing JED-ASW for 15APR
2026-01-17 08:51:13 | WARNING  | [lf.day.no_flights] No direct flights on 15APR
2026-01-17 08:51:13 | INFO     | [SUCCESS] Day 15APR
2026-01-17 08:51:13 | INFO     | [DAY_START] Processing 14APR
2026-01-17 08:51:13 | INFO     | [lf.day.start] Processing JED-ASW for 14APR
2026-01-17 08:51:14 | WARNING  | [lf.day.no_flights] No direct flights on 14APR
2026-01-17 08:51:14 | INFO     | [SUCCESS] Day 14APR
2026-01-17 08:51:14 | INFO     | [DAY_START] Processing 13APR
2026-01-17 08:51:14 | INFO     | [lf.day.start] Processing JED-ASW for 13APR
2026-01-17 08:51:15 | WARNING  | [lf.day.no_flights] No direct flights on 13APR
2026-01-17 08:51:15 | INFO     | [SUCCESS] Day 13APR
2026-01-17 08:51:15 | INFO     | [DAY_START] Processing 12APR
2026-01-17 08:51:15 | INFO     | [lf.day.start] Processing JED-ASW for 12APR
2026-01-17 08:51:22 | WARNING  | [lf.day.no_flights] No direct flights on 12APR
2026-01-17 08:51:22 | INFO     | [SUCCESS] Day 12APR
2026-01-17 08:51:22 | INFO     | [DAY_START] Processing 11APR
2026-01-17 08:51:22 | INFO     | [lf.day.start] Processing JED-ASW for 11APR
2026-01-17 08:51:23 | WARNING  | [lf.day.no_flights] No direct flights on 11APR
2026-01-17 08:51:23 | INFO     | [SUCCESS] Day 11APR
2026-01-17 08:51:23 | INFO     | [DAY_START] Processing 10APR
2026-01-17 08:51:23 | INFO     | [lf.day.start] Processing JED-ASW for 10APR
2026-01-17 08:51:24 | WARNING  | [lf.day.no_flights] No direct flights on 10APR
2026-01-17 08:51:24 | INFO     | [SUCCESS] Day 10APR
2026-01-17 08:51:24 | INFO     | [SUCCESS] LF Search Complete
2026-01-17 08:51:24 | INFO     | [Worker_9225] Completed: JED-ASW - 9 results, 0 errors
2026-01-17 08:51:24 | INFO     | [Worker_9225] Processing: TUU-CAI
2026-01-17 08:51:24 | INFO     |   Tier 0: Range 4, Chunk 2/3 (9 days)
