2026-01-17 08:53:51 | INFO     | ======================================================================
2026-01-17 08:53:51 | INFO     | Load Factor Scraper Started - Route: JED-HBE
2026-01-17 08:53:51 | INFO     | Log file: D:\CODERED\LAB\Artifacts\outputs\run_generated_170126_at_08.47_RETRY\logs\LF_JED-HBE_20260117_085351.log
2026-01-17 08:53:51 | INFO     | Enhanced logging: Capturing both logging.info() and print()
2026-01-17 08:53:51 | INFO     | ======================================================================
2026-01-17 08:53:51 | INFO     | Starting LF search for route: JED-HBE
2026-01-17 08:53:51 | INFO     | [START] LF Search
2026-01-17 08:53:52 | INFO     | [HEALTH CHECK] [OK] Chrome connection is healthy
2026-01-17 08:53:52 | INFO     | [DAY_START] Processing 09APR
2026-01-17 08:53:52 | INFO     | [lf.day.start] Processing JED-HBE for 09APR
2026-01-17 08:53:53 | INFO     | [lf.day.flights_found] Found 1 flights on 09APR
2026-01-17 08:53:55 | INFO     | [lf.flight.extracted] SM452 on 09APR: BKG=53, LF=31.6%
2026-01-17 08:53:58 | INFO     | [SUCCESS] Day 09APR
2026-01-17 08:53:58 | INFO     | [DAY_START] Processing 08APR
2026-01-17 08:53:58 | INFO     | [lf.day.start] Processing JED-HBE for 08APR
2026-01-17 08:53:59 | INFO     | [lf.day.flights_found] Found 1 flights on 08APR
2026-01-17 08:54:01 | INFO     | [lf.flight.extracted] SM452 on 08APR: BKG=5, LF=2.9%
2026-01-17 08:54:03 | INFO     | [SUCCESS] Day 08APR
2026-01-17 08:54:03 | INFO     | [DAY_START] Processing 07APR
2026-01-17 08:54:03 | INFO     | [lf.day.start] Processing JED-HBE for 07APR
2026-01-17 08:54:04 | WARNING  | [lf.day.no_flights] No direct flights on 07APR
2026-01-17 08:54:04 | INFO     | [SUCCESS] Day 07APR
2026-01-17 08:54:04 | INFO     | [DAY_START] Processing 06APR
2026-01-17 08:54:04 | INFO     | [lf.day.start] Processing JED-HBE for 06APR
2026-01-17 08:54:05 | INFO     | [lf.day.flights_found] Found 1 flights on 06APR
2026-01-17 08:54:07 | INFO     | [lf.flight.extracted] SM452 on 06APR: BKG=177, LF=101.1%
2026-01-17 08:54:10 | INFO     | [SUCCESS] Day 06APR
2026-01-17 08:54:10 | INFO     | [DAY_START] Processing 05APR
2026-01-17 08:54:10 | INFO     | [lf.day.start] Processing JED-HBE for 05APR
2026-01-17 08:54:11 | INFO     | [lf.day.flights_found] Found 1 flights on 05APR
2026-01-17 08:54:13 | INFO     | [lf.flight.extracted] SM452 on 05APR: BKG=148, LF=84.6%
2026-01-17 08:54:16 | INFO     | [SUCCESS] Day 05APR
2026-01-17 08:54:16 | INFO     | [DAY_START] Processing 04APR
2026-01-17 08:54:16 | INFO     | [lf.day.start] Processing JED-HBE for 04APR
2026-01-17 08:54:17 | INFO     | [lf.day.flights_found] Found 1 flights on 04APR
2026-01-17 08:54:19 | INFO     | [lf.flight.extracted] SM452 on 04APR: BKG=168, LF=96.0%
2026-01-17 08:54:22 | INFO     | [SUCCESS] Day 04APR
2026-01-17 08:54:22 | INFO     | [DAY_START] Processing 03APR
2026-01-17 08:54:22 | INFO     | [lf.day.start] Processing JED-HBE for 03APR
2026-01-17 08:54:23 | WARNING  | [lf.day.no_flights] No direct flights on 03APR
2026-01-17 08:54:24 | INFO     | [SUCCESS] Day 03APR
2026-01-17 08:54:24 | INFO     | [DAY_START] Processing 02APR
2026-01-17 08:54:24 | INFO     | [lf.day.start] Processing JED-HBE for 02APR
2026-01-17 08:54:25 | INFO     | [lf.day.flights_found] Found 1 flights on 02APR
2026-01-17 08:54:27 | INFO     | [lf.flight.extracted] SM452 on 02APR: BKG=170, LF=97.1%
2026-01-17 08:54:29 | INFO     | [SUCCESS] Day 02APR
2026-01-17 08:54:29 | INFO     | [SUCCESS] LF Search Complete
2026-01-17 08:54:29 | INFO     | [Worker_9224] Completed: JED-HBE - 8 results, 0 errors
2026-01-17 08:54:29 | INFO     | [Worker_9224] Processing: AHB-CAI
2026-01-17 08:54:29 | INFO     |   Tier 0: Range 4, Chunk 3/3 (8 days)
