2026-01-17 09:25:58 | INFO     | ======================================================================
2026-01-17 09:25:58 | INFO     | Load Factor Scraper Started - Route: JED-ASW
2026-01-17 09:25:58 | INFO     | Log file: D:\CODERED\LAB\Artifacts\outputs\run_generated_170126_at_08.47_RETRY\logs\LF_JED-ASW_20260117_092558.log
2026-01-17 09:25:58 | INFO     | Enhanced logging: Capturing both logging.info() and print()
2026-01-17 09:25:58 | INFO     | ======================================================================
2026-01-17 09:25:58 | INFO     | Starting LF search for route: JED-ASW
2026-01-17 09:25:58 | INFO     | [START] LF Search
2026-01-17 09:25:59 | INFO     | [HEALTH CHECK] [OK] Chrome connection is healthy
2026-01-17 09:25:59 | INFO     | [DAY_START] Processing 01FEB
2026-01-17 09:25:59 | INFO     | [lf.day.start] Processing JED-ASW for 01FEB
2026-01-17 09:26:00 | WARNING  | [lf.day.no_flights] No direct flights on 01FEB
2026-01-17 09:26:01 | INFO     | [SUCCESS] Day 01FEB
2026-01-17 09:26:01 | INFO     | [DAY_START] Processing 31JAN
2026-01-17 09:26:01 | INFO     | [lf.day.start] Processing JED-ASW for 31JAN
2026-01-17 09:26:02 | WARNING  | [lf.day.no_flights] No direct flights on 31JAN
2026-01-17 09:26:02 | INFO     | [SUCCESS] Day 31JAN
2026-01-17 09:26:02 | INFO     | [DAY_START] Processing 30JAN
2026-01-17 09:26:02 | INFO     | [lf.day.start] Processing JED-ASW for 30JAN
2026-01-17 09:26:03 | WARNING  | [lf.day.no_flights] No direct flights on 30JAN
2026-01-17 09:26:03 | INFO     | [SUCCESS] Day 30JAN
2026-01-17 09:26:03 | INFO     | [DAY_START] Processing 29JAN
2026-01-17 09:26:03 | INFO     | [lf.day.start] Processing JED-ASW for 29JAN
2026-01-17 09:26:04 | WARNING  | [lf.day.no_flights] No direct flights on 29JAN
2026-01-17 09:26:04 | INFO     | [SUCCESS] Day 29JAN
2026-01-17 09:26:04 | INFO     | [DAY_START] Processing 28JAN
2026-01-17 09:26:04 | INFO     | [lf.day.start] Processing JED-ASW for 28JAN
2026-01-17 09:26:06 | WARNING  | [lf.day.no_flights] No direct flights on 28JAN
2026-01-17 09:26:06 | INFO     | [SUCCESS] Day 28JAN
2026-01-17 09:26:06 | INFO     | [DAY_START] Processing 27JAN
2026-01-17 09:26:06 | INFO     | [lf.day.start] Processing JED-ASW for 27JAN
2026-01-17 09:26:07 | INFO     | [lf.day.flights_found] Found 1 flights on 27JAN
2026-01-17 09:26:09 | INFO     | [lf.flight.extracted] SM986 on 27JAN: BKG=180, LF=107.8%
2026-01-17 09:26:32 | INFO     | [SUCCESS] Day 27JAN
2026-01-17 09:26:32 | INFO     | [DAY_START] Processing 26JAN
2026-01-17 09:26:32 | INFO     | [lf.day.start] Processing JED-ASW for 26JAN
2026-01-17 09:26:33 | INFO     | [lf.day.flights_found] Found 2 flights on 26JAN
2026-01-17 09:26:35 | INFO     | [lf.flight.extracted] SM426 on 26JAN: BKG=179, LF=107.2%
2026-01-17 09:26:39 | INFO     | [lf.flight.extracted] SM950 on 26JAN: BKG=180, LF=102.9%
2026-01-17 09:27:23 | INFO     | [SUCCESS] Day 26JAN
2026-01-17 09:27:23 | INFO     | [DAY_START] Processing 25JAN
2026-01-17 09:27:23 | INFO     | [lf.day.start] Processing JED-ASW for 25JAN
2026-01-17 09:27:24 | WARNING  | [lf.day.no_flights] No direct flights on 25JAN
2026-01-17 09:27:24 | INFO     | [SUCCESS] Day 25JAN
2026-01-17 09:27:24 | INFO     | [SUCCESS] LF Search Complete
2026-01-17 09:27:24 | INFO     | [Worker_9224] Completed: JED-ASW - 8 results, 0 errors
2026-01-17 09:27:24 | INFO     | [Worker_9224] Processing: YNB-CAI
2026-01-17 09:27:24 | INFO     |   Tier 0: Range 1, Chunk 2/3 (8 days)
