2026-01-17 08:56:32 | INFO     | ======================================================================
2026-01-17 08:56:32 | INFO     | Load Factor Scraper Started - Route: JED-LXR
2026-01-17 08:56:32 | INFO     | Log file: D:\CODERED\LAB\Artifacts\outputs\run_generated_170126_at_08.47_RETRY\logs\LF_JED-LXR_20260117_085632.log
2026-01-17 08:56:32 | INFO     | Enhanced logging: Capturing both logging.info() and print()
2026-01-17 08:56:32 | INFO     | ======================================================================
2026-01-17 08:56:32 | INFO     | Starting LF search for route: JED-LXR
2026-01-17 08:56:32 | INFO     | [START] LF Search
2026-01-17 08:56:33 | INFO     | [HEALTH CHECK] [OK] Chrome connection is healthy
2026-01-17 08:56:33 | INFO     | [DAY_START] Processing 01APR
2026-01-17 08:56:33 | INFO     | [lf.day.start] Processing JED-LXR for 01APR
2026-01-17 08:56:34 | WARNING  | [lf.day.no_flights] No direct flights on 01APR
2026-01-17 08:56:34 | INFO     | [SUCCESS] Day 01APR
2026-01-17 08:56:34 | INFO     | [DAY_START] Processing 31MAR
2026-01-17 08:56:34 | INFO     | [lf.day.start] Processing JED-LXR for 31MAR
2026-01-17 08:56:35 | WARNING  | [lf.day.no_flights] No direct flights on 31MAR
2026-01-17 08:56:35 | INFO     | [SUCCESS] Day 31MAR
2026-01-17 08:56:35 | INFO     | [DAY_START] Processing 30MAR
2026-01-17 08:56:35 | INFO     | [lf.day.start] Processing JED-LXR for 30MAR
2026-01-17 08:56:36 | WARNING  | [lf.day.no_flights] No direct flights on 30MAR
2026-01-17 08:56:36 | INFO     | [SUCCESS] Day 30MAR
2026-01-17 08:56:36 | INFO     | [DAY_START] Processing 29MAR
2026-01-17 08:56:36 | INFO     | [lf.day.start] Processing JED-LXR for 29MAR
2026-01-17 08:56:37 | WARNING  | [lf.day.no_flights] No direct flights on 29MAR
2026-01-17 08:56:37 | INFO     | [SUCCESS] Day 29MAR
2026-01-17 08:56:37 | INFO     | [DAY_START] Processing 28MAR
2026-01-17 08:56:37 | INFO     | [lf.day.start] Processing JED-LXR for 28MAR
2026-01-17 08:56:38 | WARNING  | [lf.day.no_flights] No direct flights on 28MAR
2026-01-17 08:56:38 | INFO     | [SUCCESS] Day 28MAR
2026-01-17 08:56:38 | INFO     | [DAY_START] Processing 27MAR
2026-01-17 08:56:38 | INFO     | [lf.day.start] Processing JED-LXR for 27MAR
2026-01-17 08:56:39 | WARNING  | [lf.day.no_flights] No direct flights on 27MAR
2026-01-17 08:56:39 | INFO     | [SUCCESS] Day 27MAR
2026-01-17 08:56:39 | INFO     | [DAY_START] Processing 26MAR
2026-01-17 08:56:39 | INFO     | [lf.day.start] Processing JED-LXR for 26MAR
2026-01-17 08:56:40 | WARNING  | [lf.day.no_flights] No direct flights on 26MAR
2026-01-17 08:56:40 | INFO     | [SUCCESS] Day 26MAR
2026-01-17 08:56:40 | INFO     | [DAY_START] Processing 25MAR
2026-01-17 08:56:40 | INFO     | [lf.day.start] Processing JED-LXR for 25MAR
2026-01-17 08:56:42 | INFO     | [lf.day.flights_found] Found 1 flights on 25MAR
2026-01-17 08:56:44 | INFO     | [lf.flight.extracted] SM966 on 25MAR: BKG=0, LF=0.0%
2026-01-17 08:56:45 | INFO     | [SUCCESS] Day 25MAR
2026-01-17 08:56:45 | INFO     | [DAY_START] Processing 24MAR
2026-01-17 08:56:45 | INFO     | [lf.day.start] Processing JED-LXR for 24MAR
2026-01-17 08:56:46 | INFO     | [lf.day.flights_found] Found 7 flights on 24MAR
2026-01-17 08:56:48 | INFO     | [lf.flight.extracted] SM940 on 24MAR: BKG=0, LF=0.0%
2026-01-17 08:56:52 | INFO     | [lf.flight.extracted] SM482 on 24MAR: BKG=0, LF=0.0%
2026-01-17 08:56:55 | INFO     | [lf.flight.extracted] SM430 on 24MAR: BKG=0, LF=0.0%
2026-01-17 08:56:59 | INFO     | [lf.flight.extracted] SM968 on 24MAR: BKG=0, LF=0.0%
2026-01-17 08:57:03 | INFO     | [lf.flight.extracted] SM982 on 24MAR: BKG=0, LF=0.0%
2026-01-17 08:57:06 | INFO     | [lf.flight.extracted] SM484 on 24MAR: BKG=0, LF=0.0%
2026-01-17 08:57:10 | INFO     | [lf.flight.extracted] SM960 on 24MAR: BKG=0, LF=0.0%
2026-01-17 08:57:12 | INFO     | [SUCCESS] Day 24MAR
2026-01-17 08:57:12 | INFO     | [SUCCESS] LF Search Complete
2026-01-17 08:57:12 | INFO     | [Worker_9225] Completed: JED-LXR - 9 results, 0 errors
2026-01-17 08:57:12 | INFO     | [Worker_9225] Processing: TUU-CAI
2026-01-17 08:57:12 | INFO     |   Tier 0: Range 3, Chunk 1/3 (9 days)
