2026-01-17 09:25:19 | INFO     | ======================================================================
2026-01-17 09:25:19 | INFO     | Load Factor Scraper Started - Route: JED-HBE
2026-01-17 09:25:19 | INFO     | Log file: D:\CODERED\LAB\Artifacts\outputs\run_generated_170126_at_08.47_RETRY\logs\LF_JED-HBE_20260117_092519.log
2026-01-17 09:25:19 | INFO     | Enhanced logging: Capturing both logging.info() and print()
2026-01-17 09:25:19 | INFO     | ======================================================================
2026-01-17 09:25:19 | INFO     | Starting LF search for route: JED-HBE
2026-01-17 09:25:19 | INFO     | [START] LF Search
2026-01-17 09:25:20 | INFO     | [HEALTH CHECK] [OK] Chrome connection is healthy
2026-01-17 09:25:20 | INFO     | [DAY_START] Processing 01FEB
2026-01-17 09:25:20 | INFO     | [lf.day.start] Processing JED-HBE for 01FEB
2026-01-17 09:25:21 | INFO     | [lf.day.flights_found] Found 2 flights on 01FEB
2026-01-17 09:25:24 | INFO     | [lf.flight.extracted] SM458 on 01FEB: BKG=168, LF=96.0%
2026-01-17 09:25:27 | INFO     | [lf.flight.extracted] SM452 on 01FEB: BKG=166, LF=94.9%
2026-01-17 09:25:38 | INFO     | [SUCCESS] Day 01FEB
2026-01-17 09:25:38 | INFO     | [DAY_START] Processing 31JAN
2026-01-17 09:25:38 | INFO     | [lf.day.start] Processing JED-HBE for 31JAN
2026-01-17 09:25:39 | INFO     | [lf.day.flights_found] Found 2 flights on 31JAN
2026-01-17 09:25:41 | INFO     | [lf.flight.extracted] SM458 on 31JAN: BKG=168, LF=96.0%
2026-01-17 09:25:45 | INFO     | [lf.flight.extracted] SM452 on 31JAN: BKG=169, LF=96.6%
2026-01-17 09:25:55 | INFO     | [SUCCESS] Day 31JAN
2026-01-17 09:25:55 | INFO     | [DAY_START] Processing 30JAN
2026-01-17 09:25:55 | INFO     | [lf.day.start] Processing JED-HBE for 30JAN
2026-01-17 09:25:56 | INFO     | [lf.day.flights_found] Found 1 flights on 30JAN
2026-01-17 09:25:58 | INFO     | [lf.flight.extracted] SM452 on 30JAN: BKG=115, LF=65.7%
2026-01-17 09:26:04 | INFO     | [SUCCESS] Day 30JAN
2026-01-17 09:26:04 | INFO     | [DAY_START] Processing 29JAN
2026-01-17 09:26:04 | INFO     | [lf.day.start] Processing JED-HBE for 29JAN
2026-01-17 09:26:06 | INFO     | [lf.day.flights_found] Found 1 flights on 29JAN
2026-01-17 09:26:08 | INFO     | [lf.flight.extracted] SM452 on 29JAN: BKG=159, LF=89.3%
2026-01-17 09:26:13 | INFO     | [SUCCESS] Day 29JAN
2026-01-17 09:26:13 | INFO     | [DAY_START] Processing 28JAN
2026-01-17 09:26:13 | INFO     | [lf.day.start] Processing JED-HBE for 28JAN
2026-01-17 09:26:14 | INFO     | [lf.day.flights_found] Found 3 flights on 28JAN
2026-01-17 09:26:16 | INFO     | [lf.flight.extracted] SM452 on 28JAN: BKG=160, LF=89.9%
2026-01-17 09:26:20 | INFO     | [lf.flight.extracted] SM474 on 28JAN: BKG=169, LF=96.6%
2026-01-17 09:26:23 | INFO     | [lf.flight.extracted] SM458 on 28JAN: BKG=174, LF=97.8%
2026-01-17 09:26:39 | INFO     | [SUCCESS] Day 28JAN
2026-01-17 09:26:39 | INFO     | [DAY_START] Processing 27JAN
2026-01-17 09:26:39 | INFO     | [lf.day.start] Processing JED-HBE for 27JAN
2026-01-17 09:26:40 | INFO     | [lf.day.flights_found] Found 2 flights on 27JAN
2026-01-17 09:26:42 | INFO     | [lf.flight.extracted] SM958 on 27JAN: BKG=17, LF=10.2%
2026-01-17 09:26:45 | INFO     | [lf.flight.extracted] SM452 on 27JAN: BKG=166, LF=94.9%
2026-01-17 09:26:52 | INFO     | [SUCCESS] Day 27JAN
2026-01-17 09:26:52 | INFO     | [DAY_START] Processing 26JAN
2026-01-17 09:26:52 | INFO     | [lf.day.start] Processing JED-HBE for 26JAN
2026-01-17 09:26:53 | INFO     | [lf.day.flights_found] Found 5 flights on 26JAN
2026-01-17 09:26:55 | INFO     | [lf.flight.extracted] SM952 on 26JAN: BKG=99, LF=59.3%
2026-01-17 09:26:59 | INFO     | [lf.flight.extracted] SM954 on 26JAN: BKG=45, LF=25.7%
2026-01-17 09:27:02 | INFO     | [lf.flight.extracted] SM458 on 26JAN: BKG=152, LF=86.9%
2026-01-17 09:27:06 | INFO     | [lf.flight.extracted] SM452 on 26JAN: BKG=91, LF=52.0%
2026-01-17 09:27:10 | INFO     | [lf.flight.extracted] SM956 on 26JAN: BKG=97, LF=58.1%
2026-01-17 09:27:32 | INFO     | [SUCCESS] Day 26JAN
2026-01-17 09:27:32 | INFO     | [DAY_START] Processing 25JAN
2026-01-17 09:27:32 | INFO     | [lf.day.start] Processing JED-HBE for 25JAN
2026-01-17 09:27:33 | INFO     | [lf.day.flights_found] Found 2 flights on 25JAN
2026-01-17 09:27:35 | INFO     | [lf.flight.extracted] SM458 on 25JAN: BKG=166, LF=94.9%
2026-01-17 09:27:39 | INFO     | [lf.flight.extracted] SM452 on 25JAN: BKG=175, LF=100.0%
2026-01-17 09:27:50 | INFO     | [SUCCESS] Day 25JAN
2026-01-17 09:27:50 | INFO     | [SUCCESS] LF Search Complete
2026-01-17 09:27:55 | INFO     | [Worker_9233] Completed: JED-HBE - 8 results, 0 errors
2026-01-17 09:27:55 | INFO     | [Worker_9233] Processing: CAI-MED
2026-01-17 09:27:55 | INFO     |   Tier 0: Range 1, Chunk 2/3 (8 days)
