2026-01-17 09:16:05 | INFO     | ======================================================================
2026-01-17 09:16:05 | INFO     | Load Factor Scraper Started - Route: JED-ATZ
2026-01-17 09:16:05 | INFO     | Log file: D:\CODERED\LAB\Artifacts\outputs\run_generated_170126_at_08.47_RETRY\logs\LF_JED-ATZ_20260117_091605.log
2026-01-17 09:16:05 | INFO     | Enhanced logging: Capturing both logging.info() and print()
2026-01-17 09:16:05 | INFO     | ======================================================================
2026-01-17 09:16:05 | INFO     | Starting LF search for route: JED-ATZ
2026-01-17 09:16:05 | INFO     | [START] LF Search
2026-01-17 09:16:06 | INFO     | [HEALTH CHECK] [OK] Chrome connection is healthy
2026-01-17 09:16:06 | INFO     | [DAY_START] Processing 18FEB
2026-01-17 09:16:06 | INFO     | [lf.day.start] Processing JED-ATZ for 18FEB
2026-01-17 09:16:07 | INFO     | [lf.day.flights_found] Found 2 flights on 18FEB
2026-01-17 09:16:09 | INFO     | [lf.flight.extracted] SM454 on 18FEB: BKG=18, LF=10.3%
2026-01-17 09:16:13 | INFO     | [lf.flight.extracted] SM492 on 18FEB: BKG=23, LF=13.1%
2026-01-17 09:16:18 | INFO     | [SUCCESS] Day 18FEB
2026-01-17 09:16:18 | INFO     | [DAY_START] Processing 17FEB
2026-01-17 09:16:18 | INFO     | [lf.day.start] Processing JED-ATZ for 17FEB
2026-01-17 09:16:19 | INFO     | [lf.day.flights_found] Found 4 flights on 17FEB
2026-01-17 09:16:19 | INFO     | [lf.flight.extracted] SM2450 on 17FEB: BKG=0, LF=0.0%
2026-01-17 09:16:23 | INFO     | [lf.flight.extracted] SM454 on 17FEB: BKG=34, LF=19.4%
2026-01-17 09:16:26 | INFO     | [lf.flight.extracted] SM2452 on 17FEB: BKG=0, LF=0.0%
2026-01-17 09:16:29 | INFO     | [lf.flight.extracted] SM456 on 17FEB: BKG=21, LF=12.0%
2026-01-17 09:16:35 | INFO     | [SUCCESS] Day 17FEB
2026-01-17 09:16:35 | INFO     | [DAY_START] Processing 16FEB
2026-01-17 09:16:35 | INFO     | [lf.day.start] Processing JED-ATZ for 16FEB
2026-01-17 09:16:36 | INFO     | [lf.day.flights_found] Found 6 flights on 16FEB
2026-01-17 09:16:38 | INFO     | [lf.flight.extracted] SM954 on 16FEB: BKG=0, LF=0.0%
2026-01-17 09:16:41 | INFO     | [lf.flight.extracted] SM492 on 16FEB: BKG=34, LF=19.4%
2026-01-17 09:16:45 | INFO     | [lf.flight.extracted] SM456 on 16FEB: BKG=35, LF=20.0%
2026-01-17 09:16:48 | INFO     | [lf.flight.extracted] SM422 on 16FEB: BKG=37, LF=21.1%
2026-01-17 09:16:51 | INFO     | [lf.flight.extracted] SM454 on 16FEB: BKG=41, LF=23.4%
2026-01-17 09:16:55 | INFO     | [lf.flight.extracted] SM956 on 16FEB: BKG=0, LF=0.0%
2026-01-17 09:17:07 | INFO     | [SUCCESS] Day 16FEB
2026-01-17 09:17:07 | INFO     | [DAY_START] Processing 15FEB
2026-01-17 09:17:07 | INFO     | [lf.day.start] Processing JED-ATZ for 15FEB
2026-01-17 09:17:08 | INFO     | [lf.day.flights_found] Found 2 flights on 15FEB
2026-01-17 09:17:10 | INFO     | [lf.flight.extracted] SM492 on 15FEB: BKG=74, LF=42.3%
2026-01-17 09:17:14 | INFO     | [lf.flight.extracted] SM456 on 15FEB: BKG=60, LF=34.3%
2026-01-17 09:17:23 | INFO     | [SUCCESS] Day 15FEB
2026-01-17 09:17:23 | INFO     | [DAY_START] Processing 14FEB
2026-01-17 09:17:23 | INFO     | [lf.day.start] Processing JED-ATZ for 14FEB
2026-01-17 09:17:24 | INFO     | [lf.day.flights_found] Found 3 flights on 14FEB
2026-01-17 09:17:26 | INFO     | [lf.flight.extracted] SM492 on 14FEB: BKG=145, LF=82.9%
2026-01-17 09:17:29 | INFO     | [lf.flight.extracted] SM454 on 14FEB: BKG=63, LF=36.0%
2026-01-17 09:17:32 | INFO     | [lf.flight.extracted] SM456 on 14FEB: BKG=72, LF=41.1%
2026-01-17 09:17:45 | INFO     | [SUCCESS] Day 14FEB
2026-01-17 09:17:45 | INFO     | [DAY_START] Processing 13FEB
2026-01-17 09:17:45 | INFO     | [lf.day.start] Processing JED-ATZ for 13FEB
2026-01-17 09:17:46 | INFO     | [lf.day.flights_found] Found 1 flights on 13FEB
2026-01-17 09:17:48 | INFO     | [lf.flight.extracted] SM492 on 13FEB: BKG=164, LF=93.7%
2026-01-17 09:17:53 | INFO     | [SUCCESS] Day 13FEB
2026-01-17 09:17:53 | INFO     | [DAY_START] Processing 12FEB
2026-01-17 09:17:53 | INFO     | [lf.day.start] Processing JED-ATZ for 12FEB
2026-01-17 09:17:54 | INFO     | [lf.day.flights_found] Found 6 flights on 12FEB
2026-01-17 09:17:56 | INFO     | [lf.flight.extracted] SM982 on 12FEB: BKG=151, LF=90.4%
2026-01-17 09:17:59 | INFO     | [lf.flight.extracted] SM422 on 12FEB: BKG=168, LF=96.0%
2026-01-17 09:18:02 | INFO     | [lf.flight.extracted] SM2466 on 12FEB: BKG=0, LF=0.0%
2026-01-17 09:18:06 | INFO     | [lf.flight.extracted] SM2464 on 12FEB: BKG=0, LF=0.0%
2026-01-17 09:18:09 | INFO     | [lf.flight.extracted] SM454 on 12FEB: BKG=123, LF=70.3%
2026-01-17 09:18:12 | INFO     | [lf.flight.extracted] SM456 on 12FEB: BKG=150, LF=89.3%
2026-01-17 09:18:24 | INFO     | [SUCCESS] Day 12FEB
2026-01-17 09:18:24 | INFO     | [DAY_START] Processing 11FEB
2026-01-17 09:18:24 | INFO     | [lf.day.start] Processing JED-ATZ for 11FEB
2026-01-17 09:18:26 | INFO     | [lf.day.flights_found] Found 2 flights on 11FEB
2026-01-17 09:18:28 | INFO     | [lf.flight.extracted] SM454 on 11FEB: BKG=133, LF=76.0%
2026-01-17 09:18:31 | INFO     | [lf.flight.extracted] SM492 on 11FEB: BKG=168, LF=96.0%
2026-01-17 09:18:38 | INFO     | [SUCCESS] Day 11FEB
2026-01-17 09:18:38 | INFO     | [SUCCESS] LF Search Complete
2026-01-17 09:18:38 | INFO     | [Worker_9226] Completed: JED-ATZ - 8 results, 0 errors
2026-01-17 09:18:38 | INFO     | [Worker_9226] Processing: LXR-JED
2026-01-17 09:18:38 | INFO     |   Tier 0: Range 2, Chunk 3/3 (8 days)
