2026-01-17 08:49:44 | INFO     | ======================================================================
2026-01-17 08:49:44 | INFO     | Load Factor Scraper Started - Route: LXR-JED
2026-01-17 08:49:44 | INFO     | Log file: D:\CODERED\LAB\Artifacts\outputs\run_generated_170126_at_08.47_RETRY\logs\LF_LXR-JED_20260117_084944.log
2026-01-17 08:49:44 | INFO     | Enhanced logging: Capturing both logging.info() and print()
2026-01-17 08:49:44 | INFO     | ======================================================================
2026-01-17 08:49:44 | INFO     | Starting LF search for route: LXR-JED
2026-01-17 08:49:44 | INFO     | [START] LF Search
2026-01-17 08:49:44 | INFO     | [HEALTH CHECK] [OK] Chrome connection is healthy
2026-01-17 08:49:45 | INFO     | [DAY_START] Processing 27APR
2026-01-17 08:49:45 | INFO     | [lf.day.start] Processing LXR-JED for 27APR
2026-01-17 08:49:56 | WARNING  | [lf.day.no_flights] No direct flights on 27APR
2026-01-17 08:49:56 | INFO     | [SUCCESS] Day 27APR
2026-01-17 08:49:56 | INFO     | [DAY_START] Processing 26APR
2026-01-17 08:49:56 | INFO     | [lf.day.start] Processing LXR-JED for 26APR
2026-01-17 08:49:57 | WARNING  | [lf.day.no_flights] No direct flights on 26APR
2026-01-17 08:49:57 | INFO     | [SUCCESS] Day 26APR
2026-01-17 08:49:57 | INFO     | [DAY_START] Processing 25APR
2026-01-17 08:49:57 | INFO     | [lf.day.start] Processing LXR-JED for 25APR
2026-01-17 08:49:58 | WARNING  | [lf.day.no_flights] No direct flights on 25APR
2026-01-17 08:49:59 | INFO     | [SUCCESS] Day 25APR
2026-01-17 08:49:59 | INFO     | [DAY_START] Processing 24APR
2026-01-17 08:49:59 | INFO     | [lf.day.start] Processing LXR-JED for 24APR
2026-01-17 08:49:59 | WARNING  | [lf.day.no_flights] No direct flights on 24APR
2026-01-17 08:50:00 | INFO     | [SUCCESS] Day 24APR
2026-01-17 08:50:00 | INFO     | [DAY_START] Processing 23APR
2026-01-17 08:50:00 | INFO     | [lf.day.start] Processing LXR-JED for 23APR
2026-01-17 08:50:01 | WARNING  | [lf.day.no_flights] No direct flights on 23APR
2026-01-17 08:50:01 | INFO     | [SUCCESS] Day 23APR
2026-01-17 08:50:01 | INFO     | [DAY_START] Processing 22APR
2026-01-17 08:50:01 | INFO     | [lf.day.start] Processing LXR-JED for 22APR
2026-01-17 08:50:02 | WARNING  | [lf.day.no_flights] No direct flights on 22APR
2026-01-17 08:50:02 | INFO     | [SUCCESS] Day 22APR
2026-01-17 08:50:02 | INFO     | [DAY_START] Processing 21APR
2026-01-17 08:50:02 | INFO     | [lf.day.start] Processing LXR-JED for 21APR
2026-01-17 08:50:03 | WARNING  | [lf.day.no_flights] No direct flights on 21APR
2026-01-17 08:50:03 | INFO     | [SUCCESS] Day 21APR
2026-01-17 08:50:03 | INFO     | [DAY_START] Processing 20APR
2026-01-17 08:50:03 | INFO     | [lf.day.start] Processing LXR-JED for 20APR
2026-01-17 08:50:04 | WARNING  | [lf.day.no_flights] No direct flights on 20APR
2026-01-17 08:50:04 | INFO     | [SUCCESS] Day 20APR
2026-01-17 08:50:04 | INFO     | [DAY_START] Processing 19APR
2026-01-17 08:50:04 | INFO     | [lf.day.start] Processing LXR-JED for 19APR
2026-01-17 08:50:05 | WARNING  | [lf.day.no_flights] No direct flights on 19APR
2026-01-17 08:50:05 | INFO     | [SUCCESS] Day 19APR
2026-01-17 08:50:05 | INFO     | [SUCCESS] LF Search Complete
2026-01-17 08:50:05 | INFO     | [Worker_9226] Completed: LXR-JED - 9 results, 0 errors
2026-01-17 08:50:05 | INFO     | [Worker_9226] Processing: CAI-TUU
2026-01-17 08:50:05 | INFO     |   Tier 0: Range 4, Chunk 1/3 (9 days)
