2026-01-17 09:30:27 | INFO     | ======================================================================
2026-01-17 09:30:27 | INFO     | Load Factor Scraper Started - Route: MED-CAI
2026-01-17 09:30:27 | INFO     | Log file: D:\CODERED\LAB\Artifacts\outputs\run_generated_170126_at_08.47_RETRY\logs\LF_MED-CAI_20260117_093027.log
2026-01-17 09:30:27 | INFO     | Enhanced logging: Capturing both logging.info() and print()
2026-01-17 09:30:27 | INFO     | ======================================================================
2026-01-17 09:30:27 | INFO     | Starting LF search for route: MED-CAI
2026-01-17 09:30:27 | INFO     | [START] LF Search
2026-01-17 09:30:28 | INFO     | [HEALTH CHECK] [OK] Chrome connection is healthy
2026-01-17 09:30:28 | INFO     | [DAY_START] Processing 24JAN
2026-01-17 09:30:28 | INFO     | [lf.day.start] Processing MED-CAI for 24JAN
2026-01-17 09:30:29 | INFO     | [lf.day.flights_found] Found 1 flights on 24JAN
2026-01-17 09:30:31 | INFO     | [lf.flight.extracted] SM494 on 24JAN: BKG=167, LF=95.4%
2026-01-17 09:30:36 | INFO     | [SUCCESS] Day 24JAN
2026-01-17 09:30:36 | INFO     | [DAY_START] Processing 23JAN
2026-01-17 09:30:36 | INFO     | [lf.day.start] Processing MED-CAI for 23JAN
2026-01-17 09:30:37 | WARNING  | [lf.day.no_flights] No direct flights on 23JAN
2026-01-17 09:30:37 | INFO     | [SUCCESS] Day 23JAN
2026-01-17 09:30:37 | INFO     | [DAY_START] Processing 22JAN
2026-01-17 09:30:37 | INFO     | [lf.day.start] Processing MED-CAI for 22JAN
2026-01-17 09:30:38 | INFO     | [lf.day.flights_found] Found 1 flights on 22JAN
2026-01-17 09:30:40 | INFO     | [lf.flight.extracted] SM494 on 22JAN: BKG=170, LF=97.1%
2026-01-17 09:30:46 | INFO     | [SUCCESS] Day 22JAN
2026-01-17 09:30:46 | INFO     | [DAY_START] Processing 21JAN
2026-01-17 09:30:46 | INFO     | [lf.day.start] Processing MED-CAI for 21JAN
2026-01-17 09:30:47 | WARNING  | [lf.day.no_flights] No direct flights on 21JAN
2026-01-17 09:30:47 | INFO     | [SUCCESS] Day 21JAN
2026-01-17 09:30:47 | INFO     | [DAY_START] Processing 20JAN
2026-01-17 09:30:47 | INFO     | [lf.day.start] Processing MED-CAI for 20JAN
2026-01-17 09:30:48 | INFO     | [lf.day.flights_found] Found 2 flights on 20JAN
2026-01-17 09:30:50 | INFO     | [lf.flight.extracted] SM496 on 20JAN: BKG=143, LF=81.7%
2026-01-17 09:30:53 | INFO     | [lf.flight.extracted] SM494 on 20JAN: BKG=146, LF=83.4%
2026-01-17 09:31:05 | INFO     | [SUCCESS] Day 20JAN
2026-01-17 09:31:05 | INFO     | [DAY_START] Processing 19JAN
2026-01-17 09:31:05 | INFO     | [lf.day.start] Processing MED-CAI for 19JAN
2026-01-17 09:31:06 | WARNING  | [lf.day.no_flights] No direct flights on 19JAN
2026-01-17 09:31:06 | INFO     | [SUCCESS] Day 19JAN
2026-01-17 09:31:06 | INFO     | [DAY_START] Processing 18JAN
2026-01-17 09:31:06 | INFO     | [lf.day.start] Processing MED-CAI for 18JAN
2026-01-17 09:31:07 | INFO     | [lf.day.flights_found] Found 1 flights on 18JAN
2026-01-17 09:31:09 | INFO     | [lf.flight.extracted] SM494 on 18JAN: BKG=142, LF=81.1%
2026-01-17 09:31:14 | INFO     | [SUCCESS] Day 18JAN
2026-01-17 09:31:14 | INFO     | [SUCCESS] LF Search Complete
2026-01-17 09:31:14 | INFO     | [Worker_9224] Completed: MED-CAI - 7 results, 0 errors
2026-01-17 09:31:14 | INFO     | [Worker_9224] Processing: DMM-CAI
2026-01-17 09:31:14 | INFO     |   Tier 0: Range 1, Chunk 3/3 (8 days)
