2026-01-17 09:11:57 | INFO     | ======================================================================
2026-01-17 09:11:57 | INFO     | Load Factor Scraper Started - Route: MED-ATZ
2026-01-17 09:11:57 | INFO     | Log file: D:\CODERED\LAB\Artifacts\outputs\run_generated_170126_at_08.47_RETRY\logs\LF_MED-ATZ_20260117_091157.log
2026-01-17 09:11:57 | INFO     | Enhanced logging: Capturing both logging.info() and print()
2026-01-17 09:11:57 | INFO     | ======================================================================
2026-01-17 09:11:57 | INFO     | Starting LF search for route: MED-ATZ
2026-01-17 09:11:57 | INFO     | [START] LF Search
2026-01-17 09:11:58 | INFO     | [HEALTH CHECK] [OK] Chrome connection is healthy
2026-01-17 09:11:58 | INFO     | [DAY_START] Processing 26FEB
2026-01-17 09:11:58 | INFO     | [lf.day.start] Processing MED-ATZ for 26FEB
2026-01-17 09:11:59 | WARNING  | [lf.day.no_flights] No direct flights on 26FEB
2026-01-17 09:11:59 | INFO     | [SUCCESS] Day 26FEB
2026-01-17 09:11:59 | INFO     | [DAY_START] Processing 25FEB
2026-01-17 09:11:59 | INFO     | [lf.day.start] Processing MED-ATZ for 25FEB
2026-01-17 09:12:00 | INFO     | [lf.day.flights_found] Found 1 flights on 25FEB
2026-01-17 09:12:02 | INFO     | [lf.flight.extracted] SM490 on 25FEB: BKG=149, LF=85.1%
2026-01-17 09:12:04 | INFO     | [SUCCESS] Day 25FEB
2026-01-17 09:12:04 | INFO     | [DAY_START] Processing 24FEB
2026-01-17 09:12:04 | INFO     | [lf.day.start] Processing MED-ATZ for 24FEB
2026-01-17 09:12:06 | INFO     | [lf.day.flights_found] Found 1 flights on 24FEB
2026-01-17 09:12:07 | INFO     | [lf.flight.extracted] SM488 on 24FEB: BKG=144, LF=82.3%
2026-01-17 09:12:10 | INFO     | [SUCCESS] Day 24FEB
2026-01-17 09:12:10 | INFO     | [DAY_START] Processing 23FEB
2026-01-17 09:12:10 | INFO     | [lf.day.start] Processing MED-ATZ for 23FEB
2026-01-17 09:12:11 | INFO     | [lf.day.flights_found] Found 2 flights on 23FEB
2026-01-17 09:12:13 | INFO     | [lf.flight.extracted] SM964 on 23FEB: BKG=90, LF=53.9%
2026-01-17 09:12:16 | INFO     | [lf.flight.extracted] SM488 on 23FEB: BKG=149, LF=85.1%
2026-01-17 09:12:20 | INFO     | [SUCCESS] Day 23FEB
2026-01-17 09:12:20 | INFO     | [DAY_START] Processing 22FEB
2026-01-17 09:12:20 | INFO     | [lf.day.start] Processing MED-ATZ for 22FEB
2026-01-17 09:12:21 | INFO     | [lf.day.flights_found] Found 1 flights on 22FEB
2026-01-17 09:12:23 | INFO     | [lf.flight.extracted] SM982 on 22FEB: BKG=135, LF=77.1%
2026-01-17 09:12:26 | INFO     | [SUCCESS] Day 22FEB
2026-01-17 09:12:26 | INFO     | [DAY_START] Processing 21FEB
2026-01-17 09:12:26 | INFO     | [lf.day.start] Processing MED-ATZ for 21FEB
2026-01-17 09:12:27 | INFO     | [lf.day.flights_found] Found 1 flights on 21FEB
2026-01-17 09:12:29 | INFO     | [lf.flight.extracted] SM488 on 21FEB: BKG=143, LF=81.7%
2026-01-17 09:12:31 | INFO     | [SUCCESS] Day 21FEB
2026-01-17 09:12:31 | INFO     | [DAY_START] Processing 20FEB
2026-01-17 09:12:31 | INFO     | [lf.day.start] Processing MED-ATZ for 20FEB
2026-01-17 09:12:32 | INFO     | [lf.day.flights_found] Found 1 flights on 20FEB
2026-01-17 09:12:34 | INFO     | [lf.flight.extracted] SM964 on 20FEB: BKG=0, LF=0.0%
2026-01-17 09:12:35 | INFO     | [SUCCESS] Day 20FEB
2026-01-17 09:12:35 | INFO     | [DAY_START] Processing 19FEB
2026-01-17 09:12:35 | INFO     | [lf.day.start] Processing MED-ATZ for 19FEB
2026-01-17 09:12:36 | WARNING  | [lf.day.no_flights] No direct flights on 19FEB
2026-01-17 09:12:36 | INFO     | [SUCCESS] Day 19FEB
2026-01-17 09:12:36 | INFO     | [SUCCESS] LF Search Complete
2026-01-17 09:12:36 | INFO     | [Worker_9226] Completed: MED-ATZ - 8 results, 0 errors
2026-01-17 09:12:36 | INFO     | [Worker_9226] Processing: JED-ASW
2026-01-17 09:12:36 | INFO     |   Tier 0: Range 2, Chunk 2/3 (8 days)
