2026-01-17 09:20:13 | INFO     | ======================================================================
2026-01-17 09:20:13 | INFO     | Load Factor Scraper Started - Route: MED-CAI
2026-01-17 09:20:13 | INFO     | Log file: D:\CODERED\LAB\Artifacts\outputs\run_generated_170126_at_08.47_RETRY\logs\LF_MED-CAI_20260117_092013.log
2026-01-17 09:20:13 | INFO     | Enhanced logging: Capturing both logging.info() and print()
2026-01-17 09:20:13 | INFO     | ======================================================================
2026-01-17 09:20:13 | INFO     | Starting LF search for route: MED-CAI
2026-01-17 09:20:13 | INFO     | [START] LF Search
2026-01-17 09:20:14 | INFO     | [HEALTH CHECK] [OK] Chrome connection is healthy
2026-01-17 09:20:14 | INFO     | [DAY_START] Processing 10FEB
2026-01-17 09:20:14 | INFO     | [lf.day.start] Processing MED-CAI for 10FEB
2026-01-17 09:20:15 | INFO     | [lf.day.flights_found] Found 2 flights on 10FEB
2026-01-17 09:20:17 | INFO     | [lf.flight.extracted] SM496 on 10FEB: BKG=168, LF=96.0%
2026-01-17 09:20:22 | INFO     | [lf.flight.extracted] SM494 on 10FEB: BKG=169, LF=96.6%
2026-01-17 09:20:28 | INFO     | [SUCCESS] Day 10FEB
2026-01-17 09:20:28 | INFO     | [DAY_START] Processing 09FEB
2026-01-17 09:20:28 | INFO     | [lf.day.start] Processing MED-CAI for 09FEB
2026-01-17 09:20:29 | WARNING  | [lf.day.no_flights] No direct flights on 09FEB
2026-01-17 09:20:29 | INFO     | [SUCCESS] Day 09FEB
2026-01-17 09:20:29 | INFO     | [DAY_START] Processing 08FEB
2026-01-17 09:20:29 | INFO     | [lf.day.start] Processing MED-CAI for 08FEB
2026-01-17 09:20:30 | INFO     | [lf.day.flights_found] Found 1 flights on 08FEB
2026-01-17 09:20:32 | INFO     | [lf.flight.extracted] SM494 on 08FEB: BKG=179, LF=106.5%
2026-01-17 09:20:37 | INFO     | [SUCCESS] Day 08FEB
2026-01-17 09:20:37 | INFO     | [DAY_START] Processing 07FEB
2026-01-17 09:20:37 | INFO     | [lf.day.start] Processing MED-CAI for 07FEB
2026-01-17 09:20:38 | INFO     | [lf.day.flights_found] Found 1 flights on 07FEB
2026-01-17 09:20:40 | INFO     | [lf.flight.extracted] SM494 on 07FEB: BKG=168, LF=96.0%
2026-01-17 09:20:43 | INFO     | [SUCCESS] Day 07FEB
2026-01-17 09:20:43 | INFO     | [DAY_START] Processing 06FEB
2026-01-17 09:20:43 | INFO     | [lf.day.start] Processing MED-CAI for 06FEB
2026-01-17 09:20:44 | WARNING  | [lf.day.no_flights] No direct flights on 06FEB
2026-01-17 09:20:44 | INFO     | [SUCCESS] Day 06FEB
2026-01-17 09:20:44 | INFO     | [DAY_START] Processing 05FEB
2026-01-17 09:20:44 | INFO     | [lf.day.start] Processing MED-CAI for 05FEB
2026-01-17 09:20:45 | INFO     | [lf.day.flights_found] Found 1 flights on 05FEB
2026-01-17 09:20:47 | INFO     | [lf.flight.extracted] SM494 on 05FEB: BKG=172, LF=98.3%
2026-01-17 09:20:51 | INFO     | [SUCCESS] Day 05FEB
2026-01-17 09:20:51 | INFO     | [DAY_START] Processing 04FEB
2026-01-17 09:20:51 | INFO     | [lf.day.start] Processing MED-CAI for 04FEB
2026-01-17 09:20:52 | WARNING  | [lf.day.no_flights] No direct flights on 04FEB
2026-01-17 09:20:52 | INFO     | [SUCCESS] Day 04FEB
2026-01-17 09:20:52 | INFO     | [DAY_START] Processing 03FEB
2026-01-17 09:20:52 | INFO     | [lf.day.start] Processing MED-CAI for 03FEB
2026-01-17 09:20:53 | INFO     | [lf.day.flights_found] Found 2 flights on 03FEB
2026-01-17 09:20:55 | INFO     | [lf.flight.extracted] SM496 on 03FEB: BKG=164, LF=100.0%
2026-01-17 09:21:01 | INFO     | [lf.flight.extracted] SM494 on 03FEB: BKG=168, LF=96.0%
2026-01-17 09:21:11 | INFO     | [SUCCESS] Day 03FEB
2026-01-17 09:21:11 | INFO     | [DAY_START] Processing 02FEB
2026-01-17 09:21:11 | INFO     | [lf.day.start] Processing MED-CAI for 02FEB
2026-01-17 09:21:12 | WARNING  | [lf.day.no_flights] No direct flights on 02FEB
2026-01-17 09:21:12 | INFO     | [SUCCESS] Day 02FEB
2026-01-17 09:21:12 | INFO     | [SUCCESS] LF Search Complete
2026-01-17 09:21:12 | INFO     | [Worker_9222] Completed: MED-CAI - 9 results, 0 errors
2026-01-17 09:21:12 | INFO     | [Worker_9222] Processing: RUH-ATZ
2026-01-17 09:21:12 | INFO     |   Tier 0: Range 1, Chunk 1/3 (9 days)
