2026-01-17 09:03:43 | INFO     | ======================================================================
2026-01-17 09:03:43 | INFO     | Load Factor Scraper Started - Route: MED-HBE
2026-01-17 09:03:43 | INFO     | Log file: D:\CODERED\LAB\Artifacts\outputs\run_generated_170126_at_08.47_RETRY\logs\LF_MED-HBE_20260117_090343.log
2026-01-17 09:03:43 | INFO     | Enhanced logging: Capturing both logging.info() and print()
2026-01-17 09:03:43 | INFO     | ======================================================================
2026-01-17 09:03:43 | INFO     | Starting LF search for route: MED-HBE
2026-01-17 09:03:43 | INFO     | [START] LF Search
2026-01-17 09:03:43 | INFO     | [HEALTH CHECK] [OK] Chrome connection is healthy
2026-01-17 09:03:43 | INFO     | [DAY_START] Processing 15MAR
2026-01-17 09:03:43 | INFO     | [lf.day.start] Processing MED-HBE for 15MAR
2026-01-17 09:03:44 | INFO     | [lf.day.flights_found] Found 1 flights on 15MAR
2026-01-17 09:03:46 | INFO     | [lf.flight.extracted] SM486 on 15MAR: BKG=11, LF=6.3%
2026-01-17 09:03:49 | INFO     | [SUCCESS] Day 15MAR
2026-01-17 09:03:49 | INFO     | [DAY_START] Processing 14MAR
2026-01-17 09:03:49 | INFO     | [lf.day.start] Processing MED-HBE for 14MAR
2026-01-17 09:03:50 | WARNING  | [lf.day.no_flights] No direct flights on 14MAR
2026-01-17 09:03:50 | INFO     | [SUCCESS] Day 14MAR
2026-01-17 09:03:50 | INFO     | [DAY_START] Processing 13MAR
2026-01-17 09:03:50 | INFO     | [lf.day.start] Processing MED-HBE for 13MAR
2026-01-17 09:03:51 | WARNING  | [lf.day.no_flights] No direct flights on 13MAR
2026-01-17 09:03:51 | INFO     | [SUCCESS] Day 13MAR
2026-01-17 09:03:51 | INFO     | [DAY_START] Processing 12MAR
2026-01-17 09:03:51 | INFO     | [lf.day.start] Processing MED-HBE for 12MAR
2026-01-17 09:03:52 | INFO     | [lf.day.flights_found] Found 1 flights on 12MAR
2026-01-17 09:03:54 | INFO     | [lf.flight.extracted] SM486 on 12MAR: BKG=128, LF=73.1%
2026-01-17 09:03:58 | INFO     | [SUCCESS] Day 12MAR
2026-01-17 09:03:58 | INFO     | [DAY_START] Processing 11MAR
2026-01-17 09:03:58 | INFO     | [lf.day.start] Processing MED-HBE for 11MAR
2026-01-17 09:03:59 | INFO     | [lf.day.flights_found] Found 1 flights on 11MAR
2026-01-17 09:04:01 | INFO     | [lf.flight.extracted] SM486 on 11MAR: BKG=20, LF=11.4%
2026-01-17 09:04:04 | INFO     | [SUCCESS] Day 11MAR
2026-01-17 09:04:04 | INFO     | [DAY_START] Processing 10MAR
2026-01-17 09:04:04 | INFO     | [lf.day.start] Processing MED-HBE for 10MAR
2026-01-17 09:04:05 | INFO     | [lf.day.flights_found] Found 1 flights on 10MAR
2026-01-17 09:04:07 | INFO     | [lf.flight.extracted] SM486 on 10MAR: BKG=6, LF=3.4%
2026-01-17 09:04:10 | INFO     | [SUCCESS] Day 10MAR
2026-01-17 09:04:10 | INFO     | [DAY_START] Processing 09MAR
2026-01-17 09:04:10 | INFO     | [lf.day.start] Processing MED-HBE for 09MAR
2026-01-17 09:04:11 | WARNING  | [lf.day.no_flights] No direct flights on 09MAR
2026-01-17 09:04:11 | INFO     | [SUCCESS] Day 09MAR
2026-01-17 09:04:11 | INFO     | [DAY_START] Processing 08MAR
2026-01-17 09:04:11 | INFO     | [lf.day.start] Processing MED-HBE for 08MAR
2026-01-17 09:04:12 | INFO     | [lf.day.flights_found] Found 1 flights on 08MAR
2026-01-17 09:04:14 | INFO     | [lf.flight.extracted] SM486 on 08MAR: BKG=55, LF=31.4%
2026-01-17 09:04:17 | INFO     | [SUCCESS] Day 08MAR
2026-01-17 09:04:17 | INFO     | [SUCCESS] LF Search Complete
2026-01-17 09:04:17 | INFO     | [Worker_9222] Completed: MED-HBE - 8 results, 0 errors
2026-01-17 09:04:17 | INFO     | [Worker_9222] Processing: JED-LXR
2026-01-17 09:04:17 | INFO     |   Tier 0: Range 3, Chunk 3/3 (8 days)
