2026-01-17 09:15:42 | INFO     | ======================================================================
2026-01-17 09:15:42 | INFO     | Load Factor Scraper Started - Route: MED-CAI
2026-01-17 09:15:42 | INFO     | Log file: D:\CODERED\LAB\Artifacts\outputs\run_generated_170126_at_08.47_RETRY\logs\LF_MED-CAI_20260117_091542.log
2026-01-17 09:15:42 | INFO     | Enhanced logging: Capturing both logging.info() and print()
2026-01-17 09:15:42 | INFO     | ======================================================================
2026-01-17 09:15:42 | INFO     | Starting LF search for route: MED-CAI
2026-01-17 09:15:42 | INFO     | [START] LF Search
2026-01-17 09:15:43 | INFO     | [HEALTH CHECK] [OK] Chrome connection is healthy
2026-01-17 09:15:43 | INFO     | [DAY_START] Processing 18FEB
2026-01-17 09:15:43 | INFO     | [lf.day.start] Processing MED-CAI for 18FEB
2026-01-17 09:15:44 | INFO     | [lf.day.flights_found] Found 2 flights on 18FEB
2026-01-17 09:15:46 | INFO     | [lf.flight.extracted] SM952 on 18FEB: BKG=0, LF=0.0%
2026-01-17 09:15:49 | INFO     | [lf.flight.extracted] SM954 on 18FEB: BKG=0, LF=0.0%
2026-01-17 09:15:50 | INFO     | [SUCCESS] Day 18FEB
2026-01-17 09:15:50 | INFO     | [DAY_START] Processing 17FEB
2026-01-17 09:15:50 | INFO     | [lf.day.start] Processing MED-CAI for 17FEB
2026-01-17 09:15:51 | INFO     | [lf.day.flights_found] Found 3 flights on 17FEB
2026-01-17 09:15:53 | INFO     | [lf.flight.extracted] SM496 on 17FEB: BKG=17, LF=9.9%
2026-01-17 09:15:58 | INFO     | [lf.flight.extracted] SM972 on 17FEB: BKG=7, LF=4.2%
2026-01-17 09:16:01 | INFO     | [lf.flight.extracted] SM494 on 17FEB: BKG=15, LF=8.6%
2026-01-17 09:16:07 | INFO     | [SUCCESS] Day 17FEB
2026-01-17 09:16:07 | INFO     | [DAY_START] Processing 16FEB
2026-01-17 09:16:07 | INFO     | [lf.day.start] Processing MED-CAI for 16FEB
2026-01-17 09:16:08 | INFO     | [lf.day.flights_found] Found 1 flights on 16FEB
2026-01-17 09:16:10 | INFO     | [lf.flight.extracted] SM972 on 16FEB: BKG=33, LF=19.8%
2026-01-17 09:16:13 | INFO     | [SUCCESS] Day 16FEB
2026-01-17 09:16:13 | INFO     | [DAY_START] Processing 15FEB
2026-01-17 09:16:13 | INFO     | [lf.day.start] Processing MED-CAI for 15FEB
2026-01-17 09:16:15 | INFO     | [lf.day.flights_found] Found 1 flights on 15FEB
2026-01-17 09:16:16 | INFO     | [lf.flight.extracted] SM494 on 15FEB: BKG=53, LF=30.3%
2026-01-17 09:16:21 | INFO     | [SUCCESS] Day 15FEB
2026-01-17 09:16:21 | INFO     | [DAY_START] Processing 14FEB
2026-01-17 09:16:21 | INFO     | [lf.day.start] Processing MED-CAI for 14FEB
2026-01-17 09:16:22 | INFO     | [lf.day.flights_found] Found 1 flights on 14FEB
2026-01-17 09:16:24 | INFO     | [lf.flight.extracted] SM494 on 14FEB: BKG=65, LF=37.8%
2026-01-17 09:16:28 | INFO     | [SUCCESS] Day 14FEB
2026-01-17 09:16:28 | INFO     | [DAY_START] Processing 13FEB
2026-01-17 09:16:28 | INFO     | [lf.day.start] Processing MED-CAI for 13FEB
2026-01-17 09:16:29 | INFO     | [lf.day.flights_found] Found 1 flights on 13FEB
2026-01-17 09:16:31 | INFO     | [lf.flight.extracted] SM972 on 13FEB: BKG=45, LF=27.0%
2026-01-17 09:16:35 | INFO     | [SUCCESS] Day 13FEB
2026-01-17 09:16:35 | INFO     | [DAY_START] Processing 12FEB
2026-01-17 09:16:35 | INFO     | [lf.day.start] Processing MED-CAI for 12FEB
2026-01-17 09:16:36 | INFO     | [lf.day.flights_found] Found 1 flights on 12FEB
2026-01-17 09:16:38 | INFO     | [lf.flight.extracted] SM494 on 12FEB: BKG=168, LF=97.7%
2026-01-17 09:16:42 | INFO     | [SUCCESS] Day 12FEB
2026-01-17 09:16:42 | INFO     | [DAY_START] Processing 11FEB
2026-01-17 09:16:42 | INFO     | [lf.day.start] Processing MED-CAI for 11FEB
2026-01-17 09:16:43 | WARNING  | [lf.day.no_flights] No direct flights on 11FEB
2026-01-17 09:16:43 | INFO     | [SUCCESS] Day 11FEB
2026-01-17 09:16:43 | INFO     | [SUCCESS] LF Search Complete
2026-01-17 09:16:43 | INFO     | [Worker_9232] Completed: MED-CAI - 8 results, 0 errors
2026-01-17 09:16:43 | INFO     | [Worker_9232] Processing: RUH-CAI
2026-01-17 09:16:43 | INFO     |   Tier 0: Range 2, Chunk 3/3 (8 days)
