2026-01-17 08:56:21 | INFO     | ======================================================================
2026-01-17 08:56:21 | INFO     | Load Factor Scraper Started - Route: MED-ATZ
2026-01-17 08:56:21 | INFO     | Log file: D:\CODERED\LAB\Artifacts\outputs\run_generated_170126_at_08.47_RETRY\logs\LF_MED-ATZ_20260117_085621.log
2026-01-17 08:56:21 | INFO     | Enhanced logging: Capturing both logging.info() and print()
2026-01-17 08:56:21 | INFO     | ======================================================================
2026-01-17 08:56:21 | INFO     | Starting LF search for route: MED-ATZ
2026-01-17 08:56:21 | INFO     | [START] LF Search
2026-01-17 08:56:22 | INFO     | [HEALTH CHECK] [OK] Chrome connection is healthy
2026-01-17 08:56:22 | INFO     | [DAY_START] Processing 01APR
2026-01-17 08:56:22 | INFO     | [lf.day.start] Processing MED-ATZ for 01APR
2026-01-17 08:56:23 | WARNING  | [lf.day.no_flights] No direct flights on 01APR
2026-01-17 08:56:23 | INFO     | [SUCCESS] Day 01APR
2026-01-17 08:56:23 | INFO     | [DAY_START] Processing 31MAR
2026-01-17 08:56:23 | INFO     | [lf.day.start] Processing MED-ATZ for 31MAR
2026-01-17 08:56:24 | WARNING  | [lf.day.no_flights] No direct flights on 31MAR
2026-01-17 08:56:24 | INFO     | [SUCCESS] Day 31MAR
2026-01-17 08:56:24 | INFO     | [DAY_START] Processing 30MAR
2026-01-17 08:56:24 | INFO     | [lf.day.start] Processing MED-ATZ for 30MAR
2026-01-17 08:56:25 | WARNING  | [lf.day.no_flights] No direct flights on 30MAR
2026-01-17 08:56:25 | INFO     | [SUCCESS] Day 30MAR
2026-01-17 08:56:25 | INFO     | [DAY_START] Processing 29MAR
2026-01-17 08:56:25 | INFO     | [lf.day.start] Processing MED-ATZ for 29MAR
2026-01-17 08:56:26 | INFO     | [lf.day.flights_found] Found 1 flights on 29MAR
2026-01-17 08:56:28 | INFO     | [lf.flight.extracted] SM488 on 29MAR: BKG=168, LF=96.0%
2026-01-17 08:56:31 | INFO     | [SUCCESS] Day 29MAR
2026-01-17 08:56:31 | INFO     | [DAY_START] Processing 28MAR
2026-01-17 08:56:31 | INFO     | [lf.day.start] Processing MED-ATZ for 28MAR
2026-01-17 08:56:32 | INFO     | [lf.day.flights_found] Found 1 flights on 28MAR
2026-01-17 08:56:34 | INFO     | [lf.flight.extracted] SM488 on 28MAR: BKG=183, LF=104.6%
2026-01-17 08:56:36 | INFO     | [SUCCESS] Day 28MAR
2026-01-17 08:56:36 | INFO     | [DAY_START] Processing 27MAR
2026-01-17 08:56:36 | INFO     | [lf.day.start] Processing MED-ATZ for 27MAR
2026-01-17 08:56:37 | INFO     | [lf.day.flights_found] Found 1 flights on 27MAR
2026-01-17 08:56:39 | INFO     | [lf.flight.extracted] SM964 on 27MAR: BKG=180, LF=107.8%
2026-01-17 08:56:42 | INFO     | [SUCCESS] Day 27MAR
2026-01-17 08:56:42 | INFO     | [DAY_START] Processing 26MAR
2026-01-17 08:56:42 | INFO     | [lf.day.start] Processing MED-ATZ for 26MAR
2026-01-17 08:56:43 | WARNING  | [lf.day.no_flights] No direct flights on 26MAR
2026-01-17 08:56:43 | INFO     | [SUCCESS] Day 26MAR
2026-01-17 08:56:43 | INFO     | [DAY_START] Processing 25MAR
2026-01-17 08:56:43 | INFO     | [lf.day.start] Processing MED-ATZ for 25MAR
2026-01-17 08:56:44 | INFO     | [lf.day.flights_found] Found 1 flights on 25MAR
2026-01-17 08:56:46 | INFO     | [lf.flight.extracted] SM490 on 25MAR: BKG=138, LF=80.2%
2026-01-17 08:56:48 | INFO     | [SUCCESS] Day 25MAR
2026-01-17 08:56:48 | INFO     | [DAY_START] Processing 24MAR
2026-01-17 08:56:48 | INFO     | [lf.day.start] Processing MED-ATZ for 24MAR
2026-01-17 08:56:49 | INFO     | [lf.day.flights_found] Found 1 flights on 24MAR
2026-01-17 08:56:51 | INFO     | [lf.flight.extracted] SM488 on 24MAR: BKG=181, LF=103.4%
2026-01-17 08:56:54 | INFO     | [SUCCESS] Day 24MAR
2026-01-17 08:56:54 | INFO     | [SUCCESS] LF Search Complete
2026-01-17 08:56:54 | INFO     | [Worker_9233] Completed: MED-ATZ - 9 results, 0 errors
2026-01-17 08:56:54 | INFO     | [Worker_9233] Processing: RUH-ATZ
2026-01-17 08:56:54 | INFO     |   Tier 0: Range 3, Chunk 1/3 (9 days)
