2026-01-17 09:07:51 | INFO     | ======================================================================
2026-01-17 09:07:51 | INFO     | Load Factor Scraper Started - Route: MED-HBE
2026-01-17 09:07:51 | INFO     | Log file: D:\CODERED\LAB\Artifacts\outputs\run_generated_170126_at_08.47_RETRY\logs\LF_MED-HBE_20260117_090751.log
2026-01-17 09:07:51 | INFO     | Enhanced logging: Capturing both logging.info() and print()
2026-01-17 09:07:51 | INFO     | ======================================================================
2026-01-17 09:07:51 | INFO     | Starting LF search for route: MED-HBE
2026-01-17 09:07:51 | INFO     | [START] LF Search
2026-01-17 09:07:52 | INFO     | [HEALTH CHECK] [OK] Chrome connection is healthy
2026-01-17 09:07:52 | INFO     | [DAY_START] Processing 07MAR
2026-01-17 09:07:52 | INFO     | [lf.day.start] Processing MED-HBE for 07MAR
2026-01-17 09:07:53 | WARNING  | [lf.day.no_flights] No direct flights on 07MAR
2026-01-17 09:07:54 | INFO     | [SUCCESS] Day 07MAR
2026-01-17 09:07:54 | INFO     | [DAY_START] Processing 06MAR
2026-01-17 09:07:54 | INFO     | [lf.day.start] Processing MED-HBE for 06MAR
2026-01-17 09:07:55 | WARNING  | [lf.day.no_flights] No direct flights on 06MAR
2026-01-17 09:07:55 | INFO     | [SUCCESS] Day 06MAR
2026-01-17 09:07:55 | INFO     | [DAY_START] Processing 05MAR
2026-01-17 09:07:55 | INFO     | [lf.day.start] Processing MED-HBE for 05MAR
2026-01-17 09:07:56 | INFO     | [lf.day.flights_found] Found 1 flights on 05MAR
2026-01-17 09:07:58 | INFO     | [lf.flight.extracted] SM486 on 05MAR: BKG=41, LF=23.4%
2026-01-17 09:08:02 | INFO     | [SUCCESS] Day 05MAR
2026-01-17 09:08:02 | INFO     | [DAY_START] Processing 04MAR
2026-01-17 09:08:02 | INFO     | [lf.day.start] Processing MED-HBE for 04MAR
2026-01-17 09:08:03 | INFO     | [lf.day.flights_found] Found 1 flights on 04MAR
2026-01-17 09:08:05 | INFO     | [lf.flight.extracted] SM486 on 04MAR: BKG=18, LF=10.7%
2026-01-17 09:08:07 | INFO     | [SUCCESS] Day 04MAR
2026-01-17 09:08:07 | INFO     | [DAY_START] Processing 03MAR
2026-01-17 09:08:07 | INFO     | [lf.day.start] Processing MED-HBE for 03MAR
2026-01-17 09:08:09 | INFO     | [lf.day.flights_found] Found 1 flights on 03MAR
2026-01-17 09:08:12 | INFO     | [lf.flight.extracted] SM486 on 03MAR: BKG=100, LF=57.1%
2026-01-17 09:08:16 | INFO     | [SUCCESS] Day 03MAR
2026-01-17 09:08:16 | INFO     | [DAY_START] Processing 02MAR
2026-01-17 09:08:16 | INFO     | [lf.day.start] Processing MED-HBE for 02MAR
2026-01-17 09:08:17 | WARNING  | [lf.day.no_flights] No direct flights on 02MAR
2026-01-17 09:08:17 | INFO     | [SUCCESS] Day 02MAR
2026-01-17 09:08:17 | INFO     | [DAY_START] Processing 01MAR
2026-01-17 09:08:17 | INFO     | [lf.day.start] Processing MED-HBE for 01MAR
2026-01-17 09:08:18 | INFO     | [lf.day.flights_found] Found 1 flights on 01MAR
2026-01-17 09:08:20 | INFO     | [lf.flight.extracted] SM486 on 01MAR: BKG=42, LF=25.0%
2026-01-17 09:08:24 | INFO     | [SUCCESS] Day 01MAR
2026-01-17 09:08:24 | INFO     | [DAY_START] Processing 28FEB
2026-01-17 09:08:24 | INFO     | [lf.day.start] Processing MED-HBE for 28FEB
2026-01-17 09:08:25 | WARNING  | [lf.day.no_flights] No direct flights on 28FEB
2026-01-17 09:08:25 | INFO     | [SUCCESS] Day 28FEB
2026-01-17 09:08:25 | INFO     | [DAY_START] Processing 27FEB
2026-01-17 09:08:25 | INFO     | [lf.day.start] Processing MED-HBE for 27FEB
2026-01-17 09:08:26 | WARNING  | [lf.day.no_flights] No direct flights on 27FEB
2026-01-17 09:08:26 | INFO     | [SUCCESS] Day 27FEB
2026-01-17 09:08:26 | INFO     | [SUCCESS] LF Search Complete
2026-01-17 09:08:26 | INFO     | [Worker_9225] Completed: MED-HBE - 9 results, 0 errors
2026-01-17 09:08:26 | INFO     | [Worker_9225] Processing: JED-ASW
2026-01-17 09:08:26 | INFO     |   Tier 0: Range 2, Chunk 1/3 (9 days)
