2026-01-17 09:20:24 | INFO     | ======================================================================
2026-01-17 09:20:24 | INFO     | Load Factor Scraper Started - Route: MED-HBE
2026-01-17 09:20:24 | INFO     | Log file: D:\CODERED\LAB\Artifacts\outputs\run_generated_170126_at_08.47_RETRY\logs\LF_MED-HBE_20260117_092024.log
2026-01-17 09:20:24 | INFO     | Enhanced logging: Capturing both logging.info() and print()
2026-01-17 09:20:24 | INFO     | ======================================================================
2026-01-17 09:20:24 | INFO     | Starting LF search for route: MED-HBE
2026-01-17 09:20:24 | INFO     | [START] LF Search
2026-01-17 09:20:25 | INFO     | [HEALTH CHECK] [OK] Chrome connection is healthy
2026-01-17 09:20:25 | INFO     | [DAY_START] Processing 10FEB
2026-01-17 09:20:25 | INFO     | [lf.day.start] Processing MED-HBE for 10FEB
2026-01-17 09:20:26 | INFO     | [lf.day.flights_found] Found 1 flights on 10FEB
2026-01-17 09:20:28 | INFO     | [lf.flight.extracted] SM486 on 10FEB: BKG=168, LF=96.0%
2026-01-17 09:20:32 | INFO     | [SUCCESS] Day 10FEB
2026-01-17 09:20:32 | INFO     | [DAY_START] Processing 09FEB
2026-01-17 09:20:32 | INFO     | [lf.day.start] Processing MED-HBE for 09FEB
2026-01-17 09:20:33 | WARNING  | [lf.day.no_flights] No direct flights on 09FEB
2026-01-17 09:20:33 | INFO     | [SUCCESS] Day 09FEB
2026-01-17 09:20:33 | INFO     | [DAY_START] Processing 08FEB
2026-01-17 09:20:34 | INFO     | [lf.day.start] Processing MED-HBE for 08FEB
2026-01-17 09:20:35 | INFO     | [lf.day.flights_found] Found 1 flights on 08FEB
2026-01-17 09:20:37 | INFO     | [lf.flight.extracted] SM486 on 08FEB: BKG=168, LF=96.0%
2026-01-17 09:20:40 | INFO     | [SUCCESS] Day 08FEB
2026-01-17 09:20:40 | INFO     | [DAY_START] Processing 07FEB
2026-01-17 09:20:40 | INFO     | [lf.day.start] Processing MED-HBE for 07FEB
2026-01-17 09:20:41 | WARNING  | [lf.day.no_flights] No direct flights on 07FEB
2026-01-17 09:20:41 | INFO     | [SUCCESS] Day 07FEB
2026-01-17 09:20:41 | INFO     | [DAY_START] Processing 06FEB
2026-01-17 09:20:41 | INFO     | [lf.day.start] Processing MED-HBE for 06FEB
2026-01-17 09:20:42 | WARNING  | [lf.day.no_flights] No direct flights on 06FEB
2026-01-17 09:20:42 | INFO     | [SUCCESS] Day 06FEB
2026-01-17 09:20:42 | INFO     | [DAY_START] Processing 05FEB
2026-01-17 09:20:42 | INFO     | [lf.day.start] Processing MED-HBE for 05FEB
2026-01-17 09:20:43 | INFO     | [lf.day.flights_found] Found 1 flights on 05FEB
2026-01-17 09:20:46 | INFO     | [lf.flight.extracted] SM486 on 05FEB: BKG=169, LF=96.6%
2026-01-17 09:20:49 | INFO     | [SUCCESS] Day 05FEB
2026-01-17 09:20:49 | INFO     | [DAY_START] Processing 04FEB
2026-01-17 09:20:49 | INFO     | [lf.day.start] Processing MED-HBE for 04FEB
2026-01-17 09:20:51 | INFO     | [lf.day.flights_found] Found 1 flights on 04FEB
2026-01-17 09:20:53 | INFO     | [lf.flight.extracted] SM486 on 04FEB: BKG=168, LF=96.0%
2026-01-17 09:20:57 | INFO     | [SUCCESS] Day 04FEB
2026-01-17 09:20:57 | INFO     | [DAY_START] Processing 03FEB
2026-01-17 09:20:57 | INFO     | [lf.day.start] Processing MED-HBE for 03FEB
2026-01-17 09:20:58 | INFO     | [lf.day.flights_found] Found 1 flights on 03FEB
2026-01-17 09:21:00 | INFO     | [lf.flight.extracted] SM486 on 03FEB: BKG=168, LF=96.0%
2026-01-17 09:21:06 | INFO     | [SUCCESS] Day 03FEB
2026-01-17 09:21:06 | INFO     | [DAY_START] Processing 02FEB
2026-01-17 09:21:06 | INFO     | [lf.day.start] Processing MED-HBE for 02FEB
2026-01-17 09:21:07 | WARNING  | [lf.day.no_flights] No direct flights on 02FEB
2026-01-17 09:21:07 | INFO     | [SUCCESS] Day 02FEB
2026-01-17 09:21:07 | INFO     | [SUCCESS] LF Search Complete
2026-01-17 09:21:19 | INFO     | [Worker_9234] Completed: MED-HBE - 9 results, 0 errors
2026-01-17 09:21:19 | INFO     | [Worker_9234] Processing: DMM-ATZ
2026-01-17 09:21:19 | INFO     |   Tier 0: Range 1, Chunk 1/3 (9 days)
