2026-01-17 09:03:48 | INFO     | ======================================================================
2026-01-17 09:03:48 | INFO     | Load Factor Scraper Started - Route: MED-ATZ
2026-01-17 09:03:48 | INFO     | Log file: D:\CODERED\LAB\Artifacts\outputs\run_generated_170126_at_08.47_RETRY\logs\LF_MED-ATZ_20260117_090348.log
2026-01-17 09:03:48 | INFO     | Enhanced logging: Capturing both logging.info() and print()
2026-01-17 09:03:48 | INFO     | ======================================================================
2026-01-17 09:03:48 | INFO     | Starting LF search for route: MED-ATZ
2026-01-17 09:03:48 | INFO     | [START] LF Search
2026-01-17 09:03:49 | INFO     | [HEALTH CHECK] [OK] Chrome connection is healthy
2026-01-17 09:03:49 | INFO     | [DAY_START] Processing 15MAR
2026-01-17 09:03:49 | INFO     | [lf.day.start] Processing MED-ATZ for 15MAR
2026-01-17 09:03:50 | WARNING  | [lf.day.no_flights] No direct flights on 15MAR
2026-01-17 09:03:50 | INFO     | [SUCCESS] Day 15MAR
2026-01-17 09:03:50 | INFO     | [DAY_START] Processing 14MAR
2026-01-17 09:03:50 | INFO     | [lf.day.start] Processing MED-ATZ for 14MAR
2026-01-17 09:03:51 | INFO     | [lf.day.flights_found] Found 1 flights on 14MAR
2026-01-17 09:03:53 | INFO     | [lf.flight.extracted] SM488 on 14MAR: BKG=8, LF=4.8%
2026-01-17 09:03:56 | INFO     | [SUCCESS] Day 14MAR
2026-01-17 09:03:56 | INFO     | [DAY_START] Processing 13MAR
2026-01-17 09:03:56 | INFO     | [lf.day.start] Processing MED-ATZ for 13MAR
2026-01-17 09:03:57 | WARNING  | [lf.day.no_flights] No direct flights on 13MAR
2026-01-17 09:03:58 | INFO     | [SUCCESS] Day 13MAR
2026-01-17 09:03:58 | INFO     | [DAY_START] Processing 12MAR
2026-01-17 09:03:58 | INFO     | [lf.day.start] Processing MED-ATZ for 12MAR
2026-01-17 09:03:59 | WARNING  | [lf.day.no_flights] No direct flights on 12MAR
2026-01-17 09:03:59 | INFO     | [SUCCESS] Day 12MAR
2026-01-17 09:03:59 | INFO     | [DAY_START] Processing 11MAR
2026-01-17 09:03:59 | INFO     | [lf.day.start] Processing MED-ATZ for 11MAR
2026-01-17 09:04:00 | INFO     | [lf.day.flights_found] Found 1 flights on 11MAR
2026-01-17 09:04:02 | INFO     | [lf.flight.extracted] SM490 on 11MAR: BKG=31, LF=17.7%
2026-01-17 09:04:05 | INFO     | [SUCCESS] Day 11MAR
2026-01-17 09:04:05 | INFO     | [DAY_START] Processing 10MAR
2026-01-17 09:04:05 | INFO     | [lf.day.start] Processing MED-ATZ for 10MAR
2026-01-17 09:04:06 | INFO     | [lf.day.flights_found] Found 1 flights on 10MAR
2026-01-17 09:04:08 | INFO     | [lf.flight.extracted] SM488 on 10MAR: BKG=17, LF=9.7%
2026-01-17 09:04:11 | INFO     | [SUCCESS] Day 10MAR
2026-01-17 09:04:11 | INFO     | [DAY_START] Processing 09MAR
2026-01-17 09:04:11 | INFO     | [lf.day.start] Processing MED-ATZ for 09MAR
2026-01-17 09:04:12 | INFO     | [lf.day.flights_found] Found 1 flights on 09MAR
2026-01-17 09:04:13 | INFO     | [lf.flight.extracted] SM488 on 09MAR: BKG=11, LF=6.3%
2026-01-17 09:04:16 | INFO     | [SUCCESS] Day 09MAR
2026-01-17 09:04:16 | INFO     | [DAY_START] Processing 08MAR
2026-01-17 09:04:16 | INFO     | [lf.day.start] Processing MED-ATZ for 08MAR
2026-01-17 09:04:17 | WARNING  | [lf.day.no_flights] No direct flights on 08MAR
2026-01-17 09:04:17 | INFO     | [SUCCESS] Day 08MAR
2026-01-17 09:04:17 | INFO     | [SUCCESS] LF Search Complete
2026-01-17 09:04:17 | INFO     | [Worker_9227] Completed: MED-ATZ - 8 results, 0 errors
2026-01-17 09:04:17 | INFO     | [Worker_9227] Processing: JED-ASW
2026-01-17 09:04:17 | INFO     |   Tier 0: Range 3, Chunk 3/3 (8 days)
