2026-01-17 09:25:11 | INFO     | ======================================================================
2026-01-17 09:25:11 | INFO     | Load Factor Scraper Started - Route: MED-HBE
2026-01-17 09:25:11 | INFO     | Log file: D:\CODERED\LAB\Artifacts\outputs\run_generated_170126_at_08.47_RETRY\logs\LF_MED-HBE_20260117_092511.log
2026-01-17 09:25:11 | INFO     | Enhanced logging: Capturing both logging.info() and print()
2026-01-17 09:25:11 | INFO     | ======================================================================
2026-01-17 09:25:11 | INFO     | Starting LF search for route: MED-HBE
2026-01-17 09:25:11 | INFO     | [START] LF Search
2026-01-17 09:25:12 | INFO     | [HEALTH CHECK] [OK] Chrome connection is healthy
2026-01-17 09:25:12 | INFO     | [DAY_START] Processing 01FEB
2026-01-17 09:25:12 | INFO     | [lf.day.start] Processing MED-HBE for 01FEB
2026-01-17 09:25:13 | INFO     | [lf.day.flights_found] Found 1 flights on 01FEB
2026-01-17 09:25:15 | INFO     | [lf.flight.extracted] SM486 on 01FEB: BKG=169, LF=96.6%
2026-01-17 09:25:21 | INFO     | [SUCCESS] Day 01FEB
2026-01-17 09:25:21 | INFO     | [DAY_START] Processing 31JAN
2026-01-17 09:25:21 | INFO     | [lf.day.start] Processing MED-HBE for 31JAN
2026-01-17 09:25:22 | WARNING  | [lf.day.no_flights] No direct flights on 31JAN
2026-01-17 09:25:22 | INFO     | [SUCCESS] Day 31JAN
2026-01-17 09:25:22 | INFO     | [DAY_START] Processing 30JAN
2026-01-17 09:25:22 | INFO     | [lf.day.start] Processing MED-HBE for 30JAN
2026-01-17 09:25:23 | WARNING  | [lf.day.no_flights] No direct flights on 30JAN
2026-01-17 09:25:24 | INFO     | [SUCCESS] Day 30JAN
2026-01-17 09:25:24 | INFO     | [DAY_START] Processing 29JAN
2026-01-17 09:25:24 | INFO     | [lf.day.start] Processing MED-HBE for 29JAN
2026-01-17 09:25:25 | INFO     | [lf.day.flights_found] Found 1 flights on 29JAN
2026-01-17 09:25:27 | INFO     | [lf.flight.extracted] SM486 on 29JAN: BKG=169, LF=94.9%
2026-01-17 09:25:32 | INFO     | [SUCCESS] Day 29JAN
2026-01-17 09:25:32 | INFO     | [DAY_START] Processing 28JAN
2026-01-17 09:25:32 | INFO     | [lf.day.start] Processing MED-HBE for 28JAN
2026-01-17 09:25:33 | INFO     | [lf.day.flights_found] Found 1 flights on 28JAN
2026-01-17 09:25:35 | INFO     | [lf.flight.extracted] SM486 on 28JAN: BKG=172, LF=96.6%
2026-01-17 09:25:41 | INFO     | [SUCCESS] Day 28JAN
2026-01-17 09:25:41 | INFO     | [DAY_START] Processing 27JAN
2026-01-17 09:25:41 | INFO     | [lf.day.start] Processing MED-HBE for 27JAN
2026-01-17 09:25:42 | INFO     | [lf.day.flights_found] Found 1 flights on 27JAN
2026-01-17 09:25:45 | INFO     | [lf.flight.extracted] SM486 on 27JAN: BKG=172, LF=96.6%
2026-01-17 09:25:50 | INFO     | [SUCCESS] Day 27JAN
2026-01-17 09:25:50 | INFO     | [DAY_START] Processing 26JAN
2026-01-17 09:25:50 | INFO     | [lf.day.start] Processing MED-HBE for 26JAN
2026-01-17 09:25:51 | WARNING  | [lf.day.no_flights] No direct flights on 26JAN
2026-01-17 09:25:51 | INFO     | [SUCCESS] Day 26JAN
2026-01-17 09:25:51 | INFO     | [DAY_START] Processing 25JAN
2026-01-17 09:25:51 | INFO     | [lf.day.start] Processing MED-HBE for 25JAN
2026-01-17 09:25:52 | INFO     | [lf.day.flights_found] Found 1 flights on 25JAN
2026-01-17 09:25:54 | INFO     | [lf.flight.extracted] SM486 on 25JAN: BKG=169, LF=96.6%
2026-01-17 09:26:00 | INFO     | [SUCCESS] Day 25JAN
2026-01-17 09:26:00 | INFO     | [SUCCESS] LF Search Complete
2026-01-17 09:26:00 | INFO     | [Worker_9223] Completed: MED-HBE - 8 results, 0 errors
2026-01-17 09:26:00 | INFO     | [Worker_9223] Processing: RUH-CAI
2026-01-17 09:26:00 | INFO     |   Tier 0: Range 1, Chunk 2/3 (8 days)
