2026-01-17 08:51:08 | INFO     | ======================================================================
2026-01-17 08:51:08 | INFO     | Load Factor Scraper Started - Route: RUH-CAI
2026-01-17 08:51:08 | INFO     | Log file: D:\CODERED\LAB\Artifacts\outputs\run_generated_170126_at_08.47_RETRY\logs\LF_RUH-CAI_20260117_085108.log
2026-01-17 08:51:08 | INFO     | Enhanced logging: Capturing both logging.info() and print()
2026-01-17 08:51:08 | INFO     | ======================================================================
2026-01-17 08:51:08 | INFO     | Starting LF search for route: RUH-CAI
2026-01-17 08:51:08 | INFO     | [START] LF Search
2026-01-17 08:51:09 | INFO     | [HEALTH CHECK] [OK] Chrome connection is healthy
2026-01-17 08:51:09 | INFO     | [DAY_START] Processing 18APR
2026-01-17 08:51:09 | INFO     | [lf.day.start] Processing RUH-CAI for 18APR
2026-01-17 08:51:10 | INFO     | [lf.day.flights_found] Found 1 flights on 18APR
2026-01-17 08:51:11 | INFO     | [lf.flight.extracted] SM462 on 18APR: BKG=0, LF=0.0%
2026-01-17 08:51:13 | INFO     | [SUCCESS] Day 18APR
2026-01-17 08:51:13 | INFO     | [DAY_START] Processing 17APR
2026-01-17 08:51:13 | INFO     | [lf.day.start] Processing RUH-CAI for 17APR
2026-01-17 08:51:13 | INFO     | [lf.day.flights_found] Found 1 flights on 17APR
2026-01-17 08:51:15 | INFO     | [lf.flight.extracted] SM462 on 17APR: BKG=0, LF=0.0%
2026-01-17 08:51:17 | INFO     | [SUCCESS] Day 17APR
2026-01-17 08:51:17 | INFO     | [DAY_START] Processing 16APR
2026-01-17 08:51:17 | INFO     | [lf.day.start] Processing RUH-CAI for 16APR
2026-01-17 08:51:17 | INFO     | [lf.day.flights_found] Found 1 flights on 16APR
2026-01-17 08:51:19 | INFO     | [lf.flight.extracted] SM462 on 16APR: BKG=0, LF=0.0%
2026-01-17 08:51:20 | INFO     | [SUCCESS] Day 16APR
2026-01-17 08:51:20 | INFO     | [DAY_START] Processing 15APR
2026-01-17 08:51:20 | INFO     | [lf.day.start] Processing RUH-CAI for 15APR
2026-01-17 08:51:21 | INFO     | [lf.day.flights_found] Found 1 flights on 15APR
2026-01-17 08:51:23 | INFO     | [lf.flight.extracted] SM462 on 15APR: BKG=0, LF=0.0%
2026-01-17 08:51:25 | INFO     | [SUCCESS] Day 15APR
2026-01-17 08:51:25 | INFO     | [DAY_START] Processing 14APR
2026-01-17 08:51:25 | INFO     | [lf.day.start] Processing RUH-CAI for 14APR
2026-01-17 08:51:26 | INFO     | [lf.day.flights_found] Found 1 flights on 14APR
2026-01-17 08:51:28 | INFO     | [lf.flight.extracted] SM462 on 14APR: BKG=0, LF=0.0%
2026-01-17 08:51:29 | INFO     | [SUCCESS] Day 14APR
2026-01-17 08:51:29 | INFO     | [DAY_START] Processing 13APR
2026-01-17 08:51:29 | INFO     | [lf.day.start] Processing RUH-CAI for 13APR
2026-01-17 08:51:30 | INFO     | [lf.day.flights_found] Found 1 flights on 13APR
2026-01-17 08:51:32 | INFO     | [lf.flight.extracted] SM462 on 13APR: BKG=0, LF=0.0%
2026-01-17 08:51:33 | INFO     | [SUCCESS] Day 13APR
2026-01-17 08:51:33 | INFO     | [DAY_START] Processing 12APR
2026-01-17 08:51:33 | INFO     | [lf.day.start] Processing RUH-CAI for 12APR
2026-01-17 08:51:34 | INFO     | [lf.day.flights_found] Found 1 flights on 12APR
2026-01-17 08:51:36 | INFO     | [lf.flight.extracted] SM462 on 12APR: BKG=0, LF=0.0%
2026-01-17 08:51:37 | INFO     | [SUCCESS] Day 12APR
2026-01-17 08:51:37 | INFO     | [DAY_START] Processing 11APR
2026-01-17 08:51:37 | INFO     | [lf.day.start] Processing RUH-CAI for 11APR
2026-01-17 08:51:38 | INFO     | [lf.day.flights_found] Found 1 flights on 11APR
2026-01-17 08:51:40 | INFO     | [lf.flight.extracted] SM462 on 11APR: BKG=0, LF=0.0%
2026-01-17 08:51:41 | INFO     | [SUCCESS] Day 11APR
2026-01-17 08:51:41 | INFO     | [DAY_START] Processing 10APR
2026-01-17 08:51:41 | INFO     | [lf.day.start] Processing RUH-CAI for 10APR
2026-01-17 08:51:42 | INFO     | [lf.day.flights_found] Found 1 flights on 10APR
2026-01-17 08:51:44 | INFO     | [lf.flight.extracted] SM462 on 10APR: BKG=0, LF=0.0%
2026-01-17 08:51:45 | INFO     | [SUCCESS] Day 10APR
2026-01-17 08:51:45 | INFO     | [SUCCESS] LF Search Complete
2026-01-17 08:51:45 | INFO     | [Worker_9232] Completed: RUH-CAI - 9 results, 0 errors
2026-01-17 08:51:45 | INFO     | [Worker_9232] Processing: AHB-ATZ
2026-01-17 08:51:45 | INFO     |   Tier 0: Range 4, Chunk 2/3 (9 days)
