2026-01-17 08:54:04 | INFO     | ======================================================================
2026-01-17 08:54:04 | INFO     | Load Factor Scraper Started - Route: RUH-CAI
2026-01-17 08:54:04 | INFO     | Log file: D:\CODERED\LAB\Artifacts\outputs\run_generated_170126_at_08.47_RETRY\logs\LF_RUH-CAI_20260117_085404.log
2026-01-17 08:54:04 | INFO     | Enhanced logging: Capturing both logging.info() and print()
2026-01-17 08:54:04 | INFO     | ======================================================================
2026-01-17 08:54:04 | INFO     | Starting LF search for route: RUH-CAI
2026-01-17 08:54:04 | INFO     | [START] LF Search
2026-01-17 08:54:05 | INFO     | [HEALTH CHECK] [OK] Chrome connection is healthy
2026-01-17 08:54:05 | INFO     | [DAY_START] Processing 09APR
2026-01-17 08:54:05 | INFO     | [lf.day.start] Processing RUH-CAI for 09APR
2026-01-17 08:54:06 | INFO     | [lf.day.flights_found] Found 1 flights on 09APR
2026-01-17 08:54:08 | INFO     | [lf.flight.extracted] SM462 on 09APR: BKG=0, LF=0.0%
2026-01-17 08:54:09 | INFO     | [SUCCESS] Day 09APR
2026-01-17 08:54:09 | INFO     | [DAY_START] Processing 08APR
2026-01-17 08:54:09 | INFO     | [lf.day.start] Processing RUH-CAI for 08APR
2026-01-17 08:54:10 | INFO     | [lf.day.flights_found] Found 1 flights on 08APR
2026-01-17 08:54:12 | INFO     | [lf.flight.extracted] SM462 on 08APR: BKG=0, LF=0.0%
2026-01-17 08:54:13 | INFO     | [SUCCESS] Day 08APR
2026-01-17 08:54:13 | INFO     | [DAY_START] Processing 07APR
2026-01-17 08:54:13 | INFO     | [lf.day.start] Processing RUH-CAI for 07APR
2026-01-17 08:54:14 | INFO     | [lf.day.flights_found] Found 1 flights on 07APR
2026-01-17 08:54:16 | INFO     | [lf.flight.extracted] SM462 on 07APR: BKG=0, LF=0.0%
2026-01-17 08:54:17 | INFO     | [SUCCESS] Day 07APR
2026-01-17 08:54:17 | INFO     | [DAY_START] Processing 06APR
2026-01-17 08:54:17 | INFO     | [lf.day.start] Processing RUH-CAI for 06APR
2026-01-17 08:54:18 | INFO     | [lf.day.flights_found] Found 1 flights on 06APR
2026-01-17 08:54:20 | INFO     | [lf.flight.extracted] SM462 on 06APR: BKG=0, LF=0.0%
2026-01-17 08:54:21 | INFO     | [SUCCESS] Day 06APR
2026-01-17 08:54:21 | INFO     | [DAY_START] Processing 05APR
2026-01-17 08:54:21 | INFO     | [lf.day.start] Processing RUH-CAI for 05APR
2026-01-17 08:54:22 | INFO     | [lf.day.flights_found] Found 1 flights on 05APR
2026-01-17 08:54:24 | INFO     | [lf.flight.extracted] SM462 on 05APR: BKG=0, LF=0.0%
2026-01-17 08:54:25 | INFO     | [SUCCESS] Day 05APR
2026-01-17 08:54:25 | INFO     | [DAY_START] Processing 04APR
2026-01-17 08:54:25 | INFO     | [lf.day.start] Processing RUH-CAI for 04APR
2026-01-17 08:54:26 | INFO     | [lf.day.flights_found] Found 1 flights on 04APR
2026-01-17 08:54:28 | INFO     | [lf.flight.extracted] SM462 on 04APR: BKG=0, LF=0.0%
2026-01-17 08:54:30 | INFO     | [SUCCESS] Day 04APR
2026-01-17 08:54:30 | INFO     | [DAY_START] Processing 03APR
2026-01-17 08:54:30 | INFO     | [lf.day.start] Processing RUH-CAI for 03APR
2026-01-17 08:54:31 | INFO     | [lf.day.flights_found] Found 1 flights on 03APR
2026-01-17 08:54:32 | INFO     | [lf.flight.extracted] SM462 on 03APR: BKG=0, LF=0.0%
2026-01-17 08:54:34 | INFO     | [SUCCESS] Day 03APR
2026-01-17 08:54:34 | INFO     | [DAY_START] Processing 02APR
2026-01-17 08:54:34 | INFO     | [lf.day.start] Processing RUH-CAI for 02APR
2026-01-17 08:54:35 | INFO     | [lf.day.flights_found] Found 1 flights on 02APR
2026-01-17 08:54:37 | INFO     | [lf.flight.extracted] SM462 on 02APR: BKG=0, LF=0.0%
2026-01-17 08:54:38 | INFO     | [SUCCESS] Day 02APR
2026-01-17 08:54:38 | INFO     | [SUCCESS] LF Search Complete
2026-01-17 08:54:38 | INFO     | [Worker_9223] Completed: RUH-CAI - 8 results, 0 errors
2026-01-17 08:54:38 | INFO     | [Worker_9223] Processing: AHB-ATZ
2026-01-17 08:54:38 | INFO     |   Tier 0: Range 4, Chunk 3/3 (8 days)
