2026-01-17 09:16:45 | INFO     | ======================================================================
2026-01-17 09:16:45 | INFO     | Load Factor Scraper Started - Route: RUH-ATZ
2026-01-17 09:16:45 | INFO     | Log file: D:\CODERED\LAB\Artifacts\outputs\run_generated_170126_at_08.47_RETRY\logs\LF_RUH-ATZ_20260117_091645.log
2026-01-17 09:16:45 | INFO     | Enhanced logging: Capturing both logging.info() and print()
2026-01-17 09:16:45 | INFO     | ======================================================================
2026-01-17 09:16:45 | INFO     | Starting LF search for route: RUH-ATZ
2026-01-17 09:16:45 | INFO     | [START] LF Search
2026-01-17 09:16:46 | INFO     | [HEALTH CHECK] [OK] Chrome connection is healthy
2026-01-17 09:16:46 | INFO     | [DAY_START] Processing 18FEB
2026-01-17 09:16:46 | INFO     | [lf.day.start] Processing RUH-ATZ for 18FEB
2026-01-17 09:16:47 | INFO     | [lf.day.flights_found] Found 1 flights on 18FEB
2026-01-17 09:16:49 | INFO     | [lf.flight.extracted] SM466 on 18FEB: BKG=15, LF=8.6%
2026-01-17 09:16:51 | INFO     | [SUCCESS] Day 18FEB
2026-01-17 09:16:51 | INFO     | [DAY_START] Processing 17FEB
2026-01-17 09:16:51 | INFO     | [lf.day.start] Processing RUH-ATZ for 17FEB
2026-01-17 09:16:52 | INFO     | [lf.day.flights_found] Found 1 flights on 17FEB
2026-01-17 09:16:54 | INFO     | [lf.flight.extracted] SM464 on 17FEB: BKG=15, LF=8.6%
2026-01-17 09:16:57 | INFO     | [SUCCESS] Day 17FEB
2026-01-17 09:16:57 | INFO     | [DAY_START] Processing 16FEB
2026-01-17 09:16:57 | INFO     | [lf.day.start] Processing RUH-ATZ for 16FEB
2026-01-17 09:16:58 | WARNING  | [lf.day.no_flights] No direct flights on 16FEB
2026-01-17 09:16:58 | INFO     | [SUCCESS] Day 16FEB
2026-01-17 09:16:58 | INFO     | [DAY_START] Processing 15FEB
2026-01-17 09:16:58 | INFO     | [lf.day.start] Processing RUH-ATZ for 15FEB
2026-01-17 09:16:59 | INFO     | [lf.day.flights_found] Found 1 flights on 15FEB
2026-01-17 09:17:01 | INFO     | [lf.flight.extracted] SM464 on 15FEB: BKG=66, LF=37.7%
2026-01-17 09:17:06 | INFO     | [SUCCESS] Day 15FEB
2026-01-17 09:17:06 | INFO     | [DAY_START] Processing 14FEB
2026-01-17 09:17:06 | INFO     | [lf.day.start] Processing RUH-ATZ for 14FEB
2026-01-17 09:17:07 | WARNING  | [lf.day.no_flights] No direct flights on 14FEB
2026-01-17 09:17:07 | INFO     | [SUCCESS] Day 14FEB
2026-01-17 09:17:07 | INFO     | [DAY_START] Processing 13FEB
2026-01-17 09:17:07 | INFO     | [lf.day.start] Processing RUH-ATZ for 13FEB
2026-01-17 09:17:08 | WARNING  | [lf.day.no_flights] No direct flights on 13FEB
2026-01-17 09:17:08 | INFO     | [SUCCESS] Day 13FEB
2026-01-17 09:17:08 | INFO     | [DAY_START] Processing 12FEB
2026-01-17 09:17:08 | INFO     | [lf.day.start] Processing RUH-ATZ for 12FEB
2026-01-17 09:17:09 | WARNING  | [lf.day.no_flights] No direct flights on 12FEB
2026-01-17 09:17:10 | INFO     | [SUCCESS] Day 12FEB
2026-01-17 09:17:10 | INFO     | [DAY_START] Processing 11FEB
2026-01-17 09:17:10 | INFO     | [lf.day.start] Processing RUH-ATZ for 11FEB
2026-01-17 09:17:11 | INFO     | [lf.day.flights_found] Found 1 flights on 11FEB
2026-01-17 09:17:13 | INFO     | [lf.flight.extracted] SM466 on 11FEB: BKG=47, LF=26.9%
2026-01-17 09:17:17 | INFO     | [SUCCESS] Day 11FEB
2026-01-17 09:17:17 | INFO     | [SUCCESS] LF Search Complete
2026-01-17 09:17:17 | INFO     | [Worker_9233] Completed: RUH-ATZ - 8 results, 0 errors
2026-01-17 09:17:17 | INFO     | [Worker_9233] Processing: TUU-ATZ
2026-01-17 09:17:17 | INFO     |   Tier 0: Range 2, Chunk 3/3 (8 days)
