2026-01-17 09:31:05 | INFO     | ======================================================================
2026-01-17 09:31:05 | INFO     | Load Factor Scraper Started - Route: RUH-CAI
2026-01-17 09:31:05 | INFO     | Log file: D:\CODERED\LAB\Artifacts\outputs\run_generated_170126_at_08.47_RETRY\logs\LF_RUH-CAI_20260117_093105.log
2026-01-17 09:31:05 | INFO     | Enhanced logging: Capturing both logging.info() and print()
2026-01-17 09:31:05 | INFO     | ======================================================================
2026-01-17 09:31:05 | INFO     | Starting LF search for route: RUH-CAI
2026-01-17 09:31:05 | INFO     | [START] LF Search
2026-01-17 09:31:06 | INFO     | [HEALTH CHECK] [OK] Chrome connection is healthy
2026-01-17 09:31:06 | INFO     | [DAY_START] Processing 24JAN
2026-01-17 09:31:06 | INFO     | [lf.day.start] Processing RUH-CAI for 24JAN
2026-01-17 09:31:07 | INFO     | [lf.day.flights_found] Found 1 flights on 24JAN
2026-01-17 09:31:08 | INFO     | [lf.flight.extracted] SM462 on 24JAN: BKG=41, LF=23.4%
2026-01-17 09:31:13 | INFO     | [SUCCESS] Day 24JAN
2026-01-17 09:31:13 | INFO     | [DAY_START] Processing 23JAN
2026-01-17 09:31:13 | INFO     | [lf.day.start] Processing RUH-CAI for 23JAN
2026-01-17 09:31:14 | INFO     | [lf.day.flights_found] Found 2 flights on 23JAN
2026-01-17 09:31:16 | INFO     | [lf.flight.extracted] SM462 on 23JAN: BKG=58, LF=33.1%
2026-01-17 09:31:20 | INFO     | [lf.flight.extracted] SM470 on 23JAN: BKG=32, LF=19.2%
2026-01-17 09:31:26 | INFO     | [SUCCESS] Day 23JAN
2026-01-17 09:31:26 | INFO     | [DAY_START] Processing 22JAN
2026-01-17 09:31:26 | INFO     | [lf.day.start] Processing RUH-CAI for 22JAN
2026-01-17 09:31:27 | INFO     | [lf.day.flights_found] Found 1 flights on 22JAN
2026-01-17 09:31:29 | INFO     | [lf.flight.extracted] SM462 on 22JAN: BKG=85, LF=48.6%
2026-01-17 09:31:34 | INFO     | [SUCCESS] Day 22JAN
2026-01-17 09:31:34 | INFO     | [DAY_START] Processing 21JAN
2026-01-17 09:31:34 | INFO     | [lf.day.start] Processing RUH-CAI for 21JAN
2026-01-17 09:31:35 | INFO     | [lf.day.flights_found] Found 2 flights on 21JAN
2026-01-17 09:31:37 | INFO     | [lf.flight.extracted] SM462 on 21JAN: BKG=70, LF=40.0%
2026-01-17 09:31:40 | INFO     | [lf.flight.extracted] SM470 on 21JAN: BKG=21, LF=12.6%
2026-01-17 09:31:48 | INFO     | [SUCCESS] Day 21JAN
2026-01-17 09:31:48 | INFO     | [DAY_START] Processing 20JAN
2026-01-17 09:31:48 | INFO     | [lf.day.start] Processing RUH-CAI for 20JAN
2026-01-17 09:31:49 | INFO     | [lf.day.flights_found] Found 1 flights on 20JAN
2026-01-17 09:31:51 | INFO     | [lf.flight.extracted] SM470 on 20JAN: BKG=70, LF=41.9%
2026-01-17 09:31:56 | INFO     | [SUCCESS] Day 20JAN
2026-01-17 09:31:56 | INFO     | [DAY_START] Processing 19JAN
2026-01-17 09:31:56 | INFO     | [lf.day.start] Processing RUH-CAI for 19JAN
2026-01-17 09:31:57 | INFO     | [lf.day.flights_found] Found 1 flights on 19JAN
2026-01-17 09:31:59 | INFO     | [lf.flight.extracted] SM470 on 19JAN: BKG=31, LF=18.6%
2026-01-17 09:32:02 | INFO     | [SUCCESS] Day 19JAN
2026-01-17 09:32:02 | INFO     | [DAY_START] Processing 18JAN
2026-01-17 09:32:02 | INFO     | [lf.day.start] Processing RUH-CAI for 18JAN
2026-01-17 09:32:03 | INFO     | [lf.day.flights_found] Found 1 flights on 18JAN
2026-01-17 09:32:05 | INFO     | [lf.flight.extracted] SM462 on 18JAN: BKG=58, LF=33.1%
2026-01-17 09:32:08 | INFO     | [SUCCESS] Day 18JAN
2026-01-17 09:32:08 | INFO     | [SUCCESS] LF Search Complete
2026-01-17 09:32:08 | INFO     | [Worker_9232] Completed: RUH-CAI - 7 results, 0 errors
2026-01-17 09:32:08 | INFO     | [Worker_9232] Processing: AHB-ATZ
2026-01-17 09:32:08 | INFO     |   Tier 0: Range 1, Chunk 3/3 (8 days)
