2026-01-17 09:12:39 | INFO     | ======================================================================
2026-01-17 09:12:39 | INFO     | Load Factor Scraper Started - Route: RUH-ATZ
2026-01-17 09:12:39 | INFO     | Log file: D:\CODERED\LAB\Artifacts\outputs\run_generated_170126_at_08.47_RETRY\logs\LF_RUH-ATZ_20260117_091239.log
2026-01-17 09:12:39 | INFO     | Enhanced logging: Capturing both logging.info() and print()
2026-01-17 09:12:39 | INFO     | ======================================================================
2026-01-17 09:12:39 | INFO     | Starting LF search for route: RUH-ATZ
2026-01-17 09:12:39 | INFO     | [START] LF Search
2026-01-17 09:12:40 | INFO     | [HEALTH CHECK] [OK] Chrome connection is healthy
2026-01-17 09:12:40 | INFO     | [DAY_START] Processing 26FEB
2026-01-17 09:12:40 | INFO     | [lf.day.start] Processing RUH-ATZ for 26FEB
2026-01-17 09:12:41 | WARNING  | [lf.day.no_flights] No direct flights on 26FEB
2026-01-17 09:12:41 | INFO     | [SUCCESS] Day 26FEB
2026-01-17 09:12:41 | INFO     | [DAY_START] Processing 25FEB
2026-01-17 09:12:41 | INFO     | [lf.day.start] Processing RUH-ATZ for 25FEB
2026-01-17 09:12:43 | INFO     | [lf.day.flights_found] Found 1 flights on 25FEB
2026-01-17 09:12:45 | INFO     | [lf.flight.extracted] SM466 on 25FEB: BKG=48, LF=28.7%
2026-01-17 09:12:49 | INFO     | [SUCCESS] Day 25FEB
2026-01-17 09:12:49 | INFO     | [DAY_START] Processing 24FEB
2026-01-17 09:12:49 | INFO     | [lf.day.start] Processing RUH-ATZ for 24FEB
2026-01-17 09:12:50 | INFO     | [lf.day.flights_found] Found 1 flights on 24FEB
2026-01-17 09:12:52 | INFO     | [lf.flight.extracted] SM464 on 24FEB: BKG=40, LF=22.9%
2026-01-17 09:12:55 | ERROR    | Atomic write failed for D:\CODERED\LAB\Artifacts\outputs\run_generated_170126_at_08.47_RETRY\checkpoints\flight_booking_data.json: [WinError 5] Access is denied: 'D:\\CODERED\\LAB\\Artifacts\\outputs\\run_generated_170126_at_08.47_RETRY\\checkpoints\\flight_booking_data.tmp_577602d4' -> 'D:\\CODERED\\LAB\\Artifacts\\outputs\\run_generated_170126_at_08.47_RETRY\\checkpoints\\flight_booking_data.json'
2026-01-17 09:12:55 | INFO     | [SUCCESS] Day 24FEB
2026-01-17 09:12:55 | INFO     | [DAY_START] Processing 23FEB
2026-01-17 09:12:55 | INFO     | [lf.day.start] Processing RUH-ATZ for 23FEB
2026-01-17 09:12:56 | WARNING  | [lf.day.no_flights] No direct flights on 23FEB
2026-01-17 09:12:56 | INFO     | [SUCCESS] Day 23FEB
2026-01-17 09:12:56 | INFO     | [DAY_START] Processing 22FEB
2026-01-17 09:12:56 | INFO     | [lf.day.start] Processing RUH-ATZ for 22FEB
2026-01-17 09:12:57 | INFO     | [lf.day.flights_found] Found 1 flights on 22FEB
2026-01-17 09:12:59 | INFO     | [lf.flight.extracted] SM464 on 22FEB: BKG=45, LF=25.7%
2026-01-17 09:13:03 | INFO     | [SUCCESS] Day 22FEB
2026-01-17 09:13:03 | INFO     | [DAY_START] Processing 21FEB
2026-01-17 09:13:03 | INFO     | [lf.day.start] Processing RUH-ATZ for 21FEB
2026-01-17 09:13:04 | WARNING  | [lf.day.no_flights] No direct flights on 21FEB
2026-01-17 09:13:04 | INFO     | [SUCCESS] Day 21FEB
2026-01-17 09:13:04 | INFO     | [DAY_START] Processing 20FEB
2026-01-17 09:13:04 | INFO     | [lf.day.start] Processing RUH-ATZ for 20FEB
2026-01-17 09:13:05 | WARNING  | [lf.day.no_flights] No direct flights on 20FEB
2026-01-17 09:13:05 | INFO     | [SUCCESS] Day 20FEB
2026-01-17 09:13:05 | INFO     | [DAY_START] Processing 19FEB
2026-01-17 09:13:05 | INFO     | [lf.day.start] Processing RUH-ATZ for 19FEB
2026-01-17 09:13:06 | WARNING  | [lf.day.no_flights] No direct flights on 19FEB
2026-01-17 09:13:06 | INFO     | [SUCCESS] Day 19FEB
2026-01-17 09:13:06 | INFO     | [SUCCESS] LF Search Complete
2026-01-17 09:13:06 | INFO     | [Worker_9225] Completed: RUH-ATZ - 8 results, 0 errors
2026-01-17 09:13:06 | INFO     | [Worker_9225] Processing: TUU-ATZ
2026-01-17 09:13:06 | INFO     |   Tier 0: Range 2, Chunk 2/3 (8 days)
