2026-01-17 08:48:40 | INFO     | ======================================================================
2026-01-17 08:48:40 | INFO     | Load Factor Scraper Started - Route: RUH-ATZ
2026-01-17 08:48:40 | INFO     | Log file: D:\CODERED\LAB\Artifacts\outputs\run_generated_170126_at_08.47_RETRY\logs\LF_RUH-ATZ_20260117_084840.log
2026-01-17 08:48:40 | INFO     | Enhanced logging: Capturing both logging.info() and print()
2026-01-17 08:48:40 | INFO     | ======================================================================
2026-01-17 08:48:40 | INFO     | Starting LF search for route: RUH-ATZ
2026-01-17 08:48:40 | INFO     | [START] LF Search
2026-01-17 08:48:41 | INFO     | [HEALTH CHECK] [OK] Chrome connection is healthy
2026-01-17 08:48:41 | INFO     | [DAY_START] Processing 27APR
2026-01-17 08:48:41 | INFO     | [lf.day.start] Processing RUH-ATZ for 27APR
2026-01-17 08:48:42 | WARNING  | [lf.day.no_flights] No direct flights on 27APR
2026-01-17 08:48:42 | INFO     | [SUCCESS] Day 27APR
2026-01-17 08:48:42 | INFO     | [DAY_START] Processing 26APR
2026-01-17 08:48:42 | INFO     | [lf.day.start] Processing RUH-ATZ for 26APR
2026-01-17 08:48:43 | WARNING  | [lf.day.no_flights] No direct flights on 26APR
2026-01-17 08:48:43 | INFO     | [SUCCESS] Day 26APR
2026-01-17 08:48:43 | INFO     | [DAY_START] Processing 25APR
2026-01-17 08:48:43 | INFO     | [lf.day.start] Processing RUH-ATZ for 25APR
2026-01-17 08:48:44 | WARNING  | [lf.day.no_flights] No direct flights on 25APR
2026-01-17 08:48:44 | INFO     | [SUCCESS] Day 25APR
2026-01-17 08:48:44 | INFO     | [DAY_START] Processing 24APR
2026-01-17 08:48:44 | INFO     | [lf.day.start] Processing RUH-ATZ for 24APR
2026-01-17 08:48:45 | WARNING  | [lf.day.no_flights] No direct flights on 24APR
2026-01-17 08:48:46 | INFO     | [SUCCESS] Day 24APR
2026-01-17 08:48:46 | INFO     | [DAY_START] Processing 23APR
2026-01-17 08:48:46 | INFO     | [lf.day.start] Processing RUH-ATZ for 23APR
2026-01-17 08:48:47 | WARNING  | [lf.day.no_flights] No direct flights on 23APR
2026-01-17 08:48:47 | INFO     | [SUCCESS] Day 23APR
2026-01-17 08:48:47 | INFO     | [DAY_START] Processing 22APR
2026-01-17 08:48:47 | INFO     | [lf.day.start] Processing RUH-ATZ for 22APR
2026-01-17 08:48:48 | INFO     | [lf.day.flights_found] Found 1 flights on 22APR
2026-01-17 08:48:49 | INFO     | [lf.flight.extracted] SM466 on 22APR: BKG=6, LF=3.4%
2026-01-17 08:48:52 | INFO     | [SUCCESS] Day 22APR
2026-01-17 08:48:52 | INFO     | [DAY_START] Processing 21APR
2026-01-17 08:48:52 | INFO     | [lf.day.start] Processing RUH-ATZ for 21APR
2026-01-17 08:48:53 | WARNING  | [lf.day.no_flights] No direct flights on 21APR
2026-01-17 08:48:53 | INFO     | [SUCCESS] Day 21APR
2026-01-17 08:48:53 | INFO     | [DAY_START] Processing 20APR
2026-01-17 08:48:53 | INFO     | [lf.day.start] Processing RUH-ATZ for 20APR
2026-01-17 08:48:54 | WARNING  | [lf.day.no_flights] No direct flights on 20APR
2026-01-17 08:48:54 | INFO     | [SUCCESS] Day 20APR
2026-01-17 08:48:54 | INFO     | [DAY_START] Processing 19APR
2026-01-17 08:48:54 | INFO     | [lf.day.start] Processing RUH-ATZ for 19APR
2026-01-17 08:48:55 | WARNING  | [lf.day.no_flights] No direct flights on 19APR
2026-01-17 08:48:55 | INFO     | [SUCCESS] Day 19APR
2026-01-17 08:48:55 | INFO     | [SUCCESS] LF Search Complete
2026-01-17 08:48:55 | INFO     | [Worker_9227] Completed: RUH-ATZ - 9 results, 0 errors
2026-01-17 08:48:55 | INFO     | [Worker_9227] Processing: TUU-ATZ
2026-01-17 08:48:55 | INFO     |   Tier 0: Range 4, Chunk 1/3 (9 days)
