2026-01-17 09:21:09 | INFO     | ======================================================================
2026-01-17 09:21:09 | INFO     | Load Factor Scraper Started - Route: RUH-CAI
2026-01-17 09:21:09 | INFO     | Log file: D:\CODERED\LAB\Artifacts\outputs\run_generated_170126_at_08.47_RETRY\logs\LF_RUH-CAI_20260117_092109.log
2026-01-17 09:21:09 | INFO     | Enhanced logging: Capturing both logging.info() and print()
2026-01-17 09:21:09 | INFO     | ======================================================================
2026-01-17 09:21:09 | INFO     | Starting LF search for route: RUH-CAI
2026-01-17 09:21:09 | INFO     | [START] LF Search
2026-01-17 09:21:10 | INFO     | [HEALTH CHECK] [OK] Chrome connection is healthy
2026-01-17 09:21:10 | INFO     | [DAY_START] Processing 10FEB
2026-01-17 09:21:10 | INFO     | [lf.day.start] Processing RUH-CAI for 10FEB
2026-01-17 09:21:11 | INFO     | [lf.day.flights_found] Found 1 flights on 10FEB
2026-01-17 09:21:13 | INFO     | [lf.flight.extracted] SM470 on 10FEB: BKG=24, LF=14.4%
2026-01-17 09:21:17 | INFO     | [SUCCESS] Day 10FEB
2026-01-17 09:21:17 | INFO     | [DAY_START] Processing 09FEB
2026-01-17 09:21:17 | INFO     | [lf.day.start] Processing RUH-CAI for 09FEB
2026-01-17 09:21:18 | INFO     | [lf.day.flights_found] Found 1 flights on 09FEB
2026-01-17 09:21:20 | INFO     | [lf.flight.extracted] SM470 on 09FEB: BKG=28, LF=16.8%
2026-01-17 09:21:24 | INFO     | [SUCCESS] Day 09FEB
2026-01-17 09:21:24 | INFO     | [DAY_START] Processing 08FEB
2026-01-17 09:21:24 | INFO     | [lf.day.start] Processing RUH-CAI for 08FEB
2026-01-17 09:21:25 | INFO     | [lf.day.flights_found] Found 1 flights on 08FEB
2026-01-17 09:21:27 | INFO     | [lf.flight.extracted] SM462 on 08FEB: BKG=16, LF=9.1%
2026-01-17 09:21:29 | INFO     | [SUCCESS] Day 08FEB
2026-01-17 09:21:29 | INFO     | [DAY_START] Processing 07FEB
2026-01-17 09:21:29 | INFO     | [lf.day.start] Processing RUH-CAI for 07FEB
2026-01-17 09:21:31 | INFO     | [lf.day.flights_found] Found 1 flights on 07FEB
2026-01-17 09:21:33 | INFO     | [lf.flight.extracted] SM462 on 07FEB: BKG=36, LF=20.6%
2026-01-17 09:21:36 | INFO     | [SUCCESS] Day 07FEB
2026-01-17 09:21:36 | INFO     | [DAY_START] Processing 06FEB
2026-01-17 09:21:36 | INFO     | [lf.day.start] Processing RUH-CAI for 06FEB
2026-01-17 09:21:37 | INFO     | [lf.day.flights_found] Found 2 flights on 06FEB
2026-01-17 09:21:39 | INFO     | [lf.flight.extracted] SM462 on 06FEB: BKG=58, LF=33.1%
2026-01-17 09:21:43 | INFO     | [lf.flight.extracted] SM470 on 06FEB: BKG=32, LF=19.2%
2026-01-17 09:21:51 | INFO     | [SUCCESS] Day 06FEB
2026-01-17 09:21:51 | INFO     | [DAY_START] Processing 05FEB
2026-01-17 09:21:51 | INFO     | [lf.day.start] Processing RUH-CAI for 05FEB
2026-01-17 09:21:54 | INFO     | [lf.day.flights_found] Found 1 flights on 05FEB
2026-01-17 09:21:56 | INFO     | [lf.flight.extracted] SM462 on 05FEB: BKG=43, LF=24.6%
2026-01-17 09:22:01 | INFO     | [SUCCESS] Day 05FEB
2026-01-17 09:22:01 | INFO     | [DAY_START] Processing 04FEB
2026-01-17 09:22:01 | INFO     | [lf.day.start] Processing RUH-CAI for 04FEB
2026-01-17 09:22:02 | INFO     | [lf.day.flights_found] Found 2 flights on 04FEB
2026-01-17 09:22:04 | INFO     | [lf.flight.extracted] SM462 on 04FEB: BKG=32, LF=18.3%
2026-01-17 09:22:07 | INFO     | [lf.flight.extracted] SM470 on 04FEB: BKG=19, LF=11.4%
2026-01-17 09:22:13 | INFO     | [SUCCESS] Day 04FEB
2026-01-17 09:22:13 | INFO     | [DAY_START] Processing 03FEB
2026-01-17 09:22:13 | INFO     | [lf.day.start] Processing RUH-CAI for 03FEB
2026-01-17 09:22:14 | INFO     | [lf.day.flights_found] Found 1 flights on 03FEB
2026-01-17 09:22:16 | INFO     | [lf.flight.extracted] SM470 on 03FEB: BKG=6, LF=3.6%
2026-01-17 09:22:19 | INFO     | [SUCCESS] Day 03FEB
2026-01-17 09:22:19 | INFO     | [DAY_START] Processing 02FEB
2026-01-17 09:22:19 | INFO     | [lf.day.start] Processing RUH-CAI for 02FEB
2026-01-17 09:22:20 | INFO     | [lf.day.flights_found] Found 1 flights on 02FEB
2026-01-17 09:22:22 | INFO     | [lf.flight.extracted] SM470 on 02FEB: BKG=15, LF=9.0%
2026-01-17 09:22:24 | INFO     | [SUCCESS] Day 02FEB
2026-01-17 09:22:24 | INFO     | [SUCCESS] LF Search Complete
2026-01-17 09:22:24 | INFO     | [Worker_9232] Completed: RUH-CAI - 9 results, 0 errors
2026-01-17 09:22:24 | INFO     | [Worker_9232] Processing: AHB-ATZ
2026-01-17 09:22:24 | INFO     |   Tier 0: Range 1, Chunk 1/3 (9 days)
