2026-01-17 09:00:50 | INFO     | ======================================================================
2026-01-17 09:00:50 | INFO     | Load Factor Scraper Started - Route: RUH-CAI
2026-01-17 09:00:50 | INFO     | Log file: D:\CODERED\LAB\Artifacts\outputs\run_generated_170126_at_08.47_RETRY\logs\LF_RUH-CAI_20260117_090050.log
2026-01-17 09:00:50 | INFO     | Enhanced logging: Capturing both logging.info() and print()
2026-01-17 09:00:50 | INFO     | ======================================================================
2026-01-17 09:00:50 | INFO     | Starting LF search for route: RUH-CAI
2026-01-17 09:00:50 | INFO     | [START] LF Search
2026-01-17 09:00:51 | INFO     | [HEALTH CHECK] [OK] Chrome connection is healthy
2026-01-17 09:00:51 | INFO     | [DAY_START] Processing 23MAR
2026-01-17 09:00:51 | INFO     | [lf.day.start] Processing RUH-CAI for 23MAR
2026-01-17 09:00:52 | INFO     | [lf.day.flights_found] Found 1 flights on 23MAR
2026-01-17 09:00:54 | INFO     | [lf.flight.extracted] SM470 on 23MAR: BKG=28, LF=16.8%
2026-01-17 09:00:57 | INFO     | [SUCCESS] Day 23MAR
2026-01-17 09:00:57 | INFO     | [DAY_START] Processing 22MAR
2026-01-17 09:00:57 | INFO     | [lf.day.start] Processing RUH-CAI for 22MAR
2026-01-17 09:00:58 | INFO     | [lf.day.flights_found] Found 1 flights on 22MAR
2026-01-17 09:01:00 | INFO     | [lf.flight.extracted] SM462 on 22MAR: BKG=32, LF=18.3%
2026-01-17 09:01:03 | INFO     | [SUCCESS] Day 22MAR
2026-01-17 09:01:03 | INFO     | [DAY_START] Processing 21MAR
2026-01-17 09:01:03 | INFO     | [lf.day.start] Processing RUH-CAI for 21MAR
2026-01-17 09:01:04 | INFO     | [lf.day.flights_found] Found 1 flights on 21MAR
2026-01-17 09:01:06 | INFO     | [lf.flight.extracted] SM462 on 21MAR: BKG=22, LF=12.6%
2026-01-17 09:01:09 | INFO     | [SUCCESS] Day 21MAR
2026-01-17 09:01:09 | INFO     | [DAY_START] Processing 20MAR
2026-01-17 09:01:09 | INFO     | [lf.day.start] Processing RUH-CAI for 20MAR
2026-01-17 09:01:10 | INFO     | [lf.day.flights_found] Found 2 flights on 20MAR
2026-01-17 09:01:12 | INFO     | [lf.flight.extracted] SM462 on 20MAR: BKG=4, LF=2.3%
2026-01-17 09:01:16 | INFO     | [lf.flight.extracted] SM470 on 20MAR: BKG=0, LF=0.0%
2026-01-17 09:01:19 | INFO     | [SUCCESS] Day 20MAR
2026-01-17 09:01:19 | INFO     | [DAY_START] Processing 19MAR
2026-01-17 09:01:19 | INFO     | [lf.day.start] Processing RUH-CAI for 19MAR
2026-01-17 09:01:20 | INFO     | [lf.day.flights_found] Found 1 flights on 19MAR
2026-01-17 09:01:22 | INFO     | [lf.flight.extracted] SM462 on 19MAR: BKG=22, LF=12.6%
2026-01-17 09:01:25 | INFO     | [SUCCESS] Day 19MAR
2026-01-17 09:01:25 | INFO     | [DAY_START] Processing 18MAR
2026-01-17 09:01:25 | INFO     | [lf.day.start] Processing RUH-CAI for 18MAR
2026-01-17 09:01:26 | INFO     | [lf.day.flights_found] Found 2 flights on 18MAR
2026-01-17 09:01:28 | INFO     | [lf.flight.extracted] SM462 on 18MAR: BKG=22, LF=12.6%
2026-01-17 09:01:32 | INFO     | [lf.flight.extracted] SM470 on 18MAR: BKG=13, LF=7.8%
2026-01-17 09:01:38 | INFO     | [SUCCESS] Day 18MAR
2026-01-17 09:01:38 | INFO     | [DAY_START] Processing 17MAR
2026-01-17 09:01:38 | INFO     | [lf.day.start] Processing RUH-CAI for 17MAR
2026-01-17 09:01:39 | INFO     | [lf.day.flights_found] Found 1 flights on 17MAR
2026-01-17 09:01:41 | INFO     | [lf.flight.extracted] SM470 on 17MAR: BKG=3, LF=1.8%
2026-01-17 09:01:44 | INFO     | [SUCCESS] Day 17MAR
2026-01-17 09:01:44 | INFO     | [DAY_START] Processing 16MAR
2026-01-17 09:01:44 | INFO     | [lf.day.start] Processing RUH-CAI for 16MAR
2026-01-17 09:01:45 | INFO     | [lf.day.flights_found] Found 1 flights on 16MAR
2026-01-17 09:01:46 | INFO     | [lf.flight.extracted] SM470 on 16MAR: BKG=1, LF=0.6%
2026-01-17 09:01:49 | INFO     | [SUCCESS] Day 16MAR
2026-01-17 09:01:49 | INFO     | [SUCCESS] LF Search Complete
2026-01-17 09:01:49 | INFO     | [Worker_9232] Completed: RUH-CAI - 8 results, 0 errors
2026-01-17 09:01:49 | INFO     | [Worker_9232] Processing: ELQ-CAI
2026-01-17 09:01:49 | INFO     |   Tier 0: Range 3, Chunk 2/3 (8 days)
