2026-01-17 09:16:43 | INFO     | ======================================================================
2026-01-17 09:16:43 | INFO     | Load Factor Scraper Started - Route: RUH-CAI
2026-01-17 09:16:43 | INFO     | Log file: D:\CODERED\LAB\Artifacts\outputs\run_generated_170126_at_08.47_RETRY\logs\LF_RUH-CAI_20260117_091643.log
2026-01-17 09:16:43 | INFO     | Enhanced logging: Capturing both logging.info() and print()
2026-01-17 09:16:43 | INFO     | ======================================================================
2026-01-17 09:16:43 | INFO     | Starting LF search for route: RUH-CAI
2026-01-17 09:16:43 | INFO     | [START] LF Search
2026-01-17 09:16:43 | INFO     | [HEALTH CHECK] [OK] Chrome connection is healthy
2026-01-17 09:16:43 | INFO     | [DAY_START] Processing 18FEB
2026-01-17 09:16:43 | INFO     | [lf.day.start] Processing RUH-CAI for 18FEB
2026-01-17 09:16:45 | INFO     | [lf.day.flights_found] Found 2 flights on 18FEB
2026-01-17 09:16:46 | INFO     | [lf.flight.extracted] SM462 on 18FEB: BKG=8, LF=4.6%
2026-01-17 09:16:50 | INFO     | [lf.flight.extracted] SM470 on 18FEB: BKG=6, LF=3.6%
2026-01-17 09:16:54 | INFO     | [SUCCESS] Day 18FEB
2026-01-17 09:16:54 | INFO     | [DAY_START] Processing 17FEB
2026-01-17 09:16:54 | INFO     | [lf.day.start] Processing RUH-CAI for 17FEB
2026-01-17 09:16:55 | INFO     | [lf.day.flights_found] Found 1 flights on 17FEB
2026-01-17 09:16:57 | INFO     | [lf.flight.extracted] SM470 on 17FEB: BKG=9, LF=5.4%
2026-01-17 09:16:59 | INFO     | [SUCCESS] Day 17FEB
2026-01-17 09:16:59 | INFO     | [DAY_START] Processing 16FEB
2026-01-17 09:16:59 | INFO     | [lf.day.start] Processing RUH-CAI for 16FEB
2026-01-17 09:17:01 | INFO     | [lf.day.flights_found] Found 1 flights on 16FEB
2026-01-17 09:17:03 | INFO     | [lf.flight.extracted] SM470 on 16FEB: BKG=17, LF=10.2%
2026-01-17 09:17:05 | INFO     | [SUCCESS] Day 16FEB
2026-01-17 09:17:05 | INFO     | [DAY_START] Processing 15FEB
2026-01-17 09:17:05 | INFO     | [lf.day.start] Processing RUH-CAI for 15FEB
2026-01-17 09:17:06 | INFO     | [lf.day.flights_found] Found 1 flights on 15FEB
2026-01-17 09:17:08 | INFO     | [lf.flight.extracted] SM462 on 15FEB: BKG=15, LF=8.6%
2026-01-17 09:17:11 | INFO     | [SUCCESS] Day 15FEB
2026-01-17 09:17:11 | INFO     | [DAY_START] Processing 14FEB
2026-01-17 09:17:11 | INFO     | [lf.day.start] Processing RUH-CAI for 14FEB
2026-01-17 09:17:12 | INFO     | [lf.day.flights_found] Found 1 flights on 14FEB
2026-01-17 09:17:14 | INFO     | [lf.flight.extracted] SM462 on 14FEB: BKG=18, LF=10.5%
2026-01-17 09:17:17 | INFO     | [SUCCESS] Day 14FEB
2026-01-17 09:17:17 | INFO     | [DAY_START] Processing 13FEB
2026-01-17 09:17:17 | INFO     | [lf.day.start] Processing RUH-CAI for 13FEB
2026-01-17 09:17:18 | INFO     | [lf.day.flights_found] Found 2 flights on 13FEB
2026-01-17 09:17:20 | INFO     | [lf.flight.extracted] SM462 on 13FEB: BKG=19, LF=10.9%
2026-01-17 09:17:24 | INFO     | [lf.flight.extracted] SM470 on 13FEB: BKG=13, LF=7.8%
2026-01-17 09:17:27 | INFO     | [SUCCESS] Day 13FEB
2026-01-17 09:17:27 | INFO     | [DAY_START] Processing 12FEB
2026-01-17 09:17:27 | INFO     | [lf.day.start] Processing RUH-CAI for 12FEB
2026-01-17 09:17:29 | INFO     | [lf.day.flights_found] Found 1 flights on 12FEB
2026-01-17 09:17:30 | INFO     | [lf.flight.extracted] SM462 on 12FEB: BKG=11, LF=6.3%
2026-01-17 09:17:33 | INFO     | [SUCCESS] Day 12FEB
2026-01-17 09:17:33 | INFO     | [DAY_START] Processing 11FEB
2026-01-17 09:17:33 | INFO     | [lf.day.start] Processing RUH-CAI for 11FEB
2026-01-17 09:17:34 | INFO     | [lf.day.flights_found] Found 2 flights on 11FEB
2026-01-17 09:17:36 | INFO     | [lf.flight.extracted] SM462 on 11FEB: BKG=26, LF=14.9%
2026-01-17 09:17:39 | INFO     | [lf.flight.extracted] SM470 on 11FEB: BKG=17, LF=10.2%
2026-01-17 09:17:44 | INFO     | [SUCCESS] Day 11FEB
2026-01-17 09:17:44 | INFO     | [SUCCESS] LF Search Complete
2026-01-17 09:17:44 | INFO     | [Worker_9232] Completed: RUH-CAI - 8 results, 0 errors
2026-01-17 09:17:44 | INFO     | [Worker_9232] Processing: ELQ-CAI
2026-01-17 09:17:44 | INFO     |   Tier 0: Range 2, Chunk 3/3 (8 days)
