2026-01-17 08:51:24 | INFO     | ======================================================================
2026-01-17 08:51:24 | INFO     | Load Factor Scraper Started - Route: TUU-CAI
2026-01-17 08:51:24 | INFO     | Log file: D:\CODERED\LAB\Artifacts\outputs\run_generated_170126_at_08.47_RETRY\logs\LF_TUU-CAI_20260117_085124.log
2026-01-17 08:51:24 | INFO     | Enhanced logging: Capturing both logging.info() and print()
2026-01-17 08:51:24 | INFO     | ======================================================================
2026-01-17 08:51:24 | INFO     | Starting LF search for route: TUU-CAI
2026-01-17 08:51:24 | INFO     | [START] LF Search
2026-01-17 08:51:25 | INFO     | [HEALTH CHECK] [OK] Chrome connection is healthy
2026-01-17 08:51:25 | INFO     | [DAY_START] Processing 18APR
2026-01-17 08:51:25 | INFO     | [lf.day.start] Processing TUU-CAI for 18APR
2026-01-17 08:51:26 | INFO     | [lf.day.flights_found] Found 1 flights on 18APR
2026-01-17 08:51:28 | INFO     | [lf.flight.extracted] SM326 on 18APR: BKG=0, LF=0.0%
2026-01-17 08:51:29 | INFO     | [SUCCESS] Day 18APR
2026-01-17 08:51:29 | INFO     | [DAY_START] Processing 17APR
2026-01-17 08:51:29 | INFO     | [lf.day.start] Processing TUU-CAI for 17APR
2026-01-17 08:51:30 | INFO     | [lf.day.flights_found] Found 1 flights on 17APR
2026-01-17 08:51:32 | INFO     | [lf.flight.extracted] SM326 on 17APR: BKG=0, LF=0.0%
2026-01-17 08:51:33 | INFO     | [SUCCESS] Day 17APR
2026-01-17 08:51:33 | INFO     | [DAY_START] Processing 16APR
2026-01-17 08:51:33 | INFO     | [lf.day.start] Processing TUU-CAI for 16APR
2026-01-17 08:51:34 | INFO     | [lf.day.flights_found] Found 1 flights on 16APR
2026-01-17 08:51:36 | INFO     | [lf.flight.extracted] SM326 on 16APR: BKG=1, LF=0.6%
2026-01-17 08:51:39 | INFO     | [SUCCESS] Day 16APR
2026-01-17 08:51:39 | INFO     | [DAY_START] Processing 15APR
2026-01-17 08:51:39 | INFO     | [lf.day.start] Processing TUU-CAI for 15APR
2026-01-17 08:51:39 | WARNING  | [lf.day.no_flights] No direct flights on 15APR
2026-01-17 08:51:40 | INFO     | [SUCCESS] Day 15APR
2026-01-17 08:51:40 | INFO     | [DAY_START] Processing 14APR
2026-01-17 08:51:40 | INFO     | [lf.day.start] Processing TUU-CAI for 14APR
2026-01-17 08:51:41 | INFO     | [lf.day.flights_found] Found 1 flights on 14APR
2026-01-17 08:51:43 | INFO     | [lf.flight.extracted] SM326 on 14APR: BKG=0, LF=0.0%
2026-01-17 08:51:44 | INFO     | [SUCCESS] Day 14APR
2026-01-17 08:51:44 | INFO     | [DAY_START] Processing 13APR
2026-01-17 08:51:44 | INFO     | [lf.day.start] Processing TUU-CAI for 13APR
2026-01-17 08:51:45 | WARNING  | [lf.day.no_flights] No direct flights on 13APR
2026-01-17 08:51:45 | INFO     | [SUCCESS] Day 13APR
2026-01-17 08:51:45 | INFO     | [DAY_START] Processing 12APR
2026-01-17 08:51:45 | INFO     | [lf.day.start] Processing TUU-CAI for 12APR
2026-01-17 08:51:46 | WARNING  | [lf.day.no_flights] No direct flights on 12APR
2026-01-17 08:51:46 | INFO     | [SUCCESS] Day 12APR
2026-01-17 08:51:46 | INFO     | [DAY_START] Processing 11APR
2026-01-17 08:51:46 | INFO     | [lf.day.start] Processing TUU-CAI for 11APR
2026-01-17 08:51:47 | INFO     | [lf.day.flights_found] Found 1 flights on 11APR
2026-01-17 08:51:49 | INFO     | [lf.flight.extracted] SM326 on 11APR: BKG=0, LF=0.0%
2026-01-17 08:51:50 | INFO     | [SUCCESS] Day 11APR
2026-01-17 08:51:50 | INFO     | [DAY_START] Processing 10APR
2026-01-17 08:51:50 | INFO     | [lf.day.start] Processing TUU-CAI for 10APR
2026-01-17 08:51:51 | INFO     | [lf.day.flights_found] Found 1 flights on 10APR
2026-01-17 08:51:53 | INFO     | [lf.flight.extracted] SM326 on 10APR: BKG=3, LF=1.7%
2026-01-17 08:51:57 | INFO     | [SUCCESS] Day 10APR
2026-01-17 08:51:57 | INFO     | [SUCCESS] LF Search Complete
2026-01-17 08:51:57 | INFO     | [Worker_9225] Completed: TUU-CAI - 9 results, 0 errors
2026-01-17 08:51:57 | INFO     | [Worker_9225] Processing: HBE-MED
2026-01-17 08:51:57 | INFO     |   Tier 0: Range 4, Chunk 2/3 (9 days)
