2026-01-17 09:04:51 | INFO     | ======================================================================
2026-01-17 09:04:51 | INFO     | Load Factor Scraper Started - Route: TUU-CAI
2026-01-17 09:04:51 | INFO     | Log file: D:\CODERED\LAB\Artifacts\outputs\run_generated_170126_at_08.47_RETRY\logs\LF_TUU-CAI_20260117_090451.log
2026-01-17 09:04:51 | INFO     | Enhanced logging: Capturing both logging.info() and print()
2026-01-17 09:04:51 | INFO     | ======================================================================
2026-01-17 09:04:51 | INFO     | Starting LF search for route: TUU-CAI
2026-01-17 09:04:51 | INFO     | [START] LF Search
2026-01-17 09:04:52 | INFO     | [HEALTH CHECK] [OK] Chrome connection is healthy
2026-01-17 09:04:52 | INFO     | [DAY_START] Processing 15MAR
2026-01-17 09:04:52 | INFO     | [lf.day.start] Processing TUU-CAI for 15MAR
2026-01-17 09:04:53 | WARNING  | [lf.day.no_flights] No direct flights on 15MAR
2026-01-17 09:04:53 | INFO     | [SUCCESS] Day 15MAR
2026-01-17 09:04:53 | INFO     | [DAY_START] Processing 14MAR
2026-01-17 09:04:53 | INFO     | [lf.day.start] Processing TUU-CAI for 14MAR
2026-01-17 09:04:54 | INFO     | [lf.day.flights_found] Found 1 flights on 14MAR
2026-01-17 09:04:56 | INFO     | [lf.flight.extracted] SM326 on 14MAR: BKG=0, LF=0.0%
2026-01-17 09:04:57 | INFO     | [SUCCESS] Day 14MAR
2026-01-17 09:04:57 | INFO     | [DAY_START] Processing 13MAR
2026-01-17 09:04:57 | INFO     | [lf.day.start] Processing TUU-CAI for 13MAR
2026-01-17 09:04:58 | WARNING  | [lf.day.no_flights] No direct flights on 13MAR
2026-01-17 09:04:58 | INFO     | [SUCCESS] Day 13MAR
2026-01-17 09:04:58 | INFO     | [DAY_START] Processing 12MAR
2026-01-17 09:04:58 | INFO     | [lf.day.start] Processing TUU-CAI for 12MAR
2026-01-17 09:04:59 | INFO     | [lf.day.flights_found] Found 1 flights on 12MAR
2026-01-17 09:05:07 | INFO     | [lf.flight.extracted] SM326 on 12MAR: BKG=0, LF=0.0%
2026-01-17 09:05:09 | INFO     | [SUCCESS] Day 12MAR
2026-01-17 09:05:09 | INFO     | [DAY_START] Processing 11MAR
2026-01-17 09:05:09 | INFO     | [lf.day.start] Processing TUU-CAI for 11MAR
2026-01-17 09:05:10 | INFO     | [lf.day.flights_found] Found 1 flights on 11MAR
2026-01-17 09:05:12 | INFO     | [lf.flight.extracted] SM326 on 11MAR: BKG=16, LF=9.1%
2026-01-17 09:05:15 | INFO     | [SUCCESS] Day 11MAR
2026-01-17 09:05:15 | INFO     | [DAY_START] Processing 10MAR
2026-01-17 09:05:15 | INFO     | [lf.day.start] Processing TUU-CAI for 10MAR
2026-01-17 09:05:17 | WARNING  | [lf.day.no_flights] No direct flights on 10MAR
2026-01-17 09:05:17 | INFO     | [SUCCESS] Day 10MAR
2026-01-17 09:05:17 | INFO     | [DAY_START] Processing 09MAR
2026-01-17 09:05:17 | INFO     | [lf.day.start] Processing TUU-CAI for 09MAR
2026-01-17 09:05:20 | WARNING  | [lf.day.no_flights] No direct flights on 09MAR
2026-01-17 09:05:20 | INFO     | [SUCCESS] Day 09MAR
2026-01-17 09:05:20 | INFO     | [DAY_START] Processing 08MAR
2026-01-17 09:05:20 | INFO     | [lf.day.start] Processing TUU-CAI for 08MAR
2026-01-17 09:05:21 | WARNING  | [lf.day.no_flights] No direct flights on 08MAR
2026-01-17 09:05:21 | INFO     | [SUCCESS] Day 08MAR
2026-01-17 09:05:21 | INFO     | [SUCCESS] LF Search Complete
2026-01-17 09:05:21 | INFO     | [Worker_9225] Completed: TUU-CAI - 8 results, 0 errors
2026-01-17 09:05:21 | INFO     | [Worker_9225] Processing: AHB-CAI
2026-01-17 09:05:21 | INFO     |   Tier 0: Range 3, Chunk 3/3 (8 days)
