2026-01-17 09:17:17 | INFO     | ======================================================================
2026-01-17 09:17:17 | INFO     | Load Factor Scraper Started - Route: TUU-ATZ
2026-01-17 09:17:17 | INFO     | Log file: D:\CODERED\LAB\Artifacts\outputs\run_generated_170126_at_08.47_RETRY\logs\LF_TUU-ATZ_20260117_091717.log
2026-01-17 09:17:17 | INFO     | Enhanced logging: Capturing both logging.info() and print()
2026-01-17 09:17:17 | INFO     | ======================================================================
2026-01-17 09:17:17 | INFO     | Starting LF search for route: TUU-ATZ
2026-01-17 09:17:17 | INFO     | [START] LF Search
2026-01-17 09:17:17 | INFO     | [HEALTH CHECK] [OK] Chrome connection is healthy
2026-01-17 09:17:17 | INFO     | [DAY_START] Processing 18FEB
2026-01-17 09:17:17 | INFO     | [lf.day.start] Processing TUU-ATZ for 18FEB
2026-01-17 09:17:18 | WARNING  | [lf.day.no_flights] No direct flights on 18FEB
2026-01-17 09:17:18 | INFO     | [SUCCESS] Day 18FEB
2026-01-17 09:17:18 | INFO     | [DAY_START] Processing 17FEB
2026-01-17 09:17:18 | INFO     | [lf.day.start] Processing TUU-ATZ for 17FEB
2026-01-17 09:17:20 | WARNING  | [lf.day.no_flights] No direct flights on 17FEB
2026-01-17 09:17:20 | INFO     | [SUCCESS] Day 17FEB
2026-01-17 09:17:20 | INFO     | [DAY_START] Processing 16FEB
2026-01-17 09:17:20 | INFO     | [lf.day.start] Processing TUU-ATZ for 16FEB
2026-01-17 09:17:21 | WARNING  | [lf.day.no_flights] No direct flights on 16FEB
2026-01-17 09:17:21 | INFO     | [SUCCESS] Day 16FEB
2026-01-17 09:17:21 | INFO     | [DAY_START] Processing 15FEB
2026-01-17 09:17:21 | INFO     | [lf.day.start] Processing TUU-ATZ for 15FEB
2026-01-17 09:17:22 | WARNING  | [lf.day.no_flights] No direct flights on 15FEB
2026-01-17 09:17:22 | INFO     | [SUCCESS] Day 15FEB
2026-01-17 09:17:22 | INFO     | [DAY_START] Processing 14FEB
2026-01-17 09:17:22 | INFO     | [lf.day.start] Processing TUU-ATZ for 14FEB
2026-01-17 09:17:23 | WARNING  | [lf.day.no_flights] No direct flights on 14FEB
2026-01-17 09:17:23 | INFO     | [SUCCESS] Day 14FEB
2026-01-17 09:17:23 | INFO     | [DAY_START] Processing 13FEB
2026-01-17 09:17:23 | INFO     | [lf.day.start] Processing TUU-ATZ for 13FEB
2026-01-17 09:17:24 | INFO     | [lf.day.flights_found] Found 1 flights on 13FEB
2026-01-17 09:17:26 | INFO     | [lf.flight.extracted] SM328 on 13FEB: BKG=25, LF=14.3%
2026-01-17 09:17:29 | INFO     | [SUCCESS] Day 13FEB
2026-01-17 09:17:29 | INFO     | [DAY_START] Processing 12FEB
2026-01-17 09:17:29 | INFO     | [lf.day.start] Processing TUU-ATZ for 12FEB
2026-01-17 09:17:30 | WARNING  | [lf.day.no_flights] No direct flights on 12FEB
2026-01-17 09:17:31 | INFO     | [SUCCESS] Day 12FEB
2026-01-17 09:17:31 | INFO     | [DAY_START] Processing 11FEB
2026-01-17 09:17:31 | INFO     | [lf.day.start] Processing TUU-ATZ for 11FEB
2026-01-17 09:17:32 | WARNING  | [lf.day.no_flights] No direct flights on 11FEB
2026-01-17 09:17:32 | INFO     | [SUCCESS] Day 11FEB
2026-01-17 09:17:32 | INFO     | [SUCCESS] LF Search Complete
2026-01-17 09:17:32 | INFO     | [Worker_9233] Completed: TUU-ATZ - 8 results, 0 errors
2026-01-17 09:17:32 | INFO     | [Worker_9233] Processing: YNB-CAI
2026-01-17 09:17:32 | INFO     |   Tier 0: Range 2, Chunk 3/3 (8 days)
