2026-01-17 09:01:07 | INFO     | ======================================================================
2026-01-17 09:01:07 | INFO     | Load Factor Scraper Started - Route: TUU-CAI
2026-01-17 09:01:07 | INFO     | Log file: D:\CODERED\LAB\Artifacts\outputs\run_generated_170126_at_08.47_RETRY\logs\LF_TUU-CAI_20260117_090107.log
2026-01-17 09:01:07 | INFO     | Enhanced logging: Capturing both logging.info() and print()
2026-01-17 09:01:07 | INFO     | ======================================================================
2026-01-17 09:01:07 | INFO     | Starting LF search for route: TUU-CAI
2026-01-17 09:01:07 | INFO     | [START] LF Search
2026-01-17 09:01:08 | INFO     | [HEALTH CHECK] [OK] Chrome connection is healthy
2026-01-17 09:01:08 | INFO     | [DAY_START] Processing 23MAR
2026-01-17 09:01:08 | INFO     | [lf.day.start] Processing TUU-CAI for 23MAR
2026-01-17 09:01:09 | WARNING  | [lf.day.no_flights] No direct flights on 23MAR
2026-01-17 09:01:09 | INFO     | [SUCCESS] Day 23MAR
2026-01-17 09:01:09 | INFO     | [DAY_START] Processing 22MAR
2026-01-17 09:01:09 | INFO     | [lf.day.start] Processing TUU-CAI for 22MAR
2026-01-17 09:01:10 | WARNING  | [lf.day.no_flights] No direct flights on 22MAR
2026-01-17 09:01:10 | INFO     | [SUCCESS] Day 22MAR
2026-01-17 09:01:10 | INFO     | [DAY_START] Processing 21MAR
2026-01-17 09:01:10 | INFO     | [lf.day.start] Processing TUU-CAI for 21MAR
2026-01-17 09:01:11 | INFO     | [lf.day.flights_found] Found 1 flights on 21MAR
2026-01-17 09:01:13 | INFO     | [lf.flight.extracted] SM326 on 21MAR: BKG=8, LF=7.6%
2026-01-17 09:01:16 | INFO     | [SUCCESS] Day 21MAR
2026-01-17 09:01:16 | INFO     | [DAY_START] Processing 20MAR
2026-01-17 09:01:16 | INFO     | [lf.day.start] Processing TUU-CAI for 20MAR
2026-01-17 09:01:17 | WARNING  | [lf.day.no_flights] No direct flights on 20MAR
2026-01-17 09:01:17 | INFO     | [SUCCESS] Day 20MAR
2026-01-17 09:01:17 | INFO     | [DAY_START] Processing 19MAR
2026-01-17 09:01:17 | INFO     | [lf.day.start] Processing TUU-CAI for 19MAR
2026-01-17 09:01:18 | INFO     | [lf.day.flights_found] Found 1 flights on 19MAR
2026-01-17 09:01:20 | INFO     | [lf.flight.extracted] SM326 on 19MAR: BKG=7, LF=4.0%
2026-01-17 09:01:22 | INFO     | [SUCCESS] Day 19MAR
2026-01-17 09:01:22 | INFO     | [DAY_START] Processing 18MAR
2026-01-17 09:01:22 | INFO     | [lf.day.start] Processing TUU-CAI for 18MAR
2026-01-17 09:01:23 | INFO     | [lf.day.flights_found] Found 1 flights on 18MAR
2026-01-17 09:01:25 | INFO     | [lf.flight.extracted] SM326 on 18MAR: BKG=10, LF=5.7%
2026-01-17 09:01:28 | INFO     | [SUCCESS] Day 18MAR
2026-01-17 09:01:28 | INFO     | [DAY_START] Processing 17MAR
2026-01-17 09:01:28 | INFO     | [lf.day.start] Processing TUU-CAI for 17MAR
2026-01-17 09:01:29 | WARNING  | [lf.day.no_flights] No direct flights on 17MAR
2026-01-17 09:01:30 | INFO     | [SUCCESS] Day 17MAR
2026-01-17 09:01:30 | INFO     | [DAY_START] Processing 16MAR
2026-01-17 09:01:30 | INFO     | [lf.day.start] Processing TUU-CAI for 16MAR
2026-01-17 09:01:31 | WARNING  | [lf.day.no_flights] No direct flights on 16MAR
2026-01-17 09:01:31 | INFO     | [SUCCESS] Day 16MAR
2026-01-17 09:01:31 | INFO     | [SUCCESS] LF Search Complete
2026-01-17 09:01:31 | INFO     | [Worker_9224] Completed: TUU-CAI - 8 results, 0 errors
2026-01-17 09:01:31 | INFO     | [Worker_9224] Processing: TUU-ATZ
2026-01-17 09:01:31 | INFO     |   Tier 0: Range 3, Chunk 2/3 (8 days)
