2026-01-17 09:21:27 | INFO     | ======================================================================
2026-01-17 09:21:27 | INFO     | Load Factor Scraper Started - Route: TUU-CAI
2026-01-17 09:21:27 | INFO     | Log file: D:\CODERED\LAB\Artifacts\outputs\run_generated_170126_at_08.47_RETRY\logs\LF_TUU-CAI_20260117_092127.log
2026-01-17 09:21:27 | INFO     | Enhanced logging: Capturing both logging.info() and print()
2026-01-17 09:21:27 | INFO     | ======================================================================
2026-01-17 09:21:27 | INFO     | Starting LF search for route: TUU-CAI
2026-01-17 09:21:27 | INFO     | [START] LF Search
2026-01-17 09:21:28 | INFO     | [HEALTH CHECK] [OK] Chrome connection is healthy
2026-01-17 09:21:28 | INFO     | [DAY_START] Processing 10FEB
2026-01-17 09:21:28 | INFO     | [lf.day.start] Processing TUU-CAI for 10FEB
2026-01-17 09:21:29 | WARNING  | [lf.day.no_flights] No direct flights on 10FEB
2026-01-17 09:21:29 | INFO     | [SUCCESS] Day 10FEB
2026-01-17 09:21:29 | INFO     | [DAY_START] Processing 09FEB
2026-01-17 09:21:29 | INFO     | [lf.day.start] Processing TUU-CAI for 09FEB
2026-01-17 09:21:30 | WARNING  | [lf.day.no_flights] No direct flights on 09FEB
2026-01-17 09:21:30 | INFO     | [SUCCESS] Day 09FEB
2026-01-17 09:21:30 | INFO     | [DAY_START] Processing 08FEB
2026-01-17 09:21:30 | INFO     | [lf.day.start] Processing TUU-CAI for 08FEB
2026-01-17 09:21:31 | WARNING  | [lf.day.no_flights] No direct flights on 08FEB
2026-01-17 09:21:31 | INFO     | [SUCCESS] Day 08FEB
2026-01-17 09:21:31 | INFO     | [DAY_START] Processing 07FEB
2026-01-17 09:21:31 | INFO     | [lf.day.start] Processing TUU-CAI for 07FEB
2026-01-17 09:21:32 | INFO     | [lf.day.flights_found] Found 1 flights on 07FEB
2026-01-17 09:21:34 | INFO     | [lf.flight.extracted] SM326 on 07FEB: BKG=7, LF=7.2%
2026-01-17 09:21:37 | INFO     | [SUCCESS] Day 07FEB
2026-01-17 09:21:37 | INFO     | [DAY_START] Processing 06FEB
2026-01-17 09:21:37 | INFO     | [lf.day.start] Processing TUU-CAI for 06FEB
2026-01-17 09:21:38 | WARNING  | [lf.day.no_flights] No direct flights on 06FEB
2026-01-17 09:21:38 | INFO     | [SUCCESS] Day 06FEB
2026-01-17 09:21:38 | INFO     | [DAY_START] Processing 05FEB
2026-01-17 09:21:38 | INFO     | [lf.day.start] Processing TUU-CAI for 05FEB
2026-01-17 09:21:39 | INFO     | [lf.day.flights_found] Found 1 flights on 05FEB
2026-01-17 09:21:41 | INFO     | [lf.flight.extracted] SM326 on 05FEB: BKG=18, LF=10.3%
2026-01-17 09:21:44 | INFO     | [SUCCESS] Day 05FEB
2026-01-17 09:21:44 | INFO     | [DAY_START] Processing 04FEB
2026-01-17 09:21:44 | INFO     | [lf.day.start] Processing TUU-CAI for 04FEB
2026-01-17 09:21:45 | INFO     | [lf.day.flights_found] Found 1 flights on 04FEB
2026-01-17 09:21:47 | INFO     | [lf.flight.extracted] SM326 on 04FEB: BKG=5, LF=2.9%
2026-01-17 09:21:49 | INFO     | [SUCCESS] Day 04FEB
2026-01-17 09:21:49 | INFO     | [DAY_START] Processing 03FEB
2026-01-17 09:21:49 | INFO     | [lf.day.start] Processing TUU-CAI for 03FEB
2026-01-17 09:21:50 | WARNING  | [lf.day.no_flights] No direct flights on 03FEB
2026-01-17 09:21:50 | INFO     | [SUCCESS] Day 03FEB
2026-01-17 09:21:50 | INFO     | [DAY_START] Processing 02FEB
2026-01-17 09:21:50 | INFO     | [lf.day.start] Processing TUU-CAI for 02FEB
2026-01-17 09:21:51 | WARNING  | [lf.day.no_flights] No direct flights on 02FEB
2026-01-17 09:21:52 | INFO     | [SUCCESS] Day 02FEB
2026-01-17 09:21:52 | INFO     | [SUCCESS] LF Search Complete
2026-01-17 09:21:52 | INFO     | [Worker_9224] Completed: TUU-CAI - 9 results, 0 errors
2026-01-17 09:21:52 | INFO     | [Worker_9224] Processing: AJF-ATZ
2026-01-17 09:21:52 | INFO     |   Tier 0: Range 1, Chunk 1/3 (9 days)
