2026-01-17 09:27:24 | INFO     | ======================================================================
2026-01-17 09:27:24 | INFO     | Load Factor Scraper Started - Route: YNB-CAI
2026-01-17 09:27:24 | INFO     | Log file: D:\CODERED\LAB\Artifacts\outputs\run_generated_170126_at_08.47_RETRY\logs\LF_YNB-CAI_20260117_092724.log
2026-01-17 09:27:24 | INFO     | Enhanced logging: Capturing both logging.info() and print()
2026-01-17 09:27:24 | INFO     | ======================================================================
2026-01-17 09:27:24 | INFO     | Starting LF search for route: YNB-CAI
2026-01-17 09:27:24 | INFO     | [START] LF Search
2026-01-17 09:27:24 | INFO     | [HEALTH CHECK] [OK] Chrome connection is healthy
2026-01-17 09:27:25 | INFO     | [DAY_START] Processing 01FEB
2026-01-17 09:27:25 | INFO     | [lf.day.start] Processing YNB-CAI for 01FEB
2026-01-17 09:27:26 | INFO     | [lf.day.flights_found] Found 1 flights on 01FEB
2026-01-17 09:27:28 | INFO     | [lf.flight.extracted] SM442 on 01FEB: BKG=167, LF=95.4%
2026-01-17 09:27:33 | INFO     | [SUCCESS] Day 01FEB
2026-01-17 09:27:33 | INFO     | [DAY_START] Processing 31JAN
2026-01-17 09:27:33 | INFO     | [lf.day.start] Processing YNB-CAI for 31JAN
2026-01-17 09:27:34 | INFO     | [lf.day.flights_found] Found 1 flights on 31JAN
2026-01-17 09:27:37 | INFO     | [lf.flight.extracted] SM442 on 31JAN: BKG=126, LF=72.0%
2026-01-17 09:27:42 | INFO     | [SUCCESS] Day 31JAN
2026-01-17 09:27:42 | INFO     | [DAY_START] Processing 30JAN
2026-01-17 09:27:42 | INFO     | [lf.day.start] Processing YNB-CAI for 30JAN
2026-01-17 09:27:43 | INFO     | [lf.day.flights_found] Found 1 flights on 30JAN
2026-01-17 09:27:45 | INFO     | [lf.flight.extracted] SM442 on 30JAN: BKG=71, LF=40.6%
2026-01-17 09:27:52 | INFO     | [SUCCESS] Day 30JAN
2026-01-17 09:27:52 | INFO     | [DAY_START] Processing 29JAN
2026-01-17 09:27:52 | INFO     | [lf.day.start] Processing YNB-CAI for 29JAN
2026-01-17 09:27:53 | INFO     | [lf.day.flights_found] Found 1 flights on 29JAN
2026-01-17 09:27:56 | INFO     | [lf.flight.extracted] SM442 on 29JAN: BKG=168, LF=94.4%
2026-01-17 09:28:01 | INFO     | [SUCCESS] Day 29JAN
2026-01-17 09:28:01 | INFO     | [DAY_START] Processing 28JAN
2026-01-17 09:28:01 | INFO     | [lf.day.start] Processing YNB-CAI for 28JAN
2026-01-17 09:28:02 | INFO     | [lf.day.flights_found] Found 1 flights on 28JAN
2026-01-17 09:28:04 | INFO     | [lf.flight.extracted] SM442 on 28JAN: BKG=175, LF=98.3%
2026-01-17 09:28:10 | INFO     | [SUCCESS] Day 28JAN
2026-01-17 09:28:10 | INFO     | [DAY_START] Processing 27JAN
2026-01-17 09:28:10 | INFO     | [lf.day.start] Processing YNB-CAI for 27JAN
2026-01-17 09:28:26 | INFO     | [lf.day.flights_found] Found 1 flights on 27JAN
2026-01-17 09:28:28 | INFO     | [lf.flight.extracted] SM442 on 27JAN: BKG=164, LF=92.1%
2026-01-17 09:28:33 | INFO     | [SUCCESS] Day 27JAN
2026-01-17 09:28:33 | INFO     | [DAY_START] Processing 26JAN
2026-01-17 09:28:33 | INFO     | [lf.day.start] Processing YNB-CAI for 26JAN
2026-01-17 09:28:34 | INFO     | [lf.day.flights_found] Found 1 flights on 26JAN
2026-01-17 09:28:36 | INFO     | [lf.flight.extracted] SM442 on 26JAN: BKG=122, LF=69.7%
2026-01-17 09:28:42 | INFO     | [SUCCESS] Day 26JAN
2026-01-17 09:28:42 | INFO     | [DAY_START] Processing 25JAN
2026-01-17 09:28:42 | INFO     | [lf.day.start] Processing YNB-CAI for 25JAN
2026-01-17 09:28:43 | INFO     | [lf.day.flights_found] Found 1 flights on 25JAN
2026-01-17 09:28:45 | INFO     | [lf.flight.extracted] SM442 on 25JAN: BKG=105, LF=61.1%
2026-01-17 09:28:51 | INFO     | [SUCCESS] Day 25JAN
2026-01-17 09:28:51 | INFO     | [SUCCESS] LF Search Complete
2026-01-17 09:28:51 | INFO     | [Worker_9224] Completed: YNB-CAI - 8 results, 0 errors
2026-01-17 09:28:51 | INFO     | [Worker_9224] Processing: ASW-JED
2026-01-17 09:28:51 | INFO     |   Tier 0: Range 1, Chunk 2/3 (8 days)
