2026-01-17 09:09:12 | INFO     | ======================================================================
2026-01-17 09:09:12 | INFO     | Load Factor Scraper Started - Route: YNB-CAI
2026-01-17 09:09:12 | INFO     | Log file: D:\CODERED\LAB\Artifacts\outputs\run_generated_170126_at_08.47_RETRY\logs\LF_YNB-CAI_20260117_090912.log
2026-01-17 09:09:12 | INFO     | Enhanced logging: Capturing both logging.info() and print()
2026-01-17 09:09:12 | INFO     | ======================================================================
2026-01-17 09:09:12 | INFO     | Starting LF search for route: YNB-CAI
2026-01-17 09:09:12 | INFO     | [START] LF Search
2026-01-17 09:09:13 | INFO     | [HEALTH CHECK] [OK] Chrome connection is healthy
2026-01-17 09:09:13 | INFO     | [DAY_START] Processing 07MAR
2026-01-17 09:09:13 | INFO     | [lf.day.start] Processing YNB-CAI for 07MAR
2026-01-17 09:09:14 | INFO     | [lf.day.flights_found] Found 1 flights on 07MAR
2026-01-17 09:09:16 | INFO     | [lf.flight.extracted] SM442 on 07MAR: BKG=12, LF=7.0%
2026-01-17 09:09:19 | INFO     | [SUCCESS] Day 07MAR
2026-01-17 09:09:19 | INFO     | [DAY_START] Processing 06MAR
2026-01-17 09:09:19 | INFO     | [lf.day.start] Processing YNB-CAI for 06MAR
2026-01-17 09:09:20 | INFO     | [lf.day.flights_found] Found 1 flights on 06MAR
2026-01-17 09:09:22 | INFO     | [lf.flight.extracted] SM442 on 06MAR: BKG=34, LF=19.4%
2026-01-17 09:09:25 | INFO     | [SUCCESS] Day 06MAR
2026-01-17 09:09:25 | INFO     | [DAY_START] Processing 05MAR
2026-01-17 09:09:25 | INFO     | [lf.day.start] Processing YNB-CAI for 05MAR
2026-01-17 09:09:27 | INFO     | [lf.day.flights_found] Found 1 flights on 05MAR
2026-01-17 09:09:29 | INFO     | [lf.flight.extracted] SM442 on 05MAR: BKG=94, LF=53.7%
2026-01-17 09:09:35 | INFO     | [SUCCESS] Day 05MAR
2026-01-17 09:09:35 | INFO     | [DAY_START] Processing 04MAR
2026-01-17 09:09:35 | INFO     | [lf.day.start] Processing YNB-CAI for 04MAR
2026-01-17 09:09:36 | INFO     | [lf.day.flights_found] Found 1 flights on 04MAR
2026-01-17 09:09:38 | INFO     | [lf.flight.extracted] SM442 on 04MAR: BKG=56, LF=32.0%
2026-01-17 09:09:43 | INFO     | [SUCCESS] Day 04MAR
2026-01-17 09:09:43 | INFO     | [DAY_START] Processing 03MAR
2026-01-17 09:09:43 | INFO     | [lf.day.start] Processing YNB-CAI for 03MAR
2026-01-17 09:09:44 | INFO     | [lf.day.flights_found] Found 1 flights on 03MAR
2026-01-17 09:09:46 | INFO     | [lf.flight.extracted] SM442 on 03MAR: BKG=44, LF=25.1%
2026-01-17 09:09:51 | INFO     | [SUCCESS] Day 03MAR
2026-01-17 09:09:51 | INFO     | [DAY_START] Processing 02MAR
2026-01-17 09:09:51 | INFO     | [lf.day.start] Processing YNB-CAI for 02MAR
2026-01-17 09:09:52 | INFO     | [lf.day.flights_found] Found 1 flights on 02MAR
2026-01-17 09:09:54 | INFO     | [lf.flight.extracted] SM442 on 02MAR: BKG=31, LF=17.7%
2026-01-17 09:09:58 | INFO     | [SUCCESS] Day 02MAR
2026-01-17 09:09:58 | INFO     | [DAY_START] Processing 01MAR
2026-01-17 09:09:58 | INFO     | [lf.day.start] Processing YNB-CAI for 01MAR
2026-01-17 09:09:59 | INFO     | [lf.day.flights_found] Found 1 flights on 01MAR
2026-01-17 09:10:01 | INFO     | [lf.flight.extracted] SM442 on 01MAR: BKG=37, LF=21.1%
2026-01-17 09:10:05 | INFO     | [SUCCESS] Day 01MAR
2026-01-17 09:10:05 | INFO     | [DAY_START] Processing 28FEB
2026-01-17 09:10:05 | INFO     | [lf.day.start] Processing YNB-CAI for 28FEB
2026-01-17 09:10:06 | INFO     | [lf.day.flights_found] Found 1 flights on 28FEB
2026-01-17 09:10:09 | INFO     | [lf.flight.extracted] SM442 on 28FEB: BKG=18, LF=10.3%
2026-01-17 09:10:11 | INFO     | [SUCCESS] Day 28FEB
2026-01-17 09:10:11 | INFO     | [DAY_START] Processing 27FEB
2026-01-17 09:10:11 | INFO     | [lf.day.start] Processing YNB-CAI for 27FEB
2026-01-17 09:10:13 | INFO     | [lf.day.flights_found] Found 1 flights on 27FEB
2026-01-17 09:10:15 | INFO     | [lf.flight.extracted] SM442 on 27FEB: BKG=159, LF=90.9%
2026-01-17 09:10:18 | INFO     | [SUCCESS] Day 27FEB
2026-01-17 09:10:18 | INFO     | [SUCCESS] LF Search Complete
2026-01-17 09:10:18 | INFO     | [Worker_9225] Completed: YNB-CAI - 9 results, 0 errors
2026-01-17 09:10:18 | INFO     | [Worker_9225] Processing: LXR-JED
2026-01-17 09:10:18 | INFO     |   Tier 0: Range 2, Chunk 1/3 (9 days)
