2026-01-17 09:01:45 | INFO     | ======================================================================
2026-01-17 09:01:45 | INFO     | Load Factor Scraper Started - Route: YNB-CAI
2026-01-17 09:01:45 | INFO     | Log file: D:\CODERED\LAB\Artifacts\outputs\run_generated_170126_at_08.47_RETRY\logs\LF_YNB-CAI_20260117_090145.log
2026-01-17 09:01:45 | INFO     | Enhanced logging: Capturing both logging.info() and print()
2026-01-17 09:01:45 | INFO     | ======================================================================
2026-01-17 09:01:45 | INFO     | Starting LF search for route: YNB-CAI
2026-01-17 09:01:45 | INFO     | [START] LF Search
2026-01-17 09:01:46 | INFO     | [HEALTH CHECK] [OK] Chrome connection is healthy
2026-01-17 09:01:46 | INFO     | [DAY_START] Processing 23MAR
2026-01-17 09:01:46 | INFO     | [lf.day.start] Processing YNB-CAI for 23MAR
2026-01-17 09:01:48 | INFO     | [lf.day.flights_found] Found 3 flights on 23MAR
2026-01-17 09:01:50 | INFO     | [lf.flight.extracted] SM942 on 23MAR: BKG=170, LF=97.1%
2026-01-17 09:01:53 | INFO     | [lf.flight.extracted] SM986 on 23MAR: BKG=180, LF=107.8%
2026-01-17 09:01:56 | INFO     | [lf.flight.extracted] SM442 on 23MAR: BKG=157, LF=89.7%
2026-01-17 09:02:03 | INFO     | [SUCCESS] Day 23MAR
2026-01-17 09:02:03 | INFO     | [DAY_START] Processing 22MAR
2026-01-17 09:02:03 | INFO     | [lf.day.start] Processing YNB-CAI for 22MAR
2026-01-17 09:02:04 | INFO     | [lf.day.flights_found] Found 2 flights on 22MAR
2026-01-17 09:02:06 | INFO     | [lf.flight.extracted] SM442 on 22MAR: BKG=149, LF=85.1%
2026-01-17 09:02:09 | INFO     | [lf.flight.extracted] SM988 on 22MAR: BKG=170, LF=101.8%
2026-01-17 09:02:13 | INFO     | [SUCCESS] Day 22MAR
2026-01-17 09:02:13 | INFO     | [DAY_START] Processing 21MAR
2026-01-17 09:02:13 | INFO     | [lf.day.start] Processing YNB-CAI for 21MAR
2026-01-17 09:02:14 | INFO     | [lf.day.flights_found] Found 2 flights on 21MAR
2026-01-17 09:02:16 | INFO     | [lf.flight.extracted] SM942 on 21MAR: BKG=160, LF=91.4%
2026-01-17 09:02:19 | INFO     | [lf.flight.extracted] SM442 on 21MAR: BKG=150, LF=85.7%
2026-01-17 09:02:24 | INFO     | [SUCCESS] Day 21MAR
2026-01-17 09:02:24 | INFO     | [DAY_START] Processing 20MAR
2026-01-17 09:02:24 | INFO     | [lf.day.start] Processing YNB-CAI for 20MAR
2026-01-17 09:02:25 | INFO     | [lf.day.flights_found] Found 2 flights on 20MAR
2026-01-17 09:02:27 | INFO     | [lf.flight.extracted] SM942 on 20MAR: BKG=265, LF=158.7%
2026-01-17 09:02:30 | INFO     | [lf.flight.extracted] SM442 on 20MAR: BKG=177, LF=101.1%
2026-01-17 09:02:33 | INFO     | [SUCCESS] Day 20MAR
2026-01-17 09:02:33 | INFO     | [DAY_START] Processing 19MAR
2026-01-17 09:02:33 | INFO     | [lf.day.start] Processing YNB-CAI for 19MAR
2026-01-17 09:02:34 | INFO     | [lf.day.flights_found] Found 2 flights on 19MAR
2026-01-17 09:02:36 | INFO     | [lf.flight.extracted] SM988 on 19MAR: BKG=8, LF=4.8%
2026-01-17 09:02:39 | INFO     | [lf.flight.extracted] SM442 on 19MAR: BKG=10, LF=5.7%
2026-01-17 09:02:43 | INFO     | [SUCCESS] Day 19MAR
2026-01-17 09:02:43 | INFO     | [DAY_START] Processing 18MAR
2026-01-17 09:02:43 | INFO     | [lf.day.start] Processing YNB-CAI for 18MAR
2026-01-17 09:02:44 | INFO     | [lf.day.flights_found] Found 1 flights on 18MAR
2026-01-17 09:02:47 | INFO     | [lf.flight.extracted] SM442 on 18MAR: BKG=26, LF=14.9%
2026-01-17 09:02:50 | INFO     | [SUCCESS] Day 18MAR
2026-01-17 09:02:50 | INFO     | [DAY_START] Processing 17MAR
2026-01-17 09:02:50 | INFO     | [lf.day.start] Processing YNB-CAI for 17MAR
2026-01-17 09:02:51 | INFO     | [lf.day.flights_found] Found 1 flights on 17MAR
2026-01-17 09:02:53 | INFO     | [lf.flight.extracted] SM442 on 17MAR: BKG=12, LF=6.9%
2026-01-17 09:02:56 | INFO     | [SUCCESS] Day 17MAR
2026-01-17 09:02:56 | INFO     | [DAY_START] Processing 16MAR
2026-01-17 09:02:56 | INFO     | [lf.day.start] Processing YNB-CAI for 16MAR
2026-01-17 09:02:57 | INFO     | [lf.day.flights_found] Found 1 flights on 16MAR
2026-01-17 09:02:59 | INFO     | [lf.flight.extracted] SM442 on 16MAR: BKG=7, LF=4.0%
2026-01-17 09:03:02 | INFO     | [SUCCESS] Day 16MAR
2026-01-17 09:03:02 | INFO     | [SUCCESS] LF Search Complete
2026-01-17 09:03:02 | INFO     | [Worker_9225] Completed: YNB-CAI - 8 results, 0 errors
2026-01-17 09:03:02 | INFO     | [Worker_9225] Processing: CAI-TUU
2026-01-17 09:03:02 | INFO     |   Tier 0: Range 3, Chunk 2/3 (8 days)
