2026-01-17 09:13:22 | INFO     | ======================================================================
2026-01-17 09:13:22 | INFO     | Load Factor Scraper Started - Route: YNB-CAI
2026-01-17 09:13:22 | INFO     | Log file: D:\CODERED\LAB\Artifacts\outputs\run_generated_170126_at_08.47_RETRY\logs\LF_YNB-CAI_20260117_091322.log
2026-01-17 09:13:22 | INFO     | Enhanced logging: Capturing both logging.info() and print()
2026-01-17 09:13:22 | INFO     | ======================================================================
2026-01-17 09:13:22 | INFO     | Starting LF search for route: YNB-CAI
2026-01-17 09:13:22 | INFO     | [START] LF Search
2026-01-17 09:13:23 | INFO     | [HEALTH CHECK] [OK] Chrome connection is healthy
2026-01-17 09:13:23 | INFO     | [DAY_START] Processing 26FEB
2026-01-17 09:13:23 | INFO     | [lf.day.start] Processing YNB-CAI for 26FEB
2026-01-17 09:13:24 | INFO     | [lf.day.flights_found] Found 1 flights on 26FEB
2026-01-17 09:13:26 | INFO     | [lf.flight.extracted] SM442 on 26FEB: BKG=159, LF=90.9%
2026-01-17 09:13:29 | INFO     | [SUCCESS] Day 26FEB
2026-01-17 09:13:29 | INFO     | [DAY_START] Processing 25FEB
2026-01-17 09:13:29 | INFO     | [lf.day.start] Processing YNB-CAI for 25FEB
2026-01-17 09:13:30 | INFO     | [lf.day.flights_found] Found 2 flights on 25FEB
2026-01-17 09:13:32 | INFO     | [lf.flight.extracted] SM984 on 25FEB: BKG=170, LF=98.8%
2026-01-17 09:13:35 | INFO     | [lf.flight.extracted] SM442 on 25FEB: BKG=151, LF=86.3%
2026-01-17 09:13:39 | INFO     | [SUCCESS] Day 25FEB
2026-01-17 09:13:39 | INFO     | [DAY_START] Processing 24FEB
2026-01-17 09:13:39 | INFO     | [lf.day.start] Processing YNB-CAI for 24FEB
2026-01-17 09:13:40 | INFO     | [lf.day.flights_found] Found 2 flights on 24FEB
2026-01-17 09:13:42 | INFO     | [lf.flight.extracted] SM942 on 24FEB: BKG=135, LF=80.8%
2026-01-17 09:13:45 | INFO     | [lf.flight.extracted] SM442 on 24FEB: BKG=149, LF=85.1%
2026-01-17 09:13:49 | INFO     | [SUCCESS] Day 24FEB
2026-01-17 09:13:49 | INFO     | [DAY_START] Processing 23FEB
2026-01-17 09:13:49 | INFO     | [lf.day.start] Processing YNB-CAI for 23FEB
2026-01-17 09:13:50 | INFO     | [lf.day.flights_found] Found 3 flights on 23FEB
2026-01-17 09:13:52 | INFO     | [lf.flight.extracted] SM986 on 23FEB: BKG=170, LF=101.8%
2026-01-17 09:13:55 | INFO     | [lf.flight.extracted] SM932 on 23FEB: BKG=0, LF=0.0%
2026-01-17 09:13:58 | INFO     | [lf.flight.extracted] SM442 on 23FEB: BKG=153, LF=87.4%
2026-01-17 09:14:03 | INFO     | [SUCCESS] Day 23FEB
2026-01-17 09:14:03 | INFO     | [DAY_START] Processing 22FEB
2026-01-17 09:14:03 | INFO     | [lf.day.start] Processing YNB-CAI for 22FEB
2026-01-17 09:14:04 | INFO     | [lf.day.flights_found] Found 3 flights on 22FEB
2026-01-17 09:14:06 | INFO     | [lf.flight.extracted] SM442 on 22FEB: BKG=45, LF=25.7%
2026-01-17 09:14:09 | INFO     | [lf.flight.extracted] SM988 on 22FEB: BKG=80, LF=47.9%
2026-01-17 09:14:12 | INFO     | [lf.flight.extracted] SM956 on 22FEB: BKG=90, LF=51.4%
2026-01-17 09:14:17 | INFO     | [SUCCESS] Day 22FEB
2026-01-17 09:14:17 | INFO     | [DAY_START] Processing 21FEB
2026-01-17 09:14:17 | INFO     | [lf.day.start] Processing YNB-CAI for 21FEB
2026-01-17 09:14:18 | INFO     | [lf.day.flights_found] Found 1 flights on 21FEB
2026-01-17 09:14:20 | INFO     | [lf.flight.extracted] SM442 on 21FEB: BKG=139, LF=79.4%
2026-01-17 09:14:22 | INFO     | [SUCCESS] Day 21FEB
2026-01-17 09:14:22 | INFO     | [DAY_START] Processing 20FEB
2026-01-17 09:14:22 | INFO     | [lf.day.start] Processing YNB-CAI for 20FEB
2026-01-17 09:14:23 | INFO     | [lf.day.flights_found] Found 1 flights on 20FEB
2026-01-17 09:14:25 | INFO     | [lf.flight.extracted] SM442 on 20FEB: BKG=4, LF=2.3%
2026-01-17 09:14:28 | INFO     | [SUCCESS] Day 20FEB
2026-01-17 09:14:28 | INFO     | [DAY_START] Processing 19FEB
2026-01-17 09:14:28 | INFO     | [lf.day.start] Processing YNB-CAI for 19FEB
2026-01-17 09:14:28 | INFO     | [lf.day.flights_found] Found 1 flights on 19FEB
2026-01-17 09:14:30 | INFO     | [lf.flight.extracted] SM442 on 19FEB: BKG=1, LF=0.6%
2026-01-17 09:14:33 | INFO     | [SUCCESS] Day 19FEB
2026-01-17 09:14:33 | INFO     | [SUCCESS] LF Search Complete
2026-01-17 09:14:33 | INFO     | [Worker_9225] Completed: YNB-CAI - 8 results, 0 errors
2026-01-17 09:14:33 | INFO     | [Worker_9225] Processing: CAI-DMM
2026-01-17 09:14:33 | INFO     |   Tier 0: Range 2, Chunk 2/3 (8 days)
