2026-01-17 08:57:34 | INFO     | ======================================================================
2026-01-17 08:57:34 | INFO     | Load Factor Scraper Started - Route: YNB-CAI
2026-01-17 08:57:34 | INFO     | Log file: D:\CODERED\LAB\Artifacts\outputs\run_generated_170126_at_08.47_RETRY\logs\LF_YNB-CAI_20260117_085734.log
2026-01-17 08:57:34 | INFO     | Enhanced logging: Capturing both logging.info() and print()
2026-01-17 08:57:34 | INFO     | ======================================================================
2026-01-17 08:57:34 | INFO     | Starting LF search for route: YNB-CAI
2026-01-17 08:57:34 | INFO     | [START] LF Search
2026-01-17 08:57:35 | INFO     | [HEALTH CHECK] [OK] Chrome connection is healthy
2026-01-17 08:57:35 | INFO     | [DAY_START] Processing 01APR
2026-01-17 08:57:35 | INFO     | [lf.day.start] Processing YNB-CAI for 01APR
2026-01-17 08:57:37 | WARNING  | [lf.day.no_flights] No direct flights on 01APR
2026-01-17 08:57:37 | INFO     | [SUCCESS] Day 01APR
2026-01-17 08:57:37 | INFO     | [DAY_START] Processing 31MAR
2026-01-17 08:57:37 | INFO     | [lf.day.start] Processing YNB-CAI for 31MAR
2026-01-17 08:57:38 | INFO     | [lf.day.flights_found] Found 1 flights on 31MAR
2026-01-17 08:57:40 | INFO     | [lf.flight.extracted] SM442 on 31MAR: BKG=174, LF=99.4%
2026-01-17 08:57:43 | INFO     | [SUCCESS] Day 31MAR
2026-01-17 08:57:43 | INFO     | [DAY_START] Processing 30MAR
2026-01-17 08:57:43 | INFO     | [lf.day.start] Processing YNB-CAI for 30MAR
2026-01-17 08:57:44 | INFO     | [lf.day.flights_found] Found 1 flights on 30MAR
2026-01-17 08:57:46 | INFO     | [lf.flight.extracted] SM442 on 30MAR: BKG=168, LF=96.0%
2026-01-17 08:57:49 | INFO     | [SUCCESS] Day 30MAR
2026-01-17 08:57:49 | INFO     | [DAY_START] Processing 29MAR
2026-01-17 08:57:49 | INFO     | [lf.day.start] Processing YNB-CAI for 29MAR
2026-01-17 08:57:50 | INFO     | [lf.day.flights_found] Found 1 flights on 29MAR
2026-01-17 08:57:53 | INFO     | [lf.flight.extracted] SM442 on 29MAR: BKG=168, LF=96.0%
2026-01-17 08:57:57 | INFO     | [SUCCESS] Day 29MAR
2026-01-17 08:57:57 | INFO     | [DAY_START] Processing 28MAR
2026-01-17 08:57:57 | INFO     | [lf.day.start] Processing YNB-CAI for 28MAR
2026-01-17 08:57:57 | INFO     | [lf.day.flights_found] Found 3 flights on 28MAR
2026-01-17 08:57:59 | INFO     | [lf.flight.extracted] SM940 on 28MAR: BKG=0, LF=0.0%
2026-01-17 08:58:03 | INFO     | [lf.flight.extracted] SM932 on 28MAR: BKG=0, LF=0.0%
2026-01-17 08:58:06 | INFO     | [lf.flight.extracted] SM442 on 28MAR: BKG=170, LF=97.1%
2026-01-17 08:58:09 | INFO     | [SUCCESS] Day 28MAR
2026-01-17 08:58:09 | INFO     | [DAY_START] Processing 27MAR
2026-01-17 08:58:09 | INFO     | [lf.day.start] Processing YNB-CAI for 27MAR
2026-01-17 08:58:10 | INFO     | [lf.day.flights_found] Found 5 flights on 27MAR
2026-01-17 08:58:12 | INFO     | [lf.flight.extracted] SM932 on 27MAR: BKG=0, LF=0.0%
2026-01-17 08:58:15 | INFO     | [lf.flight.extracted] SM442 on 27MAR: BKG=162, LF=92.6%
2026-01-17 08:58:18 | INFO     | [lf.flight.extracted] SM934 on 27MAR: BKG=0, LF=0.0%
2026-01-17 08:58:22 | INFO     | [lf.flight.extracted] SM936 on 27MAR: BKG=0, LF=0.0%
2026-01-17 08:58:25 | INFO     | [lf.flight.extracted] SM938 on 27MAR: BKG=0, LF=0.0%
2026-01-17 08:58:27 | INFO     | [SUCCESS] Day 27MAR
2026-01-17 08:58:27 | INFO     | [DAY_START] Processing 26MAR
2026-01-17 08:58:27 | INFO     | [lf.day.start] Processing YNB-CAI for 26MAR
2026-01-17 08:58:28 | INFO     | [lf.day.flights_found] Found 2 flights on 26MAR
2026-01-17 08:58:30 | INFO     | [lf.flight.extracted] SM988 on 26MAR: BKG=170, LF=101.8%
2026-01-17 08:58:34 | INFO     | [lf.flight.extracted] SM442 on 26MAR: BKG=181, LF=103.4%
2026-01-17 08:58:38 | INFO     | [SUCCESS] Day 26MAR
2026-01-17 08:58:38 | INFO     | [DAY_START] Processing 25MAR
2026-01-17 08:58:38 | INFO     | [lf.day.start] Processing YNB-CAI for 25MAR
2026-01-17 08:58:39 | INFO     | [lf.day.flights_found] Found 2 flights on 25MAR
2026-01-17 08:58:40 | INFO     | [lf.flight.extracted] SM988 on 25MAR: BKG=160, LF=91.4%
2026-01-17 08:58:44 | INFO     | [lf.flight.extracted] SM442 on 25MAR: BKG=146, LF=83.4%
2026-01-17 08:58:48 | INFO     | [SUCCESS] Day 25MAR
2026-01-17 08:58:48 | INFO     | [DAY_START] Processing 24MAR
2026-01-17 08:58:48 | INFO     | [lf.day.start] Processing YNB-CAI for 24MAR
2026-01-17 08:58:49 | INFO     | [lf.day.flights_found] Found 1 flights on 24MAR
2026-01-17 08:58:51 | INFO     | [lf.flight.extracted] SM442 on 24MAR: BKG=144, LF=82.3%
2026-01-17 08:58:53 | INFO     | [SUCCESS] Day 24MAR
2026-01-17 08:58:53 | INFO     | [SUCCESS] LF Search Complete
2026-01-17 08:58:53 | INFO     | [Worker_9224] Completed: YNB-CAI - 9 results, 0 errors
2026-01-17 08:58:53 | INFO     | [Worker_9224] Processing: CAI-TUU
2026-01-17 08:58:53 | INFO     |   Tier 0: Range 3, Chunk 1/3 (9 days)
