2026-01-17 08:51:39 | INFO     | ======================================================================
2026-01-17 08:51:39 | INFO     | Load Factor Scraper Started - Route: YNB-CAI
2026-01-17 08:51:39 | INFO     | Log file: D:\CODERED\LAB\Artifacts\outputs\run_generated_170126_at_08.47_RETRY\logs\LF_YNB-CAI_20260117_085139.log
2026-01-17 08:51:39 | INFO     | Enhanced logging: Capturing both logging.info() and print()
2026-01-17 08:51:39 | INFO     | ======================================================================
2026-01-17 08:51:39 | INFO     | Starting LF search for route: YNB-CAI
2026-01-17 08:51:39 | INFO     | [START] LF Search
2026-01-17 08:51:39 | INFO     | [HEALTH CHECK] [OK] Chrome connection is healthy
2026-01-17 08:51:40 | INFO     | [DAY_START] Processing 18APR
2026-01-17 08:51:40 | INFO     | [lf.day.start] Processing YNB-CAI for 18APR
2026-01-17 08:51:40 | INFO     | [lf.day.flights_found] Found 2 flights on 18APR
2026-01-17 08:51:42 | INFO     | [lf.flight.extracted] SM442 on 18APR: BKG=0, LF=0.0%
2026-01-17 08:51:45 | INFO     | [lf.flight.extracted] SM448 on 18APR: BKG=0, LF=0.0%
2026-01-17 08:51:46 | INFO     | [SUCCESS] Day 18APR
2026-01-17 08:51:46 | INFO     | [DAY_START] Processing 17APR
2026-01-17 08:51:46 | INFO     | [lf.day.start] Processing YNB-CAI for 17APR
2026-01-17 08:51:47 | INFO     | [lf.day.flights_found] Found 1 flights on 17APR
2026-01-17 08:51:49 | INFO     | [lf.flight.extracted] SM442 on 17APR: BKG=0, LF=0.0%
2026-01-17 08:51:50 | INFO     | [SUCCESS] Day 17APR
2026-01-17 08:51:50 | INFO     | [DAY_START] Processing 16APR
2026-01-17 08:51:50 | INFO     | [lf.day.start] Processing YNB-CAI for 16APR
2026-01-17 08:51:51 | INFO     | [lf.day.flights_found] Found 1 flights on 16APR
2026-01-17 08:51:54 | INFO     | [lf.flight.extracted] SM442 on 16APR: BKG=0, LF=0.0%
2026-01-17 08:51:56 | INFO     | [SUCCESS] Day 16APR
2026-01-17 08:51:56 | INFO     | [DAY_START] Processing 15APR
2026-01-17 08:51:56 | INFO     | [lf.day.start] Processing YNB-CAI for 15APR
2026-01-17 08:51:57 | WARNING  | [lf.day.no_flights] No direct flights on 15APR
2026-01-17 08:51:57 | INFO     | [SUCCESS] Day 15APR
2026-01-17 08:51:57 | INFO     | [DAY_START] Processing 14APR
2026-01-17 08:51:57 | INFO     | [lf.day.start] Processing YNB-CAI for 14APR
2026-01-17 08:51:58 | INFO     | [lf.day.flights_found] Found 1 flights on 14APR
2026-01-17 08:52:00 | INFO     | [lf.flight.extracted] SM442 on 14APR: BKG=0, LF=0.0%
2026-01-17 08:52:02 | INFO     | [SUCCESS] Day 14APR
2026-01-17 08:52:02 | INFO     | [DAY_START] Processing 13APR
2026-01-17 08:52:02 | INFO     | [lf.day.start] Processing YNB-CAI for 13APR
2026-01-17 08:52:03 | INFO     | [lf.day.flights_found] Found 1 flights on 13APR
2026-01-17 08:52:05 | INFO     | [lf.flight.extracted] SM442 on 13APR: BKG=0, LF=0.0%
2026-01-17 08:52:06 | INFO     | [SUCCESS] Day 13APR
2026-01-17 08:52:06 | INFO     | [DAY_START] Processing 12APR
2026-01-17 08:52:06 | INFO     | [lf.day.start] Processing YNB-CAI for 12APR
2026-01-17 08:52:07 | INFO     | [lf.day.flights_found] Found 1 flights on 12APR
2026-01-17 08:52:09 | INFO     | [lf.flight.extracted] SM442 on 12APR: BKG=4, LF=2.3%
2026-01-17 08:52:13 | INFO     | [SUCCESS] Day 12APR
2026-01-17 08:52:13 | INFO     | [DAY_START] Processing 11APR
2026-01-17 08:52:13 | INFO     | [lf.day.start] Processing YNB-CAI for 11APR
2026-01-17 08:52:14 | INFO     | [lf.day.flights_found] Found 2 flights on 11APR
2026-01-17 08:52:19 | INFO     | [lf.flight.extracted] SM442 on 11APR: BKG=0, LF=0.0%
2026-01-17 08:52:26 | INFO     | [lf.flight.extracted] SM448 on 11APR: BKG=0, LF=0.0%
2026-01-17 08:52:27 | INFO     | [SUCCESS] Day 11APR
2026-01-17 08:52:27 | INFO     | [DAY_START] Processing 10APR
2026-01-17 08:52:27 | INFO     | [lf.day.start] Processing YNB-CAI for 10APR
2026-01-17 08:52:28 | INFO     | [lf.day.flights_found] Found 1 flights on 10APR
2026-01-17 08:52:31 | INFO     | [lf.flight.extracted] SM442 on 10APR: BKG=1, LF=0.6%
2026-01-17 08:52:36 | INFO     | [SUCCESS] Day 10APR
2026-01-17 08:52:36 | INFO     | [SUCCESS] LF Search Complete
2026-01-17 08:52:36 | INFO     | [Worker_9234] Completed: YNB-CAI - 9 results, 0 errors
2026-01-17 08:52:36 | INFO     | [Worker_9234] Processing: ATZ-RUH
2026-01-17 08:52:36 | INFO     |   Tier 0: Range 4, Chunk 2/3 (9 days)
