2026-01-17 08:49:08,326 | INFO     | [Worker_9234] Completed: RUH-CAI - 9 results, 0 errors
2026-01-17 08:49:08,332 | INFO     | [Worker_9234] Processing: ELQ-CAI
2026-01-17 08:49:08,333 | INFO     |   Tier 0: Range 4, Chunk 1/3 (9 days)
2026-01-17 08:49:30,980 | INFO     | [Worker_9234] Completed: ELQ-CAI - 9 results, 0 errors
2026-01-17 08:49:30,981 | INFO     | [Worker_9234] Processing: HBE-JED
2026-01-17 08:49:30,982 | INFO     |   Tier 0: Range 4, Chunk 1/3 (9 days)
2026-01-17 08:50:11,151 | INFO     | [Worker_9234] Completed: HBE-JED - 9 results, 0 errors
2026-01-17 08:50:11,152 | INFO     | [Worker_9234] Processing: ATZ-AJF
2026-01-17 08:50:11,152 | INFO     |   Tier 0: Range 4, Chunk 1/3 (9 days)
2026-01-17 08:50:22,728 | INFO     | [Worker_9234] Completed: ATZ-AJF - 9 results, 0 errors
2026-01-17 08:50:22,729 | INFO     | [Worker_9234] Processing: ATZ-AHB
2026-01-17 08:50:22,729 | INFO     |   Tier 0: Range 4, Chunk 1/3 (9 days)
2026-01-17 08:50:41,608 | INFO     | [Worker_9234] Completed: ATZ-AHB - 9 results, 0 errors
2026-01-17 08:50:41,609 | INFO     | [Worker_9234] Processing: MED-ATZ
2026-01-17 08:50:41,609 | INFO     |   Tier 0: Range 4, Chunk 2/3 (9 days)
2026-01-17 08:50:59,227 | INFO     | [Worker_9234] Completed: MED-ATZ - 9 results, 0 errors
2026-01-17 08:50:59,228 | INFO     | [Worker_9234] Processing: JED-HBE
2026-01-17 08:50:59,228 | INFO     |   Tier 0: Range 4, Chunk 2/3 (9 days)
2026-01-17 08:51:39,319 | INFO     | [Worker_9234] Completed: JED-HBE - 9 results, 0 errors
2026-01-17 08:51:39,320 | INFO     | [Worker_9234] Processing: YNB-CAI
2026-01-17 08:51:39,320 | INFO     |   Tier 0: Range 4, Chunk 2/3 (9 days)
2026-01-17 08:52:36,134 | INFO     | [Worker_9234] Completed: YNB-CAI - 9 results, 0 errors
2026-01-17 08:52:36,135 | INFO     | [Worker_9234] Processing: ATZ-RUH
2026-01-17 08:52:36,135 | INFO     |   Tier 0: Range 4, Chunk 2/3 (9 days)
2026-01-17 08:53:00,176 | INFO     | [Worker_9234] Completed: ATZ-RUH - 9 results, 0 errors
2026-01-17 08:53:00,177 | INFO     | [Worker_9234] Processing: CAI-AJF
2026-01-17 08:53:00,177 | INFO     |   Tier 0: Range 4, Chunk 2/3 (9 days)
2026-01-17 08:53:32,185 | INFO     | [Worker_9234] Completed: CAI-AJF - 9 results, 0 errors
2026-01-17 08:53:32,186 | INFO     | [Worker_9234] Processing: CAI-GIZ
2026-01-17 08:53:32,186 | INFO     |   Tier 0: Range 4, Chunk 2/3 (9 days)
2026-01-17 08:54:01,316 | INFO     | [Worker_9234] Completed: CAI-GIZ - 9 results, 0 errors
2026-01-17 08:54:01,317 | INFO     | [Worker_9234] Processing: JED-ASW
2026-01-17 08:54:01,318 | INFO     |   Tier 0: Range 4, Chunk 3/3 (8 days)
2026-01-17 08:54:11,242 | INFO     | [Worker_9234] Completed: JED-ASW - 8 results, 0 errors
2026-01-17 08:54:11,242 | INFO     | [Worker_9234] Processing: DMM-ATZ
2026-01-17 08:54:11,242 | INFO     |   Tier 0: Range 4, Chunk 3/3 (8 days)
2026-01-17 08:54:21,602 | INFO     | [Worker_9234] Completed: DMM-ATZ - 8 results, 0 errors
2026-01-17 08:54:21,603 | INFO     | [Worker_9234] Processing: AJF-CAI
2026-01-17 08:54:21,603 | INFO     |   Tier 0: Range 4, Chunk 3/3 (8 days)
2026-01-17 08:54:49,106 | INFO     | [Worker_9234] Completed: AJF-CAI - 8 results, 0 errors
2026-01-17 08:54:49,107 | INFO     | [Worker_9234] Processing: CAI-MED
2026-01-17 08:54:49,107 | INFO     |   Tier 0: Range 4, Chunk 3/3 (8 days)
2026-01-17 08:55:39,818 | INFO     | [Worker_9234] Completed: CAI-MED - 8 results, 0 errors
2026-01-17 08:55:39,820 | INFO     | [Worker_9234] Processing: ATZ-TUU
2026-01-17 08:55:39,820 | INFO     |   Tier 0: Range 4, Chunk 3/3 (8 days)
2026-01-17 08:55:50,131 | INFO     | [Worker_9234] Completed: ATZ-TUU - 8 results, 0 errors
2026-01-17 08:55:50,132 | INFO     | [Worker_9234] Processing: ATZ-AHB
2026-01-17 08:55:50,132 | INFO     |   Tier 0: Range 4, Chunk 3/3 (8 days)
2026-01-17 08:56:01,093 | INFO     | [Worker_9234] Completed: ATZ-AHB - 8 results, 0 errors
2026-01-17 08:56:01,094 | INFO     | [Worker_9234] Processing: CAI-GIZ
2026-01-17 08:56:01,094 | INFO     |   Tier 0: Range 4, Chunk 3/3 (8 days)
2026-01-17 08:56:29,715 | INFO     | [Worker_9234] Completed: CAI-GIZ - 8 results, 0 errors
2026-01-17 08:56:29,716 | INFO     | [Worker_9234] Processing: JED-ATZ
2026-01-17 08:56:29,716 | INFO     |   Tier 0: Range 3, Chunk 1/3 (9 days)
2026-01-17 08:58:21,571 | INFO     | [Worker_9234] Completed: JED-ATZ - 9 results, 0 errors
2026-01-17 08:58:21,572 | INFO     | [Worker_9234] Processing: LXR-JED
2026-01-17 08:58:21,573 | INFO     |   Tier 0: Range 3, Chunk 1/3 (9 days)
2026-01-17 08:58:51,871 | INFO     | [Worker_9234] Completed: LXR-JED - 9 results, 0 errors
2026-01-17 08:58:51,871 | INFO     | [Worker_9234] Processing: CAI-DMM
2026-01-17 08:58:51,872 | INFO     |   Tier 0: Range 3, Chunk 1/3 (9 days)
2026-01-17 08:59:48,243 | INFO     | [Worker_9234] Completed: CAI-DMM - 9 results, 0 errors
2026-01-17 08:59:48,245 | INFO     | [Worker_9234] Processing: ATZ-ELQ
2026-01-17 08:59:48,245 | INFO     |   Tier 0: Range 3, Chunk 1/3 (9 days)
2026-01-17 09:00:23,499 | INFO     | [Worker_9234] Completed: ATZ-ELQ - 9 results, 0 errors
2026-01-17 09:00:23,500 | INFO     | [Worker_9234] Processing: JED-CAI
2026-01-17 09:00:23,500 | INFO     |   Tier 0: Range 3, Chunk 2/3 (8 days)
2026-01-17 09:05:43,294 | INFO     | [Worker_9234] Completed: JED-CAI - 8 results, 0 errors
2026-01-17 09:05:43,308 | INFO     | [Worker_9234] Processing: ELQ-CAI
2026-01-17 09:05:43,309 | INFO     |   Tier 0: Range 3, Chunk 3/3 (8 days)
2026-01-17 09:06:26,478 | INFO     | [Worker_9234] Completed: ELQ-CAI - 8 results, 0 errors
2026-01-17 09:06:26,479 | INFO     | [Worker_9234] Processing: ASW-JED
2026-01-17 09:06:26,479 | INFO     |   Tier 0: Range 3, Chunk 3/3 (8 days)
2026-01-17 09:06:37,297 | INFO     | [Worker_9234] Completed: ASW-JED - 8 results, 0 errors
2026-01-17 09:06:37,297 | INFO     | [Worker_9234] Processing: ATZ-RUH
2026-01-17 09:06:37,297 | INFO     |   Tier 0: Range 3, Chunk 3/3 (8 days)
2026-01-17 09:07:07,159 | INFO     | [Worker_9234] Completed: ATZ-RUH - 8 results, 0 errors
2026-01-17 09:07:07,160 | INFO     | [Worker_9234] Processing: ATZ-TUU
2026-01-17 09:07:07,161 | INFO     |   Tier 0: Range 3, Chunk 3/3 (8 days)
2026-01-17 09:07:22,754 | INFO     | [Worker_9234] Completed: ATZ-TUU - 8 results, 0 errors
2026-01-17 09:07:22,755 | INFO     | [Worker_9234] Processing: CAI-YNB
2026-01-17 09:07:22,755 | INFO     |   Tier 0: Range 3, Chunk 3/3 (8 days)
2026-01-17 09:08:08,430 | INFO     | [Worker_9234] Completed: CAI-YNB - 8 results, 0 errors
2026-01-17 09:08:08,434 | INFO     | [Worker_9234] Processing: JED-LXR
2026-01-17 09:08:08,434 | INFO     |   Tier 0: Range 2, Chunk 1/3 (9 days)
2026-01-17 09:08:34,634 | INFO     | [Worker_9234] Completed: JED-LXR - 9 results, 0 errors
2026-01-17 09:08:34,636 | INFO     | [Worker_9234] Processing: DMM-CAI
2026-01-17 09:08:34,636 | INFO     |   Tier 0: Range 2, Chunk 1/3 (9 days)
2026-01-17 09:09:17,498 | INFO     | [Worker_9234] Completed: DMM-CAI - 9 results, 0 errors
2026-01-17 09:09:17,498 | INFO     | [Worker_9234] Processing: AHB-CAI
2026-01-17 09:09:17,499 | INFO     |   Tier 0: Range 2, Chunk 1/3 (9 days)
2026-01-17 09:09:54,893 | INFO     | [Worker_9234] Completed: AHB-CAI - 9 results, 0 errors
2026-01-17 09:09:54,895 | INFO     | [Worker_9234] Processing: ATZ-MED
2026-01-17 09:09:54,895 | INFO     |   Tier 0: Range 2, Chunk 1/3 (9 days)
2026-01-17 09:10:51,377 | INFO     | [Worker_9234] Completed: ATZ-MED - 9 results, 0 errors
2026-01-17 09:10:51,378 | INFO     | [Worker_9234] Processing: CAI-TUU
2026-01-17 09:10:51,378 | INFO     |   Tier 0: Range 2, Chunk 1/3 (9 days)
2026-01-17 09:11:19,638 | INFO     | [Worker_9234] Completed: CAI-TUU - 9 results, 0 errors
2026-01-17 09:11:19,639 | INFO     | [Worker_9234] Processing: ATZ-AJF
2026-01-17 09:11:19,639 | INFO     |   Tier 0: Range 2, Chunk 1/3 (9 days)
2026-01-17 09:11:37,864 | INFO     | [Worker_9234] Completed: ATZ-AJF - 9 results, 0 errors
2026-01-17 09:11:37,865 | INFO     | [Worker_9234] Processing: ATZ-ELQ
2026-01-17 09:11:37,865 | INFO     |   Tier 0: Range 2, Chunk 1/3 (9 days)
2026-01-17 09:12:02,391 | INFO     | [Worker_9234] Completed: ATZ-ELQ - 9 results, 0 errors
2026-01-17 09:12:02,392 | INFO     | [Worker_9234] Processing: JED-CAI
2026-01-17 09:12:02,392 | INFO     |   Tier 0: Range 2, Chunk 2/3 (8 days)
2026-01-17 09:17:12,211 | INFO     | [Worker_9234] Completed: JED-CAI - 8 results, 0 errors
2026-01-17 09:17:12,213 | INFO     | [Worker_9234] Processing: TUU-CAI
2026-01-17 09:17:12,214 | INFO     |   Tier 0: Range 2, Chunk 3/3 (8 days)
2026-01-17 09:17:38,754 | INFO     | [Worker_9234] Completed: TUU-CAI - 8 results, 0 errors
2026-01-17 09:17:38,755 | INFO     | [Worker_9234] Processing: AHB-CAI
2026-01-17 09:17:38,756 | INFO     |   Tier 0: Range 2, Chunk 3/3 (8 days)
2026-01-17 09:18:05,905 | INFO     | [Worker_9234] Completed: AHB-CAI - 8 results, 0 errors
2026-01-17 09:18:05,906 | INFO     | [Worker_9234] Processing: CAI-MED
2026-01-17 09:18:05,906 | INFO     |   Tier 0: Range 2, Chunk 3/3 (8 days)
2026-01-17 09:19:15,488 | INFO     | [Worker_9234] Completed: CAI-MED - 8 results, 0 errors
2026-01-17 09:19:15,488 | INFO     | [Worker_9234] Processing: ATZ-DMM
2026-01-17 09:19:15,488 | INFO     |   Tier 0: Range 2, Chunk 3/3 (8 days)
2026-01-17 09:19:34,709 | INFO     | [Worker_9234] Completed: ATZ-DMM - 8 results, 0 errors
2026-01-17 09:19:34,710 | INFO     | [Worker_9234] Processing: CAI-AJF
2026-01-17 09:19:34,710 | INFO     |   Tier 0: Range 2, Chunk 3/3 (8 days)
2026-01-17 09:19:58,808 | INFO     | [Worker_9234] Completed: CAI-AJF - 8 results, 0 errors
2026-01-17 09:19:58,809 | INFO     | [Worker_9234] Processing: CAI-ELQ
2026-01-17 09:19:58,809 | INFO     |   Tier 0: Range 2, Chunk 3/3 (8 days)
2026-01-17 09:20:24,240 | INFO     | [Worker_9234] Completed: CAI-ELQ - 8 results, 0 errors
2026-01-17 09:20:24,241 | INFO     | [Worker_9234] Processing: MED-HBE
2026-01-17 09:20:24,241 | INFO     |   Tier 0: Range 1, Chunk 1/3 (9 days)
2026-01-17 09:21:19,323 | INFO     | [Worker_9234] Completed: MED-HBE - 9 results, 0 errors
2026-01-17 09:21:19,325 | INFO     | [Worker_9234] Processing: DMM-ATZ
2026-01-17 09:21:19,325 | INFO     |   Tier 0: Range 1, Chunk 1/3 (9 days)
2026-01-17 09:21:51,507 | INFO     | [Worker_9234] Completed: DMM-ATZ - 9 results, 0 errors
2026-01-17 09:21:51,508 | INFO     | [Worker_9234] Processing: AJF-CAI
2026-01-17 09:21:51,508 | INFO     |   Tier 0: Range 1, Chunk 1/3 (9 days)
2026-01-17 09:22:34,523 | INFO     | [Worker_9234] Completed: AJF-CAI - 9 results, 0 errors
2026-01-17 09:22:34,525 | INFO     | [Worker_9234] Processing: ELQ-ATZ
2026-01-17 09:22:34,525 | INFO     |   Tier 0: Range 1, Chunk 1/3 (9 days)
2026-01-17 09:23:01,276 | INFO     | [Worker_9234] Completed: ELQ-ATZ - 9 results, 0 errors
2026-01-17 09:23:01,277 | INFO     | [Worker_9234] Processing: HBE-JED
2026-01-17 09:23:01,277 | INFO     |   Tier 0: Range 1, Chunk 1/3 (9 days)
2026-01-17 09:24:52,287 | INFO     | [Worker_9234] Completed: HBE-JED - 9 results, 0 errors
2026-01-17 09:24:52,288 | INFO     | [Worker_9234] Processing: CAI-ELQ
2026-01-17 09:24:52,288 | INFO     |   Tier 0: Range 1, Chunk 1/3 (9 days)
2026-01-17 09:25:18,104 | INFO     | [Worker_9234] Completed: CAI-ELQ - 9 results, 0 errors
2026-01-17 09:25:18,105 | INFO     | [Worker_9234] Processing: JED-CAI
2026-01-17 09:25:18,105 | INFO     |   Tier 0: Range 1, Chunk 2/3 (8 days)
2026-01-17 09:30:54,876 | INFO     | [Worker_9234] Completed: JED-CAI - 8 results, 0 errors
2026-01-17 09:30:54,877 | INFO     | [Worker_9234] Processing: JED-ATZ
2026-01-17 09:30:54,877 | INFO     |   Tier 0: Range 1, Chunk 3/3 (8 days)
2026-01-17 09:33:31,947 | INFO     | [Worker_9234] Completed: JED-ATZ - 7 results, 0 errors
2026-01-17 09:33:31,949 | INFO     | [Worker_9234] Processing: CAI-TUU
2026-01-17 09:33:31,949 | INFO     |   Tier 0: Range 1, Chunk 3/3 (8 days)
2026-01-17 09:34:01,843 | INFO     | [Worker_9234] Completed: CAI-TUU - 7 results, 0 errors
2026-01-17 09:34:01,844 | INFO     | [Worker_9234] Processing: ATZ-AJF
2026-01-17 09:34:01,844 | INFO     |   Tier 0: Range 1, Chunk 3/3 (8 days)
2026-01-17 09:34:19,849 | INFO     | [Worker_9234] Completed: ATZ-AJF - 7 results, 0 errors
2026-01-17 09:34:19,850 | INFO     | [Worker_9234] Processing: ATZ-AHB
2026-01-17 09:34:19,850 | INFO     |   Tier 0: Range 1, Chunk 3/3 (8 days)
2026-01-17 09:34:45,272 | INFO     | [Worker_9234] Completed: ATZ-AHB - 7 results, 0 errors
2026-01-17 09:34:45,273 | INFO     | [Worker_9234] Processing: CAI-GIZ
2026-01-17 09:34:45,273 | INFO     |   Tier 0: Range 1, Chunk 3/3 (8 days)
2026-01-17 09:35:08,637 | INFO     | [Worker_9234] Completed: CAI-GIZ - 7 results, 0 errors
2026-01-17 10:05:26,640 | INFO     | [Worker_9234] Shutdown signal received, exiting...
2026-01-17 10:05:26,641 | INFO     | [Worker_9234] Finished. Processed 54 groups.
