
============================================================
     LF WORKER - PORT 9224
============================================================
Worker: Worker_9224
Status: READY
Waiting for tasks...
============================================================


============================================================
[Worker_9224] Processing: MED-ATZ
  Tier 0: Range 4, Chunk 1/4
  Dates: 9 days
  Date Range: 2026-06-01 to 2026-05-24
============================================================

2026-01-22 11:20:46 | INFO     | ======================================================================
2026-01-22 11:20:46 | INFO     | Load Factor Scraper Started - Route: MED-ATZ
2026-01-22 11:20:46 | INFO     | Log file: D:\CODERED\LAB\Artifacts\outputs\run_generated_220126_at_11.20\logs\LF_MED-ATZ_20260122_112046.log
2026-01-22 11:20:46 | INFO     | Enhanced logging: Capturing both logging.info() and print()
2026-01-22 11:20:46 | INFO     | ======================================================================
[LF] Processing dates (override): ['01JUN', '31MAY', '30MAY', '29MAY', '28MAY', '27MAY', '26MAY', '25MAY', '24MAY']
[LF] Attaching to Chrome for Altea access
[LF][[OK] SUCCESS] Connected to Chrome on 127.0.0.1:9224 (after 1 attempts)
[LF][[OK] SUCCESS] Found Amadeus Altea window: Altéa Reservation Desktop
[LF][[INFO] INFO] URL: https://tc212.resdesktop.altea.amadeus.com/app_ard/apf/init/login?SITE=ESMPESMP&LANGUAGE=GB&MARKETS=ARDW_PROD_WBP&ACTION=clpLogin#
[LF] Processing MED-ATZ for 01JUN
[LF][ERROR] Amadeus command error detected: UNKNOWN TRANSACTION
[LF][ERROR] Command: SN01JUNMEDATZ/ASM
[LF][RESYNC] Triggering immediate resync to last successful SN command
============================================================
[LF][RESYNC] Command 'SN01JUNMEDATZ/ASM' failed: TECH_ERROR:UNKNOWN TRANSACTION
[LF][RESYNC] Re-running entire day from SN command for MED-ATZ 01JUN
[LF][RESYNC] Attempt 1/50 (waiting 1.0s before retry...)
============================================================
[LF][RESYNC] Sending IG to clear session state...
[LF][RESYNC] Session cleared with IG
[LF] Processing MED-ATZ for 01JUN
[LF] No direct flights on 01JUN for MED-ATZ
[LF] Processing MED-ATZ for 31MAY
[LF] 31MAY: found 1 direct flights
[LF] SM488 31MAY: BKG=0, GRP=0, CAP=175, LF%=0.0%, Brd-Off=MED-ATZ
[LF] Processing MED-ATZ for 30MAY
[LF] No direct flights on 30MAY for MED-ATZ
[LF] Processing MED-ATZ for 29MAY
[LF] No direct flights on 29MAY for MED-ATZ
[LF] Processing MED-ATZ for 28MAY
[LF] No direct flights on 28MAY for MED-ATZ
[LF] Processing MED-ATZ for 27MAY
[LF] No direct flights on 27MAY for MED-ATZ
[LF] Processing MED-ATZ for 26MAY
[LF] No direct flights on 26MAY for MED-ATZ
[LF] Processing MED-ATZ for 25MAY
[LF] No direct flights on 25MAY for MED-ATZ
[LF] Processing MED-ATZ for 24MAY
[LF] 24MAY: found 1 direct flights
[LF] SM488 24MAY: BKG=0, GRP=0, CAP=175, LF%=0.0%, Brd-Off=MED-ATZ
[LF] Results summary:
  2026-06-01: 0 flights
  2026-05-31: 1 flights
  2026-05-30: 0 flights
  2026-05-29: 0 flights
  2026-05-28: 0 flights
  2026-05-27: 0 flights
  2026-05-26: 0 flights
  2026-05-25: 0 flights
  2026-05-24: 1 flights

============================================================
[Worker_9224] ✓ COMPLETED: MED-ATZ
  Results: 9 dates
  Errors: 0 dates
  Total Processed: 1 groups
============================================================


============================================================
[Worker_9224] Processing: DMM-ATZ
  Tier 0: Range 4, Chunk 1/4
  Dates: 9 days
  Date Range: 2026-06-01 to 2026-05-24
============================================================

2026-01-22 11:21:12 | INFO     | ======================================================================
2026-01-22 11:21:12 | INFO     | Load Factor Scraper Started - Route: DMM-ATZ
2026-01-22 11:21:12 | INFO     | Log file: D:\CODERED\LAB\Artifacts\outputs\run_generated_220126_at_11.20\logs\LF_DMM-ATZ_20260122_112112.log
2026-01-22 11:21:12 | INFO     | Enhanced logging: Capturing both logging.info() and print()
2026-01-22 11:21:12 | INFO     | ======================================================================
[LF] Processing dates (override): ['01JUN', '31MAY', '30MAY', '29MAY', '28MAY', '27MAY', '26MAY', '25MAY', '24MAY']
[LF] Attaching to Chrome for Altea access
2026-01-22 11:21:12 | INFO     | Starting LF search for route: DMM-ATZ
2026-01-22 11:21:12 | INFO     | [START] LF Search
[LF][[OK] SUCCESS] Connected to Chrome on 127.0.0.1:9224 (after 1 attempts)
2026-01-22 11:21:13 | INFO     | [HEALTH CHECK] [OK] Chrome connection is healthy
[LF][[OK] SUCCESS] Found Amadeus Altea window: Altéa Reservation Desktop
[LF][[INFO] INFO] URL: https://tc212.resdesktop.altea.amadeus.com/app_ard/apf/init/login?SITE=ESMPESMP&LANGUAGE=GB&MARKETS=ARDW_PROD_WBP&ACTION=clpLogin#
2026-01-22 11:21:13 | INFO     | [DAY_START] Processing 01JUN
[LF] Processing DMM-ATZ for 01JUN
2026-01-22 11:21:13 | INFO     | [lf.day.start] Processing DMM-ATZ for 01JUN
[LF] No direct flights on 01JUN for DMM-ATZ
2026-01-22 11:21:14 | WARNING  | [lf.day.no_flights] No direct flights on 01JUN
2026-01-22 11:21:14 | INFO     | [SUCCESS] Day 01JUN
2026-01-22 11:21:14 | INFO     | [DAY_START] Processing 31MAY
[LF] Processing DMM-ATZ for 31MAY
2026-01-22 11:21:14 | INFO     | [lf.day.start] Processing DMM-ATZ for 31MAY
[LF] No direct flights on 31MAY for DMM-ATZ
2026-01-22 11:21:15 | WARNING  | [lf.day.no_flights] No direct flights on 31MAY
2026-01-22 11:21:15 | INFO     | [SUCCESS] Day 31MAY
2026-01-22 11:21:15 | INFO     | [DAY_START] Processing 30MAY
[LF] Processing DMM-ATZ for 30MAY
2026-01-22 11:21:15 | INFO     | [lf.day.start] Processing DMM-ATZ for 30MAY
[LF] No direct flights on 30MAY for DMM-ATZ
2026-01-22 11:21:16 | WARNING  | [lf.day.no_flights] No direct flights on 30MAY
2026-01-22 11:21:17 | INFO     | [SUCCESS] Day 30MAY
2026-01-22 11:21:17 | INFO     | [DAY_START] Processing 29MAY
[LF] Processing DMM-ATZ for 29MAY
2026-01-22 11:21:17 | INFO     | [lf.day.start] Processing DMM-ATZ for 29MAY
[LF] No direct flights on 29MAY for DMM-ATZ
2026-01-22 11:21:18 | WARNING  | [lf.day.no_flights] No direct flights on 29MAY
2026-01-22 11:21:18 | INFO     | [SUCCESS] Day 29MAY
2026-01-22 11:21:18 | INFO     | [DAY_START] Processing 28MAY
[LF] Processing DMM-ATZ for 28MAY
2026-01-22 11:21:18 | INFO     | [lf.day.start] Processing DMM-ATZ for 28MAY
[LF] No direct flights on 28MAY for DMM-ATZ
2026-01-22 11:21:20 | WARNING  | [lf.day.no_flights] No direct flights on 28MAY
2026-01-22 11:21:20 | INFO     | [SUCCESS] Day 28MAY
2026-01-22 11:21:20 | INFO     | [DAY_START] Processing 27MAY
[LF] Processing DMM-ATZ for 27MAY
2026-01-22 11:21:20 | INFO     | [lf.day.start] Processing DMM-ATZ for 27MAY
[LF] No direct flights on 27MAY for DMM-ATZ
2026-01-22 11:21:22 | WARNING  | [lf.day.no_flights] No direct flights on 27MAY
2026-01-22 11:21:22 | INFO     | [SUCCESS] Day 27MAY
2026-01-22 11:21:22 | INFO     | [DAY_START] Processing 26MAY
[LF] Processing DMM-ATZ for 26MAY
2026-01-22 11:21:22 | INFO     | [lf.day.start] Processing DMM-ATZ for 26MAY
[LF] No direct flights on 26MAY for DMM-ATZ
2026-01-22 11:21:23 | WARNING  | [lf.day.no_flights] No direct flights on 26MAY
2026-01-22 11:21:23 | INFO     | [SUCCESS] Day 26MAY
2026-01-22 11:21:23 | INFO     | [DAY_START] Processing 25MAY
[LF] Processing DMM-ATZ for 25MAY
2026-01-22 11:21:23 | INFO     | [lf.day.start] Processing DMM-ATZ for 25MAY
[LF] No direct flights on 25MAY for DMM-ATZ
2026-01-22 11:21:25 | WARNING  | [lf.day.no_flights] No direct flights on 25MAY
2026-01-22 11:21:25 | INFO     | [SUCCESS] Day 25MAY
2026-01-22 11:21:25 | INFO     | [DAY_START] Processing 24MAY
[LF] Processing DMM-ATZ for 24MAY
2026-01-22 11:21:25 | INFO     | [lf.day.start] Processing DMM-ATZ for 24MAY
[LF] No direct flights on 24MAY for DMM-ATZ
2026-01-22 11:21:26 | WARNING  | [lf.day.no_flights] No direct flights on 24MAY
2026-01-22 11:21:26 | INFO     | [SUCCESS] Day 24MAY
[LF] Results summary:
  2026-06-01: 0 flights
  2026-05-31: 0 flights
  2026-05-30: 0 flights
  2026-05-29: 0 flights
  2026-05-28: 0 flights
  2026-05-27: 0 flights
  2026-05-26: 0 flights
  2026-05-25: 0 flights
  2026-05-24: 0 flights
2026-01-22 11:21:26 | INFO     | [SUCCESS] LF Search Complete

============================================================
[Worker_9224] ✓ COMPLETED: DMM-ATZ
  Results: 9 dates
  Errors: 0 dates
  Total Processed: 2 groups
============================================================

2026-01-22 11:21:26 | INFO     | [Worker_9224] Completed: DMM-ATZ - 9 results, 0 errors

============================================================
[Worker_9224] Processing: AJF-CAI
  Tier 0: Range 4, Chunk 1/4
  Dates: 9 days
  Date Range: 2026-06-01 to 2026-05-24
============================================================

2026-01-22 11:21:26 | INFO     | [Worker_9224] Processing: AJF-CAI
2026-01-22 11:21:26 | INFO     |   Tier 0: Range 4, Chunk 1/4 (9 days)
2026-01-22 11:21:26 | INFO     | ======================================================================
2026-01-22 11:21:26 | INFO     | Load Factor Scraper Started - Route: AJF-CAI
2026-01-22 11:21:26 | INFO     | Log file: D:\CODERED\LAB\Artifacts\outputs\run_generated_220126_at_11.20\logs\LF_AJF-CAI_20260122_112126.log
2026-01-22 11:21:26 | INFO     | Enhanced logging: Capturing both logging.info() and print()
2026-01-22 11:21:26 | INFO     | ======================================================================
[LF] Processing dates (override): ['01JUN', '31MAY', '30MAY', '29MAY', '28MAY', '27MAY', '26MAY', '25MAY', '24MAY']
[LF] Attaching to Chrome for Altea access
2026-01-22 11:21:26 | INFO     | Starting LF search for route: AJF-CAI
2026-01-22 11:21:26 | INFO     | [START] LF Search
[LF][[OK] SUCCESS] Connected to Chrome on 127.0.0.1:9224 (after 1 attempts)
2026-01-22 11:21:27 | INFO     | [HEALTH CHECK] [OK] Chrome connection is healthy
[LF][[OK] SUCCESS] Found Amadeus Altea window: Altéa Reservation Desktop
[LF][[INFO] INFO] URL: https://tc212.resdesktop.altea.amadeus.com/app_ard/apf/init/login?SITE=ESMPESMP&LANGUAGE=GB&MARKETS=ARDW_PROD_WBP&ACTION=clpLogin#
2026-01-22 11:21:27 | INFO     | [DAY_START] Processing 01JUN
[LF] Processing AJF-CAI for 01JUN
2026-01-22 11:21:27 | INFO     | [lf.day.start] Processing AJF-CAI for 01JUN
[LF] No direct flights on 01JUN for AJF-CAI
2026-01-22 11:21:28 | WARNING  | [lf.day.no_flights] No direct flights on 01JUN
2026-01-22 11:21:29 | INFO     | [SUCCESS] Day 01JUN
2026-01-22 11:21:29 | INFO     | [DAY_START] Processing 31MAY
[LF] Processing AJF-CAI for 31MAY
2026-01-22 11:21:29 | INFO     | [lf.day.start] Processing AJF-CAI for 31MAY
[LF] 31MAY: found 1 direct flights
2026-01-22 11:21:30 | INFO     | [lf.day.flights_found] Found 1 flights on 31MAY
2026-01-22 11:21:32 | INFO     | [lf.flight.extracted] SM322 on 31MAY: BKG=0, LF=0.0%
[LF] SM322 31MAY: BKG=0, GRP=0, CAP=167, LF%=0.0%, Brd-Off=AJF-CAI
2026-01-22 11:21:33 | INFO     | [SUCCESS] Day 31MAY
2026-01-22 11:21:33 | INFO     | [DAY_START] Processing 30MAY
[LF] Processing AJF-CAI for 30MAY
2026-01-22 11:21:33 | INFO     | [lf.day.start] Processing AJF-CAI for 30MAY
[LF] No direct flights on 30MAY for AJF-CAI
2026-01-22 11:21:34 | WARNING  | [lf.day.no_flights] No direct flights on 30MAY
2026-01-22 11:21:34 | INFO     | [SUCCESS] Day 30MAY
2026-01-22 11:21:34 | INFO     | [DAY_START] Processing 29MAY
[LF] Processing AJF-CAI for 29MAY
2026-01-22 11:21:34 | INFO     | [lf.day.start] Processing AJF-CAI for 29MAY
[LF] 29MAY: found 1 direct flights
2026-01-22 11:21:35 | INFO     | [lf.day.flights_found] Found 1 flights on 29MAY
2026-01-22 11:21:38 | INFO     | [lf.flight.extracted] SM322 on 29MAY: BKG=2, LF=1.1%
[LF] SM322 29MAY: BKG=2, GRP=0, CAP=175, LF%=1.1%, Brd-Off=AJF-CAI, Classes: O:1, U:1
[LF] Getting WEEKLY/LASTSOLD data for 1 flights
[LF] SM322 29MAY: LASTSOLD=2026-01-01 00:00:00, WEEKLY=0, TODAY=0, YDAY=0
2026-01-22 11:21:42 | INFO     | [SUCCESS] Day 29MAY
2026-01-22 11:21:42 | INFO     | [DAY_START] Processing 28MAY
[LF] Processing AJF-CAI for 28MAY
2026-01-22 11:21:42 | INFO     | [lf.day.start] Processing AJF-CAI for 28MAY
[LF] 28MAY: found 1 direct flights
2026-01-22 11:21:43 | INFO     | [lf.day.flights_found] Found 1 flights on 28MAY
2026-01-22 11:21:46 | INFO     | [lf.flight.extracted] SM322 on 28MAY: BKG=8, LF=4.6%
[LF] SM322 28MAY: BKG=8, GRP=0, CAP=175, LF%=4.6%, Brd-Off=AJF-CAI, Classes: O:1, U:2, X:3, T:2
[LF] Getting WEEKLY/LASTSOLD data for 1 flights
[LF] SM322 28MAY: LASTSOLD=2026-01-21 00:00:00, WEEKLY=4, TODAY=0, YDAY=4
2026-01-22 11:21:50 | INFO     | [SUCCESS] Day 28MAY
2026-01-22 11:21:50 | INFO     | [DAY_START] Processing 27MAY
[LF] Processing AJF-CAI for 27MAY
2026-01-22 11:21:50 | INFO     | [lf.day.start] Processing AJF-CAI for 27MAY
[LF] No direct flights on 27MAY for AJF-CAI
2026-01-22 11:21:51 | WARNING  | [lf.day.no_flights] No direct flights on 27MAY
2026-01-22 11:21:51 | INFO     | [SUCCESS] Day 27MAY
2026-01-22 11:21:51 | INFO     | [DAY_START] Processing 26MAY
[LF] Processing AJF-CAI for 26MAY
2026-01-22 11:21:51 | INFO     | [lf.day.start] Processing AJF-CAI for 26MAY
[LF] No direct flights on 26MAY for AJF-CAI
2026-01-22 11:21:52 | WARNING  | [lf.day.no_flights] No direct flights on 26MAY
2026-01-22 11:21:52 | INFO     | [SUCCESS] Day 26MAY
2026-01-22 11:21:52 | INFO     | [DAY_START] Processing 25MAY
[LF] Processing AJF-CAI for 25MAY
2026-01-22 11:21:52 | INFO     | [lf.day.start] Processing AJF-CAI for 25MAY
[LF] No direct flights on 25MAY for AJF-CAI
2026-01-22 11:21:53 | WARNING  | [lf.day.no_flights] No direct flights on 25MAY
2026-01-22 11:21:53 | INFO     | [SUCCESS] Day 25MAY
2026-01-22 11:21:53 | INFO     | [DAY_START] Processing 24MAY
[LF] Processing AJF-CAI for 24MAY
2026-01-22 11:21:53 | INFO     | [lf.day.start] Processing AJF-CAI for 24MAY
[LF] 24MAY: found 1 direct flights
2026-01-22 11:21:55 | INFO     | [lf.day.flights_found] Found 1 flights on 24MAY
2026-01-22 11:21:56 | INFO     | [lf.flight.extracted] SM322 on 24MAY: BKG=0, LF=0.0%
[LF] SM322 24MAY: BKG=0, GRP=0, CAP=175, LF%=0.0%, Brd-Off=AJF-CAI
2026-01-22 11:21:58 | INFO     | [SUCCESS] Day 24MAY
[LF] Results summary:
  2026-06-01: 0 flights
  2026-05-31: 1 flights
  2026-05-30: 0 flights
  2026-05-29: 1 flights
  2026-05-28: 1 flights
  2026-05-27: 0 flights
  2026-05-26: 0 flights
  2026-05-25: 0 flights
  2026-05-24: 1 flights
2026-01-22 11:21:58 | INFO     | [SUCCESS] LF Search Complete

============================================================
[Worker_9224] ✓ COMPLETED: AJF-CAI
  Results: 9 dates
  Errors: 0 dates
  Total Processed: 3 groups
============================================================

2026-01-22 11:21:58 | INFO     | [Worker_9224] Completed: AJF-CAI - 9 results, 0 errors

============================================================
[Worker_9224] Processing: ATZ-MED
  Tier 0: Range 4, Chunk 1/4
  Dates: 9 days
  Date Range: 2026-06-01 to 2026-05-24
============================================================

2026-01-22 11:21:58 | INFO     | [Worker_9224] Processing: ATZ-MED
2026-01-22 11:21:58 | INFO     |   Tier 0: Range 4, Chunk 1/4 (9 days)
2026-01-22 11:21:58 | INFO     | ======================================================================
2026-01-22 11:21:58 | INFO     | Load Factor Scraper Started - Route: ATZ-MED
2026-01-22 11:21:58 | INFO     | Log file: D:\CODERED\LAB\Artifacts\outputs\run_generated_220126_at_11.20\logs\LF_ATZ-MED_20260122_112158.log
2026-01-22 11:21:58 | INFO     | Enhanced logging: Capturing both logging.info() and print()
2026-01-22 11:21:58 | INFO     | ======================================================================
[LF] Processing dates (override): ['01JUN', '31MAY', '30MAY', '29MAY', '28MAY', '27MAY', '26MAY', '25MAY', '24MAY']
[LF] Attaching to Chrome for Altea access
2026-01-22 11:21:58 | INFO     | Starting LF search for route: ATZ-MED
2026-01-22 11:21:58 | INFO     | [START] LF Search
[LF][[OK] SUCCESS] Connected to Chrome on 127.0.0.1:9224 (after 1 attempts)
2026-01-22 11:21:58 | INFO     | [HEALTH CHECK] [OK] Chrome connection is healthy
[LF][[OK] SUCCESS] Found Amadeus Altea window: Altéa Reservation Desktop
[LF][[INFO] INFO] URL: https://tc212.resdesktop.altea.amadeus.com/app_ard/apf/init/login?SITE=ESMPESMP&LANGUAGE=GB&MARKETS=ARDW_PROD_WBP&ACTION=clpLogin#
2026-01-22 11:21:58 | INFO     | [DAY_START] Processing 01JUN
[LF] Processing ATZ-MED for 01JUN
2026-01-22 11:21:58 | INFO     | [lf.day.start] Processing ATZ-MED for 01JUN
[LF] No direct flights on 01JUN for ATZ-MED
2026-01-22 11:22:00 | WARNING  | [lf.day.no_flights] No direct flights on 01JUN
2026-01-22 11:22:00 | INFO     | [SUCCESS] Day 01JUN
2026-01-22 11:22:00 | INFO     | [DAY_START] Processing 31MAY
[LF] Processing ATZ-MED for 31MAY
2026-01-22 11:22:00 | INFO     | [lf.day.start] Processing ATZ-MED for 31MAY
[LF] 31MAY: found 1 direct flights
2026-01-22 11:22:01 | INFO     | [lf.day.flights_found] Found 1 flights on 31MAY
2026-01-22 11:22:04 | INFO     | [lf.flight.extracted] SM487 on 31MAY: BKG=2, LF=1.1%
[LF] SM487 31MAY: BKG=2, GRP=0, CAP=179, LF%=1.1%, Brd-Off=ATZ-MED, Classes: W:2
[LF] Getting WEEKLY/LASTSOLD data for 1 flights
[LF] SM487 31MAY: LASTSOLD=2026-01-11 00:00:00, WEEKLY=0, TODAY=0, YDAY=0
2026-01-22 11:22:07 | INFO     | [SUCCESS] Day 31MAY
2026-01-22 11:22:07 | INFO     | [DAY_START] Processing 30MAY
[LF] Processing ATZ-MED for 30MAY
2026-01-22 11:22:07 | INFO     | [lf.day.start] Processing ATZ-MED for 30MAY
[LF] No direct flights on 30MAY for ATZ-MED
2026-01-22 11:22:08 | WARNING  | [lf.day.no_flights] No direct flights on 30MAY
2026-01-22 11:22:08 | INFO     | [SUCCESS] Day 30MAY
2026-01-22 11:22:08 | INFO     | [DAY_START] Processing 29MAY
[LF] Processing ATZ-MED for 29MAY
2026-01-22 11:22:08 | INFO     | [lf.day.start] Processing ATZ-MED for 29MAY
[LF] No direct flights on 29MAY for ATZ-MED
2026-01-22 11:22:10 | WARNING  | [lf.day.no_flights] No direct flights on 29MAY
2026-01-22 11:22:10 | INFO     | [SUCCESS] Day 29MAY
2026-01-22 11:22:10 | INFO     | [DAY_START] Processing 28MAY
[LF] Processing ATZ-MED for 28MAY
2026-01-22 11:22:10 | INFO     | [lf.day.start] Processing ATZ-MED for 28MAY
[LF] No direct flights on 28MAY for ATZ-MED
2026-01-22 11:22:11 | WARNING  | [lf.day.no_flights] No direct flights on 28MAY
2026-01-22 11:22:11 | INFO     | [SUCCESS] Day 28MAY
2026-01-22 11:22:11 | INFO     | [DAY_START] Processing 27MAY
[LF] Processing ATZ-MED for 27MAY
2026-01-22 11:22:11 | INFO     | [lf.day.start] Processing ATZ-MED for 27MAY
[LF] No direct flights on 27MAY for ATZ-MED
2026-01-22 11:22:12 | WARNING  | [lf.day.no_flights] No direct flights on 27MAY
2026-01-22 11:22:12 | INFO     | [SUCCESS] Day 27MAY
2026-01-22 11:22:12 | INFO     | [DAY_START] Processing 26MAY
[LF] Processing ATZ-MED for 26MAY
2026-01-22 11:22:12 | INFO     | [lf.day.start] Processing ATZ-MED for 26MAY
[LF] No direct flights on 26MAY for ATZ-MED
2026-01-22 11:22:13 | WARNING  | [lf.day.no_flights] No direct flights on 26MAY
2026-01-22 11:22:14 | INFO     | [SUCCESS] Day 26MAY
2026-01-22 11:22:14 | INFO     | [DAY_START] Processing 25MAY
[LF] Processing ATZ-MED for 25MAY
2026-01-22 11:22:14 | INFO     | [lf.day.start] Processing ATZ-MED for 25MAY
[LF] No direct flights on 25MAY for ATZ-MED
2026-01-22 11:22:15 | WARNING  | [lf.day.no_flights] No direct flights on 25MAY
2026-01-22 11:22:15 | INFO     | [SUCCESS] Day 25MAY
2026-01-22 11:22:15 | INFO     | [DAY_START] Processing 24MAY
[LF] Processing ATZ-MED for 24MAY
2026-01-22 11:22:15 | INFO     | [lf.day.start] Processing ATZ-MED for 24MAY
[LF] 24MAY: found 1 direct flights
2026-01-22 11:22:16 | INFO     | [lf.day.flights_found] Found 1 flights on 24MAY
2026-01-22 11:22:18 | INFO     | [lf.flight.extracted] SM487 on 24MAY: BKG=0, LF=0.0%
[LF] SM487 24MAY: BKG=0, GRP=0, CAP=179, LF%=0.0%, Brd-Off=ATZ-MED
2026-01-22 11:22:19 | INFO     | [SUCCESS] Day 24MAY
[LF] Results summary:
  2026-06-01: 0 flights
  2026-05-31: 1 flights
  2026-05-30: 0 flights
  2026-05-29: 0 flights
  2026-05-28: 0 flights
  2026-05-27: 0 flights
  2026-05-26: 0 flights
  2026-05-25: 0 flights
  2026-05-24: 1 flights
2026-01-22 11:22:19 | INFO     | [SUCCESS] LF Search Complete

============================================================
[Worker_9224] ✓ COMPLETED: ATZ-MED
  Results: 9 dates
  Errors: 0 dates
  Total Processed: 4 groups
============================================================

2026-01-22 11:22:19 | INFO     | [Worker_9224] Completed: ATZ-MED - 9 results, 0 errors

============================================================
[Worker_9224] Processing: LXR-JED
  Tier 0: Range 4, Chunk 1/4
  Dates: 9 days
  Date Range: 2026-06-01 to 2026-05-24
============================================================

2026-01-22 11:22:19 | INFO     | [Worker_9224] Processing: LXR-JED
2026-01-22 11:22:19 | INFO     |   Tier 0: Range 4, Chunk 1/4 (9 days)
2026-01-22 11:22:19 | INFO     | ======================================================================
2026-01-22 11:22:19 | INFO     | Load Factor Scraper Started - Route: LXR-JED
2026-01-22 11:22:19 | INFO     | Log file: D:\CODERED\LAB\Artifacts\outputs\run_generated_220126_at_11.20\logs\LF_LXR-JED_20260122_112219.log
2026-01-22 11:22:19 | INFO     | Enhanced logging: Capturing both logging.info() and print()
2026-01-22 11:22:19 | INFO     | ======================================================================
[LF] Processing dates (override): ['01JUN', '31MAY', '30MAY', '29MAY', '28MAY', '27MAY', '26MAY', '25MAY', '24MAY']
[LF] Attaching to Chrome for Altea access
2026-01-22 11:22:19 | INFO     | Starting LF search for route: LXR-JED
2026-01-22 11:22:19 | INFO     | [START] LF Search
[LF][[OK] SUCCESS] Connected to Chrome on 127.0.0.1:9224 (after 1 attempts)
2026-01-22 11:22:19 | INFO     | [HEALTH CHECK] [OK] Chrome connection is healthy
[LF][[OK] SUCCESS] Found Amadeus Altea window: Altéa Reservation Desktop
[LF][[INFO] INFO] URL: https://tc212.resdesktop.altea.amadeus.com/app_ard/apf/init/login?SITE=ESMPESMP&LANGUAGE=GB&MARKETS=ARDW_PROD_WBP&ACTION=clpLogin#
2026-01-22 11:22:20 | INFO     | [DAY_START] Processing 01JUN
[LF] Processing LXR-JED for 01JUN
2026-01-22 11:22:20 | INFO     | [lf.day.start] Processing LXR-JED for 01JUN
[LF] No direct flights on 01JUN for LXR-JED
2026-01-22 11:22:21 | WARNING  | [lf.day.no_flights] No direct flights on 01JUN
2026-01-22 11:22:21 | INFO     | [SUCCESS] Day 01JUN
2026-01-22 11:22:21 | INFO     | [DAY_START] Processing 31MAY
[LF] Processing LXR-JED for 31MAY
2026-01-22 11:22:21 | INFO     | [lf.day.start] Processing LXR-JED for 31MAY
[LF] No direct flights on 31MAY for LXR-JED
2026-01-22 11:22:22 | WARNING  | [lf.day.no_flights] No direct flights on 31MAY
2026-01-22 11:22:22 | INFO     | [SUCCESS] Day 31MAY
2026-01-22 11:22:22 | INFO     | [DAY_START] Processing 30MAY
[LF] Processing LXR-JED for 30MAY
2026-01-22 11:22:22 | INFO     | [lf.day.start] Processing LXR-JED for 30MAY
[LF] No direct flights on 30MAY for LXR-JED
2026-01-22 11:22:23 | WARNING  | [lf.day.no_flights] No direct flights on 30MAY
2026-01-22 11:22:23 | INFO     | [SUCCESS] Day 30MAY
2026-01-22 11:22:23 | INFO     | [DAY_START] Processing 29MAY
[LF] Processing LXR-JED for 29MAY
2026-01-22 11:22:23 | INFO     | [lf.day.start] Processing LXR-JED for 29MAY
[LF] No direct flights on 29MAY for LXR-JED
2026-01-22 11:22:26 | WARNING  | [lf.day.no_flights] No direct flights on 29MAY
2026-01-22 11:22:26 | INFO     | [SUCCESS] Day 29MAY
2026-01-22 11:22:26 | INFO     | [DAY_START] Processing 28MAY
[LF] Processing LXR-JED for 28MAY
2026-01-22 11:22:26 | INFO     | [lf.day.start] Processing LXR-JED for 28MAY
[LF] No direct flights on 28MAY for LXR-JED
2026-01-22 11:22:28 | WARNING  | [lf.day.no_flights] No direct flights on 28MAY
2026-01-22 11:22:28 | INFO     | [SUCCESS] Day 28MAY
2026-01-22 11:22:28 | INFO     | [DAY_START] Processing 27MAY
[LF] Processing LXR-JED for 27MAY
2026-01-22 11:22:28 | INFO     | [lf.day.start] Processing LXR-JED for 27MAY
[LF] No direct flights on 27MAY for LXR-JED
2026-01-22 11:22:29 | WARNING  | [lf.day.no_flights] No direct flights on 27MAY
2026-01-22 11:22:29 | INFO     | [SUCCESS] Day 27MAY
2026-01-22 11:22:29 | INFO     | [DAY_START] Processing 26MAY
[LF] Processing LXR-JED for 26MAY
2026-01-22 11:22:29 | INFO     | [lf.day.start] Processing LXR-JED for 26MAY
[LF] No direct flights on 26MAY for LXR-JED
2026-01-22 11:22:30 | WARNING  | [lf.day.no_flights] No direct flights on 26MAY
2026-01-22 11:22:31 | INFO     | [SUCCESS] Day 26MAY
2026-01-22 11:22:31 | INFO     | [DAY_START] Processing 25MAY
[LF] Processing LXR-JED for 25MAY
2026-01-22 11:22:31 | INFO     | [lf.day.start] Processing LXR-JED for 25MAY
[LF] No direct flights on 25MAY for LXR-JED
2026-01-22 11:22:32 | WARNING  | [lf.day.no_flights] No direct flights on 25MAY
2026-01-22 11:22:32 | INFO     | [SUCCESS] Day 25MAY
2026-01-22 11:22:32 | INFO     | [DAY_START] Processing 24MAY
[LF] Processing LXR-JED for 24MAY
2026-01-22 11:22:32 | INFO     | [lf.day.start] Processing LXR-JED for 24MAY
[LF] No direct flights on 24MAY for LXR-JED
2026-01-22 11:22:33 | WARNING  | [lf.day.no_flights] No direct flights on 24MAY
2026-01-22 11:22:33 | INFO     | [SUCCESS] Day 24MAY
[LF] Results summary:
  2026-06-01: 0 flights
  2026-05-31: 0 flights
  2026-05-30: 0 flights
  2026-05-29: 0 flights
  2026-05-28: 0 flights
  2026-05-27: 0 flights
  2026-05-26: 0 flights
  2026-05-25: 0 flights
  2026-05-24: 0 flights
2026-01-22 11:22:33 | INFO     | [SUCCESS] LF Search Complete

============================================================
[Worker_9224] ✓ COMPLETED: LXR-JED
  Results: 9 dates
  Errors: 0 dates
  Total Processed: 5 groups
============================================================

2026-01-22 11:22:33 | INFO     | [Worker_9224] Completed: LXR-JED - 9 results, 0 errors

============================================================
[Worker_9224] Processing: ATZ-DMM
  Tier 0: Range 4, Chunk 1/4
  Dates: 9 days
  Date Range: 2026-06-01 to 2026-05-24
============================================================

2026-01-22 11:22:33 | INFO     | [Worker_9224] Processing: ATZ-DMM
2026-01-22 11:22:33 | INFO     |   Tier 0: Range 4, Chunk 1/4 (9 days)
2026-01-22 11:22:33 | INFO     | ======================================================================
2026-01-22 11:22:33 | INFO     | Load Factor Scraper Started - Route: ATZ-DMM
2026-01-22 11:22:33 | INFO     | Log file: D:\CODERED\LAB\Artifacts\outputs\run_generated_220126_at_11.20\logs\LF_ATZ-DMM_20260122_112233.log
2026-01-22 11:22:33 | INFO     | Enhanced logging: Capturing both logging.info() and print()
2026-01-22 11:22:33 | INFO     | ======================================================================
[LF] Processing dates (override): ['01JUN', '31MAY', '30MAY', '29MAY', '28MAY', '27MAY', '26MAY', '25MAY', '24MAY']
[LF] Attaching to Chrome for Altea access
2026-01-22 11:22:33 | INFO     | Starting LF search for route: ATZ-DMM
2026-01-22 11:22:33 | INFO     | [START] LF Search
[LF][[OK] SUCCESS] Connected to Chrome on 127.0.0.1:9224 (after 1 attempts)
2026-01-22 11:22:44 | INFO     | [HEALTH CHECK] [OK] Chrome connection is healthy
[LF][[OK] SUCCESS] Found Amadeus Altea window: Altéa Reservation Desktop
[LF][[INFO] INFO] URL: https://tc212.resdesktop.altea.amadeus.com/app_ard/apf/init/login?SITE=ESMPESMP&LANGUAGE=GB&MARKETS=ARDW_PROD_WBP&ACTION=clpLogin#
2026-01-22 11:22:44 | INFO     | [DAY_START] Processing 01JUN
[LF] Processing ATZ-DMM for 01JUN
2026-01-22 11:22:44 | INFO     | [lf.day.start] Processing ATZ-DMM for 01JUN
[LF] No direct flights on 01JUN for ATZ-DMM
2026-01-22 11:22:45 | WARNING  | [lf.day.no_flights] No direct flights on 01JUN
2026-01-22 11:22:45 | INFO     | [SUCCESS] Day 01JUN
2026-01-22 11:22:45 | INFO     | [DAY_START] Processing 31MAY
[LF] Processing ATZ-DMM for 31MAY
2026-01-22 11:22:45 | INFO     | [lf.day.start] Processing ATZ-DMM for 31MAY
[LF] No direct flights on 31MAY for ATZ-DMM
2026-01-22 11:22:46 | WARNING  | [lf.day.no_flights] No direct flights on 31MAY
2026-01-22 11:22:46 | INFO     | [SUCCESS] Day 31MAY
2026-01-22 11:22:46 | INFO     | [DAY_START] Processing 30MAY
[LF] Processing ATZ-DMM for 30MAY
2026-01-22 11:22:46 | INFO     | [lf.day.start] Processing ATZ-DMM for 30MAY
[LF] No direct flights on 30MAY for ATZ-DMM
2026-01-22 11:22:47 | WARNING  | [lf.day.no_flights] No direct flights on 30MAY
2026-01-22 11:22:47 | INFO     | [SUCCESS] Day 30MAY
2026-01-22 11:22:47 | INFO     | [DAY_START] Processing 29MAY
[LF] Processing ATZ-DMM for 29MAY
2026-01-22 11:22:47 | INFO     | [lf.day.start] Processing ATZ-DMM for 29MAY
[LF] No direct flights on 29MAY for ATZ-DMM
2026-01-22 11:22:48 | WARNING  | [lf.day.no_flights] No direct flights on 29MAY
2026-01-22 11:22:48 | INFO     | [SUCCESS] Day 29MAY
2026-01-22 11:22:48 | INFO     | [DAY_START] Processing 28MAY
[LF] Processing ATZ-DMM for 28MAY
2026-01-22 11:22:48 | INFO     | [lf.day.start] Processing ATZ-DMM for 28MAY
[LF] No direct flights on 28MAY for ATZ-DMM
2026-01-22 11:22:49 | WARNING  | [lf.day.no_flights] No direct flights on 28MAY
2026-01-22 11:22:50 | INFO     | [SUCCESS] Day 28MAY
2026-01-22 11:22:50 | INFO     | [DAY_START] Processing 27MAY
[LF] Processing ATZ-DMM for 27MAY
2026-01-22 11:22:50 | INFO     | [lf.day.start] Processing ATZ-DMM for 27MAY
[LF] No direct flights on 27MAY for ATZ-DMM
2026-01-22 11:22:51 | WARNING  | [lf.day.no_flights] No direct flights on 27MAY
2026-01-22 11:22:51 | INFO     | [SUCCESS] Day 27MAY
2026-01-22 11:22:51 | INFO     | [DAY_START] Processing 26MAY
[LF] Processing ATZ-DMM for 26MAY
2026-01-22 11:22:51 | INFO     | [lf.day.start] Processing ATZ-DMM for 26MAY
[LF] No direct flights on 26MAY for ATZ-DMM
2026-01-22 11:22:52 | WARNING  | [lf.day.no_flights] No direct flights on 26MAY
2026-01-22 11:22:52 | INFO     | [SUCCESS] Day 26MAY
2026-01-22 11:22:52 | INFO     | [DAY_START] Processing 25MAY
[LF] Processing ATZ-DMM for 25MAY
2026-01-22 11:22:52 | INFO     | [lf.day.start] Processing ATZ-DMM for 25MAY
[LF] No direct flights on 25MAY for ATZ-DMM
2026-01-22 11:22:53 | WARNING  | [lf.day.no_flights] No direct flights on 25MAY
2026-01-22 11:22:53 | INFO     | [SUCCESS] Day 25MAY
2026-01-22 11:22:53 | INFO     | [DAY_START] Processing 24MAY
[LF] Processing ATZ-DMM for 24MAY
2026-01-22 11:22:53 | INFO     | [lf.day.start] Processing ATZ-DMM for 24MAY
[LF] No direct flights on 24MAY for ATZ-DMM
2026-01-22 11:22:54 | WARNING  | [lf.day.no_flights] No direct flights on 24MAY
2026-01-22 11:22:55 | INFO     | [SUCCESS] Day 24MAY
[LF] Results summary:
  2026-06-01: 0 flights
  2026-05-31: 0 flights
  2026-05-30: 0 flights
  2026-05-29: 0 flights
  2026-05-28: 0 flights
  2026-05-27: 0 flights
  2026-05-26: 0 flights
  2026-05-25: 0 flights
  2026-05-24: 0 flights
2026-01-22 11:22:55 | INFO     | [SUCCESS] LF Search Complete

============================================================
[Worker_9224] ✓ COMPLETED: ATZ-DMM
  Results: 9 dates
  Errors: 0 dates
  Total Processed: 6 groups
============================================================

2026-01-22 11:22:55 | INFO     | [Worker_9224] Completed: ATZ-DMM - 9 results, 0 errors

============================================================
[Worker_9224] Processing: CAI-AJF
  Tier 0: Range 4, Chunk 1/4
  Dates: 9 days
  Date Range: 2026-06-01 to 2026-05-24
============================================================

2026-01-22 11:22:55 | INFO     | [Worker_9224] Processing: CAI-AJF
2026-01-22 11:22:55 | INFO     |   Tier 0: Range 4, Chunk 1/4 (9 days)
2026-01-22 11:22:55 | INFO     | ======================================================================
2026-01-22 11:22:55 | INFO     | Load Factor Scraper Started - Route: CAI-AJF
2026-01-22 11:22:55 | INFO     | Log file: D:\CODERED\LAB\Artifacts\outputs\run_generated_220126_at_11.20\logs\LF_CAI-AJF_20260122_112255.log
2026-01-22 11:22:55 | INFO     | Enhanced logging: Capturing both logging.info() and print()
2026-01-22 11:22:55 | INFO     | ======================================================================
[LF] Processing dates (override): ['01JUN', '31MAY', '30MAY', '29MAY', '28MAY', '27MAY', '26MAY', '25MAY', '24MAY']
[LF] Attaching to Chrome for Altea access
2026-01-22 11:22:55 | INFO     | Starting LF search for route: CAI-AJF
2026-01-22 11:22:55 | INFO     | [START] LF Search
[LF][[OK] SUCCESS] Connected to Chrome on 127.0.0.1:9224 (after 1 attempts)
2026-01-22 11:22:55 | INFO     | [HEALTH CHECK] [OK] Chrome connection is healthy
[LF][[OK] SUCCESS] Found Amadeus Altea window: Altéa Reservation Desktop
[LF][[INFO] INFO] URL: https://tc212.resdesktop.altea.amadeus.com/app_ard/apf/init/login?SITE=ESMPESMP&LANGUAGE=GB&MARKETS=ARDW_PROD_WBP&ACTION=clpLogin#
2026-01-22 11:22:55 | INFO     | [DAY_START] Processing 01JUN
[LF] Processing CAI-AJF for 01JUN
2026-01-22 11:22:55 | INFO     | [lf.day.start] Processing CAI-AJF for 01JUN
[LF] No direct flights on 01JUN for CAI-AJF
2026-01-22 11:22:57 | WARNING  | [lf.day.no_flights] No direct flights on 01JUN
2026-01-22 11:22:57 | INFO     | [SUCCESS] Day 01JUN
2026-01-22 11:22:57 | INFO     | [DAY_START] Processing 31MAY
[LF] Processing CAI-AJF for 31MAY
2026-01-22 11:22:57 | INFO     | [lf.day.start] Processing CAI-AJF for 31MAY
[LF] No direct flights on 31MAY for CAI-AJF
2026-01-22 11:22:58 | WARNING  | [lf.day.no_flights] No direct flights on 31MAY
2026-01-22 11:22:58 | INFO     | [SUCCESS] Day 31MAY
2026-01-22 11:22:58 | INFO     | [DAY_START] Processing 30MAY
[LF] Processing CAI-AJF for 30MAY
2026-01-22 11:22:58 | INFO     | [lf.day.start] Processing CAI-AJF for 30MAY
[LF] 30MAY: found 1 direct flights
2026-01-22 11:22:59 | INFO     | [lf.day.flights_found] Found 1 flights on 30MAY
2026-01-22 11:23:01 | INFO     | [lf.flight.extracted] SM321 on 30MAY: BKG=1, LF=0.6%
[LF] SM321 30MAY: BKG=1, GRP=0, CAP=179, LF%=0.6%, Brd-Off=CAI-AJF, Classes: H:1
[LF] Getting WEEKLY/LASTSOLD data for 1 flights
[LF] SM321 30MAY: LASTSOLD=2026-01-13 00:00:00, WEEKLY=0, TODAY=0, YDAY=0
2026-01-22 11:23:03 | INFO     | [SUCCESS] Day 30MAY
2026-01-22 11:23:03 | INFO     | [DAY_START] Processing 29MAY
[LF] Processing CAI-AJF for 29MAY
2026-01-22 11:23:03 | INFO     | [lf.day.start] Processing CAI-AJF for 29MAY
[LF] No direct flights on 29MAY for CAI-AJF
2026-01-22 11:23:04 | WARNING  | [lf.day.no_flights] No direct flights on 29MAY
2026-01-22 11:23:04 | INFO     | [SUCCESS] Day 29MAY
2026-01-22 11:23:04 | INFO     | [DAY_START] Processing 28MAY
[LF] Processing CAI-AJF for 28MAY
2026-01-22 11:23:04 | INFO     | [lf.day.start] Processing CAI-AJF for 28MAY
[LF] 28MAY: found 1 direct flights
2026-01-22 11:23:05 | INFO     | [lf.day.flights_found] Found 1 flights on 28MAY
2026-01-22 11:23:07 | INFO     | [lf.flight.extracted] SM321 on 28MAY: BKG=0, LF=0.0%
[LF] SM321 28MAY: BKG=0, GRP=0, CAP=179, LF%=0.0%, Brd-Off=CAI-AJF
2026-01-22 11:23:09 | INFO     | [SUCCESS] Day 28MAY
2026-01-22 11:23:09 | INFO     | [DAY_START] Processing 27MAY
[LF] Processing CAI-AJF for 27MAY
2026-01-22 11:23:09 | INFO     | [lf.day.start] Processing CAI-AJF for 27MAY
[LF] 27MAY: found 1 direct flights
2026-01-22 11:23:10 | INFO     | [lf.day.flights_found] Found 1 flights on 27MAY
2026-01-22 11:23:12 | INFO     | [lf.flight.extracted] SM321 on 27MAY: BKG=0, LF=0.0%
[LF] SM321 27MAY: BKG=0, GRP=0, CAP=179, LF%=0.0%, Brd-Off=CAI-AJF
2026-01-22 11:23:13 | INFO     | [SUCCESS] Day 27MAY
2026-01-22 11:23:13 | INFO     | [DAY_START] Processing 26MAY
[LF] Processing CAI-AJF for 26MAY
2026-01-22 11:23:13 | INFO     | [lf.day.start] Processing CAI-AJF for 26MAY
[LF] No direct flights on 26MAY for CAI-AJF
2026-01-22 11:23:14 | WARNING  | [lf.day.no_flights] No direct flights on 26MAY
2026-01-22 11:23:14 | INFO     | [SUCCESS] Day 26MAY
2026-01-22 11:23:14 | INFO     | [DAY_START] Processing 25MAY
[LF] Processing CAI-AJF for 25MAY
2026-01-22 11:23:14 | INFO     | [lf.day.start] Processing CAI-AJF for 25MAY
[LF] No direct flights on 25MAY for CAI-AJF
2026-01-22 11:23:15 | WARNING  | [lf.day.no_flights] No direct flights on 25MAY
2026-01-22 11:23:15 | INFO     | [SUCCESS] Day 25MAY
2026-01-22 11:23:15 | INFO     | [DAY_START] Processing 24MAY
[LF] Processing CAI-AJF for 24MAY
2026-01-22 11:23:15 | INFO     | [lf.day.start] Processing CAI-AJF for 24MAY
[LF] No direct flights on 24MAY for CAI-AJF
2026-01-22 11:23:16 | WARNING  | [lf.day.no_flights] No direct flights on 24MAY
2026-01-22 11:23:16 | INFO     | [SUCCESS] Day 24MAY
[LF] Results summary:
  2026-06-01: 0 flights
  2026-05-31: 0 flights
  2026-05-30: 1 flights
  2026-05-29: 0 flights
  2026-05-28: 1 flights
  2026-05-27: 1 flights
  2026-05-26: 0 flights
  2026-05-25: 0 flights
  2026-05-24: 0 flights
2026-01-22 11:23:16 | INFO     | [SUCCESS] LF Search Complete

============================================================
[Worker_9224] ✓ COMPLETED: CAI-AJF
  Results: 9 dates
  Errors: 0 dates
  Total Processed: 7 groups
============================================================

2026-01-22 11:23:16 | INFO     | [Worker_9224] Completed: CAI-AJF - 9 results, 0 errors

============================================================
[Worker_9224] Processing: MED-CAI
  Tier 0: Range 4, Chunk 2/4
  Dates: 8 days
  Date Range: 2026-05-23 to 2026-05-16
============================================================

2026-01-22 11:23:16 | INFO     | [Worker_9224] Processing: MED-CAI
2026-01-22 11:23:16 | INFO     |   Tier 0: Range 4, Chunk 2/4 (8 days)
2026-01-22 11:23:16 | INFO     | ======================================================================
2026-01-22 11:23:16 | INFO     | Load Factor Scraper Started - Route: MED-CAI
2026-01-22 11:23:16 | INFO     | Log file: D:\CODERED\LAB\Artifacts\outputs\run_generated_220126_at_11.20\logs\LF_MED-CAI_20260122_112316.log
2026-01-22 11:23:16 | INFO     | Enhanced logging: Capturing both logging.info() and print()
2026-01-22 11:23:16 | INFO     | ======================================================================
[LF] Processing dates (override): ['23MAY', '22MAY', '21MAY', '20MAY', '19MAY', '18MAY', '17MAY', '16MAY']
[LF] Attaching to Chrome for Altea access
2026-01-22 11:23:16 | INFO     | Starting LF search for route: MED-CAI
2026-01-22 11:23:16 | INFO     | [START] LF Search
[LF][[OK] SUCCESS] Connected to Chrome on 127.0.0.1:9224 (after 1 attempts)
2026-01-22 11:23:17 | INFO     | [HEALTH CHECK] [OK] Chrome connection is healthy
[LF][[OK] SUCCESS] Found Amadeus Altea window: Altéa Reservation Desktop
[LF][[INFO] INFO] URL: https://tc212.resdesktop.altea.amadeus.com/app_ard/apf/init/login?SITE=ESMPESMP&LANGUAGE=GB&MARKETS=ARDW_PROD_WBP&ACTION=clpLogin#
2026-01-22 11:23:17 | INFO     | [DAY_START] Processing 23MAY
[LF] Processing MED-CAI for 23MAY
2026-01-22 11:23:17 | INFO     | [lf.day.start] Processing MED-CAI for 23MAY
[LF] No direct flights on 23MAY for MED-CAI
2026-01-22 11:23:19 | WARNING  | [lf.day.no_flights] No direct flights on 23MAY
2026-01-22 11:23:19 | INFO     | [SUCCESS] Day 23MAY
2026-01-22 11:23:19 | INFO     | [DAY_START] Processing 22MAY
[LF] Processing MED-CAI for 22MAY
2026-01-22 11:23:19 | INFO     | [lf.day.start] Processing MED-CAI for 22MAY
[LF] No direct flights on 22MAY for MED-CAI
2026-01-22 11:23:20 | WARNING  | [lf.day.no_flights] No direct flights on 22MAY
2026-01-22 11:23:20 | INFO     | [SUCCESS] Day 22MAY
2026-01-22 11:23:20 | INFO     | [DAY_START] Processing 21MAY
[LF] Processing MED-CAI for 21MAY
2026-01-22 11:23:20 | INFO     | [lf.day.start] Processing MED-CAI for 21MAY
[LF] 21MAY: found 1 direct flights
2026-01-22 11:23:21 | INFO     | [lf.day.flights_found] Found 1 flights on 21MAY
2026-01-22 11:23:23 | INFO     | [lf.flight.extracted] SM494 on 21MAY: BKG=8, LF=4.6%
[LF] SM494 21MAY: BKG=8, GRP=0, CAP=175, LF%=4.6%, Brd-Off=MED-CAI, Classes: I:6, T:2
[LF] Getting WEEKLY/LASTSOLD data for 1 flights
[LF] SM494 21MAY: LASTSOLD=2026-01-19 00:00:00, WEEKLY=2, TODAY=0, YDAY=0
2026-01-22 11:23:26 | INFO     | [SUCCESS] Day 21MAY
2026-01-22 11:23:26 | INFO     | [DAY_START] Processing 20MAY
[LF] Processing MED-CAI for 20MAY
2026-01-22 11:23:26 | INFO     | [lf.day.start] Processing MED-CAI for 20MAY
[LF] 20MAY: found 1 direct flights
2026-01-22 11:23:27 | INFO     | [lf.day.flights_found] Found 1 flights on 20MAY
2026-01-22 11:23:29 | INFO     | [lf.flight.extracted] SM494 on 20MAY: BKG=3, LF=1.7%
[LF] SM494 20MAY: BKG=3, GRP=0, CAP=175, LF%=1.7%, Brd-Off=MED-CAI, Classes: I:3
[LF] Getting WEEKLY/LASTSOLD data for 1 flights
[LF] SM494 20MAY: LASTSOLD=2025-12-07 00:00:00, WEEKLY=0, TODAY=0, YDAY=0
2026-01-22 11:23:32 | INFO     | [SUCCESS] Day 20MAY
2026-01-22 11:23:32 | INFO     | [DAY_START] Processing 19MAY
[LF] Processing MED-CAI for 19MAY
2026-01-22 11:23:32 | INFO     | [lf.day.start] Processing MED-CAI for 19MAY
[LF] 19MAY: found 1 direct flights
2026-01-22 11:23:33 | INFO     | [lf.day.flights_found] Found 1 flights on 19MAY
2026-01-22 11:23:36 | INFO     | [lf.flight.extracted] SM494 on 19MAY: BKG=1, LF=0.6%
[LF] SM494 19MAY: BKG=1, GRP=0, CAP=175, LF%=0.6%, Brd-Off=MED-CAI, Classes: T:1
[LF] Getting WEEKLY/LASTSOLD data for 1 flights
[LF] SM494 19MAY: LASTSOLD=2025-12-30 00:00:00, WEEKLY=0, TODAY=0, YDAY=0
2026-01-22 11:23:40 | INFO     | [SUCCESS] Day 19MAY
2026-01-22 11:23:40 | INFO     | [DAY_START] Processing 18MAY
[LF] Processing MED-CAI for 18MAY
2026-01-22 11:23:40 | INFO     | [lf.day.start] Processing MED-CAI for 18MAY
[LF] 18MAY: found 1 direct flights
2026-01-22 11:23:41 | INFO     | [lf.day.flights_found] Found 1 flights on 18MAY
2026-01-22 11:23:44 | INFO     | [lf.flight.extracted] SM494 on 18MAY: BKG=0, LF=0.0%
[LF] SM494 18MAY: BKG=0, GRP=0, CAP=175, LF%=0.0%, Brd-Off=MED-CAI
2026-01-22 11:23:46 | INFO     | [SUCCESS] Day 18MAY
2026-01-22 11:23:46 | INFO     | [DAY_START] Processing 17MAY
[LF] Processing MED-CAI for 17MAY
2026-01-22 11:23:46 | INFO     | [lf.day.start] Processing MED-CAI for 17MAY
[LF] No direct flights on 17MAY for MED-CAI
2026-01-22 11:23:47 | WARNING  | [lf.day.no_flights] No direct flights on 17MAY
2026-01-22 11:23:48 | INFO     | [SUCCESS] Day 17MAY
2026-01-22 11:23:48 | INFO     | [DAY_START] Processing 16MAY
[LF] Processing MED-CAI for 16MAY
2026-01-22 11:23:48 | INFO     | [lf.day.start] Processing MED-CAI for 16MAY
[LF] No direct flights on 16MAY for MED-CAI
2026-01-22 11:23:49 | WARNING  | [lf.day.no_flights] No direct flights on 16MAY
2026-01-22 11:23:49 | INFO     | [SUCCESS] Day 16MAY
[LF] Results summary:
  2026-05-23: 0 flights
  2026-05-22: 0 flights
  2026-05-21: 1 flights
  2026-05-20: 1 flights
  2026-05-19: 1 flights
  2026-05-18: 1 flights
  2026-05-17: 0 flights
  2026-05-16: 0 flights
2026-01-22 11:23:49 | INFO     | [SUCCESS] LF Search Complete

============================================================
[Worker_9224] ✓ COMPLETED: MED-CAI
  Results: 8 dates
  Errors: 0 dates
  Total Processed: 8 groups
============================================================

2026-01-22 11:23:49 | INFO     | [Worker_9224] Completed: MED-CAI - 8 results, 0 errors

============================================================
[Worker_9224] Processing: RUH-ATZ
  Tier 0: Range 4, Chunk 2/4
  Dates: 8 days
  Date Range: 2026-05-23 to 2026-05-16
============================================================

2026-01-22 11:23:49 | INFO     | [Worker_9224] Processing: RUH-ATZ
2026-01-22 11:23:49 | INFO     |   Tier 0: Range 4, Chunk 2/4 (8 days)
2026-01-22 11:23:49 | INFO     | ======================================================================
2026-01-22 11:23:49 | INFO     | Load Factor Scraper Started - Route: RUH-ATZ
2026-01-22 11:23:49 | INFO     | Log file: D:\CODERED\LAB\Artifacts\outputs\run_generated_220126_at_11.20\logs\LF_RUH-ATZ_20260122_112349.log
2026-01-22 11:23:49 | INFO     | Enhanced logging: Capturing both logging.info() and print()
2026-01-22 11:23:49 | INFO     | ======================================================================
[LF] Processing dates (override): ['23MAY', '22MAY', '21MAY', '20MAY', '19MAY', '18MAY', '17MAY', '16MAY']
[LF] Attaching to Chrome for Altea access
2026-01-22 11:23:49 | INFO     | Starting LF search for route: RUH-ATZ
2026-01-22 11:23:49 | INFO     | [START] LF Search
[LF][[OK] SUCCESS] Connected to Chrome on 127.0.0.1:9224 (after 1 attempts)
2026-01-22 11:23:50 | INFO     | [HEALTH CHECK] [OK] Chrome connection is healthy
[LF][[OK] SUCCESS] Found Amadeus Altea window: Altéa Reservation Desktop
[LF][[INFO] INFO] URL: https://tc212.resdesktop.altea.amadeus.com/app_ard/apf/init/login?SITE=ESMPESMP&LANGUAGE=GB&MARKETS=ARDW_PROD_WBP&ACTION=clpLogin#
2026-01-22 11:23:50 | INFO     | [DAY_START] Processing 23MAY
[LF] Processing RUH-ATZ for 23MAY
2026-01-22 11:23:50 | INFO     | [lf.day.start] Processing RUH-ATZ for 23MAY
[LF] No direct flights on 23MAY for RUH-ATZ
2026-01-22 11:23:51 | WARNING  | [lf.day.no_flights] No direct flights on 23MAY
2026-01-22 11:23:51 | INFO     | [SUCCESS] Day 23MAY
2026-01-22 11:23:51 | INFO     | [DAY_START] Processing 22MAY
[LF] Processing RUH-ATZ for 22MAY
2026-01-22 11:23:51 | INFO     | [lf.day.start] Processing RUH-ATZ for 22MAY
[LF] No direct flights on 22MAY for RUH-ATZ
2026-01-22 11:23:52 | WARNING  | [lf.day.no_flights] No direct flights on 22MAY
2026-01-22 11:23:52 | INFO     | [SUCCESS] Day 22MAY
2026-01-22 11:23:52 | INFO     | [DAY_START] Processing 21MAY
[LF] Processing RUH-ATZ for 21MAY
2026-01-22 11:23:52 | INFO     | [lf.day.start] Processing RUH-ATZ for 21MAY
[LF] No direct flights on 21MAY for RUH-ATZ
2026-01-22 11:23:53 | WARNING  | [lf.day.no_flights] No direct flights on 21MAY
2026-01-22 11:23:54 | INFO     | [SUCCESS] Day 21MAY
2026-01-22 11:23:54 | INFO     | [DAY_START] Processing 20MAY
[LF] Processing RUH-ATZ for 20MAY
2026-01-22 11:23:54 | INFO     | [lf.day.start] Processing RUH-ATZ for 20MAY
[LF] 20MAY: found 1 direct flights
2026-01-22 11:23:55 | INFO     | [lf.day.flights_found] Found 1 flights on 20MAY
2026-01-22 11:23:57 | INFO     | [lf.flight.extracted] SM466 on 20MAY: BKG=6, LF=3.4%
[LF] SM466 20MAY: BKG=6, GRP=0, CAP=175, LF%=3.4%, Brd-Off=RUH-ATZ, Classes: H:6
[LF] Getting WEEKLY/LASTSOLD data for 1 flights
[LF] SM466 20MAY: LASTSOLD=2026-01-14 00:00:00, WEEKLY=0, TODAY=0, YDAY=0
2026-01-22 11:23:59 | INFO     | [SUCCESS] Day 20MAY
2026-01-22 11:23:59 | INFO     | [DAY_START] Processing 19MAY
[LF] Processing RUH-ATZ for 19MAY
2026-01-22 11:23:59 | INFO     | [lf.day.start] Processing RUH-ATZ for 19MAY
[LF] No direct flights on 19MAY for RUH-ATZ
2026-01-22 11:24:00 | WARNING  | [lf.day.no_flights] No direct flights on 19MAY
2026-01-22 11:24:00 | INFO     | [SUCCESS] Day 19MAY
2026-01-22 11:24:00 | INFO     | [DAY_START] Processing 18MAY
[LF] Processing RUH-ATZ for 18MAY
2026-01-22 11:24:00 | INFO     | [lf.day.start] Processing RUH-ATZ for 18MAY
[LF] No direct flights on 18MAY for RUH-ATZ
2026-01-22 11:24:01 | WARNING  | [lf.day.no_flights] No direct flights on 18MAY
2026-01-22 11:24:01 | INFO     | [SUCCESS] Day 18MAY
2026-01-22 11:24:01 | INFO     | [DAY_START] Processing 17MAY
[LF] Processing RUH-ATZ for 17MAY
2026-01-22 11:24:01 | INFO     | [lf.day.start] Processing RUH-ATZ for 17MAY
[LF] No direct flights on 17MAY for RUH-ATZ
2026-01-22 11:24:02 | WARNING  | [lf.day.no_flights] No direct flights on 17MAY
2026-01-22 11:24:02 | INFO     | [SUCCESS] Day 17MAY
2026-01-22 11:24:02 | INFO     | [DAY_START] Processing 16MAY
[LF] Processing RUH-ATZ for 16MAY
2026-01-22 11:24:02 | INFO     | [lf.day.start] Processing RUH-ATZ for 16MAY
[LF] No direct flights on 16MAY for RUH-ATZ
2026-01-22 11:24:03 | WARNING  | [lf.day.no_flights] No direct flights on 16MAY
2026-01-22 11:24:04 | INFO     | [SUCCESS] Day 16MAY
[LF] Results summary:
  2026-05-23: 0 flights
  2026-05-22: 0 flights
  2026-05-21: 0 flights
  2026-05-20: 1 flights
  2026-05-19: 0 flights
  2026-05-18: 0 flights
  2026-05-17: 0 flights
  2026-05-16: 0 flights
2026-01-22 11:24:04 | INFO     | [SUCCESS] LF Search Complete

============================================================
[Worker_9224] ✓ COMPLETED: RUH-ATZ
  Results: 8 dates
  Errors: 0 dates
  Total Processed: 9 groups
============================================================

2026-01-22 11:24:04 | INFO     | [Worker_9224] Completed: RUH-ATZ - 8 results, 0 errors

============================================================
[Worker_9224] Processing: AJF-CAI
  Tier 0: Range 4, Chunk 2/4
  Dates: 8 days
  Date Range: 2026-05-23 to 2026-05-16
============================================================

2026-01-22 11:24:04 | INFO     | [Worker_9224] Processing: AJF-CAI
2026-01-22 11:24:04 | INFO     |   Tier 0: Range 4, Chunk 2/4 (8 days)
2026-01-22 11:24:04 | INFO     | ======================================================================
2026-01-22 11:24:04 | INFO     | Load Factor Scraper Started - Route: AJF-CAI
2026-01-22 11:24:04 | INFO     | Log file: D:\CODERED\LAB\Artifacts\outputs\run_generated_220126_at_11.20\logs\LF_AJF-CAI_20260122_112404.log
2026-01-22 11:24:04 | INFO     | Enhanced logging: Capturing both logging.info() and print()
2026-01-22 11:24:04 | INFO     | ======================================================================
[LF] Processing dates (override): ['23MAY', '22MAY', '21MAY', '20MAY', '19MAY', '18MAY', '17MAY', '16MAY']
[LF] Attaching to Chrome for Altea access
2026-01-22 11:24:04 | INFO     | Starting LF search for route: AJF-CAI
2026-01-22 11:24:04 | INFO     | [START] LF Search
[LF][[OK] SUCCESS] Connected to Chrome on 127.0.0.1:9224 (after 1 attempts)
2026-01-22 11:24:04 | INFO     | [HEALTH CHECK] [OK] Chrome connection is healthy
[LF][[OK] SUCCESS] Found Amadeus Altea window: Altéa Reservation Desktop
[LF][[INFO] INFO] URL: https://tc212.resdesktop.altea.amadeus.com/app_ard/apf/init/login?SITE=ESMPESMP&LANGUAGE=GB&MARKETS=ARDW_PROD_WBP&ACTION=clpLogin#
2026-01-22 11:24:04 | INFO     | [DAY_START] Processing 23MAY
[LF] Processing AJF-CAI for 23MAY
2026-01-22 11:24:04 | INFO     | [lf.day.start] Processing AJF-CAI for 23MAY
