
============================================================
     LF WORKER - PORT 9233
============================================================
Worker: Worker_9233
Status: READY
Waiting for tasks...
============================================================


============================================================
[Worker_9233] Processing: JED-LXR
  Tier 0: Range 4, Chunk 1/4
  Dates: 9 days
  Date Range: 2026-06-01 to 2026-05-24
============================================================

2026-01-22 11:20:46 | INFO     | ======================================================================
2026-01-22 11:20:46 | INFO     | Load Factor Scraper Started - Route: JED-LXR
2026-01-22 11:20:46 | INFO     | Log file: D:\CODERED\LAB\Artifacts\outputs\run_generated_220126_at_11.20\logs\LF_JED-LXR_20260122_112046.log
2026-01-22 11:20:46 | INFO     | Enhanced logging: Capturing both logging.info() and print()
2026-01-22 11:20:46 | INFO     | ======================================================================
[LF] Processing dates (override): ['01JUN', '31MAY', '30MAY', '29MAY', '28MAY', '27MAY', '26MAY', '25MAY', '24MAY']
[LF] Attaching to Chrome for Altea access
[LF][[OK] SUCCESS] Connected to Chrome on 127.0.0.1:9233 (after 1 attempts)
[LF][[OK] SUCCESS] Found Amadeus Altea window: Altéa Reservation Desktop
[LF][[INFO] INFO] URL: https://tc212.resdesktop.altea.amadeus.com/app_ard/apf/init/login?SITE=ESMPESMP&LANGUAGE=GB&MARKETS=ARDW_PROD_WBP&ACTION=clpLogin
[LF] Processing JED-LXR for 01JUN
[LF][ERROR] Amadeus command error detected: UNKNOWN TRANSACTION
[LF][ERROR] Command: SN01JUNJEDLXR/ASM
[LF][RESYNC] Triggering immediate resync to last successful SN command
============================================================
[LF][RESYNC] Command 'SN01JUNJEDLXR/ASM' failed: TECH_ERROR:UNKNOWN TRANSACTION
[LF][RESYNC] Re-running entire day from SN command for JED-LXR 01JUN
[LF][RESYNC] Attempt 1/50 (waiting 1.0s before retry...)
============================================================
[LF][RESYNC] Sending IG to clear session state...
[LF][RESYNC] Session cleared with IG
[LF] Processing JED-LXR for 01JUN
[LF] No direct flights on 01JUN for JED-LXR
[LF] Processing JED-LXR for 31MAY
[LF] No direct flights on 31MAY for JED-LXR
[LF] Processing JED-LXR for 30MAY
[LF] No direct flights on 30MAY for JED-LXR
[LF] Processing JED-LXR for 29MAY
[LF] No direct flights on 29MAY for JED-LXR
[LF] Processing JED-LXR for 28MAY
[LF] No direct flights on 28MAY for JED-LXR
[LF] Processing JED-LXR for 27MAY
[LF] No direct flights on 27MAY for JED-LXR
[LF] Processing JED-LXR for 26MAY
[LF] No direct flights on 26MAY for JED-LXR
[LF] Processing JED-LXR for 25MAY
[LF] No direct flights on 25MAY for JED-LXR
[LF] Processing JED-LXR for 24MAY
[LF] No direct flights on 24MAY for JED-LXR
[LF] Results summary:
  2026-06-01: 0 flights
  2026-05-31: 0 flights
  2026-05-30: 0 flights
  2026-05-29: 0 flights
  2026-05-28: 0 flights
  2026-05-27: 0 flights
  2026-05-26: 0 flights
  2026-05-25: 0 flights
  2026-05-24: 0 flights

============================================================
[Worker_9233] ✓ COMPLETED: JED-LXR
  Results: 9 dates
  Errors: 0 dates
  Total Processed: 1 groups
============================================================


============================================================
[Worker_9233] Processing: RUH-ATZ
  Tier 0: Range 4, Chunk 1/4
  Dates: 9 days
  Date Range: 2026-06-01 to 2026-05-24
============================================================

2026-01-22 11:21:06 | INFO     | ======================================================================
2026-01-22 11:21:06 | INFO     | Load Factor Scraper Started - Route: RUH-ATZ
2026-01-22 11:21:06 | INFO     | Log file: D:\CODERED\LAB\Artifacts\outputs\run_generated_220126_at_11.20\logs\LF_RUH-ATZ_20260122_112106.log
2026-01-22 11:21:06 | INFO     | Enhanced logging: Capturing both logging.info() and print()
2026-01-22 11:21:06 | INFO     | ======================================================================
[LF] Processing dates (override): ['01JUN', '31MAY', '30MAY', '29MAY', '28MAY', '27MAY', '26MAY', '25MAY', '24MAY']
[LF] Attaching to Chrome for Altea access
2026-01-22 11:21:06 | INFO     | Starting LF search for route: RUH-ATZ
2026-01-22 11:21:06 | INFO     | [START] LF Search
[LF][[OK] SUCCESS] Connected to Chrome on 127.0.0.1:9233 (after 1 attempts)
2026-01-22 11:21:07 | INFO     | [HEALTH CHECK] [OK] Chrome connection is healthy
[LF][[OK] SUCCESS] Found Amadeus Altea window: Altéa Reservation Desktop
[LF][[INFO] INFO] URL: https://tc212.resdesktop.altea.amadeus.com/app_ard/apf/init/login?SITE=ESMPESMP&LANGUAGE=GB&MARKETS=ARDW_PROD_WBP&ACTION=clpLogin
2026-01-22 11:21:07 | INFO     | [DAY_START] Processing 01JUN
[LF] Processing RUH-ATZ for 01JUN
2026-01-22 11:21:07 | INFO     | [lf.day.start] Processing RUH-ATZ for 01JUN
[LF] No direct flights on 01JUN for RUH-ATZ
2026-01-22 11:21:08 | WARNING  | [lf.day.no_flights] No direct flights on 01JUN
2026-01-22 11:21:08 | INFO     | [SUCCESS] Day 01JUN
2026-01-22 11:21:08 | INFO     | [DAY_START] Processing 31MAY
[LF] Processing RUH-ATZ for 31MAY
2026-01-22 11:21:08 | INFO     | [lf.day.start] Processing RUH-ATZ for 31MAY
[LF] No direct flights on 31MAY for RUH-ATZ
2026-01-22 11:21:09 | WARNING  | [lf.day.no_flights] No direct flights on 31MAY
2026-01-22 11:21:09 | INFO     | [SUCCESS] Day 31MAY
2026-01-22 11:21:09 | INFO     | [DAY_START] Processing 30MAY
[LF] Processing RUH-ATZ for 30MAY
2026-01-22 11:21:09 | INFO     | [lf.day.start] Processing RUH-ATZ for 30MAY
[LF] No direct flights on 30MAY for RUH-ATZ
2026-01-22 11:21:10 | WARNING  | [lf.day.no_flights] No direct flights on 30MAY
2026-01-22 11:21:11 | INFO     | [SUCCESS] Day 30MAY
2026-01-22 11:21:11 | INFO     | [DAY_START] Processing 29MAY
[LF] Processing RUH-ATZ for 29MAY
2026-01-22 11:21:11 | INFO     | [lf.day.start] Processing RUH-ATZ for 29MAY
[LF] No direct flights on 29MAY for RUH-ATZ
2026-01-22 11:21:11 | WARNING  | [lf.day.no_flights] No direct flights on 29MAY
2026-01-22 11:21:12 | INFO     | [SUCCESS] Day 29MAY
2026-01-22 11:21:12 | INFO     | [DAY_START] Processing 28MAY
[LF] Processing RUH-ATZ for 28MAY
2026-01-22 11:21:12 | INFO     | [lf.day.start] Processing RUH-ATZ for 28MAY
[LF] No direct flights on 28MAY for RUH-ATZ
2026-01-22 11:21:13 | WARNING  | [lf.day.no_flights] No direct flights on 28MAY
2026-01-22 11:21:13 | INFO     | [SUCCESS] Day 28MAY
2026-01-22 11:21:13 | INFO     | [DAY_START] Processing 27MAY
[LF] Processing RUH-ATZ for 27MAY
2026-01-22 11:21:13 | INFO     | [lf.day.start] Processing RUH-ATZ for 27MAY
[LF] 27MAY: found 1 direct flights
2026-01-22 11:21:14 | INFO     | [lf.day.flights_found] Found 1 flights on 27MAY
2026-01-22 11:21:16 | INFO     | [lf.flight.extracted] SM466 on 27MAY: BKG=11, LF=6.3%
[LF] SM466 27MAY: BKG=11, GRP=0, CAP=175, LF%=6.3%, Brd-Off=RUH-ATZ, Classes: O:2, U:4, X:4, T:1
[LF] Getting WEEKLY/LASTSOLD data for 1 flights
[LF] SM466 27MAY: LASTSOLD=2026-01-19 00:00:00, WEEKLY=2, TODAY=0, YDAY=0
2026-01-22 11:21:19 | INFO     | [SUCCESS] Day 27MAY
2026-01-22 11:21:19 | INFO     | [DAY_START] Processing 26MAY
[LF] Processing RUH-ATZ for 26MAY
2026-01-22 11:21:19 | INFO     | [lf.day.start] Processing RUH-ATZ for 26MAY
[LF] No direct flights on 26MAY for RUH-ATZ
2026-01-22 11:21:21 | WARNING  | [lf.day.no_flights] No direct flights on 26MAY
2026-01-22 11:21:21 | INFO     | [SUCCESS] Day 26MAY
2026-01-22 11:21:21 | INFO     | [DAY_START] Processing 25MAY
[LF] Processing RUH-ATZ for 25MAY
2026-01-22 11:21:21 | INFO     | [lf.day.start] Processing RUH-ATZ for 25MAY
[LF] No direct flights on 25MAY for RUH-ATZ
2026-01-22 11:21:23 | WARNING  | [lf.day.no_flights] No direct flights on 25MAY
2026-01-22 11:21:23 | INFO     | [SUCCESS] Day 25MAY
2026-01-22 11:21:23 | INFO     | [DAY_START] Processing 24MAY
[LF] Processing RUH-ATZ for 24MAY
2026-01-22 11:21:23 | INFO     | [lf.day.start] Processing RUH-ATZ for 24MAY
[LF] No direct flights on 24MAY for RUH-ATZ
2026-01-22 11:21:24 | WARNING  | [lf.day.no_flights] No direct flights on 24MAY
2026-01-22 11:21:24 | INFO     | [SUCCESS] Day 24MAY
[LF] Results summary:
  2026-06-01: 0 flights
  2026-05-31: 0 flights
  2026-05-30: 0 flights
  2026-05-29: 0 flights
  2026-05-28: 0 flights
  2026-05-27: 1 flights
  2026-05-26: 0 flights
  2026-05-25: 0 flights
  2026-05-24: 0 flights
2026-01-22 11:21:24 | INFO     | [SUCCESS] LF Search Complete

============================================================
[Worker_9233] ✓ COMPLETED: RUH-ATZ
  Results: 9 dates
  Errors: 0 dates
  Total Processed: 2 groups
============================================================

2026-01-22 11:21:24 | INFO     | [Worker_9233] Completed: RUH-ATZ - 9 results, 0 errors

============================================================
[Worker_9233] Processing: TUU-ATZ
  Tier 0: Range 4, Chunk 1/4
  Dates: 9 days
  Date Range: 2026-06-01 to 2026-05-24
============================================================

2026-01-22 11:21:24 | INFO     | [Worker_9233] Processing: TUU-ATZ
2026-01-22 11:21:24 | INFO     |   Tier 0: Range 4, Chunk 1/4 (9 days)
2026-01-22 11:21:24 | INFO     | ======================================================================
2026-01-22 11:21:24 | INFO     | Load Factor Scraper Started - Route: TUU-ATZ
2026-01-22 11:21:24 | INFO     | Log file: D:\CODERED\LAB\Artifacts\outputs\run_generated_220126_at_11.20\logs\LF_TUU-ATZ_20260122_112124.log
2026-01-22 11:21:24 | INFO     | Enhanced logging: Capturing both logging.info() and print()
2026-01-22 11:21:24 | INFO     | ======================================================================
[LF] Processing dates (override): ['01JUN', '31MAY', '30MAY', '29MAY', '28MAY', '27MAY', '26MAY', '25MAY', '24MAY']
[LF] Attaching to Chrome for Altea access
2026-01-22 11:21:24 | INFO     | Starting LF search for route: TUU-ATZ
2026-01-22 11:21:24 | INFO     | [START] LF Search
[LF][[OK] SUCCESS] Connected to Chrome on 127.0.0.1:9233 (after 1 attempts)
2026-01-22 11:21:25 | INFO     | [HEALTH CHECK] [OK] Chrome connection is healthy
[LF][[OK] SUCCESS] Found Amadeus Altea window: Altéa Reservation Desktop
[LF][[INFO] INFO] URL: https://tc212.resdesktop.altea.amadeus.com/app_ard/apf/init/login?SITE=ESMPESMP&LANGUAGE=GB&MARKETS=ARDW_PROD_WBP&ACTION=clpLogin
2026-01-22 11:21:25 | INFO     | [DAY_START] Processing 01JUN
[LF] Processing TUU-ATZ for 01JUN
2026-01-22 11:21:25 | INFO     | [lf.day.start] Processing TUU-ATZ for 01JUN
[LF] No direct flights on 01JUN for TUU-ATZ
2026-01-22 11:21:26 | WARNING  | [lf.day.no_flights] No direct flights on 01JUN
2026-01-22 11:21:27 | INFO     | [SUCCESS] Day 01JUN
2026-01-22 11:21:27 | INFO     | [DAY_START] Processing 31MAY
[LF] Processing TUU-ATZ for 31MAY
2026-01-22 11:21:27 | INFO     | [lf.day.start] Processing TUU-ATZ for 31MAY
[LF] No direct flights on 31MAY for TUU-ATZ
2026-01-22 11:21:28 | WARNING  | [lf.day.no_flights] No direct flights on 31MAY
2026-01-22 11:21:28 | INFO     | [SUCCESS] Day 31MAY
2026-01-22 11:21:28 | INFO     | [DAY_START] Processing 30MAY
[LF] Processing TUU-ATZ for 30MAY
2026-01-22 11:21:28 | INFO     | [lf.day.start] Processing TUU-ATZ for 30MAY
[LF] No direct flights on 30MAY for TUU-ATZ
2026-01-22 11:21:29 | WARNING  | [lf.day.no_flights] No direct flights on 30MAY
2026-01-22 11:21:29 | INFO     | [SUCCESS] Day 30MAY
2026-01-22 11:21:29 | INFO     | [DAY_START] Processing 29MAY
[LF] Processing TUU-ATZ for 29MAY
2026-01-22 11:21:29 | INFO     | [lf.day.start] Processing TUU-ATZ for 29MAY
[LF] No direct flights on 29MAY for TUU-ATZ
2026-01-22 11:21:30 | WARNING  | [lf.day.no_flights] No direct flights on 29MAY
2026-01-22 11:21:31 | INFO     | [SUCCESS] Day 29MAY
2026-01-22 11:21:31 | INFO     | [DAY_START] Processing 28MAY
[LF] Processing TUU-ATZ for 28MAY
2026-01-22 11:21:31 | INFO     | [lf.day.start] Processing TUU-ATZ for 28MAY
[LF] No direct flights on 28MAY for TUU-ATZ
2026-01-22 11:21:32 | WARNING  | [lf.day.no_flights] No direct flights on 28MAY
2026-01-22 11:21:32 | INFO     | [SUCCESS] Day 28MAY
2026-01-22 11:21:32 | INFO     | [DAY_START] Processing 27MAY
[LF] Processing TUU-ATZ for 27MAY
2026-01-22 11:21:32 | INFO     | [lf.day.start] Processing TUU-ATZ for 27MAY
[LF] No direct flights on 27MAY for TUU-ATZ
2026-01-22 11:21:33 | WARNING  | [lf.day.no_flights] No direct flights on 27MAY
2026-01-22 11:21:33 | INFO     | [SUCCESS] Day 27MAY
2026-01-22 11:21:33 | INFO     | [DAY_START] Processing 26MAY
[LF] Processing TUU-ATZ for 26MAY
2026-01-22 11:21:33 | INFO     | [lf.day.start] Processing TUU-ATZ for 26MAY
[LF] No direct flights on 26MAY for TUU-ATZ
2026-01-22 11:21:34 | WARNING  | [lf.day.no_flights] No direct flights on 26MAY
2026-01-22 11:21:34 | INFO     | [SUCCESS] Day 26MAY
2026-01-22 11:21:34 | INFO     | [DAY_START] Processing 25MAY
[LF] Processing TUU-ATZ for 25MAY
2026-01-22 11:21:34 | INFO     | [lf.day.start] Processing TUU-ATZ for 25MAY
[LF] No direct flights on 25MAY for TUU-ATZ
2026-01-22 11:21:35 | WARNING  | [lf.day.no_flights] No direct flights on 25MAY
2026-01-22 11:21:35 | INFO     | [SUCCESS] Day 25MAY
2026-01-22 11:21:35 | INFO     | [DAY_START] Processing 24MAY
[LF] Processing TUU-ATZ for 24MAY
2026-01-22 11:21:35 | INFO     | [lf.day.start] Processing TUU-ATZ for 24MAY
[LF] No direct flights on 24MAY for TUU-ATZ
2026-01-22 11:21:37 | WARNING  | [lf.day.no_flights] No direct flights on 24MAY
2026-01-22 11:21:37 | INFO     | [SUCCESS] Day 24MAY
[LF] Results summary:
  2026-06-01: 0 flights
  2026-05-31: 0 flights
  2026-05-30: 0 flights
  2026-05-29: 0 flights
  2026-05-28: 0 flights
  2026-05-27: 0 flights
  2026-05-26: 0 flights
  2026-05-25: 0 flights
  2026-05-24: 0 flights
2026-01-22 11:21:37 | INFO     | [SUCCESS] LF Search Complete

============================================================
[Worker_9233] ✓ COMPLETED: TUU-ATZ
  Results: 9 dates
  Errors: 0 dates
  Total Processed: 3 groups
============================================================

2026-01-22 11:21:37 | INFO     | [Worker_9233] Completed: TUU-ATZ - 9 results, 0 errors

============================================================
[Worker_9233] Processing: YNB-CAI
  Tier 0: Range 4, Chunk 1/4
  Dates: 9 days
  Date Range: 2026-06-01 to 2026-05-24
============================================================

2026-01-22 11:21:37 | INFO     | [Worker_9233] Processing: YNB-CAI
2026-01-22 11:21:37 | INFO     |   Tier 0: Range 4, Chunk 1/4 (9 days)
2026-01-22 11:21:37 | INFO     | ======================================================================
2026-01-22 11:21:37 | INFO     | Load Factor Scraper Started - Route: YNB-CAI
2026-01-22 11:21:37 | INFO     | Log file: D:\CODERED\LAB\Artifacts\outputs\run_generated_220126_at_11.20\logs\LF_YNB-CAI_20260122_112137.log
2026-01-22 11:21:37 | INFO     | Enhanced logging: Capturing both logging.info() and print()
2026-01-22 11:21:37 | INFO     | ======================================================================
[LF] Processing dates (override): ['01JUN', '31MAY', '30MAY', '29MAY', '28MAY', '27MAY', '26MAY', '25MAY', '24MAY']
[LF] Attaching to Chrome for Altea access
2026-01-22 11:21:37 | INFO     | Starting LF search for route: YNB-CAI
2026-01-22 11:21:37 | INFO     | [START] LF Search
[LF][[OK] SUCCESS] Connected to Chrome on 127.0.0.1:9233 (after 1 attempts)
2026-01-22 11:21:38 | INFO     | [HEALTH CHECK] [OK] Chrome connection is healthy
[LF][[OK] SUCCESS] Found Amadeus Altea window: Altéa Reservation Desktop
[LF][[INFO] INFO] URL: https://tc212.resdesktop.altea.amadeus.com/app_ard/apf/init/login?SITE=ESMPESMP&LANGUAGE=GB&MARKETS=ARDW_PROD_WBP&ACTION=clpLogin
2026-01-22 11:21:38 | INFO     | [DAY_START] Processing 01JUN
[LF] Processing YNB-CAI for 01JUN
2026-01-22 11:21:38 | INFO     | [lf.day.start] Processing YNB-CAI for 01JUN
[LF] 01JUN: found 1 direct flights
2026-01-22 11:21:40 | INFO     | [lf.day.flights_found] Found 1 flights on 01JUN
2026-01-22 11:21:42 | INFO     | [lf.flight.extracted] SM442 on 01JUN: BKG=0, LF=0.0%
[LF] SM442 01JUN: BKG=0, GRP=0, CAP=175, LF%=0.0%, Brd-Off=YNB-CAI
2026-01-22 11:21:44 | INFO     | [SUCCESS] Day 01JUN
2026-01-22 11:21:44 | INFO     | [DAY_START] Processing 31MAY
[LF] Processing YNB-CAI for 31MAY
2026-01-22 11:21:44 | INFO     | [lf.day.start] Processing YNB-CAI for 31MAY
[LF] 31MAY: found 1 direct flights
2026-01-22 11:21:46 | INFO     | [lf.day.flights_found] Found 1 flights on 31MAY
2026-01-22 11:21:48 | INFO     | [lf.flight.extracted] SM442 on 31MAY: BKG=0, LF=0.0%
[LF] SM442 31MAY: BKG=0, GRP=0, CAP=175, LF%=0.0%, Brd-Off=YNB-CAI
2026-01-22 11:21:50 | INFO     | [SUCCESS] Day 31MAY
2026-01-22 11:21:50 | INFO     | [DAY_START] Processing 30MAY
[LF] Processing YNB-CAI for 30MAY
2026-01-22 11:21:50 | INFO     | [lf.day.start] Processing YNB-CAI for 30MAY
[LF] 30MAY: found 2 direct flights
2026-01-22 11:21:51 | INFO     | [lf.day.flights_found] Found 2 flights on 30MAY
2026-01-22 11:21:53 | INFO     | [lf.flight.extracted] SM442 on 30MAY: BKG=0, LF=0.0%
[LF] SM442 30MAY: BKG=0, GRP=0, CAP=175, LF%=0.0%, Brd-Off=YNB-CAI
2026-01-22 11:21:56 | INFO     | [lf.flight.extracted] SM448 on 30MAY: BKG=0, LF=0.0%
[LF] SM448 30MAY: BKG=0, GRP=0, CAP=175, LF%=0.0%, Brd-Off=YNB-CAI
2026-01-22 11:21:58 | INFO     | [SUCCESS] Day 30MAY
2026-01-22 11:21:58 | INFO     | [DAY_START] Processing 29MAY
[LF] Processing YNB-CAI for 29MAY
2026-01-22 11:21:58 | INFO     | [lf.day.start] Processing YNB-CAI for 29MAY
[LF] 29MAY: found 1 direct flights
2026-01-22 11:21:59 | INFO     | [lf.day.flights_found] Found 1 flights on 29MAY
2026-01-22 11:22:02 | INFO     | [lf.flight.extracted] SM442 on 29MAY: BKG=0, LF=0.0%
[LF] SM442 29MAY: BKG=0, GRP=0, CAP=175, LF%=0.0%, Brd-Off=YNB-CAI
2026-01-22 11:22:03 | INFO     | [SUCCESS] Day 29MAY
2026-01-22 11:22:03 | INFO     | [DAY_START] Processing 28MAY
[LF] Processing YNB-CAI for 28MAY
2026-01-22 11:22:03 | INFO     | [lf.day.start] Processing YNB-CAI for 28MAY
[LF] 28MAY: found 1 direct flights
2026-01-22 11:22:04 | INFO     | [lf.day.flights_found] Found 1 flights on 28MAY
2026-01-22 11:22:07 | INFO     | [lf.flight.extracted] SM442 on 28MAY: BKG=0, LF=0.0%
[LF] SM442 28MAY: BKG=0, GRP=0, CAP=175, LF%=0.0%, Brd-Off=YNB-CAI
2026-01-22 11:22:08 | INFO     | [SUCCESS] Day 28MAY
2026-01-22 11:22:08 | INFO     | [DAY_START] Processing 27MAY
[LF] Processing YNB-CAI for 27MAY
2026-01-22 11:22:08 | INFO     | [lf.day.start] Processing YNB-CAI for 27MAY
[LF] No direct flights on 27MAY for YNB-CAI
2026-01-22 11:22:09 | WARNING  | [lf.day.no_flights] No direct flights on 27MAY
2026-01-22 11:22:09 | INFO     | [SUCCESS] Day 27MAY
2026-01-22 11:22:09 | INFO     | [DAY_START] Processing 26MAY
[LF] Processing YNB-CAI for 26MAY
2026-01-22 11:22:09 | INFO     | [lf.day.start] Processing YNB-CAI for 26MAY
[LF] 26MAY: found 1 direct flights
2026-01-22 11:22:11 | INFO     | [lf.day.flights_found] Found 1 flights on 26MAY
2026-01-22 11:22:13 | INFO     | [lf.flight.extracted] SM442 on 26MAY: BKG=7, LF=4.0%
[LF] SM442 26MAY: BKG=7, GRP=0, CAP=175, LF%=4.0%, Brd-Off=YNB-CAI, Classes: V:7
[LF] Getting WEEKLY/LASTSOLD data for 1 flights
[LF] SM442 26MAY: LASTSOLD=2026-01-05 00:00:00, WEEKLY=0, TODAY=0, YDAY=0
2026-01-22 11:22:15 | INFO     | [SUCCESS] Day 26MAY
2026-01-22 11:22:15 | INFO     | [DAY_START] Processing 25MAY
[LF] Processing YNB-CAI for 25MAY
2026-01-22 11:22:15 | INFO     | [lf.day.start] Processing YNB-CAI for 25MAY
[LF] 25MAY: found 1 direct flights
2026-01-22 11:22:16 | INFO     | [lf.day.flights_found] Found 1 flights on 25MAY
2026-01-22 11:22:18 | INFO     | [lf.flight.extracted] SM442 on 25MAY: BKG=0, LF=0.0%
[LF] SM442 25MAY: BKG=0, GRP=0, CAP=175, LF%=0.0%, Brd-Off=YNB-CAI
2026-01-22 11:22:20 | INFO     | [SUCCESS] Day 25MAY
2026-01-22 11:22:20 | INFO     | [DAY_START] Processing 24MAY
[LF] Processing YNB-CAI for 24MAY
2026-01-22 11:22:20 | INFO     | [lf.day.start] Processing YNB-CAI for 24MAY
[LF] 24MAY: found 1 direct flights
2026-01-22 11:22:21 | INFO     | [lf.day.flights_found] Found 1 flights on 24MAY
2026-01-22 11:22:23 | INFO     | [lf.flight.extracted] SM442 on 24MAY: BKG=0, LF=0.0%
[LF] SM442 24MAY: BKG=0, GRP=0, CAP=175, LF%=0.0%, Brd-Off=YNB-CAI
2026-01-22 11:22:25 | INFO     | [SUCCESS] Day 24MAY
[LF] Results summary:
  2026-06-01: 1 flights
  2026-05-31: 1 flights
  2026-05-30: 2 flights
  2026-05-29: 1 flights
  2026-05-28: 1 flights
  2026-05-27: 0 flights
  2026-05-26: 1 flights
  2026-05-25: 1 flights
  2026-05-24: 1 flights
2026-01-22 11:22:25 | INFO     | [SUCCESS] LF Search Complete

============================================================
[Worker_9233] ✓ COMPLETED: YNB-CAI
  Results: 9 dates
  Errors: 0 dates
  Total Processed: 4 groups
============================================================

2026-01-22 11:22:25 | INFO     | [Worker_9233] Completed: YNB-CAI - 9 results, 0 errors

============================================================
[Worker_9233] Processing: ATZ-RUH
  Tier 0: Range 4, Chunk 1/4
  Dates: 9 days
  Date Range: 2026-06-01 to 2026-05-24
============================================================

2026-01-22 11:22:25 | INFO     | [Worker_9233] Processing: ATZ-RUH
2026-01-22 11:22:25 | INFO     |   Tier 0: Range 4, Chunk 1/4 (9 days)
2026-01-22 11:22:25 | INFO     | ======================================================================
2026-01-22 11:22:25 | INFO     | Load Factor Scraper Started - Route: ATZ-RUH
2026-01-22 11:22:25 | INFO     | Log file: D:\CODERED\LAB\Artifacts\outputs\run_generated_220126_at_11.20\logs\LF_ATZ-RUH_20260122_112225.log
2026-01-22 11:22:25 | INFO     | Enhanced logging: Capturing both logging.info() and print()
2026-01-22 11:22:25 | INFO     | ======================================================================
[LF] Processing dates (override): ['01JUN', '31MAY', '30MAY', '29MAY', '28MAY', '27MAY', '26MAY', '25MAY', '24MAY']
[LF] Attaching to Chrome for Altea access
2026-01-22 11:22:25 | INFO     | Starting LF search for route: ATZ-RUH
2026-01-22 11:22:25 | INFO     | [START] LF Search
[LF][[OK] SUCCESS] Connected to Chrome on 127.0.0.1:9233 (after 1 attempts)
2026-01-22 11:22:26 | INFO     | [HEALTH CHECK] [OK] Chrome connection is healthy
[LF][[OK] SUCCESS] Found Amadeus Altea window: Altéa Reservation Desktop
[LF][[INFO] INFO] URL: https://tc212.resdesktop.altea.amadeus.com/app_ard/apf/init/login?SITE=ESMPESMP&LANGUAGE=GB&MARKETS=ARDW_PROD_WBP&ACTION=clpLogin
2026-01-22 11:22:27 | INFO     | [DAY_START] Processing 01JUN
[LF] Processing ATZ-RUH for 01JUN
2026-01-22 11:22:27 | INFO     | [lf.day.start] Processing ATZ-RUH for 01JUN
[LF] No direct flights on 01JUN for ATZ-RUH
2026-01-22 11:22:28 | WARNING  | [lf.day.no_flights] No direct flights on 01JUN
2026-01-22 11:22:28 | INFO     | [SUCCESS] Day 01JUN
2026-01-22 11:22:28 | INFO     | [DAY_START] Processing 31MAY
[LF] Processing ATZ-RUH for 31MAY
2026-01-22 11:22:28 | INFO     | [lf.day.start] Processing ATZ-RUH for 31MAY
[LF] No direct flights on 31MAY for ATZ-RUH
2026-01-22 11:22:29 | WARNING  | [lf.day.no_flights] No direct flights on 31MAY
2026-01-22 11:22:29 | INFO     | [SUCCESS] Day 31MAY
2026-01-22 11:22:29 | INFO     | [DAY_START] Processing 30MAY
[LF] Processing ATZ-RUH for 30MAY
2026-01-22 11:22:29 | INFO     | [lf.day.start] Processing ATZ-RUH for 30MAY
[LF] No direct flights on 30MAY for ATZ-RUH
2026-01-22 11:22:31 | WARNING  | [lf.day.no_flights] No direct flights on 30MAY
2026-01-22 11:22:31 | INFO     | [SUCCESS] Day 30MAY
2026-01-22 11:22:31 | INFO     | [DAY_START] Processing 29MAY
[LF] Processing ATZ-RUH for 29MAY
2026-01-22 11:22:31 | INFO     | [lf.day.start] Processing ATZ-RUH for 29MAY
[LF] No direct flights on 29MAY for ATZ-RUH
2026-01-22 11:22:32 | WARNING  | [lf.day.no_flights] No direct flights on 29MAY
2026-01-22 11:22:32 | INFO     | [SUCCESS] Day 29MAY
2026-01-22 11:22:32 | INFO     | [DAY_START] Processing 28MAY
[LF] Processing ATZ-RUH for 28MAY
2026-01-22 11:22:32 | INFO     | [lf.day.start] Processing ATZ-RUH for 28MAY
[LF] No direct flights on 28MAY for ATZ-RUH
2026-01-22 11:22:33 | WARNING  | [lf.day.no_flights] No direct flights on 28MAY
2026-01-22 11:22:33 | INFO     | [SUCCESS] Day 28MAY
2026-01-22 11:22:33 | INFO     | [DAY_START] Processing 27MAY
[LF] Processing ATZ-RUH for 27MAY
2026-01-22 11:22:33 | INFO     | [lf.day.start] Processing ATZ-RUH for 27MAY
[LF] 27MAY: found 1 direct flights
2026-01-22 11:22:34 | INFO     | [lf.day.flights_found] Found 1 flights on 27MAY
2026-01-22 11:22:36 | INFO     | [lf.flight.extracted] SM465 on 27MAY: BKG=3, LF=1.7%
[LF] SM465 27MAY: BKG=3, GRP=0, CAP=179, LF%=1.7%, Brd-Off=ATZ-RUH, Classes: I:3
[LF] Getting WEEKLY/LASTSOLD data for 1 flights
[LF] SM465 27MAY: LASTSOLD=2026-01-18 00:00:00, WEEKLY=1, TODAY=0, YDAY=0
2026-01-22 11:22:39 | INFO     | [SUCCESS] Day 27MAY
2026-01-22 11:22:39 | INFO     | [DAY_START] Processing 26MAY
[LF] Processing ATZ-RUH for 26MAY
2026-01-22 11:22:39 | INFO     | [lf.day.start] Processing ATZ-RUH for 26MAY
[LF] No direct flights on 26MAY for ATZ-RUH
2026-01-22 11:22:40 | WARNING  | [lf.day.no_flights] No direct flights on 26MAY
2026-01-22 11:22:40 | INFO     | [SUCCESS] Day 26MAY
2026-01-22 11:22:40 | INFO     | [DAY_START] Processing 25MAY
[LF] Processing ATZ-RUH for 25MAY
2026-01-22 11:22:40 | INFO     | [lf.day.start] Processing ATZ-RUH for 25MAY
[LF] No direct flights on 25MAY for ATZ-RUH
2026-01-22 11:22:41 | WARNING  | [lf.day.no_flights] No direct flights on 25MAY
2026-01-22 11:22:41 | INFO     | [SUCCESS] Day 25MAY
2026-01-22 11:22:41 | INFO     | [DAY_START] Processing 24MAY
[LF] Processing ATZ-RUH for 24MAY
2026-01-22 11:22:41 | INFO     | [lf.day.start] Processing ATZ-RUH for 24MAY
[LF] No direct flights on 24MAY for ATZ-RUH
2026-01-22 11:22:42 | WARNING  | [lf.day.no_flights] No direct flights on 24MAY
2026-01-22 11:22:42 | INFO     | [SUCCESS] Day 24MAY
[LF] Results summary:
  2026-06-01: 0 flights
  2026-05-31: 0 flights
  2026-05-30: 0 flights
  2026-05-29: 0 flights
  2026-05-28: 0 flights
  2026-05-27: 1 flights
  2026-05-26: 0 flights
  2026-05-25: 0 flights
  2026-05-24: 0 flights
2026-01-22 11:22:42 | INFO     | [SUCCESS] LF Search Complete

============================================================
[Worker_9233] ✓ COMPLETED: ATZ-RUH
  Results: 9 dates
  Errors: 0 dates
  Total Processed: 5 groups
============================================================

2026-01-22 11:22:42 | INFO     | [Worker_9233] Completed: ATZ-RUH - 9 results, 0 errors

============================================================
[Worker_9233] Processing: ATZ-TUU
  Tier 0: Range 4, Chunk 1/4
  Dates: 9 days
  Date Range: 2026-06-01 to 2026-05-24
============================================================

2026-01-22 11:22:42 | INFO     | [Worker_9233] Processing: ATZ-TUU
2026-01-22 11:22:42 | INFO     |   Tier 0: Range 4, Chunk 1/4 (9 days)
2026-01-22 11:22:42 | INFO     | ======================================================================
2026-01-22 11:22:42 | INFO     | Load Factor Scraper Started - Route: ATZ-TUU
2026-01-22 11:22:42 | INFO     | Log file: D:\CODERED\LAB\Artifacts\outputs\run_generated_220126_at_11.20\logs\LF_ATZ-TUU_20260122_112242.log
2026-01-22 11:22:42 | INFO     | Enhanced logging: Capturing both logging.info() and print()
2026-01-22 11:22:42 | INFO     | ======================================================================
[LF] Processing dates (override): ['01JUN', '31MAY', '30MAY', '29MAY', '28MAY', '27MAY', '26MAY', '25MAY', '24MAY']
[LF] Attaching to Chrome for Altea access
2026-01-22 11:22:42 | INFO     | Starting LF search for route: ATZ-TUU
2026-01-22 11:22:42 | INFO     | [START] LF Search
[LF][[OK] SUCCESS] Connected to Chrome on 127.0.0.1:9233 (after 1 attempts)
2026-01-22 11:22:53 | INFO     | [HEALTH CHECK] [OK] Chrome connection is healthy
[LF][[OK] SUCCESS] Found Amadeus Altea window: Altéa Reservation Desktop
[LF][[INFO] INFO] URL: https://tc212.resdesktop.altea.amadeus.com/app_ard/apf/init/login?SITE=ESMPESMP&LANGUAGE=GB&MARKETS=ARDW_PROD_WBP&ACTION=clpLogin
2026-01-22 11:22:53 | INFO     | [DAY_START] Processing 01JUN
[LF] Processing ATZ-TUU for 01JUN
2026-01-22 11:22:53 | INFO     | [lf.day.start] Processing ATZ-TUU for 01JUN
[LF] No direct flights on 01JUN for ATZ-TUU
2026-01-22 11:22:54 | WARNING  | [lf.day.no_flights] No direct flights on 01JUN
2026-01-22 11:22:54 | INFO     | [SUCCESS] Day 01JUN
2026-01-22 11:22:54 | INFO     | [DAY_START] Processing 31MAY
[LF] Processing ATZ-TUU for 31MAY
2026-01-22 11:22:54 | INFO     | [lf.day.start] Processing ATZ-TUU for 31MAY
[LF] No direct flights on 31MAY for ATZ-TUU
2026-01-22 11:22:55 | WARNING  | [lf.day.no_flights] No direct flights on 31MAY
2026-01-22 11:22:55 | INFO     | [SUCCESS] Day 31MAY
2026-01-22 11:22:55 | INFO     | [DAY_START] Processing 30MAY
[LF] Processing ATZ-TUU for 30MAY
2026-01-22 11:22:55 | INFO     | [lf.day.start] Processing ATZ-TUU for 30MAY
[LF] No direct flights on 30MAY for ATZ-TUU
2026-01-22 11:22:56 | WARNING  | [lf.day.no_flights] No direct flights on 30MAY
2026-01-22 11:22:57 | INFO     | [SUCCESS] Day 30MAY
2026-01-22 11:22:57 | INFO     | [DAY_START] Processing 29MAY
[LF] Processing ATZ-TUU for 29MAY
2026-01-22 11:22:57 | INFO     | [lf.day.start] Processing ATZ-TUU for 29MAY
[LF] No direct flights on 29MAY for ATZ-TUU
2026-01-22 11:22:58 | WARNING  | [lf.day.no_flights] No direct flights on 29MAY
2026-01-22 11:22:58 | INFO     | [SUCCESS] Day 29MAY
2026-01-22 11:22:58 | INFO     | [DAY_START] Processing 28MAY
[LF] Processing ATZ-TUU for 28MAY
2026-01-22 11:22:58 | INFO     | [lf.day.start] Processing ATZ-TUU for 28MAY
[LF] No direct flights on 28MAY for ATZ-TUU
2026-01-22 11:22:59 | WARNING  | [lf.day.no_flights] No direct flights on 28MAY
2026-01-22 11:22:59 | INFO     | [SUCCESS] Day 28MAY
2026-01-22 11:22:59 | INFO     | [DAY_START] Processing 27MAY
[LF] Processing ATZ-TUU for 27MAY
2026-01-22 11:22:59 | INFO     | [lf.day.start] Processing ATZ-TUU for 27MAY
[LF] No direct flights on 27MAY for ATZ-TUU
2026-01-22 11:23:00 | WARNING  | [lf.day.no_flights] No direct flights on 27MAY
2026-01-22 11:23:00 | INFO     | [SUCCESS] Day 27MAY
2026-01-22 11:23:00 | INFO     | [DAY_START] Processing 26MAY
[LF] Processing ATZ-TUU for 26MAY
2026-01-22 11:23:00 | INFO     | [lf.day.start] Processing ATZ-TUU for 26MAY
[LF] No direct flights on 26MAY for ATZ-TUU
2026-01-22 11:23:01 | WARNING  | [lf.day.no_flights] No direct flights on 26MAY
2026-01-22 11:23:01 | INFO     | [SUCCESS] Day 26MAY
2026-01-22 11:23:01 | INFO     | [DAY_START] Processing 25MAY
[LF] Processing ATZ-TUU for 25MAY
2026-01-22 11:23:01 | INFO     | [lf.day.start] Processing ATZ-TUU for 25MAY
[LF] No direct flights on 25MAY for ATZ-TUU
2026-01-22 11:23:02 | WARNING  | [lf.day.no_flights] No direct flights on 25MAY
2026-01-22 11:23:02 | INFO     | [SUCCESS] Day 25MAY
2026-01-22 11:23:02 | INFO     | [DAY_START] Processing 24MAY
[LF] Processing ATZ-TUU for 24MAY
2026-01-22 11:23:02 | INFO     | [lf.day.start] Processing ATZ-TUU for 24MAY
[LF] No direct flights on 24MAY for ATZ-TUU
2026-01-22 11:23:03 | WARNING  | [lf.day.no_flights] No direct flights on 24MAY
2026-01-22 11:23:03 | INFO     | [SUCCESS] Day 24MAY
[LF] Results summary:
  2026-06-01: 0 flights
  2026-05-31: 0 flights
  2026-05-30: 0 flights
  2026-05-29: 0 flights
  2026-05-28: 0 flights
  2026-05-27: 0 flights
  2026-05-26: 0 flights
  2026-05-25: 0 flights
  2026-05-24: 0 flights
2026-01-22 11:23:03 | INFO     | [SUCCESS] LF Search Complete

============================================================
[Worker_9233] ✓ COMPLETED: ATZ-TUU
  Results: 9 dates
  Errors: 0 dates
  Total Processed: 6 groups
============================================================

2026-01-22 11:23:03 | INFO     | [Worker_9233] Completed: ATZ-TUU - 9 results, 0 errors

============================================================
[Worker_9233] Processing: CAI-AHB
  Tier 0: Range 4, Chunk 1/4
  Dates: 9 days
  Date Range: 2026-06-01 to 2026-05-24
============================================================

2026-01-22 11:23:03 | INFO     | [Worker_9233] Processing: CAI-AHB
2026-01-22 11:23:03 | INFO     |   Tier 0: Range 4, Chunk 1/4 (9 days)
2026-01-22 11:23:03 | INFO     | ======================================================================
2026-01-22 11:23:03 | INFO     | Load Factor Scraper Started - Route: CAI-AHB
2026-01-22 11:23:03 | INFO     | Log file: D:\CODERED\LAB\Artifacts\outputs\run_generated_220126_at_11.20\logs\LF_CAI-AHB_20260122_112303.log
2026-01-22 11:23:03 | INFO     | Enhanced logging: Capturing both logging.info() and print()
2026-01-22 11:23:03 | INFO     | ======================================================================
[LF] Processing dates (override): ['01JUN', '31MAY', '30MAY', '29MAY', '28MAY', '27MAY', '26MAY', '25MAY', '24MAY']
[LF] Attaching to Chrome for Altea access
2026-01-22 11:23:03 | INFO     | Starting LF search for route: CAI-AHB
2026-01-22 11:23:03 | INFO     | [START] LF Search
[LF][[OK] SUCCESS] Connected to Chrome on 127.0.0.1:9233 (after 1 attempts)
2026-01-22 11:23:04 | INFO     | [HEALTH CHECK] [OK] Chrome connection is healthy
[LF][[OK] SUCCESS] Found Amadeus Altea window: Altéa Reservation Desktop
[LF][[INFO] INFO] URL: https://tc212.resdesktop.altea.amadeus.com/app_ard/apf/init/login?SITE=ESMPESMP&LANGUAGE=GB&MARKETS=ARDW_PROD_WBP&ACTION=clpLogin
2026-01-22 11:23:04 | INFO     | [DAY_START] Processing 01JUN
[LF] Processing CAI-AHB for 01JUN
2026-01-22 11:23:04 | INFO     | [lf.day.start] Processing CAI-AHB for 01JUN
[LF] 01JUN: found 1 direct flights
2026-01-22 11:23:05 | INFO     | [lf.day.flights_found] Found 1 flights on 01JUN
2026-01-22 11:23:07 | INFO     | [lf.flight.extracted] SM443 on 01JUN: BKG=1, LF=0.6%
[LF] SM443 01JUN: BKG=1, GRP=0, CAP=179, LF%=0.6%, Brd-Off=CAI-AHB, Classes: H:1
[LF] Getting WEEKLY/LASTSOLD data for 1 flights
[LF] SM443 01JUN: LASTSOLD=2026-01-10 00:00:00, WEEKLY=0, TODAY=0, YDAY=0
2026-01-22 11:23:09 | INFO     | [SUCCESS] Day 01JUN
2026-01-22 11:23:09 | INFO     | [DAY_START] Processing 31MAY
[LF] Processing CAI-AHB for 31MAY
2026-01-22 11:23:09 | INFO     | [lf.day.start] Processing CAI-AHB for 31MAY
[LF] No direct flights on 31MAY for CAI-AHB
2026-01-22 11:23:10 | WARNING  | [lf.day.no_flights] No direct flights on 31MAY
2026-01-22 11:23:11 | INFO     | [SUCCESS] Day 31MAY
2026-01-22 11:23:11 | INFO     | [DAY_START] Processing 30MAY
[LF] Processing CAI-AHB for 30MAY
2026-01-22 11:23:11 | INFO     | [lf.day.start] Processing CAI-AHB for 30MAY
[LF] 30MAY: found 1 direct flights
2026-01-22 11:23:11 | INFO     | [lf.day.flights_found] Found 1 flights on 30MAY
2026-01-22 11:23:13 | INFO     | [lf.flight.extracted] SM443 on 30MAY: BKG=1, LF=0.6%
[LF] SM443 30MAY: BKG=1, GRP=0, CAP=179, LF%=0.6%, Brd-Off=CAI-AHB, Classes: H:1
[LF] Getting WEEKLY/LASTSOLD data for 1 flights
[LF] SM443 30MAY: LASTSOLD=2025-11-17 00:00:00, WEEKLY=0, TODAY=0, YDAY=0
2026-01-22 11:23:16 | INFO     | [SUCCESS] Day 30MAY
2026-01-22 11:23:16 | INFO     | [DAY_START] Processing 29MAY
[LF] Processing CAI-AHB for 29MAY
2026-01-22 11:23:16 | INFO     | [lf.day.start] Processing CAI-AHB for 29MAY
[LF] No direct flights on 29MAY for CAI-AHB
2026-01-22 11:23:17 | WARNING  | [lf.day.no_flights] No direct flights on 29MAY
2026-01-22 11:23:17 | INFO     | [SUCCESS] Day 29MAY
2026-01-22 11:23:17 | INFO     | [DAY_START] Processing 28MAY
[LF] Processing CAI-AHB for 28MAY
2026-01-22 11:23:17 | INFO     | [lf.day.start] Processing CAI-AHB for 28MAY
[LF] 28MAY: found 1 direct flights
2026-01-22 11:23:19 | INFO     | [lf.day.flights_found] Found 1 flights on 28MAY
2026-01-22 11:23:21 | INFO     | [lf.flight.extracted] SM443 on 28MAY: BKG=0, LF=0.0%
[LF] SM443 28MAY: BKG=0, GRP=0, CAP=179, LF%=0.0%, Brd-Off=CAI-AHB
2026-01-22 11:23:22 | INFO     | [SUCCESS] Day 28MAY
2026-01-22 11:23:22 | INFO     | [DAY_START] Processing 27MAY
[LF] Processing CAI-AHB for 27MAY
2026-01-22 11:23:22 | INFO     | [lf.day.start] Processing CAI-AHB for 27MAY
[LF] 27MAY: found 1 direct flights
2026-01-22 11:23:23 | INFO     | [lf.day.flights_found] Found 1 flights on 27MAY
2026-01-22 11:23:25 | INFO     | [lf.flight.extracted] SM443 on 27MAY: BKG=0, LF=0.0%
[LF] SM443 27MAY: BKG=0, GRP=0, CAP=179, LF%=0.0%, Brd-Off=CAI-AHB
2026-01-22 11:23:26 | INFO     | [SUCCESS] Day 27MAY
2026-01-22 11:23:26 | INFO     | [DAY_START] Processing 26MAY
[LF] Processing CAI-AHB for 26MAY
2026-01-22 11:23:26 | INFO     | [lf.day.start] Processing CAI-AHB for 26MAY
[LF] No direct flights on 26MAY for CAI-AHB
2026-01-22 11:23:27 | WARNING  | [lf.day.no_flights] No direct flights on 26MAY
2026-01-22 11:23:27 | INFO     | [SUCCESS] Day 26MAY
2026-01-22 11:23:27 | INFO     | [DAY_START] Processing 25MAY
[LF] Processing CAI-AHB for 25MAY
2026-01-22 11:23:27 | INFO     | [lf.day.start] Processing CAI-AHB for 25MAY
[LF] 25MAY: found 1 direct flights
2026-01-22 11:23:28 | INFO     | [lf.day.flights_found] Found 1 flights on 25MAY
2026-01-22 11:23:31 | INFO     | [lf.flight.extracted] SM443 on 25MAY: BKG=0, LF=0.0%
[LF] SM443 25MAY: BKG=0, GRP=0, CAP=179, LF%=0.0%, Brd-Off=CAI-AHB
2026-01-22 11:23:32 | INFO     | [SUCCESS] Day 25MAY
2026-01-22 11:23:32 | INFO     | [DAY_START] Processing 24MAY
[LF] Processing CAI-AHB for 24MAY
2026-01-22 11:23:32 | INFO     | [lf.day.start] Processing CAI-AHB for 24MAY
[LF] No direct flights on 24MAY for CAI-AHB
2026-01-22 11:23:33 | WARNING  | [lf.day.no_flights] No direct flights on 24MAY
2026-01-22 11:23:34 | INFO     | [SUCCESS] Day 24MAY
[LF] Results summary:
  2026-06-01: 1 flights
  2026-05-31: 0 flights
  2026-05-30: 1 flights
  2026-05-29: 0 flights
  2026-05-28: 1 flights
  2026-05-27: 1 flights
  2026-05-26: 0 flights
  2026-05-25: 1 flights
  2026-05-24: 0 flights
2026-01-22 11:23:34 | INFO     | [SUCCESS] LF Search Complete

============================================================
[Worker_9233] ✓ COMPLETED: CAI-AHB
  Results: 9 dates
  Errors: 0 dates
  Total Processed: 7 groups
============================================================

2026-01-22 11:23:34 | INFO     | [Worker_9233] Completed: CAI-AHB - 9 results, 0 errors

============================================================
[Worker_9233] Processing: JED-ATZ
  Tier 0: Range 4, Chunk 2/4
  Dates: 8 days
  Date Range: 2026-05-23 to 2026-05-16
============================================================

2026-01-22 11:23:34 | INFO     | [Worker_9233] Processing: JED-ATZ
2026-01-22 11:23:34 | INFO     |   Tier 0: Range 4, Chunk 2/4 (8 days)
2026-01-22 11:23:34 | INFO     | ======================================================================
2026-01-22 11:23:34 | INFO     | Load Factor Scraper Started - Route: JED-ATZ
2026-01-22 11:23:34 | INFO     | Log file: D:\CODERED\LAB\Artifacts\outputs\run_generated_220126_at_11.20\logs\LF_JED-ATZ_20260122_112334.log
2026-01-22 11:23:34 | INFO     | Enhanced logging: Capturing both logging.info() and print()
2026-01-22 11:23:34 | INFO     | ======================================================================
[LF] Processing dates (override): ['23MAY', '22MAY', '21MAY', '20MAY', '19MAY', '18MAY', '17MAY', '16MAY']
[LF] Attaching to Chrome for Altea access
2026-01-22 11:23:34 | INFO     | Starting LF search for route: JED-ATZ
2026-01-22 11:23:34 | INFO     | [START] LF Search
[LF][[OK] SUCCESS] Connected to Chrome on 127.0.0.1:9233 (after 1 attempts)
2026-01-22 11:23:35 | INFO     | [HEALTH CHECK] [OK] Chrome connection is healthy
[LF][[OK] SUCCESS] Found Amadeus Altea window: Altéa Reservation Desktop
[LF][[INFO] INFO] URL: https://tc212.resdesktop.altea.amadeus.com/app_ard/apf/init/login?SITE=ESMPESMP&LANGUAGE=GB&MARKETS=ARDW_PROD_WBP&ACTION=clpLogin
2026-01-22 11:23:35 | INFO     | [DAY_START] Processing 23MAY
[LF] Processing JED-ATZ for 23MAY
2026-01-22 11:23:35 | INFO     | [lf.day.start] Processing JED-ATZ for 23MAY
[LF] 23MAY: found 1 direct flights
2026-01-22 11:23:36 | INFO     | [lf.day.flights_found] Found 1 flights on 23MAY
2026-01-22 11:23:39 | INFO     | [lf.flight.extracted] SM456 on 23MAY: BKG=0, LF=0.0%
[LF] SM456 23MAY: BKG=0, GRP=0, CAP=175, LF%=0.0%, Brd-Off=JED-ATZ
2026-01-22 11:23:40 | INFO     | [SUCCESS] Day 23MAY
2026-01-22 11:23:40 | INFO     | [DAY_START] Processing 22MAY
[LF] Processing JED-ATZ for 22MAY
2026-01-22 11:23:40 | INFO     | [lf.day.start] Processing JED-ATZ for 22MAY
[LF] 22MAY: found 1 direct flights
2026-01-22 11:23:41 | INFO     | [lf.day.flights_found] Found 1 flights on 22MAY
2026-01-22 11:23:44 | INFO     | [lf.flight.extracted] SM456 on 22MAY: BKG=12, LF=6.9%
[LF] SM456 22MAY: BKG=12, GRP=0, CAP=175, LF%=6.9%, Brd-Off=JED-ATZ, Classes: T:6, W:6
[LF] Getting WEEKLY/LASTSOLD data for 1 flights
[LF] SM456 22MAY: LASTSOLD=2026-01-21 00:00:00, WEEKLY=2, TODAY=0, YDAY=1
2026-01-22 11:23:48 | INFO     | [SUCCESS] Day 22MAY
2026-01-22 11:23:48 | INFO     | [DAY_START] Processing 21MAY
[LF] Processing JED-ATZ for 21MAY
2026-01-22 11:23:48 | INFO     | [lf.day.start] Processing JED-ATZ for 21MAY
[LF] 21MAY: found 1 direct flights
2026-01-22 11:23:49 | INFO     | [lf.day.flights_found] Found 1 flights on 21MAY
2026-01-22 11:23:51 | INFO     | [lf.flight.extracted] SM456 on 21MAY: BKG=9, LF=5.1%
[LF] SM456 21MAY: BKG=9, GRP=0, CAP=175, LF%=5.1%, Brd-Off=JED-ATZ, Classes: I:5, T:4
[LF] Getting WEEKLY/LASTSOLD data for 1 flights
[LF] SM456 21MAY: LASTSOLD=2025-12-26 00:00:00, WEEKLY=0, TODAY=0, YDAY=0
2026-01-22 11:23:54 | INFO     | [SUCCESS] Day 21MAY
2026-01-22 11:23:54 | INFO     | [DAY_START] Processing 20MAY
[LF] Processing JED-ATZ for 20MAY
2026-01-22 11:23:54 | INFO     | [lf.day.start] Processing JED-ATZ for 20MAY
[LF] 20MAY: found 1 direct flights
2026-01-22 11:23:55 | INFO     | [lf.day.flights_found] Found 1 flights on 20MAY
2026-01-22 11:23:57 | INFO     | [lf.flight.extracted] SM456 on 20MAY: BKG=4, LF=2.3%
[LF] SM456 20MAY: BKG=4, GRP=0, CAP=175, LF%=2.3%, Brd-Off=JED-ATZ, Classes: I:4
[LF] Getting WEEKLY/LASTSOLD data for 1 flights
[LF] SM456 20MAY: LASTSOLD=2025-12-09 00:00:00, WEEKLY=0, TODAY=0, YDAY=0
2026-01-22 11:23:59 | INFO     | [SUCCESS] Day 20MAY
2026-01-22 11:23:59 | INFO     | [DAY_START] Processing 19MAY
[LF] Processing JED-ATZ for 19MAY
2026-01-22 11:23:59 | INFO     | [lf.day.start] Processing JED-ATZ for 19MAY
[LF] 19MAY: found 1 direct flights
2026-01-22 11:24:00 | INFO     | [lf.day.flights_found] Found 1 flights on 19MAY
2026-01-22 11:24:02 | INFO     | [lf.flight.extracted] SM456 on 19MAY: BKG=0, LF=0.0%
[LF] SM456 19MAY: BKG=0, GRP=0, CAP=175, LF%=0.0%, Brd-Off=JED-ATZ
2026-01-22 11:24:03 | INFO     | [SUCCESS] Day 19MAY
2026-01-22 11:24:03 | INFO     | [DAY_START] Processing 18MAY
[LF] Processing JED-ATZ for 18MAY
2026-01-22 11:24:03 | INFO     | [lf.day.start] Processing JED-ATZ for 18MAY
[LF] 18MAY: found 1 direct flights
2026-01-22 11:24:04 | INFO     | [lf.day.flights_found] Found 1 flights on 18MAY
[LF][RETRY] Error processing 2026-05-18: ('Connection aborted.', ConnectionResetError(10054, 'An existing connection was forcibly closed by the remote host', None, 10054, None))
[LF][INFO] Program will keep trying until successful...
