2026-01-22 11:21:06,885 | INFO     | [Worker_9233] Completed: JED-LXR - 9 results, 0 errors
2026-01-22 11:21:06,886 | INFO     | [Worker_9233] Processing: RUH-ATZ
2026-01-22 11:21:06,886 | INFO     |   Tier 0: Range 4, Chunk 1/4 (9 days)
2026-01-22 11:21:24,831 | INFO     | [Worker_9233] Completed: RUH-ATZ - 9 results, 0 errors
2026-01-22 11:21:24,836 | INFO     | [Worker_9233] Processing: TUU-ATZ
2026-01-22 11:21:24,836 | INFO     |   Tier 0: Range 4, Chunk 1/4 (9 days)
2026-01-22 11:21:37,556 | INFO     | [Worker_9233] Completed: TUU-ATZ - 9 results, 0 errors
2026-01-22 11:21:37,559 | INFO     | [Worker_9233] Processing: YNB-CAI
2026-01-22 11:21:37,559 | INFO     |   Tier 0: Range 4, Chunk 1/4 (9 days)
2026-01-22 11:22:25,134 | INFO     | [Worker_9233] Completed: YNB-CAI - 9 results, 0 errors
2026-01-22 11:22:25,137 | INFO     | [Worker_9233] Processing: ATZ-RUH
2026-01-22 11:22:25,137 | INFO     |   Tier 0: Range 4, Chunk 1/4 (9 days)
2026-01-22 11:22:42,469 | INFO     | [Worker_9233] Completed: ATZ-RUH - 9 results, 0 errors
2026-01-22 11:22:42,470 | INFO     | [Worker_9233] Processing: ATZ-TUU
2026-01-22 11:22:42,470 | INFO     |   Tier 0: Range 4, Chunk 1/4 (9 days)
2026-01-22 11:23:03,851 | INFO     | [Worker_9233] Completed: ATZ-TUU - 9 results, 0 errors
2026-01-22 11:23:03,852 | INFO     | [Worker_9233] Processing: CAI-AHB
2026-01-22 11:23:03,852 | INFO     |   Tier 0: Range 4, Chunk 1/4 (9 days)
2026-01-22 11:23:34,083 | INFO     | [Worker_9233] Completed: CAI-AHB - 9 results, 0 errors
2026-01-22 11:23:34,084 | INFO     | [Worker_9233] Processing: JED-ATZ
2026-01-22 11:23:34,085 | INFO     |   Tier 0: Range 4, Chunk 2/4 (8 days)
