2026-01-30 05:16:46,652 | INFO     | [Worker_9224] Completed: MED-HBE - 8 results, 0 errors
2026-01-30 05:16:46,653 | INFO     | [Worker_9224] Processing: TUU-CAI
2026-01-30 05:16:46,654 | INFO     |   Tier 0: Range 4, Chunk 1/4 (8 days)
2026-01-30 05:17:11,552 | INFO     | [Worker_9224] Completed: TUU-CAI - 8 results, 0 errors
2026-01-30 05:17:11,553 | INFO     | [Worker_9224] Processing: ELQ-ATZ
2026-01-30 05:17:11,553 | INFO     |   Tier 0: Range 4, Chunk 1/4 (8 days)
2026-01-30 05:17:20,954 | INFO     | [Worker_9224] Completed: ELQ-ATZ - 8 results, 0 errors
2026-01-30 05:17:20,955 | INFO     | [Worker_9224] Processing: CAI-JED
2026-01-30 05:17:20,955 | INFO     |   Tier 0: Range 4, Chunk 1/4 (8 days)
2026-01-30 05:18:45,150 | INFO     | [Worker_9224] Completed: CAI-JED - 8 results, 0 errors
2026-01-30 05:18:45,152 | INFO     | [Worker_9224] Processing: RUH-CAI
2026-01-30 05:18:45,152 | INFO     |   Tier 0: Range 4, Chunk 2/4 (8 days)
2026-01-30 05:19:36,709 | INFO     | [Worker_9224] Completed: RUH-CAI - 8 results, 0 errors
2026-01-30 05:19:36,710 | INFO     | [Worker_9224] Processing: HBE-MED
2026-01-30 05:19:36,710 | INFO     |   Tier 0: Range 4, Chunk 2/4 (8 days)
2026-01-30 05:19:54,322 | INFO     | [Worker_9224] Completed: HBE-MED - 8 results, 0 errors
2026-01-30 05:19:54,322 | INFO     | [Worker_9224] Processing: ASW-JED
2026-01-30 05:19:54,322 | INFO     |   Tier 0: Range 4, Chunk 2/4 (8 days)
2026-01-30 05:20:04,177 | INFO     | [Worker_9224] Completed: ASW-JED - 8 results, 0 errors
2026-01-30 05:20:04,177 | INFO     | [Worker_9224] Processing: CAI-TUU
2026-01-30 05:20:04,178 | INFO     |   Tier 0: Range 4, Chunk 2/4 (8 days)
2026-01-30 05:20:31,549 | INFO     | [Worker_9224] Completed: CAI-TUU - 8 results, 0 errors
2026-01-30 05:20:31,550 | INFO     | [Worker_9224] Processing: MED-CAI
2026-01-30 05:20:31,550 | INFO     |   Tier 0: Range 4, Chunk 3/4 (8 days)
2026-01-30 05:20:57,577 | INFO     | [Worker_9224] Completed: MED-CAI - 8 results, 0 errors
2026-01-30 05:20:57,579 | INFO     | [Worker_9224] Processing: DMM-CAI
2026-01-30 05:20:57,579 | INFO     |   Tier 0: Range 4, Chunk 3/4 (8 days)
2026-01-30 05:21:39,122 | INFO     | [Worker_9224] Completed: DMM-CAI - 8 results, 0 errors
2026-01-30 05:21:39,123 | INFO     | [Worker_9224] Processing: ATZ-MED
2026-01-30 05:21:39,123 | INFO     |   Tier 0: Range 4, Chunk 3/4 (8 days)
2026-01-30 05:21:53,507 | INFO     | [Worker_9224] Completed: ATZ-MED - 8 results, 0 errors
2026-01-30 05:21:53,508 | INFO     | [Worker_9224] Processing: LXR-JED
2026-01-30 05:21:53,508 | INFO     |   Tier 0: Range 4, Chunk 3/4 (8 days)
2026-01-30 05:22:03,134 | INFO     | [Worker_9224] Completed: LXR-JED - 8 results, 0 errors
2026-01-30 05:22:03,135 | INFO     | [Worker_9224] Processing: CAI-DMM
2026-01-30 05:22:03,136 | INFO     |   Tier 0: Range 4, Chunk 3/4 (8 days)
2026-01-30 05:22:41,474 | INFO     | [Worker_9224] Completed: CAI-DMM - 8 results, 0 errors
2026-01-30 05:22:41,475 | INFO     | [Worker_9224] Processing: MED-HBE
2026-01-30 05:22:41,475 | INFO     |   Tier 0: Range 4, Chunk 4/4 (7 days)
2026-01-30 05:22:58,129 | INFO     | [Worker_9224] Completed: MED-HBE - 7 results, 0 errors
2026-01-30 05:22:58,131 | INFO     | [Worker_9224] Processing: JED-LXR
2026-01-30 05:22:58,131 | INFO     |   Tier 0: Range 4, Chunk 4/4 (7 days)
2026-01-30 05:23:07,794 | INFO     | [Worker_9224] Completed: JED-LXR - 7 results, 0 errors
2026-01-30 05:23:07,795 | INFO     | [Worker_9224] Processing: DMM-ATZ
2026-01-30 05:23:07,795 | INFO     |   Tier 0: Range 4, Chunk 4/4 (7 days)
2026-01-30 05:23:36,741 | INFO     | [Worker_9224] Completed: DMM-ATZ - 7 results, 0 errors
2026-01-30 05:23:36,742 | INFO     | [Worker_9224] Processing: YNB-CAI
2026-01-30 05:23:36,742 | INFO     |   Tier 0: Range 4, Chunk 4/4 (7 days)
2026-01-30 05:24:15,821 | INFO     | [Worker_9224] Completed: YNB-CAI - 7 results, 0 errors
2026-01-30 05:24:15,822 | INFO     | [Worker_9224] Processing: ATZ-JED
2026-01-30 05:24:15,823 | INFO     |   Tier 0: Range 4, Chunk 4/4 (7 days)
2026-01-30 05:24:55,371 | INFO     | [Worker_9224] Completed: ATZ-JED - 7 results, 0 errors
2026-01-30 05:24:55,372 | INFO     | [Worker_9224] Processing: CAI-GIZ
2026-01-30 05:24:55,372 | INFO     |   Tier 0: Range 4, Chunk 4/4 (7 days)
2026-01-30 05:25:16,873 | INFO     | [Worker_9224] Completed: CAI-GIZ - 7 results, 0 errors
2026-01-30 05:25:16,873 | INFO     | [Worker_9224] Processing: JED-ASW
2026-01-30 05:25:16,873 | INFO     |   Tier 0: Range 3, Chunk 1/3 (10 days)
2026-01-30 05:25:28,974 | INFO     | [Worker_9224] Completed: JED-ASW - 10 results, 0 errors
2026-01-30 05:25:28,975 | INFO     | [Worker_9224] Processing: DMM-ATZ
2026-01-30 05:25:28,975 | INFO     |   Tier 0: Range 3, Chunk 1/3 (10 days)
2026-01-30 05:25:40,925 | INFO     | [Worker_9224] Completed: DMM-ATZ - 10 results, 0 errors
2026-01-30 05:25:40,927 | INFO     | [Worker_9224] Processing: AJF-CAI
2026-01-30 05:25:40,927 | INFO     |   Tier 0: Range 3, Chunk 1/3 (10 days)
2026-01-30 05:26:06,777 | INFO     | [Worker_9224] Completed: AJF-CAI - 10 results, 0 errors
2026-01-30 05:26:06,778 | INFO     | [Worker_9224] Processing: HBE-MED
2026-01-30 05:26:06,778 | INFO     |   Tier 0: Range 3, Chunk 1/3 (10 days)
2026-01-30 05:26:27,628 | INFO     | [Worker_9224] Completed: HBE-MED - 10 results, 0 errors
2026-01-30 05:26:27,630 | INFO     | [Worker_9224] Processing: LXR-JED
2026-01-30 05:26:27,630 | INFO     |   Tier 0: Range 3, Chunk 1/3 (10 days)
2026-01-30 05:26:41,062 | INFO     | [Worker_9224] Completed: LXR-JED - 10 results, 0 errors
2026-01-30 05:26:41,064 | INFO     | [Worker_9224] Processing: ATZ-RUH
2026-01-30 05:26:41,064 | INFO     |   Tier 0: Range 3, Chunk 1/3 (10 days)
2026-01-30 05:27:06,761 | INFO     | [Worker_9224] Completed: ATZ-RUH - 10 results, 0 errors
2026-01-30 05:27:06,764 | INFO     | [Worker_9224] Processing: CAI-AJF
2026-01-30 05:27:06,764 | INFO     |   Tier 0: Range 3, Chunk 1/3 (10 days)
2026-01-30 05:27:54,941 | INFO     | [Worker_9224] Completed: CAI-AJF - 10 results, 0 errors
2026-01-30 05:27:54,942 | INFO     | [Worker_9224] Processing: JED-HBE
2026-01-30 05:27:54,942 | INFO     |   Tier 0: Range 3, Chunk 2/3 (10 days)
2026-01-30 05:28:37,874 | INFO     | [Worker_9224] Completed: JED-HBE - 10 results, 0 errors
2026-01-30 05:28:37,875 | INFO     | [Worker_9224] Processing: AJF-CAI
2026-01-30 05:28:37,875 | INFO     |   Tier 0: Range 3, Chunk 2/3 (10 days)
2026-01-30 05:29:08,266 | INFO     | [Worker_9224] Completed: AJF-CAI - 10 results, 0 errors
2026-01-30 05:29:08,267 | INFO     | [Worker_9224] Processing: HBE-MED
2026-01-30 05:29:08,267 | INFO     |   Tier 0: Range 3, Chunk 2/3 (10 days)
2026-01-30 05:29:33,720 | INFO     | [Worker_9224] Completed: HBE-MED - 10 results, 0 errors
2026-01-30 05:29:33,721 | INFO     | [Worker_9224] Processing: LXR-JED
2026-01-30 05:29:33,721 | INFO     |   Tier 0: Range 3, Chunk 2/3 (10 days)
2026-01-30 05:29:47,157 | INFO     | [Worker_9224] Completed: LXR-JED - 10 results, 0 errors
2026-01-30 05:29:47,158 | INFO     | [Worker_9224] Processing: CAI-DMM
2026-01-30 05:29:47,159 | INFO     |   Tier 0: Range 3, Chunk 2/3 (10 days)
2026-01-30 05:30:49,441 | INFO     | [Worker_9224] Completed: CAI-DMM - 10 results, 0 errors
2026-01-30 05:30:49,442 | INFO     | [Worker_9224] Processing: JED-CAI
2026-01-30 05:30:49,442 | INFO     |   Tier 0: Range 3, Chunk 3/3 (10 days)
2026-01-30 05:34:47,655 | INFO     | [Worker_9224] Completed: JED-CAI - 10 results, 0 errors
2026-01-30 05:34:47,658 | INFO     | [Worker_9224] Processing: MED-CAI
2026-01-30 05:34:47,658 | INFO     |   Tier 0: Range 2, Chunk 1/3 (10 days)
2026-01-30 05:38:25,267 | INFO     | [Worker_9224] Completed: MED-CAI - 10 results, 0 errors
2026-01-30 05:38:25,274 | INFO     | [Worker_9224] Processing: TUU-ATZ
2026-01-30 05:38:25,274 | INFO     |   Tier 0: Range 2, Chunk 1/3 (10 days)
2026-01-30 05:39:05,682 | INFO     | [Worker_9224] Completed: TUU-ATZ - 10 results, 0 errors
2026-01-30 05:39:05,688 | INFO     | [Worker_9224] Processing: AJF-ATZ
2026-01-30 05:39:05,689 | INFO     |   Tier 0: Range 2, Chunk 1/3 (10 days)
2026-01-30 05:39:52,088 | INFO     | [Worker_9224] Completed: AJF-ATZ - 10 results, 0 errors
2026-01-30 05:39:52,090 | INFO     | [Worker_9224] Processing: ELQ-ATZ
2026-01-30 05:39:52,091 | INFO     |   Tier 0: Range 2, Chunk 1/3 (10 days)
2026-01-30 05:41:43,243 | INFO     | [Worker_9224] Completed: ELQ-ATZ - 10 results, 0 errors
2026-01-30 05:41:43,247 | INFO     | [Worker_9224] Processing: LXR-JED
2026-01-30 05:41:43,248 | INFO     |   Tier 0: Range 2, Chunk 1/3 (10 days)
2026-01-30 05:42:56,913 | INFO     | [Worker_9224] Completed: LXR-JED - 10 results, 0 errors
2026-01-30 05:42:56,919 | INFO     | [Worker_9224] Processing: ATZ-DMM
2026-01-30 05:42:56,920 | INFO     |   Tier 0: Range 2, Chunk 1/3 (10 days)
2026-01-30 05:44:05,115 | INFO     | [Worker_9224] Completed: ATZ-DMM - 10 results, 0 errors
2026-01-30 05:44:05,120 | INFO     | [Worker_9224] Processing: ATZ-TUU
2026-01-30 05:44:05,121 | INFO     |   Tier 0: Range 2, Chunk 1/3 (10 days)
2026-01-30 05:44:48,991 | INFO     | [Worker_9224] Completed: ATZ-TUU - 10 results, 0 errors
2026-01-30 05:44:48,993 | INFO     | [Worker_9224] Processing: CAI-AHB
2026-01-30 05:44:48,994 | INFO     |   Tier 0: Range 2, Chunk 1/3 (10 days)
2026-01-30 05:46:37,208 | INFO     | [Worker_9224] Completed: CAI-AHB - 10 results, 0 errors
2026-01-30 05:46:37,215 | INFO     | [Worker_9224] Processing: JED-ATZ
2026-01-30 05:46:37,216 | INFO     |   Tier 0: Range 2, Chunk 2/3 (10 days)
2026-01-30 05:51:28,422 | INFO     | [Worker_9224] Completed: JED-ATZ - 10 results, 0 errors
2026-01-30 05:51:28,427 | INFO     | [Worker_9224] Processing: ATZ-JED
2026-01-30 05:51:28,428 | INFO     |   Tier 0: Range 2, Chunk 2/3 (10 days)
2026-01-30 05:54:03,427 | INFO     | [Worker_9224] Completed: ATZ-JED - 10 results, 0 errors
2026-01-30 05:54:03,433 | INFO     | [Worker_9224] Processing: CAI-GIZ
2026-01-30 05:54:03,433 | INFO     |   Tier 0: Range 2, Chunk 2/3 (10 days)
2026-01-30 05:54:38,359 | INFO     | [Worker_9224] Completed: CAI-GIZ - 10 results, 0 errors
2026-01-30 05:54:38,361 | INFO     | [Worker_9224] Processing: JED-LXR
2026-01-30 05:54:38,361 | INFO     |   Tier 0: Range 2, Chunk 3/3 (10 days)
2026-01-30 05:55:18,865 | INFO     | [Worker_9224] Completed: JED-LXR - 10 results, 0 errors
2026-01-30 05:55:18,867 | INFO     | [Worker_9224] Processing: DMM-ATZ
2026-01-30 05:55:18,868 | INFO     |   Tier 0: Range 2, Chunk 3/3 (10 days)
2026-01-30 05:55:51,717 | INFO     | [Worker_9224] Completed: DMM-ATZ - 10 results, 0 errors
2026-01-30 05:55:51,718 | INFO     | [Worker_9224] Processing: AHB-CAI
2026-01-30 05:55:51,718 | INFO     |   Tier 0: Range 2, Chunk 3/3 (10 days)
2026-01-30 05:56:39,671 | INFO     | [Worker_9224] Completed: AHB-CAI - 10 results, 0 errors
2026-01-30 05:56:39,672 | INFO     | [Worker_9224] Processing: HBE-MED
2026-01-30 05:56:39,672 | INFO     |   Tier 0: Range 2, Chunk 3/3 (10 days)
2026-01-30 05:57:20,541 | INFO     | [Worker_9224] Completed: HBE-MED - 10 results, 0 errors
2026-01-30 05:57:20,543 | INFO     | [Worker_9224] Processing: CAI-RUH
2026-01-30 05:57:20,543 | INFO     |   Tier 0: Range 2, Chunk 3/3 (10 days)
2026-01-30 05:58:28,415 | INFO     | [Worker_9224] Completed: CAI-RUH - 10 results, 0 errors
2026-01-30 05:58:28,417 | INFO     | [Worker_9224] Processing: ATZ-ELQ
2026-01-30 05:58:28,417 | INFO     |   Tier 0: Range 2, Chunk 3/3 (10 days)
2026-01-30 05:58:56,830 | INFO     | [Worker_9224] Completed: ATZ-ELQ - 10 results, 0 errors
2026-01-30 05:58:56,877 | INFO     | [Worker_9224] Processing: JED-CAI
2026-01-30 05:58:56,877 | INFO     |   Tier 0: Range 1, Chunk 1/3 (10 days)
2026-01-30 06:04:33,314 | INFO     | [Worker_9224] Completed: JED-CAI - 10 results, 0 errors
2026-01-30 06:04:33,316 | INFO     | [Worker_9224] Processing: JED-LXR
2026-01-30 06:04:33,316 | INFO     |   Tier 0: Range 1, Chunk 2/3 (10 days)
2026-01-30 06:07:49,619 | INFO     | [Worker_9224] Completed: JED-LXR - 10 results, 0 errors
2026-01-30 06:07:49,620 | INFO     | [Worker_9224] Processing: ATZ-JED
2026-01-30 06:07:49,620 | INFO     |   Tier 0: Range 1, Chunk 2/3 (10 days)
2026-01-30 06:11:15,380 | INFO     | [Worker_9224] Completed: ATZ-JED - 10 results, 0 errors
2026-01-30 06:11:15,382 | INFO     | [Worker_9224] Processing: RUH-ATZ
2026-01-30 06:11:15,382 | INFO     |   Tier 0: Range 1, Chunk 3/3 (10 days)
2026-01-30 06:11:57,934 | INFO     | [Worker_9224] Completed: RUH-ATZ - 9 results, 0 errors
2026-01-30 06:11:57,935 | INFO     | [Worker_9224] Processing: AJF-CAI
2026-01-30 06:11:57,935 | INFO     |   Tier 0: Range 1, Chunk 3/3 (10 days)
2026-01-30 06:12:43,854 | INFO     | [Worker_9224] Completed: AJF-CAI - 9 results, 0 errors
2026-01-30 06:12:43,855 | INFO     | [Worker_9224] Processing: ELQ-ATZ
2026-01-30 06:12:43,855 | INFO     |   Tier 0: Range 1, Chunk 3/3 (10 days)
2026-01-30 06:13:18,013 | INFO     | [Worker_9224] Completed: ELQ-ATZ - 9 results, 0 errors
2026-01-30 06:13:18,014 | INFO     | [Worker_9224] Processing: HBE-JED
2026-01-30 06:13:18,014 | INFO     |   Tier 0: Range 1, Chunk 3/3 (10 days)
2026-01-30 06:15:20,483 | INFO     | [Worker_9224] Completed: HBE-JED - 9 results, 0 errors
2026-01-30 06:15:20,485 | INFO     | [Worker_9224] Processing: CAI-ELQ
2026-01-30 06:15:20,485 | INFO     |   Tier 0: Range 1, Chunk 3/3 (10 days)
2026-01-30 06:15:54,669 | INFO     | [Worker_9224] Completed: CAI-ELQ - 9 results, 0 errors
2026-01-30 06:21:40,202 | INFO     | [Worker_9224] Shutdown signal received, exiting...
2026-01-30 06:21:40,203 | INFO     | [Worker_9224] Finished. Processed 57 groups.
