2026-01-30 05:17:06,583 | INFO     | [Worker_9226] Completed: JED-HBE - 8 results, 0 errors
2026-01-30 05:17:06,584 | INFO     | [Worker_9226] Processing: AHB-CAI
2026-01-30 05:17:06,584 | INFO     |   Tier 0: Range 4, Chunk 1/4 (8 days)
2026-01-30 05:17:36,006 | INFO     | [Worker_9226] Completed: AHB-CAI - 8 results, 0 errors
2026-01-30 05:17:36,006 | INFO     | [Worker_9226] Processing: CAI-RUH
2026-01-30 05:17:36,006 | INFO     |   Tier 0: Range 4, Chunk 1/4 (8 days)
2026-01-30 05:18:11,442 | INFO     | [Worker_9226] Completed: CAI-RUH - 8 results, 0 errors
2026-01-30 05:18:11,443 | INFO     | [Worker_9226] Processing: ATZ-ELQ
2026-01-30 05:18:11,443 | INFO     |   Tier 0: Range 4, Chunk 1/4 (8 days)
2026-01-30 05:18:20,866 | INFO     | [Worker_9226] Completed: ATZ-ELQ - 8 results, 0 errors
2026-01-30 05:18:20,868 | INFO     | [Worker_9226] Processing: MED-HBE
2026-01-30 05:18:20,868 | INFO     |   Tier 0: Range 4, Chunk 2/4 (8 days)
2026-01-30 05:18:46,493 | INFO     | [Worker_9226] Completed: MED-HBE - 8 results, 0 errors
2026-01-30 05:18:46,494 | INFO     | [Worker_9226] Processing: RUH-ATZ
2026-01-30 05:18:46,494 | INFO     |   Tier 0: Range 4, Chunk 2/4 (8 days)
2026-01-30 05:19:06,524 | INFO     | [Worker_9226] Completed: RUH-ATZ - 8 results, 0 errors
2026-01-30 05:19:06,526 | INFO     | [Worker_9226] Processing: AJF-CAI
2026-01-30 05:19:06,526 | INFO     |   Tier 0: Range 4, Chunk 2/4 (8 days)
2026-01-30 05:19:29,736 | INFO     | [Worker_9226] Completed: AJF-CAI - 8 results, 0 errors
2026-01-30 05:19:29,737 | INFO     | [Worker_9226] Processing: CAI-MED
2026-01-30 05:19:29,737 | INFO     |   Tier 0: Range 4, Chunk 2/4 (8 days)
2026-01-30 05:19:57,510 | INFO     | [Worker_9226] Completed: CAI-MED - 8 results, 0 errors
2026-01-30 05:19:57,511 | INFO     | [Worker_9226] Processing: ATZ-RUH
2026-01-30 05:19:57,511 | INFO     |   Tier 0: Range 4, Chunk 2/4 (8 days)
2026-01-30 05:20:12,673 | INFO     | [Worker_9226] Completed: ATZ-RUH - 8 results, 0 errors
2026-01-30 05:20:12,674 | INFO     | [Worker_9226] Processing: ATZ-AJF
2026-01-30 05:20:12,674 | INFO     |   Tier 0: Range 4, Chunk 2/4 (8 days)
2026-01-30 05:20:22,066 | INFO     | [Worker_9226] Completed: ATZ-AJF - 8 results, 0 errors
2026-01-30 05:20:22,066 | INFO     | [Worker_9226] Processing: ATZ-AHB
2026-01-30 05:20:22,066 | INFO     |   Tier 0: Range 4, Chunk 2/4 (8 days)
2026-01-30 05:20:31,538 | INFO     | [Worker_9226] Completed: ATZ-AHB - 8 results, 0 errors
2026-01-30 05:20:31,538 | INFO     | [Worker_9226] Processing: CAI-GIZ
2026-01-30 05:20:31,538 | INFO     |   Tier 0: Range 4, Chunk 2/4 (8 days)
2026-01-30 05:20:51,386 | INFO     | [Worker_9226] Completed: CAI-GIZ - 8 results, 0 errors
2026-01-30 05:20:51,388 | INFO     | [Worker_9226] Processing: JED-LXR
2026-01-30 05:20:51,388 | INFO     |   Tier 0: Range 4, Chunk 3/4 (8 days)
2026-01-30 05:21:00,881 | INFO     | [Worker_9226] Completed: JED-LXR - 8 results, 0 errors
2026-01-30 05:21:00,882 | INFO     | [Worker_9226] Processing: DMM-ATZ
2026-01-30 05:21:00,882 | INFO     |   Tier 0: Range 4, Chunk 3/4 (8 days)
2026-01-30 05:21:11,694 | INFO     | [Worker_9226] Completed: DMM-ATZ - 8 results, 0 errors
2026-01-30 05:21:11,695 | INFO     | [Worker_9226] Processing: AJF-CAI
2026-01-30 05:21:11,696 | INFO     |   Tier 0: Range 4, Chunk 3/4 (8 days)
2026-01-30 05:21:36,846 | INFO     | [Worker_9226] Completed: AJF-CAI - 8 results, 0 errors
2026-01-30 05:21:36,848 | INFO     | [Worker_9226] Processing: HBE-MED
2026-01-30 05:21:36,848 | INFO     |   Tier 0: Range 4, Chunk 3/4 (8 days)
2026-01-30 05:21:58,126 | INFO     | [Worker_9226] Completed: HBE-MED - 8 results, 0 errors
2026-01-30 05:21:58,127 | INFO     | [Worker_9226] Processing: CAI-RUH
2026-01-30 05:21:58,127 | INFO     |   Tier 0: Range 4, Chunk 3/4 (8 days)
2026-01-30 05:22:54,571 | INFO     | [Worker_9226] Completed: CAI-RUH - 8 results, 0 errors
2026-01-30 05:22:54,573 | INFO     | [Worker_9226] Processing: JED-HBE
2026-01-30 05:22:54,573 | INFO     |   Tier 0: Range 4, Chunk 4/4 (7 days)
2026-01-30 05:23:24,521 | INFO     | [Worker_9226] Completed: JED-HBE - 7 results, 0 errors
2026-01-30 05:23:24,522 | INFO     | [Worker_9226] Processing: TUU-CAI
2026-01-30 05:23:24,523 | INFO     |   Tier 0: Range 4, Chunk 4/4 (7 days)
2026-01-30 05:24:01,280 | INFO     | [Worker_9226] Completed: TUU-CAI - 7 results, 0 errors
2026-01-30 05:24:01,280 | INFO     | [Worker_9226] Processing: CAI-MED
2026-01-30 05:24:01,281 | INFO     |   Tier 0: Range 4, Chunk 4/4 (7 days)
2026-01-30 05:24:26,239 | INFO     | [Worker_9226] Completed: CAI-MED - 7 results, 0 errors
2026-01-30 05:24:26,240 | INFO     | [Worker_9226] Processing: CAI-TUU
2026-01-30 05:24:26,241 | INFO     |   Tier 0: Range 4, Chunk 4/4 (7 days)
2026-01-30 05:24:50,449 | INFO     | [Worker_9226] Completed: CAI-TUU - 7 results, 0 errors
2026-01-30 05:24:50,451 | INFO     | [Worker_9226] Processing: CAI-ELQ
2026-01-30 05:24:50,451 | INFO     |   Tier 0: Range 4, Chunk 4/4 (7 days)
2026-01-30 05:25:12,228 | INFO     | [Worker_9226] Completed: CAI-ELQ - 7 results, 0 errors
2026-01-30 05:25:12,229 | INFO     | [Worker_9226] Processing: JED-HBE
2026-01-30 05:25:12,229 | INFO     |   Tier 0: Range 3, Chunk 1/3 (10 days)
2026-01-30 05:25:49,662 | INFO     | [Worker_9226] Completed: JED-HBE - 10 results, 0 errors
2026-01-30 05:25:49,663 | INFO     | [Worker_9226] Processing: AHB-CAI
2026-01-30 05:25:49,663 | INFO     |   Tier 0: Range 3, Chunk 1/3 (10 days)
2026-01-30 05:26:26,601 | INFO     | [Worker_9226] Completed: AHB-CAI - 10 results, 0 errors
2026-01-30 05:26:26,602 | INFO     | [Worker_9226] Processing: HBE-JED
2026-01-30 05:26:26,602 | INFO     |   Tier 0: Range 3, Chunk 1/3 (10 days)
2026-01-30 05:27:12,989 | INFO     | [Worker_9226] Completed: HBE-JED - 10 results, 0 errors
2026-01-30 05:27:12,991 | INFO     | [Worker_9226] Processing: CAI-AHB
2026-01-30 05:27:12,992 | INFO     |   Tier 0: Range 3, Chunk 1/3 (10 days)
2026-01-30 05:28:10,358 | INFO     | [Worker_9226] Completed: CAI-AHB - 10 results, 0 errors
2026-01-30 05:28:10,359 | INFO     | [Worker_9226] Processing: RUH-ATZ
2026-01-30 05:28:10,359 | INFO     |   Tier 0: Range 3, Chunk 2/3 (10 days)
2026-01-30 05:28:27,430 | INFO     | [Worker_9226] Completed: RUH-ATZ - 10 results, 0 errors
2026-01-30 05:28:27,431 | INFO     | [Worker_9226] Processing: DMM-ATZ
2026-01-30 05:28:27,431 | INFO     |   Tier 0: Range 3, Chunk 2/3 (10 days)
2026-01-30 05:28:39,869 | INFO     | [Worker_9226] Completed: DMM-ATZ - 10 results, 0 errors
2026-01-30 05:28:39,870 | INFO     | [Worker_9226] Processing: AJF-ATZ
2026-01-30 05:28:39,870 | INFO     |   Tier 0: Range 3, Chunk 2/3 (10 days)
2026-01-30 05:28:51,457 | INFO     | [Worker_9226] Completed: AJF-ATZ - 10 results, 0 errors
2026-01-30 05:28:51,457 | INFO     | [Worker_9226] Processing: ELQ-CAI
2026-01-30 05:28:51,457 | INFO     |   Tier 0: Range 3, Chunk 2/3 (10 days)
2026-01-30 05:29:19,686 | INFO     | [Worker_9226] Completed: ELQ-CAI - 10 results, 0 errors
2026-01-30 05:29:19,687 | INFO     | [Worker_9226] Processing: HBE-JED
2026-01-30 05:29:19,687 | INFO     |   Tier 0: Range 3, Chunk 2/3 (10 days)
2026-01-30 05:30:06,412 | INFO     | [Worker_9226] Completed: HBE-JED - 10 results, 0 errors
2026-01-30 05:30:06,414 | INFO     | [Worker_9226] Processing: CAI-YNB
2026-01-30 05:30:06,414 | INFO     |   Tier 0: Range 3, Chunk 2/3 (10 days)
2026-01-30 05:31:03,480 | INFO     | [Worker_9226] Completed: CAI-YNB - 10 results, 0 errors
2026-01-30 05:31:03,481 | INFO     | [Worker_9226] Processing: RUH-ATZ
2026-01-30 05:31:03,482 | INFO     |   Tier 0: Range 3, Chunk 3/3 (10 days)
2026-01-30 05:31:27,711 | INFO     | [Worker_9226] Completed: RUH-ATZ - 10 results, 0 errors
2026-01-30 05:31:27,713 | INFO     | [Worker_9226] Processing: TUU-ATZ
2026-01-30 05:31:27,714 | INFO     |   Tier 0: Range 3, Chunk 3/3 (10 days)
2026-01-30 05:31:40,348 | INFO     | [Worker_9226] Completed: TUU-ATZ - 10 results, 0 errors
2026-01-30 05:31:40,349 | INFO     | [Worker_9226] Processing: AHB-CAI
2026-01-30 05:31:40,350 | INFO     |   Tier 0: Range 3, Chunk 3/3 (10 days)
2026-01-30 05:32:41,543 | INFO     | [Worker_9226] Completed: AHB-CAI - 10 results, 0 errors
2026-01-30 05:32:41,544 | INFO     | [Worker_9226] Processing: CAI-RUH
2026-01-30 05:32:41,544 | INFO     |   Tier 0: Range 3, Chunk 3/3 (10 days)
2026-01-30 05:33:35,097 | INFO     | [Worker_9226] Completed: CAI-RUH - 10 results, 0 errors
2026-01-30 05:33:35,098 | INFO     | [Worker_9226] Processing: CAI-AHB
2026-01-30 05:33:35,098 | INFO     |   Tier 0: Range 3, Chunk 3/3 (10 days)
2026-01-30 05:34:58,423 | INFO     | [Worker_9226] Completed: CAI-AHB - 10 results, 0 errors
2026-01-30 05:34:58,431 | INFO     | [Worker_9226] Processing: JED-CAI
2026-01-30 05:34:58,431 | INFO     |   Tier 0: Range 2, Chunk 1/3 (10 days)
2026-01-30 05:45:19,681 | INFO     | [Worker_9226] Completed: JED-CAI - 10 results, 0 errors
2026-01-30 05:45:19,689 | INFO     | [Worker_9226] Processing: CAI-GIZ
2026-01-30 05:45:19,690 | INFO     |   Tier 0: Range 2, Chunk 1/3 (10 days)
2026-01-30 05:46:05,045 | INFO     | [Worker_9226] Completed: CAI-GIZ - 10 results, 0 errors
2026-01-30 05:46:05,051 | INFO     | [Worker_9226] Processing: JED-CAI
2026-01-30 05:46:05,052 | INFO     |   Tier 0: Range 2, Chunk 2/3 (10 days)
2026-01-30 05:54:37,358 | INFO     | [Worker_9226] Completed: JED-CAI - 10 results, 0 errors
2026-01-30 05:54:37,360 | INFO     | [Worker_9226] Processing: JED-ATZ
2026-01-30 05:54:37,361 | INFO     |   Tier 0: Range 2, Chunk 3/3 (10 days)
2026-01-30 05:57:17,481 | INFO     | [Worker_9226] Completed: JED-ATZ - 10 results, 0 errors
2026-01-30 05:57:17,484 | INFO     | [Worker_9226] Processing: ASW-JED
2026-01-30 05:57:17,484 | INFO     |   Tier 0: Range 2, Chunk 3/3 (10 days)
2026-01-30 05:57:29,851 | INFO     | [Worker_9226] Completed: ASW-JED - 10 results, 0 errors
2026-01-30 05:57:29,852 | INFO     | [Worker_9226] Processing: ATZ-DMM
2026-01-30 05:57:29,852 | INFO     |   Tier 0: Range 2, Chunk 3/3 (10 days)
2026-01-30 05:57:56,791 | INFO     | [Worker_9226] Completed: ATZ-DMM - 10 results, 0 errors
2026-01-30 05:57:56,793 | INFO     | [Worker_9226] Processing: ATZ-TUU
2026-01-30 05:57:56,794 | INFO     |   Tier 0: Range 2, Chunk 3/3 (10 days)
2026-01-30 05:58:14,491 | INFO     | [Worker_9226] Completed: ATZ-TUU - 10 results, 0 errors
2026-01-30 05:58:14,492 | INFO     | [Worker_9226] Processing: CAI-YNB
2026-01-30 05:58:14,493 | INFO     |   Tier 0: Range 2, Chunk 3/3 (10 days)
2026-01-30 05:59:13,368 | INFO     | [Worker_9226] Completed: CAI-YNB - 10 results, 0 errors
2026-01-30 05:59:13,402 | INFO     | [Worker_9226] Processing: JED-ASW
2026-01-30 05:59:13,402 | INFO     |   Tier 0: Range 1, Chunk 1/3 (10 days)
2026-01-30 05:59:53,209 | INFO     | [Worker_9226] Completed: JED-ASW - 10 results, 0 errors
2026-01-30 05:59:53,210 | INFO     | [Worker_9226] Processing: DMM-ATZ
2026-01-30 05:59:53,210 | INFO     |   Tier 0: Range 1, Chunk 1/3 (10 days)
2026-01-30 06:00:24,245 | INFO     | [Worker_9226] Completed: DMM-ATZ - 10 results, 0 errors
2026-01-30 06:00:24,246 | INFO     | [Worker_9226] Processing: YNB-CAI
2026-01-30 06:00:24,246 | INFO     |   Tier 0: Range 1, Chunk 1/3 (10 days)
2026-01-30 06:02:10,820 | INFO     | [Worker_9226] Completed: YNB-CAI - 10 results, 0 errors
2026-01-30 06:02:10,821 | INFO     | [Worker_9226] Processing: CAI-RUH
2026-01-30 06:02:10,821 | INFO     |   Tier 0: Range 1, Chunk 1/3 (10 days)
2026-01-30 06:03:23,260 | INFO     | [Worker_9226] Completed: CAI-RUH - 10 results, 0 errors
2026-01-30 06:03:23,262 | INFO     | [Worker_9226] Processing: CAI-GIZ
2026-01-30 06:03:23,262 | INFO     |   Tier 0: Range 1, Chunk 1/3 (10 days)
2026-01-30 06:03:53,039 | INFO     | [Worker_9226] Completed: CAI-GIZ - 10 results, 0 errors
2026-01-30 06:03:53,040 | INFO     | [Worker_9226] Processing: JED-CAI
2026-01-30 06:03:53,040 | INFO     |   Tier 0: Range 1, Chunk 2/3 (10 days)
2026-01-30 06:09:45,128 | INFO     | [Worker_9226] Completed: JED-CAI - 10 results, 0 errors
2026-01-30 06:09:45,130 | INFO     | [Worker_9226] Processing: CAI-ELQ
2026-01-30 06:09:45,130 | INFO     |   Tier 0: Range 1, Chunk 2/3 (10 days)
2026-01-30 06:10:13,167 | INFO     | [Worker_9226] Completed: CAI-ELQ - 10 results, 0 errors
2026-01-30 06:10:13,167 | INFO     | [Worker_9226] Processing: MED-ATZ
2026-01-30 06:10:13,168 | INFO     |   Tier 0: Range 1, Chunk 3/3 (10 days)
2026-01-30 06:11:05,068 | INFO     | [Worker_9226] Completed: MED-ATZ - 9 results, 0 errors
2026-01-30 06:11:05,069 | INFO     | [Worker_9226] Processing: JED-ASW
2026-01-30 06:11:05,069 | INFO     |   Tier 0: Range 1, Chunk 3/3 (10 days)
2026-01-30 06:11:16,007 | INFO     | [Worker_9226] Completed: JED-ASW - 9 results, 0 errors
2026-01-30 06:11:16,009 | INFO     | [Worker_9226] Processing: DMM-CAI
2026-01-30 06:11:16,009 | INFO     |   Tier 0: Range 1, Chunk 3/3 (10 days)
2026-01-30 06:11:58,864 | INFO     | [Worker_9226] Completed: DMM-CAI - 9 results, 0 errors
2026-01-30 06:11:58,866 | INFO     | [Worker_9226] Processing: AJF-ATZ
2026-01-30 06:11:58,866 | INFO     |   Tier 0: Range 1, Chunk 3/3 (10 days)
2026-01-30 06:12:26,575 | INFO     | [Worker_9226] Completed: AJF-ATZ - 9 results, 0 errors
2026-01-30 06:12:26,576 | INFO     | [Worker_9226] Processing: AHB-ATZ
2026-01-30 06:12:26,576 | INFO     |   Tier 0: Range 1, Chunk 3/3 (10 days)
2026-01-30 06:12:45,844 | INFO     | [Worker_9226] Completed: AHB-ATZ - 9 results, 0 errors
2026-01-30 06:12:45,845 | INFO     | [Worker_9226] Processing: GIZ-CAI
2026-01-30 06:12:45,845 | INFO     |   Tier 0: Range 1, Chunk 3/3 (10 days)
2026-01-30 06:13:16,944 | INFO     | [Worker_9226] Completed: GIZ-CAI - 9 results, 0 errors
2026-01-30 06:13:16,945 | INFO     | [Worker_9226] Processing: CAI-JED
2026-01-30 06:13:16,945 | INFO     |   Tier 0: Range 1, Chunk 3/3 (10 days)
2026-01-30 06:18:16,164 | INFO     | [Worker_9226] Completed: CAI-JED - 9 results, 0 errors
2026-01-30 06:21:41,503 | INFO     | [Worker_9226] Shutdown signal received, exiting...
2026-01-30 06:21:41,504 | INFO     | [Worker_9226] Finished. Processed 59 groups.
