2026-01-20 07:00:43,229 | INFO     | [Worker_9223] Completed: JED-ATZ - 9 results, 0 errors
2026-01-20 07:00:43,233 | INFO     | [Worker_9223] Processing: ELQ-ATZ
2026-01-20 07:00:43,234 | INFO     |   Tier 0: Range 4, Chunk 1/4 (9 days)
2026-01-20 07:00:59,663 | INFO     | [Worker_9223] Completed: ELQ-ATZ - 9 results, 0 errors
2026-01-20 07:00:59,665 | INFO     | [Worker_9223] Processing: ATZ-MED
2026-01-20 07:00:59,665 | INFO     |   Tier 0: Range 4, Chunk 1/4 (9 days)
2026-01-20 07:01:24,508 | INFO     | [Worker_9223] Completed: ATZ-MED - 9 results, 0 errors
2026-01-20 07:01:24,511 | INFO     | [Worker_9223] Processing: LXR-JED
2026-01-20 07:01:24,511 | INFO     |   Tier 0: Range 4, Chunk 1/4 (9 days)
2026-01-20 07:01:44,334 | INFO     | [Worker_9223] Completed: LXR-JED - 9 results, 0 errors
2026-01-20 07:01:44,337 | INFO     | [Worker_9223] Processing: CAI-TUU
2026-01-20 07:01:44,337 | INFO     |   Tier 0: Range 4, Chunk 1/4 (9 days)
2026-01-20 07:02:18,045 | INFO     | [Worker_9223] Completed: CAI-TUU - 9 results, 0 errors
2026-01-20 07:02:18,046 | INFO     | [Worker_9223] Processing: ATZ-ELQ
2026-01-20 07:02:18,046 | INFO     |   Tier 0: Range 4, Chunk 1/4 (9 days)
2026-01-20 07:02:33,828 | INFO     | [Worker_9223] Completed: ATZ-ELQ - 9 results, 0 errors
2026-01-20 07:02:33,829 | INFO     | [Worker_9223] Processing: JED-CAI
2026-01-20 07:02:33,829 | INFO     |   Tier 0: Range 4, Chunk 2/4 (8 days)
2026-01-20 07:05:05,878 | INFO     | [Worker_9223] Completed: JED-CAI - 8 results, 0 errors
2026-01-20 07:05:05,883 | INFO     | [Worker_9223] Processing: CAI-YNB
2026-01-20 07:05:05,884 | INFO     |   Tier 0: Range 4, Chunk 2/4 (8 days)
2026-01-20 07:06:21,245 | INFO     | [Worker_9223] Completed: CAI-YNB - 8 results, 0 errors
2026-01-20 07:06:21,247 | INFO     | [Worker_9223] Processing: RUH-ATZ
2026-01-20 07:06:21,247 | INFO     |   Tier 0: Range 4, Chunk 3/4 (8 days)
2026-01-20 07:06:46,727 | INFO     | [Worker_9223] Completed: RUH-ATZ - 8 results, 0 errors
2026-01-20 07:06:46,730 | INFO     | [Worker_9223] Processing: AJF-ATZ
2026-01-20 07:06:46,731 | INFO     |   Tier 0: Range 4, Chunk 3/4 (8 days)
2026-01-20 07:07:07,137 | INFO     | [Worker_9223] Completed: AJF-ATZ - 8 results, 0 errors
2026-01-20 07:07:07,140 | INFO     | [Worker_9223] Processing: ELQ-CAI
2026-01-20 07:07:07,140 | INFO     |   Tier 0: Range 4, Chunk 3/4 (8 days)
2026-01-20 07:07:41,843 | INFO     | [Worker_9223] Completed: ELQ-CAI - 8 results, 0 errors
2026-01-20 07:07:41,844 | INFO     | [Worker_9223] Processing: HBE-JED
2026-01-20 07:07:41,845 | INFO     |   Tier 0: Range 4, Chunk 3/4 (8 days)
2026-01-20 07:08:20,264 | INFO     | [Worker_9223] Completed: HBE-JED - 8 results, 0 errors
2026-01-20 07:08:20,267 | INFO     | [Worker_9223] Processing: CAI-AHB
2026-01-20 07:08:20,267 | INFO     |   Tier 0: Range 4, Chunk 3/4 (8 days)
2026-01-20 07:08:55,106 | INFO     | [Worker_9223] Completed: CAI-AHB - 8 results, 0 errors
2026-01-20 07:08:55,108 | INFO     | [Worker_9223] Processing: JED-HBE
2026-01-20 07:08:55,108 | INFO     |   Tier 0: Range 4, Chunk 4/4 (8 days)
2026-01-20 07:09:50,004 | INFO     | [Worker_9223] Completed: JED-HBE - 8 results, 0 errors
2026-01-20 07:09:50,006 | INFO     | [Worker_9223] Processing: YNB-CAI
2026-01-20 07:09:50,006 | INFO     |   Tier 0: Range 4, Chunk 4/4 (8 days)
2026-01-20 07:10:58,127 | INFO     | [Worker_9223] Completed: YNB-CAI - 8 results, 0 errors
2026-01-20 07:10:58,131 | INFO     | [Worker_9223] Processing: CAI-RUH
2026-01-20 07:10:58,131 | INFO     |   Tier 0: Range 4, Chunk 4/4 (8 days)
2026-01-20 07:11:54,807 | INFO     | [Worker_9223] Completed: CAI-RUH - 8 results, 0 errors
2026-01-20 07:11:54,811 | INFO     | [Worker_9223] Processing: ATZ-ELQ
2026-01-20 07:11:54,811 | INFO     |   Tier 0: Range 4, Chunk 4/4 (8 days)
2026-01-20 07:12:09,052 | INFO     | [Worker_9223] Completed: ATZ-ELQ - 8 results, 0 errors
2026-01-20 07:12:09,055 | INFO     | [Worker_9223] Processing: JED-CAI
2026-01-20 07:12:09,055 | INFO     |   Tier 0: Range 3, Chunk 1/4 (9 days)
2026-01-20 07:14:33,765 | INFO     | [Worker_9223] Completed: JED-CAI - 9 results, 0 errors
2026-01-20 07:14:33,767 | INFO     | [Worker_9223] Processing: ATZ-TUU
2026-01-20 07:14:33,767 | INFO     |   Tier 0: Range 3, Chunk 1/4 (9 days)
2026-01-20 07:15:00,415 | INFO     | [Worker_9223] Completed: ATZ-TUU - 9 results, 0 errors
2026-01-20 07:15:00,420 | INFO     | [Worker_9223] Processing: CAI-YNB
2026-01-20 07:15:00,420 | INFO     |   Tier 0: Range 3, Chunk 1/4 (9 days)
2026-01-20 07:16:53,367 | INFO     | [Worker_9223] Completed: CAI-YNB - 9 results, 0 errors
2026-01-20 07:16:53,376 | INFO     | [Worker_9223] Processing: TUU-CAI
2026-01-20 07:16:53,377 | INFO     |   Tier 0: Range 3, Chunk 2/4 (8 days)
2026-01-20 07:17:34,828 | INFO     | [Worker_9223] Completed: TUU-CAI - 8 results, 0 errors
2026-01-20 07:17:34,831 | INFO     | [Worker_9223] Processing: ELQ-CAI
2026-01-20 07:17:34,832 | INFO     |   Tier 0: Range 3, Chunk 2/4 (8 days)
2026-01-20 07:18:17,266 | INFO     | [Worker_9223] Completed: ELQ-CAI - 8 results, 0 errors
2026-01-20 07:18:17,268 | INFO     | [Worker_9223] Processing: ATZ-JED
2026-01-20 07:18:17,268 | INFO     |   Tier 0: Range 3, Chunk 2/4 (8 days)
2026-01-20 07:19:30,738 | INFO     | [Worker_9223] Completed: ATZ-JED - 8 results, 0 errors
2026-01-20 07:19:30,742 | INFO     | [Worker_9223] Processing: CAI-GIZ
2026-01-20 07:19:30,743 | INFO     |   Tier 0: Range 3, Chunk 2/4 (8 days)
2026-01-20 07:20:27,552 | INFO     | [Worker_9223] Completed: CAI-GIZ - 8 results, 0 errors
2026-01-20 07:20:27,554 | INFO     | [Worker_9223] Processing: RUH-CAI
2026-01-20 07:20:27,554 | INFO     |   Tier 0: Range 3, Chunk 3/4 (8 days)
2026-01-20 07:21:25,008 | INFO     | [Worker_9223] Completed: RUH-CAI - 8 results, 0 errors
2026-01-20 07:21:25,012 | INFO     | [Worker_9223] Processing: ELQ-ATZ
2026-01-20 07:21:25,013 | INFO     |   Tier 0: Range 3, Chunk 3/4 (8 days)
2026-01-20 07:21:43,636 | INFO     | [Worker_9223] Completed: ELQ-ATZ - 8 results, 0 errors
2026-01-20 07:21:43,640 | INFO     | [Worker_9223] Processing: CAI-JED
2026-01-20 07:21:43,641 | INFO     |   Tier 0: Range 3, Chunk 3/4 (8 days)
2026-01-20 07:28:20,170 | INFO     | [Worker_9223] Completed: CAI-JED - 8 results, 0 errors
2026-01-20 07:28:20,172 | INFO     | [Worker_9223] Processing: ELQ-ATZ
2026-01-20 07:28:20,172 | INFO     |   Tier 0: Range 3, Chunk 4/4 (8 days)
2026-01-20 07:29:11,476 | INFO     | [Worker_9223] Completed: ELQ-ATZ - 8 results, 0 errors
2026-01-20 07:29:11,480 | INFO     | [Worker_9223] Processing: ATZ-MED
2026-01-20 07:29:11,480 | INFO     |   Tier 0: Range 3, Chunk 4/4 (8 days)
2026-01-20 07:30:14,329 | INFO     | [Worker_9223] Completed: ATZ-MED - 8 results, 0 errors
2026-01-20 07:30:14,335 | INFO     | [Worker_9223] Processing: CAI-DMM
2026-01-20 07:30:14,336 | INFO     |   Tier 0: Range 3, Chunk 4/4 (8 days)
2026-01-20 07:32:03,685 | INFO     | [Worker_9223] Completed: CAI-DMM - 8 results, 0 errors
2026-01-20 07:32:03,689 | INFO     | [Worker_9223] Processing: MED-ATZ
2026-01-20 07:32:03,690 | INFO     |   Tier 0: Range 2, Chunk 1/4 (9 days)
2026-01-20 07:33:00,540 | INFO     | [Worker_9223] Completed: MED-ATZ - 9 results, 0 errors
2026-01-20 07:33:00,541 | INFO     | [Worker_9223] Processing: RUH-CAI
2026-01-20 07:33:00,541 | INFO     |   Tier 0: Range 2, Chunk 1/4 (9 days)
2026-01-20 07:34:46,948 | INFO     | [Worker_9223] Completed: RUH-CAI - 9 results, 0 errors
2026-01-20 07:34:46,952 | INFO     | [Worker_9223] Processing: ATZ-MED
2026-01-20 07:34:46,952 | INFO     |   Tier 0: Range 2, Chunk 1/4 (9 days)
2026-01-20 07:35:36,226 | INFO     | [Worker_9223] Completed: ATZ-MED - 9 results, 0 errors
2026-01-20 07:35:36,230 | INFO     | [Worker_9223] Processing: LXR-JED
2026-01-20 07:35:36,231 | INFO     |   Tier 0: Range 2, Chunk 1/4 (9 days)
2026-01-20 07:36:30,630 | INFO     | [Worker_9223] Completed: LXR-JED - 9 results, 0 errors
2026-01-20 07:36:30,635 | INFO     | [Worker_9223] Processing: CAI-TUU
2026-01-20 07:36:30,636 | INFO     |   Tier 0: Range 2, Chunk 1/4 (9 days)
2026-01-20 07:37:36,715 | INFO     | [Worker_9223] Completed: CAI-TUU - 9 results, 0 errors
2026-01-20 07:37:36,717 | INFO     | [Worker_9223] Processing: MED-HBE
2026-01-20 07:37:36,718 | INFO     |   Tier 0: Range 2, Chunk 2/4 (8 days)
2026-01-20 07:38:30,315 | INFO     | [Worker_9223] Completed: MED-HBE - 8 results, 0 errors
2026-01-20 07:38:30,321 | INFO     | [Worker_9223] Processing: JED-LXR
2026-01-20 07:38:30,322 | INFO     |   Tier 0: Range 2, Chunk 2/4 (8 days)
2026-01-20 07:39:22,699 | INFO     | [Worker_9223] Completed: JED-LXR - 8 results, 0 errors
2026-01-20 07:39:22,701 | INFO     | [Worker_9223] Processing: TUU-CAI
2026-01-20 07:39:22,701 | INFO     |   Tier 0: Range 2, Chunk 2/4 (8 days)
2026-01-20 07:40:02,761 | INFO     | [Worker_9223] Completed: TUU-CAI - 8 results, 0 errors
2026-01-20 07:40:02,771 | INFO     | [Worker_9223] Processing: ELQ-CAI
2026-01-20 07:40:02,772 | INFO     |   Tier 0: Range 2, Chunk 2/4 (8 days)
2026-01-20 07:40:40,482 | INFO     | [Worker_9223] Completed: ELQ-CAI - 8 results, 0 errors
2026-01-20 07:40:40,484 | INFO     | [Worker_9223] Processing: LXR-JED
2026-01-20 07:40:40,484 | INFO     |   Tier 0: Range 2, Chunk 2/4 (8 days)
2026-01-20 07:41:16,731 | INFO     | [Worker_9223] Completed: LXR-JED - 8 results, 0 errors
2026-01-20 07:41:16,733 | INFO     | [Worker_9223] Processing: CAI-TUU
2026-01-20 07:41:16,733 | INFO     |   Tier 0: Range 2, Chunk 2/4 (8 days)
2026-01-20 07:41:45,147 | INFO     | [Worker_9223] Completed: CAI-TUU - 8 results, 0 errors
2026-01-20 07:41:45,148 | INFO     | [Worker_9223] Processing: CAI-AHB
2026-01-20 07:41:45,149 | INFO     |   Tier 0: Range 2, Chunk 2/4 (8 days)
2026-01-20 07:42:25,813 | INFO     | [Worker_9223] Completed: CAI-AHB - 8 results, 0 errors
2026-01-20 07:42:25,817 | INFO     | [Worker_9223] Processing: MED-ATZ
2026-01-20 07:42:25,817 | INFO     |   Tier 0: Range 2, Chunk 3/4 (8 days)
2026-01-20 07:43:36,394 | INFO     | [Worker_9223] Completed: MED-ATZ - 8 results, 0 errors
2026-01-20 07:43:36,398 | INFO     | [Worker_9223] Processing: TUU-ATZ
2026-01-20 07:43:36,398 | INFO     |   Tier 0: Range 2, Chunk 3/4 (8 days)
2026-01-20 07:44:05,867 | INFO     | [Worker_9223] Completed: TUU-ATZ - 8 results, 0 errors
2026-01-20 07:44:05,871 | INFO     | [Worker_9223] Processing: AJF-CAI
2026-01-20 07:44:05,872 | INFO     |   Tier 0: Range 2, Chunk 3/4 (8 days)
2026-01-20 07:44:54,674 | INFO     | [Worker_9223] Completed: AJF-CAI - 8 results, 0 errors
2026-01-20 07:44:54,678 | INFO     | [Worker_9223] Processing: GIZ-CAI
2026-01-20 07:44:54,678 | INFO     |   Tier 0: Range 2, Chunk 3/4 (8 days)
2026-01-20 07:45:33,996 | INFO     | [Worker_9223] Completed: GIZ-CAI - 8 results, 0 errors
2026-01-20 07:45:33,999 | INFO     | [Worker_9223] Processing: ATZ-JED
2026-01-20 07:45:33,999 | INFO     |   Tier 0: Range 2, Chunk 3/4 (8 days)
2026-01-20 07:47:34,086 | INFO     | [Worker_9223] Completed: ATZ-JED - 8 results, 0 errors
2026-01-20 07:47:34,088 | INFO     | [Worker_9223] Processing: JED-CAI
2026-01-20 07:47:34,089 | INFO     |   Tier 0: Range 2, Chunk 4/4 (8 days)
2026-01-20 07:52:44,755 | INFO     | [Worker_9223] Completed: JED-CAI - 8 results, 0 errors
2026-01-20 07:52:44,760 | INFO     | [Worker_9223] Processing: RUH-CAI
2026-01-20 07:52:44,761 | INFO     |   Tier 0: Range 1, Chunk 1/4 (9 days)
2026-01-20 07:54:19,750 | INFO     | [Worker_9223] Completed: RUH-CAI - 9 results, 0 errors
2026-01-20 07:54:19,755 | INFO     | [Worker_9223] Processing: AHB-ATZ
2026-01-20 07:54:19,755 | INFO     |   Tier 0: Range 1, Chunk 1/4 (9 days)
2026-01-20 07:54:44,846 | INFO     | [Worker_9223] Completed: AHB-ATZ - 9 results, 0 errors
2026-01-20 07:54:44,847 | INFO     | [Worker_9223] Processing: HBE-MED
2026-01-20 07:54:44,847 | INFO     |   Tier 0: Range 1, Chunk 1/4 (9 days)
2026-01-20 07:55:22,618 | INFO     | [Worker_9223] Completed: HBE-MED - 9 results, 0 errors
2026-01-20 07:55:22,620 | INFO     | [Worker_9223] Processing: CAI-RUH
2026-01-20 07:55:22,620 | INFO     |   Tier 0: Range 1, Chunk 1/4 (9 days)
2026-01-20 07:56:38,712 | INFO     | [Worker_9223] Completed: CAI-RUH - 9 results, 0 errors
2026-01-20 07:56:38,715 | INFO     | [Worker_9223] Processing: ATZ-AHB
2026-01-20 07:56:38,715 | INFO     |   Tier 0: Range 1, Chunk 1/4 (9 days)
2026-01-20 07:57:04,007 | INFO     | [Worker_9223] Completed: ATZ-AHB - 9 results, 0 errors
2026-01-20 07:57:04,009 | INFO     | [Worker_9223] Processing: MED-CAI
2026-01-20 07:57:04,009 | INFO     |   Tier 0: Range 1, Chunk 2/4 (8 days)
2026-01-20 07:58:24,418 | INFO     | [Worker_9223] Completed: MED-CAI - 8 results, 0 errors
2026-01-20 07:58:24,421 | INFO     | [Worker_9223] Processing: DMM-CAI
2026-01-20 07:58:24,421 | INFO     |   Tier 0: Range 1, Chunk 2/4 (8 days)
2026-01-20 07:59:10,077 | INFO     | [Worker_9223] Completed: DMM-CAI - 8 results, 0 errors
2026-01-20 07:59:10,078 | INFO     | [Worker_9223] Processing: AHB-CAI
2026-01-20 07:59:10,078 | INFO     |   Tier 0: Range 1, Chunk 2/4 (8 days)
2026-01-20 07:59:47,404 | INFO     | [Worker_9223] Completed: AHB-CAI - 8 results, 0 errors
2026-01-20 07:59:47,408 | INFO     | [Worker_9223] Processing: CAI-MED
2026-01-20 07:59:47,408 | INFO     |   Tier 0: Range 1, Chunk 2/4 (8 days)
2026-01-20 08:00:45,283 | INFO     | [Worker_9223] Completed: CAI-MED - 8 results, 0 errors
2026-01-20 08:00:45,284 | INFO     | [Worker_9223] Processing: ATZ-RUH
2026-01-20 08:00:45,285 | INFO     |   Tier 0: Range 1, Chunk 2/4 (8 days)
2026-01-20 08:01:16,879 | INFO     | [Worker_9223] Completed: ATZ-RUH - 8 results, 0 errors
2026-01-20 08:01:16,881 | INFO     | [Worker_9223] Processing: ATZ-TUU
2026-01-20 08:01:16,881 | INFO     |   Tier 0: Range 1, Chunk 2/4 (8 days)
2026-01-20 08:01:37,330 | INFO     | [Worker_9223] Completed: ATZ-TUU - 8 results, 0 errors
2026-01-20 08:01:37,333 | INFO     | [Worker_9223] Processing: ATZ-AJF
2026-01-20 08:01:37,333 | INFO     |   Tier 0: Range 1, Chunk 2/4 (8 days)
2026-01-20 08:01:55,866 | INFO     | [Worker_9223] Completed: ATZ-AJF - 8 results, 0 errors
2026-01-20 08:01:55,868 | INFO     | [Worker_9223] Processing: CAI-ELQ
2026-01-20 08:01:55,868 | INFO     |   Tier 0: Range 1, Chunk 2/4 (8 days)
2026-01-20 08:02:36,784 | INFO     | [Worker_9223] Completed: CAI-ELQ - 8 results, 0 errors
2026-01-20 08:02:36,785 | INFO     | [Worker_9223] Processing: JED-CAI
2026-01-20 08:02:36,785 | INFO     |   Tier 0: Range 1, Chunk 3/4 (8 days)
2026-01-20 08:07:55,454 | INFO     | [Worker_9223] Completed: JED-CAI - 8 results, 0 errors
2026-01-20 08:07:55,456 | INFO     | [Worker_9223] Processing: JED-ASW
2026-01-20 08:07:55,457 | INFO     |   Tier 0: Range 1, Chunk 4/4 (8 days)
2026-01-20 08:08:32,827 | INFO     | [Worker_9223] Completed: JED-ASW - 7 results, 0 errors
2026-01-20 08:08:32,828 | INFO     | [Worker_9223] Processing: DMM-ATZ
2026-01-20 08:08:32,828 | INFO     |   Tier 0: Range 1, Chunk 4/4 (8 days)
2026-01-20 08:09:06,577 | INFO     | [Worker_9223] Completed: DMM-ATZ - 7 results, 0 errors
2026-01-20 08:09:06,578 | INFO     | [Worker_9223] Processing: AJF-ATZ
2026-01-20 08:09:06,579 | INFO     |   Tier 0: Range 1, Chunk 4/4 (8 days)
2026-01-20 08:09:27,071 | INFO     | [Worker_9223] Completed: AJF-ATZ - 7 results, 0 errors
2026-01-20 08:09:27,073 | INFO     | [Worker_9223] Processing: AHB-CAI
2026-01-20 08:09:27,073 | INFO     |   Tier 0: Range 1, Chunk 4/4 (8 days)
2026-01-20 08:10:03,117 | INFO     | [Worker_9223] Completed: AHB-CAI - 7 results, 0 errors
2026-01-20 08:10:03,118 | INFO     | [Worker_9223] Processing: HBE-MED
2026-01-20 08:10:03,119 | INFO     |   Tier 0: Range 1, Chunk 4/4 (8 days)
2026-01-20 08:10:51,007 | INFO     | [Worker_9223] Completed: HBE-MED - 7 results, 0 errors
2026-01-20 08:10:51,008 | INFO     | [Worker_9223] Processing: CAI-RUH
2026-01-20 08:10:51,009 | INFO     |   Tier 0: Range 1, Chunk 4/4 (8 days)
2026-01-20 08:12:22,327 | INFO     | [Worker_9223] Completed: CAI-RUH - 7 results, 0 errors
2026-01-20 08:12:22,330 | INFO     | [Worker_9223] Processing: ATZ-ELQ
2026-01-20 08:12:22,330 | INFO     |   Tier 0: Range 1, Chunk 4/4 (8 days)
2026-01-20 08:12:49,296 | INFO     | [Worker_9223] Completed: ATZ-ELQ - 7 results, 0 errors
2026-01-20 08:45:12,757 | INFO     | [Worker_9223] Shutdown signal received, exiting...
2026-01-20 08:45:12,775 | INFO     | [Worker_9223] Finished. Processed 69 groups.
