2026-01-20 07:00:41,574 | INFO     | [Worker_9232] Completed: RUH-CAI - 9 results, 0 errors
2026-01-20 07:00:41,576 | INFO     | [Worker_9232] Processing: AHB-ATZ
2026-01-20 07:00:41,577 | INFO     |   Tier 0: Range 4, Chunk 1/4 (9 days)
2026-01-20 07:00:57,586 | INFO     | [Worker_9232] Completed: AHB-ATZ - 9 results, 0 errors
2026-01-20 07:00:57,589 | INFO     | [Worker_9232] Processing: CAI-MED
2026-01-20 07:00:57,590 | INFO     |   Tier 0: Range 4, Chunk 1/4 (9 days)
2026-01-20 07:01:32,291 | INFO     | [Worker_9232] Completed: CAI-MED - 9 results, 0 errors
2026-01-20 07:01:32,293 | INFO     | [Worker_9232] Processing: CAI-DMM
2026-01-20 07:01:32,293 | INFO     |   Tier 0: Range 4, Chunk 1/4 (9 days)
2026-01-20 07:02:27,637 | INFO     | [Worker_9232] Completed: CAI-DMM - 9 results, 0 errors
2026-01-20 07:02:27,639 | INFO     | [Worker_9232] Processing: MED-HBE
2026-01-20 07:02:27,640 | INFO     |   Tier 0: Range 4, Chunk 2/4 (8 days)
2026-01-20 07:02:57,791 | INFO     | [Worker_9232] Completed: MED-HBE - 8 results, 0 errors
2026-01-20 07:02:57,795 | INFO     | [Worker_9232] Processing: JED-ASW
2026-01-20 07:02:57,796 | INFO     |   Tier 0: Range 4, Chunk 2/4 (8 days)
2026-01-20 07:03:16,422 | INFO     | [Worker_9232] Completed: JED-ASW - 8 results, 0 errors
2026-01-20 07:03:16,424 | INFO     | [Worker_9232] Processing: TUU-ATZ
2026-01-20 07:03:16,424 | INFO     |   Tier 0: Range 4, Chunk 2/4 (8 days)
2026-01-20 07:03:29,732 | INFO     | [Worker_9232] Completed: TUU-ATZ - 8 results, 0 errors
2026-01-20 07:03:29,733 | INFO     | [Worker_9232] Processing: YNB-CAI
2026-01-20 07:03:29,734 | INFO     |   Tier 0: Range 4, Chunk 2/4 (8 days)
2026-01-20 07:04:19,082 | INFO     | [Worker_9232] Completed: YNB-CAI - 8 results, 0 errors
2026-01-20 07:04:19,085 | INFO     | [Worker_9232] Processing: ATZ-RUH
2026-01-20 07:04:19,085 | INFO     |   Tier 0: Range 4, Chunk 2/4 (8 days)
2026-01-20 07:04:46,846 | INFO     | [Worker_9232] Completed: ATZ-RUH - 8 results, 0 errors
2026-01-20 07:04:46,850 | INFO     | [Worker_9232] Processing: ATZ-TUU
2026-01-20 07:04:46,851 | INFO     |   Tier 0: Range 4, Chunk 2/4 (8 days)
2026-01-20 07:05:08,345 | INFO     | [Worker_9232] Completed: ATZ-TUU - 8 results, 0 errors
2026-01-20 07:05:08,349 | INFO     | [Worker_9232] Processing: CAI-AHB
2026-01-20 07:05:08,349 | INFO     |   Tier 0: Range 4, Chunk 2/4 (8 days)
2026-01-20 07:05:56,162 | INFO     | [Worker_9232] Completed: CAI-AHB - 8 results, 0 errors
2026-01-20 07:05:56,167 | INFO     | [Worker_9232] Processing: JED-HBE
2026-01-20 07:05:56,168 | INFO     |   Tier 0: Range 4, Chunk 3/4 (8 days)
2026-01-20 07:06:56,106 | INFO     | [Worker_9232] Completed: JED-HBE - 8 results, 0 errors
2026-01-20 07:06:56,111 | INFO     | [Worker_9232] Processing: YNB-CAI
2026-01-20 07:06:56,111 | INFO     |   Tier 0: Range 4, Chunk 3/4 (8 days)
2026-01-20 07:07:44,868 | INFO     | [Worker_9232] Completed: YNB-CAI - 8 results, 0 errors
2026-01-20 07:07:44,869 | INFO     | [Worker_9232] Processing: LXR-JED
2026-01-20 07:07:44,870 | INFO     |   Tier 0: Range 4, Chunk 3/4 (8 days)
2026-01-20 07:08:00,394 | INFO     | [Worker_9232] Completed: LXR-JED - 8 results, 0 errors
2026-01-20 07:08:00,397 | INFO     | [Worker_9232] Processing: CAI-TUU
2026-01-20 07:08:00,398 | INFO     |   Tier 0: Range 4, Chunk 3/4 (8 days)
2026-01-20 07:08:34,103 | INFO     | [Worker_9232] Completed: CAI-TUU - 8 results, 0 errors
2026-01-20 07:08:34,114 | INFO     | [Worker_9232] Processing: CAI-GIZ
2026-01-20 07:08:34,114 | INFO     |   Tier 0: Range 4, Chunk 3/4 (8 days)
2026-01-20 07:09:13,309 | INFO     | [Worker_9232] Completed: CAI-GIZ - 8 results, 0 errors
2026-01-20 07:09:13,311 | INFO     | [Worker_9232] Processing: RUH-ATZ
2026-01-20 07:09:13,312 | INFO     |   Tier 0: Range 4, Chunk 4/4 (8 days)
2026-01-20 07:09:43,169 | INFO     | [Worker_9232] Completed: RUH-ATZ - 8 results, 0 errors
2026-01-20 07:09:43,171 | INFO     | [Worker_9232] Processing: AJF-CAI
2026-01-20 07:09:43,171 | INFO     |   Tier 0: Range 4, Chunk 4/4 (8 days)
2026-01-20 07:10:13,224 | INFO     | [Worker_9232] Completed: AJF-CAI - 8 results, 0 errors
2026-01-20 07:10:13,228 | INFO     | [Worker_9232] Processing: CAI-MED
2026-01-20 07:10:13,228 | INFO     |   Tier 0: Range 4, Chunk 4/4 (8 days)
2026-01-20 07:11:07,482 | INFO     | [Worker_9232] Completed: CAI-MED - 8 results, 0 errors
2026-01-20 07:11:07,488 | INFO     | [Worker_9232] Processing: ATZ-DMM
2026-01-20 07:11:07,488 | INFO     |   Tier 0: Range 4, Chunk 4/4 (8 days)
2026-01-20 07:11:29,814 | INFO     | [Worker_9232] Completed: ATZ-DMM - 8 results, 0 errors
2026-01-20 07:11:29,816 | INFO     | [Worker_9232] Processing: CAI-AJF
2026-01-20 07:11:29,816 | INFO     |   Tier 0: Range 4, Chunk 4/4 (8 days)
2026-01-20 07:12:04,809 | INFO     | [Worker_9232] Completed: CAI-AJF - 8 results, 0 errors
2026-01-20 07:12:04,813 | INFO     | [Worker_9232] Processing: MED-CAI
2026-01-20 07:12:04,813 | INFO     |   Tier 0: Range 3, Chunk 1/4 (9 days)
2026-01-20 07:12:42,440 | INFO     | [Worker_9232] Completed: MED-CAI - 9 results, 0 errors
2026-01-20 07:12:42,442 | INFO     | [Worker_9232] Processing: DMM-CAI
2026-01-20 07:12:42,442 | INFO     |   Tier 0: Range 3, Chunk 1/4 (9 days)
2026-01-20 07:13:52,816 | INFO     | [Worker_9232] Completed: DMM-CAI - 9 results, 0 errors
2026-01-20 07:13:52,821 | INFO     | [Worker_9232] Processing: CAI-JED
2026-01-20 07:13:52,821 | INFO     |   Tier 0: Range 3, Chunk 1/4 (9 days)
2026-01-20 07:17:27,983 | INFO     | [Worker_9232] Completed: CAI-JED - 9 results, 0 errors
2026-01-20 07:17:27,986 | INFO     | [Worker_9232] Processing: YNB-CAI
2026-01-20 07:17:27,986 | INFO     |   Tier 0: Range 3, Chunk 2/4 (8 days)
2026-01-20 07:18:23,217 | INFO     | [Worker_9232] Completed: YNB-CAI - 8 results, 0 errors
2026-01-20 07:18:23,221 | INFO     | [Worker_9232] Processing: LXR-JED
2026-01-20 07:18:23,222 | INFO     |   Tier 0: Range 3, Chunk 2/4 (8 days)
2026-01-20 07:19:03,400 | INFO     | [Worker_9232] Completed: LXR-JED - 8 results, 0 errors
2026-01-20 07:19:03,403 | INFO     | [Worker_9232] Processing: ATZ-AJF
2026-01-20 07:19:03,404 | INFO     |   Tier 0: Range 3, Chunk 2/4 (8 days)
2026-01-20 07:19:20,415 | INFO     | [Worker_9232] Completed: ATZ-AJF - 8 results, 0 errors
2026-01-20 07:19:20,416 | INFO     | [Worker_9232] Processing: CAI-ELQ
2026-01-20 07:19:20,416 | INFO     |   Tier 0: Range 3, Chunk 2/4 (8 days)
2026-01-20 07:20:14,549 | INFO     | [Worker_9232] Completed: CAI-ELQ - 8 results, 0 errors
2026-01-20 07:20:14,551 | INFO     | [Worker_9232] Processing: JED-HBE
2026-01-20 07:20:14,551 | INFO     |   Tier 0: Range 3, Chunk 3/4 (8 days)
2026-01-20 07:21:12,285 | INFO     | [Worker_9232] Completed: JED-HBE - 8 results, 0 errors
2026-01-20 07:21:12,290 | INFO     | [Worker_9232] Processing: AHB-CAI
2026-01-20 07:21:12,290 | INFO     |   Tier 0: Range 3, Chunk 3/4 (8 days)
2026-01-20 07:22:02,460 | INFO     | [Worker_9232] Completed: AHB-CAI - 8 results, 0 errors
2026-01-20 07:22:02,464 | INFO     | [Worker_9232] Processing: LXR-JED
2026-01-20 07:22:02,465 | INFO     |   Tier 0: Range 3, Chunk 3/4 (8 days)
2026-01-20 07:22:19,971 | INFO     | [Worker_9232] Completed: LXR-JED - 8 results, 0 errors
2026-01-20 07:22:19,972 | INFO     | [Worker_9232] Processing: ATZ-RUH
2026-01-20 07:22:19,972 | INFO     |   Tier 0: Range 3, Chunk 3/4 (8 days)
2026-01-20 07:22:43,294 | INFO     | [Worker_9232] Completed: ATZ-RUH - 8 results, 0 errors
2026-01-20 07:22:43,296 | INFO     | [Worker_9232] Processing: CAI-AJF
2026-01-20 07:22:43,296 | INFO     |   Tier 0: Range 3, Chunk 3/4 (8 days)
2026-01-20 07:23:47,234 | INFO     | [Worker_9232] Completed: CAI-AJF - 8 results, 0 errors
2026-01-20 07:23:47,240 | INFO     | [Worker_9232] Processing: MED-HBE
2026-01-20 07:23:47,241 | INFO     |   Tier 0: Range 3, Chunk 4/4 (8 days)
2026-01-20 07:25:53,613 | INFO     | [Worker_9232] Completed: MED-HBE - 8 results, 0 errors
2026-01-20 07:25:53,616 | INFO     | [Worker_9232] Processing: DMM-CAI
2026-01-20 07:25:53,616 | INFO     |   Tier 0: Range 3, Chunk 4/4 (8 days)
2026-01-20 07:28:52,883 | INFO     | [Worker_9232] Completed: DMM-CAI - 8 results, 0 errors
2026-01-20 07:28:52,886 | INFO     | [Worker_9232] Processing: HBE-MED
2026-01-20 07:28:52,886 | INFO     |   Tier 0: Range 3, Chunk 4/4 (8 days)
2026-01-20 07:29:29,124 | INFO     | [Worker_9232] Completed: HBE-MED - 8 results, 0 errors
2026-01-20 07:29:29,126 | INFO     | [Worker_9232] Processing: LXR-JED
2026-01-20 07:29:29,126 | INFO     |   Tier 0: Range 3, Chunk 4/4 (8 days)
2026-01-20 07:30:04,792 | INFO     | [Worker_9232] Completed: LXR-JED - 8 results, 0 errors
2026-01-20 07:30:04,812 | INFO     | [Worker_9232] Processing: ATZ-RUH
2026-01-20 07:30:04,813 | INFO     |   Tier 0: Range 3, Chunk 4/4 (8 days)
2026-01-20 07:30:46,751 | INFO     | [Worker_9232] Completed: ATZ-RUH - 8 results, 0 errors
2026-01-20 07:30:46,766 | INFO     | [Worker_9232] Processing: ATZ-TUU
2026-01-20 07:30:46,766 | INFO     |   Tier 0: Range 3, Chunk 4/4 (8 days)
2026-01-20 07:31:17,875 | INFO     | [Worker_9232] Completed: ATZ-TUU - 8 results, 0 errors
2026-01-20 07:31:17,878 | INFO     | [Worker_9232] Processing: CAI-YNB
2026-01-20 07:31:17,879 | INFO     |   Tier 0: Range 3, Chunk 4/4 (8 days)
2026-01-20 07:32:33,317 | INFO     | [Worker_9232] Completed: CAI-YNB - 8 results, 0 errors
2026-01-20 07:32:33,319 | INFO     | [Worker_9232] Processing: JED-LXR
2026-01-20 07:32:33,319 | INFO     |   Tier 0: Range 2, Chunk 1/4 (9 days)
2026-01-20 07:33:26,296 | INFO     | [Worker_9232] Completed: JED-LXR - 9 results, 0 errors
2026-01-20 07:33:26,301 | INFO     | [Worker_9232] Processing: TUU-CAI
2026-01-20 07:33:26,302 | INFO     |   Tier 0: Range 2, Chunk 1/4 (9 days)
2026-01-20 07:34:17,509 | INFO     | [Worker_9232] Completed: TUU-CAI - 9 results, 0 errors
2026-01-20 07:34:17,524 | INFO     | [Worker_9232] Processing: AHB-ATZ
2026-01-20 07:34:17,525 | INFO     |   Tier 0: Range 2, Chunk 1/4 (9 days)
2026-01-20 07:34:41,351 | INFO     | [Worker_9232] Completed: AHB-ATZ - 9 results, 0 errors
2026-01-20 07:34:41,353 | INFO     | [Worker_9232] Processing: GIZ-CAI
2026-01-20 07:34:41,354 | INFO     |   Tier 0: Range 2, Chunk 1/4 (9 days)
2026-01-20 07:35:11,387 | INFO     | [Worker_9232] Completed: GIZ-CAI - 9 results, 0 errors
2026-01-20 07:35:11,389 | INFO     | [Worker_9232] Processing: HBE-JED
2026-01-20 07:35:11,389 | INFO     |   Tier 0: Range 2, Chunk 1/4 (9 days)
2026-01-20 07:37:01,508 | INFO     | [Worker_9232] Completed: HBE-JED - 9 results, 0 errors
2026-01-20 07:37:01,514 | INFO     | [Worker_9232] Processing: CAI-AHB
2026-01-20 07:37:01,514 | INFO     |   Tier 0: Range 2, Chunk 1/4 (9 days)
2026-01-20 07:37:48,899 | INFO     | [Worker_9232] Completed: CAI-AHB - 9 results, 0 errors
2026-01-20 07:37:48,908 | INFO     | [Worker_9232] Processing: MED-ATZ
2026-01-20 07:37:48,909 | INFO     |   Tier 0: Range 2, Chunk 2/4 (8 days)
2026-01-20 07:38:40,340 | INFO     | [Worker_9232] Completed: MED-ATZ - 8 results, 0 errors
2026-01-20 07:38:40,343 | INFO     | [Worker_9232] Processing: RUH-CAI
2026-01-20 07:38:40,343 | INFO     |   Tier 0: Range 2, Chunk 2/4 (8 days)
2026-01-20 07:40:13,824 | INFO     | [Worker_9232] Completed: RUH-CAI - 8 results, 0 errors
2026-01-20 07:40:13,830 | INFO     | [Worker_9232] Processing: GIZ-CAI
2026-01-20 07:40:13,830 | INFO     |   Tier 0: Range 2, Chunk 2/4 (8 days)
2026-01-20 07:40:39,692 | INFO     | [Worker_9232] Completed: GIZ-CAI - 8 results, 0 errors
2026-01-20 07:40:39,694 | INFO     | [Worker_9232] Processing: ATZ-JED
2026-01-20 07:40:39,694 | INFO     |   Tier 0: Range 2, Chunk 2/4 (8 days)
2026-01-20 07:42:13,607 | INFO     | [Worker_9232] Completed: ATZ-JED - 8 results, 0 errors
2026-01-20 07:42:13,613 | INFO     | [Worker_9232] Processing: MED-HBE
2026-01-20 07:42:13,613 | INFO     |   Tier 0: Range 2, Chunk 3/4 (8 days)
2026-01-20 07:43:14,534 | INFO     | [Worker_9232] Completed: MED-HBE - 8 results, 0 errors
2026-01-20 07:43:14,537 | INFO     | [Worker_9232] Processing: RUH-CAI
2026-01-20 07:43:14,538 | INFO     |   Tier 0: Range 2, Chunk 3/4 (8 days)
2026-01-20 07:45:02,164 | INFO     | [Worker_9232] Completed: RUH-CAI - 8 results, 0 errors
2026-01-20 07:45:02,166 | INFO     | [Worker_9232] Processing: CAI-MED
2026-01-20 07:45:02,166 | INFO     |   Tier 0: Range 2, Chunk 3/4 (8 days)
2026-01-20 07:46:07,904 | INFO     | [Worker_9232] Completed: CAI-MED - 8 results, 0 errors
2026-01-20 07:46:07,905 | INFO     | [Worker_9232] Processing: ATZ-DMM
2026-01-20 07:46:07,906 | INFO     |   Tier 0: Range 2, Chunk 3/4 (8 days)
2026-01-20 07:46:41,869 | INFO     | [Worker_9232] Completed: ATZ-DMM - 8 results, 0 errors
2026-01-20 07:46:41,871 | INFO     | [Worker_9232] Processing: ATZ-AJF
2026-01-20 07:46:41,872 | INFO     |   Tier 0: Range 2, Chunk 3/4 (8 days)
2026-01-20 07:46:59,881 | INFO     | [Worker_9232] Completed: ATZ-AJF - 8 results, 0 errors
2026-01-20 07:46:59,893 | INFO     | [Worker_9232] Processing: ATZ-AHB
2026-01-20 07:46:59,893 | INFO     |   Tier 0: Range 2, Chunk 3/4 (8 days)
2026-01-20 07:47:20,799 | INFO     | [Worker_9232] Completed: ATZ-AHB - 8 results, 0 errors
2026-01-20 07:47:20,809 | INFO     | [Worker_9232] Processing: MED-HBE
2026-01-20 07:47:20,811 | INFO     |   Tier 0: Range 2, Chunk 4/4 (8 days)
2026-01-20 07:48:45,292 | INFO     | [Worker_9232] Completed: MED-HBE - 8 results, 0 errors
2026-01-20 07:48:45,295 | INFO     | [Worker_9232] Processing: TUU-ATZ
2026-01-20 07:48:45,295 | INFO     |   Tier 0: Range 2, Chunk 4/4 (8 days)
2026-01-20 07:49:04,516 | INFO     | [Worker_9232] Completed: TUU-ATZ - 8 results, 0 errors
2026-01-20 07:49:04,517 | INFO     | [Worker_9232] Processing: AHB-ATZ
2026-01-20 07:49:04,517 | INFO     |   Tier 0: Range 2, Chunk 4/4 (8 days)
2026-01-20 07:49:23,723 | INFO     | [Worker_9232] Completed: AHB-ATZ - 8 results, 0 errors
2026-01-20 07:49:23,724 | INFO     | [Worker_9232] Processing: ELQ-ATZ
2026-01-20 07:49:23,724 | INFO     |   Tier 0: Range 2, Chunk 4/4 (8 days)
2026-01-20 07:49:51,936 | INFO     | [Worker_9232] Completed: ELQ-ATZ - 8 results, 0 errors
2026-01-20 07:49:51,939 | INFO     | [Worker_9232] Processing: CAI-JED
2026-01-20 07:49:51,939 | INFO     |   Tier 0: Range 2, Chunk 4/4 (8 days)
2026-01-20 07:54:25,215 | INFO     | [Worker_9232] Completed: CAI-JED - 8 results, 0 errors
2026-01-20 07:54:25,219 | INFO     | [Worker_9232] Processing: ELQ-ATZ
2026-01-20 07:54:25,219 | INFO     |   Tier 0: Range 1, Chunk 1/4 (9 days)
2026-01-20 07:54:58,939 | INFO     | [Worker_9232] Completed: ELQ-ATZ - 9 results, 0 errors
2026-01-20 07:54:58,941 | INFO     | [Worker_9232] Processing: CAI-JED
2026-01-20 07:54:58,941 | INFO     |   Tier 0: Range 1, Chunk 1/4 (9 days)
2026-01-20 08:00:04,206 | INFO     | [Worker_9232] Completed: CAI-JED - 9 results, 0 errors
2026-01-20 08:00:04,211 | INFO     | [Worker_9232] Processing: HBE-JED
2026-01-20 08:00:04,211 | INFO     |   Tier 0: Range 1, Chunk 2/4 (8 days)
2026-01-20 08:02:08,261 | INFO     | [Worker_9232] Completed: HBE-JED - 8 results, 0 errors
2026-01-20 08:02:08,264 | INFO     | [Worker_9232] Processing: ATZ-ELQ
2026-01-20 08:02:08,264 | INFO     |   Tier 0: Range 1, Chunk 2/4 (8 days)
2026-01-20 08:02:34,838 | INFO     | [Worker_9232] Completed: ATZ-ELQ - 8 results, 0 errors
2026-01-20 08:02:34,839 | INFO     | [Worker_9232] Processing: MED-ATZ
2026-01-20 08:02:34,839 | INFO     |   Tier 0: Range 1, Chunk 3/4 (8 days)
2026-01-20 08:03:31,096 | INFO     | [Worker_9232] Completed: MED-ATZ - 8 results, 0 errors
2026-01-20 08:03:31,097 | INFO     | [Worker_9232] Processing: DMM-CAI
2026-01-20 08:03:31,097 | INFO     |   Tier 0: Range 1, Chunk 3/4 (8 days)
2026-01-20 08:04:08,764 | INFO     | [Worker_9232] Completed: DMM-CAI - 8 results, 0 errors
2026-01-20 08:04:08,765 | INFO     | [Worker_9232] Processing: AJF-ATZ
2026-01-20 08:04:08,765 | INFO     |   Tier 0: Range 1, Chunk 3/4 (8 days)
2026-01-20 08:04:30,308 | INFO     | [Worker_9232] Completed: AJF-ATZ - 8 results, 0 errors
2026-01-20 08:04:30,309 | INFO     | [Worker_9232] Processing: AHB-CAI
2026-01-20 08:04:30,310 | INFO     |   Tier 0: Range 1, Chunk 3/4 (8 days)
2026-01-20 08:05:07,649 | INFO     | [Worker_9232] Completed: AHB-CAI - 8 results, 0 errors
2026-01-20 08:05:07,651 | INFO     | [Worker_9232] Processing: HBE-MED
2026-01-20 08:05:07,651 | INFO     |   Tier 0: Range 1, Chunk 3/4 (8 days)
2026-01-20 08:05:47,330 | INFO     | [Worker_9232] Completed: HBE-MED - 8 results, 0 errors
2026-01-20 08:05:47,331 | INFO     | [Worker_9232] Processing: ATZ-RUH
2026-01-20 08:05:47,332 | INFO     |   Tier 0: Range 1, Chunk 3/4 (8 days)
2026-01-20 08:06:27,621 | INFO     | [Worker_9232] Completed: ATZ-RUH - 8 results, 0 errors
2026-01-20 08:06:27,622 | INFO     | [Worker_9232] Processing: ATZ-TUU
2026-01-20 08:06:27,623 | INFO     |   Tier 0: Range 1, Chunk 3/4 (8 days)
2026-01-20 08:06:47,293 | INFO     | [Worker_9232] Completed: ATZ-TUU - 8 results, 0 errors
2026-01-20 08:06:47,294 | INFO     | [Worker_9232] Processing: CAI-YNB
2026-01-20 08:06:47,295 | INFO     |   Tier 0: Range 1, Chunk 3/4 (8 days)
2026-01-20 08:07:53,286 | INFO     | [Worker_9232] Completed: CAI-YNB - 8 results, 0 errors
2026-01-20 08:07:53,288 | INFO     | [Worker_9232] Processing: JED-ATZ
2026-01-20 08:07:53,288 | INFO     |   Tier 0: Range 1, Chunk 4/4 (8 days)
2026-01-20 08:11:10,726 | INFO     | [Worker_9232] Completed: JED-ATZ - 7 results, 0 errors
2026-01-20 08:11:10,728 | INFO     | [Worker_9232] Processing: ATZ-DMM
2026-01-20 08:11:10,728 | INFO     |   Tier 0: Range 1, Chunk 4/4 (8 days)
2026-01-20 08:11:41,240 | INFO     | [Worker_9232] Completed: ATZ-DMM - 7 results, 0 errors
2026-01-20 08:11:41,241 | INFO     | [Worker_9232] Processing: CAI-AJF
2026-01-20 08:11:41,241 | INFO     |   Tier 0: Range 1, Chunk 4/4 (8 days)
2026-01-20 08:12:18,025 | INFO     | [Worker_9232] Completed: CAI-AJF - 7 results, 0 errors
2026-01-20 08:12:18,026 | INFO     | [Worker_9232] Processing: CAI-ELQ
2026-01-20 08:12:18,027 | INFO     |   Tier 0: Range 1, Chunk 4/4 (8 days)
2026-01-20 08:12:54,881 | INFO     | [Worker_9232] Completed: CAI-ELQ - 7 results, 0 errors
2026-01-20 08:45:13,202 | INFO     | [Worker_9232] Shutdown signal received, exiting...
2026-01-20 08:45:13,213 | INFO     | [Worker_9232] Finished. Processed 77 groups.
