2026-01-20 06:59:43,894 | INFO     | [Worker_9234] Completed: JED-ASW - 9 results, 0 errors
2026-01-20 06:59:43,896 | INFO     | [Worker_9234] Processing: DMM-CAI
2026-01-20 06:59:43,897 | INFO     |   Tier 0: Range 4, Chunk 1/4 (9 days)
2026-01-20 07:00:58,404 | INFO     | [Worker_9234] Completed: DMM-CAI - 9 results, 0 errors
2026-01-20 07:00:58,406 | INFO     | [Worker_9234] Processing: HBE-MED
2026-01-20 07:00:58,406 | INFO     |   Tier 0: Range 4, Chunk 1/4 (9 days)
2026-01-20 07:01:28,121 | INFO     | [Worker_9234] Completed: HBE-MED - 9 results, 0 errors
2026-01-20 07:01:28,123 | INFO     | [Worker_9234] Processing: CAI-RUH
2026-01-20 07:01:28,124 | INFO     |   Tier 0: Range 4, Chunk 1/4 (9 days)
2026-01-20 07:02:16,893 | INFO     | [Worker_9234] Completed: CAI-RUH - 9 results, 0 errors
2026-01-20 07:02:16,897 | INFO     | [Worker_9234] Processing: CAI-ELQ
2026-01-20 07:02:16,897 | INFO     |   Tier 0: Range 4, Chunk 1/4 (9 days)
2026-01-20 07:02:45,582 | INFO     | [Worker_9234] Completed: CAI-ELQ - 9 results, 0 errors
2026-01-20 07:02:45,583 | INFO     | [Worker_9234] Processing: JED-HBE
2026-01-20 07:02:45,584 | INFO     |   Tier 0: Range 4, Chunk 2/4 (8 days)
2026-01-20 07:03:30,620 | INFO     | [Worker_9234] Completed: JED-HBE - 8 results, 0 errors
2026-01-20 07:03:30,622 | INFO     | [Worker_9234] Processing: AHB-CAI
2026-01-20 07:03:30,622 | INFO     |   Tier 0: Range 4, Chunk 2/4 (8 days)
2026-01-20 07:03:59,415 | INFO     | [Worker_9234] Completed: AHB-CAI - 8 results, 0 errors
2026-01-20 07:03:59,416 | INFO     | [Worker_9234] Processing: CAI-JED
2026-01-20 07:03:59,416 | INFO     |   Tier 0: Range 4, Chunk 2/4 (8 days)
2026-01-20 07:06:35,126 | INFO     | [Worker_9234] Completed: CAI-JED - 8 results, 0 errors
2026-01-20 07:06:35,134 | INFO     | [Worker_9234] Processing: TUU-ATZ
2026-01-20 07:06:35,134 | INFO     |   Tier 0: Range 4, Chunk 3/4 (8 days)
2026-01-20 07:06:59,021 | INFO     | [Worker_9234] Completed: TUU-ATZ - 8 results, 0 errors
2026-01-20 07:06:59,022 | INFO     | [Worker_9234] Processing: AHB-CAI
2026-01-20 07:06:59,022 | INFO     |   Tier 0: Range 4, Chunk 3/4 (8 days)
2026-01-20 07:07:44,337 | INFO     | [Worker_9234] Completed: AHB-CAI - 8 results, 0 errors
2026-01-20 07:07:44,339 | INFO     | [Worker_9234] Processing: ATZ-JED
2026-01-20 07:07:44,340 | INFO     |   Tier 0: Range 4, Chunk 3/4 (8 days)
2026-01-20 07:08:30,730 | INFO     | [Worker_9234] Completed: ATZ-JED - 8 results, 0 errors
2026-01-20 07:08:30,732 | INFO     | [Worker_9234] Processing: ATZ-ELQ
2026-01-20 07:08:30,732 | INFO     |   Tier 0: Range 4, Chunk 3/4 (8 days)
2026-01-20 07:08:45,787 | INFO     | [Worker_9234] Completed: ATZ-ELQ - 8 results, 0 errors
2026-01-20 07:08:45,789 | INFO     | [Worker_9234] Processing: JED-CAI
2026-01-20 07:08:45,789 | INFO     |   Tier 0: Range 4, Chunk 4/4 (8 days)
2026-01-20 07:10:58,069 | INFO     | [Worker_9234] Completed: JED-CAI - 8 results, 0 errors
2026-01-20 07:10:58,073 | INFO     | [Worker_9234] Processing: ASW-JED
2026-01-20 07:10:58,073 | INFO     |   Tier 0: Range 4, Chunk 4/4 (8 days)
2026-01-20 07:11:21,370 | INFO     | [Worker_9234] Completed: ASW-JED - 8 results, 0 errors
2026-01-20 07:11:21,373 | INFO     | [Worker_9234] Processing: ATZ-TUU
2026-01-20 07:11:21,373 | INFO     |   Tier 0: Range 4, Chunk 4/4 (8 days)
2026-01-20 07:11:39,505 | INFO     | [Worker_9234] Completed: ATZ-TUU - 8 results, 0 errors
2026-01-20 07:11:39,510 | INFO     | [Worker_9234] Processing: CAI-YNB
2026-01-20 07:11:39,510 | INFO     |   Tier 0: Range 4, Chunk 4/4 (8 days)
2026-01-20 07:12:28,859 | INFO     | [Worker_9234] Completed: CAI-YNB - 8 results, 0 errors
2026-01-20 07:12:28,860 | INFO     | [Worker_9234] Processing: JED-LXR
2026-01-20 07:12:28,860 | INFO     |   Tier 0: Range 3, Chunk 1/4 (9 days)
2026-01-20 07:12:44,573 | INFO     | [Worker_9234] Completed: JED-LXR - 9 results, 0 errors
2026-01-20 07:12:44,575 | INFO     | [Worker_9234] Processing: DMM-ATZ
2026-01-20 07:12:44,576 | INFO     |   Tier 0: Range 3, Chunk 1/4 (9 days)
2026-01-20 07:13:03,403 | INFO     | [Worker_9234] Completed: DMM-ATZ - 9 results, 0 errors
2026-01-20 07:13:03,405 | INFO     | [Worker_9234] Processing: AJF-ATZ
2026-01-20 07:13:03,406 | INFO     |   Tier 0: Range 3, Chunk 1/4 (9 days)
2026-01-20 07:13:18,680 | INFO     | [Worker_9234] Completed: AJF-ATZ - 9 results, 0 errors
2026-01-20 07:13:18,681 | INFO     | [Worker_9234] Processing: ELQ-CAI
2026-01-20 07:13:18,682 | INFO     |   Tier 0: Range 3, Chunk 1/4 (9 days)
2026-01-20 07:14:07,733 | INFO     | [Worker_9234] Completed: ELQ-CAI - 9 results, 0 errors
2026-01-20 07:14:07,735 | INFO     | [Worker_9234] Processing: HBE-JED
2026-01-20 07:14:07,735 | INFO     |   Tier 0: Range 3, Chunk 1/4 (9 days)
2026-01-20 07:15:05,513 | INFO     | [Worker_9234] Completed: HBE-JED - 9 results, 0 errors
2026-01-20 07:15:05,522 | INFO     | [Worker_9234] Processing: CAI-AHB
2026-01-20 07:15:05,524 | INFO     |   Tier 0: Range 3, Chunk 1/4 (9 days)
2026-01-20 07:16:24,312 | INFO     | [Worker_9234] Completed: CAI-AHB - 9 results, 0 errors
2026-01-20 07:16:24,314 | INFO     | [Worker_9234] Processing: JED-HBE
2026-01-20 07:16:24,314 | INFO     |   Tier 0: Range 3, Chunk 2/4 (8 days)
2026-01-20 07:17:29,367 | INFO     | [Worker_9234] Completed: JED-HBE - 8 results, 0 errors
2026-01-20 07:17:29,369 | INFO     | [Worker_9234] Processing: AHB-CAI
2026-01-20 07:17:29,369 | INFO     |   Tier 0: Range 3, Chunk 2/4 (8 days)
2026-01-20 07:18:16,581 | INFO     | [Worker_9234] Completed: AHB-CAI - 8 results, 0 errors
2026-01-20 07:18:16,582 | INFO     | [Worker_9234] Processing: HBE-JED
2026-01-20 07:18:16,583 | INFO     |   Tier 0: Range 3, Chunk 2/4 (8 days)
2026-01-20 07:19:11,376 | INFO     | [Worker_9234] Completed: HBE-JED - 8 results, 0 errors
2026-01-20 07:19:11,388 | INFO     | [Worker_9234] Processing: CAI-YNB
2026-01-20 07:19:11,389 | INFO     |   Tier 0: Range 3, Chunk 2/4 (8 days)
2026-01-20 07:20:37,810 | INFO     | [Worker_9234] Completed: CAI-YNB - 8 results, 0 errors
2026-01-20 07:20:37,835 | INFO     | [Worker_9234] Processing: DMM-ATZ
2026-01-20 07:20:37,836 | INFO     |   Tier 0: Range 3, Chunk 3/4 (8 days)
2026-01-20 07:20:56,970 | INFO     | [Worker_9234] Completed: DMM-ATZ - 8 results, 0 errors
2026-01-20 07:20:56,973 | INFO     | [Worker_9234] Processing: AJF-CAI
2026-01-20 07:20:56,974 | INFO     |   Tier 0: Range 3, Chunk 3/4 (8 days)
2026-01-20 07:21:32,405 | INFO     | [Worker_9234] Completed: AJF-CAI - 8 results, 0 errors
2026-01-20 07:21:32,408 | INFO     | [Worker_9234] Processing: CAI-MED
2026-01-20 07:21:32,410 | INFO     |   Tier 0: Range 3, Chunk 3/4 (8 days)
2026-01-20 07:22:32,957 | INFO     | [Worker_9234] Completed: CAI-MED - 8 results, 0 errors
2026-01-20 07:22:32,971 | INFO     | [Worker_9234] Processing: CAI-TUU
2026-01-20 07:22:32,971 | INFO     |   Tier 0: Range 3, Chunk 3/4 (8 days)
2026-01-20 07:23:39,645 | INFO     | [Worker_9234] Completed: CAI-TUU - 8 results, 0 errors
2026-01-20 07:23:39,651 | INFO     | [Worker_9234] Processing: MED-CAI
2026-01-20 07:23:39,652 | INFO     |   Tier 0: Range 3, Chunk 4/4 (8 days)
2026-01-20 07:25:46,279 | INFO     | [Worker_9234] Completed: MED-CAI - 8 results, 0 errors
2026-01-20 07:25:46,283 | INFO     | [Worker_9234] Processing: RUH-CAI
2026-01-20 07:25:46,284 | INFO     |   Tier 0: Range 3, Chunk 4/4 (8 days)
2026-01-20 07:27:53,260 | INFO     | [Worker_9234] Completed: RUH-CAI - 8 results, 0 errors
2026-01-20 07:27:53,269 | INFO     | [Worker_9234] Processing: AHB-CAI
2026-01-20 07:27:53,270 | INFO     |   Tier 0: Range 3, Chunk 4/4 (8 days)
2026-01-20 07:29:18,883 | INFO     | [Worker_9234] Completed: AHB-CAI - 8 results, 0 errors
2026-01-20 07:29:18,886 | INFO     | [Worker_9234] Processing: ATZ-JED
2026-01-20 07:29:18,887 | INFO     |   Tier 0: Range 3, Chunk 4/4 (8 days)
2026-01-20 07:31:36,122 | INFO     | [Worker_9234] Completed: ATZ-JED - 8 results, 0 errors
2026-01-20 07:31:36,133 | INFO     | [Worker_9234] Processing: CAI-ELQ
2026-01-20 07:31:36,133 | INFO     |   Tier 0: Range 3, Chunk 4/4 (8 days)
2026-01-20 07:32:18,809 | INFO     | [Worker_9234] Completed: CAI-ELQ - 8 results, 0 errors
2026-01-20 07:32:18,814 | INFO     | [Worker_9234] Processing: JED-HBE
2026-01-20 07:32:18,815 | INFO     |   Tier 0: Range 2, Chunk 1/4 (9 days)
2026-01-20 07:34:46,101 | INFO     | [Worker_9234] Completed: JED-HBE - 9 results, 0 errors
2026-01-20 07:34:46,103 | INFO     | [Worker_9234] Processing: HBE-MED
2026-01-20 07:34:46,104 | INFO     |   Tier 0: Range 2, Chunk 1/4 (9 days)
2026-01-20 07:35:49,198 | INFO     | [Worker_9234] Completed: HBE-MED - 9 results, 0 errors
2026-01-20 07:35:49,201 | INFO     | [Worker_9234] Processing: ATZ-RUH
2026-01-20 07:35:49,202 | INFO     |   Tier 0: Range 2, Chunk 1/4 (9 days)
2026-01-20 07:36:33,344 | INFO     | [Worker_9234] Completed: ATZ-RUH - 9 results, 0 errors
2026-01-20 07:36:33,346 | INFO     | [Worker_9234] Processing: ATZ-TUU
2026-01-20 07:36:33,347 | INFO     |   Tier 0: Range 2, Chunk 1/4 (9 days)
2026-01-20 07:36:55,770 | INFO     | [Worker_9234] Completed: ATZ-TUU - 9 results, 0 errors
2026-01-20 07:36:55,772 | INFO     | [Worker_9234] Processing: CAI-YNB
2026-01-20 07:36:55,772 | INFO     |   Tier 0: Range 2, Chunk 1/4 (9 days)
2026-01-20 07:38:39,470 | INFO     | [Worker_9234] Completed: CAI-YNB - 9 results, 0 errors
2026-01-20 07:38:39,473 | INFO     | [Worker_9234] Processing: JED-ASW
2026-01-20 07:38:39,473 | INFO     |   Tier 0: Range 2, Chunk 2/4 (8 days)
2026-01-20 07:38:55,720 | INFO     | [Worker_9234] Completed: JED-ASW - 8 results, 0 errors
2026-01-20 07:38:55,724 | INFO     | [Worker_9234] Processing: DMM-CAI
2026-01-20 07:38:55,725 | INFO     |   Tier 0: Range 2, Chunk 2/4 (8 days)
2026-01-20 07:39:44,604 | INFO     | [Worker_9234] Completed: DMM-CAI - 8 results, 0 errors
2026-01-20 07:39:44,606 | INFO     | [Worker_9234] Processing: AHB-CAI
2026-01-20 07:39:44,607 | INFO     |   Tier 0: Range 2, Chunk 2/4 (8 days)
2026-01-20 07:40:31,034 | INFO     | [Worker_9234] Completed: AHB-CAI - 8 results, 0 errors
2026-01-20 07:40:31,035 | INFO     | [Worker_9234] Processing: CAI-JED
2026-01-20 07:40:31,036 | INFO     |   Tier 0: Range 2, Chunk 2/4 (8 days)
2026-01-20 07:43:28,253 | INFO     | [Worker_9234] Completed: CAI-JED - 8 results, 0 errors
2026-01-20 07:43:28,258 | INFO     | [Worker_9234] Processing: DMM-ATZ
2026-01-20 07:43:28,259 | INFO     |   Tier 0: Range 2, Chunk 3/4 (8 days)
2026-01-20 07:44:15,528 | INFO     | [Worker_9234] Completed: DMM-ATZ - 8 results, 0 errors
2026-01-20 07:44:15,530 | INFO     | [Worker_9234] Processing: AHB-CAI
2026-01-20 07:44:15,530 | INFO     |   Tier 0: Range 2, Chunk 3/4 (8 days)
2026-01-20 07:45:09,511 | INFO     | [Worker_9234] Completed: AHB-CAI - 8 results, 0 errors
2026-01-20 07:45:09,513 | INFO     | [Worker_9234] Processing: ATZ-MED
2026-01-20 07:45:09,514 | INFO     |   Tier 0: Range 2, Chunk 3/4 (8 days)
2026-01-20 07:45:54,819 | INFO     | [Worker_9234] Completed: ATZ-MED - 8 results, 0 errors
2026-01-20 07:45:54,822 | INFO     | [Worker_9234] Processing: CAI-RUH
2026-01-20 07:45:54,822 | INFO     |   Tier 0: Range 2, Chunk 3/4 (8 days)
2026-01-20 07:47:00,647 | INFO     | [Worker_9234] Completed: CAI-RUH - 8 results, 0 errors
2026-01-20 07:47:00,651 | INFO     | [Worker_9234] Processing: CAI-ELQ
2026-01-20 07:47:00,651 | INFO     |   Tier 0: Range 2, Chunk 3/4 (8 days)
2026-01-20 07:47:37,170 | INFO     | [Worker_9234] Completed: CAI-ELQ - 8 results, 0 errors
2026-01-20 07:47:37,173 | INFO     | [Worker_9234] Processing: JED-ATZ
2026-01-20 07:47:37,173 | INFO     |   Tier 0: Range 2, Chunk 4/4 (8 days)
2026-01-20 07:50:30,005 | INFO     | [Worker_9234] Completed: JED-ATZ - 8 results, 0 errors
2026-01-20 07:50:30,007 | INFO     | [Worker_9234] Processing: CAI-DMM
2026-01-20 07:50:30,007 | INFO     |   Tier 0: Range 2, Chunk 4/4 (8 days)
2026-01-20 07:51:03,108 | INFO     | [Worker_9234] Completed: CAI-DMM - 8 results, 0 errors
2026-01-20 07:51:03,110 | INFO     | [Worker_9234] Processing: CAI-AJF
2026-01-20 07:51:03,110 | INFO     |   Tier 0: Range 2, Chunk 4/4 (8 days)
2026-01-20 07:51:30,862 | INFO     | [Worker_9234] Completed: CAI-AJF - 8 results, 0 errors
2026-01-20 07:51:30,864 | INFO     | [Worker_9234] Processing: ATZ-ELQ
2026-01-20 07:51:30,864 | INFO     |   Tier 0: Range 2, Chunk 4/4 (8 days)
2026-01-20 07:51:57,313 | INFO     | [Worker_9234] Completed: ATZ-ELQ - 8 results, 0 errors
2026-01-20 07:51:57,315 | INFO     | [Worker_9234] Processing: MED-ATZ
2026-01-20 07:51:57,315 | INFO     |   Tier 0: Range 1, Chunk 1/4 (9 days)
2026-01-20 07:52:57,918 | INFO     | [Worker_9234] Completed: MED-ATZ - 9 results, 0 errors
2026-01-20 07:52:57,922 | INFO     | [Worker_9234] Processing: DMM-CAI
2026-01-20 07:52:57,923 | INFO     |   Tier 0: Range 1, Chunk 1/4 (9 days)
2026-01-20 07:53:59,164 | INFO     | [Worker_9234] Completed: DMM-CAI - 9 results, 0 errors
2026-01-20 07:53:59,166 | INFO     | [Worker_9234] Processing: YNB-CAI
2026-01-20 07:53:59,167 | INFO     |   Tier 0: Range 1, Chunk 1/4 (9 days)
2026-01-20 07:55:00,896 | INFO     | [Worker_9234] Completed: YNB-CAI - 9 results, 0 errors
2026-01-20 07:55:00,897 | INFO     | [Worker_9234] Processing: ATZ-JED
2026-01-20 07:55:00,897 | INFO     |   Tier 0: Range 1, Chunk 1/4 (9 days)
2026-01-20 07:57:51,879 | INFO     | [Worker_9234] Completed: ATZ-JED - 9 results, 0 errors
2026-01-20 07:57:51,889 | INFO     | [Worker_9234] Processing: JED-LXR
2026-01-20 07:57:51,889 | INFO     |   Tier 0: Range 1, Chunk 2/4 (8 days)
2026-01-20 07:58:26,664 | INFO     | [Worker_9234] Completed: JED-LXR - 8 results, 0 errors
2026-01-20 07:58:26,666 | INFO     | [Worker_9234] Processing: TUU-CAI
2026-01-20 07:58:26,666 | INFO     |   Tier 0: Range 1, Chunk 2/4 (8 days)
2026-01-20 07:59:01,042 | INFO     | [Worker_9234] Completed: TUU-CAI - 8 results, 0 errors
2026-01-20 07:59:01,043 | INFO     | [Worker_9234] Processing: AJF-ATZ
2026-01-20 07:59:01,043 | INFO     |   Tier 0: Range 1, Chunk 2/4 (8 days)
2026-01-20 07:59:22,679 | INFO     | [Worker_9234] Completed: AJF-ATZ - 8 results, 0 errors
2026-01-20 07:59:22,680 | INFO     | [Worker_9234] Processing: ELQ-CAI
2026-01-20 07:59:22,680 | INFO     |   Tier 0: Range 1, Chunk 2/4 (8 days)
2026-01-20 08:00:01,814 | INFO     | [Worker_9234] Completed: ELQ-CAI - 8 results, 0 errors
2026-01-20 08:00:01,815 | INFO     | [Worker_9234] Processing: HBE-MED
2026-01-20 08:00:01,815 | INFO     |   Tier 0: Range 1, Chunk 2/4 (8 days)
2026-01-20 08:00:42,113 | INFO     | [Worker_9234] Completed: HBE-MED - 8 results, 0 errors
2026-01-20 08:00:42,115 | INFO     | [Worker_9234] Processing: CAI-RUH
2026-01-20 08:00:42,115 | INFO     |   Tier 0: Range 1, Chunk 2/4 (8 days)
2026-01-20 08:01:49,209 | INFO     | [Worker_9234] Completed: CAI-RUH - 8 results, 0 errors
2026-01-20 08:01:49,214 | INFO     | [Worker_9234] Processing: ATZ-AHB
2026-01-20 08:01:49,214 | INFO     |   Tier 0: Range 1, Chunk 2/4 (8 days)
2026-01-20 08:02:15,314 | INFO     | [Worker_9234] Completed: ATZ-AHB - 8 results, 0 errors
2026-01-20 08:02:15,317 | INFO     | [Worker_9234] Processing: MED-CAI
2026-01-20 08:02:15,317 | INFO     |   Tier 0: Range 1, Chunk 3/4 (8 days)
2026-01-20 08:03:14,933 | INFO     | [Worker_9234] Completed: MED-CAI - 8 results, 0 errors
2026-01-20 08:03:14,935 | INFO     | [Worker_9234] Processing: JED-ASW
2026-01-20 08:03:14,936 | INFO     |   Tier 0: Range 1, Chunk 3/4 (8 days)
2026-01-20 08:03:28,545 | INFO     | [Worker_9234] Completed: JED-ASW - 8 results, 0 errors
2026-01-20 08:03:28,547 | INFO     | [Worker_9234] Processing: RUH-ATZ
2026-01-20 08:03:28,547 | INFO     |   Tier 0: Range 1, Chunk 3/4 (8 days)
2026-01-20 08:04:07,692 | INFO     | [Worker_9234] Completed: RUH-ATZ - 8 results, 0 errors
2026-01-20 08:04:07,694 | INFO     | [Worker_9234] Processing: AJF-CAI
2026-01-20 08:04:07,694 | INFO     |   Tier 0: Range 1, Chunk 3/4 (8 days)
2026-01-20 08:04:42,535 | INFO     | [Worker_9234] Completed: AJF-CAI - 8 results, 0 errors
2026-01-20 08:04:42,537 | INFO     | [Worker_9234] Processing: ELQ-CAI
2026-01-20 08:04:42,537 | INFO     |   Tier 0: Range 1, Chunk 3/4 (8 days)
2026-01-20 08:05:12,315 | INFO     | [Worker_9234] Completed: ELQ-CAI - 8 results, 0 errors
2026-01-20 08:05:12,316 | INFO     | [Worker_9234] Processing: ATZ-MED
2026-01-20 08:05:12,316 | INFO     |   Tier 0: Range 1, Chunk 3/4 (8 days)
2026-01-20 08:05:52,265 | INFO     | [Worker_9234] Completed: ATZ-MED - 8 results, 0 errors
2026-01-20 08:05:52,267 | INFO     | [Worker_9234] Processing: ATZ-DMM
2026-01-20 08:05:52,267 | INFO     |   Tier 0: Range 1, Chunk 3/4 (8 days)
2026-01-20 08:06:36,790 | INFO     | [Worker_9234] Completed: ATZ-DMM - 8 results, 0 errors
2026-01-20 08:06:36,792 | INFO     | [Worker_9234] Processing: ATZ-AJF
2026-01-20 08:06:36,792 | INFO     |   Tier 0: Range 1, Chunk 3/4 (8 days)
2026-01-20 08:06:56,333 | INFO     | [Worker_9234] Completed: ATZ-AJF - 8 results, 0 errors
2026-01-20 08:06:56,339 | INFO     | [Worker_9234] Processing: ATZ-AHB
2026-01-20 08:06:56,340 | INFO     |   Tier 0: Range 1, Chunk 3/4 (8 days)
2026-01-20 08:07:18,829 | INFO     | [Worker_9234] Completed: ATZ-AHB - 8 results, 0 errors
2026-01-20 08:07:18,830 | INFO     | [Worker_9234] Processing: MED-CAI
2026-01-20 08:07:18,830 | INFO     |   Tier 0: Range 1, Chunk 4/4 (8 days)
2026-01-20 08:08:13,063 | INFO     | [Worker_9234] Completed: MED-CAI - 7 results, 0 errors
2026-01-20 08:08:13,064 | INFO     | [Worker_9234] Processing: RUH-CAI
2026-01-20 08:08:13,064 | INFO     |   Tier 0: Range 1, Chunk 4/4 (8 days)
2026-01-20 08:09:35,069 | INFO     | [Worker_9234] Completed: RUH-CAI - 7 results, 0 errors
2026-01-20 08:09:35,071 | INFO     | [Worker_9234] Processing: ELQ-CAI
2026-01-20 08:09:35,071 | INFO     |   Tier 0: Range 1, Chunk 4/4 (8 days)
2026-01-20 08:10:04,962 | INFO     | [Worker_9234] Completed: ELQ-CAI - 7 results, 0 errors
2026-01-20 08:10:04,963 | INFO     | [Worker_9234] Processing: ATZ-MED
2026-01-20 08:10:04,963 | INFO     |   Tier 0: Range 1, Chunk 4/4 (8 days)
2026-01-20 08:10:44,496 | INFO     | [Worker_9234] Completed: ATZ-MED - 7 results, 0 errors
2026-01-20 08:10:44,498 | INFO     | [Worker_9234] Processing: ASW-JED
2026-01-20 08:10:44,499 | INFO     |   Tier 0: Range 1, Chunk 4/4 (8 days)
2026-01-20 08:11:07,949 | INFO     | [Worker_9234] Completed: ASW-JED - 7 results, 0 errors
2026-01-20 08:11:07,951 | INFO     | [Worker_9234] Processing: CAI-DMM
2026-01-20 08:11:07,952 | INFO     |   Tier 0: Range 1, Chunk 4/4 (8 days)
2026-01-20 08:11:53,247 | INFO     | [Worker_9234] Completed: CAI-DMM - 7 results, 0 errors
2026-01-20 08:11:53,249 | INFO     | [Worker_9234] Processing: CAI-YNB
2026-01-20 08:11:53,249 | INFO     |   Tier 0: Range 1, Chunk 4/4 (8 days)
2026-01-20 08:12:55,706 | INFO     | [Worker_9234] Completed: CAI-YNB - 7 results, 0 errors
2026-01-20 08:45:14,142 | INFO     | [Worker_9234] Shutdown signal received, exiting...
2026-01-20 08:45:14,165 | INFO     | [Worker_9234] Finished. Processed 80 groups.
