2026-01-15 08:23:50,854 | INFO     | [Worker_9222] Completed: MED-CAI - 10 results, 0 errors
2026-01-15 08:23:50,856 | INFO     | [Worker_9222] Processing: AJF-CAI
2026-01-15 08:23:50,856 | INFO     |   Tier 0: Range 2, Chunk 1/3 (10 days)
2026-01-15 08:24:33,748 | INFO     | [Worker_9222] Completed: AJF-CAI - 10 results, 0 errors
2026-01-15 08:24:33,749 | INFO     | [Worker_9222] Processing: GIZ-CAI
2026-01-15 08:24:33,749 | INFO     |   Tier 0: Range 2, Chunk 1/3 (10 days)
2026-01-15 08:25:04,231 | INFO     | [Worker_9222] Completed: GIZ-CAI - 10 results, 0 errors
2026-01-15 08:25:04,232 | INFO     | [Worker_9222] Processing: HBE-JED
2026-01-15 08:25:04,232 | INFO     |   Tier 0: Range 2, Chunk 1/3 (10 days)
2026-01-15 08:28:26,445 | INFO     | [Worker_9222] Completed: HBE-JED - 10 results, 0 errors
2026-01-15 08:28:26,447 | INFO     | [Worker_9222] Processing: ATZ-AHB
2026-01-15 08:28:26,448 | INFO     |   Tier 0: Range 2, Chunk 1/3 (10 days)
2026-01-15 08:28:53,806 | INFO     | [Worker_9222] Completed: ATZ-AHB - 10 results, 0 errors
2026-01-15 08:28:53,807 | INFO     | [Worker_9222] Processing: MED-HBE
2026-01-15 08:28:53,808 | INFO     |   Tier 0: Range 2, Chunk 2/3 (9 days)
2026-01-15 08:29:50,064 | INFO     | [Worker_9222] Completed: MED-HBE - 9 results, 0 errors
2026-01-15 08:29:50,065 | INFO     | [Worker_9222] Processing: JED-LXR
2026-01-15 08:29:50,065 | INFO     |   Tier 0: Range 2, Chunk 2/3 (9 days)
2026-01-15 08:30:44,437 | INFO     | [Worker_9222] Completed: JED-LXR - 9 results, 0 errors
2026-01-15 08:30:44,438 | INFO     | [Worker_9222] Processing: DMM-ATZ
2026-01-15 08:30:44,438 | INFO     |   Tier 0: Range 2, Chunk 2/3 (9 days)
2026-01-15 08:31:10,794 | INFO     | [Worker_9222] Completed: DMM-ATZ - 9 results, 0 errors
2026-01-15 08:31:10,795 | INFO     | [Worker_9222] Processing: AJF-ATZ
2026-01-15 08:31:10,795 | INFO     |   Tier 0: Range 2, Chunk 2/3 (9 days)
2026-01-15 08:31:32,990 | INFO     | [Worker_9222] Completed: AJF-ATZ - 9 results, 0 errors
2026-01-15 08:31:32,991 | INFO     | [Worker_9222] Processing: ELQ-CAI
2026-01-15 08:31:32,992 | INFO     |   Tier 0: Range 2, Chunk 2/3 (9 days)
2026-01-15 08:32:17,599 | INFO     | [Worker_9222] Completed: ELQ-CAI - 9 results, 0 errors
2026-01-15 08:32:17,603 | INFO     | [Worker_9222] Processing: HBE-MED
2026-01-15 08:32:17,603 | INFO     |   Tier 0: Range 2, Chunk 2/3 (9 days)
2026-01-15 08:33:19,971 | INFO     | [Worker_9222] Completed: HBE-MED - 9 results, 0 errors
2026-01-15 08:33:19,973 | INFO     | [Worker_9222] Processing: CAI-RUH
2026-01-15 08:33:19,973 | INFO     |   Tier 0: Range 2, Chunk 2/3 (9 days)
2026-01-15 08:34:47,830 | INFO     | [Worker_9222] Completed: CAI-RUH - 9 results, 0 errors
2026-01-15 08:34:47,832 | INFO     | [Worker_9222] Processing: CAI-AHB
2026-01-15 08:34:47,833 | INFO     |   Tier 0: Range 2, Chunk 2/3 (9 days)
2026-01-15 08:35:30,280 | INFO     | [Worker_9222] Completed: CAI-AHB - 9 results, 0 errors
2026-01-15 08:35:30,281 | INFO     | [Worker_9222] Processing: MED-HBE
2026-01-15 08:35:30,281 | INFO     |   Tier 0: Range 2, Chunk 3/3 (9 days)
2026-01-15 08:36:35,919 | INFO     | [Worker_9222] Completed: MED-HBE - 9 results, 0 errors
2026-01-15 08:36:35,921 | INFO     | [Worker_9222] Processing: RUH-ATZ
2026-01-15 08:36:35,922 | INFO     |   Tier 0: Range 2, Chunk 3/3 (9 days)
2026-01-15 08:37:23,630 | INFO     | [Worker_9222] Completed: RUH-ATZ - 9 results, 0 errors
2026-01-15 08:37:23,631 | INFO     | [Worker_9222] Processing: TUU-ATZ
2026-01-15 08:37:23,631 | INFO     |   Tier 0: Range 2, Chunk 3/3 (9 days)
2026-01-15 08:37:54,313 | INFO     | [Worker_9222] Completed: TUU-ATZ - 9 results, 0 errors
2026-01-15 08:37:54,317 | INFO     | [Worker_9222] Processing: YNB-CAI
2026-01-15 08:37:54,318 | INFO     |   Tier 0: Range 2, Chunk 3/3 (9 days)
2026-01-15 08:40:29,211 | INFO     | [Worker_9222] Completed: YNB-CAI - 9 results, 0 errors
2026-01-15 08:40:29,213 | INFO     | [Worker_9222] Processing: ATZ-JED
2026-01-15 08:40:29,213 | INFO     |   Tier 0: Range 2, Chunk 3/3 (9 days)
2026-01-15 08:43:55,976 | INFO     | [Worker_9222] Completed: ATZ-JED - 9 results, 0 errors
2026-01-15 08:43:55,978 | INFO     | [Worker_9222] Processing: JED-ASW
2026-01-15 08:43:55,978 | INFO     |   Tier 0: Range 1, Chunk 1/2 (9 days)
2026-01-15 08:45:42,651 | INFO     | [Worker_9222] Completed: JED-ASW - 9 results, 0 errors
2026-01-15 08:45:42,657 | INFO     | [Worker_9222] Processing: AJF-CAI
2026-01-15 08:45:42,659 | INFO     |   Tier 0: Range 1, Chunk 1/2 (9 days)
2026-01-15 08:46:45,995 | INFO     | [Worker_9222] Completed: AJF-CAI - 9 results, 0 errors
2026-01-15 08:46:46,002 | INFO     | [Worker_9222] Processing: ELQ-ATZ
2026-01-15 08:46:46,002 | INFO     |   Tier 0: Range 1, Chunk 1/2 (9 days)
2026-01-15 08:47:30,871 | INFO     | [Worker_9222] Completed: ELQ-ATZ - 9 results, 0 errors
2026-01-15 08:47:30,872 | INFO     | [Worker_9222] Processing: ATZ-JED
2026-01-15 08:47:30,872 | INFO     |   Tier 0: Range 1, Chunk 1/2 (9 days)
2026-01-15 08:51:06,638 | INFO     | [Worker_9222] Completed: ATZ-JED - 9 results, 0 errors
2026-01-15 08:51:06,640 | INFO     | [Worker_9222] Processing: JED-ATZ
2026-01-15 08:51:06,640 | INFO     |   Tier 0: Range 1, Chunk 2/2 (8 days)
2026-01-15 08:54:41,730 | INFO     | [Worker_9222] Completed: JED-ATZ - 7 results, 0 errors
2026-01-15 08:54:41,733 | INFO     | [Worker_9222] Processing: CAI-DMM
2026-01-15 08:54:41,733 | INFO     |   Tier 0: Range 1, Chunk 2/2 (8 days)
2026-01-15 08:55:45,226 | INFO     | [Worker_9222] Completed: CAI-DMM - 7 results, 0 errors
2026-01-15 08:55:45,229 | INFO     | [Worker_9222] Processing: ATZ-AJF
2026-01-15 08:55:45,229 | INFO     |   Tier 0: Range 1, Chunk 2/2 (8 days)
2026-01-15 08:56:15,805 | INFO     | [Worker_9222] Completed: ATZ-AJF - 7 results, 0 errors
2026-01-15 08:56:15,808 | INFO     | [Worker_9222] Processing: ATZ-AHB
2026-01-15 08:56:15,809 | INFO     |   Tier 0: Range 1, Chunk 2/2 (8 days)
2026-01-15 08:56:59,861 | INFO     | [Worker_9222] Completed: ATZ-AHB - 7 results, 0 errors
2026-01-15 08:56:59,867 | INFO     | [Worker_9222] Processing: ATZ-ELQ
2026-01-15 08:56:59,867 | INFO     |   Tier 0: Range 1, Chunk 2/2 (8 days)
2026-01-15 08:59:13,043 | INFO     | [Worker_9222] Completed: ATZ-ELQ - 7 results, 0 errors
2026-01-15 09:59:58,408 | INFO     | [Worker_9222] Shutdown signal received, exiting...
2026-01-15 09:59:58,414 | INFO     | [Worker_9222] Finished. Processed 27 groups.
