2026-01-11 00:44:54 | INFO     | ======================================================================
2026-01-11 00:44:54 | INFO     | Load Factor Scraper Started - Route: ATZ-MED
2026-01-11 00:44:54 | INFO     | Log file: D:\CODERED\LAB\Artifacts\outputs\run_generated_110126_at_00.36\logs\LF_ATZ-MED_20260111_004454.log
2026-01-11 00:44:54 | INFO     | Enhanced logging: Capturing both logging.info() and print()
2026-01-11 00:44:54 | INFO     | ======================================================================
2026-01-11 00:44:54 | INFO     | Starting LF search for route: ATZ-MED
2026-01-11 00:44:54 | INFO     | [START] LF Search
2026-01-11 00:44:56 | INFO     | [HEALTH CHECK] [OK] Chrome connection is healthy
2026-01-11 00:44:56 | INFO     | [DAY_START] Processing 18FEB
2026-01-11 00:44:56 | INFO     | [lf.day.start] Processing ATZ-MED for 18FEB
2026-01-11 00:44:57 | INFO     | [lf.day.flights_found] Found 1 flights on 18FEB
2026-01-11 00:44:59 | INFO     | [lf.flight.extracted] SM489 on 18FEB: BKG=225, LF=125.7%
2026-01-11 00:45:02 | INFO     | [SUCCESS] Day 18FEB
2026-01-11 00:45:02 | INFO     | [DAY_START] Processing 17FEB
2026-01-11 00:45:02 | INFO     | [lf.day.start] Processing ATZ-MED for 17FEB
2026-01-11 00:45:03 | INFO     | [lf.day.flights_found] Found 1 flights on 17FEB
2026-01-11 00:45:05 | INFO     | [lf.flight.extracted] SM487 on 17FEB: BKG=1, LF=0.6%
2026-01-11 00:45:08 | INFO     | [SUCCESS] Day 17FEB
2026-01-11 00:45:08 | INFO     | [DAY_START] Processing 16FEB
2026-01-11 00:45:08 | INFO     | [lf.day.start] Processing ATZ-MED for 16FEB
2026-01-11 00:45:09 | INFO     | [lf.day.flights_found] Found 1 flights on 16FEB
2026-01-11 00:45:11 | INFO     | [lf.flight.extracted] SM487 on 16FEB: BKG=2, LF=1.1%
2026-01-11 00:45:13 | INFO     | [SUCCESS] Day 16FEB
2026-01-11 00:45:13 | INFO     | [DAY_START] Processing 15FEB
2026-01-11 00:45:13 | INFO     | [lf.day.start] Processing ATZ-MED for 15FEB
2026-01-11 00:45:14 | INFO     | [lf.day.flights_found] Found 1 flights on 15FEB
2026-01-11 00:45:16 | INFO     | [lf.flight.extracted] SM963 on 15FEB: BKG=0, LF=0.0%
2026-01-11 00:45:18 | INFO     | [SUCCESS] Day 15FEB
2026-01-11 00:45:18 | INFO     | [DAY_START] Processing 14FEB
2026-01-11 00:45:18 | INFO     | [lf.day.start] Processing ATZ-MED for 14FEB
2026-01-11 00:45:19 | INFO     | [lf.day.flights_found] Found 1 flights on 14FEB
2026-01-11 00:45:21 | INFO     | [lf.flight.extracted] SM487 on 14FEB: BKG=1, LF=0.6%
2026-01-11 00:45:24 | INFO     | [SUCCESS] Day 14FEB
2026-01-11 00:45:24 | INFO     | [DAY_START] Processing 13FEB
2026-01-11 00:45:24 | INFO     | [lf.day.start] Processing ATZ-MED for 13FEB
2026-01-11 00:45:25 | INFO     | [lf.day.flights_found] Found 1 flights on 13FEB
2026-01-11 00:45:27 | INFO     | [lf.flight.extracted] SM963 on 13FEB: BKG=180, LF=100.6%
2026-01-11 00:45:30 | INFO     | [SUCCESS] Day 13FEB
2026-01-11 00:45:30 | INFO     | [DAY_START] Processing 12FEB
2026-01-11 00:45:30 | INFO     | [lf.day.start] Processing ATZ-MED for 12FEB
2026-01-11 00:45:31 | WARNING  | [lf.day.no_flights] No direct flights on 12FEB
2026-01-11 00:45:31 | INFO     | [SUCCESS] Day 12FEB
2026-01-11 00:45:31 | INFO     | [DAY_START] Processing 11FEB
2026-01-11 00:45:31 | INFO     | [lf.day.start] Processing ATZ-MED for 11FEB
2026-01-11 00:45:32 | INFO     | [lf.day.flights_found] Found 1 flights on 11FEB
2026-01-11 00:45:34 | INFO     | [lf.flight.extracted] SM489 on 11FEB: BKG=180, LF=100.6%
2026-01-11 00:45:36 | INFO     | [SUCCESS] Day 11FEB
2026-01-11 00:45:36 | INFO     | [DAY_START] Processing 10FEB
2026-01-11 00:45:36 | INFO     | [lf.day.start] Processing ATZ-MED for 10FEB
2026-01-11 00:45:38 | INFO     | [lf.day.flights_found] Found 1 flights on 10FEB
2026-01-11 00:45:39 | INFO     | [lf.flight.extracted] SM487 on 10FEB: BKG=136, LF=76.0%
2026-01-11 00:45:42 | INFO     | [SUCCESS] Day 10FEB
2026-01-11 00:45:42 | INFO     | [SUCCESS] LF Search Complete
2026-01-11 00:45:44 | INFO     | [Worker_9224] Completed: ATZ-MED - 9 results, 0 errors
2026-01-11 00:45:44 | INFO     | [Worker_9224] Processing: CAI-DMM
2026-01-11 00:45:44 | INFO     |   Tier 0: Range 2, Chunk 2/3 (9 days)
