2026-01-11 01:03:23 | INFO     | ======================================================================
2026-01-11 01:03:23 | INFO     | Load Factor Scraper Started - Route: ATZ-TUU
2026-01-11 01:03:23 | INFO     | Log file: D:\CODERED\LAB\Artifacts\outputs\run_generated_110126_at_00.36\logs\LF_ATZ-TUU_20260111_010323.log
2026-01-11 01:03:23 | INFO     | Enhanced logging: Capturing both logging.info() and print()
2026-01-11 01:03:23 | INFO     | ======================================================================
2026-01-11 01:03:23 | INFO     | Starting LF search for route: ATZ-TUU
2026-01-11 01:03:23 | INFO     | [START] LF Search
2026-01-11 01:03:24 | INFO     | [HEALTH CHECK] [OK] Chrome connection is healthy
2026-01-11 01:03:24 | INFO     | [DAY_START] Processing 20JAN
2026-01-11 01:03:24 | INFO     | [lf.day.start] Processing ATZ-TUU for 20JAN
2026-01-11 01:03:25 | WARNING  | [lf.day.no_flights] No direct flights on 20JAN
2026-01-11 01:03:25 | INFO     | [SUCCESS] Day 20JAN
2026-01-11 01:03:25 | INFO     | [DAY_START] Processing 19JAN
2026-01-11 01:03:25 | INFO     | [lf.day.start] Processing ATZ-TUU for 19JAN
2026-01-11 01:03:26 | WARNING  | [lf.day.no_flights] No direct flights on 19JAN
2026-01-11 01:03:26 | INFO     | [SUCCESS] Day 19JAN
2026-01-11 01:03:26 | INFO     | [DAY_START] Processing 18JAN
2026-01-11 01:03:26 | INFO     | [lf.day.start] Processing ATZ-TUU for 18JAN
2026-01-11 01:03:27 | WARNING  | [lf.day.no_flights] No direct flights on 18JAN
2026-01-11 01:03:27 | INFO     | [SUCCESS] Day 18JAN
2026-01-11 01:03:27 | INFO     | [DAY_START] Processing 17JAN
2026-01-11 01:03:27 | INFO     | [lf.day.start] Processing ATZ-TUU for 17JAN
2026-01-11 01:03:28 | WARNING  | [lf.day.no_flights] No direct flights on 17JAN
2026-01-11 01:03:29 | INFO     | [SUCCESS] Day 17JAN
2026-01-11 01:03:29 | INFO     | [DAY_START] Processing 16JAN
2026-01-11 01:03:29 | INFO     | [lf.day.start] Processing ATZ-TUU for 16JAN
2026-01-11 01:03:30 | INFO     | [lf.day.flights_found] Found 1 flights on 16JAN
2026-01-11 01:03:32 | INFO     | [lf.flight.extracted] SM327 on 16JAN: BKG=60, LF=33.5%
2026-01-11 01:03:37 | INFO     | [SUCCESS] Day 16JAN
2026-01-11 01:03:37 | INFO     | [DAY_START] Processing 15JAN
2026-01-11 01:03:37 | INFO     | [lf.day.start] Processing ATZ-TUU for 15JAN
2026-01-11 01:03:38 | WARNING  | [lf.day.no_flights] No direct flights on 15JAN
2026-01-11 01:03:38 | INFO     | [SUCCESS] Day 15JAN
2026-01-11 01:03:38 | INFO     | [DAY_START] Processing 14JAN
2026-01-11 01:03:38 | INFO     | [lf.day.start] Processing ATZ-TUU for 14JAN
2026-01-11 01:03:39 | WARNING  | [lf.day.no_flights] No direct flights on 14JAN
2026-01-11 01:03:39 | INFO     | [SUCCESS] Day 14JAN
2026-01-11 01:03:39 | INFO     | [DAY_START] Processing 13JAN
2026-01-11 01:03:39 | INFO     | [lf.day.start] Processing ATZ-TUU for 13JAN
2026-01-11 01:03:41 | WARNING  | [lf.day.no_flights] No direct flights on 13JAN
2026-01-11 01:03:41 | INFO     | [SUCCESS] Day 13JAN
2026-01-11 01:03:41 | INFO     | [DAY_START] Processing 12JAN
2026-01-11 01:03:41 | INFO     | [lf.day.start] Processing ATZ-TUU for 12JAN
2026-01-11 01:03:42 | WARNING  | [lf.day.no_flights] No direct flights on 12JAN
2026-01-11 01:03:42 | INFO     | [SUCCESS] Day 12JAN
2026-01-11 01:03:42 | INFO     | [SUCCESS] LF Search Complete
2026-01-11 01:03:44 | INFO     | [Worker_9225] Completed: ATZ-TUU - 9 results, 0 errors
2026-01-11 01:03:44 | INFO     | [Worker_9225] Processing: CAI-AHB
2026-01-11 01:03:44 | INFO     |   Tier 0: Range 1, Chunk 2/2 (10 days)
