2026-01-11 01:03:57 | INFO     | ======================================================================
2026-01-11 01:03:57 | INFO     | Load Factor Scraper Started - Route: ATZ-AHB
2026-01-11 01:03:57 | INFO     | Log file: D:\CODERED\LAB\Artifacts\outputs\run_generated_110126_at_00.36\logs\LF_ATZ-AHB_20260111_010357.log
2026-01-11 01:03:57 | INFO     | Enhanced logging: Capturing both logging.info() and print()
2026-01-11 01:03:57 | INFO     | ======================================================================
2026-01-11 01:03:57 | INFO     | Starting LF search for route: ATZ-AHB
2026-01-11 01:03:57 | INFO     | [START] LF Search
2026-01-11 01:03:59 | INFO     | [HEALTH CHECK] [OK] Chrome connection is healthy
2026-01-11 01:03:59 | INFO     | [DAY_START] Processing 20JAN
2026-01-11 01:03:59 | INFO     | [lf.day.start] Processing ATZ-AHB for 20JAN
2026-01-11 01:04:00 | WARNING  | [lf.day.no_flights] No direct flights on 20JAN
2026-01-11 01:04:00 | INFO     | [SUCCESS] Day 20JAN
2026-01-11 01:04:00 | INFO     | [DAY_START] Processing 19JAN
2026-01-11 01:04:00 | INFO     | [lf.day.start] Processing ATZ-AHB for 19JAN
2026-01-11 01:04:01 | WARNING  | [lf.day.no_flights] No direct flights on 19JAN
2026-01-11 01:04:01 | INFO     | [SUCCESS] Day 19JAN
2026-01-11 01:04:01 | INFO     | [DAY_START] Processing 18JAN
2026-01-11 01:04:01 | INFO     | [lf.day.start] Processing ATZ-AHB for 18JAN
2026-01-11 01:04:02 | WARNING  | [lf.day.no_flights] No direct flights on 18JAN
2026-01-11 01:04:02 | INFO     | [SUCCESS] Day 18JAN
2026-01-11 01:04:02 | INFO     | [DAY_START] Processing 17JAN
2026-01-11 01:04:02 | INFO     | [lf.day.start] Processing ATZ-AHB for 17JAN
2026-01-11 01:04:03 | WARNING  | [lf.day.no_flights] No direct flights on 17JAN
2026-01-11 01:04:03 | INFO     | [SUCCESS] Day 17JAN
2026-01-11 01:04:03 | INFO     | [DAY_START] Processing 16JAN
2026-01-11 01:04:03 | INFO     | [lf.day.start] Processing ATZ-AHB for 16JAN
2026-01-11 01:04:04 | INFO     | [lf.day.flights_found] Found 1 flights on 16JAN
2026-01-11 01:04:06 | INFO     | [lf.flight.extracted] SM445 on 16JAN: BKG=120, LF=67.0%
2026-01-11 01:04:12 | INFO     | [SUCCESS] Day 16JAN
2026-01-11 01:04:12 | INFO     | [DAY_START] Processing 15JAN
2026-01-11 01:04:12 | INFO     | [lf.day.start] Processing ATZ-AHB for 15JAN
2026-01-11 01:04:12 | WARNING  | [lf.day.no_flights] No direct flights on 15JAN
2026-01-11 01:04:13 | INFO     | [SUCCESS] Day 15JAN
2026-01-11 01:04:13 | INFO     | [DAY_START] Processing 14JAN
2026-01-11 01:04:13 | INFO     | [lf.day.start] Processing ATZ-AHB for 14JAN
2026-01-11 01:04:14 | WARNING  | [lf.day.no_flights] No direct flights on 14JAN
2026-01-11 01:04:14 | INFO     | [SUCCESS] Day 14JAN
2026-01-11 01:04:14 | INFO     | [DAY_START] Processing 13JAN
2026-01-11 01:04:14 | INFO     | [lf.day.start] Processing ATZ-AHB for 13JAN
2026-01-11 01:04:15 | WARNING  | [lf.day.no_flights] No direct flights on 13JAN
2026-01-11 01:04:15 | INFO     | [SUCCESS] Day 13JAN
2026-01-11 01:04:15 | INFO     | [DAY_START] Processing 12JAN
2026-01-11 01:04:15 | INFO     | [lf.day.start] Processing ATZ-AHB for 12JAN
2026-01-11 01:04:16 | WARNING  | [lf.day.no_flights] No direct flights on 12JAN
2026-01-11 01:04:16 | INFO     | [SUCCESS] Day 12JAN
2026-01-11 01:04:16 | INFO     | [SUCCESS] LF Search Complete
2026-01-11 01:04:18 | INFO     | [Worker_9234] Completed: ATZ-AHB - 9 results, 0 errors
2026-01-11 01:04:18 | INFO     | [Worker_9234] Processing: CAI-GIZ
2026-01-11 01:04:18 | INFO     |   Tier 0: Range 1, Chunk 2/2 (10 days)
