2026-01-11 00:40:54 | INFO     | ======================================================================
2026-01-11 00:40:54 | INFO     | Load Factor Scraper Started - Route: ATZ-TUU
2026-01-11 00:40:54 | INFO     | Log file: D:\CODERED\LAB\Artifacts\outputs\run_generated_110126_at_00.36\logs\LF_ATZ-TUU_20260111_004054.log
2026-01-11 00:40:54 | INFO     | Enhanced logging: Capturing both logging.info() and print()
2026-01-11 00:40:54 | INFO     | ======================================================================
2026-01-11 00:40:54 | INFO     | Starting LF search for route: ATZ-TUU
2026-01-11 00:40:54 | INFO     | [START] LF Search
2026-01-11 00:40:56 | INFO     | [HEALTH CHECK] [OK] Chrome connection is healthy
2026-01-11 00:40:56 | INFO     | [DAY_START] Processing 28FEB
2026-01-11 00:40:56 | INFO     | [lf.day.start] Processing ATZ-TUU for 28FEB
2026-01-11 00:40:57 | WARNING  | [lf.day.no_flights] No direct flights on 28FEB
2026-01-11 00:40:57 | INFO     | [SUCCESS] Day 28FEB
2026-01-11 00:40:57 | INFO     | [DAY_START] Processing 27FEB
2026-01-11 00:40:57 | INFO     | [lf.day.start] Processing ATZ-TUU for 27FEB
2026-01-11 00:40:58 | INFO     | [lf.day.flights_found] Found 1 flights on 27FEB
2026-01-11 00:41:00 | INFO     | [lf.flight.extracted] SM327 on 27FEB: BKG=0, LF=0.0%
2026-01-11 00:41:01 | INFO     | [SUCCESS] Day 27FEB
2026-01-11 00:41:01 | INFO     | [DAY_START] Processing 26FEB
2026-01-11 00:41:01 | INFO     | [lf.day.start] Processing ATZ-TUU for 26FEB
2026-01-11 00:41:02 | WARNING  | [lf.day.no_flights] No direct flights on 26FEB
2026-01-11 00:41:02 | INFO     | [SUCCESS] Day 26FEB
2026-01-11 00:41:02 | INFO     | [DAY_START] Processing 25FEB
2026-01-11 00:41:02 | INFO     | [lf.day.start] Processing ATZ-TUU for 25FEB
2026-01-11 00:41:05 | WARNING  | [lf.day.no_flights] No direct flights on 25FEB
2026-01-11 00:41:05 | INFO     | [SUCCESS] Day 25FEB
2026-01-11 00:41:05 | INFO     | [DAY_START] Processing 24FEB
2026-01-11 00:41:05 | INFO     | [lf.day.start] Processing ATZ-TUU for 24FEB
2026-01-11 00:41:13 | WARNING  | [lf.day.no_flights] No direct flights on 24FEB
2026-01-11 00:41:13 | INFO     | [SUCCESS] Day 24FEB
2026-01-11 00:41:13 | INFO     | [DAY_START] Processing 23FEB
2026-01-11 00:41:13 | INFO     | [lf.day.start] Processing ATZ-TUU for 23FEB
2026-01-11 00:41:14 | WARNING  | [lf.day.no_flights] No direct flights on 23FEB
2026-01-11 00:41:14 | INFO     | [SUCCESS] Day 23FEB
2026-01-11 00:41:14 | INFO     | [DAY_START] Processing 22FEB
2026-01-11 00:41:14 | INFO     | [lf.day.start] Processing ATZ-TUU for 22FEB
2026-01-11 00:41:15 | WARNING  | [lf.day.no_flights] No direct flights on 22FEB
2026-01-11 00:41:16 | INFO     | [SUCCESS] Day 22FEB
2026-01-11 00:41:16 | INFO     | [DAY_START] Processing 21FEB
2026-01-11 00:41:16 | INFO     | [lf.day.start] Processing ATZ-TUU for 21FEB
2026-01-11 00:41:17 | WARNING  | [lf.day.no_flights] No direct flights on 21FEB
2026-01-11 00:41:17 | INFO     | [SUCCESS] Day 21FEB
2026-01-11 00:41:17 | INFO     | [DAY_START] Processing 20FEB
2026-01-11 00:41:17 | INFO     | [lf.day.start] Processing ATZ-TUU for 20FEB
2026-01-11 00:41:18 | INFO     | [lf.day.flights_found] Found 1 flights on 20FEB
2026-01-11 00:41:20 | INFO     | [lf.flight.extracted] SM327 on 20FEB: BKG=0, LF=0.0%
2026-01-11 00:41:21 | INFO     | [SUCCESS] Day 20FEB
2026-01-11 00:41:21 | INFO     | [DAY_START] Processing 19FEB
2026-01-11 00:41:21 | INFO     | [lf.day.start] Processing ATZ-TUU for 19FEB
2026-01-11 00:41:22 | WARNING  | [lf.day.no_flights] No direct flights on 19FEB
2026-01-11 00:41:22 | INFO     | [SUCCESS] Day 19FEB
2026-01-11 00:41:22 | INFO     | [SUCCESS] LF Search Complete
2026-01-11 00:41:24 | INFO     | [Worker_9234] Completed: ATZ-TUU - 10 results, 0 errors
2026-01-11 00:41:24 | INFO     | [Worker_9234] Processing: CAI-AHB
2026-01-11 00:41:24 | INFO     |   Tier 0: Range 2, Chunk 1/3 (10 days)
