2026-01-11 00:53:32 | INFO     | ======================================================================
2026-01-11 00:53:32 | INFO     | Load Factor Scraper Started - Route: AJF-ATZ
2026-01-11 00:53:32 | INFO     | Log file: D:\CODERED\LAB\Artifacts\outputs\run_generated_110126_at_00.36\logs\LF_AJF-ATZ_20260111_005332.log
2026-01-11 00:53:32 | INFO     | Enhanced logging: Capturing both logging.info() and print()
2026-01-11 00:53:32 | INFO     | ======================================================================
2026-01-11 00:53:32 | INFO     | Starting LF search for route: AJF-ATZ
2026-01-11 00:53:32 | INFO     | [START] LF Search
2026-01-11 00:53:33 | INFO     | [HEALTH CHECK] [OK] Chrome connection is healthy
2026-01-11 00:53:34 | INFO     | [DAY_START] Processing 31JAN
2026-01-11 00:53:34 | INFO     | [lf.day.start] Processing AJF-ATZ for 31JAN
2026-01-11 00:53:35 | WARNING  | [lf.day.no_flights] No direct flights on 31JAN
2026-01-11 00:53:35 | INFO     | [SUCCESS] Day 31JAN
2026-01-11 00:53:35 | INFO     | [DAY_START] Processing 30JAN
2026-01-11 00:53:35 | INFO     | [lf.day.start] Processing AJF-ATZ for 30JAN
2026-01-11 00:53:36 | INFO     | [lf.day.flights_found] Found 1 flights on 30JAN
2026-01-11 00:53:38 | INFO     | [lf.flight.extracted] SM324 on 30JAN: BKG=93, LF=53.1%
2026-01-11 00:53:44 | INFO     | [SUCCESS] Day 30JAN
2026-01-11 00:53:44 | INFO     | [DAY_START] Processing 29JAN
2026-01-11 00:53:44 | INFO     | [lf.day.start] Processing AJF-ATZ for 29JAN
2026-01-11 00:53:46 | WARNING  | [lf.day.no_flights] No direct flights on 29JAN
2026-01-11 00:53:46 | INFO     | [SUCCESS] Day 29JAN
2026-01-11 00:53:46 | INFO     | [DAY_START] Processing 28JAN
2026-01-11 00:53:46 | INFO     | [lf.day.start] Processing AJF-ATZ for 28JAN
2026-01-11 00:53:47 | WARNING  | [lf.day.no_flights] No direct flights on 28JAN
2026-01-11 00:53:48 | INFO     | [SUCCESS] Day 28JAN
2026-01-11 00:53:48 | INFO     | [DAY_START] Processing 27JAN
2026-01-11 00:53:48 | INFO     | [lf.day.start] Processing AJF-ATZ for 27JAN
2026-01-11 00:53:49 | WARNING  | [lf.day.no_flights] No direct flights on 27JAN
2026-01-11 00:53:49 | INFO     | [SUCCESS] Day 27JAN
2026-01-11 00:53:49 | INFO     | [DAY_START] Processing 26JAN
2026-01-11 00:53:49 | INFO     | [lf.day.start] Processing AJF-ATZ for 26JAN
2026-01-11 00:53:50 | WARNING  | [lf.day.no_flights] No direct flights on 26JAN
2026-01-11 00:53:51 | INFO     | [SUCCESS] Day 26JAN
2026-01-11 00:53:51 | INFO     | [DAY_START] Processing 25JAN
2026-01-11 00:53:51 | INFO     | [lf.day.start] Processing AJF-ATZ for 25JAN
2026-01-11 00:53:52 | WARNING  | [lf.day.no_flights] No direct flights on 25JAN
2026-01-11 00:53:52 | INFO     | [SUCCESS] Day 25JAN
2026-01-11 00:53:52 | INFO     | [DAY_START] Processing 24JAN
2026-01-11 00:53:52 | INFO     | [lf.day.start] Processing AJF-ATZ for 24JAN
2026-01-11 00:53:53 | WARNING  | [lf.day.no_flights] No direct flights on 24JAN
2026-01-11 00:53:53 | INFO     | [SUCCESS] Day 24JAN
2026-01-11 00:53:53 | INFO     | [DAY_START] Processing 23JAN
2026-01-11 00:53:53 | INFO     | [lf.day.start] Processing AJF-ATZ for 23JAN
2026-01-11 00:53:54 | INFO     | [lf.day.flights_found] Found 1 flights on 23JAN
2026-01-11 00:53:57 | INFO     | [lf.flight.extracted] SM324 on 23JAN: BKG=60, LF=34.3%
2026-01-11 00:54:02 | INFO     | [SUCCESS] Day 23JAN
2026-01-11 00:54:02 | INFO     | [DAY_START] Processing 22JAN
2026-01-11 00:54:02 | INFO     | [lf.day.start] Processing AJF-ATZ for 22JAN
2026-01-11 00:54:03 | WARNING  | [lf.day.no_flights] No direct flights on 22JAN
2026-01-11 00:54:03 | INFO     | [SUCCESS] Day 22JAN
2026-01-11 00:54:03 | INFO     | [DAY_START] Processing 21JAN
2026-01-11 00:54:03 | INFO     | [lf.day.start] Processing AJF-ATZ for 21JAN
2026-01-11 00:54:04 | WARNING  | [lf.day.no_flights] No direct flights on 21JAN
2026-01-11 00:54:04 | INFO     | [SUCCESS] Day 21JAN
2026-01-11 00:54:04 | INFO     | [SUCCESS] LF Search Complete
2026-01-11 00:54:06 | INFO     | [Worker_9234] Completed: AJF-ATZ - 11 results, 0 errors
2026-01-11 00:54:06 | INFO     | [Worker_9234] Processing: ELQ-CAI
2026-01-11 00:54:06 | INFO     |   Tier 0: Range 1, Chunk 1/2 (11 days)
