2026-01-11 01:00:40 | INFO     | ======================================================================
2026-01-11 01:00:40 | INFO     | Load Factor Scraper Started - Route: AHB-CAI
2026-01-11 01:00:40 | INFO     | Log file: D:\CODERED\LAB\Artifacts\outputs\run_generated_110126_at_00.36\logs\LF_AHB-CAI_20260111_010040.log
2026-01-11 01:00:40 | INFO     | Enhanced logging: Capturing both logging.info() and print()
2026-01-11 01:00:40 | INFO     | ======================================================================
2026-01-11 01:00:40 | INFO     | Starting LF search for route: AHB-CAI
2026-01-11 01:00:40 | INFO     | [START] LF Search
2026-01-11 01:00:41 | INFO     | [HEALTH CHECK] [OK] Chrome connection is healthy
2026-01-11 01:00:41 | INFO     | [DAY_START] Processing 20JAN
2026-01-11 01:00:41 | INFO     | [lf.day.start] Processing AHB-CAI for 20JAN
2026-01-11 01:00:42 | WARNING  | [lf.day.no_flights] No direct flights on 20JAN
2026-01-11 01:00:42 | INFO     | [SUCCESS] Day 20JAN
2026-01-11 01:00:42 | INFO     | [DAY_START] Processing 19JAN
2026-01-11 01:00:42 | INFO     | [lf.day.start] Processing AHB-CAI for 19JAN
2026-01-11 01:00:43 | WARNING  | [lf.day.no_flights] No direct flights on 19JAN
2026-01-11 01:00:43 | INFO     | [SUCCESS] Day 19JAN
2026-01-11 01:00:43 | INFO     | [DAY_START] Processing 18JAN
2026-01-11 01:00:43 | INFO     | [lf.day.start] Processing AHB-CAI for 18JAN
2026-01-11 01:00:44 | INFO     | [lf.day.flights_found] Found 1 flights on 18JAN
2026-01-11 01:00:46 | INFO     | [lf.flight.extracted] SM444 on 18JAN: BKG=35, LF=20.0%
2026-01-11 01:00:49 | INFO     | [SUCCESS] Day 18JAN
2026-01-11 01:00:49 | INFO     | [DAY_START] Processing 17JAN
2026-01-11 01:00:49 | INFO     | [lf.day.start] Processing AHB-CAI for 17JAN
2026-01-11 01:00:50 | WARNING  | [lf.day.no_flights] No direct flights on 17JAN
2026-01-11 01:00:50 | INFO     | [SUCCESS] Day 17JAN
2026-01-11 01:00:50 | INFO     | [DAY_START] Processing 16JAN
2026-01-11 01:00:50 | INFO     | [lf.day.start] Processing AHB-CAI for 16JAN
2026-01-11 01:00:51 | INFO     | [lf.day.flights_found] Found 1 flights on 16JAN
2026-01-11 01:00:53 | INFO     | [lf.flight.extracted] SM444 on 16JAN: BKG=67, LF=39.0%
2026-01-11 01:00:56 | INFO     | [SUCCESS] Day 16JAN
2026-01-11 01:00:56 | INFO     | [DAY_START] Processing 15JAN
2026-01-11 01:00:56 | INFO     | [lf.day.start] Processing AHB-CAI for 15JAN
2026-01-11 01:00:58 | INFO     | [lf.day.flights_found] Found 1 flights on 15JAN
2026-01-11 01:01:00 | INFO     | [lf.flight.extracted] SM448 on 15JAN: BKG=89, LF=50.9%
2026-01-11 01:01:08 | INFO     | [SUCCESS] Day 15JAN
2026-01-11 01:01:08 | INFO     | [DAY_START] Processing 14JAN
2026-01-11 01:01:08 | INFO     | [lf.day.start] Processing AHB-CAI for 14JAN
2026-01-11 01:01:09 | WARNING  | [lf.day.no_flights] No direct flights on 14JAN
2026-01-11 01:01:09 | INFO     | [SUCCESS] Day 14JAN
2026-01-11 01:01:09 | INFO     | [DAY_START] Processing 13JAN
2026-01-11 01:01:09 | INFO     | [lf.day.start] Processing AHB-CAI for 13JAN
2026-01-11 01:01:10 | WARNING  | [lf.day.no_flights] No direct flights on 13JAN
2026-01-11 01:01:10 | INFO     | [SUCCESS] Day 13JAN
2026-01-11 01:01:10 | INFO     | [DAY_START] Processing 12JAN
2026-01-11 01:01:10 | INFO     | [lf.day.start] Processing AHB-CAI for 12JAN
2026-01-11 01:01:11 | WARNING  | [lf.day.no_flights] No direct flights on 12JAN
2026-01-11 01:01:11 | INFO     | [SUCCESS] Day 12JAN
2026-01-11 01:01:12 | INFO     | [SUCCESS] LF Search Complete
2026-01-11 01:01:14 | INFO     | [Worker_9223] Completed: AHB-CAI - 9 results, 0 errors
2026-01-11 01:01:14 | INFO     | [Worker_9223] Processing: ELQ-ATZ
2026-01-11 01:01:14 | INFO     |   Tier 0: Range 1, Chunk 2/2 (10 days)
