2026-01-11 00:39:37 | INFO     | ======================================================================
2026-01-11 00:39:37 | INFO     | Load Factor Scraper Started - Route: ASW-JED
2026-01-11 00:39:37 | INFO     | Log file: D:\CODERED\LAB\Artifacts\outputs\run_generated_110126_at_00.36\logs\LF_ASW-JED_20260111_003937.log
2026-01-11 00:39:37 | INFO     | Enhanced logging: Capturing both logging.info() and print()
2026-01-11 00:39:37 | INFO     | ======================================================================
2026-01-11 00:39:37 | INFO     | Starting LF search for route: ASW-JED
2026-01-11 00:39:37 | INFO     | [START] LF Search
2026-01-11 00:39:39 | INFO     | [HEALTH CHECK] [OK] Chrome connection is healthy
2026-01-11 00:39:39 | INFO     | [DAY_START] Processing 28FEB
2026-01-11 00:39:39 | INFO     | [lf.day.start] Processing ASW-JED for 28FEB
2026-01-11 00:39:40 | WARNING  | [lf.day.no_flights] No direct flights on 28FEB
2026-01-11 00:39:40 | INFO     | [SUCCESS] Day 28FEB
2026-01-11 00:39:40 | INFO     | [DAY_START] Processing 27FEB
2026-01-11 00:39:40 | INFO     | [lf.day.start] Processing ASW-JED for 27FEB
2026-01-11 00:39:41 | WARNING  | [lf.day.no_flights] No direct flights on 27FEB
2026-01-11 00:39:41 | INFO     | [SUCCESS] Day 27FEB
2026-01-11 00:39:41 | INFO     | [DAY_START] Processing 26FEB
2026-01-11 00:39:41 | INFO     | [lf.day.start] Processing ASW-JED for 26FEB
2026-01-11 00:39:45 | WARNING  | [lf.day.no_flights] No direct flights on 26FEB
2026-01-11 00:39:45 | INFO     | [SUCCESS] Day 26FEB
2026-01-11 00:39:45 | INFO     | [DAY_START] Processing 25FEB
2026-01-11 00:39:45 | INFO     | [lf.day.start] Processing ASW-JED for 25FEB
2026-01-11 00:39:46 | WARNING  | [lf.day.no_flights] No direct flights on 25FEB
2026-01-11 00:39:46 | INFO     | [SUCCESS] Day 25FEB
2026-01-11 00:39:46 | INFO     | [DAY_START] Processing 24FEB
2026-01-11 00:39:46 | INFO     | [lf.day.start] Processing ASW-JED for 24FEB
2026-01-11 00:39:50 | INFO     | [lf.day.flights_found] Found 1 flights on 24FEB
2026-01-11 00:40:12 | INFO     | [lf.day.start] Processing ASW-JED for 24FEB
2026-01-11 00:40:12 | INFO     | [lf.day.flights_found] Found 1 flights on 24FEB
2026-01-11 00:40:14 | INFO     | [lf.flight.extracted] SM985 on 24FEB: BKG=0, LF=0.0%
2026-01-11 00:40:16 | INFO     | [SUCCESS] Day 24FEB
2026-01-11 00:40:16 | INFO     | [DAY_START] Processing 23FEB
2026-01-11 00:40:16 | INFO     | [lf.day.start] Processing ASW-JED for 23FEB
2026-01-11 00:40:17 | INFO     | [lf.day.flights_found] Found 2 flights on 23FEB
2026-01-11 00:40:19 | INFO     | [lf.flight.extracted] SM425 on 23FEB: BKG=0, LF=0.0%
2026-01-11 00:40:22 | INFO     | [lf.flight.extracted] SM949 on 23FEB: BKG=0, LF=0.0%
2026-01-11 00:40:23 | INFO     | [SUCCESS] Day 23FEB
2026-01-11 00:40:23 | INFO     | [DAY_START] Processing 22FEB
2026-01-11 00:40:23 | INFO     | [lf.day.start] Processing ASW-JED for 22FEB
2026-01-11 00:40:25 | WARNING  | [lf.day.no_flights] No direct flights on 22FEB
2026-01-11 00:40:26 | INFO     | [SUCCESS] Day 22FEB
2026-01-11 00:40:26 | INFO     | [DAY_START] Processing 21FEB
2026-01-11 00:40:26 | INFO     | [lf.day.start] Processing ASW-JED for 21FEB
2026-01-11 00:40:27 | WARNING  | [lf.day.no_flights] No direct flights on 21FEB
2026-01-11 00:40:27 | INFO     | [SUCCESS] Day 21FEB
2026-01-11 00:40:27 | INFO     | [DAY_START] Processing 20FEB
2026-01-11 00:40:27 | INFO     | [lf.day.start] Processing ASW-JED for 20FEB
2026-01-11 00:40:28 | WARNING  | [lf.day.no_flights] No direct flights on 20FEB
2026-01-11 00:40:28 | INFO     | [SUCCESS] Day 20FEB
2026-01-11 00:40:28 | INFO     | [DAY_START] Processing 19FEB
2026-01-11 00:40:28 | INFO     | [lf.day.start] Processing ASW-JED for 19FEB
2026-01-11 00:40:29 | WARNING  | [lf.day.no_flights] No direct flights on 19FEB
2026-01-11 00:40:30 | INFO     | [SUCCESS] Day 19FEB
2026-01-11 00:40:30 | INFO     | [SUCCESS] LF Search Complete
2026-01-11 00:40:32 | INFO     | [Worker_9224] Completed: ASW-JED - 10 results, 0 errors
2026-01-11 00:40:32 | INFO     | [Worker_9224] Processing: CAI-TUU
2026-01-11 00:40:32 | INFO     |   Tier 0: Range 2, Chunk 1/3 (10 days)
