2026-01-11 00:50:55 | INFO     | ======================================================================
2026-01-11 00:50:55 | INFO     | Load Factor Scraper Started - Route: ATZ-AJF
2026-01-11 00:50:55 | INFO     | Log file: D:\CODERED\LAB\Artifacts\outputs\run_generated_110126_at_00.36\logs\LF_ATZ-AJF_20260111_005055.log
2026-01-11 00:50:55 | INFO     | Enhanced logging: Capturing both logging.info() and print()
2026-01-11 00:50:55 | INFO     | ======================================================================
2026-01-11 00:50:55 | INFO     | Starting LF search for route: ATZ-AJF
2026-01-11 00:50:55 | INFO     | [START] LF Search
2026-01-11 00:50:56 | INFO     | [HEALTH CHECK] [OK] Chrome connection is healthy
2026-01-11 00:50:56 | INFO     | [DAY_START] Processing 09FEB
2026-01-11 00:50:56 | INFO     | [lf.day.start] Processing ATZ-AJF for 09FEB
2026-01-11 00:50:57 | WARNING  | [lf.day.no_flights] No direct flights on 09FEB
2026-01-11 00:50:57 | INFO     | [SUCCESS] Day 09FEB
2026-01-11 00:50:57 | INFO     | [DAY_START] Processing 08FEB
2026-01-11 00:50:57 | INFO     | [lf.day.start] Processing ATZ-AJF for 08FEB
2026-01-11 00:50:58 | WARNING  | [lf.day.no_flights] No direct flights on 08FEB
2026-01-11 00:50:58 | INFO     | [SUCCESS] Day 08FEB
2026-01-11 00:50:58 | INFO     | [DAY_START] Processing 07FEB
2026-01-11 00:50:58 | INFO     | [lf.day.start] Processing ATZ-AJF for 07FEB
2026-01-11 00:50:59 | WARNING  | [lf.day.no_flights] No direct flights on 07FEB
2026-01-11 00:50:59 | INFO     | [SUCCESS] Day 07FEB
2026-01-11 00:50:59 | INFO     | [DAY_START] Processing 06FEB
2026-01-11 00:50:59 | INFO     | [lf.day.start] Processing ATZ-AJF for 06FEB
2026-01-11 00:51:00 | INFO     | [lf.day.flights_found] Found 1 flights on 06FEB
2026-01-11 00:51:02 | INFO     | [lf.flight.extracted] SM323 on 06FEB: BKG=5, LF=2.8%
2026-01-11 00:51:05 | INFO     | [SUCCESS] Day 06FEB
2026-01-11 00:51:05 | INFO     | [DAY_START] Processing 05FEB
2026-01-11 00:51:05 | INFO     | [lf.day.start] Processing ATZ-AJF for 05FEB
2026-01-11 00:51:06 | WARNING  | [lf.day.no_flights] No direct flights on 05FEB
2026-01-11 00:51:06 | INFO     | [SUCCESS] Day 05FEB
2026-01-11 00:51:06 | INFO     | [DAY_START] Processing 04FEB
2026-01-11 00:51:06 | INFO     | [lf.day.start] Processing ATZ-AJF for 04FEB
2026-01-11 00:51:07 | WARNING  | [lf.day.no_flights] No direct flights on 04FEB
2026-01-11 00:51:07 | INFO     | [SUCCESS] Day 04FEB
2026-01-11 00:51:07 | INFO     | [DAY_START] Processing 03FEB
2026-01-11 00:51:07 | INFO     | [lf.day.start] Processing ATZ-AJF for 03FEB
2026-01-11 00:51:08 | WARNING  | [lf.day.no_flights] No direct flights on 03FEB
2026-01-11 00:51:08 | INFO     | [SUCCESS] Day 03FEB
2026-01-11 00:51:08 | INFO     | [DAY_START] Processing 02FEB
2026-01-11 00:51:08 | INFO     | [lf.day.start] Processing ATZ-AJF for 02FEB
2026-01-11 00:51:09 | WARNING  | [lf.day.no_flights] No direct flights on 02FEB
2026-01-11 00:51:09 | INFO     | [SUCCESS] Day 02FEB
2026-01-11 00:51:09 | INFO     | [DAY_START] Processing 01FEB
2026-01-11 00:51:09 | INFO     | [lf.day.start] Processing ATZ-AJF for 01FEB
2026-01-11 00:51:10 | WARNING  | [lf.day.no_flights] No direct flights on 01FEB
2026-01-11 00:51:10 | INFO     | [SUCCESS] Day 01FEB
2026-01-11 00:51:10 | INFO     | [SUCCESS] LF Search Complete
2026-01-11 00:51:12 | INFO     | [Worker_9227] Completed: ATZ-AJF - 9 results, 0 errors
2026-01-11 00:51:12 | INFO     | [Worker_9227] Processing: CAI-ELQ
2026-01-11 00:51:12 | INFO     |   Tier 0: Range 2, Chunk 3/3 (9 days)
