2026-01-11 00:48:32 | INFO     | ======================================================================
2026-01-11 00:48:32 | INFO     | Load Factor Scraper Started - Route: AJF-ATZ
2026-01-11 00:48:32 | INFO     | Log file: D:\CODERED\LAB\Artifacts\outputs\run_generated_110126_at_00.36\logs\LF_AJF-ATZ_20260111_004832.log
2026-01-11 00:48:32 | INFO     | Enhanced logging: Capturing both logging.info() and print()
2026-01-11 00:48:32 | INFO     | ======================================================================
2026-01-11 00:48:32 | INFO     | Starting LF search for route: AJF-ATZ
2026-01-11 00:48:32 | INFO     | [START] LF Search
2026-01-11 00:48:33 | INFO     | [HEALTH CHECK] [OK] Chrome connection is healthy
2026-01-11 00:48:33 | INFO     | [DAY_START] Processing 09FEB
2026-01-11 00:48:33 | INFO     | [lf.day.start] Processing AJF-ATZ for 09FEB
2026-01-11 00:48:35 | WARNING  | [lf.day.no_flights] No direct flights on 09FEB
2026-01-11 00:48:35 | INFO     | [SUCCESS] Day 09FEB
2026-01-11 00:48:35 | INFO     | [DAY_START] Processing 08FEB
2026-01-11 00:48:35 | INFO     | [lf.day.start] Processing AJF-ATZ for 08FEB
2026-01-11 00:48:36 | WARNING  | [lf.day.no_flights] No direct flights on 08FEB
2026-01-11 00:48:36 | INFO     | [SUCCESS] Day 08FEB
2026-01-11 00:48:36 | INFO     | [DAY_START] Processing 07FEB
2026-01-11 00:48:36 | INFO     | [lf.day.start] Processing AJF-ATZ for 07FEB
2026-01-11 00:48:38 | WARNING  | [lf.day.no_flights] No direct flights on 07FEB
2026-01-11 00:48:38 | INFO     | [SUCCESS] Day 07FEB
2026-01-11 00:48:38 | INFO     | [DAY_START] Processing 06FEB
2026-01-11 00:48:38 | INFO     | [lf.day.start] Processing AJF-ATZ for 06FEB
2026-01-11 00:48:39 | INFO     | [lf.day.flights_found] Found 1 flights on 06FEB
2026-01-11 00:48:41 | INFO     | [lf.flight.extracted] SM324 on 06FEB: BKG=67, LF=38.3%
2026-01-11 00:48:46 | INFO     | [SUCCESS] Day 06FEB
2026-01-11 00:48:46 | INFO     | [DAY_START] Processing 05FEB
2026-01-11 00:48:46 | INFO     | [lf.day.start] Processing AJF-ATZ for 05FEB
2026-01-11 00:48:47 | WARNING  | [lf.day.no_flights] No direct flights on 05FEB
2026-01-11 00:48:47 | INFO     | [SUCCESS] Day 05FEB
2026-01-11 00:48:47 | INFO     | [DAY_START] Processing 04FEB
2026-01-11 00:48:47 | INFO     | [lf.day.start] Processing AJF-ATZ for 04FEB
2026-01-11 00:48:48 | WARNING  | [lf.day.no_flights] No direct flights on 04FEB
2026-01-11 00:48:48 | INFO     | [SUCCESS] Day 04FEB
2026-01-11 00:48:48 | INFO     | [DAY_START] Processing 03FEB
2026-01-11 00:48:48 | INFO     | [lf.day.start] Processing AJF-ATZ for 03FEB
2026-01-11 00:48:49 | WARNING  | [lf.day.no_flights] No direct flights on 03FEB
2026-01-11 00:48:49 | INFO     | [SUCCESS] Day 03FEB
2026-01-11 00:48:49 | INFO     | [DAY_START] Processing 02FEB
2026-01-11 00:48:49 | INFO     | [lf.day.start] Processing AJF-ATZ for 02FEB
2026-01-11 00:48:50 | WARNING  | [lf.day.no_flights] No direct flights on 02FEB
2026-01-11 00:48:50 | INFO     | [SUCCESS] Day 02FEB
2026-01-11 00:48:50 | INFO     | [DAY_START] Processing 01FEB
2026-01-11 00:48:50 | INFO     | [lf.day.start] Processing AJF-ATZ for 01FEB
2026-01-11 00:48:51 | WARNING  | [lf.day.no_flights] No direct flights on 01FEB
2026-01-11 00:48:52 | INFO     | [SUCCESS] Day 01FEB
2026-01-11 00:48:52 | INFO     | [SUCCESS] LF Search Complete
2026-01-11 00:48:54 | INFO     | [Worker_9234] Completed: AJF-ATZ - 9 results, 0 errors
2026-01-11 00:48:54 | INFO     | [Worker_9234] Processing: ELQ-CAI
2026-01-11 00:48:54 | INFO     |   Tier 0: Range 2, Chunk 3/3 (9 days)
