2026-01-11 00:38:12 | INFO     | ======================================================================
2026-01-11 00:38:12 | INFO     | Load Factor Scraper Started - Route: AJF-ATZ
2026-01-11 00:38:12 | INFO     | Log file: D:\CODERED\LAB\Artifacts\outputs\run_generated_110126_at_00.36\logs\LF_AJF-ATZ_20260111_003812.log
2026-01-11 00:38:12 | INFO     | Enhanced logging: Capturing both logging.info() and print()
2026-01-11 00:38:12 | INFO     | ======================================================================
2026-01-11 00:38:12 | INFO     | Starting LF search for route: AJF-ATZ
2026-01-11 00:38:12 | INFO     | [START] LF Search
2026-01-11 00:38:13 | INFO     | [HEALTH CHECK] [OK] Chrome connection is healthy
2026-01-11 00:38:13 | INFO     | [DAY_START] Processing 28FEB
2026-01-11 00:38:13 | INFO     | [lf.day.start] Processing AJF-ATZ for 28FEB
2026-01-11 00:38:14 | WARNING  | [lf.day.no_flights] No direct flights on 28FEB
2026-01-11 00:38:14 | INFO     | [SUCCESS] Day 28FEB
2026-01-11 00:38:14 | INFO     | [DAY_START] Processing 27FEB
2026-01-11 00:38:14 | INFO     | [lf.day.start] Processing AJF-ATZ for 27FEB
2026-01-11 00:38:15 | INFO     | [lf.day.flights_found] Found 1 flights on 27FEB
2026-01-11 00:38:17 | INFO     | [lf.flight.extracted] SM324 on 27FEB: BKG=12, LF=6.9%
2026-01-11 00:38:20 | INFO     | [SUCCESS] Day 27FEB
2026-01-11 00:38:20 | INFO     | [DAY_START] Processing 26FEB
2026-01-11 00:38:20 | INFO     | [lf.day.start] Processing AJF-ATZ for 26FEB
2026-01-11 00:38:20 | WARNING  | [lf.day.no_flights] No direct flights on 26FEB
2026-01-11 00:38:21 | INFO     | [SUCCESS] Day 26FEB
2026-01-11 00:38:21 | INFO     | [DAY_START] Processing 25FEB
2026-01-11 00:38:21 | INFO     | [lf.day.start] Processing AJF-ATZ for 25FEB
2026-01-11 00:38:22 | WARNING  | [lf.day.no_flights] No direct flights on 25FEB
2026-01-11 00:38:22 | INFO     | [SUCCESS] Day 25FEB
2026-01-11 00:38:22 | INFO     | [DAY_START] Processing 24FEB
2026-01-11 00:38:22 | INFO     | [lf.day.start] Processing AJF-ATZ for 24FEB
2026-01-11 00:38:23 | WARNING  | [lf.day.no_flights] No direct flights on 24FEB
2026-01-11 00:38:23 | INFO     | [SUCCESS] Day 24FEB
2026-01-11 00:38:23 | INFO     | [DAY_START] Processing 23FEB
2026-01-11 00:38:23 | INFO     | [lf.day.start] Processing AJF-ATZ for 23FEB
2026-01-11 00:38:24 | WARNING  | [lf.day.no_flights] No direct flights on 23FEB
2026-01-11 00:38:24 | INFO     | [SUCCESS] Day 23FEB
2026-01-11 00:38:24 | INFO     | [DAY_START] Processing 22FEB
2026-01-11 00:38:24 | INFO     | [lf.day.start] Processing AJF-ATZ for 22FEB
2026-01-11 00:38:25 | WARNING  | [lf.day.no_flights] No direct flights on 22FEB
2026-01-11 00:38:25 | INFO     | [SUCCESS] Day 22FEB
2026-01-11 00:38:25 | INFO     | [DAY_START] Processing 21FEB
2026-01-11 00:38:25 | INFO     | [lf.day.start] Processing AJF-ATZ for 21FEB
2026-01-11 00:38:26 | WARNING  | [lf.day.no_flights] No direct flights on 21FEB
2026-01-11 00:38:26 | INFO     | [SUCCESS] Day 21FEB
2026-01-11 00:38:26 | INFO     | [DAY_START] Processing 20FEB
2026-01-11 00:38:26 | INFO     | [lf.day.start] Processing AJF-ATZ for 20FEB
2026-01-11 00:38:27 | INFO     | [lf.day.flights_found] Found 1 flights on 20FEB
2026-01-11 00:38:29 | INFO     | [lf.flight.extracted] SM324 on 20FEB: BKG=9, LF=5.4%
2026-01-11 00:38:31 | INFO     | [SUCCESS] Day 20FEB
2026-01-11 00:38:31 | INFO     | [DAY_START] Processing 19FEB
2026-01-11 00:38:31 | INFO     | [lf.day.start] Processing AJF-ATZ for 19FEB
2026-01-11 00:38:38 | WARNING  | [lf.day.no_flights] No direct flights on 19FEB
2026-01-11 00:38:38 | INFO     | [SUCCESS] Day 19FEB
2026-01-11 00:38:38 | INFO     | [SUCCESS] LF Search Complete
2026-01-11 00:38:40 | INFO     | [Worker_9233] Completed: AJF-ATZ - 10 results, 0 errors
2026-01-11 00:38:40 | INFO     | [Worker_9233] Processing: ELQ-ATZ
2026-01-11 00:38:40 | INFO     |   Tier 0: Range 2, Chunk 1/3 (10 days)
