2026-01-11 00:45:03 | INFO     | ======================================================================
2026-01-11 00:45:03 | INFO     | Load Factor Scraper Started - Route: ATZ-JED
2026-01-11 00:45:03 | INFO     | Log file: D:\CODERED\LAB\Artifacts\outputs\run_generated_110126_at_00.36\logs\LF_ATZ-JED_20260111_004503.log
2026-01-11 00:45:03 | INFO     | Enhanced logging: Capturing both logging.info() and print()
2026-01-11 00:45:03 | INFO     | ======================================================================
2026-01-11 00:45:03 | INFO     | Starting LF search for route: ATZ-JED
2026-01-11 00:45:03 | INFO     | [START] LF Search
2026-01-11 00:45:04 | INFO     | [HEALTH CHECK] [OK] Chrome connection is healthy
2026-01-11 00:45:04 | INFO     | [DAY_START] Processing 18FEB
2026-01-11 00:45:04 | INFO     | [lf.day.start] Processing ATZ-JED for 18FEB
2026-01-11 00:45:05 | INFO     | [lf.day.flights_found] Found 3 flights on 18FEB
2026-01-11 00:45:07 | INFO     | [lf.flight.extracted] SM453 on 18FEB: BKG=137, LF=76.5%
2026-01-11 00:45:11 | INFO     | [lf.flight.extracted] SM491 on 18FEB: BKG=90, LF=50.3%
2026-01-11 00:45:14 | INFO     | [lf.flight.extracted] SM421 on 18FEB: BKG=182, LF=101.7%
2026-01-11 00:45:19 | INFO     | [SUCCESS] Day 18FEB
2026-01-11 00:45:19 | INFO     | [DAY_START] Processing 17FEB
2026-01-11 00:45:19 | INFO     | [lf.day.start] Processing ATZ-JED for 17FEB
2026-01-11 00:45:20 | INFO     | [lf.day.flights_found] Found 4 flights on 17FEB
2026-01-11 00:45:21 | INFO     | [lf.flight.extracted] SM2449 on 17FEB: BKG=0, LF=0.0%
2026-01-11 00:45:24 | INFO     | [lf.flight.extracted] SM453 on 17FEB: BKG=51, LF=28.5%
2026-01-11 00:45:27 | INFO     | [lf.flight.extracted] SM2451 on 17FEB: BKG=90, LF=50.3%
2026-01-11 00:45:30 | INFO     | [lf.flight.extracted] SM455 on 17FEB: BKG=1, LF=0.6%
2026-01-11 00:45:36 | INFO     | [SUCCESS] Day 17FEB
2026-01-11 00:45:36 | INFO     | [DAY_START] Processing 16FEB
2026-01-11 00:45:36 | INFO     | [lf.day.start] Processing ATZ-JED for 16FEB
2026-01-11 00:45:37 | INFO     | [lf.day.flights_found] Found 5 flights on 16FEB
2026-01-11 00:45:39 | INFO     | [lf.flight.extracted] SM491 on 16FEB: BKG=145, LF=81.0%
2026-01-11 00:45:42 | INFO     | [lf.flight.extracted] SM455 on 16FEB: BKG=137, LF=76.5%
2026-01-11 00:45:45 | INFO     | [lf.flight.extracted] SM421 on 16FEB: BKG=135, LF=75.4%
2026-01-11 00:45:49 | INFO     | [lf.flight.extracted] SM453 on 16FEB: BKG=12, LF=6.7%
2026-01-11 00:45:52 | INFO     | [lf.flight.extracted] SM955 on 16FEB: BKG=180, LF=100.6%
2026-01-11 00:46:00 | INFO     | [SUCCESS] Day 16FEB
2026-01-11 00:46:00 | INFO     | [DAY_START] Processing 15FEB
2026-01-11 00:46:00 | INFO     | [lf.day.start] Processing ATZ-JED for 15FEB
2026-01-11 00:46:01 | INFO     | [lf.day.flights_found] Found 5 flights on 15FEB
2026-01-11 00:46:01 | INFO     | [lf.flight.extracted] SM2443 on 15FEB: BKG=0, LF=0.0%
2026-01-11 00:46:05 | INFO     | [lf.flight.extracted] SM491 on 15FEB: BKG=94, LF=52.5%
2026-01-11 00:46:08 | INFO     | [lf.flight.extracted] SM2445 on 15FEB: BKG=180, LF=100.6%
2026-01-11 00:46:11 | INFO     | [lf.flight.extracted] SM455 on 15FEB: BKG=51, LF=28.5%
2026-01-11 00:46:15 | INFO     | [lf.flight.extracted] SM953 on 15FEB: BKG=180, LF=100.6%
2026-01-11 00:46:21 | INFO     | [SUCCESS] Day 15FEB
2026-01-11 00:46:21 | INFO     | [DAY_START] Processing 14FEB
2026-01-11 00:46:21 | INFO     | [lf.day.start] Processing ATZ-JED for 14FEB
2026-01-11 00:46:22 | INFO     | [lf.day.flights_found] Found 4 flights on 14FEB
2026-01-11 00:46:24 | INFO     | [lf.flight.extracted] SM491 on 14FEB: BKG=51, LF=28.5%
2026-01-11 00:46:28 | INFO     | [lf.flight.extracted] SM453 on 14FEB: BKG=52, LF=29.0%
2026-01-11 00:46:33 | INFO     | [lf.flight.extracted] SM455 on 14FEB: BKG=100, LF=55.9%
2026-01-11 00:46:39 | INFO     | [lf.flight.extracted] SM2441 on 14FEB: BKG=180, LF=100.6%
2026-01-11 00:46:45 | INFO     | [SUCCESS] Day 14FEB
2026-01-11 00:46:45 | INFO     | [DAY_START] Processing 13FEB
2026-01-11 00:46:45 | INFO     | [lf.day.start] Processing ATZ-JED for 13FEB
2026-01-11 00:46:46 | INFO     | [lf.day.flights_found] Found 1 flights on 13FEB
2026-01-11 00:46:48 | INFO     | [lf.flight.extracted] SM491 on 13FEB: BKG=189, LF=105.6%
2026-01-11 00:46:51 | INFO     | [SUCCESS] Day 13FEB
2026-01-11 00:46:51 | INFO     | [DAY_START] Processing 12FEB
2026-01-11 00:46:51 | INFO     | [lf.day.start] Processing ATZ-JED for 12FEB
2026-01-11 00:46:52 | INFO     | [lf.day.flights_found] Found 2 flights on 12FEB
2026-01-11 00:46:54 | INFO     | [lf.flight.extracted] SM453 on 12FEB: BKG=182, LF=101.7%
2026-01-11 00:46:59 | INFO     | [lf.flight.extracted] SM455 on 12FEB: BKG=179, LF=100.0%
2026-01-11 00:47:04 | INFO     | [SUCCESS] Day 12FEB
2026-01-11 00:47:04 | INFO     | [DAY_START] Processing 11FEB
2026-01-11 00:47:04 | INFO     | [lf.day.start] Processing ATZ-JED for 11FEB
2026-01-11 00:47:05 | INFO     | [lf.day.flights_found] Found 4 flights on 11FEB
2026-01-11 00:47:07 | INFO     | [lf.flight.extracted] SM453 on 11FEB: BKG=180, LF=100.6%
2026-01-11 00:47:10 | INFO     | [lf.flight.extracted] SM491 on 11FEB: BKG=182, LF=101.7%
2026-01-11 00:47:13 | INFO     | [lf.flight.extracted] SM981 on 11FEB: BKG=180, LF=100.6%
2026-01-11 00:47:17 | INFO     | [lf.flight.extracted] SM421 on 11FEB: BKG=180, LF=100.6%
2026-01-11 00:47:23 | INFO     | [SUCCESS] Day 11FEB
2026-01-11 00:47:23 | INFO     | [DAY_START] Processing 10FEB
2026-01-11 00:47:23 | INFO     | [lf.day.start] Processing ATZ-JED for 10FEB
2026-01-11 00:47:24 | INFO     | [lf.day.flights_found] Found 2 flights on 10FEB
2026-01-11 00:47:26 | INFO     | [lf.flight.extracted] SM453 on 10FEB: BKG=222, LF=124.0%
2026-01-11 00:47:29 | INFO     | [lf.flight.extracted] SM455 on 10FEB: BKG=154, LF=86.0%
2026-01-11 00:47:34 | INFO     | [SUCCESS] Day 10FEB
2026-01-11 00:47:34 | INFO     | [SUCCESS] LF Search Complete
2026-01-11 00:47:36 | INFO     | [Worker_9234] Completed: ATZ-JED - 9 results, 0 errors
2026-01-11 00:47:36 | INFO     | [Worker_9234] Processing: JED-LXR
2026-01-11 00:47:36 | INFO     |   Tier 0: Range 2, Chunk 3/3 (9 days)
