2026-01-11 01:00:31 | INFO     | ======================================================================
2026-01-11 01:00:31 | INFO     | Load Factor Scraper Started - Route: AJF-CAI
2026-01-11 01:00:31 | INFO     | Log file: D:\CODERED\LAB\Artifacts\outputs\run_generated_110126_at_00.36\logs\LF_AJF-CAI_20260111_010031.log
2026-01-11 01:00:31 | INFO     | Enhanced logging: Capturing both logging.info() and print()
2026-01-11 01:00:31 | INFO     | ======================================================================
2026-01-11 01:00:31 | INFO     | Starting LF search for route: AJF-CAI
2026-01-11 01:00:31 | INFO     | [START] LF Search
2026-01-11 01:00:32 | INFO     | [HEALTH CHECK] [OK] Chrome connection is healthy
2026-01-11 01:00:32 | INFO     | [DAY_START] Processing 20JAN
2026-01-11 01:00:32 | INFO     | [lf.day.start] Processing AJF-CAI for 20JAN
2026-01-11 01:00:33 | INFO     | [lf.day.flights_found] Found 1 flights on 20JAN
2026-01-11 01:00:35 | INFO     | [lf.flight.extracted] SM322 on 20JAN: BKG=47, LF=26.9%
2026-01-11 01:00:41 | INFO     | [SUCCESS] Day 20JAN
2026-01-11 01:00:41 | INFO     | [DAY_START] Processing 19JAN
2026-01-11 01:00:41 | INFO     | [lf.day.start] Processing AJF-CAI for 19JAN
2026-01-11 01:00:42 | WARNING  | [lf.day.no_flights] No direct flights on 19JAN
2026-01-11 01:00:42 | INFO     | [SUCCESS] Day 19JAN
2026-01-11 01:00:42 | INFO     | [DAY_START] Processing 18JAN
2026-01-11 01:00:42 | INFO     | [lf.day.start] Processing AJF-CAI for 18JAN
2026-01-11 01:00:43 | WARNING  | [lf.day.no_flights] No direct flights on 18JAN
2026-01-11 01:00:43 | INFO     | [SUCCESS] Day 18JAN
2026-01-11 01:00:43 | INFO     | [DAY_START] Processing 17JAN
2026-01-11 01:00:43 | INFO     | [lf.day.start] Processing AJF-CAI for 17JAN
2026-01-11 01:00:44 | INFO     | [lf.day.flights_found] Found 1 flights on 17JAN
2026-01-11 01:00:46 | INFO     | [lf.flight.extracted] SM322 on 17JAN: BKG=37, LF=21.1%
2026-01-11 01:00:49 | INFO     | [SUCCESS] Day 17JAN
2026-01-11 01:00:49 | INFO     | [DAY_START] Processing 16JAN
2026-01-11 01:00:49 | INFO     | [lf.day.start] Processing AJF-CAI for 16JAN
2026-01-11 01:00:50 | WARNING  | [lf.day.no_flights] No direct flights on 16JAN
2026-01-11 01:00:50 | INFO     | [SUCCESS] Day 16JAN
2026-01-11 01:00:50 | INFO     | [DAY_START] Processing 15JAN
2026-01-11 01:00:50 | INFO     | [lf.day.start] Processing AJF-CAI for 15JAN
2026-01-11 01:00:51 | INFO     | [lf.day.flights_found] Found 1 flights on 15JAN
2026-01-11 01:00:53 | INFO     | [lf.flight.extracted] SM322 on 15JAN: BKG=85, LF=48.6%
2026-01-11 01:00:59 | INFO     | [SUCCESS] Day 15JAN
2026-01-11 01:00:59 | INFO     | [DAY_START] Processing 14JAN
2026-01-11 01:00:59 | INFO     | [lf.day.start] Processing AJF-CAI for 14JAN
2026-01-11 01:01:00 | WARNING  | [lf.day.no_flights] No direct flights on 14JAN
2026-01-11 01:01:00 | INFO     | [SUCCESS] Day 14JAN
2026-01-11 01:01:00 | INFO     | [DAY_START] Processing 13JAN
2026-01-11 01:01:00 | INFO     | [lf.day.start] Processing AJF-CAI for 13JAN
2026-01-11 01:01:01 | INFO     | [lf.day.flights_found] Found 1 flights on 13JAN
2026-01-11 01:01:04 | INFO     | [lf.flight.extracted] SM322 on 13JAN: BKG=130, LF=74.3%
2026-01-11 01:01:14 | INFO     | [SUCCESS] Day 13JAN
2026-01-11 01:01:14 | INFO     | [DAY_START] Processing 12JAN
2026-01-11 01:01:14 | INFO     | [lf.day.start] Processing AJF-CAI for 12JAN
2026-01-11 01:01:15 | WARNING  | [lf.day.no_flights] No direct flights on 12JAN
2026-01-11 01:01:15 | INFO     | [SUCCESS] Day 12JAN
2026-01-11 01:01:15 | INFO     | [SUCCESS] LF Search Complete
2026-01-11 01:01:17 | INFO     | [Worker_9224] Completed: AJF-CAI - 9 results, 0 errors
2026-01-11 01:01:17 | INFO     | [Worker_9224] Processing: GIZ-CAI
2026-01-11 01:01:17 | INFO     |   Tier 0: Range 1, Chunk 2/2 (10 days)
