2026-01-11 00:46:21 | INFO     | ======================================================================
2026-01-11 00:46:21 | INFO     | Load Factor Scraper Started - Route: ATZ-AJF
2026-01-11 00:46:21 | INFO     | Log file: D:\CODERED\LAB\Artifacts\outputs\run_generated_110126_at_00.36\logs\LF_ATZ-AJF_20260111_004621.log
2026-01-11 00:46:21 | INFO     | Enhanced logging: Capturing both logging.info() and print()
2026-01-11 00:46:21 | INFO     | ======================================================================
2026-01-11 00:46:21 | INFO     | Starting LF search for route: ATZ-AJF
2026-01-11 00:46:21 | INFO     | [START] LF Search
2026-01-11 00:46:22 | INFO     | [HEALTH CHECK] [OK] Chrome connection is healthy
2026-01-11 00:46:22 | INFO     | [DAY_START] Processing 18FEB
2026-01-11 00:46:22 | INFO     | [lf.day.start] Processing ATZ-AJF for 18FEB
2026-01-11 00:46:23 | WARNING  | [lf.day.no_flights] No direct flights on 18FEB
2026-01-11 00:46:23 | INFO     | [SUCCESS] Day 18FEB
2026-01-11 00:46:23 | INFO     | [DAY_START] Processing 17FEB
2026-01-11 00:46:23 | INFO     | [lf.day.start] Processing ATZ-AJF for 17FEB
2026-01-11 00:46:24 | WARNING  | [lf.day.no_flights] No direct flights on 17FEB
2026-01-11 00:46:24 | INFO     | [SUCCESS] Day 17FEB
2026-01-11 00:46:24 | INFO     | [DAY_START] Processing 16FEB
2026-01-11 00:46:24 | INFO     | [lf.day.start] Processing ATZ-AJF for 16FEB
2026-01-11 00:46:25 | WARNING  | [lf.day.no_flights] No direct flights on 16FEB
2026-01-11 00:46:25 | INFO     | [SUCCESS] Day 16FEB
2026-01-11 00:46:25 | INFO     | [DAY_START] Processing 15FEB
2026-01-11 00:46:25 | INFO     | [lf.day.start] Processing ATZ-AJF for 15FEB
2026-01-11 00:46:26 | WARNING  | [lf.day.no_flights] No direct flights on 15FEB
2026-01-11 00:46:27 | INFO     | [SUCCESS] Day 15FEB
2026-01-11 00:46:27 | INFO     | [DAY_START] Processing 14FEB
2026-01-11 00:46:27 | INFO     | [lf.day.start] Processing ATZ-AJF for 14FEB
2026-01-11 00:46:28 | WARNING  | [lf.day.no_flights] No direct flights on 14FEB
2026-01-11 00:46:28 | INFO     | [SUCCESS] Day 14FEB
2026-01-11 00:46:28 | INFO     | [DAY_START] Processing 13FEB
2026-01-11 00:46:28 | INFO     | [lf.day.start] Processing ATZ-AJF for 13FEB
2026-01-11 00:46:30 | INFO     | [lf.day.flights_found] Found 1 flights on 13FEB
2026-01-11 00:46:33 | INFO     | [lf.flight.extracted] SM323 on 13FEB: BKG=2, LF=1.1%
2026-01-11 00:46:38 | INFO     | [SUCCESS] Day 13FEB
2026-01-11 00:46:38 | INFO     | [DAY_START] Processing 12FEB
2026-01-11 00:46:38 | INFO     | [lf.day.start] Processing ATZ-AJF for 12FEB
2026-01-11 00:46:39 | WARNING  | [lf.day.no_flights] No direct flights on 12FEB
2026-01-11 00:46:39 | INFO     | [SUCCESS] Day 12FEB
2026-01-11 00:46:39 | INFO     | [DAY_START] Processing 11FEB
2026-01-11 00:46:39 | INFO     | [lf.day.start] Processing ATZ-AJF for 11FEB
2026-01-11 00:46:40 | WARNING  | [lf.day.no_flights] No direct flights on 11FEB
2026-01-11 00:46:40 | INFO     | [SUCCESS] Day 11FEB
2026-01-11 00:46:40 | INFO     | [DAY_START] Processing 10FEB
2026-01-11 00:46:40 | INFO     | [lf.day.start] Processing ATZ-AJF for 10FEB
2026-01-11 00:46:42 | WARNING  | [lf.day.no_flights] No direct flights on 10FEB
2026-01-11 00:46:42 | INFO     | [SUCCESS] Day 10FEB
2026-01-11 00:46:42 | INFO     | [SUCCESS] LF Search Complete
2026-01-11 00:46:44 | INFO     | [Worker_9224] Completed: ATZ-AJF - 9 results, 0 errors
2026-01-11 00:46:44 | INFO     | [Worker_9224] Processing: CAI-ELQ
2026-01-11 00:46:44 | INFO     |   Tier 0: Range 2, Chunk 2/3 (9 days)
