2026-01-11 00:50:27 | INFO     | ======================================================================
2026-01-11 00:50:27 | INFO     | Load Factor Scraper Started - Route: ATZ-DMM
2026-01-11 00:50:27 | INFO     | Log file: D:\CODERED\LAB\Artifacts\outputs\run_generated_110126_at_00.36\logs\LF_ATZ-DMM_20260111_005027.log
2026-01-11 00:50:27 | INFO     | Enhanced logging: Capturing both logging.info() and print()
2026-01-11 00:50:27 | INFO     | ======================================================================
2026-01-11 00:50:27 | INFO     | Starting LF search for route: ATZ-DMM
2026-01-11 00:50:27 | INFO     | [START] LF Search
2026-01-11 00:50:28 | INFO     | [HEALTH CHECK] [OK] Chrome connection is healthy
2026-01-11 00:50:28 | INFO     | [DAY_START] Processing 09FEB
2026-01-11 00:50:28 | INFO     | [lf.day.start] Processing ATZ-DMM for 09FEB
2026-01-11 00:50:29 | INFO     | [lf.day.flights_found] Found 1 flights on 09FEB
2026-01-11 00:50:31 | INFO     | [lf.flight.extracted] SM437 on 09FEB: BKG=9, LF=5.0%
2026-01-11 00:50:34 | INFO     | [SUCCESS] Day 09FEB
2026-01-11 00:50:34 | INFO     | [DAY_START] Processing 08FEB
2026-01-11 00:50:34 | INFO     | [lf.day.start] Processing ATZ-DMM for 08FEB
2026-01-11 00:50:35 | WARNING  | [lf.day.no_flights] No direct flights on 08FEB
2026-01-11 00:50:35 | INFO     | [SUCCESS] Day 08FEB
2026-01-11 00:50:35 | INFO     | [DAY_START] Processing 07FEB
2026-01-11 00:50:35 | INFO     | [lf.day.start] Processing ATZ-DMM for 07FEB
2026-01-11 00:50:36 | WARNING  | [lf.day.no_flights] No direct flights on 07FEB
2026-01-11 00:50:36 | INFO     | [SUCCESS] Day 07FEB
2026-01-11 00:50:36 | INFO     | [DAY_START] Processing 06FEB
2026-01-11 00:50:36 | INFO     | [lf.day.start] Processing ATZ-DMM for 06FEB
2026-01-11 00:50:37 | INFO     | [lf.day.flights_found] Found 1 flights on 06FEB
2026-01-11 00:50:39 | INFO     | [lf.flight.extracted] SM437 on 06FEB: BKG=13, LF=7.3%
2026-01-11 00:50:42 | INFO     | [SUCCESS] Day 06FEB
2026-01-11 00:50:42 | INFO     | [DAY_START] Processing 05FEB
2026-01-11 00:50:42 | INFO     | [lf.day.start] Processing ATZ-DMM for 05FEB
2026-01-11 00:50:43 | WARNING  | [lf.day.no_flights] No direct flights on 05FEB
2026-01-11 00:50:43 | INFO     | [SUCCESS] Day 05FEB
2026-01-11 00:50:43 | INFO     | [DAY_START] Processing 04FEB
2026-01-11 00:50:43 | INFO     | [lf.day.start] Processing ATZ-DMM for 04FEB
2026-01-11 00:50:44 | WARNING  | [lf.day.no_flights] No direct flights on 04FEB
2026-01-11 00:50:44 | INFO     | [SUCCESS] Day 04FEB
2026-01-11 00:50:44 | INFO     | [DAY_START] Processing 03FEB
2026-01-11 00:50:44 | INFO     | [lf.day.start] Processing ATZ-DMM for 03FEB
2026-01-11 00:50:45 | WARNING  | [lf.day.no_flights] No direct flights on 03FEB
2026-01-11 00:50:45 | INFO     | [SUCCESS] Day 03FEB
2026-01-11 00:50:45 | INFO     | [DAY_START] Processing 02FEB
2026-01-11 00:50:45 | INFO     | [lf.day.start] Processing ATZ-DMM for 02FEB
2026-01-11 00:50:46 | INFO     | [lf.day.flights_found] Found 1 flights on 02FEB
2026-01-11 00:50:48 | INFO     | [lf.flight.extracted] SM437 on 02FEB: BKG=30, LF=16.8%
2026-01-11 00:50:52 | INFO     | [SUCCESS] Day 02FEB
2026-01-11 00:50:52 | INFO     | [DAY_START] Processing 01FEB
2026-01-11 00:50:52 | INFO     | [lf.day.start] Processing ATZ-DMM for 01FEB
2026-01-11 00:50:53 | WARNING  | [lf.day.no_flights] No direct flights on 01FEB
2026-01-11 00:50:53 | INFO     | [SUCCESS] Day 01FEB
2026-01-11 00:50:53 | INFO     | [SUCCESS] LF Search Complete
2026-01-11 00:50:55 | INFO     | [Worker_9227] Completed: ATZ-DMM - 9 results, 0 errors
2026-01-11 00:50:55 | INFO     | [Worker_9227] Processing: ATZ-AJF
2026-01-11 00:50:55 | INFO     |   Tier 0: Range 2, Chunk 3/3 (9 days)
