2026-01-11 00:50:31 | INFO     | ======================================================================
2026-01-11 00:50:31 | INFO     | Load Factor Scraper Started - Route: CAI-TUU
2026-01-11 00:50:31 | INFO     | Log file: D:\CODERED\LAB\Artifacts\outputs\run_generated_110126_at_00.36\logs\LF_CAI-TUU_20260111_005031.log
2026-01-11 00:50:31 | INFO     | Enhanced logging: Capturing both logging.info() and print()
2026-01-11 00:50:31 | INFO     | ======================================================================
2026-01-11 00:50:31 | INFO     | Starting LF search for route: CAI-TUU
2026-01-11 00:50:31 | INFO     | [START] LF Search
2026-01-11 00:50:32 | INFO     | [HEALTH CHECK] [OK] Chrome connection is healthy
2026-01-11 00:50:32 | INFO     | [DAY_START] Processing 09FEB
2026-01-11 00:50:32 | INFO     | [lf.day.start] Processing CAI-TUU for 09FEB
2026-01-11 00:50:33 | WARNING  | [lf.day.no_flights] No direct flights on 09FEB
2026-01-11 00:50:33 | INFO     | [SUCCESS] Day 09FEB
2026-01-11 00:50:33 | INFO     | [DAY_START] Processing 08FEB
2026-01-11 00:50:33 | INFO     | [lf.day.start] Processing CAI-TUU for 08FEB
2026-01-11 00:50:34 | WARNING  | [lf.day.no_flights] No direct flights on 08FEB
2026-01-11 00:50:35 | INFO     | [SUCCESS] Day 08FEB
2026-01-11 00:50:35 | INFO     | [DAY_START] Processing 07FEB
2026-01-11 00:50:35 | INFO     | [lf.day.start] Processing CAI-TUU for 07FEB
2026-01-11 00:50:36 | INFO     | [lf.day.flights_found] Found 1 flights on 07FEB
2026-01-11 00:50:37 | INFO     | [lf.flight.extracted] SM325 on 07FEB: BKG=11, LF=10.1%
2026-01-11 00:50:40 | INFO     | [SUCCESS] Day 07FEB
2026-01-11 00:50:40 | INFO     | [DAY_START] Processing 06FEB
2026-01-11 00:50:40 | INFO     | [lf.day.start] Processing CAI-TUU for 06FEB
2026-01-11 00:50:41 | WARNING  | [lf.day.no_flights] No direct flights on 06FEB
2026-01-11 00:50:41 | INFO     | [SUCCESS] Day 06FEB
2026-01-11 00:50:41 | INFO     | [DAY_START] Processing 05FEB
2026-01-11 00:50:41 | INFO     | [lf.day.start] Processing CAI-TUU for 05FEB
2026-01-11 00:50:42 | INFO     | [lf.day.flights_found] Found 1 flights on 05FEB
2026-01-11 00:50:44 | INFO     | [lf.flight.extracted] SM325 on 05FEB: BKG=5, LF=2.8%
2026-01-11 00:50:47 | INFO     | [SUCCESS] Day 05FEB
2026-01-11 00:50:47 | INFO     | [DAY_START] Processing 04FEB
2026-01-11 00:50:47 | INFO     | [lf.day.start] Processing CAI-TUU for 04FEB
2026-01-11 00:50:48 | INFO     | [lf.day.flights_found] Found 1 flights on 04FEB
2026-01-11 00:50:50 | INFO     | [lf.flight.extracted] SM325 on 04FEB: BKG=3, LF=1.7%
2026-01-11 00:50:52 | INFO     | [SUCCESS] Day 04FEB
2026-01-11 00:50:52 | INFO     | [DAY_START] Processing 03FEB
2026-01-11 00:50:52 | INFO     | [lf.day.start] Processing CAI-TUU for 03FEB
2026-01-11 00:50:53 | WARNING  | [lf.day.no_flights] No direct flights on 03FEB
2026-01-11 00:50:53 | INFO     | [SUCCESS] Day 03FEB
2026-01-11 00:50:53 | INFO     | [DAY_START] Processing 02FEB
2026-01-11 00:50:53 | INFO     | [lf.day.start] Processing CAI-TUU for 02FEB
2026-01-11 00:50:54 | WARNING  | [lf.day.no_flights] No direct flights on 02FEB
2026-01-11 00:50:54 | INFO     | [SUCCESS] Day 02FEB
2026-01-11 00:50:54 | INFO     | [DAY_START] Processing 01FEB
2026-01-11 00:50:54 | INFO     | [lf.day.start] Processing CAI-TUU for 01FEB
2026-01-11 00:50:55 | WARNING  | [lf.day.no_flights] No direct flights on 01FEB
2026-01-11 00:50:56 | INFO     | [SUCCESS] Day 01FEB
2026-01-11 00:50:56 | INFO     | [SUCCESS] LF Search Complete
2026-01-11 00:50:58 | INFO     | [Worker_9232] Completed: CAI-TUU - 9 results, 0 errors
2026-01-11 00:50:58 | INFO     | [Worker_9232] Processing: CAI-YNB
2026-01-11 00:50:58 | INFO     |   Tier 0: Range 2, Chunk 3/3 (9 days)
