2026-01-11 00:41:35 | INFO     | ======================================================================
2026-01-11 00:41:35 | INFO     | Load Factor Scraper Started - Route: CAI-ELQ
2026-01-11 00:41:35 | INFO     | Log file: D:\CODERED\LAB\Artifacts\outputs\run_generated_110126_at_00.36\logs\LF_CAI-ELQ_20260111_004135.log
2026-01-11 00:41:35 | INFO     | Enhanced logging: Capturing both logging.info() and print()
2026-01-11 00:41:35 | INFO     | ======================================================================
2026-01-11 00:41:35 | INFO     | Starting LF search for route: CAI-ELQ
2026-01-11 00:41:35 | INFO     | [START] LF Search
2026-01-11 00:41:36 | INFO     | [HEALTH CHECK] [OK] Chrome connection is healthy
2026-01-11 00:41:36 | INFO     | [DAY_START] Processing 28FEB
2026-01-11 00:41:36 | INFO     | [lf.day.start] Processing CAI-ELQ for 28FEB
2026-01-11 00:41:37 | WARNING  | [lf.day.no_flights] No direct flights on 28FEB
2026-01-11 00:41:37 | INFO     | [SUCCESS] Day 28FEB
2026-01-11 00:41:37 | INFO     | [DAY_START] Processing 27FEB
2026-01-11 00:41:37 | INFO     | [lf.day.start] Processing CAI-ELQ for 27FEB
2026-01-11 00:41:38 | INFO     | [lf.day.flights_found] Found 1 flights on 27FEB
2026-01-11 00:41:40 | INFO     | [lf.flight.extracted] SM427 on 27FEB: BKG=2, LF=1.8%
2026-01-11 00:41:42 | INFO     | [SUCCESS] Day 27FEB
2026-01-11 00:41:42 | INFO     | [DAY_START] Processing 26FEB
2026-01-11 00:41:42 | INFO     | [lf.day.start] Processing CAI-ELQ for 26FEB
2026-01-11 00:41:43 | INFO     | [lf.day.flights_found] Found 1 flights on 26FEB
2026-01-11 00:41:45 | INFO     | [lf.flight.extracted] SM427 on 26FEB: BKG=0, LF=0.0%
2026-01-11 00:41:46 | INFO     | [SUCCESS] Day 26FEB
2026-01-11 00:41:46 | INFO     | [DAY_START] Processing 25FEB
2026-01-11 00:41:46 | INFO     | [lf.day.start] Processing CAI-ELQ for 25FEB
2026-01-11 00:41:47 | WARNING  | [lf.day.no_flights] No direct flights on 25FEB
2026-01-11 00:41:48 | INFO     | [SUCCESS] Day 25FEB
2026-01-11 00:41:48 | INFO     | [DAY_START] Processing 24FEB
2026-01-11 00:41:48 | INFO     | [lf.day.start] Processing CAI-ELQ for 24FEB
2026-01-11 00:41:49 | WARNING  | [lf.day.no_flights] No direct flights on 24FEB
2026-01-11 00:41:49 | INFO     | [SUCCESS] Day 24FEB
2026-01-11 00:41:49 | INFO     | [DAY_START] Processing 23FEB
2026-01-11 00:41:49 | INFO     | [lf.day.start] Processing CAI-ELQ for 23FEB
2026-01-11 00:41:50 | WARNING  | [lf.day.no_flights] No direct flights on 23FEB
2026-01-11 00:41:50 | INFO     | [SUCCESS] Day 23FEB
2026-01-11 00:41:50 | INFO     | [DAY_START] Processing 22FEB
2026-01-11 00:41:50 | INFO     | [lf.day.start] Processing CAI-ELQ for 22FEB
2026-01-11 00:41:51 | INFO     | [lf.day.flights_found] Found 1 flights on 22FEB
2026-01-11 00:41:53 | INFO     | [lf.flight.extracted] SM427 on 22FEB: BKG=4, LF=2.2%
2026-01-11 00:41:55 | INFO     | [SUCCESS] Day 22FEB
2026-01-11 00:41:55 | INFO     | [DAY_START] Processing 21FEB
2026-01-11 00:41:55 | INFO     | [lf.day.start] Processing CAI-ELQ for 21FEB
2026-01-11 00:41:56 | WARNING  | [lf.day.no_flights] No direct flights on 21FEB
2026-01-11 00:41:57 | INFO     | [SUCCESS] Day 21FEB
2026-01-11 00:41:57 | INFO     | [DAY_START] Processing 20FEB
2026-01-11 00:41:57 | INFO     | [lf.day.start] Processing CAI-ELQ for 20FEB
2026-01-11 00:41:58 | INFO     | [lf.day.flights_found] Found 1 flights on 20FEB
2026-01-11 00:41:59 | INFO     | [lf.flight.extracted] SM427 on 20FEB: BKG=1, LF=0.9%
2026-01-11 00:42:02 | INFO     | [SUCCESS] Day 20FEB
2026-01-11 00:42:02 | INFO     | [DAY_START] Processing 19FEB
2026-01-11 00:42:02 | INFO     | [lf.day.start] Processing CAI-ELQ for 19FEB
2026-01-11 00:42:03 | INFO     | [lf.day.flights_found] Found 1 flights on 19FEB
2026-01-11 00:42:05 | INFO     | [lf.flight.extracted] SM427 on 19FEB: BKG=1, LF=0.9%
2026-01-11 00:42:08 | INFO     | [SUCCESS] Day 19FEB
2026-01-11 00:42:08 | INFO     | [SUCCESS] LF Search Complete
2026-01-11 00:42:10 | INFO     | [Worker_9224] Completed: CAI-ELQ - 10 results, 0 errors
2026-01-11 00:42:10 | INFO     | [Worker_9224] Processing: JED-ATZ
2026-01-11 00:42:10 | INFO     |   Tier 0: Range 2, Chunk 2/3 (9 days)
