2026-01-11 00:41:36 | INFO     | ======================================================================
2026-01-11 00:41:36 | INFO     | Load Factor Scraper Started - Route: CAI-GIZ
2026-01-11 00:41:36 | INFO     | Log file: D:\CODERED\LAB\Artifacts\outputs\run_generated_110126_at_00.36\logs\LF_CAI-GIZ_20260111_004136.log
2026-01-11 00:41:36 | INFO     | Enhanced logging: Capturing both logging.info() and print()
2026-01-11 00:41:36 | INFO     | ======================================================================
2026-01-11 00:41:36 | INFO     | Starting LF search for route: CAI-GIZ
2026-01-11 00:41:36 | INFO     | [START] LF Search
2026-01-11 00:41:37 | INFO     | [HEALTH CHECK] [OK] Chrome connection is healthy
2026-01-11 00:41:37 | INFO     | [DAY_START] Processing 28FEB
2026-01-11 00:41:37 | INFO     | [lf.day.start] Processing CAI-GIZ for 28FEB
2026-01-11 00:41:38 | INFO     | [lf.day.flights_found] Found 1 flights on 28FEB
2026-01-11 00:41:40 | INFO     | [lf.flight.extracted] SM329 on 28FEB: BKG=4, LF=2.2%
2026-01-11 00:41:43 | INFO     | [SUCCESS] Day 28FEB
2026-01-11 00:41:43 | INFO     | [DAY_START] Processing 27FEB
2026-01-11 00:41:43 | INFO     | [lf.day.start] Processing CAI-GIZ for 27FEB
2026-01-11 00:41:44 | WARNING  | [lf.day.no_flights] No direct flights on 27FEB
2026-01-11 00:41:44 | INFO     | [SUCCESS] Day 27FEB
2026-01-11 00:41:44 | INFO     | [DAY_START] Processing 26FEB
2026-01-11 00:41:44 | INFO     | [lf.day.start] Processing CAI-GIZ for 26FEB
2026-01-11 00:41:45 | INFO     | [lf.day.flights_found] Found 1 flights on 26FEB
2026-01-11 00:41:47 | INFO     | [lf.flight.extracted] SM329 on 26FEB: BKG=6, LF=3.4%
2026-01-11 00:41:49 | INFO     | [SUCCESS] Day 26FEB
2026-01-11 00:41:49 | INFO     | [DAY_START] Processing 25FEB
2026-01-11 00:41:49 | INFO     | [lf.day.start] Processing CAI-GIZ for 25FEB
2026-01-11 00:41:50 | WARNING  | [lf.day.no_flights] No direct flights on 25FEB
2026-01-11 00:41:50 | INFO     | [SUCCESS] Day 25FEB
2026-01-11 00:41:50 | INFO     | [DAY_START] Processing 24FEB
2026-01-11 00:41:50 | INFO     | [lf.day.start] Processing CAI-GIZ for 24FEB
2026-01-11 00:41:51 | WARNING  | [lf.day.no_flights] No direct flights on 24FEB
2026-01-11 00:41:51 | INFO     | [SUCCESS] Day 24FEB
2026-01-11 00:41:51 | INFO     | [DAY_START] Processing 23FEB
2026-01-11 00:41:51 | INFO     | [lf.day.start] Processing CAI-GIZ for 23FEB
2026-01-11 00:41:53 | WARNING  | [lf.day.no_flights] No direct flights on 23FEB
2026-01-11 00:41:53 | INFO     | [SUCCESS] Day 23FEB
2026-01-11 00:41:53 | INFO     | [DAY_START] Processing 22FEB
2026-01-11 00:41:53 | INFO     | [lf.day.start] Processing CAI-GIZ for 22FEB
2026-01-11 00:41:54 | WARNING  | [lf.day.no_flights] No direct flights on 22FEB
2026-01-11 00:41:54 | INFO     | [SUCCESS] Day 22FEB
2026-01-11 00:41:54 | INFO     | [DAY_START] Processing 21FEB
2026-01-11 00:41:54 | INFO     | [lf.day.start] Processing CAI-GIZ for 21FEB
2026-01-11 00:41:55 | INFO     | [lf.day.flights_found] Found 1 flights on 21FEB
2026-01-11 00:41:57 | INFO     | [lf.flight.extracted] SM329 on 21FEB: BKG=2, LF=1.1%
2026-01-11 00:41:59 | INFO     | [SUCCESS] Day 21FEB
2026-01-11 00:41:59 | INFO     | [DAY_START] Processing 20FEB
2026-01-11 00:41:59 | INFO     | [lf.day.start] Processing CAI-GIZ for 20FEB
2026-01-11 00:42:00 | WARNING  | [lf.day.no_flights] No direct flights on 20FEB
2026-01-11 00:42:00 | INFO     | [SUCCESS] Day 20FEB
2026-01-11 00:42:00 | INFO     | [DAY_START] Processing 19FEB
2026-01-11 00:42:00 | INFO     | [lf.day.start] Processing CAI-GIZ for 19FEB
2026-01-11 00:42:01 | INFO     | [lf.day.flights_found] Found 1 flights on 19FEB
2026-01-11 00:42:03 | INFO     | [lf.flight.extracted] SM329 on 19FEB: BKG=1, LF=0.6%
2026-01-11 00:42:06 | INFO     | [SUCCESS] Day 19FEB
2026-01-11 00:42:06 | INFO     | [SUCCESS] LF Search Complete
2026-01-11 00:42:08 | INFO     | [Worker_9226] Completed: CAI-GIZ - 10 results, 0 errors
2026-01-11 00:42:08 | INFO     | [Worker_9226] Processing: JED-CAI
2026-01-11 00:42:08 | INFO     |   Tier 0: Range 2, Chunk 2/3 (9 days)
