2026-01-11 00:46:25 | INFO     | ======================================================================
2026-01-11 00:46:25 | INFO     | Load Factor Scraper Started - Route: CAI-AHB
2026-01-11 00:46:25 | INFO     | Log file: D:\CODERED\LAB\Artifacts\outputs\run_generated_110126_at_00.36\logs\LF_CAI-AHB_20260111_004625.log
2026-01-11 00:46:25 | INFO     | Enhanced logging: Capturing both logging.info() and print()
2026-01-11 00:46:25 | INFO     | ======================================================================
2026-01-11 00:46:25 | INFO     | Starting LF search for route: CAI-AHB
2026-01-11 00:46:25 | INFO     | [START] LF Search
2026-01-11 00:46:26 | INFO     | [HEALTH CHECK] [OK] Chrome connection is healthy
2026-01-11 00:46:26 | INFO     | [DAY_START] Processing 18FEB
2026-01-11 00:46:26 | INFO     | [lf.day.start] Processing CAI-AHB for 18FEB
2026-01-11 00:46:27 | INFO     | [lf.day.flights_found] Found 1 flights on 18FEB
2026-01-11 00:46:30 | INFO     | [lf.flight.extracted] SM447 on 18FEB: BKG=2, LF=1.1%
2026-01-11 00:46:34 | INFO     | [SUCCESS] Day 18FEB
2026-01-11 00:46:34 | INFO     | [DAY_START] Processing 17FEB
2026-01-11 00:46:34 | INFO     | [lf.day.start] Processing CAI-AHB for 17FEB
2026-01-11 00:46:36 | WARNING  | [lf.day.no_flights] No direct flights on 17FEB
2026-01-11 00:46:36 | INFO     | [SUCCESS] Day 17FEB
2026-01-11 00:46:36 | INFO     | [DAY_START] Processing 16FEB
2026-01-11 00:46:36 | INFO     | [lf.day.start] Processing CAI-AHB for 16FEB
2026-01-11 00:46:38 | WARNING  | [lf.day.no_flights] No direct flights on 16FEB
2026-01-11 00:46:38 | INFO     | [SUCCESS] Day 16FEB
2026-01-11 00:46:38 | INFO     | [DAY_START] Processing 15FEB
2026-01-11 00:46:38 | INFO     | [lf.day.start] Processing CAI-AHB for 15FEB
2026-01-11 00:46:39 | WARNING  | [lf.day.no_flights] No direct flights on 15FEB
2026-01-11 00:46:39 | INFO     | [SUCCESS] Day 15FEB
2026-01-11 00:46:39 | INFO     | [DAY_START] Processing 14FEB
2026-01-11 00:46:39 | INFO     | [lf.day.start] Processing CAI-AHB for 14FEB
2026-01-11 00:46:40 | INFO     | [lf.day.flights_found] Found 1 flights on 14FEB
2026-01-11 00:46:42 | INFO     | [lf.flight.extracted] SM443 on 14FEB: BKG=15, LF=8.4%
2026-01-11 00:46:45 | INFO     | [SUCCESS] Day 14FEB
2026-01-11 00:46:45 | INFO     | [DAY_START] Processing 13FEB
2026-01-11 00:46:45 | INFO     | [lf.day.start] Processing CAI-AHB for 13FEB
2026-01-11 00:46:46 | WARNING  | [lf.day.no_flights] No direct flights on 13FEB
2026-01-11 00:46:46 | INFO     | [SUCCESS] Day 13FEB
2026-01-11 00:46:46 | INFO     | [DAY_START] Processing 12FEB
2026-01-11 00:46:46 | INFO     | [lf.day.start] Processing CAI-AHB for 12FEB
2026-01-11 00:46:47 | INFO     | [lf.day.flights_found] Found 1 flights on 12FEB
2026-01-11 00:46:49 | INFO     | [lf.flight.extracted] SM443 on 12FEB: BKG=12, LF=6.7%
2026-01-11 00:46:52 | INFO     | [SUCCESS] Day 12FEB
2026-01-11 00:46:52 | INFO     | [DAY_START] Processing 11FEB
2026-01-11 00:46:52 | INFO     | [lf.day.start] Processing CAI-AHB for 11FEB
2026-01-11 00:46:53 | INFO     | [lf.day.flights_found] Found 1 flights on 11FEB
2026-01-11 00:46:56 | INFO     | [lf.flight.extracted] SM447 on 11FEB: BKG=4, LF=2.3%
2026-01-11 00:47:01 | INFO     | [SUCCESS] Day 11FEB
2026-01-11 00:47:01 | INFO     | [DAY_START] Processing 10FEB
2026-01-11 00:47:01 | INFO     | [lf.day.start] Processing CAI-AHB for 10FEB
2026-01-11 00:47:02 | WARNING  | [lf.day.no_flights] No direct flights on 10FEB
2026-01-11 00:47:02 | INFO     | [SUCCESS] Day 10FEB
2026-01-11 00:47:02 | INFO     | [SUCCESS] LF Search Complete
2026-01-11 00:47:04 | INFO     | [Worker_9223] Completed: CAI-AHB - 9 results, 0 errors
2026-01-11 00:47:04 | INFO     | [Worker_9223] Processing: MED-HBE
2026-01-11 00:47:04 | INFO     |   Tier 0: Range 2, Chunk 3/3 (9 days)
