2026-01-11 00:57:00 | INFO     | ======================================================================
2026-01-11 00:57:00 | INFO     | Load Factor Scraper Started - Route: CAI-AHB
2026-01-11 00:57:00 | INFO     | Log file: D:\CODERED\LAB\Artifacts\outputs\run_generated_110126_at_00.36\logs\LF_CAI-AHB_20260111_005700.log
2026-01-11 00:57:00 | INFO     | Enhanced logging: Capturing both logging.info() and print()
2026-01-11 00:57:00 | INFO     | ======================================================================
2026-01-11 00:57:00 | INFO     | Starting LF search for route: CAI-AHB
2026-01-11 00:57:00 | INFO     | [START] LF Search
2026-01-11 00:57:02 | INFO     | [HEALTH CHECK] [OK] Chrome connection is healthy
2026-01-11 00:57:02 | INFO     | [DAY_START] Processing 31JAN
2026-01-11 00:57:02 | INFO     | [lf.day.start] Processing CAI-AHB for 31JAN
2026-01-11 00:57:03 | INFO     | [lf.day.flights_found] Found 1 flights on 31JAN
2026-01-11 00:57:05 | INFO     | [lf.flight.extracted] SM443 on 31JAN: BKG=73, LF=41.5%
2026-01-11 00:57:11 | INFO     | [SUCCESS] Day 31JAN
2026-01-11 00:57:11 | INFO     | [DAY_START] Processing 30JAN
2026-01-11 00:57:11 | INFO     | [lf.day.start] Processing CAI-AHB for 30JAN
2026-01-11 00:57:12 | WARNING  | [lf.day.no_flights] No direct flights on 30JAN
2026-01-11 00:57:12 | INFO     | [SUCCESS] Day 30JAN
2026-01-11 00:57:12 | INFO     | [DAY_START] Processing 29JAN
2026-01-11 00:57:12 | INFO     | [lf.day.start] Processing CAI-AHB for 29JAN
2026-01-11 00:57:13 | INFO     | [lf.day.flights_found] Found 1 flights on 29JAN
2026-01-11 00:57:15 | INFO     | [lf.flight.extracted] SM443 on 29JAN: BKG=53, LF=29.6%
2026-01-11 00:57:20 | INFO     | [SUCCESS] Day 29JAN
2026-01-11 00:57:20 | INFO     | [DAY_START] Processing 28JAN
2026-01-11 00:57:20 | INFO     | [lf.day.start] Processing CAI-AHB for 28JAN
2026-01-11 00:57:21 | INFO     | [lf.day.flights_found] Found 1 flights on 28JAN
2026-01-11 00:57:23 | INFO     | [lf.flight.extracted] SM447 on 28JAN: BKG=59, LF=33.0%
2026-01-11 00:57:28 | INFO     | [SUCCESS] Day 28JAN
2026-01-11 00:57:28 | INFO     | [DAY_START] Processing 27JAN
2026-01-11 00:57:28 | INFO     | [lf.day.start] Processing CAI-AHB for 27JAN
2026-01-11 00:57:29 | WARNING  | [lf.day.no_flights] No direct flights on 27JAN
2026-01-11 00:57:29 | INFO     | [SUCCESS] Day 27JAN
2026-01-11 00:57:29 | INFO     | [DAY_START] Processing 26JAN
2026-01-11 00:57:29 | INFO     | [lf.day.start] Processing CAI-AHB for 26JAN
2026-01-11 00:57:30 | WARNING  | [lf.day.no_flights] No direct flights on 26JAN
2026-01-11 00:57:30 | INFO     | [SUCCESS] Day 26JAN
2026-01-11 00:57:30 | INFO     | [DAY_START] Processing 25JAN
2026-01-11 00:57:30 | INFO     | [lf.day.start] Processing CAI-AHB for 25JAN
2026-01-11 00:57:31 | WARNING  | [lf.day.no_flights] No direct flights on 25JAN
2026-01-11 00:57:31 | INFO     | [SUCCESS] Day 25JAN
2026-01-11 00:57:31 | INFO     | [DAY_START] Processing 24JAN
2026-01-11 00:57:31 | INFO     | [lf.day.start] Processing CAI-AHB for 24JAN
2026-01-11 00:57:32 | INFO     | [lf.day.flights_found] Found 1 flights on 24JAN
2026-01-11 00:57:35 | INFO     | [lf.flight.extracted] SM443 on 24JAN: BKG=81, LF=45.2%
2026-01-11 00:57:40 | INFO     | [SUCCESS] Day 24JAN
2026-01-11 00:57:40 | INFO     | [DAY_START] Processing 23JAN
2026-01-11 00:57:40 | INFO     | [lf.day.start] Processing CAI-AHB for 23JAN
2026-01-11 00:57:41 | WARNING  | [lf.day.no_flights] No direct flights on 23JAN
2026-01-11 00:57:41 | INFO     | [SUCCESS] Day 23JAN
2026-01-11 00:57:41 | INFO     | [DAY_START] Processing 22JAN
2026-01-11 00:57:41 | INFO     | [lf.day.start] Processing CAI-AHB for 22JAN
2026-01-11 00:57:42 | INFO     | [lf.day.flights_found] Found 1 flights on 22JAN
2026-01-11 00:57:44 | INFO     | [lf.flight.extracted] SM443 on 22JAN: BKG=84, LF=46.9%
2026-01-11 00:58:19 | INFO     | [SUCCESS] Day 22JAN
2026-01-11 00:58:19 | INFO     | [DAY_START] Processing 21JAN
2026-01-11 00:58:19 | INFO     | [lf.day.start] Processing CAI-AHB for 21JAN
2026-01-11 00:58:20 | INFO     | [lf.day.flights_found] Found 1 flights on 21JAN
2026-01-11 00:58:23 | INFO     | [lf.flight.extracted] SM447 on 21JAN: BKG=110, LF=62.5%
2026-01-11 00:58:29 | INFO     | [SUCCESS] Day 21JAN
2026-01-11 00:58:29 | INFO     | [SUCCESS] LF Search Complete
2026-01-11 00:58:31 | INFO     | [Worker_9224] Completed: CAI-AHB - 11 results, 0 errors
2026-01-11 00:58:31 | INFO     | [Worker_9224] Processing: MED-HBE
2026-01-11 00:58:31 | INFO     |   Tier 0: Range 1, Chunk 2/2 (10 days)
