2026-01-11 00:44:56 | INFO     | ======================================================================
2026-01-11 00:44:56 | INFO     | Load Factor Scraper Started - Route: CAI-JED
2026-01-11 00:44:56 | INFO     | Log file: D:\CODERED\LAB\Artifacts\outputs\run_generated_110126_at_00.36\logs\LF_CAI-JED_20260111_004456.log
2026-01-11 00:44:56 | INFO     | Enhanced logging: Capturing both logging.info() and print()
2026-01-11 00:44:56 | INFO     | ======================================================================
2026-01-11 00:44:56 | INFO     | Starting LF search for route: CAI-JED
2026-01-11 00:44:56 | INFO     | [START] LF Search
2026-01-11 00:44:57 | INFO     | [HEALTH CHECK] [OK] Chrome connection is healthy
2026-01-11 00:44:57 | INFO     | [DAY_START] Processing 18FEB
2026-01-11 00:44:57 | INFO     | [lf.day.start] Processing CAI-JED for 18FEB
2026-01-11 00:44:58 | INFO     | [lf.day.flights_found] Found 6 flights on 18FEB
2026-01-11 00:45:00 | INFO     | [lf.flight.extracted] SM423 on 18FEB: BKG=148, LF=84.1%
2026-01-11 00:45:03 | INFO     | [lf.flight.extracted] SM475 on 18FEB: BKG=152, LF=84.9%
2026-01-11 00:45:07 | INFO     | [lf.flight.extracted] SM459 on 18FEB: BKG=146, LF=81.6%
2026-01-11 00:45:10 | INFO     | [lf.flight.extracted] SM477 on 18FEB: BKG=152, LF=84.9%
2026-01-11 00:45:13 | INFO     | [lf.flight.extracted] SM955 on 18FEB: BKG=170, LF=95.0%
2026-01-11 00:45:16 | INFO     | [lf.flight.extracted] SM471 on 18FEB: BKG=135, LF=75.4%
2026-01-11 00:45:26 | INFO     | [SUCCESS] Day 18FEB
2026-01-11 00:45:26 | INFO     | [DAY_START] Processing 17FEB
2026-01-11 00:45:26 | INFO     | [lf.day.start] Processing CAI-JED for 17FEB
2026-01-11 00:45:27 | INFO     | [lf.day.flights_found] Found 8 flights on 17FEB
2026-01-11 00:45:29 | INFO     | [lf.flight.extracted] SM471 on 17FEB: BKG=156, LF=87.2%
2026-01-11 00:45:32 | INFO     | [lf.flight.extracted] SM975 on 17FEB: BKG=180, LF=100.6%
2026-01-11 00:45:36 | INFO     | [lf.flight.extracted] SM479 on 17FEB: BKG=160, LF=89.4%
2026-01-11 00:45:39 | INFO     | [lf.flight.extracted] SM477 on 17FEB: BKG=158, LF=88.3%
2026-01-11 00:45:42 | INFO     | [lf.flight.extracted] SM459 on 17FEB: BKG=153, LF=86.9%
2026-01-11 00:45:46 | INFO     | [lf.flight.extracted] SM423 on 17FEB: BKG=159, LF=88.8%
2026-01-11 00:45:49 | INFO     | [lf.flight.extracted] SM475 on 17FEB: BKG=163, LF=91.1%
2026-01-11 00:45:52 | INFO     | [lf.flight.extracted] SM2463 on 17FEB: BKG=175, LF=97.2%
2026-01-11 00:46:12 | INFO     | [SUCCESS] Day 17FEB
2026-01-11 00:46:12 | INFO     | [DAY_START] Processing 16FEB
2026-01-11 00:46:12 | INFO     | [lf.day.start] Processing CAI-JED for 16FEB
2026-01-11 00:46:13 | INFO     | [lf.day.flights_found] Found 5 flights on 16FEB
2026-01-11 00:46:14 | INFO     | [lf.flight.extracted] SM2453 on 16FEB: BKG=0, LF=0.0%
2026-01-11 00:46:18 | INFO     | [lf.flight.extracted] SM475 on 16FEB: BKG=173, LF=96.7%
2026-01-11 00:46:21 | INFO     | [lf.flight.extracted] SM477 on 16FEB: BKG=165, LF=92.2%
2026-01-11 00:46:24 | INFO     | [lf.flight.extracted] SM459 on 16FEB: BKG=169, LF=94.4%
2026-01-11 00:46:28 | INFO     | [lf.flight.extracted] SM977 on 16FEB: BKG=170, LF=95.0%
2026-01-11 00:46:42 | INFO     | [SUCCESS] Day 16FEB
2026-01-11 00:46:42 | INFO     | [DAY_START] Processing 15FEB
2026-01-11 00:46:42 | INFO     | [lf.day.start] Processing CAI-JED for 15FEB
2026-01-11 00:46:43 | INFO     | [lf.day.flights_found] Found 6 flights on 15FEB
2026-01-11 00:46:45 | INFO     | [lf.flight.extracted] SM475 on 15FEB: BKG=157, LF=87.7%
2026-01-11 00:46:49 | INFO     | [lf.flight.extracted] SM431 on 15FEB: BKG=157, LF=87.7%
2026-01-11 00:46:52 | INFO     | [lf.flight.extracted] SM459 on 15FEB: BKG=156, LF=87.2%
2026-01-11 00:46:57 | INFO     | [lf.flight.extracted] SM477 on 15FEB: BKG=165, LF=93.8%
2026-01-11 00:47:01 | INFO     | [lf.flight.extracted] SM975 on 15FEB: BKG=170, LF=95.0%
2026-01-11 00:47:05 | INFO     | [lf.flight.extracted] SM479 on 15FEB: BKG=155, LF=86.6%
2026-01-11 00:47:20 | INFO     | [SUCCESS] Day 15FEB
2026-01-11 00:47:20 | INFO     | [DAY_START] Processing 14FEB
2026-01-11 00:47:20 | INFO     | [lf.day.start] Processing CAI-JED for 14FEB
2026-01-11 00:47:21 | INFO     | [lf.day.flights_found] Found 5 flights on 14FEB
2026-01-11 00:47:23 | INFO     | [lf.flight.extracted] SM449 on 14FEB: BKG=141, LF=78.8%
2026-01-11 00:47:26 | INFO     | [lf.flight.extracted] SM475 on 14FEB: BKG=162, LF=92.0%
2026-01-11 00:47:29 | INFO     | [lf.flight.extracted] SM977 on 14FEB: BKG=170, LF=95.0%
2026-01-11 00:47:33 | INFO     | [lf.flight.extracted] SM477 on 14FEB: BKG=177, LF=98.9%
2026-01-11 00:47:36 | INFO     | [lf.flight.extracted] SM423 on 14FEB: BKG=156, LF=87.2%
2026-01-11 00:47:48 | INFO     | [SUCCESS] Day 14FEB
2026-01-11 00:47:48 | INFO     | [DAY_START] Processing 13FEB
2026-01-11 00:47:48 | INFO     | [lf.day.start] Processing CAI-JED for 13FEB
2026-01-11 00:47:49 | INFO     | [lf.day.flights_found] Found 6 flights on 13FEB
2026-01-11 00:47:51 | INFO     | [lf.flight.extracted] SM475 on 13FEB: BKG=188, LF=105.0%
2026-01-11 00:47:54 | INFO     | [lf.flight.extracted] SM477 on 13FEB: BKG=185, LF=103.4%
2026-01-11 00:47:57 | INFO     | [lf.flight.extracted] SM479 on 13FEB: BKG=154, LF=87.5%
2026-01-11 00:48:00 | INFO     | [lf.flight.extracted] SM471 on 13FEB: BKG=190, LF=106.2%
2026-01-11 00:48:04 | INFO     | [lf.flight.extracted] SM459 on 13FEB: BKG=162, LF=90.5%
2026-01-11 00:48:07 | INFO     | [lf.flight.extracted] SM975 on 13FEB: BKG=180, LF=100.6%
2026-01-11 00:48:20 | INFO     | [SUCCESS] Day 13FEB
2026-01-11 00:48:20 | INFO     | [DAY_START] Processing 12FEB
2026-01-11 00:48:20 | INFO     | [lf.day.start] Processing CAI-JED for 12FEB
2026-01-11 00:48:21 | INFO     | [lf.day.flights_found] Found 6 flights on 12FEB
2026-01-11 00:48:23 | INFO     | [lf.flight.extracted] SM449 on 12FEB: BKG=177, LF=98.9%
2026-01-11 00:48:26 | INFO     | [lf.flight.extracted] SM475 on 12FEB: BKG=156, LF=87.2%
2026-01-11 00:48:29 | INFO     | [lf.flight.extracted] SM431 on 12FEB: BKG=188, LF=105.0%
2026-01-11 00:48:32 | INFO     | [lf.flight.extracted] SM477 on 12FEB: BKG=180, LF=100.6%
2026-01-11 00:48:36 | INFO     | [lf.flight.extracted] SM479 on 12FEB: BKG=164, LF=91.6%
2026-01-11 00:48:40 | INFO     | [lf.flight.extracted] SM423 on 12FEB: BKG=180, LF=102.3%
2026-01-11 00:48:52 | INFO     | [SUCCESS] Day 12FEB
2026-01-11 00:48:52 | INFO     | [DAY_START] Processing 11FEB
2026-01-11 00:48:52 | INFO     | [lf.day.start] Processing CAI-JED for 11FEB
2026-01-11 00:48:53 | INFO     | [lf.day.flights_found] Found 5 flights on 11FEB
2026-01-11 00:48:55 | INFO     | [lf.flight.extracted] SM423 on 11FEB: BKG=186, LF=103.9%
2026-01-11 00:48:58 | INFO     | [lf.flight.extracted] SM475 on 11FEB: BKG=187, LF=104.5%
2026-01-11 00:49:01 | INFO     | [lf.flight.extracted] SM459 on 11FEB: BKG=184, LF=102.8%
2026-01-11 00:49:04 | INFO     | [lf.flight.extracted] SM477 on 11FEB: BKG=177, LF=98.9%
2026-01-11 00:49:08 | INFO     | [lf.flight.extracted] SM471 on 11FEB: BKG=171, LF=95.5%
2026-01-11 00:49:19 | INFO     | [SUCCESS] Day 11FEB
2026-01-11 00:49:19 | INFO     | [DAY_START] Processing 10FEB
2026-01-11 00:49:19 | INFO     | [lf.day.start] Processing CAI-JED for 10FEB
2026-01-11 00:49:20 | INFO     | [lf.day.flights_found] Found 6 flights on 10FEB
2026-01-11 00:49:22 | INFO     | [lf.flight.extracted] SM971 on 10FEB: BKG=180, LF=100.6%
2026-01-11 00:49:25 | INFO     | [lf.flight.extracted] SM2485 on 10FEB: BKG=175, LF=97.2%
2026-01-11 00:49:28 | INFO     | [lf.flight.extracted] SM477 on 10FEB: BKG=192, LF=107.3%
2026-01-11 00:49:32 | INFO     | [lf.flight.extracted] SM459 on 10FEB: BKG=191, LF=106.7%
2026-01-11 00:49:35 | INFO     | [lf.flight.extracted] SM423 on 10FEB: BKG=154, LF=86.0%
2026-01-11 00:49:38 | INFO     | [lf.flight.extracted] SM475 on 10FEB: BKG=153, LF=85.5%
2026-01-11 00:49:51 | INFO     | [SUCCESS] Day 10FEB
2026-01-11 00:49:51 | INFO     | [SUCCESS] LF Search Complete
2026-01-11 00:49:53 | INFO     | [Worker_9232] Completed: CAI-JED - 9 results, 0 errors
2026-01-11 00:49:53 | INFO     | [Worker_9232] Processing: LXR-JED
2026-01-11 00:49:53 | INFO     |   Tier 0: Range 2, Chunk 3/3 (9 days)
