2026-01-11 00:57:28 | INFO     | ======================================================================
2026-01-11 00:57:28 | INFO     | Load Factor Scraper Started - Route: CAI-ELQ
2026-01-11 00:57:28 | INFO     | Log file: D:\CODERED\LAB\Artifacts\outputs\run_generated_110126_at_00.36\logs\LF_CAI-ELQ_20260111_005728.log
2026-01-11 00:57:28 | INFO     | Enhanced logging: Capturing both logging.info() and print()
2026-01-11 00:57:28 | INFO     | ======================================================================
2026-01-11 00:57:28 | INFO     | Starting LF search for route: CAI-ELQ
2026-01-11 00:57:28 | INFO     | [START] LF Search
2026-01-11 00:57:30 | INFO     | [HEALTH CHECK] [OK] Chrome connection is healthy
2026-01-11 00:57:30 | INFO     | [DAY_START] Processing 31JAN
2026-01-11 00:57:30 | INFO     | [lf.day.start] Processing CAI-ELQ for 31JAN
2026-01-11 00:57:31 | WARNING  | [lf.day.no_flights] No direct flights on 31JAN
2026-01-11 00:57:31 | INFO     | [SUCCESS] Day 31JAN
2026-01-11 00:57:31 | INFO     | [DAY_START] Processing 30JAN
2026-01-11 00:57:31 | INFO     | [lf.day.start] Processing CAI-ELQ for 30JAN
2026-01-11 00:57:32 | INFO     | [lf.day.flights_found] Found 1 flights on 30JAN
2026-01-11 00:57:34 | INFO     | [lf.flight.extracted] SM427 on 30JAN: BKG=28, LF=15.6%
2026-01-11 00:57:38 | INFO     | [SUCCESS] Day 30JAN
2026-01-11 00:57:38 | INFO     | [DAY_START] Processing 29JAN
2026-01-11 00:57:38 | INFO     | [lf.day.start] Processing CAI-ELQ for 29JAN
2026-01-11 00:57:40 | INFO     | [lf.day.flights_found] Found 1 flights on 29JAN
2026-01-11 00:57:42 | INFO     | [lf.flight.extracted] SM427 on 29JAN: BKG=31, LF=17.6%
2026-01-11 00:57:45 | INFO     | [SUCCESS] Day 29JAN
2026-01-11 00:57:45 | INFO     | [DAY_START] Processing 28JAN
2026-01-11 00:57:45 | INFO     | [lf.day.start] Processing CAI-ELQ for 28JAN
2026-01-11 00:57:47 | WARNING  | [lf.day.no_flights] No direct flights on 28JAN
2026-01-11 00:57:47 | INFO     | [SUCCESS] Day 28JAN
2026-01-11 00:57:47 | INFO     | [DAY_START] Processing 27JAN
2026-01-11 00:57:47 | INFO     | [lf.day.start] Processing CAI-ELQ for 27JAN
2026-01-11 00:58:05 | WARNING  | [lf.day.no_flights] No direct flights on 27JAN
2026-01-11 00:58:05 | INFO     | [SUCCESS] Day 27JAN
2026-01-11 00:58:05 | INFO     | [DAY_START] Processing 26JAN
2026-01-11 00:58:05 | INFO     | [lf.day.start] Processing CAI-ELQ for 26JAN
2026-01-11 00:58:16 | WARNING  | [lf.day.no_flights] No direct flights on 26JAN
2026-01-11 00:58:16 | INFO     | [SUCCESS] Day 26JAN
2026-01-11 00:58:16 | INFO     | [DAY_START] Processing 25JAN
2026-01-11 00:58:16 | INFO     | [lf.day.start] Processing CAI-ELQ for 25JAN
2026-01-11 00:58:18 | INFO     | [lf.day.flights_found] Found 1 flights on 25JAN
2026-01-11 00:58:21 | INFO     | [lf.flight.extracted] SM427 on 25JAN: BKG=54, LF=30.2%
2026-01-11 00:58:25 | INFO     | [SUCCESS] Day 25JAN
2026-01-11 00:58:25 | INFO     | [DAY_START] Processing 24JAN
2026-01-11 00:58:25 | INFO     | [lf.day.start] Processing CAI-ELQ for 24JAN
2026-01-11 00:58:27 | WARNING  | [lf.day.no_flights] No direct flights on 24JAN
2026-01-11 00:58:27 | INFO     | [SUCCESS] Day 24JAN
2026-01-11 00:58:27 | INFO     | [DAY_START] Processing 23JAN
2026-01-11 00:58:27 | INFO     | [lf.day.start] Processing CAI-ELQ for 23JAN
2026-01-11 00:58:28 | INFO     | [lf.day.flights_found] Found 1 flights on 23JAN
2026-01-11 00:58:31 | INFO     | [lf.flight.extracted] SM427 on 23JAN: BKG=92, LF=51.4%
2026-01-11 00:58:36 | INFO     | [SUCCESS] Day 23JAN
2026-01-11 00:58:36 | INFO     | [DAY_START] Processing 22JAN
2026-01-11 00:58:36 | INFO     | [lf.day.start] Processing CAI-ELQ for 22JAN
2026-01-11 00:58:38 | INFO     | [lf.day.flights_found] Found 1 flights on 22JAN
2026-01-11 00:58:40 | INFO     | [lf.flight.extracted] SM427 on 22JAN: BKG=107, LF=60.8%
2026-01-11 00:58:45 | INFO     | [SUCCESS] Day 22JAN
2026-01-11 00:58:45 | INFO     | [DAY_START] Processing 21JAN
2026-01-11 00:58:45 | INFO     | [lf.day.start] Processing CAI-ELQ for 21JAN
2026-01-11 00:58:47 | WARNING  | [lf.day.no_flights] No direct flights on 21JAN
2026-01-11 00:58:47 | INFO     | [SUCCESS] Day 21JAN
2026-01-11 00:58:47 | INFO     | [SUCCESS] LF Search Complete
2026-01-11 00:58:49 | INFO     | [Worker_9222] Completed: CAI-ELQ - 11 results, 0 errors
2026-01-11 00:58:49 | INFO     | [Worker_9222] Processing: JED-LXR
2026-01-11 00:58:49 | INFO     |   Tier 0: Range 1, Chunk 2/2 (10 days)
