2026-01-11 01:02:40 | INFO     | ======================================================================
2026-01-11 01:02:40 | INFO     | Load Factor Scraper Started - Route: CAI-DMM
2026-01-11 01:02:40 | INFO     | Log file: D:\CODERED\LAB\Artifacts\outputs\run_generated_110126_at_00.36\logs\LF_CAI-DMM_20260111_010240.log
2026-01-11 01:02:40 | INFO     | Enhanced logging: Capturing both logging.info() and print()
2026-01-11 01:02:40 | INFO     | ======================================================================
2026-01-11 01:02:40 | INFO     | Starting LF search for route: CAI-DMM
2026-01-11 01:02:40 | INFO     | [START] LF Search
2026-01-11 01:02:41 | INFO     | [HEALTH CHECK] [OK] Chrome connection is healthy
2026-01-11 01:02:41 | INFO     | [DAY_START] Processing 20JAN
2026-01-11 01:02:41 | INFO     | [lf.day.start] Processing CAI-DMM for 20JAN
2026-01-11 01:02:42 | INFO     | [lf.day.flights_found] Found 1 flights on 20JAN
2026-01-11 01:02:45 | INFO     | [lf.flight.extracted] SM433 on 20JAN: BKG=129, LF=72.1%
2026-01-11 01:02:51 | INFO     | [SUCCESS] Day 20JAN
2026-01-11 01:02:51 | INFO     | [DAY_START] Processing 19JAN
2026-01-11 01:02:51 | INFO     | [lf.day.start] Processing CAI-DMM for 19JAN
2026-01-11 01:02:52 | WARNING  | [lf.day.no_flights] No direct flights on 19JAN
2026-01-11 01:02:52 | INFO     | [SUCCESS] Day 19JAN
2026-01-11 01:02:52 | INFO     | [DAY_START] Processing 18JAN
2026-01-11 01:02:52 | INFO     | [lf.day.start] Processing CAI-DMM for 18JAN
2026-01-11 01:02:53 | WARNING  | [lf.day.no_flights] No direct flights on 18JAN
2026-01-11 01:02:53 | INFO     | [SUCCESS] Day 18JAN
2026-01-11 01:02:53 | INFO     | [DAY_START] Processing 17JAN
2026-01-11 01:02:53 | INFO     | [lf.day.start] Processing CAI-DMM for 17JAN
2026-01-11 01:02:54 | INFO     | [lf.day.flights_found] Found 1 flights on 17JAN
2026-01-11 01:02:56 | INFO     | [lf.flight.extracted] SM433 on 17JAN: BKG=108, LF=60.3%
2026-01-11 01:03:02 | INFO     | [SUCCESS] Day 17JAN
2026-01-11 01:03:02 | INFO     | [DAY_START] Processing 16JAN
2026-01-11 01:03:02 | INFO     | [lf.day.start] Processing CAI-DMM for 16JAN
2026-01-11 01:03:03 | INFO     | [lf.day.flights_found] Found 1 flights on 16JAN
2026-01-11 01:03:05 | INFO     | [lf.flight.extracted] SM433 on 16JAN: BKG=122, LF=68.2%
2026-01-11 01:03:10 | INFO     | [SUCCESS] Day 16JAN
2026-01-11 01:03:10 | INFO     | [DAY_START] Processing 15JAN
2026-01-11 01:03:10 | INFO     | [lf.day.start] Processing CAI-DMM for 15JAN
2026-01-11 01:03:11 | INFO     | [lf.day.flights_found] Found 1 flights on 15JAN
2026-01-11 01:03:13 | INFO     | [lf.flight.extracted] SM433 on 15JAN: BKG=119, LF=66.5%
2026-01-11 01:03:19 | INFO     | [SUCCESS] Day 15JAN
2026-01-11 01:03:19 | INFO     | [DAY_START] Processing 14JAN
2026-01-11 01:03:19 | INFO     | [lf.day.start] Processing CAI-DMM for 14JAN
2026-01-11 01:03:21 | WARNING  | [lf.day.no_flights] No direct flights on 14JAN
2026-01-11 01:03:21 | INFO     | [SUCCESS] Day 14JAN
2026-01-11 01:03:21 | INFO     | [DAY_START] Processing 13JAN
2026-01-11 01:03:21 | INFO     | [lf.day.start] Processing CAI-DMM for 13JAN
2026-01-11 01:03:22 | INFO     | [lf.day.flights_found] Found 1 flights on 13JAN
2026-01-11 01:03:24 | INFO     | [lf.flight.extracted] SM433 on 13JAN: BKG=140, LF=78.2%
2026-01-11 01:03:30 | INFO     | [SUCCESS] Day 13JAN
2026-01-11 01:03:30 | INFO     | [DAY_START] Processing 12JAN
2026-01-11 01:03:30 | INFO     | [lf.day.start] Processing CAI-DMM for 12JAN
2026-01-11 01:03:31 | WARNING  | [lf.day.no_flights] No direct flights on 12JAN
2026-01-11 01:03:31 | INFO     | [SUCCESS] Day 12JAN
2026-01-11 01:03:31 | INFO     | [SUCCESS] LF Search Complete
2026-01-11 01:03:33 | INFO     | [Worker_9234] Completed: CAI-DMM - 9 results, 0 errors
2026-01-11 01:03:33 | INFO     | [Worker_9234] Processing: ATZ-AJF
2026-01-11 01:03:33 | INFO     |   Tier 0: Range 1, Chunk 2/2 (10 days)
