2026-01-11 00:46:24 | INFO     | ======================================================================
2026-01-11 00:46:24 | INFO     | Load Factor Scraper Started - Route: CAI-YNB
2026-01-11 00:46:24 | INFO     | Log file: D:\CODERED\LAB\Artifacts\outputs\run_generated_110126_at_00.36\logs\LF_CAI-YNB_20260111_004624.log
2026-01-11 00:46:24 | INFO     | Enhanced logging: Capturing both logging.info() and print()
2026-01-11 00:46:24 | INFO     | ======================================================================
2026-01-11 00:46:24 | INFO     | Starting LF search for route: CAI-YNB
2026-01-11 00:46:24 | INFO     | [START] LF Search
2026-01-11 00:46:25 | INFO     | [HEALTH CHECK] [OK] Chrome connection is healthy
2026-01-11 00:46:25 | INFO     | [DAY_START] Processing 18FEB
2026-01-11 00:46:25 | INFO     | [lf.day.start] Processing CAI-YNB for 18FEB
2026-01-11 00:46:26 | INFO     | [lf.day.flights_found] Found 2 flights on 18FEB
2026-01-11 00:46:29 | INFO     | [lf.flight.extracted] SM941 on 18FEB: BKG=170, LF=95.0%
2026-01-11 00:46:34 | INFO     | [lf.flight.extracted] SM441 on 18FEB: BKG=138, LF=77.1%
2026-01-11 00:46:40 | INFO     | [SUCCESS] Day 18FEB
2026-01-11 00:46:40 | INFO     | [DAY_START] Processing 17FEB
2026-01-11 00:46:40 | INFO     | [lf.day.start] Processing CAI-YNB for 17FEB
2026-01-11 00:46:41 | INFO     | [lf.day.flights_found] Found 2 flights on 17FEB
2026-01-11 00:46:43 | INFO     | [lf.flight.extracted] SM933 on 17FEB: BKG=0, LF=0.0%
2026-01-11 00:46:47 | INFO     | [lf.flight.extracted] SM441 on 17FEB: BKG=139, LF=79.0%
2026-01-11 00:46:49 | INFO     | [SUCCESS] Day 17FEB
2026-01-11 00:46:49 | INFO     | [DAY_START] Processing 16FEB
2026-01-11 00:46:49 | INFO     | [lf.day.start] Processing CAI-YNB for 16FEB
2026-01-11 00:46:50 | INFO     | [lf.day.flights_found] Found 2 flights on 16FEB
2026-01-11 00:46:52 | INFO     | [lf.flight.extracted] SM931 on 16FEB: BKG=0, LF=0.0%
2026-01-11 00:46:57 | INFO     | [lf.flight.extracted] SM441 on 16FEB: BKG=139, LF=77.6%
2026-01-11 00:47:01 | INFO     | [SUCCESS] Day 16FEB
2026-01-11 00:47:01 | INFO     | [DAY_START] Processing 15FEB
2026-01-11 00:47:01 | INFO     | [lf.day.start] Processing CAI-YNB for 15FEB
2026-01-11 00:47:02 | INFO     | [lf.day.flights_found] Found 1 flights on 15FEB
2026-01-11 00:47:05 | INFO     | [lf.flight.extracted] SM441 on 15FEB: BKG=140, LF=79.5%
2026-01-11 00:47:07 | INFO     | [SUCCESS] Day 15FEB
2026-01-11 00:47:07 | INFO     | [DAY_START] Processing 14FEB
2026-01-11 00:47:07 | INFO     | [lf.day.start] Processing CAI-YNB for 14FEB
2026-01-11 00:47:08 | INFO     | [lf.day.flights_found] Found 1 flights on 14FEB
2026-01-11 00:47:10 | INFO     | [lf.flight.extracted] SM441 on 14FEB: BKG=148, LF=82.7%
2026-01-11 00:47:13 | INFO     | [SUCCESS] Day 14FEB
2026-01-11 00:47:13 | INFO     | [DAY_START] Processing 13FEB
2026-01-11 00:47:13 | INFO     | [lf.day.start] Processing CAI-YNB for 13FEB
2026-01-11 00:47:14 | INFO     | [lf.day.flights_found] Found 1 flights on 13FEB
2026-01-11 00:47:16 | INFO     | [lf.flight.extracted] SM441 on 13FEB: BKG=143, LF=79.9%
2026-01-11 00:47:19 | INFO     | [SUCCESS] Day 13FEB
2026-01-11 00:47:19 | INFO     | [DAY_START] Processing 12FEB
2026-01-11 00:47:19 | INFO     | [lf.day.start] Processing CAI-YNB for 12FEB
2026-01-11 00:47:20 | INFO     | [lf.day.flights_found] Found 1 flights on 12FEB
2026-01-11 00:47:22 | INFO     | [lf.flight.extracted] SM441 on 12FEB: BKG=140, LF=78.2%
2026-01-11 00:47:25 | INFO     | [SUCCESS] Day 12FEB
2026-01-11 00:47:25 | INFO     | [DAY_START] Processing 11FEB
2026-01-11 00:47:25 | INFO     | [lf.day.start] Processing CAI-YNB for 11FEB
2026-01-11 00:47:26 | INFO     | [lf.day.flights_found] Found 1 flights on 11FEB
2026-01-11 00:47:28 | INFO     | [lf.flight.extracted] SM441 on 11FEB: BKG=147, LF=82.1%
2026-01-11 00:47:30 | INFO     | [SUCCESS] Day 11FEB
2026-01-11 00:47:30 | INFO     | [DAY_START] Processing 10FEB
2026-01-11 00:47:30 | INFO     | [lf.day.start] Processing CAI-YNB for 10FEB
2026-01-11 00:47:32 | INFO     | [lf.day.flights_found] Found 1 flights on 10FEB
2026-01-11 00:47:34 | INFO     | [lf.flight.extracted] SM441 on 10FEB: BKG=179, LF=100.0%
2026-01-11 00:47:36 | INFO     | [SUCCESS] Day 10FEB
2026-01-11 00:47:36 | INFO     | [SUCCESS] LF Search Complete
2026-01-11 00:47:38 | INFO     | [Worker_9222] Completed: CAI-YNB - 9 results, 0 errors
2026-01-11 00:47:38 | INFO     | [Worker_9222] Processing: JED-ASW
2026-01-11 00:47:38 | INFO     |   Tier 0: Range 2, Chunk 3/3 (9 days)
