2026-01-11 00:50:00 | INFO     | ======================================================================
2026-01-11 00:50:00 | INFO     | Load Factor Scraper Started - Route: CAI-RUH
2026-01-11 00:50:00 | INFO     | Log file: D:\CODERED\LAB\Artifacts\outputs\run_generated_110126_at_00.36\logs\LF_CAI-RUH_20260111_005000.log
2026-01-11 00:50:00 | INFO     | Enhanced logging: Capturing both logging.info() and print()
2026-01-11 00:50:00 | INFO     | ======================================================================
2026-01-11 00:50:00 | INFO     | Starting LF search for route: CAI-RUH
2026-01-11 00:50:00 | INFO     | [START] LF Search
2026-01-11 00:50:01 | INFO     | [HEALTH CHECK] [OK] Chrome connection is healthy
2026-01-11 00:50:01 | INFO     | [DAY_START] Processing 09FEB
2026-01-11 00:50:01 | INFO     | [lf.day.start] Processing CAI-RUH for 09FEB
2026-01-11 00:50:02 | INFO     | [lf.day.flights_found] Found 1 flights on 09FEB
2026-01-11 00:50:04 | INFO     | [lf.flight.extracted] SM469 on 09FEB: BKG=10, LF=5.6%
2026-01-11 00:50:08 | INFO     | [SUCCESS] Day 09FEB
2026-01-11 00:50:08 | INFO     | [DAY_START] Processing 08FEB
2026-01-11 00:50:08 | INFO     | [lf.day.start] Processing CAI-RUH for 08FEB
2026-01-11 00:50:11 | INFO     | [lf.day.flights_found] Found 1 flights on 08FEB
2026-01-11 00:50:16 | INFO     | [lf.flight.extracted] SM461 on 08FEB: BKG=8, LF=4.5%
2026-01-11 00:50:20 | INFO     | [SUCCESS] Day 08FEB
2026-01-11 00:50:20 | INFO     | [DAY_START] Processing 07FEB
2026-01-11 00:50:20 | INFO     | [lf.day.start] Processing CAI-RUH for 07FEB
2026-01-11 00:50:22 | INFO     | [lf.day.flights_found] Found 1 flights on 07FEB
2026-01-11 00:50:24 | INFO     | [lf.flight.extracted] SM461 on 07FEB: BKG=20, LF=11.2%
2026-01-11 00:50:27 | INFO     | [SUCCESS] Day 07FEB
2026-01-11 00:50:27 | INFO     | [DAY_START] Processing 06FEB
2026-01-11 00:50:27 | INFO     | [lf.day.start] Processing CAI-RUH for 06FEB
2026-01-11 00:50:29 | INFO     | [lf.day.flights_found] Found 2 flights on 06FEB
2026-01-11 00:50:31 | INFO     | [lf.flight.extracted] SM461 on 06FEB: BKG=11, LF=6.2%
2026-01-11 00:50:34 | INFO     | [lf.flight.extracted] SM469 on 06FEB: BKG=14, LF=7.8%
2026-01-11 00:50:38 | INFO     | [SUCCESS] Day 06FEB
2026-01-11 00:50:38 | INFO     | [DAY_START] Processing 05FEB
2026-01-11 00:50:38 | INFO     | [lf.day.start] Processing CAI-RUH for 05FEB
2026-01-11 00:50:39 | INFO     | [lf.day.flights_found] Found 1 flights on 05FEB
2026-01-11 00:50:40 | INFO     | [lf.flight.extracted] SM461 on 05FEB: BKG=10, LF=5.6%
2026-01-11 00:50:43 | INFO     | [SUCCESS] Day 05FEB
2026-01-11 00:50:43 | INFO     | [DAY_START] Processing 04FEB
2026-01-11 00:50:43 | INFO     | [lf.day.start] Processing CAI-RUH for 04FEB
2026-01-11 00:50:44 | INFO     | [lf.day.flights_found] Found 2 flights on 04FEB
2026-01-11 00:50:46 | INFO     | [lf.flight.extracted] SM461 on 04FEB: BKG=12, LF=6.7%
2026-01-11 00:50:49 | INFO     | [lf.flight.extracted] SM469 on 04FEB: BKG=10, LF=5.6%
2026-01-11 00:50:53 | INFO     | [SUCCESS] Day 04FEB
2026-01-11 00:50:53 | INFO     | [DAY_START] Processing 03FEB
2026-01-11 00:50:53 | INFO     | [lf.day.start] Processing CAI-RUH for 03FEB
2026-01-11 00:50:54 | INFO     | [lf.day.flights_found] Found 1 flights on 03FEB
2026-01-11 00:50:56 | INFO     | [lf.flight.extracted] SM469 on 03FEB: BKG=17, LF=9.5%
2026-01-11 00:50:59 | INFO     | [SUCCESS] Day 03FEB
2026-01-11 00:50:59 | INFO     | [DAY_START] Processing 02FEB
2026-01-11 00:50:59 | INFO     | [lf.day.start] Processing CAI-RUH for 02FEB
2026-01-11 00:51:00 | INFO     | [lf.day.flights_found] Found 1 flights on 02FEB
2026-01-11 00:51:02 | INFO     | [lf.flight.extracted] SM469 on 02FEB: BKG=18, LF=10.1%
2026-01-11 00:51:04 | INFO     | [SUCCESS] Day 02FEB
2026-01-11 00:51:04 | INFO     | [DAY_START] Processing 01FEB
2026-01-11 00:51:04 | INFO     | [lf.day.start] Processing CAI-RUH for 01FEB
2026-01-11 00:51:05 | INFO     | [lf.day.flights_found] Found 1 flights on 01FEB
2026-01-11 00:51:07 | INFO     | [lf.flight.extracted] SM461 on 01FEB: BKG=25, LF=14.2%
2026-01-11 00:51:10 | INFO     | [SUCCESS] Day 01FEB
2026-01-11 00:51:10 | INFO     | [SUCCESS] LF Search Complete
2026-01-11 00:51:12 | INFO     | [Worker_9224] Completed: CAI-RUH - 9 results, 0 errors
2026-01-11 00:51:12 | INFO     | [Worker_9224] Processing: ATZ-AHB
2026-01-11 00:51:12 | INFO     |   Tier 0: Range 2, Chunk 3/3 (9 days)
