2026-01-11 00:45:29 | INFO     | ======================================================================
2026-01-11 00:45:29 | INFO     | Load Factor Scraper Started - Route: CAI-RUH
2026-01-11 00:45:29 | INFO     | Log file: D:\CODERED\LAB\Artifacts\outputs\run_generated_110126_at_00.36\logs\LF_CAI-RUH_20260111_004529.log
2026-01-11 00:45:29 | INFO     | Enhanced logging: Capturing both logging.info() and print()
2026-01-11 00:45:29 | INFO     | ======================================================================
2026-01-11 00:45:29 | INFO     | Starting LF search for route: CAI-RUH
2026-01-11 00:45:29 | INFO     | [START] LF Search
2026-01-11 00:45:30 | INFO     | [HEALTH CHECK] [OK] Chrome connection is healthy
2026-01-11 00:45:30 | INFO     | [DAY_START] Processing 18FEB
2026-01-11 00:45:30 | INFO     | [lf.day.start] Processing CAI-RUH for 18FEB
2026-01-11 00:45:31 | INFO     | [lf.day.flights_found] Found 2 flights on 18FEB
2026-01-11 00:45:33 | INFO     | [lf.flight.extracted] SM461 on 18FEB: BKG=1, LF=0.6%
2026-01-11 00:45:36 | INFO     | [lf.flight.extracted] SM469 on 18FEB: BKG=0, LF=0.0%
2026-01-11 00:45:39 | INFO     | [SUCCESS] Day 18FEB
2026-01-11 00:45:39 | INFO     | [DAY_START] Processing 17FEB
2026-01-11 00:45:39 | INFO     | [lf.day.start] Processing CAI-RUH for 17FEB
2026-01-11 00:45:40 | INFO     | [lf.day.flights_found] Found 1 flights on 17FEB
2026-01-11 00:45:42 | INFO     | [lf.flight.extracted] SM469 on 17FEB: BKG=2, LF=1.1%
2026-01-11 00:45:44 | INFO     | [SUCCESS] Day 17FEB
2026-01-11 00:45:44 | INFO     | [DAY_START] Processing 16FEB
2026-01-11 00:45:44 | INFO     | [lf.day.start] Processing CAI-RUH for 16FEB
2026-01-11 00:45:45 | INFO     | [lf.day.flights_found] Found 1 flights on 16FEB
2026-01-11 00:45:48 | INFO     | [lf.flight.extracted] SM469 on 16FEB: BKG=4, LF=2.2%
2026-01-11 00:45:50 | INFO     | [SUCCESS] Day 16FEB
2026-01-11 00:45:50 | INFO     | [DAY_START] Processing 15FEB
2026-01-11 00:45:50 | INFO     | [lf.day.start] Processing CAI-RUH for 15FEB
2026-01-11 00:45:51 | INFO     | [lf.day.flights_found] Found 1 flights on 15FEB
2026-01-11 00:45:53 | INFO     | [lf.flight.extracted] SM461 on 15FEB: BKG=2, LF=1.1%
2026-01-11 00:45:56 | INFO     | [SUCCESS] Day 15FEB
2026-01-11 00:45:56 | INFO     | [DAY_START] Processing 14FEB
2026-01-11 00:45:56 | INFO     | [lf.day.start] Processing CAI-RUH for 14FEB
2026-01-11 00:45:57 | INFO     | [lf.day.flights_found] Found 1 flights on 14FEB
2026-01-11 00:45:59 | INFO     | [lf.flight.extracted] SM461 on 14FEB: BKG=0, LF=0.0%
2026-01-11 00:46:00 | INFO     | [SUCCESS] Day 14FEB
2026-01-11 00:46:00 | INFO     | [DAY_START] Processing 13FEB
2026-01-11 00:46:00 | INFO     | [lf.day.start] Processing CAI-RUH for 13FEB
2026-01-11 00:46:01 | INFO     | [lf.day.flights_found] Found 2 flights on 13FEB
2026-01-11 00:46:03 | INFO     | [lf.flight.extracted] SM461 on 13FEB: BKG=0, LF=0.0%
2026-01-11 00:46:06 | INFO     | [lf.flight.extracted] SM469 on 13FEB: BKG=1, LF=0.6%
2026-01-11 00:46:09 | INFO     | [SUCCESS] Day 13FEB
2026-01-11 00:46:09 | INFO     | [DAY_START] Processing 12FEB
2026-01-11 00:46:09 | INFO     | [lf.day.start] Processing CAI-RUH for 12FEB
2026-01-11 00:46:10 | INFO     | [lf.day.flights_found] Found 1 flights on 12FEB
2026-01-11 00:46:12 | INFO     | [lf.flight.extracted] SM461 on 12FEB: BKG=0, LF=0.0%
2026-01-11 00:46:13 | INFO     | [SUCCESS] Day 12FEB
2026-01-11 00:46:13 | INFO     | [DAY_START] Processing 11FEB
2026-01-11 00:46:13 | INFO     | [lf.day.start] Processing CAI-RUH for 11FEB
2026-01-11 00:46:14 | INFO     | [lf.day.flights_found] Found 2 flights on 11FEB
2026-01-11 00:46:16 | INFO     | [lf.flight.extracted] SM461 on 11FEB: BKG=0, LF=0.0%
2026-01-11 00:46:20 | INFO     | [lf.flight.extracted] SM469 on 11FEB: BKG=1, LF=0.6%
2026-01-11 00:46:22 | INFO     | [SUCCESS] Day 11FEB
2026-01-11 00:46:22 | INFO     | [DAY_START] Processing 10FEB
2026-01-11 00:46:22 | INFO     | [lf.day.start] Processing CAI-RUH for 10FEB
2026-01-11 00:46:23 | INFO     | [lf.day.flights_found] Found 1 flights on 10FEB
2026-01-11 00:46:25 | INFO     | [lf.flight.extracted] SM469 on 10FEB: BKG=1, LF=0.6%
2026-01-11 00:46:29 | INFO     | [SUCCESS] Day 10FEB
2026-01-11 00:46:29 | INFO     | [SUCCESS] LF Search Complete
2026-01-11 00:46:31 | INFO     | [Worker_9227] Completed: CAI-RUH - 9 results, 0 errors
2026-01-11 00:46:31 | INFO     | [Worker_9227] Processing: ATZ-AHB
2026-01-11 00:46:31 | INFO     |   Tier 0: Range 2, Chunk 2/3 (9 days)
