2026-01-11 00:50:15 | INFO     | ======================================================================
2026-01-11 00:50:15 | INFO     | Load Factor Scraper Started - Route: CAI-DMM
2026-01-11 00:50:15 | INFO     | Log file: D:\CODERED\LAB\Artifacts\outputs\run_generated_110126_at_00.36\logs\LF_CAI-DMM_20260111_005015.log
2026-01-11 00:50:15 | INFO     | Enhanced logging: Capturing both logging.info() and print()
2026-01-11 00:50:15 | INFO     | ======================================================================
2026-01-11 00:50:15 | INFO     | Starting LF search for route: CAI-DMM
2026-01-11 00:50:15 | INFO     | [START] LF Search
2026-01-11 00:50:17 | INFO     | [HEALTH CHECK] [OK] Chrome connection is healthy
2026-01-11 00:50:17 | INFO     | [DAY_START] Processing 09FEB
2026-01-11 00:50:17 | INFO     | [lf.day.start] Processing CAI-DMM for 09FEB
2026-01-11 00:50:19 | WARNING  | [lf.day.no_flights] No direct flights on 09FEB
2026-01-11 00:50:19 | INFO     | [SUCCESS] Day 09FEB
2026-01-11 00:50:19 | INFO     | [DAY_START] Processing 08FEB
2026-01-11 00:50:19 | INFO     | [lf.day.start] Processing CAI-DMM for 08FEB
2026-01-11 00:50:21 | WARNING  | [lf.day.no_flights] No direct flights on 08FEB
2026-01-11 00:50:21 | INFO     | [SUCCESS] Day 08FEB
2026-01-11 00:50:21 | INFO     | [DAY_START] Processing 07FEB
2026-01-11 00:50:21 | INFO     | [lf.day.start] Processing CAI-DMM for 07FEB
2026-01-11 00:50:22 | INFO     | [lf.day.flights_found] Found 1 flights on 07FEB
2026-01-11 00:50:24 | INFO     | [lf.flight.extracted] SM433 on 07FEB: BKG=31, LF=17.3%
2026-01-11 00:50:28 | INFO     | [SUCCESS] Day 07FEB
2026-01-11 00:50:28 | INFO     | [DAY_START] Processing 06FEB
2026-01-11 00:50:28 | INFO     | [lf.day.start] Processing CAI-DMM for 06FEB
2026-01-11 00:50:29 | INFO     | [lf.day.flights_found] Found 1 flights on 06FEB
2026-01-11 00:50:31 | INFO     | [lf.flight.extracted] SM433 on 06FEB: BKG=13, LF=7.3%
2026-01-11 00:50:33 | INFO     | [SUCCESS] Day 06FEB
2026-01-11 00:50:33 | INFO     | [DAY_START] Processing 05FEB
2026-01-11 00:50:33 | INFO     | [lf.day.start] Processing CAI-DMM for 05FEB
2026-01-11 00:50:34 | INFO     | [lf.day.flights_found] Found 1 flights on 05FEB
2026-01-11 00:50:36 | INFO     | [lf.flight.extracted] SM433 on 05FEB: BKG=16, LF=8.9%
2026-01-11 00:50:39 | INFO     | [SUCCESS] Day 05FEB
2026-01-11 00:50:39 | INFO     | [DAY_START] Processing 04FEB
2026-01-11 00:50:39 | INFO     | [lf.day.start] Processing CAI-DMM for 04FEB
2026-01-11 00:50:40 | WARNING  | [lf.day.no_flights] No direct flights on 04FEB
2026-01-11 00:50:40 | INFO     | [SUCCESS] Day 04FEB
2026-01-11 00:50:40 | INFO     | [DAY_START] Processing 03FEB
2026-01-11 00:50:40 | INFO     | [lf.day.start] Processing CAI-DMM for 03FEB
2026-01-11 00:50:41 | INFO     | [lf.day.flights_found] Found 1 flights on 03FEB
2026-01-11 00:50:43 | INFO     | [lf.flight.extracted] SM433 on 03FEB: BKG=21, LF=11.7%
2026-01-11 00:50:46 | INFO     | [SUCCESS] Day 03FEB
2026-01-11 00:50:46 | INFO     | [DAY_START] Processing 02FEB
2026-01-11 00:50:46 | INFO     | [lf.day.start] Processing CAI-DMM for 02FEB
2026-01-11 00:50:47 | WARNING  | [lf.day.no_flights] No direct flights on 02FEB
2026-01-11 00:50:47 | INFO     | [SUCCESS] Day 02FEB
2026-01-11 00:50:47 | INFO     | [DAY_START] Processing 01FEB
2026-01-11 00:50:47 | INFO     | [lf.day.start] Processing CAI-DMM for 01FEB
2026-01-11 00:50:48 | WARNING  | [lf.day.no_flights] No direct flights on 01FEB
2026-01-11 00:50:48 | INFO     | [SUCCESS] Day 01FEB
2026-01-11 00:50:48 | INFO     | [SUCCESS] LF Search Complete
2026-01-11 00:50:50 | INFO     | [Worker_9226] Completed: CAI-DMM - 9 results, 0 errors
2026-01-11 00:50:50 | INFO     | [Worker_9226] Processing: CAI-AJF
2026-01-11 00:50:50 | INFO     |   Tier 0: Range 2, Chunk 3/3 (9 days)
