2026-01-11 00:51:06 | INFO     | ======================================================================
2026-01-11 00:51:06 | INFO     | Load Factor Scraper Started - Route: CAI-AHB
2026-01-11 00:51:06 | INFO     | Log file: D:\CODERED\LAB\Artifacts\outputs\run_generated_110126_at_00.36\logs\LF_CAI-AHB_20260111_005106.log
2026-01-11 00:51:06 | INFO     | Enhanced logging: Capturing both logging.info() and print()
2026-01-11 00:51:06 | INFO     | ======================================================================
2026-01-11 00:51:06 | INFO     | Starting LF search for route: CAI-AHB
2026-01-11 00:51:06 | INFO     | [START] LF Search
2026-01-11 00:51:07 | INFO     | [HEALTH CHECK] [OK] Chrome connection is healthy
2026-01-11 00:51:07 | INFO     | [DAY_START] Processing 09FEB
2026-01-11 00:51:07 | INFO     | [lf.day.start] Processing CAI-AHB for 09FEB
2026-01-11 00:51:08 | WARNING  | [lf.day.no_flights] No direct flights on 09FEB
2026-01-11 00:51:09 | INFO     | [SUCCESS] Day 09FEB
2026-01-11 00:51:09 | INFO     | [DAY_START] Processing 08FEB
2026-01-11 00:51:09 | INFO     | [lf.day.start] Processing CAI-AHB for 08FEB
2026-01-11 00:51:10 | WARNING  | [lf.day.no_flights] No direct flights on 08FEB
2026-01-11 00:51:10 | INFO     | [SUCCESS] Day 08FEB
2026-01-11 00:51:10 | INFO     | [DAY_START] Processing 07FEB
2026-01-11 00:51:10 | INFO     | [lf.day.start] Processing CAI-AHB for 07FEB
2026-01-11 00:51:11 | INFO     | [lf.day.flights_found] Found 1 flights on 07FEB
2026-01-11 00:51:13 | INFO     | [lf.flight.extracted] SM443 on 07FEB: BKG=40, LF=22.7%
2026-01-11 00:51:16 | INFO     | [SUCCESS] Day 07FEB
2026-01-11 00:51:16 | INFO     | [DAY_START] Processing 06FEB
2026-01-11 00:51:16 | INFO     | [lf.day.start] Processing CAI-AHB for 06FEB
2026-01-11 00:51:17 | WARNING  | [lf.day.no_flights] No direct flights on 06FEB
2026-01-11 00:51:18 | INFO     | [SUCCESS] Day 06FEB
2026-01-11 00:51:18 | INFO     | [DAY_START] Processing 05FEB
2026-01-11 00:51:18 | INFO     | [lf.day.start] Processing CAI-AHB for 05FEB
2026-01-11 00:51:19 | INFO     | [lf.day.flights_found] Found 1 flights on 05FEB
2026-01-11 00:51:21 | INFO     | [lf.flight.extracted] SM443 on 05FEB: BKG=32, LF=17.9%
2026-01-11 00:51:24 | INFO     | [SUCCESS] Day 05FEB
2026-01-11 00:51:24 | INFO     | [DAY_START] Processing 04FEB
2026-01-11 00:51:24 | INFO     | [lf.day.start] Processing CAI-AHB for 04FEB
2026-01-11 00:51:25 | INFO     | [lf.day.flights_found] Found 1 flights on 04FEB
2026-01-11 00:51:27 | INFO     | [lf.flight.extracted] SM447 on 04FEB: BKG=36, LF=20.1%
2026-01-11 00:51:30 | INFO     | [SUCCESS] Day 04FEB
2026-01-11 00:51:30 | INFO     | [DAY_START] Processing 03FEB
2026-01-11 00:51:30 | INFO     | [lf.day.start] Processing CAI-AHB for 03FEB
2026-01-11 00:51:32 | WARNING  | [lf.day.no_flights] No direct flights on 03FEB
2026-01-11 00:51:32 | INFO     | [SUCCESS] Day 03FEB
2026-01-11 00:51:32 | INFO     | [DAY_START] Processing 02FEB
2026-01-11 00:51:32 | INFO     | [lf.day.start] Processing CAI-AHB for 02FEB
2026-01-11 00:51:33 | WARNING  | [lf.day.no_flights] No direct flights on 02FEB
2026-01-11 00:51:33 | INFO     | [SUCCESS] Day 02FEB
2026-01-11 00:51:33 | INFO     | [DAY_START] Processing 01FEB
2026-01-11 00:51:33 | INFO     | [lf.day.start] Processing CAI-AHB for 01FEB
2026-01-11 00:51:34 | WARNING  | [lf.day.no_flights] No direct flights on 01FEB
2026-01-11 00:51:34 | INFO     | [SUCCESS] Day 01FEB
2026-01-11 00:51:34 | INFO     | [SUCCESS] LF Search Complete
2026-01-11 00:51:36 | INFO     | [Worker_9222] Completed: CAI-AHB - 9 results, 0 errors
2026-01-11 00:51:36 | INFO     | [Worker_9222] Processing: MED-HBE
2026-01-11 00:51:36 | INFO     |   Tier 0: Range 1, Chunk 1/2 (11 days)
