2026-01-11 00:43:08 | INFO     | ======================================================================
2026-01-11 00:43:08 | INFO     | Load Factor Scraper Started - Route: DMM-CAI
2026-01-11 00:43:08 | INFO     | Log file: D:\CODERED\LAB\Artifacts\outputs\run_generated_110126_at_00.36\logs\LF_DMM-CAI_20260111_004308.log
2026-01-11 00:43:08 | INFO     | Enhanced logging: Capturing both logging.info() and print()
2026-01-11 00:43:08 | INFO     | ======================================================================
2026-01-11 00:43:08 | INFO     | Starting LF search for route: DMM-CAI
2026-01-11 00:43:08 | INFO     | [START] LF Search
2026-01-11 00:43:09 | INFO     | [HEALTH CHECK] [OK] Chrome connection is healthy
2026-01-11 00:43:09 | INFO     | [DAY_START] Processing 18FEB
2026-01-11 00:43:09 | INFO     | [lf.day.start] Processing DMM-CAI for 18FEB
2026-01-11 00:43:10 | WARNING  | [lf.day.no_flights] No direct flights on 18FEB
2026-01-11 00:43:10 | INFO     | [SUCCESS] Day 18FEB
2026-01-11 00:43:10 | INFO     | [DAY_START] Processing 17FEB
2026-01-11 00:43:10 | INFO     | [lf.day.start] Processing DMM-CAI for 17FEB
2026-01-11 00:43:11 | INFO     | [lf.day.flights_found] Found 1 flights on 17FEB
2026-01-11 00:43:13 | INFO     | [lf.flight.extracted] SM434 on 17FEB: BKG=2, LF=1.2%
2026-01-11 00:43:16 | INFO     | [SUCCESS] Day 17FEB
2026-01-11 00:43:16 | INFO     | [DAY_START] Processing 16FEB
2026-01-11 00:43:16 | INFO     | [lf.day.start] Processing DMM-CAI for 16FEB
2026-01-11 00:43:17 | WARNING  | [lf.day.no_flights] No direct flights on 16FEB
2026-01-11 00:43:17 | INFO     | [SUCCESS] Day 16FEB
2026-01-11 00:43:17 | INFO     | [DAY_START] Processing 15FEB
2026-01-11 00:43:17 | INFO     | [lf.day.start] Processing DMM-CAI for 15FEB
2026-01-11 00:43:18 | WARNING  | [lf.day.no_flights] No direct flights on 15FEB
2026-01-11 00:43:18 | INFO     | [SUCCESS] Day 15FEB
2026-01-11 00:43:18 | INFO     | [DAY_START] Processing 14FEB
2026-01-11 00:43:18 | INFO     | [lf.day.start] Processing DMM-CAI for 14FEB
2026-01-11 00:43:19 | INFO     | [lf.day.flights_found] Found 1 flights on 14FEB
2026-01-11 00:43:21 | INFO     | [lf.flight.extracted] SM434 on 14FEB: BKG=7, LF=4.0%
2026-01-11 00:43:24 | INFO     | [SUCCESS] Day 14FEB
2026-01-11 00:43:24 | INFO     | [DAY_START] Processing 13FEB
2026-01-11 00:43:24 | INFO     | [lf.day.start] Processing DMM-CAI for 13FEB
2026-01-11 00:43:25 | INFO     | [lf.day.flights_found] Found 1 flights on 13FEB
2026-01-11 00:43:27 | INFO     | [lf.flight.extracted] SM434 on 13FEB: BKG=24, LF=13.7%
2026-01-11 00:43:30 | INFO     | [SUCCESS] Day 13FEB
2026-01-11 00:43:30 | INFO     | [DAY_START] Processing 12FEB
2026-01-11 00:43:30 | INFO     | [lf.day.start] Processing DMM-CAI for 12FEB
2026-01-11 00:43:31 | INFO     | [lf.day.flights_found] Found 1 flights on 12FEB
2026-01-11 00:43:33 | INFO     | [lf.flight.extracted] SM434 on 12FEB: BKG=15, LF=8.6%
2026-01-11 00:43:36 | INFO     | [SUCCESS] Day 12FEB
2026-01-11 00:43:36 | INFO     | [DAY_START] Processing 11FEB
2026-01-11 00:43:36 | INFO     | [lf.day.start] Processing DMM-CAI for 11FEB
2026-01-11 00:43:36 | WARNING  | [lf.day.no_flights] No direct flights on 11FEB
2026-01-11 00:43:37 | INFO     | [SUCCESS] Day 11FEB
2026-01-11 00:43:37 | INFO     | [DAY_START] Processing 10FEB
2026-01-11 00:43:37 | INFO     | [lf.day.start] Processing DMM-CAI for 10FEB
2026-01-11 00:43:38 | INFO     | [lf.day.flights_found] Found 1 flights on 10FEB
2026-01-11 00:43:40 | INFO     | [lf.flight.extracted] SM434 on 10FEB: BKG=14, LF=8.0%
2026-01-11 00:43:43 | INFO     | [SUCCESS] Day 10FEB
2026-01-11 00:43:43 | INFO     | [SUCCESS] LF Search Complete
2026-01-11 00:43:45 | INFO     | [Worker_9227] Completed: DMM-CAI - 9 results, 0 errors
2026-01-11 00:43:45 | INFO     | [Worker_9227] Processing: TUU-ATZ
2026-01-11 00:43:45 | INFO     |   Tier 0: Range 2, Chunk 2/3 (9 days)
