2026-01-11 00:52:51 | INFO     | ======================================================================
2026-01-11 00:52:51 | INFO     | Load Factor Scraper Started - Route: DMM-ATZ
2026-01-11 00:52:51 | INFO     | Log file: D:\CODERED\LAB\Artifacts\outputs\run_generated_110126_at_00.36\logs\LF_DMM-ATZ_20260111_005251.log
2026-01-11 00:52:51 | INFO     | Enhanced logging: Capturing both logging.info() and print()
2026-01-11 00:52:51 | INFO     | ======================================================================
2026-01-11 00:52:51 | INFO     | Starting LF search for route: DMM-ATZ
2026-01-11 00:52:51 | INFO     | [START] LF Search
2026-01-11 00:52:52 | INFO     | [HEALTH CHECK] [OK] Chrome connection is healthy
2026-01-11 00:52:52 | INFO     | [DAY_START] Processing 31JAN
2026-01-11 00:52:52 | INFO     | [lf.day.start] Processing DMM-ATZ for 31JAN
2026-01-11 00:52:53 | WARNING  | [lf.day.no_flights] No direct flights on 31JAN
2026-01-11 00:52:53 | INFO     | [SUCCESS] Day 31JAN
2026-01-11 00:52:53 | INFO     | [DAY_START] Processing 30JAN
2026-01-11 00:52:53 | INFO     | [lf.day.start] Processing DMM-ATZ for 30JAN
2026-01-11 00:52:54 | INFO     | [lf.day.flights_found] Found 1 flights on 30JAN
2026-01-11 00:52:56 | INFO     | [lf.flight.extracted] SM438 on 30JAN: BKG=88, LF=50.3%
2026-01-11 00:53:01 | INFO     | [SUCCESS] Day 30JAN
2026-01-11 00:53:01 | INFO     | [DAY_START] Processing 29JAN
2026-01-11 00:53:01 | INFO     | [lf.day.start] Processing DMM-ATZ for 29JAN
2026-01-11 00:53:02 | WARNING  | [lf.day.no_flights] No direct flights on 29JAN
2026-01-11 00:53:02 | INFO     | [SUCCESS] Day 29JAN
2026-01-11 00:53:02 | INFO     | [DAY_START] Processing 28JAN
2026-01-11 00:53:02 | INFO     | [lf.day.start] Processing DMM-ATZ for 28JAN
2026-01-11 00:53:03 | WARNING  | [lf.day.no_flights] No direct flights on 28JAN
2026-01-11 00:53:03 | INFO     | [SUCCESS] Day 28JAN
2026-01-11 00:53:03 | INFO     | [DAY_START] Processing 27JAN
2026-01-11 00:53:03 | INFO     | [lf.day.start] Processing DMM-ATZ for 27JAN
2026-01-11 00:53:04 | WARNING  | [lf.day.no_flights] No direct flights on 27JAN
2026-01-11 00:53:04 | INFO     | [SUCCESS] Day 27JAN
2026-01-11 00:53:04 | INFO     | [DAY_START] Processing 26JAN
2026-01-11 00:53:04 | INFO     | [lf.day.start] Processing DMM-ATZ for 26JAN
2026-01-11 00:53:05 | INFO     | [lf.day.flights_found] Found 1 flights on 26JAN
2026-01-11 00:53:07 | INFO     | [lf.flight.extracted] SM438 on 26JAN: BKG=62, LF=35.4%
2026-01-11 00:53:12 | INFO     | [SUCCESS] Day 26JAN
2026-01-11 00:53:12 | INFO     | [DAY_START] Processing 25JAN
2026-01-11 00:53:12 | INFO     | [lf.day.start] Processing DMM-ATZ for 25JAN
2026-01-11 00:53:13 | WARNING  | [lf.day.no_flights] No direct flights on 25JAN
2026-01-11 00:53:13 | INFO     | [SUCCESS] Day 25JAN
2026-01-11 00:53:13 | INFO     | [DAY_START] Processing 24JAN
2026-01-11 00:53:13 | INFO     | [lf.day.start] Processing DMM-ATZ for 24JAN
2026-01-11 00:53:14 | WARNING  | [lf.day.no_flights] No direct flights on 24JAN
2026-01-11 00:53:14 | INFO     | [SUCCESS] Day 24JAN
2026-01-11 00:53:14 | INFO     | [DAY_START] Processing 23JAN
2026-01-11 00:53:14 | INFO     | [lf.day.start] Processing DMM-ATZ for 23JAN
2026-01-11 00:53:15 | INFO     | [lf.day.flights_found] Found 1 flights on 23JAN
2026-01-11 00:53:17 | INFO     | [lf.flight.extracted] SM438 on 23JAN: BKG=65, LF=37.1%
2026-01-11 00:53:22 | INFO     | [SUCCESS] Day 23JAN
2026-01-11 00:53:22 | INFO     | [DAY_START] Processing 22JAN
2026-01-11 00:53:22 | INFO     | [lf.day.start] Processing DMM-ATZ for 22JAN
2026-01-11 00:53:24 | WARNING  | [lf.day.no_flights] No direct flights on 22JAN
2026-01-11 00:53:24 | INFO     | [SUCCESS] Day 22JAN
2026-01-11 00:53:24 | INFO     | [DAY_START] Processing 21JAN
2026-01-11 00:53:24 | INFO     | [lf.day.start] Processing DMM-ATZ for 21JAN
2026-01-11 00:53:25 | WARNING  | [lf.day.no_flights] No direct flights on 21JAN
2026-01-11 00:53:25 | INFO     | [SUCCESS] Day 21JAN
2026-01-11 00:53:25 | INFO     | [SUCCESS] LF Search Complete
2026-01-11 00:53:27 | INFO     | [Worker_9225] Completed: DMM-ATZ - 11 results, 0 errors
2026-01-11 00:53:27 | INFO     | [Worker_9225] Processing: AJF-CAI
2026-01-11 00:53:27 | INFO     |   Tier 0: Range 1, Chunk 1/2 (11 days)
