2026-01-11 00:37:36 | INFO     | ======================================================================
2026-01-11 00:37:36 | INFO     | Load Factor Scraper Started - Route: DMM-ATZ
2026-01-11 00:37:36 | INFO     | Log file: D:\CODERED\LAB\Artifacts\outputs\run_generated_110126_at_00.36\logs\LF_DMM-ATZ_20260111_003736.log
2026-01-11 00:37:36 | INFO     | Enhanced logging: Capturing both logging.info() and print()
2026-01-11 00:37:36 | INFO     | ======================================================================
2026-01-11 00:37:36 | INFO     | Starting LF search for route: DMM-ATZ
2026-01-11 00:37:36 | INFO     | [START] LF Search
2026-01-11 00:37:37 | INFO     | [HEALTH CHECK] [OK] Chrome connection is healthy
2026-01-11 00:37:38 | INFO     | [DAY_START] Processing 28FEB
2026-01-11 00:37:38 | INFO     | [lf.day.start] Processing DMM-ATZ for 28FEB
2026-01-11 00:37:39 | WARNING  | [lf.day.no_flights] No direct flights on 28FEB
2026-01-11 00:37:39 | INFO     | [SUCCESS] Day 28FEB
2026-01-11 00:37:39 | INFO     | [DAY_START] Processing 27FEB
2026-01-11 00:37:39 | INFO     | [lf.day.start] Processing DMM-ATZ for 27FEB
2026-01-11 00:37:40 | INFO     | [lf.day.flights_found] Found 1 flights on 27FEB
2026-01-11 00:37:42 | INFO     | [lf.flight.extracted] SM438 on 27FEB: BKG=19, LF=10.9%
2026-01-11 00:37:45 | INFO     | [SUCCESS] Day 27FEB
2026-01-11 00:37:45 | INFO     | [DAY_START] Processing 26FEB
2026-01-11 00:37:45 | INFO     | [lf.day.start] Processing DMM-ATZ for 26FEB
2026-01-11 00:37:45 | WARNING  | [lf.day.no_flights] No direct flights on 26FEB
2026-01-11 00:37:46 | INFO     | [SUCCESS] Day 26FEB
2026-01-11 00:37:46 | INFO     | [DAY_START] Processing 25FEB
2026-01-11 00:37:46 | INFO     | [lf.day.start] Processing DMM-ATZ for 25FEB
2026-01-11 00:37:47 | WARNING  | [lf.day.no_flights] No direct flights on 25FEB
2026-01-11 00:37:47 | INFO     | [SUCCESS] Day 25FEB
2026-01-11 00:37:47 | INFO     | [DAY_START] Processing 24FEB
2026-01-11 00:37:47 | INFO     | [lf.day.start] Processing DMM-ATZ for 24FEB
2026-01-11 00:37:48 | WARNING  | [lf.day.no_flights] No direct flights on 24FEB
2026-01-11 00:37:48 | INFO     | [SUCCESS] Day 24FEB
2026-01-11 00:37:48 | INFO     | [DAY_START] Processing 23FEB
2026-01-11 00:37:48 | INFO     | [lf.day.start] Processing DMM-ATZ for 23FEB
2026-01-11 00:37:49 | INFO     | [lf.day.flights_found] Found 1 flights on 23FEB
2026-01-11 00:37:51 | INFO     | [lf.flight.extracted] SM438 on 23FEB: BKG=45, LF=25.7%
2026-01-11 00:37:55 | INFO     | [SUCCESS] Day 23FEB
2026-01-11 00:37:55 | INFO     | [DAY_START] Processing 22FEB
2026-01-11 00:37:55 | INFO     | [lf.day.start] Processing DMM-ATZ for 22FEB
2026-01-11 00:37:56 | WARNING  | [lf.day.no_flights] No direct flights on 22FEB
2026-01-11 00:37:56 | INFO     | [SUCCESS] Day 22FEB
2026-01-11 00:37:56 | INFO     | [DAY_START] Processing 21FEB
2026-01-11 00:37:56 | INFO     | [lf.day.start] Processing DMM-ATZ for 21FEB
2026-01-11 00:37:57 | WARNING  | [lf.day.no_flights] No direct flights on 21FEB
2026-01-11 00:37:57 | INFO     | [SUCCESS] Day 21FEB
2026-01-11 00:37:57 | INFO     | [DAY_START] Processing 20FEB
2026-01-11 00:37:57 | INFO     | [lf.day.start] Processing DMM-ATZ for 20FEB
2026-01-11 00:37:58 | INFO     | [lf.day.flights_found] Found 1 flights on 20FEB
2026-01-11 00:38:00 | INFO     | [lf.flight.extracted] SM438 on 20FEB: BKG=15, LF=8.6%
2026-01-11 00:38:02 | INFO     | [SUCCESS] Day 20FEB
2026-01-11 00:38:02 | INFO     | [DAY_START] Processing 19FEB
2026-01-11 00:38:02 | INFO     | [lf.day.start] Processing DMM-ATZ for 19FEB
2026-01-11 00:38:03 | WARNING  | [lf.day.no_flights] No direct flights on 19FEB
2026-01-11 00:38:03 | INFO     | [SUCCESS] Day 19FEB
2026-01-11 00:38:03 | INFO     | [SUCCESS] LF Search Complete
2026-01-11 00:38:05 | INFO     | [Worker_9222] Completed: DMM-ATZ - 10 results, 0 errors
2026-01-11 00:38:05 | INFO     | [Worker_9222] Processing: AJF-CAI
2026-01-11 00:38:05 | INFO     |   Tier 0: Range 2, Chunk 1/3 (10 days)
