2026-01-11 00:38:40 | INFO     | ======================================================================
2026-01-11 00:38:40 | INFO     | Load Factor Scraper Started - Route: ELQ-ATZ
2026-01-11 00:38:40 | INFO     | Log file: D:\CODERED\LAB\Artifacts\outputs\run_generated_110126_at_00.36\logs\LF_ELQ-ATZ_20260111_003840.log
2026-01-11 00:38:40 | INFO     | Enhanced logging: Capturing both logging.info() and print()
2026-01-11 00:38:40 | INFO     | ======================================================================
2026-01-11 00:38:40 | INFO     | Starting LF search for route: ELQ-ATZ
2026-01-11 00:38:40 | INFO     | [START] LF Search
2026-01-11 00:38:41 | INFO     | [HEALTH CHECK] [OK] Chrome connection is healthy
2026-01-11 00:38:41 | INFO     | [DAY_START] Processing 28FEB
2026-01-11 00:38:41 | INFO     | [lf.day.start] Processing ELQ-ATZ for 28FEB
2026-01-11 00:38:42 | INFO     | [lf.day.flights_found] Found 1 flights on 28FEB
2026-01-11 00:38:43 | INFO     | [lf.flight.extracted] SM436 on 28FEB: BKG=14, LF=8.0%
2026-01-11 00:38:46 | INFO     | [SUCCESS] Day 28FEB
2026-01-11 00:38:46 | INFO     | [DAY_START] Processing 27FEB
2026-01-11 00:38:46 | INFO     | [lf.day.start] Processing ELQ-ATZ for 27FEB
2026-01-11 00:38:47 | WARNING  | [lf.day.no_flights] No direct flights on 27FEB
2026-01-11 00:38:47 | INFO     | [SUCCESS] Day 27FEB
2026-01-11 00:38:47 | INFO     | [DAY_START] Processing 26FEB
2026-01-11 00:38:47 | INFO     | [lf.day.start] Processing ELQ-ATZ for 26FEB
2026-01-11 00:38:48 | WARNING  | [lf.day.no_flights] No direct flights on 26FEB
2026-01-11 00:38:48 | INFO     | [SUCCESS] Day 26FEB
2026-01-11 00:38:48 | INFO     | [DAY_START] Processing 25FEB
2026-01-11 00:38:48 | INFO     | [lf.day.start] Processing ELQ-ATZ for 25FEB
2026-01-11 00:38:49 | INFO     | [lf.day.flights_found] Found 1 flights on 25FEB
2026-01-11 00:38:51 | INFO     | [lf.flight.extracted] SM436 on 25FEB: BKG=41, LF=23.4%
2026-01-11 00:38:54 | INFO     | [SUCCESS] Day 25FEB
2026-01-11 00:38:54 | INFO     | [DAY_START] Processing 24FEB
2026-01-11 00:38:54 | INFO     | [lf.day.start] Processing ELQ-ATZ for 24FEB
2026-01-11 00:38:55 | WARNING  | [lf.day.no_flights] No direct flights on 24FEB
2026-01-11 00:38:55 | INFO     | [SUCCESS] Day 24FEB
2026-01-11 00:38:55 | INFO     | [DAY_START] Processing 23FEB
2026-01-11 00:38:55 | INFO     | [lf.day.start] Processing ELQ-ATZ for 23FEB
2026-01-11 00:38:56 | WARNING  | [lf.day.no_flights] No direct flights on 23FEB
2026-01-11 00:38:56 | INFO     | [SUCCESS] Day 23FEB
2026-01-11 00:38:56 | INFO     | [DAY_START] Processing 22FEB
2026-01-11 00:38:56 | INFO     | [lf.day.start] Processing ELQ-ATZ for 22FEB
2026-01-11 00:38:57 | WARNING  | [lf.day.no_flights] No direct flights on 22FEB
2026-01-11 00:38:57 | INFO     | [SUCCESS] Day 22FEB
2026-01-11 00:38:57 | INFO     | [DAY_START] Processing 21FEB
2026-01-11 00:38:57 | INFO     | [lf.day.start] Processing ELQ-ATZ for 21FEB
2026-01-11 00:38:58 | INFO     | [lf.day.flights_found] Found 1 flights on 21FEB
2026-01-11 00:39:00 | INFO     | [lf.flight.extracted] SM436 on 21FEB: BKG=33, LF=18.9%
2026-01-11 00:39:03 | INFO     | [SUCCESS] Day 21FEB
2026-01-11 00:39:03 | INFO     | [DAY_START] Processing 20FEB
2026-01-11 00:39:03 | INFO     | [lf.day.start] Processing ELQ-ATZ for 20FEB
2026-01-11 00:39:04 | WARNING  | [lf.day.no_flights] No direct flights on 20FEB
2026-01-11 00:39:04 | INFO     | [SUCCESS] Day 20FEB
2026-01-11 00:39:04 | INFO     | [DAY_START] Processing 19FEB
2026-01-11 00:39:04 | INFO     | [lf.day.start] Processing ELQ-ATZ for 19FEB
2026-01-11 00:39:05 | WARNING  | [lf.day.no_flights] No direct flights on 19FEB
2026-01-11 00:39:05 | INFO     | [SUCCESS] Day 19FEB
2026-01-11 00:39:05 | INFO     | [SUCCESS] LF Search Complete
2026-01-11 00:39:07 | INFO     | [Worker_9233] Completed: ELQ-ATZ - 10 results, 0 errors
2026-01-11 00:39:07 | INFO     | [Worker_9233] Processing: CAI-JED
2026-01-11 00:39:07 | INFO     |   Tier 0: Range 2, Chunk 1/3 (10 days)
