2026-01-11 00:48:54 | INFO     | ======================================================================
2026-01-11 00:48:54 | INFO     | Load Factor Scraper Started - Route: ELQ-CAI
2026-01-11 00:48:54 | INFO     | Log file: D:\CODERED\LAB\Artifacts\outputs\run_generated_110126_at_00.36\logs\LF_ELQ-CAI_20260111_004854.log
2026-01-11 00:48:54 | INFO     | Enhanced logging: Capturing both logging.info() and print()
2026-01-11 00:48:54 | INFO     | ======================================================================
2026-01-11 00:48:54 | INFO     | Starting LF search for route: ELQ-CAI
2026-01-11 00:48:54 | INFO     | [START] LF Search
2026-01-11 00:48:54 | INFO     | [HEALTH CHECK] [OK] Chrome connection is healthy
2026-01-11 00:48:55 | INFO     | [DAY_START] Processing 09FEB
2026-01-11 00:48:55 | INFO     | [lf.day.start] Processing ELQ-CAI for 09FEB
2026-01-11 00:48:55 | WARNING  | [lf.day.no_flights] No direct flights on 09FEB
2026-01-11 00:48:56 | INFO     | [SUCCESS] Day 09FEB
2026-01-11 00:48:56 | INFO     | [DAY_START] Processing 08FEB
2026-01-11 00:48:56 | INFO     | [lf.day.start] Processing ELQ-CAI for 08FEB
2026-01-11 00:48:57 | INFO     | [lf.day.flights_found] Found 1 flights on 08FEB
2026-01-11 00:48:58 | INFO     | [lf.flight.extracted] SM428 on 08FEB: BKG=45, LF=26.2%
2026-01-11 00:49:02 | INFO     | [SUCCESS] Day 08FEB
2026-01-11 00:49:02 | INFO     | [DAY_START] Processing 07FEB
2026-01-11 00:49:02 | INFO     | [lf.day.start] Processing ELQ-CAI for 07FEB
2026-01-11 00:49:03 | INFO     | [lf.day.flights_found] Found 1 flights on 07FEB
2026-01-11 00:49:05 | INFO     | [lf.flight.extracted] SM428 on 07FEB: BKG=24, LF=22.9%
2026-01-11 00:49:08 | INFO     | [SUCCESS] Day 07FEB
2026-01-11 00:49:08 | INFO     | [DAY_START] Processing 06FEB
2026-01-11 00:49:08 | INFO     | [lf.day.start] Processing ELQ-CAI for 06FEB
2026-01-11 00:49:09 | WARNING  | [lf.day.no_flights] No direct flights on 06FEB
2026-01-11 00:49:10 | INFO     | [SUCCESS] Day 06FEB
2026-01-11 00:49:10 | INFO     | [DAY_START] Processing 05FEB
2026-01-11 00:49:10 | INFO     | [lf.day.start] Processing ELQ-CAI for 05FEB
2026-01-11 00:49:11 | INFO     | [lf.day.flights_found] Found 1 flights on 05FEB
2026-01-11 00:49:13 | INFO     | [lf.flight.extracted] SM428 on 05FEB: BKG=26, LF=24.8%
2026-01-11 00:49:16 | INFO     | [SUCCESS] Day 05FEB
2026-01-11 00:49:16 | INFO     | [DAY_START] Processing 04FEB
2026-01-11 00:49:16 | INFO     | [lf.day.start] Processing ELQ-CAI for 04FEB
2026-01-11 00:49:17 | WARNING  | [lf.day.no_flights] No direct flights on 04FEB
2026-01-11 00:49:17 | INFO     | [SUCCESS] Day 04FEB
2026-01-11 00:49:17 | INFO     | [DAY_START] Processing 03FEB
2026-01-11 00:49:17 | INFO     | [lf.day.start] Processing ELQ-CAI for 03FEB
2026-01-11 00:49:18 | WARNING  | [lf.day.no_flights] No direct flights on 03FEB
2026-01-11 00:49:18 | INFO     | [SUCCESS] Day 03FEB
2026-01-11 00:49:18 | INFO     | [DAY_START] Processing 02FEB
2026-01-11 00:49:18 | INFO     | [lf.day.start] Processing ELQ-CAI for 02FEB
2026-01-11 00:49:19 | WARNING  | [lf.day.no_flights] No direct flights on 02FEB
2026-01-11 00:49:19 | INFO     | [SUCCESS] Day 02FEB
2026-01-11 00:49:19 | INFO     | [DAY_START] Processing 01FEB
2026-01-11 00:49:19 | INFO     | [lf.day.start] Processing ELQ-CAI for 01FEB
2026-01-11 00:49:20 | INFO     | [lf.day.flights_found] Found 1 flights on 01FEB
2026-01-11 00:49:22 | INFO     | [lf.flight.extracted] SM428 on 01FEB: BKG=16, LF=9.1%
2026-01-11 00:49:25 | INFO     | [SUCCESS] Day 01FEB
2026-01-11 00:49:25 | INFO     | [SUCCESS] LF Search Complete
2026-01-11 00:49:27 | INFO     | [Worker_9234] Completed: ELQ-CAI - 9 results, 0 errors
2026-01-11 00:49:27 | INFO     | [Worker_9234] Processing: CAI-JED
2026-01-11 00:49:27 | INFO     |   Tier 0: Range 2, Chunk 3/3 (9 days)
