2026-01-11 01:01:31 | INFO     | ======================================================================
2026-01-11 01:01:31 | INFO     | Load Factor Scraper Started - Route: HBE-MED
2026-01-11 01:01:31 | INFO     | Log file: D:\CODERED\LAB\Artifacts\outputs\run_generated_110126_at_00.36\logs\LF_HBE-MED_20260111_010131.log
2026-01-11 01:01:31 | INFO     | Enhanced logging: Capturing both logging.info() and print()
2026-01-11 01:01:31 | INFO     | ======================================================================
2026-01-11 01:01:31 | INFO     | Starting LF search for route: HBE-MED
2026-01-11 01:01:31 | INFO     | [START] LF Search
2026-01-11 01:01:33 | INFO     | [HEALTH CHECK] [OK] Chrome connection is healthy
2026-01-11 01:01:33 | INFO     | [DAY_START] Processing 20JAN
2026-01-11 01:01:33 | INFO     | [lf.day.start] Processing HBE-MED for 20JAN
2026-01-11 01:01:34 | INFO     | [lf.day.flights_found] Found 1 flights on 20JAN
2026-01-11 01:01:36 | INFO     | [lf.flight.extracted] SM485 on 20JAN: BKG=176, LF=98.3%
2026-01-11 01:01:43 | INFO     | [SUCCESS] Day 20JAN
2026-01-11 01:01:43 | INFO     | [DAY_START] Processing 19JAN
2026-01-11 01:01:43 | INFO     | [lf.day.start] Processing HBE-MED for 19JAN
2026-01-11 01:01:44 | WARNING  | [lf.day.no_flights] No direct flights on 19JAN
2026-01-11 01:01:44 | INFO     | [SUCCESS] Day 19JAN
2026-01-11 01:01:44 | INFO     | [DAY_START] Processing 18JAN
2026-01-11 01:01:44 | INFO     | [lf.day.start] Processing HBE-MED for 18JAN
2026-01-11 01:01:45 | INFO     | [lf.day.flights_found] Found 1 flights on 18JAN
2026-01-11 01:01:47 | INFO     | [lf.flight.extracted] SM485 on 18JAN: BKG=177, LF=98.9%
2026-01-11 01:01:53 | INFO     | [SUCCESS] Day 18JAN
2026-01-11 01:01:53 | INFO     | [DAY_START] Processing 17JAN
2026-01-11 01:01:53 | INFO     | [lf.day.start] Processing HBE-MED for 17JAN
2026-01-11 01:01:54 | WARNING  | [lf.day.no_flights] No direct flights on 17JAN
2026-01-11 01:01:54 | INFO     | [SUCCESS] Day 17JAN
2026-01-11 01:01:54 | INFO     | [DAY_START] Processing 16JAN
2026-01-11 01:01:54 | INFO     | [lf.day.start] Processing HBE-MED for 16JAN
2026-01-11 01:01:55 | WARNING  | [lf.day.no_flights] No direct flights on 16JAN
2026-01-11 01:01:55 | INFO     | [SUCCESS] Day 16JAN
2026-01-11 01:01:55 | INFO     | [DAY_START] Processing 15JAN
2026-01-11 01:01:55 | INFO     | [lf.day.start] Processing HBE-MED for 15JAN
2026-01-11 01:01:57 | INFO     | [lf.day.flights_found] Found 1 flights on 15JAN
2026-01-11 01:01:59 | INFO     | [lf.flight.extracted] SM485 on 15JAN: BKG=177, LF=98.9%
2026-01-11 01:02:04 | INFO     | [SUCCESS] Day 15JAN
2026-01-11 01:02:04 | INFO     | [DAY_START] Processing 14JAN
2026-01-11 01:02:04 | INFO     | [lf.day.start] Processing HBE-MED for 14JAN
2026-01-11 01:02:05 | INFO     | [lf.day.flights_found] Found 1 flights on 14JAN
2026-01-11 01:02:07 | INFO     | [lf.flight.extracted] SM485 on 14JAN: BKG=176, LF=98.3%
2026-01-11 01:02:13 | INFO     | [SUCCESS] Day 14JAN
2026-01-11 01:02:13 | INFO     | [DAY_START] Processing 13JAN
2026-01-11 01:02:13 | INFO     | [lf.day.start] Processing HBE-MED for 13JAN
2026-01-11 01:02:14 | INFO     | [lf.day.flights_found] Found 1 flights on 13JAN
2026-01-11 01:02:16 | INFO     | [lf.flight.extracted] SM485 on 13JAN: BKG=173, LF=96.7%
2026-01-11 01:02:22 | INFO     | [SUCCESS] Day 13JAN
2026-01-11 01:02:22 | INFO     | [DAY_START] Processing 12JAN
2026-01-11 01:02:22 | INFO     | [lf.day.start] Processing HBE-MED for 12JAN
2026-01-11 01:02:23 | WARNING  | [lf.day.no_flights] No direct flights on 12JAN
2026-01-11 01:02:23 | INFO     | [SUCCESS] Day 12JAN
2026-01-11 01:02:23 | INFO     | [SUCCESS] LF Search Complete
2026-01-11 01:02:26 | INFO     | [Worker_9226] Completed: HBE-MED - 9 results, 0 errors
2026-01-11 01:02:26 | INFO     | [Worker_9226] Processing: CAI-RUH
2026-01-11 01:02:26 | INFO     |   Tier 0: Range 1, Chunk 2/2 (10 days)
