2026-01-11 00:44:43 | INFO     | ======================================================================
2026-01-11 00:44:43 | INFO     | Load Factor Scraper Started - Route: HBE-MED
2026-01-11 00:44:43 | INFO     | Log file: D:\CODERED\LAB\Artifacts\outputs\run_generated_110126_at_00.36\logs\LF_HBE-MED_20260111_004443.log
2026-01-11 00:44:43 | INFO     | Enhanced logging: Capturing both logging.info() and print()
2026-01-11 00:44:43 | INFO     | ======================================================================
2026-01-11 00:44:43 | INFO     | Starting LF search for route: HBE-MED
2026-01-11 00:44:43 | INFO     | [START] LF Search
2026-01-11 00:44:45 | INFO     | [HEALTH CHECK] [OK] Chrome connection is healthy
2026-01-11 00:44:45 | INFO     | [DAY_START] Processing 18FEB
2026-01-11 00:44:45 | INFO     | [lf.day.start] Processing HBE-MED for 18FEB
2026-01-11 00:44:46 | INFO     | [lf.day.flights_found] Found 1 flights on 18FEB
2026-01-11 00:44:48 | INFO     | [lf.flight.extracted] SM485 on 18FEB: BKG=175, LF=97.8%
2026-01-11 00:44:51 | INFO     | [SUCCESS] Day 18FEB
2026-01-11 00:44:51 | INFO     | [DAY_START] Processing 17FEB
2026-01-11 00:44:51 | INFO     | [lf.day.start] Processing HBE-MED for 17FEB
2026-01-11 00:44:52 | INFO     | [lf.day.flights_found] Found 1 flights on 17FEB
2026-01-11 00:44:54 | INFO     | [lf.flight.extracted] SM485 on 17FEB: BKG=175, LF=97.8%
2026-01-11 00:44:58 | INFO     | [SUCCESS] Day 17FEB
2026-01-11 00:44:58 | INFO     | [DAY_START] Processing 16FEB
2026-01-11 00:44:58 | INFO     | [lf.day.start] Processing HBE-MED for 16FEB
2026-01-11 00:44:59 | WARNING  | [lf.day.no_flights] No direct flights on 16FEB
2026-01-11 00:44:59 | INFO     | [SUCCESS] Day 16FEB
2026-01-11 00:44:59 | INFO     | [DAY_START] Processing 15FEB
2026-01-11 00:44:59 | INFO     | [lf.day.start] Processing HBE-MED for 15FEB
2026-01-11 00:45:00 | INFO     | [lf.day.flights_found] Found 1 flights on 15FEB
2026-01-11 00:45:02 | INFO     | [lf.flight.extracted] SM485 on 15FEB: BKG=177, LF=98.9%
2026-01-11 00:45:04 | INFO     | [SUCCESS] Day 15FEB
2026-01-11 00:45:04 | INFO     | [DAY_START] Processing 14FEB
2026-01-11 00:45:04 | INFO     | [lf.day.start] Processing HBE-MED for 14FEB
2026-01-11 00:45:05 | WARNING  | [lf.day.no_flights] No direct flights on 14FEB
2026-01-11 00:45:06 | INFO     | [SUCCESS] Day 14FEB
2026-01-11 00:45:06 | INFO     | [DAY_START] Processing 13FEB
2026-01-11 00:45:06 | INFO     | [lf.day.start] Processing HBE-MED for 13FEB
2026-01-11 00:45:07 | INFO     | [lf.day.flights_found] Found 1 flights on 13FEB
2026-01-11 00:45:09 | INFO     | [lf.flight.extracted] SM973 on 13FEB: BKG=175, LF=97.8%
2026-01-11 00:45:11 | INFO     | [SUCCESS] Day 13FEB
2026-01-11 00:45:11 | INFO     | [DAY_START] Processing 12FEB
2026-01-11 00:45:11 | INFO     | [lf.day.start] Processing HBE-MED for 12FEB
2026-01-11 00:45:12 | INFO     | [lf.day.flights_found] Found 1 flights on 12FEB
2026-01-11 00:45:14 | INFO     | [lf.flight.extracted] SM485 on 12FEB: BKG=177, LF=98.9%
2026-01-11 00:45:17 | INFO     | [SUCCESS] Day 12FEB
2026-01-11 00:45:17 | INFO     | [DAY_START] Processing 11FEB
2026-01-11 00:45:17 | INFO     | [lf.day.start] Processing HBE-MED for 11FEB
2026-01-11 00:45:18 | INFO     | [lf.day.flights_found] Found 1 flights on 11FEB
2026-01-11 00:45:20 | INFO     | [lf.flight.extracted] SM485 on 11FEB: BKG=177, LF=98.9%
2026-01-11 00:45:23 | INFO     | [SUCCESS] Day 11FEB
2026-01-11 00:45:23 | INFO     | [DAY_START] Processing 10FEB
2026-01-11 00:45:23 | INFO     | [lf.day.start] Processing HBE-MED for 10FEB
2026-01-11 00:45:24 | INFO     | [lf.day.flights_found] Found 1 flights on 10FEB
2026-01-11 00:45:26 | INFO     | [lf.flight.extracted] SM485 on 10FEB: BKG=171, LF=95.5%
2026-01-11 00:45:28 | INFO     | [SUCCESS] Day 10FEB
2026-01-11 00:45:28 | INFO     | [SUCCESS] LF Search Complete
2026-01-11 00:45:30 | INFO     | [Worker_9223] Completed: HBE-MED - 9 results, 0 errors
2026-01-11 00:45:30 | INFO     | [Worker_9223] Processing: ATZ-RUH
2026-01-11 00:45:30 | INFO     |   Tier 0: Range 2, Chunk 2/3 (9 days)
