2026-01-11 00:51:46 | INFO     | ======================================================================
2026-01-11 00:51:46 | INFO     | Load Factor Scraper Started - Route: JED-HBE
2026-01-11 00:51:46 | INFO     | Log file: D:\CODERED\LAB\Artifacts\outputs\run_generated_110126_at_00.36\logs\LF_JED-HBE_20260111_005146.log
2026-01-11 00:51:46 | INFO     | Enhanced logging: Capturing both logging.info() and print()
2026-01-11 00:51:46 | INFO     | ======================================================================
2026-01-11 00:51:46 | INFO     | Starting LF search for route: JED-HBE
2026-01-11 00:51:46 | INFO     | [START] LF Search
2026-01-11 00:51:47 | INFO     | [HEALTH CHECK] [OK] Chrome connection is healthy
2026-01-11 00:51:47 | INFO     | [DAY_START] Processing 31JAN
2026-01-11 00:51:47 | INFO     | [lf.day.start] Processing JED-HBE for 31JAN
2026-01-11 00:51:48 | INFO     | [lf.day.flights_found] Found 2 flights on 31JAN
2026-01-11 00:51:50 | INFO     | [lf.flight.extracted] SM458 on 31JAN: BKG=168, LF=96.0%
2026-01-11 00:51:53 | INFO     | [lf.flight.extracted] SM452 on 31JAN: BKG=168, LF=96.0%
2026-01-11 00:52:03 | INFO     | [SUCCESS] Day 31JAN
2026-01-11 00:52:03 | INFO     | [DAY_START] Processing 30JAN
2026-01-11 00:52:03 | INFO     | [lf.day.start] Processing JED-HBE for 30JAN
2026-01-11 00:52:04 | INFO     | [lf.day.flights_found] Found 1 flights on 30JAN
2026-01-11 00:52:06 | INFO     | [lf.flight.extracted] SM452 on 30JAN: BKG=74, LF=42.3%
2026-01-11 00:52:11 | INFO     | [SUCCESS] Day 30JAN
2026-01-11 00:52:11 | INFO     | [DAY_START] Processing 29JAN
2026-01-11 00:52:11 | INFO     | [lf.day.start] Processing JED-HBE for 29JAN
2026-01-11 00:52:12 | INFO     | [lf.day.flights_found] Found 1 flights on 29JAN
2026-01-11 00:52:14 | INFO     | [lf.flight.extracted] SM452 on 29JAN: BKG=158, LF=90.3%
2026-01-11 00:52:18 | INFO     | [SUCCESS] Day 29JAN
2026-01-11 00:52:18 | INFO     | [DAY_START] Processing 28JAN
2026-01-11 00:52:18 | INFO     | [lf.day.start] Processing JED-HBE for 28JAN
2026-01-11 00:52:19 | INFO     | [lf.day.flights_found] Found 3 flights on 28JAN
2026-01-11 00:52:21 | INFO     | [lf.flight.extracted] SM452 on 28JAN: BKG=162, LF=92.6%
2026-01-11 00:52:24 | INFO     | [lf.flight.extracted] SM474 on 28JAN: BKG=168, LF=96.0%
2026-01-11 00:52:28 | INFO     | [lf.flight.extracted] SM458 on 28JAN: BKG=171, LF=97.7%
2026-01-11 00:52:44 | INFO     | [SUCCESS] Day 28JAN
2026-01-11 00:52:44 | INFO     | [DAY_START] Processing 27JAN
2026-01-11 00:52:44 | INFO     | [lf.day.start] Processing JED-HBE for 27JAN
2026-01-11 00:52:45 | INFO     | [lf.day.flights_found] Found 2 flights on 27JAN
2026-01-11 00:52:47 | INFO     | [lf.flight.extracted] SM958 on 27JAN: BKG=12, LF=7.2%
2026-01-11 00:52:50 | INFO     | [lf.flight.extracted] SM452 on 27JAN: BKG=165, LF=94.3%
2026-01-11 00:52:57 | INFO     | [SUCCESS] Day 27JAN
2026-01-11 00:52:57 | INFO     | [DAY_START] Processing 26JAN
2026-01-11 00:52:57 | INFO     | [lf.day.start] Processing JED-HBE for 26JAN
2026-01-11 00:52:58 | INFO     | [lf.day.flights_found] Found 5 flights on 26JAN
2026-01-11 00:53:00 | INFO     | [lf.flight.extracted] SM952 on 26JAN: BKG=102, LF=61.1%
2026-01-11 00:53:03 | INFO     | [lf.flight.extracted] SM954 on 26JAN: BKG=39, LF=22.3%
2026-01-11 00:53:07 | INFO     | [lf.flight.extracted] SM458 on 26JAN: BKG=152, LF=86.9%
2026-01-11 00:53:10 | INFO     | [lf.flight.extracted] SM452 on 26JAN: BKG=77, LF=44.0%
2026-01-11 00:53:14 | INFO     | [lf.flight.extracted] SM956 on 26JAN: BKG=94, LF=56.3%
2026-01-11 00:53:36 | INFO     | [SUCCESS] Day 26JAN
2026-01-11 00:53:36 | INFO     | [DAY_START] Processing 25JAN
2026-01-11 00:53:36 | INFO     | [lf.day.start] Processing JED-HBE for 25JAN
2026-01-11 00:53:37 | INFO     | [lf.day.flights_found] Found 2 flights on 25JAN
2026-01-11 00:53:39 | INFO     | [lf.flight.extracted] SM458 on 25JAN: BKG=165, LF=94.3%
2026-01-11 00:53:43 | INFO     | [lf.flight.extracted] SM452 on 25JAN: BKG=174, LF=99.4%
2026-01-11 00:53:56 | INFO     | [SUCCESS] Day 25JAN
2026-01-11 00:53:56 | INFO     | [DAY_START] Processing 24JAN
2026-01-11 00:53:56 | INFO     | [lf.day.start] Processing JED-HBE for 24JAN
2026-01-11 00:53:57 | INFO     | [lf.day.flights_found] Found 2 flights on 24JAN
2026-01-11 00:53:59 | INFO     | [lf.flight.extracted] SM458 on 24JAN: BKG=170, LF=97.1%
2026-01-11 00:54:03 | INFO     | [lf.flight.extracted] SM452 on 24JAN: BKG=164, LF=93.7%
2026-01-11 00:54:14 | INFO     | [SUCCESS] Day 24JAN
2026-01-11 00:54:14 | INFO     | [DAY_START] Processing 23JAN
2026-01-11 00:54:14 | INFO     | [lf.day.start] Processing JED-HBE for 23JAN
2026-01-11 00:54:15 | INFO     | [lf.day.flights_found] Found 1 flights on 23JAN
2026-01-11 00:54:17 | INFO     | [lf.flight.extracted] SM452 on 23JAN: BKG=64, LF=36.6%
2026-01-11 00:54:21 | INFO     | [SUCCESS] Day 23JAN
2026-01-11 00:54:21 | INFO     | [DAY_START] Processing 22JAN
2026-01-11 00:54:21 | INFO     | [lf.day.start] Processing JED-HBE for 22JAN
2026-01-11 00:54:22 | INFO     | [lf.day.flights_found] Found 1 flights on 22JAN
2026-01-11 00:54:24 | INFO     | [lf.flight.extracted] SM452 on 22JAN: BKG=155, LF=88.6%
2026-01-11 00:54:29 | INFO     | [SUCCESS] Day 22JAN
2026-01-11 00:54:29 | INFO     | [DAY_START] Processing 21JAN
2026-01-11 00:54:29 | INFO     | [lf.day.start] Processing JED-HBE for 21JAN
2026-01-11 00:54:31 | INFO     | [lf.day.flights_found] Found 3 flights on 21JAN
2026-01-11 00:54:33 | INFO     | [lf.flight.extracted] SM452 on 21JAN: BKG=136, LF=77.7%
2026-01-11 00:54:36 | INFO     | [lf.flight.extracted] SM474 on 21JAN: BKG=157, LF=89.7%
2026-01-11 00:54:40 | INFO     | [lf.flight.extracted] SM458 on 21JAN: BKG=170, LF=97.1%
2026-01-11 00:54:54 | INFO     | [SUCCESS] Day 21JAN
2026-01-11 00:54:54 | INFO     | [SUCCESS] LF Search Complete
2026-01-11 00:54:56 | INFO     | [Worker_9233] Completed: JED-HBE - 11 results, 0 errors
2026-01-11 00:54:56 | INFO     | [Worker_9233] Processing: CAI-JED
2026-01-11 00:54:56 | INFO     |   Tier 0: Range 1, Chunk 1/2 (11 days)
