2026-01-11 00:47:38 | INFO     | ======================================================================
2026-01-11 00:47:38 | INFO     | Load Factor Scraper Started - Route: JED-ASW
2026-01-11 00:47:38 | INFO     | Log file: D:\CODERED\LAB\Artifacts\outputs\run_generated_110126_at_00.36\logs\LF_JED-ASW_20260111_004738.log
2026-01-11 00:47:38 | INFO     | Enhanced logging: Capturing both logging.info() and print()
2026-01-11 00:47:38 | INFO     | ======================================================================
2026-01-11 00:47:38 | INFO     | Starting LF search for route: JED-ASW
2026-01-11 00:47:38 | INFO     | [START] LF Search
2026-01-11 00:47:39 | INFO     | [HEALTH CHECK] [OK] Chrome connection is healthy
2026-01-11 00:47:39 | INFO     | [DAY_START] Processing 09FEB
2026-01-11 00:47:39 | INFO     | [lf.day.start] Processing JED-ASW for 09FEB
2026-01-11 00:47:41 | INFO     | [lf.day.flights_found] Found 2 flights on 09FEB
2026-01-11 00:47:43 | INFO     | [lf.flight.extracted] SM426 on 09FEB: BKG=0, LF=0.0%
2026-01-11 00:47:46 | INFO     | [lf.flight.extracted] SM950 on 09FEB: BKG=0, LF=0.0%
2026-01-11 00:47:47 | INFO     | [SUCCESS] Day 09FEB
2026-01-11 00:47:47 | INFO     | [DAY_START] Processing 08FEB
2026-01-11 00:47:47 | INFO     | [lf.day.start] Processing JED-ASW for 08FEB
2026-01-11 00:47:48 | WARNING  | [lf.day.no_flights] No direct flights on 08FEB
2026-01-11 00:47:48 | INFO     | [SUCCESS] Day 08FEB
2026-01-11 00:47:48 | INFO     | [DAY_START] Processing 07FEB
2026-01-11 00:47:48 | INFO     | [lf.day.start] Processing JED-ASW for 07FEB
2026-01-11 00:47:49 | WARNING  | [lf.day.no_flights] No direct flights on 07FEB
2026-01-11 00:47:49 | INFO     | [SUCCESS] Day 07FEB
2026-01-11 00:47:49 | INFO     | [DAY_START] Processing 06FEB
2026-01-11 00:47:49 | INFO     | [lf.day.start] Processing JED-ASW for 06FEB
2026-01-11 00:47:50 | WARNING  | [lf.day.no_flights] No direct flights on 06FEB
2026-01-11 00:47:51 | INFO     | [SUCCESS] Day 06FEB
2026-01-11 00:47:51 | INFO     | [DAY_START] Processing 05FEB
2026-01-11 00:47:51 | INFO     | [lf.day.start] Processing JED-ASW for 05FEB
2026-01-11 00:47:52 | WARNING  | [lf.day.no_flights] No direct flights on 05FEB
2026-01-11 00:47:52 | INFO     | [SUCCESS] Day 05FEB
2026-01-11 00:47:52 | INFO     | [DAY_START] Processing 04FEB
2026-01-11 00:47:52 | INFO     | [lf.day.start] Processing JED-ASW for 04FEB
2026-01-11 00:47:53 | WARNING  | [lf.day.no_flights] No direct flights on 04FEB
2026-01-11 00:47:53 | INFO     | [SUCCESS] Day 04FEB
2026-01-11 00:47:53 | INFO     | [DAY_START] Processing 03FEB
2026-01-11 00:47:53 | INFO     | [lf.day.start] Processing JED-ASW for 03FEB
2026-01-11 00:47:54 | WARNING  | [lf.day.no_flights] No direct flights on 03FEB
2026-01-11 00:47:54 | INFO     | [SUCCESS] Day 03FEB
2026-01-11 00:47:54 | INFO     | [DAY_START] Processing 02FEB
2026-01-11 00:47:54 | INFO     | [lf.day.start] Processing JED-ASW for 02FEB
2026-01-11 00:47:55 | WARNING  | [lf.day.no_flights] No direct flights on 02FEB
2026-01-11 00:47:56 | INFO     | [SUCCESS] Day 02FEB
2026-01-11 00:47:56 | INFO     | [DAY_START] Processing 01FEB
2026-01-11 00:47:56 | INFO     | [lf.day.start] Processing JED-ASW for 01FEB
2026-01-11 00:48:00 | WARNING  | [lf.day.no_flights] No direct flights on 01FEB
2026-01-11 00:48:00 | INFO     | [SUCCESS] Day 01FEB
2026-01-11 00:48:00 | INFO     | [SUCCESS] LF Search Complete
2026-01-11 00:48:02 | INFO     | [Worker_9222] Completed: JED-ASW - 9 results, 0 errors
2026-01-11 00:48:02 | INFO     | [Worker_9222] Processing: DMM-ATZ
2026-01-11 00:48:02 | INFO     |   Tier 0: Range 2, Chunk 3/3 (9 days)
