2026-01-11 00:42:09 | INFO     | ======================================================================
2026-01-11 00:42:09 | INFO     | Load Factor Scraper Started - Route: JED-HBE
2026-01-11 00:42:09 | INFO     | Log file: D:\CODERED\LAB\Artifacts\outputs\run_generated_110126_at_00.36\logs\LF_JED-HBE_20260111_004209.log
2026-01-11 00:42:09 | INFO     | Enhanced logging: Capturing both logging.info() and print()
2026-01-11 00:42:09 | INFO     | ======================================================================
2026-01-11 00:42:09 | INFO     | Starting LF search for route: JED-HBE
2026-01-11 00:42:09 | INFO     | [START] LF Search
2026-01-11 00:42:10 | INFO     | [HEALTH CHECK] [OK] Chrome connection is healthy
2026-01-11 00:42:11 | INFO     | [DAY_START] Processing 18FEB
2026-01-11 00:42:11 | INFO     | [lf.day.start] Processing JED-HBE for 18FEB
2026-01-11 00:42:12 | INFO     | [lf.day.flights_found] Found 4 flights on 18FEB
2026-01-11 00:42:14 | INFO     | [lf.flight.extracted] SM958 on 18FEB: BKG=0, LF=0.0%
2026-01-11 00:42:17 | INFO     | [lf.flight.extracted] SM452 on 18FEB: BKG=93, LF=55.4%
2026-01-11 00:42:20 | INFO     | [lf.flight.extracted] SM474 on 18FEB: BKG=164, LF=95.3%
2026-01-11 00:42:23 | INFO     | [lf.flight.extracted] SM458 on 18FEB: BKG=6, LF=3.6%
2026-01-11 00:42:28 | INFO     | [SUCCESS] Day 18FEB
2026-01-11 00:42:28 | INFO     | [DAY_START] Processing 17FEB
2026-01-11 00:42:28 | INFO     | [lf.day.start] Processing JED-HBE for 17FEB
2026-01-11 00:42:29 | INFO     | [lf.day.flights_found] Found 2 flights on 17FEB
2026-01-11 00:42:31 | INFO     | [lf.flight.extracted] SM974 on 17FEB: BKG=2, LF=1.2%
2026-01-11 00:42:35 | INFO     | [lf.flight.extracted] SM452 on 17FEB: BKG=97, LF=55.4%
2026-01-11 00:42:38 | INFO     | [SUCCESS] Day 17FEB
2026-01-11 00:42:38 | INFO     | [DAY_START] Processing 16FEB
2026-01-11 00:42:38 | INFO     | [lf.day.start] Processing JED-HBE for 16FEB
2026-01-11 00:42:40 | INFO     | [lf.day.flights_found] Found 4 flights on 16FEB
2026-01-11 00:42:40 | INFO     | [lf.flight.extracted] SM2454 on 16FEB: BKG=0, LF=0.0%
2026-01-11 00:42:44 | INFO     | [lf.flight.extracted] SM458 on 16FEB: BKG=9, LF=5.1%
2026-01-11 00:42:48 | INFO     | [lf.flight.extracted] SM2456 on 16FEB: BKG=0, LF=0.0%
2026-01-11 00:42:51 | INFO     | [lf.flight.extracted] SM452 on 16FEB: BKG=16, LF=9.1%
2026-01-11 00:42:56 | INFO     | [SUCCESS] Day 16FEB
2026-01-11 00:42:56 | INFO     | [DAY_START] Processing 15FEB
2026-01-11 00:42:56 | INFO     | [lf.day.start] Processing JED-HBE for 15FEB
2026-01-11 00:42:57 | INFO     | [lf.day.flights_found] Found 3 flights on 15FEB
2026-01-11 00:42:59 | INFO     | [lf.flight.extracted] SM458 on 15FEB: BKG=66, LF=37.7%
2026-01-11 00:43:02 | INFO     | [lf.flight.extracted] SM452 on 15FEB: BKG=21, LF=12.0%
2026-01-11 00:43:06 | INFO     | [lf.flight.extracted] SM974 on 15FEB: BKG=9, LF=5.4%
2026-01-11 00:43:13 | INFO     | [SUCCESS] Day 15FEB
2026-01-11 00:43:13 | INFO     | [DAY_START] Processing 14FEB
2026-01-11 00:43:13 | INFO     | [lf.day.start] Processing JED-HBE for 14FEB
2026-01-11 00:43:14 | INFO     | [lf.day.flights_found] Found 4 flights on 14FEB
2026-01-11 00:43:17 | INFO     | [lf.flight.extracted] SM978 on 14FEB: BKG=12, LF=7.2%
2026-01-11 00:43:20 | INFO     | [lf.flight.extracted] SM458 on 14FEB: BKG=90, LF=51.4%
2026-01-11 00:43:24 | INFO     | [lf.flight.extracted] SM452 on 14FEB: BKG=111, LF=66.1%
2026-01-11 00:43:27 | INFO     | [lf.flight.extracted] SM980 on 14FEB: BKG=11, LF=6.6%
2026-01-11 00:43:34 | INFO     | [SUCCESS] Day 14FEB
2026-01-11 00:43:34 | INFO     | [DAY_START] Processing 13FEB
2026-01-11 00:43:34 | INFO     | [lf.day.start] Processing JED-HBE for 13FEB
2026-01-11 00:43:35 | INFO     | [lf.day.flights_found] Found 2 flights on 13FEB
2026-01-11 00:43:37 | INFO     | [lf.flight.extracted] SM452 on 13FEB: BKG=87, LF=49.7%
2026-01-11 00:43:41 | INFO     | [lf.flight.extracted] SM952 on 13FEB: BKG=14, LF=8.4%
2026-01-11 00:43:47 | INFO     | [SUCCESS] Day 13FEB
2026-01-11 00:43:47 | INFO     | [DAY_START] Processing 12FEB
2026-01-11 00:43:47 | INFO     | [lf.day.start] Processing JED-HBE for 12FEB
2026-01-11 00:43:48 | INFO     | [lf.day.flights_found] Found 1 flights on 12FEB
2026-01-11 00:43:50 | INFO     | [lf.flight.extracted] SM452 on 12FEB: BKG=168, LF=96.0%
2026-01-11 00:43:53 | INFO     | [SUCCESS] Day 12FEB
2026-01-11 00:43:53 | INFO     | [DAY_START] Processing 11FEB
2026-01-11 00:43:53 | INFO     | [lf.day.start] Processing JED-HBE for 11FEB
2026-01-11 00:43:54 | INFO     | [lf.day.flights_found] Found 3 flights on 11FEB
2026-01-11 00:43:56 | INFO     | [lf.flight.extracted] SM452 on 11FEB: BKG=168, LF=96.0%
2026-01-11 00:44:00 | INFO     | [lf.flight.extracted] SM474 on 11FEB: BKG=163, LF=93.1%
2026-01-11 00:44:03 | INFO     | [lf.flight.extracted] SM458 on 11FEB: BKG=178, LF=101.7%
2026-01-11 00:44:14 | INFO     | [SUCCESS] Day 11FEB
2026-01-11 00:44:14 | INFO     | [DAY_START] Processing 10FEB
2026-01-11 00:44:14 | INFO     | [lf.day.start] Processing JED-HBE for 10FEB
2026-01-11 00:44:16 | INFO     | [lf.day.flights_found] Found 2 flights on 10FEB
2026-01-11 00:44:19 | INFO     | [lf.flight.extracted] SM472 on 10FEB: BKG=146, LF=83.4%
2026-01-11 00:44:23 | INFO     | [lf.flight.extracted] SM452 on 10FEB: BKG=168, LF=96.0%
2026-01-11 00:44:30 | INFO     | [SUCCESS] Day 10FEB
2026-01-11 00:44:30 | INFO     | [SUCCESS] LF Search Complete
2026-01-11 00:44:32 | INFO     | [Worker_9222] Completed: JED-HBE - 9 results, 0 errors
2026-01-11 00:44:32 | INFO     | [Worker_9222] Processing: CAI-MED
2026-01-11 00:44:32 | INFO     |   Tier 0: Range 2, Chunk 2/3 (9 days)
