2026-01-11 01:02:06 | INFO     | ======================================================================
2026-01-11 01:02:06 | INFO     | Load Factor Scraper Started - Route: LXR-JED
2026-01-11 01:02:06 | INFO     | Log file: D:\CODERED\LAB\Artifacts\outputs\run_generated_110126_at_00.36\logs\LF_LXR-JED_20260111_010206.log
2026-01-11 01:02:06 | INFO     | Enhanced logging: Capturing both logging.info() and print()
2026-01-11 01:02:06 | INFO     | ======================================================================
2026-01-11 01:02:06 | INFO     | Starting LF search for route: LXR-JED
2026-01-11 01:02:06 | INFO     | [START] LF Search
2026-01-11 01:02:07 | INFO     | [HEALTH CHECK] [OK] Chrome connection is healthy
2026-01-11 01:02:07 | INFO     | [DAY_START] Processing 20JAN
2026-01-11 01:02:07 | INFO     | [lf.day.start] Processing LXR-JED for 20JAN
2026-01-11 01:02:08 | INFO     | [lf.day.flights_found] Found 3 flights on 20JAN
2026-01-11 01:02:10 | INFO     | [lf.flight.extracted] SM429 on 20JAN: BKG=0, LF=0.0%
2026-01-11 01:02:14 | INFO     | [lf.flight.extracted] SM483 on 20JAN: BKG=0, LF=0.0%
2026-01-11 01:02:17 | INFO     | [lf.flight.extracted] SM981 on 20JAN: BKG=0, LF=0.0%
2026-01-11 01:02:19 | INFO     | [SUCCESS] Day 20JAN
2026-01-11 01:02:19 | INFO     | [DAY_START] Processing 19JAN
2026-01-11 01:02:19 | INFO     | [lf.day.start] Processing LXR-JED for 19JAN
2026-01-11 01:02:20 | INFO     | [lf.day.flights_found] Found 1 flights on 19JAN
2026-01-11 01:02:22 | INFO     | [lf.flight.extracted] SM481 on 19JAN: BKG=0, LF=0.0%
2026-01-11 01:02:23 | INFO     | [SUCCESS] Day 19JAN
2026-01-11 01:02:23 | INFO     | [DAY_START] Processing 18JAN
2026-01-11 01:02:23 | INFO     | [lf.day.start] Processing LXR-JED for 18JAN
2026-01-11 01:02:25 | WARNING  | [lf.day.no_flights] No direct flights on 18JAN
2026-01-11 01:02:25 | INFO     | [SUCCESS] Day 18JAN
2026-01-11 01:02:25 | INFO     | [DAY_START] Processing 17JAN
2026-01-11 01:02:25 | INFO     | [lf.day.start] Processing LXR-JED for 17JAN
2026-01-11 01:02:26 | WARNING  | [lf.day.no_flights] No direct flights on 17JAN
2026-01-11 01:02:26 | INFO     | [SUCCESS] Day 17JAN
2026-01-11 01:02:26 | INFO     | [DAY_START] Processing 16JAN
2026-01-11 01:02:26 | INFO     | [lf.day.start] Processing LXR-JED for 16JAN
2026-01-11 01:02:27 | WARNING  | [lf.day.no_flights] No direct flights on 16JAN
2026-01-11 01:02:27 | INFO     | [SUCCESS] Day 16JAN
2026-01-11 01:02:27 | INFO     | [DAY_START] Processing 15JAN
2026-01-11 01:02:27 | INFO     | [lf.day.start] Processing LXR-JED for 15JAN
2026-01-11 01:02:28 | WARNING  | [lf.day.no_flights] No direct flights on 15JAN
2026-01-11 01:02:29 | INFO     | [SUCCESS] Day 15JAN
2026-01-11 01:02:29 | INFO     | [DAY_START] Processing 14JAN
2026-01-11 01:02:29 | INFO     | [lf.day.start] Processing LXR-JED for 14JAN
2026-01-11 01:02:30 | INFO     | [lf.day.flights_found] Found 1 flights on 14JAN
2026-01-11 01:02:32 | INFO     | [lf.flight.extracted] SM961 on 14JAN: BKG=180, LF=102.3%
2026-01-11 01:02:35 | INFO     | [SUCCESS] Day 14JAN
2026-01-11 01:02:35 | INFO     | [DAY_START] Processing 13JAN
2026-01-11 01:02:35 | INFO     | [lf.day.start] Processing LXR-JED for 13JAN
2026-01-11 01:02:36 | INFO     | [lf.day.flights_found] Found 4 flights on 13JAN
2026-01-11 01:02:38 | INFO     | [lf.flight.extracted] SM429 on 13JAN: BKG=180, LF=102.3%
2026-01-11 01:02:42 | INFO     | [lf.flight.extracted] SM483 on 13JAN: BKG=180, LF=102.3%
2026-01-11 01:02:45 | INFO     | [lf.flight.extracted] SM981 on 13JAN: BKG=180, LF=100.6%
2026-01-11 01:02:49 | INFO     | [lf.flight.extracted] SM959 on 13JAN: BKG=180, LF=102.3%
2026-01-11 01:02:55 | INFO     | [SUCCESS] Day 13JAN
2026-01-11 01:02:55 | INFO     | [DAY_START] Processing 12JAN
2026-01-11 01:02:55 | INFO     | [lf.day.start] Processing LXR-JED for 12JAN
2026-01-11 01:02:56 | INFO     | [lf.day.flights_found] Found 1 flights on 12JAN
2026-01-11 01:02:58 | INFO     | [lf.flight.extracted] SM481 on 12JAN: BKG=180, LF=102.3%
2026-01-11 01:03:01 | INFO     | [SUCCESS] Day 12JAN
2026-01-11 01:03:01 | INFO     | [SUCCESS] LF Search Complete
2026-01-11 01:03:03 | INFO     | [Worker_9233] Completed: LXR-JED - 9 results, 0 errors
2026-01-11 01:03:03 | INFO     | [Worker_9233] Processing: CAI-TUU
2026-01-11 01:03:03 | INFO     |   Tier 0: Range 1, Chunk 2/2 (10 days)
