2026-01-11 00:51:39 | INFO     | ======================================================================
2026-01-11 00:51:39 | INFO     | Load Factor Scraper Started - Route: MED-ATZ
2026-01-11 00:51:39 | INFO     | Log file: D:\CODERED\LAB\Artifacts\outputs\run_generated_110126_at_00.36\logs\LF_MED-ATZ_20260111_005139.log
2026-01-11 00:51:39 | INFO     | Enhanced logging: Capturing both logging.info() and print()
2026-01-11 00:51:39 | INFO     | ======================================================================
2026-01-11 00:51:39 | INFO     | Starting LF search for route: MED-ATZ
2026-01-11 00:51:39 | INFO     | [START] LF Search
2026-01-11 00:51:40 | INFO     | [HEALTH CHECK] [OK] Chrome connection is healthy
2026-01-11 00:51:40 | INFO     | [DAY_START] Processing 31JAN
2026-01-11 00:51:40 | INFO     | [lf.day.start] Processing MED-ATZ for 31JAN
2026-01-11 00:51:41 | INFO     | [lf.day.flights_found] Found 1 flights on 31JAN
2026-01-11 00:51:43 | INFO     | [lf.flight.extracted] SM488 on 31JAN: BKG=169, LF=96.6%
2026-01-11 00:51:49 | INFO     | [SUCCESS] Day 31JAN
2026-01-11 00:51:49 | INFO     | [DAY_START] Processing 30JAN
2026-01-11 00:51:49 | INFO     | [lf.day.start] Processing MED-ATZ for 30JAN
2026-01-11 00:51:50 | WARNING  | [lf.day.no_flights] No direct flights on 30JAN
2026-01-11 00:51:51 | INFO     | [SUCCESS] Day 30JAN
2026-01-11 00:51:51 | INFO     | [DAY_START] Processing 29JAN
2026-01-11 00:51:51 | INFO     | [lf.day.start] Processing MED-ATZ for 29JAN
2026-01-11 00:51:52 | WARNING  | [lf.day.no_flights] No direct flights on 29JAN
2026-01-11 00:51:52 | INFO     | [SUCCESS] Day 29JAN
2026-01-11 00:51:52 | INFO     | [DAY_START] Processing 28JAN
2026-01-11 00:51:52 | INFO     | [lf.day.start] Processing MED-ATZ for 28JAN
2026-01-11 00:51:53 | INFO     | [lf.day.flights_found] Found 1 flights on 28JAN
2026-01-11 00:51:55 | INFO     | [lf.flight.extracted] SM490 on 28JAN: BKG=70, LF=40.0%
2026-01-11 00:52:00 | INFO     | [SUCCESS] Day 28JAN
2026-01-11 00:52:00 | INFO     | [DAY_START] Processing 27JAN
2026-01-11 00:52:00 | INFO     | [lf.day.start] Processing MED-ATZ for 27JAN
2026-01-11 00:52:00 | INFO     | [lf.day.flights_found] Found 1 flights on 27JAN
2026-01-11 00:52:03 | INFO     | [lf.flight.extracted] SM488 on 27JAN: BKG=40, LF=22.9%
2026-01-11 00:52:06 | INFO     | [SUCCESS] Day 27JAN
2026-01-11 00:52:06 | INFO     | [DAY_START] Processing 26JAN
2026-01-11 00:52:06 | INFO     | [lf.day.start] Processing MED-ATZ for 26JAN
2026-01-11 00:52:07 | INFO     | [lf.day.flights_found] Found 1 flights on 26JAN
2026-01-11 00:52:09 | INFO     | [lf.flight.extracted] SM488 on 26JAN: BKG=77, LF=45.8%
2026-01-11 00:52:14 | INFO     | [SUCCESS] Day 26JAN
2026-01-11 00:52:14 | INFO     | [DAY_START] Processing 25JAN
2026-01-11 00:52:14 | INFO     | [lf.day.start] Processing MED-ATZ for 25JAN
2026-01-11 00:52:15 | WARNING  | [lf.day.no_flights] No direct flights on 25JAN
2026-01-11 00:52:15 | INFO     | [SUCCESS] Day 25JAN
2026-01-11 00:52:15 | INFO     | [DAY_START] Processing 24JAN
2026-01-11 00:52:15 | INFO     | [lf.day.start] Processing MED-ATZ for 24JAN
2026-01-11 00:52:16 | INFO     | [lf.day.flights_found] Found 1 flights on 24JAN
2026-01-11 00:52:18 | INFO     | [lf.flight.extracted] SM488 on 24JAN: BKG=105, LF=60.0%
2026-01-11 00:52:25 | INFO     | [SUCCESS] Day 24JAN
2026-01-11 00:52:25 | INFO     | [DAY_START] Processing 23JAN
2026-01-11 00:52:25 | INFO     | [lf.day.start] Processing MED-ATZ for 23JAN
2026-01-11 00:52:26 | WARNING  | [lf.day.no_flights] No direct flights on 23JAN
2026-01-11 00:52:27 | INFO     | [SUCCESS] Day 23JAN
2026-01-11 00:52:27 | INFO     | [DAY_START] Processing 22JAN
2026-01-11 00:52:27 | INFO     | [lf.day.start] Processing MED-ATZ for 22JAN
2026-01-11 00:52:28 | WARNING  | [lf.day.no_flights] No direct flights on 22JAN
2026-01-11 00:52:28 | INFO     | [SUCCESS] Day 22JAN
2026-01-11 00:52:28 | INFO     | [DAY_START] Processing 21JAN
2026-01-11 00:52:28 | INFO     | [lf.day.start] Processing MED-ATZ for 21JAN
2026-01-11 00:52:29 | INFO     | [lf.day.flights_found] Found 1 flights on 21JAN
2026-01-11 00:52:32 | INFO     | [lf.flight.extracted] SM490 on 21JAN: BKG=60, LF=34.3%
2026-01-11 00:52:38 | INFO     | [SUCCESS] Day 21JAN
2026-01-11 00:52:38 | INFO     | [SUCCESS] LF Search Complete
2026-01-11 00:52:40 | INFO     | [Worker_9226] Completed: MED-ATZ - 11 results, 0 errors
2026-01-11 00:52:40 | INFO     | [Worker_9226] Processing: RUH-ATZ
2026-01-11 00:52:40 | INFO     |   Tier 0: Range 1, Chunk 1/2 (11 days)
