2026-01-11 00:41:54 | INFO     | ======================================================================
2026-01-11 00:41:54 | INFO     | Load Factor Scraper Started - Route: MED-CAI
2026-01-11 00:41:54 | INFO     | Log file: D:\CODERED\LAB\Artifacts\outputs\run_generated_110126_at_00.36\logs\LF_MED-CAI_20260111_004154.log
2026-01-11 00:41:54 | INFO     | Enhanced logging: Capturing both logging.info() and print()
2026-01-11 00:41:54 | INFO     | ======================================================================
2026-01-11 00:41:54 | INFO     | Starting LF search for route: MED-CAI
2026-01-11 00:41:54 | INFO     | [START] LF Search
2026-01-11 00:41:55 | INFO     | [HEALTH CHECK] [OK] Chrome connection is healthy
2026-01-11 00:41:55 | INFO     | [DAY_START] Processing 18FEB
2026-01-11 00:41:56 | INFO     | [lf.day.start] Processing MED-CAI for 18FEB
2026-01-11 00:41:56 | INFO     | [lf.day.flights_found] Found 2 flights on 18FEB
2026-01-11 00:41:59 | INFO     | [lf.flight.extracted] SM952 on 18FEB: BKG=0, LF=0.0%
2026-01-11 00:42:02 | INFO     | [lf.flight.extracted] SM954 on 18FEB: BKG=0, LF=0.0%
2026-01-11 00:42:03 | INFO     | [SUCCESS] Day 18FEB
2026-01-11 00:42:03 | INFO     | [DAY_START] Processing 17FEB
2026-01-11 00:42:03 | INFO     | [lf.day.start] Processing MED-CAI for 17FEB
2026-01-11 00:42:04 | INFO     | [lf.day.flights_found] Found 3 flights on 17FEB
2026-01-11 00:42:06 | INFO     | [lf.flight.extracted] SM496 on 17FEB: BKG=16, LF=9.3%
2026-01-11 00:42:10 | INFO     | [lf.flight.extracted] SM972 on 17FEB: BKG=2, LF=1.2%
2026-01-11 00:42:13 | INFO     | [lf.flight.extracted] SM494 on 17FEB: BKG=7, LF=4.0%
2026-01-11 00:42:19 | INFO     | [SUCCESS] Day 17FEB
2026-01-11 00:42:19 | INFO     | [DAY_START] Processing 16FEB
2026-01-11 00:42:19 | INFO     | [lf.day.start] Processing MED-CAI for 16FEB
2026-01-11 00:42:20 | INFO     | [lf.day.flights_found] Found 1 flights on 16FEB
2026-01-11 00:42:22 | INFO     | [lf.flight.extracted] SM972 on 16FEB: BKG=31, LF=18.6%
2026-01-11 00:42:25 | INFO     | [SUCCESS] Day 16FEB
2026-01-11 00:42:25 | INFO     | [DAY_START] Processing 15FEB
2026-01-11 00:42:25 | INFO     | [lf.day.start] Processing MED-CAI for 15FEB
2026-01-11 00:42:26 | INFO     | [lf.day.flights_found] Found 1 flights on 15FEB
2026-01-11 00:42:28 | INFO     | [lf.flight.extracted] SM494 on 15FEB: BKG=47, LF=27.3%
2026-01-11 00:42:32 | INFO     | [SUCCESS] Day 15FEB
2026-01-11 00:42:32 | INFO     | [DAY_START] Processing 14FEB
2026-01-11 00:42:32 | INFO     | [lf.day.start] Processing MED-CAI for 14FEB
2026-01-11 00:42:33 | INFO     | [lf.day.flights_found] Found 1 flights on 14FEB
2026-01-11 00:42:35 | INFO     | [lf.flight.extracted] SM494 on 14FEB: BKG=56, LF=32.0%
2026-01-11 00:42:39 | INFO     | [SUCCESS] Day 14FEB
2026-01-11 00:42:39 | INFO     | [DAY_START] Processing 13FEB
2026-01-11 00:42:39 | INFO     | [lf.day.start] Processing MED-CAI for 13FEB
2026-01-11 00:42:40 | INFO     | [lf.day.flights_found] Found 1 flights on 13FEB
2026-01-11 00:42:42 | INFO     | [lf.flight.extracted] SM972 on 13FEB: BKG=0, LF=0.0%
2026-01-11 00:42:43 | INFO     | [SUCCESS] Day 13FEB
2026-01-11 00:42:43 | INFO     | [DAY_START] Processing 12FEB
2026-01-11 00:42:43 | INFO     | [lf.day.start] Processing MED-CAI for 12FEB
2026-01-11 00:42:44 | INFO     | [lf.day.flights_found] Found 1 flights on 12FEB
2026-01-11 00:42:47 | INFO     | [lf.flight.extracted] SM494 on 12FEB: BKG=168, LF=97.7%
2026-01-11 00:42:51 | INFO     | [SUCCESS] Day 12FEB
2026-01-11 00:42:51 | INFO     | [DAY_START] Processing 11FEB
2026-01-11 00:42:51 | INFO     | [lf.day.start] Processing MED-CAI for 11FEB
2026-01-11 00:42:52 | WARNING  | [lf.day.no_flights] No direct flights on 11FEB
2026-01-11 00:42:52 | INFO     | [SUCCESS] Day 11FEB
2026-01-11 00:42:52 | INFO     | [DAY_START] Processing 10FEB
2026-01-11 00:42:52 | INFO     | [lf.day.start] Processing MED-CAI for 10FEB
2026-01-11 00:42:54 | INFO     | [lf.day.flights_found] Found 2 flights on 10FEB
2026-01-11 00:42:56 | INFO     | [lf.flight.extracted] SM496 on 10FEB: BKG=168, LF=96.0%
2026-01-11 00:43:01 | INFO     | [lf.flight.extracted] SM494 on 10FEB: BKG=169, LF=96.6%
2026-01-11 00:43:06 | INFO     | [SUCCESS] Day 10FEB
2026-01-11 00:43:06 | INFO     | [SUCCESS] LF Search Complete
2026-01-11 00:43:08 | INFO     | [Worker_9227] Completed: MED-CAI - 9 results, 0 errors
2026-01-11 00:43:08 | INFO     | [Worker_9227] Processing: DMM-CAI
2026-01-11 00:43:08 | INFO     |   Tier 0: Range 2, Chunk 2/3 (9 days)
