2026-01-11 00:42:01 | INFO     | ======================================================================
2026-01-11 00:42:01 | INFO     | Load Factor Scraper Started - Route: MED-HBE
2026-01-11 00:42:01 | INFO     | Log file: D:\CODERED\LAB\Artifacts\outputs\run_generated_110126_at_00.36\logs\LF_MED-HBE_20260111_004201.log
2026-01-11 00:42:01 | INFO     | Enhanced logging: Capturing both logging.info() and print()
2026-01-11 00:42:01 | INFO     | ======================================================================
2026-01-11 00:42:01 | INFO     | Starting LF search for route: MED-HBE
2026-01-11 00:42:01 | INFO     | [START] LF Search
2026-01-11 00:42:02 | INFO     | [HEALTH CHECK] [OK] Chrome connection is healthy
2026-01-11 00:42:02 | INFO     | [DAY_START] Processing 18FEB
2026-01-11 00:42:02 | INFO     | [lf.day.start] Processing MED-HBE for 18FEB
2026-01-11 00:42:03 | INFO     | [lf.day.flights_found] Found 1 flights on 18FEB
2026-01-11 00:42:05 | INFO     | [lf.flight.extracted] SM486 on 18FEB: BKG=92, LF=52.6%
2026-01-11 00:42:07 | INFO     | [SUCCESS] Day 18FEB
2026-01-11 00:42:07 | INFO     | [DAY_START] Processing 17FEB
2026-01-11 00:42:07 | INFO     | [lf.day.start] Processing MED-HBE for 17FEB
2026-01-11 00:42:08 | INFO     | [lf.day.flights_found] Found 1 flights on 17FEB
2026-01-11 00:42:10 | INFO     | [lf.flight.extracted] SM486 on 17FEB: BKG=18, LF=10.3%
2026-01-11 00:42:13 | INFO     | [SUCCESS] Day 17FEB
2026-01-11 00:42:13 | INFO     | [DAY_START] Processing 16FEB
2026-01-11 00:42:13 | INFO     | [lf.day.start] Processing MED-HBE for 16FEB
2026-01-11 00:42:14 | WARNING  | [lf.day.no_flights] No direct flights on 16FEB
2026-01-11 00:42:14 | INFO     | [SUCCESS] Day 16FEB
2026-01-11 00:42:14 | INFO     | [DAY_START] Processing 15FEB
2026-01-11 00:42:14 | INFO     | [lf.day.start] Processing MED-HBE for 15FEB
2026-01-11 00:42:15 | INFO     | [lf.day.flights_found] Found 1 flights on 15FEB
2026-01-11 00:42:17 | INFO     | [lf.flight.extracted] SM486 on 15FEB: BKG=45, LF=25.7%
2026-01-11 00:42:21 | INFO     | [SUCCESS] Day 15FEB
2026-01-11 00:42:21 | INFO     | [DAY_START] Processing 14FEB
2026-01-11 00:42:21 | INFO     | [lf.day.start] Processing MED-HBE for 14FEB
2026-01-11 00:42:22 | WARNING  | [lf.day.no_flights] No direct flights on 14FEB
2026-01-11 00:42:22 | INFO     | [SUCCESS] Day 14FEB
2026-01-11 00:42:22 | INFO     | [DAY_START] Processing 13FEB
2026-01-11 00:42:22 | INFO     | [lf.day.start] Processing MED-HBE for 13FEB
2026-01-11 00:42:23 | INFO     | [lf.day.flights_found] Found 1 flights on 13FEB
2026-01-11 00:42:25 | INFO     | [lf.flight.extracted] SM974 on 13FEB: BKG=52, LF=31.1%
2026-01-11 00:42:27 | INFO     | [SUCCESS] Day 13FEB
2026-01-11 00:42:27 | INFO     | [DAY_START] Processing 12FEB
2026-01-11 00:42:27 | INFO     | [lf.day.start] Processing MED-HBE for 12FEB
2026-01-11 00:42:28 | INFO     | [lf.day.flights_found] Found 1 flights on 12FEB
2026-01-11 00:42:30 | INFO     | [lf.flight.extracted] SM486 on 12FEB: BKG=168, LF=96.0%
2026-01-11 00:42:33 | INFO     | [SUCCESS] Day 12FEB
2026-01-11 00:42:33 | INFO     | [DAY_START] Processing 11FEB
2026-01-11 00:42:33 | INFO     | [lf.day.start] Processing MED-HBE for 11FEB
2026-01-11 00:42:34 | INFO     | [lf.day.flights_found] Found 1 flights on 11FEB
2026-01-11 00:42:36 | INFO     | [lf.flight.extracted] SM486 on 11FEB: BKG=162, LF=92.6%
2026-01-11 00:42:40 | INFO     | [SUCCESS] Day 11FEB
2026-01-11 00:42:40 | INFO     | [DAY_START] Processing 10FEB
2026-01-11 00:42:40 | INFO     | [lf.day.start] Processing MED-HBE for 10FEB
2026-01-11 00:42:41 | INFO     | [lf.day.flights_found] Found 1 flights on 10FEB
2026-01-11 00:42:43 | INFO     | [lf.flight.extracted] SM486 on 10FEB: BKG=168, LF=96.0%
2026-01-11 00:42:48 | INFO     | [SUCCESS] Day 10FEB
2026-01-11 00:42:48 | INFO     | [SUCCESS] LF Search Complete
2026-01-11 00:42:50 | INFO     | [Worker_9234] Completed: MED-HBE - 9 results, 0 errors
2026-01-11 00:42:50 | INFO     | [Worker_9234] Processing: JED-ASW
2026-01-11 00:42:50 | INFO     |   Tier 0: Range 2, Chunk 2/3 (9 days)
