2026-01-11 00:58:20 | INFO     | ======================================================================
2026-01-11 00:58:20 | INFO     | Load Factor Scraper Started - Route: MED-CAI
2026-01-11 00:58:20 | INFO     | Log file: D:\CODERED\LAB\Artifacts\outputs\run_generated_110126_at_00.36\logs\LF_MED-CAI_20260111_005820.log
2026-01-11 00:58:20 | INFO     | Enhanced logging: Capturing both logging.info() and print()
2026-01-11 00:58:20 | INFO     | ======================================================================
2026-01-11 00:58:20 | INFO     | Starting LF search for route: MED-CAI
2026-01-11 00:58:20 | INFO     | [START] LF Search
2026-01-11 00:58:21 | INFO     | [HEALTH CHECK] [OK] Chrome connection is healthy
2026-01-11 00:58:21 | INFO     | [DAY_START] Processing 20JAN
2026-01-11 00:58:21 | INFO     | [lf.day.start] Processing MED-CAI for 20JAN
2026-01-11 00:58:22 | INFO     | [lf.day.flights_found] Found 2 flights on 20JAN
2026-01-11 00:58:24 | INFO     | [lf.flight.extracted] SM496 on 20JAN: BKG=144, LF=82.3%
2026-01-11 00:58:28 | INFO     | [lf.flight.extracted] SM494 on 20JAN: BKG=128, LF=73.1%
2026-01-11 00:58:40 | INFO     | [SUCCESS] Day 20JAN
2026-01-11 00:58:40 | INFO     | [DAY_START] Processing 19JAN
2026-01-11 00:58:40 | INFO     | [lf.day.start] Processing MED-CAI for 19JAN
2026-01-11 00:58:41 | WARNING  | [lf.day.no_flights] No direct flights on 19JAN
2026-01-11 00:58:41 | INFO     | [SUCCESS] Day 19JAN
2026-01-11 00:58:41 | INFO     | [DAY_START] Processing 18JAN
2026-01-11 00:58:41 | INFO     | [lf.day.start] Processing MED-CAI for 18JAN
2026-01-11 00:58:42 | INFO     | [lf.day.flights_found] Found 1 flights on 18JAN
2026-01-11 00:58:44 | INFO     | [lf.flight.extracted] SM494 on 18JAN: BKG=120, LF=69.8%
2026-01-11 00:58:49 | INFO     | [SUCCESS] Day 18JAN
2026-01-11 00:58:49 | INFO     | [DAY_START] Processing 17JAN
2026-01-11 00:58:49 | INFO     | [lf.day.start] Processing MED-CAI for 17JAN
2026-01-11 00:58:50 | INFO     | [lf.day.flights_found] Found 1 flights on 17JAN
2026-01-11 00:58:53 | INFO     | [lf.flight.extracted] SM494 on 17JAN: BKG=161, LF=92.0%
2026-01-11 00:59:00 | INFO     | [SUCCESS] Day 17JAN
2026-01-11 00:59:00 | INFO     | [DAY_START] Processing 16JAN
2026-01-11 00:59:00 | INFO     | [lf.day.start] Processing MED-CAI for 16JAN
2026-01-11 00:59:01 | WARNING  | [lf.day.no_flights] No direct flights on 16JAN
2026-01-11 00:59:01 | INFO     | [SUCCESS] Day 16JAN
2026-01-11 00:59:01 | INFO     | [DAY_START] Processing 15JAN
2026-01-11 00:59:01 | INFO     | [lf.day.start] Processing MED-CAI for 15JAN
2026-01-11 00:59:02 | INFO     | [lf.day.flights_found] Found 2 flights on 15JAN
2026-01-11 00:59:04 | INFO     | [lf.flight.extracted] SM972 on 15JAN: BKG=108, LF=61.7%
2026-01-11 00:59:08 | INFO     | [lf.flight.extracted] SM494 on 15JAN: BKG=174, LF=97.8%
2026-01-11 00:59:42 | INFO     | [SUCCESS] Day 15JAN
2026-01-11 00:59:42 | INFO     | [DAY_START] Processing 14JAN
2026-01-11 00:59:42 | INFO     | [lf.day.start] Processing MED-CAI for 14JAN
2026-01-11 00:59:43 | WARNING  | [lf.day.no_flights] No direct flights on 14JAN
2026-01-11 00:59:43 | INFO     | [SUCCESS] Day 14JAN
2026-01-11 00:59:43 | INFO     | [DAY_START] Processing 13JAN
2026-01-11 00:59:43 | INFO     | [lf.day.start] Processing MED-CAI for 13JAN
2026-01-11 00:59:44 | INFO     | [lf.day.flights_found] Found 2 flights on 13JAN
2026-01-11 00:59:46 | INFO     | [lf.flight.extracted] SM496 on 13JAN: BKG=157, LF=88.2%
2026-01-11 00:59:50 | INFO     | [lf.flight.extracted] SM494 on 13JAN: BKG=155, LF=87.1%
2026-01-11 01:00:00 | INFO     | [SUCCESS] Day 13JAN
2026-01-11 01:00:00 | INFO     | [DAY_START] Processing 12JAN
2026-01-11 01:00:00 | INFO     | [lf.day.start] Processing MED-CAI for 12JAN
2026-01-11 01:00:01 | WARNING  | [lf.day.no_flights] No direct flights on 12JAN
2026-01-11 01:00:01 | INFO     | [SUCCESS] Day 12JAN
2026-01-11 01:00:01 | INFO     | [SUCCESS] LF Search Complete
2026-01-11 01:00:03 | INFO     | [Worker_9223] Completed: MED-CAI - 9 results, 0 errors
2026-01-11 01:00:03 | INFO     | [Worker_9223] Processing: DMM-ATZ
2026-01-11 01:00:03 | INFO     |   Tier 0: Range 1, Chunk 2/2 (10 days)
