2026-01-11 00:47:04 | INFO     | ======================================================================
2026-01-11 00:47:04 | INFO     | Load Factor Scraper Started - Route: MED-HBE
2026-01-11 00:47:04 | INFO     | Log file: D:\CODERED\LAB\Artifacts\outputs\run_generated_110126_at_00.36\logs\LF_MED-HBE_20260111_004704.log
2026-01-11 00:47:04 | INFO     | Enhanced logging: Capturing both logging.info() and print()
2026-01-11 00:47:04 | INFO     | ======================================================================
2026-01-11 00:47:04 | INFO     | Starting LF search for route: MED-HBE
2026-01-11 00:47:04 | INFO     | [START] LF Search
2026-01-11 00:47:05 | INFO     | [HEALTH CHECK] [OK] Chrome connection is healthy
2026-01-11 00:47:05 | INFO     | [DAY_START] Processing 09FEB
2026-01-11 00:47:05 | INFO     | [lf.day.start] Processing MED-HBE for 09FEB
2026-01-11 00:47:06 | WARNING  | [lf.day.no_flights] No direct flights on 09FEB
2026-01-11 00:47:06 | INFO     | [SUCCESS] Day 09FEB
2026-01-11 00:47:06 | INFO     | [DAY_START] Processing 08FEB
2026-01-11 00:47:06 | INFO     | [lf.day.start] Processing MED-HBE for 08FEB
2026-01-11 00:47:07 | INFO     | [lf.day.flights_found] Found 1 flights on 08FEB
2026-01-11 00:47:09 | INFO     | [lf.flight.extracted] SM486 on 08FEB: BKG=168, LF=96.0%
2026-01-11 00:47:12 | INFO     | [SUCCESS] Day 08FEB
2026-01-11 00:47:12 | INFO     | [DAY_START] Processing 07FEB
2026-01-11 00:47:12 | INFO     | [lf.day.start] Processing MED-HBE for 07FEB
2026-01-11 00:47:13 | WARNING  | [lf.day.no_flights] No direct flights on 07FEB
2026-01-11 00:47:14 | INFO     | [SUCCESS] Day 07FEB
2026-01-11 00:47:14 | INFO     | [DAY_START] Processing 06FEB
2026-01-11 00:47:14 | INFO     | [lf.day.start] Processing MED-HBE for 06FEB
2026-01-11 00:47:15 | WARNING  | [lf.day.no_flights] No direct flights on 06FEB
2026-01-11 00:47:15 | INFO     | [SUCCESS] Day 06FEB
2026-01-11 00:47:15 | INFO     | [DAY_START] Processing 05FEB
2026-01-11 00:47:15 | INFO     | [lf.day.start] Processing MED-HBE for 05FEB
2026-01-11 00:47:16 | INFO     | [lf.day.flights_found] Found 1 flights on 05FEB
2026-01-11 00:47:18 | INFO     | [lf.flight.extracted] SM486 on 05FEB: BKG=168, LF=96.0%
2026-01-11 00:47:21 | INFO     | [SUCCESS] Day 05FEB
2026-01-11 00:47:21 | INFO     | [DAY_START] Processing 04FEB
2026-01-11 00:47:21 | INFO     | [lf.day.start] Processing MED-HBE for 04FEB
2026-01-11 00:47:22 | INFO     | [lf.day.flights_found] Found 1 flights on 04FEB
2026-01-11 00:47:24 | INFO     | [lf.flight.extracted] SM486 on 04FEB: BKG=170, LF=97.1%
2026-01-11 00:47:27 | INFO     | [SUCCESS] Day 04FEB
2026-01-11 00:47:27 | INFO     | [DAY_START] Processing 03FEB
2026-01-11 00:47:27 | INFO     | [lf.day.start] Processing MED-HBE for 03FEB
2026-01-11 00:47:28 | INFO     | [lf.day.flights_found] Found 1 flights on 03FEB
2026-01-11 00:47:30 | INFO     | [lf.flight.extracted] SM486 on 03FEB: BKG=158, LF=90.3%
2026-01-11 00:47:35 | INFO     | [SUCCESS] Day 03FEB
2026-01-11 00:47:35 | INFO     | [DAY_START] Processing 02FEB
2026-01-11 00:47:35 | INFO     | [lf.day.start] Processing MED-HBE for 02FEB
2026-01-11 00:47:36 | WARNING  | [lf.day.no_flights] No direct flights on 02FEB
2026-01-11 00:47:36 | INFO     | [SUCCESS] Day 02FEB
2026-01-11 00:47:36 | INFO     | [DAY_START] Processing 01FEB
2026-01-11 00:47:36 | INFO     | [lf.day.start] Processing MED-HBE for 01FEB
2026-01-11 00:47:37 | INFO     | [lf.day.flights_found] Found 1 flights on 01FEB
2026-01-11 00:47:39 | INFO     | [lf.flight.extracted] SM486 on 01FEB: BKG=169, LF=96.6%
2026-01-11 00:47:44 | INFO     | [SUCCESS] Day 01FEB
2026-01-11 00:47:44 | INFO     | [SUCCESS] LF Search Complete
2026-01-11 00:47:46 | INFO     | [Worker_9223] Completed: MED-HBE - 9 results, 0 errors
2026-01-11 00:47:46 | INFO     | [Worker_9223] Processing: RUH-ATZ
2026-01-11 00:47:46 | INFO     |   Tier 0: Range 2, Chunk 3/3 (9 days)
