2026-01-11 00:58:32 | INFO     | ======================================================================
2026-01-11 00:58:32 | INFO     | Load Factor Scraper Started - Route: MED-ATZ
2026-01-11 00:58:32 | INFO     | Log file: D:\CODERED\LAB\Artifacts\outputs\run_generated_110126_at_00.36\logs\LF_MED-ATZ_20260111_005832.log
2026-01-11 00:58:32 | INFO     | Enhanced logging: Capturing both logging.info() and print()
2026-01-11 00:58:32 | INFO     | ======================================================================
2026-01-11 00:58:32 | INFO     | Starting LF search for route: MED-ATZ
2026-01-11 00:58:32 | INFO     | [START] LF Search
2026-01-11 00:58:33 | INFO     | [HEALTH CHECK] [OK] Chrome connection is healthy
2026-01-11 00:58:33 | INFO     | [DAY_START] Processing 20JAN
2026-01-11 00:58:33 | INFO     | [lf.day.start] Processing MED-ATZ for 20JAN
2026-01-11 00:58:35 | INFO     | [lf.day.flights_found] Found 1 flights on 20JAN
2026-01-11 00:58:37 | INFO     | [lf.flight.extracted] SM488 on 20JAN: BKG=95, LF=54.3%
2026-01-11 00:58:42 | INFO     | [SUCCESS] Day 20JAN
2026-01-11 00:58:42 | INFO     | [DAY_START] Processing 19JAN
2026-01-11 00:58:42 | INFO     | [lf.day.start] Processing MED-ATZ for 19JAN
2026-01-11 00:58:43 | INFO     | [lf.day.flights_found] Found 1 flights on 19JAN
2026-01-11 00:58:45 | INFO     | [lf.flight.extracted] SM488 on 19JAN: BKG=53, LF=30.3%
2026-01-11 00:58:49 | INFO     | [SUCCESS] Day 19JAN
2026-01-11 00:58:49 | INFO     | [DAY_START] Processing 18JAN
2026-01-11 00:58:49 | INFO     | [lf.day.start] Processing MED-ATZ for 18JAN
2026-01-11 00:58:50 | WARNING  | [lf.day.no_flights] No direct flights on 18JAN
2026-01-11 00:58:50 | INFO     | [SUCCESS] Day 18JAN
2026-01-11 00:58:50 | INFO     | [DAY_START] Processing 17JAN
2026-01-11 00:58:50 | INFO     | [lf.day.start] Processing MED-ATZ for 17JAN
2026-01-11 00:58:51 | INFO     | [lf.day.flights_found] Found 1 flights on 17JAN
2026-01-11 00:58:54 | INFO     | [lf.flight.extracted] SM488 on 17JAN: BKG=54, LF=30.9%
2026-01-11 00:58:59 | INFO     | [SUCCESS] Day 17JAN
2026-01-11 00:58:59 | INFO     | [DAY_START] Processing 16JAN
2026-01-11 00:58:59 | INFO     | [lf.day.start] Processing MED-ATZ for 16JAN
2026-01-11 00:59:00 | WARNING  | [lf.day.no_flights] No direct flights on 16JAN
2026-01-11 00:59:00 | INFO     | [SUCCESS] Day 16JAN
2026-01-11 00:59:00 | INFO     | [DAY_START] Processing 15JAN
2026-01-11 00:59:00 | INFO     | [lf.day.start] Processing MED-ATZ for 15JAN
2026-01-11 00:59:02 | WARNING  | [lf.day.no_flights] No direct flights on 15JAN
2026-01-11 00:59:02 | INFO     | [SUCCESS] Day 15JAN
2026-01-11 00:59:02 | INFO     | [DAY_START] Processing 14JAN
2026-01-11 00:59:02 | INFO     | [lf.day.start] Processing MED-ATZ for 14JAN
2026-01-11 00:59:03 | INFO     | [lf.day.flights_found] Found 1 flights on 14JAN
2026-01-11 00:59:05 | INFO     | [lf.flight.extracted] SM490 on 14JAN: BKG=125, LF=71.4%
2026-01-11 00:59:11 | INFO     | [SUCCESS] Day 14JAN
2026-01-11 00:59:11 | INFO     | [DAY_START] Processing 13JAN
2026-01-11 00:59:11 | INFO     | [lf.day.start] Processing MED-ATZ for 13JAN
2026-01-11 00:59:12 | INFO     | [lf.day.flights_found] Found 1 flights on 13JAN
2026-01-11 00:59:14 | INFO     | [lf.flight.extracted] SM488 on 13JAN: BKG=104, LF=58.4%
2026-01-11 00:59:19 | INFO     | [SUCCESS] Day 13JAN
2026-01-11 00:59:19 | INFO     | [DAY_START] Processing 12JAN
2026-01-11 00:59:19 | INFO     | [lf.day.start] Processing MED-ATZ for 12JAN
2026-01-11 00:59:20 | INFO     | [lf.day.flights_found] Found 1 flights on 12JAN
2026-01-11 00:59:22 | INFO     | [lf.flight.extracted] SM488 on 12JAN: BKG=172, LF=96.6%
2026-01-11 00:59:27 | INFO     | [SUCCESS] Day 12JAN
2026-01-11 00:59:27 | INFO     | [SUCCESS] LF Search Complete
2026-01-11 00:59:29 | INFO     | [Worker_9234] Completed: MED-ATZ - 9 results, 0 errors
2026-01-11 00:59:29 | INFO     | [Worker_9234] Processing: DMM-CAI
2026-01-11 00:59:29 | INFO     |   Tier 0: Range 1, Chunk 2/2 (10 days)
