2026-01-11 00:58:31 | INFO     | ======================================================================
2026-01-11 00:58:31 | INFO     | Load Factor Scraper Started - Route: MED-HBE
2026-01-11 00:58:31 | INFO     | Log file: D:\CODERED\LAB\Artifacts\outputs\run_generated_110126_at_00.36\logs\LF_MED-HBE_20260111_005831.log
2026-01-11 00:58:31 | INFO     | Enhanced logging: Capturing both logging.info() and print()
2026-01-11 00:58:31 | INFO     | ======================================================================
2026-01-11 00:58:31 | INFO     | Starting LF search for route: MED-HBE
2026-01-11 00:58:31 | INFO     | [START] LF Search
2026-01-11 00:58:32 | INFO     | [HEALTH CHECK] [OK] Chrome connection is healthy
2026-01-11 00:58:32 | INFO     | [DAY_START] Processing 20JAN
2026-01-11 00:58:32 | INFO     | [lf.day.start] Processing MED-HBE for 20JAN
2026-01-11 00:58:33 | INFO     | [lf.day.flights_found] Found 1 flights on 20JAN
2026-01-11 00:58:35 | INFO     | [lf.flight.extracted] SM486 on 20JAN: BKG=164, LF=93.7%
2026-01-11 00:58:41 | INFO     | [SUCCESS] Day 20JAN
2026-01-11 00:58:41 | INFO     | [DAY_START] Processing 19JAN
2026-01-11 00:58:41 | INFO     | [lf.day.start] Processing MED-HBE for 19JAN
2026-01-11 00:58:42 | WARNING  | [lf.day.no_flights] No direct flights on 19JAN
2026-01-11 00:58:42 | INFO     | [SUCCESS] Day 19JAN
2026-01-11 00:58:42 | INFO     | [DAY_START] Processing 18JAN
2026-01-11 00:58:42 | INFO     | [lf.day.start] Processing MED-HBE for 18JAN
2026-01-11 00:58:43 | INFO     | [lf.day.flights_found] Found 1 flights on 18JAN
2026-01-11 00:58:45 | INFO     | [lf.flight.extracted] SM486 on 18JAN: BKG=138, LF=78.9%
2026-01-11 00:58:51 | INFO     | [SUCCESS] Day 18JAN
2026-01-11 00:58:51 | INFO     | [DAY_START] Processing 17JAN
2026-01-11 00:58:51 | INFO     | [lf.day.start] Processing MED-HBE for 17JAN
2026-01-11 00:58:52 | WARNING  | [lf.day.no_flights] No direct flights on 17JAN
2026-01-11 00:58:52 | INFO     | [SUCCESS] Day 17JAN
2026-01-11 00:58:52 | INFO     | [DAY_START] Processing 16JAN
2026-01-11 00:58:52 | INFO     | [lf.day.start] Processing MED-HBE for 16JAN
2026-01-11 00:58:53 | WARNING  | [lf.day.no_flights] No direct flights on 16JAN
2026-01-11 00:58:54 | INFO     | [SUCCESS] Day 16JAN
2026-01-11 00:58:54 | INFO     | [DAY_START] Processing 15JAN
2026-01-11 00:58:54 | INFO     | [lf.day.start] Processing MED-HBE for 15JAN
2026-01-11 00:58:55 | INFO     | [lf.day.flights_found] Found 1 flights on 15JAN
2026-01-11 00:58:58 | INFO     | [lf.flight.extracted] SM486 on 15JAN: BKG=128, LF=73.1%
2026-01-11 00:59:04 | INFO     | [SUCCESS] Day 15JAN
2026-01-11 00:59:04 | INFO     | [DAY_START] Processing 14JAN
2026-01-11 00:59:04 | INFO     | [lf.day.start] Processing MED-HBE for 14JAN
2026-01-11 00:59:05 | INFO     | [lf.day.flights_found] Found 1 flights on 14JAN
2026-01-11 00:59:07 | INFO     | [lf.flight.extracted] SM486 on 14JAN: BKG=155, LF=88.6%
2026-01-11 00:59:12 | INFO     | [SUCCESS] Day 14JAN
2026-01-11 00:59:12 | INFO     | [DAY_START] Processing 13JAN
2026-01-11 00:59:12 | INFO     | [lf.day.start] Processing MED-HBE for 13JAN
2026-01-11 00:59:13 | INFO     | [lf.day.flights_found] Found 1 flights on 13JAN
2026-01-11 00:59:15 | INFO     | [lf.flight.extracted] SM486 on 13JAN: BKG=162, LF=91.0%
2026-01-11 00:59:20 | INFO     | [SUCCESS] Day 13JAN
2026-01-11 00:59:20 | INFO     | [DAY_START] Processing 12JAN
2026-01-11 00:59:20 | INFO     | [lf.day.start] Processing MED-HBE for 12JAN
2026-01-11 00:59:21 | WARNING  | [lf.day.no_flights] No direct flights on 12JAN
2026-01-11 00:59:22 | INFO     | [SUCCESS] Day 12JAN
2026-01-11 00:59:22 | INFO     | [SUCCESS] LF Search Complete
2026-01-11 00:59:24 | INFO     | [Worker_9224] Completed: MED-HBE - 9 results, 0 errors
2026-01-11 00:59:24 | INFO     | [Worker_9224] Processing: RUH-CAI
2026-01-11 00:59:24 | INFO     |   Tier 0: Range 1, Chunk 2/2 (10 days)
