2026-01-11 00:47:45 | INFO     | ======================================================================
2026-01-11 00:47:45 | INFO     | Load Factor Scraper Started - Route: RUH-CAI
2026-01-11 00:47:45 | INFO     | Log file: D:\CODERED\LAB\Artifacts\outputs\run_generated_110126_at_00.36\logs\LF_RUH-CAI_20260111_004745.log
2026-01-11 00:47:45 | INFO     | Enhanced logging: Capturing both logging.info() and print()
2026-01-11 00:47:45 | INFO     | ======================================================================
2026-01-11 00:47:45 | INFO     | Starting LF search for route: RUH-CAI
2026-01-11 00:47:45 | INFO     | [START] LF Search
2026-01-11 00:47:46 | INFO     | [HEALTH CHECK] [OK] Chrome connection is healthy
2026-01-11 00:47:46 | INFO     | [DAY_START] Processing 09FEB
2026-01-11 00:47:46 | INFO     | [lf.day.start] Processing RUH-CAI for 09FEB
2026-01-11 00:47:47 | INFO     | [lf.day.flights_found] Found 1 flights on 09FEB
2026-01-11 00:47:49 | INFO     | [lf.flight.extracted] SM470 on 09FEB: BKG=9, LF=5.4%
2026-01-11 00:47:52 | INFO     | [SUCCESS] Day 09FEB
2026-01-11 00:47:52 | INFO     | [DAY_START] Processing 08FEB
2026-01-11 00:47:52 | INFO     | [lf.day.start] Processing RUH-CAI for 08FEB
2026-01-11 00:47:53 | INFO     | [lf.day.flights_found] Found 1 flights on 08FEB
2026-01-11 00:47:55 | INFO     | [lf.flight.extracted] SM462 on 08FEB: BKG=14, LF=8.0%
2026-01-11 00:47:57 | INFO     | [SUCCESS] Day 08FEB
2026-01-11 00:47:57 | INFO     | [DAY_START] Processing 07FEB
2026-01-11 00:47:57 | INFO     | [lf.day.start] Processing RUH-CAI for 07FEB
2026-01-11 00:47:58 | INFO     | [lf.day.flights_found] Found 1 flights on 07FEB
2026-01-11 00:48:00 | INFO     | [lf.flight.extracted] SM462 on 07FEB: BKG=16, LF=9.1%
2026-01-11 00:48:03 | INFO     | [SUCCESS] Day 07FEB
2026-01-11 00:48:03 | INFO     | [DAY_START] Processing 06FEB
2026-01-11 00:48:03 | INFO     | [lf.day.start] Processing RUH-CAI for 06FEB
2026-01-11 00:48:04 | INFO     | [lf.day.flights_found] Found 2 flights on 06FEB
2026-01-11 00:48:06 | INFO     | [lf.flight.extracted] SM462 on 06FEB: BKG=27, LF=15.4%
2026-01-11 00:48:09 | INFO     | [lf.flight.extracted] SM470 on 06FEB: BKG=13, LF=7.8%
2026-01-11 00:48:15 | INFO     | [SUCCESS] Day 06FEB
2026-01-11 00:48:15 | INFO     | [DAY_START] Processing 05FEB
2026-01-11 00:48:15 | INFO     | [lf.day.start] Processing RUH-CAI for 05FEB
2026-01-11 00:48:17 | INFO     | [lf.day.flights_found] Found 1 flights on 05FEB
2026-01-11 00:48:18 | INFO     | [lf.flight.extracted] SM462 on 05FEB: BKG=10, LF=5.7%
2026-01-11 00:48:21 | INFO     | [SUCCESS] Day 05FEB
2026-01-11 00:48:21 | INFO     | [DAY_START] Processing 04FEB
2026-01-11 00:48:21 | INFO     | [lf.day.start] Processing RUH-CAI for 04FEB
2026-01-11 00:48:22 | INFO     | [lf.day.flights_found] Found 2 flights on 04FEB
2026-01-11 00:48:24 | INFO     | [lf.flight.extracted] SM462 on 04FEB: BKG=8, LF=4.6%
2026-01-11 00:48:27 | INFO     | [lf.flight.extracted] SM470 on 04FEB: BKG=18, LF=10.8%
2026-01-11 00:48:31 | INFO     | [SUCCESS] Day 04FEB
2026-01-11 00:48:31 | INFO     | [DAY_START] Processing 03FEB
2026-01-11 00:48:31 | INFO     | [lf.day.start] Processing RUH-CAI for 03FEB
2026-01-11 00:48:32 | INFO     | [lf.day.flights_found] Found 1 flights on 03FEB
2026-01-11 00:48:34 | INFO     | [lf.flight.extracted] SM470 on 03FEB: BKG=1, LF=0.6%
2026-01-11 00:48:37 | INFO     | [SUCCESS] Day 03FEB
2026-01-11 00:48:37 | INFO     | [DAY_START] Processing 02FEB
2026-01-11 00:48:37 | INFO     | [lf.day.start] Processing RUH-CAI for 02FEB
2026-01-11 00:48:39 | INFO     | [lf.day.flights_found] Found 1 flights on 02FEB
2026-01-11 00:48:41 | INFO     | [lf.flight.extracted] SM470 on 02FEB: BKG=2, LF=1.2%
2026-01-11 00:48:43 | INFO     | [SUCCESS] Day 02FEB
2026-01-11 00:48:43 | INFO     | [DAY_START] Processing 01FEB
2026-01-11 00:48:43 | INFO     | [lf.day.start] Processing RUH-CAI for 01FEB
2026-01-11 00:48:44 | INFO     | [lf.day.flights_found] Found 1 flights on 01FEB
2026-01-11 00:48:46 | INFO     | [lf.flight.extracted] SM462 on 01FEB: BKG=5, LF=2.9%
2026-01-11 00:48:49 | INFO     | [SUCCESS] Day 01FEB
2026-01-11 00:48:49 | INFO     | [SUCCESS] LF Search Complete
2026-01-11 00:48:51 | INFO     | [Worker_9233] Completed: RUH-CAI - 9 results, 0 errors
2026-01-11 00:48:51 | INFO     | [Worker_9233] Processing: AHB-ATZ
2026-01-11 00:48:51 | INFO     |   Tier 0: Range 2, Chunk 3/3 (9 days)
