2026-01-11 00:42:58 | INFO     | ======================================================================
2026-01-11 00:42:58 | INFO     | Load Factor Scraper Started - Route: RUH-CAI
2026-01-11 00:42:58 | INFO     | Log file: D:\CODERED\LAB\Artifacts\outputs\run_generated_110126_at_00.36\logs\LF_RUH-CAI_20260111_004258.log
2026-01-11 00:42:58 | INFO     | Enhanced logging: Capturing both logging.info() and print()
2026-01-11 00:42:58 | INFO     | ======================================================================
2026-01-11 00:42:58 | INFO     | Starting LF search for route: RUH-CAI
2026-01-11 00:42:58 | INFO     | [START] LF Search
2026-01-11 00:43:00 | INFO     | [HEALTH CHECK] [OK] Chrome connection is healthy
2026-01-11 00:43:00 | INFO     | [DAY_START] Processing 18FEB
2026-01-11 00:43:00 | INFO     | [lf.day.start] Processing RUH-CAI for 18FEB
2026-01-11 00:43:01 | INFO     | [lf.day.flights_found] Found 2 flights on 18FEB
2026-01-11 00:43:02 | INFO     | [lf.flight.extracted] SM462 on 18FEB: BKG=3, LF=1.7%
2026-01-11 00:43:05 | INFO     | [lf.flight.extracted] SM470 on 18FEB: BKG=5, LF=3.0%
2026-01-11 00:43:09 | INFO     | [SUCCESS] Day 18FEB
2026-01-11 00:43:09 | INFO     | [DAY_START] Processing 17FEB
2026-01-11 00:43:09 | INFO     | [lf.day.start] Processing RUH-CAI for 17FEB
2026-01-11 00:43:10 | INFO     | [lf.day.flights_found] Found 1 flights on 17FEB
2026-01-11 00:43:12 | INFO     | [lf.flight.extracted] SM470 on 17FEB: BKG=0, LF=0.0%
2026-01-11 00:43:13 | INFO     | [SUCCESS] Day 17FEB
2026-01-11 00:43:13 | INFO     | [DAY_START] Processing 16FEB
2026-01-11 00:43:13 | INFO     | [lf.day.start] Processing RUH-CAI for 16FEB
2026-01-11 00:43:14 | INFO     | [lf.day.flights_found] Found 1 flights on 16FEB
2026-01-11 00:43:16 | INFO     | [lf.flight.extracted] SM470 on 16FEB: BKG=3, LF=1.8%
2026-01-11 00:43:19 | INFO     | [SUCCESS] Day 16FEB
2026-01-11 00:43:19 | INFO     | [DAY_START] Processing 15FEB
2026-01-11 00:43:19 | INFO     | [lf.day.start] Processing RUH-CAI for 15FEB
2026-01-11 00:43:20 | INFO     | [lf.day.flights_found] Found 1 flights on 15FEB
2026-01-11 00:43:22 | INFO     | [lf.flight.extracted] SM462 on 15FEB: BKG=8, LF=4.6%
2026-01-11 00:43:25 | INFO     | [SUCCESS] Day 15FEB
2026-01-11 00:43:25 | INFO     | [DAY_START] Processing 14FEB
2026-01-11 00:43:25 | INFO     | [lf.day.start] Processing RUH-CAI for 14FEB
2026-01-11 00:43:26 | INFO     | [lf.day.flights_found] Found 1 flights on 14FEB
2026-01-11 00:43:27 | INFO     | [lf.flight.extracted] SM462 on 14FEB: BKG=11, LF=6.4%
2026-01-11 00:43:30 | INFO     | [SUCCESS] Day 14FEB
2026-01-11 00:43:30 | INFO     | [DAY_START] Processing 13FEB
2026-01-11 00:43:30 | INFO     | [lf.day.start] Processing RUH-CAI for 13FEB
2026-01-11 00:43:31 | INFO     | [lf.day.flights_found] Found 2 flights on 13FEB
2026-01-11 00:43:33 | INFO     | [lf.flight.extracted] SM462 on 13FEB: BKG=14, LF=8.0%
2026-01-11 00:43:36 | INFO     | [lf.flight.extracted] SM470 on 13FEB: BKG=8, LF=4.8%
2026-01-11 00:43:40 | INFO     | [SUCCESS] Day 13FEB
2026-01-11 00:43:40 | INFO     | [DAY_START] Processing 12FEB
2026-01-11 00:43:40 | INFO     | [lf.day.start] Processing RUH-CAI for 12FEB
2026-01-11 00:43:41 | INFO     | [lf.day.flights_found] Found 1 flights on 12FEB
2026-01-11 00:43:43 | INFO     | [lf.flight.extracted] SM462 on 12FEB: BKG=1, LF=0.6%
2026-01-11 00:43:46 | INFO     | [SUCCESS] Day 12FEB
2026-01-11 00:43:46 | INFO     | [DAY_START] Processing 11FEB
2026-01-11 00:43:46 | INFO     | [lf.day.start] Processing RUH-CAI for 11FEB
2026-01-11 00:43:47 | INFO     | [lf.day.flights_found] Found 2 flights on 11FEB
2026-01-11 00:43:49 | INFO     | [lf.flight.extracted] SM462 on 11FEB: BKG=19, LF=10.9%
2026-01-11 00:43:52 | INFO     | [lf.flight.extracted] SM470 on 11FEB: BKG=11, LF=6.6%
2026-01-11 00:43:56 | INFO     | [SUCCESS] Day 11FEB
2026-01-11 00:43:56 | INFO     | [DAY_START] Processing 10FEB
2026-01-11 00:43:56 | INFO     | [lf.day.start] Processing RUH-CAI for 10FEB
2026-01-11 00:43:57 | INFO     | [lf.day.flights_found] Found 1 flights on 10FEB
2026-01-11 00:43:59 | INFO     | [lf.flight.extracted] SM470 on 10FEB: BKG=11, LF=6.6%
2026-01-11 00:44:02 | INFO     | [SUCCESS] Day 10FEB
2026-01-11 00:44:02 | INFO     | [SUCCESS] LF Search Complete
2026-01-11 00:44:04 | INFO     | [Worker_9223] Completed: RUH-CAI - 9 results, 0 errors
2026-01-11 00:44:04 | INFO     | [Worker_9223] Processing: AHB-CAI
2026-01-11 00:44:04 | INFO     |   Tier 0: Range 2, Chunk 2/3 (9 days)
