2026-01-11 00:43:08 | INFO     | ======================================================================
2026-01-11 00:43:08 | INFO     | Load Factor Scraper Started - Route: RUH-ATZ
2026-01-11 00:43:08 | INFO     | Log file: D:\CODERED\LAB\Artifacts\outputs\run_generated_110126_at_00.36\logs\LF_RUH-ATZ_20260111_004308.log
2026-01-11 00:43:08 | INFO     | Enhanced logging: Capturing both logging.info() and print()
2026-01-11 00:43:08 | INFO     | ======================================================================
2026-01-11 00:43:08 | INFO     | Starting LF search for route: RUH-ATZ
2026-01-11 00:43:08 | INFO     | [START] LF Search
2026-01-11 00:43:09 | INFO     | [HEALTH CHECK] [OK] Chrome connection is healthy
2026-01-11 00:43:09 | INFO     | [DAY_START] Processing 18FEB
2026-01-11 00:43:09 | INFO     | [lf.day.start] Processing RUH-ATZ for 18FEB
2026-01-11 00:43:10 | INFO     | [lf.day.flights_found] Found 1 flights on 18FEB
2026-01-11 00:43:12 | INFO     | [lf.flight.extracted] SM466 on 18FEB: BKG=10, LF=5.7%
2026-01-11 00:43:15 | INFO     | [SUCCESS] Day 18FEB
2026-01-11 00:43:15 | INFO     | [DAY_START] Processing 17FEB
2026-01-11 00:43:15 | INFO     | [lf.day.start] Processing RUH-ATZ for 17FEB
2026-01-11 00:43:16 | INFO     | [lf.day.flights_found] Found 1 flights on 17FEB
2026-01-11 00:43:18 | INFO     | [lf.flight.extracted] SM464 on 17FEB: BKG=14, LF=8.0%
2026-01-11 00:43:20 | INFO     | [SUCCESS] Day 17FEB
2026-01-11 00:43:20 | INFO     | [DAY_START] Processing 16FEB
2026-01-11 00:43:20 | INFO     | [lf.day.start] Processing RUH-ATZ for 16FEB
2026-01-11 00:43:21 | WARNING  | [lf.day.no_flights] No direct flights on 16FEB
2026-01-11 00:43:22 | INFO     | [SUCCESS] Day 16FEB
2026-01-11 00:43:22 | INFO     | [DAY_START] Processing 15FEB
2026-01-11 00:43:22 | INFO     | [lf.day.start] Processing RUH-ATZ for 15FEB
2026-01-11 00:43:23 | INFO     | [lf.day.flights_found] Found 1 flights on 15FEB
2026-01-11 00:43:25 | INFO     | [lf.flight.extracted] SM464 on 15FEB: BKG=35, LF=20.0%
2026-01-11 00:43:28 | INFO     | [SUCCESS] Day 15FEB
2026-01-11 00:43:28 | INFO     | [DAY_START] Processing 14FEB
2026-01-11 00:43:28 | INFO     | [lf.day.start] Processing RUH-ATZ for 14FEB
2026-01-11 00:43:29 | WARNING  | [lf.day.no_flights] No direct flights on 14FEB
2026-01-11 00:43:29 | INFO     | [SUCCESS] Day 14FEB
2026-01-11 00:43:29 | INFO     | [DAY_START] Processing 13FEB
2026-01-11 00:43:29 | INFO     | [lf.day.start] Processing RUH-ATZ for 13FEB
2026-01-11 00:43:30 | WARNING  | [lf.day.no_flights] No direct flights on 13FEB
2026-01-11 00:43:30 | INFO     | [SUCCESS] Day 13FEB
2026-01-11 00:43:30 | INFO     | [DAY_START] Processing 12FEB
2026-01-11 00:43:30 | INFO     | [lf.day.start] Processing RUH-ATZ for 12FEB
2026-01-11 00:43:31 | WARNING  | [lf.day.no_flights] No direct flights on 12FEB
2026-01-11 00:43:31 | INFO     | [SUCCESS] Day 12FEB
2026-01-11 00:43:31 | INFO     | [DAY_START] Processing 11FEB
2026-01-11 00:43:31 | INFO     | [lf.day.start] Processing RUH-ATZ for 11FEB
2026-01-11 00:43:32 | INFO     | [lf.day.flights_found] Found 1 flights on 11FEB
2026-01-11 00:43:34 | INFO     | [lf.flight.extracted] SM466 on 11FEB: BKG=25, LF=14.3%
2026-01-11 00:43:37 | INFO     | [SUCCESS] Day 11FEB
2026-01-11 00:43:37 | INFO     | [DAY_START] Processing 10FEB
2026-01-11 00:43:37 | INFO     | [lf.day.start] Processing RUH-ATZ for 10FEB
2026-01-11 00:43:38 | INFO     | [lf.day.flights_found] Found 1 flights on 10FEB
2026-01-11 00:43:40 | INFO     | [lf.flight.extracted] SM464 on 10FEB: BKG=20, LF=11.4%
2026-01-11 00:43:43 | INFO     | [SUCCESS] Day 10FEB
2026-01-11 00:43:43 | INFO     | [SUCCESS] LF Search Complete
2026-01-11 00:43:45 | INFO     | [Worker_9234] Completed: RUH-ATZ - 9 results, 0 errors
2026-01-11 00:43:45 | INFO     | [Worker_9234] Processing: AJF-CAI
2026-01-11 00:43:45 | INFO     |   Tier 0: Range 2, Chunk 2/3 (9 days)
