2026-01-11 00:53:24 | INFO     | ======================================================================
2026-01-11 00:53:24 | INFO     | Load Factor Scraper Started - Route: TUU-ATZ
2026-01-11 00:53:24 | INFO     | Log file: D:\CODERED\LAB\Artifacts\outputs\run_generated_110126_at_00.36\logs\LF_TUU-ATZ_20260111_005324.log
2026-01-11 00:53:24 | INFO     | Enhanced logging: Capturing both logging.info() and print()
2026-01-11 00:53:24 | INFO     | ======================================================================
2026-01-11 00:53:24 | INFO     | Starting LF search for route: TUU-ATZ
2026-01-11 00:53:24 | INFO     | [START] LF Search
2026-01-11 00:53:26 | INFO     | [HEALTH CHECK] [OK] Chrome connection is healthy
2026-01-11 00:53:26 | INFO     | [DAY_START] Processing 31JAN
2026-01-11 00:53:26 | INFO     | [lf.day.start] Processing TUU-ATZ for 31JAN
2026-01-11 00:53:27 | WARNING  | [lf.day.no_flights] No direct flights on 31JAN
2026-01-11 00:53:27 | INFO     | [SUCCESS] Day 31JAN
2026-01-11 00:53:27 | INFO     | [DAY_START] Processing 30JAN
2026-01-11 00:53:27 | INFO     | [lf.day.start] Processing TUU-ATZ for 30JAN
2026-01-11 00:53:29 | INFO     | [lf.day.flights_found] Found 1 flights on 30JAN
2026-01-11 00:53:31 | INFO     | [lf.flight.extracted] SM328 on 30JAN: BKG=79, LF=45.1%
2026-01-11 00:53:36 | INFO     | [SUCCESS] Day 30JAN
2026-01-11 00:53:36 | INFO     | [DAY_START] Processing 29JAN
2026-01-11 00:53:36 | INFO     | [lf.day.start] Processing TUU-ATZ for 29JAN
2026-01-11 00:53:37 | WARNING  | [lf.day.no_flights] No direct flights on 29JAN
2026-01-11 00:53:38 | INFO     | [SUCCESS] Day 29JAN
2026-01-11 00:53:38 | INFO     | [DAY_START] Processing 28JAN
2026-01-11 00:53:38 | INFO     | [lf.day.start] Processing TUU-ATZ for 28JAN
2026-01-11 00:53:39 | WARNING  | [lf.day.no_flights] No direct flights on 28JAN
2026-01-11 00:53:39 | INFO     | [SUCCESS] Day 28JAN
2026-01-11 00:53:39 | INFO     | [DAY_START] Processing 27JAN
2026-01-11 00:53:39 | INFO     | [lf.day.start] Processing TUU-ATZ for 27JAN
2026-01-11 00:53:40 | WARNING  | [lf.day.no_flights] No direct flights on 27JAN
2026-01-11 00:53:40 | INFO     | [SUCCESS] Day 27JAN
2026-01-11 00:53:40 | INFO     | [DAY_START] Processing 26JAN
2026-01-11 00:53:40 | INFO     | [lf.day.start] Processing TUU-ATZ for 26JAN
2026-01-11 00:53:41 | WARNING  | [lf.day.no_flights] No direct flights on 26JAN
2026-01-11 00:53:41 | INFO     | [SUCCESS] Day 26JAN
2026-01-11 00:53:41 | INFO     | [DAY_START] Processing 25JAN
2026-01-11 00:53:41 | INFO     | [lf.day.start] Processing TUU-ATZ for 25JAN
2026-01-11 00:53:42 | WARNING  | [lf.day.no_flights] No direct flights on 25JAN
2026-01-11 00:53:43 | INFO     | [SUCCESS] Day 25JAN
2026-01-11 00:53:43 | INFO     | [DAY_START] Processing 24JAN
2026-01-11 00:53:43 | INFO     | [lf.day.start] Processing TUU-ATZ for 24JAN
2026-01-11 00:53:44 | WARNING  | [lf.day.no_flights] No direct flights on 24JAN
2026-01-11 00:53:44 | INFO     | [SUCCESS] Day 24JAN
2026-01-11 00:53:44 | INFO     | [DAY_START] Processing 23JAN
2026-01-11 00:53:44 | INFO     | [lf.day.start] Processing TUU-ATZ for 23JAN
2026-01-11 00:53:45 | INFO     | [lf.day.flights_found] Found 1 flights on 23JAN
2026-01-11 00:53:48 | INFO     | [lf.flight.extracted] SM328 on 23JAN: BKG=55, LF=31.4%
2026-01-11 00:53:53 | INFO     | [SUCCESS] Day 23JAN
2026-01-11 00:53:53 | INFO     | [DAY_START] Processing 22JAN
2026-01-11 00:53:53 | INFO     | [lf.day.start] Processing TUU-ATZ for 22JAN
2026-01-11 00:53:54 | WARNING  | [lf.day.no_flights] No direct flights on 22JAN
2026-01-11 00:53:54 | INFO     | [SUCCESS] Day 22JAN
2026-01-11 00:53:54 | INFO     | [DAY_START] Processing 21JAN
2026-01-11 00:53:54 | INFO     | [lf.day.start] Processing TUU-ATZ for 21JAN
2026-01-11 00:53:56 | WARNING  | [lf.day.no_flights] No direct flights on 21JAN
2026-01-11 00:53:56 | INFO     | [SUCCESS] Day 21JAN
2026-01-11 00:53:56 | INFO     | [SUCCESS] LF Search Complete
2026-01-11 00:53:58 | INFO     | [Worker_9226] Completed: TUU-ATZ - 11 results, 0 errors
2026-01-11 00:53:58 | INFO     | [Worker_9226] Processing: AHB-ATZ
2026-01-11 00:53:58 | INFO     |   Tier 0: Range 1, Chunk 1/2 (11 days)
