2026-01-11 00:48:19 | INFO     | ======================================================================
2026-01-11 00:48:19 | INFO     | Load Factor Scraper Started - Route: TUU-ATZ
2026-01-11 00:48:19 | INFO     | Log file: D:\CODERED\LAB\Artifacts\outputs\run_generated_110126_at_00.36\logs\LF_TUU-ATZ_20260111_004819.log
2026-01-11 00:48:19 | INFO     | Enhanced logging: Capturing both logging.info() and print()
2026-01-11 00:48:19 | INFO     | ======================================================================
2026-01-11 00:48:19 | INFO     | Starting LF search for route: TUU-ATZ
2026-01-11 00:48:19 | INFO     | [START] LF Search
2026-01-11 00:48:20 | INFO     | [HEALTH CHECK] [OK] Chrome connection is healthy
2026-01-11 00:48:20 | INFO     | [DAY_START] Processing 09FEB
2026-01-11 00:48:20 | INFO     | [lf.day.start] Processing TUU-ATZ for 09FEB
2026-01-11 00:48:21 | WARNING  | [lf.day.no_flights] No direct flights on 09FEB
2026-01-11 00:48:22 | INFO     | [SUCCESS] Day 09FEB
2026-01-11 00:48:22 | INFO     | [DAY_START] Processing 08FEB
2026-01-11 00:48:22 | INFO     | [lf.day.start] Processing TUU-ATZ for 08FEB
2026-01-11 00:48:23 | WARNING  | [lf.day.no_flights] No direct flights on 08FEB
2026-01-11 00:48:23 | INFO     | [SUCCESS] Day 08FEB
2026-01-11 00:48:23 | INFO     | [DAY_START] Processing 07FEB
2026-01-11 00:48:23 | INFO     | [lf.day.start] Processing TUU-ATZ for 07FEB
2026-01-11 00:48:24 | WARNING  | [lf.day.no_flights] No direct flights on 07FEB
2026-01-11 00:48:24 | INFO     | [SUCCESS] Day 07FEB
2026-01-11 00:48:24 | INFO     | [DAY_START] Processing 06FEB
2026-01-11 00:48:24 | INFO     | [lf.day.start] Processing TUU-ATZ for 06FEB
2026-01-11 00:48:25 | INFO     | [lf.day.flights_found] Found 1 flights on 06FEB
2026-01-11 00:48:27 | INFO     | [lf.flight.extracted] SM328 on 06FEB: BKG=4, LF=2.4%
2026-01-11 00:48:29 | INFO     | [SUCCESS] Day 06FEB
2026-01-11 00:48:29 | INFO     | [DAY_START] Processing 05FEB
2026-01-11 00:48:29 | INFO     | [lf.day.start] Processing TUU-ATZ for 05FEB
2026-01-11 00:48:30 | WARNING  | [lf.day.no_flights] No direct flights on 05FEB
2026-01-11 00:48:30 | INFO     | [SUCCESS] Day 05FEB
2026-01-11 00:48:30 | INFO     | [DAY_START] Processing 04FEB
2026-01-11 00:48:30 | INFO     | [lf.day.start] Processing TUU-ATZ for 04FEB
2026-01-11 00:48:31 | WARNING  | [lf.day.no_flights] No direct flights on 04FEB
2026-01-11 00:48:31 | INFO     | [SUCCESS] Day 04FEB
2026-01-11 00:48:31 | INFO     | [DAY_START] Processing 03FEB
2026-01-11 00:48:31 | INFO     | [lf.day.start] Processing TUU-ATZ for 03FEB
2026-01-11 00:48:32 | WARNING  | [lf.day.no_flights] No direct flights on 03FEB
2026-01-11 00:48:33 | INFO     | [SUCCESS] Day 03FEB
2026-01-11 00:48:33 | INFO     | [DAY_START] Processing 02FEB
2026-01-11 00:48:33 | INFO     | [lf.day.start] Processing TUU-ATZ for 02FEB
2026-01-11 00:48:34 | WARNING  | [lf.day.no_flights] No direct flights on 02FEB
2026-01-11 00:48:34 | INFO     | [SUCCESS] Day 02FEB
2026-01-11 00:48:34 | INFO     | [DAY_START] Processing 01FEB
2026-01-11 00:48:34 | INFO     | [lf.day.start] Processing TUU-ATZ for 01FEB
2026-01-11 00:48:35 | WARNING  | [lf.day.no_flights] No direct flights on 01FEB
2026-01-11 00:48:35 | INFO     | [SUCCESS] Day 01FEB
2026-01-11 00:48:35 | INFO     | [SUCCESS] LF Search Complete
2026-01-11 00:48:37 | INFO     | [Worker_9223] Completed: TUU-ATZ - 9 results, 0 errors
2026-01-11 00:48:37 | INFO     | [Worker_9223] Processing: YNB-CAI
2026-01-11 00:48:37 | INFO     |   Tier 0: Range 2, Chunk 3/3 (9 days)
