2026-01-11 00:53:03 | INFO     | ======================================================================
2026-01-11 00:53:03 | INFO     | Load Factor Scraper Started - Route: TUU-CAI
2026-01-11 00:53:03 | INFO     | Log file: D:\CODERED\LAB\Artifacts\outputs\run_generated_110126_at_00.36\logs\LF_TUU-CAI_20260111_005303.log
2026-01-11 00:53:03 | INFO     | Enhanced logging: Capturing both logging.info() and print()
2026-01-11 00:53:03 | INFO     | ======================================================================
2026-01-11 00:53:03 | INFO     | Starting LF search for route: TUU-CAI
2026-01-11 00:53:03 | INFO     | [START] LF Search
2026-01-11 00:53:05 | INFO     | [HEALTH CHECK] [OK] Chrome connection is healthy
2026-01-11 00:53:05 | INFO     | [DAY_START] Processing 31JAN
2026-01-11 00:53:05 | INFO     | [lf.day.start] Processing TUU-CAI for 31JAN
2026-01-11 00:53:06 | INFO     | [lf.day.flights_found] Found 1 flights on 31JAN
2026-01-11 00:53:08 | INFO     | [lf.flight.extracted] SM326 on 31JAN: BKG=10, LF=5.7%
2026-01-11 00:53:11 | INFO     | [SUCCESS] Day 31JAN
2026-01-11 00:53:11 | INFO     | [DAY_START] Processing 30JAN
2026-01-11 00:53:11 | INFO     | [lf.day.start] Processing TUU-CAI for 30JAN
2026-01-11 00:53:12 | WARNING  | [lf.day.no_flights] No direct flights on 30JAN
2026-01-11 00:53:12 | INFO     | [SUCCESS] Day 30JAN
2026-01-11 00:53:12 | INFO     | [DAY_START] Processing 29JAN
2026-01-11 00:53:12 | INFO     | [lf.day.start] Processing TUU-CAI for 29JAN
2026-01-11 00:53:13 | INFO     | [lf.day.flights_found] Found 1 flights on 29JAN
2026-01-11 00:53:15 | INFO     | [lf.flight.extracted] SM326 on 29JAN: BKG=27, LF=15.4%
2026-01-11 00:53:18 | INFO     | [SUCCESS] Day 29JAN
2026-01-11 00:53:18 | INFO     | [DAY_START] Processing 28JAN
2026-01-11 00:53:18 | INFO     | [lf.day.start] Processing TUU-CAI for 28JAN
2026-01-11 00:53:20 | INFO     | [lf.day.flights_found] Found 1 flights on 28JAN
2026-01-11 00:53:22 | INFO     | [lf.flight.extracted] SM326 on 28JAN: BKG=9, LF=5.1%
2026-01-11 00:53:25 | INFO     | [SUCCESS] Day 28JAN
2026-01-11 00:53:25 | INFO     | [DAY_START] Processing 27JAN
2026-01-11 00:53:25 | INFO     | [lf.day.start] Processing TUU-CAI for 27JAN
2026-01-11 00:53:26 | WARNING  | [lf.day.no_flights] No direct flights on 27JAN
2026-01-11 00:53:26 | INFO     | [SUCCESS] Day 27JAN
2026-01-11 00:53:26 | INFO     | [DAY_START] Processing 26JAN
2026-01-11 00:53:26 | INFO     | [lf.day.start] Processing TUU-CAI for 26JAN
2026-01-11 00:53:27 | WARNING  | [lf.day.no_flights] No direct flights on 26JAN
2026-01-11 00:53:28 | INFO     | [SUCCESS] Day 26JAN
2026-01-11 00:53:28 | INFO     | [DAY_START] Processing 25JAN
2026-01-11 00:53:28 | INFO     | [lf.day.start] Processing TUU-CAI for 25JAN
2026-01-11 00:53:29 | WARNING  | [lf.day.no_flights] No direct flights on 25JAN
2026-01-11 00:53:29 | INFO     | [SUCCESS] Day 25JAN
2026-01-11 00:53:29 | INFO     | [DAY_START] Processing 24JAN
2026-01-11 00:53:29 | INFO     | [lf.day.start] Processing TUU-CAI for 24JAN
2026-01-11 00:53:32 | INFO     | [lf.day.flights_found] Found 1 flights on 24JAN
2026-01-11 00:53:34 | INFO     | [lf.flight.extracted] SM326 on 24JAN: BKG=10, LF=5.7%
2026-01-11 00:53:37 | INFO     | [SUCCESS] Day 24JAN
2026-01-11 00:53:37 | INFO     | [DAY_START] Processing 23JAN
2026-01-11 00:53:37 | INFO     | [lf.day.start] Processing TUU-CAI for 23JAN
2026-01-11 00:53:38 | WARNING  | [lf.day.no_flights] No direct flights on 23JAN
2026-01-11 00:53:38 | INFO     | [SUCCESS] Day 23JAN
2026-01-11 00:53:38 | INFO     | [DAY_START] Processing 22JAN
2026-01-11 00:53:38 | INFO     | [lf.day.start] Processing TUU-CAI for 22JAN
2026-01-11 00:53:39 | INFO     | [lf.day.flights_found] Found 1 flights on 22JAN
2026-01-11 00:53:41 | INFO     | [lf.flight.extracted] SM326 on 22JAN: BKG=47, LF=26.9%
2026-01-11 00:53:46 | INFO     | [SUCCESS] Day 22JAN
2026-01-11 00:53:46 | INFO     | [DAY_START] Processing 21JAN
2026-01-11 00:53:46 | INFO     | [lf.day.start] Processing TUU-CAI for 21JAN
2026-01-11 00:53:48 | INFO     | [lf.day.flights_found] Found 1 flights on 21JAN
2026-01-11 00:53:50 | INFO     | [lf.flight.extracted] SM326 on 21JAN: BKG=27, LF=15.4%
2026-01-11 00:53:54 | INFO     | [SUCCESS] Day 21JAN
2026-01-11 00:53:54 | INFO     | [SUCCESS] LF Search Complete
2026-01-11 00:53:56 | INFO     | [Worker_9223] Completed: TUU-CAI - 11 results, 0 errors
2026-01-11 00:53:56 | INFO     | [Worker_9223] Processing: AHB-CAI
2026-01-11 00:53:56 | INFO     |   Tier 0: Range 1, Chunk 1/2 (11 days)
