2026-01-11 01:00:12 | INFO     | ======================================================================
2026-01-11 01:00:12 | INFO     | Load Factor Scraper Started - Route: TUU-ATZ
2026-01-11 01:00:12 | INFO     | Log file: D:\CODERED\LAB\Artifacts\outputs\run_generated_110126_at_00.36\logs\LF_TUU-ATZ_20260111_010012.log
2026-01-11 01:00:12 | INFO     | Enhanced logging: Capturing both logging.info() and print()
2026-01-11 01:00:12 | INFO     | ======================================================================
2026-01-11 01:00:12 | INFO     | Starting LF search for route: TUU-ATZ
2026-01-11 01:00:12 | INFO     | [START] LF Search
2026-01-11 01:00:13 | INFO     | [HEALTH CHECK] [OK] Chrome connection is healthy
2026-01-11 01:00:13 | INFO     | [DAY_START] Processing 20JAN
2026-01-11 01:00:13 | INFO     | [lf.day.start] Processing TUU-ATZ for 20JAN
2026-01-11 01:00:14 | WARNING  | [lf.day.no_flights] No direct flights on 20JAN
2026-01-11 01:00:14 | INFO     | [SUCCESS] Day 20JAN
2026-01-11 01:00:14 | INFO     | [DAY_START] Processing 19JAN
2026-01-11 01:00:14 | INFO     | [lf.day.start] Processing TUU-ATZ for 19JAN
2026-01-11 01:00:15 | WARNING  | [lf.day.no_flights] No direct flights on 19JAN
2026-01-11 01:00:15 | INFO     | [SUCCESS] Day 19JAN
2026-01-11 01:00:15 | INFO     | [DAY_START] Processing 18JAN
2026-01-11 01:00:15 | INFO     | [lf.day.start] Processing TUU-ATZ for 18JAN
2026-01-11 01:00:16 | WARNING  | [lf.day.no_flights] No direct flights on 18JAN
2026-01-11 01:00:16 | INFO     | [SUCCESS] Day 18JAN
2026-01-11 01:00:16 | INFO     | [DAY_START] Processing 17JAN
2026-01-11 01:00:16 | INFO     | [lf.day.start] Processing TUU-ATZ for 17JAN
2026-01-11 01:00:17 | WARNING  | [lf.day.no_flights] No direct flights on 17JAN
2026-01-11 01:00:17 | INFO     | [SUCCESS] Day 17JAN
2026-01-11 01:00:17 | INFO     | [DAY_START] Processing 16JAN
2026-01-11 01:00:17 | INFO     | [lf.day.start] Processing TUU-ATZ for 16JAN
2026-01-11 01:00:18 | INFO     | [lf.day.flights_found] Found 1 flights on 16JAN
2026-01-11 01:00:20 | INFO     | [lf.flight.extracted] SM328 on 16JAN: BKG=85, LF=48.6%
2026-01-11 01:00:25 | INFO     | [SUCCESS] Day 16JAN
2026-01-11 01:00:25 | INFO     | [DAY_START] Processing 15JAN
2026-01-11 01:00:25 | INFO     | [lf.day.start] Processing TUU-ATZ for 15JAN
2026-01-11 01:00:26 | WARNING  | [lf.day.no_flights] No direct flights on 15JAN
2026-01-11 01:00:26 | INFO     | [SUCCESS] Day 15JAN
2026-01-11 01:00:26 | INFO     | [DAY_START] Processing 14JAN
2026-01-11 01:00:26 | INFO     | [lf.day.start] Processing TUU-ATZ for 14JAN
2026-01-11 01:00:27 | WARNING  | [lf.day.no_flights] No direct flights on 14JAN
2026-01-11 01:00:27 | INFO     | [SUCCESS] Day 14JAN
2026-01-11 01:00:27 | INFO     | [DAY_START] Processing 13JAN
2026-01-11 01:00:27 | INFO     | [lf.day.start] Processing TUU-ATZ for 13JAN
2026-01-11 01:00:28 | WARNING  | [lf.day.no_flights] No direct flights on 13JAN
2026-01-11 01:00:29 | INFO     | [SUCCESS] Day 13JAN
2026-01-11 01:00:29 | INFO     | [DAY_START] Processing 12JAN
2026-01-11 01:00:29 | INFO     | [lf.day.start] Processing TUU-ATZ for 12JAN
2026-01-11 01:00:30 | WARNING  | [lf.day.no_flights] No direct flights on 12JAN
2026-01-11 01:00:30 | INFO     | [SUCCESS] Day 12JAN
2026-01-11 01:00:30 | INFO     | [SUCCESS] LF Search Complete
2026-01-11 01:00:33 | INFO     | [Worker_9234] Completed: TUU-ATZ - 9 results, 0 errors
2026-01-11 01:00:33 | INFO     | [Worker_9234] Processing: AJF-ATZ
2026-01-11 01:00:33 | INFO     |   Tier 0: Range 1, Chunk 2/2 (10 days)
