2026-01-11 00:43:45 | INFO     | ======================================================================
2026-01-11 00:43:45 | INFO     | Load Factor Scraper Started - Route: TUU-ATZ
2026-01-11 00:43:45 | INFO     | Log file: D:\CODERED\LAB\Artifacts\outputs\run_generated_110126_at_00.36\logs\LF_TUU-ATZ_20260111_004345.log
2026-01-11 00:43:45 | INFO     | Enhanced logging: Capturing both logging.info() and print()
2026-01-11 00:43:45 | INFO     | ======================================================================
2026-01-11 00:43:45 | INFO     | Starting LF search for route: TUU-ATZ
2026-01-11 00:43:45 | INFO     | [START] LF Search
2026-01-11 00:43:46 | INFO     | [HEALTH CHECK] [OK] Chrome connection is healthy
2026-01-11 00:43:46 | INFO     | [DAY_START] Processing 18FEB
2026-01-11 00:43:46 | INFO     | [lf.day.start] Processing TUU-ATZ for 18FEB
2026-01-11 00:43:47 | WARNING  | [lf.day.no_flights] No direct flights on 18FEB
2026-01-11 00:43:48 | INFO     | [SUCCESS] Day 18FEB
2026-01-11 00:43:48 | INFO     | [DAY_START] Processing 17FEB
2026-01-11 00:43:48 | INFO     | [lf.day.start] Processing TUU-ATZ for 17FEB
2026-01-11 00:43:48 | WARNING  | [lf.day.no_flights] No direct flights on 17FEB
2026-01-11 00:43:49 | INFO     | [SUCCESS] Day 17FEB
2026-01-11 00:43:49 | INFO     | [DAY_START] Processing 16FEB
2026-01-11 00:43:49 | INFO     | [lf.day.start] Processing TUU-ATZ for 16FEB
2026-01-11 00:43:50 | WARNING  | [lf.day.no_flights] No direct flights on 16FEB
2026-01-11 00:43:50 | INFO     | [SUCCESS] Day 16FEB
2026-01-11 00:43:50 | INFO     | [DAY_START] Processing 15FEB
2026-01-11 00:43:50 | INFO     | [lf.day.start] Processing TUU-ATZ for 15FEB
2026-01-11 00:43:51 | WARNING  | [lf.day.no_flights] No direct flights on 15FEB
2026-01-11 00:43:51 | INFO     | [SUCCESS] Day 15FEB
2026-01-11 00:43:51 | INFO     | [DAY_START] Processing 14FEB
2026-01-11 00:43:51 | INFO     | [lf.day.start] Processing TUU-ATZ for 14FEB
2026-01-11 00:43:52 | WARNING  | [lf.day.no_flights] No direct flights on 14FEB
2026-01-11 00:43:52 | INFO     | [SUCCESS] Day 14FEB
2026-01-11 00:43:52 | INFO     | [DAY_START] Processing 13FEB
2026-01-11 00:43:52 | INFO     | [lf.day.start] Processing TUU-ATZ for 13FEB
2026-01-11 00:43:53 | INFO     | [lf.day.flights_found] Found 1 flights on 13FEB
2026-01-11 00:43:55 | INFO     | [lf.flight.extracted] SM328 on 13FEB: BKG=3, LF=1.7%
2026-01-11 00:43:58 | INFO     | [SUCCESS] Day 13FEB
2026-01-11 00:43:58 | INFO     | [DAY_START] Processing 12FEB
2026-01-11 00:43:58 | INFO     | [lf.day.start] Processing TUU-ATZ for 12FEB
2026-01-11 00:43:59 | WARNING  | [lf.day.no_flights] No direct flights on 12FEB
2026-01-11 00:43:59 | INFO     | [SUCCESS] Day 12FEB
2026-01-11 00:43:59 | INFO     | [DAY_START] Processing 11FEB
2026-01-11 00:43:59 | INFO     | [lf.day.start] Processing TUU-ATZ for 11FEB
2026-01-11 00:44:00 | WARNING  | [lf.day.no_flights] No direct flights on 11FEB
2026-01-11 00:44:00 | INFO     | [SUCCESS] Day 11FEB
2026-01-11 00:44:00 | INFO     | [DAY_START] Processing 10FEB
2026-01-11 00:44:00 | INFO     | [lf.day.start] Processing TUU-ATZ for 10FEB
2026-01-11 00:44:01 | WARNING  | [lf.day.no_flights] No direct flights on 10FEB
2026-01-11 00:44:01 | INFO     | [SUCCESS] Day 10FEB
2026-01-11 00:44:01 | INFO     | [SUCCESS] LF Search Complete
2026-01-11 00:44:03 | INFO     | [Worker_9227] Completed: TUU-ATZ - 9 results, 0 errors
2026-01-11 00:44:03 | INFO     | [Worker_9227] Processing: YNB-CAI
2026-01-11 00:44:03 | INFO     |   Tier 0: Range 2, Chunk 2/3 (9 days)
