2026-01-11 00:53:39 | INFO     | ======================================================================
2026-01-11 00:53:39 | INFO     | Load Factor Scraper Started - Route: YNB-CAI
2026-01-11 00:53:39 | INFO     | Log file: D:\CODERED\LAB\Artifacts\outputs\run_generated_110126_at_00.36\logs\LF_YNB-CAI_20260111_005339.log
2026-01-11 00:53:39 | INFO     | Enhanced logging: Capturing both logging.info() and print()
2026-01-11 00:53:39 | INFO     | ======================================================================
2026-01-11 00:53:39 | INFO     | Starting LF search for route: YNB-CAI
2026-01-11 00:53:39 | INFO     | [START] LF Search
2026-01-11 00:53:41 | INFO     | [HEALTH CHECK] [OK] Chrome connection is healthy
2026-01-11 00:53:41 | INFO     | [DAY_START] Processing 31JAN
2026-01-11 00:53:41 | INFO     | [lf.day.start] Processing YNB-CAI for 31JAN
2026-01-11 00:53:42 | INFO     | [lf.day.flights_found] Found 1 flights on 31JAN
2026-01-11 00:53:44 | INFO     | [lf.flight.extracted] SM442 on 31JAN: BKG=117, LF=66.9%
2026-01-11 00:53:49 | INFO     | [SUCCESS] Day 31JAN
2026-01-11 00:53:49 | INFO     | [DAY_START] Processing 30JAN
2026-01-11 00:53:49 | INFO     | [lf.day.start] Processing YNB-CAI for 30JAN
2026-01-11 00:53:50 | INFO     | [lf.day.flights_found] Found 1 flights on 30JAN
2026-01-11 00:53:53 | INFO     | [lf.flight.extracted] SM442 on 30JAN: BKG=101, LF=57.7%
2026-01-11 00:53:57 | INFO     | [SUCCESS] Day 30JAN
2026-01-11 00:53:57 | INFO     | [DAY_START] Processing 29JAN
2026-01-11 00:53:57 | INFO     | [lf.day.start] Processing YNB-CAI for 29JAN
2026-01-11 00:53:59 | INFO     | [lf.day.flights_found] Found 1 flights on 29JAN
2026-01-11 00:54:01 | INFO     | [lf.flight.extracted] SM442 on 29JAN: BKG=168, LF=96.0%
2026-01-11 00:54:07 | INFO     | [SUCCESS] Day 29JAN
2026-01-11 00:54:07 | INFO     | [DAY_START] Processing 28JAN
2026-01-11 00:54:07 | INFO     | [lf.day.start] Processing YNB-CAI for 28JAN
2026-01-11 00:54:08 | INFO     | [lf.day.flights_found] Found 1 flights on 28JAN
2026-01-11 00:54:10 | INFO     | [lf.flight.extracted] SM442 on 28JAN: BKG=166, LF=94.9%
2026-01-11 00:54:15 | INFO     | [SUCCESS] Day 28JAN
2026-01-11 00:54:15 | INFO     | [DAY_START] Processing 27JAN
2026-01-11 00:54:15 | INFO     | [lf.day.start] Processing YNB-CAI for 27JAN
2026-01-11 00:54:16 | INFO     | [lf.day.flights_found] Found 1 flights on 27JAN
2026-01-11 00:54:18 | INFO     | [lf.flight.extracted] SM442 on 27JAN: BKG=169, LF=98.3%
2026-01-11 00:54:23 | INFO     | [SUCCESS] Day 27JAN
2026-01-11 00:54:23 | INFO     | [DAY_START] Processing 26JAN
2026-01-11 00:54:23 | INFO     | [lf.day.start] Processing YNB-CAI for 26JAN
2026-01-11 00:54:24 | INFO     | [lf.day.flights_found] Found 1 flights on 26JAN
2026-01-11 00:54:26 | INFO     | [lf.flight.extracted] SM442 on 26JAN: BKG=110, LF=62.9%
2026-01-11 00:54:31 | INFO     | [SUCCESS] Day 26JAN
2026-01-11 00:54:31 | INFO     | [DAY_START] Processing 25JAN
2026-01-11 00:54:31 | INFO     | [lf.day.start] Processing YNB-CAI for 25JAN
2026-01-11 00:54:32 | INFO     | [lf.day.flights_found] Found 1 flights on 25JAN
2026-01-11 00:54:34 | INFO     | [lf.flight.extracted] SM442 on 25JAN: BKG=104, LF=60.5%
2026-01-11 00:54:40 | INFO     | [SUCCESS] Day 25JAN
2026-01-11 00:54:40 | INFO     | [DAY_START] Processing 24JAN
2026-01-11 00:54:40 | INFO     | [lf.day.start] Processing YNB-CAI for 24JAN
2026-01-11 00:54:41 | INFO     | [lf.day.flights_found] Found 1 flights on 24JAN
2026-01-11 00:54:42 | INFO     | [lf.flight.extracted] SM442 on 24JAN: BKG=170, LF=97.1%
2026-01-11 00:54:49 | INFO     | [SUCCESS] Day 24JAN
2026-01-11 00:54:49 | INFO     | [DAY_START] Processing 23JAN
2026-01-11 00:54:49 | INFO     | [lf.day.start] Processing YNB-CAI for 23JAN
2026-01-11 00:54:50 | INFO     | [lf.day.flights_found] Found 1 flights on 23JAN
2026-01-11 00:54:52 | INFO     | [lf.flight.extracted] SM442 on 23JAN: BKG=61, LF=34.9%
2026-01-11 00:54:56 | INFO     | [SUCCESS] Day 23JAN
2026-01-11 00:54:56 | INFO     | [DAY_START] Processing 22JAN
2026-01-11 00:54:56 | INFO     | [lf.day.start] Processing YNB-CAI for 22JAN
2026-01-11 00:54:57 | INFO     | [lf.day.flights_found] Found 1 flights on 22JAN
2026-01-11 00:54:59 | INFO     | [lf.flight.extracted] SM442 on 22JAN: BKG=125, LF=71.4%
2026-01-11 00:55:04 | INFO     | [SUCCESS] Day 22JAN
2026-01-11 00:55:04 | INFO     | [DAY_START] Processing 21JAN
2026-01-11 00:55:04 | INFO     | [lf.day.start] Processing YNB-CAI for 21JAN
2026-01-11 00:55:05 | INFO     | [lf.day.flights_found] Found 1 flights on 21JAN
2026-01-11 00:55:07 | INFO     | [lf.flight.extracted] SM442 on 21JAN: BKG=133, LF=76.0%
2026-01-11 00:55:12 | INFO     | [SUCCESS] Day 21JAN
2026-01-11 00:55:12 | INFO     | [SUCCESS] LF Search Complete
2026-01-11 00:55:14 | INFO     | [Worker_9224] Completed: YNB-CAI - 11 results, 0 errors
2026-01-11 00:55:14 | INFO     | [Worker_9224] Processing: LXR-JED
2026-01-11 00:55:14 | INFO     |   Tier 0: Range 1, Chunk 1/2 (11 days)
