2026-01-30 05:29:13 | INFO     | ======================================================================
2026-01-30 05:29:13 | INFO     | Load Factor Scraper Started - Route: ATZ-MED
2026-01-30 05:29:13 | INFO     | Log file: D:\CODERED\LAB\Artifacts\outputs\run_generated_300126_at_05.16\logs\LF_ATZ-MED_20260130_052913.log
2026-01-30 05:29:13 | INFO     | Enhanced logging: Capturing both logging.info() and print()
2026-01-30 05:29:13 | INFO     | ======================================================================
2026-01-30 05:29:13 | INFO     | Starting LF search for route: ATZ-MED
2026-01-30 05:29:13 | INFO     | [START] LF Search
2026-01-30 05:29:14 | INFO     | [HEALTH CHECK] [OK] Chrome connection is healthy
2026-01-30 05:29:14 | INFO     | [DAY_START] Processing 19APR
2026-01-30 05:29:14 | INFO     | [lf.day.start] Processing ATZ-MED for 19APR
2026-01-30 05:29:15 | INFO     | [lf.day.flights_found] Found 1 flights on 19APR
2026-01-30 05:29:17 | INFO     | [lf.flight.extracted] SM487 on 19APR: BKG=5, LF=2.8%
2026-01-30 05:29:20 | INFO     | [SUCCESS] Day 19APR
2026-01-30 05:29:20 | INFO     | [DAY_START] Processing 18APR
2026-01-30 05:29:20 | INFO     | [lf.day.start] Processing ATZ-MED for 18APR
2026-01-30 05:29:21 | WARNING  | [lf.day.no_flights] No direct flights on 18APR
2026-01-30 05:29:21 | INFO     | [SUCCESS] Day 18APR
2026-01-30 05:29:21 | INFO     | [DAY_START] Processing 17APR
2026-01-30 05:29:21 | INFO     | [lf.day.start] Processing ATZ-MED for 17APR
2026-01-30 05:29:22 | WARNING  | [lf.day.no_flights] No direct flights on 17APR
2026-01-30 05:29:22 | INFO     | [SUCCESS] Day 17APR
2026-01-30 05:29:22 | INFO     | [DAY_START] Processing 16APR
2026-01-30 05:29:22 | INFO     | [lf.day.start] Processing ATZ-MED for 16APR
2026-01-30 05:29:24 | WARNING  | [lf.day.no_flights] No direct flights on 16APR
2026-01-30 05:29:24 | INFO     | [SUCCESS] Day 16APR
2026-01-30 05:29:24 | INFO     | [DAY_START] Processing 15APR
2026-01-30 05:29:24 | INFO     | [lf.day.start] Processing ATZ-MED for 15APR
2026-01-30 05:29:25 | WARNING  | [lf.day.no_flights] No direct flights on 15APR
2026-01-30 05:29:25 | INFO     | [SUCCESS] Day 15APR
2026-01-30 05:29:25 | INFO     | [DAY_START] Processing 14APR
2026-01-30 05:29:25 | INFO     | [lf.day.start] Processing ATZ-MED for 14APR
2026-01-30 05:29:26 | WARNING  | [lf.day.no_flights] No direct flights on 14APR
2026-01-30 05:29:26 | INFO     | [SUCCESS] Day 14APR
2026-01-30 05:29:26 | INFO     | [DAY_START] Processing 13APR
2026-01-30 05:29:26 | INFO     | [lf.day.start] Processing ATZ-MED for 13APR
2026-01-30 05:29:27 | WARNING  | [lf.day.no_flights] No direct flights on 13APR
2026-01-30 05:29:27 | INFO     | [SUCCESS] Day 13APR
2026-01-30 05:29:27 | INFO     | [DAY_START] Processing 12APR
2026-01-30 05:29:27 | INFO     | [lf.day.start] Processing ATZ-MED for 12APR
2026-01-30 05:29:29 | INFO     | [lf.day.flights_found] Found 1 flights on 12APR
2026-01-30 05:29:49 | INFO     | [lf.flight.extracted] SM487 on 12APR: BKG=4, LF=2.2%
2026-01-30 05:29:52 | INFO     | [SUCCESS] Day 12APR
2026-01-30 05:29:52 | INFO     | [DAY_START] Processing 11APR
2026-01-30 05:29:52 | INFO     | [lf.day.start] Processing ATZ-MED for 11APR
2026-01-30 05:29:53 | WARNING  | [lf.day.no_flights] No direct flights on 11APR
2026-01-30 05:29:53 | INFO     | [SUCCESS] Day 11APR
2026-01-30 05:29:53 | INFO     | [DAY_START] Processing 10APR
2026-01-30 05:29:53 | INFO     | [lf.day.start] Processing ATZ-MED for 10APR
2026-01-30 05:29:55 | WARNING  | [lf.day.no_flights] No direct flights on 10APR
2026-01-30 05:29:55 | INFO     | [SUCCESS] Day 10APR
2026-01-30 05:29:55 | INFO     | [SUCCESS] LF Search Complete
2026-01-30 05:29:55 | INFO     | [Worker_9223] Completed: ATZ-MED - 10 results, 0 errors
2026-01-30 05:29:55 | INFO     | [Worker_9223] Processing: CAI-TUU
2026-01-30 05:29:55 | INFO     |   Tier 0: Range 3, Chunk 2/3 (10 days)
