2026-01-30 06:11:58 | INFO     | ======================================================================
2026-01-30 06:11:58 | INFO     | Load Factor Scraper Started - Route: AJF-ATZ
2026-01-30 06:11:58 | INFO     | Log file: D:\CODERED\LAB\Artifacts\outputs\run_generated_300126_at_05.16\logs\LF_AJF-ATZ_20260130_061158.log
2026-01-30 06:11:58 | INFO     | Enhanced logging: Capturing both logging.info() and print()
2026-01-30 06:11:58 | INFO     | ======================================================================
2026-01-30 06:11:58 | INFO     | Starting LF search for route: AJF-ATZ
2026-01-30 06:11:58 | INFO     | [START] LF Search
2026-01-30 06:11:59 | INFO     | [HEALTH CHECK] [OK] Chrome connection is healthy
2026-01-30 06:11:59 | INFO     | [DAY_START] Processing 08FEB
2026-01-30 06:11:59 | INFO     | [lf.day.start] Processing AJF-ATZ for 08FEB
2026-01-30 06:12:00 | WARNING  | [lf.day.no_flights] No direct flights on 08FEB
2026-01-30 06:12:00 | INFO     | [SUCCESS] Day 08FEB
2026-01-30 06:12:00 | INFO     | [DAY_START] Processing 07FEB
2026-01-30 06:12:00 | INFO     | [lf.day.start] Processing AJF-ATZ for 07FEB
2026-01-30 06:12:01 | WARNING  | [lf.day.no_flights] No direct flights on 07FEB
2026-01-30 06:12:01 | INFO     | [SUCCESS] Day 07FEB
2026-01-30 06:12:01 | INFO     | [DAY_START] Processing 06FEB
2026-01-30 06:12:01 | INFO     | [lf.day.start] Processing AJF-ATZ for 06FEB
2026-01-30 06:12:02 | INFO     | [lf.day.flights_found] Found 1 flights on 06FEB
2026-01-30 06:12:04 | INFO     | [lf.flight.extracted] SM324 on 06FEB: BKG=155, LF=88.6%
2026-01-30 06:12:11 | INFO     | [SUCCESS] Day 06FEB
2026-01-30 06:12:11 | INFO     | [DAY_START] Processing 05FEB
2026-01-30 06:12:11 | INFO     | [lf.day.start] Processing AJF-ATZ for 05FEB
2026-01-30 06:12:12 | WARNING  | [lf.day.no_flights] No direct flights on 05FEB
2026-01-30 06:12:12 | INFO     | [SUCCESS] Day 05FEB
2026-01-30 06:12:12 | INFO     | [DAY_START] Processing 04FEB
2026-01-30 06:12:12 | INFO     | [lf.day.start] Processing AJF-ATZ for 04FEB
2026-01-30 06:12:13 | WARNING  | [lf.day.no_flights] No direct flights on 04FEB
2026-01-30 06:12:13 | INFO     | [SUCCESS] Day 04FEB
2026-01-30 06:12:13 | INFO     | [DAY_START] Processing 03FEB
2026-01-30 06:12:13 | INFO     | [lf.day.start] Processing AJF-ATZ for 03FEB
2026-01-30 06:12:14 | WARNING  | [lf.day.no_flights] No direct flights on 03FEB
2026-01-30 06:12:14 | INFO     | [SUCCESS] Day 03FEB
2026-01-30 06:12:14 | INFO     | [DAY_START] Processing 02FEB
2026-01-30 06:12:14 | INFO     | [lf.day.start] Processing AJF-ATZ for 02FEB
2026-01-30 06:12:15 | WARNING  | [lf.day.no_flights] No direct flights on 02FEB
2026-01-30 06:12:15 | INFO     | [SUCCESS] Day 02FEB
2026-01-30 06:12:15 | INFO     | [DAY_START] Processing 01FEB
2026-01-30 06:12:15 | INFO     | [lf.day.start] Processing AJF-ATZ for 01FEB
2026-01-30 06:12:17 | WARNING  | [lf.day.no_flights] No direct flights on 01FEB
2026-01-30 06:12:17 | INFO     | [SUCCESS] Day 01FEB
2026-01-30 06:12:17 | INFO     | [DAY_START] Processing 31JAN
2026-01-30 06:12:17 | INFO     | [lf.day.start] Processing AJF-ATZ for 31JAN
2026-01-30 06:12:18 | WARNING  | [lf.day.no_flights] No direct flights on 31JAN
2026-01-30 06:12:18 | INFO     | [SUCCESS] Day 31JAN
2026-01-30 06:12:18 | INFO     | [SUCCESS] LF Search Complete
2026-01-30 06:12:26 | INFO     | [Worker_9226] Completed: AJF-ATZ - 9 results, 0 errors
2026-01-30 06:12:26 | INFO     | [Worker_9226] Processing: AHB-ATZ
2026-01-30 06:12:26 | INFO     |   Tier 0: Range 1, Chunk 3/3 (10 days)
