2026-01-30 05:23:29 | INFO     | ======================================================================
2026-01-30 05:23:29 | INFO     | Load Factor Scraper Started - Route: AJF-CAI
2026-01-30 05:23:29 | INFO     | Log file: D:\CODERED\LAB\Artifacts\outputs\run_generated_300126_at_05.16\logs\LF_AJF-CAI_20260130_052329.log
2026-01-30 05:23:29 | INFO     | Enhanced logging: Capturing both logging.info() and print()
2026-01-30 05:23:29 | INFO     | ======================================================================
2026-01-30 05:23:29 | INFO     | Starting LF search for route: AJF-CAI
2026-01-30 05:23:29 | INFO     | [START] LF Search
2026-01-30 05:23:30 | INFO     | [HEALTH CHECK] [OK] Chrome connection is healthy
2026-01-30 05:23:30 | INFO     | [DAY_START] Processing 06MAY
2026-01-30 05:23:30 | INFO     | [lf.day.start] Processing AJF-CAI for 06MAY
2026-01-30 05:23:32 | WARNING  | [lf.day.no_flights] No direct flights on 06MAY
2026-01-30 05:23:32 | INFO     | [SUCCESS] Day 06MAY
2026-01-30 05:23:32 | INFO     | [DAY_START] Processing 05MAY
2026-01-30 05:23:32 | INFO     | [lf.day.start] Processing AJF-CAI for 05MAY
2026-01-30 05:23:35 | WARNING  | [lf.day.no_flights] No direct flights on 05MAY
2026-01-30 05:23:35 | INFO     | [SUCCESS] Day 05MAY
2026-01-30 05:23:35 | INFO     | [DAY_START] Processing 04MAY
2026-01-30 05:23:35 | INFO     | [lf.day.start] Processing AJF-CAI for 04MAY
2026-01-30 05:23:37 | WARNING  | [lf.day.no_flights] No direct flights on 04MAY
2026-01-30 05:23:37 | INFO     | [SUCCESS] Day 04MAY
2026-01-30 05:23:37 | INFO     | [DAY_START] Processing 03MAY
2026-01-30 05:23:37 | INFO     | [lf.day.start] Processing AJF-CAI for 03MAY
2026-01-30 05:23:38 | INFO     | [HEALTH CHECK] [OK] Chrome connection is healthy
2026-01-30 05:23:41 | INFO     | [lf.day.flights_found] Found 1 flights on 03MAY
2026-01-30 05:23:46 | INFO     | [lf.flight.extracted] SM322 on 03MAY: BKG=0, LF=0.0%
2026-01-30 05:23:47 | INFO     | [SUCCESS] Day 03MAY
2026-01-30 05:23:47 | INFO     | [DAY_START] Processing 02MAY
2026-01-30 05:23:47 | INFO     | [lf.day.start] Processing AJF-CAI for 02MAY
2026-01-30 05:23:48 | WARNING  | [lf.day.no_flights] No direct flights on 02MAY
2026-01-30 05:23:48 | INFO     | [SUCCESS] Day 02MAY
2026-01-30 05:23:48 | INFO     | [DAY_START] Processing 01MAY
2026-01-30 05:23:48 | INFO     | [lf.day.start] Processing AJF-CAI for 01MAY
2026-01-30 05:23:50 | INFO     | [lf.day.flights_found] Found 1 flights on 01MAY
2026-01-30 05:23:52 | INFO     | [lf.flight.extracted] SM322 on 01MAY: BKG=1, LF=0.6%
2026-01-30 05:23:54 | INFO     | [SUCCESS] Day 01MAY
2026-01-30 05:23:54 | INFO     | [DAY_START] Processing 30APR
2026-01-30 05:23:54 | INFO     | [lf.day.start] Processing AJF-CAI for 30APR
2026-01-30 05:23:56 | INFO     | [lf.day.flights_found] Found 1 flights on 30APR
2026-01-30 05:23:58 | INFO     | [lf.flight.extracted] SM322 on 30APR: BKG=0, LF=0.0%
2026-01-30 05:23:59 | INFO     | [SUCCESS] Day 30APR
2026-01-30 05:23:59 | INFO     | [SUCCESS] LF Search Complete
2026-01-30 05:23:59 | INFO     | [Worker_9234] Completed: AJF-CAI - 7 results, 0 errors
2026-01-30 05:23:59 | INFO     | [Worker_9234] Processing: GIZ-CAI
2026-01-30 05:23:59 | INFO     |   Tier 0: Range 4, Chunk 4/4 (7 days)
