2026-01-30 05:17:06 | INFO     | ======================================================================
2026-01-30 05:17:06 | INFO     | Load Factor Scraper Started - Route: AHB-CAI
2026-01-30 05:17:06 | INFO     | Log file: D:\CODERED\LAB\Artifacts\outputs\run_generated_300126_at_05.16\logs\LF_AHB-CAI_20260130_051706.log
2026-01-30 05:17:06 | INFO     | Enhanced logging: Capturing both logging.info() and print()
2026-01-30 05:17:06 | INFO     | ======================================================================
2026-01-30 05:17:06 | INFO     | Starting LF search for route: AHB-CAI
2026-01-30 05:17:06 | INFO     | [START] LF Search
2026-01-30 05:17:07 | INFO     | [HEALTH CHECK] [OK] Chrome connection is healthy
2026-01-30 05:17:07 | INFO     | [DAY_START] Processing 30MAY
2026-01-30 05:17:07 | INFO     | [lf.day.start] Processing AHB-CAI for 30MAY
2026-01-30 05:17:08 | INFO     | [lf.day.flights_found] Found 1 flights on 30MAY
2026-01-30 05:17:10 | INFO     | [lf.flight.extracted] SM444 on 30MAY: BKG=0, LF=0.0%
2026-01-30 05:17:11 | INFO     | [SUCCESS] Day 30MAY
2026-01-30 05:17:11 | INFO     | [DAY_START] Processing 29MAY
2026-01-30 05:17:11 | INFO     | [lf.day.start] Processing AHB-CAI for 29MAY
2026-01-30 05:17:12 | WARNING  | [lf.day.no_flights] No direct flights on 29MAY
2026-01-30 05:17:12 | INFO     | [SUCCESS] Day 29MAY
2026-01-30 05:17:12 | INFO     | [DAY_START] Processing 28MAY
2026-01-30 05:17:12 | INFO     | [lf.day.start] Processing AHB-CAI for 28MAY
2026-01-30 05:17:13 | INFO     | [lf.day.flights_found] Found 1 flights on 28MAY
2026-01-30 05:17:15 | INFO     | [lf.flight.extracted] SM444 on 28MAY: BKG=12, LF=7.2%
2026-01-30 05:17:17 | INFO     | [SUCCESS] Day 28MAY
2026-01-30 05:17:17 | INFO     | [DAY_START] Processing 27MAY
2026-01-30 05:17:17 | INFO     | [lf.day.start] Processing AHB-CAI for 27MAY
2026-01-30 05:17:18 | INFO     | [lf.day.flights_found] Found 1 flights on 27MAY
2026-01-30 05:17:20 | INFO     | [lf.flight.extracted] SM444 on 27MAY: BKG=13, LF=7.4%
2026-01-30 05:17:23 | INFO     | [SUCCESS] Day 27MAY
2026-01-30 05:17:23 | INFO     | [DAY_START] Processing 26MAY
2026-01-30 05:17:23 | INFO     | [lf.day.start] Processing AHB-CAI for 26MAY
2026-01-30 05:17:24 | WARNING  | [lf.day.no_flights] No direct flights on 26MAY
2026-01-30 05:17:24 | INFO     | [SUCCESS] Day 26MAY
2026-01-30 05:17:24 | INFO     | [DAY_START] Processing 25MAY
2026-01-30 05:17:24 | INFO     | [lf.day.start] Processing AHB-CAI for 25MAY
2026-01-30 05:17:25 | INFO     | [lf.day.flights_found] Found 1 flights on 25MAY
2026-01-30 05:17:27 | INFO     | [lf.flight.extracted] SM444 on 25MAY: BKG=1, LF=0.6%
2026-01-30 05:17:29 | INFO     | [SUCCESS] Day 25MAY
2026-01-30 05:17:29 | INFO     | [DAY_START] Processing 24MAY
2026-01-30 05:17:29 | INFO     | [lf.day.start] Processing AHB-CAI for 24MAY
2026-01-30 05:17:30 | WARNING  | [lf.day.no_flights] No direct flights on 24MAY
2026-01-30 05:17:30 | INFO     | [SUCCESS] Day 24MAY
2026-01-30 05:17:30 | INFO     | [DAY_START] Processing 23MAY
2026-01-30 05:17:30 | INFO     | [lf.day.start] Processing AHB-CAI for 23MAY
2026-01-30 05:17:31 | INFO     | [lf.day.flights_found] Found 1 flights on 23MAY
2026-01-30 05:17:33 | INFO     | [lf.flight.extracted] SM444 on 23MAY: BKG=1, LF=0.6%
2026-01-30 05:17:36 | INFO     | [SUCCESS] Day 23MAY
2026-01-30 05:17:36 | INFO     | [SUCCESS] LF Search Complete
2026-01-30 05:17:36 | INFO     | [Worker_9226] Completed: AHB-CAI - 8 results, 0 errors
2026-01-30 05:17:36 | INFO     | [Worker_9226] Processing: CAI-RUH
2026-01-30 05:17:36 | INFO     |   Tier 0: Range 4, Chunk 1/4 (8 days)
