2026-01-30 05:16:54 | INFO     | ======================================================================
2026-01-30 05:16:54 | INFO     | Load Factor Scraper Started - Route: AJF-CAI
2026-01-30 05:16:54 | INFO     | Log file: D:\CODERED\LAB\Artifacts\outputs\run_generated_300126_at_05.16\logs\LF_AJF-CAI_20260130_051654.log
2026-01-30 05:16:54 | INFO     | Enhanced logging: Capturing both logging.info() and print()
2026-01-30 05:16:54 | INFO     | ======================================================================
2026-01-30 05:16:54 | INFO     | Starting LF search for route: AJF-CAI
2026-01-30 05:16:54 | INFO     | [START] LF Search
2026-01-30 05:16:54 | INFO     | [HEALTH CHECK] [OK] Chrome connection is healthy
2026-01-30 05:16:54 | INFO     | [DAY_START] Processing 30MAY
2026-01-30 05:16:54 | INFO     | [lf.day.start] Processing AJF-CAI for 30MAY
2026-01-30 05:16:56 | WARNING  | [lf.day.no_flights] No direct flights on 30MAY
2026-01-30 05:16:56 | INFO     | [SUCCESS] Day 30MAY
2026-01-30 05:16:56 | INFO     | [DAY_START] Processing 29MAY
2026-01-30 05:16:56 | INFO     | [lf.day.start] Processing AJF-CAI for 29MAY
2026-01-30 05:16:57 | INFO     | [lf.day.flights_found] Found 1 flights on 29MAY
2026-01-30 05:16:59 | INFO     | [lf.flight.extracted] SM322 on 29MAY: BKG=4, LF=2.3%
2026-01-30 05:17:01 | INFO     | [SUCCESS] Day 29MAY
2026-01-30 05:17:01 | INFO     | [DAY_START] Processing 28MAY
2026-01-30 05:17:01 | INFO     | [lf.day.start] Processing AJF-CAI for 28MAY
2026-01-30 05:17:02 | INFO     | [lf.day.flights_found] Found 1 flights on 28MAY
2026-01-30 05:17:04 | INFO     | [lf.flight.extracted] SM322 on 28MAY: BKG=4, LF=2.3%
2026-01-30 05:17:06 | INFO     | [SUCCESS] Day 28MAY
2026-01-30 05:17:06 | INFO     | [DAY_START] Processing 27MAY
2026-01-30 05:17:06 | INFO     | [lf.day.start] Processing AJF-CAI for 27MAY
2026-01-30 05:17:07 | WARNING  | [lf.day.no_flights] No direct flights on 27MAY
2026-01-30 05:17:07 | INFO     | [SUCCESS] Day 27MAY
2026-01-30 05:17:07 | INFO     | [DAY_START] Processing 26MAY
2026-01-30 05:17:07 | INFO     | [lf.day.start] Processing AJF-CAI for 26MAY
2026-01-30 05:17:09 | WARNING  | [lf.day.no_flights] No direct flights on 26MAY
2026-01-30 05:17:09 | INFO     | [SUCCESS] Day 26MAY
2026-01-30 05:17:09 | INFO     | [DAY_START] Processing 25MAY
2026-01-30 05:17:09 | INFO     | [lf.day.start] Processing AJF-CAI for 25MAY
2026-01-30 05:17:10 | WARNING  | [lf.day.no_flights] No direct flights on 25MAY
2026-01-30 05:17:10 | INFO     | [SUCCESS] Day 25MAY
2026-01-30 05:17:10 | INFO     | [DAY_START] Processing 24MAY
2026-01-30 05:17:10 | INFO     | [lf.day.start] Processing AJF-CAI for 24MAY
2026-01-30 05:17:11 | INFO     | [lf.day.flights_found] Found 1 flights on 24MAY
2026-01-30 05:17:13 | INFO     | [lf.flight.extracted] SM322 on 24MAY: BKG=1, LF=0.6%
2026-01-30 05:17:15 | INFO     | [SUCCESS] Day 24MAY
2026-01-30 05:17:15 | INFO     | [DAY_START] Processing 23MAY
2026-01-30 05:17:15 | INFO     | [lf.day.start] Processing AJF-CAI for 23MAY
2026-01-30 05:17:16 | WARNING  | [lf.day.no_flights] No direct flights on 23MAY
2026-01-30 05:17:16 | INFO     | [SUCCESS] Day 23MAY
2026-01-30 05:17:16 | INFO     | [SUCCESS] LF Search Complete
2026-01-30 05:17:16 | INFO     | [Worker_9234] Completed: AJF-CAI - 8 results, 0 errors
2026-01-30 05:17:16 | INFO     | [Worker_9234] Processing: CAI-MED
2026-01-30 05:17:16 | INFO     |   Tier 0: Range 4, Chunk 1/4 (8 days)
