2026-01-30 05:26:13 | INFO     | ======================================================================
2026-01-30 05:26:13 | INFO     | Load Factor Scraper Started - Route: ATZ-MED
2026-01-30 05:26:13 | INFO     | Log file: D:\CODERED\LAB\Artifacts\outputs\run_generated_300126_at_05.16\logs\LF_ATZ-MED_20260130_052613.log
2026-01-30 05:26:13 | INFO     | Enhanced logging: Capturing both logging.info() and print()
2026-01-30 05:26:13 | INFO     | ======================================================================
2026-01-30 05:26:13 | INFO     | Starting LF search for route: ATZ-MED
2026-01-30 05:26:13 | INFO     | [START] LF Search
2026-01-30 05:26:14 | INFO     | [HEALTH CHECK] [OK] Chrome connection is healthy
2026-01-30 05:26:14 | INFO     | [DAY_START] Processing 29APR
2026-01-30 05:26:14 | INFO     | [lf.day.start] Processing ATZ-MED for 29APR
2026-01-30 05:26:15 | WARNING  | [lf.day.no_flights] No direct flights on 29APR
2026-01-30 05:26:15 | INFO     | [SUCCESS] Day 29APR
2026-01-30 05:26:15 | INFO     | [DAY_START] Processing 28APR
2026-01-30 05:26:15 | INFO     | [lf.day.start] Processing ATZ-MED for 28APR
2026-01-30 05:26:16 | WARNING  | [lf.day.no_flights] No direct flights on 28APR
2026-01-30 05:26:16 | INFO     | [SUCCESS] Day 28APR
2026-01-30 05:26:16 | INFO     | [DAY_START] Processing 27APR
2026-01-30 05:26:16 | INFO     | [lf.day.start] Processing ATZ-MED for 27APR
2026-01-30 05:26:17 | WARNING  | [lf.day.no_flights] No direct flights on 27APR
2026-01-30 05:26:17 | INFO     | [SUCCESS] Day 27APR
2026-01-30 05:26:17 | INFO     | [DAY_START] Processing 26APR
2026-01-30 05:26:17 | INFO     | [lf.day.start] Processing ATZ-MED for 26APR
2026-01-30 05:26:18 | INFO     | [lf.day.flights_found] Found 1 flights on 26APR
2026-01-30 05:26:20 | INFO     | [lf.flight.extracted] SM487 on 26APR: BKG=4, LF=2.2%
2026-01-30 05:26:23 | INFO     | [SUCCESS] Day 26APR
2026-01-30 05:26:23 | INFO     | [DAY_START] Processing 25APR
2026-01-30 05:26:23 | INFO     | [lf.day.start] Processing ATZ-MED for 25APR
2026-01-30 05:26:24 | WARNING  | [lf.day.no_flights] No direct flights on 25APR
2026-01-30 05:26:24 | INFO     | [SUCCESS] Day 25APR
2026-01-30 05:26:24 | INFO     | [DAY_START] Processing 24APR
2026-01-30 05:26:24 | INFO     | [lf.day.start] Processing ATZ-MED for 24APR
2026-01-30 05:26:25 | WARNING  | [lf.day.no_flights] No direct flights on 24APR
2026-01-30 05:26:25 | INFO     | [SUCCESS] Day 24APR
2026-01-30 05:26:25 | INFO     | [DAY_START] Processing 23APR
2026-01-30 05:26:25 | INFO     | [lf.day.start] Processing ATZ-MED for 23APR
2026-01-30 05:26:26 | WARNING  | [lf.day.no_flights] No direct flights on 23APR
2026-01-30 05:26:26 | INFO     | [SUCCESS] Day 23APR
2026-01-30 05:26:26 | INFO     | [DAY_START] Processing 22APR
2026-01-30 05:26:26 | INFO     | [lf.day.start] Processing ATZ-MED for 22APR
2026-01-30 05:26:27 | WARNING  | [lf.day.no_flights] No direct flights on 22APR
2026-01-30 05:26:27 | INFO     | [SUCCESS] Day 22APR
2026-01-30 05:26:27 | INFO     | [DAY_START] Processing 21APR
2026-01-30 05:26:27 | INFO     | [lf.day.start] Processing ATZ-MED for 21APR
2026-01-30 05:26:29 | WARNING  | [lf.day.no_flights] No direct flights on 21APR
2026-01-30 05:26:29 | INFO     | [SUCCESS] Day 21APR
2026-01-30 05:26:29 | INFO     | [DAY_START] Processing 20APR
2026-01-30 05:26:29 | INFO     | [lf.day.start] Processing ATZ-MED for 20APR
2026-01-30 05:26:30 | WARNING  | [lf.day.no_flights] No direct flights on 20APR
2026-01-30 05:26:30 | INFO     | [SUCCESS] Day 20APR
2026-01-30 05:26:30 | INFO     | [SUCCESS] LF Search Complete
2026-01-30 05:26:30 | INFO     | [Worker_9232] Completed: ATZ-MED - 10 results, 0 errors
2026-01-30 05:26:30 | INFO     | [Worker_9232] Processing: ASW-JED
2026-01-30 05:26:30 | INFO     |   Tier 0: Range 3, Chunk 1/3 (10 days)
