2026-01-30 05:21:15 | INFO     | ======================================================================
2026-01-30 05:21:15 | INFO     | Load Factor Scraper Started - Route: AJF-ATZ
2026-01-30 05:21:15 | INFO     | Log file: D:\CODERED\LAB\Artifacts\outputs\run_generated_300126_at_05.16\logs\LF_AJF-ATZ_20260130_052115.log
2026-01-30 05:21:15 | INFO     | Enhanced logging: Capturing both logging.info() and print()
2026-01-30 05:21:15 | INFO     | ======================================================================
2026-01-30 05:21:15 | INFO     | Starting LF search for route: AJF-ATZ
2026-01-30 05:21:15 | INFO     | [START] LF Search
2026-01-30 05:21:16 | INFO     | [HEALTH CHECK] [OK] Chrome connection is healthy
2026-01-30 05:21:16 | INFO     | [DAY_START] Processing 14MAY
2026-01-30 05:21:16 | INFO     | [lf.day.start] Processing AJF-ATZ for 14MAY
2026-01-30 05:21:17 | WARNING  | [lf.day.no_flights] No direct flights on 14MAY
2026-01-30 05:21:17 | INFO     | [SUCCESS] Day 14MAY
2026-01-30 05:21:17 | INFO     | [DAY_START] Processing 13MAY
2026-01-30 05:21:17 | INFO     | [lf.day.start] Processing AJF-ATZ for 13MAY
2026-01-30 05:21:18 | WARNING  | [lf.day.no_flights] No direct flights on 13MAY
2026-01-30 05:21:18 | INFO     | [SUCCESS] Day 13MAY
2026-01-30 05:21:18 | INFO     | [DAY_START] Processing 12MAY
2026-01-30 05:21:18 | INFO     | [lf.day.start] Processing AJF-ATZ for 12MAY
2026-01-30 05:21:20 | WARNING  | [lf.day.no_flights] No direct flights on 12MAY
2026-01-30 05:21:20 | INFO     | [SUCCESS] Day 12MAY
2026-01-30 05:21:20 | INFO     | [DAY_START] Processing 11MAY
2026-01-30 05:21:20 | INFO     | [lf.day.start] Processing AJF-ATZ for 11MAY
2026-01-30 05:21:21 | WARNING  | [lf.day.no_flights] No direct flights on 11MAY
2026-01-30 05:21:21 | INFO     | [SUCCESS] Day 11MAY
2026-01-30 05:21:21 | INFO     | [DAY_START] Processing 10MAY
2026-01-30 05:21:21 | INFO     | [lf.day.start] Processing AJF-ATZ for 10MAY
2026-01-30 05:21:22 | WARNING  | [lf.day.no_flights] No direct flights on 10MAY
2026-01-30 05:21:22 | INFO     | [SUCCESS] Day 10MAY
2026-01-30 05:21:22 | INFO     | [DAY_START] Processing 09MAY
2026-01-30 05:21:22 | INFO     | [lf.day.start] Processing AJF-ATZ for 09MAY
2026-01-30 05:21:23 | WARNING  | [lf.day.no_flights] No direct flights on 09MAY
2026-01-30 05:21:23 | INFO     | [SUCCESS] Day 09MAY
2026-01-30 05:21:23 | INFO     | [DAY_START] Processing 08MAY
2026-01-30 05:21:23 | INFO     | [lf.day.start] Processing AJF-ATZ for 08MAY
2026-01-30 05:21:24 | WARNING  | [lf.day.no_flights] No direct flights on 08MAY
2026-01-30 05:21:24 | INFO     | [SUCCESS] Day 08MAY
2026-01-30 05:21:24 | INFO     | [DAY_START] Processing 07MAY
2026-01-30 05:21:24 | INFO     | [lf.day.start] Processing AJF-ATZ for 07MAY
2026-01-30 05:21:25 | WARNING  | [lf.day.no_flights] No direct flights on 07MAY
2026-01-30 05:21:25 | INFO     | [SUCCESS] Day 07MAY
2026-01-30 05:21:25 | INFO     | [SUCCESS] LF Search Complete
2026-01-30 05:21:25 | INFO     | [Worker_9225] Completed: AJF-ATZ - 8 results, 0 errors
2026-01-30 05:21:25 | INFO     | [Worker_9225] Processing: AHB-ATZ
2026-01-30 05:21:25 | INFO     |   Tier 0: Range 4, Chunk 3/4 (8 days)
