2026-01-30 05:21:25 | INFO     | ======================================================================
2026-01-30 05:21:25 | INFO     | Load Factor Scraper Started - Route: AHB-ATZ
2026-01-30 05:21:25 | INFO     | Log file: D:\CODERED\LAB\Artifacts\outputs\run_generated_300126_at_05.16\logs\LF_AHB-ATZ_20260130_052125.log
2026-01-30 05:21:25 | INFO     | Enhanced logging: Capturing both logging.info() and print()
2026-01-30 05:21:25 | INFO     | ======================================================================
2026-01-30 05:21:25 | INFO     | Starting LF search for route: AHB-ATZ
2026-01-30 05:21:25 | INFO     | [START] LF Search
2026-01-30 05:21:26 | INFO     | [HEALTH CHECK] [OK] Chrome connection is healthy
2026-01-30 05:21:26 | INFO     | [DAY_START] Processing 14MAY
2026-01-30 05:21:26 | INFO     | [lf.day.start] Processing AHB-ATZ for 14MAY
2026-01-30 05:21:27 | WARNING  | [lf.day.no_flights] No direct flights on 14MAY
2026-01-30 05:21:27 | INFO     | [SUCCESS] Day 14MAY
2026-01-30 05:21:27 | INFO     | [DAY_START] Processing 13MAY
2026-01-30 05:21:27 | INFO     | [lf.day.start] Processing AHB-ATZ for 13MAY
2026-01-30 05:21:29 | WARNING  | [lf.day.no_flights] No direct flights on 13MAY
2026-01-30 05:21:29 | INFO     | [SUCCESS] Day 13MAY
2026-01-30 05:21:29 | INFO     | [DAY_START] Processing 12MAY
2026-01-30 05:21:29 | INFO     | [lf.day.start] Processing AHB-ATZ for 12MAY
2026-01-30 05:21:30 | WARNING  | [lf.day.no_flights] No direct flights on 12MAY
2026-01-30 05:21:30 | INFO     | [SUCCESS] Day 12MAY
2026-01-30 05:21:30 | INFO     | [DAY_START] Processing 11MAY
2026-01-30 05:21:30 | INFO     | [lf.day.start] Processing AHB-ATZ for 11MAY
2026-01-30 05:21:31 | WARNING  | [lf.day.no_flights] No direct flights on 11MAY
2026-01-30 05:21:31 | INFO     | [SUCCESS] Day 11MAY
2026-01-30 05:21:31 | INFO     | [DAY_START] Processing 10MAY
2026-01-30 05:21:31 | INFO     | [lf.day.start] Processing AHB-ATZ for 10MAY
2026-01-30 05:21:32 | WARNING  | [lf.day.no_flights] No direct flights on 10MAY
2026-01-30 05:21:32 | INFO     | [SUCCESS] Day 10MAY
2026-01-30 05:21:32 | INFO     | [DAY_START] Processing 09MAY
2026-01-30 05:21:32 | INFO     | [lf.day.start] Processing AHB-ATZ for 09MAY
2026-01-30 05:21:33 | WARNING  | [lf.day.no_flights] No direct flights on 09MAY
2026-01-30 05:21:33 | INFO     | [SUCCESS] Day 09MAY
2026-01-30 05:21:33 | INFO     | [DAY_START] Processing 08MAY
2026-01-30 05:21:33 | INFO     | [lf.day.start] Processing AHB-ATZ for 08MAY
2026-01-30 05:21:35 | WARNING  | [lf.day.no_flights] No direct flights on 08MAY
2026-01-30 05:21:35 | INFO     | [SUCCESS] Day 08MAY
2026-01-30 05:21:35 | INFO     | [DAY_START] Processing 07MAY
2026-01-30 05:21:35 | INFO     | [lf.day.start] Processing AHB-ATZ for 07MAY
2026-01-30 05:21:36 | WARNING  | [lf.day.no_flights] No direct flights on 07MAY
2026-01-30 05:21:36 | INFO     | [SUCCESS] Day 07MAY
2026-01-30 05:21:36 | INFO     | [SUCCESS] LF Search Complete
2026-01-30 05:21:36 | INFO     | [Worker_9225] Completed: AHB-ATZ - 8 results, 0 errors
2026-01-30 05:21:36 | INFO     | [Worker_9225] Processing: CAI-MED
2026-01-30 05:21:36 | INFO     |   Tier 0: Range 4, Chunk 3/4 (8 days)
