2026-01-30 05:22:29 | INFO     | ======================================================================
2026-01-30 05:22:29 | INFO     | Load Factor Scraper Started - Route: ATZ-AHB
2026-01-30 05:22:29 | INFO     | Log file: D:\CODERED\LAB\Artifacts\outputs\run_generated_300126_at_05.16\logs\LF_ATZ-AHB_20260130_052229.log
2026-01-30 05:22:29 | INFO     | Enhanced logging: Capturing both logging.info() and print()
2026-01-30 05:22:29 | INFO     | ======================================================================
2026-01-30 05:22:29 | INFO     | Starting LF search for route: ATZ-AHB
2026-01-30 05:22:29 | INFO     | [START] LF Search
2026-01-30 05:22:30 | INFO     | [HEALTH CHECK] [OK] Chrome connection is healthy
2026-01-30 05:22:30 | INFO     | [DAY_START] Processing 14MAY
2026-01-30 05:22:30 | INFO     | [lf.day.start] Processing ATZ-AHB for 14MAY
2026-01-30 05:22:31 | WARNING  | [lf.day.no_flights] No direct flights on 14MAY
2026-01-30 05:22:31 | INFO     | [SUCCESS] Day 14MAY
2026-01-30 05:22:31 | INFO     | [DAY_START] Processing 13MAY
2026-01-30 05:22:31 | INFO     | [lf.day.start] Processing ATZ-AHB for 13MAY
2026-01-30 05:22:32 | WARNING  | [lf.day.no_flights] No direct flights on 13MAY
2026-01-30 05:22:32 | INFO     | [SUCCESS] Day 13MAY
2026-01-30 05:22:32 | INFO     | [DAY_START] Processing 12MAY
2026-01-30 05:22:32 | INFO     | [lf.day.start] Processing ATZ-AHB for 12MAY
2026-01-30 05:22:33 | WARNING  | [lf.day.no_flights] No direct flights on 12MAY
2026-01-30 05:22:33 | INFO     | [SUCCESS] Day 12MAY
2026-01-30 05:22:33 | INFO     | [DAY_START] Processing 11MAY
2026-01-30 05:22:33 | INFO     | [lf.day.start] Processing ATZ-AHB for 11MAY
2026-01-30 05:22:34 | WARNING  | [lf.day.no_flights] No direct flights on 11MAY
2026-01-30 05:22:34 | INFO     | [SUCCESS] Day 11MAY
2026-01-30 05:22:34 | INFO     | [DAY_START] Processing 10MAY
2026-01-30 05:22:34 | INFO     | [lf.day.start] Processing ATZ-AHB for 10MAY
2026-01-30 05:22:35 | WARNING  | [lf.day.no_flights] No direct flights on 10MAY
2026-01-30 05:22:35 | INFO     | [SUCCESS] Day 10MAY
2026-01-30 05:22:35 | INFO     | [DAY_START] Processing 09MAY
2026-01-30 05:22:35 | INFO     | [lf.day.start] Processing ATZ-AHB for 09MAY
2026-01-30 05:22:37 | WARNING  | [lf.day.no_flights] No direct flights on 09MAY
2026-01-30 05:22:37 | INFO     | [SUCCESS] Day 09MAY
2026-01-30 05:22:37 | INFO     | [DAY_START] Processing 08MAY
2026-01-30 05:22:37 | INFO     | [lf.day.start] Processing ATZ-AHB for 08MAY
2026-01-30 05:22:38 | WARNING  | [lf.day.no_flights] No direct flights on 08MAY
2026-01-30 05:22:38 | INFO     | [SUCCESS] Day 08MAY
2026-01-30 05:22:38 | INFO     | [DAY_START] Processing 07MAY
2026-01-30 05:22:38 | INFO     | [lf.day.start] Processing ATZ-AHB for 07MAY
2026-01-30 05:22:39 | WARNING  | [lf.day.no_flights] No direct flights on 07MAY
2026-01-30 05:22:39 | INFO     | [SUCCESS] Day 07MAY
2026-01-30 05:22:39 | INFO     | [SUCCESS] LF Search Complete
2026-01-30 05:22:39 | INFO     | [Worker_9232] Completed: ATZ-AHB - 8 results, 0 errors
2026-01-30 05:22:39 | INFO     | [Worker_9232] Processing: CAI-GIZ
2026-01-30 05:22:39 | INFO     |   Tier 0: Range 4, Chunk 3/4 (8 days)
