2026-01-30 05:17:03 | INFO     | ======================================================================
2026-01-30 05:17:03 | INFO     | Load Factor Scraper Started - Route: AJF-ATZ
2026-01-30 05:17:03 | INFO     | Log file: D:\CODERED\LAB\Artifacts\outputs\run_generated_300126_at_05.16\logs\LF_AJF-ATZ_20260130_051703.log
2026-01-30 05:17:03 | INFO     | Enhanced logging: Capturing both logging.info() and print()
2026-01-30 05:17:03 | INFO     | ======================================================================
2026-01-30 05:17:03 | INFO     | Starting LF search for route: AJF-ATZ
2026-01-30 05:17:03 | INFO     | [START] LF Search
2026-01-30 05:17:04 | INFO     | [HEALTH CHECK] [OK] Chrome connection is healthy
2026-01-30 05:17:04 | INFO     | [DAY_START] Processing 30MAY
2026-01-30 05:17:04 | INFO     | [lf.day.start] Processing AJF-ATZ for 30MAY
2026-01-30 05:17:05 | WARNING  | [lf.day.no_flights] No direct flights on 30MAY
2026-01-30 05:17:05 | INFO     | [SUCCESS] Day 30MAY
2026-01-30 05:17:05 | INFO     | [DAY_START] Processing 29MAY
2026-01-30 05:17:05 | INFO     | [lf.day.start] Processing AJF-ATZ for 29MAY
2026-01-30 05:17:06 | WARNING  | [lf.day.no_flights] No direct flights on 29MAY
2026-01-30 05:17:06 | INFO     | [SUCCESS] Day 29MAY
2026-01-30 05:17:06 | INFO     | [DAY_START] Processing 28MAY
2026-01-30 05:17:06 | INFO     | [lf.day.start] Processing AJF-ATZ for 28MAY
2026-01-30 05:17:07 | WARNING  | [lf.day.no_flights] No direct flights on 28MAY
2026-01-30 05:17:07 | INFO     | [SUCCESS] Day 28MAY
2026-01-30 05:17:07 | INFO     | [DAY_START] Processing 27MAY
2026-01-30 05:17:07 | INFO     | [lf.day.start] Processing AJF-ATZ for 27MAY
2026-01-30 05:17:08 | WARNING  | [lf.day.no_flights] No direct flights on 27MAY
2026-01-30 05:17:08 | INFO     | [SUCCESS] Day 27MAY
2026-01-30 05:17:08 | INFO     | [DAY_START] Processing 26MAY
2026-01-30 05:17:08 | INFO     | [lf.day.start] Processing AJF-ATZ for 26MAY
2026-01-30 05:17:09 | WARNING  | [lf.day.no_flights] No direct flights on 26MAY
2026-01-30 05:17:09 | INFO     | [SUCCESS] Day 26MAY
2026-01-30 05:17:09 | INFO     | [DAY_START] Processing 25MAY
2026-01-30 05:17:09 | INFO     | [lf.day.start] Processing AJF-ATZ for 25MAY
2026-01-30 05:17:10 | WARNING  | [lf.day.no_flights] No direct flights on 25MAY
2026-01-30 05:17:10 | INFO     | [SUCCESS] Day 25MAY
2026-01-30 05:17:10 | INFO     | [DAY_START] Processing 24MAY
2026-01-30 05:17:10 | INFO     | [lf.day.start] Processing AJF-ATZ for 24MAY
2026-01-30 05:17:11 | WARNING  | [lf.day.no_flights] No direct flights on 24MAY
2026-01-30 05:17:11 | INFO     | [SUCCESS] Day 24MAY
2026-01-30 05:17:11 | INFO     | [DAY_START] Processing 23MAY
2026-01-30 05:17:11 | INFO     | [lf.day.start] Processing AJF-ATZ for 23MAY
2026-01-30 05:17:12 | WARNING  | [lf.day.no_flights] No direct flights on 23MAY
2026-01-30 05:17:12 | INFO     | [SUCCESS] Day 23MAY
2026-01-30 05:17:12 | INFO     | [SUCCESS] LF Search Complete
2026-01-30 05:17:12 | INFO     | [Worker_9222] Completed: AJF-ATZ - 8 results, 0 errors
2026-01-30 05:17:12 | INFO     | [Worker_9222] Processing: GIZ-CAI
2026-01-30 05:17:12 | INFO     |   Tier 0: Range 4, Chunk 1/4 (8 days)
