2026-01-30 05:19:54 | INFO     | ======================================================================
2026-01-30 05:19:54 | INFO     | Load Factor Scraper Started - Route: ASW-JED
2026-01-30 05:19:54 | INFO     | Log file: D:\CODERED\LAB\Artifacts\outputs\run_generated_300126_at_05.16\logs\LF_ASW-JED_20260130_051954.log
2026-01-30 05:19:54 | INFO     | Enhanced logging: Capturing both logging.info() and print()
2026-01-30 05:19:54 | INFO     | ======================================================================
2026-01-30 05:19:54 | INFO     | Starting LF search for route: ASW-JED
2026-01-30 05:19:54 | INFO     | [START] LF Search
2026-01-30 05:19:54 | INFO     | [HEALTH CHECK] [OK] Chrome connection is healthy
2026-01-30 05:19:54 | INFO     | [DAY_START] Processing 22MAY
2026-01-30 05:19:54 | INFO     | [lf.day.start] Processing ASW-JED for 22MAY
2026-01-30 05:19:56 | WARNING  | [lf.day.no_flights] No direct flights on 22MAY
2026-01-30 05:19:56 | INFO     | [SUCCESS] Day 22MAY
2026-01-30 05:19:56 | INFO     | [DAY_START] Processing 21MAY
2026-01-30 05:19:56 | INFO     | [lf.day.start] Processing ASW-JED for 21MAY
2026-01-30 05:19:57 | WARNING  | [lf.day.no_flights] No direct flights on 21MAY
2026-01-30 05:19:57 | INFO     | [SUCCESS] Day 21MAY
2026-01-30 05:19:57 | INFO     | [DAY_START] Processing 20MAY
2026-01-30 05:19:57 | INFO     | [lf.day.start] Processing ASW-JED for 20MAY
2026-01-30 05:19:58 | WARNING  | [lf.day.no_flights] No direct flights on 20MAY
2026-01-30 05:19:58 | INFO     | [SUCCESS] Day 20MAY
2026-01-30 05:19:58 | INFO     | [DAY_START] Processing 19MAY
2026-01-30 05:19:58 | INFO     | [lf.day.start] Processing ASW-JED for 19MAY
2026-01-30 05:19:59 | WARNING  | [lf.day.no_flights] No direct flights on 19MAY
2026-01-30 05:19:59 | INFO     | [SUCCESS] Day 19MAY
2026-01-30 05:19:59 | INFO     | [DAY_START] Processing 18MAY
2026-01-30 05:19:59 | INFO     | [lf.day.start] Processing ASW-JED for 18MAY
2026-01-30 05:20:00 | WARNING  | [lf.day.no_flights] No direct flights on 18MAY
2026-01-30 05:20:00 | INFO     | [SUCCESS] Day 18MAY
2026-01-30 05:20:00 | INFO     | [DAY_START] Processing 17MAY
2026-01-30 05:20:00 | INFO     | [lf.day.start] Processing ASW-JED for 17MAY
2026-01-30 05:20:01 | WARNING  | [lf.day.no_flights] No direct flights on 17MAY
2026-01-30 05:20:01 | INFO     | [SUCCESS] Day 17MAY
2026-01-30 05:20:01 | INFO     | [DAY_START] Processing 16MAY
2026-01-30 05:20:01 | INFO     | [lf.day.start] Processing ASW-JED for 16MAY
2026-01-30 05:20:02 | WARNING  | [lf.day.no_flights] No direct flights on 16MAY
2026-01-30 05:20:02 | INFO     | [SUCCESS] Day 16MAY
2026-01-30 05:20:02 | INFO     | [DAY_START] Processing 15MAY
2026-01-30 05:20:02 | INFO     | [lf.day.start] Processing ASW-JED for 15MAY
2026-01-30 05:20:04 | WARNING  | [lf.day.no_flights] No direct flights on 15MAY
2026-01-30 05:20:04 | INFO     | [SUCCESS] Day 15MAY
2026-01-30 05:20:04 | INFO     | [SUCCESS] LF Search Complete
2026-01-30 05:20:04 | INFO     | [Worker_9224] Completed: ASW-JED - 8 results, 0 errors
2026-01-30 05:20:04 | INFO     | [Worker_9224] Processing: CAI-TUU
2026-01-30 05:20:04 | INFO     |   Tier 0: Range 4, Chunk 2/4 (8 days)
