2026-01-30 06:01:23 | INFO     | ======================================================================
2026-01-30 06:01:23 | INFO     | Load Factor Scraper Started - Route: ATZ-JED
2026-01-30 06:01:23 | INFO     | Log file: D:\CODERED\LAB\Artifacts\outputs\run_generated_300126_at_05.16\logs\LF_ATZ-JED_20260130_060123.log
2026-01-30 06:01:23 | INFO     | Enhanced logging: Capturing both logging.info() and print()
2026-01-30 06:01:23 | INFO     | ======================================================================
2026-01-30 06:01:23 | INFO     | Starting LF search for route: ATZ-JED
2026-01-30 06:01:23 | INFO     | [START] LF Search
2026-01-30 06:01:23 | INFO     | [HEALTH CHECK] [OK] Chrome connection is healthy
2026-01-30 06:01:23 | INFO     | [DAY_START] Processing 28FEB
2026-01-30 06:01:23 | INFO     | [lf.day.start] Processing ATZ-JED for 28FEB
2026-01-30 06:01:25 | INFO     | [lf.day.flights_found] Found 3 flights on 28FEB
2026-01-30 06:01:27 | INFO     | [lf.flight.extracted] SM491 on 28FEB: BKG=13, LF=7.3%
2026-01-30 06:01:30 | INFO     | [lf.flight.extracted] SM453 on 28FEB: BKG=2, LF=1.1%
2026-01-30 06:01:34 | INFO     | [lf.flight.extracted] SM455 on 28FEB: BKG=9, LF=5.0%
2026-01-30 06:01:39 | INFO     | [SUCCESS] Day 28FEB
2026-01-30 06:01:39 | INFO     | [DAY_START] Processing 27FEB
2026-01-30 06:01:39 | INFO     | [lf.day.start] Processing ATZ-JED for 27FEB
2026-01-30 06:01:40 | INFO     | [lf.day.flights_found] Found 2 flights on 27FEB
2026-01-30 06:01:42 | INFO     | [lf.flight.extracted] SM491 on 27FEB: BKG=10, LF=5.6%
2026-01-30 06:01:45 | INFO     | [lf.flight.extracted] SM2479 on 27FEB: BKG=0, LF=0.0%
2026-01-30 06:01:48 | INFO     | [SUCCESS] Day 27FEB
2026-01-30 06:01:48 | INFO     | [DAY_START] Processing 26FEB
2026-01-30 06:01:48 | INFO     | [lf.day.start] Processing ATZ-JED for 26FEB
2026-01-30 06:01:49 | INFO     | [lf.day.flights_found] Found 4 flights on 26FEB
2026-01-30 06:01:49 | INFO     | [lf.flight.extracted] SM2469 on 26FEB: BKG=0, LF=0.0%
2026-01-30 06:01:52 | INFO     | [lf.flight.extracted] SM2467 on 26FEB: BKG=180, LF=100.6%
2026-01-30 06:01:56 | INFO     | [lf.flight.extracted] SM453 on 26FEB: BKG=100, LF=55.9%
2026-01-30 06:01:59 | INFO     | [lf.flight.extracted] SM455 on 26FEB: BKG=45, LF=25.1%
2026-01-30 06:02:04 | INFO     | [SUCCESS] Day 26FEB
2026-01-30 06:02:04 | INFO     | [DAY_START] Processing 25FEB
2026-01-30 06:02:04 | INFO     | [lf.day.start] Processing ATZ-JED for 25FEB
2026-01-30 06:02:05 | INFO     | [lf.day.flights_found] Found 4 flights on 25FEB
2026-01-30 06:02:07 | INFO     | [lf.flight.extracted] SM453 on 25FEB: BKG=180, LF=100.6%
2026-01-30 06:02:10 | INFO     | [lf.flight.extracted] SM491 on 25FEB: BKG=184, LF=102.8%
2026-01-30 06:02:13 | INFO     | [lf.flight.extracted] SM2459 on 25FEB: BKG=90, LF=50.3%
2026-01-30 06:02:16 | INFO     | [lf.flight.extracted] SM421 on 25FEB: BKG=181, LF=101.1%
2026-01-30 06:02:22 | INFO     | [SUCCESS] Day 25FEB
2026-01-30 06:02:22 | INFO     | [DAY_START] Processing 24FEB
2026-01-30 06:02:22 | INFO     | [lf.day.start] Processing ATZ-JED for 24FEB
2026-01-30 06:02:24 | INFO     | [lf.day.flights_found] Found 4 flights on 24FEB
2026-01-30 06:02:26 | INFO     | [lf.flight.extracted] SM453 on 24FEB: BKG=185, LF=103.4%
2026-01-30 06:02:29 | INFO     | [lf.flight.extracted] SM2471 on 24FEB: BKG=180, LF=100.6%
2026-01-30 06:02:32 | INFO     | [lf.flight.extracted] SM455 on 24FEB: BKG=181, LF=101.1%
2026-01-30 06:02:35 | INFO     | [lf.flight.extracted] SM961 on 24FEB: BKG=180, LF=100.6%
2026-01-30 06:02:41 | INFO     | [SUCCESS] Day 24FEB
2026-01-30 06:02:41 | INFO     | [DAY_START] Processing 23FEB
2026-01-30 06:02:41 | INFO     | [lf.day.start] Processing ATZ-JED for 23FEB
2026-01-30 06:02:43 | INFO     | [lf.day.flights_found] Found 6 flights on 23FEB
2026-01-30 06:02:44 | INFO     | [lf.flight.extracted] SM491 on 23FEB: BKG=180, LF=100.6%
2026-01-30 06:02:48 | INFO     | [lf.flight.extracted] SM2469 on 23FEB: BKG=180, LF=100.6%
2026-01-30 06:02:51 | INFO     | [lf.flight.extracted] SM455 on 23FEB: BKG=180, LF=100.6%
2026-01-30 06:02:54 | INFO     | [lf.flight.extracted] SM453 on 23FEB: BKG=180, LF=100.6%
2026-01-30 06:02:57 | INFO     | [lf.flight.extracted] SM961 on 23FEB: BKG=180, LF=100.6%
2026-01-30 06:03:00 | INFO     | [lf.flight.extracted] SM979 on 23FEB: BKG=180, LF=100.6%
2026-01-30 06:03:10 | INFO     | [SUCCESS] Day 23FEB
2026-01-30 06:03:10 | INFO     | [DAY_START] Processing 22FEB
2026-01-30 06:03:10 | INFO     | [lf.day.start] Processing ATZ-JED for 22FEB
2026-01-30 06:03:12 | INFO     | [lf.day.flights_found] Found 4 flights on 22FEB
2026-01-30 06:03:12 | INFO     | [lf.flight.extracted] SM2447 on 22FEB: BKG=0, LF=0.0%
2026-01-30 06:03:15 | INFO     | [lf.flight.extracted] SM491 on 22FEB: BKG=188, LF=105.0%
2026-01-30 06:03:19 | INFO     | [lf.flight.extracted] SM455 on 22FEB: BKG=184, LF=102.8%
2026-01-30 06:03:22 | INFO     | [lf.flight.extracted] SM953 on 22FEB: BKG=180, LF=100.6%
2026-01-30 06:03:27 | INFO     | [SUCCESS] Day 22FEB
2026-01-30 06:03:27 | INFO     | [DAY_START] Processing 21FEB
2026-01-30 06:03:27 | INFO     | [lf.day.start] Processing ATZ-JED for 21FEB
2026-01-30 06:03:28 | INFO     | [lf.day.flights_found] Found 4 flights on 21FEB
2026-01-30 06:03:30 | INFO     | [lf.flight.extracted] SM491 on 21FEB: BKG=181, LF=101.1%
2026-01-30 06:03:33 | INFO     | [lf.flight.extracted] SM453 on 21FEB: BKG=159, LF=88.8%
2026-01-30 06:03:36 | INFO     | [lf.flight.extracted] SM961 on 21FEB: BKG=180, LF=100.6%
2026-01-30 06:03:39 | INFO     | [lf.flight.extracted] SM455 on 21FEB: BKG=183, LF=102.2%
2026-01-30 06:03:47 | INFO     | [SUCCESS] Day 21FEB
2026-01-30 06:03:47 | INFO     | [DAY_START] Processing 20FEB
2026-01-30 06:03:47 | INFO     | [lf.day.start] Processing ATZ-JED for 20FEB
2026-01-30 06:03:48 | INFO     | [lf.day.flights_found] Found 2 flights on 20FEB
2026-01-30 06:03:50 | INFO     | [lf.flight.extracted] SM491 on 20FEB: BKG=192, LF=107.3%
2026-01-30 06:03:54 | INFO     | [lf.flight.extracted] SM955 on 20FEB: BKG=183, LF=102.2%
2026-01-30 06:03:58 | INFO     | [SUCCESS] Day 20FEB
2026-01-30 06:03:58 | INFO     | [DAY_START] Processing 19FEB
2026-01-30 06:03:58 | INFO     | [lf.day.start] Processing ATZ-JED for 19FEB
2026-01-30 06:03:59 | INFO     | [lf.day.flights_found] Found 2 flights on 19FEB
2026-01-30 06:04:01 | INFO     | [lf.flight.extracted] SM453 on 19FEB: BKG=183, LF=102.2%
2026-01-30 06:04:04 | INFO     | [lf.flight.extracted] SM455 on 19FEB: BKG=183, LF=102.2%
2026-01-30 06:04:08 | INFO     | [SUCCESS] Day 19FEB
2026-01-30 06:04:08 | INFO     | [SUCCESS] LF Search Complete
2026-01-30 06:04:08 | INFO     | [Worker_9223] Completed: ATZ-JED - 10 results, 0 errors
2026-01-30 06:04:08 | INFO     | [Worker_9223] Processing: JED-ATZ
2026-01-30 06:04:08 | INFO     |   Tier 0: Range 1, Chunk 2/3 (10 days)
