2026-01-30 05:41:58 | INFO     | ======================================================================
2026-01-30 05:41:58 | INFO     | Load Factor Scraper Started - Route: ASW-JED
2026-01-30 05:41:58 | INFO     | Log file: D:\CODERED\LAB\Artifacts\outputs\run_generated_300126_at_05.16\logs\LF_ASW-JED_20260130_054158.log
2026-01-30 05:41:58 | INFO     | Enhanced logging: Capturing both logging.info() and print()
2026-01-30 05:41:58 | INFO     | ======================================================================
2026-01-30 05:41:58 | INFO     | Starting LF search for route: ASW-JED
2026-01-30 05:41:58 | INFO     | [START] LF Search
2026-01-30 05:41:59 | INFO     | [HEALTH CHECK] [OK] Chrome connection is healthy
2026-01-30 05:41:59 | INFO     | [DAY_START] Processing 30MAR
2026-01-30 05:41:59 | INFO     | [lf.day.start] Processing ASW-JED for 30MAR
2026-01-30 05:42:01 | WARNING  | [lf.day.no_flights] No direct flights on 30MAR
2026-01-30 05:42:01 | INFO     | [SUCCESS] Day 30MAR
2026-01-30 05:42:01 | INFO     | [DAY_START] Processing 29MAR
2026-01-30 05:42:01 | INFO     | [lf.day.start] Processing ASW-JED for 29MAR
2026-01-30 05:42:03 | WARNING  | [lf.day.no_flights] No direct flights on 29MAR
2026-01-30 05:42:03 | INFO     | [SUCCESS] Day 29MAR
2026-01-30 05:42:03 | INFO     | [DAY_START] Processing 28MAR
2026-01-30 05:42:03 | INFO     | [lf.day.start] Processing ASW-JED for 28MAR
2026-01-30 05:42:05 | WARNING  | [lf.day.no_flights] No direct flights on 28MAR
2026-01-30 05:42:05 | INFO     | [SUCCESS] Day 28MAR
2026-01-30 05:42:05 | INFO     | [DAY_START] Processing 27MAR
2026-01-30 05:42:05 | INFO     | [lf.day.start] Processing ASW-JED for 27MAR
2026-01-30 05:42:06 | WARNING  | [lf.day.no_flights] No direct flights on 27MAR
2026-01-30 05:42:06 | INFO     | [SUCCESS] Day 27MAR
2026-01-30 05:42:06 | INFO     | [DAY_START] Processing 26MAR
2026-01-30 05:42:06 | INFO     | [lf.day.start] Processing ASW-JED for 26MAR
2026-01-30 05:42:08 | INFO     | [lf.day.flights_found] Found 1 flights on 26MAR
2026-01-30 05:42:11 | INFO     | [lf.flight.extracted] SM949 on 26MAR: BKG=0, LF=0.0%
2026-01-30 05:42:13 | INFO     | [SUCCESS] Day 26MAR
2026-01-30 05:42:13 | INFO     | [DAY_START] Processing 25MAR
2026-01-30 05:42:13 | INFO     | [lf.day.start] Processing ASW-JED for 25MAR
2026-01-30 05:42:14 | INFO     | [lf.day.flights_found] Found 1 flights on 25MAR
2026-01-30 05:42:18 | INFO     | [lf.flight.extracted] SM425 on 25MAR: BKG=0, LF=0.0%
2026-01-30 05:42:20 | INFO     | [SUCCESS] Day 25MAR
2026-01-30 05:42:20 | INFO     | [DAY_START] Processing 24MAR
2026-01-30 05:42:20 | INFO     | [lf.day.start] Processing ASW-JED for 24MAR
2026-01-30 05:42:21 | WARNING  | [lf.day.no_flights] No direct flights on 24MAR
2026-01-30 05:42:21 | INFO     | [SUCCESS] Day 24MAR
2026-01-30 05:42:21 | INFO     | [DAY_START] Processing 23MAR
2026-01-30 05:42:21 | INFO     | [lf.day.start] Processing ASW-JED for 23MAR
2026-01-30 05:42:23 | WARNING  | [lf.day.no_flights] No direct flights on 23MAR
2026-01-30 05:42:23 | INFO     | [SUCCESS] Day 23MAR
2026-01-30 05:42:23 | INFO     | [DAY_START] Processing 22MAR
2026-01-30 05:42:23 | INFO     | [lf.day.start] Processing ASW-JED for 22MAR
2026-01-30 05:42:25 | WARNING  | [lf.day.no_flights] No direct flights on 22MAR
2026-01-30 05:42:25 | INFO     | [SUCCESS] Day 22MAR
2026-01-30 05:42:25 | INFO     | [DAY_START] Processing 21MAR
2026-01-30 05:42:25 | INFO     | [lf.day.start] Processing ASW-JED for 21MAR
2026-01-30 05:42:26 | WARNING  | [lf.day.no_flights] No direct flights on 21MAR
2026-01-30 05:42:26 | INFO     | [SUCCESS] Day 21MAR
2026-01-30 05:42:26 | INFO     | [SUCCESS] LF Search Complete
2026-01-30 05:42:39 | INFO     | [Worker_9234] Completed: ASW-JED - 10 results, 0 errors
2026-01-30 05:42:39 | INFO     | [Worker_9234] Processing: ATZ-RUH
2026-01-30 05:42:39 | INFO     |   Tier 0: Range 2, Chunk 1/3 (10 days)
