2026-01-30 05:22:06 | INFO     | ======================================================================
2026-01-30 05:22:06 | INFO     | Load Factor Scraper Started - Route: ATZ-DMM
2026-01-30 05:22:06 | INFO     | Log file: D:\CODERED\LAB\Artifacts\outputs\run_generated_300126_at_05.16\logs\LF_ATZ-DMM_20260130_052206.log
2026-01-30 05:22:06 | INFO     | Enhanced logging: Capturing both logging.info() and print()
2026-01-30 05:22:06 | INFO     | ======================================================================
2026-01-30 05:22:06 | INFO     | Starting LF search for route: ATZ-DMM
2026-01-30 05:22:06 | INFO     | [START] LF Search
2026-01-30 05:22:06 | INFO     | [HEALTH CHECK] [OK] Chrome connection is healthy
2026-01-30 05:22:06 | INFO     | [DAY_START] Processing 14MAY
2026-01-30 05:22:06 | INFO     | [lf.day.start] Processing ATZ-DMM for 14MAY
2026-01-30 05:22:07 | WARNING  | [lf.day.no_flights] No direct flights on 14MAY
2026-01-30 05:22:07 | INFO     | [SUCCESS] Day 14MAY
2026-01-30 05:22:07 | INFO     | [DAY_START] Processing 13MAY
2026-01-30 05:22:07 | INFO     | [lf.day.start] Processing ATZ-DMM for 13MAY
2026-01-30 05:22:08 | WARNING  | [lf.day.no_flights] No direct flights on 13MAY
2026-01-30 05:22:08 | INFO     | [SUCCESS] Day 13MAY
2026-01-30 05:22:08 | INFO     | [DAY_START] Processing 12MAY
2026-01-30 05:22:08 | INFO     | [lf.day.start] Processing ATZ-DMM for 12MAY
2026-01-30 05:22:09 | WARNING  | [lf.day.no_flights] No direct flights on 12MAY
2026-01-30 05:22:09 | INFO     | [SUCCESS] Day 12MAY
2026-01-30 05:22:09 | INFO     | [DAY_START] Processing 11MAY
2026-01-30 05:22:09 | INFO     | [lf.day.start] Processing ATZ-DMM for 11MAY
2026-01-30 05:22:10 | WARNING  | [lf.day.no_flights] No direct flights on 11MAY
2026-01-30 05:22:10 | INFO     | [SUCCESS] Day 11MAY
2026-01-30 05:22:10 | INFO     | [DAY_START] Processing 10MAY
2026-01-30 05:22:10 | INFO     | [lf.day.start] Processing ATZ-DMM for 10MAY
2026-01-30 05:22:12 | WARNING  | [lf.day.no_flights] No direct flights on 10MAY
2026-01-30 05:22:12 | INFO     | [SUCCESS] Day 10MAY
2026-01-30 05:22:12 | INFO     | [DAY_START] Processing 09MAY
2026-01-30 05:22:12 | INFO     | [lf.day.start] Processing ATZ-DMM for 09MAY
2026-01-30 05:22:13 | WARNING  | [lf.day.no_flights] No direct flights on 09MAY
2026-01-30 05:22:13 | INFO     | [SUCCESS] Day 09MAY
2026-01-30 05:22:13 | INFO     | [DAY_START] Processing 08MAY
2026-01-30 05:22:13 | INFO     | [lf.day.start] Processing ATZ-DMM for 08MAY
2026-01-30 05:22:14 | WARNING  | [lf.day.no_flights] No direct flights on 08MAY
2026-01-30 05:22:14 | INFO     | [SUCCESS] Day 08MAY
2026-01-30 05:22:14 | INFO     | [DAY_START] Processing 07MAY
2026-01-30 05:22:14 | INFO     | [lf.day.start] Processing ATZ-DMM for 07MAY
2026-01-30 05:22:15 | WARNING  | [lf.day.no_flights] No direct flights on 07MAY
2026-01-30 05:22:15 | INFO     | [SUCCESS] Day 07MAY
2026-01-30 05:22:15 | INFO     | [SUCCESS] LF Search Complete
2026-01-30 05:22:15 | INFO     | [Worker_9225] Completed: ATZ-DMM - 8 results, 0 errors
2026-01-30 05:22:15 | INFO     | [Worker_9225] Processing: CAI-AJF
2026-01-30 05:22:15 | INFO     |   Tier 0: Range 4, Chunk 3/4 (8 days)
