2026-01-30 06:01:11 | INFO     | ======================================================================
2026-01-30 06:01:11 | INFO     | Load Factor Scraper Started - Route: ATZ-MED
2026-01-30 06:01:11 | INFO     | Log file: D:\CODERED\LAB\Artifacts\outputs\run_generated_300126_at_05.16\logs\LF_ATZ-MED_20260130_060111.log
2026-01-30 06:01:11 | INFO     | Enhanced logging: Capturing both logging.info() and print()
2026-01-30 06:01:11 | INFO     | ======================================================================
2026-01-30 06:01:11 | INFO     | Starting LF search for route: ATZ-MED
2026-01-30 06:01:11 | INFO     | [START] LF Search
2026-01-30 06:01:12 | INFO     | [HEALTH CHECK] [OK] Chrome connection is healthy
2026-01-30 06:01:13 | INFO     | [DAY_START] Processing 28FEB
2026-01-30 06:01:13 | INFO     | [lf.day.start] Processing ATZ-MED for 28FEB
2026-01-30 06:01:14 | INFO     | [lf.day.flights_found] Found 1 flights on 28FEB
2026-01-30 06:01:16 | INFO     | [lf.flight.extracted] SM487 on 28FEB: BKG=48, LF=26.8%
2026-01-30 06:01:19 | INFO     | [SUCCESS] Day 28FEB
2026-01-30 06:01:19 | INFO     | [DAY_START] Processing 27FEB
2026-01-30 06:01:19 | INFO     | [lf.day.start] Processing ATZ-MED for 27FEB
2026-01-30 06:01:20 | WARNING  | [lf.day.no_flights] No direct flights on 27FEB
2026-01-30 06:01:20 | INFO     | [SUCCESS] Day 27FEB
2026-01-30 06:01:20 | INFO     | [DAY_START] Processing 26FEB
2026-01-30 06:01:20 | INFO     | [lf.day.start] Processing ATZ-MED for 26FEB
2026-01-30 06:01:21 | WARNING  | [lf.day.no_flights] No direct flights on 26FEB
2026-01-30 06:01:21 | INFO     | [SUCCESS] Day 26FEB
2026-01-30 06:01:21 | INFO     | [DAY_START] Processing 25FEB
2026-01-30 06:01:21 | INFO     | [lf.day.start] Processing ATZ-MED for 25FEB
2026-01-30 06:01:22 | INFO     | [lf.day.flights_found] Found 1 flights on 25FEB
2026-01-30 06:01:24 | INFO     | [lf.flight.extracted] SM489 on 25FEB: BKG=49, LF=27.4%
2026-01-30 06:01:27 | INFO     | [SUCCESS] Day 25FEB
2026-01-30 06:01:27 | INFO     | [DAY_START] Processing 24FEB
2026-01-30 06:01:27 | INFO     | [lf.day.start] Processing ATZ-MED for 24FEB
2026-01-30 06:01:28 | INFO     | [lf.day.flights_found] Found 1 flights on 24FEB
2026-01-30 06:01:30 | INFO     | [lf.flight.extracted] SM487 on 24FEB: BKG=180, LF=100.6%
2026-01-30 06:01:32 | INFO     | [SUCCESS] Day 24FEB
2026-01-30 06:01:32 | INFO     | [DAY_START] Processing 23FEB
2026-01-30 06:01:32 | INFO     | [lf.day.start] Processing ATZ-MED for 23FEB
2026-01-30 06:01:34 | INFO     | [lf.day.flights_found] Found 1 flights on 23FEB
2026-01-30 06:01:36 | INFO     | [lf.flight.extracted] SM487 on 23FEB: BKG=176, LF=98.3%
2026-01-30 06:01:38 | INFO     | [SUCCESS] Day 23FEB
2026-01-30 06:01:38 | INFO     | [DAY_START] Processing 22FEB
2026-01-30 06:01:38 | INFO     | [lf.day.start] Processing ATZ-MED for 22FEB
2026-01-30 06:01:39 | INFO     | [lf.day.flights_found] Found 2 flights on 22FEB
2026-01-30 06:01:41 | INFO     | [lf.flight.extracted] SM981 on 22FEB: BKG=180, LF=100.6%
2026-01-30 06:01:45 | INFO     | [lf.flight.extracted] SM963 on 22FEB: BKG=180, LF=100.6%
2026-01-30 06:01:48 | INFO     | [SUCCESS] Day 22FEB
2026-01-30 06:01:48 | INFO     | [DAY_START] Processing 21FEB
2026-01-30 06:01:48 | INFO     | [lf.day.start] Processing ATZ-MED for 21FEB
2026-01-30 06:01:49 | INFO     | [lf.day.flights_found] Found 1 flights on 21FEB
2026-01-30 06:01:51 | INFO     | [lf.flight.extracted] SM487 on 21FEB: BKG=179, LF=100.0%
2026-01-30 06:01:54 | INFO     | [SUCCESS] Day 21FEB
2026-01-30 06:01:54 | INFO     | [DAY_START] Processing 20FEB
2026-01-30 06:01:54 | INFO     | [lf.day.start] Processing ATZ-MED for 20FEB
2026-01-30 06:02:07 | INFO     | [lf.day.flights_found] Found 1 flights on 20FEB
2026-01-30 06:02:09 | INFO     | [lf.flight.extracted] SM963 on 20FEB: BKG=180, LF=100.6%
2026-01-30 06:02:11 | INFO     | [SUCCESS] Day 20FEB
2026-01-30 06:02:11 | INFO     | [DAY_START] Processing 19FEB
2026-01-30 06:02:11 | INFO     | [lf.day.start] Processing ATZ-MED for 19FEB
2026-01-30 06:02:13 | WARNING  | [lf.day.no_flights] No direct flights on 19FEB
2026-01-30 06:02:13 | INFO     | [SUCCESS] Day 19FEB
2026-01-30 06:02:13 | INFO     | [SUCCESS] LF Search Complete
2026-01-30 06:02:13 | INFO     | [Worker_9232] Completed: ATZ-MED - 10 results, 0 errors
2026-01-30 06:02:13 | INFO     | [Worker_9232] Processing: ATZ-RUH
2026-01-30 06:02:13 | INFO     |   Tier 0: Range 1, Chunk 1/3 (10 days)
