2026-01-30 05:58:21 | INFO     | ======================================================================
2026-01-30 05:58:21 | INFO     | Load Factor Scraper Started - Route: ATZ-AHB
2026-01-30 05:58:21 | INFO     | Log file: D:\CODERED\LAB\Artifacts\outputs\run_generated_300126_at_05.16\logs\LF_ATZ-AHB_20260130_055821.log
2026-01-30 05:58:21 | INFO     | Enhanced logging: Capturing both logging.info() and print()
2026-01-30 05:58:21 | INFO     | ======================================================================
2026-01-30 05:58:21 | INFO     | Starting LF search for route: ATZ-AHB
2026-01-30 05:58:21 | INFO     | [START] LF Search
2026-01-30 05:58:21 | INFO     | [HEALTH CHECK] [OK] Chrome connection is healthy
2026-01-30 05:58:21 | INFO     | [DAY_START] Processing 10MAR
2026-01-30 05:58:21 | INFO     | [lf.day.start] Processing ATZ-AHB for 10MAR
2026-01-30 05:58:22 | WARNING  | [lf.day.no_flights] No direct flights on 10MAR
2026-01-30 05:58:22 | INFO     | [SUCCESS] Day 10MAR
2026-01-30 05:58:22 | INFO     | [DAY_START] Processing 09MAR
2026-01-30 05:58:22 | INFO     | [lf.day.start] Processing ATZ-AHB for 09MAR
2026-01-30 05:58:24 | WARNING  | [lf.day.no_flights] No direct flights on 09MAR
2026-01-30 05:58:24 | INFO     | [SUCCESS] Day 09MAR
2026-01-30 05:58:24 | INFO     | [DAY_START] Processing 08MAR
2026-01-30 05:58:24 | INFO     | [lf.day.start] Processing ATZ-AHB for 08MAR
2026-01-30 05:58:25 | WARNING  | [lf.day.no_flights] No direct flights on 08MAR
2026-01-30 05:58:25 | INFO     | [SUCCESS] Day 08MAR
2026-01-30 05:58:25 | INFO     | [DAY_START] Processing 07MAR
2026-01-30 05:58:25 | INFO     | [lf.day.start] Processing ATZ-AHB for 07MAR
2026-01-30 05:58:26 | WARNING  | [lf.day.no_flights] No direct flights on 07MAR
2026-01-30 05:58:26 | INFO     | [SUCCESS] Day 07MAR
2026-01-30 05:58:26 | INFO     | [DAY_START] Processing 06MAR
2026-01-30 05:58:26 | INFO     | [lf.day.start] Processing ATZ-AHB for 06MAR
2026-01-30 05:58:27 | INFO     | [lf.day.flights_found] Found 1 flights on 06MAR
2026-01-30 05:58:29 | INFO     | [lf.flight.extracted] SM445 on 06MAR: BKG=3, LF=1.7%
2026-01-30 05:58:32 | INFO     | [SUCCESS] Day 06MAR
2026-01-30 05:58:32 | INFO     | [DAY_START] Processing 05MAR
2026-01-30 05:58:32 | INFO     | [lf.day.start] Processing ATZ-AHB for 05MAR
2026-01-30 05:58:33 | WARNING  | [lf.day.no_flights] No direct flights on 05MAR
2026-01-30 05:58:33 | INFO     | [SUCCESS] Day 05MAR
2026-01-30 05:58:33 | INFO     | [DAY_START] Processing 04MAR
2026-01-30 05:58:33 | INFO     | [lf.day.start] Processing ATZ-AHB for 04MAR
2026-01-30 05:58:34 | WARNING  | [lf.day.no_flights] No direct flights on 04MAR
2026-01-30 05:58:34 | INFO     | [SUCCESS] Day 04MAR
2026-01-30 05:58:34 | INFO     | [DAY_START] Processing 03MAR
2026-01-30 05:58:34 | INFO     | [lf.day.start] Processing ATZ-AHB for 03MAR
2026-01-30 05:58:35 | WARNING  | [lf.day.no_flights] No direct flights on 03MAR
2026-01-30 05:58:35 | INFO     | [SUCCESS] Day 03MAR
2026-01-30 05:58:35 | INFO     | [DAY_START] Processing 02MAR
2026-01-30 05:58:35 | INFO     | [lf.day.start] Processing ATZ-AHB for 02MAR
2026-01-30 05:58:36 | WARNING  | [lf.day.no_flights] No direct flights on 02MAR
2026-01-30 05:58:36 | INFO     | [SUCCESS] Day 02MAR
2026-01-30 05:58:36 | INFO     | [DAY_START] Processing 01MAR
2026-01-30 05:58:36 | INFO     | [lf.day.start] Processing ATZ-AHB for 01MAR
2026-01-30 05:58:38 | WARNING  | [lf.day.no_flights] No direct flights on 01MAR
2026-01-30 05:58:38 | INFO     | [SUCCESS] Day 01MAR
2026-01-30 05:58:38 | INFO     | [SUCCESS] LF Search Complete
2026-01-30 05:58:50 | INFO     | [Worker_9233] Completed: ATZ-AHB - 10 results, 0 errors
2026-01-30 05:58:50 | INFO     | [Worker_9233] Processing: MED-HBE
2026-01-30 05:58:50 | INFO     |   Tier 0: Range 1, Chunk 1/3 (10 days)
