2026-01-30 05:20:22 | INFO     | ======================================================================
2026-01-30 05:20:22 | INFO     | Load Factor Scraper Started - Route: ATZ-AHB
2026-01-30 05:20:22 | INFO     | Log file: D:\CODERED\LAB\Artifacts\outputs\run_generated_300126_at_05.16\logs\LF_ATZ-AHB_20260130_052022.log
2026-01-30 05:20:22 | INFO     | Enhanced logging: Capturing both logging.info() and print()
2026-01-30 05:20:22 | INFO     | ======================================================================
2026-01-30 05:20:22 | INFO     | Starting LF search for route: ATZ-AHB
2026-01-30 05:20:22 | INFO     | [START] LF Search
2026-01-30 05:20:22 | INFO     | [HEALTH CHECK] [OK] Chrome connection is healthy
2026-01-30 05:20:22 | INFO     | [DAY_START] Processing 22MAY
2026-01-30 05:20:22 | INFO     | [lf.day.start] Processing ATZ-AHB for 22MAY
2026-01-30 05:20:23 | WARNING  | [lf.day.no_flights] No direct flights on 22MAY
2026-01-30 05:20:23 | INFO     | [SUCCESS] Day 22MAY
2026-01-30 05:20:23 | INFO     | [DAY_START] Processing 21MAY
2026-01-30 05:20:23 | INFO     | [lf.day.start] Processing ATZ-AHB for 21MAY
2026-01-30 05:20:24 | WARNING  | [lf.day.no_flights] No direct flights on 21MAY
2026-01-30 05:20:24 | INFO     | [SUCCESS] Day 21MAY
2026-01-30 05:20:24 | INFO     | [DAY_START] Processing 20MAY
2026-01-30 05:20:24 | INFO     | [lf.day.start] Processing ATZ-AHB for 20MAY
2026-01-30 05:20:25 | WARNING  | [lf.day.no_flights] No direct flights on 20MAY
2026-01-30 05:20:25 | INFO     | [SUCCESS] Day 20MAY
2026-01-30 05:20:25 | INFO     | [DAY_START] Processing 19MAY
2026-01-30 05:20:25 | INFO     | [lf.day.start] Processing ATZ-AHB for 19MAY
2026-01-30 05:20:27 | WARNING  | [lf.day.no_flights] No direct flights on 19MAY
2026-01-30 05:20:27 | INFO     | [SUCCESS] Day 19MAY
2026-01-30 05:20:27 | INFO     | [DAY_START] Processing 18MAY
2026-01-30 05:20:27 | INFO     | [lf.day.start] Processing ATZ-AHB for 18MAY
2026-01-30 05:20:28 | WARNING  | [lf.day.no_flights] No direct flights on 18MAY
2026-01-30 05:20:28 | INFO     | [SUCCESS] Day 18MAY
2026-01-30 05:20:28 | INFO     | [DAY_START] Processing 17MAY
2026-01-30 05:20:28 | INFO     | [lf.day.start] Processing ATZ-AHB for 17MAY
2026-01-30 05:20:29 | WARNING  | [lf.day.no_flights] No direct flights on 17MAY
2026-01-30 05:20:29 | INFO     | [SUCCESS] Day 17MAY
2026-01-30 05:20:29 | INFO     | [DAY_START] Processing 16MAY
2026-01-30 05:20:29 | INFO     | [lf.day.start] Processing ATZ-AHB for 16MAY
2026-01-30 05:20:30 | WARNING  | [lf.day.no_flights] No direct flights on 16MAY
2026-01-30 05:20:30 | INFO     | [SUCCESS] Day 16MAY
2026-01-30 05:20:30 | INFO     | [DAY_START] Processing 15MAY
2026-01-30 05:20:30 | INFO     | [lf.day.start] Processing ATZ-AHB for 15MAY
2026-01-30 05:20:31 | WARNING  | [lf.day.no_flights] No direct flights on 15MAY
2026-01-30 05:20:31 | INFO     | [SUCCESS] Day 15MAY
2026-01-30 05:20:31 | INFO     | [SUCCESS] LF Search Complete
2026-01-30 05:20:31 | INFO     | [Worker_9226] Completed: ATZ-AHB - 8 results, 0 errors
2026-01-30 05:20:31 | INFO     | [Worker_9226] Processing: CAI-GIZ
2026-01-30 05:20:31 | INFO     |   Tier 0: Range 4, Chunk 2/4 (8 days)
