2026-01-30 05:24:36 | INFO     | ======================================================================
2026-01-30 05:24:36 | INFO     | Load Factor Scraper Started - Route: ATZ-AJF
2026-01-30 05:24:36 | INFO     | Log file: D:\CODERED\LAB\Artifacts\outputs\run_generated_300126_at_05.16\logs\LF_ATZ-AJF_20260130_052436.log
2026-01-30 05:24:36 | INFO     | Enhanced logging: Capturing both logging.info() and print()
2026-01-30 05:24:36 | INFO     | ======================================================================
2026-01-30 05:24:36 | INFO     | Starting LF search for route: ATZ-AJF
2026-01-30 05:24:36 | INFO     | [START] LF Search
2026-01-30 05:24:37 | INFO     | [HEALTH CHECK] [OK] Chrome connection is healthy
2026-01-30 05:24:37 | INFO     | [DAY_START] Processing 06MAY
2026-01-30 05:24:37 | INFO     | [lf.day.start] Processing ATZ-AJF for 06MAY
2026-01-30 05:24:38 | WARNING  | [lf.day.no_flights] No direct flights on 06MAY
2026-01-30 05:24:38 | INFO     | [SUCCESS] Day 06MAY
2026-01-30 05:24:38 | INFO     | [DAY_START] Processing 05MAY
2026-01-30 05:24:38 | INFO     | [lf.day.start] Processing ATZ-AJF for 05MAY
2026-01-30 05:24:39 | WARNING  | [lf.day.no_flights] No direct flights on 05MAY
2026-01-30 05:24:39 | INFO     | [SUCCESS] Day 05MAY
2026-01-30 05:24:39 | INFO     | [DAY_START] Processing 04MAY
2026-01-30 05:24:39 | INFO     | [lf.day.start] Processing ATZ-AJF for 04MAY
2026-01-30 05:24:41 | WARNING  | [lf.day.no_flights] No direct flights on 04MAY
2026-01-30 05:24:41 | INFO     | [SUCCESS] Day 04MAY
2026-01-30 05:24:41 | INFO     | [DAY_START] Processing 03MAY
2026-01-30 05:24:41 | INFO     | [lf.day.start] Processing ATZ-AJF for 03MAY
2026-01-30 05:24:42 | WARNING  | [lf.day.no_flights] No direct flights on 03MAY
2026-01-30 05:24:42 | INFO     | [SUCCESS] Day 03MAY
2026-01-30 05:24:42 | INFO     | [DAY_START] Processing 02MAY
2026-01-30 05:24:42 | INFO     | [lf.day.start] Processing ATZ-AJF for 02MAY
2026-01-30 05:24:43 | WARNING  | [lf.day.no_flights] No direct flights on 02MAY
2026-01-30 05:24:43 | INFO     | [SUCCESS] Day 02MAY
2026-01-30 05:24:43 | INFO     | [DAY_START] Processing 01MAY
2026-01-30 05:24:43 | INFO     | [lf.day.start] Processing ATZ-AJF for 01MAY
2026-01-30 05:24:44 | WARNING  | [lf.day.no_flights] No direct flights on 01MAY
2026-01-30 05:24:44 | INFO     | [SUCCESS] Day 01MAY
2026-01-30 05:24:44 | INFO     | [DAY_START] Processing 30APR
2026-01-30 05:24:44 | INFO     | [lf.day.start] Processing ATZ-AJF for 30APR
2026-01-30 05:24:45 | WARNING  | [lf.day.no_flights] No direct flights on 30APR
2026-01-30 05:24:45 | INFO     | [SUCCESS] Day 30APR
2026-01-30 05:24:45 | INFO     | [SUCCESS] LF Search Complete
2026-01-30 05:24:45 | INFO     | [Worker_9233] Completed: ATZ-AJF - 7 results, 0 errors
2026-01-30 05:24:45 | INFO     | [Worker_9233] Processing: ATZ-AHB
2026-01-30 05:24:45 | INFO     |   Tier 0: Range 4, Chunk 4/4 (7 days)
