2026-01-30 05:56:56 | INFO     | ======================================================================
2026-01-30 05:56:56 | INFO     | Load Factor Scraper Started - Route: ATZ-JED
2026-01-30 05:56:56 | INFO     | Log file: D:\CODERED\LAB\Artifacts\outputs\run_generated_300126_at_05.16\logs\LF_ATZ-JED_20260130_055656.log
2026-01-30 05:56:56 | INFO     | Enhanced logging: Capturing both logging.info() and print()
2026-01-30 05:56:56 | INFO     | ======================================================================
2026-01-30 05:56:56 | INFO     | Starting LF search for route: ATZ-JED
2026-01-30 05:56:56 | INFO     | [START] LF Search
2026-01-30 05:56:56 | INFO     | [HEALTH CHECK] [OK] Chrome connection is healthy
2026-01-30 05:56:56 | INFO     | [DAY_START] Processing 10MAR
2026-01-30 05:56:56 | INFO     | [lf.day.start] Processing ATZ-JED for 10MAR
2026-01-30 05:56:58 | INFO     | [lf.day.flights_found] Found 2 flights on 10MAR
2026-01-30 05:57:00 | INFO     | [lf.flight.extracted] SM453 on 10MAR: BKG=0, LF=0.0%
2026-01-30 05:57:03 | INFO     | [lf.flight.extracted] SM455 on 10MAR: BKG=0, LF=0.0%
2026-01-30 05:57:04 | INFO     | [SUCCESS] Day 10MAR
2026-01-30 05:57:04 | INFO     | [DAY_START] Processing 09MAR
2026-01-30 05:57:04 | INFO     | [lf.day.start] Processing ATZ-JED for 09MAR
2026-01-30 05:57:06 | INFO     | [lf.day.flights_found] Found 4 flights on 09MAR
2026-01-30 05:57:07 | INFO     | [lf.flight.extracted] SM491 on 09MAR: BKG=2, LF=1.1%
2026-01-30 05:57:11 | INFO     | [lf.flight.extracted] SM455 on 09MAR: BKG=0, LF=0.0%
2026-01-30 05:57:14 | INFO     | [lf.flight.extracted] SM421 on 09MAR: BKG=8, LF=4.5%
2026-01-30 05:57:17 | INFO     | [lf.flight.extracted] SM453 on 09MAR: BKG=0, LF=0.0%
2026-01-30 05:57:21 | INFO     | [SUCCESS] Day 09MAR
2026-01-30 05:57:21 | INFO     | [DAY_START] Processing 08MAR
2026-01-30 05:57:21 | INFO     | [lf.day.start] Processing ATZ-JED for 08MAR
2026-01-30 05:57:22 | INFO     | [lf.day.flights_found] Found 2 flights on 08MAR
2026-01-30 05:57:24 | INFO     | [lf.flight.extracted] SM491 on 08MAR: BKG=3, LF=1.7%
2026-01-30 05:57:27 | INFO     | [lf.flight.extracted] SM455 on 08MAR: BKG=2, LF=1.1%
2026-01-30 05:57:31 | INFO     | [SUCCESS] Day 08MAR
2026-01-30 05:57:31 | INFO     | [DAY_START] Processing 07MAR
2026-01-30 05:57:31 | INFO     | [lf.day.start] Processing ATZ-JED for 07MAR
2026-01-30 05:57:32 | INFO     | [lf.day.flights_found] Found 3 flights on 07MAR
2026-01-30 05:57:34 | INFO     | [lf.flight.extracted] SM491 on 07MAR: BKG=1, LF=0.6%
2026-01-30 05:57:38 | INFO     | [lf.flight.extracted] SM453 on 07MAR: BKG=0, LF=0.0%
2026-01-30 05:57:42 | INFO     | [lf.flight.extracted] SM455 on 07MAR: BKG=9, LF=5.0%
2026-01-30 05:57:46 | INFO     | [SUCCESS] Day 07MAR
2026-01-30 05:57:46 | INFO     | [DAY_START] Processing 06MAR
2026-01-30 05:57:46 | INFO     | [lf.day.start] Processing ATZ-JED for 06MAR
2026-01-30 05:57:47 | INFO     | [lf.day.flights_found] Found 1 flights on 06MAR
2026-01-30 05:57:49 | INFO     | [lf.flight.extracted] SM491 on 06MAR: BKG=1, LF=0.6%
2026-01-30 05:57:52 | INFO     | [SUCCESS] Day 06MAR
2026-01-30 05:57:52 | INFO     | [DAY_START] Processing 05MAR
2026-01-30 05:57:52 | INFO     | [lf.day.start] Processing ATZ-JED for 05MAR
2026-01-30 05:57:53 | INFO     | [lf.day.flights_found] Found 2 flights on 05MAR
2026-01-30 05:57:55 | INFO     | [lf.flight.extracted] SM453 on 05MAR: BKG=178, LF=99.4%
2026-01-30 05:57:59 | INFO     | [lf.flight.extracted] SM455 on 05MAR: BKG=112, LF=62.6%
2026-01-30 05:58:02 | INFO     | [SUCCESS] Day 05MAR
2026-01-30 05:58:02 | INFO     | [DAY_START] Processing 04MAR
2026-01-30 05:58:02 | INFO     | [lf.day.start] Processing ATZ-JED for 04MAR
2026-01-30 05:58:03 | INFO     | [lf.day.flights_found] Found 3 flights on 04MAR
2026-01-30 05:58:06 | INFO     | [lf.flight.extracted] SM453 on 04MAR: BKG=45, LF=25.1%
2026-01-30 05:58:10 | INFO     | [lf.flight.extracted] SM491 on 04MAR: BKG=5, LF=2.8%
2026-01-30 05:58:13 | INFO     | [lf.flight.extracted] SM421 on 04MAR: BKG=2, LF=1.1%
2026-01-30 05:58:18 | INFO     | [SUCCESS] Day 04MAR
2026-01-30 05:58:18 | INFO     | [DAY_START] Processing 03MAR
2026-01-30 05:58:18 | INFO     | [lf.day.start] Processing ATZ-JED for 03MAR
2026-01-30 05:58:19 | INFO     | [lf.day.flights_found] Found 2 flights on 03MAR
2026-01-30 05:58:21 | INFO     | [lf.flight.extracted] SM453 on 03MAR: BKG=0, LF=0.0%
2026-01-30 05:58:24 | INFO     | [lf.flight.extracted] SM455 on 03MAR: BKG=2, LF=1.1%
2026-01-30 05:58:26 | INFO     | [SUCCESS] Day 03MAR
2026-01-30 05:58:26 | INFO     | [DAY_START] Processing 02MAR
2026-01-30 05:58:26 | INFO     | [lf.day.start] Processing ATZ-JED for 02MAR
2026-01-30 05:58:28 | INFO     | [lf.day.flights_found] Found 4 flights on 02MAR
2026-01-30 05:58:29 | INFO     | [lf.flight.extracted] SM491 on 02MAR: BKG=0, LF=0.0%
2026-01-30 05:58:33 | INFO     | [lf.flight.extracted] SM455 on 02MAR: BKG=0, LF=0.0%
2026-01-30 05:58:36 | INFO     | [lf.flight.extracted] SM421 on 02MAR: BKG=3, LF=1.7%
2026-01-30 05:58:39 | INFO     | [lf.flight.extracted] SM453 on 02MAR: BKG=1, LF=0.6%
2026-01-30 05:58:45 | INFO     | [SUCCESS] Day 02MAR
2026-01-30 05:58:45 | INFO     | [DAY_START] Processing 01MAR
2026-01-30 05:58:45 | INFO     | [lf.day.start] Processing ATZ-JED for 01MAR
2026-01-30 05:58:46 | INFO     | [lf.day.flights_found] Found 2 flights on 01MAR
2026-01-30 05:58:48 | INFO     | [lf.flight.extracted] SM491 on 01MAR: BKG=6, LF=3.4%
2026-01-30 05:58:51 | INFO     | [lf.flight.extracted] SM455 on 01MAR: BKG=0, LF=0.0%
2026-01-30 05:58:53 | INFO     | [SUCCESS] Day 01MAR
2026-01-30 05:58:53 | INFO     | [SUCCESS] LF Search Complete
2026-01-30 05:58:53 | INFO     | [Worker_9223] Completed: ATZ-JED - 10 results, 0 errors
2026-01-30 05:58:53 | INFO     | [Worker_9223] Processing: MED-ATZ
2026-01-30 05:58:53 | INFO     |   Tier 0: Range 1, Chunk 1/3 (10 days)
