2026-01-30 05:17:17 | INFO     | ======================================================================
2026-01-30 05:17:17 | INFO     | Load Factor Scraper Started - Route: ATZ-MED
2026-01-30 05:17:17 | INFO     | Log file: D:\CODERED\LAB\Artifacts\outputs\run_generated_300126_at_05.16\logs\LF_ATZ-MED_20260130_051717.log
2026-01-30 05:17:17 | INFO     | Enhanced logging: Capturing both logging.info() and print()
2026-01-30 05:17:17 | INFO     | ======================================================================
2026-01-30 05:17:17 | INFO     | Starting LF search for route: ATZ-MED
2026-01-30 05:17:17 | INFO     | [START] LF Search
2026-01-30 05:17:18 | INFO     | [HEALTH CHECK] [OK] Chrome connection is healthy
2026-01-30 05:17:18 | INFO     | [DAY_START] Processing 30MAY
2026-01-30 05:17:18 | INFO     | [lf.day.start] Processing ATZ-MED for 30MAY
2026-01-30 05:17:19 | WARNING  | [lf.day.no_flights] No direct flights on 30MAY
2026-01-30 05:17:19 | INFO     | [SUCCESS] Day 30MAY
2026-01-30 05:17:19 | INFO     | [DAY_START] Processing 29MAY
2026-01-30 05:17:19 | INFO     | [lf.day.start] Processing ATZ-MED for 29MAY
2026-01-30 05:17:20 | WARNING  | [lf.day.no_flights] No direct flights on 29MAY
2026-01-30 05:17:20 | INFO     | [SUCCESS] Day 29MAY
2026-01-30 05:17:20 | INFO     | [DAY_START] Processing 28MAY
2026-01-30 05:17:20 | INFO     | [lf.day.start] Processing ATZ-MED for 28MAY
2026-01-30 05:17:21 | WARNING  | [lf.day.no_flights] No direct flights on 28MAY
2026-01-30 05:17:21 | INFO     | [SUCCESS] Day 28MAY
2026-01-30 05:17:21 | INFO     | [DAY_START] Processing 27MAY
2026-01-30 05:17:21 | INFO     | [lf.day.start] Processing ATZ-MED for 27MAY
2026-01-30 05:17:22 | WARNING  | [lf.day.no_flights] No direct flights on 27MAY
2026-01-30 05:17:22 | INFO     | [SUCCESS] Day 27MAY
2026-01-30 05:17:22 | INFO     | [DAY_START] Processing 26MAY
2026-01-30 05:17:22 | INFO     | [lf.day.start] Processing ATZ-MED for 26MAY
2026-01-30 05:17:23 | WARNING  | [lf.day.no_flights] No direct flights on 26MAY
2026-01-30 05:17:23 | INFO     | [SUCCESS] Day 26MAY
2026-01-30 05:17:23 | INFO     | [DAY_START] Processing 25MAY
2026-01-30 05:17:23 | INFO     | [lf.day.start] Processing ATZ-MED for 25MAY
2026-01-30 05:17:24 | WARNING  | [lf.day.no_flights] No direct flights on 25MAY
2026-01-30 05:17:24 | INFO     | [SUCCESS] Day 25MAY
2026-01-30 05:17:24 | INFO     | [DAY_START] Processing 24MAY
2026-01-30 05:17:24 | INFO     | [lf.day.start] Processing ATZ-MED for 24MAY
2026-01-30 05:17:26 | INFO     | [lf.day.flights_found] Found 1 flights on 24MAY
2026-01-30 05:17:27 | INFO     | [lf.flight.extracted] SM487 on 24MAY: BKG=0, LF=0.0%
2026-01-30 05:17:28 | INFO     | [SUCCESS] Day 24MAY
2026-01-30 05:17:28 | INFO     | [DAY_START] Processing 23MAY
2026-01-30 05:17:28 | INFO     | [lf.day.start] Processing ATZ-MED for 23MAY
2026-01-30 05:17:30 | WARNING  | [lf.day.no_flights] No direct flights on 23MAY
2026-01-30 05:17:30 | INFO     | [SUCCESS] Day 23MAY
2026-01-30 05:17:30 | INFO     | [SUCCESS] LF Search Complete
2026-01-30 05:17:30 | INFO     | [Worker_9227] Completed: ATZ-MED - 8 results, 0 errors
2026-01-30 05:17:30 | INFO     | [Worker_9227] Processing: ATZ-JED
2026-01-30 05:17:30 | INFO     |   Tier 0: Range 4, Chunk 1/4 (8 days)
