2026-01-30 06:02:04 | INFO     | ======================================================================
2026-01-30 06:02:04 | INFO     | Load Factor Scraper Started - Route: ASW-JED
2026-01-30 06:02:04 | INFO     | Log file: D:\CODERED\LAB\Artifacts\outputs\run_generated_300126_at_05.16\logs\LF_ASW-JED_20260130_060204.log
2026-01-30 06:02:04 | INFO     | Enhanced logging: Capturing both logging.info() and print()
2026-01-30 06:02:04 | INFO     | ======================================================================
2026-01-30 06:02:04 | INFO     | Starting LF search for route: ASW-JED
2026-01-30 06:02:04 | INFO     | [START] LF Search
2026-01-30 06:02:05 | INFO     | [HEALTH CHECK] [OK] Chrome connection is healthy
2026-01-30 06:02:05 | INFO     | [DAY_START] Processing 28FEB
2026-01-30 06:02:05 | INFO     | [lf.day.start] Processing ASW-JED for 28FEB
2026-01-30 06:02:06 | WARNING  | [lf.day.no_flights] No direct flights on 28FEB
2026-01-30 06:02:06 | INFO     | [SUCCESS] Day 28FEB
2026-01-30 06:02:06 | INFO     | [DAY_START] Processing 27FEB
2026-01-30 06:02:06 | INFO     | [lf.day.start] Processing ASW-JED for 27FEB
2026-01-30 06:02:07 | WARNING  | [lf.day.no_flights] No direct flights on 27FEB
2026-01-30 06:02:07 | INFO     | [SUCCESS] Day 27FEB
2026-01-30 06:02:07 | INFO     | [DAY_START] Processing 26FEB
2026-01-30 06:02:07 | INFO     | [lf.day.start] Processing ASW-JED for 26FEB
2026-01-30 06:02:08 | WARNING  | [lf.day.no_flights] No direct flights on 26FEB
2026-01-30 06:02:08 | INFO     | [SUCCESS] Day 26FEB
2026-01-30 06:02:08 | INFO     | [DAY_START] Processing 25FEB
2026-01-30 06:02:08 | INFO     | [lf.day.start] Processing ASW-JED for 25FEB
2026-01-30 06:02:10 | WARNING  | [lf.day.no_flights] No direct flights on 25FEB
2026-01-30 06:02:10 | INFO     | [SUCCESS] Day 25FEB
2026-01-30 06:02:10 | INFO     | [DAY_START] Processing 24FEB
2026-01-30 06:02:10 | INFO     | [lf.day.start] Processing ASW-JED for 24FEB
2026-01-30 06:02:11 | INFO     | [lf.day.flights_found] Found 2 flights on 24FEB
2026-01-30 06:02:13 | INFO     | [lf.flight.extracted] SM973 on 24FEB: BKG=180, LF=100.6%
2026-01-30 06:02:16 | INFO     | [lf.flight.extracted] SM985 on 24FEB: BKG=180, LF=100.6%
2026-01-30 06:02:19 | INFO     | [SUCCESS] Day 24FEB
2026-01-30 06:02:19 | INFO     | [DAY_START] Processing 23FEB
2026-01-30 06:02:19 | INFO     | [lf.day.start] Processing ASW-JED for 23FEB
2026-01-30 06:02:21 | INFO     | [lf.day.flights_found] Found 2 flights on 23FEB
2026-01-30 06:02:23 | INFO     | [lf.flight.extracted] SM425 on 23FEB: BKG=180, LF=100.6%
2026-01-30 06:02:26 | INFO     | [lf.flight.extracted] SM949 on 23FEB: BKG=180, LF=100.6%
2026-01-30 06:02:29 | INFO     | [SUCCESS] Day 23FEB
2026-01-30 06:02:29 | INFO     | [DAY_START] Processing 22FEB
2026-01-30 06:02:29 | INFO     | [lf.day.start] Processing ASW-JED for 22FEB
2026-01-30 06:02:31 | WARNING  | [lf.day.no_flights] No direct flights on 22FEB
2026-01-30 06:02:31 | INFO     | [SUCCESS] Day 22FEB
2026-01-30 06:02:31 | INFO     | [DAY_START] Processing 21FEB
2026-01-30 06:02:31 | INFO     | [lf.day.start] Processing ASW-JED for 21FEB
2026-01-30 06:02:32 | WARNING  | [lf.day.no_flights] No direct flights on 21FEB
2026-01-30 06:02:32 | INFO     | [SUCCESS] Day 21FEB
2026-01-30 06:02:32 | INFO     | [DAY_START] Processing 20FEB
2026-01-30 06:02:32 | INFO     | [lf.day.start] Processing ASW-JED for 20FEB
2026-01-30 06:02:33 | WARNING  | [lf.day.no_flights] No direct flights on 20FEB
2026-01-30 06:02:33 | INFO     | [SUCCESS] Day 20FEB
2026-01-30 06:02:33 | INFO     | [DAY_START] Processing 19FEB
2026-01-30 06:02:33 | INFO     | [lf.day.start] Processing ASW-JED for 19FEB
2026-01-30 06:02:34 | WARNING  | [lf.day.no_flights] No direct flights on 19FEB
2026-01-30 06:02:34 | INFO     | [SUCCESS] Day 19FEB
2026-01-30 06:02:34 | INFO     | [SUCCESS] LF Search Complete
2026-01-30 06:02:34 | INFO     | [Worker_9233] Completed: ASW-JED - 10 results, 0 errors
2026-01-30 06:02:34 | INFO     | [Worker_9233] Processing: CAI-TUU
2026-01-30 06:02:34 | INFO     |   Tier 0: Range 1, Chunk 1/3 (10 days)
