2026-01-30 05:17:38 | INFO     | ======================================================================
2026-01-30 05:17:38 | INFO     | Load Factor Scraper Started - Route: ATZ-RUH
2026-01-30 05:17:38 | INFO     | Log file: D:\CODERED\LAB\Artifacts\outputs\run_generated_300126_at_05.16\logs\LF_ATZ-RUH_20260130_051738.log
2026-01-30 05:17:38 | INFO     | Enhanced logging: Capturing both logging.info() and print()
2026-01-30 05:17:38 | INFO     | ======================================================================
2026-01-30 05:17:38 | INFO     | Starting LF search for route: ATZ-RUH
2026-01-30 05:17:38 | INFO     | [START] LF Search
2026-01-30 05:17:39 | INFO     | [HEALTH CHECK] [OK] Chrome connection is healthy
2026-01-30 05:17:39 | INFO     | [DAY_START] Processing 30MAY
2026-01-30 05:17:39 | INFO     | [lf.day.start] Processing ATZ-RUH for 30MAY
2026-01-30 05:17:40 | WARNING  | [lf.day.no_flights] No direct flights on 30MAY
2026-01-30 05:17:40 | INFO     | [SUCCESS] Day 30MAY
2026-01-30 05:17:40 | INFO     | [DAY_START] Processing 29MAY
2026-01-30 05:17:40 | INFO     | [lf.day.start] Processing ATZ-RUH for 29MAY
2026-01-30 05:17:41 | WARNING  | [lf.day.no_flights] No direct flights on 29MAY
2026-01-30 05:17:41 | INFO     | [SUCCESS] Day 29MAY
2026-01-30 05:17:41 | INFO     | [DAY_START] Processing 28MAY
2026-01-30 05:17:41 | INFO     | [lf.day.start] Processing ATZ-RUH for 28MAY
2026-01-30 05:17:42 | WARNING  | [lf.day.no_flights] No direct flights on 28MAY
2026-01-30 05:17:42 | INFO     | [SUCCESS] Day 28MAY
2026-01-30 05:17:42 | INFO     | [DAY_START] Processing 27MAY
2026-01-30 05:17:42 | INFO     | [lf.day.start] Processing ATZ-RUH for 27MAY
2026-01-30 05:17:43 | INFO     | [lf.day.flights_found] Found 1 flights on 27MAY
2026-01-30 05:17:45 | INFO     | [lf.flight.extracted] SM465 on 27MAY: BKG=4, LF=2.2%
2026-01-30 05:17:47 | INFO     | [SUCCESS] Day 27MAY
2026-01-30 05:17:47 | INFO     | [DAY_START] Processing 26MAY
2026-01-30 05:17:47 | INFO     | [lf.day.start] Processing ATZ-RUH for 26MAY
2026-01-30 05:17:49 | WARNING  | [lf.day.no_flights] No direct flights on 26MAY
2026-01-30 05:17:49 | INFO     | [SUCCESS] Day 26MAY
2026-01-30 05:17:49 | INFO     | [DAY_START] Processing 25MAY
2026-01-30 05:17:49 | INFO     | [lf.day.start] Processing ATZ-RUH for 25MAY
2026-01-30 05:17:50 | WARNING  | [lf.day.no_flights] No direct flights on 25MAY
2026-01-30 05:17:50 | INFO     | [SUCCESS] Day 25MAY
2026-01-30 05:17:50 | INFO     | [DAY_START] Processing 24MAY
2026-01-30 05:17:50 | INFO     | [lf.day.start] Processing ATZ-RUH for 24MAY
2026-01-30 05:17:51 | WARNING  | [lf.day.no_flights] No direct flights on 24MAY
2026-01-30 05:17:51 | INFO     | [SUCCESS] Day 24MAY
2026-01-30 05:17:51 | INFO     | [DAY_START] Processing 23MAY
2026-01-30 05:17:51 | INFO     | [lf.day.start] Processing ATZ-RUH for 23MAY
2026-01-30 05:17:52 | WARNING  | [lf.day.no_flights] No direct flights on 23MAY
2026-01-30 05:17:52 | INFO     | [SUCCESS] Day 23MAY
2026-01-30 05:17:52 | INFO     | [SUCCESS] LF Search Complete
2026-01-30 05:17:52 | INFO     | [Worker_9234] Completed: ATZ-RUH - 8 results, 0 errors
2026-01-30 05:17:52 | INFO     | [Worker_9234] Processing: CAI-AJF
2026-01-30 05:17:52 | INFO     |   Tier 0: Range 4, Chunk 1/4 (8 days)
