2026-01-30 06:13:07 | INFO     | ======================================================================
2026-01-30 06:13:07 | INFO     | Load Factor Scraper Started - Route: ATZ-MED
2026-01-30 06:13:07 | INFO     | Log file: D:\CODERED\LAB\Artifacts\outputs\run_generated_300126_at_05.16\logs\LF_ATZ-MED_20260130_061307.log
2026-01-30 06:13:07 | INFO     | Enhanced logging: Capturing both logging.info() and print()
2026-01-30 06:13:07 | INFO     | ======================================================================
2026-01-30 06:13:07 | INFO     | Starting LF search for route: ATZ-MED
2026-01-30 06:13:07 | INFO     | [START] LF Search
2026-01-30 06:13:08 | INFO     | [HEALTH CHECK] [OK] Chrome connection is healthy
2026-01-30 06:13:08 | INFO     | [DAY_START] Processing 08FEB
2026-01-30 06:13:08 | INFO     | [lf.day.start] Processing ATZ-MED for 08FEB
2026-01-30 06:13:09 | WARNING  | [lf.day.no_flights] No direct flights on 08FEB
2026-01-30 06:13:09 | INFO     | [SUCCESS] Day 08FEB
2026-01-30 06:13:09 | INFO     | [DAY_START] Processing 07FEB
2026-01-30 06:13:09 | INFO     | [lf.day.start] Processing ATZ-MED for 07FEB
2026-01-30 06:13:10 | INFO     | [lf.day.flights_found] Found 1 flights on 07FEB
2026-01-30 06:13:12 | INFO     | [lf.flight.extracted] SM487 on 07FEB: BKG=133, LF=74.3%
2026-01-30 06:13:16 | INFO     | [SUCCESS] Day 07FEB
2026-01-30 06:13:16 | INFO     | [DAY_START] Processing 06FEB
2026-01-30 06:13:16 | INFO     | [lf.day.start] Processing ATZ-MED for 06FEB
2026-01-30 06:13:17 | WARNING  | [lf.day.no_flights] No direct flights on 06FEB
2026-01-30 06:13:17 | INFO     | [SUCCESS] Day 06FEB
2026-01-30 06:13:17 | INFO     | [DAY_START] Processing 05FEB
2026-01-30 06:13:17 | INFO     | [lf.day.start] Processing ATZ-MED for 05FEB
2026-01-30 06:13:18 | WARNING  | [lf.day.no_flights] No direct flights on 05FEB
2026-01-30 06:13:18 | INFO     | [SUCCESS] Day 05FEB
2026-01-30 06:13:18 | INFO     | [DAY_START] Processing 04FEB
2026-01-30 06:13:18 | INFO     | [lf.day.start] Processing ATZ-MED for 04FEB
2026-01-30 06:13:20 | INFO     | [lf.day.flights_found] Found 1 flights on 04FEB
2026-01-30 06:13:22 | INFO     | [lf.flight.extracted] SM489 on 04FEB: BKG=37, LF=20.7%
2026-01-30 06:13:25 | INFO     | [SUCCESS] Day 04FEB
2026-01-30 06:13:25 | INFO     | [DAY_START] Processing 03FEB
2026-01-30 06:13:25 | INFO     | [lf.day.start] Processing ATZ-MED for 03FEB
2026-01-30 06:13:27 | INFO     | [lf.day.flights_found] Found 1 flights on 03FEB
2026-01-30 06:13:29 | INFO     | [lf.flight.extracted] SM487 on 03FEB: BKG=23, LF=12.8%
2026-01-30 06:13:32 | INFO     | [SUCCESS] Day 03FEB
2026-01-30 06:13:32 | INFO     | [DAY_START] Processing 02FEB
2026-01-30 06:13:32 | INFO     | [lf.day.start] Processing ATZ-MED for 02FEB
2026-01-30 06:13:33 | INFO     | [lf.day.flights_found] Found 1 flights on 02FEB
2026-01-30 06:13:35 | INFO     | [lf.flight.extracted] SM487 on 02FEB: BKG=36, LF=20.1%
2026-01-30 06:13:38 | INFO     | [SUCCESS] Day 02FEB
2026-01-30 06:13:38 | INFO     | [DAY_START] Processing 01FEB
2026-01-30 06:13:38 | INFO     | [lf.day.start] Processing ATZ-MED for 01FEB
2026-01-30 06:13:40 | WARNING  | [lf.day.no_flights] No direct flights on 01FEB
2026-01-30 06:13:40 | INFO     | [SUCCESS] Day 01FEB
2026-01-30 06:13:40 | INFO     | [DAY_START] Processing 31JAN
2026-01-30 06:13:40 | INFO     | [lf.day.start] Processing ATZ-MED for 31JAN
2026-01-30 06:13:41 | INFO     | [lf.day.flights_found] Found 1 flights on 31JAN
2026-01-30 06:13:43 | INFO     | [lf.flight.extracted] SM487 on 31JAN: BKG=167, LF=93.3%
2026-01-30 06:13:48 | INFO     | [SUCCESS] Day 31JAN
2026-01-30 06:13:48 | INFO     | [SUCCESS] LF Search Complete
2026-01-30 06:13:48 | INFO     | [Worker_9234] Completed: ATZ-MED - 9 results, 0 errors
2026-01-30 06:13:48 | INFO     | [Worker_9234] Processing: CAI-RUH
2026-01-30 06:13:48 | INFO     |   Tier 0: Range 1, Chunk 3/3 (10 days)
