2026-01-30 05:29:35 | INFO     | ======================================================================
2026-01-30 05:29:35 | INFO     | Load Factor Scraper Started - Route: ASW-JED
2026-01-30 05:29:35 | INFO     | Log file: D:\CODERED\LAB\Artifacts\outputs\run_generated_300126_at_05.16\logs\LF_ASW-JED_20260130_052935.log
2026-01-30 05:29:35 | INFO     | Enhanced logging: Capturing both logging.info() and print()
2026-01-30 05:29:35 | INFO     | ======================================================================
2026-01-30 05:29:35 | INFO     | Starting LF search for route: ASW-JED
2026-01-30 05:29:35 | INFO     | [START] LF Search
2026-01-30 05:29:36 | INFO     | [HEALTH CHECK] [OK] Chrome connection is healthy
2026-01-30 05:29:36 | INFO     | [DAY_START] Processing 19APR
2026-01-30 05:29:36 | INFO     | [lf.day.start] Processing ASW-JED for 19APR
2026-01-30 05:29:37 | WARNING  | [lf.day.no_flights] No direct flights on 19APR
2026-01-30 05:29:37 | INFO     | [SUCCESS] Day 19APR
2026-01-30 05:29:37 | INFO     | [DAY_START] Processing 18APR
2026-01-30 05:29:37 | INFO     | [lf.day.start] Processing ASW-JED for 18APR
2026-01-30 05:29:39 | WARNING  | [lf.day.no_flights] No direct flights on 18APR
2026-01-30 05:29:39 | INFO     | [SUCCESS] Day 18APR
2026-01-30 05:29:39 | INFO     | [DAY_START] Processing 17APR
2026-01-30 05:29:39 | INFO     | [lf.day.start] Processing ASW-JED for 17APR
2026-01-30 05:29:40 | WARNING  | [lf.day.no_flights] No direct flights on 17APR
2026-01-30 05:29:40 | INFO     | [SUCCESS] Day 17APR
2026-01-30 05:29:40 | INFO     | [DAY_START] Processing 16APR
2026-01-30 05:29:40 | INFO     | [lf.day.start] Processing ASW-JED for 16APR
2026-01-30 05:29:41 | WARNING  | [lf.day.no_flights] No direct flights on 16APR
2026-01-30 05:29:41 | INFO     | [SUCCESS] Day 16APR
2026-01-30 05:29:41 | INFO     | [DAY_START] Processing 15APR
2026-01-30 05:29:41 | INFO     | [lf.day.start] Processing ASW-JED for 15APR
2026-01-30 05:29:42 | WARNING  | [lf.day.no_flights] No direct flights on 15APR
2026-01-30 05:29:42 | INFO     | [SUCCESS] Day 15APR
2026-01-30 05:29:42 | INFO     | [DAY_START] Processing 14APR
2026-01-30 05:29:42 | INFO     | [lf.day.start] Processing ASW-JED for 14APR
2026-01-30 05:29:43 | WARNING  | [lf.day.no_flights] No direct flights on 14APR
2026-01-30 05:29:43 | INFO     | [SUCCESS] Day 14APR
2026-01-30 05:29:43 | INFO     | [DAY_START] Processing 13APR
2026-01-30 05:29:43 | INFO     | [lf.day.start] Processing ASW-JED for 13APR
2026-01-30 05:29:45 | WARNING  | [lf.day.no_flights] No direct flights on 13APR
2026-01-30 05:29:45 | INFO     | [SUCCESS] Day 13APR
2026-01-30 05:29:45 | INFO     | [DAY_START] Processing 12APR
2026-01-30 05:29:45 | INFO     | [lf.day.start] Processing ASW-JED for 12APR
2026-01-30 05:29:46 | WARNING  | [lf.day.no_flights] No direct flights on 12APR
2026-01-30 05:29:46 | INFO     | [SUCCESS] Day 12APR
2026-01-30 05:29:46 | INFO     | [DAY_START] Processing 11APR
2026-01-30 05:29:46 | INFO     | [lf.day.start] Processing ASW-JED for 11APR
2026-01-30 05:29:47 | WARNING  | [lf.day.no_flights] No direct flights on 11APR
2026-01-30 05:29:47 | INFO     | [SUCCESS] Day 11APR
2026-01-30 05:29:47 | INFO     | [DAY_START] Processing 10APR
2026-01-30 05:29:47 | INFO     | [lf.day.start] Processing ASW-JED for 10APR
2026-01-30 05:29:48 | WARNING  | [lf.day.no_flights] No direct flights on 10APR
2026-01-30 05:29:48 | INFO     | [SUCCESS] Day 10APR
2026-01-30 05:29:48 | INFO     | [SUCCESS] LF Search Complete
2026-01-30 05:29:48 | INFO     | [Worker_9227] Completed: ASW-JED - 10 results, 0 errors
2026-01-30 05:29:48 | INFO     | [Worker_9227] Processing: ATZ-DMM
2026-01-30 05:29:48 | INFO     |   Tier 0: Range 3, Chunk 2/3 (10 days)
