2026-01-30 06:08:11 | INFO     | ======================================================================
2026-01-30 06:08:11 | INFO     | Load Factor Scraper Started - Route: ASW-JED
2026-01-30 06:08:11 | INFO     | Log file: D:\CODERED\LAB\Artifacts\outputs\run_generated_300126_at_05.16\logs\LF_ASW-JED_20260130_060811.log
2026-01-30 06:08:11 | INFO     | Enhanced logging: Capturing both logging.info() and print()
2026-01-30 06:08:11 | INFO     | ======================================================================
2026-01-30 06:08:11 | INFO     | Starting LF search for route: ASW-JED
2026-01-30 06:08:11 | INFO     | [START] LF Search
2026-01-30 06:08:11 | INFO     | [HEALTH CHECK] [OK] Chrome connection is healthy
2026-01-30 06:08:11 | INFO     | [DAY_START] Processing 18FEB
2026-01-30 06:08:11 | INFO     | [lf.day.start] Processing ASW-JED for 18FEB
2026-01-30 06:08:13 | WARNING  | [lf.day.no_flights] No direct flights on 18FEB
2026-01-30 06:08:13 | INFO     | [SUCCESS] Day 18FEB
2026-01-30 06:08:13 | INFO     | [DAY_START] Processing 17FEB
2026-01-30 06:08:13 | INFO     | [lf.day.start] Processing ASW-JED for 17FEB
2026-01-30 06:08:14 | WARNING  | [lf.day.no_flights] No direct flights on 17FEB
2026-01-30 06:08:14 | INFO     | [SUCCESS] Day 17FEB
2026-01-30 06:08:14 | INFO     | [DAY_START] Processing 16FEB
2026-01-30 06:08:14 | INFO     | [lf.day.start] Processing ASW-JED for 16FEB
2026-01-30 06:08:15 | WARNING  | [lf.day.no_flights] No direct flights on 16FEB
2026-01-30 06:08:15 | INFO     | [SUCCESS] Day 16FEB
2026-01-30 06:08:15 | INFO     | [DAY_START] Processing 15FEB
2026-01-30 06:08:15 | INFO     | [lf.day.start] Processing ASW-JED for 15FEB
2026-01-30 06:08:16 | WARNING  | [lf.day.no_flights] No direct flights on 15FEB
2026-01-30 06:08:16 | INFO     | [SUCCESS] Day 15FEB
2026-01-30 06:08:16 | INFO     | [DAY_START] Processing 14FEB
2026-01-30 06:08:16 | INFO     | [lf.day.start] Processing ASW-JED for 14FEB
2026-01-30 06:08:17 | WARNING  | [lf.day.no_flights] No direct flights on 14FEB
2026-01-30 06:08:17 | INFO     | [SUCCESS] Day 14FEB
2026-01-30 06:08:17 | INFO     | [DAY_START] Processing 13FEB
2026-01-30 06:08:17 | INFO     | [lf.day.start] Processing ASW-JED for 13FEB
2026-01-30 06:08:19 | WARNING  | [lf.day.no_flights] No direct flights on 13FEB
2026-01-30 06:08:19 | INFO     | [SUCCESS] Day 13FEB
2026-01-30 06:08:19 | INFO     | [DAY_START] Processing 12FEB
2026-01-30 06:08:19 | INFO     | [lf.day.start] Processing ASW-JED for 12FEB
2026-01-30 06:08:20 | WARNING  | [lf.day.no_flights] No direct flights on 12FEB
2026-01-30 06:08:20 | INFO     | [SUCCESS] Day 12FEB
2026-01-30 06:08:20 | INFO     | [DAY_START] Processing 11FEB
2026-01-30 06:08:20 | INFO     | [lf.day.start] Processing ASW-JED for 11FEB
2026-01-30 06:08:21 | WARNING  | [lf.day.no_flights] No direct flights on 11FEB
2026-01-30 06:08:21 | INFO     | [SUCCESS] Day 11FEB
2026-01-30 06:08:21 | INFO     | [DAY_START] Processing 10FEB
2026-01-30 06:08:21 | INFO     | [lf.day.start] Processing ASW-JED for 10FEB
2026-01-30 06:08:22 | INFO     | [lf.day.flights_found] Found 2 flights on 10FEB
2026-01-30 06:08:24 | INFO     | [lf.flight.extracted] SM983 on 10FEB: BKG=180, LF=100.6%
2026-01-30 06:08:28 | INFO     | [lf.flight.extracted] SM985 on 10FEB: BKG=180, LF=100.6%
2026-01-30 06:08:31 | INFO     | [SUCCESS] Day 10FEB
2026-01-30 06:08:31 | INFO     | [DAY_START] Processing 09FEB
2026-01-30 06:08:31 | INFO     | [lf.day.start] Processing ASW-JED for 09FEB
2026-01-30 06:08:33 | INFO     | [lf.day.flights_found] Found 2 flights on 09FEB
2026-01-30 06:08:35 | INFO     | [lf.flight.extracted] SM425 on 09FEB: BKG=180, LF=100.6%
2026-01-30 06:08:38 | INFO     | [lf.flight.extracted] SM949 on 09FEB: BKG=180, LF=100.6%
2026-01-30 06:08:42 | INFO     | [SUCCESS] Day 09FEB
2026-01-30 06:08:42 | INFO     | [SUCCESS] LF Search Complete
2026-01-30 06:08:42 | INFO     | [Worker_9222] Completed: ASW-JED - 10 results, 0 errors
2026-01-30 06:08:42 | INFO     | [Worker_9222] Processing: CAI-DMM
2026-01-30 06:08:42 | INFO     |   Tier 0: Range 1, Chunk 2/3 (10 days)
