2026-01-30 05:58:03 | INFO     | ======================================================================
2026-01-30 05:58:03 | INFO     | Load Factor Scraper Started - Route: ATZ-AJF
2026-01-30 05:58:03 | INFO     | Log file: D:\CODERED\LAB\Artifacts\outputs\run_generated_300126_at_05.16\logs\LF_ATZ-AJF_20260130_055803.log
2026-01-30 05:58:03 | INFO     | Enhanced logging: Capturing both logging.info() and print()
2026-01-30 05:58:03 | INFO     | ======================================================================
2026-01-30 05:58:03 | INFO     | Starting LF search for route: ATZ-AJF
2026-01-30 05:58:03 | INFO     | [START] LF Search
2026-01-30 05:58:04 | INFO     | [HEALTH CHECK] [OK] Chrome connection is healthy
2026-01-30 05:58:04 | INFO     | [DAY_START] Processing 10MAR
2026-01-30 05:58:04 | INFO     | [lf.day.start] Processing ATZ-AJF for 10MAR
2026-01-30 05:58:05 | WARNING  | [lf.day.no_flights] No direct flights on 10MAR
2026-01-30 05:58:05 | INFO     | [SUCCESS] Day 10MAR
2026-01-30 05:58:05 | INFO     | [DAY_START] Processing 09MAR
2026-01-30 05:58:05 | INFO     | [lf.day.start] Processing ATZ-AJF for 09MAR
2026-01-30 05:58:07 | WARNING  | [lf.day.no_flights] No direct flights on 09MAR
2026-01-30 05:58:07 | INFO     | [SUCCESS] Day 09MAR
2026-01-30 05:58:07 | INFO     | [DAY_START] Processing 08MAR
2026-01-30 05:58:07 | INFO     | [lf.day.start] Processing ATZ-AJF for 08MAR
2026-01-30 05:58:08 | WARNING  | [lf.day.no_flights] No direct flights on 08MAR
2026-01-30 05:58:08 | INFO     | [SUCCESS] Day 08MAR
2026-01-30 05:58:08 | INFO     | [DAY_START] Processing 07MAR
2026-01-30 05:58:08 | INFO     | [lf.day.start] Processing ATZ-AJF for 07MAR
2026-01-30 05:58:09 | WARNING  | [lf.day.no_flights] No direct flights on 07MAR
2026-01-30 05:58:09 | INFO     | [SUCCESS] Day 07MAR
2026-01-30 05:58:09 | INFO     | [DAY_START] Processing 06MAR
2026-01-30 05:58:09 | INFO     | [lf.day.start] Processing ATZ-AJF for 06MAR
2026-01-30 05:58:10 | INFO     | [lf.day.flights_found] Found 1 flights on 06MAR
2026-01-30 05:58:13 | INFO     | [lf.flight.extracted] SM323 on 06MAR: BKG=3, LF=1.7%
2026-01-30 05:58:15 | INFO     | [SUCCESS] Day 06MAR
2026-01-30 05:58:15 | INFO     | [DAY_START] Processing 05MAR
2026-01-30 05:58:15 | INFO     | [lf.day.start] Processing ATZ-AJF for 05MAR
2026-01-30 05:58:16 | WARNING  | [lf.day.no_flights] No direct flights on 05MAR
2026-01-30 05:58:16 | INFO     | [SUCCESS] Day 05MAR
2026-01-30 05:58:16 | INFO     | [DAY_START] Processing 04MAR
2026-01-30 05:58:16 | INFO     | [lf.day.start] Processing ATZ-AJF for 04MAR
2026-01-30 05:58:17 | WARNING  | [lf.day.no_flights] No direct flights on 04MAR
2026-01-30 05:58:17 | INFO     | [SUCCESS] Day 04MAR
2026-01-30 05:58:17 | INFO     | [DAY_START] Processing 03MAR
2026-01-30 05:58:17 | INFO     | [lf.day.start] Processing ATZ-AJF for 03MAR
2026-01-30 05:58:18 | WARNING  | [lf.day.no_flights] No direct flights on 03MAR
2026-01-30 05:58:18 | INFO     | [SUCCESS] Day 03MAR
2026-01-30 05:58:18 | INFO     | [DAY_START] Processing 02MAR
2026-01-30 05:58:18 | INFO     | [lf.day.start] Processing ATZ-AJF for 02MAR
2026-01-30 05:58:19 | WARNING  | [lf.day.no_flights] No direct flights on 02MAR
2026-01-30 05:58:19 | INFO     | [SUCCESS] Day 02MAR
2026-01-30 05:58:19 | INFO     | [DAY_START] Processing 01MAR
2026-01-30 05:58:19 | INFO     | [lf.day.start] Processing ATZ-AJF for 01MAR
2026-01-30 05:58:21 | WARNING  | [lf.day.no_flights] No direct flights on 01MAR
2026-01-30 05:58:21 | INFO     | [SUCCESS] Day 01MAR
2026-01-30 05:58:21 | INFO     | [SUCCESS] LF Search Complete
2026-01-30 05:58:21 | INFO     | [Worker_9233] Completed: ATZ-AJF - 10 results, 0 errors
2026-01-30 05:58:21 | INFO     | [Worker_9233] Processing: ATZ-AHB
2026-01-30 05:58:21 | INFO     |   Tier 0: Range 2, Chunk 3/3 (10 days)
