2026-01-30 05:32:37 | INFO     | ======================================================================
2026-01-30 05:32:37 | INFO     | Load Factor Scraper Started - Route: ASW-JED
2026-01-30 05:32:37 | INFO     | Log file: D:\CODERED\LAB\Artifacts\outputs\run_generated_300126_at_05.16\logs\LF_ASW-JED_20260130_053237.log
2026-01-30 05:32:37 | INFO     | Enhanced logging: Capturing both logging.info() and print()
2026-01-30 05:32:37 | INFO     | ======================================================================
2026-01-30 05:32:37 | INFO     | Starting LF search for route: ASW-JED
2026-01-30 05:32:37 | INFO     | [START] LF Search
2026-01-30 05:32:38 | INFO     | [HEALTH CHECK] [OK] Chrome connection is healthy
2026-01-30 05:32:38 | INFO     | [DAY_START] Processing 09APR
2026-01-30 05:32:38 | INFO     | [lf.day.start] Processing ASW-JED for 09APR
2026-01-30 05:32:39 | WARNING  | [lf.day.no_flights] No direct flights on 09APR
2026-01-30 05:32:39 | INFO     | [SUCCESS] Day 09APR
2026-01-30 05:32:39 | INFO     | [DAY_START] Processing 08APR
2026-01-30 05:32:39 | INFO     | [lf.day.start] Processing ASW-JED for 08APR
2026-01-30 05:32:40 | WARNING  | [lf.day.no_flights] No direct flights on 08APR
2026-01-30 05:32:40 | INFO     | [SUCCESS] Day 08APR
2026-01-30 05:32:40 | INFO     | [DAY_START] Processing 07APR
2026-01-30 05:32:40 | INFO     | [lf.day.start] Processing ASW-JED for 07APR
2026-01-30 05:32:42 | WARNING  | [lf.day.no_flights] No direct flights on 07APR
2026-01-30 05:32:42 | INFO     | [SUCCESS] Day 07APR
2026-01-30 05:32:42 | INFO     | [DAY_START] Processing 06APR
2026-01-30 05:32:42 | INFO     | [lf.day.start] Processing ASW-JED for 06APR
2026-01-30 05:32:43 | WARNING  | [lf.day.no_flights] No direct flights on 06APR
2026-01-30 05:32:43 | INFO     | [SUCCESS] Day 06APR
2026-01-30 05:32:43 | INFO     | [DAY_START] Processing 05APR
2026-01-30 05:32:43 | INFO     | [lf.day.start] Processing ASW-JED for 05APR
2026-01-30 05:32:44 | WARNING  | [lf.day.no_flights] No direct flights on 05APR
2026-01-30 05:32:44 | INFO     | [SUCCESS] Day 05APR
2026-01-30 05:32:44 | INFO     | [DAY_START] Processing 04APR
2026-01-30 05:32:44 | INFO     | [lf.day.start] Processing ASW-JED for 04APR
2026-01-30 05:32:45 | WARNING  | [lf.day.no_flights] No direct flights on 04APR
2026-01-30 05:32:45 | INFO     | [SUCCESS] Day 04APR
2026-01-30 05:32:45 | INFO     | [DAY_START] Processing 03APR
2026-01-30 05:32:45 | INFO     | [lf.day.start] Processing ASW-JED for 03APR
2026-01-30 05:32:46 | WARNING  | [lf.day.no_flights] No direct flights on 03APR
2026-01-30 05:32:46 | INFO     | [SUCCESS] Day 03APR
2026-01-30 05:32:46 | INFO     | [DAY_START] Processing 02APR
2026-01-30 05:32:46 | INFO     | [lf.day.start] Processing ASW-JED for 02APR
2026-01-30 05:32:47 | WARNING  | [lf.day.no_flights] No direct flights on 02APR
2026-01-30 05:32:47 | INFO     | [SUCCESS] Day 02APR
2026-01-30 05:32:47 | INFO     | [DAY_START] Processing 01APR
2026-01-30 05:32:47 | INFO     | [lf.day.start] Processing ASW-JED for 01APR
2026-01-30 05:32:48 | WARNING  | [lf.day.no_flights] No direct flights on 01APR
2026-01-30 05:32:48 | INFO     | [SUCCESS] Day 01APR
2026-01-30 05:32:48 | INFO     | [DAY_START] Processing 31MAR
2026-01-30 05:32:48 | INFO     | [lf.day.start] Processing ASW-JED for 31MAR
2026-01-30 05:32:49 | WARNING  | [lf.day.no_flights] No direct flights on 31MAR
2026-01-30 05:32:49 | INFO     | [SUCCESS] Day 31MAR
2026-01-30 05:32:49 | INFO     | [SUCCESS] LF Search Complete
2026-01-30 05:32:49 | INFO     | [Worker_9225] Completed: ASW-JED - 10 results, 0 errors
2026-01-30 05:32:49 | INFO     | [Worker_9225] Processing: ATZ-DMM
2026-01-30 05:32:49 | INFO     |   Tier 0: Range 3, Chunk 3/3 (10 days)
