2026-01-30 06:15:14 | INFO     | ======================================================================
2026-01-30 06:15:14 | INFO     | Load Factor Scraper Started - Route: ATZ-AHB
2026-01-30 06:15:14 | INFO     | Log file: D:\CODERED\LAB\Artifacts\outputs\run_generated_300126_at_05.16\logs\LF_ATZ-AHB_20260130_061514.log
2026-01-30 06:15:14 | INFO     | Enhanced logging: Capturing both logging.info() and print()
2026-01-30 06:15:14 | INFO     | ======================================================================
2026-01-30 06:15:14 | INFO     | Starting LF search for route: ATZ-AHB
2026-01-30 06:15:14 | INFO     | [START] LF Search
2026-01-30 06:15:15 | INFO     | [HEALTH CHECK] [OK] Chrome connection is healthy
2026-01-30 06:15:15 | INFO     | [DAY_START] Processing 08FEB
2026-01-30 06:15:15 | INFO     | [lf.day.start] Processing ATZ-AHB for 08FEB
2026-01-30 06:15:16 | WARNING  | [lf.day.no_flights] No direct flights on 08FEB
2026-01-30 06:15:16 | INFO     | [SUCCESS] Day 08FEB
2026-01-30 06:15:16 | INFO     | [DAY_START] Processing 07FEB
2026-01-30 06:15:16 | INFO     | [lf.day.start] Processing ATZ-AHB for 07FEB
2026-01-30 06:15:17 | WARNING  | [lf.day.no_flights] No direct flights on 07FEB
2026-01-30 06:15:17 | INFO     | [SUCCESS] Day 07FEB
2026-01-30 06:15:17 | INFO     | [DAY_START] Processing 06FEB
2026-01-30 06:15:17 | INFO     | [lf.day.start] Processing ATZ-AHB for 06FEB
2026-01-30 06:15:19 | INFO     | [lf.day.flights_found] Found 1 flights on 06FEB
2026-01-30 06:15:21 | INFO     | [lf.flight.extracted] SM445 on 06FEB: BKG=81, LF=45.2%
2026-01-30 06:15:25 | INFO     | [SUCCESS] Day 06FEB
2026-01-30 06:15:25 | INFO     | [DAY_START] Processing 05FEB
2026-01-30 06:15:25 | INFO     | [lf.day.start] Processing ATZ-AHB for 05FEB
2026-01-30 06:15:27 | WARNING  | [lf.day.no_flights] No direct flights on 05FEB
2026-01-30 06:15:27 | INFO     | [SUCCESS] Day 05FEB
2026-01-30 06:15:27 | INFO     | [DAY_START] Processing 04FEB
2026-01-30 06:15:27 | INFO     | [lf.day.start] Processing ATZ-AHB for 04FEB
2026-01-30 06:15:28 | WARNING  | [lf.day.no_flights] No direct flights on 04FEB
2026-01-30 06:15:28 | INFO     | [SUCCESS] Day 04FEB
2026-01-30 06:15:28 | INFO     | [DAY_START] Processing 03FEB
2026-01-30 06:15:28 | INFO     | [lf.day.start] Processing ATZ-AHB for 03FEB
2026-01-30 06:15:29 | WARNING  | [lf.day.no_flights] No direct flights on 03FEB
2026-01-30 06:15:29 | INFO     | [SUCCESS] Day 03FEB
2026-01-30 06:15:29 | INFO     | [DAY_START] Processing 02FEB
2026-01-30 06:15:29 | INFO     | [lf.day.start] Processing ATZ-AHB for 02FEB
2026-01-30 06:15:30 | WARNING  | [lf.day.no_flights] No direct flights on 02FEB
2026-01-30 06:15:30 | INFO     | [SUCCESS] Day 02FEB
2026-01-30 06:15:30 | INFO     | [DAY_START] Processing 01FEB
2026-01-30 06:15:30 | INFO     | [lf.day.start] Processing ATZ-AHB for 01FEB
2026-01-30 06:15:31 | WARNING  | [lf.day.no_flights] No direct flights on 01FEB
2026-01-30 06:15:31 | INFO     | [SUCCESS] Day 01FEB
2026-01-30 06:15:31 | INFO     | [DAY_START] Processing 31JAN
2026-01-30 06:15:31 | INFO     | [lf.day.start] Processing ATZ-AHB for 31JAN
2026-01-30 06:15:32 | WARNING  | [lf.day.no_flights] No direct flights on 31JAN
2026-01-30 06:15:32 | INFO     | [SUCCESS] Day 31JAN
2026-01-30 06:15:32 | INFO     | [SUCCESS] LF Search Complete
2026-01-30 06:15:32 | INFO     | [Worker_9227] Completed: ATZ-AHB - 9 results, 0 errors
2026-01-30 06:15:32 | INFO     | [Worker_9227] Processing: CAI-GIZ
2026-01-30 06:15:32 | INFO     |   Tier 0: Range 1, Chunk 3/3 (10 days)
