2026-01-30 06:15:26 | INFO     | ======================================================================
2026-01-30 06:15:26 | INFO     | Load Factor Scraper Started - Route: ATZ-ELQ
2026-01-30 06:15:26 | INFO     | Log file: D:\CODERED\LAB\Artifacts\outputs\run_generated_300126_at_05.16\logs\LF_ATZ-ELQ_20260130_061526.log
2026-01-30 06:15:26 | INFO     | Enhanced logging: Capturing both logging.info() and print()
2026-01-30 06:15:26 | INFO     | ======================================================================
2026-01-30 06:15:26 | INFO     | Starting LF search for route: ATZ-ELQ
2026-01-30 06:15:26 | INFO     | [START] LF Search
2026-01-30 06:15:27 | INFO     | [HEALTH CHECK] [OK] Chrome connection is healthy
2026-01-30 06:15:27 | INFO     | [DAY_START] Processing 08FEB
2026-01-30 06:15:27 | INFO     | [lf.day.start] Processing ATZ-ELQ for 08FEB
2026-01-30 06:15:28 | WARNING  | [lf.day.no_flights] No direct flights on 08FEB
2026-01-30 06:15:28 | INFO     | [SUCCESS] Day 08FEB
2026-01-30 06:15:28 | INFO     | [DAY_START] Processing 07FEB
2026-01-30 06:15:28 | INFO     | [lf.day.start] Processing ATZ-ELQ for 07FEB
2026-01-30 06:15:29 | INFO     | [lf.day.flights_found] Found 1 flights on 07FEB
2026-01-30 06:15:31 | INFO     | [lf.flight.extracted] SM435 on 07FEB: BKG=63, LF=35.2%
2026-01-30 06:15:35 | INFO     | [SUCCESS] Day 07FEB
2026-01-30 06:15:35 | INFO     | [DAY_START] Processing 06FEB
2026-01-30 06:15:35 | INFO     | [lf.day.start] Processing ATZ-ELQ for 06FEB
2026-01-30 06:15:37 | WARNING  | [lf.day.no_flights] No direct flights on 06FEB
2026-01-30 06:15:37 | INFO     | [SUCCESS] Day 06FEB
2026-01-30 06:15:37 | INFO     | [DAY_START] Processing 05FEB
2026-01-30 06:15:37 | INFO     | [lf.day.start] Processing ATZ-ELQ for 05FEB
2026-01-30 06:15:38 | WARNING  | [lf.day.no_flights] No direct flights on 05FEB
2026-01-30 06:15:38 | INFO     | [SUCCESS] Day 05FEB
2026-01-30 06:15:38 | INFO     | [DAY_START] Processing 04FEB
2026-01-30 06:15:38 | INFO     | [lf.day.start] Processing ATZ-ELQ for 04FEB
2026-01-30 06:15:39 | WARNING  | [lf.day.no_flights] No direct flights on 04FEB
2026-01-30 06:15:39 | INFO     | [SUCCESS] Day 04FEB
2026-01-30 06:15:39 | INFO     | [DAY_START] Processing 03FEB
2026-01-30 06:15:39 | INFO     | [lf.day.start] Processing ATZ-ELQ for 03FEB
2026-01-30 06:15:40 | INFO     | [lf.day.flights_found] Found 1 flights on 03FEB
2026-01-30 06:15:42 | INFO     | [lf.flight.extracted] SM435 on 03FEB: BKG=73, LF=40.8%
2026-01-30 06:15:47 | INFO     | [SUCCESS] Day 03FEB
2026-01-30 06:15:47 | INFO     | [DAY_START] Processing 02FEB
2026-01-30 06:15:47 | INFO     | [lf.day.start] Processing ATZ-ELQ for 02FEB
2026-01-30 06:15:48 | WARNING  | [lf.day.no_flights] No direct flights on 02FEB
2026-01-30 06:15:48 | INFO     | [SUCCESS] Day 02FEB
2026-01-30 06:15:48 | INFO     | [DAY_START] Processing 01FEB
2026-01-30 06:15:48 | INFO     | [lf.day.start] Processing ATZ-ELQ for 01FEB
2026-01-30 06:15:49 | WARNING  | [lf.day.no_flights] No direct flights on 01FEB
2026-01-30 06:15:49 | INFO     | [SUCCESS] Day 01FEB
2026-01-30 06:15:49 | INFO     | [DAY_START] Processing 31JAN
2026-01-30 06:15:49 | INFO     | [lf.day.start] Processing ATZ-ELQ for 31JAN
2026-01-30 06:15:50 | INFO     | [lf.day.flights_found] Found 1 flights on 31JAN
2026-01-30 06:15:53 | INFO     | [lf.flight.extracted] SM435 on 31JAN: BKG=84, LF=46.9%
2026-01-30 06:15:57 | INFO     | [SUCCESS] Day 31JAN
2026-01-30 06:15:57 | INFO     | [SUCCESS] LF Search Complete
2026-01-30 06:16:10 | INFO     | [Worker_9234] Completed: ATZ-ELQ - 9 results, 0 errors
2026-01-30 06:21:40 | INFO     | [Worker_9234] Shutdown signal received, exiting...
2026-01-30 06:21:40 | INFO     | [Worker_9234] Finished. Processed 71 groups.
