2026-01-30 05:39:16 | INFO     | ======================================================================
2026-01-30 05:39:16 | INFO     | Load Factor Scraper Started - Route: AHB-CAI
2026-01-30 05:39:16 | INFO     | Log file: D:\CODERED\LAB\Artifacts\outputs\run_generated_300126_at_05.16\logs\LF_AHB-CAI_20260130_053916.log
2026-01-30 05:39:16 | INFO     | Enhanced logging: Capturing both logging.info() and print()
2026-01-30 05:39:16 | INFO     | ======================================================================
2026-01-30 05:39:16 | INFO     | Starting LF search for route: AHB-CAI
2026-01-30 05:39:16 | INFO     | [START] LF Search
2026-01-30 05:39:17 | INFO     | [HEALTH CHECK] [OK] Chrome connection is healthy
2026-01-30 05:39:17 | INFO     | [DAY_START] Processing 30MAR
2026-01-30 05:39:17 | INFO     | [lf.day.start] Processing AHB-CAI for 30MAR
2026-01-30 05:39:19 | INFO     | [lf.day.flights_found] Found 1 flights on 30MAR
2026-01-30 05:39:23 | INFO     | [lf.flight.extracted] SM444 on 30MAR: BKG=5, LF=2.9%
2026-01-30 05:39:28 | INFO     | [SUCCESS] Day 30MAR
2026-01-30 05:39:28 | INFO     | [DAY_START] Processing 29MAR
2026-01-30 05:39:28 | INFO     | [lf.day.start] Processing AHB-CAI for 29MAR
2026-01-30 05:39:30 | INFO     | [lf.day.flights_found] Found 1 flights on 29MAR
2026-01-30 05:39:34 | INFO     | [lf.flight.extracted] SM444 on 29MAR: BKG=15, LF=8.6%
2026-01-30 05:39:39 | INFO     | [SUCCESS] Day 29MAR
2026-01-30 05:39:39 | INFO     | [DAY_START] Processing 28MAR
2026-01-30 05:39:39 | INFO     | [lf.day.start] Processing AHB-CAI for 28MAR
2026-01-30 05:39:41 | WARNING  | [lf.day.no_flights] No direct flights on 28MAR
2026-01-30 05:39:41 | INFO     | [SUCCESS] Day 28MAR
2026-01-30 05:39:41 | INFO     | [DAY_START] Processing 27MAR
2026-01-30 05:39:41 | INFO     | [lf.day.start] Processing AHB-CAI for 27MAR
2026-01-30 05:39:44 | INFO     | [lf.day.flights_found] Found 1 flights on 27MAR
2026-01-30 05:39:48 | INFO     | [lf.flight.extracted] SM444 on 27MAR: BKG=12, LF=6.9%
2026-01-30 05:39:53 | INFO     | [SUCCESS] Day 27MAR
2026-01-30 05:39:53 | INFO     | [DAY_START] Processing 26MAR
2026-01-30 05:39:53 | INFO     | [lf.day.start] Processing AHB-CAI for 26MAR
2026-01-30 05:39:55 | INFO     | [lf.day.flights_found] Found 1 flights on 26MAR
2026-01-30 05:39:59 | INFO     | [lf.flight.extracted] SM448 on 26MAR: BKG=10, LF=5.7%
2026-01-30 05:40:04 | ERROR    | Atomic write failed for D:\CODERED\LAB\Artifacts\outputs\run_generated_300126_at_05.16\checkpoints\flight_booking_data.json: [WinError 5] Access is denied: 'D:\\CODERED\\LAB\\Artifacts\\outputs\\run_generated_300126_at_05.16\\checkpoints\\flight_booking_data.tmp_f4e4dea4' -> 'D:\\CODERED\\LAB\\Artifacts\\outputs\\run_generated_300126_at_05.16\\checkpoints\\flight_booking_data.json'
2026-01-30 05:40:04 | INFO     | [SUCCESS] Day 26MAR
2026-01-30 05:40:04 | INFO     | [DAY_START] Processing 25MAR
2026-01-30 05:40:04 | INFO     | [lf.day.start] Processing AHB-CAI for 25MAR
2026-01-30 05:40:06 | WARNING  | [lf.day.no_flights] No direct flights on 25MAR
2026-01-30 05:40:06 | INFO     | [SUCCESS] Day 25MAR
2026-01-30 05:40:06 | INFO     | [DAY_START] Processing 24MAR
2026-01-30 05:40:06 | INFO     | [lf.day.start] Processing AHB-CAI for 24MAR
2026-01-30 05:40:09 | WARNING  | [lf.day.no_flights] No direct flights on 24MAR
2026-01-30 05:40:09 | INFO     | [SUCCESS] Day 24MAR
2026-01-30 05:40:09 | INFO     | [DAY_START] Processing 23MAR
2026-01-30 05:40:09 | INFO     | [lf.day.start] Processing AHB-CAI for 23MAR
2026-01-30 05:40:11 | WARNING  | [lf.day.no_flights] No direct flights on 23MAR
2026-01-30 05:40:11 | INFO     | [SUCCESS] Day 23MAR
2026-01-30 05:40:11 | INFO     | [DAY_START] Processing 22MAR
2026-01-30 05:40:11 | INFO     | [lf.day.start] Processing AHB-CAI for 22MAR
2026-01-30 05:40:13 | INFO     | [lf.day.flights_found] Found 1 flights on 22MAR
2026-01-30 05:40:17 | INFO     | [lf.flight.extracted] SM444 on 22MAR: BKG=26, LF=14.9%
2026-01-30 05:40:25 | INFO     | [SUCCESS] Day 22MAR
2026-01-30 05:40:25 | INFO     | [DAY_START] Processing 21MAR
2026-01-30 05:40:25 | INFO     | [lf.day.start] Processing AHB-CAI for 21MAR
2026-01-30 05:40:27 | WARNING  | [lf.day.no_flights] No direct flights on 21MAR
2026-01-30 05:40:27 | INFO     | [SUCCESS] Day 21MAR
2026-01-30 05:40:27 | INFO     | [SUCCESS] LF Search Complete
2026-01-30 05:40:27 | INFO     | [Worker_9234] Completed: AHB-CAI - 10 results, 0 errors
2026-01-30 05:40:27 | INFO     | [Worker_9234] Processing: HBE-MED
2026-01-30 05:40:27 | INFO     |   Tier 0: Range 2, Chunk 1/3 (10 days)
