2026-01-30 06:07:31 | INFO     | ======================================================================
2026-01-30 06:07:31 | INFO     | Load Factor Scraper Started - Route: ATZ-MED
2026-01-30 06:07:31 | INFO     | Log file: D:\CODERED\LAB\Artifacts\outputs\run_generated_300126_at_05.16\logs\LF_ATZ-MED_20260130_060731.log
2026-01-30 06:07:31 | INFO     | Enhanced logging: Capturing both logging.info() and print()
2026-01-30 06:07:31 | INFO     | ======================================================================
2026-01-30 06:07:31 | INFO     | Starting LF search for route: ATZ-MED
2026-01-30 06:07:31 | INFO     | [START] LF Search
2026-01-30 06:07:32 | INFO     | [HEALTH CHECK] [OK] Chrome connection is healthy
2026-01-30 06:07:32 | INFO     | [DAY_START] Processing 18FEB
2026-01-30 06:07:32 | INFO     | [lf.day.start] Processing ATZ-MED for 18FEB
2026-01-30 06:07:33 | INFO     | [lf.day.flights_found] Found 1 flights on 18FEB
2026-01-30 06:07:35 | INFO     | [lf.flight.extracted] SM489 on 18FEB: BKG=225, LF=125.7%
2026-01-30 06:07:38 | INFO     | [SUCCESS] Day 18FEB
2026-01-30 06:07:38 | INFO     | [DAY_START] Processing 17FEB
2026-01-30 06:07:38 | INFO     | [lf.day.start] Processing ATZ-MED for 17FEB
2026-01-30 06:07:39 | INFO     | [lf.day.flights_found] Found 1 flights on 17FEB
2026-01-30 06:07:41 | INFO     | [lf.flight.extracted] SM487 on 17FEB: BKG=143, LF=79.9%
2026-01-30 06:07:44 | INFO     | [SUCCESS] Day 17FEB
2026-01-30 06:07:44 | INFO     | [DAY_START] Processing 16FEB
2026-01-30 06:07:44 | INFO     | [lf.day.start] Processing ATZ-MED for 16FEB
2026-01-30 06:07:45 | INFO     | [lf.day.flights_found] Found 1 flights on 16FEB
2026-01-30 06:07:47 | INFO     | [lf.flight.extracted] SM487 on 16FEB: BKG=177, LF=98.9%
2026-01-30 06:07:50 | INFO     | [SUCCESS] Day 16FEB
2026-01-30 06:07:50 | INFO     | [DAY_START] Processing 15FEB
2026-01-30 06:07:50 | INFO     | [lf.day.start] Processing ATZ-MED for 15FEB
2026-01-30 06:07:51 | INFO     | [lf.day.flights_found] Found 1 flights on 15FEB
2026-01-30 06:07:53 | INFO     | [lf.flight.extracted] SM963 on 15FEB: BKG=180, LF=100.6%
2026-01-30 06:07:56 | INFO     | [SUCCESS] Day 15FEB
2026-01-30 06:07:56 | INFO     | [DAY_START] Processing 14FEB
2026-01-30 06:07:56 | INFO     | [lf.day.start] Processing ATZ-MED for 14FEB
2026-01-30 06:07:57 | INFO     | [lf.day.flights_found] Found 1 flights on 14FEB
2026-01-30 06:07:59 | INFO     | [lf.flight.extracted] SM487 on 14FEB: BKG=169, LF=94.4%
2026-01-30 06:08:03 | INFO     | [SUCCESS] Day 14FEB
2026-01-30 06:08:03 | INFO     | [DAY_START] Processing 13FEB
2026-01-30 06:08:03 | INFO     | [lf.day.start] Processing ATZ-MED for 13FEB
2026-01-30 06:08:04 | INFO     | [lf.day.flights_found] Found 1 flights on 13FEB
2026-01-30 06:08:06 | INFO     | [lf.flight.extracted] SM963 on 13FEB: BKG=180, LF=100.6%
2026-01-30 06:08:09 | INFO     | [SUCCESS] Day 13FEB
2026-01-30 06:08:09 | INFO     | [DAY_START] Processing 12FEB
2026-01-30 06:08:09 | INFO     | [lf.day.start] Processing ATZ-MED for 12FEB
2026-01-30 06:08:10 | WARNING  | [lf.day.no_flights] No direct flights on 12FEB
2026-01-30 06:08:10 | INFO     | [SUCCESS] Day 12FEB
2026-01-30 06:08:10 | INFO     | [DAY_START] Processing 11FEB
2026-01-30 06:08:10 | INFO     | [lf.day.start] Processing ATZ-MED for 11FEB
2026-01-30 06:08:11 | INFO     | [lf.day.flights_found] Found 1 flights on 11FEB
2026-01-30 06:08:14 | INFO     | [lf.flight.extracted] SM489 on 11FEB: BKG=180, LF=100.6%
2026-01-30 06:08:16 | INFO     | [SUCCESS] Day 11FEB
2026-01-30 06:08:16 | INFO     | [DAY_START] Processing 10FEB
2026-01-30 06:08:16 | INFO     | [lf.day.start] Processing ATZ-MED for 10FEB
2026-01-30 06:08:17 | INFO     | [lf.day.flights_found] Found 1 flights on 10FEB
2026-01-30 06:08:20 | INFO     | [lf.flight.extracted] SM487 on 10FEB: BKG=141, LF=78.8%
2026-01-30 06:08:22 | INFO     | [SUCCESS] Day 10FEB
2026-01-30 06:08:22 | INFO     | [DAY_START] Processing 09FEB
2026-01-30 06:08:22 | INFO     | [lf.day.start] Processing ATZ-MED for 09FEB
2026-01-30 06:08:24 | INFO     | [lf.day.flights_found] Found 1 flights on 09FEB
2026-01-30 06:08:26 | INFO     | [lf.flight.extracted] SM487 on 09FEB: BKG=184, LF=102.8%
2026-01-30 06:08:28 | INFO     | [SUCCESS] Day 09FEB
2026-01-30 06:08:28 | INFO     | [SUCCESS] LF Search Complete
2026-01-30 06:08:41 | INFO     | [Worker_9233] Completed: ATZ-MED - 10 results, 0 errors
2026-01-30 06:08:41 | INFO     | [Worker_9233] Processing: ATZ-RUH
2026-01-30 06:08:41 | INFO     |   Tier 0: Range 1, Chunk 2/3 (10 days)
