2026-01-30 05:52:15 | INFO     | ======================================================================
2026-01-30 05:52:15 | INFO     | Load Factor Scraper Started - Route: ATZ-RUH
2026-01-30 05:52:15 | INFO     | Log file: D:\CODERED\LAB\Artifacts\outputs\run_generated_300126_at_05.16\logs\LF_ATZ-RUH_20260130_055215.log
2026-01-30 05:52:15 | INFO     | Enhanced logging: Capturing both logging.info() and print()
2026-01-30 05:52:15 | INFO     | ======================================================================
2026-01-30 05:52:15 | INFO     | Starting LF search for route: ATZ-RUH
2026-01-30 05:52:15 | INFO     | [START] LF Search
2026-01-30 05:52:16 | INFO     | [HEALTH CHECK] [OK] Chrome connection is healthy
2026-01-30 05:52:16 | INFO     | [DAY_START] Processing 20MAR
2026-01-30 05:52:16 | INFO     | [lf.day.start] Processing ATZ-RUH for 20MAR
2026-01-30 05:52:18 | WARNING  | [lf.day.no_flights] No direct flights on 20MAR
2026-01-30 05:52:18 | INFO     | [SUCCESS] Day 20MAR
2026-01-30 05:52:18 | INFO     | [DAY_START] Processing 19MAR
2026-01-30 05:52:18 | INFO     | [lf.day.start] Processing ATZ-RUH for 19MAR
2026-01-30 05:52:20 | WARNING  | [lf.day.no_flights] No direct flights on 19MAR
2026-01-30 05:52:20 | INFO     | [SUCCESS] Day 19MAR
2026-01-30 05:52:20 | INFO     | [DAY_START] Processing 18MAR
2026-01-30 05:52:20 | INFO     | [lf.day.start] Processing ATZ-RUH for 18MAR
2026-01-30 05:52:22 | INFO     | [lf.day.flights_found] Found 1 flights on 18MAR
2026-01-30 05:52:24 | INFO     | [lf.flight.extracted] SM465 on 18MAR: BKG=1, LF=0.6%
2026-01-30 05:52:28 | INFO     | [SUCCESS] Day 18MAR
2026-01-30 05:52:28 | INFO     | [DAY_START] Processing 17MAR
2026-01-30 05:52:28 | INFO     | [lf.day.start] Processing ATZ-RUH for 17MAR
2026-01-30 05:52:30 | INFO     | [lf.day.flights_found] Found 1 flights on 17MAR
2026-01-30 05:52:32 | INFO     | [lf.flight.extracted] SM463 on 17MAR: BKG=7, LF=3.9%
2026-01-30 05:52:37 | INFO     | [SUCCESS] Day 17MAR
2026-01-30 05:52:37 | INFO     | [DAY_START] Processing 16MAR
2026-01-30 05:52:37 | INFO     | [lf.day.start] Processing ATZ-RUH for 16MAR
2026-01-30 05:52:39 | WARNING  | [lf.day.no_flights] No direct flights on 16MAR
2026-01-30 05:52:39 | INFO     | [SUCCESS] Day 16MAR
2026-01-30 05:52:39 | INFO     | [DAY_START] Processing 15MAR
2026-01-30 05:52:39 | INFO     | [lf.day.start] Processing ATZ-RUH for 15MAR
2026-01-30 05:52:40 | INFO     | [lf.day.flights_found] Found 1 flights on 15MAR
2026-01-30 05:52:43 | INFO     | [lf.flight.extracted] SM463 on 15MAR: BKG=3, LF=1.7%
2026-01-30 05:52:47 | INFO     | [SUCCESS] Day 15MAR
2026-01-30 05:52:47 | INFO     | [DAY_START] Processing 14MAR
2026-01-30 05:52:47 | INFO     | [lf.day.start] Processing ATZ-RUH for 14MAR
2026-01-30 05:52:49 | WARNING  | [lf.day.no_flights] No direct flights on 14MAR
2026-01-30 05:52:49 | INFO     | [SUCCESS] Day 14MAR
2026-01-30 05:52:49 | INFO     | [DAY_START] Processing 13MAR
2026-01-30 05:52:49 | INFO     | [lf.day.start] Processing ATZ-RUH for 13MAR
2026-01-30 05:52:51 | WARNING  | [lf.day.no_flights] No direct flights on 13MAR
2026-01-30 05:52:51 | INFO     | [SUCCESS] Day 13MAR
2026-01-30 05:52:51 | INFO     | [DAY_START] Processing 12MAR
2026-01-30 05:52:51 | INFO     | [lf.day.start] Processing ATZ-RUH for 12MAR
2026-01-30 05:52:53 | WARNING  | [lf.day.no_flights] No direct flights on 12MAR
2026-01-30 05:52:53 | INFO     | [SUCCESS] Day 12MAR
2026-01-30 05:52:53 | INFO     | [DAY_START] Processing 11MAR
2026-01-30 05:52:53 | INFO     | [lf.day.start] Processing ATZ-RUH for 11MAR
2026-01-30 05:52:55 | INFO     | [lf.day.flights_found] Found 1 flights on 11MAR
2026-01-30 05:52:58 | INFO     | [lf.flight.extracted] SM465 on 11MAR: BKG=2, LF=1.1%
2026-01-30 05:53:04 | INFO     | [SUCCESS] Day 11MAR
2026-01-30 05:53:04 | INFO     | [SUCCESS] LF Search Complete
2026-01-30 05:53:16 | INFO     | [Worker_9233] Completed: ATZ-RUH - 10 results, 0 errors
2026-01-30 05:53:16 | INFO     | [Worker_9233] Processing: CAI-YNB
2026-01-30 05:53:16 | INFO     |   Tier 0: Range 2, Chunk 2/3 (10 days)
