2026-01-30 05:24:45 | INFO     | ======================================================================
2026-01-30 05:24:45 | INFO     | Load Factor Scraper Started - Route: ATZ-AHB
2026-01-30 05:24:45 | INFO     | Log file: D:\CODERED\LAB\Artifacts\outputs\run_generated_300126_at_05.16\logs\LF_ATZ-AHB_20260130_052445.log
2026-01-30 05:24:45 | INFO     | Enhanced logging: Capturing both logging.info() and print()
2026-01-30 05:24:45 | INFO     | ======================================================================
2026-01-30 05:24:45 | INFO     | Starting LF search for route: ATZ-AHB
2026-01-30 05:24:45 | INFO     | [START] LF Search
2026-01-30 05:24:46 | INFO     | [HEALTH CHECK] [OK] Chrome connection is healthy
2026-01-30 05:24:46 | INFO     | [DAY_START] Processing 06MAY
2026-01-30 05:24:46 | INFO     | [lf.day.start] Processing ATZ-AHB for 06MAY
2026-01-30 05:24:47 | WARNING  | [lf.day.no_flights] No direct flights on 06MAY
2026-01-30 05:24:47 | INFO     | [SUCCESS] Day 06MAY
2026-01-30 05:24:47 | INFO     | [DAY_START] Processing 05MAY
2026-01-30 05:24:47 | INFO     | [lf.day.start] Processing ATZ-AHB for 05MAY
2026-01-30 05:24:48 | WARNING  | [lf.day.no_flights] No direct flights on 05MAY
2026-01-30 05:24:48 | INFO     | [SUCCESS] Day 05MAY
2026-01-30 05:24:48 | INFO     | [DAY_START] Processing 04MAY
2026-01-30 05:24:48 | INFO     | [lf.day.start] Processing ATZ-AHB for 04MAY
2026-01-30 05:24:49 | WARNING  | [lf.day.no_flights] No direct flights on 04MAY
2026-01-30 05:24:49 | INFO     | [SUCCESS] Day 04MAY
2026-01-30 05:24:49 | INFO     | [DAY_START] Processing 03MAY
2026-01-30 05:24:49 | INFO     | [lf.day.start] Processing ATZ-AHB for 03MAY
2026-01-30 05:24:50 | WARNING  | [lf.day.no_flights] No direct flights on 03MAY
2026-01-30 05:24:50 | INFO     | [SUCCESS] Day 03MAY
2026-01-30 05:24:50 | INFO     | [DAY_START] Processing 02MAY
2026-01-30 05:24:50 | INFO     | [lf.day.start] Processing ATZ-AHB for 02MAY
2026-01-30 05:24:51 | WARNING  | [lf.day.no_flights] No direct flights on 02MAY
2026-01-30 05:24:51 | INFO     | [SUCCESS] Day 02MAY
2026-01-30 05:24:51 | INFO     | [DAY_START] Processing 01MAY
2026-01-30 05:24:51 | INFO     | [lf.day.start] Processing ATZ-AHB for 01MAY
2026-01-30 05:24:52 | WARNING  | [lf.day.no_flights] No direct flights on 01MAY
2026-01-30 05:24:52 | INFO     | [SUCCESS] Day 01MAY
2026-01-30 05:24:52 | INFO     | [DAY_START] Processing 30APR
2026-01-30 05:24:52 | INFO     | [lf.day.start] Processing ATZ-AHB for 30APR
2026-01-30 05:24:53 | WARNING  | [lf.day.no_flights] No direct flights on 30APR
2026-01-30 05:24:53 | INFO     | [SUCCESS] Day 30APR
2026-01-30 05:24:53 | INFO     | [SUCCESS] LF Search Complete
2026-01-30 05:24:53 | INFO     | [Worker_9233] Completed: ATZ-AHB - 7 results, 0 errors
2026-01-30 05:24:53 | INFO     | [Worker_9233] Processing: ATZ-ELQ
2026-01-30 05:24:53 | INFO     |   Tier 0: Range 4, Chunk 4/4 (7 days)
