2026-01-30 05:21:39 | INFO     | ======================================================================
2026-01-30 05:21:39 | INFO     | Load Factor Scraper Started - Route: ATZ-MED
2026-01-30 05:21:39 | INFO     | Log file: D:\CODERED\LAB\Artifacts\outputs\run_generated_300126_at_05.16\logs\LF_ATZ-MED_20260130_052139.log
2026-01-30 05:21:39 | INFO     | Enhanced logging: Capturing both logging.info() and print()
2026-01-30 05:21:39 | INFO     | ======================================================================
2026-01-30 05:21:39 | INFO     | Starting LF search for route: ATZ-MED
2026-01-30 05:21:39 | INFO     | [START] LF Search
2026-01-30 05:21:39 | INFO     | [HEALTH CHECK] [OK] Chrome connection is healthy
2026-01-30 05:21:39 | INFO     | [DAY_START] Processing 14MAY
2026-01-30 05:21:39 | INFO     | [lf.day.start] Processing ATZ-MED for 14MAY
2026-01-30 05:21:40 | WARNING  | [lf.day.no_flights] No direct flights on 14MAY
2026-01-30 05:21:40 | INFO     | [SUCCESS] Day 14MAY
2026-01-30 05:21:40 | INFO     | [DAY_START] Processing 13MAY
2026-01-30 05:21:40 | INFO     | [lf.day.start] Processing ATZ-MED for 13MAY
2026-01-30 05:21:42 | WARNING  | [lf.day.no_flights] No direct flights on 13MAY
2026-01-30 05:21:42 | INFO     | [SUCCESS] Day 13MAY
2026-01-30 05:21:42 | INFO     | [DAY_START] Processing 12MAY
2026-01-30 05:21:42 | INFO     | [lf.day.start] Processing ATZ-MED for 12MAY
2026-01-30 05:21:43 | WARNING  | [lf.day.no_flights] No direct flights on 12MAY
2026-01-30 05:21:43 | INFO     | [SUCCESS] Day 12MAY
2026-01-30 05:21:43 | INFO     | [DAY_START] Processing 11MAY
2026-01-30 05:21:43 | INFO     | [lf.day.start] Processing ATZ-MED for 11MAY
2026-01-30 05:21:44 | WARNING  | [lf.day.no_flights] No direct flights on 11MAY
2026-01-30 05:21:44 | INFO     | [SUCCESS] Day 11MAY
2026-01-30 05:21:44 | INFO     | [DAY_START] Processing 10MAY
2026-01-30 05:21:44 | INFO     | [lf.day.start] Processing ATZ-MED for 10MAY
2026-01-30 05:21:45 | INFO     | [lf.day.flights_found] Found 1 flights on 10MAY
2026-01-30 05:21:47 | INFO     | [lf.flight.extracted] SM487 on 10MAY: BKG=3, LF=1.7%
2026-01-30 05:21:50 | INFO     | [SUCCESS] Day 10MAY
2026-01-30 05:21:50 | INFO     | [DAY_START] Processing 09MAY
2026-01-30 05:21:50 | INFO     | [lf.day.start] Processing ATZ-MED for 09MAY
2026-01-30 05:21:51 | WARNING  | [lf.day.no_flights] No direct flights on 09MAY
2026-01-30 05:21:51 | INFO     | [SUCCESS] Day 09MAY
2026-01-30 05:21:51 | INFO     | [DAY_START] Processing 08MAY
2026-01-30 05:21:51 | INFO     | [lf.day.start] Processing ATZ-MED for 08MAY
2026-01-30 05:21:52 | WARNING  | [lf.day.no_flights] No direct flights on 08MAY
2026-01-30 05:21:52 | INFO     | [SUCCESS] Day 08MAY
2026-01-30 05:21:52 | INFO     | [DAY_START] Processing 07MAY
2026-01-30 05:21:52 | INFO     | [lf.day.start] Processing ATZ-MED for 07MAY
2026-01-30 05:21:53 | WARNING  | [lf.day.no_flights] No direct flights on 07MAY
2026-01-30 05:21:53 | INFO     | [SUCCESS] Day 07MAY
2026-01-30 05:21:53 | INFO     | [SUCCESS] LF Search Complete
2026-01-30 05:21:53 | INFO     | [Worker_9224] Completed: ATZ-MED - 8 results, 0 errors
2026-01-30 05:21:53 | INFO     | [Worker_9224] Processing: LXR-JED
2026-01-30 05:21:53 | INFO     |   Tier 0: Range 4, Chunk 3/4 (8 days)
