2026-01-30 06:02:21 | INFO     | ======================================================================
2026-01-30 06:02:21 | INFO     | Load Factor Scraper Started - Route: ATZ-DMM
2026-01-30 06:02:21 | INFO     | Log file: D:\CODERED\LAB\Artifacts\outputs\run_generated_300126_at_05.16\logs\LF_ATZ-DMM_20260130_060221.log
2026-01-30 06:02:21 | INFO     | Enhanced logging: Capturing both logging.info() and print()
2026-01-30 06:02:21 | INFO     | ======================================================================
2026-01-30 06:02:21 | INFO     | Starting LF search for route: ATZ-DMM
2026-01-30 06:02:21 | INFO     | [START] LF Search
2026-01-30 06:02:22 | INFO     | [HEALTH CHECK] [OK] Chrome connection is healthy
2026-01-30 06:02:22 | INFO     | [DAY_START] Processing 28FEB
2026-01-30 06:02:22 | INFO     | [lf.day.start] Processing ATZ-DMM for 28FEB
2026-01-30 06:02:23 | WARNING  | [lf.day.no_flights] No direct flights on 28FEB
2026-01-30 06:02:23 | INFO     | [SUCCESS] Day 28FEB
2026-01-30 06:02:23 | INFO     | [DAY_START] Processing 27FEB
2026-01-30 06:02:23 | INFO     | [lf.day.start] Processing ATZ-DMM for 27FEB
2026-01-30 06:02:24 | INFO     | [lf.day.flights_found] Found 1 flights on 27FEB
2026-01-30 06:02:26 | INFO     | [lf.flight.extracted] SM437 on 27FEB: BKG=6, LF=3.4%
2026-01-30 06:02:29 | INFO     | [SUCCESS] Day 27FEB
2026-01-30 06:02:29 | INFO     | [DAY_START] Processing 26FEB
2026-01-30 06:02:29 | INFO     | [lf.day.start] Processing ATZ-DMM for 26FEB
2026-01-30 06:02:30 | WARNING  | [lf.day.no_flights] No direct flights on 26FEB
2026-01-30 06:02:30 | INFO     | [SUCCESS] Day 26FEB
2026-01-30 06:02:30 | INFO     | [DAY_START] Processing 25FEB
2026-01-30 06:02:30 | INFO     | [lf.day.start] Processing ATZ-DMM for 25FEB
2026-01-30 06:02:31 | WARNING  | [lf.day.no_flights] No direct flights on 25FEB
2026-01-30 06:02:31 | INFO     | [SUCCESS] Day 25FEB
2026-01-30 06:02:31 | INFO     | [DAY_START] Processing 24FEB
2026-01-30 06:02:31 | INFO     | [lf.day.start] Processing ATZ-DMM for 24FEB
2026-01-30 06:02:32 | WARNING  | [lf.day.no_flights] No direct flights on 24FEB
2026-01-30 06:02:32 | INFO     | [SUCCESS] Day 24FEB
2026-01-30 06:02:32 | INFO     | [DAY_START] Processing 23FEB
2026-01-30 06:02:32 | INFO     | [lf.day.start] Processing ATZ-DMM for 23FEB
2026-01-30 06:02:33 | INFO     | [lf.day.flights_found] Found 1 flights on 23FEB
2026-01-30 06:02:35 | INFO     | [lf.flight.extracted] SM437 on 23FEB: BKG=10, LF=5.6%
2026-01-30 06:02:38 | INFO     | [SUCCESS] Day 23FEB
2026-01-30 06:02:38 | INFO     | [DAY_START] Processing 22FEB
2026-01-30 06:02:38 | INFO     | [lf.day.start] Processing ATZ-DMM for 22FEB
2026-01-30 06:02:39 | WARNING  | [lf.day.no_flights] No direct flights on 22FEB
2026-01-30 06:02:39 | INFO     | [SUCCESS] Day 22FEB
2026-01-30 06:02:39 | INFO     | [DAY_START] Processing 21FEB
2026-01-30 06:02:39 | INFO     | [lf.day.start] Processing ATZ-DMM for 21FEB
2026-01-30 06:02:40 | WARNING  | [lf.day.no_flights] No direct flights on 21FEB
2026-01-30 06:02:40 | INFO     | [SUCCESS] Day 21FEB
2026-01-30 06:02:40 | INFO     | [DAY_START] Processing 20FEB
2026-01-30 06:02:40 | INFO     | [lf.day.start] Processing ATZ-DMM for 20FEB
2026-01-30 06:02:41 | INFO     | [lf.day.flights_found] Found 1 flights on 20FEB
2026-01-30 06:02:43 | INFO     | [lf.flight.extracted] SM437 on 20FEB: BKG=10, LF=5.6%
2026-01-30 06:02:46 | INFO     | [SUCCESS] Day 20FEB
2026-01-30 06:02:46 | INFO     | [DAY_START] Processing 19FEB
2026-01-30 06:02:46 | INFO     | [lf.day.start] Processing ATZ-DMM for 19FEB
2026-01-30 06:02:47 | WARNING  | [lf.day.no_flights] No direct flights on 19FEB
2026-01-30 06:02:47 | INFO     | [SUCCESS] Day 19FEB
2026-01-30 06:02:47 | INFO     | [SUCCESS] LF Search Complete
2026-01-30 06:02:47 | INFO     | [Worker_9225] Completed: ATZ-DMM - 10 results, 0 errors
2026-01-30 06:02:47 | INFO     | [Worker_9225] Processing: CAI-AJF
2026-01-30 06:02:47 | INFO     |   Tier 0: Range 1, Chunk 1/3 (10 days)
