2026-01-30 06:00:20 | INFO     | ======================================================================
2026-01-30 06:00:20 | INFO     | Load Factor Scraper Started - Route: AJF-ATZ
2026-01-30 06:00:20 | INFO     | Log file: D:\CODERED\LAB\Artifacts\outputs\run_generated_300126_at_05.16\logs\LF_AJF-ATZ_20260130_060020.log
2026-01-30 06:00:20 | INFO     | Enhanced logging: Capturing both logging.info() and print()
2026-01-30 06:00:20 | INFO     | ======================================================================
2026-01-30 06:00:20 | INFO     | Starting LF search for route: AJF-ATZ
2026-01-30 06:00:20 | INFO     | [START] LF Search
2026-01-30 06:00:21 | INFO     | [HEALTH CHECK] [OK] Chrome connection is healthy
2026-01-30 06:00:21 | INFO     | [DAY_START] Processing 28FEB
2026-01-30 06:00:21 | INFO     | [lf.day.start] Processing AJF-ATZ for 28FEB
2026-01-30 06:00:22 | WARNING  | [lf.day.no_flights] No direct flights on 28FEB
2026-01-30 06:00:22 | INFO     | [SUCCESS] Day 28FEB
2026-01-30 06:00:22 | INFO     | [DAY_START] Processing 27FEB
2026-01-30 06:00:22 | INFO     | [lf.day.start] Processing AJF-ATZ for 27FEB
2026-01-30 06:00:23 | INFO     | [lf.day.flights_found] Found 1 flights on 27FEB
2026-01-30 06:00:25 | INFO     | [lf.flight.extracted] SM324 on 27FEB: BKG=29, LF=16.6%
2026-01-30 06:00:28 | INFO     | [SUCCESS] Day 27FEB
2026-01-30 06:00:28 | INFO     | [DAY_START] Processing 26FEB
2026-01-30 06:00:28 | INFO     | [lf.day.start] Processing AJF-ATZ for 26FEB
2026-01-30 06:00:29 | WARNING  | [lf.day.no_flights] No direct flights on 26FEB
2026-01-30 06:00:29 | INFO     | [SUCCESS] Day 26FEB
2026-01-30 06:00:29 | INFO     | [DAY_START] Processing 25FEB
2026-01-30 06:00:29 | INFO     | [lf.day.start] Processing AJF-ATZ for 25FEB
2026-01-30 06:00:30 | WARNING  | [lf.day.no_flights] No direct flights on 25FEB
2026-01-30 06:00:30 | INFO     | [SUCCESS] Day 25FEB
2026-01-30 06:00:30 | INFO     | [DAY_START] Processing 24FEB
2026-01-30 06:00:30 | INFO     | [lf.day.start] Processing AJF-ATZ for 24FEB
2026-01-30 06:00:32 | WARNING  | [lf.day.no_flights] No direct flights on 24FEB
2026-01-30 06:00:32 | INFO     | [SUCCESS] Day 24FEB
2026-01-30 06:00:32 | INFO     | [DAY_START] Processing 23FEB
2026-01-30 06:00:32 | INFO     | [lf.day.start] Processing AJF-ATZ for 23FEB
2026-01-30 06:00:33 | WARNING  | [lf.day.no_flights] No direct flights on 23FEB
2026-01-30 06:00:33 | INFO     | [SUCCESS] Day 23FEB
2026-01-30 06:00:33 | INFO     | [DAY_START] Processing 22FEB
2026-01-30 06:00:33 | INFO     | [lf.day.start] Processing AJF-ATZ for 22FEB
2026-01-30 06:00:34 | WARNING  | [lf.day.no_flights] No direct flights on 22FEB
2026-01-30 06:00:34 | INFO     | [SUCCESS] Day 22FEB
2026-01-30 06:00:34 | INFO     | [DAY_START] Processing 21FEB
2026-01-30 06:00:34 | INFO     | [lf.day.start] Processing AJF-ATZ for 21FEB
2026-01-30 06:00:35 | WARNING  | [lf.day.no_flights] No direct flights on 21FEB
2026-01-30 06:00:35 | INFO     | [SUCCESS] Day 21FEB
2026-01-30 06:00:35 | INFO     | [DAY_START] Processing 20FEB
2026-01-30 06:00:35 | INFO     | [lf.day.start] Processing AJF-ATZ for 20FEB
2026-01-30 06:00:36 | INFO     | [lf.day.flights_found] Found 1 flights on 20FEB
2026-01-30 06:00:38 | INFO     | [lf.flight.extracted] SM324 on 20FEB: BKG=45, LF=27.0%
2026-01-30 06:00:42 | INFO     | [SUCCESS] Day 20FEB
2026-01-30 06:00:42 | INFO     | [DAY_START] Processing 19FEB
2026-01-30 06:00:42 | INFO     | [lf.day.start] Processing AJF-ATZ for 19FEB
2026-01-30 06:00:43 | WARNING  | [lf.day.no_flights] No direct flights on 19FEB
2026-01-30 06:00:43 | INFO     | [SUCCESS] Day 19FEB
2026-01-30 06:00:43 | INFO     | [SUCCESS] LF Search Complete
2026-01-30 06:00:43 | INFO     | [Worker_9223] Completed: AJF-ATZ - 10 results, 0 errors
2026-01-30 06:00:43 | INFO     | [Worker_9223] Processing: ELQ-CAI
2026-01-30 06:00:43 | INFO     |   Tier 0: Range 1, Chunk 1/3 (10 days)
