2026-01-30 05:25:49 | INFO     | ======================================================================
2026-01-30 05:25:49 | INFO     | Load Factor Scraper Started - Route: AHB-CAI
2026-01-30 05:25:49 | INFO     | Log file: D:\CODERED\LAB\Artifacts\outputs\run_generated_300126_at_05.16\logs\LF_AHB-CAI_20260130_052549.log
2026-01-30 05:25:49 | INFO     | Enhanced logging: Capturing both logging.info() and print()
2026-01-30 05:25:49 | INFO     | ======================================================================
2026-01-30 05:25:49 | INFO     | Starting LF search for route: AHB-CAI
2026-01-30 05:25:49 | INFO     | [START] LF Search
2026-01-30 05:25:50 | INFO     | [HEALTH CHECK] [OK] Chrome connection is healthy
2026-01-30 05:25:50 | INFO     | [DAY_START] Processing 29APR
2026-01-30 05:25:50 | INFO     | [lf.day.start] Processing AHB-CAI for 29APR
2026-01-30 05:25:51 | INFO     | [lf.day.flights_found] Found 1 flights on 29APR
2026-01-30 05:25:53 | INFO     | [lf.flight.extracted] SM444 on 29APR: BKG=0, LF=0.0%
2026-01-30 05:25:54 | INFO     | [SUCCESS] Day 29APR
2026-01-30 05:25:54 | INFO     | [DAY_START] Processing 28APR
2026-01-30 05:25:54 | INFO     | [lf.day.start] Processing AHB-CAI for 28APR
2026-01-30 05:25:56 | WARNING  | [lf.day.no_flights] No direct flights on 28APR
2026-01-30 05:25:56 | INFO     | [SUCCESS] Day 28APR
2026-01-30 05:25:56 | INFO     | [DAY_START] Processing 27APR
2026-01-30 05:25:56 | INFO     | [lf.day.start] Processing AHB-CAI for 27APR
2026-01-30 05:25:57 | INFO     | [lf.day.flights_found] Found 1 flights on 27APR
2026-01-30 05:25:59 | INFO     | [lf.flight.extracted] SM444 on 27APR: BKG=1, LF=0.6%
2026-01-30 05:26:02 | INFO     | [SUCCESS] Day 27APR
2026-01-30 05:26:02 | INFO     | [DAY_START] Processing 26APR
2026-01-30 05:26:02 | INFO     | [lf.day.start] Processing AHB-CAI for 26APR
2026-01-30 05:26:03 | WARNING  | [lf.day.no_flights] No direct flights on 26APR
2026-01-30 05:26:03 | INFO     | [SUCCESS] Day 26APR
2026-01-30 05:26:03 | INFO     | [DAY_START] Processing 25APR
2026-01-30 05:26:03 | INFO     | [lf.day.start] Processing AHB-CAI for 25APR
2026-01-30 05:26:04 | INFO     | [lf.day.flights_found] Found 1 flights on 25APR
2026-01-30 05:26:06 | INFO     | [lf.flight.extracted] SM444 on 25APR: BKG=3, LF=1.7%
2026-01-30 05:26:09 | INFO     | [SUCCESS] Day 25APR
2026-01-30 05:26:09 | INFO     | [DAY_START] Processing 24APR
2026-01-30 05:26:09 | INFO     | [lf.day.start] Processing AHB-CAI for 24APR
2026-01-30 05:26:10 | WARNING  | [lf.day.no_flights] No direct flights on 24APR
2026-01-30 05:26:10 | INFO     | [SUCCESS] Day 24APR
2026-01-30 05:26:10 | INFO     | [DAY_START] Processing 23APR
2026-01-30 05:26:10 | INFO     | [lf.day.start] Processing AHB-CAI for 23APR
2026-01-30 05:26:11 | INFO     | [lf.day.flights_found] Found 1 flights on 23APR
2026-01-30 05:26:13 | INFO     | [lf.flight.extracted] SM444 on 23APR: BKG=2, LF=1.1%
2026-01-30 05:26:15 | INFO     | [SUCCESS] Day 23APR
2026-01-30 05:26:15 | INFO     | [DAY_START] Processing 22APR
2026-01-30 05:26:15 | INFO     | [lf.day.start] Processing AHB-CAI for 22APR
2026-01-30 05:26:16 | INFO     | [lf.day.flights_found] Found 1 flights on 22APR
2026-01-30 05:26:18 | INFO     | [lf.flight.extracted] SM444 on 22APR: BKG=0, LF=0.0%
2026-01-30 05:26:19 | INFO     | [SUCCESS] Day 22APR
2026-01-30 05:26:19 | INFO     | [DAY_START] Processing 21APR
2026-01-30 05:26:19 | INFO     | [lf.day.start] Processing AHB-CAI for 21APR
2026-01-30 05:26:20 | WARNING  | [lf.day.no_flights] No direct flights on 21APR
2026-01-30 05:26:20 | INFO     | [SUCCESS] Day 21APR
2026-01-30 05:26:20 | INFO     | [DAY_START] Processing 20APR
2026-01-30 05:26:20 | INFO     | [lf.day.start] Processing AHB-CAI for 20APR
2026-01-30 05:26:21 | INFO     | [lf.day.flights_found] Found 1 flights on 20APR
2026-01-30 05:26:24 | INFO     | [lf.flight.extracted] SM444 on 20APR: BKG=2, LF=1.1%
2026-01-30 05:26:26 | INFO     | [SUCCESS] Day 20APR
2026-01-30 05:26:26 | INFO     | [SUCCESS] LF Search Complete
2026-01-30 05:26:26 | INFO     | [Worker_9226] Completed: AHB-CAI - 10 results, 0 errors
2026-01-30 05:26:26 | INFO     | [Worker_9226] Processing: HBE-JED
2026-01-30 05:26:26 | INFO     |   Tier 0: Range 3, Chunk 1/3 (10 days)
