2026-01-30 05:26:56 | INFO     | ======================================================================
2026-01-30 05:26:56 | INFO     | Load Factor Scraper Started - Route: ATZ-TUU
2026-01-30 05:26:56 | INFO     | Log file: D:\CODERED\LAB\Artifacts\outputs\run_generated_300126_at_05.16\logs\LF_ATZ-TUU_20260130_052656.log
2026-01-30 05:26:56 | INFO     | Enhanced logging: Capturing both logging.info() and print()
2026-01-30 05:26:56 | INFO     | ======================================================================
2026-01-30 05:26:56 | INFO     | Starting LF search for route: ATZ-TUU
2026-01-30 05:26:56 | INFO     | [START] LF Search
2026-01-30 05:26:57 | INFO     | [HEALTH CHECK] [OK] Chrome connection is healthy
2026-01-30 05:26:57 | INFO     | [DAY_START] Processing 29APR
2026-01-30 05:26:57 | INFO     | [lf.day.start] Processing ATZ-TUU for 29APR
2026-01-30 05:26:58 | WARNING  | [lf.day.no_flights] No direct flights on 29APR
2026-01-30 05:26:58 | INFO     | [SUCCESS] Day 29APR
2026-01-30 05:26:58 | INFO     | [DAY_START] Processing 28APR
2026-01-30 05:26:58 | INFO     | [lf.day.start] Processing ATZ-TUU for 28APR
2026-01-30 05:26:59 | WARNING  | [lf.day.no_flights] No direct flights on 28APR
2026-01-30 05:26:59 | INFO     | [SUCCESS] Day 28APR
2026-01-30 05:26:59 | INFO     | [DAY_START] Processing 27APR
2026-01-30 05:26:59 | INFO     | [lf.day.start] Processing ATZ-TUU for 27APR
2026-01-30 05:27:00 | WARNING  | [lf.day.no_flights] No direct flights on 27APR
2026-01-30 05:27:00 | INFO     | [SUCCESS] Day 27APR
2026-01-30 05:27:00 | INFO     | [DAY_START] Processing 26APR
2026-01-30 05:27:00 | INFO     | [lf.day.start] Processing ATZ-TUU for 26APR
2026-01-30 05:27:01 | WARNING  | [lf.day.no_flights] No direct flights on 26APR
2026-01-30 05:27:01 | INFO     | [SUCCESS] Day 26APR
2026-01-30 05:27:01 | INFO     | [DAY_START] Processing 25APR
2026-01-30 05:27:01 | INFO     | [lf.day.start] Processing ATZ-TUU for 25APR
2026-01-30 05:27:03 | WARNING  | [lf.day.no_flights] No direct flights on 25APR
2026-01-30 05:27:03 | INFO     | [SUCCESS] Day 25APR
2026-01-30 05:27:03 | INFO     | [DAY_START] Processing 24APR
2026-01-30 05:27:03 | INFO     | [lf.day.start] Processing ATZ-TUU for 24APR
2026-01-30 05:27:04 | WARNING  | [lf.day.no_flights] No direct flights on 24APR
2026-01-30 05:27:04 | INFO     | [SUCCESS] Day 24APR
2026-01-30 05:27:04 | INFO     | [DAY_START] Processing 23APR
2026-01-30 05:27:04 | INFO     | [lf.day.start] Processing ATZ-TUU for 23APR
2026-01-30 05:27:05 | WARNING  | [lf.day.no_flights] No direct flights on 23APR
2026-01-30 05:27:05 | INFO     | [SUCCESS] Day 23APR
2026-01-30 05:27:05 | INFO     | [DAY_START] Processing 22APR
2026-01-30 05:27:05 | INFO     | [lf.day.start] Processing ATZ-TUU for 22APR
2026-01-30 05:27:06 | WARNING  | [lf.day.no_flights] No direct flights on 22APR
2026-01-30 05:27:06 | INFO     | [SUCCESS] Day 22APR
2026-01-30 05:27:06 | INFO     | [DAY_START] Processing 21APR
2026-01-30 05:27:06 | INFO     | [lf.day.start] Processing ATZ-TUU for 21APR
2026-01-30 05:27:07 | WARNING  | [lf.day.no_flights] No direct flights on 21APR
2026-01-30 05:27:07 | INFO     | [SUCCESS] Day 21APR
2026-01-30 05:27:07 | INFO     | [DAY_START] Processing 20APR
2026-01-30 05:27:07 | INFO     | [lf.day.start] Processing ATZ-TUU for 20APR
2026-01-30 05:27:08 | WARNING  | [lf.day.no_flights] No direct flights on 20APR
2026-01-30 05:27:08 | INFO     | [SUCCESS] Day 20APR
2026-01-30 05:27:08 | INFO     | [SUCCESS] LF Search Complete
2026-01-30 05:27:08 | INFO     | [Worker_9232] Completed: ATZ-TUU - 10 results, 0 errors
2026-01-30 05:27:08 | INFO     | [Worker_9232] Processing: CAI-YNB
2026-01-30 05:27:08 | INFO     |   Tier 0: Range 3, Chunk 1/3 (10 days)
