2026-01-30 06:06:26 | INFO     | ======================================================================
2026-01-30 06:06:26 | INFO     | Load Factor Scraper Started - Route: AJF-ATZ
2026-01-30 06:06:26 | INFO     | Log file: D:\CODERED\LAB\Artifacts\outputs\run_generated_300126_at_05.16\logs\LF_AJF-ATZ_20260130_060626.log
2026-01-30 06:06:26 | INFO     | Enhanced logging: Capturing both logging.info() and print()
2026-01-30 06:06:26 | INFO     | ======================================================================
2026-01-30 06:06:26 | INFO     | Starting LF search for route: AJF-ATZ
2026-01-30 06:06:26 | INFO     | [START] LF Search
2026-01-30 06:06:27 | INFO     | [HEALTH CHECK] [OK] Chrome connection is healthy
2026-01-30 06:06:27 | INFO     | [DAY_START] Processing 18FEB
2026-01-30 06:06:27 | INFO     | [lf.day.start] Processing AJF-ATZ for 18FEB
2026-01-30 06:06:28 | WARNING  | [lf.day.no_flights] No direct flights on 18FEB
2026-01-30 06:06:28 | INFO     | [SUCCESS] Day 18FEB
2026-01-30 06:06:28 | INFO     | [DAY_START] Processing 17FEB
2026-01-30 06:06:28 | INFO     | [lf.day.start] Processing AJF-ATZ for 17FEB
2026-01-30 06:06:30 | WARNING  | [lf.day.no_flights] No direct flights on 17FEB
2026-01-30 06:06:30 | INFO     | [SUCCESS] Day 17FEB
2026-01-30 06:06:30 | INFO     | [DAY_START] Processing 16FEB
2026-01-30 06:06:30 | INFO     | [lf.day.start] Processing AJF-ATZ for 16FEB
2026-01-30 06:06:31 | WARNING  | [lf.day.no_flights] No direct flights on 16FEB
2026-01-30 06:06:31 | INFO     | [SUCCESS] Day 16FEB
2026-01-30 06:06:31 | INFO     | [DAY_START] Processing 15FEB
2026-01-30 06:06:31 | INFO     | [lf.day.start] Processing AJF-ATZ for 15FEB
2026-01-30 06:06:32 | WARNING  | [lf.day.no_flights] No direct flights on 15FEB
2026-01-30 06:06:32 | INFO     | [SUCCESS] Day 15FEB
2026-01-30 06:06:32 | INFO     | [DAY_START] Processing 14FEB
2026-01-30 06:06:32 | INFO     | [lf.day.start] Processing AJF-ATZ for 14FEB
2026-01-30 06:06:33 | WARNING  | [lf.day.no_flights] No direct flights on 14FEB
2026-01-30 06:06:33 | INFO     | [SUCCESS] Day 14FEB
2026-01-30 06:06:33 | INFO     | [DAY_START] Processing 13FEB
2026-01-30 06:06:33 | INFO     | [lf.day.start] Processing AJF-ATZ for 13FEB
2026-01-30 06:06:34 | INFO     | [lf.day.flights_found] Found 1 flights on 13FEB
2026-01-30 06:06:36 | INFO     | [lf.flight.extracted] SM324 on 13FEB: BKG=114, LF=65.1%
2026-01-30 06:06:42 | INFO     | [SUCCESS] Day 13FEB
2026-01-30 06:06:42 | INFO     | [DAY_START] Processing 12FEB
2026-01-30 06:06:42 | INFO     | [lf.day.start] Processing AJF-ATZ for 12FEB
2026-01-30 06:06:43 | WARNING  | [lf.day.no_flights] No direct flights on 12FEB
2026-01-30 06:06:43 | INFO     | [SUCCESS] Day 12FEB
2026-01-30 06:06:43 | INFO     | [DAY_START] Processing 11FEB
2026-01-30 06:06:43 | INFO     | [lf.day.start] Processing AJF-ATZ for 11FEB
2026-01-30 06:06:44 | WARNING  | [lf.day.no_flights] No direct flights on 11FEB
2026-01-30 06:06:44 | INFO     | [SUCCESS] Day 11FEB
2026-01-30 06:06:44 | INFO     | [DAY_START] Processing 10FEB
2026-01-30 06:06:44 | INFO     | [lf.day.start] Processing AJF-ATZ for 10FEB
2026-01-30 06:06:45 | WARNING  | [lf.day.no_flights] No direct flights on 10FEB
2026-01-30 06:06:45 | INFO     | [SUCCESS] Day 10FEB
2026-01-30 06:06:45 | INFO     | [DAY_START] Processing 09FEB
2026-01-30 06:06:45 | INFO     | [lf.day.start] Processing AJF-ATZ for 09FEB
2026-01-30 06:06:46 | WARNING  | [lf.day.no_flights] No direct flights on 09FEB
2026-01-30 06:06:46 | INFO     | [SUCCESS] Day 09FEB
2026-01-30 06:06:46 | INFO     | [SUCCESS] LF Search Complete
2026-01-30 06:06:46 | INFO     | [Worker_9233] Completed: AJF-ATZ - 10 results, 0 errors
2026-01-30 06:06:46 | INFO     | [Worker_9233] Processing: AHB-ATZ
2026-01-30 06:06:46 | INFO     |   Tier 0: Range 1, Chunk 2/3 (10 days)
