2026-01-30 05:49:33 | INFO     | ======================================================================
2026-01-30 05:49:33 | INFO     | Load Factor Scraper Started - Route: AJF-ATZ
2026-01-30 05:49:33 | INFO     | Log file: D:\CODERED\LAB\Artifacts\outputs\run_generated_300126_at_05.16\logs\LF_AJF-ATZ_20260130_054933.log
2026-01-30 05:49:33 | INFO     | Enhanced logging: Capturing both logging.info() and print()
2026-01-30 05:49:33 | INFO     | ======================================================================
2026-01-30 05:49:33 | INFO     | Starting LF search for route: AJF-ATZ
2026-01-30 05:49:33 | INFO     | [START] LF Search
2026-01-30 05:49:34 | INFO     | [HEALTH CHECK] [OK] Chrome connection is healthy
2026-01-30 05:49:34 | INFO     | [DAY_START] Processing 20MAR
2026-01-30 05:49:34 | INFO     | [lf.day.start] Processing AJF-ATZ for 20MAR
2026-01-30 05:49:36 | INFO     | [lf.day.flights_found] Found 1 flights on 20MAR
2026-01-30 05:49:40 | INFO     | [lf.flight.extracted] SM324 on 20MAR: BKG=10, LF=5.7%
2026-01-30 05:49:44 | INFO     | [SUCCESS] Day 20MAR
2026-01-30 05:49:44 | INFO     | [DAY_START] Processing 19MAR
2026-01-30 05:49:44 | INFO     | [lf.day.start] Processing AJF-ATZ for 19MAR
2026-01-30 05:49:46 | WARNING  | [lf.day.no_flights] No direct flights on 19MAR
2026-01-30 05:49:46 | INFO     | [SUCCESS] Day 19MAR
2026-01-30 05:49:46 | INFO     | [DAY_START] Processing 18MAR
2026-01-30 05:49:46 | INFO     | [lf.day.start] Processing AJF-ATZ for 18MAR
2026-01-30 05:49:48 | WARNING  | [lf.day.no_flights] No direct flights on 18MAR
2026-01-30 05:49:48 | INFO     | [SUCCESS] Day 18MAR
2026-01-30 05:49:48 | INFO     | [DAY_START] Processing 17MAR
2026-01-30 05:49:48 | INFO     | [lf.day.start] Processing AJF-ATZ for 17MAR
2026-01-30 05:49:50 | WARNING  | [lf.day.no_flights] No direct flights on 17MAR
2026-01-30 05:49:50 | INFO     | [SUCCESS] Day 17MAR
2026-01-30 05:49:50 | INFO     | [DAY_START] Processing 16MAR
2026-01-30 05:49:50 | INFO     | [lf.day.start] Processing AJF-ATZ for 16MAR
2026-01-30 05:49:51 | WARNING  | [lf.day.no_flights] No direct flights on 16MAR
2026-01-30 05:49:51 | INFO     | [SUCCESS] Day 16MAR
2026-01-30 05:49:51 | INFO     | [DAY_START] Processing 15MAR
2026-01-30 05:49:51 | INFO     | [lf.day.start] Processing AJF-ATZ for 15MAR
2026-01-30 05:49:54 | WARNING  | [lf.day.no_flights] No direct flights on 15MAR
2026-01-30 05:49:54 | INFO     | [SUCCESS] Day 15MAR
2026-01-30 05:49:54 | INFO     | [DAY_START] Processing 14MAR
2026-01-30 05:49:54 | INFO     | [lf.day.start] Processing AJF-ATZ for 14MAR
2026-01-30 05:49:56 | WARNING  | [lf.day.no_flights] No direct flights on 14MAR
2026-01-30 05:49:56 | INFO     | [SUCCESS] Day 14MAR
2026-01-30 05:49:56 | INFO     | [DAY_START] Processing 13MAR
2026-01-30 05:49:56 | INFO     | [lf.day.start] Processing AJF-ATZ for 13MAR
2026-01-30 05:49:58 | INFO     | [lf.day.flights_found] Found 1 flights on 13MAR
2026-01-30 05:50:03 | INFO     | [lf.flight.extracted] SM324 on 13MAR: BKG=41, LF=24.6%
2026-01-30 05:50:09 | INFO     | [SUCCESS] Day 13MAR
2026-01-30 05:50:09 | INFO     | [DAY_START] Processing 12MAR
2026-01-30 05:50:09 | INFO     | [lf.day.start] Processing AJF-ATZ for 12MAR
2026-01-30 05:50:10 | WARNING  | [lf.day.no_flights] No direct flights on 12MAR
2026-01-30 05:50:10 | INFO     | [SUCCESS] Day 12MAR
2026-01-30 05:50:10 | INFO     | [DAY_START] Processing 11MAR
2026-01-30 05:50:10 | INFO     | [lf.day.start] Processing AJF-ATZ for 11MAR
2026-01-30 05:50:12 | WARNING  | [lf.day.no_flights] No direct flights on 11MAR
2026-01-30 05:50:12 | INFO     | [SUCCESS] Day 11MAR
2026-01-30 05:50:12 | INFO     | [SUCCESS] LF Search Complete
2026-01-30 05:50:12 | INFO     | [Worker_9227] Completed: AJF-ATZ - 10 results, 0 errors
2026-01-30 05:50:12 | INFO     | [Worker_9227] Processing: AHB-ATZ
2026-01-30 05:50:12 | INFO     |   Tier 0: Range 2, Chunk 2/3 (10 days)
