2026-01-30 05:57:56 | INFO     | ======================================================================
2026-01-30 05:57:56 | INFO     | Load Factor Scraper Started - Route: ATZ-TUU
2026-01-30 05:57:56 | INFO     | Log file: D:\CODERED\LAB\Artifacts\outputs\run_generated_300126_at_05.16\logs\LF_ATZ-TUU_20260130_055756.log
2026-01-30 05:57:56 | INFO     | Enhanced logging: Capturing both logging.info() and print()
2026-01-30 05:57:56 | INFO     | ======================================================================
2026-01-30 05:57:56 | INFO     | Starting LF search for route: ATZ-TUU
2026-01-30 05:57:56 | INFO     | [START] LF Search
2026-01-30 05:57:57 | INFO     | [HEALTH CHECK] [OK] Chrome connection is healthy
2026-01-30 05:57:57 | INFO     | [DAY_START] Processing 10MAR
2026-01-30 05:57:57 | INFO     | [lf.day.start] Processing ATZ-TUU for 10MAR
2026-01-30 05:57:58 | WARNING  | [lf.day.no_flights] No direct flights on 10MAR
2026-01-30 05:57:58 | INFO     | [SUCCESS] Day 10MAR
2026-01-30 05:57:58 | INFO     | [DAY_START] Processing 09MAR
2026-01-30 05:57:58 | INFO     | [lf.day.start] Processing ATZ-TUU for 09MAR
2026-01-30 05:57:59 | WARNING  | [lf.day.no_flights] No direct flights on 09MAR
2026-01-30 05:57:59 | INFO     | [SUCCESS] Day 09MAR
2026-01-30 05:57:59 | INFO     | [DAY_START] Processing 08MAR
2026-01-30 05:57:59 | INFO     | [lf.day.start] Processing ATZ-TUU for 08MAR
2026-01-30 05:58:01 | WARNING  | [lf.day.no_flights] No direct flights on 08MAR
2026-01-30 05:58:01 | INFO     | [SUCCESS] Day 08MAR
2026-01-30 05:58:01 | INFO     | [DAY_START] Processing 07MAR
2026-01-30 05:58:01 | INFO     | [lf.day.start] Processing ATZ-TUU for 07MAR
2026-01-30 05:58:02 | WARNING  | [lf.day.no_flights] No direct flights on 07MAR
2026-01-30 05:58:02 | INFO     | [SUCCESS] Day 07MAR
2026-01-30 05:58:02 | INFO     | [DAY_START] Processing 06MAR
2026-01-30 05:58:02 | INFO     | [lf.day.start] Processing ATZ-TUU for 06MAR
2026-01-30 05:58:03 | INFO     | [lf.day.flights_found] Found 1 flights on 06MAR
2026-01-30 05:58:05 | INFO     | [lf.flight.extracted] SM327 on 06MAR: BKG=5, LF=2.8%
2026-01-30 05:58:08 | INFO     | [SUCCESS] Day 06MAR
2026-01-30 05:58:08 | INFO     | [DAY_START] Processing 05MAR
2026-01-30 05:58:08 | INFO     | [lf.day.start] Processing ATZ-TUU for 05MAR
2026-01-30 05:58:09 | WARNING  | [lf.day.no_flights] No direct flights on 05MAR
2026-01-30 05:58:09 | INFO     | [SUCCESS] Day 05MAR
2026-01-30 05:58:09 | INFO     | [DAY_START] Processing 04MAR
2026-01-30 05:58:09 | INFO     | [lf.day.start] Processing ATZ-TUU for 04MAR
2026-01-30 05:58:11 | WARNING  | [lf.day.no_flights] No direct flights on 04MAR
2026-01-30 05:58:11 | INFO     | [SUCCESS] Day 04MAR
2026-01-30 05:58:11 | INFO     | [DAY_START] Processing 03MAR
2026-01-30 05:58:11 | INFO     | [lf.day.start] Processing ATZ-TUU for 03MAR
2026-01-30 05:58:12 | WARNING  | [lf.day.no_flights] No direct flights on 03MAR
2026-01-30 05:58:12 | INFO     | [SUCCESS] Day 03MAR
2026-01-30 05:58:12 | INFO     | [DAY_START] Processing 02MAR
2026-01-30 05:58:12 | INFO     | [lf.day.start] Processing ATZ-TUU for 02MAR
2026-01-30 05:58:13 | WARNING  | [lf.day.no_flights] No direct flights on 02MAR
2026-01-30 05:58:13 | INFO     | [SUCCESS] Day 02MAR
2026-01-30 05:58:13 | INFO     | [DAY_START] Processing 01MAR
2026-01-30 05:58:13 | INFO     | [lf.day.start] Processing ATZ-TUU for 01MAR
2026-01-30 05:58:14 | WARNING  | [lf.day.no_flights] No direct flights on 01MAR
2026-01-30 05:58:14 | INFO     | [SUCCESS] Day 01MAR
2026-01-30 05:58:14 | INFO     | [SUCCESS] LF Search Complete
2026-01-30 05:58:14 | INFO     | [Worker_9226] Completed: ATZ-TUU - 10 results, 0 errors
2026-01-30 05:58:14 | INFO     | [Worker_9226] Processing: CAI-YNB
2026-01-30 05:58:14 | INFO     |   Tier 0: Range 2, Chunk 3/3 (10 days)
