2026-01-30 05:32:08 | INFO     | ======================================================================
2026-01-30 05:32:08 | INFO     | Load Factor Scraper Started - Route: ATZ-MED
2026-01-30 05:32:08 | INFO     | Log file: D:\CODERED\LAB\Artifacts\outputs\run_generated_300126_at_05.16\logs\LF_ATZ-MED_20260130_053208.log
2026-01-30 05:32:08 | INFO     | Enhanced logging: Capturing both logging.info() and print()
2026-01-30 05:32:08 | INFO     | ======================================================================
2026-01-30 05:32:08 | INFO     | Starting LF search for route: ATZ-MED
2026-01-30 05:32:08 | INFO     | [START] LF Search
2026-01-30 05:32:09 | INFO     | [HEALTH CHECK] [OK] Chrome connection is healthy
2026-01-30 05:32:09 | INFO     | [DAY_START] Processing 09APR
2026-01-30 05:32:09 | INFO     | [lf.day.start] Processing ATZ-MED for 09APR
2026-01-30 05:32:10 | WARNING  | [lf.day.no_flights] No direct flights on 09APR
2026-01-30 05:32:10 | INFO     | [SUCCESS] Day 09APR
2026-01-30 05:32:10 | INFO     | [DAY_START] Processing 08APR
2026-01-30 05:32:10 | INFO     | [lf.day.start] Processing ATZ-MED for 08APR
2026-01-30 05:32:11 | WARNING  | [lf.day.no_flights] No direct flights on 08APR
2026-01-30 05:32:11 | INFO     | [SUCCESS] Day 08APR
2026-01-30 05:32:11 | INFO     | [DAY_START] Processing 07APR
2026-01-30 05:32:11 | INFO     | [lf.day.start] Processing ATZ-MED for 07APR
2026-01-30 05:32:12 | WARNING  | [lf.day.no_flights] No direct flights on 07APR
2026-01-30 05:32:12 | INFO     | [SUCCESS] Day 07APR
2026-01-30 05:32:12 | INFO     | [DAY_START] Processing 06APR
2026-01-30 05:32:12 | INFO     | [lf.day.start] Processing ATZ-MED for 06APR
2026-01-30 05:32:13 | WARNING  | [lf.day.no_flights] No direct flights on 06APR
2026-01-30 05:32:13 | INFO     | [SUCCESS] Day 06APR
2026-01-30 05:32:13 | INFO     | [DAY_START] Processing 05APR
2026-01-30 05:32:13 | INFO     | [lf.day.start] Processing ATZ-MED for 05APR
2026-01-30 05:32:15 | INFO     | [lf.day.flights_found] Found 1 flights on 05APR
2026-01-30 05:32:17 | INFO     | [lf.flight.extracted] SM487 on 05APR: BKG=15, LF=8.4%
2026-01-30 05:32:20 | INFO     | [SUCCESS] Day 05APR
2026-01-30 05:32:20 | INFO     | [DAY_START] Processing 04APR
2026-01-30 05:32:20 | INFO     | [lf.day.start] Processing ATZ-MED for 04APR
2026-01-30 05:32:21 | WARNING  | [lf.day.no_flights] No direct flights on 04APR
2026-01-30 05:32:21 | INFO     | [SUCCESS] Day 04APR
2026-01-30 05:32:21 | INFO     | [DAY_START] Processing 03APR
2026-01-30 05:32:21 | INFO     | [lf.day.start] Processing ATZ-MED for 03APR
2026-01-30 05:32:23 | WARNING  | [lf.day.no_flights] No direct flights on 03APR
2026-01-30 05:32:23 | INFO     | [SUCCESS] Day 03APR
2026-01-30 05:32:23 | INFO     | [DAY_START] Processing 02APR
2026-01-30 05:32:23 | INFO     | [lf.day.start] Processing ATZ-MED for 02APR
2026-01-30 05:32:24 | WARNING  | [lf.day.no_flights] No direct flights on 02APR
2026-01-30 05:32:24 | INFO     | [SUCCESS] Day 02APR
2026-01-30 05:32:24 | INFO     | [DAY_START] Processing 01APR
2026-01-30 05:32:24 | INFO     | [lf.day.start] Processing ATZ-MED for 01APR
2026-01-30 05:32:25 | WARNING  | [lf.day.no_flights] No direct flights on 01APR
2026-01-30 05:32:25 | INFO     | [SUCCESS] Day 01APR
2026-01-30 05:32:25 | INFO     | [DAY_START] Processing 31MAR
2026-01-30 05:32:25 | INFO     | [lf.day.start] Processing ATZ-MED for 31MAR
2026-01-30 05:32:26 | WARNING  | [lf.day.no_flights] No direct flights on 31MAR
2026-01-30 05:32:26 | INFO     | [SUCCESS] Day 31MAR
2026-01-30 05:32:26 | INFO     | [SUCCESS] LF Search Complete
2026-01-30 05:32:26 | INFO     | [Worker_9223] Completed: ATZ-MED - 10 results, 0 errors
2026-01-30 05:32:26 | INFO     | [Worker_9223] Processing: HBE-JED
2026-01-30 05:32:26 | INFO     |   Tier 0: Range 3, Chunk 3/3 (10 days)
