2026-01-30 06:02:14 | INFO     | ======================================================================
2026-01-30 06:02:14 | INFO     | Load Factor Scraper Started - Route: CAI-DMM
2026-01-30 06:02:14 | INFO     | Log file: D:\CODERED\LAB\Artifacts\outputs\run_generated_300126_at_05.16\logs\LF_CAI-DMM_20260130_060214.log
2026-01-30 06:02:14 | INFO     | Enhanced logging: Capturing both logging.info() and print()
2026-01-30 06:02:14 | INFO     | ======================================================================
2026-01-30 06:02:14 | INFO     | Starting LF search for route: CAI-DMM
2026-01-30 06:02:14 | INFO     | [START] LF Search
2026-01-30 06:02:14 | INFO     | [HEALTH CHECK] [OK] Chrome connection is healthy
2026-01-30 06:02:14 | INFO     | [DAY_START] Processing 28FEB
2026-01-30 06:02:14 | INFO     | [lf.day.start] Processing CAI-DMM for 28FEB
2026-01-30 06:02:15 | INFO     | [lf.day.flights_found] Found 1 flights on 28FEB
2026-01-30 06:02:17 | INFO     | [lf.flight.extracted] SM433 on 28FEB: BKG=27, LF=15.3%
2026-01-30 06:02:20 | INFO     | [SUCCESS] Day 28FEB
2026-01-30 06:02:20 | INFO     | [DAY_START] Processing 27FEB
2026-01-30 06:02:20 | INFO     | [lf.day.start] Processing CAI-DMM for 27FEB
2026-01-30 06:02:22 | INFO     | [lf.day.flights_found] Found 1 flights on 27FEB
2026-01-30 06:02:24 | INFO     | [lf.flight.extracted] SM433 on 27FEB: BKG=4, LF=2.2%
2026-01-30 06:02:26 | INFO     | [SUCCESS] Day 27FEB
2026-01-30 06:02:26 | INFO     | [DAY_START] Processing 26FEB
2026-01-30 06:02:26 | INFO     | [lf.day.start] Processing CAI-DMM for 26FEB
2026-01-30 06:02:27 | INFO     | [lf.day.flights_found] Found 1 flights on 26FEB
2026-01-30 06:02:29 | INFO     | [lf.flight.extracted] SM433 on 26FEB: BKG=4, LF=2.2%
2026-01-30 06:02:32 | INFO     | [SUCCESS] Day 26FEB
2026-01-30 06:02:32 | INFO     | [DAY_START] Processing 25FEB
2026-01-30 06:02:32 | INFO     | [lf.day.start] Processing CAI-DMM for 25FEB
2026-01-30 06:02:33 | WARNING  | [lf.day.no_flights] No direct flights on 25FEB
2026-01-30 06:02:33 | INFO     | [SUCCESS] Day 25FEB
2026-01-30 06:02:33 | INFO     | [DAY_START] Processing 24FEB
2026-01-30 06:02:33 | INFO     | [lf.day.start] Processing CAI-DMM for 24FEB
2026-01-30 06:02:34 | INFO     | [lf.day.flights_found] Found 1 flights on 24FEB
2026-01-30 06:02:36 | INFO     | [lf.flight.extracted] SM433 on 24FEB: BKG=6, LF=3.4%
2026-01-30 06:02:39 | INFO     | [SUCCESS] Day 24FEB
2026-01-30 06:02:39 | INFO     | [DAY_START] Processing 23FEB
2026-01-30 06:02:39 | INFO     | [lf.day.start] Processing CAI-DMM for 23FEB
2026-01-30 06:02:42 | WARNING  | [lf.day.no_flights] No direct flights on 23FEB
2026-01-30 06:02:42 | INFO     | [SUCCESS] Day 23FEB
2026-01-30 06:02:42 | INFO     | [DAY_START] Processing 22FEB
2026-01-30 06:02:42 | INFO     | [lf.day.start] Processing CAI-DMM for 22FEB
2026-01-30 06:02:43 | WARNING  | [lf.day.no_flights] No direct flights on 22FEB
2026-01-30 06:02:43 | INFO     | [SUCCESS] Day 22FEB
2026-01-30 06:02:43 | INFO     | [DAY_START] Processing 21FEB
2026-01-30 06:02:43 | INFO     | [lf.day.start] Processing CAI-DMM for 21FEB
2026-01-30 06:02:44 | INFO     | [lf.day.flights_found] Found 1 flights on 21FEB
2026-01-30 06:02:46 | INFO     | [lf.flight.extracted] SM433 on 21FEB: BKG=19, LF=10.6%
2026-01-30 06:02:49 | INFO     | [SUCCESS] Day 21FEB
2026-01-30 06:02:49 | INFO     | [DAY_START] Processing 20FEB
2026-01-30 06:02:49 | INFO     | [lf.day.start] Processing CAI-DMM for 20FEB
2026-01-30 06:02:50 | INFO     | [lf.day.flights_found] Found 1 flights on 20FEB
2026-01-30 06:02:52 | INFO     | [lf.flight.extracted] SM433 on 20FEB: BKG=18, LF=10.2%
2026-01-30 06:02:55 | INFO     | [SUCCESS] Day 20FEB
2026-01-30 06:02:55 | INFO     | [DAY_START] Processing 19FEB
2026-01-30 06:02:55 | INFO     | [lf.day.start] Processing CAI-DMM for 19FEB
2026-01-30 06:02:56 | INFO     | [lf.day.flights_found] Found 1 flights on 19FEB
2026-01-30 06:02:58 | INFO     | [lf.flight.extracted] SM433 on 19FEB: BKG=4, LF=2.2%
2026-01-30 06:03:00 | INFO     | [SUCCESS] Day 19FEB
2026-01-30 06:03:00 | INFO     | [SUCCESS] LF Search Complete
2026-01-30 06:03:00 | INFO     | [Worker_9227] Completed: CAI-DMM - 10 results, 0 errors
2026-01-30 06:03:00 | INFO     | [Worker_9227] Processing: CAI-YNB
2026-01-30 06:03:00 | INFO     |   Tier 0: Range 1, Chunk 1/3 (10 days)
