2026-01-30 06:14:58 | INFO     | ======================================================================
2026-01-30 06:14:58 | INFO     | Load Factor Scraper Started - Route: CAI-YNB
2026-01-30 06:14:58 | INFO     | Log file: D:\CODERED\LAB\Artifacts\outputs\run_generated_300126_at_05.16\logs\LF_CAI-YNB_20260130_061458.log
2026-01-30 06:14:58 | INFO     | Enhanced logging: Capturing both logging.info() and print()
2026-01-30 06:14:58 | INFO     | ======================================================================
2026-01-30 06:14:58 | INFO     | Starting LF search for route: CAI-YNB
2026-01-30 06:14:58 | INFO     | [START] LF Search
2026-01-30 06:14:59 | INFO     | [HEALTH CHECK] [OK] Chrome connection is healthy
2026-01-30 06:14:59 | INFO     | [DAY_START] Processing 08FEB
2026-01-30 06:14:59 | INFO     | [lf.day.start] Processing CAI-YNB for 08FEB
2026-01-30 06:15:00 | INFO     | [lf.day.flights_found] Found 4 flights on 08FEB
2026-01-30 06:15:02 | INFO     | [lf.flight.extracted] SM981 on 08FEB: BKG=175, LF=97.8%
2026-01-30 06:15:06 | INFO     | [lf.flight.extracted] SM441 on 08FEB: BKG=176, LF=100.0%
2026-01-30 06:15:09 | INFO     | [lf.flight.extracted] SM983 on 08FEB: BKG=155, LF=86.6%
2026-01-30 06:15:13 | INFO     | [lf.flight.extracted] SM985 on 08FEB: BKG=175, LF=97.8%
2026-01-30 06:15:24 | INFO     | [SUCCESS] Day 08FEB
2026-01-30 06:15:24 | INFO     | [DAY_START] Processing 07FEB
2026-01-30 06:15:24 | INFO     | [lf.day.start] Processing CAI-YNB for 07FEB
2026-01-30 06:15:25 | INFO     | [lf.day.flights_found] Found 1 flights on 07FEB
2026-01-30 06:15:27 | INFO     | [lf.flight.extracted] SM441 on 07FEB: BKG=170, LF=95.0%
2026-01-30 06:15:31 | INFO     | [SUCCESS] Day 07FEB
2026-01-30 06:15:31 | INFO     | [DAY_START] Processing 06FEB
2026-01-30 06:15:31 | INFO     | [lf.day.start] Processing CAI-YNB for 06FEB
2026-01-30 06:15:32 | INFO     | [lf.day.flights_found] Found 1 flights on 06FEB
2026-01-30 06:15:34 | INFO     | [lf.flight.extracted] SM441 on 06FEB: BKG=154, LF=86.0%
2026-01-30 06:15:37 | INFO     | [SUCCESS] Day 06FEB
2026-01-30 06:15:37 | INFO     | [DAY_START] Processing 05FEB
2026-01-30 06:15:37 | INFO     | [lf.day.start] Processing CAI-YNB for 05FEB
2026-01-30 06:15:39 | INFO     | [lf.day.flights_found] Found 1 flights on 05FEB
2026-01-30 06:15:41 | INFO     | [lf.flight.extracted] SM441 on 05FEB: BKG=62, LF=34.6%
2026-01-30 06:15:45 | INFO     | [SUCCESS] Day 05FEB
2026-01-30 06:15:45 | INFO     | [DAY_START] Processing 04FEB
2026-01-30 06:15:45 | INFO     | [lf.day.start] Processing CAI-YNB for 04FEB
2026-01-30 06:15:46 | INFO     | [lf.day.flights_found] Found 1 flights on 04FEB
2026-01-30 06:15:48 | INFO     | [lf.flight.extracted] SM441 on 04FEB: BKG=45, LF=25.1%
2026-01-30 06:15:52 | INFO     | [SUCCESS] Day 04FEB
2026-01-30 06:15:52 | INFO     | [DAY_START] Processing 03FEB
2026-01-30 06:15:52 | INFO     | [lf.day.start] Processing CAI-YNB for 03FEB
2026-01-30 06:15:54 | INFO     | [lf.day.flights_found] Found 1 flights on 03FEB
2026-01-30 06:15:56 | INFO     | [lf.flight.extracted] SM441 on 03FEB: BKG=32, LF=18.2%
2026-01-30 06:15:59 | INFO     | [SUCCESS] Day 03FEB
2026-01-30 06:15:59 | INFO     | [DAY_START] Processing 02FEB
2026-01-30 06:15:59 | INFO     | [lf.day.start] Processing CAI-YNB for 02FEB
2026-01-30 06:16:00 | INFO     | [lf.day.flights_found] Found 1 flights on 02FEB
2026-01-30 06:16:02 | INFO     | [lf.flight.extracted] SM441 on 02FEB: BKG=42, LF=23.5%
2026-01-30 06:16:06 | INFO     | [SUCCESS] Day 02FEB
2026-01-30 06:16:06 | INFO     | [DAY_START] Processing 01FEB
2026-01-30 06:16:06 | INFO     | [lf.day.start] Processing CAI-YNB for 01FEB
2026-01-30 06:16:07 | INFO     | [lf.day.flights_found] Found 1 flights on 01FEB
2026-01-30 06:16:09 | INFO     | [lf.flight.extracted] SM441 on 01FEB: BKG=82, LF=45.8%
2026-01-30 06:16:14 | INFO     | [SUCCESS] Day 01FEB
2026-01-30 06:16:14 | INFO     | [DAY_START] Processing 31JAN
2026-01-30 06:16:14 | INFO     | [lf.day.start] Processing CAI-YNB for 31JAN
2026-01-30 06:16:15 | INFO     | [lf.day.flights_found] Found 1 flights on 31JAN
2026-01-30 06:16:17 | INFO     | [lf.flight.extracted] SM441 on 31JAN: BKG=98, LF=54.8%
2026-01-30 06:16:22 | INFO     | [SUCCESS] Day 31JAN
2026-01-30 06:16:22 | INFO     | [SUCCESS] LF Search Complete
2026-01-30 06:16:22 | INFO     | [Worker_9233] Completed: CAI-YNB - 9 results, 0 errors
2026-01-30 06:21:42 | INFO     | [Worker_9233] Shutdown signal received, exiting...
2026-01-30 06:21:42 | INFO     | [Worker_9233] Finished. Processed 77 groups.
