2026-01-30 05:32:14 | INFO     | ======================================================================
2026-01-30 05:32:14 | INFO     | Load Factor Scraper Started - Route: CAI-JED
2026-01-30 05:32:14 | INFO     | Log file: D:\CODERED\LAB\Artifacts\outputs\run_generated_300126_at_05.16\logs\LF_CAI-JED_20260130_053214.log
2026-01-30 05:32:14 | INFO     | Enhanced logging: Capturing both logging.info() and print()
2026-01-30 05:32:14 | INFO     | ======================================================================
2026-01-30 05:32:14 | INFO     | Starting LF search for route: CAI-JED
2026-01-30 05:32:14 | INFO     | [START] LF Search
2026-01-30 05:32:15 | INFO     | [HEALTH CHECK] [OK] Chrome connection is healthy
2026-01-30 05:32:15 | INFO     | [DAY_START] Processing 09APR
2026-01-30 05:32:15 | INFO     | [lf.day.start] Processing CAI-JED for 09APR
2026-01-30 05:32:17 | INFO     | [lf.day.flights_found] Found 3 flights on 09APR
2026-01-30 05:32:19 | INFO     | [lf.flight.extracted] SM477 on 09APR: BKG=4, LF=2.2%
2026-01-30 05:32:22 | INFO     | [lf.flight.extracted] SM475 on 09APR: BKG=10, LF=5.6%
2026-01-30 05:32:25 | INFO     | [lf.flight.extracted] SM459 on 09APR: BKG=10, LF=5.6%
2026-01-30 05:32:31 | INFO     | [SUCCESS] Day 09APR
2026-01-30 05:32:31 | INFO     | [DAY_START] Processing 08APR
2026-01-30 05:32:31 | INFO     | [lf.day.start] Processing CAI-JED for 08APR
2026-01-30 05:32:32 | INFO     | [lf.day.flights_found] Found 2 flights on 08APR
2026-01-30 05:32:34 | INFO     | [lf.flight.extracted] SM477 on 08APR: BKG=8, LF=4.5%
2026-01-30 05:32:37 | INFO     | [lf.flight.extracted] SM475 on 08APR: BKG=10, LF=5.6%
2026-01-30 05:32:41 | INFO     | [SUCCESS] Day 08APR
2026-01-30 05:32:41 | INFO     | [DAY_START] Processing 07APR
2026-01-30 05:32:41 | INFO     | [lf.day.start] Processing CAI-JED for 07APR
2026-01-30 05:32:42 | INFO     | [lf.day.flights_found] Found 3 flights on 07APR
2026-01-30 05:32:44 | INFO     | [lf.flight.extracted] SM477 on 07APR: BKG=3, LF=1.7%
2026-01-30 05:32:47 | INFO     | [lf.flight.extracted] SM475 on 07APR: BKG=4, LF=2.2%
2026-01-30 05:32:51 | INFO     | [lf.flight.extracted] SM479 on 07APR: BKG=9, LF=5.0%
2026-01-30 05:32:56 | INFO     | [SUCCESS] Day 07APR
2026-01-30 05:32:56 | INFO     | [DAY_START] Processing 06APR
2026-01-30 05:32:56 | INFO     | [lf.day.start] Processing CAI-JED for 06APR
2026-01-30 05:32:57 | INFO     | [lf.day.flights_found] Found 3 flights on 06APR
2026-01-30 05:32:59 | INFO     | [lf.flight.extracted] SM477 on 06APR: BKG=4, LF=2.2%
2026-01-30 05:33:03 | INFO     | [lf.flight.extracted] SM475 on 06APR: BKG=6, LF=3.4%
2026-01-30 05:33:07 | INFO     | [lf.flight.extracted] SM479 on 06APR: BKG=19, LF=10.6%
2026-01-30 05:33:16 | INFO     | [SUCCESS] Day 06APR
2026-01-30 05:33:16 | INFO     | [DAY_START] Processing 05APR
2026-01-30 05:33:16 | INFO     | [lf.day.start] Processing CAI-JED for 05APR
2026-01-30 05:33:17 | INFO     | [lf.day.flights_found] Found 3 flights on 05APR
2026-01-30 05:33:20 | INFO     | [lf.flight.extracted] SM477 on 05APR: BKG=24, LF=13.4%
2026-01-30 05:33:23 | INFO     | [lf.flight.extracted] SM475 on 05APR: BKG=26, LF=14.5%
2026-01-30 05:33:27 | INFO     | [lf.flight.extracted] SM459 on 05APR: BKG=19, LF=10.6%
2026-01-30 05:33:31 | ERROR    | Atomic write failed for D:\CODERED\LAB\Artifacts\outputs\run_generated_300126_at_05.16\checkpoints\flight_booking_data.json: [WinError 5] Access is denied: 'D:\\CODERED\\LAB\\Artifacts\\outputs\\run_generated_300126_at_05.16\\checkpoints\\flight_booking_data.tmp_38c71224' -> 'D:\\CODERED\\LAB\\Artifacts\\outputs\\run_generated_300126_at_05.16\\checkpoints\\flight_booking_data.json'
2026-01-30 05:33:40 | INFO     | [SUCCESS] Day 05APR
2026-01-30 05:33:40 | INFO     | [DAY_START] Processing 04APR
2026-01-30 05:33:40 | INFO     | [lf.day.start] Processing CAI-JED for 04APR
2026-01-30 05:33:48 | INFO     | [lf.day.flights_found] Found 2 flights on 04APR
2026-01-30 05:33:52 | INFO     | [lf.flight.extracted] SM477 on 04APR: BKG=27, LF=15.1%
2026-01-30 05:33:57 | INFO     | [lf.flight.extracted] SM475 on 04APR: BKG=32, LF=17.9%
2026-01-30 05:34:10 | INFO     | [SUCCESS] Day 04APR
2026-01-30 05:34:10 | INFO     | [DAY_START] Processing 03APR
2026-01-30 05:34:10 | INFO     | [lf.day.start] Processing CAI-JED for 03APR
2026-01-30 05:34:38 | INFO     | [lf.day.flights_found] Found 3 flights on 03APR
2026-01-30 05:34:43 | INFO     | [lf.flight.extracted] SM477 on 03APR: BKG=18, LF=10.1%
2026-01-30 05:34:48 | INFO     | [lf.flight.extracted] SM475 on 03APR: BKG=18, LF=10.1%
2026-01-30 05:34:52 | INFO     | [lf.flight.extracted] SM479 on 03APR: BKG=32, LF=17.9%
2026-01-30 05:35:20 | INFO     | [SUCCESS] Day 03APR
2026-01-30 05:35:20 | INFO     | [DAY_START] Processing 02APR
2026-01-30 05:35:20 | INFO     | [lf.day.start] Processing CAI-JED for 02APR
2026-01-30 05:35:25 | INFO     | [lf.day.flights_found] Found 3 flights on 02APR
2026-01-30 05:35:37 | INFO     | [lf.flight.extracted] SM477 on 02APR: BKG=14, LF=7.8%
2026-01-30 05:35:46 | INFO     | [lf.flight.extracted] SM475 on 02APR: BKG=18, LF=10.1%
2026-01-30 05:35:56 | INFO     | [lf.flight.extracted] SM459 on 02APR: BKG=17, LF=9.5%
2026-01-30 05:36:14 | INFO     | [SUCCESS] Day 02APR
2026-01-30 05:36:14 | INFO     | [DAY_START] Processing 01APR
2026-01-30 05:36:14 | INFO     | [lf.day.start] Processing CAI-JED for 01APR
2026-01-30 05:36:18 | INFO     | [lf.day.flights_found] Found 2 flights on 01APR
2026-01-30 05:36:25 | INFO     | [lf.flight.extracted] SM477 on 01APR: BKG=21, LF=11.7%
2026-01-30 05:36:35 | INFO     | [lf.flight.extracted] SM475 on 01APR: BKG=23, LF=12.8%
2026-01-30 05:36:56 | INFO     | [SUCCESS] Day 01APR
2026-01-30 05:36:56 | INFO     | [DAY_START] Processing 31MAR
2026-01-30 05:36:56 | INFO     | [lf.day.start] Processing CAI-JED for 31MAR
2026-01-30 05:37:00 | INFO     | [lf.day.flights_found] Found 3 flights on 31MAR
2026-01-30 05:37:08 | INFO     | [lf.flight.extracted] SM477 on 31MAR: BKG=1, LF=0.6%
2026-01-30 05:37:18 | INFO     | [lf.flight.extracted] SM475 on 31MAR: BKG=5, LF=2.8%
2026-01-30 05:37:33 | INFO     | [lf.flight.extracted] SM479 on 31MAR: BKG=10, LF=5.6%
2026-01-30 05:37:56 | INFO     | [SUCCESS] Day 31MAR
2026-01-30 05:37:56 | INFO     | [SUCCESS] LF Search Complete
2026-01-30 05:37:56 | INFO     | [Worker_9233] Completed: CAI-JED - 10 results, 0 errors
2026-01-30 05:37:56 | INFO     | [Worker_9233] Processing: DMM-ATZ
2026-01-30 05:37:56 | INFO     |   Tier 0: Range 2, Chunk 1/3 (10 days)
