2026-01-30 05:19:57 | INFO     | ======================================================================
2026-01-30 05:19:57 | INFO     | Load Factor Scraper Started - Route: CAI-DMM
2026-01-30 05:19:57 | INFO     | Log file: D:\CODERED\LAB\Artifacts\outputs\run_generated_300126_at_05.16\logs\LF_CAI-DMM_20260130_051957.log
2026-01-30 05:19:57 | INFO     | Enhanced logging: Capturing both logging.info() and print()
2026-01-30 05:19:57 | INFO     | ======================================================================
2026-01-30 05:19:57 | INFO     | Starting LF search for route: CAI-DMM
2026-01-30 05:19:57 | INFO     | [START] LF Search
2026-01-30 05:19:58 | INFO     | [HEALTH CHECK] [OK] Chrome connection is healthy
2026-01-30 05:19:58 | INFO     | [DAY_START] Processing 22MAY
2026-01-30 05:19:58 | INFO     | [lf.day.start] Processing CAI-DMM for 22MAY
2026-01-30 05:19:59 | INFO     | [lf.day.flights_found] Found 1 flights on 22MAY
2026-01-30 05:20:01 | INFO     | [lf.flight.extracted] SM439 on 22MAY: BKG=2, LF=1.1%
2026-01-30 05:20:05 | INFO     | [SUCCESS] Day 22MAY
2026-01-30 05:20:05 | INFO     | [DAY_START] Processing 21MAY
2026-01-30 05:20:05 | INFO     | [lf.day.start] Processing CAI-DMM for 21MAY
2026-01-30 05:20:06 | INFO     | [lf.day.flights_found] Found 1 flights on 21MAY
2026-01-30 05:20:08 | INFO     | [lf.flight.extracted] SM433 on 21MAY: BKG=0, LF=0.0%
2026-01-30 05:20:09 | INFO     | [SUCCESS] Day 21MAY
2026-01-30 05:20:09 | INFO     | [DAY_START] Processing 20MAY
2026-01-30 05:20:09 | INFO     | [lf.day.start] Processing CAI-DMM for 20MAY
2026-01-30 05:20:11 | INFO     | [lf.day.flights_found] Found 1 flights on 20MAY
2026-01-30 05:20:13 | INFO     | [lf.flight.extracted] SM433 on 20MAY: BKG=0, LF=0.0%
2026-01-30 05:20:14 | INFO     | [SUCCESS] Day 20MAY
2026-01-30 05:20:14 | INFO     | [DAY_START] Processing 19MAY
2026-01-30 05:20:14 | INFO     | [lf.day.start] Processing CAI-DMM for 19MAY
2026-01-30 05:20:15 | INFO     | [lf.day.flights_found] Found 1 flights on 19MAY
2026-01-30 05:20:17 | INFO     | [lf.flight.extracted] SM433 on 19MAY: BKG=0, LF=0.0%
2026-01-30 05:20:18 | INFO     | [SUCCESS] Day 19MAY
2026-01-30 05:20:18 | INFO     | [DAY_START] Processing 18MAY
2026-01-30 05:20:18 | INFO     | [lf.day.start] Processing CAI-DMM for 18MAY
2026-01-30 05:20:19 | INFO     | [lf.day.flights_found] Found 1 flights on 18MAY
2026-01-30 05:20:21 | INFO     | [lf.flight.extracted] SM433 on 18MAY: BKG=0, LF=0.0%
2026-01-30 05:20:23 | INFO     | [SUCCESS] Day 18MAY
2026-01-30 05:20:23 | INFO     | [DAY_START] Processing 17MAY
2026-01-30 05:20:23 | INFO     | [lf.day.start] Processing CAI-DMM for 17MAY
2026-01-30 05:20:24 | INFO     | [lf.day.flights_found] Found 1 flights on 17MAY
2026-01-30 05:20:26 | INFO     | [lf.flight.extracted] SM439 on 17MAY: BKG=0, LF=0.0%
2026-01-30 05:20:27 | INFO     | [SUCCESS] Day 17MAY
2026-01-30 05:20:27 | INFO     | [DAY_START] Processing 16MAY
2026-01-30 05:20:27 | INFO     | [lf.day.start] Processing CAI-DMM for 16MAY
2026-01-30 05:20:28 | INFO     | [lf.day.flights_found] Found 1 flights on 16MAY
2026-01-30 05:20:30 | INFO     | [lf.flight.extracted] SM433 on 16MAY: BKG=0, LF=0.0%
2026-01-30 05:20:31 | INFO     | [SUCCESS] Day 16MAY
2026-01-30 05:20:31 | INFO     | [DAY_START] Processing 15MAY
2026-01-30 05:20:31 | INFO     | [lf.day.start] Processing CAI-DMM for 15MAY
2026-01-30 05:20:33 | INFO     | [lf.day.flights_found] Found 1 flights on 15MAY
2026-01-30 05:20:35 | INFO     | [lf.flight.extracted] SM439 on 15MAY: BKG=1, LF=0.6%
2026-01-30 05:20:37 | INFO     | [SUCCESS] Day 15MAY
2026-01-30 05:20:37 | INFO     | [SUCCESS] LF Search Complete
2026-01-30 05:20:37 | INFO     | [Worker_9222] Completed: CAI-DMM - 8 results, 0 errors
2026-01-30 05:20:37 | INFO     | [Worker_9222] Processing: MED-ATZ
2026-01-30 05:20:37 | INFO     |   Tier 0: Range 4, Chunk 3/4 (8 days)
