2026-01-30 06:07:11 | INFO     | ======================================================================
2026-01-30 06:07:11 | INFO     | Load Factor Scraper Started - Route: CAI-MED
2026-01-30 06:07:11 | INFO     | Log file: D:\CODERED\LAB\Artifacts\outputs\run_generated_300126_at_05.16\logs\LF_CAI-MED_20260130_060711.log
2026-01-30 06:07:11 | INFO     | Enhanced logging: Capturing both logging.info() and print()
2026-01-30 06:07:11 | INFO     | ======================================================================
2026-01-30 06:07:11 | INFO     | Starting LF search for route: CAI-MED
2026-01-30 06:07:11 | INFO     | [START] LF Search
2026-01-30 06:07:12 | INFO     | [HEALTH CHECK] [OK] Chrome connection is healthy
2026-01-30 06:07:12 | INFO     | [DAY_START] Processing 18FEB
2026-01-30 06:07:12 | INFO     | [lf.day.start] Processing CAI-MED for 18FEB
2026-01-30 06:07:13 | INFO     | [lf.day.flights_found] Found 2 flights on 18FEB
2026-01-30 06:07:15 | INFO     | [lf.flight.extracted] SM951 on 18FEB: BKG=170, LF=95.0%
2026-01-30 06:07:18 | INFO     | [lf.flight.extracted] SM953 on 18FEB: BKG=170, LF=95.0%
2026-01-30 06:07:22 | INFO     | [SUCCESS] Day 18FEB
2026-01-30 06:07:22 | INFO     | [DAY_START] Processing 17FEB
2026-01-30 06:07:22 | INFO     | [lf.day.start] Processing CAI-MED for 17FEB
2026-01-30 06:07:24 | INFO     | [lf.day.flights_found] Found 2 flights on 17FEB
2026-01-30 06:07:25 | INFO     | [lf.flight.extracted] SM971 on 17FEB: BKG=180, LF=100.6%
2026-01-30 06:07:29 | INFO     | [lf.flight.extracted] SM493 on 17FEB: BKG=177, LF=98.9%
2026-01-30 06:07:35 | INFO     | [SUCCESS] Day 17FEB
2026-01-30 06:07:35 | INFO     | [DAY_START] Processing 16FEB
2026-01-30 06:07:35 | INFO     | [lf.day.start] Processing CAI-MED for 16FEB
2026-01-30 06:07:37 | INFO     | [lf.day.flights_found] Found 2 flights on 16FEB
2026-01-30 06:07:39 | INFO     | [lf.flight.extracted] SM971 on 16FEB: BKG=170, LF=95.0%
2026-01-30 06:07:42 | INFO     | [lf.flight.extracted] SM495 on 16FEB: BKG=176, LF=100.0%
2026-01-30 06:07:48 | INFO     | [SUCCESS] Day 16FEB
2026-01-30 06:07:48 | INFO     | [DAY_START] Processing 15FEB
2026-01-30 06:07:48 | INFO     | [lf.day.start] Processing CAI-MED for 15FEB
2026-01-30 06:07:49 | INFO     | [lf.day.flights_found] Found 1 flights on 15FEB
2026-01-30 06:07:51 | INFO     | [lf.flight.extracted] SM493 on 15FEB: BKG=157, LF=87.7%
2026-01-30 06:07:56 | INFO     | [SUCCESS] Day 15FEB
2026-01-30 06:07:56 | INFO     | [DAY_START] Processing 14FEB
2026-01-30 06:07:56 | INFO     | [lf.day.start] Processing CAI-MED for 14FEB
2026-01-30 06:07:57 | INFO     | [lf.day.flights_found] Found 1 flights on 14FEB
2026-01-30 06:07:59 | INFO     | [lf.flight.extracted] SM493 on 14FEB: BKG=178, LF=99.4%
2026-01-30 06:08:05 | INFO     | [SUCCESS] Day 14FEB
2026-01-30 06:08:05 | INFO     | [DAY_START] Processing 13FEB
2026-01-30 06:08:05 | INFO     | [lf.day.start] Processing CAI-MED for 13FEB
2026-01-30 06:08:06 | INFO     | [lf.day.flights_found] Found 1 flights on 13FEB
2026-01-30 06:08:08 | INFO     | [lf.flight.extracted] SM971 on 13FEB: BKG=179, LF=100.0%
2026-01-30 06:08:10 | INFO     | [SUCCESS] Day 13FEB
2026-01-30 06:08:10 | INFO     | [DAY_START] Processing 12FEB
2026-01-30 06:08:10 | INFO     | [lf.day.start] Processing CAI-MED for 12FEB
2026-01-30 06:08:12 | INFO     | [lf.day.flights_found] Found 1 flights on 12FEB
2026-01-30 06:08:14 | INFO     | [lf.flight.extracted] SM493 on 12FEB: BKG=176, LF=100.0%
2026-01-30 06:08:19 | INFO     | [SUCCESS] Day 12FEB
2026-01-30 06:08:19 | INFO     | [DAY_START] Processing 11FEB
2026-01-30 06:08:19 | INFO     | [lf.day.start] Processing CAI-MED for 11FEB
2026-01-30 06:08:20 | WARNING  | [lf.day.no_flights] No direct flights on 11FEB
2026-01-30 06:08:20 | INFO     | [SUCCESS] Day 11FEB
2026-01-30 06:08:20 | INFO     | [DAY_START] Processing 10FEB
2026-01-30 06:08:20 | INFO     | [lf.day.start] Processing CAI-MED for 10FEB
2026-01-30 06:08:21 | INFO     | [lf.day.flights_found] Found 1 flights on 10FEB
2026-01-30 06:08:23 | INFO     | [lf.flight.extracted] SM493 on 10FEB: BKG=179, LF=100.0%
2026-01-30 06:08:28 | INFO     | [SUCCESS] Day 10FEB
2026-01-30 06:08:28 | INFO     | [DAY_START] Processing 09FEB
2026-01-30 06:08:28 | INFO     | [lf.day.start] Processing CAI-MED for 09FEB
2026-01-30 06:08:29 | INFO     | [lf.day.flights_found] Found 1 flights on 09FEB
2026-01-30 06:08:31 | INFO     | [lf.flight.extracted] SM495 on 09FEB: BKG=172, LF=96.1%
2026-01-30 06:08:35 | INFO     | [SUCCESS] Day 09FEB
2026-01-30 06:08:35 | INFO     | [SUCCESS] LF Search Complete
2026-01-30 06:08:35 | INFO     | [Worker_9234] Completed: CAI-MED - 10 results, 0 errors
2026-01-30 06:08:35 | INFO     | [Worker_9234] Processing: CAI-RUH
2026-01-30 06:08:35 | INFO     |   Tier 0: Range 1, Chunk 2/3 (10 days)
