2026-01-30 05:29:55 | INFO     | ======================================================================
2026-01-30 05:29:55 | INFO     | Load Factor Scraper Started - Route: CAI-TUU
2026-01-30 05:29:55 | INFO     | Log file: D:\CODERED\LAB\Artifacts\outputs\run_generated_300126_at_05.16\logs\LF_CAI-TUU_20260130_052955.log
2026-01-30 05:29:55 | INFO     | Enhanced logging: Capturing both logging.info() and print()
2026-01-30 05:29:55 | INFO     | ======================================================================
2026-01-30 05:29:55 | INFO     | Starting LF search for route: CAI-TUU
2026-01-30 05:29:55 | INFO     | [START] LF Search
2026-01-30 05:29:55 | INFO     | [HEALTH CHECK] [OK] Chrome connection is healthy
2026-01-30 05:29:56 | INFO     | [DAY_START] Processing 19APR
2026-01-30 05:29:56 | INFO     | [lf.day.start] Processing CAI-TUU for 19APR
2026-01-30 05:29:57 | WARNING  | [lf.day.no_flights] No direct flights on 19APR
2026-01-30 05:29:57 | INFO     | [SUCCESS] Day 19APR
2026-01-30 05:29:57 | INFO     | [DAY_START] Processing 18APR
2026-01-30 05:29:57 | INFO     | [lf.day.start] Processing CAI-TUU for 18APR
2026-01-30 05:29:58 | INFO     | [lf.day.flights_found] Found 1 flights on 18APR
2026-01-30 05:30:00 | INFO     | [lf.flight.extracted] SM325 on 18APR: BKG=0, LF=0.0%
2026-01-30 05:30:02 | INFO     | [SUCCESS] Day 18APR
2026-01-30 05:30:02 | INFO     | [DAY_START] Processing 17APR
2026-01-30 05:30:02 | INFO     | [lf.day.start] Processing CAI-TUU for 17APR
2026-01-30 05:30:04 | INFO     | [lf.day.flights_found] Found 1 flights on 17APR
2026-01-30 05:30:06 | INFO     | [lf.flight.extracted] SM325 on 17APR: BKG=4, LF=2.2%
2026-01-30 05:30:08 | INFO     | [SUCCESS] Day 17APR
2026-01-30 05:30:08 | INFO     | [DAY_START] Processing 16APR
2026-01-30 05:30:08 | INFO     | [lf.day.start] Processing CAI-TUU for 16APR
2026-01-30 05:30:10 | INFO     | [lf.day.flights_found] Found 1 flights on 16APR
2026-01-30 05:30:12 | INFO     | [lf.flight.extracted] SM325 on 16APR: BKG=0, LF=0.0%
2026-01-30 05:30:13 | INFO     | [SUCCESS] Day 16APR
2026-01-30 05:30:13 | INFO     | [DAY_START] Processing 15APR
2026-01-30 05:30:13 | INFO     | [lf.day.start] Processing CAI-TUU for 15APR
2026-01-30 05:30:14 | WARNING  | [lf.day.no_flights] No direct flights on 15APR
2026-01-30 05:30:14 | INFO     | [SUCCESS] Day 15APR
2026-01-30 05:30:14 | INFO     | [DAY_START] Processing 14APR
2026-01-30 05:30:14 | INFO     | [lf.day.start] Processing CAI-TUU for 14APR
2026-01-30 05:30:15 | INFO     | [lf.day.flights_found] Found 1 flights on 14APR
2026-01-30 05:30:17 | INFO     | [lf.flight.extracted] SM325 on 14APR: BKG=2, LF=1.1%
2026-01-30 05:30:19 | INFO     | [SUCCESS] Day 14APR
2026-01-30 05:30:19 | INFO     | [DAY_START] Processing 13APR
2026-01-30 05:30:19 | INFO     | [lf.day.start] Processing CAI-TUU for 13APR
2026-01-30 05:30:20 | WARNING  | [lf.day.no_flights] No direct flights on 13APR
2026-01-30 05:30:20 | INFO     | [SUCCESS] Day 13APR
2026-01-30 05:30:20 | INFO     | [DAY_START] Processing 12APR
2026-01-30 05:30:20 | INFO     | [lf.day.start] Processing CAI-TUU for 12APR
2026-01-30 05:30:22 | WARNING  | [lf.day.no_flights] No direct flights on 12APR
2026-01-30 05:30:22 | INFO     | [SUCCESS] Day 12APR
2026-01-30 05:30:22 | INFO     | [DAY_START] Processing 11APR
2026-01-30 05:30:22 | INFO     | [lf.day.start] Processing CAI-TUU for 11APR
2026-01-30 05:30:23 | INFO     | [lf.day.flights_found] Found 1 flights on 11APR
2026-01-30 05:30:25 | INFO     | [lf.flight.extracted] SM325 on 11APR: BKG=5, LF=2.8%
2026-01-30 05:30:27 | INFO     | [SUCCESS] Day 11APR
2026-01-30 05:30:27 | INFO     | [DAY_START] Processing 10APR
2026-01-30 05:30:27 | INFO     | [lf.day.start] Processing CAI-TUU for 10APR
2026-01-30 05:30:29 | INFO     | [lf.day.flights_found] Found 1 flights on 10APR
2026-01-30 05:30:31 | INFO     | [lf.flight.extracted] SM325 on 10APR: BKG=13, LF=7.3%
2026-01-30 05:30:33 | INFO     | [SUCCESS] Day 10APR
2026-01-30 05:30:33 | INFO     | [SUCCESS] LF Search Complete
2026-01-30 05:30:33 | INFO     | [Worker_9223] Completed: CAI-TUU - 10 results, 0 errors
2026-01-30 05:30:33 | INFO     | [Worker_9223] Processing: MED-HBE
2026-01-30 05:30:33 | INFO     |   Tier 0: Range 3, Chunk 3/3 (10 days)
