2026-01-30 06:03:00 | INFO     | ======================================================================
2026-01-30 06:03:00 | INFO     | Load Factor Scraper Started - Route: CAI-YNB
2026-01-30 06:03:00 | INFO     | Log file: D:\CODERED\LAB\Artifacts\outputs\run_generated_300126_at_05.16\logs\LF_CAI-YNB_20260130_060300.log
2026-01-30 06:03:00 | INFO     | Enhanced logging: Capturing both logging.info() and print()
2026-01-30 06:03:00 | INFO     | ======================================================================
2026-01-30 06:03:00 | INFO     | Starting LF search for route: CAI-YNB
2026-01-30 06:03:00 | INFO     | [START] LF Search
2026-01-30 06:03:01 | INFO     | [HEALTH CHECK] [OK] Chrome connection is healthy
2026-01-30 06:03:01 | INFO     | [DAY_START] Processing 28FEB
2026-01-30 06:03:01 | INFO     | [lf.day.start] Processing CAI-YNB for 28FEB
2026-01-30 06:03:02 | INFO     | [lf.day.flights_found] Found 1 flights on 28FEB
2026-01-30 06:03:04 | INFO     | [lf.flight.extracted] SM441 on 28FEB: BKG=12, LF=6.7%
2026-01-30 06:03:07 | INFO     | [SUCCESS] Day 28FEB
2026-01-30 06:03:07 | INFO     | [DAY_START] Processing 27FEB
2026-01-30 06:03:07 | INFO     | [lf.day.start] Processing CAI-YNB for 27FEB
2026-01-30 06:03:08 | INFO     | [lf.day.flights_found] Found 1 flights on 27FEB
2026-01-30 06:03:10 | INFO     | [lf.flight.extracted] SM441 on 27FEB: BKG=13, LF=7.3%
2026-01-30 06:03:12 | INFO     | [SUCCESS] Day 27FEB
2026-01-30 06:03:12 | INFO     | [DAY_START] Processing 26FEB
2026-01-30 06:03:12 | INFO     | [lf.day.start] Processing CAI-YNB for 26FEB
2026-01-30 06:03:14 | INFO     | [lf.day.flights_found] Found 1 flights on 26FEB
2026-01-30 06:03:15 | INFO     | [lf.flight.extracted] SM441 on 26FEB: BKG=101, LF=56.4%
2026-01-30 06:03:18 | INFO     | [SUCCESS] Day 26FEB
2026-01-30 06:03:18 | INFO     | [DAY_START] Processing 25FEB
2026-01-30 06:03:18 | INFO     | [lf.day.start] Processing CAI-YNB for 25FEB
2026-01-30 06:03:19 | INFO     | [lf.day.flights_found] Found 1 flights on 25FEB
2026-01-30 06:03:21 | INFO     | [lf.flight.extracted] SM441 on 25FEB: BKG=179, LF=101.7%
2026-01-30 06:03:24 | INFO     | [SUCCESS] Day 25FEB
2026-01-30 06:03:24 | INFO     | [DAY_START] Processing 24FEB
2026-01-30 06:03:24 | INFO     | [lf.day.start] Processing CAI-YNB for 24FEB
2026-01-30 06:03:25 | INFO     | [lf.day.flights_found] Found 3 flights on 24FEB
2026-01-30 06:03:27 | INFO     | [lf.flight.extracted] SM941 on 24FEB: BKG=176, LF=98.3%
2026-01-30 06:03:30 | INFO     | [lf.flight.extracted] SM441 on 24FEB: BKG=178, LF=99.4%
2026-01-30 06:03:33 | INFO     | [lf.flight.extracted] SM983 on 24FEB: BKG=175, LF=97.8%
2026-01-30 06:03:38 | INFO     | [SUCCESS] Day 24FEB
2026-01-30 06:03:38 | INFO     | [DAY_START] Processing 23FEB
2026-01-30 06:03:38 | INFO     | [lf.day.start] Processing CAI-YNB for 23FEB
2026-01-30 06:03:39 | INFO     | [lf.day.flights_found] Found 2 flights on 23FEB
2026-01-30 06:03:41 | INFO     | [lf.flight.extracted] SM931 on 23FEB: BKG=175, LF=97.8%
2026-01-30 06:03:44 | INFO     | [lf.flight.extracted] SM441 on 23FEB: BKG=159, LF=88.8%
2026-01-30 06:03:50 | INFO     | [SUCCESS] Day 23FEB
2026-01-30 06:03:50 | INFO     | [DAY_START] Processing 22FEB
2026-01-30 06:03:50 | INFO     | [lf.day.start] Processing CAI-YNB for 22FEB
2026-01-30 06:03:51 | INFO     | [lf.day.flights_found] Found 4 flights on 22FEB
2026-01-30 06:03:53 | INFO     | [lf.flight.extracted] SM441 on 22FEB: BKG=147, LF=82.1%
2026-01-30 06:03:56 | INFO     | [lf.flight.extracted] SM987 on 22FEB: BKG=160, LF=89.4%
2026-01-30 06:03:59 | INFO     | [lf.flight.extracted] SM955 on 22FEB: BKG=175, LF=97.8%
2026-01-30 06:04:02 | INFO     | [lf.flight.extracted] SM985 on 22FEB: BKG=170, LF=95.0%
2026-01-30 06:04:09 | INFO     | [SUCCESS] Day 22FEB
2026-01-30 06:04:09 | INFO     | [DAY_START] Processing 21FEB
2026-01-30 06:04:09 | INFO     | [lf.day.start] Processing CAI-YNB for 21FEB
2026-01-30 06:04:10 | INFO     | [lf.day.flights_found] Found 1 flights on 21FEB
2026-01-30 06:04:12 | INFO     | [lf.flight.extracted] SM441 on 21FEB: BKG=151, LF=84.4%
2026-01-30 06:04:15 | INFO     | [SUCCESS] Day 21FEB
2026-01-30 06:04:15 | INFO     | [DAY_START] Processing 20FEB
2026-01-30 06:04:15 | INFO     | [lf.day.start] Processing CAI-YNB for 20FEB
2026-01-30 06:04:16 | INFO     | [lf.day.flights_found] Found 2 flights on 20FEB
2026-01-30 06:04:18 | INFO     | [lf.flight.extracted] SM931 on 20FEB: BKG=175, LF=97.8%
2026-01-30 06:04:21 | INFO     | [lf.flight.extracted] SM441 on 20FEB: BKG=147, LF=82.1%
2026-01-30 06:04:25 | INFO     | [SUCCESS] Day 20FEB
2026-01-30 06:04:25 | INFO     | [DAY_START] Processing 19FEB
2026-01-30 06:04:25 | INFO     | [lf.day.start] Processing CAI-YNB for 19FEB
2026-01-30 06:04:26 | INFO     | [lf.day.flights_found] Found 3 flights on 19FEB
2026-01-30 06:04:28 | INFO     | [lf.flight.extracted] SM931 on 19FEB: BKG=45, LF=25.1%
2026-01-30 06:04:32 | INFO     | [lf.flight.extracted] SM933 on 19FEB: BKG=175, LF=97.8%
2026-01-30 06:04:35 | INFO     | [lf.flight.extracted] SM441 on 19FEB: BKG=146, LF=83.0%
2026-01-30 06:04:40 | INFO     | [SUCCESS] Day 19FEB
2026-01-30 06:04:40 | INFO     | [SUCCESS] LF Search Complete
2026-01-30 06:04:40 | INFO     | [Worker_9227] Completed: CAI-YNB - 10 results, 0 errors
2026-01-30 06:04:40 | INFO     | [Worker_9227] Processing: JED-ASW
2026-01-30 06:04:40 | INFO     |   Tier 0: Range 1, Chunk 2/3 (10 days)
