2026-01-30 05:57:50 | INFO     | ======================================================================
2026-01-30 05:57:50 | INFO     | Load Factor Scraper Started - Route: CAI-TUU
2026-01-30 05:57:50 | INFO     | Log file: D:\CODERED\LAB\Artifacts\outputs\run_generated_300126_at_05.16\logs\LF_CAI-TUU_20260130_055750.log
2026-01-30 05:57:50 | INFO     | Enhanced logging: Capturing both logging.info() and print()
2026-01-30 05:57:50 | INFO     | ======================================================================
2026-01-30 05:57:50 | INFO     | Starting LF search for route: CAI-TUU
2026-01-30 05:57:50 | INFO     | [START] LF Search
2026-01-30 05:57:50 | INFO     | [HEALTH CHECK] [OK] Chrome connection is healthy
2026-01-30 05:57:50 | INFO     | [DAY_START] Processing 10MAR
2026-01-30 05:57:50 | INFO     | [lf.day.start] Processing CAI-TUU for 10MAR
2026-01-30 05:57:52 | WARNING  | [lf.day.no_flights] No direct flights on 10MAR
2026-01-30 05:57:52 | INFO     | [SUCCESS] Day 10MAR
2026-01-30 05:57:52 | INFO     | [DAY_START] Processing 09MAR
2026-01-30 05:57:52 | INFO     | [lf.day.start] Processing CAI-TUU for 09MAR
2026-01-30 05:57:53 | WARNING  | [lf.day.no_flights] No direct flights on 09MAR
2026-01-30 05:57:53 | INFO     | [SUCCESS] Day 09MAR
2026-01-30 05:57:53 | INFO     | [DAY_START] Processing 08MAR
2026-01-30 05:57:53 | INFO     | [lf.day.start] Processing CAI-TUU for 08MAR
2026-01-30 05:57:54 | WARNING  | [lf.day.no_flights] No direct flights on 08MAR
2026-01-30 05:57:54 | INFO     | [SUCCESS] Day 08MAR
2026-01-30 05:57:54 | INFO     | [DAY_START] Processing 07MAR
2026-01-30 05:57:54 | INFO     | [lf.day.start] Processing CAI-TUU for 07MAR
2026-01-30 05:57:55 | INFO     | [lf.day.flights_found] Found 1 flights on 07MAR
2026-01-30 05:57:57 | INFO     | [lf.flight.extracted] SM325 on 07MAR: BKG=3, LF=2.8%
2026-01-30 05:58:00 | INFO     | [SUCCESS] Day 07MAR
2026-01-30 05:58:00 | INFO     | [DAY_START] Processing 06MAR
2026-01-30 05:58:00 | INFO     | [lf.day.start] Processing CAI-TUU for 06MAR
2026-01-30 05:58:01 | WARNING  | [lf.day.no_flights] No direct flights on 06MAR
2026-01-30 05:58:01 | INFO     | [SUCCESS] Day 06MAR
2026-01-30 05:58:01 | INFO     | [DAY_START] Processing 05MAR
2026-01-30 05:58:01 | INFO     | [lf.day.start] Processing CAI-TUU for 05MAR
2026-01-30 05:58:02 | INFO     | [lf.day.flights_found] Found 1 flights on 05MAR
2026-01-30 05:58:05 | INFO     | [lf.flight.extracted] SM325 on 05MAR: BKG=1, LF=0.6%
2026-01-30 05:58:08 | INFO     | [SUCCESS] Day 05MAR
2026-01-30 05:58:08 | INFO     | [DAY_START] Processing 04MAR
2026-01-30 05:58:08 | INFO     | [lf.day.start] Processing CAI-TUU for 04MAR
2026-01-30 05:58:09 | INFO     | [lf.day.flights_found] Found 1 flights on 04MAR
2026-01-30 05:58:11 | INFO     | [lf.flight.extracted] SM325 on 04MAR: BKG=2, LF=1.1%
2026-01-30 05:58:14 | INFO     | [SUCCESS] Day 04MAR
2026-01-30 05:58:14 | INFO     | [DAY_START] Processing 03MAR
2026-01-30 05:58:14 | INFO     | [lf.day.start] Processing CAI-TUU for 03MAR
2026-01-30 05:58:15 | WARNING  | [lf.day.no_flights] No direct flights on 03MAR
2026-01-30 05:58:15 | INFO     | [SUCCESS] Day 03MAR
2026-01-30 05:58:15 | INFO     | [DAY_START] Processing 02MAR
2026-01-30 05:58:15 | INFO     | [lf.day.start] Processing CAI-TUU for 02MAR
2026-01-30 05:58:16 | WARNING  | [lf.day.no_flights] No direct flights on 02MAR
2026-01-30 05:58:16 | INFO     | [SUCCESS] Day 02MAR
2026-01-30 05:58:16 | INFO     | [DAY_START] Processing 01MAR
2026-01-30 05:58:16 | INFO     | [lf.day.start] Processing CAI-TUU for 01MAR
2026-01-30 05:58:17 | WARNING  | [lf.day.no_flights] No direct flights on 01MAR
2026-01-30 05:58:17 | INFO     | [SUCCESS] Day 01MAR
2026-01-30 05:58:17 | INFO     | [SUCCESS] LF Search Complete
2026-01-30 05:58:17 | INFO     | [Worker_9232] Completed: CAI-TUU - 10 results, 0 errors
2026-01-30 05:58:17 | INFO     | [Worker_9232] Processing: CAI-AHB
2026-01-30 05:58:17 | INFO     |   Tier 0: Range 2, Chunk 3/3 (10 days)
