2026-01-30 05:17:16 | INFO     | ======================================================================
2026-01-30 05:17:16 | INFO     | Load Factor Scraper Started - Route: CAI-MED
2026-01-30 05:17:16 | INFO     | Log file: D:\CODERED\LAB\Artifacts\outputs\run_generated_300126_at_05.16\logs\LF_CAI-MED_20260130_051716.log
2026-01-30 05:17:16 | INFO     | Enhanced logging: Capturing both logging.info() and print()
2026-01-30 05:17:16 | INFO     | ======================================================================
2026-01-30 05:17:16 | INFO     | Starting LF search for route: CAI-MED
2026-01-30 05:17:16 | INFO     | [START] LF Search
2026-01-30 05:17:17 | INFO     | [HEALTH CHECK] [OK] Chrome connection is healthy
2026-01-30 05:17:17 | INFO     | [DAY_START] Processing 30MAY
2026-01-30 05:17:17 | INFO     | [lf.day.start] Processing CAI-MED for 30MAY
2026-01-30 05:17:18 | WARNING  | [lf.day.no_flights] No direct flights on 30MAY
2026-01-30 05:17:18 | INFO     | [SUCCESS] Day 30MAY
2026-01-30 05:17:18 | INFO     | [DAY_START] Processing 29MAY
2026-01-30 05:17:18 | INFO     | [lf.day.start] Processing CAI-MED for 29MAY
2026-01-30 05:17:19 | WARNING  | [lf.day.no_flights] No direct flights on 29MAY
2026-01-30 05:17:19 | INFO     | [SUCCESS] Day 29MAY
2026-01-30 05:17:19 | INFO     | [DAY_START] Processing 28MAY
2026-01-30 05:17:19 | INFO     | [lf.day.start] Processing CAI-MED for 28MAY
2026-01-30 05:17:20 | INFO     | [lf.day.flights_found] Found 1 flights on 28MAY
2026-01-30 05:17:22 | INFO     | [lf.flight.extracted] SM493 on 28MAY: BKG=0, LF=0.0%
2026-01-30 05:17:23 | INFO     | [SUCCESS] Day 28MAY
2026-01-30 05:17:23 | INFO     | [DAY_START] Processing 27MAY
2026-01-30 05:17:23 | INFO     | [lf.day.start] Processing CAI-MED for 27MAY
2026-01-30 05:17:24 | INFO     | [lf.day.flights_found] Found 1 flights on 27MAY
2026-01-30 05:17:26 | INFO     | [lf.flight.extracted] SM493 on 27MAY: BKG=0, LF=0.0%
2026-01-30 05:17:27 | INFO     | [SUCCESS] Day 27MAY
2026-01-30 05:17:27 | INFO     | [DAY_START] Processing 26MAY
2026-01-30 05:17:27 | INFO     | [lf.day.start] Processing CAI-MED for 26MAY
2026-01-30 05:17:28 | INFO     | [lf.day.flights_found] Found 1 flights on 26MAY
2026-01-30 05:17:30 | INFO     | [lf.flight.extracted] SM493 on 26MAY: BKG=0, LF=0.0%
2026-01-30 05:17:31 | INFO     | [SUCCESS] Day 26MAY
2026-01-30 05:17:31 | INFO     | [DAY_START] Processing 25MAY
2026-01-30 05:17:31 | INFO     | [lf.day.start] Processing CAI-MED for 25MAY
2026-01-30 05:17:32 | WARNING  | [lf.day.no_flights] No direct flights on 25MAY
2026-01-30 05:17:32 | INFO     | [SUCCESS] Day 25MAY
2026-01-30 05:17:32 | INFO     | [DAY_START] Processing 24MAY
2026-01-30 05:17:32 | INFO     | [lf.day.start] Processing CAI-MED for 24MAY
2026-01-30 05:17:33 | INFO     | [lf.day.flights_found] Found 1 flights on 24MAY
2026-01-30 05:17:35 | INFO     | [lf.flight.extracted] SM493 on 24MAY: BKG=1, LF=0.6%
2026-01-30 05:17:37 | INFO     | [SUCCESS] Day 24MAY
2026-01-30 05:17:37 | INFO     | [DAY_START] Processing 23MAY
2026-01-30 05:17:37 | INFO     | [lf.day.start] Processing CAI-MED for 23MAY
2026-01-30 05:17:38 | WARNING  | [lf.day.no_flights] No direct flights on 23MAY
2026-01-30 05:17:38 | INFO     | [SUCCESS] Day 23MAY
2026-01-30 05:17:38 | INFO     | [SUCCESS] LF Search Complete
2026-01-30 05:17:38 | INFO     | [Worker_9234] Completed: CAI-MED - 8 results, 0 errors
2026-01-30 05:17:38 | INFO     | [Worker_9234] Processing: ATZ-RUH
2026-01-30 05:17:38 | INFO     |   Tier 0: Range 4, Chunk 1/4 (8 days)
