2026-01-30 05:53:13 | INFO     | ======================================================================
2026-01-30 05:53:13 | INFO     | Load Factor Scraper Started - Route: CAI-AJF
2026-01-30 05:53:13 | INFO     | Log file: D:\CODERED\LAB\Artifacts\outputs\run_generated_300126_at_05.16\logs\LF_CAI-AJF_20260130_055313.log
2026-01-30 05:53:13 | INFO     | Enhanced logging: Capturing both logging.info() and print()
2026-01-30 05:53:13 | INFO     | ======================================================================
2026-01-30 05:53:13 | INFO     | Starting LF search for route: CAI-AJF
2026-01-30 05:53:13 | INFO     | [START] LF Search
2026-01-30 05:53:14 | INFO     | [HEALTH CHECK] [OK] Chrome connection is healthy
2026-01-30 05:53:14 | INFO     | [DAY_START] Processing 20MAR
2026-01-30 05:53:14 | INFO     | [lf.day.start] Processing CAI-AJF for 20MAR
2026-01-30 05:53:15 | WARNING  | [lf.day.no_flights] No direct flights on 20MAR
2026-01-30 05:53:15 | INFO     | [SUCCESS] Day 20MAR
2026-01-30 05:53:15 | INFO     | [DAY_START] Processing 19MAR
2026-01-30 05:53:15 | INFO     | [lf.day.start] Processing CAI-AJF for 19MAR
2026-01-30 05:53:17 | INFO     | [lf.day.flights_found] Found 1 flights on 19MAR
2026-01-30 05:53:20 | INFO     | [lf.flight.extracted] SM321 on 19MAR: BKG=4, LF=2.2%
2026-01-30 05:53:24 | INFO     | [SUCCESS] Day 19MAR
2026-01-30 05:53:24 | INFO     | [DAY_START] Processing 18MAR
2026-01-30 05:53:24 | INFO     | [lf.day.start] Processing CAI-AJF for 18MAR
2026-01-30 05:53:26 | WARNING  | [lf.day.no_flights] No direct flights on 18MAR
2026-01-30 05:53:26 | INFO     | [SUCCESS] Day 18MAR
2026-01-30 05:53:26 | INFO     | [DAY_START] Processing 17MAR
2026-01-30 05:53:26 | INFO     | [lf.day.start] Processing CAI-AJF for 17MAR
2026-01-30 05:53:28 | INFO     | [lf.day.flights_found] Found 1 flights on 17MAR
2026-01-30 05:53:30 | INFO     | [lf.flight.extracted] SM321 on 17MAR: BKG=5, LF=2.8%
2026-01-30 05:53:34 | INFO     | [SUCCESS] Day 17MAR
2026-01-30 05:53:34 | INFO     | [DAY_START] Processing 16MAR
2026-01-30 05:53:34 | INFO     | [lf.day.start] Processing CAI-AJF for 16MAR
2026-01-30 05:53:36 | WARNING  | [lf.day.no_flights] No direct flights on 16MAR
2026-01-30 05:53:36 | INFO     | [SUCCESS] Day 16MAR
2026-01-30 05:53:36 | INFO     | [DAY_START] Processing 15MAR
2026-01-30 05:53:36 | INFO     | [lf.day.start] Processing CAI-AJF for 15MAR
2026-01-30 05:53:38 | WARNING  | [lf.day.no_flights] No direct flights on 15MAR
2026-01-30 05:53:38 | INFO     | [SUCCESS] Day 15MAR
2026-01-30 05:53:38 | INFO     | [DAY_START] Processing 14MAR
2026-01-30 05:53:38 | INFO     | [lf.day.start] Processing CAI-AJF for 14MAR
2026-01-30 05:53:41 | INFO     | [lf.day.flights_found] Found 1 flights on 14MAR
2026-01-30 05:53:44 | INFO     | [lf.flight.extracted] SM321 on 14MAR: BKG=0, LF=0.0%
2026-01-30 05:53:47 | INFO     | [SUCCESS] Day 14MAR
2026-01-30 05:53:47 | INFO     | [DAY_START] Processing 13MAR
2026-01-30 05:53:47 | INFO     | [lf.day.start] Processing CAI-AJF for 13MAR
2026-01-30 05:53:48 | WARNING  | [lf.day.no_flights] No direct flights on 13MAR
2026-01-30 05:53:48 | INFO     | [SUCCESS] Day 13MAR
2026-01-30 05:53:48 | INFO     | [DAY_START] Processing 12MAR
2026-01-30 05:53:48 | INFO     | [lf.day.start] Processing CAI-AJF for 12MAR
2026-01-30 05:53:50 | INFO     | [lf.day.flights_found] Found 1 flights on 12MAR
2026-01-30 05:53:54 | INFO     | [lf.flight.extracted] SM321 on 12MAR: BKG=7, LF=3.9%
2026-01-30 05:53:58 | INFO     | [SUCCESS] Day 12MAR
2026-01-30 05:53:58 | INFO     | [DAY_START] Processing 11MAR
2026-01-30 05:53:58 | INFO     | [lf.day.start] Processing CAI-AJF for 11MAR
2026-01-30 05:54:01 | WARNING  | [lf.day.no_flights] No direct flights on 11MAR
2026-01-30 05:54:01 | INFO     | [SUCCESS] Day 11MAR
2026-01-30 05:54:01 | INFO     | [SUCCESS] LF Search Complete
2026-01-30 05:54:01 | INFO     | [Worker_9222] Completed: CAI-AJF - 10 results, 0 errors
2026-01-30 05:54:01 | INFO     | [Worker_9222] Processing: ATZ-ELQ
2026-01-30 05:54:01 | INFO     |   Tier 0: Range 2, Chunk 2/3 (10 days)
