2026-01-30 05:40:24 | INFO     | ======================================================================
2026-01-30 05:40:24 | INFO     | Load Factor Scraper Started - Route: CAI-MED
2026-01-30 05:40:24 | INFO     | Log file: D:\CODERED\LAB\Artifacts\outputs\run_generated_300126_at_05.16\logs\LF_CAI-MED_20260130_054024.log
2026-01-30 05:40:24 | INFO     | Enhanced logging: Capturing both logging.info() and print()
2026-01-30 05:40:24 | INFO     | ======================================================================
2026-01-30 05:40:24 | INFO     | Starting LF search for route: CAI-MED
2026-01-30 05:40:24 | INFO     | [START] LF Search
2026-01-30 05:40:26 | INFO     | [HEALTH CHECK] [OK] Chrome connection is healthy
2026-01-30 05:40:26 | INFO     | [DAY_START] Processing 30MAR
2026-01-30 05:40:26 | INFO     | [lf.day.start] Processing CAI-MED for 30MAR
2026-01-30 05:40:31 | WARNING  | [lf.day.no_flights] No direct flights on 30MAR
2026-01-30 05:40:31 | INFO     | [SUCCESS] Day 30MAR
2026-01-30 05:40:31 | INFO     | [DAY_START] Processing 29MAR
2026-01-30 05:40:31 | INFO     | [lf.day.start] Processing CAI-MED for 29MAR
2026-01-30 05:40:35 | INFO     | [lf.day.flights_found] Found 1 flights on 29MAR
2026-01-30 05:40:45 | INFO     | [lf.flight.extracted] SM493 on 29MAR: BKG=60, LF=33.5%
2026-01-30 05:40:54 | INFO     | [SUCCESS] Day 29MAR
2026-01-30 05:40:54 | INFO     | [DAY_START] Processing 28MAR
2026-01-30 05:40:54 | INFO     | [lf.day.start] Processing CAI-MED for 28MAR
2026-01-30 05:40:57 | INFO     | [lf.day.flights_found] Found 1 flights on 28MAR
2026-01-30 05:41:02 | INFO     | [lf.flight.extracted] SM493 on 28MAR: BKG=35, LF=19.6%
2026-01-30 05:41:10 | INFO     | [SUCCESS] Day 28MAR
2026-01-30 05:41:10 | INFO     | [DAY_START] Processing 27MAR
2026-01-30 05:41:10 | INFO     | [lf.day.start] Processing CAI-MED for 27MAR
2026-01-30 05:41:12 | WARNING  | [lf.day.no_flights] No direct flights on 27MAR
2026-01-30 05:41:12 | INFO     | [SUCCESS] Day 27MAR
2026-01-30 05:41:12 | INFO     | [DAY_START] Processing 26MAR
2026-01-30 05:41:12 | INFO     | [lf.day.start] Processing CAI-MED for 26MAR
2026-01-30 05:41:16 | INFO     | [lf.day.flights_found] Found 1 flights on 26MAR
2026-01-30 05:41:21 | INFO     | [lf.flight.extracted] SM493 on 26MAR: BKG=0, LF=0.0%
2026-01-30 05:41:23 | INFO     | [SUCCESS] Day 26MAR
2026-01-30 05:41:23 | INFO     | [DAY_START] Processing 25MAR
2026-01-30 05:41:23 | INFO     | [lf.day.start] Processing CAI-MED for 25MAR
2026-01-30 05:41:25 | WARNING  | [lf.day.no_flights] No direct flights on 25MAR
2026-01-30 05:41:25 | INFO     | [SUCCESS] Day 25MAR
2026-01-30 05:41:25 | INFO     | [DAY_START] Processing 24MAR
2026-01-30 05:41:25 | INFO     | [lf.day.start] Processing CAI-MED for 24MAR
2026-01-30 05:41:28 | INFO     | [lf.day.flights_found] Found 1 flights on 24MAR
2026-01-30 05:41:33 | INFO     | [lf.flight.extracted] SM493 on 24MAR: BKG=2, LF=1.1%
2026-01-30 05:41:40 | INFO     | [SUCCESS] Day 24MAR
2026-01-30 05:41:40 | INFO     | [DAY_START] Processing 23MAR
2026-01-30 05:41:40 | INFO     | [lf.day.start] Processing CAI-MED for 23MAR
2026-01-30 05:41:43 | INFO     | [lf.day.flights_found] Found 1 flights on 23MAR
2026-01-30 05:41:47 | INFO     | [lf.flight.extracted] SM495 on 23MAR: BKG=3, LF=1.7%
2026-01-30 05:41:53 | INFO     | [SUCCESS] Day 23MAR
2026-01-30 05:41:53 | INFO     | [DAY_START] Processing 22MAR
2026-01-30 05:41:53 | INFO     | [lf.day.start] Processing CAI-MED for 22MAR
2026-01-30 05:41:55 | INFO     | [lf.day.flights_found] Found 2 flights on 22MAR
2026-01-30 05:42:00 | INFO     | [lf.flight.extracted] SM971 on 22MAR: BKG=0, LF=0.0%
2026-01-30 05:42:05 | INFO     | [lf.flight.extracted] SM493 on 22MAR: BKG=1, LF=0.6%
2026-01-30 05:42:11 | INFO     | [SUCCESS] Day 22MAR
2026-01-30 05:42:11 | INFO     | [DAY_START] Processing 21MAR
2026-01-30 05:42:11 | INFO     | [lf.day.start] Processing CAI-MED for 21MAR
2026-01-30 05:42:14 | INFO     | [lf.day.flights_found] Found 1 flights on 21MAR
2026-01-30 05:42:18 | INFO     | [lf.flight.extracted] SM493 on 21MAR: BKG=0, LF=0.0%
2026-01-30 05:42:21 | INFO     | [SUCCESS] Day 21MAR
2026-01-30 05:42:21 | INFO     | [SUCCESS] LF Search Complete
2026-01-30 05:42:21 | INFO     | [Worker_9222] Completed: CAI-MED - 10 results, 0 errors
2026-01-30 05:42:21 | INFO     | [Worker_9222] Processing: CAI-RUH
2026-01-30 05:42:21 | INFO     |   Tier 0: Range 2, Chunk 1/3 (10 days)
