2026-01-30 06:14:54 | INFO     | ======================================================================
2026-01-30 06:14:54 | INFO     | Load Factor Scraper Started - Route: CAI-AJF
2026-01-30 06:14:54 | INFO     | Log file: D:\CODERED\LAB\Artifacts\outputs\run_generated_300126_at_05.16\logs\LF_CAI-AJF_20260130_061454.log
2026-01-30 06:14:54 | INFO     | Enhanced logging: Capturing both logging.info() and print()
2026-01-30 06:14:54 | INFO     | ======================================================================
2026-01-30 06:14:54 | INFO     | Starting LF search for route: CAI-AJF
2026-01-30 06:14:54 | INFO     | [START] LF Search
2026-01-30 06:14:55 | INFO     | [HEALTH CHECK] [OK] Chrome connection is healthy
2026-01-30 06:14:55 | INFO     | [DAY_START] Processing 08FEB
2026-01-30 06:14:55 | INFO     | [lf.day.start] Processing CAI-AJF for 08FEB
2026-01-30 06:14:56 | WARNING  | [lf.day.no_flights] No direct flights on 08FEB
2026-01-30 06:14:56 | INFO     | [SUCCESS] Day 08FEB
2026-01-30 06:14:56 | INFO     | [DAY_START] Processing 07FEB
2026-01-30 06:14:56 | INFO     | [lf.day.start] Processing CAI-AJF for 07FEB
2026-01-30 06:14:57 | INFO     | [lf.day.flights_found] Found 1 flights on 07FEB
2026-01-30 06:14:59 | INFO     | [lf.flight.extracted] SM321 on 07FEB: BKG=67, LF=37.4%
2026-01-30 06:15:04 | INFO     | [SUCCESS] Day 07FEB
2026-01-30 06:15:04 | INFO     | [DAY_START] Processing 06FEB
2026-01-30 06:15:04 | INFO     | [lf.day.start] Processing CAI-AJF for 06FEB
2026-01-30 06:15:05 | WARNING  | [lf.day.no_flights] No direct flights on 06FEB
2026-01-30 06:15:05 | INFO     | [SUCCESS] Day 06FEB
2026-01-30 06:15:05 | INFO     | [DAY_START] Processing 05FEB
2026-01-30 06:15:05 | INFO     | [lf.day.start] Processing CAI-AJF for 05FEB
2026-01-30 06:15:06 | INFO     | [lf.day.flights_found] Found 1 flights on 05FEB
2026-01-30 06:15:08 | INFO     | [lf.flight.extracted] SM321 on 05FEB: BKG=66, LF=36.9%
2026-01-30 06:15:13 | INFO     | [SUCCESS] Day 05FEB
2026-01-30 06:15:13 | INFO     | [DAY_START] Processing 04FEB
2026-01-30 06:15:13 | INFO     | [lf.day.start] Processing CAI-AJF for 04FEB
2026-01-30 06:15:14 | WARNING  | [lf.day.no_flights] No direct flights on 04FEB
2026-01-30 06:15:14 | INFO     | [SUCCESS] Day 04FEB
2026-01-30 06:15:14 | INFO     | [DAY_START] Processing 03FEB
2026-01-30 06:15:14 | INFO     | [lf.day.start] Processing CAI-AJF for 03FEB
2026-01-30 06:15:15 | INFO     | [lf.day.flights_found] Found 1 flights on 03FEB
2026-01-30 06:15:17 | INFO     | [lf.flight.extracted] SM321 on 03FEB: BKG=75, LF=41.9%
2026-01-30 06:15:22 | INFO     | [SUCCESS] Day 03FEB
2026-01-30 06:15:22 | INFO     | [DAY_START] Processing 02FEB
2026-01-30 06:15:22 | INFO     | [lf.day.start] Processing CAI-AJF for 02FEB
2026-01-30 06:15:23 | WARNING  | [lf.day.no_flights] No direct flights on 02FEB
2026-01-30 06:15:23 | INFO     | [SUCCESS] Day 02FEB
2026-01-30 06:15:23 | INFO     | [DAY_START] Processing 01FEB
2026-01-30 06:15:23 | INFO     | [lf.day.start] Processing CAI-AJF for 01FEB
2026-01-30 06:15:24 | WARNING  | [lf.day.no_flights] No direct flights on 01FEB
2026-01-30 06:15:24 | INFO     | [SUCCESS] Day 01FEB
2026-01-30 06:15:24 | INFO     | [DAY_START] Processing 31JAN
2026-01-30 06:15:24 | INFO     | [lf.day.start] Processing CAI-AJF for 31JAN
2026-01-30 06:15:25 | INFO     | [lf.day.flights_found] Found 1 flights on 31JAN
2026-01-30 06:15:27 | INFO     | [lf.flight.extracted] SM321 on 31JAN: BKG=145, LF=81.0%
2026-01-30 06:15:33 | INFO     | [SUCCESS] Day 31JAN
2026-01-30 06:15:33 | INFO     | [SUCCESS] LF Search Complete
2026-01-30 06:15:33 | INFO     | [Worker_9232] Completed: CAI-AJF - 9 results, 0 errors
2026-01-30 06:21:39 | INFO     | [Worker_9232] Shutdown signal received, exiting...
2026-01-30 06:21:39 | INFO     | [Worker_9232] Finished. Processed 61 groups.
