2026-01-30 05:24:34 | INFO     | ======================================================================
2026-01-30 05:24:34 | INFO     | Load Factor Scraper Started - Route: CAI-AJF
2026-01-30 05:24:34 | INFO     | Log file: D:\CODERED\LAB\Artifacts\outputs\run_generated_300126_at_05.16\logs\LF_CAI-AJF_20260130_052434.log
2026-01-30 05:24:34 | INFO     | Enhanced logging: Capturing both logging.info() and print()
2026-01-30 05:24:34 | INFO     | ======================================================================
2026-01-30 05:24:34 | INFO     | Starting LF search for route: CAI-AJF
2026-01-30 05:24:34 | INFO     | [START] LF Search
2026-01-30 05:24:35 | INFO     | [HEALTH CHECK] [OK] Chrome connection is healthy
2026-01-30 05:24:35 | INFO     | [DAY_START] Processing 06MAY
2026-01-30 05:24:35 | INFO     | [lf.day.start] Processing CAI-AJF for 06MAY
2026-01-30 05:24:36 | INFO     | [lf.day.flights_found] Found 1 flights on 06MAY
2026-01-30 05:24:38 | INFO     | [lf.flight.extracted] SM321 on 06MAY: BKG=3, LF=1.7%
2026-01-30 05:24:40 | INFO     | [SUCCESS] Day 06MAY
2026-01-30 05:24:40 | INFO     | [DAY_START] Processing 05MAY
2026-01-30 05:24:40 | INFO     | [lf.day.start] Processing CAI-AJF for 05MAY
2026-01-30 05:24:42 | WARNING  | [lf.day.no_flights] No direct flights on 05MAY
2026-01-30 05:24:42 | INFO     | [SUCCESS] Day 05MAY
2026-01-30 05:24:42 | INFO     | [DAY_START] Processing 04MAY
2026-01-30 05:24:42 | INFO     | [lf.day.start] Processing CAI-AJF for 04MAY
2026-01-30 05:24:43 | WARNING  | [lf.day.no_flights] No direct flights on 04MAY
2026-01-30 05:24:43 | INFO     | [SUCCESS] Day 04MAY
2026-01-30 05:24:43 | INFO     | [DAY_START] Processing 03MAY
2026-01-30 05:24:43 | INFO     | [lf.day.start] Processing CAI-AJF for 03MAY
2026-01-30 05:24:44 | WARNING  | [lf.day.no_flights] No direct flights on 03MAY
2026-01-30 05:24:44 | INFO     | [SUCCESS] Day 03MAY
2026-01-30 05:24:44 | INFO     | [DAY_START] Processing 02MAY
2026-01-30 05:24:44 | INFO     | [lf.day.start] Processing CAI-AJF for 02MAY
2026-01-30 05:24:45 | INFO     | [lf.day.flights_found] Found 1 flights on 02MAY
2026-01-30 05:24:47 | INFO     | [lf.flight.extracted] SM321 on 02MAY: BKG=3, LF=1.7%
2026-01-30 05:24:49 | INFO     | [SUCCESS] Day 02MAY
2026-01-30 05:24:49 | INFO     | [DAY_START] Processing 01MAY
2026-01-30 05:24:49 | INFO     | [lf.day.start] Processing CAI-AJF for 01MAY
2026-01-30 05:24:50 | WARNING  | [lf.day.no_flights] No direct flights on 01MAY
2026-01-30 05:24:50 | INFO     | [SUCCESS] Day 01MAY
2026-01-30 05:24:50 | INFO     | [DAY_START] Processing 30APR
2026-01-30 05:24:50 | INFO     | [lf.day.start] Processing CAI-AJF for 30APR
2026-01-30 05:24:51 | INFO     | [lf.day.flights_found] Found 1 flights on 30APR
2026-01-30 05:24:53 | INFO     | [lf.flight.extracted] SM321 on 30APR: BKG=4, LF=2.2%
2026-01-30 05:24:56 | INFO     | [SUCCESS] Day 30APR
2026-01-30 05:24:56 | INFO     | [SUCCESS] LF Search Complete
2026-01-30 05:24:56 | INFO     | [Worker_9232] Completed: CAI-AJF - 7 results, 0 errors
2026-01-30 05:24:56 | INFO     | [Worker_9232] Processing: MED-CAI
2026-01-30 05:24:56 | INFO     |   Tier 0: Range 3, Chunk 1/3 (10 days)
