2026-01-30 05:24:26 | INFO     | ======================================================================
2026-01-30 05:24:26 | INFO     | Load Factor Scraper Started - Route: CAI-TUU
2026-01-30 05:24:26 | INFO     | Log file: D:\CODERED\LAB\Artifacts\outputs\run_generated_300126_at_05.16\logs\LF_CAI-TUU_20260130_052426.log
2026-01-30 05:24:26 | INFO     | Enhanced logging: Capturing both logging.info() and print()
2026-01-30 05:24:26 | INFO     | ======================================================================
2026-01-30 05:24:26 | INFO     | Starting LF search for route: CAI-TUU
2026-01-30 05:24:26 | INFO     | [START] LF Search
2026-01-30 05:24:26 | INFO     | [HEALTH CHECK] [OK] Chrome connection is healthy
2026-01-30 05:24:27 | INFO     | [DAY_START] Processing 06MAY
2026-01-30 05:24:27 | INFO     | [lf.day.start] Processing CAI-TUU for 06MAY
2026-01-30 05:24:28 | WARNING  | [lf.day.no_flights] No direct flights on 06MAY
2026-01-30 05:24:28 | INFO     | [SUCCESS] Day 06MAY
2026-01-30 05:24:28 | INFO     | [DAY_START] Processing 05MAY
2026-01-30 05:24:28 | INFO     | [lf.day.start] Processing CAI-TUU for 05MAY
2026-01-30 05:24:29 | INFO     | [lf.day.flights_found] Found 1 flights on 05MAY
2026-01-30 05:24:31 | INFO     | [lf.flight.extracted] SM325 on 05MAY: BKG=0, LF=0.0%
2026-01-30 05:24:32 | INFO     | [SUCCESS] Day 05MAY
2026-01-30 05:24:32 | INFO     | [DAY_START] Processing 04MAY
2026-01-30 05:24:32 | INFO     | [lf.day.start] Processing CAI-TUU for 04MAY
2026-01-30 05:24:34 | WARNING  | [lf.day.no_flights] No direct flights on 04MAY
2026-01-30 05:24:34 | INFO     | [SUCCESS] Day 04MAY
2026-01-30 05:24:34 | INFO     | [DAY_START] Processing 03MAY
2026-01-30 05:24:34 | INFO     | [lf.day.start] Processing CAI-TUU for 03MAY
2026-01-30 05:24:35 | WARNING  | [lf.day.no_flights] No direct flights on 03MAY
2026-01-30 05:24:35 | INFO     | [SUCCESS] Day 03MAY
2026-01-30 05:24:35 | INFO     | [DAY_START] Processing 02MAY
2026-01-30 05:24:35 | INFO     | [lf.day.start] Processing CAI-TUU for 02MAY
2026-01-30 05:24:36 | INFO     | [lf.day.flights_found] Found 1 flights on 02MAY
2026-01-30 05:24:38 | INFO     | [lf.flight.extracted] SM325 on 02MAY: BKG=1, LF=0.6%
2026-01-30 05:24:40 | INFO     | [SUCCESS] Day 02MAY
2026-01-30 05:24:40 | INFO     | [DAY_START] Processing 01MAY
2026-01-30 05:24:40 | INFO     | [lf.day.start] Processing CAI-TUU for 01MAY
2026-01-30 05:24:42 | INFO     | [lf.day.flights_found] Found 1 flights on 01MAY
2026-01-30 05:24:43 | INFO     | [lf.flight.extracted] SM325 on 01MAY: BKG=1, LF=0.6%
2026-01-30 05:24:46 | INFO     | [SUCCESS] Day 01MAY
2026-01-30 05:24:46 | INFO     | [DAY_START] Processing 30APR
2026-01-30 05:24:46 | INFO     | [lf.day.start] Processing CAI-TUU for 30APR
2026-01-30 05:24:47 | INFO     | [lf.day.flights_found] Found 1 flights on 30APR
2026-01-30 05:24:49 | INFO     | [lf.flight.extracted] SM325 on 30APR: BKG=0, LF=0.0%
2026-01-30 05:24:50 | INFO     | [SUCCESS] Day 30APR
2026-01-30 05:24:50 | INFO     | [SUCCESS] LF Search Complete
2026-01-30 05:24:50 | INFO     | [Worker_9226] Completed: CAI-TUU - 7 results, 0 errors
2026-01-30 05:24:50 | INFO     | [Worker_9226] Processing: CAI-ELQ
2026-01-30 05:24:50 | INFO     |   Tier 0: Range 4, Chunk 4/4 (7 days)
