2026-01-30 05:56:28 | INFO     | ======================================================================
2026-01-30 05:56:28 | INFO     | Load Factor Scraper Started - Route: CAI-MED
2026-01-30 05:56:28 | INFO     | Log file: D:\CODERED\LAB\Artifacts\outputs\run_generated_300126_at_05.16\logs\LF_CAI-MED_20260130_055628.log
2026-01-30 05:56:28 | INFO     | Enhanced logging: Capturing both logging.info() and print()
2026-01-30 05:56:28 | INFO     | ======================================================================
2026-01-30 05:56:28 | INFO     | Starting LF search for route: CAI-MED
2026-01-30 05:56:28 | INFO     | [START] LF Search
2026-01-30 05:56:29 | INFO     | [HEALTH CHECK] [OK] Chrome connection is healthy
2026-01-30 05:56:30 | INFO     | [DAY_START] Processing 10MAR
2026-01-30 05:56:30 | INFO     | [lf.day.start] Processing CAI-MED for 10MAR
2026-01-30 05:56:31 | INFO     | [lf.day.flights_found] Found 1 flights on 10MAR
2026-01-30 05:56:33 | INFO     | [lf.flight.extracted] SM493 on 10MAR: BKG=7, LF=3.9%
2026-01-30 05:56:36 | INFO     | [SUCCESS] Day 10MAR
2026-01-30 05:56:36 | INFO     | [DAY_START] Processing 09MAR
2026-01-30 05:56:36 | INFO     | [lf.day.start] Processing CAI-MED for 09MAR
2026-01-30 05:56:37 | INFO     | [lf.day.flights_found] Found 1 flights on 09MAR
2026-01-30 05:56:39 | INFO     | [lf.flight.extracted] SM495 on 09MAR: BKG=37, LF=20.7%
2026-01-30 05:56:42 | INFO     | [SUCCESS] Day 09MAR
2026-01-30 05:56:42 | INFO     | [DAY_START] Processing 08MAR
2026-01-30 05:56:42 | INFO     | [lf.day.start] Processing CAI-MED for 08MAR
2026-01-30 05:56:43 | INFO     | [lf.day.flights_found] Found 1 flights on 08MAR
2026-01-30 05:56:45 | INFO     | [lf.flight.extracted] SM493 on 08MAR: BKG=179, LF=100.0%
2026-01-30 05:56:49 | INFO     | [SUCCESS] Day 08MAR
2026-01-30 05:56:49 | INFO     | [DAY_START] Processing 07MAR
2026-01-30 05:56:49 | INFO     | [lf.day.start] Processing CAI-MED for 07MAR
2026-01-30 05:56:50 | INFO     | [lf.day.flights_found] Found 1 flights on 07MAR
2026-01-30 05:56:52 | INFO     | [lf.flight.extracted] SM493 on 07MAR: BKG=161, LF=89.9%
2026-01-30 05:56:57 | INFO     | [SUCCESS] Day 07MAR
2026-01-30 05:56:57 | INFO     | [DAY_START] Processing 06MAR
2026-01-30 05:56:57 | INFO     | [lf.day.start] Processing CAI-MED for 06MAR
2026-01-30 05:56:58 | WARNING  | [lf.day.no_flights] No direct flights on 06MAR
2026-01-30 05:56:58 | INFO     | [SUCCESS] Day 06MAR
2026-01-30 05:56:58 | INFO     | [DAY_START] Processing 05MAR
2026-01-30 05:56:58 | INFO     | [lf.day.start] Processing CAI-MED for 05MAR
2026-01-30 05:56:59 | INFO     | [lf.day.flights_found] Found 1 flights on 05MAR
2026-01-30 05:57:01 | INFO     | [lf.flight.extracted] SM493 on 05MAR: BKG=179, LF=101.7%
2026-01-30 05:57:07 | INFO     | [SUCCESS] Day 05MAR
2026-01-30 05:57:07 | INFO     | [DAY_START] Processing 04MAR
2026-01-30 05:57:07 | INFO     | [lf.day.start] Processing CAI-MED for 04MAR
2026-01-30 05:57:08 | WARNING  | [lf.day.no_flights] No direct flights on 04MAR
2026-01-30 05:57:08 | INFO     | [SUCCESS] Day 04MAR
2026-01-30 05:57:08 | INFO     | [DAY_START] Processing 03MAR
2026-01-30 05:57:08 | INFO     | [lf.day.start] Processing CAI-MED for 03MAR
2026-01-30 05:57:09 | INFO     | [lf.day.flights_found] Found 1 flights on 03MAR
2026-01-30 05:57:11 | INFO     | [lf.flight.extracted] SM493 on 03MAR: BKG=174, LF=97.2%
2026-01-30 05:57:15 | INFO     | [SUCCESS] Day 03MAR
2026-01-30 05:57:15 | INFO     | [DAY_START] Processing 02MAR
2026-01-30 05:57:15 | INFO     | [lf.day.start] Processing CAI-MED for 02MAR
2026-01-30 05:57:16 | INFO     | [lf.day.flights_found] Found 1 flights on 02MAR
2026-01-30 05:57:18 | INFO     | [lf.flight.extracted] SM495 on 02MAR: BKG=163, LF=91.1%
2026-01-30 05:57:22 | INFO     | [SUCCESS] Day 02MAR
2026-01-30 05:57:22 | INFO     | [DAY_START] Processing 01MAR
2026-01-30 05:57:22 | INFO     | [lf.day.start] Processing CAI-MED for 01MAR
2026-01-30 05:57:23 | INFO     | [lf.day.flights_found] Found 1 flights on 01MAR
2026-01-30 05:57:25 | INFO     | [lf.flight.extracted] SM493 on 01MAR: BKG=152, LF=84.9%
2026-01-30 05:57:27 | INFO     | [SUCCESS] Day 01MAR
2026-01-30 05:57:27 | INFO     | [SUCCESS] LF Search Complete
2026-01-30 05:57:27 | INFO     | [Worker_9233] Completed: CAI-MED - 10 results, 0 errors
2026-01-30 05:57:28 | INFO     | [Worker_9233] Processing: CAI-DMM
2026-01-30 05:57:28 | INFO     |   Tier 0: Range 2, Chunk 3/3 (10 days)
