2026-01-30 05:27:12 | INFO     | ======================================================================
2026-01-30 05:27:12 | INFO     | Load Factor Scraper Started - Route: CAI-AHB
2026-01-30 05:27:12 | INFO     | Log file: D:\CODERED\LAB\Artifacts\outputs\run_generated_300126_at_05.16\logs\LF_CAI-AHB_20260130_052712.log
2026-01-30 05:27:12 | INFO     | Enhanced logging: Capturing both logging.info() and print()
2026-01-30 05:27:12 | INFO     | ======================================================================
2026-01-30 05:27:12 | INFO     | Starting LF search for route: CAI-AHB
2026-01-30 05:27:12 | INFO     | [START] LF Search
2026-01-30 05:27:13 | INFO     | [HEALTH CHECK] [OK] Chrome connection is healthy
2026-01-30 05:27:13 | INFO     | [DAY_START] Processing 29APR
2026-01-30 05:27:13 | INFO     | [lf.day.start] Processing CAI-AHB for 29APR
2026-01-30 05:27:15 | INFO     | [lf.day.flights_found] Found 1 flights on 29APR
2026-01-30 05:27:17 | INFO     | [lf.flight.extracted] SM443 on 29APR: BKG=6, LF=3.4%
2026-01-30 05:27:20 | INFO     | [SUCCESS] Day 29APR
2026-01-30 05:27:20 | INFO     | [DAY_START] Processing 28APR
2026-01-30 05:27:20 | INFO     | [lf.day.start] Processing CAI-AHB for 28APR
2026-01-30 05:27:21 | WARNING  | [lf.day.no_flights] No direct flights on 28APR
2026-01-30 05:27:21 | INFO     | [SUCCESS] Day 28APR
2026-01-30 05:27:21 | INFO     | [DAY_START] Processing 27APR
2026-01-30 05:27:21 | INFO     | [lf.day.start] Processing CAI-AHB for 27APR
2026-01-30 05:27:22 | INFO     | [lf.day.flights_found] Found 1 flights on 27APR
2026-01-30 05:27:24 | INFO     | [lf.flight.extracted] SM443 on 27APR: BKG=6, LF=3.4%
2026-01-30 05:27:27 | INFO     | [SUCCESS] Day 27APR
2026-01-30 05:27:27 | INFO     | [DAY_START] Processing 26APR
2026-01-30 05:27:27 | INFO     | [lf.day.start] Processing CAI-AHB for 26APR
2026-01-30 05:27:28 | WARNING  | [lf.day.no_flights] No direct flights on 26APR
2026-01-30 05:27:28 | INFO     | [SUCCESS] Day 26APR
2026-01-30 05:27:28 | INFO     | [DAY_START] Processing 25APR
2026-01-30 05:27:28 | INFO     | [lf.day.start] Processing CAI-AHB for 25APR
2026-01-30 05:27:29 | INFO     | [lf.day.flights_found] Found 1 flights on 25APR
2026-01-30 05:27:31 | INFO     | [lf.flight.extracted] SM443 on 25APR: BKG=13, LF=7.3%
2026-01-30 05:27:34 | INFO     | [SUCCESS] Day 25APR
2026-01-30 05:27:34 | INFO     | [DAY_START] Processing 24APR
2026-01-30 05:27:34 | INFO     | [lf.day.start] Processing CAI-AHB for 24APR
2026-01-30 05:27:51 | WARNING  | [lf.day.no_flights] No direct flights on 24APR
2026-01-30 05:27:51 | INFO     | [SUCCESS] Day 24APR
2026-01-30 05:27:51 | INFO     | [DAY_START] Processing 23APR
2026-01-30 05:27:51 | INFO     | [lf.day.start] Processing CAI-AHB for 23APR
2026-01-30 05:27:52 | INFO     | [lf.day.flights_found] Found 1 flights on 23APR
2026-01-30 05:27:54 | INFO     | [lf.flight.extracted] SM443 on 23APR: BKG=7, LF=3.9%
2026-01-30 05:27:57 | INFO     | [SUCCESS] Day 23APR
2026-01-30 05:27:57 | INFO     | [DAY_START] Processing 22APR
2026-01-30 05:27:57 | INFO     | [lf.day.start] Processing CAI-AHB for 22APR
2026-01-30 05:27:58 | INFO     | [lf.day.flights_found] Found 1 flights on 22APR
2026-01-30 05:28:00 | INFO     | [lf.flight.extracted] SM443 on 22APR: BKG=6, LF=3.4%
2026-01-30 05:28:03 | INFO     | [SUCCESS] Day 22APR
2026-01-30 05:28:03 | INFO     | [DAY_START] Processing 21APR
2026-01-30 05:28:03 | INFO     | [lf.day.start] Processing CAI-AHB for 21APR
2026-01-30 05:28:04 | WARNING  | [lf.day.no_flights] No direct flights on 21APR
2026-01-30 05:28:04 | INFO     | [SUCCESS] Day 21APR
2026-01-30 05:28:04 | INFO     | [DAY_START] Processing 20APR
2026-01-30 05:28:04 | INFO     | [lf.day.start] Processing CAI-AHB for 20APR
2026-01-30 05:28:05 | INFO     | [lf.day.flights_found] Found 1 flights on 20APR
2026-01-30 05:28:07 | INFO     | [lf.flight.extracted] SM443 on 20APR: BKG=11, LF=6.2%
2026-01-30 05:28:10 | INFO     | [SUCCESS] Day 20APR
2026-01-30 05:28:10 | INFO     | [SUCCESS] LF Search Complete
2026-01-30 05:28:10 | INFO     | [Worker_9226] Completed: CAI-AHB - 10 results, 0 errors
2026-01-30 05:28:10 | INFO     | [Worker_9226] Processing: RUH-ATZ
2026-01-30 05:28:10 | INFO     |   Tier 0: Range 3, Chunk 2/3 (10 days)
