2026-01-30 05:56:51 | INFO     | ======================================================================
2026-01-30 05:56:51 | INFO     | Load Factor Scraper Started - Route: CAI-JED
2026-01-30 05:56:51 | INFO     | Log file: D:\CODERED\LAB\Artifacts\outputs\run_generated_300126_at_05.16\logs\LF_CAI-JED_20260130_055651.log
2026-01-30 05:56:51 | INFO     | Enhanced logging: Capturing both logging.info() and print()
2026-01-30 05:56:51 | INFO     | ======================================================================
2026-01-30 05:56:51 | INFO     | Starting LF search for route: CAI-JED
2026-01-30 05:56:51 | INFO     | [START] LF Search
2026-01-30 05:56:52 | INFO     | [HEALTH CHECK] [OK] Chrome connection is healthy
2026-01-30 05:56:52 | INFO     | [DAY_START] Processing 10MAR
2026-01-30 05:56:52 | INFO     | [lf.day.start] Processing CAI-JED for 10MAR
2026-01-30 05:56:53 | INFO     | [lf.day.flights_found] Found 5 flights on 10MAR
2026-01-30 05:56:55 | INFO     | [lf.flight.extracted] SM471 on 10MAR: BKG=1, LF=0.6%
2026-01-30 05:56:58 | INFO     | [lf.flight.extracted] SM479 on 10MAR: BKG=0, LF=0.0%
2026-01-30 05:57:01 | INFO     | [lf.flight.extracted] SM477 on 10MAR: BKG=0, LF=0.0%
2026-01-30 05:57:05 | INFO     | [lf.flight.extracted] SM459 on 10MAR: BKG=0, LF=0.0%
2026-01-30 05:57:08 | INFO     | [lf.flight.extracted] SM475 on 10MAR: BKG=110, LF=61.5%
2026-01-30 05:57:11 | INFO     | [SUCCESS] Day 10MAR
2026-01-30 05:57:11 | INFO     | [DAY_START] Processing 09MAR
2026-01-30 05:57:11 | INFO     | [lf.day.start] Processing CAI-JED for 09MAR
2026-01-30 05:57:13 | INFO     | [lf.day.flights_found] Found 2 flights on 09MAR
2026-01-30 05:57:15 | INFO     | [lf.flight.extracted] SM475 on 09MAR: BKG=5, LF=2.8%
2026-01-30 05:57:18 | INFO     | [lf.flight.extracted] SM477 on 09MAR: BKG=44, LF=24.6%
2026-01-30 05:57:22 | INFO     | [SUCCESS] Day 09MAR
2026-01-30 05:57:22 | INFO     | [DAY_START] Processing 08MAR
2026-01-30 05:57:22 | INFO     | [lf.day.start] Processing CAI-JED for 08MAR
2026-01-30 05:57:23 | INFO     | [lf.day.flights_found] Found 4 flights on 08MAR
2026-01-30 05:57:25 | INFO     | [lf.flight.extracted] SM475 on 08MAR: BKG=1, LF=0.6%
2026-01-30 05:57:28 | INFO     | [lf.flight.extracted] SM431 on 08MAR: BKG=4, LF=2.2%
2026-01-30 05:57:31 | INFO     | [lf.flight.extracted] SM459 on 08MAR: BKG=15, LF=8.4%
2026-01-30 05:57:35 | INFO     | [lf.flight.extracted] SM479 on 08MAR: BKG=3, LF=1.7%
2026-01-30 05:57:41 | INFO     | [SUCCESS] Day 08MAR
2026-01-30 05:57:41 | INFO     | [DAY_START] Processing 07MAR
2026-01-30 05:57:41 | INFO     | [lf.day.start] Processing CAI-JED for 07MAR
2026-01-30 05:57:42 | INFO     | [lf.day.flights_found] Found 3 flights on 07MAR
2026-01-30 05:57:44 | INFO     | [lf.flight.extracted] SM449 on 07MAR: BKG=2, LF=1.1%
2026-01-30 05:57:47 | INFO     | [lf.flight.extracted] SM475 on 07MAR: BKG=47, LF=26.3%
2026-01-30 05:57:51 | INFO     | [lf.flight.extracted] SM423 on 07MAR: BKG=1, LF=0.6%
2026-01-30 05:57:56 | INFO     | [SUCCESS] Day 07MAR
2026-01-30 05:57:56 | INFO     | [DAY_START] Processing 06MAR
2026-01-30 05:57:56 | INFO     | [lf.day.start] Processing CAI-JED for 06MAR
2026-01-30 05:57:57 | INFO     | [lf.day.flights_found] Found 4 flights on 06MAR
2026-01-30 05:57:59 | INFO     | [lf.flight.extracted] SM475 on 06MAR: BKG=2, LF=1.1%
2026-01-30 05:58:02 | INFO     | [lf.flight.extracted] SM477 on 06MAR: BKG=5, LF=2.8%
2026-01-30 05:58:06 | INFO     | [lf.flight.extracted] SM479 on 06MAR: BKG=0, LF=0.0%
2026-01-30 05:58:10 | INFO     | [lf.flight.extracted] SM459 on 06MAR: BKG=0, LF=0.0%
2026-01-30 05:58:13 | INFO     | [SUCCESS] Day 06MAR
2026-01-30 05:58:13 | INFO     | [DAY_START] Processing 05MAR
2026-01-30 05:58:13 | INFO     | [lf.day.start] Processing CAI-JED for 05MAR
2026-01-30 05:58:14 | INFO     | [lf.day.flights_found] Found 5 flights on 05MAR
2026-01-30 05:58:16 | INFO     | [lf.flight.extracted] SM449 on 05MAR: BKG=1, LF=0.6%
2026-01-30 05:58:19 | INFO     | [lf.flight.extracted] SM475 on 05MAR: BKG=3, LF=1.7%
2026-01-30 05:58:22 | INFO     | [lf.flight.extracted] SM431 on 05MAR: BKG=2, LF=1.1%
2026-01-30 05:58:26 | INFO     | [lf.flight.extracted] SM477 on 05MAR: BKG=0, LF=0.0%
2026-01-30 05:58:29 | INFO     | [lf.flight.extracted] SM423 on 05MAR: BKG=41, LF=23.3%
2026-01-30 05:58:35 | INFO     | [SUCCESS] Day 05MAR
2026-01-30 05:58:35 | INFO     | [DAY_START] Processing 04MAR
2026-01-30 05:58:35 | INFO     | [lf.day.start] Processing CAI-JED for 04MAR
2026-01-30 05:58:36 | INFO     | [lf.day.flights_found] Found 5 flights on 04MAR
2026-01-30 05:58:38 | INFO     | [lf.flight.extracted] SM423 on 04MAR: BKG=0, LF=0.0%
2026-01-30 05:58:44 | INFO     | [lf.flight.extracted] SM475 on 04MAR: BKG=3, LF=1.7%
2026-01-30 05:58:48 | INFO     | [lf.flight.extracted] SM459 on 04MAR: BKG=0, LF=0.0%
2026-01-30 05:58:51 | INFO     | [lf.flight.extracted] SM477 on 04MAR: BKG=7, LF=3.9%
2026-01-30 05:58:54 | INFO     | [lf.flight.extracted] SM471 on 04MAR: BKG=1, LF=0.6%
2026-01-30 05:58:59 | INFO     | [SUCCESS] Day 04MAR
2026-01-30 05:58:59 | INFO     | [DAY_START] Processing 03MAR
2026-01-30 05:58:59 | INFO     | [lf.day.start] Processing CAI-JED for 03MAR
2026-01-30 05:59:00 | INFO     | [lf.day.flights_found] Found 5 flights on 03MAR
2026-01-30 05:59:02 | INFO     | [lf.flight.extracted] SM471 on 03MAR: BKG=3, LF=1.7%
2026-01-30 05:59:05 | INFO     | [lf.flight.extracted] SM479 on 03MAR: BKG=2, LF=1.1%
2026-01-30 05:59:08 | INFO     | [lf.flight.extracted] SM477 on 03MAR: BKG=0, LF=0.0%
2026-01-30 05:59:11 | INFO     | [lf.flight.extracted] SM459 on 03MAR: BKG=1, LF=0.6%
2026-01-30 05:59:14 | INFO     | [lf.flight.extracted] SM475 on 03MAR: BKG=0, LF=0.0%
2026-01-30 05:59:19 | INFO     | [SUCCESS] Day 03MAR
2026-01-30 05:59:19 | INFO     | [DAY_START] Processing 02MAR
2026-01-30 05:59:19 | INFO     | [lf.day.start] Processing CAI-JED for 02MAR
2026-01-30 05:59:20 | INFO     | [lf.day.flights_found] Found 2 flights on 02MAR
2026-01-30 05:59:22 | INFO     | [lf.flight.extracted] SM475 on 02MAR: BKG=3, LF=1.7%
2026-01-30 05:59:25 | INFO     | [lf.flight.extracted] SM477 on 02MAR: BKG=3, LF=1.7%
2026-01-30 05:59:29 | INFO     | [SUCCESS] Day 02MAR
2026-01-30 05:59:29 | INFO     | [DAY_START] Processing 01MAR
2026-01-30 05:59:29 | INFO     | [lf.day.start] Processing CAI-JED for 01MAR
2026-01-30 05:59:30 | INFO     | [lf.day.flights_found] Found 4 flights on 01MAR
2026-01-30 05:59:32 | INFO     | [lf.flight.extracted] SM475 on 01MAR: BKG=0, LF=0.0%
2026-01-30 05:59:35 | INFO     | [lf.flight.extracted] SM431 on 01MAR: BKG=3, LF=1.7%
2026-01-30 05:59:38 | INFO     | [lf.flight.extracted] SM459 on 01MAR: BKG=0, LF=0.0%
2026-01-30 05:59:42 | INFO     | [lf.flight.extracted] SM479 on 01MAR: BKG=2, LF=1.1%
2026-01-30 05:59:45 | INFO     | [SUCCESS] Day 01MAR
2026-01-30 05:59:45 | INFO     | [SUCCESS] LF Search Complete
2026-01-30 05:59:45 | INFO     | [Worker_9225] Completed: CAI-JED - 10 results, 0 errors
2026-01-30 05:59:45 | INFO     | [Worker_9225] Processing: DMM-CAI
2026-01-30 05:59:45 | INFO     |   Tier 0: Range 1, Chunk 1/3 (10 days)
