2026-01-30 05:18:10 | INFO     | ======================================================================
2026-01-30 05:18:10 | INFO     | Load Factor Scraper Started - Route: CAI-ELQ
2026-01-30 05:18:10 | INFO     | Log file: D:\CODERED\LAB\Artifacts\outputs\run_generated_300126_at_05.16\logs\LF_CAI-ELQ_20260130_051810.log
2026-01-30 05:18:10 | INFO     | Enhanced logging: Capturing both logging.info() and print()
2026-01-30 05:18:10 | INFO     | ======================================================================
2026-01-30 05:18:10 | INFO     | Starting LF search for route: CAI-ELQ
2026-01-30 05:18:10 | INFO     | [START] LF Search
2026-01-30 05:18:10 | INFO     | [HEALTH CHECK] [OK] Chrome connection is healthy
2026-01-30 05:18:10 | INFO     | [DAY_START] Processing 30MAY
2026-01-30 05:18:10 | INFO     | [lf.day.start] Processing CAI-ELQ for 30MAY
2026-01-30 05:18:11 | WARNING  | [lf.day.no_flights] No direct flights on 30MAY
2026-01-30 05:18:11 | INFO     | [SUCCESS] Day 30MAY
2026-01-30 05:18:11 | INFO     | [DAY_START] Processing 29MAY
2026-01-30 05:18:11 | INFO     | [lf.day.start] Processing CAI-ELQ for 29MAY
2026-01-30 05:18:13 | INFO     | [lf.day.flights_found] Found 1 flights on 29MAY
2026-01-30 05:18:14 | INFO     | [lf.flight.extracted] SM427 on 29MAY: BKG=0, LF=0.0%
2026-01-30 05:18:16 | INFO     | [SUCCESS] Day 29MAY
2026-01-30 05:18:16 | INFO     | [DAY_START] Processing 28MAY
2026-01-30 05:18:16 | INFO     | [lf.day.start] Processing CAI-ELQ for 28MAY
2026-01-30 05:18:17 | WARNING  | [lf.day.no_flights] No direct flights on 28MAY
2026-01-30 05:18:17 | INFO     | [SUCCESS] Day 28MAY
2026-01-30 05:18:17 | INFO     | [DAY_START] Processing 27MAY
2026-01-30 05:18:17 | INFO     | [lf.day.start] Processing CAI-ELQ for 27MAY
2026-01-30 05:18:18 | INFO     | [lf.day.flights_found] Found 1 flights on 27MAY
2026-01-30 05:18:19 | INFO     | [lf.flight.extracted] SM427 on 27MAY: BKG=0, LF=0.0%
2026-01-30 05:18:21 | INFO     | [SUCCESS] Day 27MAY
2026-01-30 05:18:21 | INFO     | [DAY_START] Processing 26MAY
2026-01-30 05:18:21 | INFO     | [lf.day.start] Processing CAI-ELQ for 26MAY
2026-01-30 05:18:22 | INFO     | [lf.day.flights_found] Found 1 flights on 26MAY
2026-01-30 05:18:24 | INFO     | [lf.flight.extracted] SM427 on 26MAY: BKG=0, LF=0.0%
2026-01-30 05:18:25 | INFO     | [SUCCESS] Day 26MAY
2026-01-30 05:18:25 | INFO     | [DAY_START] Processing 25MAY
2026-01-30 05:18:25 | INFO     | [lf.day.start] Processing CAI-ELQ for 25MAY
2026-01-30 05:18:26 | WARNING  | [lf.day.no_flights] No direct flights on 25MAY
2026-01-30 05:18:26 | INFO     | [SUCCESS] Day 25MAY
2026-01-30 05:18:26 | INFO     | [DAY_START] Processing 24MAY
2026-01-30 05:18:26 | INFO     | [lf.day.start] Processing CAI-ELQ for 24MAY
2026-01-30 05:18:27 | WARNING  | [lf.day.no_flights] No direct flights on 24MAY
2026-01-30 05:18:27 | INFO     | [SUCCESS] Day 24MAY
2026-01-30 05:18:27 | INFO     | [DAY_START] Processing 23MAY
2026-01-30 05:18:27 | INFO     | [lf.day.start] Processing CAI-ELQ for 23MAY
2026-01-30 05:18:28 | WARNING  | [lf.day.no_flights] No direct flights on 23MAY
2026-01-30 05:18:28 | INFO     | [SUCCESS] Day 23MAY
2026-01-30 05:18:28 | INFO     | [SUCCESS] LF Search Complete
2026-01-30 05:18:28 | INFO     | [Worker_9225] Completed: CAI-ELQ - 8 results, 0 errors
2026-01-30 05:18:28 | INFO     | [Worker_9225] Processing: JED-HBE
2026-01-30 05:18:28 | INFO     |   Tier 0: Range 4, Chunk 2/4 (8 days)
