2026-01-30 05:52:16 | INFO     | ======================================================================
2026-01-30 05:52:16 | INFO     | Load Factor Scraper Started - Route: CAI-DMM
2026-01-30 05:52:16 | INFO     | Log file: D:\CODERED\LAB\Artifacts\outputs\run_generated_300126_at_05.16\logs\LF_CAI-DMM_20260130_055216.log
2026-01-30 05:52:16 | INFO     | Enhanced logging: Capturing both logging.info() and print()
2026-01-30 05:52:16 | INFO     | ======================================================================
2026-01-30 05:52:16 | INFO     | Starting LF search for route: CAI-DMM
2026-01-30 05:52:16 | INFO     | [START] LF Search
2026-01-30 05:52:18 | INFO     | [HEALTH CHECK] [OK] Chrome connection is healthy
2026-01-30 05:52:18 | INFO     | [DAY_START] Processing 20MAR
2026-01-30 05:52:18 | INFO     | [lf.day.start] Processing CAI-DMM for 20MAR
2026-01-30 05:52:19 | INFO     | [lf.day.flights_found] Found 1 flights on 20MAR
2026-01-30 05:52:22 | INFO     | [lf.flight.extracted] SM433 on 20MAR: BKG=8, LF=4.5%
2026-01-30 05:52:26 | INFO     | [SUCCESS] Day 20MAR
2026-01-30 05:52:26 | INFO     | [DAY_START] Processing 19MAR
2026-01-30 05:52:26 | INFO     | [lf.day.start] Processing CAI-DMM for 19MAR
2026-01-30 05:52:27 | INFO     | [lf.day.flights_found] Found 1 flights on 19MAR
2026-01-30 05:52:30 | INFO     | [lf.flight.extracted] SM433 on 19MAR: BKG=4, LF=2.2%
2026-01-30 05:52:33 | INFO     | [SUCCESS] Day 19MAR
2026-01-30 05:52:33 | INFO     | [DAY_START] Processing 18MAR
2026-01-30 05:52:33 | INFO     | [lf.day.start] Processing CAI-DMM for 18MAR
2026-01-30 05:52:35 | WARNING  | [lf.day.no_flights] No direct flights on 18MAR
2026-01-30 05:52:35 | INFO     | [SUCCESS] Day 18MAR
2026-01-30 05:52:35 | INFO     | [DAY_START] Processing 17MAR
2026-01-30 05:52:35 | INFO     | [lf.day.start] Processing CAI-DMM for 17MAR
2026-01-30 05:52:36 | INFO     | [lf.day.flights_found] Found 1 flights on 17MAR
2026-01-30 05:52:39 | INFO     | [lf.flight.extracted] SM433 on 17MAR: BKG=3, LF=1.7%
2026-01-30 05:52:42 | INFO     | [SUCCESS] Day 17MAR
2026-01-30 05:52:42 | INFO     | [DAY_START] Processing 16MAR
2026-01-30 05:52:42 | INFO     | [lf.day.start] Processing CAI-DMM for 16MAR
2026-01-30 05:52:44 | WARNING  | [lf.day.no_flights] No direct flights on 16MAR
2026-01-30 05:52:44 | INFO     | [SUCCESS] Day 16MAR
2026-01-30 05:52:44 | INFO     | [DAY_START] Processing 15MAR
2026-01-30 05:52:44 | INFO     | [lf.day.start] Processing CAI-DMM for 15MAR
2026-01-30 05:52:45 | WARNING  | [lf.day.no_flights] No direct flights on 15MAR
2026-01-30 05:52:45 | INFO     | [SUCCESS] Day 15MAR
2026-01-30 05:52:45 | INFO     | [DAY_START] Processing 14MAR
2026-01-30 05:52:45 | INFO     | [lf.day.start] Processing CAI-DMM for 14MAR
2026-01-30 05:52:47 | INFO     | [lf.day.flights_found] Found 1 flights on 14MAR
2026-01-30 05:52:49 | INFO     | [lf.flight.extracted] SM433 on 14MAR: BKG=8, LF=4.5%
2026-01-30 05:52:54 | INFO     | [SUCCESS] Day 14MAR
2026-01-30 05:52:54 | INFO     | [DAY_START] Processing 13MAR
2026-01-30 05:52:54 | INFO     | [lf.day.start] Processing CAI-DMM for 13MAR
2026-01-30 05:52:55 | INFO     | [lf.day.flights_found] Found 1 flights on 13MAR
2026-01-30 05:52:58 | INFO     | [lf.flight.extracted] SM433 on 13MAR: BKG=6, LF=3.4%
2026-01-30 05:53:03 | INFO     | [SUCCESS] Day 13MAR
2026-01-30 05:53:03 | INFO     | [DAY_START] Processing 12MAR
2026-01-30 05:53:03 | INFO     | [lf.day.start] Processing CAI-DMM for 12MAR
2026-01-30 05:53:05 | INFO     | [lf.day.flights_found] Found 1 flights on 12MAR
2026-01-30 05:53:08 | INFO     | [lf.flight.extracted] SM433 on 12MAR: BKG=6, LF=3.4%
2026-01-30 05:53:12 | INFO     | [SUCCESS] Day 12MAR
2026-01-30 05:53:12 | INFO     | [DAY_START] Processing 11MAR
2026-01-30 05:53:12 | INFO     | [lf.day.start] Processing CAI-DMM for 11MAR
2026-01-30 05:53:14 | WARNING  | [lf.day.no_flights] No direct flights on 11MAR
2026-01-30 05:53:14 | INFO     | [SUCCESS] Day 11MAR
2026-01-30 05:53:14 | INFO     | [SUCCESS] LF Search Complete
2026-01-30 05:53:14 | INFO     | [Worker_9234] Completed: CAI-DMM - 10 results, 0 errors
2026-01-30 05:53:14 | INFO     | [Worker_9234] Processing: ATZ-AJF
2026-01-30 05:53:14 | INFO     |   Tier 0: Range 2, Chunk 2/3 (10 days)
