2026-01-30 05:44:48 | INFO     | ======================================================================
2026-01-30 05:44:48 | INFO     | Load Factor Scraper Started - Route: CAI-AHB
2026-01-30 05:44:48 | INFO     | Log file: D:\CODERED\LAB\Artifacts\outputs\run_generated_300126_at_05.16\logs\LF_CAI-AHB_20260130_054448.log
2026-01-30 05:44:48 | INFO     | Enhanced logging: Capturing both logging.info() and print()
2026-01-30 05:44:48 | INFO     | ======================================================================
2026-01-30 05:44:48 | INFO     | Starting LF search for route: CAI-AHB
2026-01-30 05:44:48 | INFO     | [START] LF Search
2026-01-30 05:44:50 | INFO     | [HEALTH CHECK] [OK] Chrome connection is healthy
2026-01-30 05:44:50 | INFO     | [DAY_START] Processing 30MAR
2026-01-30 05:44:50 | INFO     | [lf.day.start] Processing CAI-AHB for 30MAR
2026-01-30 05:44:53 | INFO     | [lf.day.flights_found] Found 1 flights on 30MAR
2026-01-30 05:44:57 | INFO     | [lf.flight.extracted] SM443 on 30MAR: BKG=7, LF=3.9%
2026-01-30 05:45:04 | INFO     | [SUCCESS] Day 30MAR
2026-01-30 05:45:04 | INFO     | [DAY_START] Processing 29MAR
2026-01-30 05:45:04 | INFO     | [lf.day.start] Processing CAI-AHB for 29MAR
2026-01-30 05:45:06 | WARNING  | [lf.day.no_flights] No direct flights on 29MAR
2026-01-30 05:45:06 | INFO     | [SUCCESS] Day 29MAR
2026-01-30 05:45:06 | INFO     | [DAY_START] Processing 28MAR
2026-01-30 05:45:06 | INFO     | [lf.day.start] Processing CAI-AHB for 28MAR
2026-01-30 05:45:09 | INFO     | [lf.day.flights_found] Found 1 flights on 28MAR
2026-01-30 05:45:13 | INFO     | [lf.flight.extracted] SM443 on 28MAR: BKG=64, LF=35.8%
2026-01-30 05:45:23 | INFO     | [SUCCESS] Day 28MAR
2026-01-30 05:45:23 | INFO     | [DAY_START] Processing 27MAR
2026-01-30 05:45:23 | INFO     | [lf.day.start] Processing CAI-AHB for 27MAR
2026-01-30 05:45:26 | WARNING  | [lf.day.no_flights] No direct flights on 27MAR
2026-01-30 05:45:26 | INFO     | [SUCCESS] Day 27MAR
2026-01-30 05:45:26 | INFO     | [DAY_START] Processing 26MAR
2026-01-30 05:45:26 | INFO     | [lf.day.start] Processing CAI-AHB for 26MAR
2026-01-30 05:45:29 | INFO     | [lf.day.flights_found] Found 1 flights on 26MAR
2026-01-30 05:45:34 | INFO     | [lf.flight.extracted] SM443 on 26MAR: BKG=22, LF=12.3%
2026-01-30 05:45:41 | INFO     | [SUCCESS] Day 26MAR
2026-01-30 05:45:41 | INFO     | [DAY_START] Processing 25MAR
2026-01-30 05:45:41 | INFO     | [lf.day.start] Processing CAI-AHB for 25MAR
2026-01-30 05:45:43 | INFO     | [lf.day.flights_found] Found 1 flights on 25MAR
2026-01-30 05:45:48 | INFO     | [lf.flight.extracted] SM447 on 25MAR: BKG=22, LF=12.3%
2026-01-30 05:45:56 | INFO     | [SUCCESS] Day 25MAR
2026-01-30 05:45:56 | INFO     | [DAY_START] Processing 24MAR
2026-01-30 05:45:56 | INFO     | [lf.day.start] Processing CAI-AHB for 24MAR
2026-01-30 05:45:59 | WARNING  | [lf.day.no_flights] No direct flights on 24MAR
2026-01-30 05:45:59 | INFO     | [SUCCESS] Day 24MAR
2026-01-30 05:45:59 | INFO     | [DAY_START] Processing 23MAR
2026-01-30 05:45:59 | INFO     | [lf.day.start] Processing CAI-AHB for 23MAR
2026-01-30 05:46:02 | WARNING  | [lf.day.no_flights] No direct flights on 23MAR
2026-01-30 05:46:02 | INFO     | [SUCCESS] Day 23MAR
2026-01-30 05:46:02 | INFO     | [DAY_START] Processing 22MAR
2026-01-30 05:46:02 | INFO     | [lf.day.start] Processing CAI-AHB for 22MAR
2026-01-30 05:46:04 | WARNING  | [lf.day.no_flights] No direct flights on 22MAR
2026-01-30 05:46:04 | INFO     | [SUCCESS] Day 22MAR
2026-01-30 05:46:04 | INFO     | [DAY_START] Processing 21MAR
2026-01-30 05:46:04 | INFO     | [lf.day.start] Processing CAI-AHB for 21MAR
2026-01-30 05:46:07 | INFO     | [lf.day.flights_found] Found 1 flights on 21MAR
2026-01-30 05:46:11 | INFO     | [lf.flight.extracted] SM443 on 21MAR: BKG=46, LF=25.7%
2026-01-30 05:46:22 | INFO     | [SUCCESS] Day 21MAR
2026-01-30 05:46:22 | INFO     | [SUCCESS] LF Search Complete
2026-01-30 05:46:37 | INFO     | [Worker_9224] Completed: CAI-AHB - 10 results, 0 errors
2026-01-30 05:46:37 | INFO     | [Worker_9224] Processing: JED-ATZ
2026-01-30 05:46:37 | INFO     |   Tier 0: Range 2, Chunk 2/3 (10 days)
