2026-01-30 05:19:39 | INFO     | ======================================================================
2026-01-30 05:19:39 | INFO     | Load Factor Scraper Started - Route: CAI-JED
2026-01-30 05:19:39 | INFO     | Log file: D:\CODERED\LAB\Artifacts\outputs\run_generated_300126_at_05.16\logs\LF_CAI-JED_20260130_051939.log
2026-01-30 05:19:39 | INFO     | Enhanced logging: Capturing both logging.info() and print()
2026-01-30 05:19:39 | INFO     | ======================================================================
2026-01-30 05:19:39 | INFO     | Starting LF search for route: CAI-JED
2026-01-30 05:19:39 | INFO     | [START] LF Search
2026-01-30 05:19:40 | INFO     | [HEALTH CHECK] [OK] Chrome connection is healthy
2026-01-30 05:19:40 | INFO     | [DAY_START] Processing 22MAY
2026-01-30 05:19:40 | INFO     | [lf.day.start] Processing CAI-JED for 22MAY
2026-01-30 05:19:41 | INFO     | [lf.day.flights_found] Found 3 flights on 22MAY
2026-01-30 05:19:43 | INFO     | [lf.flight.extracted] SM477 on 22MAY: BKG=8, LF=4.5%
2026-01-30 05:19:46 | INFO     | [lf.flight.extracted] SM475 on 22MAY: BKG=11, LF=6.2%
2026-01-30 05:19:50 | INFO     | [lf.flight.extracted] SM479 on 22MAY: BKG=9, LF=5.0%
2026-01-30 05:19:54 | INFO     | [SUCCESS] Day 22MAY
2026-01-30 05:19:54 | INFO     | [DAY_START] Processing 21MAY
2026-01-30 05:19:54 | INFO     | [lf.day.start] Processing CAI-JED for 21MAY
2026-01-30 05:19:55 | INFO     | [lf.day.flights_found] Found 3 flights on 21MAY
2026-01-30 05:19:57 | INFO     | [lf.flight.extracted] SM477 on 21MAY: BKG=36, LF=20.1%
2026-01-30 05:20:00 | INFO     | [lf.flight.extracted] SM475 on 21MAY: BKG=49, LF=27.4%
2026-01-30 05:20:05 | INFO     | [lf.flight.extracted] SM459 on 21MAY: BKG=0, LF=0.0%
2026-01-30 05:20:09 | INFO     | [SUCCESS] Day 21MAY
2026-01-30 05:20:09 | INFO     | [DAY_START] Processing 20MAY
2026-01-30 05:20:09 | INFO     | [lf.day.start] Processing CAI-JED for 20MAY
2026-01-30 05:20:10 | INFO     | [lf.day.flights_found] Found 2 flights on 20MAY
2026-01-30 05:20:12 | INFO     | [lf.flight.extracted] SM477 on 20MAY: BKG=0, LF=0.0%
2026-01-30 05:20:15 | INFO     | [lf.flight.extracted] SM475 on 20MAY: BKG=0, LF=0.0%
2026-01-30 05:20:16 | INFO     | [SUCCESS] Day 20MAY
2026-01-30 05:20:16 | INFO     | [DAY_START] Processing 19MAY
2026-01-30 05:20:16 | INFO     | [lf.day.start] Processing CAI-JED for 19MAY
2026-01-30 05:20:17 | INFO     | [lf.day.flights_found] Found 3 flights on 19MAY
2026-01-30 05:20:19 | INFO     | [lf.flight.extracted] SM477 on 19MAY: BKG=2, LF=1.1%
2026-01-30 05:20:22 | INFO     | [lf.flight.extracted] SM475 on 19MAY: BKG=1, LF=0.6%
2026-01-30 05:20:25 | INFO     | [lf.flight.extracted] SM479 on 19MAY: BKG=1, LF=0.6%
2026-01-30 05:20:30 | INFO     | [SUCCESS] Day 19MAY
2026-01-30 05:20:30 | INFO     | [DAY_START] Processing 18MAY
2026-01-30 05:20:30 | INFO     | [lf.day.start] Processing CAI-JED for 18MAY
2026-01-30 05:20:31 | INFO     | [lf.day.flights_found] Found 3 flights on 18MAY
2026-01-30 05:20:33 | INFO     | [lf.flight.extracted] SM477 on 18MAY: BKG=0, LF=0.0%
2026-01-30 05:20:36 | INFO     | [lf.flight.extracted] SM475 on 18MAY: BKG=0, LF=0.0%
2026-01-30 05:20:39 | INFO     | [lf.flight.extracted] SM479 on 18MAY: BKG=1, LF=0.6%
2026-01-30 05:20:42 | INFO     | [SUCCESS] Day 18MAY
2026-01-30 05:20:42 | INFO     | [DAY_START] Processing 17MAY
2026-01-30 05:20:42 | INFO     | [lf.day.start] Processing CAI-JED for 17MAY
2026-01-30 05:20:43 | INFO     | [lf.day.flights_found] Found 3 flights on 17MAY
2026-01-30 05:20:45 | INFO     | [lf.flight.extracted] SM477 on 17MAY: BKG=0, LF=0.0%
2026-01-30 05:20:48 | INFO     | [lf.flight.extracted] SM475 on 17MAY: BKG=0, LF=0.0%
2026-01-30 05:20:51 | INFO     | [lf.flight.extracted] SM459 on 17MAY: BKG=1, LF=0.6%
2026-01-30 05:20:53 | INFO     | [SUCCESS] Day 17MAY
2026-01-30 05:20:53 | INFO     | [DAY_START] Processing 16MAY
2026-01-30 05:20:53 | INFO     | [lf.day.start] Processing CAI-JED for 16MAY
2026-01-30 05:20:54 | INFO     | [lf.day.flights_found] Found 2 flights on 16MAY
2026-01-30 05:20:56 | INFO     | [lf.flight.extracted] SM477 on 16MAY: BKG=0, LF=0.0%
2026-01-30 05:20:59 | INFO     | [lf.flight.extracted] SM475 on 16MAY: BKG=2, LF=1.1%
2026-01-30 05:21:02 | INFO     | [SUCCESS] Day 16MAY
2026-01-30 05:21:02 | INFO     | [DAY_START] Processing 15MAY
2026-01-30 05:21:02 | INFO     | [lf.day.start] Processing CAI-JED for 15MAY
2026-01-30 05:21:03 | INFO     | [lf.day.flights_found] Found 3 flights on 15MAY
2026-01-30 05:21:05 | INFO     | [lf.flight.extracted] SM477 on 15MAY: BKG=151, LF=84.4%
2026-01-30 05:21:08 | INFO     | [lf.flight.extracted] SM475 on 15MAY: BKG=2, LF=1.1%
2026-01-30 05:21:11 | INFO     | [lf.flight.extracted] SM479 on 15MAY: BKG=0, LF=0.0%
2026-01-30 05:21:15 | INFO     | [SUCCESS] Day 15MAY
2026-01-30 05:21:15 | INFO     | [SUCCESS] LF Search Complete
2026-01-30 05:21:15 | INFO     | [Worker_9225] Completed: CAI-JED - 8 results, 0 errors
2026-01-30 05:21:15 | INFO     | [Worker_9225] Processing: AJF-ATZ
2026-01-30 05:21:15 | INFO     |   Tier 0: Range 4, Chunk 3/4 (8 days)
