2026-01-30 06:09:33 | INFO     | ======================================================================
2026-01-30 06:09:33 | INFO     | Load Factor Scraper Started - Route: CAI-AHB
2026-01-30 06:09:33 | INFO     | Log file: D:\CODERED\LAB\Artifacts\outputs\run_generated_300126_at_05.16\logs\LF_CAI-AHB_20260130_060933.log
2026-01-30 06:09:33 | INFO     | Enhanced logging: Capturing both logging.info() and print()
2026-01-30 06:09:33 | INFO     | ======================================================================
2026-01-30 06:09:33 | INFO     | Starting LF search for route: CAI-AHB
2026-01-30 06:09:33 | INFO     | [START] LF Search
2026-01-30 06:09:33 | INFO     | [HEALTH CHECK] [OK] Chrome connection is healthy
2026-01-30 06:09:33 | INFO     | [DAY_START] Processing 18FEB
2026-01-30 06:09:33 | INFO     | [lf.day.start] Processing CAI-AHB for 18FEB
2026-01-30 06:09:35 | INFO     | [lf.day.flights_found] Found 1 flights on 18FEB
2026-01-30 06:09:37 | INFO     | [lf.flight.extracted] SM447 on 18FEB: BKG=6, LF=3.4%
2026-01-30 06:09:40 | INFO     | [SUCCESS] Day 18FEB
2026-01-30 06:09:40 | INFO     | [DAY_START] Processing 17FEB
2026-01-30 06:09:40 | INFO     | [lf.day.start] Processing CAI-AHB for 17FEB
2026-01-30 06:09:42 | WARNING  | [lf.day.no_flights] No direct flights on 17FEB
2026-01-30 06:09:42 | INFO     | [SUCCESS] Day 17FEB
2026-01-30 06:09:42 | INFO     | [DAY_START] Processing 16FEB
2026-01-30 06:09:42 | INFO     | [lf.day.start] Processing CAI-AHB for 16FEB
2026-01-30 06:09:43 | WARNING  | [lf.day.no_flights] No direct flights on 16FEB
2026-01-30 06:09:43 | INFO     | [SUCCESS] Day 16FEB
2026-01-30 06:09:43 | INFO     | [DAY_START] Processing 15FEB
2026-01-30 06:09:43 | INFO     | [lf.day.start] Processing CAI-AHB for 15FEB
2026-01-30 06:09:44 | WARNING  | [lf.day.no_flights] No direct flights on 15FEB
2026-01-30 06:09:44 | INFO     | [SUCCESS] Day 15FEB
2026-01-30 06:09:44 | INFO     | [DAY_START] Processing 14FEB
2026-01-30 06:09:44 | INFO     | [lf.day.start] Processing CAI-AHB for 14FEB
2026-01-30 06:09:45 | INFO     | [lf.day.flights_found] Found 1 flights on 14FEB
2026-01-30 06:09:47 | INFO     | [lf.flight.extracted] SM443 on 14FEB: BKG=37, LF=21.0%
2026-01-30 06:09:50 | INFO     | [SUCCESS] Day 14FEB
2026-01-30 06:09:50 | INFO     | [DAY_START] Processing 13FEB
2026-01-30 06:09:50 | INFO     | [lf.day.start] Processing CAI-AHB for 13FEB
2026-01-30 06:09:51 | WARNING  | [lf.day.no_flights] No direct flights on 13FEB
2026-01-30 06:09:51 | INFO     | [SUCCESS] Day 13FEB
2026-01-30 06:09:51 | INFO     | [DAY_START] Processing 12FEB
2026-01-30 06:09:51 | INFO     | [lf.day.start] Processing CAI-AHB for 12FEB
2026-01-30 06:09:53 | INFO     | [lf.day.flights_found] Found 1 flights on 12FEB
2026-01-30 06:09:54 | INFO     | [lf.flight.extracted] SM443 on 12FEB: BKG=32, LF=17.9%
2026-01-30 06:09:58 | INFO     | [SUCCESS] Day 12FEB
2026-01-30 06:09:58 | INFO     | [DAY_START] Processing 11FEB
2026-01-30 06:09:58 | INFO     | [lf.day.start] Processing CAI-AHB for 11FEB
2026-01-30 06:09:59 | INFO     | [lf.day.flights_found] Found 1 flights on 11FEB
2026-01-30 06:10:01 | INFO     | [lf.flight.extracted] SM447 on 11FEB: BKG=23, LF=13.1%
2026-01-30 06:10:05 | INFO     | [SUCCESS] Day 11FEB
2026-01-30 06:10:05 | INFO     | [DAY_START] Processing 10FEB
2026-01-30 06:10:05 | INFO     | [lf.day.start] Processing CAI-AHB for 10FEB
2026-01-30 06:10:07 | WARNING  | [lf.day.no_flights] No direct flights on 10FEB
2026-01-30 06:10:07 | INFO     | [SUCCESS] Day 10FEB
2026-01-30 06:10:07 | INFO     | [DAY_START] Processing 09FEB
2026-01-30 06:10:07 | INFO     | [lf.day.start] Processing CAI-AHB for 09FEB
2026-01-30 06:10:08 | WARNING  | [lf.day.no_flights] No direct flights on 09FEB
2026-01-30 06:10:08 | INFO     | [SUCCESS] Day 09FEB
2026-01-30 06:10:08 | INFO     | [SUCCESS] LF Search Complete
2026-01-30 06:10:08 | INFO     | [Worker_9223] Completed: CAI-AHB - 10 results, 0 errors
2026-01-30 06:10:08 | INFO     | [Worker_9223] Processing: MED-HBE
2026-01-30 06:10:08 | INFO     |   Tier 0: Range 1, Chunk 3/3 (10 days)
