2026-01-30 06:15:20 | INFO     | ======================================================================
2026-01-30 06:15:20 | INFO     | Load Factor Scraper Started - Route: CAI-ELQ
2026-01-30 06:15:20 | INFO     | Log file: D:\CODERED\LAB\Artifacts\outputs\run_generated_300126_at_05.16\logs\LF_CAI-ELQ_20260130_061520.log
2026-01-30 06:15:20 | INFO     | Enhanced logging: Capturing both logging.info() and print()
2026-01-30 06:15:20 | INFO     | ======================================================================
2026-01-30 06:15:20 | INFO     | Starting LF search for route: CAI-ELQ
2026-01-30 06:15:20 | INFO     | [START] LF Search
2026-01-30 06:15:21 | INFO     | [HEALTH CHECK] [OK] Chrome connection is healthy
2026-01-30 06:15:21 | INFO     | [DAY_START] Processing 08FEB
2026-01-30 06:15:21 | INFO     | [lf.day.start] Processing CAI-ELQ for 08FEB
2026-01-30 06:15:22 | INFO     | [lf.day.flights_found] Found 1 flights on 08FEB
2026-01-30 06:15:24 | INFO     | [lf.flight.extracted] SM427 on 08FEB: BKG=32, LF=18.2%
2026-01-30 06:15:27 | INFO     | [SUCCESS] Day 08FEB
2026-01-30 06:15:27 | INFO     | [DAY_START] Processing 07FEB
2026-01-30 06:15:27 | INFO     | [lf.day.start] Processing CAI-ELQ for 07FEB
2026-01-30 06:15:28 | WARNING  | [lf.day.no_flights] No direct flights on 07FEB
2026-01-30 06:15:28 | INFO     | [SUCCESS] Day 07FEB
2026-01-30 06:15:28 | INFO     | [DAY_START] Processing 06FEB
2026-01-30 06:15:28 | INFO     | [lf.day.start] Processing CAI-ELQ for 06FEB
2026-01-30 06:15:29 | INFO     | [lf.day.flights_found] Found 1 flights on 06FEB
2026-01-30 06:15:31 | INFO     | [lf.flight.extracted] SM427 on 06FEB: BKG=37, LF=33.9%
2026-01-30 06:15:35 | INFO     | [SUCCESS] Day 06FEB
2026-01-30 06:15:35 | INFO     | [DAY_START] Processing 05FEB
2026-01-30 06:15:35 | INFO     | [lf.day.start] Processing CAI-ELQ for 05FEB
2026-01-30 06:15:36 | INFO     | [lf.day.flights_found] Found 1 flights on 05FEB
2026-01-30 06:15:38 | INFO     | [lf.flight.extracted] SM427 on 05FEB: BKG=34, LF=31.2%
2026-01-30 06:15:41 | INFO     | [SUCCESS] Day 05FEB
2026-01-30 06:15:41 | INFO     | [DAY_START] Processing 04FEB
2026-01-30 06:15:41 | INFO     | [lf.day.start] Processing CAI-ELQ for 04FEB
2026-01-30 06:15:42 | WARNING  | [lf.day.no_flights] No direct flights on 04FEB
2026-01-30 06:15:42 | INFO     | [SUCCESS] Day 04FEB
2026-01-30 06:15:42 | INFO     | [DAY_START] Processing 03FEB
2026-01-30 06:15:42 | INFO     | [lf.day.start] Processing CAI-ELQ for 03FEB
2026-01-30 06:15:43 | WARNING  | [lf.day.no_flights] No direct flights on 03FEB
2026-01-30 06:15:43 | INFO     | [SUCCESS] Day 03FEB
2026-01-30 06:15:43 | INFO     | [DAY_START] Processing 02FEB
2026-01-30 06:15:43 | INFO     | [lf.day.start] Processing CAI-ELQ for 02FEB
2026-01-30 06:15:44 | WARNING  | [lf.day.no_flights] No direct flights on 02FEB
2026-01-30 06:15:44 | INFO     | [SUCCESS] Day 02FEB
2026-01-30 06:15:44 | INFO     | [DAY_START] Processing 01FEB
2026-01-30 06:15:44 | INFO     | [lf.day.start] Processing CAI-ELQ for 01FEB
2026-01-30 06:15:45 | INFO     | [lf.day.flights_found] Found 1 flights on 01FEB
2026-01-30 06:15:47 | INFO     | [lf.flight.extracted] SM427 on 01FEB: BKG=117, LF=65.4%
2026-01-30 06:15:53 | INFO     | [SUCCESS] Day 01FEB
2026-01-30 06:15:53 | INFO     | [DAY_START] Processing 31JAN
2026-01-30 06:15:53 | INFO     | [lf.day.start] Processing CAI-ELQ for 31JAN
2026-01-30 06:15:54 | WARNING  | [lf.day.no_flights] No direct flights on 31JAN
2026-01-30 06:15:54 | INFO     | [SUCCESS] Day 31JAN
2026-01-30 06:15:54 | INFO     | [SUCCESS] LF Search Complete
2026-01-30 06:15:54 | INFO     | [Worker_9224] Completed: CAI-ELQ - 9 results, 0 errors
2026-01-30 06:21:40 | INFO     | [Worker_9224] Shutdown signal received, exiting...
2026-01-30 06:21:40 | INFO     | [Worker_9224] Finished. Processed 57 groups.
