2026-01-30 05:33:35 | INFO     | ======================================================================
2026-01-30 05:33:35 | INFO     | Load Factor Scraper Started - Route: CAI-AHB
2026-01-30 05:33:35 | INFO     | Log file: D:\CODERED\LAB\Artifacts\outputs\run_generated_300126_at_05.16\logs\LF_CAI-AHB_20260130_053335.log
2026-01-30 05:33:35 | INFO     | Enhanced logging: Capturing both logging.info() and print()
2026-01-30 05:33:35 | INFO     | ======================================================================
2026-01-30 05:33:35 | INFO     | Starting LF search for route: CAI-AHB
2026-01-30 05:33:35 | INFO     | [START] LF Search
2026-01-30 05:33:36 | INFO     | [HEALTH CHECK] [OK] Chrome connection is healthy
2026-01-30 05:33:36 | INFO     | [DAY_START] Processing 09APR
2026-01-30 05:33:36 | INFO     | [lf.day.start] Processing CAI-AHB for 09APR
2026-01-30 05:33:38 | INFO     | [lf.day.flights_found] Found 1 flights on 09APR
2026-01-30 05:33:43 | INFO     | [lf.flight.extracted] SM443 on 09APR: BKG=16, LF=8.9%
2026-01-30 05:33:49 | INFO     | [SUCCESS] Day 09APR
2026-01-30 05:33:49 | INFO     | [DAY_START] Processing 08APR
2026-01-30 05:33:49 | INFO     | [lf.day.start] Processing CAI-AHB for 08APR
2026-01-30 05:33:50 | INFO     | [lf.day.flights_found] Found 1 flights on 08APR
2026-01-30 05:33:53 | INFO     | [lf.flight.extracted] SM443 on 08APR: BKG=12, LF=6.7%
2026-01-30 05:33:57 | INFO     | [SUCCESS] Day 08APR
2026-01-30 05:33:57 | INFO     | [DAY_START] Processing 07APR
2026-01-30 05:33:57 | INFO     | [lf.day.start] Processing CAI-AHB for 07APR
2026-01-30 05:33:58 | WARNING  | [lf.day.no_flights] No direct flights on 07APR
2026-01-30 05:33:58 | INFO     | [SUCCESS] Day 07APR
2026-01-30 05:33:58 | INFO     | [DAY_START] Processing 06APR
2026-01-30 05:33:58 | INFO     | [lf.day.start] Processing CAI-AHB for 06APR
2026-01-30 05:33:59 | INFO     | [lf.day.flights_found] Found 1 flights on 06APR
2026-01-30 05:34:02 | INFO     | [lf.flight.extracted] SM443 on 06APR: BKG=18, LF=10.1%
2026-01-30 05:34:06 | INFO     | [SUCCESS] Day 06APR
2026-01-30 05:34:06 | INFO     | [DAY_START] Processing 05APR
2026-01-30 05:34:06 | INFO     | [lf.day.start] Processing CAI-AHB for 05APR
2026-01-30 05:34:08 | WARNING  | [lf.day.no_flights] No direct flights on 05APR
2026-01-30 05:34:08 | INFO     | [SUCCESS] Day 05APR
2026-01-30 05:34:08 | INFO     | [DAY_START] Processing 04APR
2026-01-30 05:34:08 | INFO     | [lf.day.start] Processing CAI-AHB for 04APR
2026-01-30 05:34:10 | INFO     | [lf.day.flights_found] Found 1 flights on 04APR
2026-01-30 05:34:15 | INFO     | [lf.flight.extracted] SM443 on 04APR: BKG=44, LF=24.6%
2026-01-30 05:34:32 | INFO     | [SUCCESS] Day 04APR
2026-01-30 05:34:32 | INFO     | [DAY_START] Processing 03APR
2026-01-30 05:34:32 | INFO     | [lf.day.start] Processing CAI-AHB for 03APR
2026-01-30 05:34:37 | WARNING  | [lf.day.no_flights] No direct flights on 03APR
2026-01-30 05:34:37 | INFO     | [SUCCESS] Day 03APR
2026-01-30 05:34:37 | INFO     | [DAY_START] Processing 02APR
2026-01-30 05:34:37 | INFO     | [lf.day.start] Processing CAI-AHB for 02APR
2026-01-30 05:34:39 | INFO     | [lf.day.flights_found] Found 1 flights on 02APR
2026-01-30 05:34:42 | INFO     | [lf.flight.extracted] SM443 on 02APR: BKG=46, LF=25.7%
2026-01-30 05:34:47 | INFO     | [SUCCESS] Day 02APR
2026-01-30 05:34:47 | INFO     | [DAY_START] Processing 01APR
2026-01-30 05:34:47 | INFO     | [lf.day.start] Processing CAI-AHB for 01APR
2026-01-30 05:34:48 | INFO     | [lf.day.flights_found] Found 1 flights on 01APR
2026-01-30 05:34:51 | INFO     | [lf.flight.extracted] SM443 on 01APR: BKG=66, LF=36.9%
2026-01-30 05:34:56 | INFO     | [SUCCESS] Day 01APR
2026-01-30 05:34:56 | INFO     | [DAY_START] Processing 31MAR
2026-01-30 05:34:56 | INFO     | [lf.day.start] Processing CAI-AHB for 31MAR
2026-01-30 05:34:58 | WARNING  | [lf.day.no_flights] No direct flights on 31MAR
2026-01-30 05:34:58 | INFO     | [SUCCESS] Day 31MAR
2026-01-30 05:34:58 | INFO     | [SUCCESS] LF Search Complete
2026-01-30 05:34:58 | INFO     | [Worker_9226] Completed: CAI-AHB - 10 results, 0 errors
2026-01-30 05:34:58 | INFO     | [Worker_9226] Processing: JED-CAI
2026-01-30 05:34:58 | INFO     |   Tier 0: Range 2, Chunk 1/3 (10 days)
