2026-01-30 05:29:16 | INFO     | ======================================================================
2026-01-30 05:29:16 | INFO     | Load Factor Scraper Started - Route: CAI-JED
2026-01-30 05:29:16 | INFO     | Log file: D:\CODERED\LAB\Artifacts\outputs\run_generated_300126_at_05.16\logs\LF_CAI-JED_20260130_052916.log
2026-01-30 05:29:16 | INFO     | Enhanced logging: Capturing both logging.info() and print()
2026-01-30 05:29:16 | INFO     | ======================================================================
2026-01-30 05:29:16 | INFO     | Starting LF search for route: CAI-JED
2026-01-30 05:29:16 | INFO     | [START] LF Search
2026-01-30 05:29:17 | INFO     | [HEALTH CHECK] [OK] Chrome connection is healthy
2026-01-30 05:29:17 | INFO     | [DAY_START] Processing 19APR
2026-01-30 05:29:17 | INFO     | [lf.day.start] Processing CAI-JED for 19APR
2026-01-30 05:29:18 | INFO     | [lf.day.flights_found] Found 3 flights on 19APR
2026-01-30 05:29:20 | INFO     | [lf.flight.extracted] SM477 on 19APR: BKG=4, LF=2.2%
2026-01-30 05:29:23 | INFO     | [lf.flight.extracted] SM475 on 19APR: BKG=9, LF=5.0%
2026-01-30 05:29:28 | INFO     | [lf.flight.extracted] SM459 on 19APR: BKG=4, LF=2.2%
2026-01-30 05:29:33 | INFO     | [SUCCESS] Day 19APR
2026-01-30 05:29:33 | INFO     | [DAY_START] Processing 18APR
2026-01-30 05:29:33 | INFO     | [lf.day.start] Processing CAI-JED for 18APR
2026-01-30 05:29:34 | INFO     | [lf.day.flights_found] Found 2 flights on 18APR
2026-01-30 05:29:36 | INFO     | [lf.flight.extracted] SM477 on 18APR: BKG=9, LF=5.0%
2026-01-30 05:29:40 | INFO     | [lf.flight.extracted] SM475 on 18APR: BKG=15, LF=8.4%
2026-01-30 05:29:44 | INFO     | [SUCCESS] Day 18APR
2026-01-30 05:29:44 | INFO     | [DAY_START] Processing 17APR
2026-01-30 05:29:44 | INFO     | [lf.day.start] Processing CAI-JED for 17APR
2026-01-30 05:29:45 | INFO     | [lf.day.flights_found] Found 3 flights on 17APR
2026-01-30 05:29:47 | INFO     | [lf.flight.extracted] SM477 on 17APR: BKG=2, LF=1.1%
2026-01-30 05:29:51 | INFO     | [lf.flight.extracted] SM475 on 17APR: BKG=3, LF=1.7%
2026-01-30 05:29:54 | INFO     | [lf.flight.extracted] SM479 on 17APR: BKG=16, LF=8.9%
2026-01-30 05:30:00 | INFO     | [SUCCESS] Day 17APR
2026-01-30 05:30:00 | INFO     | [DAY_START] Processing 16APR
2026-01-30 05:30:00 | INFO     | [lf.day.start] Processing CAI-JED for 16APR
2026-01-30 05:30:01 | INFO     | [lf.day.flights_found] Found 3 flights on 16APR
2026-01-30 05:30:05 | INFO     | [lf.flight.extracted] SM477 on 16APR: BKG=3, LF=1.7%
2026-01-30 05:30:08 | INFO     | [lf.flight.extracted] SM475 on 16APR: BKG=6, LF=3.4%
2026-01-30 05:30:11 | INFO     | [lf.flight.extracted] SM459 on 16APR: BKG=5, LF=2.8%
2026-01-30 05:30:16 | INFO     | [SUCCESS] Day 16APR
2026-01-30 05:30:16 | INFO     | [DAY_START] Processing 15APR
2026-01-30 05:30:16 | INFO     | [lf.day.start] Processing CAI-JED for 15APR
2026-01-30 05:30:17 | INFO     | [lf.day.flights_found] Found 2 flights on 15APR
2026-01-30 05:30:19 | INFO     | [lf.flight.extracted] SM477 on 15APR: BKG=6, LF=3.4%
2026-01-30 05:30:23 | INFO     | [lf.flight.extracted] SM475 on 15APR: BKG=8, LF=4.5%
2026-01-30 05:30:27 | INFO     | [SUCCESS] Day 15APR
2026-01-30 05:30:27 | INFO     | [DAY_START] Processing 14APR
2026-01-30 05:30:27 | INFO     | [lf.day.start] Processing CAI-JED for 14APR
2026-01-30 05:30:28 | INFO     | [lf.day.flights_found] Found 3 flights on 14APR
2026-01-30 05:30:30 | INFO     | [lf.flight.extracted] SM477 on 14APR: BKG=5, LF=2.8%
2026-01-30 05:30:33 | INFO     | [lf.flight.extracted] SM475 on 14APR: BKG=3, LF=1.7%
2026-01-30 05:30:36 | INFO     | [lf.flight.extracted] SM479 on 14APR: BKG=13, LF=7.3%
2026-01-30 05:30:41 | INFO     | [SUCCESS] Day 14APR
2026-01-30 05:30:41 | INFO     | [DAY_START] Processing 13APR
2026-01-30 05:30:41 | INFO     | [lf.day.start] Processing CAI-JED for 13APR
2026-01-30 05:30:43 | INFO     | [lf.day.flights_found] Found 3 flights on 13APR
2026-01-30 05:30:44 | INFO     | [lf.flight.extracted] SM477 on 13APR: BKG=3, LF=1.7%
2026-01-30 05:30:48 | INFO     | [lf.flight.extracted] SM475 on 13APR: BKG=2, LF=1.1%
2026-01-30 05:30:51 | INFO     | [lf.flight.extracted] SM479 on 13APR: BKG=8, LF=4.5%
2026-01-30 05:30:56 | INFO     | [SUCCESS] Day 13APR
2026-01-30 05:30:56 | INFO     | [DAY_START] Processing 12APR
2026-01-30 05:30:56 | INFO     | [lf.day.start] Processing CAI-JED for 12APR
2026-01-30 05:30:57 | INFO     | [lf.day.flights_found] Found 3 flights on 12APR
2026-01-30 05:30:59 | INFO     | [lf.flight.extracted] SM477 on 12APR: BKG=4, LF=2.2%
2026-01-30 05:31:02 | INFO     | [lf.flight.extracted] SM475 on 12APR: BKG=11, LF=6.2%
2026-01-30 05:31:06 | INFO     | [lf.flight.extracted] SM459 on 12APR: BKG=8, LF=4.5%
2026-01-30 05:31:11 | INFO     | [SUCCESS] Day 12APR
2026-01-30 05:31:11 | INFO     | [DAY_START] Processing 11APR
2026-01-30 05:31:11 | INFO     | [lf.day.start] Processing CAI-JED for 11APR
2026-01-30 05:31:12 | INFO     | [lf.day.flights_found] Found 2 flights on 11APR
2026-01-30 05:31:15 | INFO     | [lf.flight.extracted] SM477 on 11APR: BKG=8, LF=4.5%
2026-01-30 05:31:18 | INFO     | [lf.flight.extracted] SM475 on 11APR: BKG=15, LF=8.4%
2026-01-30 05:31:22 | INFO     | [SUCCESS] Day 11APR
2026-01-30 05:31:22 | INFO     | [DAY_START] Processing 10APR
2026-01-30 05:31:22 | INFO     | [lf.day.start] Processing CAI-JED for 10APR
2026-01-30 05:31:23 | INFO     | [lf.day.flights_found] Found 3 flights on 10APR
2026-01-30 05:31:26 | INFO     | [lf.flight.extracted] SM477 on 10APR: BKG=9, LF=5.0%
2026-01-30 05:31:29 | INFO     | [lf.flight.extracted] SM475 on 10APR: BKG=10, LF=5.6%
2026-01-30 05:31:33 | INFO     | [lf.flight.extracted] SM479 on 10APR: BKG=18, LF=10.1%
2026-01-30 05:31:38 | INFO     | [SUCCESS] Day 10APR
2026-01-30 05:31:38 | INFO     | [SUCCESS] LF Search Complete
2026-01-30 05:31:38 | INFO     | [Worker_9232] Completed: CAI-JED - 10 results, 0 errors
2026-01-30 05:31:38 | INFO     | [Worker_9232] Processing: AJF-ATZ
2026-01-30 05:31:38 | INFO     |   Tier 0: Range 3, Chunk 3/3 (10 days)
