2026-01-30 06:03:21 | INFO     | ======================================================================
2026-01-30 06:03:21 | INFO     | Load Factor Scraper Started - Route: CAI-ELQ
2026-01-30 06:03:21 | INFO     | Log file: D:\CODERED\LAB\Artifacts\outputs\run_generated_300126_at_05.16\logs\LF_CAI-ELQ_20260130_060321.log
2026-01-30 06:03:21 | INFO     | Enhanced logging: Capturing both logging.info() and print()
2026-01-30 06:03:21 | INFO     | ======================================================================
2026-01-30 06:03:21 | INFO     | Starting LF search for route: CAI-ELQ
2026-01-30 06:03:21 | INFO     | [START] LF Search
2026-01-30 06:03:22 | INFO     | [HEALTH CHECK] [OK] Chrome connection is healthy
2026-01-30 06:03:22 | INFO     | [DAY_START] Processing 28FEB
2026-01-30 06:03:22 | INFO     | [lf.day.start] Processing CAI-ELQ for 28FEB
2026-01-30 06:03:23 | WARNING  | [lf.day.no_flights] No direct flights on 28FEB
2026-01-30 06:03:23 | INFO     | [SUCCESS] Day 28FEB
2026-01-30 06:03:23 | INFO     | [DAY_START] Processing 27FEB
2026-01-30 06:03:23 | INFO     | [lf.day.start] Processing CAI-ELQ for 27FEB
2026-01-30 06:03:24 | INFO     | [lf.day.flights_found] Found 1 flights on 27FEB
2026-01-30 06:03:26 | INFO     | [lf.flight.extracted] SM427 on 27FEB: BKG=2, LF=1.8%
2026-01-30 06:03:29 | INFO     | [SUCCESS] Day 27FEB
2026-01-30 06:03:29 | INFO     | [DAY_START] Processing 26FEB
2026-01-30 06:03:29 | INFO     | [lf.day.start] Processing CAI-ELQ for 26FEB
2026-01-30 06:03:30 | INFO     | [lf.day.flights_found] Found 1 flights on 26FEB
2026-01-30 06:03:32 | INFO     | [lf.flight.extracted] SM427 on 26FEB: BKG=1, LF=0.9%
2026-01-30 06:03:34 | INFO     | [SUCCESS] Day 26FEB
2026-01-30 06:03:34 | INFO     | [DAY_START] Processing 25FEB
2026-01-30 06:03:34 | INFO     | [lf.day.start] Processing CAI-ELQ for 25FEB
2026-01-30 06:03:35 | WARNING  | [lf.day.no_flights] No direct flights on 25FEB
2026-01-30 06:03:35 | INFO     | [SUCCESS] Day 25FEB
2026-01-30 06:03:35 | INFO     | [DAY_START] Processing 24FEB
2026-01-30 06:03:35 | INFO     | [lf.day.start] Processing CAI-ELQ for 24FEB
2026-01-30 06:03:37 | WARNING  | [lf.day.no_flights] No direct flights on 24FEB
2026-01-30 06:03:37 | INFO     | [SUCCESS] Day 24FEB
2026-01-30 06:03:37 | INFO     | [DAY_START] Processing 23FEB
2026-01-30 06:03:37 | INFO     | [lf.day.start] Processing CAI-ELQ for 23FEB
2026-01-30 06:03:38 | WARNING  | [lf.day.no_flights] No direct flights on 23FEB
2026-01-30 06:03:38 | INFO     | [SUCCESS] Day 23FEB
2026-01-30 06:03:38 | INFO     | [DAY_START] Processing 22FEB
2026-01-30 06:03:38 | INFO     | [lf.day.start] Processing CAI-ELQ for 22FEB
2026-01-30 06:03:39 | INFO     | [lf.day.flights_found] Found 1 flights on 22FEB
2026-01-30 06:03:41 | INFO     | [lf.flight.extracted] SM427 on 22FEB: BKG=8, LF=4.5%
2026-01-30 06:03:43 | INFO     | [SUCCESS] Day 22FEB
2026-01-30 06:03:43 | INFO     | [DAY_START] Processing 21FEB
2026-01-30 06:03:43 | INFO     | [lf.day.start] Processing CAI-ELQ for 21FEB
2026-01-30 06:03:44 | WARNING  | [lf.day.no_flights] No direct flights on 21FEB
2026-01-30 06:03:44 | INFO     | [SUCCESS] Day 21FEB
2026-01-30 06:03:44 | INFO     | [DAY_START] Processing 20FEB
2026-01-30 06:03:44 | INFO     | [lf.day.start] Processing CAI-ELQ for 20FEB
2026-01-30 06:03:46 | INFO     | [lf.day.flights_found] Found 1 flights on 20FEB
2026-01-30 06:03:48 | INFO     | [lf.flight.extracted] SM427 on 20FEB: BKG=4, LF=3.7%
2026-01-30 06:03:50 | INFO     | [SUCCESS] Day 20FEB
2026-01-30 06:03:50 | INFO     | [DAY_START] Processing 19FEB
2026-01-30 06:03:50 | INFO     | [lf.day.start] Processing CAI-ELQ for 19FEB
2026-01-30 06:03:52 | INFO     | [lf.day.flights_found] Found 1 flights on 19FEB
2026-01-30 06:03:54 | INFO     | [lf.flight.extracted] SM427 on 19FEB: BKG=7, LF=6.4%
2026-01-30 06:03:56 | INFO     | [SUCCESS] Day 19FEB
2026-01-30 06:03:56 | INFO     | [SUCCESS] LF Search Complete
2026-01-30 06:03:56 | INFO     | [Worker_9232] Completed: CAI-ELQ - 10 results, 0 errors
2026-01-30 06:03:56 | INFO     | [Worker_9232] Processing: JED-HBE
2026-01-30 06:03:56 | INFO     |   Tier 0: Range 1, Chunk 2/3 (10 days)
