2026-01-30 05:18:56 | INFO     | ======================================================================
2026-01-30 05:18:56 | INFO     | Load Factor Scraper Started - Route: DMM-CAI
2026-01-30 05:18:56 | INFO     | Log file: D:\CODERED\LAB\Artifacts\outputs\run_generated_300126_at_05.16\logs\LF_DMM-CAI_20260130_051856.log
2026-01-30 05:18:56 | INFO     | Enhanced logging: Capturing both logging.info() and print()
2026-01-30 05:18:56 | INFO     | ======================================================================
2026-01-30 05:18:56 | INFO     | Starting LF search for route: DMM-CAI
2026-01-30 05:18:56 | INFO     | [START] LF Search
2026-01-30 05:18:57 | INFO     | [HEALTH CHECK] [OK] Chrome connection is healthy
2026-01-30 05:18:57 | INFO     | [DAY_START] Processing 22MAY
2026-01-30 05:18:57 | INFO     | [lf.day.start] Processing DMM-CAI for 22MAY
2026-01-30 05:18:58 | INFO     | [lf.day.flights_found] Found 2 flights on 22MAY
2026-01-30 05:19:00 | INFO     | [lf.flight.extracted] SM434 on 22MAY: BKG=15, LF=9.0%
2026-01-30 05:19:03 | INFO     | [lf.flight.extracted] SM440 on 22MAY: BKG=13, LF=7.4%
2026-01-30 05:19:07 | INFO     | [SUCCESS] Day 22MAY
2026-01-30 05:19:07 | INFO     | [DAY_START] Processing 21MAY
2026-01-30 05:19:07 | INFO     | [lf.day.start] Processing DMM-CAI for 21MAY
2026-01-30 05:19:08 | WARNING  | [lf.day.no_flights] No direct flights on 21MAY
2026-01-30 05:19:08 | INFO     | [SUCCESS] Day 21MAY
2026-01-30 05:19:08 | INFO     | [DAY_START] Processing 20MAY
2026-01-30 05:19:08 | INFO     | [lf.day.start] Processing DMM-CAI for 20MAY
2026-01-30 05:19:09 | INFO     | [lf.day.flights_found] Found 1 flights on 20MAY
2026-01-30 05:19:11 | INFO     | [lf.flight.extracted] SM434 on 20MAY: BKG=3, LF=1.7%
2026-01-30 05:19:14 | INFO     | [SUCCESS] Day 20MAY
2026-01-30 05:19:14 | INFO     | [DAY_START] Processing 19MAY
2026-01-30 05:19:14 | INFO     | [lf.day.start] Processing DMM-CAI for 19MAY
2026-01-30 05:19:15 | INFO     | [lf.day.flights_found] Found 1 flights on 19MAY
2026-01-30 05:19:17 | INFO     | [lf.flight.extracted] SM434 on 19MAY: BKG=0, LF=0.0%
2026-01-30 05:19:18 | INFO     | [SUCCESS] Day 19MAY
2026-01-30 05:19:18 | INFO     | [DAY_START] Processing 18MAY
2026-01-30 05:19:18 | INFO     | [lf.day.start] Processing DMM-CAI for 18MAY
2026-01-30 05:19:19 | INFO     | [lf.day.flights_found] Found 2 flights on 18MAY
2026-01-30 05:19:21 | INFO     | [lf.flight.extracted] SM440 on 18MAY: BKG=0, LF=0.0%
2026-01-30 05:19:24 | INFO     | [lf.flight.extracted] SM434 on 18MAY: BKG=1, LF=0.6%
2026-01-30 05:19:26 | INFO     | [SUCCESS] Day 18MAY
2026-01-30 05:19:26 | INFO     | [DAY_START] Processing 17MAY
2026-01-30 05:19:26 | INFO     | [lf.day.start] Processing DMM-CAI for 17MAY
2026-01-30 05:19:27 | INFO     | [lf.day.flights_found] Found 1 flights on 17MAY
2026-01-30 05:19:29 | INFO     | [lf.flight.extracted] SM434 on 17MAY: BKG=0, LF=0.0%
2026-01-30 05:19:30 | INFO     | [SUCCESS] Day 17MAY
2026-01-30 05:19:30 | INFO     | [DAY_START] Processing 16MAY
2026-01-30 05:19:30 | INFO     | [lf.day.start] Processing DMM-CAI for 16MAY
2026-01-30 05:19:31 | WARNING  | [lf.day.no_flights] No direct flights on 16MAY
2026-01-30 05:19:31 | INFO     | [SUCCESS] Day 16MAY
2026-01-30 05:19:31 | INFO     | [DAY_START] Processing 15MAY
2026-01-30 05:19:31 | INFO     | [lf.day.start] Processing DMM-CAI for 15MAY
2026-01-30 05:19:32 | INFO     | [lf.day.flights_found] Found 2 flights on 15MAY
2026-01-30 05:19:34 | INFO     | [lf.flight.extracted] SM434 on 15MAY: BKG=19, LF=10.9%
2026-01-30 05:19:37 | INFO     | [lf.flight.extracted] SM440 on 15MAY: BKG=13, LF=7.4%
2026-01-30 05:19:41 | INFO     | [SUCCESS] Day 15MAY
2026-01-30 05:19:41 | INFO     | [SUCCESS] LF Search Complete
2026-01-30 05:19:41 | INFO     | [Worker_9234] Completed: DMM-CAI - 8 results, 0 errors
2026-01-30 05:19:41 | INFO     | [Worker_9234] Processing: HBE-JED
2026-01-30 05:19:41 | INFO     |   Tier 0: Range 4, Chunk 2/4 (8 days)
