2026-01-30 05:37:56 | INFO     | ======================================================================
2026-01-30 05:37:56 | INFO     | Load Factor Scraper Started - Route: DMM-ATZ
2026-01-30 05:37:56 | INFO     | Log file: D:\CODERED\LAB\Artifacts\outputs\run_generated_300126_at_05.16\logs\LF_DMM-ATZ_20260130_053756.log
2026-01-30 05:37:56 | INFO     | Enhanced logging: Capturing both logging.info() and print()
2026-01-30 05:37:56 | INFO     | ======================================================================
2026-01-30 05:37:56 | INFO     | Starting LF search for route: DMM-ATZ
2026-01-30 05:37:56 | INFO     | [START] LF Search
2026-01-30 05:37:57 | INFO     | [HEALTH CHECK] [OK] Chrome connection is healthy
2026-01-30 05:37:57 | INFO     | [DAY_START] Processing 30MAR
2026-01-30 05:37:57 | INFO     | [lf.day.start] Processing DMM-ATZ for 30MAR
2026-01-30 05:38:01 | WARNING  | [lf.day.no_flights] No direct flights on 30MAR
2026-01-30 05:38:01 | INFO     | [SUCCESS] Day 30MAR
2026-01-30 05:38:01 | INFO     | [DAY_START] Processing 29MAR
2026-01-30 05:38:01 | INFO     | [lf.day.start] Processing DMM-ATZ for 29MAR
2026-01-30 05:38:06 | WARNING  | [lf.day.no_flights] No direct flights on 29MAR
2026-01-30 05:38:06 | INFO     | [SUCCESS] Day 29MAR
2026-01-30 05:38:06 | INFO     | [DAY_START] Processing 28MAR
2026-01-30 05:38:06 | INFO     | [lf.day.start] Processing DMM-ATZ for 28MAR
2026-01-30 05:38:10 | WARNING  | [lf.day.no_flights] No direct flights on 28MAR
2026-01-30 05:38:10 | INFO     | [SUCCESS] Day 28MAR
2026-01-30 05:38:10 | INFO     | [DAY_START] Processing 27MAR
2026-01-30 05:38:10 | INFO     | [lf.day.start] Processing DMM-ATZ for 27MAR
2026-01-30 05:38:15 | INFO     | [lf.day.flights_found] Found 1 flights on 27MAR
2026-01-30 05:38:21 | INFO     | [lf.flight.extracted] SM438 on 27MAR: BKG=15, LF=8.7%
2026-01-30 05:38:31 | INFO     | [SUCCESS] Day 27MAR
2026-01-30 05:38:31 | INFO     | [DAY_START] Processing 26MAR
2026-01-30 05:38:31 | INFO     | [lf.day.start] Processing DMM-ATZ for 26MAR
2026-01-30 05:38:35 | WARNING  | [lf.day.no_flights] No direct flights on 26MAR
2026-01-30 05:38:35 | INFO     | [SUCCESS] Day 26MAR
2026-01-30 05:38:35 | INFO     | [DAY_START] Processing 25MAR
2026-01-30 05:38:35 | INFO     | [lf.day.start] Processing DMM-ATZ for 25MAR
2026-01-30 05:38:38 | WARNING  | [lf.day.no_flights] No direct flights on 25MAR
2026-01-30 05:38:38 | INFO     | [SUCCESS] Day 25MAR
2026-01-30 05:38:38 | INFO     | [DAY_START] Processing 24MAR
2026-01-30 05:38:38 | INFO     | [lf.day.start] Processing DMM-ATZ for 24MAR
2026-01-30 05:38:41 | WARNING  | [lf.day.no_flights] No direct flights on 24MAR
2026-01-30 05:38:41 | INFO     | [SUCCESS] Day 24MAR
2026-01-30 05:38:41 | INFO     | [DAY_START] Processing 23MAR
2026-01-30 05:38:41 | INFO     | [lf.day.start] Processing DMM-ATZ for 23MAR
2026-01-30 05:38:44 | INFO     | [lf.day.flights_found] Found 1 flights on 23MAR
2026-01-30 05:38:50 | INFO     | [lf.flight.extracted] SM438 on 23MAR: BKG=39, LF=22.7%
2026-01-30 05:39:02 | INFO     | [SUCCESS] Day 23MAR
2026-01-30 05:39:02 | INFO     | [DAY_START] Processing 22MAR
2026-01-30 05:39:02 | INFO     | [lf.day.start] Processing DMM-ATZ for 22MAR
2026-01-30 05:39:05 | WARNING  | [lf.day.no_flights] No direct flights on 22MAR
2026-01-30 05:39:05 | INFO     | [SUCCESS] Day 22MAR
2026-01-30 05:39:05 | INFO     | [DAY_START] Processing 21MAR
2026-01-30 05:39:05 | INFO     | [lf.day.start] Processing DMM-ATZ for 21MAR
2026-01-30 05:39:10 | WARNING  | [lf.day.no_flights] No direct flights on 21MAR
2026-01-30 05:39:10 | INFO     | [SUCCESS] Day 21MAR
2026-01-30 05:39:10 | INFO     | [SUCCESS] LF Search Complete
2026-01-30 05:39:10 | INFO     | [Worker_9233] Completed: DMM-ATZ - 10 results, 0 errors
2026-01-30 05:39:10 | INFO     | [Worker_9233] Processing: YNB-CAI
2026-01-30 05:39:10 | INFO     |   Tier 0: Range 2, Chunk 1/3 (10 days)
