2026-01-30 05:31:22 | INFO     | ======================================================================
2026-01-30 05:31:22 | INFO     | Load Factor Scraper Started - Route: DMM-ATZ
2026-01-30 05:31:22 | INFO     | Log file: D:\CODERED\LAB\Artifacts\outputs\run_generated_300126_at_05.16\logs\LF_DMM-ATZ_20260130_053122.log
2026-01-30 05:31:22 | INFO     | Enhanced logging: Capturing both logging.info() and print()
2026-01-30 05:31:22 | INFO     | ======================================================================
2026-01-30 05:31:22 | INFO     | Starting LF search for route: DMM-ATZ
2026-01-30 05:31:22 | INFO     | [START] LF Search
2026-01-30 05:31:23 | INFO     | [HEALTH CHECK] [OK] Chrome connection is healthy
2026-01-30 05:31:23 | INFO     | [DAY_START] Processing 09APR
2026-01-30 05:31:23 | INFO     | [lf.day.start] Processing DMM-ATZ for 09APR
2026-01-30 05:31:24 | WARNING  | [lf.day.no_flights] No direct flights on 09APR
2026-01-30 05:31:24 | INFO     | [SUCCESS] Day 09APR
2026-01-30 05:31:24 | INFO     | [DAY_START] Processing 08APR
2026-01-30 05:31:24 | INFO     | [lf.day.start] Processing DMM-ATZ for 08APR
2026-01-30 05:31:26 | WARNING  | [lf.day.no_flights] No direct flights on 08APR
2026-01-30 05:31:26 | INFO     | [SUCCESS] Day 08APR
2026-01-30 05:31:26 | INFO     | [DAY_START] Processing 07APR
2026-01-30 05:31:26 | INFO     | [lf.day.start] Processing DMM-ATZ for 07APR
2026-01-30 05:31:27 | WARNING  | [lf.day.no_flights] No direct flights on 07APR
2026-01-30 05:31:27 | INFO     | [SUCCESS] Day 07APR
2026-01-30 05:31:27 | INFO     | [DAY_START] Processing 06APR
2026-01-30 05:31:27 | INFO     | [lf.day.start] Processing DMM-ATZ for 06APR
2026-01-30 05:31:28 | WARNING  | [lf.day.no_flights] No direct flights on 06APR
2026-01-30 05:31:28 | INFO     | [SUCCESS] Day 06APR
2026-01-30 05:31:28 | INFO     | [DAY_START] Processing 05APR
2026-01-30 05:31:28 | INFO     | [lf.day.start] Processing DMM-ATZ for 05APR
2026-01-30 05:31:30 | WARNING  | [lf.day.no_flights] No direct flights on 05APR
2026-01-30 05:31:30 | INFO     | [SUCCESS] Day 05APR
2026-01-30 05:31:30 | INFO     | [DAY_START] Processing 04APR
2026-01-30 05:31:30 | INFO     | [lf.day.start] Processing DMM-ATZ for 04APR
2026-01-30 05:31:31 | WARNING  | [lf.day.no_flights] No direct flights on 04APR
2026-01-30 05:31:31 | INFO     | [SUCCESS] Day 04APR
2026-01-30 05:31:31 | INFO     | [DAY_START] Processing 03APR
2026-01-30 05:31:31 | INFO     | [lf.day.start] Processing DMM-ATZ for 03APR
2026-01-30 05:31:32 | WARNING  | [lf.day.no_flights] No direct flights on 03APR
2026-01-30 05:31:32 | INFO     | [SUCCESS] Day 03APR
2026-01-30 05:31:32 | INFO     | [DAY_START] Processing 02APR
2026-01-30 05:31:32 | INFO     | [lf.day.start] Processing DMM-ATZ for 02APR
2026-01-30 05:31:33 | WARNING  | [lf.day.no_flights] No direct flights on 02APR
2026-01-30 05:31:33 | INFO     | [SUCCESS] Day 02APR
2026-01-30 05:31:33 | INFO     | [DAY_START] Processing 01APR
2026-01-30 05:31:33 | INFO     | [lf.day.start] Processing DMM-ATZ for 01APR
2026-01-30 05:31:34 | WARNING  | [lf.day.no_flights] No direct flights on 01APR
2026-01-30 05:31:34 | INFO     | [SUCCESS] Day 01APR
2026-01-30 05:31:34 | INFO     | [DAY_START] Processing 31MAR
2026-01-30 05:31:34 | INFO     | [lf.day.start] Processing DMM-ATZ for 31MAR
2026-01-30 05:31:36 | WARNING  | [lf.day.no_flights] No direct flights on 31MAR
2026-01-30 05:31:36 | INFO     | [SUCCESS] Day 31MAR
2026-01-30 05:31:36 | INFO     | [SUCCESS] LF Search Complete
2026-01-30 05:31:36 | INFO     | [Worker_9227] Completed: DMM-ATZ - 10 results, 0 errors
2026-01-30 05:31:36 | INFO     | [Worker_9227] Processing: AJF-CAI
2026-01-30 05:31:36 | INFO     |   Tier 0: Range 3, Chunk 3/3 (10 days)
