2026-01-30 05:25:28 | INFO     | ======================================================================
2026-01-30 05:25:28 | INFO     | Load Factor Scraper Started - Route: DMM-CAI
2026-01-30 05:25:28 | INFO     | Log file: D:\CODERED\LAB\Artifacts\outputs\run_generated_300126_at_05.16\logs\LF_DMM-CAI_20260130_052528.log
2026-01-30 05:25:28 | INFO     | Enhanced logging: Capturing both logging.info() and print()
2026-01-30 05:25:28 | INFO     | ======================================================================
2026-01-30 05:25:28 | INFO     | Starting LF search for route: DMM-CAI
2026-01-30 05:25:28 | INFO     | [START] LF Search
2026-01-30 05:25:29 | INFO     | [HEALTH CHECK] [OK] Chrome connection is healthy
2026-01-30 05:25:29 | INFO     | [DAY_START] Processing 29APR
2026-01-30 05:25:29 | INFO     | [lf.day.start] Processing DMM-CAI for 29APR
2026-01-30 05:25:30 | INFO     | [lf.day.flights_found] Found 1 flights on 29APR
2026-01-30 05:25:32 | INFO     | [lf.flight.extracted] SM434 on 29APR: BKG=3, LF=1.7%
2026-01-30 05:25:34 | INFO     | [SUCCESS] Day 29APR
2026-01-30 05:25:34 | INFO     | [DAY_START] Processing 28APR
2026-01-30 05:25:34 | INFO     | [lf.day.start] Processing DMM-CAI for 28APR
2026-01-30 05:25:36 | INFO     | [lf.day.flights_found] Found 1 flights on 28APR
2026-01-30 05:25:37 | INFO     | [lf.flight.extracted] SM434 on 28APR: BKG=0, LF=0.0%
2026-01-30 05:25:39 | INFO     | [SUCCESS] Day 28APR
2026-01-30 05:25:39 | INFO     | [DAY_START] Processing 27APR
2026-01-30 05:25:39 | INFO     | [lf.day.start] Processing DMM-CAI for 27APR
2026-01-30 05:25:40 | INFO     | [lf.day.flights_found] Found 2 flights on 27APR
2026-01-30 05:25:42 | INFO     | [lf.flight.extracted] SM440 on 27APR: BKG=4, LF=2.3%
2026-01-30 05:25:45 | INFO     | [lf.flight.extracted] SM434 on 27APR: BKG=0, LF=0.0%
2026-01-30 05:25:47 | INFO     | [SUCCESS] Day 27APR
2026-01-30 05:25:47 | INFO     | [DAY_START] Processing 26APR
2026-01-30 05:25:47 | INFO     | [lf.day.start] Processing DMM-CAI for 26APR
2026-01-30 05:25:48 | INFO     | [lf.day.flights_found] Found 1 flights on 26APR
2026-01-30 05:25:50 | INFO     | [lf.flight.extracted] SM434 on 26APR: BKG=0, LF=0.0%
2026-01-30 05:25:51 | INFO     | [SUCCESS] Day 26APR
2026-01-30 05:25:51 | INFO     | [DAY_START] Processing 25APR
2026-01-30 05:25:51 | INFO     | [lf.day.start] Processing DMM-CAI for 25APR
2026-01-30 05:25:53 | WARNING  | [lf.day.no_flights] No direct flights on 25APR
2026-01-30 05:25:53 | INFO     | [SUCCESS] Day 25APR
2026-01-30 05:25:53 | INFO     | [DAY_START] Processing 24APR
2026-01-30 05:25:53 | INFO     | [lf.day.start] Processing DMM-CAI for 24APR
2026-01-30 05:25:54 | INFO     | [lf.day.flights_found] Found 2 flights on 24APR
2026-01-30 05:25:56 | INFO     | [lf.flight.extracted] SM434 on 24APR: BKG=3, LF=1.7%
2026-01-30 05:25:59 | INFO     | [lf.flight.extracted] SM440 on 24APR: BKG=0, LF=0.0%
2026-01-30 05:26:02 | INFO     | [SUCCESS] Day 24APR
2026-01-30 05:26:02 | INFO     | [DAY_START] Processing 23APR
2026-01-30 05:26:02 | INFO     | [lf.day.start] Processing DMM-CAI for 23APR
2026-01-30 05:26:03 | WARNING  | [lf.day.no_flights] No direct flights on 23APR
2026-01-30 05:26:03 | INFO     | [SUCCESS] Day 23APR
2026-01-30 05:26:03 | INFO     | [DAY_START] Processing 22APR
2026-01-30 05:26:03 | INFO     | [lf.day.start] Processing DMM-CAI for 22APR
2026-01-30 05:26:04 | INFO     | [lf.day.flights_found] Found 1 flights on 22APR
2026-01-30 05:26:06 | INFO     | [lf.flight.extracted] SM434 on 22APR: BKG=5, LF=3.0%
2026-01-30 05:26:08 | INFO     | [SUCCESS] Day 22APR
2026-01-30 05:26:08 | INFO     | [DAY_START] Processing 21APR
2026-01-30 05:26:08 | INFO     | [lf.day.start] Processing DMM-CAI for 21APR
2026-01-30 05:26:10 | INFO     | [lf.day.flights_found] Found 1 flights on 21APR
2026-01-30 05:26:12 | INFO     | [lf.flight.extracted] SM434 on 21APR: BKG=0, LF=0.0%
2026-01-30 05:26:13 | INFO     | [SUCCESS] Day 21APR
2026-01-30 05:26:13 | INFO     | [DAY_START] Processing 20APR
2026-01-30 05:26:13 | INFO     | [lf.day.start] Processing DMM-CAI for 20APR
2026-01-30 05:26:14 | INFO     | [lf.day.flights_found] Found 2 flights on 20APR
2026-01-30 05:26:16 | INFO     | [lf.flight.extracted] SM440 on 20APR: BKG=0, LF=0.0%
2026-01-30 05:26:18 | INFO     | [lf.flight.extracted] SM434 on 20APR: BKG=6, LF=3.6%
2026-01-30 05:26:21 | INFO     | [SUCCESS] Day 20APR
2026-01-30 05:26:21 | INFO     | [SUCCESS] LF Search Complete
2026-01-30 05:26:21 | INFO     | [Worker_9222] Completed: DMM-CAI - 10 results, 0 errors
2026-01-30 05:26:21 | INFO     | [Worker_9222] Processing: CAI-JED
2026-01-30 05:26:21 | INFO     |   Tier 0: Range 3, Chunk 1/3 (10 days)
