2026-01-30 06:06:47 | INFO     | ======================================================================
2026-01-30 06:06:47 | INFO     | Load Factor Scraper Started - Route: ELQ-CAI
2026-01-30 06:06:47 | INFO     | Log file: D:\CODERED\LAB\Artifacts\outputs\run_generated_300126_at_05.16\logs\LF_ELQ-CAI_20260130_060647.log
2026-01-30 06:06:47 | INFO     | Enhanced logging: Capturing both logging.info() and print()
2026-01-30 06:06:47 | INFO     | ======================================================================
2026-01-30 06:06:47 | INFO     | Starting LF search for route: ELQ-CAI
2026-01-30 06:06:47 | INFO     | [START] LF Search
2026-01-30 06:06:48 | INFO     | [HEALTH CHECK] [OK] Chrome connection is healthy
2026-01-30 06:06:48 | INFO     | [DAY_START] Processing 18FEB
2026-01-30 06:06:48 | INFO     | [lf.day.start] Processing ELQ-CAI for 18FEB
2026-01-30 06:06:49 | WARNING  | [lf.day.no_flights] No direct flights on 18FEB
2026-01-30 06:06:49 | INFO     | [SUCCESS] Day 18FEB
2026-01-30 06:06:49 | INFO     | [DAY_START] Processing 17FEB
2026-01-30 06:06:49 | INFO     | [lf.day.start] Processing ELQ-CAI for 17FEB
2026-01-30 06:06:50 | WARNING  | [lf.day.no_flights] No direct flights on 17FEB
2026-01-30 06:06:50 | INFO     | [SUCCESS] Day 17FEB
2026-01-30 06:06:50 | INFO     | [DAY_START] Processing 16FEB
2026-01-30 06:06:50 | INFO     | [lf.day.start] Processing ELQ-CAI for 16FEB
2026-01-30 06:06:52 | WARNING  | [lf.day.no_flights] No direct flights on 16FEB
2026-01-30 06:06:52 | INFO     | [SUCCESS] Day 16FEB
2026-01-30 06:06:52 | INFO     | [DAY_START] Processing 15FEB
2026-01-30 06:06:52 | INFO     | [lf.day.start] Processing ELQ-CAI for 15FEB
2026-01-30 06:06:53 | INFO     | [lf.day.flights_found] Found 1 flights on 15FEB
2026-01-30 06:06:55 | INFO     | [lf.flight.extracted] SM428 on 15FEB: BKG=67, LF=39.0%
2026-01-30 06:07:00 | INFO     | [SUCCESS] Day 15FEB
2026-01-30 06:07:00 | INFO     | [DAY_START] Processing 14FEB
2026-01-30 06:07:00 | INFO     | [lf.day.start] Processing ELQ-CAI for 14FEB
2026-01-30 06:07:01 | INFO     | [lf.day.flights_found] Found 1 flights on 14FEB
2026-01-30 06:07:03 | INFO     | [lf.flight.extracted] SM428 on 14FEB: BKG=59, LF=56.2%
2026-01-30 06:07:07 | INFO     | [SUCCESS] Day 14FEB
2026-01-30 06:07:07 | INFO     | [DAY_START] Processing 13FEB
2026-01-30 06:07:07 | INFO     | [lf.day.start] Processing ELQ-CAI for 13FEB
2026-01-30 06:07:08 | WARNING  | [lf.day.no_flights] No direct flights on 13FEB
2026-01-30 06:07:08 | INFO     | [SUCCESS] Day 13FEB
2026-01-30 06:07:08 | INFO     | [DAY_START] Processing 12FEB
2026-01-30 06:07:08 | INFO     | [lf.day.start] Processing ELQ-CAI for 12FEB
2026-01-30 06:07:09 | INFO     | [lf.day.flights_found] Found 1 flights on 12FEB
2026-01-30 06:07:12 | INFO     | [lf.flight.extracted] SM428 on 12FEB: BKG=83, LF=79.0%
2026-01-30 06:07:16 | INFO     | [SUCCESS] Day 12FEB
2026-01-30 06:07:16 | INFO     | [DAY_START] Processing 11FEB
2026-01-30 06:07:16 | INFO     | [lf.day.start] Processing ELQ-CAI for 11FEB
2026-01-30 06:07:18 | WARNING  | [lf.day.no_flights] No direct flights on 11FEB
2026-01-30 06:07:18 | INFO     | [SUCCESS] Day 11FEB
2026-01-30 06:07:18 | INFO     | [DAY_START] Processing 10FEB
2026-01-30 06:07:18 | INFO     | [lf.day.start] Processing ELQ-CAI for 10FEB
2026-01-30 06:07:19 | WARNING  | [lf.day.no_flights] No direct flights on 10FEB
2026-01-30 06:07:19 | INFO     | [SUCCESS] Day 10FEB
2026-01-30 06:07:19 | INFO     | [DAY_START] Processing 09FEB
2026-01-30 06:07:19 | INFO     | [lf.day.start] Processing ELQ-CAI for 09FEB
2026-01-30 06:07:20 | WARNING  | [lf.day.no_flights] No direct flights on 09FEB
2026-01-30 06:07:20 | INFO     | [SUCCESS] Day 09FEB
2026-01-30 06:07:20 | INFO     | [SUCCESS] LF Search Complete
2026-01-30 06:07:20 | INFO     | [Worker_9222] Completed: ELQ-CAI - 10 results, 0 errors
2026-01-30 06:07:20 | INFO     | [Worker_9222] Processing: HBE-MED
2026-01-30 06:07:20 | INFO     |   Tier 0: Range 1, Chunk 2/3 (10 days)
