2026-01-30 06:12:38 | INFO     | ======================================================================
2026-01-30 06:12:38 | INFO     | Load Factor Scraper Started - Route: ELQ-CAI
2026-01-30 06:12:38 | INFO     | Log file: D:\CODERED\LAB\Artifacts\outputs\run_generated_300126_at_05.16\logs\LF_ELQ-CAI_20260130_061238.log
2026-01-30 06:12:38 | INFO     | Enhanced logging: Capturing both logging.info() and print()
2026-01-30 06:12:38 | INFO     | ======================================================================
2026-01-30 06:12:38 | INFO     | Starting LF search for route: ELQ-CAI
2026-01-30 06:12:38 | INFO     | [START] LF Search
2026-01-30 06:12:39 | INFO     | [HEALTH CHECK] [OK] Chrome connection is healthy
2026-01-30 06:12:39 | INFO     | [DAY_START] Processing 08FEB
2026-01-30 06:12:39 | INFO     | [lf.day.start] Processing ELQ-CAI for 08FEB
2026-01-30 06:12:40 | INFO     | [lf.day.flights_found] Found 1 flights on 08FEB
2026-01-30 06:12:42 | INFO     | [lf.flight.extracted] SM428 on 08FEB: BKG=59, LF=33.7%
2026-01-30 06:12:46 | INFO     | [SUCCESS] Day 08FEB
2026-01-30 06:12:46 | INFO     | [DAY_START] Processing 07FEB
2026-01-30 06:12:46 | INFO     | [lf.day.start] Processing ELQ-CAI for 07FEB
2026-01-30 06:12:47 | INFO     | [lf.day.flights_found] Found 1 flights on 07FEB
2026-01-30 06:12:49 | INFO     | [lf.flight.extracted] SM428 on 07FEB: BKG=60, LF=57.1%
2026-01-30 06:12:52 | INFO     | [SUCCESS] Day 07FEB
2026-01-30 06:12:52 | INFO     | [DAY_START] Processing 06FEB
2026-01-30 06:12:52 | INFO     | [lf.day.start] Processing ELQ-CAI for 06FEB
2026-01-30 06:12:54 | WARNING  | [lf.day.no_flights] No direct flights on 06FEB
2026-01-30 06:12:54 | INFO     | [SUCCESS] Day 06FEB
2026-01-30 06:12:54 | INFO     | [DAY_START] Processing 05FEB
2026-01-30 06:12:54 | INFO     | [lf.day.start] Processing ELQ-CAI for 05FEB
2026-01-30 06:12:55 | INFO     | [lf.day.flights_found] Found 1 flights on 05FEB
2026-01-30 06:12:57 | INFO     | [lf.flight.extracted] SM428 on 05FEB: BKG=82, LF=78.1%
2026-01-30 06:13:01 | INFO     | [SUCCESS] Day 05FEB
2026-01-30 06:13:01 | INFO     | [DAY_START] Processing 04FEB
2026-01-30 06:13:01 | INFO     | [lf.day.start] Processing ELQ-CAI for 04FEB
2026-01-30 06:13:03 | WARNING  | [lf.day.no_flights] No direct flights on 04FEB
2026-01-30 06:13:03 | INFO     | [SUCCESS] Day 04FEB
2026-01-30 06:13:03 | INFO     | [DAY_START] Processing 03FEB
2026-01-30 06:13:03 | INFO     | [lf.day.start] Processing ELQ-CAI for 03FEB
2026-01-30 06:13:04 | WARNING  | [lf.day.no_flights] No direct flights on 03FEB
2026-01-30 06:13:04 | INFO     | [SUCCESS] Day 03FEB
2026-01-30 06:13:04 | INFO     | [DAY_START] Processing 02FEB
2026-01-30 06:13:04 | INFO     | [lf.day.start] Processing ELQ-CAI for 02FEB
2026-01-30 06:13:05 | WARNING  | [lf.day.no_flights] No direct flights on 02FEB
2026-01-30 06:13:05 | INFO     | [SUCCESS] Day 02FEB
2026-01-30 06:13:05 | INFO     | [DAY_START] Processing 01FEB
2026-01-30 06:13:05 | INFO     | [lf.day.start] Processing ELQ-CAI for 01FEB
2026-01-30 06:13:06 | INFO     | [lf.day.flights_found] Found 1 flights on 01FEB
2026-01-30 06:13:08 | INFO     | [lf.flight.extracted] SM428 on 01FEB: BKG=92, LF=52.6%
2026-01-30 06:13:13 | INFO     | [SUCCESS] Day 01FEB
2026-01-30 06:13:13 | INFO     | [DAY_START] Processing 31JAN
2026-01-30 06:13:13 | INFO     | [lf.day.start] Processing ELQ-CAI for 31JAN
2026-01-30 06:13:14 | INFO     | [lf.day.flights_found] Found 1 flights on 31JAN
2026-01-30 06:13:16 | INFO     | [lf.flight.extracted] SM428 on 31JAN: BKG=87, LF=49.7%
2026-01-30 06:13:20 | INFO     | [SUCCESS] Day 31JAN
2026-01-30 06:13:20 | INFO     | [SUCCESS] LF Search Complete
2026-01-30 06:13:20 | INFO     | [Worker_9225] Completed: ELQ-CAI - 9 results, 0 errors
2026-01-30 06:13:20 | INFO     | [Worker_9225] Processing: ATZ-JED
2026-01-30 06:13:20 | INFO     |   Tier 0: Range 1, Chunk 3/3 (10 days)
