2026-01-30 05:21:30 | INFO     | ======================================================================
2026-01-30 05:21:30 | INFO     | Load Factor Scraper Started - Route: ELQ-ATZ
2026-01-30 05:21:30 | INFO     | Log file: D:\CODERED\LAB\Artifacts\outputs\run_generated_300126_at_05.16\logs\LF_ELQ-ATZ_20260130_052130.log
2026-01-30 05:21:30 | INFO     | Enhanced logging: Capturing both logging.info() and print()
2026-01-30 05:21:30 | INFO     | ======================================================================
2026-01-30 05:21:30 | INFO     | Starting LF search for route: ELQ-ATZ
2026-01-30 05:21:30 | INFO     | [START] LF Search
2026-01-30 05:21:31 | INFO     | [HEALTH CHECK] [OK] Chrome connection is healthy
2026-01-30 05:21:31 | INFO     | [DAY_START] Processing 14MAY
2026-01-30 05:21:31 | INFO     | [lf.day.start] Processing ELQ-ATZ for 14MAY
2026-01-30 05:21:32 | WARNING  | [lf.day.no_flights] No direct flights on 14MAY
2026-01-30 05:21:32 | INFO     | [SUCCESS] Day 14MAY
2026-01-30 05:21:32 | INFO     | [DAY_START] Processing 13MAY
2026-01-30 05:21:32 | INFO     | [lf.day.start] Processing ELQ-ATZ for 13MAY
2026-01-30 05:21:33 | WARNING  | [lf.day.no_flights] No direct flights on 13MAY
2026-01-30 05:21:33 | INFO     | [SUCCESS] Day 13MAY
2026-01-30 05:21:33 | INFO     | [DAY_START] Processing 12MAY
2026-01-30 05:21:33 | INFO     | [lf.day.start] Processing ELQ-ATZ for 12MAY
2026-01-30 05:21:34 | WARNING  | [lf.day.no_flights] No direct flights on 12MAY
2026-01-30 05:21:34 | INFO     | [SUCCESS] Day 12MAY
2026-01-30 05:21:34 | INFO     | [DAY_START] Processing 11MAY
2026-01-30 05:21:34 | INFO     | [lf.day.start] Processing ELQ-ATZ for 11MAY
2026-01-30 05:21:36 | WARNING  | [lf.day.no_flights] No direct flights on 11MAY
2026-01-30 05:21:36 | INFO     | [SUCCESS] Day 11MAY
2026-01-30 05:21:36 | INFO     | [DAY_START] Processing 10MAY
2026-01-30 05:21:36 | INFO     | [lf.day.start] Processing ELQ-ATZ for 10MAY
2026-01-30 05:21:37 | WARNING  | [lf.day.no_flights] No direct flights on 10MAY
2026-01-30 05:21:37 | INFO     | [SUCCESS] Day 10MAY
2026-01-30 05:21:37 | INFO     | [DAY_START] Processing 09MAY
2026-01-30 05:21:37 | INFO     | [lf.day.start] Processing ELQ-ATZ for 09MAY
2026-01-30 05:21:38 | WARNING  | [lf.day.no_flights] No direct flights on 09MAY
2026-01-30 05:21:38 | INFO     | [SUCCESS] Day 09MAY
2026-01-30 05:21:38 | INFO     | [DAY_START] Processing 08MAY
2026-01-30 05:21:38 | INFO     | [lf.day.start] Processing ELQ-ATZ for 08MAY
2026-01-30 05:21:39 | WARNING  | [lf.day.no_flights] No direct flights on 08MAY
2026-01-30 05:21:39 | INFO     | [SUCCESS] Day 08MAY
2026-01-30 05:21:39 | INFO     | [DAY_START] Processing 07MAY
2026-01-30 05:21:39 | INFO     | [lf.day.start] Processing ELQ-ATZ for 07MAY
2026-01-30 05:21:40 | WARNING  | [lf.day.no_flights] No direct flights on 07MAY
2026-01-30 05:21:40 | INFO     | [SUCCESS] Day 07MAY
2026-01-30 05:21:40 | INFO     | [SUCCESS] LF Search Complete
2026-01-30 05:21:40 | INFO     | [Worker_9234] Completed: ELQ-ATZ - 8 results, 0 errors
2026-01-30 05:21:40 | INFO     | [Worker_9234] Processing: CAI-JED
2026-01-30 05:21:40 | INFO     |   Tier 0: Range 4, Chunk 3/4 (8 days)
