2026-01-30 05:17:11 | INFO     | ======================================================================
2026-01-30 05:17:11 | INFO     | Load Factor Scraper Started - Route: ELQ-ATZ
2026-01-30 05:17:11 | INFO     | Log file: D:\CODERED\LAB\Artifacts\outputs\run_generated_300126_at_05.16\logs\LF_ELQ-ATZ_20260130_051711.log
2026-01-30 05:17:11 | INFO     | Enhanced logging: Capturing both logging.info() and print()
2026-01-30 05:17:11 | INFO     | ======================================================================
2026-01-30 05:17:11 | INFO     | Starting LF search for route: ELQ-ATZ
2026-01-30 05:17:11 | INFO     | [START] LF Search
2026-01-30 05:17:12 | INFO     | [HEALTH CHECK] [OK] Chrome connection is healthy
2026-01-30 05:17:12 | INFO     | [DAY_START] Processing 30MAY
2026-01-30 05:17:12 | INFO     | [lf.day.start] Processing ELQ-ATZ for 30MAY
2026-01-30 05:17:13 | WARNING  | [lf.day.no_flights] No direct flights on 30MAY
2026-01-30 05:17:13 | INFO     | [SUCCESS] Day 30MAY
2026-01-30 05:17:13 | INFO     | [DAY_START] Processing 29MAY
2026-01-30 05:17:13 | INFO     | [lf.day.start] Processing ELQ-ATZ for 29MAY
2026-01-30 05:17:14 | WARNING  | [lf.day.no_flights] No direct flights on 29MAY
2026-01-30 05:17:14 | INFO     | [SUCCESS] Day 29MAY
2026-01-30 05:17:14 | INFO     | [DAY_START] Processing 28MAY
2026-01-30 05:17:14 | INFO     | [lf.day.start] Processing ELQ-ATZ for 28MAY
2026-01-30 05:17:15 | WARNING  | [lf.day.no_flights] No direct flights on 28MAY
2026-01-30 05:17:15 | INFO     | [SUCCESS] Day 28MAY
2026-01-30 05:17:15 | INFO     | [DAY_START] Processing 27MAY
2026-01-30 05:17:15 | INFO     | [lf.day.start] Processing ELQ-ATZ for 27MAY
2026-01-30 05:17:16 | WARNING  | [lf.day.no_flights] No direct flights on 27MAY
2026-01-30 05:17:16 | INFO     | [SUCCESS] Day 27MAY
2026-01-30 05:17:16 | INFO     | [DAY_START] Processing 26MAY
2026-01-30 05:17:16 | INFO     | [lf.day.start] Processing ELQ-ATZ for 26MAY
2026-01-30 05:17:17 | WARNING  | [lf.day.no_flights] No direct flights on 26MAY
2026-01-30 05:17:17 | INFO     | [SUCCESS] Day 26MAY
2026-01-30 05:17:17 | INFO     | [DAY_START] Processing 25MAY
2026-01-30 05:17:17 | INFO     | [lf.day.start] Processing ELQ-ATZ for 25MAY
2026-01-30 05:17:18 | WARNING  | [lf.day.no_flights] No direct flights on 25MAY
2026-01-30 05:17:18 | INFO     | [SUCCESS] Day 25MAY
2026-01-30 05:17:18 | INFO     | [DAY_START] Processing 24MAY
2026-01-30 05:17:18 | INFO     | [lf.day.start] Processing ELQ-ATZ for 24MAY
2026-01-30 05:17:19 | WARNING  | [lf.day.no_flights] No direct flights on 24MAY
2026-01-30 05:17:19 | INFO     | [SUCCESS] Day 24MAY
2026-01-30 05:17:19 | INFO     | [DAY_START] Processing 23MAY
2026-01-30 05:17:19 | INFO     | [lf.day.start] Processing ELQ-ATZ for 23MAY
2026-01-30 05:17:20 | WARNING  | [lf.day.no_flights] No direct flights on 23MAY
2026-01-30 05:17:20 | INFO     | [SUCCESS] Day 23MAY
2026-01-30 05:17:20 | INFO     | [SUCCESS] LF Search Complete
2026-01-30 05:17:20 | INFO     | [Worker_9224] Completed: ELQ-ATZ - 8 results, 0 errors
2026-01-30 05:17:20 | INFO     | [Worker_9224] Processing: CAI-JED
2026-01-30 05:17:20 | INFO     |   Tier 0: Range 4, Chunk 1/4 (8 days)
