2026-01-30 05:21:26 | INFO     | ======================================================================
2026-01-30 05:21:26 | INFO     | Load Factor Scraper Started - Route: ELQ-CAI
2026-01-30 05:21:26 | INFO     | Log file: D:\CODERED\LAB\Artifacts\outputs\run_generated_300126_at_05.16\logs\LF_ELQ-CAI_20260130_052126.log
2026-01-30 05:21:26 | INFO     | Enhanced logging: Capturing both logging.info() and print()
2026-01-30 05:21:26 | INFO     | ======================================================================
2026-01-30 05:21:26 | INFO     | Starting LF search for route: ELQ-CAI
2026-01-30 05:21:26 | INFO     | [START] LF Search
2026-01-30 05:21:26 | INFO     | [HEALTH CHECK] [OK] Chrome connection is healthy
2026-01-30 05:21:27 | INFO     | [DAY_START] Processing 14MAY
2026-01-30 05:21:27 | INFO     | [lf.day.start] Processing ELQ-CAI for 14MAY
2026-01-30 05:21:28 | WARNING  | [lf.day.no_flights] No direct flights on 14MAY
2026-01-30 05:21:28 | INFO     | [SUCCESS] Day 14MAY
2026-01-30 05:21:28 | INFO     | [DAY_START] Processing 13MAY
2026-01-30 05:21:28 | INFO     | [lf.day.start] Processing ELQ-CAI for 13MAY
2026-01-30 05:21:29 | INFO     | [lf.day.flights_found] Found 1 flights on 13MAY
2026-01-30 05:21:31 | INFO     | [lf.flight.extracted] SM428 on 13MAY: BKG=0, LF=0.0%
2026-01-30 05:21:32 | INFO     | [SUCCESS] Day 13MAY
2026-01-30 05:21:32 | INFO     | [DAY_START] Processing 12MAY
2026-01-30 05:21:32 | INFO     | [lf.day.start] Processing ELQ-CAI for 12MAY
2026-01-30 05:21:33 | INFO     | [lf.day.flights_found] Found 1 flights on 12MAY
2026-01-30 05:21:36 | INFO     | [lf.flight.extracted] SM428 on 12MAY: BKG=2, LF=1.1%
2026-01-30 05:21:38 | INFO     | [SUCCESS] Day 12MAY
2026-01-30 05:21:38 | INFO     | [DAY_START] Processing 11MAY
2026-01-30 05:21:38 | INFO     | [lf.day.start] Processing ELQ-CAI for 11MAY
2026-01-30 05:21:39 | WARNING  | [lf.day.no_flights] No direct flights on 11MAY
2026-01-30 05:21:39 | INFO     | [SUCCESS] Day 11MAY
2026-01-30 05:21:39 | INFO     | [DAY_START] Processing 10MAY
2026-01-30 05:21:39 | INFO     | [lf.day.start] Processing ELQ-CAI for 10MAY
2026-01-30 05:21:41 | WARNING  | [lf.day.no_flights] No direct flights on 10MAY
2026-01-30 05:21:41 | INFO     | [SUCCESS] Day 10MAY
2026-01-30 05:21:41 | INFO     | [DAY_START] Processing 09MAY
2026-01-30 05:21:41 | INFO     | [lf.day.start] Processing ELQ-CAI for 09MAY
2026-01-30 05:21:42 | WARNING  | [lf.day.no_flights] No direct flights on 09MAY
2026-01-30 05:21:42 | INFO     | [SUCCESS] Day 09MAY
2026-01-30 05:21:42 | INFO     | [DAY_START] Processing 08MAY
2026-01-30 05:21:42 | INFO     | [lf.day.start] Processing ELQ-CAI for 08MAY
2026-01-30 05:21:43 | INFO     | [lf.day.flights_found] Found 1 flights on 08MAY
2026-01-30 05:21:45 | INFO     | [lf.flight.extracted] SM428 on 08MAY: BKG=4, LF=2.3%
2026-01-30 05:21:47 | INFO     | [SUCCESS] Day 08MAY
2026-01-30 05:21:47 | INFO     | [DAY_START] Processing 07MAY
2026-01-30 05:21:47 | INFO     | [lf.day.start] Processing ELQ-CAI for 07MAY
2026-01-30 05:21:48 | WARNING  | [lf.day.no_flights] No direct flights on 07MAY
2026-01-30 05:21:48 | INFO     | [SUCCESS] Day 07MAY
2026-01-30 05:21:48 | INFO     | [SUCCESS] LF Search Complete
2026-01-30 05:21:48 | INFO     | [Worker_9232] Completed: ELQ-CAI - 8 results, 0 errors
2026-01-30 05:21:48 | INFO     | [Worker_9232] Processing: HBE-JED
2026-01-30 05:21:48 | INFO     |   Tier 0: Range 4, Chunk 3/4 (8 days)
