2026-01-30 05:28:51 | INFO     | ======================================================================
2026-01-30 05:28:51 | INFO     | Load Factor Scraper Started - Route: ELQ-CAI
2026-01-30 05:28:51 | INFO     | Log file: D:\CODERED\LAB\Artifacts\outputs\run_generated_300126_at_05.16\logs\LF_ELQ-CAI_20260130_052851.log
2026-01-30 05:28:51 | INFO     | Enhanced logging: Capturing both logging.info() and print()
2026-01-30 05:28:51 | INFO     | ======================================================================
2026-01-30 05:28:51 | INFO     | Starting LF search for route: ELQ-CAI
2026-01-30 05:28:51 | INFO     | [START] LF Search
2026-01-30 05:28:52 | INFO     | [HEALTH CHECK] [OK] Chrome connection is healthy
2026-01-30 05:28:52 | INFO     | [DAY_START] Processing 19APR
2026-01-30 05:28:52 | INFO     | [lf.day.start] Processing ELQ-CAI for 19APR
2026-01-30 05:28:53 | WARNING  | [lf.day.no_flights] No direct flights on 19APR
2026-01-30 05:28:53 | INFO     | [SUCCESS] Day 19APR
2026-01-30 05:28:53 | INFO     | [DAY_START] Processing 18APR
2026-01-30 05:28:53 | INFO     | [lf.day.start] Processing ELQ-CAI for 18APR
2026-01-30 05:28:54 | WARNING  | [lf.day.no_flights] No direct flights on 18APR
2026-01-30 05:28:54 | INFO     | [SUCCESS] Day 18APR
2026-01-30 05:28:54 | INFO     | [DAY_START] Processing 17APR
2026-01-30 05:28:54 | INFO     | [lf.day.start] Processing ELQ-CAI for 17APR
2026-01-30 05:28:55 | INFO     | [lf.day.flights_found] Found 1 flights on 17APR
2026-01-30 05:28:57 | INFO     | [lf.flight.extracted] SM428 on 17APR: BKG=1, LF=0.6%
2026-01-30 05:28:59 | INFO     | [SUCCESS] Day 17APR
2026-01-30 05:28:59 | INFO     | [DAY_START] Processing 16APR
2026-01-30 05:28:59 | INFO     | [lf.day.start] Processing ELQ-CAI for 16APR
2026-01-30 05:29:00 | WARNING  | [lf.day.no_flights] No direct flights on 16APR
2026-01-30 05:29:00 | INFO     | [SUCCESS] Day 16APR
2026-01-30 05:29:00 | INFO     | [DAY_START] Processing 15APR
2026-01-30 05:29:00 | INFO     | [lf.day.start] Processing ELQ-CAI for 15APR
2026-01-30 05:29:01 | INFO     | [lf.day.flights_found] Found 1 flights on 15APR
2026-01-30 05:29:03 | INFO     | [lf.flight.extracted] SM428 on 15APR: BKG=0, LF=0.0%
2026-01-30 05:29:04 | INFO     | [SUCCESS] Day 15APR
2026-01-30 05:29:04 | INFO     | [DAY_START] Processing 14APR
2026-01-30 05:29:04 | INFO     | [lf.day.start] Processing ELQ-CAI for 14APR
2026-01-30 05:29:05 | INFO     | [lf.day.flights_found] Found 1 flights on 14APR
2026-01-30 05:29:07 | INFO     | [lf.flight.extracted] SM428 on 14APR: BKG=5, LF=2.9%
2026-01-30 05:29:10 | INFO     | [SUCCESS] Day 14APR
2026-01-30 05:29:10 | INFO     | [DAY_START] Processing 13APR
2026-01-30 05:29:10 | INFO     | [lf.day.start] Processing ELQ-CAI for 13APR
2026-01-30 05:29:11 | WARNING  | [lf.day.no_flights] No direct flights on 13APR
2026-01-30 05:29:11 | INFO     | [SUCCESS] Day 13APR
2026-01-30 05:29:11 | INFO     | [DAY_START] Processing 12APR
2026-01-30 05:29:11 | INFO     | [lf.day.start] Processing ELQ-CAI for 12APR
2026-01-30 05:29:12 | WARNING  | [lf.day.no_flights] No direct flights on 12APR
2026-01-30 05:29:12 | INFO     | [SUCCESS] Day 12APR
2026-01-30 05:29:12 | INFO     | [DAY_START] Processing 11APR
2026-01-30 05:29:12 | INFO     | [lf.day.start] Processing ELQ-CAI for 11APR
2026-01-30 05:29:13 | WARNING  | [lf.day.no_flights] No direct flights on 11APR
2026-01-30 05:29:13 | INFO     | [SUCCESS] Day 11APR
2026-01-30 05:29:13 | INFO     | [DAY_START] Processing 10APR
2026-01-30 05:29:13 | INFO     | [lf.day.start] Processing ELQ-CAI for 10APR
2026-01-30 05:29:14 | INFO     | [lf.day.flights_found] Found 1 flights on 10APR
2026-01-30 05:29:17 | INFO     | [lf.flight.extracted] SM428 on 10APR: BKG=4, LF=2.3%
2026-01-30 05:29:19 | INFO     | [SUCCESS] Day 10APR
2026-01-30 05:29:19 | INFO     | [SUCCESS] LF Search Complete
2026-01-30 05:29:19 | INFO     | [Worker_9226] Completed: ELQ-CAI - 10 results, 0 errors
2026-01-30 05:29:19 | INFO     | [Worker_9226] Processing: HBE-JED
2026-01-30 05:29:19 | INFO     |   Tier 0: Range 3, Chunk 2/3 (10 days)
