2026-01-30 05:39:52 | INFO     | ======================================================================
2026-01-30 05:39:52 | INFO     | Load Factor Scraper Started - Route: ELQ-ATZ
2026-01-30 05:39:52 | INFO     | Log file: D:\CODERED\LAB\Artifacts\outputs\run_generated_300126_at_05.16\logs\LF_ELQ-ATZ_20260130_053952.log
2026-01-30 05:39:52 | INFO     | Enhanced logging: Capturing both logging.info() and print()
2026-01-30 05:39:52 | INFO     | ======================================================================
2026-01-30 05:39:52 | INFO     | Starting LF search for route: ELQ-ATZ
2026-01-30 05:39:52 | INFO     | [START] LF Search
2026-01-30 05:39:53 | INFO     | [HEALTH CHECK] [OK] Chrome connection is healthy
2026-01-30 05:39:54 | INFO     | [DAY_START] Processing 30MAR
2026-01-30 05:39:54 | INFO     | [lf.day.start] Processing ELQ-ATZ for 30MAR
2026-01-30 05:39:57 | WARNING  | [lf.day.no_flights] No direct flights on 30MAR
2026-01-30 05:39:57 | INFO     | [SUCCESS] Day 30MAR
2026-01-30 05:39:57 | INFO     | [DAY_START] Processing 29MAR
2026-01-30 05:39:57 | INFO     | [lf.day.start] Processing ELQ-ATZ for 29MAR
2026-01-30 05:39:59 | WARNING  | [lf.day.no_flights] No direct flights on 29MAR
2026-01-30 05:39:59 | INFO     | [SUCCESS] Day 29MAR
2026-01-30 05:40:00 | INFO     | [DAY_START] Processing 28MAR
2026-01-30 05:40:00 | INFO     | [lf.day.start] Processing ELQ-ATZ for 28MAR
2026-01-30 05:40:04 | INFO     | [lf.day.flights_found] Found 1 flights on 28MAR
2026-01-30 05:40:11 | INFO     | [lf.flight.extracted] SM436 on 28MAR: BKG=116, LF=67.4%
2026-01-30 05:40:35 | INFO     | [SUCCESS] Day 28MAR
2026-01-30 05:40:35 | INFO     | [DAY_START] Processing 27MAR
2026-01-30 05:40:35 | INFO     | [lf.day.start] Processing ELQ-ATZ for 27MAR
2026-01-30 05:40:43 | WARNING  | [lf.day.no_flights] No direct flights on 27MAR
2026-01-30 05:40:43 | INFO     | [SUCCESS] Day 27MAR
2026-01-30 05:40:43 | INFO     | [DAY_START] Processing 26MAR
2026-01-30 05:40:43 | INFO     | [lf.day.start] Processing ELQ-ATZ for 26MAR
2026-01-30 05:40:48 | WARNING  | [lf.day.no_flights] No direct flights on 26MAR
2026-01-30 05:40:48 | INFO     | [SUCCESS] Day 26MAR
2026-01-30 05:40:48 | INFO     | [DAY_START] Processing 25MAR
2026-01-30 05:40:48 | INFO     | [lf.day.start] Processing ELQ-ATZ for 25MAR
2026-01-30 05:40:52 | INFO     | [lf.day.flights_found] Found 1 flights on 25MAR
2026-01-30 05:40:56 | INFO     | [lf.flight.extracted] SM436 on 25MAR: BKG=136, LF=77.7%
2026-01-30 05:41:09 | INFO     | [SUCCESS] Day 25MAR
2026-01-30 05:41:09 | INFO     | [DAY_START] Processing 24MAR
2026-01-30 05:41:09 | INFO     | [lf.day.start] Processing ELQ-ATZ for 24MAR
2026-01-30 05:41:12 | WARNING  | [lf.day.no_flights] No direct flights on 24MAR
2026-01-30 05:41:12 | INFO     | [SUCCESS] Day 24MAR
2026-01-30 05:41:12 | INFO     | [DAY_START] Processing 23MAR
2026-01-30 05:41:12 | INFO     | [lf.day.start] Processing ELQ-ATZ for 23MAR
2026-01-30 05:41:15 | WARNING  | [lf.day.no_flights] No direct flights on 23MAR
2026-01-30 05:41:15 | INFO     | [SUCCESS] Day 23MAR
2026-01-30 05:41:15 | INFO     | [DAY_START] Processing 22MAR
2026-01-30 05:41:15 | INFO     | [lf.day.start] Processing ELQ-ATZ for 22MAR
2026-01-30 05:41:18 | WARNING  | [lf.day.no_flights] No direct flights on 22MAR
2026-01-30 05:41:18 | INFO     | [SUCCESS] Day 22MAR
2026-01-30 05:41:18 | INFO     | [DAY_START] Processing 21MAR
2026-01-30 05:41:18 | INFO     | [lf.day.start] Processing ELQ-ATZ for 21MAR
2026-01-30 05:41:21 | INFO     | [lf.day.flights_found] Found 1 flights on 21MAR
2026-01-30 05:41:26 | INFO     | [lf.flight.extracted] SM436 on 21MAR: BKG=43, LF=24.6%
2026-01-30 05:41:43 | INFO     | [SUCCESS] Day 21MAR
2026-01-30 05:41:43 | INFO     | [SUCCESS] LF Search Complete
2026-01-30 05:41:43 | INFO     | [Worker_9224] Completed: ELQ-ATZ - 10 results, 0 errors
2026-01-30 05:41:43 | INFO     | [Worker_9224] Processing: LXR-JED
2026-01-30 05:41:43 | INFO     |   Tier 0: Range 2, Chunk 1/3 (10 days)
