2026-01-30 05:29:02 | INFO     | ======================================================================
2026-01-30 05:29:02 | INFO     | Load Factor Scraper Started - Route: GIZ-CAI
2026-01-30 05:29:02 | INFO     | Log file: D:\CODERED\LAB\Artifacts\outputs\run_generated_300126_at_05.16\logs\LF_GIZ-CAI_20260130_052902.log
2026-01-30 05:29:02 | INFO     | Enhanced logging: Capturing both logging.info() and print()
2026-01-30 05:29:02 | INFO     | ======================================================================
2026-01-30 05:29:02 | INFO     | Starting LF search for route: GIZ-CAI
2026-01-30 05:29:02 | INFO     | [START] LF Search
2026-01-30 05:29:03 | INFO     | [HEALTH CHECK] [OK] Chrome connection is healthy
2026-01-30 05:29:03 | INFO     | [DAY_START] Processing 19APR
2026-01-30 05:29:03 | INFO     | [lf.day.start] Processing GIZ-CAI for 19APR
2026-01-30 05:29:04 | INFO     | [lf.day.flights_found] Found 1 flights on 19APR
2026-01-30 05:29:06 | INFO     | [lf.flight.extracted] SM330 on 19APR: BKG=4, LF=2.3%
2026-01-30 05:29:08 | INFO     | [SUCCESS] Day 19APR
2026-01-30 05:29:08 | INFO     | [DAY_START] Processing 18APR
2026-01-30 05:29:08 | INFO     | [lf.day.start] Processing GIZ-CAI for 18APR
2026-01-30 05:29:09 | WARNING  | [lf.day.no_flights] No direct flights on 18APR
2026-01-30 05:29:09 | INFO     | [SUCCESS] Day 18APR
2026-01-30 05:29:09 | INFO     | [DAY_START] Processing 17APR
2026-01-30 05:29:09 | INFO     | [lf.day.start] Processing GIZ-CAI for 17APR
2026-01-30 05:29:10 | INFO     | [lf.day.flights_found] Found 1 flights on 17APR
2026-01-30 05:29:12 | INFO     | [lf.flight.extracted] SM330 on 17APR: BKG=4, LF=2.3%
2026-01-30 05:29:15 | INFO     | [SUCCESS] Day 17APR
2026-01-30 05:29:15 | INFO     | [DAY_START] Processing 16APR
2026-01-30 05:29:15 | INFO     | [lf.day.start] Processing GIZ-CAI for 16APR
2026-01-30 05:29:16 | INFO     | [lf.day.flights_found] Found 1 flights on 16APR
2026-01-30 05:29:18 | INFO     | [lf.flight.extracted] SM330 on 16APR: BKG=1, LF=0.6%
2026-01-30 05:29:21 | INFO     | [SUCCESS] Day 16APR
2026-01-30 05:29:21 | INFO     | [DAY_START] Processing 15APR
2026-01-30 05:29:21 | INFO     | [lf.day.start] Processing GIZ-CAI for 15APR
2026-01-30 05:29:22 | WARNING  | [lf.day.no_flights] No direct flights on 15APR
2026-01-30 05:29:22 | INFO     | [SUCCESS] Day 15APR
2026-01-30 05:29:22 | INFO     | [DAY_START] Processing 14APR
2026-01-30 05:29:22 | INFO     | [lf.day.start] Processing GIZ-CAI for 14APR
2026-01-30 05:29:23 | WARNING  | [lf.day.no_flights] No direct flights on 14APR
2026-01-30 05:29:23 | INFO     | [SUCCESS] Day 14APR
2026-01-30 05:29:23 | INFO     | [DAY_START] Processing 13APR
2026-01-30 05:29:23 | INFO     | [lf.day.start] Processing GIZ-CAI for 13APR
2026-01-30 05:29:24 | WARNING  | [lf.day.no_flights] No direct flights on 13APR
2026-01-30 05:29:24 | INFO     | [SUCCESS] Day 13APR
2026-01-30 05:29:24 | INFO     | [DAY_START] Processing 12APR
2026-01-30 05:29:24 | INFO     | [lf.day.start] Processing GIZ-CAI for 12APR
2026-01-30 05:29:26 | INFO     | [lf.day.flights_found] Found 1 flights on 12APR
2026-01-30 05:29:27 | INFO     | [lf.flight.extracted] SM330 on 12APR: BKG=2, LF=1.1%
2026-01-30 05:29:30 | INFO     | [SUCCESS] Day 12APR
2026-01-30 05:29:30 | INFO     | [DAY_START] Processing 11APR
2026-01-30 05:29:30 | INFO     | [lf.day.start] Processing GIZ-CAI for 11APR
2026-01-30 05:29:32 | WARNING  | [lf.day.no_flights] No direct flights on 11APR
2026-01-30 05:29:32 | INFO     | [SUCCESS] Day 11APR
2026-01-30 05:29:32 | INFO     | [DAY_START] Processing 10APR
2026-01-30 05:29:32 | INFO     | [lf.day.start] Processing GIZ-CAI for 10APR
2026-01-30 05:29:33 | INFO     | [lf.day.flights_found] Found 1 flights on 10APR
2026-01-30 05:29:35 | INFO     | [lf.flight.extracted] SM330 on 10APR: BKG=0, LF=0.0%
2026-01-30 05:29:36 | INFO     | [SUCCESS] Day 10APR
2026-01-30 05:29:36 | INFO     | [SUCCESS] LF Search Complete
2026-01-30 05:29:36 | INFO     | [Worker_9225] Completed: GIZ-CAI - 10 results, 0 errors
2026-01-30 05:29:36 | INFO     | [Worker_9225] Processing: ATZ-RUH
2026-01-30 05:29:36 | INFO     |   Tier 0: Range 3, Chunk 2/3 (10 days)
