2026-01-30 05:56:22 | INFO     | ======================================================================
2026-01-30 05:56:22 | INFO     | Load Factor Scraper Started - Route: GIZ-CAI
2026-01-30 05:56:22 | INFO     | Log file: D:\CODERED\LAB\Artifacts\outputs\run_generated_300126_at_05.16\logs\LF_GIZ-CAI_20260130_055622.log
2026-01-30 05:56:22 | INFO     | Enhanced logging: Capturing both logging.info() and print()
2026-01-30 05:56:22 | INFO     | ======================================================================
2026-01-30 05:56:22 | INFO     | Starting LF search for route: GIZ-CAI
2026-01-30 05:56:22 | INFO     | [START] LF Search
2026-01-30 05:56:23 | INFO     | [HEALTH CHECK] [OK] Chrome connection is healthy
2026-01-30 05:56:23 | INFO     | [DAY_START] Processing 10MAR
2026-01-30 05:56:23 | INFO     | [lf.day.start] Processing GIZ-CAI for 10MAR
2026-01-30 05:56:25 | WARNING  | [lf.day.no_flights] No direct flights on 10MAR
2026-01-30 05:56:25 | INFO     | [SUCCESS] Day 10MAR
2026-01-30 05:56:25 | INFO     | [DAY_START] Processing 09MAR
2026-01-30 05:56:25 | INFO     | [lf.day.start] Processing GIZ-CAI for 09MAR
2026-01-30 05:56:26 | WARNING  | [lf.day.no_flights] No direct flights on 09MAR
2026-01-30 05:56:26 | INFO     | [SUCCESS] Day 09MAR
2026-01-30 05:56:26 | INFO     | [DAY_START] Processing 08MAR
2026-01-30 05:56:26 | INFO     | [lf.day.start] Processing GIZ-CAI for 08MAR
2026-01-30 05:56:27 | INFO     | [lf.day.flights_found] Found 1 flights on 08MAR
2026-01-30 05:56:29 | INFO     | [lf.flight.extracted] SM330 on 08MAR: BKG=23, LF=13.1%
2026-01-30 05:56:33 | INFO     | [SUCCESS] Day 08MAR
2026-01-30 05:56:33 | INFO     | [DAY_START] Processing 07MAR
2026-01-30 05:56:33 | INFO     | [lf.day.start] Processing GIZ-CAI for 07MAR
2026-01-30 05:56:34 | WARNING  | [lf.day.no_flights] No direct flights on 07MAR
2026-01-30 05:56:34 | INFO     | [SUCCESS] Day 07MAR
2026-01-30 05:56:34 | INFO     | [DAY_START] Processing 06MAR
2026-01-30 05:56:34 | INFO     | [lf.day.start] Processing GIZ-CAI for 06MAR
2026-01-30 05:56:35 | INFO     | [lf.day.flights_found] Found 1 flights on 06MAR
2026-01-30 05:56:38 | INFO     | [lf.flight.extracted] SM330 on 06MAR: BKG=36, LF=20.6%
2026-01-30 05:56:41 | INFO     | [SUCCESS] Day 06MAR
2026-01-30 05:56:41 | INFO     | [DAY_START] Processing 05MAR
2026-01-30 05:56:41 | INFO     | [lf.day.start] Processing GIZ-CAI for 05MAR
2026-01-30 05:56:42 | WARNING  | [lf.day.no_flights] No direct flights on 05MAR
2026-01-30 05:56:42 | INFO     | [SUCCESS] Day 05MAR
2026-01-30 05:56:42 | INFO     | [DAY_START] Processing 04MAR
2026-01-30 05:56:42 | INFO     | [lf.day.start] Processing GIZ-CAI for 04MAR
2026-01-30 05:56:43 | WARNING  | [lf.day.no_flights] No direct flights on 04MAR
2026-01-30 05:56:43 | INFO     | [SUCCESS] Day 04MAR
2026-01-30 05:56:43 | INFO     | [DAY_START] Processing 03MAR
2026-01-30 05:56:43 | INFO     | [lf.day.start] Processing GIZ-CAI for 03MAR
2026-01-30 05:56:44 | WARNING  | [lf.day.no_flights] No direct flights on 03MAR
2026-01-30 05:56:44 | INFO     | [SUCCESS] Day 03MAR
2026-01-30 05:56:44 | INFO     | [DAY_START] Processing 02MAR
2026-01-30 05:56:44 | INFO     | [lf.day.start] Processing GIZ-CAI for 02MAR
2026-01-30 05:56:45 | WARNING  | [lf.day.no_flights] No direct flights on 02MAR
2026-01-30 05:56:45 | INFO     | [SUCCESS] Day 02MAR
2026-01-30 05:56:45 | INFO     | [DAY_START] Processing 01MAR
2026-01-30 05:56:45 | INFO     | [lf.day.start] Processing GIZ-CAI for 01MAR
2026-01-30 05:56:47 | INFO     | [lf.day.flights_found] Found 1 flights on 01MAR
2026-01-30 05:56:48 | INFO     | [lf.flight.extracted] SM330 on 01MAR: BKG=30, LF=17.1%
2026-01-30 05:56:52 | INFO     | [SUCCESS] Day 01MAR
2026-01-30 05:56:52 | INFO     | [SUCCESS] LF Search Complete
2026-01-30 05:56:52 | INFO     | [Worker_9227] Completed: GIZ-CAI - 10 results, 0 errors
2026-01-30 05:56:52 | INFO     | [Worker_9227] Processing: HBE-JED
2026-01-30 05:56:52 | INFO     |   Tier 0: Range 2, Chunk 3/3 (10 days)
