2026-01-30 05:17:29 | INFO     | ======================================================================
2026-01-30 05:17:29 | INFO     | Load Factor Scraper Started - Route: HBE-JED
2026-01-30 05:17:29 | INFO     | Log file: D:\CODERED\LAB\Artifacts\outputs\run_generated_300126_at_05.16\logs\LF_HBE-JED_20260130_051729.log
2026-01-30 05:17:29 | INFO     | Enhanced logging: Capturing both logging.info() and print()
2026-01-30 05:17:29 | INFO     | ======================================================================
2026-01-30 05:17:29 | INFO     | Starting LF search for route: HBE-JED
2026-01-30 05:17:29 | INFO     | [START] LF Search
2026-01-30 05:17:30 | INFO     | [HEALTH CHECK] [OK] Chrome connection is healthy
2026-01-30 05:17:30 | INFO     | [DAY_START] Processing 30MAY
2026-01-30 05:17:30 | INFO     | [lf.day.start] Processing HBE-JED for 30MAY
2026-01-30 05:17:31 | INFO     | [lf.day.flights_found] Found 1 flights on 30MAY
2026-01-30 05:17:33 | INFO     | [lf.flight.extracted] SM451 on 30MAY: BKG=5, LF=2.8%
2026-01-30 05:17:35 | INFO     | [SUCCESS] Day 30MAY
2026-01-30 05:17:35 | INFO     | [DAY_START] Processing 29MAY
2026-01-30 05:17:35 | INFO     | [lf.day.start] Processing HBE-JED for 29MAY
2026-01-30 05:17:36 | WARNING  | [lf.day.no_flights] No direct flights on 29MAY
2026-01-30 05:17:36 | INFO     | [SUCCESS] Day 29MAY
2026-01-30 05:17:36 | INFO     | [DAY_START] Processing 28MAY
2026-01-30 05:17:36 | INFO     | [lf.day.start] Processing HBE-JED for 28MAY
2026-01-30 05:17:37 | INFO     | [lf.day.flights_found] Found 1 flights on 28MAY
2026-01-30 05:17:39 | INFO     | [lf.flight.extracted] SM451 on 28MAY: BKG=0, LF=0.0%
2026-01-30 05:17:40 | INFO     | [SUCCESS] Day 28MAY
2026-01-30 05:17:40 | INFO     | [DAY_START] Processing 27MAY
2026-01-30 05:17:40 | INFO     | [lf.day.start] Processing HBE-JED for 27MAY
2026-01-30 05:17:41 | INFO     | [lf.day.flights_found] Found 1 flights on 27MAY
2026-01-30 05:17:43 | INFO     | [lf.flight.extracted] SM451 on 27MAY: BKG=0, LF=0.0%
2026-01-30 05:17:44 | INFO     | [SUCCESS] Day 27MAY
2026-01-30 05:17:44 | INFO     | [DAY_START] Processing 26MAY
2026-01-30 05:17:44 | INFO     | [lf.day.start] Processing HBE-JED for 26MAY
2026-01-30 05:17:45 | WARNING  | [lf.day.no_flights] No direct flights on 26MAY
2026-01-30 05:17:45 | INFO     | [SUCCESS] Day 26MAY
2026-01-30 05:17:45 | INFO     | [DAY_START] Processing 25MAY
2026-01-30 05:17:45 | INFO     | [lf.day.start] Processing HBE-JED for 25MAY
2026-01-30 05:17:47 | INFO     | [lf.day.flights_found] Found 1 flights on 25MAY
2026-01-30 05:17:48 | INFO     | [lf.flight.extracted] SM451 on 25MAY: BKG=6, LF=3.4%
2026-01-30 05:17:51 | INFO     | [SUCCESS] Day 25MAY
2026-01-30 05:17:51 | INFO     | [DAY_START] Processing 24MAY
2026-01-30 05:17:51 | INFO     | [lf.day.start] Processing HBE-JED for 24MAY
2026-01-30 05:17:52 | INFO     | [lf.day.flights_found] Found 1 flights on 24MAY
2026-01-30 05:17:54 | INFO     | [lf.flight.extracted] SM451 on 24MAY: BKG=0, LF=0.0%
2026-01-30 05:17:55 | INFO     | [SUCCESS] Day 24MAY
2026-01-30 05:17:55 | INFO     | [DAY_START] Processing 23MAY
2026-01-30 05:17:55 | INFO     | [lf.day.start] Processing HBE-JED for 23MAY
2026-01-30 05:17:56 | INFO     | [lf.day.flights_found] Found 1 flights on 23MAY
2026-01-30 05:17:58 | INFO     | [lf.flight.extracted] SM451 on 23MAY: BKG=2, LF=1.1%
2026-01-30 05:18:00 | INFO     | [SUCCESS] Day 23MAY
2026-01-30 05:18:00 | INFO     | [SUCCESS] LF Search Complete
2026-01-30 05:18:00 | INFO     | [Worker_9225] Completed: HBE-JED - 8 results, 0 errors
2026-01-30 05:18:00 | INFO     | [Worker_9225] Processing: ATZ-AJF
2026-01-30 05:18:00 | INFO     |   Tier 0: Range 4, Chunk 1/4 (8 days)
