2026-01-30 06:07:20 | INFO     | ======================================================================
2026-01-30 06:07:20 | INFO     | Load Factor Scraper Started - Route: HBE-MED
2026-01-30 06:07:20 | INFO     | Log file: D:\CODERED\LAB\Artifacts\outputs\run_generated_300126_at_05.16\logs\LF_HBE-MED_20260130_060720.log
2026-01-30 06:07:20 | INFO     | Enhanced logging: Capturing both logging.info() and print()
2026-01-30 06:07:20 | INFO     | ======================================================================
2026-01-30 06:07:20 | INFO     | Starting LF search for route: HBE-MED
2026-01-30 06:07:20 | INFO     | [START] LF Search
2026-01-30 06:07:21 | INFO     | [HEALTH CHECK] [OK] Chrome connection is healthy
2026-01-30 06:07:21 | INFO     | [DAY_START] Processing 18FEB
2026-01-30 06:07:21 | INFO     | [lf.day.start] Processing HBE-MED for 18FEB
2026-01-30 06:07:22 | INFO     | [lf.day.flights_found] Found 1 flights on 18FEB
2026-01-30 06:07:24 | INFO     | [lf.flight.extracted] SM485 on 18FEB: BKG=177, LF=98.9%
2026-01-30 06:07:27 | INFO     | [SUCCESS] Day 18FEB
2026-01-30 06:07:27 | INFO     | [DAY_START] Processing 17FEB
2026-01-30 06:07:27 | INFO     | [lf.day.start] Processing HBE-MED for 17FEB
2026-01-30 06:07:28 | INFO     | [lf.day.flights_found] Found 1 flights on 17FEB
2026-01-30 06:07:30 | INFO     | [lf.flight.extracted] SM485 on 17FEB: BKG=177, LF=98.9%
2026-01-30 06:07:33 | INFO     | [SUCCESS] Day 17FEB
2026-01-30 06:07:33 | INFO     | [DAY_START] Processing 16FEB
2026-01-30 06:07:33 | INFO     | [lf.day.start] Processing HBE-MED for 16FEB
2026-01-30 06:07:34 | WARNING  | [lf.day.no_flights] No direct flights on 16FEB
2026-01-30 06:07:34 | INFO     | [SUCCESS] Day 16FEB
2026-01-30 06:07:34 | INFO     | [DAY_START] Processing 15FEB
2026-01-30 06:07:34 | INFO     | [lf.day.start] Processing HBE-MED for 15FEB
2026-01-30 06:07:35 | INFO     | [lf.day.flights_found] Found 1 flights on 15FEB
2026-01-30 06:07:37 | INFO     | [lf.flight.extracted] SM485 on 15FEB: BKG=178, LF=99.4%
2026-01-30 06:07:40 | INFO     | [SUCCESS] Day 15FEB
2026-01-30 06:07:40 | INFO     | [DAY_START] Processing 14FEB
2026-01-30 06:07:40 | INFO     | [lf.day.start] Processing HBE-MED for 14FEB
2026-01-30 06:07:41 | WARNING  | [lf.day.no_flights] No direct flights on 14FEB
2026-01-30 06:07:41 | INFO     | [SUCCESS] Day 14FEB
2026-01-30 06:07:41 | INFO     | [DAY_START] Processing 13FEB
2026-01-30 06:07:41 | INFO     | [lf.day.start] Processing HBE-MED for 13FEB
2026-01-30 06:07:42 | INFO     | [lf.day.flights_found] Found 1 flights on 13FEB
2026-01-30 06:07:44 | INFO     | [lf.flight.extracted] SM973 on 13FEB: BKG=179, LF=100.0%
2026-01-30 06:07:47 | INFO     | [SUCCESS] Day 13FEB
2026-01-30 06:07:47 | INFO     | [DAY_START] Processing 12FEB
2026-01-30 06:07:47 | INFO     | [lf.day.start] Processing HBE-MED for 12FEB
2026-01-30 06:07:48 | INFO     | [lf.day.flights_found] Found 1 flights on 12FEB
2026-01-30 06:07:50 | INFO     | [lf.flight.extracted] SM485 on 12FEB: BKG=179, LF=100.0%
2026-01-30 06:07:53 | INFO     | [SUCCESS] Day 12FEB
2026-01-30 06:07:53 | INFO     | [DAY_START] Processing 11FEB
2026-01-30 06:07:53 | INFO     | [lf.day.start] Processing HBE-MED for 11FEB
2026-01-30 06:07:54 | INFO     | [lf.day.flights_found] Found 1 flights on 11FEB
2026-01-30 06:07:56 | INFO     | [lf.flight.extracted] SM485 on 11FEB: BKG=178, LF=99.4%
2026-01-30 06:08:01 | INFO     | [SUCCESS] Day 11FEB
2026-01-30 06:08:01 | INFO     | [DAY_START] Processing 10FEB
2026-01-30 06:08:01 | INFO     | [lf.day.start] Processing HBE-MED for 10FEB
2026-01-30 06:08:02 | INFO     | [lf.day.flights_found] Found 1 flights on 10FEB
2026-01-30 06:08:05 | INFO     | [lf.flight.extracted] SM485 on 10FEB: BKG=178, LF=99.4%
2026-01-30 06:08:07 | INFO     | [SUCCESS] Day 10FEB
2026-01-30 06:08:07 | INFO     | [DAY_START] Processing 09FEB
2026-01-30 06:08:07 | INFO     | [lf.day.start] Processing HBE-MED for 09FEB
2026-01-30 06:08:08 | WARNING  | [lf.day.no_flights] No direct flights on 09FEB
2026-01-30 06:08:08 | INFO     | [SUCCESS] Day 09FEB
2026-01-30 06:08:08 | INFO     | [SUCCESS] LF Search Complete
2026-01-30 06:08:11 | INFO     | [Worker_9222] Completed: HBE-MED - 10 results, 0 errors
2026-01-30 06:08:11 | INFO     | [Worker_9222] Processing: ASW-JED
2026-01-30 06:08:11 | INFO     |   Tier 0: Range 1, Chunk 2/3 (10 days)
