2026-01-30 05:32:07 | INFO     | ======================================================================
2026-01-30 05:32:07 | INFO     | Load Factor Scraper Started - Route: HBE-MED
2026-01-30 05:32:07 | INFO     | Log file: D:\CODERED\LAB\Artifacts\outputs\run_generated_300126_at_05.16\logs\LF_HBE-MED_20260130_053207.log
2026-01-30 05:32:07 | INFO     | Enhanced logging: Capturing both logging.info() and print()
2026-01-30 05:32:07 | INFO     | ======================================================================
2026-01-30 05:32:07 | INFO     | Starting LF search for route: HBE-MED
2026-01-30 05:32:07 | INFO     | [START] LF Search
2026-01-30 05:32:08 | INFO     | [HEALTH CHECK] [OK] Chrome connection is healthy
2026-01-30 05:32:08 | INFO     | [DAY_START] Processing 09APR
2026-01-30 05:32:08 | INFO     | [lf.day.start] Processing HBE-MED for 09APR
2026-01-30 05:32:09 | INFO     | [lf.day.flights_found] Found 1 flights on 09APR
2026-01-30 05:32:11 | INFO     | [lf.flight.extracted] SM485 on 09APR: BKG=2, LF=1.1%
2026-01-30 05:32:14 | INFO     | [SUCCESS] Day 09APR
2026-01-30 05:32:14 | INFO     | [DAY_START] Processing 08APR
2026-01-30 05:32:14 | INFO     | [lf.day.start] Processing HBE-MED for 08APR
2026-01-30 05:32:15 | WARNING  | [lf.day.no_flights] No direct flights on 08APR
2026-01-30 05:32:15 | INFO     | [SUCCESS] Day 08APR
2026-01-30 05:32:15 | INFO     | [DAY_START] Processing 07APR
2026-01-30 05:32:15 | INFO     | [lf.day.start] Processing HBE-MED for 07APR
2026-01-30 05:32:17 | WARNING  | [lf.day.no_flights] No direct flights on 07APR
2026-01-30 05:32:17 | INFO     | [SUCCESS] Day 07APR
2026-01-30 05:32:17 | INFO     | [DAY_START] Processing 06APR
2026-01-30 05:32:17 | INFO     | [lf.day.start] Processing HBE-MED for 06APR
2026-01-30 05:32:18 | WARNING  | [lf.day.no_flights] No direct flights on 06APR
2026-01-30 05:32:18 | INFO     | [SUCCESS] Day 06APR
2026-01-30 05:32:18 | INFO     | [DAY_START] Processing 05APR
2026-01-30 05:32:18 | INFO     | [lf.day.start] Processing HBE-MED for 05APR
2026-01-30 05:32:19 | INFO     | [lf.day.flights_found] Found 1 flights on 05APR
2026-01-30 05:32:21 | INFO     | [lf.flight.extracted] SM485 on 05APR: BKG=17, LF=9.5%
2026-01-30 05:32:24 | INFO     | [SUCCESS] Day 05APR
2026-01-30 05:32:24 | INFO     | [DAY_START] Processing 04APR
2026-01-30 05:32:24 | INFO     | [lf.day.start] Processing HBE-MED for 04APR
2026-01-30 05:32:25 | WARNING  | [lf.day.no_flights] No direct flights on 04APR
2026-01-30 05:32:25 | INFO     | [SUCCESS] Day 04APR
2026-01-30 05:32:25 | INFO     | [DAY_START] Processing 03APR
2026-01-30 05:32:25 | INFO     | [lf.day.start] Processing HBE-MED for 03APR
2026-01-30 05:32:26 | WARNING  | [lf.day.no_flights] No direct flights on 03APR
2026-01-30 05:32:26 | INFO     | [SUCCESS] Day 03APR
2026-01-30 05:32:26 | INFO     | [DAY_START] Processing 02APR
2026-01-30 05:32:26 | INFO     | [lf.day.start] Processing HBE-MED for 02APR
2026-01-30 05:32:27 | INFO     | [lf.day.flights_found] Found 1 flights on 02APR
2026-01-30 05:32:29 | INFO     | [lf.flight.extracted] SM485 on 02APR: BKG=6, LF=3.4%
2026-01-30 05:32:32 | INFO     | [SUCCESS] Day 02APR
2026-01-30 05:32:32 | INFO     | [DAY_START] Processing 01APR
2026-01-30 05:32:32 | INFO     | [lf.day.start] Processing HBE-MED for 01APR
2026-01-30 05:32:34 | WARNING  | [lf.day.no_flights] No direct flights on 01APR
2026-01-30 05:32:34 | INFO     | [SUCCESS] Day 01APR
2026-01-30 05:32:34 | INFO     | [DAY_START] Processing 31MAR
2026-01-30 05:32:34 | INFO     | [lf.day.start] Processing HBE-MED for 31MAR
2026-01-30 05:32:35 | WARNING  | [lf.day.no_flights] No direct flights on 31MAR
2026-01-30 05:32:35 | INFO     | [SUCCESS] Day 31MAR
2026-01-30 05:32:35 | INFO     | [SUCCESS] LF Search Complete
2026-01-30 05:32:53 | INFO     | [Worker_9227] Completed: HBE-MED - 10 results, 0 errors
2026-01-30 05:32:53 | INFO     | [Worker_9227] Processing: CAI-TUU
2026-01-30 05:32:53 | INFO     |   Tier 0: Range 3, Chunk 3/3 (10 days)
