2026-01-30 05:26:26 | INFO     | ======================================================================
2026-01-30 05:26:26 | INFO     | Load Factor Scraper Started - Route: HBE-JED
2026-01-30 05:26:26 | INFO     | Log file: D:\CODERED\LAB\Artifacts\outputs\run_generated_300126_at_05.16\logs\LF_HBE-JED_20260130_052626.log
2026-01-30 05:26:26 | INFO     | Enhanced logging: Capturing both logging.info() and print()
2026-01-30 05:26:26 | INFO     | ======================================================================
2026-01-30 05:26:26 | INFO     | Starting LF search for route: HBE-JED
2026-01-30 05:26:26 | INFO     | [START] LF Search
2026-01-30 05:26:27 | INFO     | [HEALTH CHECK] [OK] Chrome connection is healthy
2026-01-30 05:26:27 | INFO     | [DAY_START] Processing 29APR
2026-01-30 05:26:27 | INFO     | [lf.day.start] Processing HBE-JED for 29APR
2026-01-30 05:26:28 | INFO     | [lf.day.flights_found] Found 1 flights on 29APR
2026-01-30 05:26:30 | INFO     | [lf.flight.extracted] SM451 on 29APR: BKG=3, LF=1.7%
2026-01-30 05:26:33 | INFO     | [SUCCESS] Day 29APR
2026-01-30 05:26:33 | INFO     | [DAY_START] Processing 28APR
2026-01-30 05:26:33 | INFO     | [lf.day.start] Processing HBE-JED for 28APR
2026-01-30 05:26:34 | WARNING  | [lf.day.no_flights] No direct flights on 28APR
2026-01-30 05:26:34 | INFO     | [SUCCESS] Day 28APR
2026-01-30 05:26:34 | INFO     | [DAY_START] Processing 27APR
2026-01-30 05:26:34 | INFO     | [lf.day.start] Processing HBE-JED for 27APR
2026-01-30 05:26:36 | INFO     | [lf.day.flights_found] Found 1 flights on 27APR
2026-01-30 05:26:38 | INFO     | [lf.flight.extracted] SM451 on 27APR: BKG=1, LF=0.6%
2026-01-30 05:26:40 | INFO     | [SUCCESS] Day 27APR
2026-01-30 05:26:40 | INFO     | [DAY_START] Processing 26APR
2026-01-30 05:26:40 | INFO     | [lf.day.start] Processing HBE-JED for 26APR
2026-01-30 05:26:42 | INFO     | [lf.day.flights_found] Found 1 flights on 26APR
2026-01-30 05:26:44 | INFO     | [lf.flight.extracted] SM451 on 26APR: BKG=2, LF=1.1%
2026-01-30 05:26:46 | INFO     | [SUCCESS] Day 26APR
2026-01-30 05:26:46 | INFO     | [DAY_START] Processing 25APR
2026-01-30 05:26:46 | INFO     | [lf.day.start] Processing HBE-JED for 25APR
2026-01-30 05:26:48 | INFO     | [lf.day.flights_found] Found 1 flights on 25APR
2026-01-30 05:26:50 | INFO     | [lf.flight.extracted] SM451 on 25APR: BKG=8, LF=4.5%
2026-01-30 05:26:53 | INFO     | [SUCCESS] Day 25APR
2026-01-30 05:26:53 | INFO     | [DAY_START] Processing 24APR
2026-01-30 05:26:53 | INFO     | [lf.day.start] Processing HBE-JED for 24APR
2026-01-30 05:26:54 | WARNING  | [lf.day.no_flights] No direct flights on 24APR
2026-01-30 05:26:54 | INFO     | [SUCCESS] Day 24APR
2026-01-30 05:26:54 | INFO     | [DAY_START] Processing 23APR
2026-01-30 05:26:54 | INFO     | [lf.day.start] Processing HBE-JED for 23APR
2026-01-30 05:26:55 | INFO     | [lf.day.flights_found] Found 1 flights on 23APR
2026-01-30 05:26:57 | INFO     | [lf.flight.extracted] SM451 on 23APR: BKG=2, LF=1.1%
2026-01-30 05:27:00 | INFO     | [SUCCESS] Day 23APR
2026-01-30 05:27:00 | INFO     | [DAY_START] Processing 22APR
2026-01-30 05:27:00 | INFO     | [lf.day.start] Processing HBE-JED for 22APR
2026-01-30 05:27:01 | INFO     | [lf.day.flights_found] Found 1 flights on 22APR
2026-01-30 05:27:03 | INFO     | [lf.flight.extracted] SM451 on 22APR: BKG=2, LF=1.1%
2026-01-30 05:27:06 | INFO     | [SUCCESS] Day 22APR
2026-01-30 05:27:06 | INFO     | [DAY_START] Processing 21APR
2026-01-30 05:27:06 | INFO     | [lf.day.start] Processing HBE-JED for 21APR
2026-01-30 05:27:07 | WARNING  | [lf.day.no_flights] No direct flights on 21APR
2026-01-30 05:27:07 | INFO     | [SUCCESS] Day 21APR
2026-01-30 05:27:07 | INFO     | [DAY_START] Processing 20APR
2026-01-30 05:27:07 | INFO     | [lf.day.start] Processing HBE-JED for 20APR
2026-01-30 05:27:08 | INFO     | [lf.day.flights_found] Found 1 flights on 20APR
2026-01-30 05:27:10 | INFO     | [lf.flight.extracted] SM451 on 20APR: BKG=1, LF=0.6%
2026-01-30 05:27:12 | INFO     | [SUCCESS] Day 20APR
2026-01-30 05:27:12 | INFO     | [SUCCESS] LF Search Complete
2026-01-30 05:27:12 | INFO     | [Worker_9226] Completed: HBE-JED - 10 results, 0 errors
2026-01-30 05:27:12 | INFO     | [Worker_9226] Processing: CAI-AHB
2026-01-30 05:27:12 | INFO     |   Tier 0: Range 3, Chunk 1/3 (10 days)
