2026-01-30 05:22:58 | INFO     | ======================================================================
2026-01-30 05:22:58 | INFO     | Load Factor Scraper Started - Route: JED-LXR
2026-01-30 05:22:58 | INFO     | Log file: D:\CODERED\LAB\Artifacts\outputs\run_generated_300126_at_05.16\logs\LF_JED-LXR_20260130_052258.log
2026-01-30 05:22:58 | INFO     | Enhanced logging: Capturing both logging.info() and print()
2026-01-30 05:22:58 | INFO     | ======================================================================
2026-01-30 05:22:58 | INFO     | Starting LF search for route: JED-LXR
2026-01-30 05:22:58 | INFO     | [START] LF Search
2026-01-30 05:22:58 | INFO     | [HEALTH CHECK] [OK] Chrome connection is healthy
2026-01-30 05:22:59 | INFO     | [DAY_START] Processing 06MAY
2026-01-30 05:22:59 | INFO     | [lf.day.start] Processing JED-LXR for 06MAY
2026-01-30 05:23:00 | WARNING  | [lf.day.no_flights] No direct flights on 06MAY
2026-01-30 05:23:00 | INFO     | [SUCCESS] Day 06MAY
2026-01-30 05:23:00 | INFO     | [DAY_START] Processing 05MAY
2026-01-30 05:23:00 | INFO     | [lf.day.start] Processing JED-LXR for 05MAY
2026-01-30 05:23:01 | WARNING  | [lf.day.no_flights] No direct flights on 05MAY
2026-01-30 05:23:01 | INFO     | [SUCCESS] Day 05MAY
2026-01-30 05:23:01 | INFO     | [DAY_START] Processing 04MAY
2026-01-30 05:23:01 | INFO     | [lf.day.start] Processing JED-LXR for 04MAY
2026-01-30 05:23:02 | WARNING  | [lf.day.no_flights] No direct flights on 04MAY
2026-01-30 05:23:02 | INFO     | [SUCCESS] Day 04MAY
2026-01-30 05:23:02 | INFO     | [DAY_START] Processing 03MAY
2026-01-30 05:23:02 | INFO     | [lf.day.start] Processing JED-LXR for 03MAY
2026-01-30 05:23:04 | WARNING  | [lf.day.no_flights] No direct flights on 03MAY
2026-01-30 05:23:04 | INFO     | [SUCCESS] Day 03MAY
2026-01-30 05:23:04 | INFO     | [DAY_START] Processing 02MAY
2026-01-30 05:23:04 | INFO     | [lf.day.start] Processing JED-LXR for 02MAY
2026-01-30 05:23:05 | WARNING  | [lf.day.no_flights] No direct flights on 02MAY
2026-01-30 05:23:05 | INFO     | [SUCCESS] Day 02MAY
2026-01-30 05:23:05 | INFO     | [DAY_START] Processing 01MAY
2026-01-30 05:23:05 | INFO     | [lf.day.start] Processing JED-LXR for 01MAY
2026-01-30 05:23:06 | WARNING  | [lf.day.no_flights] No direct flights on 01MAY
2026-01-30 05:23:06 | INFO     | [SUCCESS] Day 01MAY
2026-01-30 05:23:06 | INFO     | [DAY_START] Processing 30APR
2026-01-30 05:23:06 | INFO     | [lf.day.start] Processing JED-LXR for 30APR
2026-01-30 05:23:07 | WARNING  | [lf.day.no_flights] No direct flights on 30APR
2026-01-30 05:23:07 | INFO     | [SUCCESS] Day 30APR
2026-01-30 05:23:07 | INFO     | [SUCCESS] LF Search Complete
2026-01-30 05:23:07 | INFO     | [Worker_9224] Completed: JED-LXR - 7 results, 0 errors
2026-01-30 05:23:07 | INFO     | [Worker_9224] Processing: DMM-ATZ
2026-01-30 05:23:07 | INFO     |   Tier 0: Range 4, Chunk 4/4 (7 days)
