2026-01-30 05:47:13 | INFO     | ======================================================================
2026-01-30 05:47:13 | INFO     | Load Factor Scraper Started - Route: JED-LXR
2026-01-30 05:47:13 | INFO     | Log file: D:\CODERED\LAB\Artifacts\outputs\run_generated_300126_at_05.16\logs\LF_JED-LXR_20260130_054713.log
2026-01-30 05:47:13 | INFO     | Enhanced logging: Capturing both logging.info() and print()
2026-01-30 05:47:13 | INFO     | ======================================================================
2026-01-30 05:47:13 | INFO     | Starting LF search for route: JED-LXR
2026-01-30 05:47:13 | INFO     | [START] LF Search
2026-01-30 05:47:15 | INFO     | [HEALTH CHECK] [OK] Chrome connection is healthy
2026-01-30 05:47:15 | INFO     | [DAY_START] Processing 20MAR
2026-01-30 05:47:15 | INFO     | [lf.day.start] Processing JED-LXR for 20MAR
2026-01-30 05:47:17 | WARNING  | [lf.day.no_flights] No direct flights on 20MAR
2026-01-30 05:47:17 | INFO     | [SUCCESS] Day 20MAR
2026-01-30 05:47:17 | INFO     | [DAY_START] Processing 19MAR
2026-01-30 05:47:17 | INFO     | [lf.day.start] Processing JED-LXR for 19MAR
2026-01-30 05:47:18 | WARNING  | [lf.day.no_flights] No direct flights on 19MAR
2026-01-30 05:47:18 | INFO     | [SUCCESS] Day 19MAR
2026-01-30 05:47:18 | INFO     | [DAY_START] Processing 18MAR
2026-01-30 05:47:18 | INFO     | [lf.day.start] Processing JED-LXR for 18MAR
2026-01-30 05:47:20 | WARNING  | [lf.day.no_flights] No direct flights on 18MAR
2026-01-30 05:47:20 | INFO     | [SUCCESS] Day 18MAR
2026-01-30 05:47:20 | INFO     | [DAY_START] Processing 17MAR
2026-01-30 05:47:20 | INFO     | [lf.day.start] Processing JED-LXR for 17MAR
2026-01-30 05:47:22 | INFO     | [lf.day.flights_found] Found 4 flights on 17MAR
2026-01-30 05:47:26 | INFO     | [lf.flight.extracted] SM482 on 17MAR: BKG=0, LF=0.0%
2026-01-30 05:47:31 | INFO     | [lf.flight.extracted] SM430 on 17MAR: BKG=0, LF=0.0%
2026-01-30 05:47:36 | INFO     | [lf.flight.extracted] SM982 on 17MAR: BKG=0, LF=0.0%
2026-01-30 05:47:41 | INFO     | [lf.flight.extracted] SM484 on 17MAR: BKG=0, LF=0.0%
2026-01-30 05:47:43 | INFO     | [SUCCESS] Day 17MAR
2026-01-30 05:47:43 | INFO     | [DAY_START] Processing 16MAR
2026-01-30 05:47:43 | INFO     | [lf.day.start] Processing JED-LXR for 16MAR
2026-01-30 05:47:45 | WARNING  | [lf.day.no_flights] No direct flights on 16MAR
2026-01-30 05:47:45 | INFO     | [SUCCESS] Day 16MAR
2026-01-30 05:47:45 | INFO     | [DAY_START] Processing 15MAR
2026-01-30 05:47:45 | INFO     | [lf.day.start] Processing JED-LXR for 15MAR
2026-01-30 05:47:47 | WARNING  | [lf.day.no_flights] No direct flights on 15MAR
2026-01-30 05:47:47 | INFO     | [SUCCESS] Day 15MAR
2026-01-30 05:47:47 | INFO     | [DAY_START] Processing 14MAR
2026-01-30 05:47:47 | INFO     | [lf.day.start] Processing JED-LXR for 14MAR
2026-01-30 05:47:49 | WARNING  | [lf.day.no_flights] No direct flights on 14MAR
2026-01-30 05:47:49 | INFO     | [SUCCESS] Day 14MAR
2026-01-30 05:47:49 | INFO     | [DAY_START] Processing 13MAR
2026-01-30 05:47:49 | INFO     | [lf.day.start] Processing JED-LXR for 13MAR
2026-01-30 05:47:50 | WARNING  | [lf.day.no_flights] No direct flights on 13MAR
2026-01-30 05:47:50 | INFO     | [SUCCESS] Day 13MAR
2026-01-30 05:47:50 | INFO     | [DAY_START] Processing 12MAR
2026-01-30 05:47:50 | INFO     | [lf.day.start] Processing JED-LXR for 12MAR
2026-01-30 05:47:52 | WARNING  | [lf.day.no_flights] No direct flights on 12MAR
2026-01-30 05:47:52 | INFO     | [SUCCESS] Day 12MAR
2026-01-30 05:47:52 | INFO     | [DAY_START] Processing 11MAR
2026-01-30 05:47:52 | INFO     | [lf.day.start] Processing JED-LXR for 11MAR
2026-01-30 05:47:54 | WARNING  | [lf.day.no_flights] No direct flights on 11MAR
2026-01-30 05:47:54 | INFO     | [SUCCESS] Day 11MAR
2026-01-30 05:47:54 | INFO     | [SUCCESS] LF Search Complete
2026-01-30 05:47:54 | INFO     | [Worker_9227] Completed: JED-LXR - 10 results, 0 errors
2026-01-30 05:47:54 | INFO     | [Worker_9227] Processing: DMM-ATZ
2026-01-30 05:47:54 | INFO     |   Tier 0: Range 2, Chunk 2/3 (10 days)
