2026-01-30 06:10:59 | INFO     | ======================================================================
2026-01-30 06:10:59 | INFO     | Load Factor Scraper Started - Route: JED-LXR
2026-01-30 06:10:59 | INFO     | Log file: D:\CODERED\LAB\Artifacts\outputs\run_generated_300126_at_05.16\logs\LF_JED-LXR_20260130_061059.log
2026-01-30 06:10:59 | INFO     | Enhanced logging: Capturing both logging.info() and print()
2026-01-30 06:10:59 | INFO     | ======================================================================
2026-01-30 06:10:59 | INFO     | Starting LF search for route: JED-LXR
2026-01-30 06:10:59 | INFO     | [START] LF Search
2026-01-30 06:11:00 | INFO     | [HEALTH CHECK] [OK] Chrome connection is healthy
2026-01-30 06:11:00 | INFO     | [DAY_START] Processing 08FEB
2026-01-30 06:11:00 | INFO     | [lf.day.start] Processing JED-LXR for 08FEB
2026-01-30 06:11:01 | WARNING  | [lf.day.no_flights] No direct flights on 08FEB
2026-01-30 06:11:01 | INFO     | [SUCCESS] Day 08FEB
2026-01-30 06:11:01 | INFO     | [DAY_START] Processing 07FEB
2026-01-30 06:11:01 | INFO     | [lf.day.start] Processing JED-LXR for 07FEB
2026-01-30 06:11:02 | WARNING  | [lf.day.no_flights] No direct flights on 07FEB
2026-01-30 06:11:02 | INFO     | [SUCCESS] Day 07FEB
2026-01-30 06:11:02 | INFO     | [DAY_START] Processing 06FEB
2026-01-30 06:11:02 | INFO     | [lf.day.start] Processing JED-LXR for 06FEB
2026-01-30 06:11:03 | WARNING  | [lf.day.no_flights] No direct flights on 06FEB
2026-01-30 06:11:03 | INFO     | [SUCCESS] Day 06FEB
2026-01-30 06:11:03 | INFO     | [DAY_START] Processing 05FEB
2026-01-30 06:11:03 | INFO     | [lf.day.start] Processing JED-LXR for 05FEB
2026-01-30 06:11:04 | WARNING  | [lf.day.no_flights] No direct flights on 05FEB
2026-01-30 06:11:04 | INFO     | [SUCCESS] Day 05FEB
2026-01-30 06:11:04 | INFO     | [DAY_START] Processing 04FEB
2026-01-30 06:11:04 | INFO     | [lf.day.start] Processing JED-LXR for 04FEB
2026-01-30 06:11:06 | INFO     | [lf.day.flights_found] Found 1 flights on 04FEB
2026-01-30 06:11:08 | INFO     | [lf.flight.extracted] SM984 on 04FEB: BKG=179, LF=107.2%
2026-01-30 06:11:13 | INFO     | [SUCCESS] Day 04FEB
2026-01-30 06:11:13 | INFO     | [DAY_START] Processing 03FEB
2026-01-30 06:11:13 | INFO     | [lf.day.start] Processing JED-LXR for 03FEB
2026-01-30 06:11:14 | INFO     | [lf.day.flights_found] Found 4 flights on 03FEB
2026-01-30 06:11:16 | INFO     | [lf.flight.extracted] SM482 on 03FEB: BKG=179, LF=102.3%
2026-01-30 06:11:19 | INFO     | [lf.flight.extracted] SM430 on 03FEB: BKG=179, LF=107.2%
2026-01-30 06:11:22 | INFO     | [lf.flight.extracted] SM982 on 03FEB: BKG=179, LF=102.3%
2026-01-30 06:11:26 | INFO     | [lf.flight.extracted] SM484 on 03FEB: BKG=180, LF=102.9%
2026-01-30 06:11:44 | INFO     | [SUCCESS] Day 03FEB
2026-01-30 06:11:44 | INFO     | [DAY_START] Processing 02FEB
2026-01-30 06:11:44 | INFO     | [lf.day.start] Processing JED-LXR for 02FEB
2026-01-30 06:11:45 | WARNING  | [lf.day.no_flights] No direct flights on 02FEB
2026-01-30 06:11:45 | INFO     | [SUCCESS] Day 02FEB
2026-01-30 06:11:45 | INFO     | [DAY_START] Processing 01FEB
2026-01-30 06:11:45 | INFO     | [lf.day.start] Processing JED-LXR for 01FEB
2026-01-30 06:11:46 | WARNING  | [lf.day.no_flights] No direct flights on 01FEB
2026-01-30 06:11:46 | INFO     | [SUCCESS] Day 01FEB
2026-01-30 06:11:46 | INFO     | [DAY_START] Processing 31JAN
2026-01-30 06:11:46 | INFO     | [lf.day.start] Processing JED-LXR for 31JAN
2026-01-30 06:11:48 | WARNING  | [lf.day.no_flights] No direct flights on 31JAN
2026-01-30 06:11:48 | INFO     | [SUCCESS] Day 31JAN
2026-01-30 06:11:48 | INFO     | [SUCCESS] LF Search Complete
2026-01-30 06:11:56 | INFO     | [Worker_9223] Completed: JED-LXR - 9 results, 0 errors
2026-01-30 06:11:56 | INFO     | [Worker_9223] Processing: TUU-ATZ
2026-01-30 06:11:56 | INFO     |   Tier 0: Range 1, Chunk 3/3 (10 days)
