2026-01-30 05:46:37 | INFO     | ======================================================================
2026-01-30 05:46:37 | INFO     | Load Factor Scraper Started - Route: JED-ATZ
2026-01-30 05:46:37 | INFO     | Log file: D:\CODERED\LAB\Artifacts\outputs\run_generated_300126_at_05.16\logs\LF_JED-ATZ_20260130_054637.log
2026-01-30 05:46:37 | INFO     | Enhanced logging: Capturing both logging.info() and print()
2026-01-30 05:46:37 | INFO     | ======================================================================
2026-01-30 05:46:37 | INFO     | Starting LF search for route: JED-ATZ
2026-01-30 05:46:37 | INFO     | [START] LF Search
2026-01-30 05:46:38 | INFO     | [HEALTH CHECK] [OK] Chrome connection is healthy
2026-01-30 05:46:38 | INFO     | [DAY_START] Processing 20MAR
2026-01-30 05:46:38 | INFO     | [lf.day.start] Processing JED-ATZ for 20MAR
2026-01-30 05:46:41 | INFO     | [lf.day.flights_found] Found 1 flights on 20MAR
2026-01-30 05:46:49 | INFO     | [lf.flight.extracted] SM492 on 20MAR: BKG=182, LF=104.0%
2026-01-30 05:47:04 | INFO     | [SUCCESS] Day 20MAR
2026-01-30 05:47:04 | INFO     | [DAY_START] Processing 19MAR
2026-01-30 05:47:04 | INFO     | [lf.day.start] Processing JED-ATZ for 19MAR
2026-01-30 05:47:07 | INFO     | [lf.day.flights_found] Found 3 flights on 19MAR
2026-01-30 05:47:12 | INFO     | [lf.flight.extracted] SM422 on 19MAR: BKG=17, LF=9.7%
2026-01-30 05:47:20 | INFO     | [lf.flight.extracted] SM454 on 19MAR: BKG=13, LF=7.4%
2026-01-30 05:47:29 | INFO     | [lf.flight.extracted] SM456 on 19MAR: BKG=60, LF=34.3%
2026-01-30 05:47:46 | INFO     | [SUCCESS] Day 19MAR
2026-01-30 05:47:46 | INFO     | [DAY_START] Processing 18MAR
2026-01-30 05:47:46 | INFO     | [lf.day.start] Processing JED-ATZ for 18MAR
2026-01-30 05:47:49 | INFO     | [lf.day.flights_found] Found 2 flights on 18MAR
2026-01-30 05:47:52 | INFO     | [lf.flight.extracted] SM454 on 18MAR: BKG=18, LF=10.3%
2026-01-30 05:48:01 | INFO     | [lf.flight.extracted] SM492 on 18MAR: BKG=37, LF=22.6%
2026-01-30 05:48:15 | INFO     | [SUCCESS] Day 18MAR
2026-01-30 05:48:15 | INFO     | [DAY_START] Processing 17MAR
2026-01-30 05:48:15 | INFO     | [lf.day.start] Processing JED-ATZ for 17MAR
2026-01-30 05:48:18 | INFO     | [lf.day.flights_found] Found 2 flights on 17MAR
2026-01-30 05:48:22 | INFO     | [lf.flight.extracted] SM454 on 17MAR: BKG=13, LF=7.4%
2026-01-30 05:48:30 | INFO     | [lf.flight.extracted] SM456 on 17MAR: BKG=16, LF=9.1%
2026-01-30 05:48:38 | INFO     | [SUCCESS] Day 17MAR
2026-01-30 05:48:38 | INFO     | [DAY_START] Processing 16MAR
2026-01-30 05:48:38 | INFO     | [lf.day.start] Processing JED-ATZ for 16MAR
2026-01-30 05:48:41 | INFO     | [lf.day.flights_found] Found 4 flights on 16MAR
2026-01-30 05:48:46 | INFO     | [lf.flight.extracted] SM492 on 16MAR: BKG=13, LF=7.4%
2026-01-30 05:48:54 | INFO     | [lf.flight.extracted] SM456 on 16MAR: BKG=10, LF=5.7%
2026-01-30 05:49:03 | INFO     | [lf.flight.extracted] SM422 on 16MAR: BKG=16, LF=9.1%
2026-01-30 05:49:09 | INFO     | [lf.flight.extracted] SM454 on 16MAR: BKG=17, LF=9.7%
2026-01-30 05:49:27 | INFO     | [SUCCESS] Day 16MAR
2026-01-30 05:49:27 | INFO     | [DAY_START] Processing 15MAR
2026-01-30 05:49:27 | INFO     | [lf.day.start] Processing JED-ATZ for 15MAR
2026-01-30 05:49:31 | INFO     | [lf.day.flights_found] Found 2 flights on 15MAR
2026-01-30 05:49:39 | INFO     | [lf.flight.extracted] SM492 on 15MAR: BKG=16, LF=9.1%
2026-01-30 05:49:46 | INFO     | [lf.flight.extracted] SM456 on 15MAR: BKG=10, LF=5.7%
2026-01-30 05:49:58 | INFO     | [SUCCESS] Day 15MAR
2026-01-30 05:49:58 | INFO     | [DAY_START] Processing 14MAR
2026-01-30 05:49:58 | INFO     | [lf.day.start] Processing JED-ATZ for 14MAR
2026-01-30 05:50:01 | INFO     | [lf.day.flights_found] Found 3 flights on 14MAR
2026-01-30 05:50:08 | INFO     | [lf.flight.extracted] SM492 on 14MAR: BKG=8, LF=4.8%
2026-01-30 05:50:14 | INFO     | [lf.flight.extracted] SM454 on 14MAR: BKG=5, LF=2.9%
2026-01-30 05:50:19 | INFO     | [lf.flight.extracted] SM456 on 14MAR: BKG=13, LF=7.4%
2026-01-30 05:50:27 | INFO     | [SUCCESS] Day 14MAR
2026-01-30 05:50:27 | INFO     | [DAY_START] Processing 13MAR
2026-01-30 05:50:27 | INFO     | [lf.day.start] Processing JED-ATZ for 13MAR
2026-01-30 05:50:29 | INFO     | [lf.day.flights_found] Found 1 flights on 13MAR
2026-01-30 05:50:32 | INFO     | [lf.flight.extracted] SM492 on 13MAR: BKG=62, LF=35.4%
2026-01-30 05:50:38 | INFO     | [SUCCESS] Day 13MAR
2026-01-30 05:50:38 | INFO     | [DAY_START] Processing 12MAR
2026-01-30 05:50:38 | INFO     | [lf.day.start] Processing JED-ATZ for 12MAR
2026-01-30 05:50:39 | INFO     | [lf.day.flights_found] Found 3 flights on 12MAR
2026-01-30 05:50:42 | INFO     | [lf.flight.extracted] SM422 on 12MAR: BKG=31, LF=18.6%
2026-01-30 05:50:47 | INFO     | [lf.flight.extracted] SM454 on 12MAR: BKG=41, LF=24.6%
2026-01-30 05:50:52 | INFO     | [lf.flight.extracted] SM456 on 12MAR: BKG=41, LF=23.4%
2026-01-30 05:51:05 | INFO     | [SUCCESS] Day 12MAR
2026-01-30 05:51:05 | INFO     | [DAY_START] Processing 11MAR
2026-01-30 05:51:05 | INFO     | [lf.day.start] Processing JED-ATZ for 11MAR
2026-01-30 05:51:07 | INFO     | [lf.day.flights_found] Found 2 flights on 11MAR
2026-01-30 05:51:10 | INFO     | [lf.flight.extracted] SM454 on 11MAR: BKG=18, LF=10.8%
2026-01-30 05:51:19 | INFO     | [lf.flight.extracted] SM492 on 11MAR: BKG=23, LF=13.1%
2026-01-30 05:51:28 | INFO     | [SUCCESS] Day 11MAR
2026-01-30 05:51:28 | INFO     | [SUCCESS] LF Search Complete
2026-01-30 05:51:28 | INFO     | [Worker_9224] Completed: JED-ATZ - 10 results, 0 errors
2026-01-30 05:51:28 | INFO     | [Worker_9224] Processing: ATZ-JED
2026-01-30 05:51:28 | INFO     |   Tier 0: Range 2, Chunk 2/3 (10 days)
