2026-01-30 05:59:13 | INFO     | ======================================================================
2026-01-30 05:59:13 | INFO     | Load Factor Scraper Started - Route: JED-ASW
2026-01-30 05:59:13 | INFO     | Log file: D:\CODERED\LAB\Artifacts\outputs\run_generated_300126_at_05.16\logs\LF_JED-ASW_20260130_055913.log
2026-01-30 05:59:13 | INFO     | Enhanced logging: Capturing both logging.info() and print()
2026-01-30 05:59:13 | INFO     | ======================================================================
2026-01-30 05:59:13 | INFO     | Starting LF search for route: JED-ASW
2026-01-30 05:59:13 | INFO     | [START] LF Search
2026-01-30 05:59:14 | INFO     | [HEALTH CHECK] [OK] Chrome connection is healthy
2026-01-30 05:59:14 | INFO     | [DAY_START] Processing 28FEB
2026-01-30 05:59:14 | INFO     | [lf.day.start] Processing JED-ASW for 28FEB
2026-01-30 05:59:15 | WARNING  | [lf.day.no_flights] No direct flights on 28FEB
2026-01-30 05:59:15 | INFO     | [SUCCESS] Day 28FEB
2026-01-30 05:59:15 | INFO     | [DAY_START] Processing 27FEB
2026-01-30 05:59:15 | INFO     | [lf.day.start] Processing JED-ASW for 27FEB
2026-01-30 05:59:16 | WARNING  | [lf.day.no_flights] No direct flights on 27FEB
2026-01-30 05:59:16 | INFO     | [SUCCESS] Day 27FEB
2026-01-30 05:59:16 | INFO     | [DAY_START] Processing 26FEB
2026-01-30 05:59:16 | INFO     | [lf.day.start] Processing JED-ASW for 26FEB
2026-01-30 05:59:17 | WARNING  | [lf.day.no_flights] No direct flights on 26FEB
2026-01-30 05:59:17 | INFO     | [SUCCESS] Day 26FEB
2026-01-30 05:59:17 | INFO     | [DAY_START] Processing 25FEB
2026-01-30 05:59:17 | INFO     | [lf.day.start] Processing JED-ASW for 25FEB
2026-01-30 05:59:18 | WARNING  | [lf.day.no_flights] No direct flights on 25FEB
2026-01-30 05:59:18 | INFO     | [SUCCESS] Day 25FEB
2026-01-30 05:59:18 | INFO     | [DAY_START] Processing 24FEB
2026-01-30 05:59:18 | INFO     | [lf.day.start] Processing JED-ASW for 24FEB
2026-01-30 05:59:19 | INFO     | [lf.day.flights_found] Found 1 flights on 24FEB
2026-01-30 05:59:21 | INFO     | [lf.flight.extracted] SM986 on 24FEB: BKG=180, LF=102.9%
2026-01-30 05:59:24 | INFO     | [SUCCESS] Day 24FEB
2026-01-30 05:59:24 | INFO     | [DAY_START] Processing 23FEB
2026-01-30 05:59:24 | INFO     | [lf.day.start] Processing JED-ASW for 23FEB
2026-01-30 05:59:25 | INFO     | [lf.day.flights_found] Found 3 flights on 23FEB
2026-01-30 05:59:27 | INFO     | [lf.flight.extracted] SM426 on 23FEB: BKG=180, LF=107.8%
2026-01-30 05:59:30 | INFO     | [lf.flight.extracted] SM950 on 23FEB: BKG=180, LF=107.8%
2026-01-30 05:59:33 | INFO     | [lf.flight.extracted] SM982 on 23FEB: BKG=180, LF=102.9%
2026-01-30 05:59:38 | INFO     | [SUCCESS] Day 23FEB
2026-01-30 05:59:38 | INFO     | [DAY_START] Processing 22FEB
2026-01-30 05:59:38 | INFO     | [lf.day.start] Processing JED-ASW for 22FEB
2026-01-30 05:59:49 | WARNING  | [lf.day.no_flights] No direct flights on 22FEB
2026-01-30 05:59:49 | INFO     | [SUCCESS] Day 22FEB
2026-01-30 05:59:49 | INFO     | [DAY_START] Processing 21FEB
2026-01-30 05:59:49 | INFO     | [lf.day.start] Processing JED-ASW for 21FEB
2026-01-30 05:59:50 | WARNING  | [lf.day.no_flights] No direct flights on 21FEB
2026-01-30 05:59:50 | INFO     | [SUCCESS] Day 21FEB
2026-01-30 05:59:50 | INFO     | [DAY_START] Processing 20FEB
2026-01-30 05:59:50 | INFO     | [lf.day.start] Processing JED-ASW for 20FEB
2026-01-30 05:59:52 | WARNING  | [lf.day.no_flights] No direct flights on 20FEB
2026-01-30 05:59:52 | INFO     | [SUCCESS] Day 20FEB
2026-01-30 05:59:52 | INFO     | [DAY_START] Processing 19FEB
2026-01-30 05:59:52 | INFO     | [lf.day.start] Processing JED-ASW for 19FEB
2026-01-30 05:59:53 | WARNING  | [lf.day.no_flights] No direct flights on 19FEB
2026-01-30 05:59:53 | INFO     | [SUCCESS] Day 19FEB
2026-01-30 05:59:53 | INFO     | [SUCCESS] LF Search Complete
2026-01-30 05:59:53 | INFO     | [Worker_9226] Completed: JED-ASW - 10 results, 0 errors
2026-01-30 05:59:53 | INFO     | [Worker_9226] Processing: DMM-ATZ
2026-01-30 05:59:53 | INFO     |   Tier 0: Range 1, Chunk 1/3 (10 days)
