2026-01-30 05:54:47 | INFO     | ======================================================================
2026-01-30 05:54:47 | INFO     | Load Factor Scraper Started - Route: JED-ASW
2026-01-30 05:54:47 | INFO     | Log file: D:\CODERED\LAB\Artifacts\outputs\run_generated_300126_at_05.16\logs\LF_JED-ASW_20260130_055447.log
2026-01-30 05:54:47 | INFO     | Enhanced logging: Capturing both logging.info() and print()
2026-01-30 05:54:47 | INFO     | ======================================================================
2026-01-30 05:54:47 | INFO     | Starting LF search for route: JED-ASW
2026-01-30 05:54:47 | INFO     | [START] LF Search
2026-01-30 05:54:48 | INFO     | [HEALTH CHECK] [OK] Chrome connection is healthy
2026-01-30 05:54:48 | INFO     | [DAY_START] Processing 10MAR
2026-01-30 05:54:48 | INFO     | [lf.day.start] Processing JED-ASW for 10MAR
2026-01-30 05:54:50 | WARNING  | [lf.day.no_flights] No direct flights on 10MAR
2026-01-30 05:54:50 | INFO     | [SUCCESS] Day 10MAR
2026-01-30 05:54:50 | INFO     | [DAY_START] Processing 09MAR
2026-01-30 05:54:50 | INFO     | [lf.day.start] Processing JED-ASW for 09MAR
2026-01-30 05:54:51 | WARNING  | [lf.day.no_flights] No direct flights on 09MAR
2026-01-30 05:54:51 | INFO     | [SUCCESS] Day 09MAR
2026-01-30 05:54:51 | INFO     | [DAY_START] Processing 08MAR
2026-01-30 05:54:51 | INFO     | [lf.day.start] Processing JED-ASW for 08MAR
2026-01-30 05:54:52 | WARNING  | [lf.day.no_flights] No direct flights on 08MAR
2026-01-30 05:54:52 | INFO     | [SUCCESS] Day 08MAR
2026-01-30 05:54:52 | INFO     | [DAY_START] Processing 07MAR
2026-01-30 05:54:52 | INFO     | [lf.day.start] Processing JED-ASW for 07MAR
2026-01-30 05:54:54 | WARNING  | [lf.day.no_flights] No direct flights on 07MAR
2026-01-30 05:54:54 | INFO     | [SUCCESS] Day 07MAR
2026-01-30 05:54:54 | INFO     | [DAY_START] Processing 06MAR
2026-01-30 05:54:54 | INFO     | [lf.day.start] Processing JED-ASW for 06MAR
2026-01-30 05:54:55 | WARNING  | [lf.day.no_flights] No direct flights on 06MAR
2026-01-30 05:54:55 | INFO     | [SUCCESS] Day 06MAR
2026-01-30 05:54:55 | INFO     | [DAY_START] Processing 05MAR
2026-01-30 05:54:55 | INFO     | [lf.day.start] Processing JED-ASW for 05MAR
2026-01-30 05:54:56 | WARNING  | [lf.day.no_flights] No direct flights on 05MAR
2026-01-30 05:54:56 | INFO     | [SUCCESS] Day 05MAR
2026-01-30 05:54:56 | INFO     | [DAY_START] Processing 04MAR
2026-01-30 05:54:56 | INFO     | [lf.day.start] Processing JED-ASW for 04MAR
2026-01-30 05:54:57 | WARNING  | [lf.day.no_flights] No direct flights on 04MAR
2026-01-30 05:54:57 | INFO     | [SUCCESS] Day 04MAR
2026-01-30 05:54:57 | INFO     | [DAY_START] Processing 03MAR
2026-01-30 05:54:57 | INFO     | [lf.day.start] Processing JED-ASW for 03MAR
2026-01-30 05:54:59 | WARNING  | [lf.day.no_flights] No direct flights on 03MAR
2026-01-30 05:54:59 | INFO     | [SUCCESS] Day 03MAR
2026-01-30 05:54:59 | INFO     | [DAY_START] Processing 02MAR
2026-01-30 05:54:59 | INFO     | [lf.day.start] Processing JED-ASW for 02MAR
2026-01-30 05:55:00 | WARNING  | [lf.day.no_flights] No direct flights on 02MAR
2026-01-30 05:55:00 | INFO     | [SUCCESS] Day 02MAR
2026-01-30 05:55:00 | INFO     | [DAY_START] Processing 01MAR
2026-01-30 05:55:00 | INFO     | [lf.day.start] Processing JED-ASW for 01MAR
2026-01-30 05:55:01 | WARNING  | [lf.day.no_flights] No direct flights on 01MAR
2026-01-30 05:55:01 | INFO     | [SUCCESS] Day 01MAR
2026-01-30 05:55:01 | INFO     | [SUCCESS] LF Search Complete
2026-01-30 05:55:01 | INFO     | [Worker_9233] Completed: JED-ASW - 10 results, 0 errors
2026-01-30 05:55:01 | INFO     | [Worker_9233] Processing: RUH-CAI
2026-01-30 05:55:01 | INFO     |   Tier 0: Range 2, Chunk 3/3 (10 days)
