2026-01-30 05:30:50 | INFO     | ======================================================================
2026-01-30 05:30:50 | INFO     | Load Factor Scraper Started - Route: JED-HBE
2026-01-30 05:30:50 | INFO     | Log file: D:\CODERED\LAB\Artifacts\outputs\run_generated_300126_at_05.16\logs\LF_JED-HBE_20260130_053050.log
2026-01-30 05:30:50 | INFO     | Enhanced logging: Capturing both logging.info() and print()
2026-01-30 05:30:50 | INFO     | ======================================================================
2026-01-30 05:30:50 | INFO     | Starting LF search for route: JED-HBE
2026-01-30 05:30:50 | INFO     | [START] LF Search
2026-01-30 05:30:51 | INFO     | [HEALTH CHECK] [OK] Chrome connection is healthy
2026-01-30 05:30:51 | INFO     | [DAY_START] Processing 09APR
2026-01-30 05:30:51 | INFO     | [lf.day.start] Processing JED-HBE for 09APR
2026-01-30 05:30:52 | INFO     | [lf.day.flights_found] Found 1 flights on 09APR
2026-01-30 05:30:54 | INFO     | [lf.flight.extracted] SM452 on 09APR: BKG=57, LF=34.1%
2026-01-30 05:30:56 | INFO     | [SUCCESS] Day 09APR
2026-01-30 05:30:56 | INFO     | [DAY_START] Processing 08APR
2026-01-30 05:30:56 | INFO     | [lf.day.start] Processing JED-HBE for 08APR
2026-01-30 05:30:58 | INFO     | [lf.day.flights_found] Found 1 flights on 08APR
2026-01-30 05:31:00 | INFO     | [lf.flight.extracted] SM452 on 08APR: BKG=8, LF=4.6%
2026-01-30 05:31:02 | INFO     | [SUCCESS] Day 08APR
2026-01-30 05:31:02 | INFO     | [DAY_START] Processing 07APR
2026-01-30 05:31:02 | INFO     | [lf.day.start] Processing JED-HBE for 07APR
2026-01-30 05:31:03 | WARNING  | [lf.day.no_flights] No direct flights on 07APR
2026-01-30 05:31:03 | INFO     | [SUCCESS] Day 07APR
2026-01-30 05:31:03 | INFO     | [DAY_START] Processing 06APR
2026-01-30 05:31:03 | INFO     | [lf.day.start] Processing JED-HBE for 06APR
2026-01-30 05:31:04 | INFO     | [lf.day.flights_found] Found 1 flights on 06APR
2026-01-30 05:31:06 | INFO     | [lf.flight.extracted] SM452 on 06APR: BKG=177, LF=101.7%
2026-01-30 05:31:09 | INFO     | [SUCCESS] Day 06APR
2026-01-30 05:31:09 | INFO     | [DAY_START] Processing 05APR
2026-01-30 05:31:09 | INFO     | [lf.day.start] Processing JED-HBE for 05APR
2026-01-30 05:31:10 | INFO     | [lf.day.flights_found] Found 1 flights on 05APR
2026-01-30 05:31:12 | INFO     | [lf.flight.extracted] SM452 on 05APR: BKG=168, LF=96.0%
2026-01-30 05:31:16 | INFO     | [SUCCESS] Day 05APR
2026-01-30 05:31:16 | INFO     | [DAY_START] Processing 04APR
2026-01-30 05:31:16 | INFO     | [lf.day.start] Processing JED-HBE for 04APR
2026-01-30 05:31:17 | INFO     | [lf.day.flights_found] Found 1 flights on 04APR
2026-01-30 05:31:19 | INFO     | [lf.flight.extracted] SM452 on 04APR: BKG=168, LF=96.0%
2026-01-30 05:31:23 | INFO     | [SUCCESS] Day 04APR
2026-01-30 05:31:23 | INFO     | [DAY_START] Processing 03APR
2026-01-30 05:31:23 | INFO     | [lf.day.start] Processing JED-HBE for 03APR
2026-01-30 05:31:24 | WARNING  | [lf.day.no_flights] No direct flights on 03APR
2026-01-30 05:31:24 | INFO     | [SUCCESS] Day 03APR
2026-01-30 05:31:24 | INFO     | [DAY_START] Processing 02APR
2026-01-30 05:31:24 | INFO     | [lf.day.start] Processing JED-HBE for 02APR
2026-01-30 05:31:26 | INFO     | [lf.day.flights_found] Found 1 flights on 02APR
2026-01-30 05:31:28 | INFO     | [lf.flight.extracted] SM452 on 02APR: BKG=170, LF=97.1%
2026-01-30 05:31:31 | INFO     | [SUCCESS] Day 02APR
2026-01-30 05:31:31 | INFO     | [DAY_START] Processing 01APR
2026-01-30 05:31:31 | INFO     | [lf.day.start] Processing JED-HBE for 01APR
2026-01-30 05:31:32 | INFO     | [lf.day.flights_found] Found 1 flights on 01APR
2026-01-30 05:31:34 | INFO     | [lf.flight.extracted] SM452 on 01APR: BKG=168, LF=96.5%
2026-01-30 05:31:37 | INFO     | [SUCCESS] Day 01APR
2026-01-30 05:31:37 | INFO     | [DAY_START] Processing 31MAR
2026-01-30 05:31:37 | INFO     | [lf.day.start] Processing JED-HBE for 31MAR
2026-01-30 05:31:38 | WARNING  | [lf.day.no_flights] No direct flights on 31MAR
2026-01-30 05:31:38 | INFO     | [SUCCESS] Day 31MAR
2026-01-30 05:31:38 | INFO     | [SUCCESS] LF Search Complete
2026-01-30 05:31:38 | INFO     | [Worker_9225] Completed: JED-HBE - 10 results, 0 errors
2026-01-30 05:31:38 | INFO     | [Worker_9225] Processing: YNB-CAI
2026-01-30 05:31:38 | INFO     |   Tier 0: Range 3, Chunk 3/3 (10 days)
