2026-01-30 06:01:50 | INFO     | ======================================================================
2026-01-30 06:01:50 | INFO     | Load Factor Scraper Started - Route: LXR-JED
2026-01-30 06:01:50 | INFO     | Log file: D:\CODERED\LAB\Artifacts\outputs\run_generated_300126_at_05.16\logs\LF_LXR-JED_20260130_060150.log
2026-01-30 06:01:50 | INFO     | Enhanced logging: Capturing both logging.info() and print()
2026-01-30 06:01:50 | INFO     | ======================================================================
2026-01-30 06:01:50 | INFO     | Starting LF search for route: LXR-JED
2026-01-30 06:01:50 | INFO     | [START] LF Search
2026-01-30 06:01:51 | INFO     | [HEALTH CHECK] [OK] Chrome connection is healthy
2026-01-30 06:01:51 | INFO     | [DAY_START] Processing 28FEB
2026-01-30 06:01:51 | INFO     | [lf.day.start] Processing LXR-JED for 28FEB
2026-01-30 06:01:52 | WARNING  | [lf.day.no_flights] No direct flights on 28FEB
2026-01-30 06:01:52 | INFO     | [SUCCESS] Day 28FEB
2026-01-30 06:01:52 | INFO     | [DAY_START] Processing 27FEB
2026-01-30 06:01:52 | INFO     | [lf.day.start] Processing LXR-JED for 27FEB
2026-01-30 06:01:53 | WARNING  | [lf.day.no_flights] No direct flights on 27FEB
2026-01-30 06:01:53 | INFO     | [SUCCESS] Day 27FEB
2026-01-30 06:01:53 | INFO     | [DAY_START] Processing 26FEB
2026-01-30 06:01:53 | INFO     | [lf.day.start] Processing LXR-JED for 26FEB
2026-01-30 06:01:55 | WARNING  | [lf.day.no_flights] No direct flights on 26FEB
2026-01-30 06:01:55 | INFO     | [SUCCESS] Day 26FEB
2026-01-30 06:01:55 | INFO     | [DAY_START] Processing 25FEB
2026-01-30 06:01:55 | INFO     | [lf.day.start] Processing LXR-JED for 25FEB
2026-01-30 06:01:56 | WARNING  | [lf.day.no_flights] No direct flights on 25FEB
2026-01-30 06:01:56 | INFO     | [SUCCESS] Day 25FEB
2026-01-30 06:01:56 | INFO     | [DAY_START] Processing 24FEB
2026-01-30 06:01:56 | INFO     | [lf.day.start] Processing LXR-JED for 24FEB
2026-01-30 06:01:57 | INFO     | [lf.day.flights_found] Found 4 flights on 24FEB
2026-01-30 06:01:59 | INFO     | [lf.flight.extracted] SM429 on 24FEB: BKG=0, LF=0.0%
2026-01-30 06:02:02 | INFO     | [lf.flight.extracted] SM483 on 24FEB: BKG=0, LF=0.0%
2026-01-30 06:02:05 | INFO     | [lf.flight.extracted] SM981 on 24FEB: BKG=0, LF=0.0%
2026-01-30 06:02:08 | INFO     | [lf.flight.extracted] SM959 on 24FEB: BKG=0, LF=0.0%
2026-01-30 06:02:09 | INFO     | [SUCCESS] Day 24FEB
2026-01-30 06:02:09 | INFO     | [DAY_START] Processing 23FEB
2026-01-30 06:02:09 | INFO     | [lf.day.start] Processing LXR-JED for 23FEB
2026-01-30 06:02:11 | INFO     | [lf.day.flights_found] Found 2 flights on 23FEB
2026-01-30 06:02:12 | INFO     | [lf.flight.extracted] SM981 on 23FEB: BKG=0, LF=0.0%
2026-01-30 06:02:16 | INFO     | [lf.flight.extracted] SM481 on 23FEB: BKG=0, LF=0.0%
2026-01-30 06:02:17 | INFO     | [SUCCESS] Day 23FEB
2026-01-30 06:02:17 | INFO     | [DAY_START] Processing 22FEB
2026-01-30 06:02:17 | INFO     | [lf.day.start] Processing LXR-JED for 22FEB
2026-01-30 06:02:18 | WARNING  | [lf.day.no_flights] No direct flights on 22FEB
2026-01-30 06:02:18 | INFO     | [SUCCESS] Day 22FEB
2026-01-30 06:02:18 | INFO     | [DAY_START] Processing 21FEB
2026-01-30 06:02:18 | INFO     | [lf.day.start] Processing LXR-JED for 21FEB
2026-01-30 06:02:19 | WARNING  | [lf.day.no_flights] No direct flights on 21FEB
2026-01-30 06:02:19 | INFO     | [SUCCESS] Day 21FEB
2026-01-30 06:02:19 | INFO     | [DAY_START] Processing 20FEB
2026-01-30 06:02:19 | INFO     | [lf.day.start] Processing LXR-JED for 20FEB
2026-01-30 06:02:20 | WARNING  | [lf.day.no_flights] No direct flights on 20FEB
2026-01-30 06:02:20 | INFO     | [SUCCESS] Day 20FEB
2026-01-30 06:02:20 | INFO     | [DAY_START] Processing 19FEB
2026-01-30 06:02:20 | INFO     | [lf.day.start] Processing LXR-JED for 19FEB
2026-01-30 06:02:21 | WARNING  | [lf.day.no_flights] No direct flights on 19FEB
2026-01-30 06:02:21 | INFO     | [SUCCESS] Day 19FEB
2026-01-30 06:02:21 | INFO     | [SUCCESS] LF Search Complete
2026-01-30 06:02:21 | INFO     | [Worker_9225] Completed: LXR-JED - 10 results, 0 errors
2026-01-30 06:02:21 | INFO     | [Worker_9225] Processing: ATZ-DMM
2026-01-30 06:02:21 | INFO     |   Tier 0: Range 1, Chunk 1/3 (10 days)
