2026-01-30 05:17:33 | INFO     | ======================================================================
2026-01-30 05:17:33 | INFO     | Load Factor Scraper Started - Route: LXR-JED
2026-01-30 05:17:33 | INFO     | Log file: D:\CODERED\LAB\Artifacts\outputs\run_generated_300126_at_05.16\logs\LF_LXR-JED_20260130_051733.log
2026-01-30 05:17:33 | INFO     | Enhanced logging: Capturing both logging.info() and print()
2026-01-30 05:17:33 | INFO     | ======================================================================
2026-01-30 05:17:33 | INFO     | Starting LF search for route: LXR-JED
2026-01-30 05:17:33 | INFO     | [START] LF Search
2026-01-30 05:17:34 | INFO     | [HEALTH CHECK] [OK] Chrome connection is healthy
2026-01-30 05:17:34 | INFO     | [DAY_START] Processing 30MAY
2026-01-30 05:17:34 | INFO     | [lf.day.start] Processing LXR-JED for 30MAY
2026-01-30 05:17:35 | WARNING  | [lf.day.no_flights] No direct flights on 30MAY
2026-01-30 05:17:35 | INFO     | [SUCCESS] Day 30MAY
2026-01-30 05:17:35 | INFO     | [DAY_START] Processing 29MAY
2026-01-30 05:17:35 | INFO     | [lf.day.start] Processing LXR-JED for 29MAY
2026-01-30 05:17:36 | WARNING  | [lf.day.no_flights] No direct flights on 29MAY
2026-01-30 05:17:36 | INFO     | [SUCCESS] Day 29MAY
2026-01-30 05:17:36 | INFO     | [DAY_START] Processing 28MAY
2026-01-30 05:17:36 | INFO     | [lf.day.start] Processing LXR-JED for 28MAY
2026-01-30 05:17:37 | WARNING  | [lf.day.no_flights] No direct flights on 28MAY
2026-01-30 05:17:37 | INFO     | [SUCCESS] Day 28MAY
2026-01-30 05:17:37 | INFO     | [DAY_START] Processing 27MAY
2026-01-30 05:17:37 | INFO     | [lf.day.start] Processing LXR-JED for 27MAY
2026-01-30 05:17:38 | WARNING  | [lf.day.no_flights] No direct flights on 27MAY
2026-01-30 05:17:38 | INFO     | [SUCCESS] Day 27MAY
2026-01-30 05:17:38 | INFO     | [DAY_START] Processing 26MAY
2026-01-30 05:17:38 | INFO     | [lf.day.start] Processing LXR-JED for 26MAY
2026-01-30 05:17:39 | WARNING  | [lf.day.no_flights] No direct flights on 26MAY
2026-01-30 05:17:39 | INFO     | [SUCCESS] Day 26MAY
2026-01-30 05:17:39 | INFO     | [DAY_START] Processing 25MAY
2026-01-30 05:17:39 | INFO     | [lf.day.start] Processing LXR-JED for 25MAY
2026-01-30 05:17:40 | WARNING  | [lf.day.no_flights] No direct flights on 25MAY
2026-01-30 05:17:40 | INFO     | [SUCCESS] Day 25MAY
2026-01-30 05:17:40 | INFO     | [DAY_START] Processing 24MAY
2026-01-30 05:17:40 | INFO     | [lf.day.start] Processing LXR-JED for 24MAY
2026-01-30 05:17:41 | WARNING  | [lf.day.no_flights] No direct flights on 24MAY
2026-01-30 05:17:41 | INFO     | [SUCCESS] Day 24MAY
2026-01-30 05:17:41 | INFO     | [DAY_START] Processing 23MAY
2026-01-30 05:17:41 | INFO     | [lf.day.start] Processing LXR-JED for 23MAY
2026-01-30 05:17:42 | WARNING  | [lf.day.no_flights] No direct flights on 23MAY
2026-01-30 05:17:42 | INFO     | [SUCCESS] Day 23MAY
2026-01-30 05:17:42 | INFO     | [SUCCESS] LF Search Complete
2026-01-30 05:17:42 | INFO     | [Worker_9233] Completed: LXR-JED - 8 results, 0 errors
2026-01-30 05:17:42 | INFO     | [Worker_9233] Processing: ATZ-DMM
2026-01-30 05:17:42 | INFO     |   Tier 0: Range 4, Chunk 1/4 (8 days)
