2026-01-30 05:21:53 | INFO     | ======================================================================
2026-01-30 05:21:53 | INFO     | Load Factor Scraper Started - Route: LXR-JED
2026-01-30 05:21:53 | INFO     | Log file: D:\CODERED\LAB\Artifacts\outputs\run_generated_300126_at_05.16\logs\LF_LXR-JED_20260130_052153.log
2026-01-30 05:21:53 | INFO     | Enhanced logging: Capturing both logging.info() and print()
2026-01-30 05:21:53 | INFO     | ======================================================================
2026-01-30 05:21:53 | INFO     | Starting LF search for route: LXR-JED
2026-01-30 05:21:53 | INFO     | [START] LF Search
2026-01-30 05:21:54 | INFO     | [HEALTH CHECK] [OK] Chrome connection is healthy
2026-01-30 05:21:54 | INFO     | [DAY_START] Processing 14MAY
2026-01-30 05:21:54 | INFO     | [lf.day.start] Processing LXR-JED for 14MAY
2026-01-30 05:21:55 | WARNING  | [lf.day.no_flights] No direct flights on 14MAY
2026-01-30 05:21:55 | INFO     | [SUCCESS] Day 14MAY
2026-01-30 05:21:55 | INFO     | [DAY_START] Processing 13MAY
2026-01-30 05:21:55 | INFO     | [lf.day.start] Processing LXR-JED for 13MAY
2026-01-30 05:21:56 | WARNING  | [lf.day.no_flights] No direct flights on 13MAY
2026-01-30 05:21:56 | INFO     | [SUCCESS] Day 13MAY
2026-01-30 05:21:56 | INFO     | [DAY_START] Processing 12MAY
2026-01-30 05:21:56 | INFO     | [lf.day.start] Processing LXR-JED for 12MAY
2026-01-30 05:21:57 | WARNING  | [lf.day.no_flights] No direct flights on 12MAY
2026-01-30 05:21:57 | INFO     | [SUCCESS] Day 12MAY
2026-01-30 05:21:57 | INFO     | [DAY_START] Processing 11MAY
2026-01-30 05:21:57 | INFO     | [lf.day.start] Processing LXR-JED for 11MAY
2026-01-30 05:21:58 | WARNING  | [lf.day.no_flights] No direct flights on 11MAY
2026-01-30 05:21:58 | INFO     | [SUCCESS] Day 11MAY
2026-01-30 05:21:58 | INFO     | [DAY_START] Processing 10MAY
2026-01-30 05:21:58 | INFO     | [lf.day.start] Processing LXR-JED for 10MAY
2026-01-30 05:21:59 | WARNING  | [lf.day.no_flights] No direct flights on 10MAY
2026-01-30 05:21:59 | INFO     | [SUCCESS] Day 10MAY
2026-01-30 05:21:59 | INFO     | [DAY_START] Processing 09MAY
2026-01-30 05:21:59 | INFO     | [lf.day.start] Processing LXR-JED for 09MAY
2026-01-30 05:22:00 | WARNING  | [lf.day.no_flights] No direct flights on 09MAY
2026-01-30 05:22:00 | INFO     | [SUCCESS] Day 09MAY
2026-01-30 05:22:00 | INFO     | [DAY_START] Processing 08MAY
2026-01-30 05:22:00 | INFO     | [lf.day.start] Processing LXR-JED for 08MAY
2026-01-30 05:22:01 | WARNING  | [lf.day.no_flights] No direct flights on 08MAY
2026-01-30 05:22:01 | INFO     | [SUCCESS] Day 08MAY
2026-01-30 05:22:01 | INFO     | [DAY_START] Processing 07MAY
2026-01-30 05:22:01 | INFO     | [lf.day.start] Processing LXR-JED for 07MAY
2026-01-30 05:22:03 | WARNING  | [lf.day.no_flights] No direct flights on 07MAY
2026-01-30 05:22:03 | INFO     | [SUCCESS] Day 07MAY
2026-01-30 05:22:03 | INFO     | [SUCCESS] LF Search Complete
2026-01-30 05:22:03 | INFO     | [Worker_9224] Completed: LXR-JED - 8 results, 0 errors
2026-01-30 05:22:03 | INFO     | [Worker_9224] Processing: CAI-DMM
2026-01-30 05:22:03 | INFO     |   Tier 0: Range 4, Chunk 3/4 (8 days)
