2026-01-30 06:08:00 | INFO     | ======================================================================
2026-01-30 06:08:00 | INFO     | Load Factor Scraper Started - Route: LXR-JED
2026-01-30 06:08:00 | INFO     | Log file: D:\CODERED\LAB\Artifacts\outputs\run_generated_300126_at_05.16\logs\LF_LXR-JED_20260130_060800.log
2026-01-30 06:08:00 | INFO     | Enhanced logging: Capturing both logging.info() and print()
2026-01-30 06:08:00 | INFO     | ======================================================================
2026-01-30 06:08:00 | INFO     | Starting LF search for route: LXR-JED
2026-01-30 06:08:00 | INFO     | [START] LF Search
2026-01-30 06:08:00 | INFO     | [HEALTH CHECK] [OK] Chrome connection is healthy
2026-01-30 06:08:00 | INFO     | [DAY_START] Processing 18FEB
2026-01-30 06:08:00 | INFO     | [lf.day.start] Processing LXR-JED for 18FEB
2026-01-30 06:08:01 | WARNING  | [lf.day.no_flights] No direct flights on 18FEB
2026-01-30 06:08:01 | INFO     | [SUCCESS] Day 18FEB
2026-01-30 06:08:01 | INFO     | [DAY_START] Processing 17FEB
2026-01-30 06:08:01 | INFO     | [lf.day.start] Processing LXR-JED for 17FEB
2026-01-30 06:08:03 | INFO     | [lf.day.flights_found] Found 4 flights on 17FEB
2026-01-30 06:08:04 | INFO     | [lf.flight.extracted] SM429 on 17FEB: BKG=0, LF=0.0%
2026-01-30 06:08:08 | INFO     | [lf.flight.extracted] SM483 on 17FEB: BKG=0, LF=0.0%
2026-01-30 06:08:11 | INFO     | [lf.flight.extracted] SM981 on 17FEB: BKG=0, LF=0.0%
2026-01-30 06:08:14 | INFO     | [lf.flight.extracted] SM983 on 17FEB: BKG=0, LF=0.0%
2026-01-30 06:08:15 | INFO     | [SUCCESS] Day 17FEB
2026-01-30 06:08:15 | INFO     | [DAY_START] Processing 16FEB
2026-01-30 06:08:15 | INFO     | [lf.day.start] Processing LXR-JED for 16FEB
2026-01-30 06:08:16 | INFO     | [lf.day.flights_found] Found 1 flights on 16FEB
2026-01-30 06:08:18 | INFO     | [lf.flight.extracted] SM481 on 16FEB: BKG=0, LF=0.0%
2026-01-30 06:08:19 | INFO     | [SUCCESS] Day 16FEB
2026-01-30 06:08:19 | INFO     | [DAY_START] Processing 15FEB
2026-01-30 06:08:19 | INFO     | [lf.day.start] Processing LXR-JED for 15FEB
2026-01-30 06:08:21 | WARNING  | [lf.day.no_flights] No direct flights on 15FEB
2026-01-30 06:08:21 | INFO     | [SUCCESS] Day 15FEB
2026-01-30 06:08:21 | INFO     | [DAY_START] Processing 14FEB
2026-01-30 06:08:21 | INFO     | [lf.day.start] Processing LXR-JED for 14FEB
2026-01-30 06:08:22 | WARNING  | [lf.day.no_flights] No direct flights on 14FEB
2026-01-30 06:08:22 | INFO     | [SUCCESS] Day 14FEB
2026-01-30 06:08:22 | INFO     | [DAY_START] Processing 13FEB
2026-01-30 06:08:22 | INFO     | [lf.day.start] Processing LXR-JED for 13FEB
2026-01-30 06:08:23 | WARNING  | [lf.day.no_flights] No direct flights on 13FEB
2026-01-30 06:08:23 | INFO     | [SUCCESS] Day 13FEB
2026-01-30 06:08:23 | INFO     | [DAY_START] Processing 12FEB
2026-01-30 06:08:23 | INFO     | [lf.day.start] Processing LXR-JED for 12FEB
2026-01-30 06:08:24 | WARNING  | [lf.day.no_flights] No direct flights on 12FEB
2026-01-30 06:08:24 | INFO     | [SUCCESS] Day 12FEB
2026-01-30 06:08:24 | INFO     | [DAY_START] Processing 11FEB
2026-01-30 06:08:24 | INFO     | [lf.day.start] Processing LXR-JED for 11FEB
2026-01-30 06:08:25 | INFO     | [lf.day.flights_found] Found 1 flights on 11FEB
2026-01-30 06:08:27 | INFO     | [lf.flight.extracted] SM961 on 11FEB: BKG=180, LF=102.3%
2026-01-30 06:08:30 | INFO     | [SUCCESS] Day 11FEB
2026-01-30 06:08:30 | INFO     | [DAY_START] Processing 10FEB
2026-01-30 06:08:30 | INFO     | [lf.day.start] Processing LXR-JED for 10FEB
2026-01-30 06:08:31 | INFO     | [lf.day.flights_found] Found 4 flights on 10FEB
2026-01-30 06:08:33 | INFO     | [lf.flight.extracted] SM429 on 10FEB: BKG=180, LF=102.3%
2026-01-30 06:08:36 | INFO     | [lf.flight.extracted] SM483 on 10FEB: BKG=180, LF=102.3%
2026-01-30 06:08:39 | INFO     | [lf.flight.extracted] SM981 on 10FEB: BKG=180, LF=100.6%
2026-01-30 06:08:42 | INFO     | [lf.flight.extracted] SM959 on 10FEB: BKG=180, LF=102.3%
2026-01-30 06:08:46 | ERROR    | Atomic write failed for D:\CODERED\LAB\Artifacts\outputs\run_generated_300126_at_05.16\checkpoints\flight_booking_data.json: [WinError 5] Access is denied: 'D:\\CODERED\\LAB\\Artifacts\\outputs\\run_generated_300126_at_05.16\\checkpoints\\flight_booking_data.tmp_b2e09b63' -> 'D:\\CODERED\\LAB\\Artifacts\\outputs\\run_generated_300126_at_05.16\\checkpoints\\flight_booking_data.json'
2026-01-30 06:08:49 | INFO     | [SUCCESS] Day 10FEB
2026-01-30 06:08:49 | INFO     | [DAY_START] Processing 09FEB
2026-01-30 06:08:49 | INFO     | [lf.day.start] Processing LXR-JED for 09FEB
2026-01-30 06:08:50 | INFO     | [lf.day.flights_found] Found 2 flights on 09FEB
2026-01-30 06:08:52 | INFO     | [lf.flight.extracted] SM973 on 09FEB: BKG=180, LF=100.6%
2026-01-30 06:08:55 | INFO     | [lf.flight.extracted] SM481 on 09FEB: BKG=180, LF=102.3%
2026-01-30 06:08:59 | INFO     | [SUCCESS] Day 09FEB
2026-01-30 06:08:59 | INFO     | [SUCCESS] LF Search Complete
2026-01-30 06:08:59 | INFO     | [Worker_9225] Completed: LXR-JED - 10 results, 0 errors
2026-01-30 06:08:59 | INFO     | [Worker_9225] Processing: CAI-TUU
2026-01-30 06:08:59 | INFO     |   Tier 0: Range 1, Chunk 2/3 (10 days)
