2026-01-30 05:20:31 | INFO     | ======================================================================
2026-01-30 05:20:31 | INFO     | Load Factor Scraper Started - Route: MED-HBE
2026-01-30 05:20:31 | INFO     | Log file: D:\CODERED\LAB\Artifacts\outputs\run_generated_300126_at_05.16\logs\LF_MED-HBE_20260130_052031.log
2026-01-30 05:20:31 | INFO     | Enhanced logging: Capturing both logging.info() and print()
2026-01-30 05:20:31 | INFO     | ======================================================================
2026-01-30 05:20:31 | INFO     | Starting LF search for route: MED-HBE
2026-01-30 05:20:31 | INFO     | [START] LF Search
2026-01-30 05:20:32 | INFO     | [HEALTH CHECK] [OK] Chrome connection is healthy
2026-01-30 05:20:32 | INFO     | [DAY_START] Processing 14MAY
2026-01-30 05:20:32 | INFO     | [lf.day.start] Processing MED-HBE for 14MAY
2026-01-30 05:20:33 | INFO     | [lf.day.flights_found] Found 1 flights on 14MAY
2026-01-30 05:20:35 | INFO     | [lf.flight.extracted] SM486 on 14MAY: BKG=1, LF=0.6%
2026-01-30 05:20:38 | INFO     | [SUCCESS] Day 14MAY
2026-01-30 05:20:38 | INFO     | [DAY_START] Processing 13MAY
2026-01-30 05:20:38 | INFO     | [lf.day.start] Processing MED-HBE for 13MAY
2026-01-30 05:20:39 | WARNING  | [lf.day.no_flights] No direct flights on 13MAY
2026-01-30 05:20:39 | INFO     | [SUCCESS] Day 13MAY
2026-01-30 05:20:39 | INFO     | [DAY_START] Processing 12MAY
2026-01-30 05:20:39 | INFO     | [lf.day.start] Processing MED-HBE for 12MAY
2026-01-30 05:20:40 | WARNING  | [lf.day.no_flights] No direct flights on 12MAY
2026-01-30 05:20:40 | INFO     | [SUCCESS] Day 12MAY
2026-01-30 05:20:40 | INFO     | [DAY_START] Processing 11MAY
2026-01-30 05:20:40 | INFO     | [lf.day.start] Processing MED-HBE for 11MAY
2026-01-30 05:20:41 | WARNING  | [lf.day.no_flights] No direct flights on 11MAY
2026-01-30 05:20:41 | INFO     | [SUCCESS] Day 11MAY
2026-01-30 05:20:41 | INFO     | [DAY_START] Processing 10MAY
2026-01-30 05:20:41 | INFO     | [lf.day.start] Processing MED-HBE for 10MAY
2026-01-30 05:20:42 | INFO     | [lf.day.flights_found] Found 1 flights on 10MAY
2026-01-30 05:20:44 | INFO     | [lf.flight.extracted] SM486 on 10MAY: BKG=1, LF=0.6%
2026-01-30 05:20:46 | INFO     | [SUCCESS] Day 10MAY
2026-01-30 05:20:46 | INFO     | [DAY_START] Processing 09MAY
2026-01-30 05:20:46 | INFO     | [lf.day.start] Processing MED-HBE for 09MAY
2026-01-30 05:20:47 | WARNING  | [lf.day.no_flights] No direct flights on 09MAY
2026-01-30 05:20:47 | INFO     | [SUCCESS] Day 09MAY
2026-01-30 05:20:47 | INFO     | [DAY_START] Processing 08MAY
2026-01-30 05:20:47 | INFO     | [lf.day.start] Processing MED-HBE for 08MAY
2026-01-30 05:20:49 | WARNING  | [lf.day.no_flights] No direct flights on 08MAY
2026-01-30 05:20:49 | INFO     | [SUCCESS] Day 08MAY
2026-01-30 05:20:49 | INFO     | [DAY_START] Processing 07MAY
2026-01-30 05:20:49 | INFO     | [lf.day.start] Processing MED-HBE for 07MAY
2026-01-30 05:20:50 | INFO     | [lf.day.flights_found] Found 1 flights on 07MAY
2026-01-30 05:20:51 | INFO     | [lf.flight.extracted] SM486 on 07MAY: BKG=1, LF=0.6%
2026-01-30 05:20:54 | INFO     | [SUCCESS] Day 07MAY
2026-01-30 05:20:54 | INFO     | [SUCCESS] LF Search Complete
2026-01-30 05:20:54 | INFO     | [Worker_9234] Completed: MED-HBE - 8 results, 0 errors
2026-01-30 05:20:54 | INFO     | [Worker_9234] Processing: RUH-CAI
2026-01-30 05:20:54 | INFO     |   Tier 0: Range 4, Chunk 3/4 (8 days)
