2026-01-30 05:27:29 | INFO     | ======================================================================
2026-01-30 05:27:29 | INFO     | Load Factor Scraper Started - Route: MED-CAI
2026-01-30 05:27:29 | INFO     | Log file: D:\CODERED\LAB\Artifacts\outputs\run_generated_300126_at_05.16\logs\LF_MED-CAI_20260130_052729.log
2026-01-30 05:27:29 | INFO     | Enhanced logging: Capturing both logging.info() and print()
2026-01-30 05:27:29 | INFO     | ======================================================================
2026-01-30 05:27:29 | INFO     | Starting LF search for route: MED-CAI
2026-01-30 05:27:29 | INFO     | [START] LF Search
2026-01-30 05:27:30 | INFO     | [HEALTH CHECK] [OK] Chrome connection is healthy
2026-01-30 05:27:30 | INFO     | [DAY_START] Processing 19APR
2026-01-30 05:27:30 | INFO     | [lf.day.start] Processing MED-CAI for 19APR
2026-01-30 05:27:31 | WARNING  | [lf.day.no_flights] No direct flights on 19APR
2026-01-30 05:27:31 | INFO     | [SUCCESS] Day 19APR
2026-01-30 05:27:31 | INFO     | [DAY_START] Processing 18APR
2026-01-30 05:27:31 | INFO     | [lf.day.start] Processing MED-CAI for 18APR
2026-01-30 05:27:32 | WARNING  | [lf.day.no_flights] No direct flights on 18APR
2026-01-30 05:27:32 | INFO     | [SUCCESS] Day 18APR
2026-01-30 05:27:32 | INFO     | [DAY_START] Processing 17APR
2026-01-30 05:27:32 | INFO     | [lf.day.start] Processing MED-CAI for 17APR
2026-01-30 05:27:33 | WARNING  | [lf.day.no_flights] No direct flights on 17APR
2026-01-30 05:27:33 | INFO     | [SUCCESS] Day 17APR
2026-01-30 05:27:33 | INFO     | [DAY_START] Processing 16APR
2026-01-30 05:27:33 | INFO     | [lf.day.start] Processing MED-CAI for 16APR
2026-01-30 05:27:34 | INFO     | [lf.day.flights_found] Found 1 flights on 16APR
2026-01-30 05:27:36 | INFO     | [lf.flight.extracted] SM494 on 16APR: BKG=3, LF=1.7%
2026-01-30 05:27:39 | INFO     | [SUCCESS] Day 16APR
2026-01-30 05:27:39 | INFO     | [DAY_START] Processing 15APR
2026-01-30 05:27:39 | INFO     | [lf.day.start] Processing MED-CAI for 15APR
2026-01-30 05:27:40 | INFO     | [lf.day.flights_found] Found 1 flights on 15APR
2026-01-30 05:27:42 | INFO     | [lf.flight.extracted] SM494 on 15APR: BKG=5, LF=2.9%
2026-01-30 05:27:44 | INFO     | [SUCCESS] Day 15APR
2026-01-30 05:27:44 | INFO     | [DAY_START] Processing 14APR
2026-01-30 05:27:44 | INFO     | [lf.day.start] Processing MED-CAI for 14APR
2026-01-30 05:27:45 | INFO     | [lf.day.flights_found] Found 1 flights on 14APR
2026-01-30 05:27:47 | INFO     | [lf.flight.extracted] SM494 on 14APR: BKG=2, LF=1.1%
2026-01-30 05:27:49 | INFO     | [SUCCESS] Day 14APR
2026-01-30 05:27:49 | INFO     | [DAY_START] Processing 13APR
2026-01-30 05:27:49 | INFO     | [lf.day.start] Processing MED-CAI for 13APR
2026-01-30 05:27:51 | INFO     | [lf.day.flights_found] Found 1 flights on 13APR
2026-01-30 05:27:52 | INFO     | [lf.flight.extracted] SM494 on 13APR: BKG=1, LF=0.6%
2026-01-30 05:27:55 | INFO     | [SUCCESS] Day 13APR
2026-01-30 05:27:55 | INFO     | [DAY_START] Processing 12APR
2026-01-30 05:27:55 | INFO     | [lf.day.start] Processing MED-CAI for 12APR
2026-01-30 05:27:56 | WARNING  | [lf.day.no_flights] No direct flights on 12APR
2026-01-30 05:27:56 | INFO     | [SUCCESS] Day 12APR
2026-01-30 05:27:56 | INFO     | [DAY_START] Processing 11APR
2026-01-30 05:27:56 | INFO     | [lf.day.start] Processing MED-CAI for 11APR
2026-01-30 05:27:57 | WARNING  | [lf.day.no_flights] No direct flights on 11APR
2026-01-30 05:27:57 | INFO     | [SUCCESS] Day 11APR
2026-01-30 05:27:57 | INFO     | [DAY_START] Processing 10APR
2026-01-30 05:27:57 | INFO     | [lf.day.start] Processing MED-CAI for 10APR
2026-01-30 05:27:58 | WARNING  | [lf.day.no_flights] No direct flights on 10APR
2026-01-30 05:27:58 | INFO     | [SUCCESS] Day 10APR
2026-01-30 05:27:58 | INFO     | [SUCCESS] LF Search Complete
2026-01-30 05:27:58 | INFO     | [Worker_9234] Completed: MED-CAI - 10 results, 0 errors
2026-01-30 05:27:58 | INFO     | [Worker_9234] Processing: JED-LXR
2026-01-30 05:27:58 | INFO     |   Tier 0: Range 3, Chunk 2/3 (10 days)
