2026-01-30 05:45:53 | INFO     | ======================================================================
2026-01-30 05:45:53 | INFO     | Load Factor Scraper Started - Route: MED-HBE
2026-01-30 05:45:53 | INFO     | Log file: D:\CODERED\LAB\Artifacts\outputs\run_generated_300126_at_05.16\logs\LF_MED-HBE_20260130_054553.log
2026-01-30 05:45:53 | INFO     | Enhanced logging: Capturing both logging.info() and print()
2026-01-30 05:45:53 | INFO     | ======================================================================
2026-01-30 05:45:53 | INFO     | Starting LF search for route: MED-HBE
2026-01-30 05:45:53 | INFO     | [START] LF Search
2026-01-30 05:45:54 | INFO     | [HEALTH CHECK] [OK] Chrome connection is healthy
2026-01-30 05:45:55 | INFO     | [DAY_START] Processing 20MAR
2026-01-30 05:45:55 | INFO     | [lf.day.start] Processing MED-HBE for 20MAR
2026-01-30 05:45:57 | WARNING  | [lf.day.no_flights] No direct flights on 20MAR
2026-01-30 05:45:57 | INFO     | [SUCCESS] Day 20MAR
2026-01-30 05:45:57 | INFO     | [DAY_START] Processing 19MAR
2026-01-30 05:45:57 | INFO     | [lf.day.start] Processing MED-HBE for 19MAR
2026-01-30 05:46:00 | INFO     | [lf.day.flights_found] Found 1 flights on 19MAR
2026-01-30 05:46:05 | INFO     | [lf.flight.extracted] SM486 on 19MAR: BKG=34, LF=19.4%
2026-01-30 05:46:14 | INFO     | [SUCCESS] Day 19MAR
2026-01-30 05:46:14 | INFO     | [DAY_START] Processing 18MAR
2026-01-30 05:46:14 | INFO     | [lf.day.start] Processing MED-HBE for 18MAR
2026-01-30 05:46:17 | INFO     | [lf.day.flights_found] Found 1 flights on 18MAR
2026-01-30 05:46:23 | INFO     | [lf.flight.extracted] SM486 on 18MAR: BKG=29, LF=17.4%
2026-01-30 05:46:31 | INFO     | [SUCCESS] Day 18MAR
2026-01-30 05:46:31 | INFO     | [DAY_START] Processing 17MAR
2026-01-30 05:46:31 | INFO     | [lf.day.start] Processing MED-HBE for 17MAR
2026-01-30 05:46:35 | INFO     | [lf.day.flights_found] Found 1 flights on 17MAR
2026-01-30 05:46:39 | INFO     | [lf.flight.extracted] SM486 on 17MAR: BKG=14, LF=8.4%
2026-01-30 05:46:58 | INFO     | [SUCCESS] Day 17MAR
2026-01-30 05:46:58 | INFO     | [DAY_START] Processing 16MAR
2026-01-30 05:46:58 | INFO     | [lf.day.start] Processing MED-HBE for 16MAR
2026-01-30 05:47:04 | WARNING  | [lf.day.no_flights] No direct flights on 16MAR
2026-01-30 05:47:04 | INFO     | [SUCCESS] Day 16MAR
2026-01-30 05:47:04 | INFO     | [DAY_START] Processing 15MAR
2026-01-30 05:47:04 | INFO     | [lf.day.start] Processing MED-HBE for 15MAR
2026-01-30 05:47:07 | INFO     | [lf.day.flights_found] Found 1 flights on 15MAR
2026-01-30 05:47:11 | INFO     | [lf.flight.extracted] SM486 on 15MAR: BKG=11, LF=6.3%
2026-01-30 05:47:18 | INFO     | [SUCCESS] Day 15MAR
2026-01-30 05:47:18 | INFO     | [DAY_START] Processing 14MAR
2026-01-30 05:47:18 | INFO     | [lf.day.start] Processing MED-HBE for 14MAR
2026-01-30 05:47:22 | WARNING  | [lf.day.no_flights] No direct flights on 14MAR
2026-01-30 05:47:22 | INFO     | [SUCCESS] Day 14MAR
2026-01-30 05:47:22 | INFO     | [DAY_START] Processing 13MAR
2026-01-30 05:47:22 | INFO     | [lf.day.start] Processing MED-HBE for 13MAR
2026-01-30 05:47:28 | WARNING  | [lf.day.no_flights] No direct flights on 13MAR
2026-01-30 05:47:28 | INFO     | [SUCCESS] Day 13MAR
2026-01-30 05:47:28 | INFO     | [DAY_START] Processing 12MAR
2026-01-30 05:47:28 | INFO     | [lf.day.start] Processing MED-HBE for 12MAR
2026-01-30 05:47:30 | INFO     | [lf.day.flights_found] Found 1 flights on 12MAR
2026-01-30 05:47:35 | INFO     | [lf.flight.extracted] SM486 on 12MAR: BKG=142, LF=81.1%
2026-01-30 05:47:46 | INFO     | [SUCCESS] Day 12MAR
2026-01-30 05:47:46 | INFO     | [DAY_START] Processing 11MAR
2026-01-30 05:47:46 | INFO     | [lf.day.start] Processing MED-HBE for 11MAR
2026-01-30 05:47:50 | INFO     | [lf.day.flights_found] Found 1 flights on 11MAR
2026-01-30 05:47:53 | INFO     | [lf.flight.extracted] SM486 on 11MAR: BKG=24, LF=13.7%
2026-01-30 05:48:02 | INFO     | [SUCCESS] Day 11MAR
2026-01-30 05:48:02 | INFO     | [SUCCESS] LF Search Complete
2026-01-30 05:48:02 | INFO     | [Worker_9233] Completed: MED-HBE - 10 results, 0 errors
2026-01-30 05:48:02 | INFO     | [Worker_9233] Processing: TUU-CAI
2026-01-30 05:48:02 | INFO     |   Tier 0: Range 2, Chunk 2/3 (10 days)
