2026-01-30 06:03:48 | INFO     | ======================================================================
2026-01-30 06:03:48 | INFO     | Load Factor Scraper Started - Route: MED-HBE
2026-01-30 06:03:48 | INFO     | Log file: D:\CODERED\LAB\Artifacts\outputs\run_generated_300126_at_05.16\logs\LF_MED-HBE_20260130_060348.log
2026-01-30 06:03:48 | INFO     | Enhanced logging: Capturing both logging.info() and print()
2026-01-30 06:03:48 | INFO     | ======================================================================
2026-01-30 06:03:48 | INFO     | Starting LF search for route: MED-HBE
2026-01-30 06:03:48 | INFO     | [START] LF Search
2026-01-30 06:03:49 | INFO     | [HEALTH CHECK] [OK] Chrome connection is healthy
2026-01-30 06:03:49 | INFO     | [DAY_START] Processing 18FEB
2026-01-30 06:03:49 | INFO     | [lf.day.start] Processing MED-HBE for 18FEB
2026-01-30 06:03:50 | INFO     | [lf.day.flights_found] Found 1 flights on 18FEB
2026-01-30 06:03:52 | INFO     | [lf.flight.extracted] SM486 on 18FEB: BKG=3, LF=1.7%
2026-01-30 06:03:55 | INFO     | [SUCCESS] Day 18FEB
2026-01-30 06:03:55 | INFO     | [DAY_START] Processing 17FEB
2026-01-30 06:03:55 | INFO     | [lf.day.start] Processing MED-HBE for 17FEB
2026-01-30 06:03:56 | INFO     | [lf.day.flights_found] Found 1 flights on 17FEB
2026-01-30 06:03:58 | INFO     | [lf.flight.extracted] SM486 on 17FEB: BKG=27, LF=15.4%
2026-01-30 06:04:01 | INFO     | [SUCCESS] Day 17FEB
2026-01-30 06:04:01 | INFO     | [DAY_START] Processing 16FEB
2026-01-30 06:04:01 | INFO     | [lf.day.start] Processing MED-HBE for 16FEB
2026-01-30 06:04:02 | WARNING  | [lf.day.no_flights] No direct flights on 16FEB
2026-01-30 06:04:02 | INFO     | [SUCCESS] Day 16FEB
2026-01-30 06:04:02 | INFO     | [DAY_START] Processing 15FEB
2026-01-30 06:04:02 | INFO     | [lf.day.start] Processing MED-HBE for 15FEB
2026-01-30 06:04:04 | INFO     | [lf.day.flights_found] Found 1 flights on 15FEB
2026-01-30 06:04:06 | INFO     | [lf.flight.extracted] SM486 on 15FEB: BKG=72, LF=41.1%
2026-01-30 06:04:11 | INFO     | [SUCCESS] Day 15FEB
2026-01-30 06:04:11 | INFO     | [DAY_START] Processing 14FEB
2026-01-30 06:04:11 | INFO     | [lf.day.start] Processing MED-HBE for 14FEB
2026-01-30 06:04:12 | WARNING  | [lf.day.no_flights] No direct flights on 14FEB
2026-01-30 06:04:12 | INFO     | [SUCCESS] Day 14FEB
2026-01-30 06:04:12 | INFO     | [DAY_START] Processing 13FEB
2026-01-30 06:04:12 | INFO     | [lf.day.start] Processing MED-HBE for 13FEB
2026-01-30 06:04:14 | INFO     | [lf.day.flights_found] Found 1 flights on 13FEB
2026-01-30 06:04:16 | INFO     | [lf.flight.extracted] SM974 on 13FEB: BKG=109, LF=65.3%
2026-01-30 06:04:21 | INFO     | [SUCCESS] Day 13FEB
2026-01-30 06:04:21 | INFO     | [DAY_START] Processing 12FEB
2026-01-30 06:04:21 | INFO     | [lf.day.start] Processing MED-HBE for 12FEB
2026-01-30 06:04:22 | INFO     | [lf.day.flights_found] Found 1 flights on 12FEB
2026-01-30 06:04:24 | INFO     | [lf.flight.extracted] SM486 on 12FEB: BKG=172, LF=98.3%
2026-01-30 06:04:30 | INFO     | [SUCCESS] Day 12FEB
2026-01-30 06:04:30 | INFO     | [DAY_START] Processing 11FEB
2026-01-30 06:04:30 | INFO     | [lf.day.start] Processing MED-HBE for 11FEB
2026-01-30 06:04:31 | INFO     | [lf.day.flights_found] Found 1 flights on 11FEB
2026-01-30 06:04:33 | INFO     | [lf.flight.extracted] SM486 on 11FEB: BKG=158, LF=90.3%
2026-01-30 06:04:38 | ERROR    | Atomic write failed for D:\CODERED\LAB\Artifacts\outputs\run_generated_300126_at_05.16\checkpoints\flight_booking_data.json: [WinError 5] Access is denied: 'D:\\CODERED\\LAB\\Artifacts\\outputs\\run_generated_300126_at_05.16\\checkpoints\\flight_booking_data.tmp_ced241f0' -> 'D:\\CODERED\\LAB\\Artifacts\\outputs\\run_generated_300126_at_05.16\\checkpoints\\flight_booking_data.json'
2026-01-30 06:04:38 | INFO     | [SUCCESS] Day 11FEB
2026-01-30 06:04:38 | INFO     | [DAY_START] Processing 10FEB
2026-01-30 06:04:38 | INFO     | [lf.day.start] Processing MED-HBE for 10FEB
2026-01-30 06:04:39 | INFO     | [lf.day.flights_found] Found 1 flights on 10FEB
2026-01-30 06:04:41 | INFO     | [lf.flight.extracted] SM486 on 10FEB: BKG=173, LF=97.2%
2026-01-30 06:04:46 | INFO     | [SUCCESS] Day 10FEB
2026-01-30 06:04:46 | INFO     | [DAY_START] Processing 09FEB
2026-01-30 06:04:46 | INFO     | [lf.day.start] Processing MED-HBE for 09FEB
2026-01-30 06:04:48 | WARNING  | [lf.day.no_flights] No direct flights on 09FEB
2026-01-30 06:04:48 | INFO     | [SUCCESS] Day 09FEB
2026-01-30 06:04:48 | INFO     | [SUCCESS] LF Search Complete
2026-01-30 06:04:48 | INFO     | [Worker_9225] Completed: MED-HBE - 10 results, 0 errors
2026-01-30 06:04:48 | INFO     | [Worker_9225] Processing: RUH-CAI
2026-01-30 06:04:48 | INFO     |   Tier 0: Range 1, Chunk 2/3 (10 days)
