2026-01-30 05:58:50 | INFO     | ======================================================================
2026-01-30 05:58:50 | INFO     | Load Factor Scraper Started - Route: MED-HBE
2026-01-30 05:58:50 | INFO     | Log file: D:\CODERED\LAB\Artifacts\outputs\run_generated_300126_at_05.16\logs\LF_MED-HBE_20260130_055850.log
2026-01-30 05:58:50 | INFO     | Enhanced logging: Capturing both logging.info() and print()
2026-01-30 05:58:50 | INFO     | ======================================================================
2026-01-30 05:58:50 | INFO     | Starting LF search for route: MED-HBE
2026-01-30 05:58:50 | INFO     | [START] LF Search
2026-01-30 05:58:50 | INFO     | [HEALTH CHECK] [OK] Chrome connection is healthy
2026-01-30 05:58:50 | INFO     | [DAY_START] Processing 28FEB
2026-01-30 05:58:50 | INFO     | [lf.day.start] Processing MED-HBE for 28FEB
2026-01-30 05:58:52 | WARNING  | [lf.day.no_flights] No direct flights on 28FEB
2026-01-30 05:58:52 | INFO     | [SUCCESS] Day 28FEB
2026-01-30 05:58:52 | INFO     | [DAY_START] Processing 27FEB
2026-01-30 05:58:52 | INFO     | [lf.day.start] Processing MED-HBE for 27FEB
2026-01-30 05:58:53 | WARNING  | [lf.day.no_flights] No direct flights on 27FEB
2026-01-30 05:58:53 | INFO     | [SUCCESS] Day 27FEB
2026-01-30 05:58:53 | INFO     | [DAY_START] Processing 26FEB
2026-01-30 05:58:53 | INFO     | [lf.day.start] Processing MED-HBE for 26FEB
2026-01-30 05:58:54 | INFO     | [lf.day.flights_found] Found 1 flights on 26FEB
2026-01-30 05:58:56 | INFO     | [lf.flight.extracted] SM486 on 26FEB: BKG=172, LF=98.3%
2026-01-30 05:59:00 | INFO     | [SUCCESS] Day 26FEB
2026-01-30 05:59:00 | INFO     | [DAY_START] Processing 25FEB
2026-01-30 05:59:00 | INFO     | [lf.day.start] Processing MED-HBE for 25FEB
2026-01-30 05:59:01 | INFO     | [lf.day.flights_found] Found 1 flights on 25FEB
2026-01-30 05:59:03 | INFO     | [lf.flight.extracted] SM486 on 25FEB: BKG=173, LF=98.9%
2026-01-30 05:59:07 | INFO     | [SUCCESS] Day 25FEB
2026-01-30 05:59:07 | INFO     | [DAY_START] Processing 24FEB
2026-01-30 05:59:07 | INFO     | [lf.day.start] Processing MED-HBE for 24FEB
2026-01-30 05:59:08 | INFO     | [lf.day.flights_found] Found 1 flights on 24FEB
2026-01-30 05:59:10 | INFO     | [lf.flight.extracted] SM486 on 24FEB: BKG=147, LF=84.0%
2026-01-30 05:59:13 | INFO     | [SUCCESS] Day 24FEB
2026-01-30 05:59:13 | INFO     | [DAY_START] Processing 23FEB
2026-01-30 05:59:13 | INFO     | [lf.day.start] Processing MED-HBE for 23FEB
2026-01-30 05:59:14 | INFO     | [lf.day.flights_found] Found 1 flights on 23FEB
2026-01-30 05:59:16 | INFO     | [lf.flight.extracted] SM952 on 23FEB: BKG=133, LF=76.0%
2026-01-30 05:59:19 | INFO     | [SUCCESS] Day 23FEB
2026-01-30 05:59:19 | INFO     | [DAY_START] Processing 22FEB
2026-01-30 05:59:19 | INFO     | [lf.day.start] Processing MED-HBE for 22FEB
2026-01-30 05:59:20 | INFO     | [lf.day.flights_found] Found 2 flights on 22FEB
2026-01-30 05:59:22 | INFO     | [lf.flight.extracted] SM984 on 22FEB: BKG=4, LF=2.3%
2026-01-30 05:59:25 | INFO     | [lf.flight.extracted] SM486 on 22FEB: BKG=56, LF=32.0%
2026-01-30 05:59:29 | INFO     | [SUCCESS] Day 22FEB
2026-01-30 05:59:29 | INFO     | [DAY_START] Processing 21FEB
2026-01-30 05:59:29 | INFO     | [lf.day.start] Processing MED-HBE for 21FEB
2026-01-30 05:59:30 | WARNING  | [lf.day.no_flights] No direct flights on 21FEB
2026-01-30 05:59:30 | INFO     | [SUCCESS] Day 21FEB
2026-01-30 05:59:30 | INFO     | [DAY_START] Processing 20FEB
2026-01-30 05:59:30 | INFO     | [lf.day.start] Processing MED-HBE for 20FEB
2026-01-30 05:59:32 | WARNING  | [lf.day.no_flights] No direct flights on 20FEB
2026-01-30 05:59:32 | INFO     | [SUCCESS] Day 20FEB
2026-01-30 05:59:32 | INFO     | [DAY_START] Processing 19FEB
2026-01-30 05:59:32 | INFO     | [lf.day.start] Processing MED-HBE for 19FEB
2026-01-30 05:59:33 | INFO     | [lf.day.flights_found] Found 1 flights on 19FEB
2026-01-30 05:59:35 | INFO     | [lf.flight.extracted] SM486 on 19FEB: BKG=2, LF=1.1%
2026-01-30 05:59:37 | INFO     | [SUCCESS] Day 19FEB
2026-01-30 05:59:37 | INFO     | [SUCCESS] LF Search Complete
2026-01-30 05:59:37 | INFO     | [Worker_9233] Completed: MED-HBE - 10 results, 0 errors
2026-01-30 05:59:37 | INFO     | [Worker_9233] Processing: RUH-CAI
2026-01-30 05:59:37 | INFO     |   Tier 0: Range 1, Chunk 1/3 (10 days)
