2026-01-30 05:20:31 | INFO     | ======================================================================
2026-01-30 05:20:31 | INFO     | Load Factor Scraper Started - Route: MED-CAI
2026-01-30 05:20:31 | INFO     | Log file: D:\CODERED\LAB\Artifacts\outputs\run_generated_300126_at_05.16\logs\LF_MED-CAI_20260130_052031.log
2026-01-30 05:20:31 | INFO     | Enhanced logging: Capturing both logging.info() and print()
2026-01-30 05:20:31 | INFO     | ======================================================================
2026-01-30 05:20:31 | INFO     | Starting LF search for route: MED-CAI
2026-01-30 05:20:31 | INFO     | [START] LF Search
2026-01-30 05:20:32 | INFO     | [HEALTH CHECK] [OK] Chrome connection is healthy
2026-01-30 05:20:32 | INFO     | [DAY_START] Processing 14MAY
2026-01-30 05:20:32 | INFO     | [lf.day.start] Processing MED-CAI for 14MAY
2026-01-30 05:20:33 | INFO     | [lf.day.flights_found] Found 1 flights on 14MAY
2026-01-30 05:20:35 | INFO     | [lf.flight.extracted] SM494 on 14MAY: BKG=2, LF=1.1%
2026-01-30 05:20:37 | INFO     | [SUCCESS] Day 14MAY
2026-01-30 05:20:37 | INFO     | [DAY_START] Processing 13MAY
2026-01-30 05:20:37 | INFO     | [lf.day.start] Processing MED-CAI for 13MAY
2026-01-30 05:20:39 | INFO     | [lf.day.flights_found] Found 1 flights on 13MAY
2026-01-30 05:20:40 | INFO     | [lf.flight.extracted] SM494 on 13MAY: BKG=0, LF=0.0%
2026-01-30 05:20:42 | INFO     | [SUCCESS] Day 13MAY
2026-01-30 05:20:42 | INFO     | [DAY_START] Processing 12MAY
2026-01-30 05:20:42 | INFO     | [lf.day.start] Processing MED-CAI for 12MAY
2026-01-30 05:20:43 | INFO     | [lf.day.flights_found] Found 1 flights on 12MAY
2026-01-30 05:20:44 | INFO     | [lf.flight.extracted] SM494 on 12MAY: BKG=0, LF=0.0%
2026-01-30 05:20:46 | INFO     | [SUCCESS] Day 12MAY
2026-01-30 05:20:46 | INFO     | [DAY_START] Processing 11MAY
2026-01-30 05:20:46 | INFO     | [lf.day.start] Processing MED-CAI for 11MAY
2026-01-30 05:20:47 | INFO     | [lf.day.flights_found] Found 1 flights on 11MAY
2026-01-30 05:20:49 | INFO     | [lf.flight.extracted] SM494 on 11MAY: BKG=0, LF=0.0%
2026-01-30 05:20:50 | INFO     | [SUCCESS] Day 11MAY
2026-01-30 05:20:50 | INFO     | [DAY_START] Processing 10MAY
2026-01-30 05:20:50 | INFO     | [lf.day.start] Processing MED-CAI for 10MAY
2026-01-30 05:20:51 | WARNING  | [lf.day.no_flights] No direct flights on 10MAY
2026-01-30 05:20:51 | INFO     | [SUCCESS] Day 10MAY
2026-01-30 05:20:51 | INFO     | [DAY_START] Processing 09MAY
2026-01-30 05:20:51 | INFO     | [lf.day.start] Processing MED-CAI for 09MAY
2026-01-30 05:20:52 | WARNING  | [lf.day.no_flights] No direct flights on 09MAY
2026-01-30 05:20:52 | INFO     | [SUCCESS] Day 09MAY
2026-01-30 05:20:52 | INFO     | [DAY_START] Processing 08MAY
2026-01-30 05:20:52 | INFO     | [lf.day.start] Processing MED-CAI for 08MAY
2026-01-30 05:20:53 | WARNING  | [lf.day.no_flights] No direct flights on 08MAY
2026-01-30 05:20:53 | INFO     | [SUCCESS] Day 08MAY
2026-01-30 05:20:53 | INFO     | [DAY_START] Processing 07MAY
2026-01-30 05:20:53 | INFO     | [lf.day.start] Processing MED-CAI for 07MAY
2026-01-30 05:20:54 | INFO     | [lf.day.flights_found] Found 1 flights on 07MAY
2026-01-30 05:20:56 | INFO     | [lf.flight.extracted] SM494 on 07MAY: BKG=0, LF=0.0%
2026-01-30 05:20:57 | INFO     | [SUCCESS] Day 07MAY
2026-01-30 05:20:57 | INFO     | [SUCCESS] LF Search Complete
2026-01-30 05:20:57 | INFO     | [Worker_9224] Completed: MED-CAI - 8 results, 0 errors
2026-01-30 05:20:57 | INFO     | [Worker_9224] Processing: DMM-CAI
2026-01-30 05:20:57 | INFO     |   Tier 0: Range 4, Chunk 3/4 (8 days)
