2026-01-30 06:03:29 | INFO     | ======================================================================
2026-01-30 06:03:29 | INFO     | Load Factor Scraper Started - Route: MED-CAI
2026-01-30 06:03:29 | INFO     | Log file: D:\CODERED\LAB\Artifacts\outputs\run_generated_300126_at_05.16\logs\LF_MED-CAI_20260130_060329.log
2026-01-30 06:03:29 | INFO     | Enhanced logging: Capturing both logging.info() and print()
2026-01-30 06:03:29 | INFO     | ======================================================================
2026-01-30 06:03:29 | INFO     | Starting LF search for route: MED-CAI
2026-01-30 06:03:29 | INFO     | [START] LF Search
2026-01-30 06:03:29 | INFO     | [HEALTH CHECK] [OK] Chrome connection is healthy
2026-01-30 06:03:29 | INFO     | [DAY_START] Processing 18FEB
2026-01-30 06:03:29 | INFO     | [lf.day.start] Processing MED-CAI for 18FEB
2026-01-30 06:03:31 | INFO     | [lf.day.flights_found] Found 2 flights on 18FEB
2026-01-30 06:03:33 | INFO     | [lf.flight.extracted] SM952 on 18FEB: BKG=3, LF=1.8%
2026-01-30 06:03:36 | INFO     | [lf.flight.extracted] SM954 on 18FEB: BKG=3, LF=1.8%
2026-01-30 06:03:39 | INFO     | [SUCCESS] Day 18FEB
2026-01-30 06:03:39 | INFO     | [DAY_START] Processing 17FEB
2026-01-30 06:03:39 | INFO     | [lf.day.start] Processing MED-CAI for 17FEB
2026-01-30 06:03:41 | INFO     | [lf.day.flights_found] Found 3 flights on 17FEB
2026-01-30 06:03:42 | INFO     | [lf.flight.extracted] SM496 on 17FEB: BKG=25, LF=14.5%
2026-01-30 06:03:47 | INFO     | [lf.flight.extracted] SM972 on 17FEB: BKG=18, LF=10.8%
2026-01-30 06:03:50 | INFO     | [lf.flight.extracted] SM494 on 17FEB: BKG=18, LF=10.3%
2026-01-30 06:03:56 | INFO     | [SUCCESS] Day 17FEB
2026-01-30 06:03:56 | INFO     | [DAY_START] Processing 16FEB
2026-01-30 06:03:56 | INFO     | [lf.day.start] Processing MED-CAI for 16FEB
2026-01-30 06:03:57 | INFO     | [lf.day.flights_found] Found 1 flights on 16FEB
2026-01-30 06:03:59 | INFO     | [lf.flight.extracted] SM972 on 16FEB: BKG=81, LF=48.5%
2026-01-30 06:04:04 | INFO     | [SUCCESS] Day 16FEB
2026-01-30 06:04:04 | INFO     | [DAY_START] Processing 15FEB
2026-01-30 06:04:04 | INFO     | [lf.day.start] Processing MED-CAI for 15FEB
2026-01-30 06:04:06 | INFO     | [lf.day.flights_found] Found 1 flights on 15FEB
2026-01-30 06:04:20 | INFO     | [lf.flight.extracted] SM494 on 15FEB: BKG=80, LF=45.7%
2026-01-30 06:04:25 | INFO     | [SUCCESS] Day 15FEB
2026-01-30 06:04:25 | INFO     | [DAY_START] Processing 14FEB
2026-01-30 06:04:25 | INFO     | [lf.day.start] Processing MED-CAI for 14FEB
2026-01-30 06:04:26 | INFO     | [lf.day.flights_found] Found 1 flights on 14FEB
2026-01-30 06:04:28 | INFO     | [lf.flight.extracted] SM494 on 14FEB: BKG=86, LF=49.1%
2026-01-30 06:04:33 | INFO     | [SUCCESS] Day 14FEB
2026-01-30 06:04:33 | INFO     | [DAY_START] Processing 13FEB
2026-01-30 06:04:33 | INFO     | [lf.day.start] Processing MED-CAI for 13FEB
2026-01-30 06:04:34 | INFO     | [lf.day.flights_found] Found 1 flights on 13FEB
2026-01-30 06:04:36 | INFO     | [lf.flight.extracted] SM972 on 13FEB: BKG=83, LF=49.7%
2026-01-30 06:04:41 | INFO     | [SUCCESS] Day 13FEB
2026-01-30 06:04:41 | INFO     | [DAY_START] Processing 12FEB
2026-01-30 06:04:41 | INFO     | [lf.day.start] Processing MED-CAI for 12FEB
2026-01-30 06:04:42 | INFO     | [lf.day.flights_found] Found 1 flights on 12FEB
2026-01-30 06:04:44 | INFO     | [lf.flight.extracted] SM494 on 12FEB: BKG=172, LF=100.0%
2026-01-30 06:04:49 | INFO     | [SUCCESS] Day 12FEB
2026-01-30 06:04:49 | INFO     | [DAY_START] Processing 11FEB
2026-01-30 06:04:49 | INFO     | [lf.day.start] Processing MED-CAI for 11FEB
2026-01-30 06:04:50 | WARNING  | [lf.day.no_flights] No direct flights on 11FEB
2026-01-30 06:04:50 | INFO     | [SUCCESS] Day 11FEB
2026-01-30 06:04:50 | INFO     | [DAY_START] Processing 10FEB
2026-01-30 06:04:50 | INFO     | [lf.day.start] Processing MED-CAI for 10FEB
2026-01-30 06:04:52 | INFO     | [lf.day.flights_found] Found 2 flights on 10FEB
2026-01-30 06:04:54 | INFO     | [lf.flight.extracted] SM496 on 10FEB: BKG=178, LF=100.0%
2026-01-30 06:04:58 | INFO     | [lf.flight.extracted] SM494 on 10FEB: BKG=164, LF=92.1%
2026-01-30 06:05:09 | INFO     | [SUCCESS] Day 10FEB
2026-01-30 06:05:09 | INFO     | [DAY_START] Processing 09FEB
2026-01-30 06:05:09 | INFO     | [lf.day.start] Processing MED-CAI for 09FEB
2026-01-30 06:05:10 | WARNING  | [lf.day.no_flights] No direct flights on 09FEB
2026-01-30 06:05:10 | INFO     | [SUCCESS] Day 09FEB
2026-01-30 06:05:10 | INFO     | [SUCCESS] LF Search Complete
2026-01-30 06:05:10 | INFO     | [Worker_9234] Completed: MED-CAI - 10 results, 0 errors
2026-01-30 06:05:10 | INFO     | [Worker_9234] Processing: DMM-CAI
2026-01-30 06:05:10 | INFO     |   Tier 0: Range 1, Chunk 2/3 (10 days)
