2026-01-30 05:24:56 | INFO     | ======================================================================
2026-01-30 05:24:56 | INFO     | Load Factor Scraper Started - Route: MED-HBE
2026-01-30 05:24:56 | INFO     | Log file: D:\CODERED\LAB\Artifacts\outputs\run_generated_300126_at_05.16\logs\LF_MED-HBE_20260130_052456.log
2026-01-30 05:24:56 | INFO     | Enhanced logging: Capturing both logging.info() and print()
2026-01-30 05:24:56 | INFO     | ======================================================================
2026-01-30 05:24:56 | INFO     | Starting LF search for route: MED-HBE
2026-01-30 05:24:56 | INFO     | [START] LF Search
2026-01-30 05:24:56 | INFO     | [HEALTH CHECK] [OK] Chrome connection is healthy
2026-01-30 05:24:56 | INFO     | [DAY_START] Processing 29APR
2026-01-30 05:24:56 | INFO     | [lf.day.start] Processing MED-HBE for 29APR
2026-01-30 05:24:58 | WARNING  | [lf.day.no_flights] No direct flights on 29APR
2026-01-30 05:24:58 | INFO     | [SUCCESS] Day 29APR
2026-01-30 05:24:58 | INFO     | [DAY_START] Processing 28APR
2026-01-30 05:24:58 | INFO     | [lf.day.start] Processing MED-HBE for 28APR
2026-01-30 05:24:59 | WARNING  | [lf.day.no_flights] No direct flights on 28APR
2026-01-30 05:24:59 | INFO     | [SUCCESS] Day 28APR
2026-01-30 05:24:59 | INFO     | [DAY_START] Processing 27APR
2026-01-30 05:24:59 | INFO     | [lf.day.start] Processing MED-HBE for 27APR
2026-01-30 05:25:00 | WARNING  | [lf.day.no_flights] No direct flights on 27APR
2026-01-30 05:25:00 | INFO     | [SUCCESS] Day 27APR
2026-01-30 05:25:00 | INFO     | [DAY_START] Processing 26APR
2026-01-30 05:25:00 | INFO     | [lf.day.start] Processing MED-HBE for 26APR
2026-01-30 05:25:01 | INFO     | [lf.day.flights_found] Found 1 flights on 26APR
2026-01-30 05:25:03 | INFO     | [lf.flight.extracted] SM486 on 26APR: BKG=2, LF=1.1%
2026-01-30 05:25:05 | INFO     | [SUCCESS] Day 26APR
2026-01-30 05:25:05 | INFO     | [DAY_START] Processing 25APR
2026-01-30 05:25:05 | INFO     | [lf.day.start] Processing MED-HBE for 25APR
2026-01-30 05:25:06 | WARNING  | [lf.day.no_flights] No direct flights on 25APR
2026-01-30 05:25:06 | INFO     | [SUCCESS] Day 25APR
2026-01-30 05:25:06 | INFO     | [DAY_START] Processing 24APR
2026-01-30 05:25:06 | INFO     | [lf.day.start] Processing MED-HBE for 24APR
2026-01-30 05:25:07 | WARNING  | [lf.day.no_flights] No direct flights on 24APR
2026-01-30 05:25:07 | INFO     | [SUCCESS] Day 24APR
2026-01-30 05:25:07 | INFO     | [DAY_START] Processing 23APR
2026-01-30 05:25:07 | INFO     | [lf.day.start] Processing MED-HBE for 23APR
2026-01-30 05:25:08 | INFO     | [lf.day.flights_found] Found 1 flights on 23APR
2026-01-30 05:25:10 | INFO     | [lf.flight.extracted] SM486 on 23APR: BKG=8, LF=4.6%
2026-01-30 05:25:13 | INFO     | [SUCCESS] Day 23APR
2026-01-30 05:25:13 | INFO     | [DAY_START] Processing 22APR
2026-01-30 05:25:13 | INFO     | [lf.day.start] Processing MED-HBE for 22APR
2026-01-30 05:25:14 | WARNING  | [lf.day.no_flights] No direct flights on 22APR
2026-01-30 05:25:14 | INFO     | [SUCCESS] Day 22APR
2026-01-30 05:25:14 | INFO     | [DAY_START] Processing 21APR
2026-01-30 05:25:14 | INFO     | [lf.day.start] Processing MED-HBE for 21APR
2026-01-30 05:25:15 | WARNING  | [lf.day.no_flights] No direct flights on 21APR
2026-01-30 05:25:15 | INFO     | [SUCCESS] Day 21APR
2026-01-30 05:25:15 | INFO     | [DAY_START] Processing 20APR
2026-01-30 05:25:15 | INFO     | [lf.day.start] Processing MED-HBE for 20APR
2026-01-30 05:25:16 | WARNING  | [lf.day.no_flights] No direct flights on 20APR
2026-01-30 05:25:16 | INFO     | [SUCCESS] Day 20APR
2026-01-30 05:25:16 | INFO     | [SUCCESS] LF Search Complete
2026-01-30 05:25:16 | INFO     | [Worker_9222] Completed: MED-HBE - 10 results, 0 errors
2026-01-30 05:25:16 | INFO     | [Worker_9222] Processing: JED-LXR
2026-01-30 05:25:16 | INFO     |   Tier 0: Range 3, Chunk 1/3 (10 days)
