2026-01-30 05:25:21 | INFO     | ======================================================================
2026-01-30 05:25:21 | INFO     | Load Factor Scraper Started - Route: RUH-ATZ
2026-01-30 05:25:21 | INFO     | Log file: D:\CODERED\LAB\Artifacts\outputs\run_generated_300126_at_05.16\logs\LF_RUH-ATZ_20260130_052521.log
2026-01-30 05:25:21 | INFO     | Enhanced logging: Capturing both logging.info() and print()
2026-01-30 05:25:21 | INFO     | ======================================================================
2026-01-30 05:25:21 | INFO     | Starting LF search for route: RUH-ATZ
2026-01-30 05:25:21 | INFO     | [START] LF Search
2026-01-30 05:25:21 | INFO     | [HEALTH CHECK] [OK] Chrome connection is healthy
2026-01-30 05:25:21 | INFO     | [DAY_START] Processing 29APR
2026-01-30 05:25:21 | INFO     | [lf.day.start] Processing RUH-ATZ for 29APR
2026-01-30 05:25:22 | INFO     | [lf.day.flights_found] Found 1 flights on 29APR
2026-01-30 05:25:24 | INFO     | [lf.flight.extracted] SM466 on 29APR: BKG=12, LF=6.9%
2026-01-30 05:25:27 | INFO     | [SUCCESS] Day 29APR
2026-01-30 05:25:27 | INFO     | [DAY_START] Processing 28APR
2026-01-30 05:25:27 | INFO     | [lf.day.start] Processing RUH-ATZ for 28APR
2026-01-30 05:25:28 | WARNING  | [lf.day.no_flights] No direct flights on 28APR
2026-01-30 05:25:28 | INFO     | [SUCCESS] Day 28APR
2026-01-30 05:25:28 | INFO     | [DAY_START] Processing 27APR
2026-01-30 05:25:28 | INFO     | [lf.day.start] Processing RUH-ATZ for 27APR
2026-01-30 05:25:29 | WARNING  | [lf.day.no_flights] No direct flights on 27APR
2026-01-30 05:25:29 | INFO     | [SUCCESS] Day 27APR
2026-01-30 05:25:29 | INFO     | [DAY_START] Processing 26APR
2026-01-30 05:25:29 | INFO     | [lf.day.start] Processing RUH-ATZ for 26APR
2026-01-30 05:25:30 | WARNING  | [lf.day.no_flights] No direct flights on 26APR
2026-01-30 05:25:30 | INFO     | [SUCCESS] Day 26APR
2026-01-30 05:25:30 | INFO     | [DAY_START] Processing 25APR
2026-01-30 05:25:30 | INFO     | [lf.day.start] Processing RUH-ATZ for 25APR
2026-01-30 05:25:31 | WARNING  | [lf.day.no_flights] No direct flights on 25APR
2026-01-30 05:25:31 | INFO     | [SUCCESS] Day 25APR
2026-01-30 05:25:31 | INFO     | [DAY_START] Processing 24APR
2026-01-30 05:25:31 | INFO     | [lf.day.start] Processing RUH-ATZ for 24APR
2026-01-30 05:25:32 | WARNING  | [lf.day.no_flights] No direct flights on 24APR
2026-01-30 05:25:32 | INFO     | [SUCCESS] Day 24APR
2026-01-30 05:25:32 | INFO     | [DAY_START] Processing 23APR
2026-01-30 05:25:32 | INFO     | [lf.day.start] Processing RUH-ATZ for 23APR
2026-01-30 05:25:33 | WARNING  | [lf.day.no_flights] No direct flights on 23APR
2026-01-30 05:25:33 | INFO     | [SUCCESS] Day 23APR
2026-01-30 05:25:33 | INFO     | [DAY_START] Processing 22APR
2026-01-30 05:25:33 | INFO     | [lf.day.start] Processing RUH-ATZ for 22APR
2026-01-30 05:25:34 | INFO     | [lf.day.flights_found] Found 1 flights on 22APR
2026-01-30 05:25:36 | INFO     | [lf.flight.extracted] SM466 on 22APR: BKG=9, LF=5.1%
2026-01-30 05:25:39 | INFO     | [SUCCESS] Day 22APR
2026-01-30 05:25:39 | INFO     | [DAY_START] Processing 21APR
2026-01-30 05:25:39 | INFO     | [lf.day.start] Processing RUH-ATZ for 21APR
2026-01-30 05:25:40 | WARNING  | [lf.day.no_flights] No direct flights on 21APR
2026-01-30 05:25:40 | INFO     | [SUCCESS] Day 21APR
2026-01-30 05:25:40 | INFO     | [DAY_START] Processing 20APR
2026-01-30 05:25:40 | INFO     | [lf.day.start] Processing RUH-ATZ for 20APR
2026-01-30 05:25:41 | WARNING  | [lf.day.no_flights] No direct flights on 20APR
2026-01-30 05:25:41 | INFO     | [SUCCESS] Day 20APR
2026-01-30 05:25:41 | INFO     | [SUCCESS] LF Search Complete
2026-01-30 05:25:41 | INFO     | [Worker_9223] Completed: RUH-ATZ - 10 results, 0 errors
2026-01-30 05:25:41 | INFO     | [Worker_9223] Processing: AJF-ATZ
2026-01-30 05:25:41 | INFO     |   Tier 0: Range 3, Chunk 1/3 (10 days)
