2026-01-30 05:47:38 | INFO     | ======================================================================
2026-01-30 05:47:38 | INFO     | Load Factor Scraper Started - Route: RUH-CAI
2026-01-30 05:47:38 | INFO     | Log file: D:\CODERED\LAB\Artifacts\outputs\run_generated_300126_at_05.16\logs\LF_RUH-CAI_20260130_054738.log
2026-01-30 05:47:38 | INFO     | Enhanced logging: Capturing both logging.info() and print()
2026-01-30 05:47:38 | INFO     | ======================================================================
2026-01-30 05:47:38 | INFO     | Starting LF search for route: RUH-CAI
2026-01-30 05:47:38 | INFO     | [START] LF Search
2026-01-30 05:47:39 | INFO     | [HEALTH CHECK] [OK] Chrome connection is healthy
2026-01-30 05:47:39 | INFO     | [DAY_START] Processing 20MAR
2026-01-30 05:47:39 | INFO     | [lf.day.start] Processing RUH-CAI for 20MAR
2026-01-30 05:47:41 | INFO     | [lf.day.flights_found] Found 2 flights on 20MAR
2026-01-30 05:47:44 | INFO     | [lf.flight.extracted] SM462 on 20MAR: BKG=5, LF=2.9%
2026-01-30 05:47:51 | INFO     | [lf.flight.extracted] SM470 on 20MAR: BKG=1, LF=0.6%
2026-01-30 05:47:57 | INFO     | [SUCCESS] Day 20MAR
2026-01-30 05:47:57 | INFO     | [DAY_START] Processing 19MAR
2026-01-30 05:47:57 | INFO     | [lf.day.start] Processing RUH-CAI for 19MAR
2026-01-30 05:47:59 | INFO     | [lf.day.flights_found] Found 1 flights on 19MAR
2026-01-30 05:48:02 | INFO     | [lf.flight.extracted] SM462 on 19MAR: BKG=28, LF=16.0%
2026-01-30 05:48:09 | INFO     | [SUCCESS] Day 19MAR
2026-01-30 05:48:09 | INFO     | [DAY_START] Processing 18MAR
2026-01-30 05:48:09 | INFO     | [lf.day.start] Processing RUH-CAI for 18MAR
2026-01-30 05:48:10 | INFO     | [lf.day.flights_found] Found 2 flights on 18MAR
2026-01-30 05:48:13 | INFO     | [lf.flight.extracted] SM462 on 18MAR: BKG=29, LF=16.6%
2026-01-30 05:48:19 | INFO     | [lf.flight.extracted] SM470 on 18MAR: BKG=23, LF=13.8%
2026-01-30 05:48:33 | INFO     | [SUCCESS] Day 18MAR
2026-01-30 05:48:33 | INFO     | [DAY_START] Processing 17MAR
2026-01-30 05:48:33 | INFO     | [lf.day.start] Processing RUH-CAI for 17MAR
2026-01-30 05:48:35 | INFO     | [lf.day.flights_found] Found 1 flights on 17MAR
2026-01-30 05:48:38 | INFO     | [lf.flight.extracted] SM470 on 17MAR: BKG=11, LF=6.6%
2026-01-30 05:48:43 | INFO     | [SUCCESS] Day 17MAR
2026-01-30 05:48:43 | INFO     | [DAY_START] Processing 16MAR
2026-01-30 05:48:43 | INFO     | [lf.day.start] Processing RUH-CAI for 16MAR
2026-01-30 05:48:45 | INFO     | [lf.day.flights_found] Found 1 flights on 16MAR
2026-01-30 05:48:49 | INFO     | [lf.flight.extracted] SM470 on 16MAR: BKG=9, LF=5.4%
2026-01-30 05:48:53 | INFO     | [SUCCESS] Day 16MAR
2026-01-30 05:48:53 | INFO     | [DAY_START] Processing 15MAR
2026-01-30 05:48:53 | INFO     | [lf.day.start] Processing RUH-CAI for 15MAR
2026-01-30 05:48:55 | INFO     | [lf.day.flights_found] Found 1 flights on 15MAR
2026-01-30 05:48:59 | INFO     | [lf.flight.extracted] SM462 on 15MAR: BKG=2, LF=1.1%
2026-01-30 05:49:03 | INFO     | [SUCCESS] Day 15MAR
2026-01-30 05:49:03 | INFO     | [DAY_START] Processing 14MAR
2026-01-30 05:49:03 | INFO     | [lf.day.start] Processing RUH-CAI for 14MAR
2026-01-30 05:49:05 | INFO     | [lf.day.flights_found] Found 1 flights on 14MAR
2026-01-30 05:49:09 | INFO     | [lf.flight.extracted] SM462 on 14MAR: BKG=7, LF=4.0%
2026-01-30 05:49:13 | INFO     | [SUCCESS] Day 14MAR
2026-01-30 05:49:13 | INFO     | [DAY_START] Processing 13MAR
2026-01-30 05:49:13 | INFO     | [lf.day.start] Processing RUH-CAI for 13MAR
2026-01-30 05:49:15 | INFO     | [lf.day.flights_found] Found 2 flights on 13MAR
2026-01-30 05:49:18 | INFO     | [lf.flight.extracted] SM462 on 13MAR: BKG=4, LF=2.3%
2026-01-30 05:49:26 | INFO     | [lf.flight.extracted] SM470 on 13MAR: BKG=49, LF=29.3%
2026-01-30 05:49:40 | INFO     | [SUCCESS] Day 13MAR
2026-01-30 05:49:40 | INFO     | [DAY_START] Processing 12MAR
2026-01-30 05:49:40 | INFO     | [lf.day.start] Processing RUH-CAI for 12MAR
2026-01-30 05:49:42 | INFO     | [lf.day.flights_found] Found 1 flights on 12MAR
2026-01-30 05:49:45 | INFO     | [lf.flight.extracted] SM462 on 12MAR: BKG=17, LF=9.7%
2026-01-30 05:49:50 | INFO     | [SUCCESS] Day 12MAR
2026-01-30 05:49:50 | INFO     | [DAY_START] Processing 11MAR
2026-01-30 05:49:50 | INFO     | [lf.day.start] Processing RUH-CAI for 11MAR
2026-01-30 05:49:52 | INFO     | [lf.day.flights_found] Found 2 flights on 11MAR
2026-01-30 05:49:57 | INFO     | [lf.flight.extracted] SM462 on 11MAR: BKG=58, LF=33.1%
2026-01-30 05:50:05 | INFO     | [lf.flight.extracted] SM470 on 11MAR: BKG=45, LF=27.0%
2026-01-30 05:50:18 | INFO     | [SUCCESS] Day 11MAR
2026-01-30 05:50:18 | INFO     | [SUCCESS] LF Search Complete
2026-01-30 05:50:18 | INFO     | [Worker_9234] Completed: RUH-CAI - 10 results, 0 errors
2026-01-30 05:50:18 | INFO     | [Worker_9234] Processing: ELQ-CAI
2026-01-30 05:50:18 | INFO     |   Tier 0: Range 2, Chunk 2/3 (10 days)
