2026-01-30 05:20:54 | INFO     | ======================================================================
2026-01-30 05:20:54 | INFO     | Load Factor Scraper Started - Route: RUH-CAI
2026-01-30 05:20:54 | INFO     | Log file: D:\CODERED\LAB\Artifacts\outputs\run_generated_300126_at_05.16\logs\LF_RUH-CAI_20260130_052054.log
2026-01-30 05:20:54 | INFO     | Enhanced logging: Capturing both logging.info() and print()
2026-01-30 05:20:54 | INFO     | ======================================================================
2026-01-30 05:20:54 | INFO     | Starting LF search for route: RUH-CAI
2026-01-30 05:20:54 | INFO     | [START] LF Search
2026-01-30 05:20:54 | INFO     | [HEALTH CHECK] [OK] Chrome connection is healthy
2026-01-30 05:20:54 | INFO     | [DAY_START] Processing 14MAY
2026-01-30 05:20:54 | INFO     | [lf.day.start] Processing RUH-CAI for 14MAY
2026-01-30 05:20:56 | INFO     | [lf.day.flights_found] Found 1 flights on 14MAY
2026-01-30 05:20:57 | INFO     | [lf.flight.extracted] SM462 on 14MAY: BKG=0, LF=0.0%
2026-01-30 05:20:59 | INFO     | [SUCCESS] Day 14MAY
2026-01-30 05:20:59 | INFO     | [DAY_START] Processing 13MAY
2026-01-30 05:20:59 | INFO     | [lf.day.start] Processing RUH-CAI for 13MAY
2026-01-30 05:21:00 | INFO     | [lf.day.flights_found] Found 1 flights on 13MAY
2026-01-30 05:21:02 | INFO     | [lf.flight.extracted] SM462 on 13MAY: BKG=0, LF=0.0%
2026-01-30 05:21:03 | INFO     | [SUCCESS] Day 13MAY
2026-01-30 05:21:03 | INFO     | [DAY_START] Processing 12MAY
2026-01-30 05:21:03 | INFO     | [lf.day.start] Processing RUH-CAI for 12MAY
2026-01-30 05:21:04 | INFO     | [lf.day.flights_found] Found 1 flights on 12MAY
2026-01-30 05:21:06 | INFO     | [lf.flight.extracted] SM462 on 12MAY: BKG=0, LF=0.0%
2026-01-30 05:21:07 | INFO     | [SUCCESS] Day 12MAY
2026-01-30 05:21:07 | INFO     | [DAY_START] Processing 11MAY
2026-01-30 05:21:07 | INFO     | [lf.day.start] Processing RUH-CAI for 11MAY
2026-01-30 05:21:08 | INFO     | [lf.day.flights_found] Found 1 flights on 11MAY
2026-01-30 05:21:10 | INFO     | [lf.flight.extracted] SM462 on 11MAY: BKG=0, LF=0.0%
2026-01-30 05:21:12 | INFO     | [SUCCESS] Day 11MAY
2026-01-30 05:21:12 | INFO     | [DAY_START] Processing 10MAY
2026-01-30 05:21:12 | INFO     | [lf.day.start] Processing RUH-CAI for 10MAY
2026-01-30 05:21:13 | INFO     | [lf.day.flights_found] Found 1 flights on 10MAY
2026-01-30 05:21:15 | INFO     | [lf.flight.extracted] SM462 on 10MAY: BKG=0, LF=0.0%
2026-01-30 05:21:16 | INFO     | [SUCCESS] Day 10MAY
2026-01-30 05:21:16 | INFO     | [DAY_START] Processing 09MAY
2026-01-30 05:21:16 | INFO     | [lf.day.start] Processing RUH-CAI for 09MAY
2026-01-30 05:21:17 | INFO     | [lf.day.flights_found] Found 1 flights on 09MAY
2026-01-30 05:21:19 | INFO     | [lf.flight.extracted] SM462 on 09MAY: BKG=1, LF=0.6%
2026-01-30 05:21:21 | INFO     | [SUCCESS] Day 09MAY
2026-01-30 05:21:21 | INFO     | [DAY_START] Processing 08MAY
2026-01-30 05:21:21 | INFO     | [lf.day.start] Processing RUH-CAI for 08MAY
2026-01-30 05:21:23 | INFO     | [lf.day.flights_found] Found 1 flights on 08MAY
2026-01-30 05:21:25 | INFO     | [lf.flight.extracted] SM470 on 08MAY: BKG=0, LF=0.0%
2026-01-30 05:21:26 | INFO     | [SUCCESS] Day 08MAY
2026-01-30 05:21:26 | INFO     | [DAY_START] Processing 07MAY
2026-01-30 05:21:26 | INFO     | [lf.day.start] Processing RUH-CAI for 07MAY
2026-01-30 05:21:27 | INFO     | [lf.day.flights_found] Found 1 flights on 07MAY
2026-01-30 05:21:29 | INFO     | [lf.flight.extracted] SM462 on 07MAY: BKG=0, LF=0.0%
2026-01-30 05:21:30 | INFO     | [SUCCESS] Day 07MAY
2026-01-30 05:21:30 | INFO     | [SUCCESS] LF Search Complete
2026-01-30 05:21:30 | INFO     | [Worker_9234] Completed: RUH-CAI - 8 results, 0 errors
2026-01-30 05:21:30 | INFO     | [Worker_9234] Processing: ELQ-ATZ
2026-01-30 05:21:30 | INFO     |   Tier 0: Range 4, Chunk 3/4 (8 days)
