2026-01-30 06:05:06 | INFO     | ======================================================================
2026-01-30 06:05:06 | INFO     | Load Factor Scraper Started - Route: RUH-ATZ
2026-01-30 06:05:06 | INFO     | Log file: D:\CODERED\LAB\Artifacts\outputs\run_generated_300126_at_05.16\logs\LF_RUH-ATZ_20260130_060506.log
2026-01-30 06:05:06 | INFO     | Enhanced logging: Capturing both logging.info() and print()
2026-01-30 06:05:06 | INFO     | ======================================================================
2026-01-30 06:05:06 | INFO     | Starting LF search for route: RUH-ATZ
2026-01-30 06:05:06 | INFO     | [START] LF Search
2026-01-30 06:05:07 | INFO     | [HEALTH CHECK] [OK] Chrome connection is healthy
2026-01-30 06:05:07 | INFO     | [DAY_START] Processing 18FEB
2026-01-30 06:05:07 | INFO     | [lf.day.start] Processing RUH-ATZ for 18FEB
2026-01-30 06:05:08 | INFO     | [lf.day.flights_found] Found 1 flights on 18FEB
2026-01-30 06:05:10 | INFO     | [lf.flight.extracted] SM466 on 18FEB: BKG=29, LF=16.6%
2026-01-30 06:05:13 | INFO     | [SUCCESS] Day 18FEB
2026-01-30 06:05:13 | INFO     | [DAY_START] Processing 17FEB
2026-01-30 06:05:13 | INFO     | [lf.day.start] Processing RUH-ATZ for 17FEB
2026-01-30 06:05:14 | INFO     | [lf.day.flights_found] Found 1 flights on 17FEB
2026-01-30 06:05:16 | INFO     | [lf.flight.extracted] SM464 on 17FEB: BKG=54, LF=30.9%
2026-01-30 06:05:21 | INFO     | [SUCCESS] Day 17FEB
2026-01-30 06:05:21 | INFO     | [DAY_START] Processing 16FEB
2026-01-30 06:05:21 | INFO     | [lf.day.start] Processing RUH-ATZ for 16FEB
2026-01-30 06:05:22 | WARNING  | [lf.day.no_flights] No direct flights on 16FEB
2026-01-30 06:05:22 | INFO     | [SUCCESS] Day 16FEB
2026-01-30 06:05:22 | INFO     | [DAY_START] Processing 15FEB
2026-01-30 06:05:22 | INFO     | [lf.day.start] Processing RUH-ATZ for 15FEB
2026-01-30 06:05:23 | INFO     | [lf.day.flights_found] Found 1 flights on 15FEB
2026-01-30 06:05:25 | INFO     | [lf.flight.extracted] SM464 on 15FEB: BKG=92, LF=52.6%
2026-01-30 06:05:30 | INFO     | [SUCCESS] Day 15FEB
2026-01-30 06:05:30 | INFO     | [DAY_START] Processing 14FEB
2026-01-30 06:05:30 | INFO     | [lf.day.start] Processing RUH-ATZ for 14FEB
2026-01-30 06:05:32 | WARNING  | [lf.day.no_flights] No direct flights on 14FEB
2026-01-30 06:05:32 | INFO     | [SUCCESS] Day 14FEB
2026-01-30 06:05:32 | INFO     | [DAY_START] Processing 13FEB
2026-01-30 06:05:32 | INFO     | [lf.day.start] Processing RUH-ATZ for 13FEB
2026-01-30 06:05:33 | WARNING  | [lf.day.no_flights] No direct flights on 13FEB
2026-01-30 06:05:33 | INFO     | [SUCCESS] Day 13FEB
2026-01-30 06:05:33 | INFO     | [DAY_START] Processing 12FEB
2026-01-30 06:05:33 | INFO     | [lf.day.start] Processing RUH-ATZ for 12FEB
2026-01-30 06:05:34 | WARNING  | [lf.day.no_flights] No direct flights on 12FEB
2026-01-30 06:05:34 | INFO     | [SUCCESS] Day 12FEB
2026-01-30 06:05:34 | INFO     | [DAY_START] Processing 11FEB
2026-01-30 06:05:34 | INFO     | [lf.day.start] Processing RUH-ATZ for 11FEB
2026-01-30 06:05:35 | INFO     | [lf.day.flights_found] Found 1 flights on 11FEB
2026-01-30 06:05:37 | INFO     | [lf.flight.extracted] SM466 on 11FEB: BKG=96, LF=54.9%
2026-01-30 06:05:43 | INFO     | [SUCCESS] Day 11FEB
2026-01-30 06:05:43 | INFO     | [DAY_START] Processing 10FEB
2026-01-30 06:05:43 | INFO     | [lf.day.start] Processing RUH-ATZ for 10FEB
2026-01-30 06:05:44 | INFO     | [lf.day.flights_found] Found 1 flights on 10FEB
2026-01-30 06:05:46 | INFO     | [lf.flight.extracted] SM464 on 10FEB: BKG=106, LF=60.6%
2026-01-30 06:05:52 | INFO     | [SUCCESS] Day 10FEB
2026-01-30 06:05:52 | INFO     | [DAY_START] Processing 09FEB
2026-01-30 06:05:52 | INFO     | [lf.day.start] Processing RUH-ATZ for 09FEB
2026-01-30 06:05:53 | WARNING  | [lf.day.no_flights] No direct flights on 09FEB
2026-01-30 06:05:53 | INFO     | [SUCCESS] Day 09FEB
2026-01-30 06:05:53 | INFO     | [SUCCESS] LF Search Complete
2026-01-30 06:05:53 | INFO     | [Worker_9233] Completed: RUH-ATZ - 10 results, 0 errors
2026-01-30 06:05:53 | INFO     | [Worker_9233] Processing: TUU-CAI
2026-01-30 06:05:53 | INFO     |   Tier 0: Range 1, Chunk 2/3 (10 days)
