2026-01-30 05:59:40 | INFO     | ======================================================================
2026-01-30 05:59:40 | INFO     | Load Factor Scraper Started - Route: RUH-ATZ
2026-01-30 05:59:40 | INFO     | Log file: D:\CODERED\LAB\Artifacts\outputs\run_generated_300126_at_05.16\logs\LF_RUH-ATZ_20260130_055940.log
2026-01-30 05:59:40 | INFO     | Enhanced logging: Capturing both logging.info() and print()
2026-01-30 05:59:40 | INFO     | ======================================================================
2026-01-30 05:59:40 | INFO     | Starting LF search for route: RUH-ATZ
2026-01-30 05:59:40 | INFO     | [START] LF Search
2026-01-30 05:59:41 | INFO     | [HEALTH CHECK] [OK] Chrome connection is healthy
2026-01-30 05:59:41 | INFO     | [DAY_START] Processing 28FEB
2026-01-30 05:59:41 | INFO     | [lf.day.start] Processing RUH-ATZ for 28FEB
2026-01-30 05:59:42 | WARNING  | [lf.day.no_flights] No direct flights on 28FEB
2026-01-30 05:59:42 | INFO     | [SUCCESS] Day 28FEB
2026-01-30 05:59:42 | INFO     | [DAY_START] Processing 27FEB
2026-01-30 05:59:42 | INFO     | [lf.day.start] Processing RUH-ATZ for 27FEB
2026-01-30 05:59:43 | WARNING  | [lf.day.no_flights] No direct flights on 27FEB
2026-01-30 05:59:43 | INFO     | [SUCCESS] Day 27FEB
2026-01-30 05:59:43 | INFO     | [DAY_START] Processing 26FEB
2026-01-30 05:59:43 | INFO     | [lf.day.start] Processing RUH-ATZ for 26FEB
2026-01-30 05:59:44 | WARNING  | [lf.day.no_flights] No direct flights on 26FEB
2026-01-30 05:59:44 | INFO     | [SUCCESS] Day 26FEB
2026-01-30 05:59:44 | INFO     | [DAY_START] Processing 25FEB
2026-01-30 05:59:44 | INFO     | [lf.day.start] Processing RUH-ATZ for 25FEB
2026-01-30 05:59:45 | INFO     | [lf.day.flights_found] Found 1 flights on 25FEB
2026-01-30 05:59:47 | INFO     | [lf.flight.extracted] SM466 on 25FEB: BKG=72, LF=43.1%
2026-01-30 05:59:52 | INFO     | [SUCCESS] Day 25FEB
2026-01-30 05:59:52 | INFO     | [DAY_START] Processing 24FEB
2026-01-30 05:59:52 | INFO     | [lf.day.start] Processing RUH-ATZ for 24FEB
2026-01-30 05:59:53 | INFO     | [lf.day.flights_found] Found 1 flights on 24FEB
2026-01-30 05:59:55 | INFO     | [lf.flight.extracted] SM464 on 24FEB: BKG=39, LF=22.3%
2026-01-30 05:59:58 | INFO     | [SUCCESS] Day 24FEB
2026-01-30 05:59:58 | INFO     | [DAY_START] Processing 23FEB
2026-01-30 05:59:58 | INFO     | [lf.day.start] Processing RUH-ATZ for 23FEB
2026-01-30 05:59:59 | WARNING  | [lf.day.no_flights] No direct flights on 23FEB
2026-01-30 05:59:59 | INFO     | [SUCCESS] Day 23FEB
2026-01-30 05:59:59 | INFO     | [DAY_START] Processing 22FEB
2026-01-30 05:59:59 | INFO     | [lf.day.start] Processing RUH-ATZ for 22FEB
2026-01-30 06:00:00 | INFO     | [lf.day.flights_found] Found 1 flights on 22FEB
2026-01-30 06:00:04 | INFO     | [lf.flight.extracted] SM464 on 22FEB: BKG=68, LF=38.9%
2026-01-30 06:00:08 | INFO     | [SUCCESS] Day 22FEB
2026-01-30 06:00:08 | INFO     | [DAY_START] Processing 21FEB
2026-01-30 06:00:08 | INFO     | [lf.day.start] Processing RUH-ATZ for 21FEB
2026-01-30 06:00:10 | WARNING  | [lf.day.no_flights] No direct flights on 21FEB
2026-01-30 06:00:10 | INFO     | [SUCCESS] Day 21FEB
2026-01-30 06:00:10 | INFO     | [DAY_START] Processing 20FEB
2026-01-30 06:00:10 | INFO     | [lf.day.start] Processing RUH-ATZ for 20FEB
2026-01-30 06:00:11 | WARNING  | [lf.day.no_flights] No direct flights on 20FEB
2026-01-30 06:00:11 | INFO     | [SUCCESS] Day 20FEB
2026-01-30 06:00:11 | INFO     | [DAY_START] Processing 19FEB
2026-01-30 06:00:11 | INFO     | [lf.day.start] Processing RUH-ATZ for 19FEB
2026-01-30 06:00:12 | WARNING  | [lf.day.no_flights] No direct flights on 19FEB
2026-01-30 06:00:12 | INFO     | [SUCCESS] Day 19FEB
2026-01-30 06:00:12 | INFO     | [SUCCESS] LF Search Complete
2026-01-30 06:00:12 | INFO     | [Worker_9234] Completed: RUH-ATZ - 10 results, 0 errors
2026-01-30 06:00:12 | INFO     | [Worker_9234] Processing: AJF-CAI
2026-01-30 06:00:12 | INFO     |   Tier 0: Range 1, Chunk 1/3 (10 days)
