2026-01-30 05:19:03 | INFO     | ======================================================================
2026-01-30 05:19:03 | INFO     | Load Factor Scraper Started - Route: TUU-CAI
2026-01-30 05:19:03 | INFO     | Log file: D:\CODERED\LAB\Artifacts\outputs\run_generated_300126_at_05.16\logs\LF_TUU-CAI_20260130_051903.log
2026-01-30 05:19:03 | INFO     | Enhanced logging: Capturing both logging.info() and print()
2026-01-30 05:19:03 | INFO     | ======================================================================
2026-01-30 05:19:03 | INFO     | Starting LF search for route: TUU-CAI
2026-01-30 05:19:03 | INFO     | [START] LF Search
2026-01-30 05:19:04 | INFO     | [HEALTH CHECK] [OK] Chrome connection is healthy
2026-01-30 05:19:04 | INFO     | [DAY_START] Processing 22MAY
2026-01-30 05:19:04 | INFO     | [lf.day.start] Processing TUU-CAI for 22MAY
2026-01-30 05:19:05 | INFO     | [lf.day.flights_found] Found 1 flights on 22MAY
2026-01-30 05:19:07 | INFO     | [lf.flight.extracted] SM326 on 22MAY: BKG=0, LF=0.0%
2026-01-30 05:19:08 | INFO     | [SUCCESS] Day 22MAY
2026-01-30 05:19:08 | INFO     | [DAY_START] Processing 21MAY
2026-01-30 05:19:08 | INFO     | [lf.day.start] Processing TUU-CAI for 21MAY
2026-01-30 05:19:09 | INFO     | [lf.day.flights_found] Found 1 flights on 21MAY
2026-01-30 05:19:11 | INFO     | [lf.flight.extracted] SM326 on 21MAY: BKG=0, LF=0.0%
2026-01-30 05:19:12 | INFO     | [SUCCESS] Day 21MAY
2026-01-30 05:19:12 | INFO     | [DAY_START] Processing 20MAY
2026-01-30 05:19:12 | INFO     | [lf.day.start] Processing TUU-CAI for 20MAY
2026-01-30 05:19:13 | WARNING  | [lf.day.no_flights] No direct flights on 20MAY
2026-01-30 05:19:13 | INFO     | [SUCCESS] Day 20MAY
2026-01-30 05:19:13 | INFO     | [DAY_START] Processing 19MAY
2026-01-30 05:19:13 | INFO     | [lf.day.start] Processing TUU-CAI for 19MAY
2026-01-30 05:19:14 | INFO     | [lf.day.flights_found] Found 1 flights on 19MAY
2026-01-30 05:19:16 | INFO     | [lf.flight.extracted] SM326 on 19MAY: BKG=0, LF=0.0%
2026-01-30 05:19:17 | INFO     | [SUCCESS] Day 19MAY
2026-01-30 05:19:17 | INFO     | [DAY_START] Processing 18MAY
2026-01-30 05:19:17 | INFO     | [lf.day.start] Processing TUU-CAI for 18MAY
2026-01-30 05:19:18 | WARNING  | [lf.day.no_flights] No direct flights on 18MAY
2026-01-30 05:19:18 | INFO     | [SUCCESS] Day 18MAY
2026-01-30 05:19:18 | INFO     | [DAY_START] Processing 17MAY
2026-01-30 05:19:18 | INFO     | [lf.day.start] Processing TUU-CAI for 17MAY
2026-01-30 05:19:20 | WARNING  | [lf.day.no_flights] No direct flights on 17MAY
2026-01-30 05:19:20 | INFO     | [SUCCESS] Day 17MAY
2026-01-30 05:19:20 | INFO     | [DAY_START] Processing 16MAY
2026-01-30 05:19:20 | INFO     | [lf.day.start] Processing TUU-CAI for 16MAY
2026-01-30 05:19:21 | INFO     | [lf.day.flights_found] Found 1 flights on 16MAY
2026-01-30 05:19:23 | INFO     | [lf.flight.extracted] SM326 on 16MAY: BKG=0, LF=0.0%
2026-01-30 05:19:24 | INFO     | [SUCCESS] Day 16MAY
2026-01-30 05:19:24 | INFO     | [DAY_START] Processing 15MAY
2026-01-30 05:19:24 | INFO     | [lf.day.start] Processing TUU-CAI for 15MAY
2026-01-30 05:19:25 | INFO     | [lf.day.flights_found] Found 1 flights on 15MAY
2026-01-30 05:19:27 | INFO     | [lf.flight.extracted] SM326 on 15MAY: BKG=3, LF=1.7%
2026-01-30 05:19:29 | INFO     | [SUCCESS] Day 15MAY
2026-01-30 05:19:29 | INFO     | [SUCCESS] LF Search Complete
2026-01-30 05:19:29 | INFO     | [Worker_9223] Completed: TUU-CAI - 8 results, 0 errors
2026-01-30 05:19:29 | INFO     | [Worker_9223] Processing: GIZ-CAI
2026-01-30 05:19:29 | INFO     |   Tier 0: Range 4, Chunk 2/4 (8 days)
