2026-01-30 05:48:45 | INFO     | ======================================================================
2026-01-30 05:48:45 | INFO     | Load Factor Scraper Started - Route: TUU-ATZ
2026-01-30 05:48:45 | INFO     | Log file: D:\CODERED\LAB\Artifacts\outputs\run_generated_300126_at_05.16\logs\LF_TUU-ATZ_20260130_054845.log
2026-01-30 05:48:45 | INFO     | Enhanced logging: Capturing both logging.info() and print()
2026-01-30 05:48:45 | INFO     | ======================================================================
2026-01-30 05:48:45 | INFO     | Starting LF search for route: TUU-ATZ
2026-01-30 05:48:45 | INFO     | [START] LF Search
2026-01-30 05:48:46 | INFO     | [HEALTH CHECK] [OK] Chrome connection is healthy
2026-01-30 05:48:46 | INFO     | [DAY_START] Processing 20MAR
2026-01-30 05:48:46 | INFO     | [lf.day.start] Processing TUU-ATZ for 20MAR
2026-01-30 05:48:48 | INFO     | [lf.day.flights_found] Found 1 flights on 20MAR
2026-01-30 05:48:51 | INFO     | [lf.flight.extracted] SM328 on 20MAR: BKG=1, LF=0.6%
2026-01-30 05:48:56 | INFO     | [SUCCESS] Day 20MAR
2026-01-30 05:48:56 | INFO     | [DAY_START] Processing 19MAR
2026-01-30 05:48:56 | INFO     | [lf.day.start] Processing TUU-ATZ for 19MAR
2026-01-30 05:48:58 | WARNING  | [lf.day.no_flights] No direct flights on 19MAR
2026-01-30 05:48:58 | INFO     | [SUCCESS] Day 19MAR
2026-01-30 05:48:58 | INFO     | [DAY_START] Processing 18MAR
2026-01-30 05:48:58 | INFO     | [lf.day.start] Processing TUU-ATZ for 18MAR
2026-01-30 05:49:00 | WARNING  | [lf.day.no_flights] No direct flights on 18MAR
2026-01-30 05:49:00 | INFO     | [SUCCESS] Day 18MAR
2026-01-30 05:49:00 | INFO     | [DAY_START] Processing 17MAR
2026-01-30 05:49:00 | INFO     | [lf.day.start] Processing TUU-ATZ for 17MAR
2026-01-30 05:49:02 | WARNING  | [lf.day.no_flights] No direct flights on 17MAR
2026-01-30 05:49:02 | INFO     | [SUCCESS] Day 17MAR
2026-01-30 05:49:02 | INFO     | [DAY_START] Processing 16MAR
2026-01-30 05:49:02 | INFO     | [lf.day.start] Processing TUU-ATZ for 16MAR
2026-01-30 05:49:03 | WARNING  | [lf.day.no_flights] No direct flights on 16MAR
2026-01-30 05:49:03 | INFO     | [SUCCESS] Day 16MAR
2026-01-30 05:49:03 | INFO     | [DAY_START] Processing 15MAR
2026-01-30 05:49:03 | INFO     | [lf.day.start] Processing TUU-ATZ for 15MAR
2026-01-30 05:49:05 | WARNING  | [lf.day.no_flights] No direct flights on 15MAR
2026-01-30 05:49:05 | INFO     | [SUCCESS] Day 15MAR
2026-01-30 05:49:05 | INFO     | [DAY_START] Processing 14MAR
2026-01-30 05:49:05 | INFO     | [lf.day.start] Processing TUU-ATZ for 14MAR
2026-01-30 05:49:07 | WARNING  | [lf.day.no_flights] No direct flights on 14MAR
2026-01-30 05:49:07 | INFO     | [SUCCESS] Day 14MAR
2026-01-30 05:49:07 | INFO     | [DAY_START] Processing 13MAR
2026-01-30 05:49:07 | INFO     | [lf.day.start] Processing TUU-ATZ for 13MAR
2026-01-30 05:49:09 | INFO     | [lf.day.flights_found] Found 1 flights on 13MAR
2026-01-30 05:49:12 | INFO     | [lf.flight.extracted] SM328 on 13MAR: BKG=16, LF=9.6%
2026-01-30 05:49:16 | INFO     | [SUCCESS] Day 13MAR
2026-01-30 05:49:16 | INFO     | [DAY_START] Processing 12MAR
2026-01-30 05:49:16 | INFO     | [lf.day.start] Processing TUU-ATZ for 12MAR
2026-01-30 05:49:18 | WARNING  | [lf.day.no_flights] No direct flights on 12MAR
2026-01-30 05:49:18 | INFO     | [SUCCESS] Day 12MAR
2026-01-30 05:49:18 | INFO     | [DAY_START] Processing 11MAR
2026-01-30 05:49:18 | INFO     | [lf.day.start] Processing TUU-ATZ for 11MAR
2026-01-30 05:49:20 | WARNING  | [lf.day.no_flights] No direct flights on 11MAR
2026-01-30 05:49:20 | INFO     | [SUCCESS] Day 11MAR
2026-01-30 05:49:20 | INFO     | [SUCCESS] LF Search Complete
2026-01-30 05:49:33 | INFO     | [Worker_9227] Completed: TUU-ATZ - 10 results, 0 errors
2026-01-30 05:49:33 | INFO     | [Worker_9227] Processing: AJF-ATZ
2026-01-30 05:49:33 | INFO     |   Tier 0: Range 2, Chunk 2/3 (10 days)
