2026-01-30 05:55:24 | INFO     | ======================================================================
2026-01-30 05:55:24 | INFO     | Load Factor Scraper Started - Route: TUU-ATZ
2026-01-30 05:55:24 | INFO     | Log file: D:\CODERED\LAB\Artifacts\outputs\run_generated_300126_at_05.16\logs\LF_TUU-ATZ_20260130_055524.log
2026-01-30 05:55:24 | INFO     | Enhanced logging: Capturing both logging.info() and print()
2026-01-30 05:55:24 | INFO     | ======================================================================
2026-01-30 05:55:24 | INFO     | Starting LF search for route: TUU-ATZ
2026-01-30 05:55:24 | INFO     | [START] LF Search
2026-01-30 05:55:25 | INFO     | [HEALTH CHECK] [OK] Chrome connection is healthy
2026-01-30 05:55:25 | INFO     | [DAY_START] Processing 10MAR
2026-01-30 05:55:25 | INFO     | [lf.day.start] Processing TUU-ATZ for 10MAR
2026-01-30 05:55:26 | WARNING  | [lf.day.no_flights] No direct flights on 10MAR
2026-01-30 05:55:26 | INFO     | [SUCCESS] Day 10MAR
2026-01-30 05:55:26 | INFO     | [DAY_START] Processing 09MAR
2026-01-30 05:55:26 | INFO     | [lf.day.start] Processing TUU-ATZ for 09MAR
2026-01-30 05:55:27 | WARNING  | [lf.day.no_flights] No direct flights on 09MAR
2026-01-30 05:55:27 | INFO     | [SUCCESS] Day 09MAR
2026-01-30 05:55:27 | INFO     | [DAY_START] Processing 08MAR
2026-01-30 05:55:27 | INFO     | [lf.day.start] Processing TUU-ATZ for 08MAR
2026-01-30 05:55:29 | WARNING  | [lf.day.no_flights] No direct flights on 08MAR
2026-01-30 05:55:29 | INFO     | [SUCCESS] Day 08MAR
2026-01-30 05:55:29 | INFO     | [DAY_START] Processing 07MAR
2026-01-30 05:55:29 | INFO     | [lf.day.start] Processing TUU-ATZ for 07MAR
2026-01-30 05:55:30 | WARNING  | [lf.day.no_flights] No direct flights on 07MAR
2026-01-30 05:55:30 | INFO     | [SUCCESS] Day 07MAR
2026-01-30 05:55:30 | INFO     | [DAY_START] Processing 06MAR
2026-01-30 05:55:30 | INFO     | [lf.day.start] Processing TUU-ATZ for 06MAR
2026-01-30 05:55:31 | INFO     | [lf.day.flights_found] Found 1 flights on 06MAR
2026-01-30 05:55:33 | INFO     | [lf.flight.extracted] SM328 on 06MAR: BKG=42, LF=24.0%
2026-01-30 05:55:36 | INFO     | [SUCCESS] Day 06MAR
2026-01-30 05:55:36 | INFO     | [DAY_START] Processing 05MAR
2026-01-30 05:55:36 | INFO     | [lf.day.start] Processing TUU-ATZ for 05MAR
2026-01-30 05:55:38 | WARNING  | [lf.day.no_flights] No direct flights on 05MAR
2026-01-30 05:55:38 | INFO     | [SUCCESS] Day 05MAR
2026-01-30 05:55:38 | INFO     | [DAY_START] Processing 04MAR
2026-01-30 05:55:38 | INFO     | [lf.day.start] Processing TUU-ATZ for 04MAR
2026-01-30 05:55:39 | WARNING  | [lf.day.no_flights] No direct flights on 04MAR
2026-01-30 05:55:39 | INFO     | [SUCCESS] Day 04MAR
2026-01-30 05:55:39 | INFO     | [DAY_START] Processing 03MAR
2026-01-30 05:55:39 | INFO     | [lf.day.start] Processing TUU-ATZ for 03MAR
2026-01-30 05:55:40 | WARNING  | [lf.day.no_flights] No direct flights on 03MAR
2026-01-30 05:55:40 | INFO     | [SUCCESS] Day 03MAR
2026-01-30 05:55:40 | INFO     | [DAY_START] Processing 02MAR
2026-01-30 05:55:40 | INFO     | [lf.day.start] Processing TUU-ATZ for 02MAR
2026-01-30 05:55:41 | WARNING  | [lf.day.no_flights] No direct flights on 02MAR
2026-01-30 05:55:41 | INFO     | [SUCCESS] Day 02MAR
2026-01-30 05:55:41 | INFO     | [DAY_START] Processing 01MAR
2026-01-30 05:55:41 | INFO     | [lf.day.start] Processing TUU-ATZ for 01MAR
2026-01-30 05:55:42 | WARNING  | [lf.day.no_flights] No direct flights on 01MAR
2026-01-30 05:55:42 | INFO     | [SUCCESS] Day 01MAR
2026-01-30 05:55:42 | INFO     | [SUCCESS] LF Search Complete
2026-01-30 05:55:42 | INFO     | [Worker_9223] Completed: TUU-ATZ - 10 results, 0 errors
2026-01-30 05:55:42 | INFO     | [Worker_9223] Processing: AJF-CAI
2026-01-30 05:55:42 | INFO     |   Tier 0: Range 2, Chunk 3/3 (10 days)
