2026-01-30 05:55:19 | INFO     | ======================================================================
2026-01-30 05:55:19 | INFO     | Load Factor Scraper Started - Route: TUU-CAI
2026-01-30 05:55:19 | INFO     | Log file: D:\CODERED\LAB\Artifacts\outputs\run_generated_300126_at_05.16\logs\LF_TUU-CAI_20260130_055519.log
2026-01-30 05:55:19 | INFO     | Enhanced logging: Capturing both logging.info() and print()
2026-01-30 05:55:19 | INFO     | ======================================================================
2026-01-30 05:55:19 | INFO     | Starting LF search for route: TUU-CAI
2026-01-30 05:55:19 | INFO     | [START] LF Search
2026-01-30 05:55:20 | INFO     | [HEALTH CHECK] [OK] Chrome connection is healthy
2026-01-30 05:55:20 | INFO     | [DAY_START] Processing 10MAR
2026-01-30 05:55:20 | INFO     | [lf.day.start] Processing TUU-CAI for 10MAR
2026-01-30 05:55:21 | WARNING  | [lf.day.no_flights] No direct flights on 10MAR
2026-01-30 05:55:21 | INFO     | [SUCCESS] Day 10MAR
2026-01-30 05:55:21 | INFO     | [DAY_START] Processing 09MAR
2026-01-30 05:55:21 | INFO     | [lf.day.start] Processing TUU-CAI for 09MAR
2026-01-30 05:55:22 | WARNING  | [lf.day.no_flights] No direct flights on 09MAR
2026-01-30 05:55:22 | INFO     | [SUCCESS] Day 09MAR
2026-01-30 05:55:22 | INFO     | [DAY_START] Processing 08MAR
2026-01-30 05:55:22 | INFO     | [lf.day.start] Processing TUU-CAI for 08MAR
2026-01-30 05:55:24 | WARNING  | [lf.day.no_flights] No direct flights on 08MAR
2026-01-30 05:55:24 | INFO     | [SUCCESS] Day 08MAR
2026-01-30 05:55:24 | INFO     | [DAY_START] Processing 07MAR
2026-01-30 05:55:24 | INFO     | [lf.day.start] Processing TUU-CAI for 07MAR
2026-01-30 05:55:25 | INFO     | [lf.day.flights_found] Found 1 flights on 07MAR
2026-01-30 05:55:27 | INFO     | [lf.flight.extracted] SM326 on 07MAR: BKG=16, LF=15.2%
2026-01-30 05:55:30 | INFO     | [SUCCESS] Day 07MAR
2026-01-30 05:55:30 | INFO     | [DAY_START] Processing 06MAR
2026-01-30 05:55:30 | INFO     | [lf.day.start] Processing TUU-CAI for 06MAR
2026-01-30 05:55:31 | WARNING  | [lf.day.no_flights] No direct flights on 06MAR
2026-01-30 05:55:31 | INFO     | [SUCCESS] Day 06MAR
2026-01-30 05:55:31 | INFO     | [DAY_START] Processing 05MAR
2026-01-30 05:55:31 | INFO     | [lf.day.start] Processing TUU-CAI for 05MAR
2026-01-30 05:55:32 | INFO     | [lf.day.flights_found] Found 1 flights on 05MAR
2026-01-30 05:55:34 | INFO     | [lf.flight.extracted] SM326 on 05MAR: BKG=49, LF=28.0%
2026-01-30 05:55:38 | INFO     | [SUCCESS] Day 05MAR
2026-01-30 05:55:38 | INFO     | [DAY_START] Processing 04MAR
2026-01-30 05:55:38 | INFO     | [lf.day.start] Processing TUU-CAI for 04MAR
2026-01-30 05:55:39 | INFO     | [lf.day.flights_found] Found 1 flights on 04MAR
2026-01-30 05:55:42 | INFO     | [lf.flight.extracted] SM326 on 04MAR: BKG=26, LF=15.1%
2026-01-30 05:55:45 | INFO     | [SUCCESS] Day 04MAR
2026-01-30 05:55:45 | INFO     | [DAY_START] Processing 03MAR
2026-01-30 05:55:45 | INFO     | [lf.day.start] Processing TUU-CAI for 03MAR
2026-01-30 05:55:46 | WARNING  | [lf.day.no_flights] No direct flights on 03MAR
2026-01-30 05:55:46 | INFO     | [SUCCESS] Day 03MAR
2026-01-30 05:55:46 | INFO     | [DAY_START] Processing 02MAR
2026-01-30 05:55:46 | INFO     | [lf.day.start] Processing TUU-CAI for 02MAR
2026-01-30 05:55:47 | WARNING  | [lf.day.no_flights] No direct flights on 02MAR
2026-01-30 05:55:47 | INFO     | [SUCCESS] Day 02MAR
2026-01-30 05:55:47 | INFO     | [DAY_START] Processing 01MAR
2026-01-30 05:55:47 | INFO     | [lf.day.start] Processing TUU-CAI for 01MAR
2026-01-30 05:55:49 | WARNING  | [lf.day.no_flights] No direct flights on 01MAR
2026-01-30 05:55:49 | INFO     | [SUCCESS] Day 01MAR
2026-01-30 05:55:49 | INFO     | [SUCCESS] LF Search Complete
2026-01-30 05:55:49 | INFO     | [Worker_9232] Completed: TUU-CAI - 10 results, 0 errors
2026-01-30 05:55:49 | INFO     | [Worker_9232] Processing: YNB-CAI
2026-01-30 05:55:49 | INFO     |   Tier 0: Range 2, Chunk 3/3 (10 days)
