2026-01-30 06:05:53 | INFO     | ======================================================================
2026-01-30 06:05:53 | INFO     | Load Factor Scraper Started - Route: TUU-CAI
2026-01-30 06:05:53 | INFO     | Log file: D:\CODERED\LAB\Artifacts\outputs\run_generated_300126_at_05.16\logs\LF_TUU-CAI_20260130_060553.log
2026-01-30 06:05:53 | INFO     | Enhanced logging: Capturing both logging.info() and print()
2026-01-30 06:05:53 | INFO     | ======================================================================
2026-01-30 06:05:53 | INFO     | Starting LF search for route: TUU-CAI
2026-01-30 06:05:53 | INFO     | [START] LF Search
2026-01-30 06:05:53 | INFO     | [HEALTH CHECK] [OK] Chrome connection is healthy
2026-01-30 06:05:53 | INFO     | [DAY_START] Processing 18FEB
2026-01-30 06:05:53 | INFO     | [lf.day.start] Processing TUU-CAI for 18FEB
2026-01-30 06:05:55 | INFO     | [lf.day.flights_found] Found 1 flights on 18FEB
2026-01-30 06:05:57 | INFO     | [lf.flight.extracted] SM326 on 18FEB: BKG=10, LF=5.7%
2026-01-30 06:05:59 | INFO     | [SUCCESS] Day 18FEB
2026-01-30 06:05:59 | INFO     | [DAY_START] Processing 17FEB
2026-01-30 06:05:59 | INFO     | [lf.day.start] Processing TUU-CAI for 17FEB
2026-01-30 06:06:00 | WARNING  | [lf.day.no_flights] No direct flights on 17FEB
2026-01-30 06:06:00 | INFO     | [SUCCESS] Day 17FEB
2026-01-30 06:06:00 | INFO     | [DAY_START] Processing 16FEB
2026-01-30 06:06:00 | INFO     | [lf.day.start] Processing TUU-CAI for 16FEB
2026-01-30 06:06:01 | WARNING  | [lf.day.no_flights] No direct flights on 16FEB
2026-01-30 06:06:01 | INFO     | [SUCCESS] Day 16FEB
2026-01-30 06:06:01 | INFO     | [DAY_START] Processing 15FEB
2026-01-30 06:06:01 | INFO     | [lf.day.start] Processing TUU-CAI for 15FEB
2026-01-30 06:06:03 | WARNING  | [lf.day.no_flights] No direct flights on 15FEB
2026-01-30 06:06:03 | INFO     | [SUCCESS] Day 15FEB
2026-01-30 06:06:03 | INFO     | [DAY_START] Processing 14FEB
2026-01-30 06:06:03 | INFO     | [lf.day.start] Processing TUU-CAI for 14FEB
2026-01-30 06:06:04 | INFO     | [lf.day.flights_found] Found 1 flights on 14FEB
2026-01-30 06:06:06 | INFO     | [lf.flight.extracted] SM326 on 14FEB: BKG=26, LF=26.8%
2026-01-30 06:06:09 | INFO     | [SUCCESS] Day 14FEB
2026-01-30 06:06:09 | INFO     | [DAY_START] Processing 13FEB
2026-01-30 06:06:09 | INFO     | [lf.day.start] Processing TUU-CAI for 13FEB
2026-01-30 06:06:10 | WARNING  | [lf.day.no_flights] No direct flights on 13FEB
2026-01-30 06:06:10 | INFO     | [SUCCESS] Day 13FEB
2026-01-30 06:06:10 | INFO     | [DAY_START] Processing 12FEB
2026-01-30 06:06:10 | INFO     | [lf.day.start] Processing TUU-CAI for 12FEB
2026-01-30 06:06:12 | INFO     | [lf.day.flights_found] Found 1 flights on 12FEB
2026-01-30 06:06:14 | INFO     | [lf.flight.extracted] SM326 on 12FEB: BKG=49, LF=28.0%
2026-01-30 06:06:18 | INFO     | [SUCCESS] Day 12FEB
2026-01-30 06:06:18 | INFO     | [DAY_START] Processing 11FEB
2026-01-30 06:06:18 | INFO     | [lf.day.start] Processing TUU-CAI for 11FEB
2026-01-30 06:06:19 | INFO     | [lf.day.flights_found] Found 1 flights on 11FEB
2026-01-30 06:06:21 | INFO     | [lf.flight.extracted] SM326 on 11FEB: BKG=36, LF=20.6%
2026-01-30 06:06:24 | INFO     | [SUCCESS] Day 11FEB
2026-01-30 06:06:24 | INFO     | [DAY_START] Processing 10FEB
2026-01-30 06:06:24 | INFO     | [lf.day.start] Processing TUU-CAI for 10FEB
2026-01-30 06:06:25 | WARNING  | [lf.day.no_flights] No direct flights on 10FEB
2026-01-30 06:06:25 | INFO     | [SUCCESS] Day 10FEB
2026-01-30 06:06:25 | INFO     | [DAY_START] Processing 09FEB
2026-01-30 06:06:25 | INFO     | [lf.day.start] Processing TUU-CAI for 09FEB
2026-01-30 06:06:26 | WARNING  | [lf.day.no_flights] No direct flights on 09FEB
2026-01-30 06:06:26 | INFO     | [SUCCESS] Day 09FEB
2026-01-30 06:06:26 | INFO     | [SUCCESS] LF Search Complete
2026-01-30 06:06:26 | INFO     | [Worker_9233] Completed: TUU-CAI - 10 results, 0 errors
2026-01-30 06:06:26 | INFO     | [Worker_9233] Processing: AJF-ATZ
2026-01-30 06:06:26 | INFO     |   Tier 0: Range 1, Chunk 2/3 (10 days)
