2026-01-30 06:06:21 | INFO     | ======================================================================
2026-01-30 06:06:21 | INFO     | Load Factor Scraper Started - Route: TUU-ATZ
2026-01-30 06:06:21 | INFO     | Log file: D:\CODERED\LAB\Artifacts\outputs\run_generated_300126_at_05.16\logs\LF_TUU-ATZ_20260130_060621.log
2026-01-30 06:06:21 | INFO     | Enhanced logging: Capturing both logging.info() and print()
2026-01-30 06:06:21 | INFO     | ======================================================================
2026-01-30 06:06:21 | INFO     | Starting LF search for route: TUU-ATZ
2026-01-30 06:06:21 | INFO     | [START] LF Search
2026-01-30 06:06:22 | INFO     | [HEALTH CHECK] [OK] Chrome connection is healthy
2026-01-30 06:06:22 | INFO     | [DAY_START] Processing 18FEB
2026-01-30 06:06:22 | INFO     | [lf.day.start] Processing TUU-ATZ for 18FEB
2026-01-30 06:06:23 | WARNING  | [lf.day.no_flights] No direct flights on 18FEB
2026-01-30 06:06:23 | INFO     | [SUCCESS] Day 18FEB
2026-01-30 06:06:23 | INFO     | [DAY_START] Processing 17FEB
2026-01-30 06:06:23 | INFO     | [lf.day.start] Processing TUU-ATZ for 17FEB
2026-01-30 06:06:25 | WARNING  | [lf.day.no_flights] No direct flights on 17FEB
2026-01-30 06:06:25 | INFO     | [SUCCESS] Day 17FEB
2026-01-30 06:06:25 | INFO     | [DAY_START] Processing 16FEB
2026-01-30 06:06:25 | INFO     | [lf.day.start] Processing TUU-ATZ for 16FEB
2026-01-30 06:06:26 | WARNING  | [lf.day.no_flights] No direct flights on 16FEB
2026-01-30 06:06:26 | INFO     | [SUCCESS] Day 16FEB
2026-01-30 06:06:26 | INFO     | [DAY_START] Processing 15FEB
2026-01-30 06:06:26 | INFO     | [lf.day.start] Processing TUU-ATZ for 15FEB
2026-01-30 06:06:27 | WARNING  | [lf.day.no_flights] No direct flights on 15FEB
2026-01-30 06:06:27 | INFO     | [SUCCESS] Day 15FEB
2026-01-30 06:06:27 | INFO     | [DAY_START] Processing 14FEB
2026-01-30 06:06:27 | INFO     | [lf.day.start] Processing TUU-ATZ for 14FEB
2026-01-30 06:06:28 | WARNING  | [lf.day.no_flights] No direct flights on 14FEB
2026-01-30 06:06:28 | INFO     | [SUCCESS] Day 14FEB
2026-01-30 06:06:28 | INFO     | [DAY_START] Processing 13FEB
2026-01-30 06:06:28 | INFO     | [lf.day.start] Processing TUU-ATZ for 13FEB
2026-01-30 06:06:29 | INFO     | [lf.day.flights_found] Found 1 flights on 13FEB
2026-01-30 06:06:31 | INFO     | [lf.flight.extracted] SM328 on 13FEB: BKG=67, LF=38.3%
2026-01-30 06:06:36 | INFO     | [SUCCESS] Day 13FEB
2026-01-30 06:06:36 | INFO     | [DAY_START] Processing 12FEB
2026-01-30 06:06:36 | INFO     | [lf.day.start] Processing TUU-ATZ for 12FEB
2026-01-30 06:06:37 | WARNING  | [lf.day.no_flights] No direct flights on 12FEB
2026-01-30 06:06:37 | INFO     | [SUCCESS] Day 12FEB
2026-01-30 06:06:37 | INFO     | [DAY_START] Processing 11FEB
2026-01-30 06:06:37 | INFO     | [lf.day.start] Processing TUU-ATZ for 11FEB
2026-01-30 06:06:38 | WARNING  | [lf.day.no_flights] No direct flights on 11FEB
2026-01-30 06:06:38 | INFO     | [SUCCESS] Day 11FEB
2026-01-30 06:06:38 | INFO     | [DAY_START] Processing 10FEB
2026-01-30 06:06:38 | INFO     | [lf.day.start] Processing TUU-ATZ for 10FEB
2026-01-30 06:06:39 | WARNING  | [lf.day.no_flights] No direct flights on 10FEB
2026-01-30 06:06:39 | INFO     | [SUCCESS] Day 10FEB
2026-01-30 06:06:39 | INFO     | [DAY_START] Processing 09FEB
2026-01-30 06:06:39 | INFO     | [lf.day.start] Processing TUU-ATZ for 09FEB
2026-01-30 06:06:40 | WARNING  | [lf.day.no_flights] No direct flights on 09FEB
2026-01-30 06:06:40 | INFO     | [SUCCESS] Day 09FEB
2026-01-30 06:06:40 | INFO     | [SUCCESS] LF Search Complete
2026-01-30 06:06:40 | INFO     | [Worker_9234] Completed: TUU-ATZ - 10 results, 0 errors
2026-01-30 06:06:40 | INFO     | [Worker_9234] Processing: AHB-CAI
2026-01-30 06:06:40 | INFO     |   Tier 0: Range 1, Chunk 2/3 (10 days)
