2026-01-30 05:19:03 | INFO     | ======================================================================
2026-01-30 05:19:03 | INFO     | Load Factor Scraper Started - Route: TUU-ATZ
2026-01-30 05:19:03 | INFO     | Log file: D:\CODERED\LAB\Artifacts\outputs\run_generated_300126_at_05.16\logs\LF_TUU-ATZ_20260130_051903.log
2026-01-30 05:19:03 | INFO     | Enhanced logging: Capturing both logging.info() and print()
2026-01-30 05:19:03 | INFO     | ======================================================================
2026-01-30 05:19:03 | INFO     | Starting LF search for route: TUU-ATZ
2026-01-30 05:19:03 | INFO     | [START] LF Search
2026-01-30 05:19:04 | INFO     | [HEALTH CHECK] [OK] Chrome connection is healthy
2026-01-30 05:19:04 | INFO     | [DAY_START] Processing 22MAY
2026-01-30 05:19:04 | INFO     | [lf.day.start] Processing TUU-ATZ for 22MAY
2026-01-30 05:19:05 | WARNING  | [lf.day.no_flights] No direct flights on 22MAY
2026-01-30 05:19:05 | INFO     | [SUCCESS] Day 22MAY
2026-01-30 05:19:05 | INFO     | [DAY_START] Processing 21MAY
2026-01-30 05:19:05 | INFO     | [lf.day.start] Processing TUU-ATZ for 21MAY
2026-01-30 05:19:06 | WARNING  | [lf.day.no_flights] No direct flights on 21MAY
2026-01-30 05:19:06 | INFO     | [SUCCESS] Day 21MAY
2026-01-30 05:19:06 | INFO     | [DAY_START] Processing 20MAY
2026-01-30 05:19:06 | INFO     | [lf.day.start] Processing TUU-ATZ for 20MAY
2026-01-30 05:19:07 | WARNING  | [lf.day.no_flights] No direct flights on 20MAY
2026-01-30 05:19:07 | INFO     | [SUCCESS] Day 20MAY
2026-01-30 05:19:07 | INFO     | [DAY_START] Processing 19MAY
2026-01-30 05:19:07 | INFO     | [lf.day.start] Processing TUU-ATZ for 19MAY
2026-01-30 05:19:08 | WARNING  | [lf.day.no_flights] No direct flights on 19MAY
2026-01-30 05:19:08 | INFO     | [SUCCESS] Day 19MAY
2026-01-30 05:19:08 | INFO     | [DAY_START] Processing 18MAY
2026-01-30 05:19:08 | INFO     | [lf.day.start] Processing TUU-ATZ for 18MAY
2026-01-30 05:19:10 | WARNING  | [lf.day.no_flights] No direct flights on 18MAY
2026-01-30 05:19:10 | INFO     | [SUCCESS] Day 18MAY
2026-01-30 05:19:10 | INFO     | [DAY_START] Processing 17MAY
2026-01-30 05:19:10 | INFO     | [lf.day.start] Processing TUU-ATZ for 17MAY
2026-01-30 05:19:11 | WARNING  | [lf.day.no_flights] No direct flights on 17MAY
2026-01-30 05:19:11 | INFO     | [SUCCESS] Day 17MAY
2026-01-30 05:19:11 | INFO     | [DAY_START] Processing 16MAY
2026-01-30 05:19:11 | INFO     | [lf.day.start] Processing TUU-ATZ for 16MAY
2026-01-30 05:19:12 | WARNING  | [lf.day.no_flights] No direct flights on 16MAY
2026-01-30 05:19:12 | INFO     | [SUCCESS] Day 16MAY
2026-01-30 05:19:12 | INFO     | [DAY_START] Processing 15MAY
2026-01-30 05:19:12 | INFO     | [lf.day.start] Processing TUU-ATZ for 15MAY
2026-01-30 05:19:13 | WARNING  | [lf.day.no_flights] No direct flights on 15MAY
2026-01-30 05:19:13 | INFO     | [SUCCESS] Day 15MAY
2026-01-30 05:19:13 | INFO     | [SUCCESS] LF Search Complete
2026-01-30 05:19:13 | INFO     | [Worker_9222] Completed: TUU-ATZ - 8 results, 0 errors
2026-01-30 05:19:13 | INFO     | [Worker_9222] Processing: YNB-CAI
2026-01-30 05:19:13 | INFO     |   Tier 0: Range 4, Chunk 2/4 (8 days)
