2026-01-30 05:38:25 | INFO     | ======================================================================
2026-01-30 05:38:25 | INFO     | Load Factor Scraper Started - Route: TUU-ATZ
2026-01-30 05:38:25 | INFO     | Log file: D:\CODERED\LAB\Artifacts\outputs\run_generated_300126_at_05.16\logs\LF_TUU-ATZ_20260130_053825.log
2026-01-30 05:38:25 | INFO     | Enhanced logging: Capturing both logging.info() and print()
2026-01-30 05:38:25 | INFO     | ======================================================================
2026-01-30 05:38:25 | INFO     | Starting LF search for route: TUU-ATZ
2026-01-30 05:38:25 | INFO     | [START] LF Search
2026-01-30 05:38:26 | INFO     | [HEALTH CHECK] [OK] Chrome connection is healthy
2026-01-30 05:38:27 | INFO     | [DAY_START] Processing 30MAR
2026-01-30 05:38:27 | INFO     | [lf.day.start] Processing TUU-ATZ for 30MAR
2026-01-30 05:38:30 | WARNING  | [lf.day.no_flights] No direct flights on 30MAR
2026-01-30 05:38:30 | INFO     | [SUCCESS] Day 30MAR
2026-01-30 05:38:30 | INFO     | [DAY_START] Processing 29MAR
2026-01-30 05:38:30 | INFO     | [lf.day.start] Processing TUU-ATZ for 29MAR
2026-01-30 05:38:33 | WARNING  | [lf.day.no_flights] No direct flights on 29MAR
2026-01-30 05:38:33 | INFO     | [SUCCESS] Day 29MAR
2026-01-30 05:38:33 | INFO     | [DAY_START] Processing 28MAR
2026-01-30 05:38:33 | INFO     | [lf.day.start] Processing TUU-ATZ for 28MAR
2026-01-30 05:38:36 | WARNING  | [lf.day.no_flights] No direct flights on 28MAR
2026-01-30 05:38:36 | INFO     | [SUCCESS] Day 28MAR
2026-01-30 05:38:36 | INFO     | [DAY_START] Processing 27MAR
2026-01-30 05:38:36 | INFO     | [lf.day.start] Processing TUU-ATZ for 27MAR
2026-01-30 05:38:38 | INFO     | [lf.day.flights_found] Found 1 flights on 27MAR
2026-01-30 05:38:43 | INFO     | [lf.flight.extracted] SM328 on 27MAR: BKG=0, LF=0.0%
2026-01-30 05:38:47 | INFO     | [SUCCESS] Day 27MAR
2026-01-30 05:38:47 | INFO     | [DAY_START] Processing 26MAR
2026-01-30 05:38:47 | INFO     | [lf.day.start] Processing TUU-ATZ for 26MAR
2026-01-30 05:38:49 | WARNING  | [lf.day.no_flights] No direct flights on 26MAR
2026-01-30 05:38:49 | INFO     | [SUCCESS] Day 26MAR
2026-01-30 05:38:49 | INFO     | [DAY_START] Processing 25MAR
2026-01-30 05:38:49 | INFO     | [lf.day.start] Processing TUU-ATZ for 25MAR
2026-01-30 05:38:52 | WARNING  | [lf.day.no_flights] No direct flights on 25MAR
2026-01-30 05:38:52 | INFO     | [SUCCESS] Day 25MAR
2026-01-30 05:38:52 | INFO     | [DAY_START] Processing 24MAR
2026-01-30 05:38:52 | INFO     | [lf.day.start] Processing TUU-ATZ for 24MAR
2026-01-30 05:38:56 | WARNING  | [lf.day.no_flights] No direct flights on 24MAR
2026-01-30 05:38:56 | INFO     | [SUCCESS] Day 24MAR
2026-01-30 05:38:56 | INFO     | [DAY_START] Processing 23MAR
2026-01-30 05:38:56 | INFO     | [lf.day.start] Processing TUU-ATZ for 23MAR
2026-01-30 05:38:59 | WARNING  | [lf.day.no_flights] No direct flights on 23MAR
2026-01-30 05:38:59 | INFO     | [SUCCESS] Day 23MAR
2026-01-30 05:38:59 | INFO     | [DAY_START] Processing 22MAR
2026-01-30 05:38:59 | INFO     | [lf.day.start] Processing TUU-ATZ for 22MAR
2026-01-30 05:39:02 | WARNING  | [lf.day.no_flights] No direct flights on 22MAR
2026-01-30 05:39:02 | INFO     | [SUCCESS] Day 22MAR
2026-01-30 05:39:02 | INFO     | [DAY_START] Processing 21MAR
2026-01-30 05:39:02 | INFO     | [lf.day.start] Processing TUU-ATZ for 21MAR
2026-01-30 05:39:05 | WARNING  | [lf.day.no_flights] No direct flights on 21MAR
2026-01-30 05:39:05 | INFO     | [SUCCESS] Day 21MAR
2026-01-30 05:39:05 | INFO     | [SUCCESS] LF Search Complete
2026-01-30 05:39:05 | INFO     | [Worker_9224] Completed: TUU-ATZ - 10 results, 0 errors
2026-01-30 05:39:05 | INFO     | [Worker_9224] Processing: AJF-ATZ
2026-01-30 05:39:05 | INFO     |   Tier 0: Range 2, Chunk 1/3 (10 days)
