2026-01-30 06:12:15 | INFO     | ======================================================================
2026-01-30 06:12:15 | INFO     | Load Factor Scraper Started - Route: YNB-CAI
2026-01-30 06:12:15 | INFO     | Log file: D:\CODERED\LAB\Artifacts\outputs\run_generated_300126_at_05.16\logs\LF_YNB-CAI_20260130_061214.log
2026-01-30 06:12:15 | INFO     | Enhanced logging: Capturing both logging.info() and print()
2026-01-30 06:12:15 | INFO     | ======================================================================
2026-01-30 06:12:15 | INFO     | Starting LF search for route: YNB-CAI
2026-01-30 06:12:15 | INFO     | [START] LF Search
2026-01-30 06:12:15 | INFO     | [HEALTH CHECK] [OK] Chrome connection is healthy
2026-01-30 06:12:15 | INFO     | [DAY_START] Processing 08FEB
2026-01-30 06:12:15 | INFO     | [lf.day.start] Processing YNB-CAI for 08FEB
2026-01-30 06:12:17 | INFO     | [lf.day.flights_found] Found 4 flights on 08FEB
2026-01-30 06:12:19 | INFO     | [lf.flight.extracted] SM982 on 08FEB: BKG=5, LF=2.9%
2026-01-30 06:12:22 | INFO     | [lf.flight.extracted] SM442 on 08FEB: BKG=146, LF=84.9%
2026-01-30 06:12:26 | INFO     | [lf.flight.extracted] SM984 on 08FEB: BKG=20, LF=11.4%
2026-01-30 06:12:30 | INFO     | [lf.flight.extracted] SM986 on 08FEB: BKG=5, LF=2.9%
2026-01-30 06:12:41 | INFO     | [SUCCESS] Day 08FEB
2026-01-30 06:12:41 | INFO     | [DAY_START] Processing 07FEB
2026-01-30 06:12:41 | INFO     | [lf.day.start] Processing YNB-CAI for 07FEB
2026-01-30 06:12:42 | INFO     | [lf.day.flights_found] Found 1 flights on 07FEB
2026-01-30 06:12:44 | INFO     | [lf.flight.extracted] SM442 on 07FEB: BKG=169, LF=96.6%
2026-01-30 06:12:49 | INFO     | [SUCCESS] Day 07FEB
2026-01-30 06:12:49 | INFO     | [DAY_START] Processing 06FEB
2026-01-30 06:12:49 | INFO     | [lf.day.start] Processing YNB-CAI for 06FEB
2026-01-30 06:12:50 | INFO     | [lf.day.flights_found] Found 1 flights on 06FEB
2026-01-30 06:12:52 | INFO     | [lf.flight.extracted] SM442 on 06FEB: BKG=142, LF=81.1%
2026-01-30 06:12:57 | INFO     | [SUCCESS] Day 06FEB
2026-01-30 06:12:57 | INFO     | [DAY_START] Processing 05FEB
2026-01-30 06:12:57 | INFO     | [lf.day.start] Processing YNB-CAI for 05FEB
2026-01-30 06:12:59 | INFO     | [lf.day.flights_found] Found 1 flights on 05FEB
2026-01-30 06:13:00 | INFO     | [lf.flight.extracted] SM442 on 05FEB: BKG=177, LF=99.4%
2026-01-30 06:13:06 | INFO     | [SUCCESS] Day 05FEB
2026-01-30 06:13:06 | INFO     | [DAY_START] Processing 04FEB
2026-01-30 06:13:06 | INFO     | [lf.day.start] Processing YNB-CAI for 04FEB
2026-01-30 06:13:07 | INFO     | [lf.day.flights_found] Found 1 flights on 04FEB
2026-01-30 06:13:09 | INFO     | [lf.flight.extracted] SM442 on 04FEB: BKG=173, LF=98.9%
2026-01-30 06:13:14 | INFO     | [SUCCESS] Day 04FEB
2026-01-30 06:13:14 | INFO     | [DAY_START] Processing 03FEB
2026-01-30 06:13:14 | INFO     | [lf.day.start] Processing YNB-CAI for 03FEB
2026-01-30 06:13:15 | INFO     | [lf.day.flights_found] Found 1 flights on 03FEB
2026-01-30 06:13:17 | INFO     | [lf.flight.extracted] SM442 on 03FEB: BKG=172, LF=100.0%
2026-01-30 06:13:23 | INFO     | [SUCCESS] Day 03FEB
2026-01-30 06:13:23 | INFO     | [DAY_START] Processing 02FEB
2026-01-30 06:13:23 | INFO     | [lf.day.start] Processing YNB-CAI for 02FEB
2026-01-30 06:13:24 | INFO     | [lf.day.flights_found] Found 1 flights on 02FEB
2026-01-30 06:13:26 | INFO     | [lf.flight.extracted] SM442 on 02FEB: BKG=175, LF=100.0%
2026-01-30 06:13:31 | INFO     | [SUCCESS] Day 02FEB
2026-01-30 06:13:31 | INFO     | [DAY_START] Processing 01FEB
2026-01-30 06:13:31 | INFO     | [lf.day.start] Processing YNB-CAI for 01FEB
2026-01-30 06:13:32 | INFO     | [lf.day.flights_found] Found 1 flights on 01FEB
2026-01-30 06:13:35 | INFO     | [lf.flight.extracted] SM442 on 01FEB: BKG=177, LF=99.4%
2026-01-30 06:13:40 | INFO     | [SUCCESS] Day 01FEB
2026-01-30 06:13:40 | INFO     | [DAY_START] Processing 31JAN
2026-01-30 06:13:40 | INFO     | [lf.day.start] Processing YNB-CAI for 31JAN
2026-01-30 06:13:41 | INFO     | [lf.day.flights_found] Found 1 flights on 31JAN
2026-01-30 06:13:43 | INFO     | [lf.flight.extracted] SM442 on 31JAN: BKG=178, LF=100.0%
2026-01-30 06:13:46 | INFO     | [SUCCESS] Day 31JAN
2026-01-30 06:13:46 | INFO     | [SUCCESS] LF Search Complete
2026-01-30 06:13:46 | INFO     | [Worker_9223] Completed: YNB-CAI - 9 results, 0 errors
2026-01-30 06:13:46 | INFO     | [Worker_9223] Processing: ASW-JED
2026-01-30 06:13:46 | INFO     |   Tier 0: Range 1, Chunk 3/3 (10 days)
