2026-01-30 05:49:52 | INFO     | ======================================================================
2026-01-30 05:49:52 | INFO     | Load Factor Scraper Started - Route: YNB-CAI
2026-01-30 05:49:52 | INFO     | Log file: D:\CODERED\LAB\Artifacts\outputs\run_generated_300126_at_05.16\logs\LF_YNB-CAI_20260130_054952.log
2026-01-30 05:49:52 | INFO     | Enhanced logging: Capturing both logging.info() and print()
2026-01-30 05:49:52 | INFO     | ======================================================================
2026-01-30 05:49:52 | INFO     | Starting LF search for route: YNB-CAI
2026-01-30 05:49:52 | INFO     | [START] LF Search
2026-01-30 05:49:53 | INFO     | [HEALTH CHECK] [OK] Chrome connection is healthy
2026-01-30 05:49:54 | INFO     | [DAY_START] Processing 20MAR
2026-01-30 05:49:54 | INFO     | [lf.day.start] Processing YNB-CAI for 20MAR
2026-01-30 05:49:58 | INFO     | [lf.day.flights_found] Found 2 flights on 20MAR
2026-01-30 05:50:06 | INFO     | [lf.flight.extracted] SM942 on 20MAR: BKG=180, LF=107.8%
2026-01-30 05:50:12 | INFO     | [lf.flight.extracted] SM442 on 20MAR: BKG=93, LF=53.1%
2026-01-30 05:50:18 | INFO     | [SUCCESS] Day 20MAR
2026-01-30 05:50:18 | INFO     | [DAY_START] Processing 19MAR
2026-01-30 05:50:18 | INFO     | [lf.day.start] Processing YNB-CAI for 19MAR
2026-01-30 05:50:20 | INFO     | [lf.day.flights_found] Found 2 flights on 19MAR
2026-01-30 05:50:23 | INFO     | [lf.flight.extracted] SM988 on 19MAR: BKG=8, LF=4.8%
2026-01-30 05:50:27 | INFO     | [lf.flight.extracted] SM442 on 19MAR: BKG=11, LF=6.3%
2026-01-30 05:50:34 | INFO     | [SUCCESS] Day 19MAR
2026-01-30 05:50:34 | INFO     | [DAY_START] Processing 18MAR
2026-01-30 05:50:34 | INFO     | [lf.day.start] Processing YNB-CAI for 18MAR
2026-01-30 05:50:36 | INFO     | [lf.day.flights_found] Found 1 flights on 18MAR
2026-01-30 05:50:38 | INFO     | [lf.flight.extracted] SM442 on 18MAR: BKG=28, LF=16.0%
2026-01-30 05:50:43 | INFO     | [SUCCESS] Day 18MAR
2026-01-30 05:50:43 | INFO     | [DAY_START] Processing 17MAR
2026-01-30 05:50:43 | INFO     | [lf.day.start] Processing YNB-CAI for 17MAR
2026-01-30 05:50:45 | INFO     | [lf.day.flights_found] Found 1 flights on 17MAR
2026-01-30 05:50:48 | INFO     | [lf.flight.extracted] SM442 on 17MAR: BKG=14, LF=8.0%
2026-01-30 05:50:52 | INFO     | [SUCCESS] Day 17MAR
2026-01-30 05:50:52 | INFO     | [DAY_START] Processing 16MAR
2026-01-30 05:50:52 | INFO     | [lf.day.start] Processing YNB-CAI for 16MAR
2026-01-30 05:50:54 | INFO     | [lf.day.flights_found] Found 1 flights on 16MAR
2026-01-30 05:50:57 | INFO     | [lf.flight.extracted] SM442 on 16MAR: BKG=16, LF=9.1%
2026-01-30 05:51:01 | INFO     | [SUCCESS] Day 16MAR
2026-01-30 05:51:01 | INFO     | [DAY_START] Processing 15MAR
2026-01-30 05:51:01 | INFO     | [lf.day.start] Processing YNB-CAI for 15MAR
2026-01-30 05:51:03 | INFO     | [lf.day.flights_found] Found 1 flights on 15MAR
2026-01-30 05:51:06 | INFO     | [lf.flight.extracted] SM442 on 15MAR: BKG=12, LF=6.9%
2026-01-30 05:51:10 | INFO     | [SUCCESS] Day 15MAR
2026-01-30 05:51:10 | INFO     | [DAY_START] Processing 14MAR
2026-01-30 05:51:10 | INFO     | [lf.day.start] Processing YNB-CAI for 14MAR
2026-01-30 05:51:13 | INFO     | [lf.day.flights_found] Found 1 flights on 14MAR
2026-01-30 05:51:19 | INFO     | [lf.flight.extracted] SM442 on 14MAR: BKG=5, LF=2.9%
2026-01-30 05:51:24 | INFO     | [SUCCESS] Day 14MAR
2026-01-30 05:51:24 | INFO     | [DAY_START] Processing 13MAR
2026-01-30 05:51:24 | INFO     | [lf.day.start] Processing YNB-CAI for 13MAR
2026-01-30 05:51:26 | INFO     | [lf.day.flights_found] Found 1 flights on 13MAR
2026-01-30 05:51:30 | INFO     | [lf.flight.extracted] SM442 on 13MAR: BKG=51, LF=29.1%
2026-01-30 05:51:37 | INFO     | [SUCCESS] Day 13MAR
2026-01-30 05:51:37 | INFO     | [DAY_START] Processing 12MAR
2026-01-30 05:51:37 | INFO     | [lf.day.start] Processing YNB-CAI for 12MAR
2026-01-30 05:51:39 | INFO     | [lf.day.flights_found] Found 1 flights on 12MAR
2026-01-30 05:51:43 | INFO     | [lf.flight.extracted] SM442 on 12MAR: BKG=62, LF=35.4%
2026-01-30 05:51:52 | INFO     | [SUCCESS] Day 12MAR
2026-01-30 05:51:52 | INFO     | [DAY_START] Processing 11MAR
2026-01-30 05:51:52 | INFO     | [lf.day.start] Processing YNB-CAI for 11MAR
2026-01-30 05:51:54 | INFO     | [lf.day.flights_found] Found 1 flights on 11MAR
2026-01-30 05:51:57 | INFO     | [lf.flight.extracted] SM442 on 11MAR: BKG=27, LF=15.4%
2026-01-30 05:52:04 | INFO     | [SUCCESS] Day 11MAR
2026-01-30 05:52:04 | INFO     | [SUCCESS] LF Search Complete
2026-01-30 05:52:04 | INFO     | [Worker_9222] Completed: YNB-CAI - 10 results, 0 errors
2026-01-30 05:52:04 | INFO     | [Worker_9222] Processing: ASW-JED
2026-01-30 05:52:04 | INFO     |   Tier 0: Range 2, Chunk 2/3 (10 days)
