2026-01-30 05:17:04 | INFO     | ======================================================================
2026-01-30 05:17:04 | INFO     | Load Factor Scraper Started - Route: YNB-CAI
2026-01-30 05:17:04 | INFO     | Log file: D:\CODERED\LAB\Artifacts\outputs\run_generated_300126_at_05.16\logs\LF_YNB-CAI_20260130_051704.log
2026-01-30 05:17:04 | INFO     | Enhanced logging: Capturing both logging.info() and print()
2026-01-30 05:17:04 | INFO     | ======================================================================
2026-01-30 05:17:04 | INFO     | Starting LF search for route: YNB-CAI
2026-01-30 05:17:04 | INFO     | [START] LF Search
2026-01-30 05:17:05 | INFO     | [HEALTH CHECK] [OK] Chrome connection is healthy
2026-01-30 05:17:05 | INFO     | [DAY_START] Processing 30MAY
2026-01-30 05:17:05 | INFO     | [lf.day.start] Processing YNB-CAI for 30MAY
2026-01-30 05:17:06 | INFO     | [lf.day.flights_found] Found 2 flights on 30MAY
2026-01-30 05:17:08 | INFO     | [lf.flight.extracted] SM442 on 30MAY: BKG=0, LF=0.0%
2026-01-30 05:17:11 | INFO     | [lf.flight.extracted] SM448 on 30MAY: BKG=0, LF=0.0%
2026-01-30 05:17:12 | INFO     | [SUCCESS] Day 30MAY
2026-01-30 05:17:12 | INFO     | [DAY_START] Processing 29MAY
2026-01-30 05:17:12 | INFO     | [lf.day.start] Processing YNB-CAI for 29MAY
2026-01-30 05:17:13 | INFO     | [lf.day.flights_found] Found 1 flights on 29MAY
2026-01-30 05:17:15 | INFO     | [lf.flight.extracted] SM442 on 29MAY: BKG=0, LF=0.0%
2026-01-30 05:17:16 | INFO     | [SUCCESS] Day 29MAY
2026-01-30 05:17:16 | INFO     | [DAY_START] Processing 28MAY
2026-01-30 05:17:16 | INFO     | [lf.day.start] Processing YNB-CAI for 28MAY
2026-01-30 05:17:17 | INFO     | [lf.day.flights_found] Found 1 flights on 28MAY
2026-01-30 05:17:19 | INFO     | [lf.flight.extracted] SM442 on 28MAY: BKG=0, LF=0.0%
2026-01-30 05:17:21 | INFO     | [SUCCESS] Day 28MAY
2026-01-30 05:17:21 | INFO     | [DAY_START] Processing 27MAY
2026-01-30 05:17:21 | INFO     | [lf.day.start] Processing YNB-CAI for 27MAY
2026-01-30 05:17:22 | WARNING  | [lf.day.no_flights] No direct flights on 27MAY
2026-01-30 05:17:22 | INFO     | [SUCCESS] Day 27MAY
2026-01-30 05:17:22 | INFO     | [DAY_START] Processing 26MAY
2026-01-30 05:17:22 | INFO     | [lf.day.start] Processing YNB-CAI for 26MAY
2026-01-30 05:17:23 | INFO     | [lf.day.flights_found] Found 1 flights on 26MAY
2026-01-30 05:17:25 | INFO     | [lf.flight.extracted] SM442 on 26MAY: BKG=7, LF=4.0%
2026-01-30 05:17:27 | INFO     | [SUCCESS] Day 26MAY
2026-01-30 05:17:27 | INFO     | [DAY_START] Processing 25MAY
2026-01-30 05:17:27 | INFO     | [lf.day.start] Processing YNB-CAI for 25MAY
2026-01-30 05:17:28 | INFO     | [lf.day.flights_found] Found 1 flights on 25MAY
2026-01-30 05:17:30 | INFO     | [lf.flight.extracted] SM442 on 25MAY: BKG=0, LF=0.0%
2026-01-30 05:17:31 | INFO     | [SUCCESS] Day 25MAY
2026-01-30 05:17:31 | INFO     | [DAY_START] Processing 24MAY
2026-01-30 05:17:31 | INFO     | [lf.day.start] Processing YNB-CAI for 24MAY
2026-01-30 05:17:33 | INFO     | [lf.day.flights_found] Found 1 flights on 24MAY
2026-01-30 05:17:35 | INFO     | [lf.flight.extracted] SM442 on 24MAY: BKG=0, LF=0.0%
2026-01-30 05:17:36 | INFO     | [SUCCESS] Day 24MAY
2026-01-30 05:17:36 | INFO     | [DAY_START] Processing 23MAY
2026-01-30 05:17:36 | INFO     | [lf.day.start] Processing YNB-CAI for 23MAY
2026-01-30 05:17:37 | INFO     | [lf.day.flights_found] Found 2 flights on 23MAY
2026-01-30 05:17:39 | INFO     | [lf.flight.extracted] SM442 on 23MAY: BKG=0, LF=0.0%
2026-01-30 05:17:42 | INFO     | [lf.flight.extracted] SM448 on 23MAY: BKG=0, LF=0.0%
2026-01-30 05:17:43 | INFO     | [SUCCESS] Day 23MAY
2026-01-30 05:17:43 | INFO     | [SUCCESS] LF Search Complete
2026-01-30 05:17:43 | INFO     | [Worker_9223] Completed: YNB-CAI - 8 results, 0 errors
2026-01-30 05:17:43 | INFO     | [Worker_9223] Processing: CAI-TUU
2026-01-30 05:17:43 | INFO     |   Tier 0: Range 4, Chunk 1/4 (8 days)
