2026-01-30 05:25:43 | INFO     | ======================================================================
2026-01-30 05:25:43 | INFO     | Load Factor Scraper Started - Route: YNB-CAI
2026-01-30 05:25:43 | INFO     | Log file: D:\CODERED\LAB\Artifacts\outputs\run_generated_300126_at_05.16\logs\LF_YNB-CAI_20260130_052543.log
2026-01-30 05:25:43 | INFO     | Enhanced logging: Capturing both logging.info() and print()
2026-01-30 05:25:43 | INFO     | ======================================================================
2026-01-30 05:25:43 | INFO     | Starting LF search for route: YNB-CAI
2026-01-30 05:25:43 | INFO     | [START] LF Search
2026-01-30 05:25:43 | INFO     | [HEALTH CHECK] [OK] Chrome connection is healthy
2026-01-30 05:25:44 | INFO     | [DAY_START] Processing 29APR
2026-01-30 05:25:44 | INFO     | [lf.day.start] Processing YNB-CAI for 29APR
2026-01-30 05:25:45 | WARNING  | [lf.day.no_flights] No direct flights on 29APR
2026-01-30 05:25:45 | INFO     | [SUCCESS] Day 29APR
2026-01-30 05:25:45 | INFO     | [DAY_START] Processing 28APR
2026-01-30 05:25:45 | INFO     | [lf.day.start] Processing YNB-CAI for 28APR
2026-01-30 05:25:46 | INFO     | [lf.day.flights_found] Found 1 flights on 28APR
2026-01-30 05:25:48 | INFO     | [lf.flight.extracted] SM442 on 28APR: BKG=0, LF=0.0%
2026-01-30 05:25:49 | INFO     | [SUCCESS] Day 28APR
2026-01-30 05:25:49 | INFO     | [DAY_START] Processing 27APR
2026-01-30 05:25:49 | INFO     | [lf.day.start] Processing YNB-CAI for 27APR
2026-01-30 05:25:50 | INFO     | [lf.day.flights_found] Found 1 flights on 27APR
2026-01-30 05:25:52 | INFO     | [lf.flight.extracted] SM442 on 27APR: BKG=0, LF=0.0%
2026-01-30 05:25:53 | INFO     | [SUCCESS] Day 27APR
2026-01-30 05:25:53 | INFO     | [DAY_START] Processing 26APR
2026-01-30 05:25:53 | INFO     | [lf.day.start] Processing YNB-CAI for 26APR
2026-01-30 05:25:54 | INFO     | [lf.day.flights_found] Found 1 flights on 26APR
2026-01-30 05:25:56 | INFO     | [lf.flight.extracted] SM442 on 26APR: BKG=2, LF=1.1%
2026-01-30 05:25:59 | INFO     | [SUCCESS] Day 26APR
2026-01-30 05:25:59 | INFO     | [DAY_START] Processing 25APR
2026-01-30 05:25:59 | INFO     | [lf.day.start] Processing YNB-CAI for 25APR
2026-01-30 05:26:00 | INFO     | [lf.day.flights_found] Found 2 flights on 25APR
2026-01-30 05:26:02 | INFO     | [lf.flight.extracted] SM442 on 25APR: BKG=4, LF=2.3%
2026-01-30 05:26:05 | INFO     | [lf.flight.extracted] SM448 on 25APR: BKG=0, LF=0.0%
2026-01-30 05:26:08 | INFO     | [SUCCESS] Day 25APR
2026-01-30 05:26:08 | INFO     | [DAY_START] Processing 24APR
2026-01-30 05:26:08 | INFO     | [lf.day.start] Processing YNB-CAI for 24APR
2026-01-30 05:26:09 | INFO     | [lf.day.flights_found] Found 1 flights on 24APR
2026-01-30 05:26:11 | INFO     | [lf.flight.extracted] SM442 on 24APR: BKG=0, LF=0.0%
2026-01-30 05:26:12 | INFO     | [SUCCESS] Day 24APR
2026-01-30 05:26:12 | INFO     | [DAY_START] Processing 23APR
2026-01-30 05:26:12 | INFO     | [lf.day.start] Processing YNB-CAI for 23APR
2026-01-30 05:26:13 | INFO     | [lf.day.flights_found] Found 1 flights on 23APR
2026-01-30 05:26:15 | INFO     | [lf.flight.extracted] SM442 on 23APR: BKG=1, LF=0.6%
2026-01-30 05:26:17 | INFO     | [SUCCESS] Day 23APR
2026-01-30 05:26:17 | INFO     | [DAY_START] Processing 22APR
2026-01-30 05:26:17 | INFO     | [lf.day.start] Processing YNB-CAI for 22APR
2026-01-30 05:26:18 | WARNING  | [lf.day.no_flights] No direct flights on 22APR
2026-01-30 05:26:18 | INFO     | [SUCCESS] Day 22APR
2026-01-30 05:26:18 | INFO     | [DAY_START] Processing 21APR
2026-01-30 05:26:18 | INFO     | [lf.day.start] Processing YNB-CAI for 21APR
2026-01-30 05:26:20 | INFO     | [lf.day.flights_found] Found 1 flights on 21APR
2026-01-30 05:26:22 | INFO     | [lf.flight.extracted] SM442 on 21APR: BKG=0, LF=0.0%
2026-01-30 05:26:23 | INFO     | [SUCCESS] Day 21APR
2026-01-30 05:26:23 | INFO     | [DAY_START] Processing 20APR
2026-01-30 05:26:23 | INFO     | [lf.day.start] Processing YNB-CAI for 20APR
2026-01-30 05:26:24 | INFO     | [lf.day.flights_found] Found 1 flights on 20APR
2026-01-30 05:26:26 | INFO     | [lf.flight.extracted] SM442 on 20APR: BKG=0, LF=0.0%
2026-01-30 05:26:27 | INFO     | [SUCCESS] Day 20APR
2026-01-30 05:26:27 | INFO     | [SUCCESS] LF Search Complete
2026-01-30 05:26:27 | INFO     | [Worker_9225] Completed: YNB-CAI - 10 results, 0 errors
2026-01-30 05:26:27 | INFO     | [Worker_9225] Processing: ATZ-JED
2026-01-30 05:26:27 | INFO     |   Tier 0: Range 3, Chunk 1/3 (10 days)
