2026-01-30 05:19:13 | INFO     | ======================================================================
2026-01-30 05:19:13 | INFO     | Load Factor Scraper Started - Route: YNB-CAI
2026-01-30 05:19:13 | INFO     | Log file: D:\CODERED\LAB\Artifacts\outputs\run_generated_300126_at_05.16\logs\LF_YNB-CAI_20260130_051913.log
2026-01-30 05:19:13 | INFO     | Enhanced logging: Capturing both logging.info() and print()
2026-01-30 05:19:13 | INFO     | ======================================================================
2026-01-30 05:19:13 | INFO     | Starting LF search for route: YNB-CAI
2026-01-30 05:19:13 | INFO     | [START] LF Search
2026-01-30 05:19:14 | INFO     | [HEALTH CHECK] [OK] Chrome connection is healthy
2026-01-30 05:19:14 | INFO     | [DAY_START] Processing 22MAY
2026-01-30 05:19:14 | INFO     | [lf.day.start] Processing YNB-CAI for 22MAY
2026-01-30 05:19:15 | INFO     | [lf.day.flights_found] Found 1 flights on 22MAY
2026-01-30 05:19:17 | INFO     | [lf.flight.extracted] SM442 on 22MAY: BKG=14, LF=8.0%
2026-01-30 05:19:20 | INFO     | [SUCCESS] Day 22MAY
2026-01-30 05:19:20 | INFO     | [DAY_START] Processing 21MAY
2026-01-30 05:19:20 | INFO     | [lf.day.start] Processing YNB-CAI for 21MAY
2026-01-30 05:19:22 | INFO     | [lf.day.flights_found] Found 1 flights on 21MAY
2026-01-30 05:19:24 | INFO     | [lf.flight.extracted] SM442 on 21MAY: BKG=3, LF=1.8%
2026-01-30 05:19:26 | INFO     | [SUCCESS] Day 21MAY
2026-01-30 05:19:26 | INFO     | [DAY_START] Processing 20MAY
2026-01-30 05:19:26 | INFO     | [lf.day.start] Processing YNB-CAI for 20MAY
2026-01-30 05:19:27 | WARNING  | [lf.day.no_flights] No direct flights on 20MAY
2026-01-30 05:19:27 | INFO     | [SUCCESS] Day 20MAY
2026-01-30 05:19:27 | INFO     | [DAY_START] Processing 19MAY
2026-01-30 05:19:27 | INFO     | [lf.day.start] Processing YNB-CAI for 19MAY
2026-01-30 05:19:29 | INFO     | [lf.day.flights_found] Found 1 flights on 19MAY
2026-01-30 05:19:31 | INFO     | [lf.flight.extracted] SM442 on 19MAY: BKG=3, LF=1.7%
2026-01-30 05:19:33 | INFO     | [SUCCESS] Day 19MAY
2026-01-30 05:19:33 | INFO     | [DAY_START] Processing 18MAY
2026-01-30 05:19:33 | INFO     | [lf.day.start] Processing YNB-CAI for 18MAY
2026-01-30 05:19:34 | INFO     | [lf.day.flights_found] Found 1 flights on 18MAY
2026-01-30 05:19:36 | INFO     | [lf.flight.extracted] SM442 on 18MAY: BKG=0, LF=0.0%
2026-01-30 05:19:38 | INFO     | [SUCCESS] Day 18MAY
2026-01-30 05:19:38 | INFO     | [DAY_START] Processing 17MAY
2026-01-30 05:19:38 | INFO     | [lf.day.start] Processing YNB-CAI for 17MAY
2026-01-30 05:19:39 | INFO     | [lf.day.flights_found] Found 1 flights on 17MAY
2026-01-30 05:19:41 | INFO     | [lf.flight.extracted] SM442 on 17MAY: BKG=2, LF=1.1%
2026-01-30 05:19:44 | INFO     | [SUCCESS] Day 17MAY
2026-01-30 05:19:44 | INFO     | [DAY_START] Processing 16MAY
2026-01-30 05:19:44 | INFO     | [lf.day.start] Processing YNB-CAI for 16MAY
2026-01-30 05:19:45 | INFO     | [lf.day.flights_found] Found 2 flights on 16MAY
2026-01-30 05:19:47 | INFO     | [lf.flight.extracted] SM442 on 16MAY: BKG=0, LF=0.0%
2026-01-30 05:19:51 | INFO     | [lf.flight.extracted] SM448 on 16MAY: BKG=0, LF=0.0%
2026-01-30 05:19:52 | INFO     | [SUCCESS] Day 16MAY
2026-01-30 05:19:52 | INFO     | [DAY_START] Processing 15MAY
2026-01-30 05:19:52 | INFO     | [lf.day.start] Processing YNB-CAI for 15MAY
2026-01-30 05:19:53 | INFO     | [lf.day.flights_found] Found 1 flights on 15MAY
2026-01-30 05:19:55 | INFO     | [lf.flight.extracted] SM442 on 15MAY: BKG=6, LF=3.6%
2026-01-30 05:19:57 | INFO     | [SUCCESS] Day 15MAY
2026-01-30 05:19:57 | INFO     | [SUCCESS] LF Search Complete
2026-01-30 05:19:57 | INFO     | [Worker_9222] Completed: YNB-CAI - 8 results, 0 errors
2026-01-30 05:19:57 | INFO     | [Worker_9222] Processing: CAI-DMM
2026-01-30 05:19:57 | INFO     |   Tier 0: Range 4, Chunk 2/4 (8 days)
