2026-01-20 07:40:55 | INFO     | ======================================================================
2026-01-20 07:40:55 | INFO     | Load Factor Scraper Started - Route: ATZ-RUH
2026-01-20 07:40:55 | INFO     | Log file: D:\CODERED\LAB\Artifacts\outputs\run_generated_200126_at_06.58\logs\LF_ATZ-RUH_20260120_074055.log
2026-01-20 07:40:55 | INFO     | Enhanced logging: Capturing both logging.info() and print()
2026-01-20 07:40:55 | INFO     | ======================================================================
2026-01-20 07:40:55 | INFO     | Starting LF search for route: ATZ-RUH
2026-01-20 07:40:55 | INFO     | [START] LF Search
2026-01-20 07:40:56 | INFO     | [HEALTH CHECK] [OK] Chrome connection is healthy
2026-01-20 07:40:56 | INFO     | [DAY_START] Processing 17MAR
2026-01-20 07:40:56 | INFO     | [lf.day.start] Processing ATZ-RUH for 17MAR
2026-01-20 07:40:57 | INFO     | [lf.day.flights_found] Found 1 flights on 17MAR
2026-01-20 07:41:00 | INFO     | [lf.flight.extracted] SM463 on 17MAR: BKG=5, LF=2.8%
2026-01-20 07:41:02 | INFO     | [SUCCESS] Day 17MAR
2026-01-20 07:41:02 | INFO     | [DAY_START] Processing 16MAR
2026-01-20 07:41:02 | INFO     | [lf.day.start] Processing ATZ-RUH for 16MAR
2026-01-20 07:41:03 | WARNING  | [lf.day.no_flights] No direct flights on 16MAR
2026-01-20 07:41:04 | INFO     | [SUCCESS] Day 16MAR
2026-01-20 07:41:04 | INFO     | [DAY_START] Processing 15MAR
2026-01-20 07:41:04 | INFO     | [lf.day.start] Processing ATZ-RUH for 15MAR
2026-01-20 07:41:05 | INFO     | [lf.day.flights_found] Found 1 flights on 15MAR
2026-01-20 07:41:07 | INFO     | [lf.flight.extracted] SM463 on 15MAR: BKG=3, LF=1.7%
2026-01-20 07:41:10 | INFO     | [SUCCESS] Day 15MAR
2026-01-20 07:41:10 | INFO     | [DAY_START] Processing 14MAR
2026-01-20 07:41:10 | INFO     | [lf.day.start] Processing ATZ-RUH for 14MAR
2026-01-20 07:41:11 | WARNING  | [lf.day.no_flights] No direct flights on 14MAR
2026-01-20 07:41:11 | INFO     | [SUCCESS] Day 14MAR
2026-01-20 07:41:11 | INFO     | [DAY_START] Processing 13MAR
2026-01-20 07:41:11 | INFO     | [lf.day.start] Processing ATZ-RUH for 13MAR
2026-01-20 07:41:12 | WARNING  | [lf.day.no_flights] No direct flights on 13MAR
2026-01-20 07:41:12 | INFO     | [SUCCESS] Day 13MAR
2026-01-20 07:41:12 | INFO     | [DAY_START] Processing 12MAR
2026-01-20 07:41:12 | INFO     | [lf.day.start] Processing ATZ-RUH for 12MAR
2026-01-20 07:41:13 | WARNING  | [lf.day.no_flights] No direct flights on 12MAR
2026-01-20 07:41:13 | INFO     | [SUCCESS] Day 12MAR
2026-01-20 07:41:13 | INFO     | [DAY_START] Processing 11MAR
2026-01-20 07:41:13 | INFO     | [lf.day.start] Processing ATZ-RUH for 11MAR
2026-01-20 07:41:14 | INFO     | [lf.day.flights_found] Found 1 flights on 11MAR
2026-01-20 07:41:16 | INFO     | [lf.flight.extracted] SM465 on 11MAR: BKG=2, LF=1.1%
2026-01-20 07:41:19 | INFO     | [SUCCESS] Day 11MAR
2026-01-20 07:41:19 | INFO     | [DAY_START] Processing 10MAR
2026-01-20 07:41:19 | INFO     | [lf.day.start] Processing ATZ-RUH for 10MAR
2026-01-20 07:41:20 | INFO     | [lf.day.flights_found] Found 1 flights on 10MAR
2026-01-20 07:41:22 | INFO     | [lf.flight.extracted] SM463 on 10MAR: BKG=2, LF=1.1%
2026-01-20 07:41:26 | INFO     | [SUCCESS] Day 10MAR
2026-01-20 07:41:26 | INFO     | [SUCCESS] LF Search Complete
2026-01-20 07:41:28 | INFO     | [Worker_9226] Completed: ATZ-RUH - 8 results, 0 errors
2026-01-20 07:41:28 | INFO     | [Worker_9226] Processing: ATZ-TUU
2026-01-20 07:41:28 | INFO     |   Tier 0: Range 2, Chunk 2/4 (8 days)
