2026-01-20 07:14:33 | INFO     | ======================================================================
2026-01-20 07:14:33 | INFO     | Load Factor Scraper Started - Route: ATZ-TUU
2026-01-20 07:14:33 | INFO     | Log file: D:\CODERED\LAB\Artifacts\outputs\run_generated_200126_at_06.58\logs\LF_ATZ-TUU_20260120_071433.log
2026-01-20 07:14:33 | INFO     | Enhanced logging: Capturing both logging.info() and print()
2026-01-20 07:14:33 | INFO     | ======================================================================
2026-01-20 07:14:33 | INFO     | Starting LF search for route: ATZ-TUU
2026-01-20 07:14:33 | INFO     | [START] LF Search
2026-01-20 07:14:35 | INFO     | [HEALTH CHECK] [OK] Chrome connection is healthy
2026-01-20 07:14:35 | INFO     | [DAY_START] Processing 28APR
2026-01-20 07:14:35 | INFO     | [lf.day.start] Processing ATZ-TUU for 28APR
2026-01-20 07:14:37 | WARNING  | [lf.day.no_flights] No direct flights on 28APR
2026-01-20 07:14:38 | INFO     | [SUCCESS] Day 28APR
2026-01-20 07:14:38 | INFO     | [DAY_START] Processing 27APR
2026-01-20 07:14:38 | INFO     | [lf.day.start] Processing ATZ-TUU for 27APR
2026-01-20 07:14:39 | WARNING  | [lf.day.no_flights] No direct flights on 27APR
2026-01-20 07:14:40 | INFO     | [SUCCESS] Day 27APR
2026-01-20 07:14:40 | INFO     | [DAY_START] Processing 26APR
2026-01-20 07:14:40 | INFO     | [lf.day.start] Processing ATZ-TUU for 26APR
2026-01-20 07:14:41 | WARNING  | [lf.day.no_flights] No direct flights on 26APR
2026-01-20 07:14:41 | INFO     | [SUCCESS] Day 26APR
2026-01-20 07:14:41 | INFO     | [DAY_START] Processing 25APR
2026-01-20 07:14:41 | INFO     | [lf.day.start] Processing ATZ-TUU for 25APR
2026-01-20 07:14:43 | WARNING  | [lf.day.no_flights] No direct flights on 25APR
2026-01-20 07:14:43 | INFO     | [SUCCESS] Day 25APR
2026-01-20 07:14:43 | INFO     | [DAY_START] Processing 24APR
2026-01-20 07:14:43 | INFO     | [lf.day.start] Processing ATZ-TUU for 24APR
2026-01-20 07:14:45 | WARNING  | [lf.day.no_flights] No direct flights on 24APR
2026-01-20 07:14:46 | INFO     | [SUCCESS] Day 24APR
2026-01-20 07:14:46 | INFO     | [DAY_START] Processing 23APR
2026-01-20 07:14:46 | INFO     | [lf.day.start] Processing ATZ-TUU for 23APR
2026-01-20 07:14:48 | WARNING  | [lf.day.no_flights] No direct flights on 23APR
2026-01-20 07:14:48 | INFO     | [SUCCESS] Day 23APR
2026-01-20 07:14:48 | INFO     | [DAY_START] Processing 22APR
2026-01-20 07:14:48 | INFO     | [lf.day.start] Processing ATZ-TUU for 22APR
2026-01-20 07:14:51 | WARNING  | [lf.day.no_flights] No direct flights on 22APR
2026-01-20 07:14:51 | INFO     | [SUCCESS] Day 22APR
2026-01-20 07:14:51 | INFO     | [DAY_START] Processing 21APR
2026-01-20 07:14:51 | INFO     | [lf.day.start] Processing ATZ-TUU for 21APR
2026-01-20 07:14:54 | WARNING  | [lf.day.no_flights] No direct flights on 21APR
2026-01-20 07:14:54 | INFO     | [SUCCESS] Day 21APR
2026-01-20 07:14:54 | INFO     | [DAY_START] Processing 20APR
2026-01-20 07:14:54 | INFO     | [lf.day.start] Processing ATZ-TUU for 20APR
2026-01-20 07:14:58 | WARNING  | [lf.day.no_flights] No direct flights on 20APR
2026-01-20 07:14:58 | INFO     | [SUCCESS] Day 20APR
2026-01-20 07:14:58 | INFO     | [SUCCESS] LF Search Complete
2026-01-20 07:15:00 | INFO     | [Worker_9223] Completed: ATZ-TUU - 9 results, 0 errors
2026-01-20 07:15:00 | INFO     | [Worker_9223] Processing: CAI-YNB
2026-01-20 07:15:00 | INFO     |   Tier 0: Range 3, Chunk 1/4 (9 days)
