2026-01-20 07:40:24 | INFO     | ======================================================================
2026-01-20 07:40:24 | INFO     | Load Factor Scraper Started - Route: ATZ-MED
2026-01-20 07:40:24 | INFO     | Log file: D:\CODERED\LAB\Artifacts\outputs\run_generated_200126_at_06.58\logs\LF_ATZ-MED_20260120_074024.log
2026-01-20 07:40:24 | INFO     | Enhanced logging: Capturing both logging.info() and print()
2026-01-20 07:40:24 | INFO     | ======================================================================
2026-01-20 07:40:24 | INFO     | Starting LF search for route: ATZ-MED
2026-01-20 07:40:24 | INFO     | [START] LF Search
2026-01-20 07:40:26 | INFO     | [HEALTH CHECK] [OK] Chrome connection is healthy
2026-01-20 07:40:26 | INFO     | [DAY_START] Processing 17MAR
2026-01-20 07:40:26 | INFO     | [lf.day.start] Processing ATZ-MED for 17MAR
2026-01-20 07:40:27 | INFO     | [lf.day.flights_found] Found 1 flights on 17MAR
2026-01-20 07:40:30 | INFO     | [lf.flight.extracted] SM487 on 17MAR: BKG=0, LF=0.0%
2026-01-20 07:40:31 | INFO     | [SUCCESS] Day 17MAR
2026-01-20 07:40:31 | INFO     | [DAY_START] Processing 16MAR
2026-01-20 07:40:31 | INFO     | [lf.day.start] Processing ATZ-MED for 16MAR
2026-01-20 07:40:32 | INFO     | [lf.day.flights_found] Found 1 flights on 16MAR
2026-01-20 07:40:34 | INFO     | [lf.flight.extracted] SM487 on 16MAR: BKG=0, LF=0.0%
2026-01-20 07:40:36 | INFO     | [SUCCESS] Day 16MAR
2026-01-20 07:40:36 | INFO     | [DAY_START] Processing 15MAR
2026-01-20 07:40:36 | INFO     | [lf.day.start] Processing ATZ-MED for 15MAR
2026-01-20 07:40:37 | WARNING  | [lf.day.no_flights] No direct flights on 15MAR
2026-01-20 07:40:37 | INFO     | [SUCCESS] Day 15MAR
2026-01-20 07:40:37 | INFO     | [DAY_START] Processing 14MAR
2026-01-20 07:40:37 | INFO     | [lf.day.start] Processing ATZ-MED for 14MAR
2026-01-20 07:40:38 | INFO     | [lf.day.flights_found] Found 1 flights on 14MAR
2026-01-20 07:40:40 | INFO     | [lf.flight.extracted] SM487 on 14MAR: BKG=0, LF=0.0%
2026-01-20 07:40:41 | INFO     | [SUCCESS] Day 14MAR
2026-01-20 07:40:41 | INFO     | [DAY_START] Processing 13MAR
2026-01-20 07:40:41 | INFO     | [lf.day.start] Processing ATZ-MED for 13MAR
2026-01-20 07:40:42 | WARNING  | [lf.day.no_flights] No direct flights on 13MAR
2026-01-20 07:40:42 | INFO     | [SUCCESS] Day 13MAR
2026-01-20 07:40:42 | INFO     | [DAY_START] Processing 12MAR
2026-01-20 07:40:42 | INFO     | [lf.day.start] Processing ATZ-MED for 12MAR
2026-01-20 07:40:44 | WARNING  | [lf.day.no_flights] No direct flights on 12MAR
2026-01-20 07:40:44 | INFO     | [SUCCESS] Day 12MAR
2026-01-20 07:40:44 | INFO     | [DAY_START] Processing 11MAR
2026-01-20 07:40:44 | INFO     | [lf.day.start] Processing ATZ-MED for 11MAR
2026-01-20 07:40:45 | INFO     | [lf.day.flights_found] Found 1 flights on 11MAR
2026-01-20 07:40:47 | INFO     | [lf.flight.extracted] SM489 on 11MAR: BKG=0, LF=0.0%
2026-01-20 07:40:48 | INFO     | [SUCCESS] Day 11MAR
2026-01-20 07:40:48 | INFO     | [DAY_START] Processing 10MAR
2026-01-20 07:40:48 | INFO     | [lf.day.start] Processing ATZ-MED for 10MAR
2026-01-20 07:40:49 | INFO     | [lf.day.flights_found] Found 1 flights on 10MAR
2026-01-20 07:40:52 | INFO     | [lf.flight.extracted] SM487 on 10MAR: BKG=0, LF=0.0%
2026-01-20 07:40:53 | INFO     | [SUCCESS] Day 10MAR
2026-01-20 07:40:53 | INFO     | [SUCCESS] LF Search Complete
2026-01-20 07:40:55 | INFO     | [Worker_9226] Completed: ATZ-MED - 8 results, 0 errors
2026-01-20 07:40:55 | INFO     | [Worker_9226] Processing: ATZ-RUH
2026-01-20 07:40:55 | INFO     |   Tier 0: Range 2, Chunk 2/4 (8 days)
