2026-01-20 08:00:39 | INFO     | ======================================================================
2026-01-20 08:00:39 | INFO     | Load Factor Scraper Started - Route: ASW-JED
2026-01-20 08:00:39 | INFO     | Log file: D:\CODERED\LAB\Artifacts\outputs\run_generated_200126_at_06.58\logs\LF_ASW-JED_20260120_080039.log
2026-01-20 08:00:39 | INFO     | Enhanced logging: Capturing both logging.info() and print()
2026-01-20 08:00:39 | INFO     | ======================================================================
2026-01-20 08:00:39 | INFO     | Starting LF search for route: ASW-JED
2026-01-20 08:00:39 | INFO     | [START] LF Search
2026-01-20 08:00:42 | INFO     | [HEALTH CHECK] [OK] Chrome connection is healthy
2026-01-20 08:00:42 | INFO     | [DAY_START] Processing 12FEB
2026-01-20 08:00:42 | INFO     | [lf.day.start] Processing ASW-JED for 12FEB
2026-01-20 08:00:43 | WARNING  | [lf.day.no_flights] No direct flights on 12FEB
2026-01-20 08:00:43 | INFO     | [SUCCESS] Day 12FEB
2026-01-20 08:00:43 | INFO     | [DAY_START] Processing 11FEB
2026-01-20 08:00:43 | INFO     | [lf.day.start] Processing ASW-JED for 11FEB
2026-01-20 08:00:44 | WARNING  | [lf.day.no_flights] No direct flights on 11FEB
2026-01-20 08:00:44 | INFO     | [SUCCESS] Day 11FEB
2026-01-20 08:00:44 | INFO     | [DAY_START] Processing 10FEB
2026-01-20 08:00:44 | INFO     | [lf.day.start] Processing ASW-JED for 10FEB
2026-01-20 08:00:45 | INFO     | [lf.day.flights_found] Found 1 flights on 10FEB
2026-01-20 08:00:47 | INFO     | [lf.flight.extracted] SM985 on 10FEB: BKG=0, LF=0.0%
2026-01-20 08:00:49 | INFO     | [SUCCESS] Day 10FEB
2026-01-20 08:00:49 | INFO     | [DAY_START] Processing 09FEB
2026-01-20 08:00:49 | INFO     | [lf.day.start] Processing ASW-JED for 09FEB
2026-01-20 08:00:50 | INFO     | [lf.day.flights_found] Found 2 flights on 09FEB
2026-01-20 08:00:52 | INFO     | [lf.flight.extracted] SM425 on 09FEB: BKG=0, LF=0.0%
2026-01-20 08:00:55 | INFO     | [lf.flight.extracted] SM949 on 09FEB: BKG=0, LF=0.0%
2026-01-20 08:00:57 | INFO     | [SUCCESS] Day 09FEB
2026-01-20 08:00:57 | INFO     | [DAY_START] Processing 08FEB
2026-01-20 08:00:57 | INFO     | [lf.day.start] Processing ASW-JED for 08FEB
2026-01-20 08:00:58 | WARNING  | [lf.day.no_flights] No direct flights on 08FEB
2026-01-20 08:00:58 | INFO     | [SUCCESS] Day 08FEB
2026-01-20 08:00:58 | INFO     | [DAY_START] Processing 07FEB
2026-01-20 08:00:58 | INFO     | [lf.day.start] Processing ASW-JED for 07FEB
2026-01-20 08:00:59 | WARNING  | [lf.day.no_flights] No direct flights on 07FEB
2026-01-20 08:00:59 | INFO     | [SUCCESS] Day 07FEB
2026-01-20 08:00:59 | INFO     | [DAY_START] Processing 06FEB
2026-01-20 08:00:59 | INFO     | [lf.day.start] Processing ASW-JED for 06FEB
2026-01-20 08:01:01 | WARNING  | [lf.day.no_flights] No direct flights on 06FEB
2026-01-20 08:01:01 | INFO     | [SUCCESS] Day 06FEB
2026-01-20 08:01:01 | INFO     | [DAY_START] Processing 05FEB
2026-01-20 08:01:01 | INFO     | [lf.day.start] Processing ASW-JED for 05FEB
2026-01-20 08:01:02 | WARNING  | [lf.day.no_flights] No direct flights on 05FEB
2026-01-20 08:01:02 | INFO     | [SUCCESS] Day 05FEB
2026-01-20 08:01:02 | INFO     | [SUCCESS] LF Search Complete
2026-01-20 08:01:04 | INFO     | [Worker_9225] Completed: ASW-JED - 8 results, 0 errors
2026-01-20 08:01:04 | INFO     | [Worker_9225] Processing: ATZ-DMM
2026-01-20 08:01:04 | INFO     |   Tier 0: Range 1, Chunk 2/4 (8 days)
