2026-01-20 07:10:30 | INFO     | ======================================================================
2026-01-20 07:10:30 | INFO     | Load Factor Scraper Started - Route: ATZ-MED
2026-01-20 07:10:30 | INFO     | Log file: D:\CODERED\LAB\Artifacts\outputs\run_generated_200126_at_06.58\logs\LF_ATZ-MED_20260120_071030.log
2026-01-20 07:10:30 | INFO     | Enhanced logging: Capturing both logging.info() and print()
2026-01-20 07:10:30 | INFO     | ======================================================================
2026-01-20 07:10:30 | INFO     | Starting LF search for route: ATZ-MED
2026-01-20 07:10:30 | INFO     | [START] LF Search
2026-01-20 07:10:33 | INFO     | [HEALTH CHECK] [OK] Chrome connection is healthy
2026-01-20 07:10:33 | INFO     | [DAY_START] Processing 06MAY
2026-01-20 07:10:33 | INFO     | [lf.day.start] Processing ATZ-MED for 06MAY
2026-01-20 07:10:35 | WARNING  | [lf.day.no_flights] No direct flights on 06MAY
2026-01-20 07:10:35 | INFO     | [SUCCESS] Day 06MAY
2026-01-20 07:10:35 | INFO     | [DAY_START] Processing 05MAY
2026-01-20 07:10:35 | INFO     | [lf.day.start] Processing ATZ-MED for 05MAY
2026-01-20 07:10:36 | WARNING  | [lf.day.no_flights] No direct flights on 05MAY
2026-01-20 07:10:36 | INFO     | [SUCCESS] Day 05MAY
2026-01-20 07:10:36 | INFO     | [DAY_START] Processing 04MAY
2026-01-20 07:10:36 | INFO     | [lf.day.start] Processing ATZ-MED for 04MAY
2026-01-20 07:10:38 | WARNING  | [lf.day.no_flights] No direct flights on 04MAY
2026-01-20 07:10:38 | INFO     | [SUCCESS] Day 04MAY
2026-01-20 07:10:38 | INFO     | [DAY_START] Processing 03MAY
2026-01-20 07:10:38 | INFO     | [lf.day.start] Processing ATZ-MED for 03MAY
2026-01-20 07:10:40 | INFO     | [lf.day.flights_found] Found 1 flights on 03MAY
2026-01-20 07:10:44 | INFO     | [lf.flight.extracted] SM487 on 03MAY: BKG=2, LF=1.1%
2026-01-20 07:10:50 | INFO     | [SUCCESS] Day 03MAY
2026-01-20 07:10:50 | INFO     | [DAY_START] Processing 02MAY
2026-01-20 07:10:50 | INFO     | [lf.day.start] Processing ATZ-MED for 02MAY
2026-01-20 07:10:52 | WARNING  | [lf.day.no_flights] No direct flights on 02MAY
2026-01-20 07:10:52 | INFO     | [SUCCESS] Day 02MAY
2026-01-20 07:10:52 | INFO     | [DAY_START] Processing 01MAY
2026-01-20 07:10:52 | INFO     | [lf.day.start] Processing ATZ-MED for 01MAY
2026-01-20 07:10:54 | WARNING  | [lf.day.no_flights] No direct flights on 01MAY
2026-01-20 07:10:54 | INFO     | [SUCCESS] Day 01MAY
2026-01-20 07:10:54 | INFO     | [DAY_START] Processing 30APR
2026-01-20 07:10:54 | INFO     | [lf.day.start] Processing ATZ-MED for 30APR
2026-01-20 07:10:56 | WARNING  | [lf.day.no_flights] No direct flights on 30APR
2026-01-20 07:10:56 | INFO     | [SUCCESS] Day 30APR
2026-01-20 07:10:56 | INFO     | [DAY_START] Processing 29APR
2026-01-20 07:10:56 | INFO     | [lf.day.start] Processing ATZ-MED for 29APR
2026-01-20 07:10:58 | WARNING  | [lf.day.no_flights] No direct flights on 29APR
2026-01-20 07:10:58 | INFO     | [SUCCESS] Day 29APR
2026-01-20 07:10:58 | INFO     | [SUCCESS] LF Search Complete
2026-01-20 07:11:00 | INFO     | [Worker_9225] Completed: ATZ-MED - 8 results, 0 errors
2026-01-20 07:11:00 | INFO     | [Worker_9225] Processing: CAI-DMM
2026-01-20 07:11:00 | INFO     |   Tier 0: Range 4, Chunk 4/4 (8 days)
