2026-01-20 08:01:37 | INFO     | ======================================================================
2026-01-20 08:01:37 | INFO     | Load Factor Scraper Started - Route: ATZ-AJF
2026-01-20 08:01:37 | INFO     | Log file: D:\CODERED\LAB\Artifacts\outputs\run_generated_200126_at_06.58\logs\LF_ATZ-AJF_20260120_080137.log
2026-01-20 08:01:37 | INFO     | Enhanced logging: Capturing both logging.info() and print()
2026-01-20 08:01:37 | INFO     | ======================================================================
2026-01-20 08:01:37 | INFO     | Starting LF search for route: ATZ-AJF
2026-01-20 08:01:37 | INFO     | [START] LF Search
2026-01-20 08:01:39 | INFO     | [HEALTH CHECK] [OK] Chrome connection is healthy
2026-01-20 08:01:39 | INFO     | [DAY_START] Processing 12FEB
2026-01-20 08:01:39 | INFO     | [lf.day.start] Processing ATZ-AJF for 12FEB
2026-01-20 08:01:40 | WARNING  | [lf.day.no_flights] No direct flights on 12FEB
2026-01-20 08:01:40 | INFO     | [SUCCESS] Day 12FEB
2026-01-20 08:01:40 | INFO     | [DAY_START] Processing 11FEB
2026-01-20 08:01:40 | INFO     | [lf.day.start] Processing ATZ-AJF for 11FEB
2026-01-20 08:01:41 | WARNING  | [lf.day.no_flights] No direct flights on 11FEB
2026-01-20 08:01:41 | INFO     | [SUCCESS] Day 11FEB
2026-01-20 08:01:41 | INFO     | [DAY_START] Processing 10FEB
2026-01-20 08:01:41 | INFO     | [lf.day.start] Processing ATZ-AJF for 10FEB
2026-01-20 08:01:42 | WARNING  | [lf.day.no_flights] No direct flights on 10FEB
2026-01-20 08:01:42 | INFO     | [SUCCESS] Day 10FEB
2026-01-20 08:01:42 | INFO     | [DAY_START] Processing 09FEB
2026-01-20 08:01:42 | INFO     | [lf.day.start] Processing ATZ-AJF for 09FEB
2026-01-20 08:01:43 | WARNING  | [lf.day.no_flights] No direct flights on 09FEB
2026-01-20 08:01:43 | INFO     | [SUCCESS] Day 09FEB
2026-01-20 08:01:43 | INFO     | [DAY_START] Processing 08FEB
2026-01-20 08:01:43 | INFO     | [lf.day.start] Processing ATZ-AJF for 08FEB
2026-01-20 08:01:44 | WARNING  | [lf.day.no_flights] No direct flights on 08FEB
2026-01-20 08:01:45 | INFO     | [SUCCESS] Day 08FEB
2026-01-20 08:01:45 | INFO     | [DAY_START] Processing 07FEB
2026-01-20 08:01:45 | INFO     | [lf.day.start] Processing ATZ-AJF for 07FEB
2026-01-20 08:01:46 | WARNING  | [lf.day.no_flights] No direct flights on 07FEB
2026-01-20 08:01:46 | INFO     | [SUCCESS] Day 07FEB
2026-01-20 08:01:46 | INFO     | [DAY_START] Processing 06FEB
2026-01-20 08:01:46 | INFO     | [lf.day.start] Processing ATZ-AJF for 06FEB
2026-01-20 08:01:47 | INFO     | [lf.day.flights_found] Found 1 flights on 06FEB
2026-01-20 08:01:49 | INFO     | [lf.flight.extracted] SM323 on 06FEB: BKG=18, LF=10.1%
2026-01-20 08:01:52 | INFO     | [SUCCESS] Day 06FEB
2026-01-20 08:01:52 | INFO     | [DAY_START] Processing 05FEB
2026-01-20 08:01:52 | INFO     | [lf.day.start] Processing ATZ-AJF for 05FEB
2026-01-20 08:01:53 | WARNING  | [lf.day.no_flights] No direct flights on 05FEB
2026-01-20 08:01:53 | INFO     | [SUCCESS] Day 05FEB
2026-01-20 08:01:53 | INFO     | [SUCCESS] LF Search Complete
2026-01-20 08:01:55 | INFO     | [Worker_9223] Completed: ATZ-AJF - 8 results, 0 errors
2026-01-20 08:01:55 | INFO     | [Worker_9223] Processing: CAI-ELQ
2026-01-20 08:01:55 | INFO     |   Tier 0: Range 1, Chunk 2/4 (8 days)
