2026-01-20 07:40:39 | INFO     | ======================================================================
2026-01-20 07:40:39 | INFO     | Load Factor Scraper Started - Route: ATZ-JED
2026-01-20 07:40:39 | INFO     | Log file: D:\CODERED\LAB\Artifacts\outputs\run_generated_200126_at_06.58\logs\LF_ATZ-JED_20260120_074039.log
2026-01-20 07:40:39 | INFO     | Enhanced logging: Capturing both logging.info() and print()
2026-01-20 07:40:39 | INFO     | ======================================================================
2026-01-20 07:40:39 | INFO     | Starting LF search for route: ATZ-JED
2026-01-20 07:40:39 | INFO     | [START] LF Search
2026-01-20 07:40:41 | INFO     | [HEALTH CHECK] [OK] Chrome connection is healthy
2026-01-20 07:40:41 | INFO     | [DAY_START] Processing 17MAR
2026-01-20 07:40:41 | INFO     | [lf.day.start] Processing ATZ-JED for 17MAR
2026-01-20 07:40:42 | INFO     | [lf.day.flights_found] Found 2 flights on 17MAR
2026-01-20 07:40:44 | INFO     | [lf.flight.extracted] SM453 on 17MAR: BKG=0, LF=0.0%
2026-01-20 07:40:48 | INFO     | [lf.flight.extracted] SM455 on 17MAR: BKG=1, LF=0.6%
2026-01-20 07:40:50 | INFO     | [SUCCESS] Day 17MAR
2026-01-20 07:40:50 | INFO     | [DAY_START] Processing 16MAR
2026-01-20 07:40:50 | INFO     | [lf.day.start] Processing ATZ-JED for 16MAR
2026-01-20 07:40:51 | INFO     | [lf.day.flights_found] Found 4 flights on 16MAR
2026-01-20 07:40:54 | INFO     | [lf.flight.extracted] SM491 on 16MAR: BKG=0, LF=0.0%
2026-01-20 07:40:57 | INFO     | [lf.flight.extracted] SM455 on 16MAR: BKG=0, LF=0.0%
2026-01-20 07:41:00 | INFO     | [lf.flight.extracted] SM421 on 16MAR: BKG=0, LF=0.0%
2026-01-20 07:41:04 | INFO     | [lf.flight.extracted] SM453 on 16MAR: BKG=0, LF=0.0%
2026-01-20 07:41:05 | INFO     | [SUCCESS] Day 16MAR
2026-01-20 07:41:05 | INFO     | [DAY_START] Processing 15MAR
2026-01-20 07:41:05 | INFO     | [lf.day.start] Processing ATZ-JED for 15MAR
2026-01-20 07:41:06 | INFO     | [lf.day.flights_found] Found 2 flights on 15MAR
2026-01-20 07:41:08 | INFO     | [lf.flight.extracted] SM491 on 15MAR: BKG=0, LF=0.0%
2026-01-20 07:41:12 | INFO     | [lf.flight.extracted] SM455 on 15MAR: BKG=3, LF=1.7%
2026-01-20 07:41:14 | INFO     | [SUCCESS] Day 15MAR
2026-01-20 07:41:14 | INFO     | [DAY_START] Processing 14MAR
2026-01-20 07:41:14 | INFO     | [lf.day.start] Processing ATZ-JED for 14MAR
2026-01-20 07:41:15 | INFO     | [lf.day.flights_found] Found 3 flights on 14MAR
2026-01-20 07:41:17 | INFO     | [lf.flight.extracted] SM491 on 14MAR: BKG=1, LF=0.6%
2026-01-20 07:41:21 | INFO     | [lf.flight.extracted] SM453 on 14MAR: BKG=0, LF=0.0%
2026-01-20 07:41:25 | INFO     | [lf.flight.extracted] SM455 on 14MAR: BKG=0, LF=0.0%
2026-01-20 07:41:27 | INFO     | [SUCCESS] Day 14MAR
2026-01-20 07:41:27 | INFO     | [DAY_START] Processing 13MAR
2026-01-20 07:41:27 | INFO     | [lf.day.start] Processing ATZ-JED for 13MAR
2026-01-20 07:41:28 | INFO     | [lf.day.flights_found] Found 1 flights on 13MAR
2026-01-20 07:41:31 | INFO     | [lf.flight.extracted] SM491 on 13MAR: BKG=4, LF=2.2%
2026-01-20 07:41:34 | INFO     | [SUCCESS] Day 13MAR
2026-01-20 07:41:34 | INFO     | [DAY_START] Processing 12MAR
2026-01-20 07:41:34 | INFO     | [lf.day.start] Processing ATZ-JED for 12MAR
2026-01-20 07:41:35 | INFO     | [lf.day.flights_found] Found 2 flights on 12MAR
2026-01-20 07:41:37 | INFO     | [lf.flight.extracted] SM453 on 12MAR: BKG=1, LF=0.6%
2026-01-20 07:41:41 | INFO     | [lf.flight.extracted] SM455 on 12MAR: BKG=0, LF=0.0%
2026-01-20 07:41:44 | INFO     | [SUCCESS] Day 12MAR
2026-01-20 07:41:44 | INFO     | [DAY_START] Processing 11MAR
2026-01-20 07:41:44 | INFO     | [lf.day.start] Processing ATZ-JED for 11MAR
2026-01-20 07:41:45 | INFO     | [lf.day.flights_found] Found 3 flights on 11MAR
2026-01-20 07:41:48 | INFO     | [lf.flight.extracted] SM453 on 11MAR: BKG=0, LF=0.0%
2026-01-20 07:41:51 | INFO     | [lf.flight.extracted] SM491 on 11MAR: BKG=1, LF=0.6%
2026-01-20 07:41:55 | INFO     | [lf.flight.extracted] SM421 on 11MAR: BKG=1, LF=0.6%
2026-01-20 07:41:59 | INFO     | [SUCCESS] Day 11MAR
2026-01-20 07:41:59 | INFO     | [DAY_START] Processing 10MAR
2026-01-20 07:41:59 | INFO     | [lf.day.start] Processing ATZ-JED for 10MAR
2026-01-20 07:42:01 | INFO     | [lf.day.flights_found] Found 2 flights on 10MAR
2026-01-20 07:42:04 | INFO     | [lf.flight.extracted] SM453 on 10MAR: BKG=0, LF=0.0%
2026-01-20 07:42:09 | INFO     | [lf.flight.extracted] SM455 on 10MAR: BKG=0, LF=0.0%
2026-01-20 07:42:11 | INFO     | [SUCCESS] Day 10MAR
2026-01-20 07:42:11 | INFO     | [SUCCESS] LF Search Complete
2026-01-20 07:42:13 | INFO     | [Worker_9232] Completed: ATZ-JED - 8 results, 0 errors
2026-01-20 07:42:13 | INFO     | [Worker_9232] Processing: MED-HBE
2026-01-20 07:42:13 | INFO     |   Tier 0: Range 2, Chunk 3/4 (8 days)
