2026-01-20 07:14:16 | INFO     | ======================================================================
2026-01-20 07:14:16 | INFO     | Load Factor Scraper Started - Route: ATZ-RUH
2026-01-20 07:14:16 | INFO     | Log file: D:\CODERED\LAB\Artifacts\outputs\run_generated_200126_at_06.58\logs\LF_ATZ-RUH_20260120_071416.log
2026-01-20 07:14:16 | INFO     | Enhanced logging: Capturing both logging.info() and print()
2026-01-20 07:14:16 | INFO     | ======================================================================
2026-01-20 07:14:16 | INFO     | Starting LF search for route: ATZ-RUH
2026-01-20 07:14:16 | INFO     | [START] LF Search
2026-01-20 07:14:18 | INFO     | [HEALTH CHECK] [OK] Chrome connection is healthy
2026-01-20 07:14:18 | INFO     | [DAY_START] Processing 28APR
2026-01-20 07:14:18 | INFO     | [lf.day.start] Processing ATZ-RUH for 28APR
2026-01-20 07:14:19 | WARNING  | [lf.day.no_flights] No direct flights on 28APR
2026-01-20 07:14:19 | INFO     | [SUCCESS] Day 28APR
2026-01-20 07:14:19 | INFO     | [DAY_START] Processing 27APR
2026-01-20 07:14:19 | INFO     | [lf.day.start] Processing ATZ-RUH for 27APR
2026-01-20 07:14:21 | WARNING  | [lf.day.no_flights] No direct flights on 27APR
2026-01-20 07:14:21 | INFO     | [SUCCESS] Day 27APR
2026-01-20 07:14:21 | INFO     | [DAY_START] Processing 26APR
2026-01-20 07:14:21 | INFO     | [lf.day.start] Processing ATZ-RUH for 26APR
2026-01-20 07:14:22 | WARNING  | [lf.day.no_flights] No direct flights on 26APR
2026-01-20 07:14:22 | INFO     | [SUCCESS] Day 26APR
2026-01-20 07:14:22 | INFO     | [DAY_START] Processing 25APR
2026-01-20 07:14:22 | INFO     | [lf.day.start] Processing ATZ-RUH for 25APR
2026-01-20 07:14:23 | WARNING  | [lf.day.no_flights] No direct flights on 25APR
2026-01-20 07:14:24 | INFO     | [SUCCESS] Day 25APR
2026-01-20 07:14:24 | INFO     | [DAY_START] Processing 24APR
2026-01-20 07:14:24 | INFO     | [lf.day.start] Processing ATZ-RUH for 24APR
2026-01-20 07:14:25 | WARNING  | [lf.day.no_flights] No direct flights on 24APR
2026-01-20 07:14:25 | INFO     | [SUCCESS] Day 24APR
2026-01-20 07:14:25 | INFO     | [DAY_START] Processing 23APR
2026-01-20 07:14:25 | INFO     | [lf.day.start] Processing ATZ-RUH for 23APR
2026-01-20 07:14:26 | WARNING  | [lf.day.no_flights] No direct flights on 23APR
2026-01-20 07:14:26 | INFO     | [SUCCESS] Day 23APR
2026-01-20 07:14:26 | INFO     | [DAY_START] Processing 22APR
2026-01-20 07:14:26 | INFO     | [lf.day.start] Processing ATZ-RUH for 22APR
2026-01-20 07:14:27 | INFO     | [lf.day.flights_found] Found 1 flights on 22APR
2026-01-20 07:14:29 | INFO     | [lf.flight.extracted] SM465 on 22APR: BKG=33, LF=18.4%
2026-01-20 07:14:33 | INFO     | [SUCCESS] Day 22APR
2026-01-20 07:14:33 | INFO     | [DAY_START] Processing 21APR
2026-01-20 07:14:33 | INFO     | [lf.day.start] Processing ATZ-RUH for 21APR
2026-01-20 07:14:34 | WARNING  | [lf.day.no_flights] No direct flights on 21APR
2026-01-20 07:14:34 | INFO     | [SUCCESS] Day 21APR
2026-01-20 07:14:34 | INFO     | [DAY_START] Processing 20APR
2026-01-20 07:14:34 | INFO     | [lf.day.start] Processing ATZ-RUH for 20APR
2026-01-20 07:14:36 | WARNING  | [lf.day.no_flights] No direct flights on 20APR
2026-01-20 07:14:36 | INFO     | [SUCCESS] Day 20APR
2026-01-20 07:14:36 | INFO     | [SUCCESS] LF Search Complete
2026-01-20 07:14:38 | INFO     | [Worker_9227] Completed: ATZ-RUH - 9 results, 0 errors
2026-01-20 07:14:38 | INFO     | [Worker_9227] Processing: CAI-AJF
2026-01-20 07:14:38 | INFO     |   Tier 0: Range 3, Chunk 1/4 (9 days)
