2026-01-20 07:54:19 | INFO     | ======================================================================
2026-01-20 07:54:19 | INFO     | Load Factor Scraper Started - Route: AHB-ATZ
2026-01-20 07:54:19 | INFO     | Log file: D:\CODERED\LAB\Artifacts\outputs\run_generated_200126_at_06.58\logs\LF_AHB-ATZ_20260120_075419.log
2026-01-20 07:54:19 | INFO     | Enhanced logging: Capturing both logging.info() and print()
2026-01-20 07:54:19 | INFO     | ======================================================================
2026-01-20 07:54:19 | INFO     | Starting LF search for route: AHB-ATZ
2026-01-20 07:54:19 | INFO     | [START] LF Search
2026-01-20 07:54:21 | INFO     | [HEALTH CHECK] [OK] Chrome connection is healthy
2026-01-20 07:54:21 | INFO     | [DAY_START] Processing 21FEB
2026-01-20 07:54:21 | INFO     | [lf.day.start] Processing AHB-ATZ for 21FEB
2026-01-20 07:54:22 | WARNING  | [lf.day.no_flights] No direct flights on 21FEB
2026-01-20 07:54:23 | INFO     | [SUCCESS] Day 21FEB
2026-01-20 07:54:23 | INFO     | [DAY_START] Processing 20FEB
2026-01-20 07:54:23 | INFO     | [lf.day.start] Processing AHB-ATZ for 20FEB
2026-01-20 07:54:24 | INFO     | [lf.day.flights_found] Found 1 flights on 20FEB
2026-01-20 07:54:26 | INFO     | [lf.flight.extracted] SM446 on 20FEB: BKG=14, LF=8.0%
2026-01-20 07:54:29 | INFO     | [SUCCESS] Day 20FEB
2026-01-20 07:54:29 | INFO     | [DAY_START] Processing 19FEB
2026-01-20 07:54:29 | INFO     | [lf.day.start] Processing AHB-ATZ for 19FEB
2026-01-20 07:54:30 | WARNING  | [lf.day.no_flights] No direct flights on 19FEB
2026-01-20 07:54:30 | INFO     | [SUCCESS] Day 19FEB
2026-01-20 07:54:30 | INFO     | [DAY_START] Processing 18FEB
2026-01-20 07:54:30 | INFO     | [lf.day.start] Processing AHB-ATZ for 18FEB
2026-01-20 07:54:31 | WARNING  | [lf.day.no_flights] No direct flights on 18FEB
2026-01-20 07:54:31 | INFO     | [SUCCESS] Day 18FEB
2026-01-20 07:54:31 | INFO     | [DAY_START] Processing 17FEB
2026-01-20 07:54:31 | INFO     | [lf.day.start] Processing AHB-ATZ for 17FEB
2026-01-20 07:54:32 | WARNING  | [lf.day.no_flights] No direct flights on 17FEB
2026-01-20 07:54:32 | INFO     | [SUCCESS] Day 17FEB
2026-01-20 07:54:32 | INFO     | [DAY_START] Processing 16FEB
2026-01-20 07:54:32 | INFO     | [lf.day.start] Processing AHB-ATZ for 16FEB
2026-01-20 07:54:33 | WARNING  | [lf.day.no_flights] No direct flights on 16FEB
2026-01-20 07:54:33 | INFO     | [SUCCESS] Day 16FEB
2026-01-20 07:54:33 | INFO     | [DAY_START] Processing 15FEB
2026-01-20 07:54:33 | INFO     | [lf.day.start] Processing AHB-ATZ for 15FEB
2026-01-20 07:54:34 | WARNING  | [lf.day.no_flights] No direct flights on 15FEB
2026-01-20 07:54:35 | INFO     | [SUCCESS] Day 15FEB
2026-01-20 07:54:35 | INFO     | [DAY_START] Processing 14FEB
2026-01-20 07:54:35 | INFO     | [lf.day.start] Processing AHB-ATZ for 14FEB
2026-01-20 07:54:36 | WARNING  | [lf.day.no_flights] No direct flights on 14FEB
2026-01-20 07:54:36 | INFO     | [SUCCESS] Day 14FEB
2026-01-20 07:54:36 | INFO     | [DAY_START] Processing 13FEB
2026-01-20 07:54:36 | INFO     | [lf.day.start] Processing AHB-ATZ for 13FEB
2026-01-20 07:54:37 | INFO     | [lf.day.flights_found] Found 1 flights on 13FEB
2026-01-20 07:54:39 | INFO     | [lf.flight.extracted] SM446 on 13FEB: BKG=38, LF=21.7%
2026-01-20 07:54:42 | INFO     | [SUCCESS] Day 13FEB
2026-01-20 07:54:42 | INFO     | [SUCCESS] LF Search Complete
2026-01-20 07:54:44 | INFO     | [Worker_9223] Completed: AHB-ATZ - 9 results, 0 errors
2026-01-20 07:54:44 | INFO     | [Worker_9223] Processing: HBE-MED
2026-01-20 07:54:44 | INFO     |   Tier 0: Range 1, Chunk 1/4 (9 days)
