2026-01-20 07:44:21 | INFO     | ======================================================================
2026-01-20 07:44:21 | INFO     | Load Factor Scraper Started - Route: AHB-ATZ
2026-01-20 07:44:21 | INFO     | Log file: D:\CODERED\LAB\Artifacts\outputs\run_generated_200126_at_06.58\logs\LF_AHB-ATZ_20260120_074421.log
2026-01-20 07:44:21 | INFO     | Enhanced logging: Capturing both logging.info() and print()
2026-01-20 07:44:21 | INFO     | ======================================================================
2026-01-20 07:44:21 | INFO     | Starting LF search for route: AHB-ATZ
2026-01-20 07:44:21 | INFO     | [START] LF Search
2026-01-20 07:44:23 | INFO     | [HEALTH CHECK] [OK] Chrome connection is healthy
2026-01-20 07:44:23 | INFO     | [DAY_START] Processing 09MAR
2026-01-20 07:44:23 | INFO     | [lf.day.start] Processing AHB-ATZ for 09MAR
2026-01-20 07:44:26 | WARNING  | [lf.day.no_flights] No direct flights on 09MAR
2026-01-20 07:44:26 | INFO     | [SUCCESS] Day 09MAR
2026-01-20 07:44:26 | INFO     | [DAY_START] Processing 08MAR
2026-01-20 07:44:26 | INFO     | [lf.day.start] Processing AHB-ATZ for 08MAR
2026-01-20 07:44:28 | WARNING  | [lf.day.no_flights] No direct flights on 08MAR
2026-01-20 07:44:28 | INFO     | [SUCCESS] Day 08MAR
2026-01-20 07:44:28 | INFO     | [DAY_START] Processing 07MAR
2026-01-20 07:44:28 | INFO     | [lf.day.start] Processing AHB-ATZ for 07MAR
2026-01-20 07:44:30 | WARNING  | [lf.day.no_flights] No direct flights on 07MAR
2026-01-20 07:44:30 | INFO     | [SUCCESS] Day 07MAR
2026-01-20 07:44:30 | INFO     | [DAY_START] Processing 06MAR
2026-01-20 07:44:30 | INFO     | [lf.day.start] Processing AHB-ATZ for 06MAR
2026-01-20 07:44:32 | INFO     | [lf.day.flights_found] Found 1 flights on 06MAR
2026-01-20 07:44:35 | INFO     | [lf.flight.extracted] SM446 on 06MAR: BKG=28, LF=16.8%
2026-01-20 07:44:40 | INFO     | [SUCCESS] Day 06MAR
2026-01-20 07:44:40 | INFO     | [DAY_START] Processing 05MAR
2026-01-20 07:44:40 | INFO     | [lf.day.start] Processing AHB-ATZ for 05MAR
2026-01-20 07:44:42 | WARNING  | [lf.day.no_flights] No direct flights on 05MAR
2026-01-20 07:44:42 | INFO     | [SUCCESS] Day 05MAR
2026-01-20 07:44:42 | INFO     | [DAY_START] Processing 04MAR
2026-01-20 07:44:42 | INFO     | [lf.day.start] Processing AHB-ATZ for 04MAR
2026-01-20 07:44:43 | WARNING  | [lf.day.no_flights] No direct flights on 04MAR
2026-01-20 07:44:44 | INFO     | [SUCCESS] Day 04MAR
2026-01-20 07:44:44 | INFO     | [DAY_START] Processing 03MAR
2026-01-20 07:44:44 | INFO     | [lf.day.start] Processing AHB-ATZ for 03MAR
2026-01-20 07:44:45 | WARNING  | [lf.day.no_flights] No direct flights on 03MAR
2026-01-20 07:44:45 | INFO     | [SUCCESS] Day 03MAR
2026-01-20 07:44:45 | INFO     | [DAY_START] Processing 02MAR
2026-01-20 07:44:45 | INFO     | [lf.day.start] Processing AHB-ATZ for 02MAR
2026-01-20 07:44:47 | WARNING  | [lf.day.no_flights] No direct flights on 02MAR
2026-01-20 07:44:47 | INFO     | [SUCCESS] Day 02MAR
2026-01-20 07:44:47 | INFO     | [SUCCESS] LF Search Complete
2026-01-20 07:44:50 | INFO     | [Worker_9226] Completed: AHB-ATZ - 8 results, 0 errors
2026-01-20 07:44:50 | INFO     | [Worker_9226] Processing: ELQ-ATZ
2026-01-20 07:44:50 | INFO     |   Tier 0: Range 2, Chunk 3/4 (8 days)
