2026-01-20 07:36:33 | INFO     | ======================================================================
2026-01-20 07:36:33 | INFO     | Load Factor Scraper Started - Route: ATZ-TUU
2026-01-20 07:36:33 | INFO     | Log file: D:\CODERED\LAB\Artifacts\outputs\run_generated_200126_at_06.58\logs\LF_ATZ-TUU_20260120_073633.log
2026-01-20 07:36:33 | INFO     | Enhanced logging: Capturing both logging.info() and print()
2026-01-20 07:36:33 | INFO     | ======================================================================
2026-01-20 07:36:33 | INFO     | Starting LF search for route: ATZ-TUU
2026-01-20 07:36:33 | INFO     | [START] LF Search
2026-01-20 07:36:35 | INFO     | [HEALTH CHECK] [OK] Chrome connection is healthy
2026-01-20 07:36:35 | INFO     | [DAY_START] Processing 26MAR
2026-01-20 07:36:35 | INFO     | [lf.day.start] Processing ATZ-TUU for 26MAR
2026-01-20 07:36:37 | WARNING  | [lf.day.no_flights] No direct flights on 26MAR
2026-01-20 07:36:37 | INFO     | [SUCCESS] Day 26MAR
2026-01-20 07:36:37 | INFO     | [DAY_START] Processing 25MAR
2026-01-20 07:36:37 | INFO     | [lf.day.start] Processing ATZ-TUU for 25MAR
2026-01-20 07:36:38 | WARNING  | [lf.day.no_flights] No direct flights on 25MAR
2026-01-20 07:36:38 | INFO     | [SUCCESS] Day 25MAR
2026-01-20 07:36:38 | INFO     | [DAY_START] Processing 24MAR
2026-01-20 07:36:38 | INFO     | [lf.day.start] Processing ATZ-TUU for 24MAR
2026-01-20 07:36:40 | WARNING  | [lf.day.no_flights] No direct flights on 24MAR
2026-01-20 07:36:40 | INFO     | [SUCCESS] Day 24MAR
2026-01-20 07:36:40 | INFO     | [DAY_START] Processing 23MAR
2026-01-20 07:36:40 | INFO     | [lf.day.start] Processing ATZ-TUU for 23MAR
2026-01-20 07:36:41 | WARNING  | [lf.day.no_flights] No direct flights on 23MAR
2026-01-20 07:36:41 | INFO     | [SUCCESS] Day 23MAR
2026-01-20 07:36:41 | INFO     | [DAY_START] Processing 22MAR
2026-01-20 07:36:41 | INFO     | [lf.day.start] Processing ATZ-TUU for 22MAR
2026-01-20 07:36:42 | WARNING  | [lf.day.no_flights] No direct flights on 22MAR
2026-01-20 07:36:42 | INFO     | [SUCCESS] Day 22MAR
2026-01-20 07:36:42 | INFO     | [DAY_START] Processing 21MAR
2026-01-20 07:36:42 | INFO     | [lf.day.start] Processing ATZ-TUU for 21MAR
2026-01-20 07:36:44 | WARNING  | [lf.day.no_flights] No direct flights on 21MAR
2026-01-20 07:36:44 | INFO     | [SUCCESS] Day 21MAR
2026-01-20 07:36:44 | INFO     | [DAY_START] Processing 20MAR
2026-01-20 07:36:44 | INFO     | [lf.day.start] Processing ATZ-TUU for 20MAR
2026-01-20 07:36:45 | INFO     | [lf.day.flights_found] Found 1 flights on 20MAR
2026-01-20 07:36:47 | INFO     | [lf.flight.extracted] SM327 on 20MAR: BKG=1, LF=0.6%
2026-01-20 07:36:51 | INFO     | [SUCCESS] Day 20MAR
2026-01-20 07:36:51 | INFO     | [DAY_START] Processing 19MAR
2026-01-20 07:36:51 | INFO     | [lf.day.start] Processing ATZ-TUU for 19MAR
2026-01-20 07:36:52 | WARNING  | [lf.day.no_flights] No direct flights on 19MAR
2026-01-20 07:36:52 | INFO     | [SUCCESS] Day 19MAR
2026-01-20 07:36:52 | INFO     | [DAY_START] Processing 18MAR
2026-01-20 07:36:52 | INFO     | [lf.day.start] Processing ATZ-TUU for 18MAR
2026-01-20 07:36:53 | WARNING  | [lf.day.no_flights] No direct flights on 18MAR
2026-01-20 07:36:53 | INFO     | [SUCCESS] Day 18MAR
2026-01-20 07:36:53 | INFO     | [SUCCESS] LF Search Complete
2026-01-20 07:36:55 | INFO     | [Worker_9234] Completed: ATZ-TUU - 9 results, 0 errors
2026-01-20 07:36:55 | INFO     | [Worker_9234] Processing: CAI-YNB
2026-01-20 07:36:55 | INFO     |   Tier 0: Range 2, Chunk 1/4 (9 days)
