2026-01-20 07:49:38 | INFO     | ======================================================================
2026-01-20 07:49:38 | INFO     | Load Factor Scraper Started - Route: ATZ-MED
2026-01-20 07:49:38 | INFO     | Log file: D:\CODERED\LAB\Artifacts\outputs\run_generated_200126_at_06.58\logs\LF_ATZ-MED_20260120_074938.log
2026-01-20 07:49:38 | INFO     | Enhanced logging: Capturing both logging.info() and print()
2026-01-20 07:49:38 | INFO     | ======================================================================
2026-01-20 07:49:38 | INFO     | Starting LF search for route: ATZ-MED
2026-01-20 07:49:38 | INFO     | [START] LF Search
2026-01-20 07:49:40 | INFO     | [HEALTH CHECK] [OK] Chrome connection is healthy
2026-01-20 07:49:40 | INFO     | [DAY_START] Processing 01MAR
2026-01-20 07:49:40 | INFO     | [lf.day.start] Processing ATZ-MED for 01MAR
2026-01-20 07:49:41 | WARNING  | [lf.day.no_flights] No direct flights on 01MAR
2026-01-20 07:49:41 | INFO     | [SUCCESS] Day 01MAR
2026-01-20 07:49:41 | INFO     | [DAY_START] Processing 28FEB
2026-01-20 07:49:41 | INFO     | [lf.day.start] Processing ATZ-MED for 28FEB
2026-01-20 07:49:42 | INFO     | [lf.day.flights_found] Found 1 flights on 28FEB
2026-01-20 07:49:45 | INFO     | [lf.flight.extracted] SM487 on 28FEB: BKG=47, LF=26.3%
2026-01-20 07:49:48 | INFO     | [SUCCESS] Day 28FEB
2026-01-20 07:49:48 | INFO     | [DAY_START] Processing 27FEB
2026-01-20 07:49:48 | INFO     | [lf.day.start] Processing ATZ-MED for 27FEB
2026-01-20 07:49:49 | WARNING  | [lf.day.no_flights] No direct flights on 27FEB
2026-01-20 07:49:49 | INFO     | [SUCCESS] Day 27FEB
2026-01-20 07:49:49 | INFO     | [DAY_START] Processing 26FEB
2026-01-20 07:49:49 | INFO     | [lf.day.start] Processing ATZ-MED for 26FEB
2026-01-20 07:49:50 | WARNING  | [lf.day.no_flights] No direct flights on 26FEB
2026-01-20 07:49:50 | INFO     | [SUCCESS] Day 26FEB
2026-01-20 07:49:50 | INFO     | [DAY_START] Processing 25FEB
2026-01-20 07:49:50 | INFO     | [lf.day.start] Processing ATZ-MED for 25FEB
2026-01-20 07:49:51 | INFO     | [lf.day.flights_found] Found 1 flights on 25FEB
2026-01-20 07:49:53 | INFO     | [lf.flight.extracted] SM489 on 25FEB: BKG=48, LF=26.8%
2026-01-20 07:49:57 | INFO     | [SUCCESS] Day 25FEB
2026-01-20 07:49:57 | INFO     | [DAY_START] Processing 24FEB
2026-01-20 07:49:57 | INFO     | [lf.day.start] Processing ATZ-MED for 24FEB
2026-01-20 07:49:58 | INFO     | [lf.day.flights_found] Found 1 flights on 24FEB
2026-01-20 07:50:01 | INFO     | [lf.flight.extracted] SM487 on 24FEB: BKG=180, LF=100.6%
2026-01-20 07:50:05 | INFO     | [SUCCESS] Day 24FEB
2026-01-20 07:50:05 | INFO     | [DAY_START] Processing 23FEB
2026-01-20 07:50:05 | INFO     | [lf.day.start] Processing ATZ-MED for 23FEB
2026-01-20 07:50:06 | INFO     | [lf.day.flights_found] Found 1 flights on 23FEB
2026-01-20 07:50:08 | INFO     | [lf.flight.extracted] SM487 on 23FEB: BKG=176, LF=98.3%
2026-01-20 07:50:11 | INFO     | [SUCCESS] Day 23FEB
2026-01-20 07:50:11 | INFO     | [DAY_START] Processing 22FEB
2026-01-20 07:50:11 | INFO     | [lf.day.start] Processing ATZ-MED for 22FEB
2026-01-20 07:50:12 | INFO     | [lf.day.flights_found] Found 2 flights on 22FEB
2026-01-20 07:50:14 | INFO     | [lf.flight.extracted] SM981 on 22FEB: BKG=180, LF=100.6%
2026-01-20 07:50:18 | INFO     | [lf.flight.extracted] SM963 on 22FEB: BKG=180, LF=100.6%
2026-01-20 07:50:22 | INFO     | [SUCCESS] Day 22FEB
2026-01-20 07:50:22 | INFO     | [SUCCESS] LF Search Complete
2026-01-20 07:50:24 | INFO     | [Worker_9224] Completed: ATZ-MED - 8 results, 0 errors
2026-01-20 07:50:24 | INFO     | [Worker_9224] Processing: CAI-RUH
2026-01-20 07:50:24 | INFO     |   Tier 0: Range 2, Chunk 4/4 (8 days)
