2026-01-20 07:50:44 | INFO     | ======================================================================
2026-01-20 07:50:44 | INFO     | Load Factor Scraper Started - Route: ATZ-DMM
2026-01-20 07:50:44 | INFO     | Log file: D:\CODERED\LAB\Artifacts\outputs\run_generated_200126_at_06.58\logs\LF_ATZ-DMM_20260120_075044.log
2026-01-20 07:50:44 | INFO     | Enhanced logging: Capturing both logging.info() and print()
2026-01-20 07:50:44 | INFO     | ======================================================================
2026-01-20 07:50:44 | INFO     | Starting LF search for route: ATZ-DMM
2026-01-20 07:50:44 | INFO     | [START] LF Search
2026-01-20 07:50:46 | INFO     | [HEALTH CHECK] [OK] Chrome connection is healthy
2026-01-20 07:50:46 | INFO     | [DAY_START] Processing 01MAR
2026-01-20 07:50:46 | INFO     | [lf.day.start] Processing ATZ-DMM for 01MAR
2026-01-20 07:50:47 | WARNING  | [lf.day.no_flights] No direct flights on 01MAR
2026-01-20 07:50:47 | INFO     | [SUCCESS] Day 01MAR
2026-01-20 07:50:47 | INFO     | [DAY_START] Processing 28FEB
2026-01-20 07:50:47 | INFO     | [lf.day.start] Processing ATZ-DMM for 28FEB
2026-01-20 07:50:48 | WARNING  | [lf.day.no_flights] No direct flights on 28FEB
2026-01-20 07:50:48 | INFO     | [SUCCESS] Day 28FEB
2026-01-20 07:50:48 | INFO     | [DAY_START] Processing 27FEB
2026-01-20 07:50:48 | INFO     | [lf.day.start] Processing ATZ-DMM for 27FEB
2026-01-20 07:50:49 | INFO     | [lf.day.flights_found] Found 1 flights on 27FEB
2026-01-20 07:50:51 | INFO     | [lf.flight.extracted] SM437 on 27FEB: BKG=5, LF=2.8%
2026-01-20 07:50:54 | INFO     | [SUCCESS] Day 27FEB
2026-01-20 07:50:54 | INFO     | [DAY_START] Processing 26FEB
2026-01-20 07:50:54 | INFO     | [lf.day.start] Processing ATZ-DMM for 26FEB
2026-01-20 07:50:55 | WARNING  | [lf.day.no_flights] No direct flights on 26FEB
2026-01-20 07:50:55 | INFO     | [SUCCESS] Day 26FEB
2026-01-20 07:50:55 | INFO     | [DAY_START] Processing 25FEB
2026-01-20 07:50:55 | INFO     | [lf.day.start] Processing ATZ-DMM for 25FEB
2026-01-20 07:50:56 | WARNING  | [lf.day.no_flights] No direct flights on 25FEB
2026-01-20 07:50:56 | INFO     | [SUCCESS] Day 25FEB
2026-01-20 07:50:56 | INFO     | [DAY_START] Processing 24FEB
2026-01-20 07:50:56 | INFO     | [lf.day.start] Processing ATZ-DMM for 24FEB
2026-01-20 07:50:58 | WARNING  | [lf.day.no_flights] No direct flights on 24FEB
2026-01-20 07:50:58 | INFO     | [SUCCESS] Day 24FEB
2026-01-20 07:50:58 | INFO     | [DAY_START] Processing 23FEB
2026-01-20 07:50:58 | INFO     | [lf.day.start] Processing ATZ-DMM for 23FEB
2026-01-20 07:50:59 | INFO     | [lf.day.flights_found] Found 1 flights on 23FEB
2026-01-20 07:51:01 | INFO     | [lf.flight.extracted] SM437 on 23FEB: BKG=5, LF=2.8%
2026-01-20 07:51:04 | INFO     | [SUCCESS] Day 23FEB
2026-01-20 07:51:04 | INFO     | [DAY_START] Processing 22FEB
2026-01-20 07:51:04 | INFO     | [lf.day.start] Processing ATZ-DMM for 22FEB
2026-01-20 07:51:05 | WARNING  | [lf.day.no_flights] No direct flights on 22FEB
2026-01-20 07:51:05 | INFO     | [SUCCESS] Day 22FEB
2026-01-20 07:51:05 | INFO     | [SUCCESS] LF Search Complete
2026-01-20 07:51:07 | INFO     | [Worker_9222] Completed: ATZ-DMM - 8 results, 0 errors
2026-01-20 07:51:07 | INFO     | [Worker_9222] Processing: ATZ-AJF
2026-01-20 07:51:07 | INFO     |   Tier 0: Range 2, Chunk 4/4 (8 days)
