2026-01-20 07:02:18 | INFO     | ======================================================================
2026-01-20 07:02:18 | INFO     | Load Factor Scraper Started - Route: ATZ-ELQ
2026-01-20 07:02:18 | INFO     | Log file: D:\CODERED\LAB\Artifacts\outputs\run_generated_200126_at_06.58\logs\LF_ATZ-ELQ_20260120_070218.log
2026-01-20 07:02:18 | INFO     | Enhanced logging: Capturing both logging.info() and print()
2026-01-20 07:02:18 | INFO     | ======================================================================
2026-01-20 07:02:18 | INFO     | Starting LF search for route: ATZ-ELQ
2026-01-20 07:02:18 | INFO     | [START] LF Search
2026-01-20 07:02:19 | INFO     | [HEALTH CHECK] [OK] Chrome connection is healthy
2026-01-20 07:02:19 | INFO     | [DAY_START] Processing 31MAY
2026-01-20 07:02:19 | INFO     | [lf.day.start] Processing ATZ-ELQ for 31MAY
2026-01-20 07:02:20 | WARNING  | [lf.day.no_flights] No direct flights on 31MAY
2026-01-20 07:02:21 | INFO     | [SUCCESS] Day 31MAY
2026-01-20 07:02:21 | INFO     | [DAY_START] Processing 30MAY
2026-01-20 07:02:21 | INFO     | [lf.day.start] Processing ATZ-ELQ for 30MAY
2026-01-20 07:02:22 | WARNING  | [lf.day.no_flights] No direct flights on 30MAY
2026-01-20 07:02:22 | INFO     | [SUCCESS] Day 30MAY
2026-01-20 07:02:22 | INFO     | [DAY_START] Processing 29MAY
2026-01-20 07:02:22 | INFO     | [lf.day.start] Processing ATZ-ELQ for 29MAY
2026-01-20 07:02:23 | WARNING  | [lf.day.no_flights] No direct flights on 29MAY
2026-01-20 07:02:23 | INFO     | [SUCCESS] Day 29MAY
2026-01-20 07:02:23 | INFO     | [DAY_START] Processing 28MAY
2026-01-20 07:02:23 | INFO     | [lf.day.start] Processing ATZ-ELQ for 28MAY
2026-01-20 07:02:24 | WARNING  | [lf.day.no_flights] No direct flights on 28MAY
2026-01-20 07:02:24 | INFO     | [SUCCESS] Day 28MAY
2026-01-20 07:02:24 | INFO     | [DAY_START] Processing 27MAY
2026-01-20 07:02:24 | INFO     | [lf.day.start] Processing ATZ-ELQ for 27MAY
2026-01-20 07:02:25 | WARNING  | [lf.day.no_flights] No direct flights on 27MAY
2026-01-20 07:02:26 | INFO     | [SUCCESS] Day 27MAY
2026-01-20 07:02:26 | INFO     | [DAY_START] Processing 26MAY
2026-01-20 07:02:26 | INFO     | [lf.day.start] Processing ATZ-ELQ for 26MAY
2026-01-20 07:02:27 | WARNING  | [lf.day.no_flights] No direct flights on 26MAY
2026-01-20 07:02:27 | INFO     | [SUCCESS] Day 26MAY
2026-01-20 07:02:27 | INFO     | [DAY_START] Processing 25MAY
2026-01-20 07:02:27 | INFO     | [lf.day.start] Processing ATZ-ELQ for 25MAY
2026-01-20 07:02:28 | WARNING  | [lf.day.no_flights] No direct flights on 25MAY
2026-01-20 07:02:28 | INFO     | [SUCCESS] Day 25MAY
2026-01-20 07:02:28 | INFO     | [DAY_START] Processing 24MAY
2026-01-20 07:02:28 | INFO     | [lf.day.start] Processing ATZ-ELQ for 24MAY
2026-01-20 07:02:29 | WARNING  | [lf.day.no_flights] No direct flights on 24MAY
2026-01-20 07:02:30 | INFO     | [SUCCESS] Day 24MAY
2026-01-20 07:02:30 | INFO     | [DAY_START] Processing 23MAY
2026-01-20 07:02:30 | INFO     | [lf.day.start] Processing ATZ-ELQ for 23MAY
2026-01-20 07:02:31 | WARNING  | [lf.day.no_flights] No direct flights on 23MAY
2026-01-20 07:02:31 | INFO     | [SUCCESS] Day 23MAY
2026-01-20 07:02:31 | INFO     | [SUCCESS] LF Search Complete
2026-01-20 07:02:33 | INFO     | [Worker_9223] Completed: ATZ-ELQ - 9 results, 0 errors
2026-01-20 07:02:33 | INFO     | [Worker_9223] Processing: JED-CAI
2026-01-20 07:02:33 | INFO     |   Tier 0: Range 4, Chunk 2/4 (8 days)
