2026-01-20 07:05:16 | INFO     | ======================================================================
2026-01-20 07:05:16 | INFO     | Load Factor Scraper Started - Route: ATZ-AHB
2026-01-20 07:05:16 | INFO     | Log file: D:\CODERED\LAB\Artifacts\outputs\run_generated_200126_at_06.58\logs\LF_ATZ-AHB_20260120_070516.log
2026-01-20 07:05:16 | INFO     | Enhanced logging: Capturing both logging.info() and print()
2026-01-20 07:05:16 | INFO     | ======================================================================
2026-01-20 07:05:16 | INFO     | Starting LF search for route: ATZ-AHB
2026-01-20 07:05:16 | INFO     | [START] LF Search
2026-01-20 07:05:20 | INFO     | [HEALTH CHECK] [OK] Chrome connection is healthy
2026-01-20 07:05:20 | INFO     | [DAY_START] Processing 22MAY
2026-01-20 07:05:20 | INFO     | [lf.day.start] Processing ATZ-AHB for 22MAY
2026-01-20 07:05:21 | WARNING  | [lf.day.no_flights] No direct flights on 22MAY
2026-01-20 07:05:21 | INFO     | [SUCCESS] Day 22MAY
2026-01-20 07:05:21 | INFO     | [DAY_START] Processing 21MAY
2026-01-20 07:05:21 | INFO     | [lf.day.start] Processing ATZ-AHB for 21MAY
2026-01-20 07:05:23 | WARNING  | [lf.day.no_flights] No direct flights on 21MAY
2026-01-20 07:05:23 | INFO     | [SUCCESS] Day 21MAY
2026-01-20 07:05:23 | INFO     | [DAY_START] Processing 20MAY
2026-01-20 07:05:23 | INFO     | [lf.day.start] Processing ATZ-AHB for 20MAY
2026-01-20 07:05:25 | WARNING  | [lf.day.no_flights] No direct flights on 20MAY
2026-01-20 07:05:25 | INFO     | [SUCCESS] Day 20MAY
2026-01-20 07:05:25 | INFO     | [DAY_START] Processing 19MAY
2026-01-20 07:05:25 | INFO     | [lf.day.start] Processing ATZ-AHB for 19MAY
2026-01-20 07:05:27 | WARNING  | [lf.day.no_flights] No direct flights on 19MAY
2026-01-20 07:05:28 | INFO     | [SUCCESS] Day 19MAY
2026-01-20 07:05:28 | INFO     | [DAY_START] Processing 18MAY
2026-01-20 07:05:28 | INFO     | [lf.day.start] Processing ATZ-AHB for 18MAY
2026-01-20 07:05:30 | WARNING  | [lf.day.no_flights] No direct flights on 18MAY
2026-01-20 07:05:30 | INFO     | [SUCCESS] Day 18MAY
2026-01-20 07:05:30 | INFO     | [DAY_START] Processing 17MAY
2026-01-20 07:05:30 | INFO     | [lf.day.start] Processing ATZ-AHB for 17MAY
2026-01-20 07:05:31 | WARNING  | [lf.day.no_flights] No direct flights on 17MAY
2026-01-20 07:05:31 | INFO     | [SUCCESS] Day 17MAY
2026-01-20 07:05:31 | INFO     | [DAY_START] Processing 16MAY
2026-01-20 07:05:31 | INFO     | [lf.day.start] Processing ATZ-AHB for 16MAY
2026-01-20 07:05:33 | WARNING  | [lf.day.no_flights] No direct flights on 16MAY
2026-01-20 07:05:34 | INFO     | [SUCCESS] Day 16MAY
2026-01-20 07:05:34 | INFO     | [DAY_START] Processing 15MAY
2026-01-20 07:05:34 | INFO     | [lf.day.start] Processing ATZ-AHB for 15MAY
2026-01-20 07:05:35 | WARNING  | [lf.day.no_flights] No direct flights on 15MAY
2026-01-20 07:05:35 | INFO     | [SUCCESS] Day 15MAY
2026-01-20 07:05:35 | INFO     | [SUCCESS] LF Search Complete
2026-01-20 07:05:37 | INFO     | [Worker_9233] Completed: ATZ-AHB - 8 results, 0 errors
2026-01-20 07:05:37 | INFO     | [Worker_9233] Processing: MED-HBE
2026-01-20 07:05:37 | INFO     |   Tier 0: Range 4, Chunk 3/4 (8 days)
