2026-01-20 08:04:30 | INFO     | ======================================================================
2026-01-20 08:04:30 | INFO     | Load Factor Scraper Started - Route: AHB-CAI
2026-01-20 08:04:30 | INFO     | Log file: D:\CODERED\LAB\Artifacts\outputs\run_generated_200126_at_06.58\logs\LF_AHB-CAI_20260120_080430.log
2026-01-20 08:04:30 | INFO     | Enhanced logging: Capturing both logging.info() and print()
2026-01-20 08:04:30 | INFO     | ======================================================================
2026-01-20 08:04:30 | INFO     | Starting LF search for route: AHB-CAI
2026-01-20 08:04:30 | INFO     | [START] LF Search
2026-01-20 08:04:31 | INFO     | [HEALTH CHECK] [OK] Chrome connection is healthy
2026-01-20 08:04:31 | INFO     | [DAY_START] Processing 04FEB
2026-01-20 08:04:31 | INFO     | [lf.day.start] Processing AHB-CAI for 04FEB
2026-01-20 08:04:32 | WARNING  | [lf.day.no_flights] No direct flights on 04FEB
2026-01-20 08:04:33 | INFO     | [SUCCESS] Day 04FEB
2026-01-20 08:04:33 | INFO     | [DAY_START] Processing 03FEB
2026-01-20 08:04:33 | INFO     | [lf.day.start] Processing AHB-CAI for 03FEB
2026-01-20 08:04:34 | WARNING  | [lf.day.no_flights] No direct flights on 03FEB
2026-01-20 08:04:34 | INFO     | [SUCCESS] Day 03FEB
2026-01-20 08:04:34 | INFO     | [DAY_START] Processing 02FEB
2026-01-20 08:04:34 | INFO     | [lf.day.start] Processing AHB-CAI for 02FEB
2026-01-20 08:04:35 | WARNING  | [lf.day.no_flights] No direct flights on 02FEB
2026-01-20 08:04:35 | INFO     | [SUCCESS] Day 02FEB
2026-01-20 08:04:35 | INFO     | [DAY_START] Processing 01FEB
2026-01-20 08:04:35 | INFO     | [lf.day.start] Processing AHB-CAI for 01FEB
2026-01-20 08:04:36 | INFO     | [lf.day.flights_found] Found 1 flights on 01FEB
2026-01-20 08:04:38 | INFO     | [lf.flight.extracted] SM444 on 01FEB: BKG=38, LF=21.7%
2026-01-20 08:04:42 | INFO     | [SUCCESS] Day 01FEB
2026-01-20 08:04:42 | INFO     | [DAY_START] Processing 31JAN
2026-01-20 08:04:42 | INFO     | [lf.day.start] Processing AHB-CAI for 31JAN
2026-01-20 08:04:43 | WARNING  | [lf.day.no_flights] No direct flights on 31JAN
2026-01-20 08:04:43 | INFO     | [SUCCESS] Day 31JAN
2026-01-20 08:04:43 | INFO     | [DAY_START] Processing 30JAN
2026-01-20 08:04:43 | INFO     | [lf.day.start] Processing AHB-CAI for 30JAN
2026-01-20 08:04:44 | INFO     | [lf.day.flights_found] Found 1 flights on 30JAN
2026-01-20 08:04:46 | INFO     | [lf.flight.extracted] SM444 on 30JAN: BKG=71, LF=40.6%
2026-01-20 08:04:54 | INFO     | [SUCCESS] Day 30JAN
2026-01-20 08:04:54 | INFO     | [DAY_START] Processing 29JAN
2026-01-20 08:04:54 | INFO     | [lf.day.start] Processing AHB-CAI for 29JAN
2026-01-20 08:04:55 | INFO     | [lf.day.flights_found] Found 1 flights on 29JAN
2026-01-20 08:04:57 | INFO     | [lf.flight.extracted] SM448 on 29JAN: BKG=83, LF=47.4%
2026-01-20 08:05:04 | INFO     | [SUCCESS] Day 29JAN
2026-01-20 08:05:04 | INFO     | [DAY_START] Processing 28JAN
2026-01-20 08:05:04 | INFO     | [lf.day.start] Processing AHB-CAI for 28JAN
2026-01-20 08:05:05 | WARNING  | [lf.day.no_flights] No direct flights on 28JAN
2026-01-20 08:05:05 | INFO     | [SUCCESS] Day 28JAN
2026-01-20 08:05:05 | INFO     | [SUCCESS] LF Search Complete
2026-01-20 08:05:07 | INFO     | [Worker_9232] Completed: AHB-CAI - 8 results, 0 errors
2026-01-20 08:05:07 | INFO     | [Worker_9232] Processing: HBE-MED
2026-01-20 08:05:07 | INFO     |   Tier 0: Range 1, Chunk 3/4 (8 days)
