2026-01-20 07:59:01 | INFO     | ======================================================================
2026-01-20 07:59:01 | INFO     | Load Factor Scraper Started - Route: AJF-ATZ
2026-01-20 07:59:01 | INFO     | Log file: D:\CODERED\LAB\Artifacts\outputs\run_generated_200126_at_06.58\logs\LF_AJF-ATZ_20260120_075901.log
2026-01-20 07:59:01 | INFO     | Enhanced logging: Capturing both logging.info() and print()
2026-01-20 07:59:01 | INFO     | ======================================================================
2026-01-20 07:59:01 | INFO     | Starting LF search for route: AJF-ATZ
2026-01-20 07:59:01 | INFO     | [START] LF Search
2026-01-20 07:59:02 | INFO     | [HEALTH CHECK] [OK] Chrome connection is healthy
2026-01-20 07:59:02 | INFO     | [DAY_START] Processing 12FEB
2026-01-20 07:59:02 | INFO     | [lf.day.start] Processing AJF-ATZ for 12FEB
2026-01-20 07:59:03 | WARNING  | [lf.day.no_flights] No direct flights on 12FEB
2026-01-20 07:59:03 | INFO     | [SUCCESS] Day 12FEB
2026-01-20 07:59:03 | INFO     | [DAY_START] Processing 11FEB
2026-01-20 07:59:03 | INFO     | [lf.day.start] Processing AJF-ATZ for 11FEB
2026-01-20 07:59:04 | WARNING  | [lf.day.no_flights] No direct flights on 11FEB
2026-01-20 07:59:05 | INFO     | [SUCCESS] Day 11FEB
2026-01-20 07:59:05 | INFO     | [DAY_START] Processing 10FEB
2026-01-20 07:59:05 | INFO     | [lf.day.start] Processing AJF-ATZ for 10FEB
2026-01-20 07:59:06 | WARNING  | [lf.day.no_flights] No direct flights on 10FEB
2026-01-20 07:59:06 | INFO     | [SUCCESS] Day 10FEB
2026-01-20 07:59:06 | INFO     | [DAY_START] Processing 09FEB
2026-01-20 07:59:06 | INFO     | [lf.day.start] Processing AJF-ATZ for 09FEB
2026-01-20 07:59:07 | WARNING  | [lf.day.no_flights] No direct flights on 09FEB
2026-01-20 07:59:07 | INFO     | [SUCCESS] Day 09FEB
2026-01-20 07:59:07 | INFO     | [DAY_START] Processing 08FEB
2026-01-20 07:59:07 | INFO     | [lf.day.start] Processing AJF-ATZ for 08FEB
2026-01-20 07:59:08 | WARNING  | [lf.day.no_flights] No direct flights on 08FEB
2026-01-20 07:59:08 | INFO     | [SUCCESS] Day 08FEB
2026-01-20 07:59:08 | INFO     | [DAY_START] Processing 07FEB
2026-01-20 07:59:08 | INFO     | [lf.day.start] Processing AJF-ATZ for 07FEB
2026-01-20 07:59:09 | WARNING  | [lf.day.no_flights] No direct flights on 07FEB
2026-01-20 07:59:09 | INFO     | [SUCCESS] Day 07FEB
2026-01-20 07:59:09 | INFO     | [DAY_START] Processing 06FEB
2026-01-20 07:59:09 | INFO     | [lf.day.start] Processing AJF-ATZ for 06FEB
2026-01-20 07:59:10 | INFO     | [lf.day.flights_found] Found 1 flights on 06FEB
2026-01-20 07:59:13 | INFO     | [lf.flight.extracted] SM324 on 06FEB: BKG=129, LF=73.7%
2026-01-20 07:59:19 | INFO     | [SUCCESS] Day 06FEB
2026-01-20 07:59:19 | INFO     | [DAY_START] Processing 05FEB
2026-01-20 07:59:19 | INFO     | [lf.day.start] Processing AJF-ATZ for 05FEB
2026-01-20 07:59:20 | WARNING  | [lf.day.no_flights] No direct flights on 05FEB
2026-01-20 07:59:20 | INFO     | [SUCCESS] Day 05FEB
2026-01-20 07:59:20 | INFO     | [SUCCESS] LF Search Complete
2026-01-20 07:59:22 | INFO     | [Worker_9234] Completed: AJF-ATZ - 8 results, 0 errors
2026-01-20 07:59:22 | INFO     | [Worker_9234] Processing: ELQ-CAI
2026-01-20 07:59:22 | INFO     |   Tier 0: Range 1, Chunk 2/4 (8 days)
