2026-01-20 07:41:05 | INFO     | ======================================================================
2026-01-20 07:41:05 | INFO     | Load Factor Scraper Started - Route: ATZ-DMM
2026-01-20 07:41:05 | INFO     | Log file: D:\CODERED\LAB\Artifacts\outputs\run_generated_200126_at_06.58\logs\LF_ATZ-DMM_20260120_074105.log
2026-01-20 07:41:05 | INFO     | Enhanced logging: Capturing both logging.info() and print()
2026-01-20 07:41:05 | INFO     | ======================================================================
2026-01-20 07:41:05 | INFO     | Starting LF search for route: ATZ-DMM
2026-01-20 07:41:05 | INFO     | [START] LF Search
2026-01-20 07:41:06 | INFO     | [HEALTH CHECK] [OK] Chrome connection is healthy
2026-01-20 07:41:06 | INFO     | [DAY_START] Processing 17MAR
2026-01-20 07:41:06 | INFO     | [lf.day.start] Processing ATZ-DMM for 17MAR
2026-01-20 07:41:07 | WARNING  | [lf.day.no_flights] No direct flights on 17MAR
2026-01-20 07:41:08 | INFO     | [SUCCESS] Day 17MAR
2026-01-20 07:41:08 | INFO     | [DAY_START] Processing 16MAR
2026-01-20 07:41:08 | INFO     | [lf.day.start] Processing ATZ-DMM for 16MAR
2026-01-20 07:41:09 | INFO     | [lf.day.flights_found] Found 1 flights on 16MAR
2026-01-20 07:41:11 | INFO     | [lf.flight.extracted] SM437 on 16MAR: BKG=1, LF=0.6%
2026-01-20 07:41:13 | INFO     | [SUCCESS] Day 16MAR
2026-01-20 07:41:13 | INFO     | [DAY_START] Processing 15MAR
2026-01-20 07:41:13 | INFO     | [lf.day.start] Processing ATZ-DMM for 15MAR
2026-01-20 07:41:14 | WARNING  | [lf.day.no_flights] No direct flights on 15MAR
2026-01-20 07:41:15 | INFO     | [SUCCESS] Day 15MAR
2026-01-20 07:41:15 | INFO     | [DAY_START] Processing 14MAR
2026-01-20 07:41:15 | INFO     | [lf.day.start] Processing ATZ-DMM for 14MAR
2026-01-20 07:41:16 | WARNING  | [lf.day.no_flights] No direct flights on 14MAR
2026-01-20 07:41:16 | INFO     | [SUCCESS] Day 14MAR
2026-01-20 07:41:16 | INFO     | [DAY_START] Processing 13MAR
2026-01-20 07:41:16 | INFO     | [lf.day.start] Processing ATZ-DMM for 13MAR
2026-01-20 07:41:17 | INFO     | [lf.day.flights_found] Found 1 flights on 13MAR
2026-01-20 07:41:19 | INFO     | [lf.flight.extracted] SM437 on 13MAR: BKG=4, LF=2.2%
2026-01-20 07:41:22 | INFO     | [SUCCESS] Day 13MAR
2026-01-20 07:41:22 | INFO     | [DAY_START] Processing 12MAR
2026-01-20 07:41:22 | INFO     | [lf.day.start] Processing ATZ-DMM for 12MAR
2026-01-20 07:41:23 | WARNING  | [lf.day.no_flights] No direct flights on 12MAR
2026-01-20 07:41:23 | INFO     | [SUCCESS] Day 12MAR
2026-01-20 07:41:23 | INFO     | [DAY_START] Processing 11MAR
2026-01-20 07:41:23 | INFO     | [lf.day.start] Processing ATZ-DMM for 11MAR
2026-01-20 07:41:24 | WARNING  | [lf.day.no_flights] No direct flights on 11MAR
2026-01-20 07:41:25 | INFO     | [SUCCESS] Day 11MAR
2026-01-20 07:41:25 | INFO     | [DAY_START] Processing 10MAR
2026-01-20 07:41:25 | INFO     | [lf.day.start] Processing ATZ-DMM for 10MAR
2026-01-20 07:41:26 | WARNING  | [lf.day.no_flights] No direct flights on 10MAR
2026-01-20 07:41:26 | INFO     | [SUCCESS] Day 10MAR
2026-01-20 07:41:26 | INFO     | [SUCCESS] LF Search Complete
2026-01-20 07:41:28 | INFO     | [Worker_9224] Completed: ATZ-DMM - 8 results, 0 errors
2026-01-20 07:41:28 | INFO     | [Worker_9224] Processing: CAI-AJF
2026-01-20 07:41:28 | INFO     |   Tier 0: Range 2, Chunk 2/4 (8 days)
