2026-01-20 07:46:07 | INFO     | ======================================================================
2026-01-20 07:46:07 | INFO     | Load Factor Scraper Started - Route: ATZ-DMM
2026-01-20 07:46:07 | INFO     | Log file: D:\CODERED\LAB\Artifacts\outputs\run_generated_200126_at_06.58\logs\LF_ATZ-DMM_20260120_074607.log
2026-01-20 07:46:07 | INFO     | Enhanced logging: Capturing both logging.info() and print()
2026-01-20 07:46:07 | INFO     | ======================================================================
2026-01-20 07:46:07 | INFO     | Starting LF search for route: ATZ-DMM
2026-01-20 07:46:07 | INFO     | [START] LF Search
2026-01-20 07:46:09 | INFO     | [HEALTH CHECK] [OK] Chrome connection is healthy
2026-01-20 07:46:09 | INFO     | [DAY_START] Processing 09MAR
2026-01-20 07:46:09 | INFO     | [lf.day.start] Processing ATZ-DMM for 09MAR
2026-01-20 07:46:10 | INFO     | [lf.day.flights_found] Found 1 flights on 09MAR
2026-01-20 07:46:13 | INFO     | [lf.flight.extracted] SM437 on 09MAR: BKG=1, LF=0.6%
2026-01-20 07:46:16 | INFO     | [SUCCESS] Day 09MAR
2026-01-20 07:46:16 | INFO     | [DAY_START] Processing 08MAR
2026-01-20 07:46:16 | INFO     | [lf.day.start] Processing ATZ-DMM for 08MAR
2026-01-20 07:46:17 | WARNING  | [lf.day.no_flights] No direct flights on 08MAR
2026-01-20 07:46:17 | INFO     | [SUCCESS] Day 08MAR
2026-01-20 07:46:17 | INFO     | [DAY_START] Processing 07MAR
2026-01-20 07:46:17 | INFO     | [lf.day.start] Processing ATZ-DMM for 07MAR
2026-01-20 07:46:18 | WARNING  | [lf.day.no_flights] No direct flights on 07MAR
2026-01-20 07:46:18 | INFO     | [SUCCESS] Day 07MAR
2026-01-20 07:46:18 | INFO     | [DAY_START] Processing 06MAR
2026-01-20 07:46:18 | INFO     | [lf.day.start] Processing ATZ-DMM for 06MAR
2026-01-20 07:46:20 | INFO     | [lf.day.flights_found] Found 1 flights on 06MAR
2026-01-20 07:46:22 | INFO     | [lf.flight.extracted] SM437 on 06MAR: BKG=3, LF=1.7%
2026-01-20 07:46:26 | INFO     | [SUCCESS] Day 06MAR
2026-01-20 07:46:26 | INFO     | [DAY_START] Processing 05MAR
2026-01-20 07:46:26 | INFO     | [lf.day.start] Processing ATZ-DMM for 05MAR
2026-01-20 07:46:27 | WARNING  | [lf.day.no_flights] No direct flights on 05MAR
2026-01-20 07:46:28 | INFO     | [SUCCESS] Day 05MAR
2026-01-20 07:46:28 | INFO     | [DAY_START] Processing 04MAR
2026-01-20 07:46:28 | INFO     | [lf.day.start] Processing ATZ-DMM for 04MAR
2026-01-20 07:46:29 | WARNING  | [lf.day.no_flights] No direct flights on 04MAR
2026-01-20 07:46:29 | INFO     | [SUCCESS] Day 04MAR
2026-01-20 07:46:29 | INFO     | [DAY_START] Processing 03MAR
2026-01-20 07:46:29 | INFO     | [lf.day.start] Processing ATZ-DMM for 03MAR
2026-01-20 07:46:32 | WARNING  | [lf.day.no_flights] No direct flights on 03MAR
2026-01-20 07:46:33 | INFO     | [SUCCESS] Day 03MAR
2026-01-20 07:46:33 | INFO     | [DAY_START] Processing 02MAR
2026-01-20 07:46:33 | INFO     | [lf.day.start] Processing ATZ-DMM for 02MAR
2026-01-20 07:46:34 | INFO     | [lf.day.flights_found] Found 1 flights on 02MAR
2026-01-20 07:46:36 | INFO     | [lf.flight.extracted] SM437 on 02MAR: BKG=8, LF=4.5%
2026-01-20 07:46:39 | INFO     | [SUCCESS] Day 02MAR
2026-01-20 07:46:39 | INFO     | [SUCCESS] LF Search Complete
2026-01-20 07:46:41 | INFO     | [Worker_9232] Completed: ATZ-DMM - 8 results, 0 errors
2026-01-20 07:46:41 | INFO     | [Worker_9232] Processing: ATZ-AJF
2026-01-20 07:46:41 | INFO     |   Tier 0: Range 2, Chunk 3/4 (8 days)
