2026-01-20 07:31:10 | INFO     | ======================================================================
2026-01-20 07:31:10 | INFO     | Load Factor Scraper Started - Route: ATZ-AJF
2026-01-20 07:31:10 | INFO     | Log file: D:\CODERED\LAB\Artifacts\outputs\run_generated_200126_at_06.58\logs\LF_ATZ-AJF_20260120_073110.log
2026-01-20 07:31:10 | INFO     | Enhanced logging: Capturing both logging.info() and print()
2026-01-20 07:31:10 | INFO     | ======================================================================
2026-01-20 07:31:10 | INFO     | Starting LF search for route: ATZ-AJF
2026-01-20 07:31:10 | INFO     | [START] LF Search
2026-01-20 07:31:14 | INFO     | [HEALTH CHECK] [OK] Chrome connection is healthy
2026-01-20 07:31:14 | INFO     | [DAY_START] Processing 03APR
2026-01-20 07:31:14 | INFO     | [lf.day.start] Processing ATZ-AJF for 03APR
2026-01-20 07:31:15 | WARNING  | [lf.day.no_flights] No direct flights on 03APR
2026-01-20 07:31:15 | INFO     | [SUCCESS] Day 03APR
2026-01-20 07:31:15 | INFO     | [DAY_START] Processing 02APR
2026-01-20 07:31:15 | INFO     | [lf.day.start] Processing ATZ-AJF for 02APR
2026-01-20 07:31:17 | WARNING  | [lf.day.no_flights] No direct flights on 02APR
2026-01-20 07:31:17 | INFO     | [SUCCESS] Day 02APR
2026-01-20 07:31:17 | INFO     | [DAY_START] Processing 01APR
2026-01-20 07:31:17 | INFO     | [lf.day.start] Processing ATZ-AJF for 01APR
2026-01-20 07:31:19 | WARNING  | [lf.day.no_flights] No direct flights on 01APR
2026-01-20 07:31:19 | INFO     | [SUCCESS] Day 01APR
2026-01-20 07:31:19 | INFO     | [DAY_START] Processing 31MAR
2026-01-20 07:31:19 | INFO     | [lf.day.start] Processing ATZ-AJF for 31MAR
2026-01-20 07:31:20 | WARNING  | [lf.day.no_flights] No direct flights on 31MAR
2026-01-20 07:31:20 | INFO     | [SUCCESS] Day 31MAR
2026-01-20 07:31:20 | INFO     | [DAY_START] Processing 30MAR
2026-01-20 07:31:20 | INFO     | [lf.day.start] Processing ATZ-AJF for 30MAR
2026-01-20 07:31:22 | WARNING  | [lf.day.no_flights] No direct flights on 30MAR
2026-01-20 07:31:22 | INFO     | [SUCCESS] Day 30MAR
2026-01-20 07:31:22 | INFO     | [DAY_START] Processing 29MAR
2026-01-20 07:31:22 | INFO     | [lf.day.start] Processing ATZ-AJF for 29MAR
2026-01-20 07:31:23 | WARNING  | [lf.day.no_flights] No direct flights on 29MAR
2026-01-20 07:31:23 | INFO     | [SUCCESS] Day 29MAR
2026-01-20 07:31:23 | INFO     | [DAY_START] Processing 28MAR
2026-01-20 07:31:23 | INFO     | [lf.day.start] Processing ATZ-AJF for 28MAR
2026-01-20 07:31:25 | WARNING  | [lf.day.no_flights] No direct flights on 28MAR
2026-01-20 07:31:25 | INFO     | [SUCCESS] Day 28MAR
2026-01-20 07:31:25 | INFO     | [DAY_START] Processing 27MAR
2026-01-20 07:31:25 | INFO     | [lf.day.start] Processing ATZ-AJF for 27MAR
2026-01-20 07:31:26 | INFO     | [lf.day.flights_found] Found 1 flights on 27MAR
2026-01-20 07:31:29 | INFO     | [lf.flight.extracted] SM323 on 27MAR: BKG=46, LF=25.7%
2026-01-20 07:31:35 | INFO     | [SUCCESS] Day 27MAR
2026-01-20 07:31:35 | INFO     | [SUCCESS] LF Search Complete
2026-01-20 07:31:38 | INFO     | [Worker_9226] Completed: ATZ-AJF - 8 results, 0 errors
2026-01-20 07:31:38 | INFO     | [Worker_9226] Processing: ATZ-ELQ
2026-01-20 07:31:38 | INFO     |   Tier 0: Range 3, Chunk 4/4 (8 days)
