2026-01-20 08:05:52 | INFO     | ======================================================================
2026-01-20 08:05:52 | INFO     | Load Factor Scraper Started - Route: ATZ-DMM
2026-01-20 08:05:52 | INFO     | Log file: D:\CODERED\LAB\Artifacts\outputs\run_generated_200126_at_06.58\logs\LF_ATZ-DMM_20260120_080552.log
2026-01-20 08:05:52 | INFO     | Enhanced logging: Capturing both logging.info() and print()
2026-01-20 08:05:52 | INFO     | ======================================================================
2026-01-20 08:05:52 | INFO     | Starting LF search for route: ATZ-DMM
2026-01-20 08:05:52 | INFO     | [START] LF Search
2026-01-20 08:05:53 | INFO     | [HEALTH CHECK] [OK] Chrome connection is healthy
2026-01-20 08:05:53 | INFO     | [DAY_START] Processing 04FEB
2026-01-20 08:05:53 | INFO     | [lf.day.start] Processing ATZ-DMM for 04FEB
2026-01-20 08:05:54 | WARNING  | [lf.day.no_flights] No direct flights on 04FEB
2026-01-20 08:05:54 | INFO     | [SUCCESS] Day 04FEB
2026-01-20 08:05:54 | INFO     | [DAY_START] Processing 03FEB
2026-01-20 08:05:54 | INFO     | [lf.day.start] Processing ATZ-DMM for 03FEB
2026-01-20 08:05:55 | WARNING  | [lf.day.no_flights] No direct flights on 03FEB
2026-01-20 08:05:55 | INFO     | [SUCCESS] Day 03FEB
2026-01-20 08:05:55 | INFO     | [DAY_START] Processing 02FEB
2026-01-20 08:05:55 | INFO     | [lf.day.start] Processing ATZ-DMM for 02FEB
2026-01-20 08:05:56 | INFO     | [lf.day.flights_found] Found 1 flights on 02FEB
2026-01-20 08:05:58 | INFO     | [lf.flight.extracted] SM437 on 02FEB: BKG=67, LF=37.4%
2026-01-20 08:06:03 | INFO     | [SUCCESS] Day 02FEB
2026-01-20 08:06:03 | INFO     | [DAY_START] Processing 01FEB
2026-01-20 08:06:03 | INFO     | [lf.day.start] Processing ATZ-DMM for 01FEB
2026-01-20 08:06:04 | WARNING  | [lf.day.no_flights] No direct flights on 01FEB
2026-01-20 08:06:04 | INFO     | [SUCCESS] Day 01FEB
2026-01-20 08:06:04 | INFO     | [DAY_START] Processing 31JAN
2026-01-20 08:06:04 | INFO     | [lf.day.start] Processing ATZ-DMM for 31JAN
2026-01-20 08:06:05 | WARNING  | [lf.day.no_flights] No direct flights on 31JAN
2026-01-20 08:06:06 | INFO     | [SUCCESS] Day 31JAN
2026-01-20 08:06:06 | INFO     | [DAY_START] Processing 30JAN
2026-01-20 08:06:06 | INFO     | [lf.day.start] Processing ATZ-DMM for 30JAN
2026-01-20 08:06:07 | INFO     | [lf.day.flights_found] Found 1 flights on 30JAN
2026-01-20 08:06:09 | INFO     | [lf.flight.extracted] SM437 on 30JAN: BKG=170, LF=95.0%
2026-01-20 08:06:32 | INFO     | [SUCCESS] Day 30JAN
2026-01-20 08:06:32 | INFO     | [DAY_START] Processing 29JAN
2026-01-20 08:06:32 | INFO     | [lf.day.start] Processing ATZ-DMM for 29JAN
2026-01-20 08:06:33 | WARNING  | [lf.day.no_flights] No direct flights on 29JAN
2026-01-20 08:06:33 | INFO     | [SUCCESS] Day 29JAN
2026-01-20 08:06:33 | INFO     | [DAY_START] Processing 28JAN
2026-01-20 08:06:33 | INFO     | [lf.day.start] Processing ATZ-DMM for 28JAN
2026-01-20 08:06:34 | WARNING  | [lf.day.no_flights] No direct flights on 28JAN
2026-01-20 08:06:34 | INFO     | [SUCCESS] Day 28JAN
2026-01-20 08:06:34 | INFO     | [SUCCESS] LF Search Complete
2026-01-20 08:06:36 | INFO     | [Worker_9234] Completed: ATZ-DMM - 8 results, 0 errors
2026-01-20 08:06:36 | INFO     | [Worker_9234] Processing: ATZ-AJF
2026-01-20 08:06:36 | INFO     |   Tier 0: Range 1, Chunk 3/4 (8 days)
