2026-01-20 07:53:56 | INFO     | ======================================================================
2026-01-20 07:53:56 | INFO     | Load Factor Scraper Started - Route: AJF-ATZ
2026-01-20 07:53:56 | INFO     | Log file: D:\CODERED\LAB\Artifacts\outputs\run_generated_200126_at_06.58\logs\LF_AJF-ATZ_20260120_075356.log
2026-01-20 07:53:56 | INFO     | Enhanced logging: Capturing both logging.info() and print()
2026-01-20 07:53:56 | INFO     | ======================================================================
2026-01-20 07:53:56 | INFO     | Starting LF search for route: AJF-ATZ
2026-01-20 07:53:56 | INFO     | [START] LF Search
2026-01-20 07:53:57 | INFO     | [HEALTH CHECK] [OK] Chrome connection is healthy
2026-01-20 07:53:57 | INFO     | [DAY_START] Processing 21FEB
2026-01-20 07:53:57 | INFO     | [lf.day.start] Processing AJF-ATZ for 21FEB
2026-01-20 07:53:58 | WARNING  | [lf.day.no_flights] No direct flights on 21FEB
2026-01-20 07:53:58 | INFO     | [SUCCESS] Day 21FEB
2026-01-20 07:53:58 | INFO     | [DAY_START] Processing 20FEB
2026-01-20 07:53:58 | INFO     | [lf.day.start] Processing AJF-ATZ for 20FEB
2026-01-20 07:53:59 | INFO     | [lf.day.flights_found] Found 1 flights on 20FEB
2026-01-20 07:54:01 | INFO     | [lf.flight.extracted] SM324 on 20FEB: BKG=22, LF=13.2%
2026-01-20 07:54:05 | INFO     | [SUCCESS] Day 20FEB
2026-01-20 07:54:05 | INFO     | [DAY_START] Processing 19FEB
2026-01-20 07:54:05 | INFO     | [lf.day.start] Processing AJF-ATZ for 19FEB
2026-01-20 07:54:06 | WARNING  | [lf.day.no_flights] No direct flights on 19FEB
2026-01-20 07:54:06 | INFO     | [SUCCESS] Day 19FEB
2026-01-20 07:54:06 | INFO     | [DAY_START] Processing 18FEB
2026-01-20 07:54:06 | INFO     | [lf.day.start] Processing AJF-ATZ for 18FEB
2026-01-20 07:54:07 | WARNING  | [lf.day.no_flights] No direct flights on 18FEB
2026-01-20 07:54:07 | INFO     | [SUCCESS] Day 18FEB
2026-01-20 07:54:07 | INFO     | [DAY_START] Processing 17FEB
2026-01-20 07:54:07 | INFO     | [lf.day.start] Processing AJF-ATZ for 17FEB
2026-01-20 07:54:09 | WARNING  | [lf.day.no_flights] No direct flights on 17FEB
2026-01-20 07:54:09 | INFO     | [SUCCESS] Day 17FEB
2026-01-20 07:54:09 | INFO     | [DAY_START] Processing 16FEB
2026-01-20 07:54:09 | INFO     | [lf.day.start] Processing AJF-ATZ for 16FEB
2026-01-20 07:54:10 | WARNING  | [lf.day.no_flights] No direct flights on 16FEB
2026-01-20 07:54:10 | INFO     | [SUCCESS] Day 16FEB
2026-01-20 07:54:10 | INFO     | [DAY_START] Processing 15FEB
2026-01-20 07:54:10 | INFO     | [lf.day.start] Processing AJF-ATZ for 15FEB
2026-01-20 07:54:11 | WARNING  | [lf.day.no_flights] No direct flights on 15FEB
2026-01-20 07:54:11 | INFO     | [SUCCESS] Day 15FEB
2026-01-20 07:54:11 | INFO     | [DAY_START] Processing 14FEB
2026-01-20 07:54:11 | INFO     | [lf.day.start] Processing AJF-ATZ for 14FEB
2026-01-20 07:54:12 | WARNING  | [lf.day.no_flights] No direct flights on 14FEB
2026-01-20 07:54:13 | INFO     | [SUCCESS] Day 14FEB
2026-01-20 07:54:13 | INFO     | [DAY_START] Processing 13FEB
2026-01-20 07:54:13 | INFO     | [lf.day.start] Processing AJF-ATZ for 13FEB
2026-01-20 07:54:14 | INFO     | [lf.day.flights_found] Found 1 flights on 13FEB
2026-01-20 07:54:16 | INFO     | [lf.flight.extracted] SM324 on 13FEB: BKG=80, LF=45.7%
2026-01-20 07:54:21 | INFO     | [SUCCESS] Day 13FEB
2026-01-20 07:54:21 | INFO     | [SUCCESS] LF Search Complete
2026-01-20 07:54:24 | INFO     | [Worker_9225] Completed: AJF-ATZ - 9 results, 0 errors
2026-01-20 07:54:24 | INFO     | [Worker_9225] Processing: ELQ-CAI
2026-01-20 07:54:24 | INFO     |   Tier 0: Range 1, Chunk 1/4 (9 days)
