2026-01-20 07:48:58 | INFO     | ======================================================================
2026-01-20 07:48:58 | INFO     | Load Factor Scraper Started - Route: AJF-CAI
2026-01-20 07:48:58 | INFO     | Log file: D:\CODERED\LAB\Artifacts\outputs\run_generated_200126_at_06.58\logs\LF_AJF-CAI_20260120_074858.log
2026-01-20 07:48:58 | INFO     | Enhanced logging: Capturing both logging.info() and print()
2026-01-20 07:48:58 | INFO     | ======================================================================
2026-01-20 07:48:58 | INFO     | Starting LF search for route: AJF-CAI
2026-01-20 07:48:58 | INFO     | [START] LF Search
2026-01-20 07:49:00 | INFO     | [HEALTH CHECK] [OK] Chrome connection is healthy
2026-01-20 07:49:00 | INFO     | [DAY_START] Processing 01MAR
2026-01-20 07:49:00 | INFO     | [lf.day.start] Processing AJF-CAI for 01MAR
2026-01-20 07:49:01 | WARNING  | [lf.day.no_flights] No direct flights on 01MAR
2026-01-20 07:49:01 | INFO     | [SUCCESS] Day 01MAR
2026-01-20 07:49:01 | INFO     | [DAY_START] Processing 28FEB
2026-01-20 07:49:01 | INFO     | [lf.day.start] Processing AJF-CAI for 28FEB
2026-01-20 07:49:02 | INFO     | [lf.day.flights_found] Found 1 flights on 28FEB
2026-01-20 07:49:04 | INFO     | [lf.flight.extracted] SM322 on 28FEB: BKG=27, LF=15.4%
2026-01-20 07:49:08 | INFO     | [SUCCESS] Day 28FEB
2026-01-20 07:49:08 | INFO     | [DAY_START] Processing 27FEB
2026-01-20 07:49:08 | INFO     | [lf.day.start] Processing AJF-CAI for 27FEB
2026-01-20 07:49:09 | WARNING  | [lf.day.no_flights] No direct flights on 27FEB
2026-01-20 07:49:09 | INFO     | [SUCCESS] Day 27FEB
2026-01-20 07:49:09 | INFO     | [DAY_START] Processing 26FEB
2026-01-20 07:49:09 | INFO     | [lf.day.start] Processing AJF-CAI for 26FEB
2026-01-20 07:49:10 | INFO     | [lf.day.flights_found] Found 1 flights on 26FEB
2026-01-20 07:49:12 | INFO     | [lf.flight.extracted] SM322 on 26FEB: BKG=35, LF=21.0%
2026-01-20 07:49:15 | INFO     | [SUCCESS] Day 26FEB
2026-01-20 07:49:15 | INFO     | [DAY_START] Processing 25FEB
2026-01-20 07:49:15 | INFO     | [lf.day.start] Processing AJF-CAI for 25FEB
2026-01-20 07:49:16 | WARNING  | [lf.day.no_flights] No direct flights on 25FEB
2026-01-20 07:49:17 | INFO     | [SUCCESS] Day 25FEB
2026-01-20 07:49:17 | INFO     | [DAY_START] Processing 24FEB
2026-01-20 07:49:17 | INFO     | [lf.day.start] Processing AJF-CAI for 24FEB
2026-01-20 07:49:18 | INFO     | [lf.day.flights_found] Found 1 flights on 24FEB
2026-01-20 07:49:20 | INFO     | [lf.flight.extracted] SM322 on 24FEB: BKG=20, LF=11.4%
2026-01-20 07:49:23 | INFO     | [SUCCESS] Day 24FEB
2026-01-20 07:49:23 | INFO     | [DAY_START] Processing 23FEB
2026-01-20 07:49:23 | INFO     | [lf.day.start] Processing AJF-CAI for 23FEB
2026-01-20 07:49:24 | WARNING  | [lf.day.no_flights] No direct flights on 23FEB
2026-01-20 07:49:24 | INFO     | [SUCCESS] Day 23FEB
2026-01-20 07:49:24 | INFO     | [DAY_START] Processing 22FEB
2026-01-20 07:49:24 | INFO     | [lf.day.start] Processing AJF-CAI for 22FEB
2026-01-20 07:49:25 | WARNING  | [lf.day.no_flights] No direct flights on 22FEB
2026-01-20 07:49:25 | INFO     | [SUCCESS] Day 22FEB
2026-01-20 07:49:25 | INFO     | [SUCCESS] LF Search Complete
2026-01-20 07:49:27 | INFO     | [Worker_9226] Completed: AJF-CAI - 8 results, 0 errors
2026-01-20 07:49:27 | INFO     | [Worker_9226] Processing: HBE-MED
2026-01-20 07:49:27 | INFO     |   Tier 0: Range 2, Chunk 4/4 (8 days)
