2026-01-20 07:35:49 | INFO     | ======================================================================
2026-01-20 07:35:49 | INFO     | Load Factor Scraper Started - Route: ATZ-RUH
2026-01-20 07:35:49 | INFO     | Log file: D:\CODERED\LAB\Artifacts\outputs\run_generated_200126_at_06.58\logs\LF_ATZ-RUH_20260120_073549.log
2026-01-20 07:35:49 | INFO     | Enhanced logging: Capturing both logging.info() and print()
2026-01-20 07:35:49 | INFO     | ======================================================================
2026-01-20 07:35:49 | INFO     | Starting LF search for route: ATZ-RUH
2026-01-20 07:35:49 | INFO     | [START] LF Search
2026-01-20 07:35:51 | INFO     | [HEALTH CHECK] [OK] Chrome connection is healthy
2026-01-20 07:35:51 | INFO     | [DAY_START] Processing 26MAR
2026-01-20 07:35:51 | INFO     | [lf.day.start] Processing ATZ-RUH for 26MAR
2026-01-20 07:35:53 | WARNING  | [lf.day.no_flights] No direct flights on 26MAR
2026-01-20 07:35:53 | INFO     | [SUCCESS] Day 26MAR
2026-01-20 07:35:53 | INFO     | [DAY_START] Processing 25MAR
2026-01-20 07:35:53 | INFO     | [lf.day.start] Processing ATZ-RUH for 25MAR
2026-01-20 07:35:54 | INFO     | [lf.day.flights_found] Found 1 flights on 25MAR
2026-01-20 07:35:57 | INFO     | [lf.flight.extracted] SM465 on 25MAR: BKG=70, LF=39.1%
2026-01-20 07:36:03 | INFO     | [SUCCESS] Day 25MAR
2026-01-20 07:36:03 | INFO     | [DAY_START] Processing 24MAR
2026-01-20 07:36:03 | INFO     | [lf.day.start] Processing ATZ-RUH for 24MAR
2026-01-20 07:36:05 | INFO     | [lf.day.flights_found] Found 1 flights on 24MAR
2026-01-20 07:36:08 | INFO     | [lf.flight.extracted] SM463 on 24MAR: BKG=10, LF=5.6%
2026-01-20 07:36:11 | INFO     | [SUCCESS] Day 24MAR
2026-01-20 07:36:11 | INFO     | [DAY_START] Processing 23MAR
2026-01-20 07:36:11 | INFO     | [lf.day.start] Processing ATZ-RUH for 23MAR
2026-01-20 07:36:12 | WARNING  | [lf.day.no_flights] No direct flights on 23MAR
2026-01-20 07:36:13 | INFO     | [SUCCESS] Day 23MAR
2026-01-20 07:36:13 | INFO     | [DAY_START] Processing 22MAR
2026-01-20 07:36:13 | INFO     | [lf.day.start] Processing ATZ-RUH for 22MAR
2026-01-20 07:36:14 | INFO     | [lf.day.flights_found] Found 1 flights on 22MAR
2026-01-20 07:36:16 | INFO     | [lf.flight.extracted] SM463 on 22MAR: BKG=9, LF=5.0%
2026-01-20 07:36:19 | INFO     | [SUCCESS] Day 22MAR
2026-01-20 07:36:19 | INFO     | [DAY_START] Processing 21MAR
2026-01-20 07:36:19 | INFO     | [lf.day.start] Processing ATZ-RUH for 21MAR
2026-01-20 07:36:21 | WARNING  | [lf.day.no_flights] No direct flights on 21MAR
2026-01-20 07:36:21 | INFO     | [SUCCESS] Day 21MAR
2026-01-20 07:36:21 | INFO     | [DAY_START] Processing 20MAR
2026-01-20 07:36:21 | INFO     | [lf.day.start] Processing ATZ-RUH for 20MAR
2026-01-20 07:36:22 | WARNING  | [lf.day.no_flights] No direct flights on 20MAR
2026-01-20 07:36:22 | INFO     | [SUCCESS] Day 20MAR
2026-01-20 07:36:22 | INFO     | [DAY_START] Processing 19MAR
2026-01-20 07:36:22 | INFO     | [lf.day.start] Processing ATZ-RUH for 19MAR
2026-01-20 07:36:24 | WARNING  | [lf.day.no_flights] No direct flights on 19MAR
2026-01-20 07:36:24 | INFO     | [SUCCESS] Day 19MAR
2026-01-20 07:36:24 | INFO     | [DAY_START] Processing 18MAR
2026-01-20 07:36:24 | INFO     | [lf.day.start] Processing ATZ-RUH for 18MAR
2026-01-20 07:36:25 | INFO     | [lf.day.flights_found] Found 1 flights on 18MAR
2026-01-20 07:36:28 | INFO     | [lf.flight.extracted] SM465 on 18MAR: BKG=1, LF=0.6%
2026-01-20 07:36:31 | INFO     | [SUCCESS] Day 18MAR
2026-01-20 07:36:31 | INFO     | [SUCCESS] LF Search Complete
2026-01-20 07:36:33 | INFO     | [Worker_9234] Completed: ATZ-RUH - 9 results, 0 errors
2026-01-20 07:36:33 | INFO     | [Worker_9234] Processing: ATZ-TUU
2026-01-20 07:36:33 | INFO     |   Tier 0: Range 2, Chunk 1/4 (9 days)
