2026-01-20 07:00:59 | INFO     | ======================================================================
2026-01-20 07:00:59 | INFO     | Load Factor Scraper Started - Route: ATZ-MED
2026-01-20 07:00:59 | INFO     | Log file: D:\CODERED\LAB\Artifacts\outputs\run_generated_200126_at_06.58\logs\LF_ATZ-MED_20260120_070059.log
2026-01-20 07:00:59 | INFO     | Enhanced logging: Capturing both logging.info() and print()
2026-01-20 07:00:59 | INFO     | ======================================================================
2026-01-20 07:00:59 | INFO     | Starting LF search for route: ATZ-MED
2026-01-20 07:00:59 | INFO     | [START] LF Search
2026-01-20 07:01:01 | INFO     | [HEALTH CHECK] [OK] Chrome connection is healthy
2026-01-20 07:01:01 | INFO     | [DAY_START] Processing 31MAY
2026-01-20 07:01:01 | INFO     | [lf.day.start] Processing ATZ-MED for 31MAY
2026-01-20 07:01:02 | INFO     | [lf.day.flights_found] Found 1 flights on 31MAY
2026-01-20 07:01:05 | INFO     | [lf.flight.extracted] SM487 on 31MAY: BKG=2, LF=1.1%
2026-01-20 07:01:08 | INFO     | [SUCCESS] Day 31MAY
2026-01-20 07:01:08 | INFO     | [DAY_START] Processing 30MAY
2026-01-20 07:01:08 | INFO     | [lf.day.start] Processing ATZ-MED for 30MAY
2026-01-20 07:01:10 | WARNING  | [lf.day.no_flights] No direct flights on 30MAY
2026-01-20 07:01:10 | INFO     | [SUCCESS] Day 30MAY
2026-01-20 07:01:10 | INFO     | [DAY_START] Processing 29MAY
2026-01-20 07:01:10 | INFO     | [lf.day.start] Processing ATZ-MED for 29MAY
2026-01-20 07:01:11 | WARNING  | [lf.day.no_flights] No direct flights on 29MAY
2026-01-20 07:01:11 | INFO     | [SUCCESS] Day 29MAY
2026-01-20 07:01:11 | INFO     | [DAY_START] Processing 28MAY
2026-01-20 07:01:11 | INFO     | [lf.day.start] Processing ATZ-MED for 28MAY
2026-01-20 07:01:12 | WARNING  | [lf.day.no_flights] No direct flights on 28MAY
2026-01-20 07:01:12 | INFO     | [SUCCESS] Day 28MAY
2026-01-20 07:01:12 | INFO     | [DAY_START] Processing 27MAY
2026-01-20 07:01:12 | INFO     | [lf.day.start] Processing ATZ-MED for 27MAY
2026-01-20 07:01:14 | WARNING  | [lf.day.no_flights] No direct flights on 27MAY
2026-01-20 07:01:14 | INFO     | [SUCCESS] Day 27MAY
2026-01-20 07:01:14 | INFO     | [DAY_START] Processing 26MAY
2026-01-20 07:01:14 | INFO     | [lf.day.start] Processing ATZ-MED for 26MAY
2026-01-20 07:01:15 | WARNING  | [lf.day.no_flights] No direct flights on 26MAY
2026-01-20 07:01:15 | INFO     | [SUCCESS] Day 26MAY
2026-01-20 07:01:15 | INFO     | [DAY_START] Processing 25MAY
2026-01-20 07:01:15 | INFO     | [lf.day.start] Processing ATZ-MED for 25MAY
2026-01-20 07:01:16 | WARNING  | [lf.day.no_flights] No direct flights on 25MAY
2026-01-20 07:01:16 | INFO     | [SUCCESS] Day 25MAY
2026-01-20 07:01:16 | INFO     | [DAY_START] Processing 24MAY
2026-01-20 07:01:16 | INFO     | [lf.day.start] Processing ATZ-MED for 24MAY
2026-01-20 07:01:17 | INFO     | [lf.day.flights_found] Found 1 flights on 24MAY
2026-01-20 07:01:20 | INFO     | [lf.flight.extracted] SM487 on 24MAY: BKG=0, LF=0.0%
2026-01-20 07:01:21 | INFO     | [SUCCESS] Day 24MAY
2026-01-20 07:01:21 | INFO     | [DAY_START] Processing 23MAY
2026-01-20 07:01:21 | INFO     | [lf.day.start] Processing ATZ-MED for 23MAY
2026-01-20 07:01:22 | WARNING  | [lf.day.no_flights] No direct flights on 23MAY
2026-01-20 07:01:22 | INFO     | [SUCCESS] Day 23MAY
2026-01-20 07:01:22 | INFO     | [SUCCESS] LF Search Complete
2026-01-20 07:01:24 | INFO     | [Worker_9223] Completed: ATZ-MED - 9 results, 0 errors
2026-01-20 07:01:24 | INFO     | [Worker_9223] Processing: LXR-JED
2026-01-20 07:01:24 | INFO     |   Tier 0: Range 4, Chunk 1/4 (9 days)
