2026-01-20 07:59:18 | INFO     | ======================================================================
2026-01-20 07:59:18 | INFO     | Load Factor Scraper Started - Route: AHB-ATZ
2026-01-20 07:59:18 | INFO     | Log file: D:\CODERED\LAB\Artifacts\outputs\run_generated_200126_at_06.58\logs\LF_AHB-ATZ_20260120_075918.log
2026-01-20 07:59:18 | INFO     | Enhanced logging: Capturing both logging.info() and print()
2026-01-20 07:59:18 | INFO     | ======================================================================
2026-01-20 07:59:18 | INFO     | Starting LF search for route: AHB-ATZ
2026-01-20 07:59:18 | INFO     | [START] LF Search
2026-01-20 07:59:21 | INFO     | [HEALTH CHECK] [OK] Chrome connection is healthy
2026-01-20 07:59:21 | INFO     | [DAY_START] Processing 12FEB
2026-01-20 07:59:21 | INFO     | [lf.day.start] Processing AHB-ATZ for 12FEB
2026-01-20 07:59:22 | WARNING  | [lf.day.no_flights] No direct flights on 12FEB
2026-01-20 07:59:22 | INFO     | [SUCCESS] Day 12FEB
2026-01-20 07:59:22 | INFO     | [DAY_START] Processing 11FEB
2026-01-20 07:59:22 | INFO     | [lf.day.start] Processing AHB-ATZ for 11FEB
2026-01-20 07:59:24 | WARNING  | [lf.day.no_flights] No direct flights on 11FEB
2026-01-20 07:59:24 | INFO     | [SUCCESS] Day 11FEB
2026-01-20 07:59:24 | INFO     | [DAY_START] Processing 10FEB
2026-01-20 07:59:24 | INFO     | [lf.day.start] Processing AHB-ATZ for 10FEB
2026-01-20 07:59:25 | WARNING  | [lf.day.no_flights] No direct flights on 10FEB
2026-01-20 07:59:25 | INFO     | [SUCCESS] Day 10FEB
2026-01-20 07:59:25 | INFO     | [DAY_START] Processing 09FEB
2026-01-20 07:59:25 | INFO     | [lf.day.start] Processing AHB-ATZ for 09FEB
2026-01-20 07:59:26 | WARNING  | [lf.day.no_flights] No direct flights on 09FEB
2026-01-20 07:59:26 | INFO     | [SUCCESS] Day 09FEB
2026-01-20 07:59:26 | INFO     | [DAY_START] Processing 08FEB
2026-01-20 07:59:26 | INFO     | [lf.day.start] Processing AHB-ATZ for 08FEB
2026-01-20 07:59:27 | WARNING  | [lf.day.no_flights] No direct flights on 08FEB
2026-01-20 07:59:28 | INFO     | [SUCCESS] Day 08FEB
2026-01-20 07:59:28 | INFO     | [DAY_START] Processing 07FEB
2026-01-20 07:59:28 | INFO     | [lf.day.start] Processing AHB-ATZ for 07FEB
2026-01-20 07:59:29 | WARNING  | [lf.day.no_flights] No direct flights on 07FEB
2026-01-20 07:59:29 | INFO     | [SUCCESS] Day 07FEB
2026-01-20 07:59:29 | INFO     | [DAY_START] Processing 06FEB
2026-01-20 07:59:29 | INFO     | [lf.day.start] Processing AHB-ATZ for 06FEB
2026-01-20 07:59:30 | INFO     | [lf.day.flights_found] Found 1 flights on 06FEB
2026-01-20 07:59:32 | INFO     | [lf.flight.extracted] SM446 on 06FEB: BKG=57, LF=32.6%
2026-01-20 07:59:36 | INFO     | [SUCCESS] Day 06FEB
2026-01-20 07:59:36 | INFO     | [DAY_START] Processing 05FEB
2026-01-20 07:59:36 | INFO     | [lf.day.start] Processing AHB-ATZ for 05FEB
2026-01-20 07:59:37 | WARNING  | [lf.day.no_flights] No direct flights on 05FEB
2026-01-20 07:59:37 | INFO     | [SUCCESS] Day 05FEB
2026-01-20 07:59:37 | INFO     | [SUCCESS] LF Search Complete
2026-01-20 07:59:39 | INFO     | [Worker_9227] Completed: AHB-ATZ - 8 results, 0 errors
2026-01-20 07:59:39 | INFO     | [Worker_9227] Processing: GIZ-CAI
2026-01-20 07:59:39 | INFO     |   Tier 0: Range 1, Chunk 2/4 (8 days)
