2026-01-20 07:07:06 | INFO     | ======================================================================
2026-01-20 07:07:06 | INFO     | Load Factor Scraper Started - Route: AHB-ATZ
2026-01-20 07:07:06 | INFO     | Log file: D:\CODERED\LAB\Artifacts\outputs\run_generated_200126_at_06.58\logs\LF_AHB-ATZ_20260120_070706.log
2026-01-20 07:07:06 | INFO     | Enhanced logging: Capturing both logging.info() and print()
2026-01-20 07:07:06 | INFO     | ======================================================================
2026-01-20 07:07:06 | INFO     | Starting LF search for route: AHB-ATZ
2026-01-20 07:07:06 | INFO     | [START] LF Search
2026-01-20 07:07:09 | INFO     | [HEALTH CHECK] [OK] Chrome connection is healthy
2026-01-20 07:07:09 | INFO     | [DAY_START] Processing 14MAY
2026-01-20 07:07:09 | INFO     | [lf.day.start] Processing AHB-ATZ for 14MAY
2026-01-20 07:07:10 | WARNING  | [lf.day.no_flights] No direct flights on 14MAY
2026-01-20 07:07:10 | INFO     | [SUCCESS] Day 14MAY
2026-01-20 07:07:10 | INFO     | [DAY_START] Processing 13MAY
2026-01-20 07:07:10 | INFO     | [lf.day.start] Processing AHB-ATZ for 13MAY
2026-01-20 07:07:11 | WARNING  | [lf.day.no_flights] No direct flights on 13MAY
2026-01-20 07:07:11 | INFO     | [SUCCESS] Day 13MAY
2026-01-20 07:07:11 | INFO     | [DAY_START] Processing 12MAY
2026-01-20 07:07:11 | INFO     | [lf.day.start] Processing AHB-ATZ for 12MAY
2026-01-20 07:07:12 | WARNING  | [lf.day.no_flights] No direct flights on 12MAY
2026-01-20 07:07:12 | INFO     | [SUCCESS] Day 12MAY
2026-01-20 07:07:12 | INFO     | [DAY_START] Processing 11MAY
2026-01-20 07:07:12 | INFO     | [lf.day.start] Processing AHB-ATZ for 11MAY
2026-01-20 07:07:15 | WARNING  | [lf.day.no_flights] No direct flights on 11MAY
2026-01-20 07:07:15 | INFO     | [SUCCESS] Day 11MAY
2026-01-20 07:07:15 | INFO     | [DAY_START] Processing 10MAY
2026-01-20 07:07:15 | INFO     | [lf.day.start] Processing AHB-ATZ for 10MAY
2026-01-20 07:07:17 | WARNING  | [lf.day.no_flights] No direct flights on 10MAY
2026-01-20 07:07:17 | INFO     | [SUCCESS] Day 10MAY
2026-01-20 07:07:17 | INFO     | [DAY_START] Processing 09MAY
2026-01-20 07:07:17 | INFO     | [lf.day.start] Processing AHB-ATZ for 09MAY
2026-01-20 07:07:18 | WARNING  | [lf.day.no_flights] No direct flights on 09MAY
2026-01-20 07:07:18 | INFO     | [SUCCESS] Day 09MAY
2026-01-20 07:07:18 | INFO     | [DAY_START] Processing 08MAY
2026-01-20 07:07:18 | INFO     | [lf.day.start] Processing AHB-ATZ for 08MAY
2026-01-20 07:07:19 | WARNING  | [lf.day.no_flights] No direct flights on 08MAY
2026-01-20 07:07:19 | INFO     | [SUCCESS] Day 08MAY
2026-01-20 07:07:19 | INFO     | [DAY_START] Processing 07MAY
2026-01-20 07:07:19 | INFO     | [lf.day.start] Processing AHB-ATZ for 07MAY
2026-01-20 07:07:21 | WARNING  | [lf.day.no_flights] No direct flights on 07MAY
2026-01-20 07:07:21 | INFO     | [SUCCESS] Day 07MAY
2026-01-20 07:07:21 | INFO     | [SUCCESS] LF Search Complete
2026-01-20 07:07:23 | INFO     | [Worker_9224] Completed: AHB-ATZ - 8 results, 0 errors
2026-01-20 07:07:23 | INFO     | [Worker_9224] Processing: HBE-MED
2026-01-20 07:07:23 | INFO     |   Tier 0: Range 4, Chunk 3/4 (8 days)
