2026-01-20 07:39:27 | INFO     | ======================================================================
2026-01-20 07:39:27 | INFO     | Load Factor Scraper Started - Route: AJF-CAI
2026-01-20 07:39:27 | INFO     | Log file: D:\CODERED\LAB\Artifacts\outputs\run_generated_200126_at_06.58\logs\LF_AJF-CAI_20260120_073927.log
2026-01-20 07:39:27 | INFO     | Enhanced logging: Capturing both logging.info() and print()
2026-01-20 07:39:27 | INFO     | ======================================================================
2026-01-20 07:39:27 | INFO     | Starting LF search for route: AJF-CAI
2026-01-20 07:39:27 | INFO     | [START] LF Search
2026-01-20 07:39:29 | INFO     | [HEALTH CHECK] [OK] Chrome connection is healthy
2026-01-20 07:39:29 | INFO     | [DAY_START] Processing 17MAR
2026-01-20 07:39:29 | INFO     | [lf.day.start] Processing AJF-CAI for 17MAR
2026-01-20 07:39:30 | INFO     | [lf.day.flights_found] Found 1 flights on 17MAR
2026-01-20 07:39:32 | INFO     | [lf.flight.extracted] SM322 on 17MAR: BKG=8, LF=4.6%
2026-01-20 07:39:36 | INFO     | [SUCCESS] Day 17MAR
2026-01-20 07:39:36 | INFO     | [DAY_START] Processing 16MAR
2026-01-20 07:39:36 | INFO     | [lf.day.start] Processing AJF-CAI for 16MAR
2026-01-20 07:39:37 | WARNING  | [lf.day.no_flights] No direct flights on 16MAR
2026-01-20 07:39:37 | INFO     | [SUCCESS] Day 16MAR
2026-01-20 07:39:37 | INFO     | [DAY_START] Processing 15MAR
2026-01-20 07:39:37 | INFO     | [lf.day.start] Processing AJF-CAI for 15MAR
2026-01-20 07:39:38 | WARNING  | [lf.day.no_flights] No direct flights on 15MAR
2026-01-20 07:39:38 | INFO     | [SUCCESS] Day 15MAR
2026-01-20 07:39:38 | INFO     | [DAY_START] Processing 14MAR
2026-01-20 07:39:38 | INFO     | [lf.day.start] Processing AJF-CAI for 14MAR
2026-01-20 07:39:39 | INFO     | [lf.day.flights_found] Found 1 flights on 14MAR
2026-01-20 07:39:42 | INFO     | [lf.flight.extracted] SM322 on 14MAR: BKG=1, LF=0.6%
2026-01-20 07:39:45 | INFO     | [SUCCESS] Day 14MAR
2026-01-20 07:39:45 | INFO     | [DAY_START] Processing 13MAR
2026-01-20 07:39:45 | INFO     | [lf.day.start] Processing AJF-CAI for 13MAR
2026-01-20 07:39:54 | WARNING  | [lf.day.no_flights] No direct flights on 13MAR
2026-01-20 07:39:54 | INFO     | [SUCCESS] Day 13MAR
2026-01-20 07:39:54 | INFO     | [DAY_START] Processing 12MAR
2026-01-20 07:39:54 | INFO     | [lf.day.start] Processing AJF-CAI for 12MAR
2026-01-20 07:39:56 | INFO     | [lf.day.flights_found] Found 1 flights on 12MAR
2026-01-20 07:39:59 | INFO     | [lf.flight.extracted] SM322 on 12MAR: BKG=9, LF=5.1%
2026-01-20 07:40:06 | INFO     | [SUCCESS] Day 12MAR
2026-01-20 07:40:06 | INFO     | [DAY_START] Processing 11MAR
2026-01-20 07:40:06 | INFO     | [lf.day.start] Processing AJF-CAI for 11MAR
2026-01-20 07:40:07 | WARNING  | [lf.day.no_flights] No direct flights on 11MAR
2026-01-20 07:40:07 | INFO     | [SUCCESS] Day 11MAR
2026-01-20 07:40:07 | INFO     | [DAY_START] Processing 10MAR
2026-01-20 07:40:07 | INFO     | [lf.day.start] Processing AJF-CAI for 10MAR
2026-01-20 07:40:09 | INFO     | [lf.day.flights_found] Found 1 flights on 10MAR
2026-01-20 07:40:11 | INFO     | [lf.flight.extracted] SM322 on 10MAR: BKG=32, LF=18.3%
2026-01-20 07:40:17 | INFO     | [SUCCESS] Day 10MAR
2026-01-20 07:40:17 | INFO     | [SUCCESS] LF Search Complete
2026-01-20 07:40:19 | INFO     | [Worker_9224] Completed: AJF-CAI - 8 results, 0 errors
2026-01-20 07:40:19 | INFO     | [Worker_9224] Processing: HBE-MED
2026-01-20 07:40:19 | INFO     |   Tier 0: Range 2, Chunk 2/4 (8 days)
