2026-01-20 07:35:12 | INFO     | ======================================================================
2026-01-20 07:35:12 | INFO     | Load Factor Scraper Started - Route: ATZ-JED
2026-01-20 07:35:12 | INFO     | Log file: D:\CODERED\LAB\Artifacts\outputs\run_generated_200126_at_06.58\logs\LF_ATZ-JED_20260120_073512.log
2026-01-20 07:35:12 | INFO     | Enhanced logging: Capturing both logging.info() and print()
2026-01-20 07:35:12 | INFO     | ======================================================================
2026-01-20 07:35:12 | INFO     | Starting LF search for route: ATZ-JED
2026-01-20 07:35:12 | INFO     | [START] LF Search
2026-01-20 07:35:14 | INFO     | [HEALTH CHECK] [OK] Chrome connection is healthy
2026-01-20 07:35:14 | INFO     | [DAY_START] Processing 26MAR
2026-01-20 07:35:14 | INFO     | [lf.day.start] Processing ATZ-JED for 26MAR
2026-01-20 07:35:15 | INFO     | [lf.day.flights_found] Found 2 flights on 26MAR
2026-01-20 07:35:18 | INFO     | [lf.flight.extracted] SM455 on 26MAR: BKG=4, LF=2.2%
2026-01-20 07:35:21 | INFO     | [lf.flight.extracted] SM453 on 26MAR: BKG=4, LF=2.3%
2026-01-20 07:35:26 | INFO     | [SUCCESS] Day 26MAR
2026-01-20 07:35:26 | INFO     | [DAY_START] Processing 25MAR
2026-01-20 07:35:26 | INFO     | [lf.day.start] Processing ATZ-JED for 25MAR
2026-01-20 07:35:27 | INFO     | [lf.day.flights_found] Found 2 flights on 25MAR
2026-01-20 07:35:30 | INFO     | [lf.flight.extracted] SM453 on 25MAR: BKG=1, LF=0.6%
2026-01-20 07:35:34 | INFO     | [lf.flight.extracted] SM491 on 25MAR: BKG=6, LF=3.4%
2026-01-20 07:35:39 | INFO     | [SUCCESS] Day 25MAR
2026-01-20 07:35:39 | INFO     | [DAY_START] Processing 24MAR
2026-01-20 07:35:39 | INFO     | [lf.day.start] Processing ATZ-JED for 24MAR
2026-01-20 07:35:41 | INFO     | [lf.day.flights_found] Found 5 flights on 24MAR
2026-01-20 07:35:41 | INFO     | [lf.flight.extracted] SM2487 on 24MAR: BKG=0, LF=0.0%
2026-01-20 07:35:46 | INFO     | [lf.flight.extracted] SM453 on 24MAR: BKG=4, LF=2.2%
2026-01-20 07:35:50 | INFO     | [lf.flight.extracted] SM2485 on 24MAR: BKG=0, LF=0.0%
2026-01-20 07:35:54 | INFO     | [lf.flight.extracted] SM455 on 24MAR: BKG=7, LF=3.9%
2026-01-20 07:36:00 | INFO     | [lf.flight.extracted] SM2459 on 24MAR: BKG=0, LF=0.0%
2026-01-20 07:36:05 | INFO     | [SUCCESS] Day 24MAR
2026-01-20 07:36:05 | INFO     | [DAY_START] Processing 23MAR
2026-01-20 07:36:05 | INFO     | [lf.day.start] Processing ATZ-JED for 23MAR
2026-01-20 07:36:06 | INFO     | [lf.day.flights_found] Found 5 flights on 23MAR
2026-01-20 07:36:09 | INFO     | [lf.flight.extracted] SM491 on 23MAR: BKG=0, LF=0.0%
2026-01-20 07:36:13 | INFO     | [lf.flight.extracted] SM455 on 23MAR: BKG=0, LF=0.0%
2026-01-20 07:36:17 | INFO     | [lf.flight.extracted] SM421 on 23MAR: BKG=2, LF=1.1%
2026-01-20 07:36:21 | INFO     | [lf.flight.extracted] SM453 on 23MAR: BKG=2, LF=1.1%
2026-01-20 07:36:25 | INFO     | [lf.flight.extracted] SM955 on 23MAR: BKG=0, LF=0.0%
2026-01-20 07:36:30 | INFO     | [SUCCESS] Day 23MAR
2026-01-20 07:36:30 | INFO     | [DAY_START] Processing 22MAR
2026-01-20 07:36:30 | INFO     | [lf.day.start] Processing ATZ-JED for 22MAR
2026-01-20 07:36:31 | INFO     | [lf.day.flights_found] Found 3 flights on 22MAR
2026-01-20 07:36:34 | INFO     | [lf.flight.extracted] SM491 on 22MAR: BKG=0, LF=0.0%
2026-01-20 07:36:38 | INFO     | [lf.flight.extracted] SM455 on 22MAR: BKG=3, LF=1.7%
2026-01-20 07:36:42 | INFO     | [lf.flight.extracted] SM953 on 22MAR: BKG=0, LF=0.0%
2026-01-20 07:36:45 | INFO     | [SUCCESS] Day 22MAR
2026-01-20 07:36:45 | INFO     | [DAY_START] Processing 21MAR
2026-01-20 07:36:45 | INFO     | [lf.day.start] Processing ATZ-JED for 21MAR
2026-01-20 07:36:46 | INFO     | [lf.day.flights_found] Found 4 flights on 21MAR
2026-01-20 07:36:49 | INFO     | [lf.flight.extracted] SM491 on 21MAR: BKG=0, LF=0.0%
2026-01-20 07:36:53 | INFO     | [lf.flight.extracted] SM453 on 21MAR: BKG=0, LF=0.0%
2026-01-20 07:36:57 | INFO     | [lf.flight.extracted] SM455 on 21MAR: BKG=3, LF=1.7%
2026-01-20 07:37:01 | INFO     | [lf.flight.extracted] SM955 on 21MAR: BKG=0, LF=0.0%
2026-01-20 07:37:04 | INFO     | [SUCCESS] Day 21MAR
2026-01-20 07:37:04 | INFO     | [DAY_START] Processing 20MAR
2026-01-20 07:37:04 | INFO     | [lf.day.start] Processing ATZ-JED for 20MAR
2026-01-20 07:37:05 | INFO     | [lf.day.flights_found] Found 1 flights on 20MAR
2026-01-20 07:37:08 | INFO     | [lf.flight.extracted] SM491 on 20MAR: BKG=0, LF=0.0%
2026-01-20 07:37:09 | INFO     | [SUCCESS] Day 20MAR
2026-01-20 07:37:09 | INFO     | [DAY_START] Processing 19MAR
2026-01-20 07:37:09 | INFO     | [lf.day.start] Processing ATZ-JED for 19MAR
2026-01-20 07:37:10 | INFO     | [lf.day.flights_found] Found 2 flights on 19MAR
2026-01-20 07:37:13 | INFO     | [lf.flight.extracted] SM453 on 19MAR: BKG=0, LF=0.0%
2026-01-20 07:37:17 | INFO     | [lf.flight.extracted] SM455 on 19MAR: BKG=0, LF=0.0%
2026-01-20 07:37:18 | INFO     | [SUCCESS] Day 19MAR
2026-01-20 07:37:18 | INFO     | [DAY_START] Processing 18MAR
2026-01-20 07:37:18 | INFO     | [lf.day.start] Processing ATZ-JED for 18MAR
2026-01-20 07:37:20 | INFO     | [lf.day.flights_found] Found 3 flights on 18MAR
2026-01-20 07:37:22 | INFO     | [lf.flight.extracted] SM453 on 18MAR: BKG=0, LF=0.0%
2026-01-20 07:37:26 | INFO     | [lf.flight.extracted] SM491 on 18MAR: BKG=0, LF=0.0%
2026-01-20 07:37:30 | INFO     | [lf.flight.extracted] SM421 on 18MAR: BKG=0, LF=0.0%
2026-01-20 07:37:32 | INFO     | [SUCCESS] Day 18MAR
2026-01-20 07:37:32 | INFO     | [SUCCESS] LF Search Complete
2026-01-20 07:37:34 | INFO     | [Worker_9224] Completed: ATZ-JED - 9 results, 0 errors
2026-01-20 07:37:34 | INFO     | [Worker_9224] Processing: MED-CAI
2026-01-20 07:37:34 | INFO     |   Tier 0: Range 2, Chunk 2/4 (8 days)
