2026-01-20 07:23:04 | INFO     | ======================================================================
2026-01-20 07:23:04 | INFO     | Load Factor Scraper Started - Route: ATZ-AHB
2026-01-20 07:23:04 | INFO     | Log file: D:\CODERED\LAB\Artifacts\outputs\run_generated_200126_at_06.58\logs\LF_ATZ-AHB_20260120_072304.log
2026-01-20 07:23:04 | INFO     | Enhanced logging: Capturing both logging.info() and print()
2026-01-20 07:23:04 | INFO     | ======================================================================
2026-01-20 07:23:04 | INFO     | Starting LF search for route: ATZ-AHB
2026-01-20 07:23:04 | INFO     | [START] LF Search
2026-01-20 07:23:07 | INFO     | [HEALTH CHECK] [OK] Chrome connection is healthy
2026-01-20 07:23:07 | INFO     | [DAY_START] Processing 11APR
2026-01-20 07:23:07 | INFO     | [lf.day.start] Processing ATZ-AHB for 11APR
2026-01-20 07:23:08 | WARNING  | [lf.day.no_flights] No direct flights on 11APR
2026-01-20 07:23:08 | INFO     | [SUCCESS] Day 11APR
2026-01-20 07:23:08 | INFO     | [DAY_START] Processing 10APR
2026-01-20 07:23:08 | INFO     | [lf.day.start] Processing ATZ-AHB for 10APR
2026-01-20 07:23:09 | WARNING  | [lf.day.no_flights] No direct flights on 10APR
2026-01-20 07:23:10 | INFO     | [SUCCESS] Day 10APR
2026-01-20 07:23:10 | INFO     | [DAY_START] Processing 09APR
2026-01-20 07:23:10 | INFO     | [lf.day.start] Processing ATZ-AHB for 09APR
2026-01-20 07:23:11 | WARNING  | [lf.day.no_flights] No direct flights on 09APR
2026-01-20 07:23:11 | INFO     | [SUCCESS] Day 09APR
2026-01-20 07:23:11 | INFO     | [DAY_START] Processing 08APR
2026-01-20 07:23:11 | INFO     | [lf.day.start] Processing ATZ-AHB for 08APR
2026-01-20 07:23:12 | WARNING  | [lf.day.no_flights] No direct flights on 08APR
2026-01-20 07:23:12 | INFO     | [SUCCESS] Day 08APR
2026-01-20 07:23:12 | INFO     | [DAY_START] Processing 07APR
2026-01-20 07:23:12 | INFO     | [lf.day.start] Processing ATZ-AHB for 07APR
2026-01-20 07:23:14 | WARNING  | [lf.day.no_flights] No direct flights on 07APR
2026-01-20 07:23:14 | INFO     | [SUCCESS] Day 07APR
2026-01-20 07:23:14 | INFO     | [DAY_START] Processing 06APR
2026-01-20 07:23:14 | INFO     | [lf.day.start] Processing ATZ-AHB for 06APR
2026-01-20 07:23:16 | WARNING  | [lf.day.no_flights] No direct flights on 06APR
2026-01-20 07:23:16 | INFO     | [SUCCESS] Day 06APR
2026-01-20 07:23:16 | INFO     | [DAY_START] Processing 05APR
2026-01-20 07:23:16 | INFO     | [lf.day.start] Processing ATZ-AHB for 05APR
2026-01-20 07:23:19 | WARNING  | [lf.day.no_flights] No direct flights on 05APR
2026-01-20 07:23:19 | INFO     | [SUCCESS] Day 05APR
2026-01-20 07:23:19 | INFO     | [DAY_START] Processing 04APR
2026-01-20 07:23:19 | INFO     | [lf.day.start] Processing ATZ-AHB for 04APR
2026-01-20 07:23:20 | WARNING  | [lf.day.no_flights] No direct flights on 04APR
2026-01-20 07:23:21 | INFO     | [SUCCESS] Day 04APR
2026-01-20 07:23:21 | INFO     | [SUCCESS] LF Search Complete
2026-01-20 07:23:23 | INFO     | [Worker_9227] Completed: ATZ-AHB - 8 results, 0 errors
2026-01-20 07:23:23 | INFO     | [Worker_9227] Processing: CAI-GIZ
2026-01-20 07:23:23 | INFO     |   Tier 0: Range 3, Chunk 3/4 (8 days)
