2026-01-20 07:29:18 | INFO     | ======================================================================
2026-01-20 07:29:18 | INFO     | Load Factor Scraper Started - Route: ATZ-JED
2026-01-20 07:29:18 | INFO     | Log file: D:\CODERED\LAB\Artifacts\outputs\run_generated_200126_at_06.58\logs\LF_ATZ-JED_20260120_072918.log
2026-01-20 07:29:18 | INFO     | Enhanced logging: Capturing both logging.info() and print()
2026-01-20 07:29:18 | INFO     | ======================================================================
2026-01-20 07:29:18 | INFO     | Starting LF search for route: ATZ-JED
2026-01-20 07:29:18 | INFO     | [START] LF Search
2026-01-20 07:29:21 | INFO     | [HEALTH CHECK] [OK] Chrome connection is healthy
2026-01-20 07:29:21 | INFO     | [DAY_START] Processing 03APR
2026-01-20 07:29:21 | INFO     | [lf.day.start] Processing ATZ-JED for 03APR
2026-01-20 07:29:22 | INFO     | [lf.day.flights_found] Found 1 flights on 03APR
2026-01-20 07:29:25 | INFO     | [lf.flight.extracted] SM455 on 03APR: BKG=9, LF=5.0%
2026-01-20 07:29:28 | INFO     | [SUCCESS] Day 03APR
2026-01-20 07:29:28 | INFO     | [DAY_START] Processing 02APR
2026-01-20 07:29:28 | INFO     | [lf.day.start] Processing ATZ-JED for 02APR
2026-01-20 07:29:29 | INFO     | [lf.day.flights_found] Found 1 flights on 02APR
2026-01-20 07:29:32 | INFO     | [lf.flight.extracted] SM455 on 02APR: BKG=8, LF=4.5%
2026-01-20 07:29:45 | INFO     | [SUCCESS] Day 02APR
2026-01-20 07:29:45 | INFO     | [DAY_START] Processing 01APR
2026-01-20 07:29:45 | INFO     | [lf.day.start] Processing ATZ-JED for 01APR
2026-01-20 07:29:51 | INFO     | [lf.day.flights_found] Found 1 flights on 01APR
2026-01-20 07:29:54 | INFO     | [lf.flight.extracted] SM455 on 01APR: BKG=25, LF=14.0%
2026-01-20 07:30:05 | INFO     | [SUCCESS] Day 01APR
2026-01-20 07:30:05 | INFO     | [DAY_START] Processing 31MAR
2026-01-20 07:30:05 | INFO     | [lf.day.start] Processing ATZ-JED for 31MAR
2026-01-20 07:30:09 | INFO     | [lf.day.flights_found] Found 1 flights on 31MAR
2026-01-20 07:30:13 | INFO     | [lf.flight.extracted] SM455 on 31MAR: BKG=11, LF=6.2%
2026-01-20 07:30:18 | INFO     | [SUCCESS] Day 31MAR
2026-01-20 07:30:18 | INFO     | [DAY_START] Processing 30MAR
2026-01-20 07:30:18 | INFO     | [lf.day.start] Processing ATZ-JED for 30MAR
2026-01-20 07:30:19 | INFO     | [lf.day.flights_found] Found 1 flights on 30MAR
2026-01-20 07:30:23 | INFO     | [lf.flight.extracted] SM455 on 30MAR: BKG=27, LF=15.1%
2026-01-20 07:30:28 | INFO     | [SUCCESS] Day 30MAR
2026-01-20 07:30:28 | INFO     | [DAY_START] Processing 29MAR
2026-01-20 07:30:28 | INFO     | [lf.day.start] Processing ATZ-JED for 29MAR
2026-01-20 07:30:31 | INFO     | [lf.day.flights_found] Found 1 flights on 29MAR
2026-01-20 07:30:35 | INFO     | [lf.flight.extracted] SM455 on 29MAR: BKG=30, LF=16.8%
2026-01-20 07:30:43 | INFO     | [SUCCESS] Day 29MAR
2026-01-20 07:30:43 | INFO     | [DAY_START] Processing 28MAR
2026-01-20 07:30:43 | INFO     | [lf.day.start] Processing ATZ-JED for 28MAR
2026-01-20 07:30:45 | INFO     | [lf.day.flights_found] Found 4 flights on 28MAR
2026-01-20 07:30:49 | INFO     | [lf.flight.extracted] SM491 on 28MAR: BKG=29, LF=16.2%
2026-01-20 07:30:54 | INFO     | [lf.flight.extracted] SM453 on 28MAR: BKG=25, LF=14.2%
2026-01-20 07:30:59 | INFO     | [lf.flight.extracted] SM455 on 28MAR: BKG=59, LF=33.0%
2026-01-20 07:31:04 | INFO     | [lf.flight.extracted] SM955 on 28MAR: BKG=1, LF=0.6%
2026-01-20 07:31:20 | INFO     | [SUCCESS] Day 28MAR
2026-01-20 07:31:20 | INFO     | [DAY_START] Processing 27MAR
2026-01-20 07:31:20 | INFO     | [lf.day.start] Processing ATZ-JED for 27MAR
2026-01-20 07:31:21 | INFO     | [lf.day.flights_found] Found 2 flights on 27MAR
2026-01-20 07:31:24 | INFO     | [lf.flight.extracted] SM491 on 27MAR: BKG=15, LF=8.4%
2026-01-20 07:31:30 | INFO     | [lf.flight.extracted] SM953 on 27MAR: BKG=0, LF=0.0%
2026-01-20 07:31:34 | INFO     | [SUCCESS] Day 27MAR
2026-01-20 07:31:34 | INFO     | [SUCCESS] LF Search Complete
2026-01-20 07:31:36 | INFO     | [Worker_9234] Completed: ATZ-JED - 8 results, 0 errors
2026-01-20 07:31:36 | INFO     | [Worker_9234] Processing: CAI-ELQ
2026-01-20 07:31:36 | INFO     |   Tier 0: Range 3, Chunk 4/4 (8 days)
