2026-01-20 07:21:04 | INFO     | ======================================================================
2026-01-20 07:21:04 | INFO     | Load Factor Scraper Started - Route: AJF-ATZ
2026-01-20 07:21:04 | INFO     | Log file: D:\CODERED\LAB\Artifacts\outputs\run_generated_200126_at_06.58\logs\LF_AJF-ATZ_20260120_072104.log
2026-01-20 07:21:04 | INFO     | Enhanced logging: Capturing both logging.info() and print()
2026-01-20 07:21:04 | INFO     | ======================================================================
2026-01-20 07:21:04 | INFO     | Starting LF search for route: AJF-ATZ
2026-01-20 07:21:04 | INFO     | [START] LF Search
2026-01-20 07:21:06 | INFO     | [HEALTH CHECK] [OK] Chrome connection is healthy
2026-01-20 07:21:06 | INFO     | [DAY_START] Processing 11APR
2026-01-20 07:21:06 | INFO     | [lf.day.start] Processing AJF-ATZ for 11APR
2026-01-20 07:21:07 | WARNING  | [lf.day.no_flights] No direct flights on 11APR
2026-01-20 07:21:07 | INFO     | [SUCCESS] Day 11APR
2026-01-20 07:21:07 | INFO     | [DAY_START] Processing 10APR
2026-01-20 07:21:07 | INFO     | [lf.day.start] Processing AJF-ATZ for 10APR
2026-01-20 07:21:09 | WARNING  | [lf.day.no_flights] No direct flights on 10APR
2026-01-20 07:21:09 | INFO     | [SUCCESS] Day 10APR
2026-01-20 07:21:09 | INFO     | [DAY_START] Processing 09APR
2026-01-20 07:21:09 | INFO     | [lf.day.start] Processing AJF-ATZ for 09APR
2026-01-20 07:21:11 | WARNING  | [lf.day.no_flights] No direct flights on 09APR
2026-01-20 07:21:11 | INFO     | [SUCCESS] Day 09APR
2026-01-20 07:21:11 | INFO     | [DAY_START] Processing 08APR
2026-01-20 07:21:11 | INFO     | [lf.day.start] Processing AJF-ATZ for 08APR
2026-01-20 07:21:14 | WARNING  | [lf.day.no_flights] No direct flights on 08APR
2026-01-20 07:21:14 | INFO     | [SUCCESS] Day 08APR
2026-01-20 07:21:14 | INFO     | [DAY_START] Processing 07APR
2026-01-20 07:21:14 | INFO     | [lf.day.start] Processing AJF-ATZ for 07APR
2026-01-20 07:21:15 | WARNING  | [lf.day.no_flights] No direct flights on 07APR
2026-01-20 07:21:15 | INFO     | [SUCCESS] Day 07APR
2026-01-20 07:21:15 | INFO     | [DAY_START] Processing 06APR
2026-01-20 07:21:15 | INFO     | [lf.day.start] Processing AJF-ATZ for 06APR
2026-01-20 07:21:16 | WARNING  | [lf.day.no_flights] No direct flights on 06APR
2026-01-20 07:21:16 | INFO     | [SUCCESS] Day 06APR
2026-01-20 07:21:16 | INFO     | [DAY_START] Processing 05APR
2026-01-20 07:21:16 | INFO     | [lf.day.start] Processing AJF-ATZ for 05APR
2026-01-20 07:21:18 | WARNING  | [lf.day.no_flights] No direct flights on 05APR
2026-01-20 07:21:18 | INFO     | [SUCCESS] Day 05APR
2026-01-20 07:21:18 | INFO     | [DAY_START] Processing 04APR
2026-01-20 07:21:18 | INFO     | [lf.day.start] Processing AJF-ATZ for 04APR
2026-01-20 07:21:19 | WARNING  | [lf.day.no_flights] No direct flights on 04APR
2026-01-20 07:21:19 | INFO     | [SUCCESS] Day 04APR
2026-01-20 07:21:19 | INFO     | [SUCCESS] LF Search Complete
2026-01-20 07:21:21 | INFO     | [Worker_9224] Completed: AJF-ATZ - 8 results, 0 errors
2026-01-20 07:21:21 | INFO     | [Worker_9224] Processing: AHB-ATZ
2026-01-20 07:21:21 | INFO     |   Tier 0: Range 3, Chunk 3/4 (8 days)
