2026-01-20 08:01:49 | INFO     | ======================================================================
2026-01-20 08:01:49 | INFO     | Load Factor Scraper Started - Route: ATZ-AHB
2026-01-20 08:01:49 | INFO     | Log file: D:\CODERED\LAB\Artifacts\outputs\run_generated_200126_at_06.58\logs\LF_ATZ-AHB_20260120_080149.log
2026-01-20 08:01:49 | INFO     | Enhanced logging: Capturing both logging.info() and print()
2026-01-20 08:01:49 | INFO     | ======================================================================
2026-01-20 08:01:49 | INFO     | Starting LF search for route: ATZ-AHB
2026-01-20 08:01:49 | INFO     | [START] LF Search
2026-01-20 08:01:51 | INFO     | [HEALTH CHECK] [OK] Chrome connection is healthy
2026-01-20 08:01:51 | INFO     | [DAY_START] Processing 12FEB
2026-01-20 08:01:51 | INFO     | [lf.day.start] Processing ATZ-AHB for 12FEB
2026-01-20 08:01:52 | WARNING  | [lf.day.no_flights] No direct flights on 12FEB
2026-01-20 08:01:52 | INFO     | [SUCCESS] Day 12FEB
2026-01-20 08:01:52 | INFO     | [DAY_START] Processing 11FEB
2026-01-20 08:01:52 | INFO     | [lf.day.start] Processing ATZ-AHB for 11FEB
2026-01-20 08:01:53 | WARNING  | [lf.day.no_flights] No direct flights on 11FEB
2026-01-20 08:01:54 | INFO     | [SUCCESS] Day 11FEB
2026-01-20 08:01:54 | INFO     | [DAY_START] Processing 10FEB
2026-01-20 08:01:54 | INFO     | [lf.day.start] Processing ATZ-AHB for 10FEB
2026-01-20 08:01:55 | WARNING  | [lf.day.no_flights] No direct flights on 10FEB
2026-01-20 08:01:55 | INFO     | [SUCCESS] Day 10FEB
2026-01-20 08:01:55 | INFO     | [DAY_START] Processing 09FEB
2026-01-20 08:01:55 | INFO     | [lf.day.start] Processing ATZ-AHB for 09FEB
2026-01-20 08:01:56 | WARNING  | [lf.day.no_flights] No direct flights on 09FEB
2026-01-20 08:01:56 | INFO     | [SUCCESS] Day 09FEB
2026-01-20 08:01:56 | INFO     | [DAY_START] Processing 08FEB
2026-01-20 08:01:56 | INFO     | [lf.day.start] Processing ATZ-AHB for 08FEB
2026-01-20 08:01:58 | WARNING  | [lf.day.no_flights] No direct flights on 08FEB
2026-01-20 08:01:58 | INFO     | [SUCCESS] Day 08FEB
2026-01-20 08:01:58 | INFO     | [DAY_START] Processing 07FEB
2026-01-20 08:01:58 | INFO     | [lf.day.start] Processing ATZ-AHB for 07FEB
2026-01-20 08:01:59 | WARNING  | [lf.day.no_flights] No direct flights on 07FEB
2026-01-20 08:01:59 | INFO     | [SUCCESS] Day 07FEB
2026-01-20 08:01:59 | INFO     | [DAY_START] Processing 06FEB
2026-01-20 08:01:59 | INFO     | [lf.day.start] Processing ATZ-AHB for 06FEB
2026-01-20 08:02:00 | INFO     | [lf.day.flights_found] Found 1 flights on 06FEB
2026-01-20 08:02:07 | INFO     | [lf.flight.extracted] SM445 on 06FEB: BKG=39, LF=21.8%
2026-01-20 08:02:12 | INFO     | [SUCCESS] Day 06FEB
2026-01-20 08:02:12 | INFO     | [DAY_START] Processing 05FEB
2026-01-20 08:02:12 | INFO     | [lf.day.start] Processing ATZ-AHB for 05FEB
2026-01-20 08:02:13 | WARNING  | [lf.day.no_flights] No direct flights on 05FEB
2026-01-20 08:02:13 | INFO     | [SUCCESS] Day 05FEB
2026-01-20 08:02:13 | INFO     | [SUCCESS] LF Search Complete
2026-01-20 08:02:15 | INFO     | [Worker_9234] Completed: ATZ-AHB - 8 results, 0 errors
2026-01-20 08:02:15 | INFO     | [Worker_9234] Processing: MED-CAI
2026-01-20 08:02:15 | INFO     |   Tier 0: Range 1, Chunk 3/4 (8 days)
