2026-01-20 07:01:22 | INFO     | ======================================================================
2026-01-20 07:01:22 | INFO     | Load Factor Scraper Started - Route: ATZ-JED
2026-01-20 07:01:22 | INFO     | Log file: D:\CODERED\LAB\Artifacts\outputs\run_generated_200126_at_06.58\logs\LF_ATZ-JED_20260120_070122.log
2026-01-20 07:01:22 | INFO     | Enhanced logging: Capturing both logging.info() and print()
2026-01-20 07:01:22 | INFO     | ======================================================================
2026-01-20 07:01:22 | INFO     | Starting LF search for route: ATZ-JED
2026-01-20 07:01:22 | INFO     | [START] LF Search
2026-01-20 07:01:24 | INFO     | [HEALTH CHECK] [OK] Chrome connection is healthy
2026-01-20 07:01:24 | INFO     | [DAY_START] Processing 31MAY
2026-01-20 07:01:24 | INFO     | [lf.day.start] Processing ATZ-JED for 31MAY
2026-01-20 07:01:25 | INFO     | [lf.day.flights_found] Found 1 flights on 31MAY
2026-01-20 07:01:27 | INFO     | [lf.flight.extracted] SM455 on 31MAY: BKG=2, LF=1.1%
2026-01-20 07:01:30 | INFO     | [SUCCESS] Day 31MAY
2026-01-20 07:01:30 | INFO     | [DAY_START] Processing 30MAY
2026-01-20 07:01:30 | INFO     | [lf.day.start] Processing ATZ-JED for 30MAY
2026-01-20 07:01:31 | INFO     | [lf.day.flights_found] Found 1 flights on 30MAY
2026-01-20 07:01:36 | INFO     | [lf.flight.extracted] SM455 on 30MAY: BKG=1, LF=0.6%
2026-01-20 07:01:41 | INFO     | [SUCCESS] Day 30MAY
2026-01-20 07:01:41 | INFO     | [DAY_START] Processing 29MAY
2026-01-20 07:01:41 | INFO     | [lf.day.start] Processing ATZ-JED for 29MAY
2026-01-20 07:01:42 | INFO     | [lf.day.flights_found] Found 1 flights on 29MAY
2026-01-20 07:01:44 | INFO     | [lf.flight.extracted] SM455 on 29MAY: BKG=0, LF=0.0%
2026-01-20 07:01:45 | INFO     | [SUCCESS] Day 29MAY
2026-01-20 07:01:45 | INFO     | [DAY_START] Processing 28MAY
2026-01-20 07:01:45 | INFO     | [lf.day.start] Processing ATZ-JED for 28MAY
2026-01-20 07:01:47 | INFO     | [lf.day.flights_found] Found 1 flights on 28MAY
2026-01-20 07:01:49 | INFO     | [lf.flight.extracted] SM455 on 28MAY: BKG=0, LF=0.0%
2026-01-20 07:01:51 | INFO     | [SUCCESS] Day 28MAY
2026-01-20 07:01:51 | INFO     | [DAY_START] Processing 27MAY
2026-01-20 07:01:51 | INFO     | [lf.day.start] Processing ATZ-JED for 27MAY
2026-01-20 07:01:53 | INFO     | [lf.day.flights_found] Found 1 flights on 27MAY
2026-01-20 07:01:55 | INFO     | [lf.flight.extracted] SM455 on 27MAY: BKG=0, LF=0.0%
2026-01-20 07:01:56 | INFO     | [SUCCESS] Day 27MAY
2026-01-20 07:01:56 | INFO     | [DAY_START] Processing 26MAY
2026-01-20 07:01:56 | INFO     | [lf.day.start] Processing ATZ-JED for 26MAY
2026-01-20 07:01:57 | INFO     | [lf.day.flights_found] Found 1 flights on 26MAY
2026-01-20 07:02:00 | INFO     | [lf.flight.extracted] SM455 on 26MAY: BKG=0, LF=0.0%
2026-01-20 07:02:01 | INFO     | [SUCCESS] Day 26MAY
2026-01-20 07:02:01 | INFO     | [DAY_START] Processing 25MAY
2026-01-20 07:02:01 | INFO     | [lf.day.start] Processing ATZ-JED for 25MAY
2026-01-20 07:02:02 | INFO     | [lf.day.flights_found] Found 1 flights on 25MAY
2026-01-20 07:02:04 | INFO     | [lf.flight.extracted] SM455 on 25MAY: BKG=0, LF=0.0%
2026-01-20 07:02:05 | INFO     | [SUCCESS] Day 25MAY
2026-01-20 07:02:05 | INFO     | [DAY_START] Processing 24MAY
2026-01-20 07:02:05 | INFO     | [lf.day.start] Processing ATZ-JED for 24MAY
2026-01-20 07:02:07 | INFO     | [lf.day.flights_found] Found 1 flights on 24MAY
2026-01-20 07:02:09 | INFO     | [lf.flight.extracted] SM455 on 24MAY: BKG=1, LF=0.6%
2026-01-20 07:02:11 | INFO     | [SUCCESS] Day 24MAY
2026-01-20 07:02:11 | INFO     | [DAY_START] Processing 23MAY
2026-01-20 07:02:11 | INFO     | [lf.day.start] Processing ATZ-JED for 23MAY
2026-01-20 07:02:13 | INFO     | [lf.day.flights_found] Found 1 flights on 23MAY
2026-01-20 07:02:15 | INFO     | [lf.flight.extracted] SM455 on 23MAY: BKG=1, LF=0.6%
2026-01-20 07:02:18 | INFO     | [SUCCESS] Day 23MAY
2026-01-20 07:02:18 | INFO     | [SUCCESS] LF Search Complete
2026-01-20 07:02:20 | INFO     | [Worker_9233] Completed: ATZ-JED - 9 results, 0 errors
2026-01-20 07:02:20 | INFO     | [Worker_9233] Processing: CAI-GIZ
2026-01-20 07:02:20 | INFO     |   Tier 0: Range 4, Chunk 1/4 (9 days)
