2026-01-20 07:41:28 | INFO     | ======================================================================
2026-01-20 07:41:28 | INFO     | Load Factor Scraper Started - Route: ATZ-TUU
2026-01-20 07:41:28 | INFO     | Log file: D:\CODERED\LAB\Artifacts\outputs\run_generated_200126_at_06.58\logs\LF_ATZ-TUU_20260120_074128.log
2026-01-20 07:41:28 | INFO     | Enhanced logging: Capturing both logging.info() and print()
2026-01-20 07:41:28 | INFO     | ======================================================================
2026-01-20 07:41:28 | INFO     | Starting LF search for route: ATZ-TUU
2026-01-20 07:41:28 | INFO     | [START] LF Search
2026-01-20 07:41:30 | INFO     | [HEALTH CHECK] [OK] Chrome connection is healthy
2026-01-20 07:41:30 | INFO     | [DAY_START] Processing 17MAR
2026-01-20 07:41:30 | INFO     | [lf.day.start] Processing ATZ-TUU for 17MAR
2026-01-20 07:41:31 | WARNING  | [lf.day.no_flights] No direct flights on 17MAR
2026-01-20 07:41:32 | INFO     | [SUCCESS] Day 17MAR
2026-01-20 07:41:32 | INFO     | [DAY_START] Processing 16MAR
2026-01-20 07:41:32 | INFO     | [lf.day.start] Processing ATZ-TUU for 16MAR
2026-01-20 07:41:33 | WARNING  | [lf.day.no_flights] No direct flights on 16MAR
2026-01-20 07:41:33 | INFO     | [SUCCESS] Day 16MAR
2026-01-20 07:41:33 | INFO     | [DAY_START] Processing 15MAR
2026-01-20 07:41:33 | INFO     | [lf.day.start] Processing ATZ-TUU for 15MAR
2026-01-20 07:41:34 | WARNING  | [lf.day.no_flights] No direct flights on 15MAR
2026-01-20 07:41:34 | INFO     | [SUCCESS] Day 15MAR
2026-01-20 07:41:34 | INFO     | [DAY_START] Processing 14MAR
2026-01-20 07:41:34 | INFO     | [lf.day.start] Processing ATZ-TUU for 14MAR
2026-01-20 07:41:35 | WARNING  | [lf.day.no_flights] No direct flights on 14MAR
2026-01-20 07:41:35 | INFO     | [SUCCESS] Day 14MAR
2026-01-20 07:41:35 | INFO     | [DAY_START] Processing 13MAR
2026-01-20 07:41:35 | INFO     | [lf.day.start] Processing ATZ-TUU for 13MAR
2026-01-20 07:41:37 | INFO     | [lf.day.flights_found] Found 1 flights on 13MAR
2026-01-20 07:41:39 | INFO     | [lf.flight.extracted] SM327 on 13MAR: BKG=1, LF=0.6%
2026-01-20 07:41:42 | INFO     | [SUCCESS] Day 13MAR
2026-01-20 07:41:42 | INFO     | [DAY_START] Processing 12MAR
2026-01-20 07:41:42 | INFO     | [lf.day.start] Processing ATZ-TUU for 12MAR
2026-01-20 07:41:43 | WARNING  | [lf.day.no_flights] No direct flights on 12MAR
2026-01-20 07:41:43 | INFO     | [SUCCESS] Day 12MAR
2026-01-20 07:41:43 | INFO     | [DAY_START] Processing 11MAR
2026-01-20 07:41:43 | INFO     | [lf.day.start] Processing ATZ-TUU for 11MAR
2026-01-20 07:41:45 | WARNING  | [lf.day.no_flights] No direct flights on 11MAR
2026-01-20 07:41:45 | INFO     | [SUCCESS] Day 11MAR
2026-01-20 07:41:45 | INFO     | [DAY_START] Processing 10MAR
2026-01-20 07:41:45 | INFO     | [lf.day.start] Processing ATZ-TUU for 10MAR
2026-01-20 07:41:47 | WARNING  | [lf.day.no_flights] No direct flights on 10MAR
2026-01-20 07:41:47 | INFO     | [SUCCESS] Day 10MAR
2026-01-20 07:41:47 | INFO     | [SUCCESS] LF Search Complete
2026-01-20 07:41:49 | INFO     | [Worker_9226] Completed: ATZ-TUU - 8 results, 0 errors
2026-01-20 07:41:49 | INFO     | [Worker_9226] Processing: ATZ-AHB
2026-01-20 07:41:49 | INFO     |   Tier 0: Range 2, Chunk 2/4 (8 days)
