2026-01-20 07:39:34 | INFO     | ======================================================================
2026-01-20 07:39:34 | INFO     | Load Factor Scraper Started - Route: AJF-ATZ
2026-01-20 07:39:34 | INFO     | Log file: D:\CODERED\LAB\Artifacts\outputs\run_generated_200126_at_06.58\logs\LF_AJF-ATZ_20260120_073933.log
2026-01-20 07:39:34 | INFO     | Enhanced logging: Capturing both logging.info() and print()
2026-01-20 07:39:34 | INFO     | ======================================================================
2026-01-20 07:39:34 | INFO     | Starting LF search for route: AJF-ATZ
2026-01-20 07:39:34 | INFO     | [START] LF Search
2026-01-20 07:39:35 | INFO     | [HEALTH CHECK] [OK] Chrome connection is healthy
2026-01-20 07:39:35 | INFO     | [DAY_START] Processing 17MAR
2026-01-20 07:39:35 | INFO     | [lf.day.start] Processing AJF-ATZ for 17MAR
2026-01-20 07:39:37 | WARNING  | [lf.day.no_flights] No direct flights on 17MAR
2026-01-20 07:39:37 | INFO     | [SUCCESS] Day 17MAR
2026-01-20 07:39:37 | INFO     | [DAY_START] Processing 16MAR
2026-01-20 07:39:37 | INFO     | [lf.day.start] Processing AJF-ATZ for 16MAR
2026-01-20 07:39:38 | WARNING  | [lf.day.no_flights] No direct flights on 16MAR
2026-01-20 07:39:38 | INFO     | [SUCCESS] Day 16MAR
2026-01-20 07:39:38 | INFO     | [DAY_START] Processing 15MAR
2026-01-20 07:39:38 | INFO     | [lf.day.start] Processing AJF-ATZ for 15MAR
2026-01-20 07:39:39 | WARNING  | [lf.day.no_flights] No direct flights on 15MAR
2026-01-20 07:39:39 | INFO     | [SUCCESS] Day 15MAR
2026-01-20 07:39:39 | INFO     | [DAY_START] Processing 14MAR
2026-01-20 07:39:39 | INFO     | [lf.day.start] Processing AJF-ATZ for 14MAR
2026-01-20 07:39:40 | WARNING  | [lf.day.no_flights] No direct flights on 14MAR
2026-01-20 07:39:40 | INFO     | [SUCCESS] Day 14MAR
2026-01-20 07:39:40 | INFO     | [DAY_START] Processing 13MAR
2026-01-20 07:39:40 | INFO     | [lf.day.start] Processing AJF-ATZ for 13MAR
2026-01-20 07:39:41 | INFO     | [lf.day.flights_found] Found 1 flights on 13MAR
2026-01-20 07:39:44 | INFO     | [lf.flight.extracted] SM324 on 13MAR: BKG=35, LF=21.0%
2026-01-20 07:39:56 | INFO     | [SUCCESS] Day 13MAR
2026-01-20 07:39:56 | INFO     | [DAY_START] Processing 12MAR
2026-01-20 07:39:56 | INFO     | [lf.day.start] Processing AJF-ATZ for 12MAR
2026-01-20 07:39:58 | WARNING  | [lf.day.no_flights] No direct flights on 12MAR
2026-01-20 07:39:58 | INFO     | [SUCCESS] Day 12MAR
2026-01-20 07:39:58 | INFO     | [DAY_START] Processing 11MAR
2026-01-20 07:39:58 | INFO     | [lf.day.start] Processing AJF-ATZ for 11MAR
2026-01-20 07:39:59 | WARNING  | [lf.day.no_flights] No direct flights on 11MAR
2026-01-20 07:39:59 | INFO     | [SUCCESS] Day 11MAR
2026-01-20 07:39:59 | INFO     | [DAY_START] Processing 10MAR
2026-01-20 07:39:59 | INFO     | [lf.day.start] Processing AJF-ATZ for 10MAR
2026-01-20 07:40:01 | WARNING  | [lf.day.no_flights] No direct flights on 10MAR
2026-01-20 07:40:01 | INFO     | [SUCCESS] Day 10MAR
2026-01-20 07:40:01 | INFO     | [SUCCESS] LF Search Complete
2026-01-20 07:40:03 | INFO     | [Worker_9227] Completed: AJF-ATZ - 8 results, 0 errors
2026-01-20 07:40:03 | INFO     | [Worker_9227] Processing: ELQ-ATZ
2026-01-20 07:40:03 | INFO     |   Tier 0: Range 2, Chunk 2/4 (8 days)
