2026-01-20 07:50:21 | INFO     | ======================================================================
2026-01-20 07:50:21 | INFO     | Load Factor Scraper Started - Route: ASW-JED
2026-01-20 07:50:21 | INFO     | Log file: D:\CODERED\LAB\Artifacts\outputs\run_generated_200126_at_06.58\logs\LF_ASW-JED_20260120_075021.log
2026-01-20 07:50:21 | INFO     | Enhanced logging: Capturing both logging.info() and print()
2026-01-20 07:50:21 | INFO     | ======================================================================
2026-01-20 07:50:21 | INFO     | Starting LF search for route: ASW-JED
2026-01-20 07:50:21 | INFO     | [START] LF Search
2026-01-20 07:50:22 | INFO     | [HEALTH CHECK] [OK] Chrome connection is healthy
2026-01-20 07:50:23 | INFO     | [DAY_START] Processing 01MAR
2026-01-20 07:50:23 | INFO     | [lf.day.start] Processing ASW-JED for 01MAR
2026-01-20 07:50:24 | WARNING  | [lf.day.no_flights] No direct flights on 01MAR
2026-01-20 07:50:24 | INFO     | [SUCCESS] Day 01MAR
2026-01-20 07:50:24 | INFO     | [DAY_START] Processing 28FEB
2026-01-20 07:50:24 | INFO     | [lf.day.start] Processing ASW-JED for 28FEB
2026-01-20 07:50:25 | WARNING  | [lf.day.no_flights] No direct flights on 28FEB
2026-01-20 07:50:25 | INFO     | [SUCCESS] Day 28FEB
2026-01-20 07:50:25 | INFO     | [DAY_START] Processing 27FEB
2026-01-20 07:50:25 | INFO     | [lf.day.start] Processing ASW-JED for 27FEB
2026-01-20 07:50:26 | WARNING  | [lf.day.no_flights] No direct flights on 27FEB
2026-01-20 07:50:26 | INFO     | [SUCCESS] Day 27FEB
2026-01-20 07:50:26 | INFO     | [DAY_START] Processing 26FEB
2026-01-20 07:50:26 | INFO     | [lf.day.start] Processing ASW-JED for 26FEB
2026-01-20 07:50:27 | WARNING  | [lf.day.no_flights] No direct flights on 26FEB
2026-01-20 07:50:27 | INFO     | [SUCCESS] Day 26FEB
2026-01-20 07:50:27 | INFO     | [DAY_START] Processing 25FEB
2026-01-20 07:50:27 | INFO     | [lf.day.start] Processing ASW-JED for 25FEB
2026-01-20 07:50:28 | WARNING  | [lf.day.no_flights] No direct flights on 25FEB
2026-01-20 07:50:29 | INFO     | [SUCCESS] Day 25FEB
2026-01-20 07:50:29 | INFO     | [DAY_START] Processing 24FEB
2026-01-20 07:50:29 | INFO     | [lf.day.start] Processing ASW-JED for 24FEB
2026-01-20 07:50:30 | INFO     | [lf.day.flights_found] Found 1 flights on 24FEB
2026-01-20 07:50:32 | INFO     | [lf.flight.extracted] SM985 on 24FEB: BKG=0, LF=0.0%
2026-01-20 07:50:33 | INFO     | [SUCCESS] Day 24FEB
2026-01-20 07:50:33 | INFO     | [DAY_START] Processing 23FEB
2026-01-20 07:50:33 | INFO     | [lf.day.start] Processing ASW-JED for 23FEB
2026-01-20 07:50:34 | INFO     | [lf.day.flights_found] Found 2 flights on 23FEB
2026-01-20 07:50:36 | INFO     | [lf.flight.extracted] SM425 on 23FEB: BKG=0, LF=0.0%
2026-01-20 07:50:39 | INFO     | [lf.flight.extracted] SM949 on 23FEB: BKG=0, LF=0.0%
2026-01-20 07:50:41 | INFO     | [SUCCESS] Day 23FEB
2026-01-20 07:50:41 | INFO     | [DAY_START] Processing 22FEB
2026-01-20 07:50:41 | INFO     | [lf.day.start] Processing ASW-JED for 22FEB
2026-01-20 07:50:42 | WARNING  | [lf.day.no_flights] No direct flights on 22FEB
2026-01-20 07:50:42 | INFO     | [SUCCESS] Day 22FEB
2026-01-20 07:50:42 | INFO     | [SUCCESS] LF Search Complete
2026-01-20 07:50:44 | INFO     | [Worker_9222] Completed: ASW-JED - 8 results, 0 errors
2026-01-20 07:50:44 | INFO     | [Worker_9222] Processing: ATZ-DMM
2026-01-20 07:50:44 | INFO     |   Tier 0: Range 2, Chunk 4/4 (8 days)
