2026-01-20 07:22:54 | INFO     | ======================================================================
2026-01-20 07:22:54 | INFO     | Load Factor Scraper Started - Route: ATZ-AJF
2026-01-20 07:22:54 | INFO     | Log file: D:\CODERED\LAB\Artifacts\outputs\run_generated_200126_at_06.58\logs\LF_ATZ-AJF_20260120_072254.log
2026-01-20 07:22:54 | INFO     | Enhanced logging: Capturing both logging.info() and print()
2026-01-20 07:22:54 | INFO     | ======================================================================
2026-01-20 07:22:54 | INFO     | Starting LF search for route: ATZ-AJF
2026-01-20 07:22:54 | INFO     | [START] LF Search
2026-01-20 07:23:02 | INFO     | [HEALTH CHECK] [OK] Chrome connection is healthy
2026-01-20 07:23:02 | INFO     | [DAY_START] Processing 11APR
2026-01-20 07:23:02 | INFO     | [lf.day.start] Processing ATZ-AJF for 11APR
2026-01-20 07:23:03 | WARNING  | [lf.day.no_flights] No direct flights on 11APR
2026-01-20 07:23:04 | INFO     | [SUCCESS] Day 11APR
2026-01-20 07:23:04 | INFO     | [DAY_START] Processing 10APR
2026-01-20 07:23:04 | INFO     | [lf.day.start] Processing ATZ-AJF for 10APR
2026-01-20 07:23:05 | WARNING  | [lf.day.no_flights] No direct flights on 10APR
2026-01-20 07:23:05 | INFO     | [SUCCESS] Day 10APR
2026-01-20 07:23:05 | INFO     | [DAY_START] Processing 09APR
2026-01-20 07:23:05 | INFO     | [lf.day.start] Processing ATZ-AJF for 09APR
2026-01-20 07:23:06 | WARNING  | [lf.day.no_flights] No direct flights on 09APR
2026-01-20 07:23:06 | INFO     | [SUCCESS] Day 09APR
2026-01-20 07:23:06 | INFO     | [DAY_START] Processing 08APR
2026-01-20 07:23:06 | INFO     | [lf.day.start] Processing ATZ-AJF for 08APR
2026-01-20 07:23:08 | WARNING  | [lf.day.no_flights] No direct flights on 08APR
2026-01-20 07:23:08 | INFO     | [SUCCESS] Day 08APR
2026-01-20 07:23:08 | INFO     | [DAY_START] Processing 07APR
2026-01-20 07:23:08 | INFO     | [lf.day.start] Processing ATZ-AJF for 07APR
2026-01-20 07:23:09 | WARNING  | [lf.day.no_flights] No direct flights on 07APR
2026-01-20 07:23:09 | INFO     | [SUCCESS] Day 07APR
2026-01-20 07:23:09 | INFO     | [DAY_START] Processing 06APR
2026-01-20 07:23:09 | INFO     | [lf.day.start] Processing ATZ-AJF for 06APR
2026-01-20 07:23:10 | WARNING  | [lf.day.no_flights] No direct flights on 06APR
2026-01-20 07:23:11 | INFO     | [SUCCESS] Day 06APR
2026-01-20 07:23:11 | INFO     | [DAY_START] Processing 05APR
2026-01-20 07:23:11 | INFO     | [lf.day.start] Processing ATZ-AJF for 05APR
2026-01-20 07:23:12 | WARNING  | [lf.day.no_flights] No direct flights on 05APR
2026-01-20 07:23:12 | INFO     | [SUCCESS] Day 05APR
2026-01-20 07:23:12 | INFO     | [DAY_START] Processing 04APR
2026-01-20 07:23:12 | INFO     | [lf.day.start] Processing ATZ-AJF for 04APR
2026-01-20 07:23:13 | WARNING  | [lf.day.no_flights] No direct flights on 04APR
2026-01-20 07:23:13 | INFO     | [SUCCESS] Day 04APR
2026-01-20 07:23:13 | INFO     | [SUCCESS] LF Search Complete
2026-01-20 07:23:16 | INFO     | [Worker_9222] Completed: ATZ-AJF - 8 results, 0 errors
2026-01-20 07:23:16 | INFO     | [Worker_9222] Processing: ATZ-ELQ
2026-01-20 07:23:16 | INFO     |   Tier 0: Range 3, Chunk 3/4 (8 days)
