2026-01-20 07:19:20 | INFO     | ======================================================================
2026-01-20 07:19:20 | INFO     | Load Factor Scraper Started - Route: ATZ-AHB
2026-01-20 07:19:20 | INFO     | Log file: D:\CODERED\LAB\Artifacts\outputs\run_generated_200126_at_06.58\logs\LF_ATZ-AHB_20260120_071920.log
2026-01-20 07:19:20 | INFO     | Enhanced logging: Capturing both logging.info() and print()
2026-01-20 07:19:20 | INFO     | ======================================================================
2026-01-20 07:19:20 | INFO     | Starting LF search for route: ATZ-AHB
2026-01-20 07:19:20 | INFO     | [START] LF Search
2026-01-20 07:19:22 | INFO     | [HEALTH CHECK] [OK] Chrome connection is healthy
2026-01-20 07:19:22 | INFO     | [DAY_START] Processing 19APR
2026-01-20 07:19:22 | INFO     | [lf.day.start] Processing ATZ-AHB for 19APR
2026-01-20 07:19:23 | WARNING  | [lf.day.no_flights] No direct flights on 19APR
2026-01-20 07:19:23 | INFO     | [SUCCESS] Day 19APR
2026-01-20 07:19:23 | INFO     | [DAY_START] Processing 18APR
2026-01-20 07:19:23 | INFO     | [lf.day.start] Processing ATZ-AHB for 18APR
2026-01-20 07:19:25 | WARNING  | [lf.day.no_flights] No direct flights on 18APR
2026-01-20 07:19:25 | INFO     | [SUCCESS] Day 18APR
2026-01-20 07:19:25 | INFO     | [DAY_START] Processing 17APR
2026-01-20 07:19:25 | INFO     | [lf.day.start] Processing ATZ-AHB for 17APR
2026-01-20 07:19:26 | WARNING  | [lf.day.no_flights] No direct flights on 17APR
2026-01-20 07:19:27 | INFO     | [SUCCESS] Day 17APR
2026-01-20 07:19:27 | INFO     | [DAY_START] Processing 16APR
2026-01-20 07:19:27 | INFO     | [lf.day.start] Processing ATZ-AHB for 16APR
2026-01-20 07:19:28 | WARNING  | [lf.day.no_flights] No direct flights on 16APR
2026-01-20 07:19:28 | INFO     | [SUCCESS] Day 16APR
2026-01-20 07:19:28 | INFO     | [DAY_START] Processing 15APR
2026-01-20 07:19:28 | INFO     | [lf.day.start] Processing ATZ-AHB for 15APR
2026-01-20 07:19:29 | WARNING  | [lf.day.no_flights] No direct flights on 15APR
2026-01-20 07:19:30 | INFO     | [SUCCESS] Day 15APR
2026-01-20 07:19:30 | INFO     | [DAY_START] Processing 14APR
2026-01-20 07:19:30 | INFO     | [lf.day.start] Processing ATZ-AHB for 14APR
2026-01-20 07:19:31 | WARNING  | [lf.day.no_flights] No direct flights on 14APR
2026-01-20 07:19:31 | INFO     | [SUCCESS] Day 14APR
2026-01-20 07:19:31 | INFO     | [DAY_START] Processing 13APR
2026-01-20 07:19:31 | INFO     | [lf.day.start] Processing ATZ-AHB for 13APR
2026-01-20 07:19:34 | WARNING  | [lf.day.no_flights] No direct flights on 13APR
2026-01-20 07:19:34 | INFO     | [SUCCESS] Day 13APR
2026-01-20 07:19:34 | INFO     | [DAY_START] Processing 12APR
2026-01-20 07:19:34 | INFO     | [lf.day.start] Processing ATZ-AHB for 12APR
2026-01-20 07:19:39 | WARNING  | [lf.day.no_flights] No direct flights on 12APR
2026-01-20 07:19:39 | INFO     | [SUCCESS] Day 12APR
2026-01-20 07:19:39 | INFO     | [SUCCESS] LF Search Complete
2026-01-20 07:19:41 | INFO     | [Worker_9233] Completed: ATZ-AHB - 8 results, 0 errors
2026-01-20 07:19:41 | INFO     | [Worker_9233] Processing: MED-HBE
2026-01-20 07:19:41 | INFO     |   Tier 0: Range 3, Chunk 3/4 (8 days)
