2026-01-20 07:40:52 | INFO     | ======================================================================
2026-01-20 07:40:52 | INFO     | Load Factor Scraper Started - Route: ASW-JED
2026-01-20 07:40:52 | INFO     | Log file: D:\CODERED\LAB\Artifacts\outputs\run_generated_200126_at_06.58\logs\LF_ASW-JED_20260120_074051.log
2026-01-20 07:40:52 | INFO     | Enhanced logging: Capturing both logging.info() and print()
2026-01-20 07:40:52 | INFO     | ======================================================================
2026-01-20 07:40:52 | INFO     | Starting LF search for route: ASW-JED
2026-01-20 07:40:52 | INFO     | [START] LF Search
2026-01-20 07:40:53 | INFO     | [HEALTH CHECK] [OK] Chrome connection is healthy
2026-01-20 07:40:53 | INFO     | [DAY_START] Processing 17MAR
2026-01-20 07:40:53 | INFO     | [lf.day.start] Processing ASW-JED for 17MAR
2026-01-20 07:40:54 | WARNING  | [lf.day.no_flights] No direct flights on 17MAR
2026-01-20 07:40:54 | INFO     | [SUCCESS] Day 17MAR
2026-01-20 07:40:54 | INFO     | [DAY_START] Processing 16MAR
2026-01-20 07:40:54 | INFO     | [lf.day.start] Processing ASW-JED for 16MAR
2026-01-20 07:40:55 | WARNING  | [lf.day.no_flights] No direct flights on 16MAR
2026-01-20 07:40:55 | INFO     | [SUCCESS] Day 16MAR
2026-01-20 07:40:55 | INFO     | [DAY_START] Processing 15MAR
2026-01-20 07:40:55 | INFO     | [lf.day.start] Processing ASW-JED for 15MAR
2026-01-20 07:40:56 | WARNING  | [lf.day.no_flights] No direct flights on 15MAR
2026-01-20 07:40:57 | INFO     | [SUCCESS] Day 15MAR
2026-01-20 07:40:57 | INFO     | [DAY_START] Processing 14MAR
2026-01-20 07:40:57 | INFO     | [lf.day.start] Processing ASW-JED for 14MAR
2026-01-20 07:40:58 | WARNING  | [lf.day.no_flights] No direct flights on 14MAR
2026-01-20 07:40:58 | INFO     | [SUCCESS] Day 14MAR
2026-01-20 07:40:58 | INFO     | [DAY_START] Processing 13MAR
2026-01-20 07:40:58 | INFO     | [lf.day.start] Processing ASW-JED for 13MAR
2026-01-20 07:40:59 | WARNING  | [lf.day.no_flights] No direct flights on 13MAR
2026-01-20 07:40:59 | INFO     | [SUCCESS] Day 13MAR
2026-01-20 07:40:59 | INFO     | [DAY_START] Processing 12MAR
2026-01-20 07:40:59 | INFO     | [lf.day.start] Processing ASW-JED for 12MAR
2026-01-20 07:41:00 | WARNING  | [lf.day.no_flights] No direct flights on 12MAR
2026-01-20 07:41:00 | INFO     | [SUCCESS] Day 12MAR
2026-01-20 07:41:00 | INFO     | [DAY_START] Processing 11MAR
2026-01-20 07:41:00 | INFO     | [lf.day.start] Processing ASW-JED for 11MAR
2026-01-20 07:41:01 | WARNING  | [lf.day.no_flights] No direct flights on 11MAR
2026-01-20 07:41:02 | INFO     | [SUCCESS] Day 11MAR
2026-01-20 07:41:02 | INFO     | [DAY_START] Processing 10MAR
2026-01-20 07:41:02 | INFO     | [lf.day.start] Processing ASW-JED for 10MAR
2026-01-20 07:41:03 | WARNING  | [lf.day.no_flights] No direct flights on 10MAR
2026-01-20 07:41:03 | INFO     | [SUCCESS] Day 10MAR
2026-01-20 07:41:03 | INFO     | [SUCCESS] LF Search Complete
2026-01-20 07:41:05 | INFO     | [Worker_9224] Completed: ASW-JED - 8 results, 0 errors
2026-01-20 07:41:05 | INFO     | [Worker_9224] Processing: ATZ-DMM
2026-01-20 07:41:05 | INFO     |   Tier 0: Range 2, Chunk 2/4 (8 days)
