2026-01-20 07:22:05 | INFO     | ======================================================================
2026-01-20 07:22:05 | INFO     | Load Factor Scraper Started - Route: ASW-JED
2026-01-20 07:22:05 | INFO     | Log file: D:\CODERED\LAB\Artifacts\outputs\run_generated_200126_at_06.58\logs\LF_ASW-JED_20260120_072205.log
2026-01-20 07:22:05 | INFO     | Enhanced logging: Capturing both logging.info() and print()
2026-01-20 07:22:05 | INFO     | ======================================================================
2026-01-20 07:22:05 | INFO     | Starting LF search for route: ASW-JED
2026-01-20 07:22:05 | INFO     | [START] LF Search
2026-01-20 07:22:06 | INFO     | [HEALTH CHECK] [OK] Chrome connection is healthy
2026-01-20 07:22:06 | INFO     | [DAY_START] Processing 11APR
2026-01-20 07:22:06 | INFO     | [lf.day.start] Processing ASW-JED for 11APR
2026-01-20 07:22:07 | WARNING  | [lf.day.no_flights] No direct flights on 11APR
2026-01-20 07:22:08 | INFO     | [SUCCESS] Day 11APR
2026-01-20 07:22:08 | INFO     | [DAY_START] Processing 10APR
2026-01-20 07:22:08 | INFO     | [lf.day.start] Processing ASW-JED for 10APR
2026-01-20 07:22:09 | WARNING  | [lf.day.no_flights] No direct flights on 10APR
2026-01-20 07:22:09 | INFO     | [SUCCESS] Day 10APR
2026-01-20 07:22:09 | INFO     | [DAY_START] Processing 09APR
2026-01-20 07:22:09 | INFO     | [lf.day.start] Processing ASW-JED for 09APR
2026-01-20 07:22:10 | WARNING  | [lf.day.no_flights] No direct flights on 09APR
2026-01-20 07:22:10 | INFO     | [SUCCESS] Day 09APR
2026-01-20 07:22:10 | INFO     | [DAY_START] Processing 08APR
2026-01-20 07:22:10 | INFO     | [lf.day.start] Processing ASW-JED for 08APR
2026-01-20 07:22:12 | WARNING  | [lf.day.no_flights] No direct flights on 08APR
2026-01-20 07:22:12 | INFO     | [SUCCESS] Day 08APR
2026-01-20 07:22:12 | INFO     | [DAY_START] Processing 07APR
2026-01-20 07:22:12 | INFO     | [lf.day.start] Processing ASW-JED for 07APR
2026-01-20 07:22:13 | WARNING  | [lf.day.no_flights] No direct flights on 07APR
2026-01-20 07:22:13 | INFO     | [SUCCESS] Day 07APR
2026-01-20 07:22:13 | INFO     | [DAY_START] Processing 06APR
2026-01-20 07:22:13 | INFO     | [lf.day.start] Processing ASW-JED for 06APR
2026-01-20 07:22:15 | WARNING  | [lf.day.no_flights] No direct flights on 06APR
2026-01-20 07:22:15 | INFO     | [SUCCESS] Day 06APR
2026-01-20 07:22:15 | INFO     | [DAY_START] Processing 05APR
2026-01-20 07:22:15 | INFO     | [lf.day.start] Processing ASW-JED for 05APR
2026-01-20 07:22:17 | WARNING  | [lf.day.no_flights] No direct flights on 05APR
2026-01-20 07:22:17 | INFO     | [SUCCESS] Day 05APR
2026-01-20 07:22:17 | INFO     | [DAY_START] Processing 04APR
2026-01-20 07:22:17 | INFO     | [lf.day.start] Processing ASW-JED for 04APR
2026-01-20 07:22:18 | WARNING  | [lf.day.no_flights] No direct flights on 04APR
2026-01-20 07:22:18 | INFO     | [SUCCESS] Day 04APR
2026-01-20 07:22:18 | INFO     | [SUCCESS] LF Search Complete
2026-01-20 07:22:20 | INFO     | [Worker_9224] Completed: ASW-JED - 8 results, 0 errors
2026-01-20 07:22:20 | INFO     | [Worker_9224] Processing: CAI-DMM
2026-01-20 07:22:20 | INFO     |   Tier 0: Range 3, Chunk 3/4 (8 days)
