2026-01-20 08:09:30 | INFO     | ======================================================================
2026-01-20 08:09:30 | INFO     | Load Factor Scraper Started - Route: AHB-ATZ
2026-01-20 08:09:30 | INFO     | Log file: D:\CODERED\LAB\Artifacts\outputs\run_generated_200126_at_06.58\logs\LF_AHB-ATZ_20260120_080930.log
2026-01-20 08:09:30 | INFO     | Enhanced logging: Capturing both logging.info() and print()
2026-01-20 08:09:30 | INFO     | ======================================================================
2026-01-20 08:09:30 | INFO     | Starting LF search for route: AHB-ATZ
2026-01-20 08:09:30 | INFO     | [START] LF Search
2026-01-20 08:09:31 | INFO     | [HEALTH CHECK] [OK] Chrome connection is healthy
2026-01-20 08:09:31 | INFO     | [DAY_START] Processing 27JAN
2026-01-20 08:09:31 | INFO     | [lf.day.start] Processing AHB-ATZ for 27JAN
2026-01-20 08:09:32 | WARNING  | [lf.day.no_flights] No direct flights on 27JAN
2026-01-20 08:09:32 | INFO     | [SUCCESS] Day 27JAN
2026-01-20 08:09:32 | INFO     | [DAY_START] Processing 26JAN
2026-01-20 08:09:32 | INFO     | [lf.day.start] Processing AHB-ATZ for 26JAN
2026-01-20 08:09:33 | WARNING  | [lf.day.no_flights] No direct flights on 26JAN
2026-01-20 08:09:33 | INFO     | [SUCCESS] Day 26JAN
2026-01-20 08:09:33 | INFO     | [DAY_START] Processing 25JAN
2026-01-20 08:09:33 | INFO     | [lf.day.start] Processing AHB-ATZ for 25JAN
2026-01-20 08:09:34 | WARNING  | [lf.day.no_flights] No direct flights on 25JAN
2026-01-20 08:09:34 | INFO     | [SUCCESS] Day 25JAN
2026-01-20 08:09:34 | INFO     | [DAY_START] Processing 24JAN
2026-01-20 08:09:34 | INFO     | [lf.day.start] Processing AHB-ATZ for 24JAN
2026-01-20 08:09:35 | WARNING  | [lf.day.no_flights] No direct flights on 24JAN
2026-01-20 08:09:36 | INFO     | [SUCCESS] Day 24JAN
2026-01-20 08:09:36 | INFO     | [DAY_START] Processing 23JAN
2026-01-20 08:09:36 | INFO     | [lf.day.start] Processing AHB-ATZ for 23JAN
2026-01-20 08:09:37 | INFO     | [lf.day.flights_found] Found 1 flights on 23JAN
2026-01-20 08:09:39 | INFO     | [lf.flight.extracted] SM446 on 23JAN: BKG=102, LF=58.3%
2026-01-20 08:09:45 | INFO     | [SUCCESS] Day 23JAN
2026-01-20 08:09:45 | INFO     | [DAY_START] Processing 22JAN
2026-01-20 08:09:45 | INFO     | [lf.day.start] Processing AHB-ATZ for 22JAN
2026-01-20 08:09:46 | WARNING  | [lf.day.no_flights] No direct flights on 22JAN
2026-01-20 08:09:46 | INFO     | [SUCCESS] Day 22JAN
2026-01-20 08:09:46 | INFO     | [DAY_START] Processing 21JAN
2026-01-20 08:09:46 | INFO     | [lf.day.start] Processing AHB-ATZ for 21JAN
2026-01-20 08:09:47 | WARNING  | [lf.day.no_flights] No direct flights on 21JAN
2026-01-20 08:09:47 | INFO     | [SUCCESS] Day 21JAN
2026-01-20 08:09:47 | INFO     | [SUCCESS] LF Search Complete
2026-01-20 08:09:49 | INFO     | [Worker_9227] Completed: AHB-ATZ - 7 results, 0 errors
2026-01-20 08:09:49 | INFO     | [Worker_9227] Processing: GIZ-CAI
2026-01-20 08:09:49 | INFO     |   Tier 0: Range 1, Chunk 4/4 (8 days)
