2026-01-20 08:04:08 | INFO     | ======================================================================
2026-01-20 08:04:08 | INFO     | Load Factor Scraper Started - Route: AJF-ATZ
2026-01-20 08:04:08 | INFO     | Log file: D:\CODERED\LAB\Artifacts\outputs\run_generated_200126_at_06.58\logs\LF_AJF-ATZ_20260120_080408.log
2026-01-20 08:04:08 | INFO     | Enhanced logging: Capturing both logging.info() and print()
2026-01-20 08:04:08 | INFO     | ======================================================================
2026-01-20 08:04:08 | INFO     | Starting LF search for route: AJF-ATZ
2026-01-20 08:04:08 | INFO     | [START] LF Search
2026-01-20 08:04:10 | INFO     | [HEALTH CHECK] [OK] Chrome connection is healthy
2026-01-20 08:04:10 | INFO     | [DAY_START] Processing 04FEB
2026-01-20 08:04:10 | INFO     | [lf.day.start] Processing AJF-ATZ for 04FEB
2026-01-20 08:04:11 | WARNING  | [lf.day.no_flights] No direct flights on 04FEB
2026-01-20 08:04:11 | INFO     | [SUCCESS] Day 04FEB
2026-01-20 08:04:11 | INFO     | [DAY_START] Processing 03FEB
2026-01-20 08:04:11 | INFO     | [lf.day.start] Processing AJF-ATZ for 03FEB
2026-01-20 08:04:12 | WARNING  | [lf.day.no_flights] No direct flights on 03FEB
2026-01-20 08:04:12 | INFO     | [SUCCESS] Day 03FEB
2026-01-20 08:04:12 | INFO     | [DAY_START] Processing 02FEB
2026-01-20 08:04:12 | INFO     | [lf.day.start] Processing AJF-ATZ for 02FEB
2026-01-20 08:04:13 | WARNING  | [lf.day.no_flights] No direct flights on 02FEB
2026-01-20 08:04:13 | INFO     | [SUCCESS] Day 02FEB
2026-01-20 08:04:13 | INFO     | [DAY_START] Processing 01FEB
2026-01-20 08:04:13 | INFO     | [lf.day.start] Processing AJF-ATZ for 01FEB
2026-01-20 08:04:14 | WARNING  | [lf.day.no_flights] No direct flights on 01FEB
2026-01-20 08:04:15 | INFO     | [SUCCESS] Day 01FEB
2026-01-20 08:04:15 | INFO     | [DAY_START] Processing 31JAN
2026-01-20 08:04:15 | INFO     | [lf.day.start] Processing AJF-ATZ for 31JAN
2026-01-20 08:04:16 | WARNING  | [lf.day.no_flights] No direct flights on 31JAN
2026-01-20 08:04:16 | INFO     | [SUCCESS] Day 31JAN
2026-01-20 08:04:16 | INFO     | [DAY_START] Processing 30JAN
2026-01-20 08:04:16 | INFO     | [lf.day.start] Processing AJF-ATZ for 30JAN
2026-01-20 08:04:17 | INFO     | [lf.day.flights_found] Found 1 flights on 30JAN
2026-01-20 08:04:19 | INFO     | [lf.flight.extracted] SM324 on 30JAN: BKG=144, LF=82.3%
2026-01-20 08:04:25 | INFO     | [SUCCESS] Day 30JAN
2026-01-20 08:04:25 | INFO     | [DAY_START] Processing 29JAN
2026-01-20 08:04:25 | INFO     | [lf.day.start] Processing AJF-ATZ for 29JAN
2026-01-20 08:04:26 | WARNING  | [lf.day.no_flights] No direct flights on 29JAN
2026-01-20 08:04:27 | INFO     | [SUCCESS] Day 29JAN
2026-01-20 08:04:27 | INFO     | [DAY_START] Processing 28JAN
2026-01-20 08:04:27 | INFO     | [lf.day.start] Processing AJF-ATZ for 28JAN
2026-01-20 08:04:28 | WARNING  | [lf.day.no_flights] No direct flights on 28JAN
2026-01-20 08:04:28 | INFO     | [SUCCESS] Day 28JAN
2026-01-20 08:04:28 | INFO     | [SUCCESS] LF Search Complete
2026-01-20 08:04:30 | INFO     | [Worker_9232] Completed: AJF-ATZ - 8 results, 0 errors
2026-01-20 08:04:30 | INFO     | [Worker_9232] Processing: AHB-CAI
2026-01-20 08:04:30 | INFO     |   Tier 0: Range 1, Chunk 3/4 (8 days)
