2026-01-20 07:35:36 | INFO     | ======================================================================
2026-01-20 07:35:36 | INFO     | Load Factor Scraper Started - Route: ASW-JED
2026-01-20 07:35:36 | INFO     | Log file: D:\CODERED\LAB\Artifacts\outputs\run_generated_200126_at_06.58\logs\LF_ASW-JED_20260120_073536.log
2026-01-20 07:35:36 | INFO     | Enhanced logging: Capturing both logging.info() and print()
2026-01-20 07:35:36 | INFO     | ======================================================================
2026-01-20 07:35:36 | INFO     | Starting LF search for route: ASW-JED
2026-01-20 07:35:36 | INFO     | [START] LF Search
2026-01-20 07:35:39 | INFO     | [HEALTH CHECK] [OK] Chrome connection is healthy
2026-01-20 07:35:39 | INFO     | [DAY_START] Processing 26MAR
2026-01-20 07:35:39 | INFO     | [lf.day.start] Processing ASW-JED for 26MAR
2026-01-20 07:35:41 | INFO     | [lf.day.flights_found] Found 1 flights on 26MAR
2026-01-20 07:35:43 | INFO     | [lf.flight.extracted] SM949 on 26MAR: BKG=0, LF=0.0%
2026-01-20 07:35:45 | INFO     | [SUCCESS] Day 26MAR
2026-01-20 07:35:45 | INFO     | [DAY_START] Processing 25MAR
2026-01-20 07:35:45 | INFO     | [lf.day.start] Processing ASW-JED for 25MAR
2026-01-20 07:35:47 | INFO     | [lf.day.flights_found] Found 1 flights on 25MAR
2026-01-20 07:35:49 | INFO     | [lf.flight.extracted] SM425 on 25MAR: BKG=0, LF=0.0%
2026-01-20 07:35:51 | INFO     | [SUCCESS] Day 25MAR
2026-01-20 07:35:51 | INFO     | [DAY_START] Processing 24MAR
2026-01-20 07:35:51 | INFO     | [lf.day.start] Processing ASW-JED for 24MAR
2026-01-20 07:35:52 | WARNING  | [lf.day.no_flights] No direct flights on 24MAR
2026-01-20 07:35:52 | INFO     | [SUCCESS] Day 24MAR
2026-01-20 07:35:52 | INFO     | [DAY_START] Processing 23MAR
2026-01-20 07:35:52 | INFO     | [lf.day.start] Processing ASW-JED for 23MAR
2026-01-20 07:35:53 | WARNING  | [lf.day.no_flights] No direct flights on 23MAR
2026-01-20 07:35:54 | INFO     | [SUCCESS] Day 23MAR
2026-01-20 07:35:54 | INFO     | [DAY_START] Processing 22MAR
2026-01-20 07:35:54 | INFO     | [lf.day.start] Processing ASW-JED for 22MAR
2026-01-20 07:35:56 | WARNING  | [lf.day.no_flights] No direct flights on 22MAR
2026-01-20 07:35:56 | INFO     | [SUCCESS] Day 22MAR
2026-01-20 07:35:56 | INFO     | [DAY_START] Processing 21MAR
2026-01-20 07:35:56 | INFO     | [lf.day.start] Processing ASW-JED for 21MAR
2026-01-20 07:35:58 | WARNING  | [lf.day.no_flights] No direct flights on 21MAR
2026-01-20 07:35:58 | INFO     | [SUCCESS] Day 21MAR
2026-01-20 07:35:58 | INFO     | [DAY_START] Processing 20MAR
2026-01-20 07:35:58 | INFO     | [lf.day.start] Processing ASW-JED for 20MAR
2026-01-20 07:35:59 | WARNING  | [lf.day.no_flights] No direct flights on 20MAR
2026-01-20 07:35:59 | INFO     | [SUCCESS] Day 20MAR
2026-01-20 07:35:59 | INFO     | [DAY_START] Processing 19MAR
2026-01-20 07:35:59 | INFO     | [lf.day.start] Processing ASW-JED for 19MAR
2026-01-20 07:36:01 | WARNING  | [lf.day.no_flights] No direct flights on 19MAR
2026-01-20 07:36:01 | INFO     | [SUCCESS] Day 19MAR
2026-01-20 07:36:01 | INFO     | [DAY_START] Processing 18MAR
2026-01-20 07:36:01 | INFO     | [lf.day.start] Processing ASW-JED for 18MAR
2026-01-20 07:36:02 | WARNING  | [lf.day.no_flights] No direct flights on 18MAR
2026-01-20 07:36:02 | INFO     | [SUCCESS] Day 18MAR
2026-01-20 07:36:02 | INFO     | [SUCCESS] LF Search Complete
2026-01-20 07:36:04 | INFO     | [Worker_9233] Completed: ASW-JED - 9 results, 0 errors
2026-01-20 07:36:04 | INFO     | [Worker_9233] Processing: ATZ-DMM
2026-01-20 07:36:04 | INFO     |   Tier 0: Range 2, Chunk 1/4 (9 days)
