2026-01-20 07:10:05 | INFO     | ======================================================================
2026-01-20 07:10:05 | INFO     | Load Factor Scraper Started - Route: AHB-ATZ
2026-01-20 07:10:05 | INFO     | Log file: D:\CODERED\LAB\Artifacts\outputs\run_generated_200126_at_06.58\logs\LF_AHB-ATZ_20260120_071005.log
2026-01-20 07:10:05 | INFO     | Enhanced logging: Capturing both logging.info() and print()
2026-01-20 07:10:05 | INFO     | ======================================================================
2026-01-20 07:10:05 | INFO     | Starting LF search for route: AHB-ATZ
2026-01-20 07:10:05 | INFO     | [START] LF Search
2026-01-20 07:10:09 | INFO     | [HEALTH CHECK] [OK] Chrome connection is healthy
2026-01-20 07:10:09 | INFO     | [DAY_START] Processing 06MAY
2026-01-20 07:10:09 | INFO     | [lf.day.start] Processing AHB-ATZ for 06MAY
2026-01-20 07:10:11 | WARNING  | [lf.day.no_flights] No direct flights on 06MAY
2026-01-20 07:10:11 | INFO     | [SUCCESS] Day 06MAY
2026-01-20 07:10:11 | INFO     | [DAY_START] Processing 05MAY
2026-01-20 07:10:11 | INFO     | [lf.day.start] Processing AHB-ATZ for 05MAY
2026-01-20 07:10:13 | WARNING  | [lf.day.no_flights] No direct flights on 05MAY
2026-01-20 07:10:13 | INFO     | [SUCCESS] Day 05MAY
2026-01-20 07:10:13 | INFO     | [DAY_START] Processing 04MAY
2026-01-20 07:10:13 | INFO     | [lf.day.start] Processing AHB-ATZ for 04MAY
2026-01-20 07:10:16 | WARNING  | [lf.day.no_flights] No direct flights on 04MAY
2026-01-20 07:10:16 | INFO     | [SUCCESS] Day 04MAY
2026-01-20 07:10:16 | INFO     | [DAY_START] Processing 03MAY
2026-01-20 07:10:16 | INFO     | [lf.day.start] Processing AHB-ATZ for 03MAY
2026-01-20 07:10:19 | WARNING  | [lf.day.no_flights] No direct flights on 03MAY
2026-01-20 07:10:19 | INFO     | [SUCCESS] Day 03MAY
2026-01-20 07:10:19 | INFO     | [DAY_START] Processing 02MAY
2026-01-20 07:10:19 | INFO     | [lf.day.start] Processing AHB-ATZ for 02MAY
2026-01-20 07:10:20 | WARNING  | [lf.day.no_flights] No direct flights on 02MAY
2026-01-20 07:10:20 | INFO     | [SUCCESS] Day 02MAY
2026-01-20 07:10:20 | INFO     | [DAY_START] Processing 01MAY
2026-01-20 07:10:20 | INFO     | [lf.day.start] Processing AHB-ATZ for 01MAY
2026-01-20 07:10:22 | WARNING  | [lf.day.no_flights] No direct flights on 01MAY
2026-01-20 07:10:22 | INFO     | [SUCCESS] Day 01MAY
2026-01-20 07:10:22 | INFO     | [DAY_START] Processing 30APR
2026-01-20 07:10:22 | INFO     | [lf.day.start] Processing AHB-ATZ for 30APR
2026-01-20 07:10:24 | WARNING  | [lf.day.no_flights] No direct flights on 30APR
2026-01-20 07:10:24 | INFO     | [SUCCESS] Day 30APR
2026-01-20 07:10:24 | INFO     | [DAY_START] Processing 29APR
2026-01-20 07:10:24 | INFO     | [lf.day.start] Processing AHB-ATZ for 29APR
2026-01-20 07:10:25 | WARNING  | [lf.day.no_flights] No direct flights on 29APR
2026-01-20 07:10:25 | INFO     | [SUCCESS] Day 29APR
2026-01-20 07:10:25 | INFO     | [SUCCESS] LF Search Complete
2026-01-20 07:10:27 | INFO     | [Worker_9227] Completed: AHB-ATZ - 8 results, 0 errors
2026-01-20 07:10:27 | INFO     | [Worker_9227] Processing: HBE-MED
2026-01-20 07:10:27 | INFO     |   Tier 0: Range 4, Chunk 4/4 (8 days)
