2026-01-20 07:50:28 | INFO     | ======================================================================
2026-01-20 07:50:28 | INFO     | Load Factor Scraper Started - Route: ATZ-RUH
2026-01-20 07:50:28 | INFO     | Log file: D:\CODERED\LAB\Artifacts\outputs\run_generated_200126_at_06.58\logs\LF_ATZ-RUH_20260120_075028.log
2026-01-20 07:50:28 | INFO     | Enhanced logging: Capturing both logging.info() and print()
2026-01-20 07:50:28 | INFO     | ======================================================================
2026-01-20 07:50:28 | INFO     | Starting LF search for route: ATZ-RUH
2026-01-20 07:50:28 | INFO     | [START] LF Search
2026-01-20 07:50:29 | INFO     | [HEALTH CHECK] [OK] Chrome connection is healthy
2026-01-20 07:50:29 | INFO     | [DAY_START] Processing 01MAR
2026-01-20 07:50:29 | INFO     | [lf.day.start] Processing ATZ-RUH for 01MAR
2026-01-20 07:50:30 | INFO     | [lf.day.flights_found] Found 1 flights on 01MAR
2026-01-20 07:50:32 | INFO     | [lf.flight.extracted] SM463 on 01MAR: BKG=10, LF=5.6%
2026-01-20 07:50:35 | INFO     | [SUCCESS] Day 01MAR
2026-01-20 07:50:35 | INFO     | [DAY_START] Processing 28FEB
2026-01-20 07:50:35 | INFO     | [lf.day.start] Processing ATZ-RUH for 28FEB
2026-01-20 07:50:36 | WARNING  | [lf.day.no_flights] No direct flights on 28FEB
2026-01-20 07:50:36 | INFO     | [SUCCESS] Day 28FEB
2026-01-20 07:50:36 | INFO     | [DAY_START] Processing 27FEB
2026-01-20 07:50:36 | INFO     | [lf.day.start] Processing ATZ-RUH for 27FEB
2026-01-20 07:50:37 | WARNING  | [lf.day.no_flights] No direct flights on 27FEB
2026-01-20 07:50:38 | INFO     | [SUCCESS] Day 27FEB
2026-01-20 07:50:38 | INFO     | [DAY_START] Processing 26FEB
2026-01-20 07:50:38 | INFO     | [lf.day.start] Processing ATZ-RUH for 26FEB
2026-01-20 07:50:39 | WARNING  | [lf.day.no_flights] No direct flights on 26FEB
2026-01-20 07:50:39 | INFO     | [SUCCESS] Day 26FEB
2026-01-20 07:50:39 | INFO     | [DAY_START] Processing 25FEB
2026-01-20 07:50:39 | INFO     | [lf.day.start] Processing ATZ-RUH for 25FEB
2026-01-20 07:50:40 | INFO     | [lf.day.flights_found] Found 1 flights on 25FEB
2026-01-20 07:50:42 | INFO     | [lf.flight.extracted] SM465 on 25FEB: BKG=6, LF=3.4%
2026-01-20 07:50:45 | INFO     | [SUCCESS] Day 25FEB
2026-01-20 07:50:45 | INFO     | [DAY_START] Processing 24FEB
2026-01-20 07:50:45 | INFO     | [lf.day.start] Processing ATZ-RUH for 24FEB
2026-01-20 07:50:46 | INFO     | [lf.day.flights_found] Found 1 flights on 24FEB
2026-01-20 07:50:48 | INFO     | [lf.flight.extracted] SM463 on 24FEB: BKG=6, LF=3.4%
2026-01-20 07:50:51 | INFO     | [SUCCESS] Day 24FEB
2026-01-20 07:50:51 | INFO     | [DAY_START] Processing 23FEB
2026-01-20 07:50:51 | INFO     | [lf.day.start] Processing ATZ-RUH for 23FEB
2026-01-20 07:50:52 | WARNING  | [lf.day.no_flights] No direct flights on 23FEB
2026-01-20 07:50:52 | INFO     | [SUCCESS] Day 23FEB
2026-01-20 07:50:52 | INFO     | [DAY_START] Processing 22FEB
2026-01-20 07:50:52 | INFO     | [lf.day.start] Processing ATZ-RUH for 22FEB
2026-01-20 07:50:53 | INFO     | [lf.day.flights_found] Found 1 flights on 22FEB
2026-01-20 07:50:55 | INFO     | [lf.flight.extracted] SM463 on 22FEB: BKG=7, LF=3.9%
2026-01-20 07:50:58 | INFO     | [SUCCESS] Day 22FEB
2026-01-20 07:50:58 | INFO     | [SUCCESS] LF Search Complete
2026-01-20 07:51:00 | INFO     | [Worker_9225] Completed: ATZ-RUH - 8 results, 0 errors
2026-01-20 07:51:00 | INFO     | [Worker_9225] Processing: ATZ-TUU
2026-01-20 07:51:00 | INFO     |   Tier 0: Range 2, Chunk 4/4 (8 days)
