2026-01-20 07:07:48 | INFO     | ======================================================================
2026-01-20 07:07:48 | INFO     | Load Factor Scraper Started - Route: ATZ-RUH
2026-01-20 07:07:48 | INFO     | Log file: D:\CODERED\LAB\Artifacts\outputs\run_generated_200126_at_06.58\logs\LF_ATZ-RUH_20260120_070748.log
2026-01-20 07:07:48 | INFO     | Enhanced logging: Capturing both logging.info() and print()
2026-01-20 07:07:48 | INFO     | ======================================================================
2026-01-20 07:07:48 | INFO     | Starting LF search for route: ATZ-RUH
2026-01-20 07:07:48 | INFO     | [START] LF Search
2026-01-20 07:07:49 | INFO     | [HEALTH CHECK] [OK] Chrome connection is healthy
2026-01-20 07:07:49 | INFO     | [DAY_START] Processing 14MAY
2026-01-20 07:07:49 | INFO     | [lf.day.start] Processing ATZ-RUH for 14MAY
2026-01-20 07:07:50 | WARNING  | [lf.day.no_flights] No direct flights on 14MAY
2026-01-20 07:07:50 | INFO     | [SUCCESS] Day 14MAY
2026-01-20 07:07:50 | INFO     | [DAY_START] Processing 13MAY
2026-01-20 07:07:50 | INFO     | [lf.day.start] Processing ATZ-RUH for 13MAY
2026-01-20 07:07:51 | INFO     | [lf.day.flights_found] Found 1 flights on 13MAY
2026-01-20 07:07:54 | INFO     | [lf.flight.extracted] SM465 on 13MAY: BKG=3, LF=1.7%
2026-01-20 07:07:56 | INFO     | [SUCCESS] Day 13MAY
2026-01-20 07:07:56 | INFO     | [DAY_START] Processing 12MAY
2026-01-20 07:07:56 | INFO     | [lf.day.start] Processing ATZ-RUH for 12MAY
2026-01-20 07:07:58 | WARNING  | [lf.day.no_flights] No direct flights on 12MAY
2026-01-20 07:07:58 | INFO     | [SUCCESS] Day 12MAY
2026-01-20 07:07:58 | INFO     | [DAY_START] Processing 11MAY
2026-01-20 07:07:58 | INFO     | [lf.day.start] Processing ATZ-RUH for 11MAY
2026-01-20 07:07:59 | WARNING  | [lf.day.no_flights] No direct flights on 11MAY
2026-01-20 07:07:59 | INFO     | [SUCCESS] Day 11MAY
2026-01-20 07:07:59 | INFO     | [DAY_START] Processing 10MAY
2026-01-20 07:07:59 | INFO     | [lf.day.start] Processing ATZ-RUH for 10MAY
2026-01-20 07:08:00 | WARNING  | [lf.day.no_flights] No direct flights on 10MAY
2026-01-20 07:08:00 | INFO     | [SUCCESS] Day 10MAY
2026-01-20 07:08:00 | INFO     | [DAY_START] Processing 09MAY
2026-01-20 07:08:00 | INFO     | [lf.day.start] Processing ATZ-RUH for 09MAY
2026-01-20 07:08:01 | WARNING  | [lf.day.no_flights] No direct flights on 09MAY
2026-01-20 07:08:02 | INFO     | [SUCCESS] Day 09MAY
2026-01-20 07:08:02 | INFO     | [DAY_START] Processing 08MAY
2026-01-20 07:08:02 | INFO     | [lf.day.start] Processing ATZ-RUH for 08MAY
2026-01-20 07:08:03 | WARNING  | [lf.day.no_flights] No direct flights on 08MAY
2026-01-20 07:08:03 | INFO     | [SUCCESS] Day 08MAY
2026-01-20 07:08:03 | INFO     | [DAY_START] Processing 07MAY
2026-01-20 07:08:03 | INFO     | [lf.day.start] Processing ATZ-RUH for 07MAY
2026-01-20 07:08:04 | WARNING  | [lf.day.no_flights] No direct flights on 07MAY
2026-01-20 07:08:04 | INFO     | [SUCCESS] Day 07MAY
2026-01-20 07:08:04 | INFO     | [SUCCESS] LF Search Complete
2026-01-20 07:08:06 | INFO     | [Worker_9225] Completed: ATZ-RUH - 8 results, 0 errors
2026-01-20 07:08:06 | INFO     | [Worker_9225] Processing: CAI-AJF
2026-01-20 07:08:06 | INFO     |   Tier 0: Range 4, Chunk 3/4 (8 days)
