2026-01-20 07:27:16 | INFO     | ======================================================================
2026-01-20 07:27:16 | INFO     | Load Factor Scraper Started - Route: AJF-ATZ
2026-01-20 07:27:16 | INFO     | Log file: D:\CODERED\LAB\Artifacts\outputs\run_generated_200126_at_06.58\logs\LF_AJF-ATZ_20260120_072716.log
2026-01-20 07:27:16 | INFO     | Enhanced logging: Capturing both logging.info() and print()
2026-01-20 07:27:16 | INFO     | ======================================================================
2026-01-20 07:27:16 | INFO     | Starting LF search for route: AJF-ATZ
2026-01-20 07:27:16 | INFO     | [START] LF Search
2026-01-20 07:27:21 | INFO     | [HEALTH CHECK] [OK] Chrome connection is healthy
2026-01-20 07:27:21 | INFO     | [DAY_START] Processing 03APR
2026-01-20 07:27:21 | INFO     | [lf.day.start] Processing AJF-ATZ for 03APR
2026-01-20 07:27:23 | WARNING  | [lf.day.no_flights] No direct flights on 03APR
2026-01-20 07:27:23 | INFO     | [SUCCESS] Day 03APR
2026-01-20 07:27:23 | INFO     | [DAY_START] Processing 02APR
2026-01-20 07:27:23 | INFO     | [lf.day.start] Processing AJF-ATZ for 02APR
2026-01-20 07:27:26 | WARNING  | [lf.day.no_flights] No direct flights on 02APR
2026-01-20 07:27:26 | INFO     | [SUCCESS] Day 02APR
2026-01-20 07:27:26 | INFO     | [DAY_START] Processing 01APR
2026-01-20 07:27:26 | INFO     | [lf.day.start] Processing AJF-ATZ for 01APR
2026-01-20 07:27:29 | WARNING  | [lf.day.no_flights] No direct flights on 01APR
2026-01-20 07:27:29 | INFO     | [SUCCESS] Day 01APR
2026-01-20 07:27:29 | INFO     | [DAY_START] Processing 31MAR
2026-01-20 07:27:29 | INFO     | [lf.day.start] Processing AJF-ATZ for 31MAR
2026-01-20 07:27:32 | WARNING  | [lf.day.no_flights] No direct flights on 31MAR
2026-01-20 07:27:32 | INFO     | [SUCCESS] Day 31MAR
2026-01-20 07:27:32 | INFO     | [DAY_START] Processing 30MAR
2026-01-20 07:27:32 | INFO     | [lf.day.start] Processing AJF-ATZ for 30MAR
2026-01-20 07:27:36 | WARNING  | [lf.day.no_flights] No direct flights on 30MAR
2026-01-20 07:27:36 | INFO     | [SUCCESS] Day 30MAR
2026-01-20 07:27:36 | INFO     | [DAY_START] Processing 29MAR
2026-01-20 07:27:36 | INFO     | [lf.day.start] Processing AJF-ATZ for 29MAR
2026-01-20 07:27:38 | WARNING  | [lf.day.no_flights] No direct flights on 29MAR
2026-01-20 07:27:39 | INFO     | [SUCCESS] Day 29MAR
2026-01-20 07:27:39 | INFO     | [DAY_START] Processing 28MAR
2026-01-20 07:27:39 | INFO     | [lf.day.start] Processing AJF-ATZ for 28MAR
2026-01-20 07:27:41 | WARNING  | [lf.day.no_flights] No direct flights on 28MAR
2026-01-20 07:27:41 | INFO     | [SUCCESS] Day 28MAR
2026-01-20 07:27:41 | INFO     | [DAY_START] Processing 27MAR
2026-01-20 07:27:41 | INFO     | [lf.day.start] Processing AJF-ATZ for 27MAR
2026-01-20 07:27:44 | INFO     | [lf.day.flights_found] Found 1 flights on 27MAR
2026-01-20 07:27:49 | INFO     | [lf.flight.extracted] SM324 on 27MAR: BKG=0, LF=0.0%
2026-01-20 07:27:51 | INFO     | [SUCCESS] Day 27MAR
2026-01-20 07:27:51 | INFO     | [SUCCESS] LF Search Complete
2026-01-20 07:27:54 | INFO     | [Worker_9227] Completed: AJF-ATZ - 8 results, 0 errors
2026-01-20 07:27:54 | INFO     | [Worker_9227] Processing: AHB-ATZ
2026-01-20 07:27:54 | INFO     |   Tier 0: Range 3, Chunk 4/4 (8 days)
