2026-01-20 07:45:09 | INFO     | ======================================================================
2026-01-20 07:45:09 | INFO     | Load Factor Scraper Started - Route: ATZ-MED
2026-01-20 07:45:09 | INFO     | Log file: D:\CODERED\LAB\Artifacts\outputs\run_generated_200126_at_06.58\logs\LF_ATZ-MED_20260120_074509.log
2026-01-20 07:45:09 | INFO     | Enhanced logging: Capturing both logging.info() and print()
2026-01-20 07:45:09 | INFO     | ======================================================================
2026-01-20 07:45:09 | INFO     | Starting LF search for route: ATZ-MED
2026-01-20 07:45:09 | INFO     | [START] LF Search
2026-01-20 07:45:12 | INFO     | [HEALTH CHECK] [OK] Chrome connection is healthy
2026-01-20 07:45:13 | INFO     | [DAY_START] Processing 09MAR
2026-01-20 07:45:13 | INFO     | [lf.day.start] Processing ATZ-MED for 09MAR
2026-01-20 07:45:15 | INFO     | [lf.day.flights_found] Found 1 flights on 09MAR
2026-01-20 07:45:18 | INFO     | [lf.flight.extracted] SM487 on 09MAR: BKG=0, LF=0.0%
2026-01-20 07:45:20 | INFO     | [SUCCESS] Day 09MAR
2026-01-20 07:45:20 | INFO     | [DAY_START] Processing 08MAR
2026-01-20 07:45:20 | INFO     | [lf.day.start] Processing ATZ-MED for 08MAR
2026-01-20 07:45:21 | WARNING  | [lf.day.no_flights] No direct flights on 08MAR
2026-01-20 07:45:21 | INFO     | [SUCCESS] Day 08MAR
2026-01-20 07:45:21 | INFO     | [DAY_START] Processing 07MAR
2026-01-20 07:45:21 | INFO     | [lf.day.start] Processing ATZ-MED for 07MAR
2026-01-20 07:45:23 | INFO     | [lf.day.flights_found] Found 1 flights on 07MAR
2026-01-20 07:45:25 | INFO     | [lf.flight.extracted] SM487 on 07MAR: BKG=7, LF=3.9%
2026-01-20 07:45:29 | ERROR    | Atomic write failed for D:\CODERED\LAB\Artifacts\outputs\run_generated_200126_at_06.58\checkpoints\flight_booking_data.json: [WinError 5] Access is denied: 'D:\\CODERED\\LAB\\Artifacts\\outputs\\run_generated_200126_at_06.58\\checkpoints\\flight_booking_data.tmp_83339dec' -> 'D:\\CODERED\\LAB\\Artifacts\\outputs\\run_generated_200126_at_06.58\\checkpoints\\flight_booking_data.json'
2026-01-20 07:45:29 | INFO     | [SUCCESS] Day 07MAR
2026-01-20 07:45:29 | INFO     | [DAY_START] Processing 06MAR
2026-01-20 07:45:29 | INFO     | [lf.day.start] Processing ATZ-MED for 06MAR
2026-01-20 07:45:31 | WARNING  | [lf.day.no_flights] No direct flights on 06MAR
2026-01-20 07:45:31 | INFO     | [SUCCESS] Day 06MAR
2026-01-20 07:45:31 | INFO     | [DAY_START] Processing 05MAR
2026-01-20 07:45:31 | INFO     | [lf.day.start] Processing ATZ-MED for 05MAR
2026-01-20 07:45:32 | WARNING  | [lf.day.no_flights] No direct flights on 05MAR
2026-01-20 07:45:32 | INFO     | [SUCCESS] Day 05MAR
2026-01-20 07:45:32 | INFO     | [DAY_START] Processing 04MAR
2026-01-20 07:45:32 | INFO     | [lf.day.start] Processing ATZ-MED for 04MAR
2026-01-20 07:45:34 | INFO     | [lf.day.flights_found] Found 1 flights on 04MAR
2026-01-20 07:45:37 | INFO     | [lf.flight.extracted] SM489 on 04MAR: BKG=49, LF=27.4%
2026-01-20 07:45:40 | INFO     | [SUCCESS] Day 04MAR
2026-01-20 07:45:40 | INFO     | [DAY_START] Processing 03MAR
2026-01-20 07:45:40 | INFO     | [lf.day.start] Processing ATZ-MED for 03MAR
2026-01-20 07:45:42 | INFO     | [lf.day.flights_found] Found 1 flights on 03MAR
2026-01-20 07:45:44 | INFO     | [lf.flight.extracted] SM487 on 03MAR: BKG=48, LF=26.8%
2026-01-20 07:45:47 | INFO     | [SUCCESS] Day 03MAR
2026-01-20 07:45:47 | INFO     | [DAY_START] Processing 02MAR
2026-01-20 07:45:47 | INFO     | [lf.day.start] Processing ATZ-MED for 02MAR
2026-01-20 07:45:48 | INFO     | [lf.day.flights_found] Found 1 flights on 02MAR
2026-01-20 07:45:50 | INFO     | [lf.flight.extracted] SM487 on 02MAR: BKG=1, LF=0.6%
2026-01-20 07:45:52 | INFO     | [SUCCESS] Day 02MAR
2026-01-20 07:45:52 | INFO     | [SUCCESS] LF Search Complete
2026-01-20 07:45:54 | INFO     | [Worker_9234] Completed: ATZ-MED - 8 results, 0 errors
2026-01-20 07:45:54 | INFO     | [Worker_9234] Processing: CAI-RUH
2026-01-20 07:45:54 | INFO     |   Tier 0: Range 2, Chunk 3/4 (8 days)
