2026-01-20 07:11:00 | INFO     | ======================================================================
2026-01-20 07:11:00 | INFO     | Load Factor Scraper Started - Route: CAI-DMM
2026-01-20 07:11:00 | INFO     | Log file: D:\CODERED\LAB\Artifacts\outputs\run_generated_200126_at_06.58\logs\LF_CAI-DMM_20260120_071100.log
2026-01-20 07:11:00 | INFO     | Enhanced logging: Capturing both logging.info() and print()
2026-01-20 07:11:00 | INFO     | ======================================================================
2026-01-20 07:11:00 | INFO     | Starting LF search for route: CAI-DMM
2026-01-20 07:11:00 | INFO     | [START] LF Search
2026-01-20 07:11:03 | INFO     | [HEALTH CHECK] [OK] Chrome connection is healthy
2026-01-20 07:11:03 | INFO     | [DAY_START] Processing 06MAY
2026-01-20 07:11:03 | INFO     | [lf.day.start] Processing CAI-DMM for 06MAY
2026-01-20 07:11:05 | INFO     | [lf.day.flights_found] Found 1 flights on 06MAY
2026-01-20 07:11:09 | INFO     | [lf.flight.extracted] SM433 on 06MAY: BKG=0, LF=0.0%
2026-01-20 07:11:12 | INFO     | [SUCCESS] Day 06MAY
2026-01-20 07:11:12 | INFO     | [DAY_START] Processing 05MAY
2026-01-20 07:11:12 | INFO     | [lf.day.start] Processing CAI-DMM for 05MAY
2026-01-20 07:11:14 | INFO     | [lf.day.flights_found] Found 1 flights on 05MAY
2026-01-20 07:11:18 | INFO     | [lf.flight.extracted] SM433 on 05MAY: BKG=2, LF=1.1%
2026-01-20 07:11:22 | INFO     | [SUCCESS] Day 05MAY
2026-01-20 07:11:22 | INFO     | [DAY_START] Processing 04MAY
2026-01-20 07:11:22 | INFO     | [lf.day.start] Processing CAI-DMM for 04MAY
2026-01-20 07:11:24 | INFO     | [lf.day.flights_found] Found 1 flights on 04MAY
2026-01-20 07:11:28 | INFO     | [lf.flight.extracted] SM433 on 04MAY: BKG=1, LF=0.6%
2026-01-20 07:11:31 | INFO     | [SUCCESS] Day 04MAY
2026-01-20 07:11:31 | INFO     | [DAY_START] Processing 03MAY
2026-01-20 07:11:31 | INFO     | [lf.day.start] Processing CAI-DMM for 03MAY
2026-01-20 07:11:32 | INFO     | [lf.day.flights_found] Found 1 flights on 03MAY
2026-01-20 07:11:34 | INFO     | [lf.flight.extracted] SM439 on 03MAY: BKG=1, LF=0.6%
2026-01-20 07:11:38 | INFO     | [SUCCESS] Day 03MAY
2026-01-20 07:11:38 | INFO     | [DAY_START] Processing 02MAY
2026-01-20 07:11:38 | INFO     | [lf.day.start] Processing CAI-DMM for 02MAY
2026-01-20 07:11:40 | INFO     | [lf.day.flights_found] Found 1 flights on 02MAY
2026-01-20 07:11:43 | INFO     | [lf.flight.extracted] SM433 on 02MAY: BKG=7, LF=3.9%
2026-01-20 07:11:46 | INFO     | [SUCCESS] Day 02MAY
2026-01-20 07:11:46 | INFO     | [DAY_START] Processing 01MAY
2026-01-20 07:11:46 | INFO     | [lf.day.start] Processing CAI-DMM for 01MAY
2026-01-20 07:11:47 | INFO     | [lf.day.flights_found] Found 1 flights on 01MAY
2026-01-20 07:11:49 | INFO     | [lf.flight.extracted] SM439 on 01MAY: BKG=8, LF=4.5%
2026-01-20 07:11:52 | INFO     | [SUCCESS] Day 01MAY
2026-01-20 07:11:52 | INFO     | [DAY_START] Processing 30APR
2026-01-20 07:11:52 | INFO     | [lf.day.start] Processing CAI-DMM for 30APR
2026-01-20 07:11:53 | INFO     | [lf.day.flights_found] Found 1 flights on 30APR
2026-01-20 07:11:55 | INFO     | [lf.flight.extracted] SM433 on 30APR: BKG=11, LF=6.2%
2026-01-20 07:11:58 | INFO     | [SUCCESS] Day 30APR
2026-01-20 07:11:58 | INFO     | [DAY_START] Processing 29APR
2026-01-20 07:11:58 | INFO     | [lf.day.start] Processing CAI-DMM for 29APR
2026-01-20 07:11:59 | INFO     | [lf.day.flights_found] Found 1 flights on 29APR
2026-01-20 07:12:01 | INFO     | [lf.flight.extracted] SM433 on 29APR: BKG=3, LF=1.7%
2026-01-20 07:12:04 | INFO     | [SUCCESS] Day 29APR
2026-01-20 07:12:04 | INFO     | [SUCCESS] LF Search Complete
2026-01-20 07:12:06 | INFO     | [Worker_9225] Completed: CAI-DMM - 8 results, 0 errors
2026-01-20 07:12:06 | INFO     | [Worker_9225] Processing: MED-HBE
2026-01-20 07:12:06 | INFO     |   Tier 0: Range 3, Chunk 1/4 (9 days)
