2026-01-20 07:40:31 | INFO     | ======================================================================
2026-01-20 07:40:31 | INFO     | Load Factor Scraper Started - Route: CAI-JED
2026-01-20 07:40:31 | INFO     | Log file: D:\CODERED\LAB\Artifacts\outputs\run_generated_200126_at_06.58\logs\LF_CAI-JED_20260120_074031.log
2026-01-20 07:40:31 | INFO     | Enhanced logging: Capturing both logging.info() and print()
2026-01-20 07:40:31 | INFO     | ======================================================================
2026-01-20 07:40:31 | INFO     | Starting LF search for route: CAI-JED
2026-01-20 07:40:31 | INFO     | [START] LF Search
2026-01-20 07:40:32 | INFO     | [HEALTH CHECK] [OK] Chrome connection is healthy
2026-01-20 07:40:32 | INFO     | [DAY_START] Processing 17MAR
2026-01-20 07:40:32 | INFO     | [lf.day.start] Processing CAI-JED for 17MAR
2026-01-20 07:40:33 | INFO     | [lf.day.flights_found] Found 6 flights on 17MAR
2026-01-20 07:40:35 | INFO     | [lf.flight.extracted] SM471 on 17MAR: BKG=0, LF=0.0%
2026-01-20 07:40:39 | INFO     | [lf.flight.extracted] SM479 on 17MAR: BKG=0, LF=0.0%
2026-01-20 07:40:42 | INFO     | [lf.flight.extracted] SM477 on 17MAR: BKG=0, LF=0.0%
2026-01-20 07:40:45 | INFO     | [lf.flight.extracted] SM459 on 17MAR: BKG=0, LF=0.0%
2026-01-20 07:40:49 | INFO     | [lf.flight.extracted] SM475 on 17MAR: BKG=0, LF=0.0%
2026-01-20 07:40:52 | INFO     | [lf.flight.extracted] SM973 on 17MAR: BKG=0, LF=0.0%
2026-01-20 07:40:53 | INFO     | [SUCCESS] Day 17MAR
2026-01-20 07:40:53 | INFO     | [DAY_START] Processing 16MAR
2026-01-20 07:40:53 | INFO     | [lf.day.start] Processing CAI-JED for 16MAR
2026-01-20 07:40:54 | INFO     | [lf.day.flights_found] Found 2 flights on 16MAR
2026-01-20 07:40:57 | INFO     | [lf.flight.extracted] SM475 on 16MAR: BKG=0, LF=0.0%
2026-01-20 07:41:00 | INFO     | [lf.flight.extracted] SM477 on 16MAR: BKG=2, LF=1.1%
2026-01-20 07:41:03 | INFO     | [SUCCESS] Day 16MAR
2026-01-20 07:41:03 | INFO     | [DAY_START] Processing 15MAR
2026-01-20 07:41:03 | INFO     | [lf.day.start] Processing CAI-JED for 15MAR
2026-01-20 07:41:04 | INFO     | [lf.day.flights_found] Found 4 flights on 15MAR
2026-01-20 07:41:06 | INFO     | [lf.flight.extracted] SM475 on 15MAR: BKG=0, LF=0.0%
2026-01-20 07:41:09 | INFO     | [lf.flight.extracted] SM431 on 15MAR: BKG=0, LF=0.0%
2026-01-20 07:41:12 | INFO     | [lf.flight.extracted] SM459 on 15MAR: BKG=0, LF=0.0%
2026-01-20 07:41:15 | INFO     | [lf.flight.extracted] SM479 on 15MAR: BKG=0, LF=0.0%
2026-01-20 07:41:17 | INFO     | [SUCCESS] Day 15MAR
2026-01-20 07:41:17 | INFO     | [DAY_START] Processing 14MAR
2026-01-20 07:41:17 | INFO     | [lf.day.start] Processing CAI-JED for 14MAR
2026-01-20 07:41:18 | INFO     | [lf.day.flights_found] Found 3 flights on 14MAR
2026-01-20 07:41:20 | INFO     | [lf.flight.extracted] SM449 on 14MAR: BKG=0, LF=0.0%
2026-01-20 07:41:23 | INFO     | [lf.flight.extracted] SM475 on 14MAR: BKG=0, LF=0.0%
2026-01-20 07:41:27 | INFO     | [lf.flight.extracted] SM423 on 14MAR: BKG=0, LF=0.0%
2026-01-20 07:41:28 | INFO     | [SUCCESS] Day 14MAR
2026-01-20 07:41:28 | INFO     | [DAY_START] Processing 13MAR
2026-01-20 07:41:28 | INFO     | [lf.day.start] Processing CAI-JED for 13MAR
2026-01-20 07:41:29 | INFO     | [lf.day.flights_found] Found 4 flights on 13MAR
2026-01-20 07:41:32 | INFO     | [lf.flight.extracted] SM475 on 13MAR: BKG=4, LF=2.2%
2026-01-20 07:41:35 | INFO     | [lf.flight.extracted] SM477 on 13MAR: BKG=0, LF=0.0%
2026-01-20 07:41:39 | INFO     | [lf.flight.extracted] SM479 on 13MAR: BKG=6, LF=3.4%
2026-01-20 07:41:43 | INFO     | [lf.flight.extracted] SM459 on 13MAR: BKG=1, LF=0.6%
2026-01-20 07:41:49 | INFO     | [SUCCESS] Day 13MAR
2026-01-20 07:41:49 | INFO     | [DAY_START] Processing 12MAR
2026-01-20 07:41:49 | INFO     | [lf.day.start] Processing CAI-JED for 12MAR
2026-01-20 07:41:51 | INFO     | [lf.day.flights_found] Found 5 flights on 12MAR
2026-01-20 07:41:53 | INFO     | [lf.flight.extracted] SM449 on 12MAR: BKG=1, LF=0.6%
2026-01-20 07:41:56 | INFO     | [lf.flight.extracted] SM475 on 12MAR: BKG=0, LF=0.0%
2026-01-20 07:42:01 | INFO     | [lf.flight.extracted] SM431 on 12MAR: BKG=0, LF=0.0%
2026-01-20 07:42:07 | INFO     | [lf.flight.extracted] SM477 on 12MAR: BKG=1, LF=0.6%
2026-01-20 07:42:12 | INFO     | [lf.flight.extracted] SM423 on 12MAR: BKG=50, LF=27.9%
2026-01-20 07:42:20 | INFO     | [SUCCESS] Day 12MAR
2026-01-20 07:42:20 | INFO     | [DAY_START] Processing 11MAR
2026-01-20 07:42:20 | INFO     | [lf.day.start] Processing CAI-JED for 11MAR
2026-01-20 07:42:22 | INFO     | [lf.day.flights_found] Found 5 flights on 11MAR
2026-01-20 07:42:26 | INFO     | [lf.flight.extracted] SM423 on 11MAR: BKG=2, LF=1.1%
2026-01-20 07:42:31 | INFO     | [lf.flight.extracted] SM475 on 11MAR: BKG=0, LF=0.0%
2026-01-20 07:42:36 | INFO     | [lf.flight.extracted] SM459 on 11MAR: BKG=0, LF=0.0%
2026-01-20 07:42:42 | INFO     | [lf.flight.extracted] SM477 on 11MAR: BKG=2, LF=1.1%
2026-01-20 07:42:47 | INFO     | [lf.flight.extracted] SM471 on 11MAR: BKG=0, LF=0.0%
2026-01-20 07:42:53 | ERROR    | Atomic write failed for D:\CODERED\LAB\Artifacts\outputs\run_generated_200126_at_06.58\checkpoints\flight_booking_data.json: [WinError 5] Access is denied: 'D:\\CODERED\\LAB\\Artifacts\\outputs\\run_generated_200126_at_06.58\\checkpoints\\flight_booking_data.tmp_6269fcbc' -> 'D:\\CODERED\\LAB\\Artifacts\\outputs\\run_generated_200126_at_06.58\\checkpoints\\flight_booking_data.json'
2026-01-20 07:42:53 | INFO     | [SUCCESS] Day 11MAR
2026-01-20 07:42:53 | INFO     | [DAY_START] Processing 10MAR
2026-01-20 07:42:53 | INFO     | [lf.day.start] Processing CAI-JED for 10MAR
2026-01-20 07:42:56 | INFO     | [lf.day.flights_found] Found 5 flights on 10MAR
2026-01-20 07:43:00 | INFO     | [lf.flight.extracted] SM471 on 10MAR: BKG=1, LF=0.6%
2026-01-20 07:43:06 | INFO     | [lf.flight.extracted] SM479 on 10MAR: BKG=0, LF=0.0%
2026-01-20 07:43:11 | INFO     | [lf.flight.extracted] SM477 on 10MAR: BKG=0, LF=0.0%
2026-01-20 07:43:15 | INFO     | [lf.flight.extracted] SM459 on 10MAR: BKG=0, LF=0.0%
2026-01-20 07:43:20 | INFO     | [lf.flight.extracted] SM475 on 10MAR: BKG=130, LF=72.6%
2026-01-20 07:43:26 | INFO     | [SUCCESS] Day 10MAR
2026-01-20 07:43:26 | INFO     | [SUCCESS] LF Search Complete
2026-01-20 07:43:28 | INFO     | [Worker_9234] Completed: CAI-JED - 8 results, 0 errors
2026-01-20 07:43:28 | INFO     | [Worker_9234] Processing: DMM-ATZ
2026-01-20 07:43:28 | INFO     |   Tier 0: Range 2, Chunk 3/4 (8 days)
