2026-01-20 07:04:49 | INFO     | ======================================================================
2026-01-20 07:04:49 | INFO     | Load Factor Scraper Started - Route: CAI-AJF
2026-01-20 07:04:49 | INFO     | Log file: D:\CODERED\LAB\Artifacts\outputs\run_generated_200126_at_06.58\logs\LF_CAI-AJF_20260120_070449.log
2026-01-20 07:04:49 | INFO     | Enhanced logging: Capturing both logging.info() and print()
2026-01-20 07:04:49 | INFO     | ======================================================================
2026-01-20 07:04:49 | INFO     | Starting LF search for route: CAI-AJF
2026-01-20 07:04:49 | INFO     | [START] LF Search
2026-01-20 07:04:52 | INFO     | [HEALTH CHECK] [OK] Chrome connection is healthy
2026-01-20 07:04:53 | INFO     | [DAY_START] Processing 22MAY
2026-01-20 07:04:53 | INFO     | [lf.day.start] Processing CAI-AJF for 22MAY
2026-01-20 07:04:55 | WARNING  | [lf.day.no_flights] No direct flights on 22MAY
2026-01-20 07:04:55 | INFO     | [SUCCESS] Day 22MAY
2026-01-20 07:04:55 | INFO     | [DAY_START] Processing 21MAY
2026-01-20 07:04:55 | INFO     | [lf.day.start] Processing CAI-AJF for 21MAY
2026-01-20 07:04:57 | INFO     | [lf.day.flights_found] Found 1 flights on 21MAY
2026-01-20 07:05:01 | INFO     | [lf.flight.extracted] SM321 on 21MAY: BKG=0, LF=0.0%
2026-01-20 07:05:02 | INFO     | [SUCCESS] Day 21MAY
2026-01-20 07:05:02 | INFO     | [DAY_START] Processing 20MAY
2026-01-20 07:05:02 | INFO     | [lf.day.start] Processing CAI-AJF for 20MAY
2026-01-20 07:05:04 | INFO     | [lf.day.flights_found] Found 1 flights on 20MAY
2026-01-20 07:05:07 | INFO     | [lf.flight.extracted] SM321 on 20MAY: BKG=0, LF=0.0%
2026-01-20 07:05:08 | INFO     | [SUCCESS] Day 20MAY
2026-01-20 07:05:08 | INFO     | [DAY_START] Processing 19MAY
2026-01-20 07:05:08 | INFO     | [lf.day.start] Processing CAI-AJF for 19MAY
2026-01-20 07:05:10 | WARNING  | [lf.day.no_flights] No direct flights on 19MAY
2026-01-20 07:05:10 | INFO     | [SUCCESS] Day 19MAY
2026-01-20 07:05:10 | INFO     | [DAY_START] Processing 18MAY
2026-01-20 07:05:10 | INFO     | [lf.day.start] Processing CAI-AJF for 18MAY
2026-01-20 07:05:11 | WARNING  | [lf.day.no_flights] No direct flights on 18MAY
2026-01-20 07:05:11 | INFO     | [SUCCESS] Day 18MAY
2026-01-20 07:05:11 | INFO     | [DAY_START] Processing 17MAY
2026-01-20 07:05:11 | INFO     | [lf.day.start] Processing CAI-AJF for 17MAY
2026-01-20 07:05:13 | WARNING  | [lf.day.no_flights] No direct flights on 17MAY
2026-01-20 07:05:13 | INFO     | [SUCCESS] Day 17MAY
2026-01-20 07:05:13 | INFO     | [DAY_START] Processing 16MAY
2026-01-20 07:05:13 | INFO     | [lf.day.start] Processing CAI-AJF for 16MAY
2026-01-20 07:05:15 | INFO     | [lf.day.flights_found] Found 1 flights on 16MAY
2026-01-20 07:05:18 | INFO     | [lf.flight.extracted] SM321 on 16MAY: BKG=1, LF=0.6%
2026-01-20 07:05:23 | INFO     | [SUCCESS] Day 16MAY
2026-01-20 07:05:23 | INFO     | [DAY_START] Processing 15MAY
2026-01-20 07:05:23 | INFO     | [lf.day.start] Processing CAI-AJF for 15MAY
2026-01-20 07:05:25 | WARNING  | [lf.day.no_flights] No direct flights on 15MAY
2026-01-20 07:05:25 | INFO     | [SUCCESS] Day 15MAY
2026-01-20 07:05:25 | INFO     | [SUCCESS] LF Search Complete
2026-01-20 07:05:27 | INFO     | [Worker_9222] Completed: CAI-AJF - 8 results, 0 errors
2026-01-20 07:05:27 | INFO     | [Worker_9222] Processing: CAI-GIZ
2026-01-20 07:05:27 | INFO     |   Tier 0: Range 4, Chunk 2/4 (8 days)
