2026-01-20 07:41:43 | INFO     | ======================================================================
2026-01-20 07:41:43 | INFO     | Load Factor Scraper Started - Route: CAI-YNB
2026-01-20 07:41:43 | INFO     | Log file: D:\CODERED\LAB\Artifacts\outputs\run_generated_200126_at_06.58\logs\LF_CAI-YNB_20260120_074143.log
2026-01-20 07:41:43 | INFO     | Enhanced logging: Capturing both logging.info() and print()
2026-01-20 07:41:43 | INFO     | ======================================================================
2026-01-20 07:41:43 | INFO     | Starting LF search for route: CAI-YNB
2026-01-20 07:41:43 | INFO     | [START] LF Search
2026-01-20 07:41:46 | INFO     | [HEALTH CHECK] [OK] Chrome connection is healthy
2026-01-20 07:41:46 | INFO     | [DAY_START] Processing 17MAR
2026-01-20 07:41:46 | INFO     | [lf.day.start] Processing CAI-YNB for 17MAR
2026-01-20 07:41:48 | INFO     | [lf.day.flights_found] Found 1 flights on 17MAR
2026-01-20 07:41:50 | INFO     | [lf.flight.extracted] SM441 on 17MAR: BKG=1, LF=0.6%
2026-01-20 07:41:53 | INFO     | [SUCCESS] Day 17MAR
2026-01-20 07:41:53 | INFO     | [DAY_START] Processing 16MAR
2026-01-20 07:41:53 | INFO     | [lf.day.start] Processing CAI-YNB for 16MAR
2026-01-20 07:41:54 | INFO     | [lf.day.flights_found] Found 1 flights on 16MAR
2026-01-20 07:41:57 | INFO     | [lf.flight.extracted] SM441 on 16MAR: BKG=1, LF=0.6%
2026-01-20 07:42:01 | INFO     | [SUCCESS] Day 16MAR
2026-01-20 07:42:01 | INFO     | [DAY_START] Processing 15MAR
2026-01-20 07:42:01 | INFO     | [lf.day.start] Processing CAI-YNB for 15MAR
2026-01-20 07:42:03 | INFO     | [lf.day.flights_found] Found 1 flights on 15MAR
2026-01-20 07:42:06 | INFO     | [lf.flight.extracted] SM441 on 15MAR: BKG=0, LF=0.0%
2026-01-20 07:42:08 | INFO     | [SUCCESS] Day 15MAR
2026-01-20 07:42:08 | INFO     | [DAY_START] Processing 14MAR
2026-01-20 07:42:08 | INFO     | [lf.day.start] Processing CAI-YNB for 14MAR
2026-01-20 07:42:10 | INFO     | [lf.day.flights_found] Found 1 flights on 14MAR
2026-01-20 07:42:13 | INFO     | [lf.flight.extracted] SM441 on 14MAR: BKG=3, LF=1.7%
2026-01-20 07:42:18 | INFO     | [SUCCESS] Day 14MAR
2026-01-20 07:42:18 | INFO     | [DAY_START] Processing 13MAR
2026-01-20 07:42:18 | INFO     | [lf.day.start] Processing CAI-YNB for 13MAR
2026-01-20 07:42:20 | INFO     | [lf.day.flights_found] Found 1 flights on 13MAR
2026-01-20 07:42:23 | INFO     | [lf.flight.extracted] SM441 on 13MAR: BKG=2, LF=1.1%
2026-01-20 07:42:28 | INFO     | [SUCCESS] Day 13MAR
2026-01-20 07:42:28 | INFO     | [DAY_START] Processing 12MAR
2026-01-20 07:42:28 | INFO     | [lf.day.start] Processing CAI-YNB for 12MAR
2026-01-20 07:42:29 | INFO     | [lf.day.flights_found] Found 1 flights on 12MAR
2026-01-20 07:42:32 | INFO     | [lf.flight.extracted] SM441 on 12MAR: BKG=3, LF=1.7%
2026-01-20 07:42:37 | INFO     | [SUCCESS] Day 12MAR
2026-01-20 07:42:37 | INFO     | [DAY_START] Processing 11MAR
2026-01-20 07:42:37 | INFO     | [lf.day.start] Processing CAI-YNB for 11MAR
2026-01-20 07:42:39 | INFO     | [lf.day.flights_found] Found 1 flights on 11MAR
2026-01-20 07:42:42 | INFO     | [lf.flight.extracted] SM441 on 11MAR: BKG=2, LF=1.1%
2026-01-20 07:42:46 | INFO     | [SUCCESS] Day 11MAR
2026-01-20 07:42:46 | INFO     | [DAY_START] Processing 10MAR
2026-01-20 07:42:46 | INFO     | [lf.day.start] Processing CAI-YNB for 10MAR
2026-01-20 07:42:48 | INFO     | [lf.day.flights_found] Found 1 flights on 10MAR
2026-01-20 07:42:51 | INFO     | [lf.flight.extracted] SM441 on 10MAR: BKG=1, LF=0.6%
2026-01-20 07:42:59 | INFO     | [SUCCESS] Day 10MAR
2026-01-20 07:42:59 | INFO     | [SUCCESS] LF Search Complete
2026-01-20 07:43:01 | INFO     | [Worker_9227] Completed: CAI-YNB - 8 results, 0 errors
2026-01-20 07:43:01 | INFO     | [Worker_9227] Processing: JED-ASW
2026-01-20 07:43:01 | INFO     |   Tier 0: Range 2, Chunk 3/4 (8 days)
