2026-01-20 07:01:00 | INFO     | ======================================================================
2026-01-20 07:01:00 | INFO     | Load Factor Scraper Started - Route: CAI-JED
2026-01-20 07:01:00 | INFO     | Log file: D:\CODERED\LAB\Artifacts\outputs\run_generated_200126_at_06.58\logs\LF_CAI-JED_20260120_070100.log
2026-01-20 07:01:00 | INFO     | Enhanced logging: Capturing both logging.info() and print()
2026-01-20 07:01:00 | INFO     | ======================================================================
2026-01-20 07:01:00 | INFO     | Starting LF search for route: CAI-JED
2026-01-20 07:01:00 | INFO     | [START] LF Search
2026-01-20 07:01:02 | INFO     | [HEALTH CHECK] [OK] Chrome connection is healthy
2026-01-20 07:01:02 | INFO     | [DAY_START] Processing 31MAY
2026-01-20 07:01:02 | INFO     | [lf.day.start] Processing CAI-JED for 31MAY
2026-01-20 07:01:03 | INFO     | [lf.day.flights_found] Found 3 flights on 31MAY
2026-01-20 07:01:06 | INFO     | [lf.flight.extracted] SM477 on 31MAY: BKG=10, LF=5.6%
2026-01-20 07:01:10 | INFO     | [lf.flight.extracted] SM475 on 31MAY: BKG=1, LF=0.6%
2026-01-20 07:01:13 | INFO     | [lf.flight.extracted] SM459 on 31MAY: BKG=9, LF=5.0%
2026-01-20 07:01:19 | INFO     | [SUCCESS] Day 31MAY
2026-01-20 07:01:19 | INFO     | [DAY_START] Processing 30MAY
2026-01-20 07:01:19 | INFO     | [lf.day.start] Processing CAI-JED for 30MAY
2026-01-20 07:01:20 | INFO     | [lf.day.flights_found] Found 2 flights on 30MAY
2026-01-20 07:01:22 | INFO     | [lf.flight.extracted] SM477 on 30MAY: BKG=1, LF=0.6%
2026-01-20 07:01:26 | INFO     | [lf.flight.extracted] SM475 on 30MAY: BKG=5, LF=2.8%
2026-01-20 07:01:30 | INFO     | [SUCCESS] Day 30MAY
2026-01-20 07:01:30 | INFO     | [DAY_START] Processing 29MAY
2026-01-20 07:01:30 | INFO     | [lf.day.start] Processing CAI-JED for 29MAY
2026-01-20 07:01:31 | INFO     | [lf.day.flights_found] Found 3 flights on 29MAY
2026-01-20 07:01:36 | INFO     | [lf.flight.extracted] SM477 on 29MAY: BKG=0, LF=0.0%
2026-01-20 07:01:41 | INFO     | [lf.flight.extracted] SM475 on 29MAY: BKG=0, LF=0.0%
2026-01-20 07:01:45 | INFO     | [lf.flight.extracted] SM479 on 29MAY: BKG=2, LF=1.1%
2026-01-20 07:01:48 | INFO     | [SUCCESS] Day 29MAY
2026-01-20 07:01:48 | INFO     | [DAY_START] Processing 28MAY
2026-01-20 07:01:48 | INFO     | [lf.day.start] Processing CAI-JED for 28MAY
2026-01-20 07:01:49 | INFO     | [lf.day.flights_found] Found 3 flights on 28MAY
2026-01-20 07:01:51 | INFO     | [lf.flight.extracted] SM477 on 28MAY: BKG=0, LF=0.0%
2026-01-20 07:01:55 | INFO     | [lf.flight.extracted] SM475 on 28MAY: BKG=2, LF=1.1%
2026-01-20 07:01:58 | INFO     | [lf.flight.extracted] SM459 on 28MAY: BKG=0, LF=0.0%
2026-01-20 07:02:01 | INFO     | [SUCCESS] Day 28MAY
2026-01-20 07:02:01 | INFO     | [DAY_START] Processing 27MAY
2026-01-20 07:02:01 | INFO     | [lf.day.start] Processing CAI-JED for 27MAY
2026-01-20 07:02:03 | INFO     | [lf.day.flights_found] Found 2 flights on 27MAY
2026-01-20 07:02:05 | INFO     | [lf.flight.extracted] SM477 on 27MAY: BKG=0, LF=0.0%
2026-01-20 07:02:09 | INFO     | [lf.flight.extracted] SM475 on 27MAY: BKG=0, LF=0.0%
2026-01-20 07:02:10 | INFO     | [SUCCESS] Day 27MAY
2026-01-20 07:02:10 | INFO     | [DAY_START] Processing 26MAY
2026-01-20 07:02:10 | INFO     | [lf.day.start] Processing CAI-JED for 26MAY
2026-01-20 07:02:11 | INFO     | [lf.day.flights_found] Found 3 flights on 26MAY
2026-01-20 07:02:13 | INFO     | [lf.flight.extracted] SM477 on 26MAY: BKG=0, LF=0.0%
2026-01-20 07:02:16 | INFO     | [lf.flight.extracted] SM475 on 26MAY: BKG=0, LF=0.0%
2026-01-20 07:02:20 | INFO     | [lf.flight.extracted] SM479 on 26MAY: BKG=0, LF=0.0%
2026-01-20 07:02:21 | INFO     | [SUCCESS] Day 26MAY
2026-01-20 07:02:21 | INFO     | [DAY_START] Processing 25MAY
2026-01-20 07:02:21 | INFO     | [lf.day.start] Processing CAI-JED for 25MAY
2026-01-20 07:02:22 | INFO     | [lf.day.flights_found] Found 3 flights on 25MAY
2026-01-20 07:02:24 | INFO     | [lf.flight.extracted] SM477 on 25MAY: BKG=0, LF=0.0%
2026-01-20 07:02:28 | INFO     | [lf.flight.extracted] SM475 on 25MAY: BKG=0, LF=0.0%
2026-01-20 07:02:32 | INFO     | [lf.flight.extracted] SM479 on 25MAY: BKG=0, LF=0.0%
2026-01-20 07:02:33 | INFO     | [SUCCESS] Day 25MAY
2026-01-20 07:02:33 | INFO     | [DAY_START] Processing 24MAY
2026-01-20 07:02:33 | INFO     | [lf.day.start] Processing CAI-JED for 24MAY
2026-01-20 07:02:35 | INFO     | [lf.day.flights_found] Found 3 flights on 24MAY
2026-01-20 07:02:38 | INFO     | [lf.flight.extracted] SM477 on 24MAY: BKG=3, LF=1.7%
2026-01-20 07:02:43 | INFO     | [lf.flight.extracted] SM475 on 24MAY: BKG=1, LF=0.6%
2026-01-20 07:02:48 | INFO     | [lf.flight.extracted] SM459 on 24MAY: BKG=0, LF=0.0%
2026-01-20 07:02:54 | INFO     | [SUCCESS] Day 24MAY
2026-01-20 07:02:54 | INFO     | [DAY_START] Processing 23MAY
2026-01-20 07:02:54 | INFO     | [lf.day.start] Processing CAI-JED for 23MAY
2026-01-20 07:02:56 | INFO     | [lf.day.flights_found] Found 2 flights on 23MAY
2026-01-20 07:02:59 | INFO     | [lf.flight.extracted] SM477 on 23MAY: BKG=3, LF=1.7%
2026-01-20 07:03:05 | INFO     | [lf.flight.extracted] SM475 on 23MAY: BKG=2, LF=1.1%
2026-01-20 07:03:10 | INFO     | [SUCCESS] Day 23MAY
2026-01-20 07:03:10 | INFO     | [SUCCESS] LF Search Complete
2026-01-20 07:03:12 | INFO     | [Worker_9226] Completed: CAI-JED - 9 results, 0 errors
2026-01-20 07:03:12 | INFO     | [Worker_9226] Processing: DMM-ATZ
2026-01-20 07:03:12 | INFO     |   Tier 0: Range 4, Chunk 2/4 (8 days)
