2026-01-20 07:30:14 | INFO     | ======================================================================
2026-01-20 07:30:14 | INFO     | Load Factor Scraper Started - Route: CAI-TUU
2026-01-20 07:30:14 | INFO     | Log file: D:\CODERED\LAB\Artifacts\outputs\run_generated_200126_at_06.58\logs\LF_CAI-TUU_20260120_073014.log
2026-01-20 07:30:14 | INFO     | Enhanced logging: Capturing both logging.info() and print()
2026-01-20 07:30:14 | INFO     | ======================================================================
2026-01-20 07:30:14 | INFO     | Starting LF search for route: CAI-TUU
2026-01-20 07:30:14 | INFO     | [START] LF Search
2026-01-20 07:30:17 | INFO     | [HEALTH CHECK] [OK] Chrome connection is healthy
2026-01-20 07:30:18 | INFO     | [DAY_START] Processing 03APR
2026-01-20 07:30:18 | INFO     | [lf.day.start] Processing CAI-TUU for 03APR
2026-01-20 07:30:19 | INFO     | [lf.day.flights_found] Found 1 flights on 03APR
2026-01-20 07:30:23 | INFO     | [lf.flight.extracted] SM325 on 03APR: BKG=18, LF=10.1%
2026-01-20 07:30:27 | INFO     | [SUCCESS] Day 03APR
2026-01-20 07:30:27 | INFO     | [DAY_START] Processing 02APR
2026-01-20 07:30:27 | INFO     | [lf.day.start] Processing CAI-TUU for 02APR
2026-01-20 07:30:28 | INFO     | [lf.day.flights_found] Found 1 flights on 02APR
2026-01-20 07:30:32 | INFO     | [lf.flight.extracted] SM325 on 02APR: BKG=10, LF=5.6%
2026-01-20 07:30:43 | INFO     | [SUCCESS] Day 02APR
2026-01-20 07:30:43 | INFO     | [DAY_START] Processing 01APR
2026-01-20 07:30:43 | INFO     | [lf.day.start] Processing CAI-TUU for 01APR
2026-01-20 07:30:48 | WARNING  | [lf.day.no_flights] No direct flights on 01APR
2026-01-20 07:30:48 | INFO     | [SUCCESS] Day 01APR
2026-01-20 07:30:48 | INFO     | [DAY_START] Processing 31MAR
2026-01-20 07:30:48 | INFO     | [lf.day.start] Processing CAI-TUU for 31MAR
2026-01-20 07:30:51 | INFO     | [lf.day.flights_found] Found 1 flights on 31MAR
2026-01-20 07:30:55 | INFO     | [lf.flight.extracted] SM325 on 31MAR: BKG=0, LF=0.0%
2026-01-20 07:30:57 | INFO     | [SUCCESS] Day 31MAR
2026-01-20 07:30:57 | INFO     | [DAY_START] Processing 30MAR
2026-01-20 07:30:57 | INFO     | [lf.day.start] Processing CAI-TUU for 30MAR
2026-01-20 07:30:58 | WARNING  | [lf.day.no_flights] No direct flights on 30MAR
2026-01-20 07:30:59 | INFO     | [SUCCESS] Day 30MAR
2026-01-20 07:30:59 | INFO     | [DAY_START] Processing 29MAR
2026-01-20 07:30:59 | INFO     | [lf.day.start] Processing CAI-TUU for 29MAR
2026-01-20 07:31:00 | WARNING  | [lf.day.no_flights] No direct flights on 29MAR
2026-01-20 07:31:00 | INFO     | [SUCCESS] Day 29MAR
2026-01-20 07:31:00 | INFO     | [DAY_START] Processing 28MAR
2026-01-20 07:31:00 | INFO     | [lf.day.start] Processing CAI-TUU for 28MAR
2026-01-20 07:31:02 | INFO     | [lf.day.flights_found] Found 1 flights on 28MAR
2026-01-20 07:31:06 | INFO     | [lf.flight.extracted] SM325 on 28MAR: BKG=85, LF=47.5%
2026-01-20 07:31:14 | INFO     | [SUCCESS] Day 28MAR
2026-01-20 07:31:14 | INFO     | [DAY_START] Processing 27MAR
2026-01-20 07:31:14 | INFO     | [lf.day.start] Processing CAI-TUU for 27MAR
2026-01-20 07:31:16 | WARNING  | [lf.day.no_flights] No direct flights on 27MAR
2026-01-20 07:31:16 | INFO     | [SUCCESS] Day 27MAR
2026-01-20 07:31:16 | INFO     | [SUCCESS] LF Search Complete
2026-01-20 07:31:18 | INFO     | [Worker_9225] Completed: CAI-TUU - 8 results, 0 errors
2026-01-20 07:31:18 | INFO     | [Worker_9225] Processing: CAI-AHB
2026-01-20 07:31:18 | INFO     |   Tier 0: Range 3, Chunk 4/4 (8 days)
