2026-01-20 07:14:24 | INFO     | ======================================================================
2026-01-20 07:14:24 | INFO     | Load Factor Scraper Started - Route: CAI-DMM
2026-01-20 07:14:24 | INFO     | Log file: D:\CODERED\LAB\Artifacts\outputs\run_generated_200126_at_06.58\logs\LF_CAI-DMM_20260120_071424.log
2026-01-20 07:14:24 | INFO     | Enhanced logging: Capturing both logging.info() and print()
2026-01-20 07:14:24 | INFO     | ======================================================================
2026-01-20 07:14:24 | INFO     | Starting LF search for route: CAI-DMM
2026-01-20 07:14:24 | INFO     | [START] LF Search
2026-01-20 07:14:26 | INFO     | [HEALTH CHECK] [OK] Chrome connection is healthy
2026-01-20 07:14:26 | INFO     | [DAY_START] Processing 28APR
2026-01-20 07:14:26 | INFO     | [lf.day.start] Processing CAI-DMM for 28APR
2026-01-20 07:14:27 | INFO     | [lf.day.flights_found] Found 1 flights on 28APR
2026-01-20 07:14:29 | INFO     | [lf.flight.extracted] SM433 on 28APR: BKG=1, LF=0.6%
2026-01-20 07:14:32 | INFO     | [SUCCESS] Day 28APR
2026-01-20 07:14:32 | INFO     | [DAY_START] Processing 27APR
2026-01-20 07:14:32 | INFO     | [lf.day.start] Processing CAI-DMM for 27APR
2026-01-20 07:14:33 | INFO     | [lf.day.flights_found] Found 1 flights on 27APR
2026-01-20 07:14:35 | INFO     | [lf.flight.extracted] SM433 on 27APR: BKG=2, LF=1.1%
2026-01-20 07:14:40 | INFO     | [SUCCESS] Day 27APR
2026-01-20 07:14:40 | INFO     | [DAY_START] Processing 26APR
2026-01-20 07:14:40 | INFO     | [lf.day.start] Processing CAI-DMM for 26APR
2026-01-20 07:14:42 | INFO     | [lf.day.flights_found] Found 1 flights on 26APR
2026-01-20 07:14:46 | INFO     | [lf.flight.extracted] SM439 on 26APR: BKG=7, LF=3.9%
2026-01-20 07:14:51 | INFO     | [SUCCESS] Day 26APR
2026-01-20 07:14:51 | INFO     | [DAY_START] Processing 25APR
2026-01-20 07:14:51 | INFO     | [lf.day.start] Processing CAI-DMM for 25APR
2026-01-20 07:14:54 | INFO     | [lf.day.flights_found] Found 1 flights on 25APR
2026-01-20 07:14:58 | INFO     | [lf.flight.extracted] SM433 on 25APR: BKG=14, LF=7.8%
2026-01-20 07:15:04 | INFO     | [SUCCESS] Day 25APR
2026-01-20 07:15:04 | INFO     | [DAY_START] Processing 24APR
2026-01-20 07:15:04 | INFO     | [lf.day.start] Processing CAI-DMM for 24APR
2026-01-20 07:15:07 | INFO     | [lf.day.flights_found] Found 1 flights on 24APR
2026-01-20 07:15:11 | INFO     | [lf.flight.extracted] SM439 on 24APR: BKG=8, LF=4.5%
2026-01-20 07:15:16 | INFO     | [SUCCESS] Day 24APR
2026-01-20 07:15:16 | INFO     | [DAY_START] Processing 23APR
2026-01-20 07:15:16 | INFO     | [lf.day.start] Processing CAI-DMM for 23APR
2026-01-20 07:15:18 | INFO     | [lf.day.flights_found] Found 1 flights on 23APR
2026-01-20 07:15:21 | INFO     | [lf.flight.extracted] SM433 on 23APR: BKG=4, LF=2.2%
2026-01-20 07:15:26 | INFO     | [SUCCESS] Day 23APR
2026-01-20 07:15:26 | INFO     | [DAY_START] Processing 22APR
2026-01-20 07:15:26 | INFO     | [lf.day.start] Processing CAI-DMM for 22APR
2026-01-20 07:15:28 | INFO     | [lf.day.flights_found] Found 1 flights on 22APR
2026-01-20 07:15:32 | INFO     | [lf.flight.extracted] SM433 on 22APR: BKG=3, LF=1.7%
2026-01-20 07:15:38 | INFO     | [SUCCESS] Day 22APR
2026-01-20 07:15:38 | INFO     | [DAY_START] Processing 21APR
2026-01-20 07:15:38 | INFO     | [lf.day.start] Processing CAI-DMM for 21APR
2026-01-20 07:15:39 | INFO     | [lf.day.flights_found] Found 1 flights on 21APR
2026-01-20 07:15:44 | INFO     | [lf.flight.extracted] SM433 on 21APR: BKG=3, LF=1.7%
2026-01-20 07:15:50 | INFO     | [SUCCESS] Day 21APR
2026-01-20 07:15:50 | INFO     | [DAY_START] Processing 20APR
2026-01-20 07:15:50 | INFO     | [lf.day.start] Processing CAI-DMM for 20APR
2026-01-20 07:15:53 | INFO     | [lf.day.flights_found] Found 1 flights on 20APR
2026-01-20 07:15:57 | INFO     | [lf.flight.extracted] SM433 on 20APR: BKG=7, LF=3.9%
2026-01-20 07:16:03 | INFO     | [SUCCESS] Day 20APR
2026-01-20 07:16:03 | INFO     | [SUCCESS] LF Search Complete
2026-01-20 07:16:05 | INFO     | [Worker_9226] Completed: CAI-DMM - 9 results, 0 errors
2026-01-20 07:16:05 | INFO     | [Worker_9226] Processing: JED-CAI
2026-01-20 07:16:05 | INFO     |   Tier 0: Range 3, Chunk 2/4 (8 days)
