2026-01-20 07:13:27 | INFO     | ======================================================================
2026-01-20 07:13:27 | INFO     | Load Factor Scraper Started - Route: CAI-MED
2026-01-20 07:13:27 | INFO     | Log file: D:\CODERED\LAB\Artifacts\outputs\run_generated_200126_at_06.58\logs\LF_CAI-MED_20260120_071327.log
2026-01-20 07:13:27 | INFO     | Enhanced logging: Capturing both logging.info() and print()
2026-01-20 07:13:27 | INFO     | ======================================================================
2026-01-20 07:13:27 | INFO     | Starting LF search for route: CAI-MED
2026-01-20 07:13:27 | INFO     | [START] LF Search
2026-01-20 07:13:29 | INFO     | [HEALTH CHECK] [OK] Chrome connection is healthy
2026-01-20 07:13:29 | INFO     | [DAY_START] Processing 28APR
2026-01-20 07:13:29 | INFO     | [lf.day.start] Processing CAI-MED for 28APR
2026-01-20 07:13:32 | INFO     | [lf.day.flights_found] Found 1 flights on 28APR
2026-01-20 07:13:35 | INFO     | [lf.flight.extracted] SM493 on 28APR: BKG=2, LF=1.1%
2026-01-20 07:13:43 | INFO     | [SUCCESS] Day 28APR
2026-01-20 07:13:43 | INFO     | [DAY_START] Processing 27APR
2026-01-20 07:13:43 | INFO     | [lf.day.start] Processing CAI-MED for 27APR
2026-01-20 07:13:47 | WARNING  | [lf.day.no_flights] No direct flights on 27APR
2026-01-20 07:13:47 | INFO     | [SUCCESS] Day 27APR
2026-01-20 07:13:47 | INFO     | [DAY_START] Processing 26APR
2026-01-20 07:13:47 | INFO     | [lf.day.start] Processing CAI-MED for 26APR
2026-01-20 07:13:50 | INFO     | [lf.day.flights_found] Found 1 flights on 26APR
2026-01-20 07:13:56 | INFO     | [lf.flight.extracted] SM493 on 26APR: BKG=1, LF=0.6%
2026-01-20 07:14:01 | INFO     | [SUCCESS] Day 26APR
2026-01-20 07:14:01 | INFO     | [DAY_START] Processing 25APR
2026-01-20 07:14:01 | INFO     | [lf.day.start] Processing CAI-MED for 25APR
2026-01-20 07:14:04 | WARNING  | [lf.day.no_flights] No direct flights on 25APR
2026-01-20 07:14:04 | INFO     | [SUCCESS] Day 25APR
2026-01-20 07:14:04 | INFO     | [DAY_START] Processing 24APR
2026-01-20 07:14:04 | INFO     | [lf.day.start] Processing CAI-MED for 24APR
2026-01-20 07:14:05 | WARNING  | [lf.day.no_flights] No direct flights on 24APR
2026-01-20 07:14:05 | INFO     | [SUCCESS] Day 24APR
2026-01-20 07:14:05 | INFO     | [DAY_START] Processing 23APR
2026-01-20 07:14:05 | INFO     | [lf.day.start] Processing CAI-MED for 23APR
2026-01-20 07:14:07 | INFO     | [lf.day.flights_found] Found 1 flights on 23APR
2026-01-20 07:14:09 | INFO     | [lf.flight.extracted] SM493 on 23APR: BKG=0, LF=0.0%
2026-01-20 07:14:11 | INFO     | [SUCCESS] Day 23APR
2026-01-20 07:14:11 | INFO     | [DAY_START] Processing 22APR
2026-01-20 07:14:11 | INFO     | [lf.day.start] Processing CAI-MED for 22APR
2026-01-20 07:14:12 | INFO     | [lf.day.flights_found] Found 1 flights on 22APR
2026-01-20 07:14:14 | INFO     | [lf.flight.extracted] SM493 on 22APR: BKG=0, LF=0.0%
2026-01-20 07:14:15 | INFO     | [SUCCESS] Day 22APR
2026-01-20 07:14:15 | INFO     | [DAY_START] Processing 21APR
2026-01-20 07:14:15 | INFO     | [lf.day.start] Processing CAI-MED for 21APR
2026-01-20 07:14:16 | INFO     | [lf.day.flights_found] Found 1 flights on 21APR
2026-01-20 07:14:19 | INFO     | [lf.flight.extracted] SM493 on 21APR: BKG=0, LF=0.0%
2026-01-20 07:14:20 | INFO     | [SUCCESS] Day 21APR
2026-01-20 07:14:20 | INFO     | [DAY_START] Processing 20APR
2026-01-20 07:14:20 | INFO     | [lf.day.start] Processing CAI-MED for 20APR
2026-01-20 07:14:21 | WARNING  | [lf.day.no_flights] No direct flights on 20APR
2026-01-20 07:14:21 | INFO     | [SUCCESS] Day 20APR
2026-01-20 07:14:21 | INFO     | [SUCCESS] LF Search Complete
2026-01-20 07:14:24 | INFO     | [Worker_9226] Completed: CAI-MED - 9 results, 0 errors
2026-01-20 07:14:24 | INFO     | [Worker_9226] Processing: CAI-DMM
2026-01-20 07:14:24 | INFO     |   Tier 0: Range 3, Chunk 1/4 (9 days)
