2026-01-20 07:49:26 | INFO     | ======================================================================
2026-01-20 07:49:26 | INFO     | Load Factor Scraper Started - Route: CAI-MED
2026-01-20 07:49:26 | INFO     | Log file: D:\CODERED\LAB\Artifacts\outputs\run_generated_200126_at_06.58\logs\LF_CAI-MED_20260120_074926.log
2026-01-20 07:49:26 | INFO     | Enhanced logging: Capturing both logging.info() and print()
2026-01-20 07:49:26 | INFO     | ======================================================================
2026-01-20 07:49:26 | INFO     | Starting LF search for route: CAI-MED
2026-01-20 07:49:26 | INFO     | [START] LF Search
2026-01-20 07:49:28 | INFO     | [HEALTH CHECK] [OK] Chrome connection is healthy
2026-01-20 07:49:28 | INFO     | [DAY_START] Processing 01MAR
2026-01-20 07:49:28 | INFO     | [lf.day.start] Processing CAI-MED for 01MAR
2026-01-20 07:49:29 | INFO     | [lf.day.flights_found] Found 1 flights on 01MAR
2026-01-20 07:49:31 | INFO     | [lf.flight.extracted] SM493 on 01MAR: BKG=150, LF=83.8%
2026-01-20 07:49:34 | INFO     | [SUCCESS] Day 01MAR
2026-01-20 07:49:34 | INFO     | [DAY_START] Processing 28FEB
2026-01-20 07:49:34 | INFO     | [lf.day.start] Processing CAI-MED for 28FEB
2026-01-20 07:49:36 | INFO     | [lf.day.flights_found] Found 1 flights on 28FEB
2026-01-20 07:49:38 | INFO     | [lf.flight.extracted] SM493 on 28FEB: BKG=129, LF=72.1%
2026-01-20 07:49:42 | INFO     | [SUCCESS] Day 28FEB
2026-01-20 07:49:42 | INFO     | [DAY_START] Processing 27FEB
2026-01-20 07:49:42 | INFO     | [lf.day.start] Processing CAI-MED for 27FEB
2026-01-20 07:49:44 | WARNING  | [lf.day.no_flights] No direct flights on 27FEB
2026-01-20 07:49:44 | INFO     | [SUCCESS] Day 27FEB
2026-01-20 07:49:44 | INFO     | [DAY_START] Processing 26FEB
2026-01-20 07:49:44 | INFO     | [lf.day.start] Processing CAI-MED for 26FEB
2026-01-20 07:49:45 | INFO     | [lf.day.flights_found] Found 1 flights on 26FEB
2026-01-20 07:49:48 | INFO     | [lf.flight.extracted] SM493 on 26FEB: BKG=148, LF=84.1%
2026-01-20 07:49:52 | INFO     | [SUCCESS] Day 26FEB
2026-01-20 07:49:52 | INFO     | [DAY_START] Processing 25FEB
2026-01-20 07:49:52 | INFO     | [lf.day.start] Processing CAI-MED for 25FEB
2026-01-20 07:49:53 | WARNING  | [lf.day.no_flights] No direct flights on 25FEB
2026-01-20 07:49:53 | INFO     | [SUCCESS] Day 25FEB
2026-01-20 07:49:53 | INFO     | [DAY_START] Processing 24FEB
2026-01-20 07:49:53 | INFO     | [lf.day.start] Processing CAI-MED for 24FEB
2026-01-20 07:49:54 | INFO     | [lf.day.flights_found] Found 1 flights on 24FEB
2026-01-20 07:49:57 | INFO     | [lf.flight.extracted] SM493 on 24FEB: BKG=176, LF=98.3%
2026-01-20 07:50:02 | INFO     | [SUCCESS] Day 24FEB
2026-01-20 07:50:02 | INFO     | [DAY_START] Processing 23FEB
2026-01-20 07:50:02 | INFO     | [lf.day.start] Processing CAI-MED for 23FEB
2026-01-20 07:50:03 | INFO     | [lf.day.flights_found] Found 1 flights on 23FEB
2026-01-20 07:50:06 | INFO     | [lf.flight.extracted] SM495 on 23FEB: BKG=176, LF=98.3%
2026-01-20 07:50:11 | INFO     | [SUCCESS] Day 23FEB
2026-01-20 07:50:11 | INFO     | [DAY_START] Processing 22FEB
2026-01-20 07:50:11 | INFO     | [lf.day.start] Processing CAI-MED for 22FEB
2026-01-20 07:50:12 | INFO     | [lf.day.flights_found] Found 1 flights on 22FEB
2026-01-20 07:50:14 | INFO     | [lf.flight.extracted] SM493 on 22FEB: BKG=177, LF=98.9%
2026-01-20 07:50:19 | INFO     | [SUCCESS] Day 22FEB
2026-01-20 07:50:19 | INFO     | [SUCCESS] LF Search Complete
2026-01-20 07:50:21 | INFO     | [Worker_9222] Completed: CAI-MED - 8 results, 0 errors
2026-01-20 07:50:21 | INFO     | [Worker_9222] Processing: ASW-JED
2026-01-20 07:50:21 | INFO     |   Tier 0: Range 2, Chunk 4/4 (8 days)
