2026-01-20 07:17:52 | INFO     | ======================================================================
2026-01-20 07:17:52 | INFO     | Load Factor Scraper Started - Route: CAI-MED
2026-01-20 07:17:52 | INFO     | Log file: D:\CODERED\LAB\Artifacts\outputs\run_generated_200126_at_06.58\logs\LF_CAI-MED_20260120_071752.log
2026-01-20 07:17:52 | INFO     | Enhanced logging: Capturing both logging.info() and print()
2026-01-20 07:17:52 | INFO     | ======================================================================
2026-01-20 07:17:52 | INFO     | Starting LF search for route: CAI-MED
2026-01-20 07:17:52 | INFO     | [START] LF Search
2026-01-20 07:17:56 | INFO     | [HEALTH CHECK] [OK] Chrome connection is healthy
2026-01-20 07:17:56 | INFO     | [DAY_START] Processing 19APR
2026-01-20 07:17:56 | INFO     | [lf.day.start] Processing CAI-MED for 19APR
2026-01-20 07:17:57 | INFO     | [lf.day.flights_found] Found 1 flights on 19APR
2026-01-20 07:17:59 | INFO     | [lf.flight.extracted] SM493 on 19APR: BKG=0, LF=0.0%
2026-01-20 07:18:01 | INFO     | [SUCCESS] Day 19APR
2026-01-20 07:18:01 | INFO     | [DAY_START] Processing 18APR
2026-01-20 07:18:01 | INFO     | [lf.day.start] Processing CAI-MED for 18APR
2026-01-20 07:18:02 | WARNING  | [lf.day.no_flights] No direct flights on 18APR
2026-01-20 07:18:02 | INFO     | [SUCCESS] Day 18APR
2026-01-20 07:18:02 | INFO     | [DAY_START] Processing 17APR
2026-01-20 07:18:02 | INFO     | [lf.day.start] Processing CAI-MED for 17APR
2026-01-20 07:18:04 | WARNING  | [lf.day.no_flights] No direct flights on 17APR
2026-01-20 07:18:04 | INFO     | [SUCCESS] Day 17APR
2026-01-20 07:18:04 | INFO     | [DAY_START] Processing 16APR
2026-01-20 07:18:04 | INFO     | [lf.day.start] Processing CAI-MED for 16APR
2026-01-20 07:18:06 | INFO     | [lf.day.flights_found] Found 1 flights on 16APR
2026-01-20 07:18:09 | INFO     | [lf.flight.extracted] SM493 on 16APR: BKG=0, LF=0.0%
2026-01-20 07:18:11 | INFO     | [SUCCESS] Day 16APR
2026-01-20 07:18:11 | INFO     | [DAY_START] Processing 15APR
2026-01-20 07:18:11 | INFO     | [lf.day.start] Processing CAI-MED for 15APR
2026-01-20 07:18:14 | INFO     | [lf.day.flights_found] Found 1 flights on 15APR
2026-01-20 07:18:16 | INFO     | [lf.flight.extracted] SM493 on 15APR: BKG=6, LF=3.4%
2026-01-20 07:18:19 | INFO     | [SUCCESS] Day 15APR
2026-01-20 07:18:19 | INFO     | [DAY_START] Processing 14APR
2026-01-20 07:18:19 | INFO     | [lf.day.start] Processing CAI-MED for 14APR
2026-01-20 07:18:20 | INFO     | [lf.day.flights_found] Found 1 flights on 14APR
2026-01-20 07:18:23 | INFO     | [lf.flight.extracted] SM493 on 14APR: BKG=0, LF=0.0%
2026-01-20 07:18:25 | INFO     | [SUCCESS] Day 14APR
2026-01-20 07:18:25 | INFO     | [DAY_START] Processing 13APR
2026-01-20 07:18:25 | INFO     | [lf.day.start] Processing CAI-MED for 13APR
2026-01-20 07:18:27 | WARNING  | [lf.day.no_flights] No direct flights on 13APR
2026-01-20 07:18:27 | INFO     | [SUCCESS] Day 13APR
2026-01-20 07:18:27 | INFO     | [DAY_START] Processing 12APR
2026-01-20 07:18:27 | INFO     | [lf.day.start] Processing CAI-MED for 12APR
2026-01-20 07:18:28 | INFO     | [lf.day.flights_found] Found 1 flights on 12APR
2026-01-20 07:18:32 | INFO     | [lf.flight.extracted] SM493 on 12APR: BKG=4, LF=2.2%
2026-01-20 07:18:35 | INFO     | [SUCCESS] Day 12APR
2026-01-20 07:18:35 | INFO     | [SUCCESS] LF Search Complete
2026-01-20 07:18:37 | INFO     | [Worker_9222] Completed: CAI-MED - 8 results, 0 errors
2026-01-20 07:18:37 | INFO     | [Worker_9222] Processing: ATZ-DMM
2026-01-20 07:18:37 | INFO     |   Tier 0: Range 3, Chunk 2/4 (8 days)
