2026-01-20 07:30:14 | INFO     | ======================================================================
2026-01-20 07:30:14 | INFO     | Load Factor Scraper Started - Route: CAI-DMM
2026-01-20 07:30:14 | INFO     | Log file: D:\CODERED\LAB\Artifacts\outputs\run_generated_200126_at_06.58\logs\LF_CAI-DMM_20260120_073014.log
2026-01-20 07:30:14 | INFO     | Enhanced logging: Capturing both logging.info() and print()
2026-01-20 07:30:14 | INFO     | ======================================================================
2026-01-20 07:30:14 | INFO     | Starting LF search for route: CAI-DMM
2026-01-20 07:30:14 | INFO     | [START] LF Search
2026-01-20 07:30:18 | INFO     | [HEALTH CHECK] [OK] Chrome connection is healthy
2026-01-20 07:30:18 | INFO     | [DAY_START] Processing 03APR
2026-01-20 07:30:18 | INFO     | [lf.day.start] Processing CAI-DMM for 03APR
2026-01-20 07:30:19 | INFO     | [lf.day.flights_found] Found 1 flights on 03APR
2026-01-20 07:30:23 | INFO     | [lf.flight.extracted] SM439 on 03APR: BKG=33, LF=18.4%
2026-01-20 07:30:28 | ERROR    | Atomic write failed for D:\CODERED\LAB\Artifacts\outputs\run_generated_200126_at_06.58\checkpoints\flight_booking_data.json: [WinError 5] Access is denied: 'D:\\CODERED\\LAB\\Artifacts\\outputs\\run_generated_200126_at_06.58\\checkpoints\\flight_booking_data.tmp_798f74d9' -> 'D:\\CODERED\\LAB\\Artifacts\\outputs\\run_generated_200126_at_06.58\\checkpoints\\flight_booking_data.json'
2026-01-20 07:30:28 | INFO     | [SUCCESS] Day 03APR
2026-01-20 07:30:28 | INFO     | [DAY_START] Processing 02APR
2026-01-20 07:30:28 | INFO     | [lf.day.start] Processing CAI-DMM for 02APR
2026-01-20 07:30:31 | INFO     | [lf.day.flights_found] Found 1 flights on 02APR
2026-01-20 07:30:43 | INFO     | [lf.flight.extracted] SM433 on 02APR: BKG=32, LF=17.9%
2026-01-20 07:30:57 | INFO     | [SUCCESS] Day 02APR
2026-01-20 07:30:57 | INFO     | [DAY_START] Processing 01APR
2026-01-20 07:30:57 | INFO     | [lf.day.start] Processing CAI-DMM for 01APR
2026-01-20 07:30:59 | INFO     | [lf.day.flights_found] Found 1 flights on 01APR
2026-01-20 07:31:02 | INFO     | [lf.flight.extracted] SM433 on 01APR: BKG=38, LF=21.2%
2026-01-20 07:31:08 | INFO     | [SUCCESS] Day 01APR
2026-01-20 07:31:08 | INFO     | [DAY_START] Processing 31MAR
2026-01-20 07:31:08 | INFO     | [lf.day.start] Processing CAI-DMM for 31MAR
2026-01-20 07:31:11 | INFO     | [lf.day.flights_found] Found 1 flights on 31MAR
2026-01-20 07:31:14 | INFO     | [lf.flight.extracted] SM433 on 31MAR: BKG=3, LF=1.7%
2026-01-20 07:31:19 | INFO     | [SUCCESS] Day 31MAR
2026-01-20 07:31:19 | INFO     | [DAY_START] Processing 30MAR
2026-01-20 07:31:19 | INFO     | [lf.day.start] Processing CAI-DMM for 30MAR
2026-01-20 07:31:20 | INFO     | [lf.day.flights_found] Found 1 flights on 30MAR
2026-01-20 07:31:25 | INFO     | [lf.flight.extracted] SM433 on 30MAR: BKG=12, LF=6.7%
2026-01-20 07:31:29 | INFO     | [SUCCESS] Day 30MAR
2026-01-20 07:31:29 | INFO     | [DAY_START] Processing 29MAR
2026-01-20 07:31:29 | INFO     | [lf.day.start] Processing CAI-DMM for 29MAR
2026-01-20 07:31:30 | INFO     | [lf.day.flights_found] Found 1 flights on 29MAR
2026-01-20 07:31:34 | INFO     | [lf.flight.extracted] SM439 on 29MAR: BKG=46, LF=25.7%
2026-01-20 07:31:39 | INFO     | [SUCCESS] Day 29MAR
2026-01-20 07:31:39 | INFO     | [DAY_START] Processing 28MAR
2026-01-20 07:31:39 | INFO     | [lf.day.start] Processing CAI-DMM for 28MAR
2026-01-20 07:31:41 | INFO     | [lf.day.flights_found] Found 1 flights on 28MAR
2026-01-20 07:31:43 | INFO     | [lf.flight.extracted] SM433 on 28MAR: BKG=82, LF=45.8%
2026-01-20 07:31:50 | INFO     | [SUCCESS] Day 28MAR
2026-01-20 07:31:50 | INFO     | [DAY_START] Processing 27MAR
2026-01-20 07:31:50 | INFO     | [lf.day.start] Processing CAI-DMM for 27MAR
2026-01-20 07:31:51 | INFO     | [lf.day.flights_found] Found 1 flights on 27MAR
2026-01-20 07:31:54 | INFO     | [lf.flight.extracted] SM433 on 27MAR: BKG=70, LF=39.1%
2026-01-20 07:32:01 | INFO     | [SUCCESS] Day 27MAR
2026-01-20 07:32:01 | INFO     | [SUCCESS] LF Search Complete
2026-01-20 07:32:03 | INFO     | [Worker_9223] Completed: CAI-DMM - 8 results, 0 errors
2026-01-20 07:32:03 | INFO     | [Worker_9223] Processing: MED-ATZ
2026-01-20 07:32:03 | INFO     |   Tier 0: Range 2, Chunk 1/4 (9 days)
