2026-01-20 07:22:32 | INFO     | ======================================================================
2026-01-20 07:22:32 | INFO     | Load Factor Scraper Started - Route: CAI-TUU
2026-01-20 07:22:32 | INFO     | Log file: D:\CODERED\LAB\Artifacts\outputs\run_generated_200126_at_06.58\logs\LF_CAI-TUU_20260120_072232.log
2026-01-20 07:22:32 | INFO     | Enhanced logging: Capturing both logging.info() and print()
2026-01-20 07:22:32 | INFO     | ======================================================================
2026-01-20 07:22:32 | INFO     | Starting LF search for route: CAI-TUU
2026-01-20 07:22:32 | INFO     | [START] LF Search
2026-01-20 07:22:35 | INFO     | [HEALTH CHECK] [OK] Chrome connection is healthy
2026-01-20 07:22:35 | INFO     | [DAY_START] Processing 11APR
2026-01-20 07:22:35 | INFO     | [lf.day.start] Processing CAI-TUU for 11APR
2026-01-20 07:22:36 | INFO     | [lf.day.flights_found] Found 1 flights on 11APR
2026-01-20 07:22:39 | INFO     | [lf.flight.extracted] SM325 on 11APR: BKG=5, LF=2.8%
2026-01-20 07:22:44 | INFO     | [SUCCESS] Day 11APR
2026-01-20 07:22:44 | INFO     | [DAY_START] Processing 10APR
2026-01-20 07:22:44 | INFO     | [lf.day.start] Processing CAI-TUU for 10APR
2026-01-20 07:22:46 | INFO     | [lf.day.flights_found] Found 1 flights on 10APR
2026-01-20 07:22:49 | INFO     | [lf.flight.extracted] SM325 on 10APR: BKG=11, LF=6.2%
2026-01-20 07:22:52 | INFO     | [SUCCESS] Day 10APR
2026-01-20 07:22:52 | INFO     | [DAY_START] Processing 09APR
2026-01-20 07:22:52 | INFO     | [lf.day.start] Processing CAI-TUU for 09APR
2026-01-20 07:22:54 | INFO     | [lf.day.flights_found] Found 1 flights on 09APR
2026-01-20 07:22:57 | INFO     | [lf.flight.extracted] SM325 on 09APR: BKG=1, LF=0.6%
2026-01-20 07:23:05 | INFO     | [SUCCESS] Day 09APR
2026-01-20 07:23:05 | INFO     | [DAY_START] Processing 08APR
2026-01-20 07:23:05 | INFO     | [lf.day.start] Processing CAI-TUU for 08APR
2026-01-20 07:23:06 | WARNING  | [lf.day.no_flights] No direct flights on 08APR
2026-01-20 07:23:06 | INFO     | [SUCCESS] Day 08APR
2026-01-20 07:23:06 | INFO     | [DAY_START] Processing 07APR
2026-01-20 07:23:06 | INFO     | [lf.day.start] Processing CAI-TUU for 07APR
2026-01-20 07:23:07 | INFO     | [lf.day.flights_found] Found 1 flights on 07APR
2026-01-20 07:23:10 | INFO     | [lf.flight.extracted] SM325 on 07APR: BKG=2, LF=1.1%
2026-01-20 07:23:13 | INFO     | [SUCCESS] Day 07APR
2026-01-20 07:23:13 | INFO     | [DAY_START] Processing 06APR
2026-01-20 07:23:13 | INFO     | [lf.day.start] Processing CAI-TUU for 06APR
2026-01-20 07:23:15 | WARNING  | [lf.day.no_flights] No direct flights on 06APR
2026-01-20 07:23:15 | INFO     | [SUCCESS] Day 06APR
2026-01-20 07:23:15 | INFO     | [DAY_START] Processing 05APR
2026-01-20 07:23:15 | INFO     | [lf.day.start] Processing CAI-TUU for 05APR
2026-01-20 07:23:16 | WARNING  | [lf.day.no_flights] No direct flights on 05APR
2026-01-20 07:23:16 | INFO     | [SUCCESS] Day 05APR
2026-01-20 07:23:16 | INFO     | [DAY_START] Processing 04APR
2026-01-20 07:23:16 | INFO     | [lf.day.start] Processing CAI-TUU for 04APR
2026-01-20 07:23:19 | INFO     | [lf.day.flights_found] Found 1 flights on 04APR
2026-01-20 07:23:22 | INFO     | [lf.flight.extracted] SM325 on 04APR: BKG=10, LF=5.6%
2026-01-20 07:23:37 | INFO     | [SUCCESS] Day 04APR
2026-01-20 07:23:37 | INFO     | [SUCCESS] LF Search Complete
2026-01-20 07:23:39 | INFO     | [Worker_9234] Completed: CAI-TUU - 8 results, 0 errors
2026-01-20 07:23:39 | INFO     | [Worker_9234] Processing: MED-CAI
2026-01-20 07:23:39 | INFO     |   Tier 0: Range 3, Chunk 4/4 (8 days)
