2026-01-20 07:50:50 | INFO     | ======================================================================
2026-01-20 07:50:50 | INFO     | Load Factor Scraper Started - Route: CAI-TUU
2026-01-20 07:50:50 | INFO     | Log file: D:\CODERED\LAB\Artifacts\outputs\run_generated_200126_at_06.58\logs\LF_CAI-TUU_20260120_075050.log
2026-01-20 07:50:50 | INFO     | Enhanced logging: Capturing both logging.info() and print()
2026-01-20 07:50:50 | INFO     | ======================================================================
2026-01-20 07:50:50 | INFO     | Starting LF search for route: CAI-TUU
2026-01-20 07:50:50 | INFO     | [START] LF Search
2026-01-20 07:50:52 | INFO     | [HEALTH CHECK] [OK] Chrome connection is healthy
2026-01-20 07:50:52 | INFO     | [DAY_START] Processing 01MAR
2026-01-20 07:50:52 | INFO     | [lf.day.start] Processing CAI-TUU for 01MAR
2026-01-20 07:50:53 | WARNING  | [lf.day.no_flights] No direct flights on 01MAR
2026-01-20 07:50:53 | INFO     | [SUCCESS] Day 01MAR
2026-01-20 07:50:53 | INFO     | [DAY_START] Processing 28FEB
2026-01-20 07:50:53 | INFO     | [lf.day.start] Processing CAI-TUU for 28FEB
2026-01-20 07:50:54 | INFO     | [lf.day.flights_found] Found 1 flights on 28FEB
2026-01-20 07:50:56 | INFO     | [lf.flight.extracted] SM325 on 28FEB: BKG=5, LF=4.6%
2026-01-20 07:50:59 | INFO     | [SUCCESS] Day 28FEB
2026-01-20 07:50:59 | INFO     | [DAY_START] Processing 27FEB
2026-01-20 07:50:59 | INFO     | [lf.day.start] Processing CAI-TUU for 27FEB
2026-01-20 07:51:00 | WARNING  | [lf.day.no_flights] No direct flights on 27FEB
2026-01-20 07:51:00 | INFO     | [SUCCESS] Day 27FEB
2026-01-20 07:51:00 | INFO     | [DAY_START] Processing 26FEB
2026-01-20 07:51:00 | INFO     | [lf.day.start] Processing CAI-TUU for 26FEB
2026-01-20 07:51:01 | INFO     | [lf.day.flights_found] Found 1 flights on 26FEB
2026-01-20 07:51:03 | INFO     | [lf.flight.extracted] SM325 on 26FEB: BKG=0, LF=0.0%
2026-01-20 07:51:04 | INFO     | [SUCCESS] Day 26FEB
2026-01-20 07:51:04 | INFO     | [DAY_START] Processing 25FEB
2026-01-20 07:51:04 | INFO     | [lf.day.start] Processing CAI-TUU for 25FEB
2026-01-20 07:51:06 | INFO     | [lf.day.flights_found] Found 1 flights on 25FEB
2026-01-20 07:51:08 | INFO     | [lf.flight.extracted] SM325 on 25FEB: BKG=0, LF=0.0%
2026-01-20 07:51:09 | INFO     | [SUCCESS] Day 25FEB
2026-01-20 07:51:09 | INFO     | [DAY_START] Processing 24FEB
2026-01-20 07:51:09 | INFO     | [lf.day.start] Processing CAI-TUU for 24FEB
2026-01-20 07:51:10 | WARNING  | [lf.day.no_flights] No direct flights on 24FEB
2026-01-20 07:51:11 | INFO     | [SUCCESS] Day 24FEB
2026-01-20 07:51:11 | INFO     | [DAY_START] Processing 23FEB
2026-01-20 07:51:11 | INFO     | [lf.day.start] Processing CAI-TUU for 23FEB
2026-01-20 07:51:12 | WARNING  | [lf.day.no_flights] No direct flights on 23FEB
2026-01-20 07:51:12 | INFO     | [SUCCESS] Day 23FEB
2026-01-20 07:51:12 | INFO     | [DAY_START] Processing 22FEB
2026-01-20 07:51:12 | INFO     | [lf.day.start] Processing CAI-TUU for 22FEB
2026-01-20 07:51:13 | WARNING  | [lf.day.no_flights] No direct flights on 22FEB
2026-01-20 07:51:13 | INFO     | [SUCCESS] Day 22FEB
2026-01-20 07:51:13 | INFO     | [SUCCESS] LF Search Complete
2026-01-20 07:51:15 | INFO     | [Worker_9226] Completed: CAI-TUU - 8 results, 0 errors
2026-01-20 07:51:15 | INFO     | [Worker_9226] Processing: CAI-YNB
2026-01-20 07:51:15 | INFO     |   Tier 0: Range 2, Chunk 4/4 (8 days)
