2026-01-20 07:05:08 | INFO     | ======================================================================
2026-01-20 07:05:08 | INFO     | Load Factor Scraper Started - Route: CAI-AHB
2026-01-20 07:05:08 | INFO     | Log file: D:\CODERED\LAB\Artifacts\outputs\run_generated_200126_at_06.58\logs\LF_CAI-AHB_20260120_070508.log
2026-01-20 07:05:08 | INFO     | Enhanced logging: Capturing both logging.info() and print()
2026-01-20 07:05:08 | INFO     | ======================================================================
2026-01-20 07:05:08 | INFO     | Starting LF search for route: CAI-AHB
2026-01-20 07:05:08 | INFO     | [START] LF Search
2026-01-20 07:05:10 | INFO     | [HEALTH CHECK] [OK] Chrome connection is healthy
2026-01-20 07:05:10 | INFO     | [DAY_START] Processing 22MAY
2026-01-20 07:05:10 | INFO     | [lf.day.start] Processing CAI-AHB for 22MAY
2026-01-20 07:05:12 | WARNING  | [lf.day.no_flights] No direct flights on 22MAY
2026-01-20 07:05:12 | INFO     | [SUCCESS] Day 22MAY
2026-01-20 07:05:12 | INFO     | [DAY_START] Processing 21MAY
2026-01-20 07:05:12 | INFO     | [lf.day.start] Processing CAI-AHB for 21MAY
2026-01-20 07:05:14 | INFO     | [lf.day.flights_found] Found 1 flights on 21MAY
2026-01-20 07:05:17 | INFO     | [lf.flight.extracted] SM443 on 21MAY: BKG=0, LF=0.0%
2026-01-20 07:05:20 | INFO     | [SUCCESS] Day 21MAY
2026-01-20 07:05:20 | INFO     | [DAY_START] Processing 20MAY
2026-01-20 07:05:20 | INFO     | [lf.day.start] Processing CAI-AHB for 20MAY
2026-01-20 07:05:21 | INFO     | [lf.day.flights_found] Found 1 flights on 20MAY
2026-01-20 07:05:25 | INFO     | [lf.flight.extracted] SM443 on 20MAY: BKG=0, LF=0.0%
2026-01-20 07:05:27 | INFO     | [SUCCESS] Day 20MAY
2026-01-20 07:05:27 | INFO     | [DAY_START] Processing 19MAY
2026-01-20 07:05:27 | INFO     | [lf.day.start] Processing CAI-AHB for 19MAY
2026-01-20 07:05:29 | WARNING  | [lf.day.no_flights] No direct flights on 19MAY
2026-01-20 07:05:29 | INFO     | [SUCCESS] Day 19MAY
2026-01-20 07:05:29 | INFO     | [DAY_START] Processing 18MAY
2026-01-20 07:05:29 | INFO     | [lf.day.start] Processing CAI-AHB for 18MAY
2026-01-20 07:05:31 | INFO     | [lf.day.flights_found] Found 1 flights on 18MAY
2026-01-20 07:05:35 | INFO     | [lf.flight.extracted] SM443 on 18MAY: BKG=0, LF=0.0%
2026-01-20 07:05:37 | INFO     | [SUCCESS] Day 18MAY
2026-01-20 07:05:37 | INFO     | [DAY_START] Processing 17MAY
2026-01-20 07:05:37 | INFO     | [lf.day.start] Processing CAI-AHB for 17MAY
2026-01-20 07:05:41 | WARNING  | [lf.day.no_flights] No direct flights on 17MAY
2026-01-20 07:05:41 | INFO     | [SUCCESS] Day 17MAY
2026-01-20 07:05:41 | INFO     | [DAY_START] Processing 16MAY
2026-01-20 07:05:41 | INFO     | [lf.day.start] Processing CAI-AHB for 16MAY
2026-01-20 07:05:44 | INFO     | [lf.day.flights_found] Found 1 flights on 16MAY
2026-01-20 07:05:48 | INFO     | [lf.flight.extracted] SM443 on 16MAY: BKG=2, LF=1.1%
2026-01-20 07:05:52 | INFO     | [SUCCESS] Day 16MAY
2026-01-20 07:05:52 | INFO     | [DAY_START] Processing 15MAY
2026-01-20 07:05:52 | INFO     | [lf.day.start] Processing CAI-AHB for 15MAY
2026-01-20 07:05:53 | WARNING  | [lf.day.no_flights] No direct flights on 15MAY
2026-01-20 07:05:54 | INFO     | [SUCCESS] Day 15MAY
2026-01-20 07:05:54 | INFO     | [SUCCESS] LF Search Complete
2026-01-20 07:05:56 | INFO     | [Worker_9232] Completed: CAI-AHB - 8 results, 0 errors
2026-01-20 07:05:56 | INFO     | [Worker_9232] Processing: JED-HBE
2026-01-20 07:05:56 | INFO     |   Tier 0: Range 4, Chunk 3/4 (8 days)
