2026-01-20 07:05:05 | INFO     | ======================================================================
2026-01-20 07:05:05 | INFO     | Load Factor Scraper Started - Route: CAI-YNB
2026-01-20 07:05:05 | INFO     | Log file: D:\CODERED\LAB\Artifacts\outputs\run_generated_200126_at_06.58\logs\LF_CAI-YNB_20260120_070505.log
2026-01-20 07:05:05 | INFO     | Enhanced logging: Capturing both logging.info() and print()
2026-01-20 07:05:05 | INFO     | ======================================================================
2026-01-20 07:05:05 | INFO     | Starting LF search for route: CAI-YNB
2026-01-20 07:05:05 | INFO     | [START] LF Search
2026-01-20 07:05:09 | INFO     | [HEALTH CHECK] [OK] Chrome connection is healthy
2026-01-20 07:05:09 | INFO     | [DAY_START] Processing 22MAY
2026-01-20 07:05:09 | INFO     | [lf.day.start] Processing CAI-YNB for 22MAY
2026-01-20 07:05:10 | INFO     | [lf.day.flights_found] Found 1 flights on 22MAY
2026-01-20 07:05:14 | INFO     | [lf.flight.extracted] SM441 on 22MAY: BKG=2, LF=1.1%
2026-01-20 07:05:19 | INFO     | [SUCCESS] Day 22MAY
2026-01-20 07:05:19 | INFO     | [DAY_START] Processing 21MAY
2026-01-20 07:05:19 | INFO     | [lf.day.start] Processing CAI-YNB for 21MAY
2026-01-20 07:05:20 | INFO     | [lf.day.flights_found] Found 1 flights on 21MAY
2026-01-20 07:05:25 | INFO     | [lf.flight.extracted] SM441 on 21MAY: BKG=0, LF=0.0%
2026-01-20 07:05:28 | INFO     | [SUCCESS] Day 21MAY
2026-01-20 07:05:28 | INFO     | [DAY_START] Processing 20MAY
2026-01-20 07:05:28 | INFO     | [lf.day.start] Processing CAI-YNB for 20MAY
2026-01-20 07:05:30 | INFO     | [lf.day.flights_found] Found 1 flights on 20MAY
2026-01-20 07:05:34 | INFO     | [lf.flight.extracted] SM441 on 20MAY: BKG=0, LF=0.0%
2026-01-20 07:05:36 | INFO     | [SUCCESS] Day 20MAY
2026-01-20 07:05:36 | INFO     | [DAY_START] Processing 19MAY
2026-01-20 07:05:36 | INFO     | [lf.day.start] Processing CAI-YNB for 19MAY
2026-01-20 07:05:41 | INFO     | [lf.day.flights_found] Found 1 flights on 19MAY
2026-01-20 07:05:46 | INFO     | [lf.flight.extracted] SM441 on 19MAY: BKG=0, LF=0.0%
2026-01-20 07:05:48 | INFO     | [SUCCESS] Day 19MAY
2026-01-20 07:05:48 | INFO     | [DAY_START] Processing 18MAY
2026-01-20 07:05:48 | INFO     | [lf.day.start] Processing CAI-YNB for 18MAY
2026-01-20 07:05:51 | INFO     | [lf.day.flights_found] Found 1 flights on 18MAY
2026-01-20 07:05:53 | INFO     | [lf.flight.extracted] SM441 on 18MAY: BKG=0, LF=0.0%
2026-01-20 07:05:55 | INFO     | [SUCCESS] Day 18MAY
2026-01-20 07:05:55 | INFO     | [DAY_START] Processing 17MAY
2026-01-20 07:05:55 | INFO     | [lf.day.start] Processing CAI-YNB for 17MAY
2026-01-20 07:05:57 | INFO     | [lf.day.flights_found] Found 1 flights on 17MAY
2026-01-20 07:06:01 | INFO     | [lf.flight.extracted] SM441 on 17MAY: BKG=0, LF=0.0%
2026-01-20 07:06:02 | INFO     | [SUCCESS] Day 17MAY
2026-01-20 07:06:02 | INFO     | [DAY_START] Processing 16MAY
2026-01-20 07:06:02 | INFO     | [lf.day.start] Processing CAI-YNB for 16MAY
2026-01-20 07:06:04 | INFO     | [lf.day.flights_found] Found 1 flights on 16MAY
2026-01-20 07:06:07 | INFO     | [lf.flight.extracted] SM447 on 16MAY: BKG=1, LF=0.6%
2026-01-20 07:06:11 | INFO     | [SUCCESS] Day 16MAY
2026-01-20 07:06:11 | INFO     | [DAY_START] Processing 15MAY
2026-01-20 07:06:11 | INFO     | [lf.day.start] Processing CAI-YNB for 15MAY
2026-01-20 07:06:13 | INFO     | [lf.day.flights_found] Found 1 flights on 15MAY
2026-01-20 07:06:17 | INFO     | [lf.flight.extracted] SM441 on 15MAY: BKG=0, LF=0.0%
2026-01-20 07:06:19 | INFO     | [SUCCESS] Day 15MAY
2026-01-20 07:06:19 | INFO     | [SUCCESS] LF Search Complete
2026-01-20 07:06:21 | INFO     | [Worker_9223] Completed: CAI-YNB - 8 results, 0 errors
2026-01-20 07:06:21 | INFO     | [Worker_9223] Processing: RUH-ATZ
2026-01-20 07:06:21 | INFO     |   Tier 0: Range 4, Chunk 3/4 (8 days)
