2026-01-20 07:14:14 | INFO     | ======================================================================
2026-01-20 07:14:14 | INFO     | Load Factor Scraper Started - Route: CAI-RUH
2026-01-20 07:14:14 | INFO     | Log file: D:\CODERED\LAB\Artifacts\outputs\run_generated_200126_at_06.58\logs\LF_CAI-RUH_20260120_071414.log
2026-01-20 07:14:14 | INFO     | Enhanced logging: Capturing both logging.info() and print()
2026-01-20 07:14:14 | INFO     | ======================================================================
2026-01-20 07:14:14 | INFO     | Starting LF search for route: CAI-RUH
2026-01-20 07:14:14 | INFO     | [START] LF Search
2026-01-20 07:14:15 | INFO     | [HEALTH CHECK] [OK] Chrome connection is healthy
2026-01-20 07:14:15 | INFO     | [DAY_START] Processing 28APR
2026-01-20 07:14:15 | INFO     | [lf.day.start] Processing CAI-RUH for 28APR
2026-01-20 07:14:17 | INFO     | [lf.day.flights_found] Found 1 flights on 28APR
2026-01-20 07:14:19 | INFO     | [lf.flight.extracted] SM461 on 28APR: BKG=0, LF=0.0%
2026-01-20 07:14:20 | INFO     | [SUCCESS] Day 28APR
2026-01-20 07:14:20 | INFO     | [DAY_START] Processing 27APR
2026-01-20 07:14:20 | INFO     | [lf.day.start] Processing CAI-RUH for 27APR
2026-01-20 07:14:21 | INFO     | [lf.day.flights_found] Found 1 flights on 27APR
2026-01-20 07:14:24 | INFO     | [lf.flight.extracted] SM461 on 27APR: BKG=0, LF=0.0%
2026-01-20 07:14:25 | INFO     | [SUCCESS] Day 27APR
2026-01-20 07:14:25 | INFO     | [DAY_START] Processing 26APR
2026-01-20 07:14:25 | INFO     | [lf.day.start] Processing CAI-RUH for 26APR
2026-01-20 07:14:26 | INFO     | [lf.day.flights_found] Found 1 flights on 26APR
2026-01-20 07:14:28 | INFO     | [lf.flight.extracted] SM461 on 26APR: BKG=0, LF=0.0%
2026-01-20 07:14:30 | INFO     | [SUCCESS] Day 26APR
2026-01-20 07:14:30 | INFO     | [DAY_START] Processing 25APR
2026-01-20 07:14:30 | INFO     | [lf.day.start] Processing CAI-RUH for 25APR
2026-01-20 07:14:31 | INFO     | [lf.day.flights_found] Found 1 flights on 25APR
2026-01-20 07:14:33 | INFO     | [lf.flight.extracted] SM461 on 25APR: BKG=0, LF=0.0%
2026-01-20 07:14:34 | INFO     | [SUCCESS] Day 25APR
2026-01-20 07:14:34 | INFO     | [DAY_START] Processing 24APR
2026-01-20 07:14:34 | INFO     | [lf.day.start] Processing CAI-RUH for 24APR
2026-01-20 07:14:35 | INFO     | [lf.day.flights_found] Found 1 flights on 24APR
2026-01-20 07:14:39 | INFO     | [lf.flight.extracted] SM461 on 24APR: BKG=0, LF=0.0%
2026-01-20 07:14:41 | INFO     | [SUCCESS] Day 24APR
2026-01-20 07:14:41 | INFO     | [DAY_START] Processing 23APR
2026-01-20 07:14:41 | INFO     | [lf.day.start] Processing CAI-RUH for 23APR
2026-01-20 07:14:42 | INFO     | [lf.day.flights_found] Found 1 flights on 23APR
2026-01-20 07:14:46 | INFO     | [lf.flight.extracted] SM461 on 23APR: BKG=0, LF=0.0%
2026-01-20 07:14:49 | INFO     | [SUCCESS] Day 23APR
2026-01-20 07:14:49 | INFO     | [DAY_START] Processing 22APR
2026-01-20 07:14:49 | INFO     | [lf.day.start] Processing CAI-RUH for 22APR
2026-01-20 07:14:51 | INFO     | [lf.day.flights_found] Found 1 flights on 22APR
2026-01-20 07:14:55 | INFO     | [lf.flight.extracted] SM461 on 22APR: BKG=0, LF=0.0%
2026-01-20 07:14:58 | INFO     | [SUCCESS] Day 22APR
2026-01-20 07:14:58 | INFO     | [DAY_START] Processing 21APR
2026-01-20 07:14:58 | INFO     | [lf.day.start] Processing CAI-RUH for 21APR
2026-01-20 07:15:00 | INFO     | [lf.day.flights_found] Found 1 flights on 21APR
2026-01-20 07:15:04 | INFO     | [lf.flight.extracted] SM461 on 21APR: BKG=0, LF=0.0%
2026-01-20 07:15:08 | INFO     | [SUCCESS] Day 21APR
2026-01-20 07:15:08 | INFO     | [DAY_START] Processing 20APR
2026-01-20 07:15:08 | INFO     | [lf.day.start] Processing CAI-RUH for 20APR
2026-01-20 07:15:10 | INFO     | [lf.day.flights_found] Found 1 flights on 20APR
2026-01-20 07:15:13 | INFO     | [lf.flight.extracted] SM461 on 20APR: BKG=0, LF=0.0%
2026-01-20 07:15:15 | INFO     | [SUCCESS] Day 20APR
2026-01-20 07:15:15 | INFO     | [SUCCESS] LF Search Complete
2026-01-20 07:15:17 | INFO     | [Worker_9225] Completed: CAI-RUH - 9 results, 0 errors
2026-01-20 07:15:17 | INFO     | [Worker_9225] Processing: CAI-ELQ
2026-01-20 07:15:17 | INFO     |   Tier 0: Range 3, Chunk 1/4 (9 days)
