2026-01-20 07:08:00 | INFO     | ======================================================================
2026-01-20 07:08:00 | INFO     | Load Factor Scraper Started - Route: CAI-TUU
2026-01-20 07:08:00 | INFO     | Log file: D:\CODERED\LAB\Artifacts\outputs\run_generated_200126_at_06.58\logs\LF_CAI-TUU_20260120_070800.log
2026-01-20 07:08:00 | INFO     | Enhanced logging: Capturing both logging.info() and print()
2026-01-20 07:08:00 | INFO     | ======================================================================
2026-01-20 07:08:00 | INFO     | Starting LF search for route: CAI-TUU
2026-01-20 07:08:00 | INFO     | [START] LF Search
2026-01-20 07:08:02 | INFO     | [HEALTH CHECK] [OK] Chrome connection is healthy
2026-01-20 07:08:02 | INFO     | [DAY_START] Processing 14MAY
2026-01-20 07:08:02 | INFO     | [lf.day.start] Processing CAI-TUU for 14MAY
2026-01-20 07:08:03 | INFO     | [lf.day.flights_found] Found 1 flights on 14MAY
2026-01-20 07:08:06 | INFO     | [lf.flight.extracted] SM325 on 14MAY: BKG=0, LF=0.0%
2026-01-20 07:08:07 | INFO     | [SUCCESS] Day 14MAY
2026-01-20 07:08:07 | INFO     | [DAY_START] Processing 13MAY
2026-01-20 07:08:07 | INFO     | [lf.day.start] Processing CAI-TUU for 13MAY
2026-01-20 07:08:08 | WARNING  | [lf.day.no_flights] No direct flights on 13MAY
2026-01-20 07:08:08 | INFO     | [SUCCESS] Day 13MAY
2026-01-20 07:08:08 | INFO     | [DAY_START] Processing 12MAY
2026-01-20 07:08:08 | INFO     | [lf.day.start] Processing CAI-TUU for 12MAY
2026-01-20 07:08:09 | INFO     | [lf.day.flights_found] Found 1 flights on 12MAY
2026-01-20 07:08:11 | INFO     | [lf.flight.extracted] SM325 on 12MAY: BKG=0, LF=0.0%
2026-01-20 07:08:13 | INFO     | [SUCCESS] Day 12MAY
2026-01-20 07:08:13 | INFO     | [DAY_START] Processing 11MAY
2026-01-20 07:08:13 | INFO     | [lf.day.start] Processing CAI-TUU for 11MAY
2026-01-20 07:08:14 | WARNING  | [lf.day.no_flights] No direct flights on 11MAY
2026-01-20 07:08:14 | INFO     | [SUCCESS] Day 11MAY
2026-01-20 07:08:14 | INFO     | [DAY_START] Processing 10MAY
2026-01-20 07:08:14 | INFO     | [lf.day.start] Processing CAI-TUU for 10MAY
2026-01-20 07:08:15 | WARNING  | [lf.day.no_flights] No direct flights on 10MAY
2026-01-20 07:08:15 | INFO     | [SUCCESS] Day 10MAY
2026-01-20 07:08:15 | INFO     | [DAY_START] Processing 09MAY
2026-01-20 07:08:15 | INFO     | [lf.day.start] Processing CAI-TUU for 09MAY
2026-01-20 07:08:16 | INFO     | [lf.day.flights_found] Found 1 flights on 09MAY
2026-01-20 07:08:19 | INFO     | [lf.flight.extracted] SM325 on 09MAY: BKG=0, LF=0.0%
2026-01-20 07:08:20 | INFO     | [SUCCESS] Day 09MAY
2026-01-20 07:08:20 | INFO     | [DAY_START] Processing 08MAY
2026-01-20 07:08:20 | INFO     | [lf.day.start] Processing CAI-TUU for 08MAY
2026-01-20 07:08:21 | INFO     | [lf.day.flights_found] Found 1 flights on 08MAY
2026-01-20 07:08:23 | INFO     | [lf.flight.extracted] SM325 on 08MAY: BKG=0, LF=0.0%
2026-01-20 07:08:25 | INFO     | [SUCCESS] Day 08MAY
2026-01-20 07:08:25 | INFO     | [DAY_START] Processing 07MAY
2026-01-20 07:08:25 | INFO     | [lf.day.start] Processing CAI-TUU for 07MAY
2026-01-20 07:08:26 | INFO     | [lf.day.flights_found] Found 1 flights on 07MAY
2026-01-20 07:08:28 | INFO     | [lf.flight.extracted] SM325 on 07MAY: BKG=1, LF=0.6%
2026-01-20 07:08:32 | INFO     | [SUCCESS] Day 07MAY
2026-01-20 07:08:32 | INFO     | [SUCCESS] LF Search Complete
2026-01-20 07:08:34 | INFO     | [Worker_9232] Completed: CAI-TUU - 8 results, 0 errors
2026-01-20 07:08:34 | INFO     | [Worker_9232] Processing: CAI-GIZ
2026-01-20 07:08:34 | INFO     |   Tier 0: Range 4, Chunk 3/4 (8 days)
