2026-01-20 08:12:09 | INFO     | ======================================================================
2026-01-20 08:12:09 | INFO     | Load Factor Scraper Started - Route: CAI-AHB
2026-01-20 08:12:09 | INFO     | Log file: D:\CODERED\LAB\Artifacts\outputs\run_generated_200126_at_06.58\logs\LF_CAI-AHB_20260120_081209.log
2026-01-20 08:12:09 | INFO     | Enhanced logging: Capturing both logging.info() and print()
2026-01-20 08:12:09 | INFO     | ======================================================================
2026-01-20 08:12:09 | INFO     | Starting LF search for route: CAI-AHB
2026-01-20 08:12:09 | INFO     | [START] LF Search
2026-01-20 08:12:10 | INFO     | [HEALTH CHECK] [OK] Chrome connection is healthy
2026-01-20 08:12:10 | INFO     | [DAY_START] Processing 27JAN
2026-01-20 08:12:10 | INFO     | [lf.day.start] Processing CAI-AHB for 27JAN
2026-01-20 08:12:11 | WARNING  | [lf.day.no_flights] No direct flights on 27JAN
2026-01-20 08:12:12 | INFO     | [SUCCESS] Day 27JAN
2026-01-20 08:12:12 | INFO     | [DAY_START] Processing 26JAN
2026-01-20 08:12:12 | INFO     | [lf.day.start] Processing CAI-AHB for 26JAN
2026-01-20 08:12:13 | WARNING  | [lf.day.no_flights] No direct flights on 26JAN
2026-01-20 08:12:13 | INFO     | [SUCCESS] Day 26JAN
2026-01-20 08:12:13 | INFO     | [DAY_START] Processing 25JAN
2026-01-20 08:12:13 | INFO     | [lf.day.start] Processing CAI-AHB for 25JAN
2026-01-20 08:12:14 | WARNING  | [lf.day.no_flights] No direct flights on 25JAN
2026-01-20 08:12:14 | INFO     | [SUCCESS] Day 25JAN
2026-01-20 08:12:14 | INFO     | [DAY_START] Processing 24JAN
2026-01-20 08:12:14 | INFO     | [lf.day.start] Processing CAI-AHB for 24JAN
2026-01-20 08:12:15 | INFO     | [lf.day.flights_found] Found 1 flights on 24JAN
2026-01-20 08:12:17 | INFO     | [lf.flight.extracted] SM443 on 24JAN: BKG=139, LF=77.6%
2026-01-20 08:12:23 | INFO     | [SUCCESS] Day 24JAN
2026-01-20 08:12:23 | INFO     | [DAY_START] Processing 23JAN
2026-01-20 08:12:23 | INFO     | [lf.day.start] Processing CAI-AHB for 23JAN
2026-01-20 08:12:24 | WARNING  | [lf.day.no_flights] No direct flights on 23JAN
2026-01-20 08:12:25 | INFO     | [SUCCESS] Day 23JAN
2026-01-20 08:12:25 | INFO     | [DAY_START] Processing 22JAN
2026-01-20 08:12:25 | INFO     | [lf.day.start] Processing CAI-AHB for 22JAN
2026-01-20 08:12:26 | INFO     | [lf.day.flights_found] Found 1 flights on 22JAN
2026-01-20 08:12:28 | INFO     | [lf.flight.extracted] SM443 on 22JAN: BKG=148, LF=82.7%
2026-01-20 08:12:34 | INFO     | [SUCCESS] Day 22JAN
2026-01-20 08:12:34 | INFO     | [DAY_START] Processing 21JAN
2026-01-20 08:12:34 | INFO     | [lf.day.start] Processing CAI-AHB for 21JAN
2026-01-20 08:12:35 | INFO     | [lf.day.flights_found] Found 1 flights on 21JAN
2026-01-20 08:12:37 | INFO     | [lf.flight.extracted] SM447 on 21JAN: BKG=161, LF=89.9%
2026-01-20 08:12:43 | INFO     | [SUCCESS] Day 21JAN
2026-01-20 08:12:43 | INFO     | [SUCCESS] LF Search Complete
2026-01-20 08:12:45 | INFO     | [Worker_9233] Completed: CAI-AHB - 7 results, 0 errors
2026-01-20 08:45:13 | INFO     | [Worker_9233] Shutdown signal received, exiting...
2026-01-20 08:45:13 | INFO     | [Worker_9233] Finished. Processed 77 groups.
