2026-01-20 07:05:17 | INFO     | ======================================================================
2026-01-20 07:05:17 | INFO     | Load Factor Scraper Started - Route: CAI-ELQ
2026-01-20 07:05:17 | INFO     | Log file: D:\CODERED\LAB\Artifacts\outputs\run_generated_200126_at_06.58\logs\LF_CAI-ELQ_20260120_070517.log
2026-01-20 07:05:17 | INFO     | Enhanced logging: Capturing both logging.info() and print()
2026-01-20 07:05:17 | INFO     | ======================================================================
2026-01-20 07:05:17 | INFO     | Starting LF search for route: CAI-ELQ
2026-01-20 07:05:17 | INFO     | [START] LF Search
2026-01-20 07:05:20 | INFO     | [HEALTH CHECK] [OK] Chrome connection is healthy
2026-01-20 07:05:20 | INFO     | [DAY_START] Processing 22MAY
2026-01-20 07:05:20 | INFO     | [lf.day.start] Processing CAI-ELQ for 22MAY
2026-01-20 07:05:22 | INFO     | [lf.day.flights_found] Found 1 flights on 22MAY
2026-01-20 07:05:26 | INFO     | [lf.flight.extracted] SM427 on 22MAY: BKG=1, LF=0.6%
2026-01-20 07:05:32 | INFO     | [SUCCESS] Day 22MAY
2026-01-20 07:05:32 | INFO     | [DAY_START] Processing 21MAY
2026-01-20 07:05:32 | INFO     | [lf.day.start] Processing CAI-ELQ for 21MAY
2026-01-20 07:05:34 | WARNING  | [lf.day.no_flights] No direct flights on 21MAY
2026-01-20 07:05:34 | INFO     | [SUCCESS] Day 21MAY
2026-01-20 07:05:34 | INFO     | [DAY_START] Processing 20MAY
2026-01-20 07:05:34 | INFO     | [lf.day.start] Processing CAI-ELQ for 20MAY
2026-01-20 07:05:36 | INFO     | [lf.day.flights_found] Found 1 flights on 20MAY
2026-01-20 07:05:42 | INFO     | [lf.flight.extracted] SM427 on 20MAY: BKG=0, LF=0.0%
2026-01-20 07:05:45 | INFO     | [SUCCESS] Day 20MAY
2026-01-20 07:05:45 | INFO     | [DAY_START] Processing 19MAY
2026-01-20 07:05:45 | INFO     | [lf.day.start] Processing CAI-ELQ for 19MAY
2026-01-20 07:05:47 | INFO     | [lf.day.flights_found] Found 1 flights on 19MAY
2026-01-20 07:05:51 | INFO     | [lf.flight.extracted] SM427 on 19MAY: BKG=0, LF=0.0%
2026-01-20 07:05:52 | INFO     | [SUCCESS] Day 19MAY
2026-01-20 07:05:52 | INFO     | [DAY_START] Processing 18MAY
2026-01-20 07:05:52 | INFO     | [lf.day.start] Processing CAI-ELQ for 18MAY
2026-01-20 07:05:54 | WARNING  | [lf.day.no_flights] No direct flights on 18MAY
2026-01-20 07:05:54 | INFO     | [SUCCESS] Day 18MAY
2026-01-20 07:05:54 | INFO     | [DAY_START] Processing 17MAY
2026-01-20 07:05:54 | INFO     | [lf.day.start] Processing CAI-ELQ for 17MAY
2026-01-20 07:05:55 | WARNING  | [lf.day.no_flights] No direct flights on 17MAY
2026-01-20 07:05:55 | INFO     | [SUCCESS] Day 17MAY
2026-01-20 07:05:55 | INFO     | [DAY_START] Processing 16MAY
2026-01-20 07:05:55 | INFO     | [lf.day.start] Processing CAI-ELQ for 16MAY
2026-01-20 07:05:57 | WARNING  | [lf.day.no_flights] No direct flights on 16MAY
2026-01-20 07:05:57 | INFO     | [SUCCESS] Day 16MAY
2026-01-20 07:05:57 | INFO     | [DAY_START] Processing 15MAY
2026-01-20 07:05:57 | INFO     | [lf.day.start] Processing CAI-ELQ for 15MAY
2026-01-20 07:05:59 | INFO     | [lf.day.flights_found] Found 1 flights on 15MAY
2026-01-20 07:06:02 | INFO     | [lf.flight.extracted] SM427 on 15MAY: BKG=0, LF=0.0%
2026-01-20 07:06:04 | INFO     | [SUCCESS] Day 15MAY
2026-01-20 07:06:04 | INFO     | [SUCCESS] LF Search Complete
2026-01-20 07:06:06 | INFO     | [Worker_9224] Completed: CAI-ELQ - 8 results, 0 errors
2026-01-20 07:06:06 | INFO     | [Worker_9224] Processing: JED-ATZ
2026-01-20 07:06:06 | INFO     |   Tier 0: Range 4, Chunk 3/4 (8 days)
