2026-01-20 07:31:36 | INFO     | ======================================================================
2026-01-20 07:31:36 | INFO     | Load Factor Scraper Started - Route: CAI-ELQ
2026-01-20 07:31:36 | INFO     | Log file: D:\CODERED\LAB\Artifacts\outputs\run_generated_200126_at_06.58\logs\LF_CAI-ELQ_20260120_073136.log
2026-01-20 07:31:36 | INFO     | Enhanced logging: Capturing both logging.info() and print()
2026-01-20 07:31:36 | INFO     | ======================================================================
2026-01-20 07:31:36 | INFO     | Starting LF search for route: CAI-ELQ
2026-01-20 07:31:36 | INFO     | [START] LF Search
2026-01-20 07:31:38 | INFO     | [HEALTH CHECK] [OK] Chrome connection is healthy
2026-01-20 07:31:38 | INFO     | [DAY_START] Processing 03APR
2026-01-20 07:31:38 | INFO     | [lf.day.start] Processing CAI-ELQ for 03APR
2026-01-20 07:31:39 | INFO     | [lf.day.flights_found] Found 1 flights on 03APR
2026-01-20 07:31:42 | INFO     | [lf.flight.extracted] SM427 on 03APR: BKG=31, LF=17.3%
2026-01-20 07:31:46 | INFO     | [SUCCESS] Day 03APR
2026-01-20 07:31:46 | INFO     | [DAY_START] Processing 02APR
2026-01-20 07:31:46 | INFO     | [lf.day.start] Processing CAI-ELQ for 02APR
2026-01-20 07:31:47 | WARNING  | [lf.day.no_flights] No direct flights on 02APR
2026-01-20 07:31:47 | INFO     | [SUCCESS] Day 02APR
2026-01-20 07:31:47 | INFO     | [DAY_START] Processing 01APR
2026-01-20 07:31:47 | INFO     | [lf.day.start] Processing CAI-ELQ for 01APR
2026-01-20 07:31:49 | INFO     | [lf.day.flights_found] Found 1 flights on 01APR
2026-01-20 07:31:51 | INFO     | [lf.flight.extracted] SM427 on 01APR: BKG=32, LF=17.9%
2026-01-20 07:31:55 | INFO     | [SUCCESS] Day 01APR
2026-01-20 07:31:55 | INFO     | [DAY_START] Processing 31MAR
2026-01-20 07:31:55 | INFO     | [lf.day.start] Processing CAI-ELQ for 31MAR
2026-01-20 07:31:57 | INFO     | [lf.day.flights_found] Found 1 flights on 31MAR
2026-01-20 07:31:59 | INFO     | [lf.flight.extracted] SM427 on 31MAR: BKG=14, LF=7.8%
2026-01-20 07:32:02 | INFO     | [SUCCESS] Day 31MAR
2026-01-20 07:32:02 | INFO     | [DAY_START] Processing 30MAR
2026-01-20 07:32:02 | INFO     | [lf.day.start] Processing CAI-ELQ for 30MAR
2026-01-20 07:32:04 | WARNING  | [lf.day.no_flights] No direct flights on 30MAR
2026-01-20 07:32:04 | INFO     | [SUCCESS] Day 30MAR
2026-01-20 07:32:04 | INFO     | [DAY_START] Processing 29MAR
2026-01-20 07:32:04 | INFO     | [lf.day.start] Processing CAI-ELQ for 29MAR
2026-01-20 07:32:05 | WARNING  | [lf.day.no_flights] No direct flights on 29MAR
2026-01-20 07:32:05 | INFO     | [SUCCESS] Day 29MAR
2026-01-20 07:32:05 | INFO     | [DAY_START] Processing 28MAR
2026-01-20 07:32:05 | INFO     | [lf.day.start] Processing CAI-ELQ for 28MAR
2026-01-20 07:32:07 | WARNING  | [lf.day.no_flights] No direct flights on 28MAR
2026-01-20 07:32:07 | INFO     | [SUCCESS] Day 28MAR
2026-01-20 07:32:07 | INFO     | [DAY_START] Processing 27MAR
2026-01-20 07:32:07 | INFO     | [lf.day.start] Processing CAI-ELQ for 27MAR
2026-01-20 07:32:08 | INFO     | [lf.day.flights_found] Found 1 flights on 27MAR
2026-01-20 07:32:11 | INFO     | [lf.flight.extracted] SM427 on 27MAR: BKG=63, LF=35.2%
2026-01-20 07:32:16 | INFO     | [SUCCESS] Day 27MAR
2026-01-20 07:32:16 | INFO     | [SUCCESS] LF Search Complete
2026-01-20 07:32:18 | INFO     | [Worker_9234] Completed: CAI-ELQ - 8 results, 0 errors
2026-01-20 07:32:18 | INFO     | [Worker_9234] Processing: JED-HBE
2026-01-20 07:32:18 | INFO     |   Tier 0: Range 2, Chunk 1/4 (9 days)
