2026-01-20 07:50:30 | INFO     | ======================================================================
2026-01-20 07:50:30 | INFO     | Load Factor Scraper Started - Route: CAI-DMM
2026-01-20 07:50:30 | INFO     | Log file: D:\CODERED\LAB\Artifacts\outputs\run_generated_200126_at_06.58\logs\LF_CAI-DMM_20260120_075030.log
2026-01-20 07:50:30 | INFO     | Enhanced logging: Capturing both logging.info() and print()
2026-01-20 07:50:30 | INFO     | ======================================================================
2026-01-20 07:50:30 | INFO     | Starting LF search for route: CAI-DMM
2026-01-20 07:50:30 | INFO     | [START] LF Search
2026-01-20 07:50:31 | INFO     | [HEALTH CHECK] [OK] Chrome connection is healthy
2026-01-20 07:50:31 | INFO     | [DAY_START] Processing 01MAR
2026-01-20 07:50:31 | INFO     | [lf.day.start] Processing CAI-DMM for 01MAR
2026-01-20 07:50:32 | WARNING  | [lf.day.no_flights] No direct flights on 01MAR
2026-01-20 07:50:32 | INFO     | [SUCCESS] Day 01MAR
2026-01-20 07:50:32 | INFO     | [DAY_START] Processing 28FEB
2026-01-20 07:50:32 | INFO     | [lf.day.start] Processing CAI-DMM for 28FEB
2026-01-20 07:50:34 | INFO     | [lf.day.flights_found] Found 1 flights on 28FEB
2026-01-20 07:50:36 | INFO     | [lf.flight.extracted] SM433 on 28FEB: BKG=28, LF=15.9%
2026-01-20 07:50:39 | INFO     | [SUCCESS] Day 28FEB
2026-01-20 07:50:39 | INFO     | [DAY_START] Processing 27FEB
2026-01-20 07:50:39 | INFO     | [lf.day.start] Processing CAI-DMM for 27FEB
2026-01-20 07:50:40 | INFO     | [lf.day.flights_found] Found 1 flights on 27FEB
2026-01-20 07:50:42 | INFO     | [lf.flight.extracted] SM433 on 27FEB: BKG=3, LF=1.7%
2026-01-20 07:50:45 | INFO     | [SUCCESS] Day 27FEB
2026-01-20 07:50:45 | INFO     | [DAY_START] Processing 26FEB
2026-01-20 07:50:45 | INFO     | [lf.day.start] Processing CAI-DMM for 26FEB
2026-01-20 07:50:46 | INFO     | [lf.day.flights_found] Found 1 flights on 26FEB
2026-01-20 07:50:48 | INFO     | [lf.flight.extracted] SM433 on 26FEB: BKG=2, LF=1.1%
2026-01-20 07:50:51 | INFO     | [SUCCESS] Day 26FEB
2026-01-20 07:50:51 | INFO     | [DAY_START] Processing 25FEB
2026-01-20 07:50:51 | INFO     | [lf.day.start] Processing CAI-DMM for 25FEB
2026-01-20 07:50:52 | WARNING  | [lf.day.no_flights] No direct flights on 25FEB
2026-01-20 07:50:52 | INFO     | [SUCCESS] Day 25FEB
2026-01-20 07:50:52 | INFO     | [DAY_START] Processing 24FEB
2026-01-20 07:50:52 | INFO     | [lf.day.start] Processing CAI-DMM for 24FEB
2026-01-20 07:50:53 | INFO     | [lf.day.flights_found] Found 1 flights on 24FEB
2026-01-20 07:50:55 | INFO     | [lf.flight.extracted] SM433 on 24FEB: BKG=4, LF=2.2%
2026-01-20 07:50:58 | INFO     | [SUCCESS] Day 24FEB
2026-01-20 07:50:58 | INFO     | [DAY_START] Processing 23FEB
2026-01-20 07:50:58 | INFO     | [lf.day.start] Processing CAI-DMM for 23FEB
2026-01-20 07:50:59 | WARNING  | [lf.day.no_flights] No direct flights on 23FEB
2026-01-20 07:50:59 | INFO     | [SUCCESS] Day 23FEB
2026-01-20 07:50:59 | INFO     | [DAY_START] Processing 22FEB
2026-01-20 07:50:59 | INFO     | [lf.day.start] Processing CAI-DMM for 22FEB
2026-01-20 07:51:00 | WARNING  | [lf.day.no_flights] No direct flights on 22FEB
2026-01-20 07:51:01 | INFO     | [SUCCESS] Day 22FEB
2026-01-20 07:51:01 | INFO     | [SUCCESS] LF Search Complete
2026-01-20 07:51:03 | INFO     | [Worker_9234] Completed: CAI-DMM - 8 results, 0 errors
2026-01-20 07:51:03 | INFO     | [Worker_9234] Processing: CAI-AJF
2026-01-20 07:51:03 | INFO     |   Tier 0: Range 2, Chunk 4/4 (8 days)
