2026-01-20 07:08:20 | INFO     | ======================================================================
2026-01-20 07:08:20 | INFO     | Load Factor Scraper Started - Route: CAI-AHB
2026-01-20 07:08:20 | INFO     | Log file: D:\CODERED\LAB\Artifacts\outputs\run_generated_200126_at_06.58\logs\LF_CAI-AHB_20260120_070820.log
2026-01-20 07:08:20 | INFO     | Enhanced logging: Capturing both logging.info() and print()
2026-01-20 07:08:20 | INFO     | ======================================================================
2026-01-20 07:08:20 | INFO     | Starting LF search for route: CAI-AHB
2026-01-20 07:08:20 | INFO     | [START] LF Search
2026-01-20 07:08:22 | INFO     | [HEALTH CHECK] [OK] Chrome connection is healthy
2026-01-20 07:08:22 | INFO     | [DAY_START] Processing 14MAY
2026-01-20 07:08:22 | INFO     | [lf.day.start] Processing CAI-AHB for 14MAY
2026-01-20 07:08:23 | INFO     | [lf.day.flights_found] Found 1 flights on 14MAY
2026-01-20 07:08:25 | INFO     | [lf.flight.extracted] SM443 on 14MAY: BKG=0, LF=0.0%
2026-01-20 07:08:27 | INFO     | [SUCCESS] Day 14MAY
2026-01-20 07:08:27 | INFO     | [DAY_START] Processing 13MAY
2026-01-20 07:08:27 | INFO     | [lf.day.start] Processing CAI-AHB for 13MAY
2026-01-20 07:08:28 | INFO     | [lf.day.flights_found] Found 1 flights on 13MAY
2026-01-20 07:08:31 | INFO     | [lf.flight.extracted] SM443 on 13MAY: BKG=0, LF=0.0%
2026-01-20 07:08:32 | INFO     | [SUCCESS] Day 13MAY
2026-01-20 07:08:32 | INFO     | [DAY_START] Processing 12MAY
2026-01-20 07:08:32 | INFO     | [lf.day.start] Processing CAI-AHB for 12MAY
2026-01-20 07:08:33 | WARNING  | [lf.day.no_flights] No direct flights on 12MAY
2026-01-20 07:08:33 | INFO     | [SUCCESS] Day 12MAY
2026-01-20 07:08:33 | INFO     | [DAY_START] Processing 11MAY
2026-01-20 07:08:33 | INFO     | [lf.day.start] Processing CAI-AHB for 11MAY
2026-01-20 07:08:34 | INFO     | [lf.day.flights_found] Found 1 flights on 11MAY
2026-01-20 07:08:37 | INFO     | [lf.flight.extracted] SM443 on 11MAY: BKG=0, LF=0.0%
2026-01-20 07:08:39 | INFO     | [SUCCESS] Day 11MAY
2026-01-20 07:08:39 | INFO     | [DAY_START] Processing 10MAY
2026-01-20 07:08:39 | INFO     | [lf.day.start] Processing CAI-AHB for 10MAY
2026-01-20 07:08:40 | WARNING  | [lf.day.no_flights] No direct flights on 10MAY
2026-01-20 07:08:40 | INFO     | [SUCCESS] Day 10MAY
2026-01-20 07:08:40 | INFO     | [DAY_START] Processing 09MAY
2026-01-20 07:08:40 | INFO     | [lf.day.start] Processing CAI-AHB for 09MAY
2026-01-20 07:08:41 | INFO     | [lf.day.flights_found] Found 1 flights on 09MAY
2026-01-20 07:08:44 | INFO     | [lf.flight.extracted] SM443 on 09MAY: BKG=7, LF=3.9%
2026-01-20 07:08:47 | INFO     | [SUCCESS] Day 09MAY
2026-01-20 07:08:47 | INFO     | [DAY_START] Processing 08MAY
2026-01-20 07:08:47 | INFO     | [lf.day.start] Processing CAI-AHB for 08MAY
2026-01-20 07:08:48 | WARNING  | [lf.day.no_flights] No direct flights on 08MAY
2026-01-20 07:08:48 | INFO     | [SUCCESS] Day 08MAY
2026-01-20 07:08:48 | INFO     | [DAY_START] Processing 07MAY
2026-01-20 07:08:48 | INFO     | [lf.day.start] Processing CAI-AHB for 07MAY
2026-01-20 07:08:49 | INFO     | [lf.day.flights_found] Found 1 flights on 07MAY
2026-01-20 07:08:51 | INFO     | [lf.flight.extracted] SM443 on 07MAY: BKG=0, LF=0.0%
2026-01-20 07:08:53 | INFO     | [SUCCESS] Day 07MAY
2026-01-20 07:08:53 | INFO     | [SUCCESS] LF Search Complete
2026-01-20 07:08:55 | INFO     | [Worker_9223] Completed: CAI-AHB - 8 results, 0 errors
2026-01-20 07:08:55 | INFO     | [Worker_9223] Processing: JED-HBE
2026-01-20 07:08:55 | INFO     |   Tier 0: Range 4, Chunk 4/4 (8 days)
