2026-01-20 07:50:24 | INFO     | ======================================================================
2026-01-20 07:50:24 | INFO     | Load Factor Scraper Started - Route: CAI-RUH
2026-01-20 07:50:24 | INFO     | Log file: D:\CODERED\LAB\Artifacts\outputs\run_generated_200126_at_06.58\logs\LF_CAI-RUH_20260120_075024.log
2026-01-20 07:50:24 | INFO     | Enhanced logging: Capturing both logging.info() and print()
2026-01-20 07:50:24 | INFO     | ======================================================================
2026-01-20 07:50:24 | INFO     | Starting LF search for route: CAI-RUH
2026-01-20 07:50:24 | INFO     | [START] LF Search
2026-01-20 07:50:25 | INFO     | [HEALTH CHECK] [OK] Chrome connection is healthy
2026-01-20 07:50:25 | INFO     | [DAY_START] Processing 01MAR
2026-01-20 07:50:25 | INFO     | [lf.day.start] Processing CAI-RUH for 01MAR
2026-01-20 07:50:27 | INFO     | [lf.day.flights_found] Found 1 flights on 01MAR
2026-01-20 07:50:29 | INFO     | [lf.flight.extracted] SM461 on 01MAR: BKG=10, LF=5.6%
2026-01-20 07:50:31 | INFO     | [SUCCESS] Day 01MAR
2026-01-20 07:50:31 | INFO     | [DAY_START] Processing 28FEB
2026-01-20 07:50:31 | INFO     | [lf.day.start] Processing CAI-RUH for 28FEB
2026-01-20 07:50:32 | INFO     | [lf.day.flights_found] Found 1 flights on 28FEB
2026-01-20 07:50:34 | INFO     | [lf.flight.extracted] SM461 on 28FEB: BKG=14, LF=7.8%
2026-01-20 07:50:37 | INFO     | [SUCCESS] Day 28FEB
2026-01-20 07:50:37 | INFO     | [DAY_START] Processing 27FEB
2026-01-20 07:50:37 | INFO     | [lf.day.start] Processing CAI-RUH for 27FEB
2026-01-20 07:50:38 | INFO     | [lf.day.flights_found] Found 2 flights on 27FEB
2026-01-20 07:50:40 | INFO     | [lf.flight.extracted] SM461 on 27FEB: BKG=8, LF=4.5%
2026-01-20 07:50:44 | INFO     | [lf.flight.extracted] SM469 on 27FEB: BKG=16, LF=8.9%
2026-01-20 07:50:48 | INFO     | [SUCCESS] Day 27FEB
2026-01-20 07:50:48 | INFO     | [DAY_START] Processing 26FEB
2026-01-20 07:50:48 | INFO     | [lf.day.start] Processing CAI-RUH for 26FEB
2026-01-20 07:50:49 | INFO     | [lf.day.flights_found] Found 1 flights on 26FEB
2026-01-20 07:50:51 | INFO     | [lf.flight.extracted] SM461 on 26FEB: BKG=1, LF=0.6%
2026-01-20 07:50:53 | INFO     | [SUCCESS] Day 26FEB
2026-01-20 07:50:53 | INFO     | [DAY_START] Processing 25FEB
2026-01-20 07:50:53 | INFO     | [lf.day.start] Processing CAI-RUH for 25FEB
2026-01-20 07:50:54 | INFO     | [lf.day.flights_found] Found 2 flights on 25FEB
2026-01-20 07:50:56 | INFO     | [lf.flight.extracted] SM461 on 25FEB: BKG=7, LF=3.9%
2026-01-20 07:51:00 | INFO     | [lf.flight.extracted] SM469 on 25FEB: BKG=2, LF=1.1%
2026-01-20 07:51:04 | INFO     | [SUCCESS] Day 25FEB
2026-01-20 07:51:04 | INFO     | [DAY_START] Processing 24FEB
2026-01-20 07:51:04 | INFO     | [lf.day.start] Processing CAI-RUH for 24FEB
2026-01-20 07:51:05 | INFO     | [lf.day.flights_found] Found 1 flights on 24FEB
2026-01-20 07:51:07 | INFO     | [lf.flight.extracted] SM469 on 24FEB: BKG=2, LF=1.1%
2026-01-20 07:51:10 | INFO     | [SUCCESS] Day 24FEB
2026-01-20 07:51:10 | INFO     | [DAY_START] Processing 23FEB
2026-01-20 07:51:10 | INFO     | [lf.day.start] Processing CAI-RUH for 23FEB
2026-01-20 07:51:12 | INFO     | [lf.day.flights_found] Found 1 flights on 23FEB
2026-01-20 07:51:14 | INFO     | [lf.flight.extracted] SM469 on 23FEB: BKG=5, LF=2.8%
2026-01-20 07:51:16 | INFO     | [SUCCESS] Day 23FEB
2026-01-20 07:51:16 | INFO     | [DAY_START] Processing 22FEB
2026-01-20 07:51:16 | INFO     | [lf.day.start] Processing CAI-RUH for 22FEB
2026-01-20 07:51:17 | INFO     | [lf.day.flights_found] Found 1 flights on 22FEB
2026-01-20 07:51:19 | INFO     | [lf.flight.extracted] SM461 on 22FEB: BKG=13, LF=7.4%
2026-01-20 07:51:22 | INFO     | [SUCCESS] Day 22FEB
2026-01-20 07:51:22 | INFO     | [SUCCESS] LF Search Complete
2026-01-20 07:51:24 | INFO     | [Worker_9224] Completed: CAI-RUH - 8 results, 0 errors
2026-01-20 07:51:24 | INFO     | [Worker_9224] Processing: ATZ-AHB
2026-01-20 07:51:24 | INFO     |   Tier 0: Range 2, Chunk 4/4 (8 days)
