2026-01-20 07:08:16 | INFO     | ======================================================================
2026-01-20 07:08:16 | INFO     | Load Factor Scraper Started - Route: CAI-YNB
2026-01-20 07:08:16 | INFO     | Log file: D:\CODERED\LAB\Artifacts\outputs\run_generated_200126_at_06.58\logs\LF_CAI-YNB_20260120_070816.log
2026-01-20 07:08:16 | INFO     | Enhanced logging: Capturing both logging.info() and print()
2026-01-20 07:08:16 | INFO     | ======================================================================
2026-01-20 07:08:16 | INFO     | Starting LF search for route: CAI-YNB
2026-01-20 07:08:16 | INFO     | [START] LF Search
2026-01-20 07:08:17 | INFO     | [HEALTH CHECK] [OK] Chrome connection is healthy
2026-01-20 07:08:17 | INFO     | [DAY_START] Processing 14MAY
2026-01-20 07:08:17 | INFO     | [lf.day.start] Processing CAI-YNB for 14MAY
2026-01-20 07:08:19 | INFO     | [lf.day.flights_found] Found 1 flights on 14MAY
2026-01-20 07:08:21 | INFO     | [lf.flight.extracted] SM441 on 14MAY: BKG=0, LF=0.0%
2026-01-20 07:08:22 | INFO     | [SUCCESS] Day 14MAY
2026-01-20 07:08:22 | INFO     | [DAY_START] Processing 13MAY
2026-01-20 07:08:22 | INFO     | [lf.day.start] Processing CAI-YNB for 13MAY
2026-01-20 07:08:23 | INFO     | [lf.day.flights_found] Found 1 flights on 13MAY
2026-01-20 07:08:26 | INFO     | [lf.flight.extracted] SM441 on 13MAY: BKG=0, LF=0.0%
2026-01-20 07:08:27 | INFO     | [SUCCESS] Day 13MAY
2026-01-20 07:08:27 | INFO     | [DAY_START] Processing 12MAY
2026-01-20 07:08:27 | INFO     | [lf.day.start] Processing CAI-YNB for 12MAY
2026-01-20 07:08:28 | INFO     | [lf.day.flights_found] Found 1 flights on 12MAY
2026-01-20 07:08:31 | INFO     | [lf.flight.extracted] SM441 on 12MAY: BKG=0, LF=0.0%
2026-01-20 07:08:32 | INFO     | [SUCCESS] Day 12MAY
2026-01-20 07:08:32 | INFO     | [DAY_START] Processing 11MAY
2026-01-20 07:08:32 | INFO     | [lf.day.start] Processing CAI-YNB for 11MAY
2026-01-20 07:08:34 | INFO     | [lf.day.flights_found] Found 1 flights on 11MAY
2026-01-20 07:08:36 | INFO     | [lf.flight.extracted] SM441 on 11MAY: BKG=0, LF=0.0%
2026-01-20 07:08:38 | INFO     | [SUCCESS] Day 11MAY
2026-01-20 07:08:38 | INFO     | [DAY_START] Processing 10MAY
2026-01-20 07:08:38 | INFO     | [lf.day.start] Processing CAI-YNB for 10MAY
2026-01-20 07:08:39 | INFO     | [lf.day.flights_found] Found 1 flights on 10MAY
2026-01-20 07:08:41 | INFO     | [lf.flight.extracted] SM441 on 10MAY: BKG=3, LF=1.7%
2026-01-20 07:08:44 | INFO     | [SUCCESS] Day 10MAY
2026-01-20 07:08:44 | INFO     | [DAY_START] Processing 09MAY
2026-01-20 07:08:44 | INFO     | [lf.day.start] Processing CAI-YNB for 09MAY
2026-01-20 07:08:47 | INFO     | [lf.day.flights_found] Found 1 flights on 09MAY
2026-01-20 07:08:49 | INFO     | [lf.flight.extracted] SM447 on 09MAY: BKG=0, LF=0.0%
2026-01-20 07:08:50 | INFO     | [SUCCESS] Day 09MAY
2026-01-20 07:08:50 | INFO     | [DAY_START] Processing 08MAY
2026-01-20 07:08:50 | INFO     | [lf.day.start] Processing CAI-YNB for 08MAY
2026-01-20 07:08:51 | INFO     | [lf.day.flights_found] Found 1 flights on 08MAY
2026-01-20 07:08:53 | INFO     | [lf.flight.extracted] SM441 on 08MAY: BKG=1, LF=0.6%
2026-01-20 07:08:57 | INFO     | [SUCCESS] Day 08MAY
2026-01-20 07:08:57 | INFO     | [DAY_START] Processing 07MAY
2026-01-20 07:08:57 | INFO     | [lf.day.start] Processing CAI-YNB for 07MAY
2026-01-20 07:08:58 | INFO     | [lf.day.flights_found] Found 1 flights on 07MAY
2026-01-20 07:09:03 | INFO     | [lf.flight.extracted] SM441 on 07MAY: BKG=2, LF=1.1%
2026-01-20 07:09:08 | INFO     | [SUCCESS] Day 07MAY
2026-01-20 07:09:08 | INFO     | [SUCCESS] LF Search Complete
2026-01-20 07:09:10 | INFO     | [Worker_9222] Completed: CAI-YNB - 8 results, 0 errors
2026-01-20 07:09:10 | INFO     | [Worker_9222] Processing: JED-ASW
2026-01-20 07:09:10 | INFO     |   Tier 0: Range 4, Chunk 4/4 (8 days)
