2026-01-20 08:11:41 | INFO     | ======================================================================
2026-01-20 08:11:41 | INFO     | Load Factor Scraper Started - Route: CAI-AJF
2026-01-20 08:11:41 | INFO     | Log file: D:\CODERED\LAB\Artifacts\outputs\run_generated_200126_at_06.58\logs\LF_CAI-AJF_20260120_081141.log
2026-01-20 08:11:41 | INFO     | Enhanced logging: Capturing both logging.info() and print()
2026-01-20 08:11:41 | INFO     | ======================================================================
2026-01-20 08:11:41 | INFO     | Starting LF search for route: CAI-AJF
2026-01-20 08:11:41 | INFO     | [START] LF Search
2026-01-20 08:11:42 | INFO     | [HEALTH CHECK] [OK] Chrome connection is healthy
2026-01-20 08:11:43 | INFO     | [DAY_START] Processing 27JAN
2026-01-20 08:11:43 | INFO     | [lf.day.start] Processing CAI-AJF for 27JAN
2026-01-20 08:11:44 | INFO     | [lf.day.flights_found] Found 1 flights on 27JAN
2026-01-20 08:11:46 | INFO     | [lf.flight.extracted] SM321 on 27JAN: BKG=72, LF=40.2%
2026-01-20 08:11:51 | INFO     | [SUCCESS] Day 27JAN
2026-01-20 08:11:51 | INFO     | [DAY_START] Processing 26JAN
2026-01-20 08:11:51 | INFO     | [lf.day.start] Processing CAI-AJF for 26JAN
2026-01-20 08:11:52 | WARNING  | [lf.day.no_flights] No direct flights on 26JAN
2026-01-20 08:11:52 | INFO     | [SUCCESS] Day 26JAN
2026-01-20 08:11:52 | INFO     | [DAY_START] Processing 25JAN
2026-01-20 08:11:52 | INFO     | [lf.day.start] Processing CAI-AJF for 25JAN
2026-01-20 08:11:53 | WARNING  | [lf.day.no_flights] No direct flights on 25JAN
2026-01-20 08:11:54 | INFO     | [SUCCESS] Day 25JAN
2026-01-20 08:11:54 | INFO     | [DAY_START] Processing 24JAN
2026-01-20 08:11:54 | INFO     | [lf.day.start] Processing CAI-AJF for 24JAN
2026-01-20 08:11:55 | INFO     | [lf.day.flights_found] Found 1 flights on 24JAN
2026-01-20 08:11:57 | INFO     | [lf.flight.extracted] SM321 on 24JAN: BKG=174, LF=97.2%
2026-01-20 08:12:03 | INFO     | [SUCCESS] Day 24JAN
2026-01-20 08:12:03 | INFO     | [DAY_START] Processing 23JAN
2026-01-20 08:12:03 | INFO     | [lf.day.start] Processing CAI-AJF for 23JAN
2026-01-20 08:12:04 | WARNING  | [lf.day.no_flights] No direct flights on 23JAN
2026-01-20 08:12:05 | INFO     | [SUCCESS] Day 23JAN
2026-01-20 08:12:05 | INFO     | [DAY_START] Processing 22JAN
2026-01-20 08:12:05 | INFO     | [lf.day.start] Processing CAI-AJF for 22JAN
2026-01-20 08:12:06 | INFO     | [lf.day.flights_found] Found 1 flights on 22JAN
2026-01-20 08:12:08 | INFO     | [lf.flight.extracted] SM321 on 22JAN: BKG=176, LF=98.3%
2026-01-20 08:12:14 | ERROR    | Atomic write failed for D:\CODERED\LAB\Artifacts\outputs\run_generated_200126_at_06.58\checkpoints\flight_booking_data.json: [WinError 5] Access is denied: 'D:\\CODERED\\LAB\\Artifacts\\outputs\\run_generated_200126_at_06.58\\checkpoints\\flight_booking_data.tmp_a45fbcb7' -> 'D:\\CODERED\\LAB\\Artifacts\\outputs\\run_generated_200126_at_06.58\\checkpoints\\flight_booking_data.json'
2026-01-20 08:12:14 | INFO     | [SUCCESS] Day 22JAN
2026-01-20 08:12:14 | INFO     | [DAY_START] Processing 21JAN
2026-01-20 08:12:14 | INFO     | [lf.day.start] Processing CAI-AJF for 21JAN
2026-01-20 08:12:15 | WARNING  | [lf.day.no_flights] No direct flights on 21JAN
2026-01-20 08:12:15 | INFO     | [SUCCESS] Day 21JAN
2026-01-20 08:12:15 | INFO     | [SUCCESS] LF Search Complete
2026-01-20 08:12:18 | INFO     | [Worker_9232] Completed: CAI-AJF - 7 results, 0 errors
2026-01-20 08:12:18 | INFO     | [Worker_9232] Processing: CAI-ELQ
2026-01-20 08:12:18 | INFO     |   Tier 0: Range 1, Chunk 4/4 (8 days)
