2026-01-20 07:07:53 | INFO     | ======================================================================
2026-01-20 07:07:53 | INFO     | Load Factor Scraper Started - Route: CAI-DMM
2026-01-20 07:07:53 | INFO     | Log file: D:\CODERED\LAB\Artifacts\outputs\run_generated_200126_at_06.58\logs\LF_CAI-DMM_20260120_070753.log
2026-01-20 07:07:53 | INFO     | Enhanced logging: Capturing both logging.info() and print()
2026-01-20 07:07:53 | INFO     | ======================================================================
2026-01-20 07:07:53 | INFO     | Starting LF search for route: CAI-DMM
2026-01-20 07:07:53 | INFO     | [START] LF Search
2026-01-20 07:07:55 | INFO     | [HEALTH CHECK] [OK] Chrome connection is healthy
2026-01-20 07:07:55 | INFO     | [DAY_START] Processing 14MAY
2026-01-20 07:07:55 | INFO     | [lf.day.start] Processing CAI-DMM for 14MAY
2026-01-20 07:07:56 | INFO     | [lf.day.flights_found] Found 1 flights on 14MAY
2026-01-20 07:07:58 | INFO     | [lf.flight.extracted] SM433 on 14MAY: BKG=0, LF=0.0%
2026-01-20 07:07:59 | INFO     | [SUCCESS] Day 14MAY
2026-01-20 07:07:59 | INFO     | [DAY_START] Processing 13MAY
2026-01-20 07:07:59 | INFO     | [lf.day.start] Processing CAI-DMM for 13MAY
2026-01-20 07:08:03 | INFO     | [lf.day.flights_found] Found 1 flights on 13MAY
2026-01-20 07:08:05 | INFO     | [lf.flight.extracted] SM433 on 13MAY: BKG=0, LF=0.0%
2026-01-20 07:08:06 | INFO     | [SUCCESS] Day 13MAY
2026-01-20 07:08:06 | INFO     | [DAY_START] Processing 12MAY
2026-01-20 07:08:06 | INFO     | [lf.day.start] Processing CAI-DMM for 12MAY
2026-01-20 07:08:07 | INFO     | [lf.day.flights_found] Found 1 flights on 12MAY
2026-01-20 07:08:09 | INFO     | [lf.flight.extracted] SM433 on 12MAY: BKG=0, LF=0.0%
2026-01-20 07:08:11 | INFO     | [SUCCESS] Day 12MAY
2026-01-20 07:08:11 | INFO     | [DAY_START] Processing 11MAY
2026-01-20 07:08:11 | INFO     | [lf.day.start] Processing CAI-DMM for 11MAY
2026-01-20 07:08:12 | INFO     | [lf.day.flights_found] Found 1 flights on 11MAY
2026-01-20 07:08:14 | INFO     | [lf.flight.extracted] SM433 on 11MAY: BKG=0, LF=0.0%
2026-01-20 07:08:15 | INFO     | [SUCCESS] Day 11MAY
2026-01-20 07:08:15 | INFO     | [DAY_START] Processing 10MAY
2026-01-20 07:08:15 | INFO     | [lf.day.start] Processing CAI-DMM for 10MAY
2026-01-20 07:08:17 | INFO     | [lf.day.flights_found] Found 1 flights on 10MAY
2026-01-20 07:08:19 | INFO     | [lf.flight.extracted] SM439 on 10MAY: BKG=0, LF=0.0%
2026-01-20 07:08:20 | INFO     | [SUCCESS] Day 10MAY
2026-01-20 07:08:20 | INFO     | [DAY_START] Processing 09MAY
2026-01-20 07:08:20 | INFO     | [lf.day.start] Processing CAI-DMM for 09MAY
2026-01-20 07:08:21 | INFO     | [lf.day.flights_found] Found 1 flights on 09MAY
2026-01-20 07:08:24 | INFO     | [lf.flight.extracted] SM433 on 09MAY: BKG=4, LF=2.2%
2026-01-20 07:08:27 | INFO     | [SUCCESS] Day 09MAY
2026-01-20 07:08:27 | INFO     | [DAY_START] Processing 08MAY
2026-01-20 07:08:27 | INFO     | [lf.day.start] Processing CAI-DMM for 08MAY
2026-01-20 07:08:28 | INFO     | [lf.day.flights_found] Found 1 flights on 08MAY
2026-01-20 07:08:31 | INFO     | [lf.flight.extracted] SM439 on 08MAY: BKG=1, LF=0.6%
2026-01-20 07:08:34 | INFO     | [SUCCESS] Day 08MAY
2026-01-20 07:08:34 | INFO     | [DAY_START] Processing 07MAY
2026-01-20 07:08:34 | INFO     | [lf.day.start] Processing CAI-DMM for 07MAY
2026-01-20 07:08:35 | INFO     | [lf.day.flights_found] Found 1 flights on 07MAY
2026-01-20 07:08:38 | INFO     | [lf.flight.extracted] SM433 on 07MAY: BKG=1, LF=0.6%
2026-01-20 07:08:41 | INFO     | [SUCCESS] Day 07MAY
2026-01-20 07:08:41 | INFO     | [SUCCESS] LF Search Complete
2026-01-20 07:08:43 | INFO     | [Worker_9224] Completed: CAI-DMM - 8 results, 0 errors
2026-01-20 07:08:43 | INFO     | [Worker_9224] Processing: MED-HBE
2026-01-20 07:08:43 | INFO     |   Tier 0: Range 4, Chunk 4/4 (8 days)
