2026-01-20 07:22:58 | INFO     | ======================================================================
2026-01-20 07:22:58 | INFO     | Load Factor Scraper Started - Route: CAI-AHB
2026-01-20 07:22:58 | INFO     | Log file: D:\CODERED\LAB\Artifacts\outputs\run_generated_200126_at_06.58\logs\LF_CAI-AHB_20260120_072258.log
2026-01-20 07:22:58 | INFO     | Enhanced logging: Capturing both logging.info() and print()
2026-01-20 07:22:58 | INFO     | ======================================================================
2026-01-20 07:22:58 | INFO     | Starting LF search for route: CAI-AHB
2026-01-20 07:22:58 | INFO     | [START] LF Search
2026-01-20 07:23:01 | INFO     | [HEALTH CHECK] [OK] Chrome connection is healthy
2026-01-20 07:23:02 | INFO     | [DAY_START] Processing 11APR
2026-01-20 07:23:02 | INFO     | [lf.day.start] Processing CAI-AHB for 11APR
2026-01-20 07:23:03 | INFO     | [lf.day.flights_found] Found 1 flights on 11APR
2026-01-20 07:23:06 | INFO     | [lf.flight.extracted] SM443 on 11APR: BKG=21, LF=11.7%
2026-01-20 07:23:10 | INFO     | [SUCCESS] Day 11APR
2026-01-20 07:23:10 | INFO     | [DAY_START] Processing 10APR
2026-01-20 07:23:10 | INFO     | [lf.day.start] Processing CAI-AHB for 10APR
2026-01-20 07:23:11 | WARNING  | [lf.day.no_flights] No direct flights on 10APR
2026-01-20 07:23:11 | INFO     | [SUCCESS] Day 10APR
2026-01-20 07:23:11 | INFO     | [DAY_START] Processing 09APR
2026-01-20 07:23:11 | INFO     | [lf.day.start] Processing CAI-AHB for 09APR
2026-01-20 07:23:12 | INFO     | [lf.day.flights_found] Found 1 flights on 09APR
2026-01-20 07:23:16 | INFO     | [lf.flight.extracted] SM443 on 09APR: BKG=15, LF=8.4%
2026-01-20 07:23:21 | INFO     | [SUCCESS] Day 09APR
2026-01-20 07:23:21 | INFO     | [DAY_START] Processing 08APR
2026-01-20 07:23:21 | INFO     | [lf.day.start] Processing CAI-AHB for 08APR
2026-01-20 07:23:22 | INFO     | [lf.day.flights_found] Found 1 flights on 08APR
2026-01-20 07:23:35 | INFO     | [lf.flight.extracted] SM443 on 08APR: BKG=11, LF=6.2%
2026-01-20 07:23:44 | INFO     | [SUCCESS] Day 08APR
2026-01-20 07:23:44 | INFO     | [DAY_START] Processing 07APR
2026-01-20 07:23:44 | INFO     | [lf.day.start] Processing CAI-AHB for 07APR
2026-01-20 07:23:46 | WARNING  | [lf.day.no_flights] No direct flights on 07APR
2026-01-20 07:23:46 | INFO     | [SUCCESS] Day 07APR
2026-01-20 07:23:46 | INFO     | [DAY_START] Processing 06APR
2026-01-20 07:23:46 | INFO     | [lf.day.start] Processing CAI-AHB for 06APR
2026-01-20 07:23:50 | INFO     | [lf.day.flights_found] Found 1 flights on 06APR
2026-01-20 07:23:55 | INFO     | [lf.flight.extracted] SM443 on 06APR: BKG=15, LF=8.4%
2026-01-20 07:24:44 | INFO     | [SUCCESS] Day 06APR
2026-01-20 07:24:44 | INFO     | [DAY_START] Processing 05APR
2026-01-20 07:24:44 | INFO     | [lf.day.start] Processing CAI-AHB for 05APR
2026-01-20 07:24:51 | WARNING  | [lf.day.no_flights] No direct flights on 05APR
2026-01-20 07:24:51 | INFO     | [SUCCESS] Day 05APR
2026-01-20 07:24:51 | INFO     | [DAY_START] Processing 04APR
2026-01-20 07:24:51 | INFO     | [lf.day.start] Processing CAI-AHB for 04APR
2026-01-20 07:25:01 | INFO     | [lf.day.flights_found] Found 1 flights on 04APR
2026-01-20 07:25:08 | INFO     | [lf.flight.extracted] SM443 on 04APR: BKG=35, LF=19.6%
2026-01-20 07:25:22 | INFO     | [SUCCESS] Day 04APR
2026-01-20 07:25:22 | INFO     | [SUCCESS] LF Search Complete
2026-01-20 07:25:25 | INFO     | [Worker_9225] Completed: CAI-AHB - 8 results, 0 errors
2026-01-20 07:25:25 | INFO     | [Worker_9225] Processing: JED-ASW
2026-01-20 07:25:25 | INFO     |   Tier 0: Range 3, Chunk 4/4 (8 days)
