2026-01-20 07:12:00 | INFO     | ======================================================================
2026-01-20 07:12:00 | INFO     | Load Factor Scraper Started - Route: CAI-GIZ
2026-01-20 07:12:00 | INFO     | Log file: D:\CODERED\LAB\Artifacts\outputs\run_generated_200126_at_06.58\logs\LF_CAI-GIZ_20260120_071200.log
2026-01-20 07:12:00 | INFO     | Enhanced logging: Capturing both logging.info() and print()
2026-01-20 07:12:00 | INFO     | ======================================================================
2026-01-20 07:12:00 | INFO     | Starting LF search for route: CAI-GIZ
2026-01-20 07:12:00 | INFO     | [START] LF Search
2026-01-20 07:12:02 | INFO     | [HEALTH CHECK] [OK] Chrome connection is healthy
2026-01-20 07:12:02 | INFO     | [DAY_START] Processing 06MAY
2026-01-20 07:12:02 | INFO     | [lf.day.start] Processing CAI-GIZ for 06MAY
2026-01-20 07:12:03 | INFO     | [lf.day.flights_found] Found 1 flights on 06MAY
2026-01-20 07:12:06 | INFO     | [lf.flight.extracted] SM329 on 06MAY: BKG=0, LF=0.0%
2026-01-20 07:12:07 | INFO     | [SUCCESS] Day 06MAY
2026-01-20 07:12:07 | INFO     | [DAY_START] Processing 05MAY
2026-01-20 07:12:07 | INFO     | [lf.day.start] Processing CAI-GIZ for 05MAY
2026-01-20 07:12:08 | WARNING  | [lf.day.no_flights] No direct flights on 05MAY
2026-01-20 07:12:08 | INFO     | [SUCCESS] Day 05MAY
2026-01-20 07:12:08 | INFO     | [DAY_START] Processing 04MAY
2026-01-20 07:12:08 | INFO     | [lf.day.start] Processing CAI-GIZ for 04MAY
2026-01-20 07:12:09 | WARNING  | [lf.day.no_flights] No direct flights on 04MAY
2026-01-20 07:12:09 | INFO     | [SUCCESS] Day 04MAY
2026-01-20 07:12:09 | INFO     | [DAY_START] Processing 03MAY
2026-01-20 07:12:09 | INFO     | [lf.day.start] Processing CAI-GIZ for 03MAY
2026-01-20 07:12:12 | WARNING  | [lf.day.no_flights] No direct flights on 03MAY
2026-01-20 07:12:12 | INFO     | [SUCCESS] Day 03MAY
2026-01-20 07:12:12 | INFO     | [DAY_START] Processing 02MAY
2026-01-20 07:12:12 | INFO     | [lf.day.start] Processing CAI-GIZ for 02MAY
2026-01-20 07:12:15 | INFO     | [lf.day.flights_found] Found 1 flights on 02MAY
2026-01-20 07:12:17 | INFO     | [lf.flight.extracted] SM329 on 02MAY: BKG=2, LF=1.1%
2026-01-20 07:12:21 | INFO     | [SUCCESS] Day 02MAY
2026-01-20 07:12:21 | INFO     | [DAY_START] Processing 01MAY
2026-01-20 07:12:21 | INFO     | [lf.day.start] Processing CAI-GIZ for 01MAY
2026-01-20 07:12:22 | WARNING  | [lf.day.no_flights] No direct flights on 01MAY
2026-01-20 07:12:22 | INFO     | [SUCCESS] Day 01MAY
2026-01-20 07:12:22 | INFO     | [DAY_START] Processing 30APR
2026-01-20 07:12:22 | INFO     | [lf.day.start] Processing CAI-GIZ for 30APR
2026-01-20 07:12:23 | INFO     | [lf.day.flights_found] Found 1 flights on 30APR
2026-01-20 07:12:25 | INFO     | [lf.flight.extracted] SM329 on 30APR: BKG=7, LF=3.9%
2026-01-20 07:12:28 | INFO     | [SUCCESS] Day 30APR
2026-01-20 07:12:28 | INFO     | [DAY_START] Processing 29APR
2026-01-20 07:12:28 | INFO     | [lf.day.start] Processing CAI-GIZ for 29APR
2026-01-20 07:12:29 | INFO     | [lf.day.flights_found] Found 1 flights on 29APR
2026-01-20 07:12:32 | INFO     | [lf.flight.extracted] SM329 on 29APR: BKG=7, LF=3.9%
2026-01-20 07:12:34 | INFO     | [SUCCESS] Day 29APR
2026-01-20 07:12:34 | INFO     | [SUCCESS] LF Search Complete
2026-01-20 07:12:36 | INFO     | [Worker_9226] Completed: CAI-GIZ - 8 results, 0 errors
2026-01-20 07:12:36 | INFO     | [Worker_9226] Processing: RUH-ATZ
2026-01-20 07:12:36 | INFO     |   Tier 0: Range 3, Chunk 1/4 (9 days)
