2026-01-20 07:54:58 | INFO     | ======================================================================
2026-01-20 07:54:58 | INFO     | Load Factor Scraper Started - Route: CAI-JED
2026-01-20 07:54:58 | INFO     | Log file: D:\CODERED\LAB\Artifacts\outputs\run_generated_200126_at_06.58\logs\LF_CAI-JED_20260120_075458.log
2026-01-20 07:54:58 | INFO     | Enhanced logging: Capturing both logging.info() and print()
2026-01-20 07:54:58 | INFO     | ======================================================================
2026-01-20 07:54:58 | INFO     | Starting LF search for route: CAI-JED
2026-01-20 07:54:58 | INFO     | [START] LF Search
2026-01-20 07:55:00 | INFO     | [HEALTH CHECK] [OK] Chrome connection is healthy
2026-01-20 07:55:00 | INFO     | [DAY_START] Processing 21FEB
2026-01-20 07:55:00 | INFO     | [lf.day.start] Processing CAI-JED for 21FEB
2026-01-20 07:55:01 | INFO     | [lf.day.flights_found] Found 3 flights on 21FEB
2026-01-20 07:55:03 | INFO     | [lf.flight.extracted] SM449 on 21FEB: BKG=163, LF=91.1%
2026-01-20 07:55:07 | INFO     | [lf.flight.extracted] SM475 on 21FEB: BKG=156, LF=88.6%
2026-01-20 07:55:11 | INFO     | [lf.flight.extracted] SM423 on 21FEB: BKG=162, LF=90.5%
2026-01-20 07:55:21 | INFO     | [SUCCESS] Day 21FEB
2026-01-20 07:55:21 | INFO     | [DAY_START] Processing 20FEB
2026-01-20 07:55:21 | INFO     | [lf.day.start] Processing CAI-JED for 20FEB
2026-01-20 07:55:22 | INFO     | [lf.day.flights_found] Found 5 flights on 20FEB
2026-01-20 07:55:24 | INFO     | [lf.flight.extracted] SM475 on 20FEB: BKG=175, LF=97.8%
2026-01-20 07:55:28 | INFO     | [lf.flight.extracted] SM975 on 20FEB: BKG=170, LF=95.0%
2026-01-20 07:55:32 | INFO     | [lf.flight.extracted] SM477 on 20FEB: BKG=163, LF=91.1%
2026-01-20 07:55:35 | INFO     | [lf.flight.extracted] SM479 on 20FEB: BKG=171, LF=95.5%
2026-01-20 07:55:39 | INFO     | [lf.flight.extracted] SM459 on 20FEB: BKG=149, LF=83.2%
2026-01-20 07:55:54 | INFO     | [SUCCESS] Day 20FEB
2026-01-20 07:55:54 | INFO     | [DAY_START] Processing 19FEB
2026-01-20 07:55:54 | INFO     | [lf.day.start] Processing CAI-JED for 19FEB
2026-01-20 07:55:55 | INFO     | [lf.day.flights_found] Found 5 flights on 19FEB
2026-01-20 07:55:58 | INFO     | [lf.flight.extracted] SM449 on 19FEB: BKG=159, LF=88.8%
2026-01-20 07:56:01 | INFO     | [lf.flight.extracted] SM475 on 19FEB: BKG=157, LF=89.2%
2026-01-20 07:56:05 | INFO     | [lf.flight.extracted] SM431 on 19FEB: BKG=162, LF=90.5%
2026-01-20 07:56:09 | INFO     | [lf.flight.extracted] SM477 on 19FEB: BKG=171, LF=95.5%
2026-01-20 07:56:12 | INFO     | [lf.flight.extracted] SM423 on 19FEB: BKG=154, LF=86.0%
2026-01-20 07:56:28 | INFO     | [SUCCESS] Day 19FEB
2026-01-20 07:56:28 | INFO     | [DAY_START] Processing 18FEB
2026-01-20 07:56:28 | INFO     | [lf.day.start] Processing CAI-JED for 18FEB
2026-01-20 07:56:29 | INFO     | [lf.day.flights_found] Found 6 flights on 18FEB
2026-01-20 07:56:31 | INFO     | [lf.flight.extracted] SM423 on 18FEB: BKG=155, LF=88.1%
2026-01-20 07:56:35 | INFO     | [lf.flight.extracted] SM475 on 18FEB: BKG=154, LF=86.0%
2026-01-20 07:56:38 | INFO     | [lf.flight.extracted] SM459 on 18FEB: BKG=147, LF=82.1%
2026-01-20 07:56:42 | INFO     | [lf.flight.extracted] SM477 on 18FEB: BKG=162, LF=90.5%
2026-01-20 07:56:46 | INFO     | [lf.flight.extracted] SM955 on 18FEB: BKG=170, LF=95.0%
2026-01-20 07:56:49 | INFO     | [lf.flight.extracted] SM471 on 18FEB: BKG=177, LF=98.9%
2026-01-20 07:57:03 | INFO     | [SUCCESS] Day 18FEB
2026-01-20 07:57:03 | INFO     | [DAY_START] Processing 17FEB
2026-01-20 07:57:03 | INFO     | [lf.day.start] Processing CAI-JED for 17FEB
2026-01-20 07:57:04 | INFO     | [lf.day.flights_found] Found 7 flights on 17FEB
2026-01-20 07:57:07 | INFO     | [lf.flight.extracted] SM471 on 17FEB: BKG=167, LF=93.3%
2026-01-20 07:57:10 | INFO     | [lf.flight.extracted] SM975 on 17FEB: BKG=180, LF=100.6%
2026-01-20 07:57:14 | INFO     | [lf.flight.extracted] SM479 on 17FEB: BKG=163, LF=91.1%
2026-01-20 07:57:17 | INFO     | [lf.flight.extracted] SM477 on 17FEB: BKG=163, LF=91.1%
2026-01-20 07:57:20 | INFO     | [lf.flight.extracted] SM459 on 17FEB: BKG=167, LF=94.9%
2026-01-20 07:57:24 | INFO     | [lf.flight.extracted] SM475 on 17FEB: BKG=171, LF=95.5%
2026-01-20 07:57:27 | INFO     | [lf.flight.extracted] SM2463 on 17FEB: BKG=175, LF=97.2%
2026-01-20 07:57:57 | INFO     | [SUCCESS] Day 17FEB
2026-01-20 07:57:57 | INFO     | [DAY_START] Processing 16FEB
2026-01-20 07:57:57 | INFO     | [lf.day.start] Processing CAI-JED for 16FEB
2026-01-20 07:57:58 | INFO     | [lf.day.flights_found] Found 4 flights on 16FEB
2026-01-20 07:57:59 | INFO     | [lf.flight.extracted] SM2453 on 16FEB: BKG=0, LF=0.0%
2026-01-20 07:58:03 | INFO     | [lf.flight.extracted] SM475 on 16FEB: BKG=176, LF=98.3%
2026-01-20 07:58:07 | INFO     | [lf.flight.extracted] SM477 on 16FEB: BKG=170, LF=95.0%
2026-01-20 07:58:10 | INFO     | [lf.flight.extracted] SM977 on 16FEB: BKG=170, LF=95.0%
2026-01-20 07:58:20 | INFO     | [SUCCESS] Day 16FEB
2026-01-20 07:58:20 | INFO     | [DAY_START] Processing 15FEB
2026-01-20 07:58:20 | INFO     | [lf.day.start] Processing CAI-JED for 15FEB
2026-01-20 07:58:21 | INFO     | [lf.day.flights_found] Found 6 flights on 15FEB
2026-01-20 07:58:23 | INFO     | [lf.flight.extracted] SM475 on 15FEB: BKG=172, LF=96.1%
2026-01-20 07:58:30 | INFO     | [lf.flight.extracted] SM431 on 15FEB: BKG=165, LF=92.2%
2026-01-20 07:58:34 | INFO     | [lf.flight.extracted] SM2483 on 15FEB: BKG=175, LF=97.8%
2026-01-20 07:58:37 | INFO     | [lf.flight.extracted] SM459 on 15FEB: BKG=171, LF=97.2%
2026-01-20 07:58:40 | INFO     | [lf.flight.extracted] SM975 on 15FEB: BKG=170, LF=95.0%
2026-01-20 07:58:44 | INFO     | [lf.flight.extracted] SM479 on 15FEB: BKG=174, LF=97.2%
2026-01-20 07:58:59 | INFO     | [SUCCESS] Day 15FEB
2026-01-20 07:58:59 | INFO     | [DAY_START] Processing 14FEB
2026-01-20 07:58:59 | INFO     | [lf.day.start] Processing CAI-JED for 14FEB
2026-01-20 07:59:00 | INFO     | [lf.day.flights_found] Found 5 flights on 14FEB
2026-01-20 07:59:02 | INFO     | [lf.flight.extracted] SM449 on 14FEB: BKG=160, LF=89.4%
2026-01-20 07:59:06 | INFO     | [lf.flight.extracted] SM475 on 14FEB: BKG=176, LF=100.0%
2026-01-20 07:59:09 | INFO     | [lf.flight.extracted] SM977 on 14FEB: BKG=170, LF=95.0%
2026-01-20 07:59:13 | INFO     | [lf.flight.extracted] SM477 on 14FEB: BKG=177, LF=98.9%
2026-01-20 07:59:16 | INFO     | [lf.flight.extracted] SM423 on 14FEB: BKG=172, LF=96.1%
2026-01-20 07:59:32 | INFO     | [SUCCESS] Day 14FEB
2026-01-20 07:59:32 | INFO     | [DAY_START] Processing 13FEB
2026-01-20 07:59:32 | INFO     | [lf.day.start] Processing CAI-JED for 13FEB
2026-01-20 07:59:33 | INFO     | [lf.day.flights_found] Found 5 flights on 13FEB
2026-01-20 07:59:35 | INFO     | [lf.flight.extracted] SM475 on 13FEB: BKG=188, LF=105.0%
2026-01-20 07:59:38 | INFO     | [lf.flight.extracted] SM477 on 13FEB: BKG=185, LF=103.4%
2026-01-20 07:59:42 | INFO     | [lf.flight.extracted] SM479 on 13FEB: BKG=176, LF=100.0%
2026-01-20 07:59:45 | INFO     | [lf.flight.extracted] SM459 on 13FEB: BKG=177, LF=98.9%
2026-01-20 07:59:49 | INFO     | [lf.flight.extracted] SM975 on 13FEB: BKG=180, LF=100.6%
2026-01-20 08:00:02 | INFO     | [SUCCESS] Day 13FEB
2026-01-20 08:00:02 | INFO     | [SUCCESS] LF Search Complete
2026-01-20 08:00:04 | INFO     | [Worker_9232] Completed: CAI-JED - 9 results, 0 errors
2026-01-20 08:00:04 | INFO     | [Worker_9232] Processing: HBE-JED
2026-01-20 08:00:04 | INFO     |   Tier 0: Range 1, Chunk 2/4 (8 days)
