2026-01-20 07:28:30 | INFO     | ======================================================================
2026-01-20 07:28:30 | INFO     | Load Factor Scraper Started - Route: CAI-MED
2026-01-20 07:28:30 | INFO     | Log file: D:\CODERED\LAB\Artifacts\outputs\run_generated_200126_at_06.58\logs\LF_CAI-MED_20260120_072830.log
2026-01-20 07:28:30 | INFO     | Enhanced logging: Capturing both logging.info() and print()
2026-01-20 07:28:30 | INFO     | ======================================================================
2026-01-20 07:28:30 | INFO     | Starting LF search for route: CAI-MED
2026-01-20 07:28:30 | INFO     | [START] LF Search
2026-01-20 07:28:34 | INFO     | [HEALTH CHECK] [OK] Chrome connection is healthy
2026-01-20 07:28:34 | INFO     | [DAY_START] Processing 03APR
2026-01-20 07:28:34 | INFO     | [lf.day.start] Processing CAI-MED for 03APR
2026-01-20 07:28:37 | WARNING  | [lf.day.no_flights] No direct flights on 03APR
2026-01-20 07:28:37 | INFO     | [SUCCESS] Day 03APR
2026-01-20 07:28:37 | INFO     | [DAY_START] Processing 02APR
2026-01-20 07:28:37 | INFO     | [lf.day.start] Processing CAI-MED for 02APR
2026-01-20 07:28:41 | INFO     | [lf.day.flights_found] Found 1 flights on 02APR
2026-01-20 07:28:47 | INFO     | [lf.flight.extracted] SM493 on 02APR: BKG=3, LF=1.7%
2026-01-20 07:28:52 | INFO     | [SUCCESS] Day 02APR
2026-01-20 07:28:52 | INFO     | [DAY_START] Processing 01APR
2026-01-20 07:28:52 | INFO     | [lf.day.start] Processing CAI-MED for 01APR
2026-01-20 07:28:53 | INFO     | [lf.day.flights_found] Found 1 flights on 01APR
2026-01-20 07:29:00 | INFO     | [lf.flight.extracted] SM493 on 01APR: BKG=4, LF=2.2%
2026-01-20 07:29:08 | INFO     | [SUCCESS] Day 01APR
2026-01-20 07:29:08 | INFO     | [DAY_START] Processing 31MAR
2026-01-20 07:29:08 | INFO     | [lf.day.start] Processing CAI-MED for 31MAR
2026-01-20 07:29:09 | INFO     | [lf.day.flights_found] Found 1 flights on 31MAR
2026-01-20 07:29:11 | INFO     | [lf.flight.extracted] SM493 on 31MAR: BKG=0, LF=0.0%
2026-01-20 07:29:13 | INFO     | [SUCCESS] Day 31MAR
2026-01-20 07:29:13 | INFO     | [DAY_START] Processing 30MAR
2026-01-20 07:29:13 | INFO     | [lf.day.start] Processing CAI-MED for 30MAR
2026-01-20 07:29:14 | WARNING  | [lf.day.no_flights] No direct flights on 30MAR
2026-01-20 07:29:14 | INFO     | [SUCCESS] Day 30MAR
2026-01-20 07:29:14 | INFO     | [DAY_START] Processing 29MAR
2026-01-20 07:29:14 | INFO     | [lf.day.start] Processing CAI-MED for 29MAR
2026-01-20 07:29:16 | INFO     | [lf.day.flights_found] Found 1 flights on 29MAR
2026-01-20 07:29:18 | INFO     | [lf.flight.extracted] SM493 on 29MAR: BKG=60, LF=33.5%
2026-01-20 07:29:22 | INFO     | [SUCCESS] Day 29MAR
2026-01-20 07:29:22 | INFO     | [DAY_START] Processing 28MAR
2026-01-20 07:29:22 | INFO     | [lf.day.start] Processing CAI-MED for 28MAR
2026-01-20 07:29:23 | INFO     | [lf.day.flights_found] Found 1 flights on 28MAR
2026-01-20 07:29:25 | INFO     | [lf.flight.extracted] SM493 on 28MAR: BKG=26, LF=14.5%
2026-01-20 07:29:29 | INFO     | [SUCCESS] Day 28MAR
2026-01-20 07:29:29 | INFO     | [DAY_START] Processing 27MAR
2026-01-20 07:29:29 | INFO     | [lf.day.start] Processing CAI-MED for 27MAR
2026-01-20 07:29:31 | WARNING  | [lf.day.no_flights] No direct flights on 27MAR
2026-01-20 07:29:31 | INFO     | [SUCCESS] Day 27MAR
2026-01-20 07:29:31 | INFO     | [SUCCESS] LF Search Complete
2026-01-20 07:29:33 | INFO     | [Worker_9227] Completed: CAI-MED - 8 results, 0 errors
2026-01-20 07:29:33 | INFO     | [Worker_9227] Processing: ASW-JED
2026-01-20 07:29:33 | INFO     |   Tier 0: Range 3, Chunk 4/4 (8 days)
