2026-01-20 07:36:55 | INFO     | ======================================================================
2026-01-20 07:36:55 | INFO     | Load Factor Scraper Started - Route: CAI-YNB
2026-01-20 07:36:55 | INFO     | Log file: D:\CODERED\LAB\Artifacts\outputs\run_generated_200126_at_06.58\logs\LF_CAI-YNB_20260120_073655.log
2026-01-20 07:36:55 | INFO     | Enhanced logging: Capturing both logging.info() and print()
2026-01-20 07:36:55 | INFO     | ======================================================================
2026-01-20 07:36:55 | INFO     | Starting LF search for route: CAI-YNB
2026-01-20 07:36:55 | INFO     | [START] LF Search
2026-01-20 07:36:58 | INFO     | [HEALTH CHECK] [OK] Chrome connection is healthy
2026-01-20 07:36:58 | INFO     | [DAY_START] Processing 26MAR
2026-01-20 07:36:58 | INFO     | [lf.day.start] Processing CAI-YNB for 26MAR
2026-01-20 07:36:59 | INFO     | [lf.day.flights_found] Found 2 flights on 26MAR
2026-01-20 07:37:02 | INFO     | [lf.flight.extracted] SM987 on 26MAR: BKG=0, LF=0.0%
2026-01-20 07:37:06 | INFO     | [lf.flight.extracted] SM441 on 26MAR: BKG=21, LF=11.7%
2026-01-20 07:37:10 | INFO     | [SUCCESS] Day 26MAR
2026-01-20 07:37:10 | INFO     | [DAY_START] Processing 25MAR
2026-01-20 07:37:10 | INFO     | [lf.day.start] Processing CAI-YNB for 25MAR
2026-01-20 07:37:11 | INFO     | [lf.day.flights_found] Found 2 flights on 25MAR
2026-01-20 07:37:13 | INFO     | [lf.flight.extracted] SM987 on 25MAR: BKG=0, LF=0.0%
2026-01-20 07:37:17 | INFO     | [lf.flight.extracted] SM441 on 25MAR: BKG=20, LF=11.2%
2026-01-20 07:37:21 | INFO     | [SUCCESS] Day 25MAR
2026-01-20 07:37:21 | INFO     | [DAY_START] Processing 24MAR
2026-01-20 07:37:21 | INFO     | [lf.day.start] Processing CAI-YNB for 24MAR
2026-01-20 07:37:22 | INFO     | [lf.day.flights_found] Found 3 flights on 24MAR
2026-01-20 07:37:25 | INFO     | [lf.flight.extracted] SM943 on 24MAR: BKG=0, LF=0.0%
2026-01-20 07:37:29 | INFO     | [lf.flight.extracted] SM947 on 24MAR: BKG=0, LF=0.0%
2026-01-20 07:37:33 | INFO     | [lf.flight.extracted] SM441 on 24MAR: BKG=17, LF=9.5%
2026-01-20 07:37:36 | INFO     | [SUCCESS] Day 24MAR
2026-01-20 07:37:36 | INFO     | [DAY_START] Processing 23MAR
2026-01-20 07:37:36 | INFO     | [lf.day.start] Processing CAI-YNB for 23MAR
2026-01-20 07:37:37 | INFO     | [lf.day.flights_found] Found 3 flights on 23MAR
2026-01-20 07:37:40 | INFO     | [lf.flight.extracted] SM941 on 23MAR: BKG=0, LF=0.0%
2026-01-20 07:37:43 | INFO     | [lf.flight.extracted] SM985 on 23MAR: BKG=0, LF=0.0%
2026-01-20 07:37:47 | INFO     | [lf.flight.extracted] SM441 on 23MAR: BKG=9, LF=5.0%
2026-01-20 07:37:51 | INFO     | [SUCCESS] Day 23MAR
2026-01-20 07:37:51 | INFO     | [DAY_START] Processing 22MAR
2026-01-20 07:37:51 | INFO     | [lf.day.start] Processing CAI-YNB for 22MAR
2026-01-20 07:37:52 | INFO     | [lf.day.flights_found] Found 2 flights on 22MAR
2026-01-20 07:37:54 | INFO     | [lf.flight.extracted] SM441 on 22MAR: BKG=10, LF=5.6%
2026-01-20 07:37:59 | INFO     | [lf.flight.extracted] SM987 on 22MAR: BKG=0, LF=0.0%
2026-01-20 07:38:02 | INFO     | [SUCCESS] Day 22MAR
2026-01-20 07:38:02 | INFO     | [DAY_START] Processing 21MAR
2026-01-20 07:38:02 | INFO     | [lf.day.start] Processing CAI-YNB for 21MAR
2026-01-20 07:38:04 | INFO     | [lf.day.flights_found] Found 2 flights on 21MAR
2026-01-20 07:38:07 | INFO     | [lf.flight.extracted] SM941 on 21MAR: BKG=0, LF=0.0%
2026-01-20 07:38:11 | INFO     | [lf.flight.extracted] SM441 on 21MAR: BKG=0, LF=0.0%
2026-01-20 07:38:12 | INFO     | [SUCCESS] Day 21MAR
2026-01-20 07:38:12 | INFO     | [DAY_START] Processing 20MAR
2026-01-20 07:38:12 | INFO     | [lf.day.start] Processing CAI-YNB for 20MAR
2026-01-20 07:38:13 | INFO     | [lf.day.flights_found] Found 2 flights on 20MAR
2026-01-20 07:38:16 | INFO     | [lf.flight.extracted] SM941 on 20MAR: BKG=0, LF=0.0%
2026-01-20 07:38:20 | INFO     | [lf.flight.extracted] SM441 on 20MAR: BKG=0, LF=0.0%
2026-01-20 07:38:21 | INFO     | [SUCCESS] Day 20MAR
2026-01-20 07:38:21 | INFO     | [DAY_START] Processing 19MAR
2026-01-20 07:38:21 | INFO     | [lf.day.start] Processing CAI-YNB for 19MAR
2026-01-20 07:38:23 | INFO     | [lf.day.flights_found] Found 2 flights on 19MAR
2026-01-20 07:38:25 | INFO     | [lf.flight.extracted] SM987 on 19MAR: BKG=0, LF=0.0%
2026-01-20 07:38:29 | INFO     | [lf.flight.extracted] SM441 on 19MAR: BKG=1, LF=0.6%
2026-01-20 07:38:32 | INFO     | [SUCCESS] Day 19MAR
2026-01-20 07:38:32 | INFO     | [DAY_START] Processing 18MAR
2026-01-20 07:38:32 | INFO     | [lf.day.start] Processing CAI-YNB for 18MAR
2026-01-20 07:38:33 | INFO     | [lf.day.flights_found] Found 1 flights on 18MAR
2026-01-20 07:38:36 | INFO     | [lf.flight.extracted] SM441 on 18MAR: BKG=0, LF=0.0%
2026-01-20 07:38:37 | INFO     | [SUCCESS] Day 18MAR
2026-01-20 07:38:37 | INFO     | [SUCCESS] LF Search Complete
2026-01-20 07:38:39 | INFO     | [Worker_9234] Completed: CAI-YNB - 9 results, 0 errors
2026-01-20 07:38:39 | INFO     | [Worker_9234] Processing: JED-ASW
2026-01-20 07:38:39 | INFO     |   Tier 0: Range 2, Chunk 2/4 (8 days)
