2026-01-20 07:37:14 | INFO     | ======================================================================
2026-01-20 07:37:14 | INFO     | Load Factor Scraper Started - Route: CAI-ELQ
2026-01-20 07:37:14 | INFO     | Log file: D:\CODERED\LAB\Artifacts\outputs\run_generated_200126_at_06.58\logs\LF_CAI-ELQ_20260120_073714.log
2026-01-20 07:37:14 | INFO     | Enhanced logging: Capturing both logging.info() and print()
2026-01-20 07:37:14 | INFO     | ======================================================================
2026-01-20 07:37:14 | INFO     | Starting LF search for route: CAI-ELQ
2026-01-20 07:37:14 | INFO     | [START] LF Search
2026-01-20 07:37:17 | INFO     | [HEALTH CHECK] [OK] Chrome connection is healthy
2026-01-20 07:37:17 | INFO     | [DAY_START] Processing 26MAR
2026-01-20 07:37:17 | INFO     | [lf.day.start] Processing CAI-ELQ for 26MAR
2026-01-20 07:37:18 | INFO     | [lf.day.flights_found] Found 1 flights on 26MAR
2026-01-20 07:37:21 | INFO     | [lf.flight.extracted] SM427 on 26MAR: BKG=20, LF=11.2%
2026-01-20 07:37:25 | INFO     | [SUCCESS] Day 26MAR
2026-01-20 07:37:25 | INFO     | [DAY_START] Processing 25MAR
2026-01-20 07:37:25 | INFO     | [lf.day.start] Processing CAI-ELQ for 25MAR
2026-01-20 07:37:27 | WARNING  | [lf.day.no_flights] No direct flights on 25MAR
2026-01-20 07:37:27 | INFO     | [SUCCESS] Day 25MAR
2026-01-20 07:37:27 | INFO     | [DAY_START] Processing 24MAR
2026-01-20 07:37:27 | INFO     | [lf.day.start] Processing CAI-ELQ for 24MAR
2026-01-20 07:37:28 | WARNING  | [lf.day.no_flights] No direct flights on 24MAR
2026-01-20 07:37:28 | INFO     | [SUCCESS] Day 24MAR
2026-01-20 07:37:28 | INFO     | [DAY_START] Processing 23MAR
2026-01-20 07:37:28 | INFO     | [lf.day.start] Processing CAI-ELQ for 23MAR
2026-01-20 07:37:30 | WARNING  | [lf.day.no_flights] No direct flights on 23MAR
2026-01-20 07:37:30 | INFO     | [SUCCESS] Day 23MAR
2026-01-20 07:37:30 | INFO     | [DAY_START] Processing 22MAR
2026-01-20 07:37:30 | INFO     | [lf.day.start] Processing CAI-ELQ for 22MAR
2026-01-20 07:37:31 | INFO     | [lf.day.flights_found] Found 1 flights on 22MAR
2026-01-20 07:37:34 | INFO     | [lf.flight.extracted] SM427 on 22MAR: BKG=0, LF=0.0%
2026-01-20 07:37:35 | INFO     | [SUCCESS] Day 22MAR
2026-01-20 07:37:35 | INFO     | [DAY_START] Processing 21MAR
2026-01-20 07:37:35 | INFO     | [lf.day.start] Processing CAI-ELQ for 21MAR
2026-01-20 07:37:36 | WARNING  | [lf.day.no_flights] No direct flights on 21MAR
2026-01-20 07:37:36 | INFO     | [SUCCESS] Day 21MAR
2026-01-20 07:37:36 | INFO     | [DAY_START] Processing 20MAR
2026-01-20 07:37:36 | INFO     | [lf.day.start] Processing CAI-ELQ for 20MAR
2026-01-20 07:37:38 | INFO     | [lf.day.flights_found] Found 1 flights on 20MAR
2026-01-20 07:37:41 | INFO     | [lf.flight.extracted] SM427 on 20MAR: BKG=3, LF=1.7%
2026-01-20 07:37:44 | INFO     | [SUCCESS] Day 20MAR
2026-01-20 07:37:44 | INFO     | [DAY_START] Processing 19MAR
2026-01-20 07:37:44 | INFO     | [lf.day.start] Processing CAI-ELQ for 19MAR
2026-01-20 07:37:46 | INFO     | [lf.day.flights_found] Found 1 flights on 19MAR
2026-01-20 07:37:48 | INFO     | [lf.flight.extracted] SM427 on 19MAR: BKG=2, LF=1.1%
2026-01-20 07:37:52 | INFO     | [SUCCESS] Day 19MAR
2026-01-20 07:37:52 | INFO     | [DAY_START] Processing 18MAR
2026-01-20 07:37:52 | INFO     | [lf.day.start] Processing CAI-ELQ for 18MAR
2026-01-20 07:37:53 | WARNING  | [lf.day.no_flights] No direct flights on 18MAR
2026-01-20 07:37:54 | INFO     | [SUCCESS] Day 18MAR
2026-01-20 07:37:54 | INFO     | [SUCCESS] LF Search Complete
2026-01-20 07:37:56 | INFO     | [Worker_9222] Completed: CAI-ELQ - 9 results, 0 errors
2026-01-20 07:37:56 | INFO     | [Worker_9222] Processing: JED-HBE
2026-01-20 07:37:56 | INFO     |   Tier 0: Range 2, Chunk 2/4 (8 days)
