2026-01-20 07:19:11 | INFO     | ======================================================================
2026-01-20 07:19:11 | INFO     | Load Factor Scraper Started - Route: CAI-YNB
2026-01-20 07:19:11 | INFO     | Log file: D:\CODERED\LAB\Artifacts\outputs\run_generated_200126_at_06.58\logs\LF_CAI-YNB_20260120_071911.log
2026-01-20 07:19:11 | INFO     | Enhanced logging: Capturing both logging.info() and print()
2026-01-20 07:19:11 | INFO     | ======================================================================
2026-01-20 07:19:11 | INFO     | Starting LF search for route: CAI-YNB
2026-01-20 07:19:11 | INFO     | [START] LF Search
2026-01-20 07:19:15 | INFO     | [HEALTH CHECK] [OK] Chrome connection is healthy
2026-01-20 07:19:15 | INFO     | [DAY_START] Processing 19APR
2026-01-20 07:19:15 | INFO     | [lf.day.start] Processing CAI-YNB for 19APR
2026-01-20 07:19:16 | INFO     | [lf.day.flights_found] Found 1 flights on 19APR
2026-01-20 07:19:19 | INFO     | [lf.flight.extracted] SM441 on 19APR: BKG=3, LF=1.7%
2026-01-20 07:19:22 | INFO     | [SUCCESS] Day 19APR
2026-01-20 07:19:22 | INFO     | [DAY_START] Processing 18APR
2026-01-20 07:19:22 | INFO     | [lf.day.start] Processing CAI-YNB for 18APR
2026-01-20 07:19:23 | INFO     | [lf.day.flights_found] Found 1 flights on 18APR
2026-01-20 07:19:26 | INFO     | [lf.flight.extracted] SM447 on 18APR: BKG=7, LF=3.9%
2026-01-20 07:19:30 | INFO     | [SUCCESS] Day 18APR
2026-01-20 07:19:30 | INFO     | [DAY_START] Processing 17APR
2026-01-20 07:19:30 | INFO     | [lf.day.start] Processing CAI-YNB for 17APR
2026-01-20 07:19:31 | INFO     | [lf.day.flights_found] Found 1 flights on 17APR
2026-01-20 07:19:39 | INFO     | [lf.flight.extracted] SM441 on 17APR: BKG=5, LF=2.8%
2026-01-20 07:19:49 | INFO     | [SUCCESS] Day 17APR
2026-01-20 07:19:49 | INFO     | [DAY_START] Processing 16APR
2026-01-20 07:19:49 | INFO     | [lf.day.start] Processing CAI-YNB for 16APR
2026-01-20 07:19:59 | INFO     | [lf.day.flights_found] Found 1 flights on 16APR
2026-01-20 07:20:02 | INFO     | [lf.flight.extracted] SM441 on 16APR: BKG=1, LF=0.6%
2026-01-20 07:20:04 | INFO     | [SUCCESS] Day 16APR
2026-01-20 07:20:04 | INFO     | [DAY_START] Processing 15APR
2026-01-20 07:20:04 | INFO     | [lf.day.start] Processing CAI-YNB for 15APR
2026-01-20 07:20:05 | INFO     | [lf.day.flights_found] Found 1 flights on 15APR
2026-01-20 07:20:09 | INFO     | [lf.flight.extracted] SM441 on 15APR: BKG=2, LF=1.1%
2026-01-20 07:20:13 | INFO     | [SUCCESS] Day 15APR
2026-01-20 07:20:13 | INFO     | [DAY_START] Processing 14APR
2026-01-20 07:20:13 | INFO     | [lf.day.start] Processing CAI-YNB for 14APR
2026-01-20 07:20:14 | INFO     | [lf.day.flights_found] Found 1 flights on 14APR
2026-01-20 07:20:16 | INFO     | [lf.flight.extracted] SM441 on 14APR: BKG=1, LF=0.6%
2026-01-20 07:20:20 | INFO     | [SUCCESS] Day 14APR
2026-01-20 07:20:20 | INFO     | [DAY_START] Processing 13APR
2026-01-20 07:20:20 | INFO     | [lf.day.start] Processing CAI-YNB for 13APR
2026-01-20 07:20:22 | INFO     | [lf.day.flights_found] Found 1 flights on 13APR
2026-01-20 07:20:24 | INFO     | [lf.flight.extracted] SM441 on 13APR: BKG=5, LF=2.8%
2026-01-20 07:20:27 | INFO     | [SUCCESS] Day 13APR
2026-01-20 07:20:27 | INFO     | [DAY_START] Processing 12APR
2026-01-20 07:20:27 | INFO     | [lf.day.start] Processing CAI-YNB for 12APR
2026-01-20 07:20:28 | INFO     | [lf.day.flights_found] Found 1 flights on 12APR
2026-01-20 07:20:30 | INFO     | [lf.flight.extracted] SM441 on 12APR: BKG=3, LF=1.7%
2026-01-20 07:20:35 | INFO     | [SUCCESS] Day 12APR
2026-01-20 07:20:35 | INFO     | [SUCCESS] LF Search Complete
2026-01-20 07:20:37 | INFO     | [Worker_9234] Completed: CAI-YNB - 8 results, 0 errors
2026-01-20 07:20:37 | INFO     | [Worker_9234] Processing: DMM-ATZ
2026-01-20 07:20:37 | INFO     |   Tier 0: Range 3, Chunk 3/4 (8 days)
