2026-01-20 08:11:53 | INFO     | ======================================================================
2026-01-20 08:11:53 | INFO     | Load Factor Scraper Started - Route: CAI-YNB
2026-01-20 08:11:53 | INFO     | Log file: D:\CODERED\LAB\Artifacts\outputs\run_generated_200126_at_06.58\logs\LF_CAI-YNB_20260120_081153.log
2026-01-20 08:11:53 | INFO     | Enhanced logging: Capturing both logging.info() and print()
2026-01-20 08:11:53 | INFO     | ======================================================================
2026-01-20 08:11:53 | INFO     | Starting LF search for route: CAI-YNB
2026-01-20 08:11:53 | INFO     | [START] LF Search
2026-01-20 08:11:54 | INFO     | [HEALTH CHECK] [OK] Chrome connection is healthy
2026-01-20 08:11:54 | INFO     | [DAY_START] Processing 27JAN
2026-01-20 08:11:54 | INFO     | [lf.day.start] Processing CAI-YNB for 27JAN
2026-01-20 08:11:55 | INFO     | [lf.day.flights_found] Found 1 flights on 27JAN
2026-01-20 08:11:57 | INFO     | [lf.flight.extracted] SM441 on 27JAN: BKG=155, LF=86.6%
2026-01-20 08:12:04 | INFO     | [SUCCESS] Day 27JAN
2026-01-20 08:12:04 | INFO     | [DAY_START] Processing 26JAN
2026-01-20 08:12:04 | INFO     | [lf.day.start] Processing CAI-YNB for 26JAN
2026-01-20 08:12:05 | INFO     | [lf.day.flights_found] Found 1 flights on 26JAN
2026-01-20 08:12:07 | INFO     | [lf.flight.extracted] SM441 on 26JAN: BKG=179, LF=100.0%
2026-01-20 08:12:11 | INFO     | [SUCCESS] Day 26JAN
2026-01-20 08:12:11 | INFO     | [DAY_START] Processing 25JAN
2026-01-20 08:12:11 | INFO     | [lf.day.start] Processing CAI-YNB for 25JAN
2026-01-20 08:12:12 | INFO     | [lf.day.flights_found] Found 1 flights on 25JAN
2026-01-20 08:12:14 | INFO     | [lf.flight.extracted] SM441 on 25JAN: BKG=179, LF=100.0%
2026-01-20 08:12:20 | INFO     | [SUCCESS] Day 25JAN
2026-01-20 08:12:20 | INFO     | [DAY_START] Processing 24JAN
2026-01-20 08:12:20 | INFO     | [lf.day.start] Processing CAI-YNB for 24JAN
2026-01-20 08:12:21 | INFO     | [lf.day.flights_found] Found 1 flights on 24JAN
2026-01-20 08:12:23 | INFO     | [lf.flight.extracted] SM441 on 24JAN: BKG=179, LF=100.0%
2026-01-20 08:12:27 | INFO     | [SUCCESS] Day 24JAN
2026-01-20 08:12:27 | INFO     | [DAY_START] Processing 23JAN
2026-01-20 08:12:27 | INFO     | [lf.day.start] Processing CAI-YNB for 23JAN
2026-01-20 08:12:28 | INFO     | [lf.day.flights_found] Found 1 flights on 23JAN
2026-01-20 08:12:30 | INFO     | [lf.flight.extracted] SM441 on 23JAN: BKG=177, LF=98.9%
2026-01-20 08:12:36 | INFO     | [SUCCESS] Day 23JAN
2026-01-20 08:12:36 | INFO     | [DAY_START] Processing 22JAN
2026-01-20 08:12:36 | INFO     | [lf.day.start] Processing CAI-YNB for 22JAN
2026-01-20 08:12:37 | INFO     | [lf.day.flights_found] Found 1 flights on 22JAN
2026-01-20 08:12:39 | INFO     | [lf.flight.extracted] SM441 on 22JAN: BKG=174, LF=97.2%
2026-01-20 08:12:45 | INFO     | [SUCCESS] Day 22JAN
2026-01-20 08:12:45 | INFO     | [DAY_START] Processing 21JAN
2026-01-20 08:12:45 | INFO     | [lf.day.start] Processing CAI-YNB for 21JAN
2026-01-20 08:12:46 | INFO     | [lf.day.flights_found] Found 1 flights on 21JAN
2026-01-20 08:12:48 | INFO     | [lf.flight.extracted] SM441 on 21JAN: BKG=179, LF=100.0%
2026-01-20 08:12:53 | INFO     | [SUCCESS] Day 21JAN
2026-01-20 08:12:53 | INFO     | [SUCCESS] LF Search Complete
2026-01-20 08:12:55 | INFO     | [Worker_9234] Completed: CAI-YNB - 7 results, 0 errors
2026-01-20 08:45:14 | INFO     | [Worker_9234] Shutdown signal received, exiting...
2026-01-20 08:45:14 | INFO     | [Worker_9234] Finished. Processed 80 groups.
