2026-01-20 07:59:47 | INFO     | ======================================================================
2026-01-20 07:59:47 | INFO     | Load Factor Scraper Started - Route: CAI-MED
2026-01-20 07:59:47 | INFO     | Log file: D:\CODERED\LAB\Artifacts\outputs\run_generated_200126_at_06.58\logs\LF_CAI-MED_20260120_075947.log
2026-01-20 07:59:47 | INFO     | Enhanced logging: Capturing both logging.info() and print()
2026-01-20 07:59:47 | INFO     | ======================================================================
2026-01-20 07:59:47 | INFO     | Starting LF search for route: CAI-MED
2026-01-20 07:59:47 | INFO     | [START] LF Search
2026-01-20 07:59:49 | INFO     | [HEALTH CHECK] [OK] Chrome connection is healthy
2026-01-20 07:59:49 | INFO     | [DAY_START] Processing 12FEB
2026-01-20 07:59:49 | INFO     | [lf.day.start] Processing CAI-MED for 12FEB
2026-01-20 07:59:50 | INFO     | [lf.day.flights_found] Found 1 flights on 12FEB
2026-01-20 07:59:52 | INFO     | [lf.flight.extracted] SM493 on 12FEB: BKG=176, LF=100.0%
2026-01-20 07:59:57 | INFO     | [SUCCESS] Day 12FEB
2026-01-20 07:59:57 | INFO     | [DAY_START] Processing 11FEB
2026-01-20 07:59:57 | INFO     | [lf.day.start] Processing CAI-MED for 11FEB
2026-01-20 07:59:58 | WARNING  | [lf.day.no_flights] No direct flights on 11FEB
2026-01-20 07:59:58 | INFO     | [SUCCESS] Day 11FEB
2026-01-20 07:59:58 | INFO     | [DAY_START] Processing 10FEB
2026-01-20 07:59:58 | INFO     | [lf.day.start] Processing CAI-MED for 10FEB
2026-01-20 07:59:59 | INFO     | [lf.day.flights_found] Found 1 flights on 10FEB
2026-01-20 08:00:01 | INFO     | [lf.flight.extracted] SM493 on 10FEB: BKG=179, LF=100.0%
2026-01-20 08:00:09 | INFO     | [SUCCESS] Day 10FEB
2026-01-20 08:00:09 | INFO     | [DAY_START] Processing 09FEB
2026-01-20 08:00:09 | INFO     | [lf.day.start] Processing CAI-MED for 09FEB
2026-01-20 08:00:10 | INFO     | [lf.day.flights_found] Found 1 flights on 09FEB
2026-01-20 08:00:12 | INFO     | [lf.flight.extracted] SM495 on 09FEB: BKG=172, LF=96.1%
2026-01-20 08:00:17 | ERROR    | Atomic write failed for D:\CODERED\LAB\Artifacts\outputs\run_generated_200126_at_06.58\checkpoints\flight_booking_data.json: [WinError 5] Access is denied: 'D:\\CODERED\\LAB\\Artifacts\\outputs\\run_generated_200126_at_06.58\\checkpoints\\flight_booking_data.tmp_a8d73d06' -> 'D:\\CODERED\\LAB\\Artifacts\\outputs\\run_generated_200126_at_06.58\\checkpoints\\flight_booking_data.json'
2026-01-20 08:00:18 | INFO     | [SUCCESS] Day 09FEB
2026-01-20 08:00:18 | INFO     | [DAY_START] Processing 08FEB
2026-01-20 08:00:18 | INFO     | [lf.day.start] Processing CAI-MED for 08FEB
2026-01-20 08:00:19 | INFO     | [lf.day.flights_found] Found 1 flights on 08FEB
2026-01-20 08:00:21 | INFO     | [lf.flight.extracted] SM493 on 08FEB: BKG=165, LF=92.2%
2026-01-20 08:00:25 | INFO     | [SUCCESS] Day 08FEB
2026-01-20 08:00:25 | INFO     | [DAY_START] Processing 07FEB
2026-01-20 08:00:25 | INFO     | [lf.day.start] Processing CAI-MED for 07FEB
2026-01-20 08:00:26 | INFO     | [lf.day.flights_found] Found 1 flights on 07FEB
2026-01-20 08:00:28 | INFO     | [lf.flight.extracted] SM493 on 07FEB: BKG=177, LF=98.9%
2026-01-20 08:00:33 | INFO     | [SUCCESS] Day 07FEB
2026-01-20 08:00:33 | INFO     | [DAY_START] Processing 06FEB
2026-01-20 08:00:33 | INFO     | [lf.day.start] Processing CAI-MED for 06FEB
2026-01-20 08:00:34 | WARNING  | [lf.day.no_flights] No direct flights on 06FEB
2026-01-20 08:00:34 | INFO     | [SUCCESS] Day 06FEB
2026-01-20 08:00:34 | INFO     | [DAY_START] Processing 05FEB
2026-01-20 08:00:34 | INFO     | [lf.day.start] Processing CAI-MED for 05FEB
2026-01-20 08:00:35 | INFO     | [lf.day.flights_found] Found 1 flights on 05FEB
2026-01-20 08:00:37 | INFO     | [lf.flight.extracted] SM493 on 05FEB: BKG=109, LF=60.9%
2026-01-20 08:00:43 | INFO     | [SUCCESS] Day 05FEB
2026-01-20 08:00:43 | INFO     | [SUCCESS] LF Search Complete
2026-01-20 08:00:45 | INFO     | [Worker_9223] Completed: CAI-MED - 8 results, 0 errors
2026-01-20 08:00:45 | INFO     | [Worker_9223] Processing: ATZ-RUH
2026-01-20 08:00:45 | INFO     |   Tier 0: Range 1, Chunk 2/4 (8 days)
