2026-01-20 07:48:32 | INFO     | ======================================================================
2026-01-20 07:48:32 | INFO     | Load Factor Scraper Started - Route: DMM-ATZ
2026-01-20 07:48:32 | INFO     | Log file: D:\CODERED\LAB\Artifacts\outputs\run_generated_200126_at_06.58\logs\LF_DMM-ATZ_20260120_074832.log
2026-01-20 07:48:32 | INFO     | Enhanced logging: Capturing both logging.info() and print()
2026-01-20 07:48:32 | INFO     | ======================================================================
2026-01-20 07:48:32 | INFO     | Starting LF search for route: DMM-ATZ
2026-01-20 07:48:32 | INFO     | [START] LF Search
2026-01-20 07:48:34 | INFO     | [HEALTH CHECK] [OK] Chrome connection is healthy
2026-01-20 07:48:34 | INFO     | [DAY_START] Processing 01MAR
2026-01-20 07:48:34 | INFO     | [lf.day.start] Processing DMM-ATZ for 01MAR
2026-01-20 07:48:35 | WARNING  | [lf.day.no_flights] No direct flights on 01MAR
2026-01-20 07:48:35 | INFO     | [SUCCESS] Day 01MAR
2026-01-20 07:48:35 | INFO     | [DAY_START] Processing 28FEB
2026-01-20 07:48:35 | INFO     | [lf.day.start] Processing DMM-ATZ for 28FEB
2026-01-20 07:48:36 | WARNING  | [lf.day.no_flights] No direct flights on 28FEB
2026-01-20 07:48:36 | INFO     | [SUCCESS] Day 28FEB
2026-01-20 07:48:36 | INFO     | [DAY_START] Processing 27FEB
2026-01-20 07:48:36 | INFO     | [lf.day.start] Processing DMM-ATZ for 27FEB
2026-01-20 07:48:37 | INFO     | [lf.day.flights_found] Found 1 flights on 27FEB
2026-01-20 07:48:39 | INFO     | [lf.flight.extracted] SM438 on 27FEB: BKG=36, LF=20.6%
2026-01-20 07:48:43 | INFO     | [SUCCESS] Day 27FEB
2026-01-20 07:48:43 | INFO     | [DAY_START] Processing 26FEB
2026-01-20 07:48:43 | INFO     | [lf.day.start] Processing DMM-ATZ for 26FEB
2026-01-20 07:48:44 | WARNING  | [lf.day.no_flights] No direct flights on 26FEB
2026-01-20 07:48:44 | INFO     | [SUCCESS] Day 26FEB
2026-01-20 07:48:44 | INFO     | [DAY_START] Processing 25FEB
2026-01-20 07:48:44 | INFO     | [lf.day.start] Processing DMM-ATZ for 25FEB
2026-01-20 07:48:45 | WARNING  | [lf.day.no_flights] No direct flights on 25FEB
2026-01-20 07:48:45 | INFO     | [SUCCESS] Day 25FEB
2026-01-20 07:48:45 | INFO     | [DAY_START] Processing 24FEB
2026-01-20 07:48:45 | INFO     | [lf.day.start] Processing DMM-ATZ for 24FEB
2026-01-20 07:48:46 | WARNING  | [lf.day.no_flights] No direct flights on 24FEB
2026-01-20 07:48:47 | INFO     | [SUCCESS] Day 24FEB
2026-01-20 07:48:47 | INFO     | [DAY_START] Processing 23FEB
2026-01-20 07:48:47 | INFO     | [lf.day.start] Processing DMM-ATZ for 23FEB
2026-01-20 07:48:48 | INFO     | [lf.day.flights_found] Found 1 flights on 23FEB
2026-01-20 07:48:50 | INFO     | [lf.flight.extracted] SM438 on 23FEB: BKG=60, LF=34.3%
2026-01-20 07:48:55 | INFO     | [SUCCESS] Day 23FEB
2026-01-20 07:48:55 | INFO     | [DAY_START] Processing 22FEB
2026-01-20 07:48:55 | INFO     | [lf.day.start] Processing DMM-ATZ for 22FEB
2026-01-20 07:48:56 | WARNING  | [lf.day.no_flights] No direct flights on 22FEB
2026-01-20 07:48:56 | INFO     | [SUCCESS] Day 22FEB
2026-01-20 07:48:56 | INFO     | [SUCCESS] LF Search Complete
2026-01-20 07:48:58 | INFO     | [Worker_9226] Completed: DMM-ATZ - 8 results, 0 errors
2026-01-20 07:48:58 | INFO     | [Worker_9226] Processing: AJF-CAI
2026-01-20 07:48:58 | INFO     |   Tier 0: Range 2, Chunk 4/4 (8 days)
