2026-01-20 07:43:26 | INFO     | ======================================================================
2026-01-20 07:43:26 | INFO     | Load Factor Scraper Started - Route: DMM-CAI
2026-01-20 07:43:26 | INFO     | Log file: D:\CODERED\LAB\Artifacts\outputs\run_generated_200126_at_06.58\logs\LF_DMM-CAI_20260120_074326.log
2026-01-20 07:43:26 | INFO     | Enhanced logging: Capturing both logging.info() and print()
2026-01-20 07:43:26 | INFO     | ======================================================================
2026-01-20 07:43:26 | INFO     | Starting LF search for route: DMM-CAI
2026-01-20 07:43:26 | INFO     | [START] LF Search
2026-01-20 07:43:30 | INFO     | [HEALTH CHECK] [OK] Chrome connection is healthy
2026-01-20 07:43:30 | INFO     | [DAY_START] Processing 09MAR
2026-01-20 07:43:30 | INFO     | [lf.day.start] Processing DMM-CAI for 09MAR
2026-01-20 07:43:31 | WARNING  | [lf.day.no_flights] No direct flights on 09MAR
2026-01-20 07:43:32 | INFO     | [SUCCESS] Day 09MAR
2026-01-20 07:43:32 | INFO     | [DAY_START] Processing 08MAR
2026-01-20 07:43:32 | INFO     | [lf.day.start] Processing DMM-CAI for 08MAR
2026-01-20 07:43:33 | WARNING  | [lf.day.no_flights] No direct flights on 08MAR
2026-01-20 07:43:33 | INFO     | [SUCCESS] Day 08MAR
2026-01-20 07:43:33 | INFO     | [DAY_START] Processing 07MAR
2026-01-20 07:43:33 | INFO     | [lf.day.start] Processing DMM-CAI for 07MAR
2026-01-20 07:43:36 | INFO     | [lf.day.flights_found] Found 1 flights on 07MAR
2026-01-20 07:43:40 | INFO     | [lf.flight.extracted] SM434 on 07MAR: BKG=32, LF=18.3%
2026-01-20 07:43:45 | INFO     | [SUCCESS] Day 07MAR
2026-01-20 07:43:45 | INFO     | [DAY_START] Processing 06MAR
2026-01-20 07:43:45 | INFO     | [lf.day.start] Processing DMM-CAI for 06MAR
2026-01-20 07:43:47 | INFO     | [lf.day.flights_found] Found 1 flights on 06MAR
2026-01-20 07:43:49 | INFO     | [lf.flight.extracted] SM434 on 06MAR: BKG=46, LF=26.3%
2026-01-20 07:43:56 | INFO     | [SUCCESS] Day 06MAR
2026-01-20 07:43:56 | INFO     | [DAY_START] Processing 05MAR
2026-01-20 07:43:56 | INFO     | [lf.day.start] Processing DMM-CAI for 05MAR
2026-01-20 07:43:57 | INFO     | [lf.day.flights_found] Found 1 flights on 05MAR
2026-01-20 07:44:00 | INFO     | [lf.flight.extracted] SM434 on 05MAR: BKG=56, LF=33.3%
2026-01-20 07:44:06 | INFO     | [SUCCESS] Day 05MAR
2026-01-20 07:44:06 | INFO     | [DAY_START] Processing 04MAR
2026-01-20 07:44:06 | INFO     | [lf.day.start] Processing DMM-CAI for 04MAR
2026-01-20 07:44:08 | WARNING  | [lf.day.no_flights] No direct flights on 04MAR
2026-01-20 07:44:08 | INFO     | [SUCCESS] Day 04MAR
2026-01-20 07:44:08 | INFO     | [DAY_START] Processing 03MAR
2026-01-20 07:44:08 | INFO     | [lf.day.start] Processing DMM-CAI for 03MAR
2026-01-20 07:44:10 | INFO     | [lf.day.flights_found] Found 1 flights on 03MAR
2026-01-20 07:44:13 | INFO     | [lf.flight.extracted] SM434 on 03MAR: BKG=17, LF=16.2%
2026-01-20 07:44:18 | INFO     | [SUCCESS] Day 03MAR
2026-01-20 07:44:18 | INFO     | [DAY_START] Processing 02MAR
2026-01-20 07:44:18 | INFO     | [lf.day.start] Processing DMM-CAI for 02MAR
2026-01-20 07:44:19 | WARNING  | [lf.day.no_flights] No direct flights on 02MAR
2026-01-20 07:44:19 | INFO     | [SUCCESS] Day 02MAR
2026-01-20 07:44:19 | INFO     | [SUCCESS] LF Search Complete
2026-01-20 07:44:21 | INFO     | [Worker_9226] Completed: DMM-CAI - 8 results, 0 errors
2026-01-20 07:44:21 | INFO     | [Worker_9226] Processing: AHB-ATZ
2026-01-20 07:44:21 | INFO     |   Tier 0: Range 2, Chunk 3/4 (8 days)
