2026-01-20 07:33:22 | INFO     | ======================================================================
2026-01-20 07:33:22 | INFO     | Load Factor Scraper Started - Route: DMM-ATZ
2026-01-20 07:33:22 | INFO     | Log file: D:\CODERED\LAB\Artifacts\outputs\run_generated_200126_at_06.58\logs\LF_DMM-ATZ_20260120_073322.log
2026-01-20 07:33:22 | INFO     | Enhanced logging: Capturing both logging.info() and print()
2026-01-20 07:33:22 | INFO     | ======================================================================
2026-01-20 07:33:22 | INFO     | Starting LF search for route: DMM-ATZ
2026-01-20 07:33:22 | INFO     | [START] LF Search
2026-01-20 07:33:25 | INFO     | [HEALTH CHECK] [OK] Chrome connection is healthy
2026-01-20 07:33:25 | INFO     | [DAY_START] Processing 26MAR
2026-01-20 07:33:25 | INFO     | [lf.day.start] Processing DMM-ATZ for 26MAR
2026-01-20 07:33:26 | WARNING  | [lf.day.no_flights] No direct flights on 26MAR
2026-01-20 07:33:26 | INFO     | [SUCCESS] Day 26MAR
2026-01-20 07:33:26 | INFO     | [DAY_START] Processing 25MAR
2026-01-20 07:33:26 | INFO     | [lf.day.start] Processing DMM-ATZ for 25MAR
2026-01-20 07:33:28 | WARNING  | [lf.day.no_flights] No direct flights on 25MAR
2026-01-20 07:33:28 | INFO     | [SUCCESS] Day 25MAR
2026-01-20 07:33:28 | INFO     | [DAY_START] Processing 24MAR
2026-01-20 07:33:28 | INFO     | [lf.day.start] Processing DMM-ATZ for 24MAR
2026-01-20 07:33:30 | WARNING  | [lf.day.no_flights] No direct flights on 24MAR
2026-01-20 07:33:30 | INFO     | [SUCCESS] Day 24MAR
2026-01-20 07:33:30 | INFO     | [DAY_START] Processing 23MAR
2026-01-20 07:33:30 | INFO     | [lf.day.start] Processing DMM-ATZ for 23MAR
2026-01-20 07:33:31 | INFO     | [lf.day.flights_found] Found 1 flights on 23MAR
2026-01-20 07:33:34 | INFO     | [lf.flight.extracted] SM438 on 23MAR: BKG=30, LF=17.4%
2026-01-20 07:33:38 | INFO     | [SUCCESS] Day 23MAR
2026-01-20 07:33:38 | INFO     | [DAY_START] Processing 22MAR
2026-01-20 07:33:38 | INFO     | [lf.day.start] Processing DMM-ATZ for 22MAR
2026-01-20 07:33:39 | WARNING  | [lf.day.no_flights] No direct flights on 22MAR
2026-01-20 07:33:39 | INFO     | [SUCCESS] Day 22MAR
2026-01-20 07:33:39 | INFO     | [DAY_START] Processing 21MAR
2026-01-20 07:33:39 | INFO     | [lf.day.start] Processing DMM-ATZ for 21MAR
2026-01-20 07:33:41 | WARNING  | [lf.day.no_flights] No direct flights on 21MAR
2026-01-20 07:33:41 | INFO     | [SUCCESS] Day 21MAR
2026-01-20 07:33:41 | INFO     | [DAY_START] Processing 20MAR
2026-01-20 07:33:41 | INFO     | [lf.day.start] Processing DMM-ATZ for 20MAR
2026-01-20 07:33:42 | INFO     | [lf.day.flights_found] Found 1 flights on 20MAR
2026-01-20 07:33:44 | INFO     | [lf.flight.extracted] SM438 on 20MAR: BKG=16, LF=9.3%
2026-01-20 07:33:48 | INFO     | [SUCCESS] Day 20MAR
2026-01-20 07:33:48 | INFO     | [DAY_START] Processing 19MAR
2026-01-20 07:33:48 | INFO     | [lf.day.start] Processing DMM-ATZ for 19MAR
2026-01-20 07:33:49 | WARNING  | [lf.day.no_flights] No direct flights on 19MAR
2026-01-20 07:33:49 | INFO     | [SUCCESS] Day 19MAR
2026-01-20 07:33:49 | INFO     | [DAY_START] Processing 18MAR
2026-01-20 07:33:49 | INFO     | [lf.day.start] Processing DMM-ATZ for 18MAR
2026-01-20 07:33:50 | WARNING  | [lf.day.no_flights] No direct flights on 18MAR
2026-01-20 07:33:51 | INFO     | [SUCCESS] Day 18MAR
2026-01-20 07:33:51 | INFO     | [SUCCESS] LF Search Complete
2026-01-20 07:33:53 | INFO     | [Worker_9227] Completed: DMM-ATZ - 9 results, 0 errors
2026-01-20 07:33:53 | INFO     | [Worker_9227] Processing: AJF-ATZ
2026-01-20 07:33:53 | INFO     |   Tier 0: Range 2, Chunk 1/4 (9 days)
