2026-01-20 07:12:42 | INFO     | ======================================================================
2026-01-20 07:12:42 | INFO     | Load Factor Scraper Started - Route: DMM-CAI
2026-01-20 07:12:42 | INFO     | Log file: D:\CODERED\LAB\Artifacts\outputs\run_generated_200126_at_06.58\logs\LF_DMM-CAI_20260120_071242.log
2026-01-20 07:12:42 | INFO     | Enhanced logging: Capturing both logging.info() and print()
2026-01-20 07:12:42 | INFO     | ======================================================================
2026-01-20 07:12:42 | INFO     | Starting LF search for route: DMM-CAI
2026-01-20 07:12:42 | INFO     | [START] LF Search
2026-01-20 07:12:44 | INFO     | [HEALTH CHECK] [OK] Chrome connection is healthy
2026-01-20 07:12:44 | INFO     | [DAY_START] Processing 28APR
2026-01-20 07:12:44 | INFO     | [lf.day.start] Processing DMM-CAI for 28APR
2026-01-20 07:12:45 | INFO     | [lf.day.flights_found] Found 1 flights on 28APR
2026-01-20 07:12:47 | INFO     | [lf.flight.extracted] SM434 on 28APR: BKG=0, LF=0.0%
2026-01-20 07:12:49 | INFO     | [SUCCESS] Day 28APR
2026-01-20 07:12:49 | INFO     | [DAY_START] Processing 27APR
2026-01-20 07:12:49 | INFO     | [lf.day.start] Processing DMM-CAI for 27APR
2026-01-20 07:12:50 | INFO     | [lf.day.flights_found] Found 2 flights on 27APR
2026-01-20 07:12:52 | INFO     | [lf.flight.extracted] SM440 on 27APR: BKG=3, LF=1.7%
2026-01-20 07:12:59 | INFO     | [lf.flight.extracted] SM434 on 27APR: BKG=0, LF=0.0%
2026-01-20 07:13:02 | INFO     | [SUCCESS] Day 27APR
2026-01-20 07:13:02 | INFO     | [DAY_START] Processing 26APR
2026-01-20 07:13:02 | INFO     | [lf.day.start] Processing DMM-CAI for 26APR
2026-01-20 07:13:03 | INFO     | [lf.day.flights_found] Found 1 flights on 26APR
2026-01-20 07:13:05 | INFO     | [lf.flight.extracted] SM434 on 26APR: BKG=0, LF=0.0%
2026-01-20 07:13:06 | INFO     | [SUCCESS] Day 26APR
2026-01-20 07:13:06 | INFO     | [DAY_START] Processing 25APR
2026-01-20 07:13:06 | INFO     | [lf.day.start] Processing DMM-CAI for 25APR
2026-01-20 07:13:07 | WARNING  | [lf.day.no_flights] No direct flights on 25APR
2026-01-20 07:13:07 | INFO     | [SUCCESS] Day 25APR
2026-01-20 07:13:07 | INFO     | [DAY_START] Processing 24APR
2026-01-20 07:13:07 | INFO     | [lf.day.start] Processing DMM-CAI for 24APR
2026-01-20 07:13:08 | INFO     | [lf.day.flights_found] Found 2 flights on 24APR
2026-01-20 07:13:11 | INFO     | [lf.flight.extracted] SM434 on 24APR: BKG=3, LF=1.7%
2026-01-20 07:13:14 | INFO     | [lf.flight.extracted] SM440 on 24APR: BKG=0, LF=0.0%
2026-01-20 07:13:17 | INFO     | [SUCCESS] Day 24APR
2026-01-20 07:13:17 | INFO     | [DAY_START] Processing 23APR
2026-01-20 07:13:17 | INFO     | [lf.day.start] Processing DMM-CAI for 23APR
2026-01-20 07:13:18 | WARNING  | [lf.day.no_flights] No direct flights on 23APR
2026-01-20 07:13:18 | INFO     | [SUCCESS] Day 23APR
2026-01-20 07:13:18 | INFO     | [DAY_START] Processing 22APR
2026-01-20 07:13:18 | INFO     | [lf.day.start] Processing DMM-CAI for 22APR
2026-01-20 07:13:19 | INFO     | [lf.day.flights_found] Found 1 flights on 22APR
2026-01-20 07:13:21 | INFO     | [lf.flight.extracted] SM434 on 22APR: BKG=3, LF=1.8%
2026-01-20 07:13:24 | INFO     | [SUCCESS] Day 22APR
2026-01-20 07:13:24 | INFO     | [DAY_START] Processing 21APR
2026-01-20 07:13:24 | INFO     | [lf.day.start] Processing DMM-CAI for 21APR
2026-01-20 07:13:25 | INFO     | [lf.day.flights_found] Found 1 flights on 21APR
2026-01-20 07:13:27 | INFO     | [lf.flight.extracted] SM434 on 21APR: BKG=0, LF=0.0%
2026-01-20 07:13:29 | INFO     | [SUCCESS] Day 21APR
2026-01-20 07:13:29 | INFO     | [DAY_START] Processing 20APR
2026-01-20 07:13:29 | INFO     | [lf.day.start] Processing DMM-CAI for 20APR
2026-01-20 07:13:30 | INFO     | [lf.day.flights_found] Found 2 flights on 20APR
2026-01-20 07:13:34 | INFO     | [lf.flight.extracted] SM440 on 20APR: BKG=0, LF=0.0%
2026-01-20 07:13:40 | INFO     | [lf.flight.extracted] SM434 on 20APR: BKG=2, LF=1.2%
2026-01-20 07:13:50 | INFO     | [SUCCESS] Day 20APR
2026-01-20 07:13:50 | INFO     | [SUCCESS] LF Search Complete
2026-01-20 07:13:52 | INFO     | [Worker_9232] Completed: DMM-CAI - 9 results, 0 errors
2026-01-20 07:13:52 | INFO     | [Worker_9232] Processing: CAI-JED
2026-01-20 07:13:52 | INFO     |   Tier 0: Range 3, Chunk 1/4 (9 days)
