2026-01-20 07:38:55 | INFO     | ======================================================================
2026-01-20 07:38:55 | INFO     | Load Factor Scraper Started - Route: DMM-CAI
2026-01-20 07:38:55 | INFO     | Log file: D:\CODERED\LAB\Artifacts\outputs\run_generated_200126_at_06.58\logs\LF_DMM-CAI_20260120_073855.log
2026-01-20 07:38:55 | INFO     | Enhanced logging: Capturing both logging.info() and print()
2026-01-20 07:38:55 | INFO     | ======================================================================
2026-01-20 07:38:55 | INFO     | Starting LF search for route: DMM-CAI
2026-01-20 07:38:55 | INFO     | [START] LF Search
2026-01-20 07:38:59 | INFO     | [HEALTH CHECK] [OK] Chrome connection is healthy
2026-01-20 07:38:59 | INFO     | [DAY_START] Processing 17MAR
2026-01-20 07:38:59 | INFO     | [lf.day.start] Processing DMM-CAI for 17MAR
2026-01-20 07:39:01 | INFO     | [lf.day.flights_found] Found 1 flights on 17MAR
2026-01-20 07:39:04 | INFO     | [lf.flight.extracted] SM434 on 17MAR: BKG=6, LF=3.6%
2026-01-20 07:39:10 | INFO     | [SUCCESS] Day 17MAR
2026-01-20 07:39:10 | INFO     | [DAY_START] Processing 16MAR
2026-01-20 07:39:10 | INFO     | [lf.day.start] Processing DMM-CAI for 16MAR
2026-01-20 07:39:11 | WARNING  | [lf.day.no_flights] No direct flights on 16MAR
2026-01-20 07:39:11 | INFO     | [SUCCESS] Day 16MAR
2026-01-20 07:39:11 | INFO     | [DAY_START] Processing 15MAR
2026-01-20 07:39:11 | INFO     | [lf.day.start] Processing DMM-CAI for 15MAR
2026-01-20 07:39:13 | WARNING  | [lf.day.no_flights] No direct flights on 15MAR
2026-01-20 07:39:13 | INFO     | [SUCCESS] Day 15MAR
2026-01-20 07:39:13 | INFO     | [DAY_START] Processing 14MAR
2026-01-20 07:39:13 | INFO     | [lf.day.start] Processing DMM-CAI for 14MAR
2026-01-20 07:39:14 | INFO     | [lf.day.flights_found] Found 1 flights on 14MAR
2026-01-20 07:39:16 | INFO     | [lf.flight.extracted] SM434 on 14MAR: BKG=3, LF=1.7%
2026-01-20 07:39:19 | INFO     | [SUCCESS] Day 14MAR
2026-01-20 07:39:19 | INFO     | [DAY_START] Processing 13MAR
2026-01-20 07:39:19 | INFO     | [lf.day.start] Processing DMM-CAI for 13MAR
2026-01-20 07:39:20 | INFO     | [lf.day.flights_found] Found 1 flights on 13MAR
2026-01-20 07:39:22 | INFO     | [lf.flight.extracted] SM434 on 13MAR: BKG=11, LF=6.3%
2026-01-20 07:39:25 | INFO     | [SUCCESS] Day 13MAR
2026-01-20 07:39:25 | INFO     | [DAY_START] Processing 12MAR
2026-01-20 07:39:25 | INFO     | [lf.day.start] Processing DMM-CAI for 12MAR
2026-01-20 07:39:26 | INFO     | [lf.day.flights_found] Found 1 flights on 12MAR
2026-01-20 07:39:28 | INFO     | [lf.flight.extracted] SM434 on 12MAR: BKG=22, LF=12.6%
2026-01-20 07:39:32 | INFO     | [SUCCESS] Day 12MAR
2026-01-20 07:39:32 | INFO     | [DAY_START] Processing 11MAR
2026-01-20 07:39:32 | INFO     | [lf.day.start] Processing DMM-CAI for 11MAR
2026-01-20 07:39:33 | WARNING  | [lf.day.no_flights] No direct flights on 11MAR
2026-01-20 07:39:33 | INFO     | [SUCCESS] Day 11MAR
2026-01-20 07:39:33 | INFO     | [DAY_START] Processing 10MAR
2026-01-20 07:39:33 | INFO     | [lf.day.start] Processing DMM-CAI for 10MAR
2026-01-20 07:39:34 | INFO     | [lf.day.flights_found] Found 1 flights on 10MAR
2026-01-20 07:39:37 | INFO     | [lf.flight.extracted] SM434 on 10MAR: BKG=38, LF=36.2%
2026-01-20 07:39:42 | INFO     | [SUCCESS] Day 10MAR
2026-01-20 07:39:42 | INFO     | [SUCCESS] LF Search Complete
2026-01-20 07:39:44 | INFO     | [Worker_9234] Completed: DMM-CAI - 8 results, 0 errors
2026-01-20 07:39:44 | INFO     | [Worker_9234] Processing: AHB-CAI
2026-01-20 07:39:44 | INFO     |   Tier 0: Range 2, Chunk 2/4 (8 days)
