2026-01-20 07:49:23 | INFO     | ======================================================================
2026-01-20 07:49:23 | INFO     | Load Factor Scraper Started - Route: ELQ-ATZ
2026-01-20 07:49:23 | INFO     | Log file: D:\CODERED\LAB\Artifacts\outputs\run_generated_200126_at_06.58\logs\LF_ELQ-ATZ_20260120_074923.log
2026-01-20 07:49:23 | INFO     | Enhanced logging: Capturing both logging.info() and print()
2026-01-20 07:49:23 | INFO     | ======================================================================
2026-01-20 07:49:23 | INFO     | Starting LF search for route: ELQ-ATZ
2026-01-20 07:49:23 | INFO     | [START] LF Search
2026-01-20 07:49:26 | INFO     | [HEALTH CHECK] [OK] Chrome connection is healthy
2026-01-20 07:49:26 | INFO     | [DAY_START] Processing 01MAR
2026-01-20 07:49:26 | INFO     | [lf.day.start] Processing ELQ-ATZ for 01MAR
2026-01-20 07:49:27 | WARNING  | [lf.day.no_flights] No direct flights on 01MAR
2026-01-20 07:49:27 | INFO     | [SUCCESS] Day 01MAR
2026-01-20 07:49:27 | INFO     | [DAY_START] Processing 28FEB
2026-01-20 07:49:27 | INFO     | [lf.day.start] Processing ELQ-ATZ for 28FEB
2026-01-20 07:49:28 | INFO     | [lf.day.flights_found] Found 1 flights on 28FEB
2026-01-20 07:49:30 | INFO     | [lf.flight.extracted] SM436 on 28FEB: BKG=37, LF=21.1%
2026-01-20 07:49:34 | INFO     | [SUCCESS] Day 28FEB
2026-01-20 07:49:34 | INFO     | [DAY_START] Processing 27FEB
2026-01-20 07:49:34 | INFO     | [lf.day.start] Processing ELQ-ATZ for 27FEB
2026-01-20 07:49:36 | WARNING  | [lf.day.no_flights] No direct flights on 27FEB
2026-01-20 07:49:36 | INFO     | [SUCCESS] Day 27FEB
2026-01-20 07:49:36 | INFO     | [DAY_START] Processing 26FEB
2026-01-20 07:49:36 | INFO     | [lf.day.start] Processing ELQ-ATZ for 26FEB
2026-01-20 07:49:37 | WARNING  | [lf.day.no_flights] No direct flights on 26FEB
2026-01-20 07:49:37 | INFO     | [SUCCESS] Day 26FEB
2026-01-20 07:49:37 | INFO     | [DAY_START] Processing 25FEB
2026-01-20 07:49:37 | INFO     | [lf.day.start] Processing ELQ-ATZ for 25FEB
2026-01-20 07:49:39 | INFO     | [lf.day.flights_found] Found 1 flights on 25FEB
2026-01-20 07:49:41 | INFO     | [lf.flight.extracted] SM436 on 25FEB: BKG=48, LF=27.4%
2026-01-20 07:49:46 | INFO     | [SUCCESS] Day 25FEB
2026-01-20 07:49:46 | INFO     | [DAY_START] Processing 24FEB
2026-01-20 07:49:46 | INFO     | [lf.day.start] Processing ELQ-ATZ for 24FEB
2026-01-20 07:49:47 | WARNING  | [lf.day.no_flights] No direct flights on 24FEB
2026-01-20 07:49:47 | INFO     | [SUCCESS] Day 24FEB
2026-01-20 07:49:47 | INFO     | [DAY_START] Processing 23FEB
2026-01-20 07:49:47 | INFO     | [lf.day.start] Processing ELQ-ATZ for 23FEB
2026-01-20 07:49:48 | WARNING  | [lf.day.no_flights] No direct flights on 23FEB
2026-01-20 07:49:48 | INFO     | [SUCCESS] Day 23FEB
2026-01-20 07:49:48 | INFO     | [DAY_START] Processing 22FEB
2026-01-20 07:49:48 | INFO     | [lf.day.start] Processing ELQ-ATZ for 22FEB
2026-01-20 07:49:49 | WARNING  | [lf.day.no_flights] No direct flights on 22FEB
2026-01-20 07:49:49 | INFO     | [SUCCESS] Day 22FEB
2026-01-20 07:49:49 | INFO     | [SUCCESS] LF Search Complete
2026-01-20 07:49:51 | INFO     | [Worker_9232] Completed: ELQ-ATZ - 8 results, 0 errors
2026-01-20 07:49:51 | INFO     | [Worker_9232] Processing: CAI-JED
2026-01-20 07:49:51 | INFO     |   Tier 0: Range 2, Chunk 4/4 (8 days)
