2026-01-20 07:21:21 | INFO     | ======================================================================
2026-01-20 07:21:21 | INFO     | Load Factor Scraper Started - Route: ELQ-CAI
2026-01-20 07:21:21 | INFO     | Log file: D:\CODERED\LAB\Artifacts\outputs\run_generated_200126_at_06.58\logs\LF_ELQ-CAI_20260120_072121.log
2026-01-20 07:21:21 | INFO     | Enhanced logging: Capturing both logging.info() and print()
2026-01-20 07:21:21 | INFO     | ======================================================================
2026-01-20 07:21:21 | INFO     | Starting LF search for route: ELQ-CAI
2026-01-20 07:21:21 | INFO     | [START] LF Search
2026-01-20 07:21:25 | INFO     | [HEALTH CHECK] [OK] Chrome connection is healthy
2026-01-20 07:21:25 | INFO     | [DAY_START] Processing 11APR
2026-01-20 07:21:25 | INFO     | [lf.day.start] Processing ELQ-CAI for 11APR
2026-01-20 07:21:27 | WARNING  | [lf.day.no_flights] No direct flights on 11APR
2026-01-20 07:21:27 | INFO     | [SUCCESS] Day 11APR
2026-01-20 07:21:27 | INFO     | [DAY_START] Processing 10APR
2026-01-20 07:21:27 | INFO     | [lf.day.start] Processing ELQ-CAI for 10APR
2026-01-20 07:21:29 | INFO     | [lf.day.flights_found] Found 1 flights on 10APR
2026-01-20 07:21:32 | INFO     | [lf.flight.extracted] SM428 on 10APR: BKG=4, LF=2.3%
2026-01-20 07:21:37 | INFO     | [SUCCESS] Day 10APR
2026-01-20 07:21:37 | INFO     | [DAY_START] Processing 09APR
2026-01-20 07:21:37 | INFO     | [lf.day.start] Processing ELQ-CAI for 09APR
2026-01-20 07:21:38 | WARNING  | [lf.day.no_flights] No direct flights on 09APR
2026-01-20 07:21:38 | INFO     | [SUCCESS] Day 09APR
2026-01-20 07:21:38 | INFO     | [DAY_START] Processing 08APR
2026-01-20 07:21:38 | INFO     | [lf.day.start] Processing ELQ-CAI for 08APR
2026-01-20 07:21:39 | INFO     | [lf.day.flights_found] Found 1 flights on 08APR
2026-01-20 07:21:41 | INFO     | [lf.flight.extracted] SM428 on 08APR: BKG=4, LF=2.3%
2026-01-20 07:21:46 | INFO     | [SUCCESS] Day 08APR
2026-01-20 07:21:46 | INFO     | [DAY_START] Processing 07APR
2026-01-20 07:21:46 | INFO     | [lf.day.start] Processing ELQ-CAI for 07APR
2026-01-20 07:21:47 | INFO     | [lf.day.flights_found] Found 1 flights on 07APR
2026-01-20 07:21:49 | INFO     | [lf.flight.extracted] SM428 on 07APR: BKG=9, LF=5.1%
2026-01-20 07:21:52 | INFO     | [SUCCESS] Day 07APR
2026-01-20 07:21:52 | INFO     | [DAY_START] Processing 06APR
2026-01-20 07:21:52 | INFO     | [lf.day.start] Processing ELQ-CAI for 06APR
2026-01-20 07:21:53 | WARNING  | [lf.day.no_flights] No direct flights on 06APR
2026-01-20 07:21:53 | INFO     | [SUCCESS] Day 06APR
2026-01-20 07:21:53 | INFO     | [DAY_START] Processing 05APR
2026-01-20 07:21:53 | INFO     | [lf.day.start] Processing ELQ-CAI for 05APR
2026-01-20 07:21:55 | WARNING  | [lf.day.no_flights] No direct flights on 05APR
2026-01-20 07:21:55 | INFO     | [SUCCESS] Day 05APR
2026-01-20 07:21:55 | INFO     | [DAY_START] Processing 04APR
2026-01-20 07:21:55 | INFO     | [lf.day.start] Processing ELQ-CAI for 04APR
2026-01-20 07:21:57 | WARNING  | [lf.day.no_flights] No direct flights on 04APR
2026-01-20 07:21:57 | INFO     | [SUCCESS] Day 04APR
2026-01-20 07:21:57 | INFO     | [SUCCESS] LF Search Complete
2026-01-20 07:21:59 | INFO     | [Worker_9222] Completed: ELQ-CAI - 8 results, 0 errors
2026-01-20 07:21:59 | INFO     | [Worker_9222] Processing: HBE-JED
2026-01-20 07:21:59 | INFO     |   Tier 0: Range 3, Chunk 3/4 (8 days)
