2026-01-20 07:07:10 | INFO     | ======================================================================
2026-01-20 07:07:10 | INFO     | Load Factor Scraper Started - Route: ELQ-ATZ
2026-01-20 07:07:10 | INFO     | Log file: D:\CODERED\LAB\Artifacts\outputs\run_generated_200126_at_06.58\logs\LF_ELQ-ATZ_20260120_070710.log
2026-01-20 07:07:10 | INFO     | Enhanced logging: Capturing both logging.info() and print()
2026-01-20 07:07:10 | INFO     | ======================================================================
2026-01-20 07:07:10 | INFO     | Starting LF search for route: ELQ-ATZ
2026-01-20 07:07:10 | INFO     | [START] LF Search
2026-01-20 07:07:12 | INFO     | [HEALTH CHECK] [OK] Chrome connection is healthy
2026-01-20 07:07:12 | INFO     | [DAY_START] Processing 14MAY
2026-01-20 07:07:12 | INFO     | [lf.day.start] Processing ELQ-ATZ for 14MAY
2026-01-20 07:07:13 | WARNING  | [lf.day.no_flights] No direct flights on 14MAY
2026-01-20 07:07:13 | INFO     | [SUCCESS] Day 14MAY
2026-01-20 07:07:13 | INFO     | [DAY_START] Processing 13MAY
2026-01-20 07:07:13 | INFO     | [lf.day.start] Processing ELQ-ATZ for 13MAY
2026-01-20 07:07:15 | WARNING  | [lf.day.no_flights] No direct flights on 13MAY
2026-01-20 07:07:15 | INFO     | [SUCCESS] Day 13MAY
2026-01-20 07:07:15 | INFO     | [DAY_START] Processing 12MAY
2026-01-20 07:07:15 | INFO     | [lf.day.start] Processing ELQ-ATZ for 12MAY
2026-01-20 07:07:17 | WARNING  | [lf.day.no_flights] No direct flights on 12MAY
2026-01-20 07:07:17 | INFO     | [SUCCESS] Day 12MAY
2026-01-20 07:07:17 | INFO     | [DAY_START] Processing 11MAY
2026-01-20 07:07:17 | INFO     | [lf.day.start] Processing ELQ-ATZ for 11MAY
2026-01-20 07:07:18 | WARNING  | [lf.day.no_flights] No direct flights on 11MAY
2026-01-20 07:07:18 | INFO     | [SUCCESS] Day 11MAY
2026-01-20 07:07:18 | INFO     | [DAY_START] Processing 10MAY
2026-01-20 07:07:18 | INFO     | [lf.day.start] Processing ELQ-ATZ for 10MAY
2026-01-20 07:07:19 | WARNING  | [lf.day.no_flights] No direct flights on 10MAY
2026-01-20 07:07:19 | INFO     | [SUCCESS] Day 10MAY
2026-01-20 07:07:19 | INFO     | [DAY_START] Processing 09MAY
2026-01-20 07:07:19 | INFO     | [lf.day.start] Processing ELQ-ATZ for 09MAY
2026-01-20 07:07:21 | WARNING  | [lf.day.no_flights] No direct flights on 09MAY
2026-01-20 07:07:21 | INFO     | [SUCCESS] Day 09MAY
2026-01-20 07:07:21 | INFO     | [DAY_START] Processing 08MAY
2026-01-20 07:07:21 | INFO     | [lf.day.start] Processing ELQ-ATZ for 08MAY
2026-01-20 07:07:22 | WARNING  | [lf.day.no_flights] No direct flights on 08MAY
2026-01-20 07:07:22 | INFO     | [SUCCESS] Day 08MAY
2026-01-20 07:07:22 | INFO     | [DAY_START] Processing 07MAY
2026-01-20 07:07:22 | INFO     | [lf.day.start] Processing ELQ-ATZ for 07MAY
2026-01-20 07:07:24 | WARNING  | [lf.day.no_flights] No direct flights on 07MAY
2026-01-20 07:07:24 | INFO     | [SUCCESS] Day 07MAY
2026-01-20 07:07:24 | INFO     | [SUCCESS] LF Search Complete
2026-01-20 07:07:27 | INFO     | [Worker_9233] Completed: ELQ-ATZ - 8 results, 0 errors
2026-01-20 07:07:27 | INFO     | [Worker_9233] Processing: CAI-JED
2026-01-20 07:07:27 | INFO     |   Tier 0: Range 4, Chunk 3/4 (8 days)
