2026-01-20 07:34:33 | INFO     | ======================================================================
2026-01-20 07:34:33 | INFO     | Load Factor Scraper Started - Route: ELQ-ATZ
2026-01-20 07:34:33 | INFO     | Log file: D:\CODERED\LAB\Artifacts\outputs\run_generated_200126_at_06.58\logs\LF_ELQ-ATZ_20260120_073433.log
2026-01-20 07:34:33 | INFO     | Enhanced logging: Capturing both logging.info() and print()
2026-01-20 07:34:33 | INFO     | ======================================================================
2026-01-20 07:34:33 | INFO     | Starting LF search for route: ELQ-ATZ
2026-01-20 07:34:33 | INFO     | [START] LF Search
2026-01-20 07:34:36 | INFO     | [HEALTH CHECK] [OK] Chrome connection is healthy
2026-01-20 07:34:36 | INFO     | [DAY_START] Processing 26MAR
2026-01-20 07:34:36 | INFO     | [lf.day.start] Processing ELQ-ATZ for 26MAR
2026-01-20 07:34:37 | WARNING  | [lf.day.no_flights] No direct flights on 26MAR
2026-01-20 07:34:37 | INFO     | [SUCCESS] Day 26MAR
2026-01-20 07:34:37 | INFO     | [DAY_START] Processing 25MAR
2026-01-20 07:34:37 | INFO     | [lf.day.start] Processing ELQ-ATZ for 25MAR
2026-01-20 07:34:38 | INFO     | [lf.day.flights_found] Found 1 flights on 25MAR
2026-01-20 07:34:40 | INFO     | [lf.flight.extracted] SM436 on 25MAR: BKG=6, LF=3.5%
2026-01-20 07:34:44 | INFO     | [SUCCESS] Day 25MAR
2026-01-20 07:34:44 | INFO     | [DAY_START] Processing 24MAR
2026-01-20 07:34:44 | INFO     | [lf.day.start] Processing ELQ-ATZ for 24MAR
2026-01-20 07:34:45 | WARNING  | [lf.day.no_flights] No direct flights on 24MAR
2026-01-20 07:34:45 | INFO     | [SUCCESS] Day 24MAR
2026-01-20 07:34:45 | INFO     | [DAY_START] Processing 23MAR
2026-01-20 07:34:45 | INFO     | [lf.day.start] Processing ELQ-ATZ for 23MAR
2026-01-20 07:34:46 | WARNING  | [lf.day.no_flights] No direct flights on 23MAR
2026-01-20 07:34:47 | INFO     | [SUCCESS] Day 23MAR
2026-01-20 07:34:47 | INFO     | [DAY_START] Processing 22MAR
2026-01-20 07:34:47 | INFO     | [lf.day.start] Processing ELQ-ATZ for 22MAR
2026-01-20 07:34:48 | WARNING  | [lf.day.no_flights] No direct flights on 22MAR
2026-01-20 07:34:48 | INFO     | [SUCCESS] Day 22MAR
2026-01-20 07:34:48 | INFO     | [DAY_START] Processing 21MAR
2026-01-20 07:34:48 | INFO     | [lf.day.start] Processing ELQ-ATZ for 21MAR
2026-01-20 07:34:49 | INFO     | [lf.day.flights_found] Found 1 flights on 21MAR
2026-01-20 07:34:52 | INFO     | [lf.flight.extracted] SM436 on 21MAR: BKG=31, LF=17.7%
2026-01-20 07:34:59 | INFO     | [SUCCESS] Day 21MAR
2026-01-20 07:34:59 | INFO     | [DAY_START] Processing 20MAR
2026-01-20 07:34:59 | INFO     | [lf.day.start] Processing ELQ-ATZ for 20MAR
2026-01-20 07:35:00 | WARNING  | [lf.day.no_flights] No direct flights on 20MAR
2026-01-20 07:35:00 | INFO     | [SUCCESS] Day 20MAR
2026-01-20 07:35:00 | INFO     | [DAY_START] Processing 19MAR
2026-01-20 07:35:00 | INFO     | [lf.day.start] Processing ELQ-ATZ for 19MAR
2026-01-20 07:35:01 | WARNING  | [lf.day.no_flights] No direct flights on 19MAR
2026-01-20 07:35:02 | INFO     | [SUCCESS] Day 19MAR
2026-01-20 07:35:02 | INFO     | [DAY_START] Processing 18MAR
2026-01-20 07:35:02 | INFO     | [lf.day.start] Processing ELQ-ATZ for 18MAR
2026-01-20 07:35:03 | INFO     | [lf.day.flights_found] Found 1 flights on 18MAR
2026-01-20 07:35:05 | INFO     | [lf.flight.extracted] SM436 on 18MAR: BKG=29, LF=16.6%
2026-01-20 07:35:10 | INFO     | [SUCCESS] Day 18MAR
2026-01-20 07:35:10 | INFO     | [SUCCESS] LF Search Complete
2026-01-20 07:35:12 | INFO     | [Worker_9224] Completed: ELQ-ATZ - 9 results, 0 errors
2026-01-20 07:35:12 | INFO     | [Worker_9224] Processing: ATZ-JED
2026-01-20 07:35:12 | INFO     |   Tier 0: Range 2, Chunk 1/4 (9 days)
