2026-01-20 07:10:06 | INFO     | ======================================================================
2026-01-20 07:10:06 | INFO     | Load Factor Scraper Started - Route: ELQ-ATZ
2026-01-20 07:10:06 | INFO     | Log file: D:\CODERED\LAB\Artifacts\outputs\run_generated_200126_at_06.58\logs\LF_ELQ-ATZ_20260120_071006.log
2026-01-20 07:10:06 | INFO     | Enhanced logging: Capturing both logging.info() and print()
2026-01-20 07:10:06 | INFO     | ======================================================================
2026-01-20 07:10:06 | INFO     | Starting LF search for route: ELQ-ATZ
2026-01-20 07:10:06 | INFO     | [START] LF Search
2026-01-20 07:10:09 | INFO     | [HEALTH CHECK] [OK] Chrome connection is healthy
2026-01-20 07:10:09 | INFO     | [DAY_START] Processing 06MAY
2026-01-20 07:10:09 | INFO     | [lf.day.start] Processing ELQ-ATZ for 06MAY
2026-01-20 07:10:31 | WARNING  | [lf.day.no_flights] No direct flights on 06MAY
2026-01-20 07:10:32 | INFO     | [SUCCESS] Day 06MAY
2026-01-20 07:10:32 | INFO     | [DAY_START] Processing 05MAY
2026-01-20 07:10:32 | INFO     | [lf.day.start] Processing ELQ-ATZ for 05MAY
2026-01-20 07:10:33 | WARNING  | [lf.day.no_flights] No direct flights on 05MAY
2026-01-20 07:10:33 | INFO     | [SUCCESS] Day 05MAY
2026-01-20 07:10:33 | INFO     | [DAY_START] Processing 04MAY
2026-01-20 07:10:33 | INFO     | [lf.day.start] Processing ELQ-ATZ for 04MAY
2026-01-20 07:10:35 | WARNING  | [lf.day.no_flights] No direct flights on 04MAY
2026-01-20 07:10:35 | INFO     | [SUCCESS] Day 04MAY
2026-01-20 07:10:35 | INFO     | [DAY_START] Processing 03MAY
2026-01-20 07:10:35 | INFO     | [lf.day.start] Processing ELQ-ATZ for 03MAY
2026-01-20 07:10:36 | WARNING  | [lf.day.no_flights] No direct flights on 03MAY
2026-01-20 07:10:37 | INFO     | [SUCCESS] Day 03MAY
2026-01-20 07:10:37 | INFO     | [DAY_START] Processing 02MAY
2026-01-20 07:10:37 | INFO     | [lf.day.start] Processing ELQ-ATZ for 02MAY
2026-01-20 07:10:38 | WARNING  | [lf.day.no_flights] No direct flights on 02MAY
2026-01-20 07:10:38 | INFO     | [SUCCESS] Day 02MAY
2026-01-20 07:10:38 | INFO     | [DAY_START] Processing 01MAY
2026-01-20 07:10:38 | INFO     | [lf.day.start] Processing ELQ-ATZ for 01MAY
2026-01-20 07:10:40 | WARNING  | [lf.day.no_flights] No direct flights on 01MAY
2026-01-20 07:10:40 | INFO     | [SUCCESS] Day 01MAY
2026-01-20 07:10:40 | INFO     | [DAY_START] Processing 30APR
2026-01-20 07:10:40 | INFO     | [lf.day.start] Processing ELQ-ATZ for 30APR
2026-01-20 07:10:43 | WARNING  | [lf.day.no_flights] No direct flights on 30APR
2026-01-20 07:10:43 | INFO     | [SUCCESS] Day 30APR
2026-01-20 07:10:43 | INFO     | [DAY_START] Processing 29APR
2026-01-20 07:10:43 | INFO     | [lf.day.start] Processing ELQ-ATZ for 29APR
2026-01-20 07:10:45 | WARNING  | [lf.day.no_flights] No direct flights on 29APR
2026-01-20 07:10:46 | INFO     | [SUCCESS] Day 29APR
2026-01-20 07:10:46 | INFO     | [SUCCESS] LF Search Complete
2026-01-20 07:10:48 | INFO     | [Worker_9222] Completed: ELQ-ATZ - 8 results, 0 errors
2026-01-20 07:10:48 | INFO     | [Worker_9222] Processing: CAI-JED
2026-01-20 07:10:48 | INFO     |   Tier 0: Range 4, Chunk 4/4 (8 days)
