2026-01-20 07:44:39 | INFO     | ======================================================================
2026-01-20 07:44:39 | INFO     | Load Factor Scraper Started - Route: ELQ-CAI
2026-01-20 07:44:39 | INFO     | Log file: D:\CODERED\LAB\Artifacts\outputs\run_generated_200126_at_06.58\logs\LF_ELQ-CAI_20260120_074439.log
2026-01-20 07:44:39 | INFO     | Enhanced logging: Capturing both logging.info() and print()
2026-01-20 07:44:39 | INFO     | ======================================================================
2026-01-20 07:44:39 | INFO     | Starting LF search for route: ELQ-CAI
2026-01-20 07:44:39 | INFO     | [START] LF Search
2026-01-20 07:44:42 | INFO     | [HEALTH CHECK] [OK] Chrome connection is healthy
2026-01-20 07:44:42 | INFO     | [DAY_START] Processing 09MAR
2026-01-20 07:44:42 | INFO     | [lf.day.start] Processing ELQ-CAI for 09MAR
2026-01-20 07:44:43 | WARNING  | [lf.day.no_flights] No direct flights on 09MAR
2026-01-20 07:44:43 | INFO     | [SUCCESS] Day 09MAR
2026-01-20 07:44:43 | INFO     | [DAY_START] Processing 08MAR
2026-01-20 07:44:43 | INFO     | [lf.day.start] Processing ELQ-CAI for 08MAR
2026-01-20 07:44:45 | INFO     | [lf.day.flights_found] Found 1 flights on 08MAR
2026-01-20 07:44:48 | INFO     | [lf.flight.extracted] SM428 on 08MAR: BKG=39, LF=22.7%
2026-01-20 07:44:54 | INFO     | [SUCCESS] Day 08MAR
2026-01-20 07:44:54 | INFO     | [DAY_START] Processing 07MAR
2026-01-20 07:44:54 | INFO     | [lf.day.start] Processing ELQ-CAI for 07MAR
2026-01-20 07:44:56 | INFO     | [lf.day.flights_found] Found 1 flights on 07MAR
2026-01-20 07:44:59 | INFO     | [lf.flight.extracted] SM428 on 07MAR: BKG=35, LF=20.0%
2026-01-20 07:45:06 | INFO     | [SUCCESS] Day 07MAR
2026-01-20 07:45:06 | INFO     | [DAY_START] Processing 06MAR
2026-01-20 07:45:06 | INFO     | [lf.day.start] Processing ELQ-CAI for 06MAR
2026-01-20 07:45:08 | WARNING  | [lf.day.no_flights] No direct flights on 06MAR
2026-01-20 07:45:08 | INFO     | [SUCCESS] Day 06MAR
2026-01-20 07:45:08 | INFO     | [DAY_START] Processing 05MAR
2026-01-20 07:45:08 | INFO     | [lf.day.start] Processing ELQ-CAI for 05MAR
2026-01-20 07:45:09 | INFO     | [lf.day.flights_found] Found 1 flights on 05MAR
2026-01-20 07:45:13 | INFO     | [lf.flight.extracted] SM428 on 05MAR: BKG=47, LF=27.3%
2026-01-20 07:45:20 | INFO     | [SUCCESS] Day 05MAR
2026-01-20 07:45:20 | INFO     | [DAY_START] Processing 04MAR
2026-01-20 07:45:20 | INFO     | [lf.day.start] Processing ELQ-CAI for 04MAR
2026-01-20 07:45:21 | WARNING  | [lf.day.no_flights] No direct flights on 04MAR
2026-01-20 07:45:21 | INFO     | [SUCCESS] Day 04MAR
2026-01-20 07:45:21 | INFO     | [DAY_START] Processing 03MAR
2026-01-20 07:45:21 | INFO     | [lf.day.start] Processing ELQ-CAI for 03MAR
2026-01-20 07:45:23 | WARNING  | [lf.day.no_flights] No direct flights on 03MAR
2026-01-20 07:45:23 | INFO     | [SUCCESS] Day 03MAR
2026-01-20 07:45:23 | INFO     | [DAY_START] Processing 02MAR
2026-01-20 07:45:23 | INFO     | [lf.day.start] Processing ELQ-CAI for 02MAR
2026-01-20 07:45:24 | WARNING  | [lf.day.no_flights] No direct flights on 02MAR
2026-01-20 07:45:24 | INFO     | [SUCCESS] Day 02MAR
2026-01-20 07:45:24 | INFO     | [SUCCESS] LF Search Complete
2026-01-20 07:45:26 | INFO     | [Worker_9227] Completed: ELQ-CAI - 8 results, 0 errors
2026-01-20 07:45:26 | INFO     | [Worker_9227] Processing: CAI-JED
2026-01-20 07:45:26 | INFO     |   Tier 0: Range 2, Chunk 3/4 (8 days)
