2026-01-20 07:13:18 | INFO     | ======================================================================
2026-01-20 07:13:18 | INFO     | Load Factor Scraper Started - Route: ELQ-CAI
2026-01-20 07:13:18 | INFO     | Log file: D:\CODERED\LAB\Artifacts\outputs\run_generated_200126_at_06.58\logs\LF_ELQ-CAI_20260120_071318.log
2026-01-20 07:13:18 | INFO     | Enhanced logging: Capturing both logging.info() and print()
2026-01-20 07:13:18 | INFO     | ======================================================================
2026-01-20 07:13:18 | INFO     | Starting LF search for route: ELQ-CAI
2026-01-20 07:13:18 | INFO     | [START] LF Search
2026-01-20 07:13:20 | INFO     | [HEALTH CHECK] [OK] Chrome connection is healthy
2026-01-20 07:13:20 | INFO     | [DAY_START] Processing 28APR
2026-01-20 07:13:20 | INFO     | [lf.day.start] Processing ELQ-CAI for 28APR
2026-01-20 07:13:21 | INFO     | [lf.day.flights_found] Found 1 flights on 28APR
2026-01-20 07:13:23 | INFO     | [lf.flight.extracted] SM428 on 28APR: BKG=1, LF=0.6%
2026-01-20 07:13:26 | INFO     | [SUCCESS] Day 28APR
2026-01-20 07:13:26 | INFO     | [DAY_START] Processing 27APR
2026-01-20 07:13:26 | INFO     | [lf.day.start] Processing ELQ-CAI for 27APR
2026-01-20 07:13:27 | WARNING  | [lf.day.no_flights] No direct flights on 27APR
2026-01-20 07:13:28 | INFO     | [SUCCESS] Day 27APR
2026-01-20 07:13:28 | INFO     | [DAY_START] Processing 26APR
2026-01-20 07:13:28 | INFO     | [lf.day.start] Processing ELQ-CAI for 26APR
2026-01-20 07:13:29 | WARNING  | [lf.day.no_flights] No direct flights on 26APR
2026-01-20 07:13:29 | INFO     | [SUCCESS] Day 26APR
2026-01-20 07:13:29 | INFO     | [DAY_START] Processing 25APR
2026-01-20 07:13:29 | INFO     | [lf.day.start] Processing ELQ-CAI for 25APR
2026-01-20 07:13:30 | WARNING  | [lf.day.no_flights] No direct flights on 25APR
2026-01-20 07:13:30 | INFO     | [SUCCESS] Day 25APR
2026-01-20 07:13:30 | INFO     | [DAY_START] Processing 24APR
2026-01-20 07:13:30 | INFO     | [lf.day.start] Processing ELQ-CAI for 24APR
2026-01-20 07:13:32 | INFO     | [lf.day.flights_found] Found 1 flights on 24APR
2026-01-20 07:13:35 | INFO     | [lf.flight.extracted] SM428 on 24APR: BKG=0, LF=0.0%
2026-01-20 07:13:38 | INFO     | [SUCCESS] Day 24APR
2026-01-20 07:13:38 | INFO     | [DAY_START] Processing 23APR
2026-01-20 07:13:38 | INFO     | [lf.day.start] Processing ELQ-CAI for 23APR
2026-01-20 07:13:41 | WARNING  | [lf.day.no_flights] No direct flights on 23APR
2026-01-20 07:13:41 | INFO     | [SUCCESS] Day 23APR
2026-01-20 07:13:41 | INFO     | [DAY_START] Processing 22APR
2026-01-20 07:13:41 | INFO     | [lf.day.start] Processing ELQ-CAI for 22APR
2026-01-20 07:13:44 | INFO     | [lf.day.flights_found] Found 1 flights on 22APR
2026-01-20 07:13:51 | INFO     | [lf.flight.extracted] SM428 on 22APR: BKG=0, LF=0.0%
2026-01-20 07:13:55 | INFO     | [SUCCESS] Day 22APR
2026-01-20 07:13:55 | INFO     | [DAY_START] Processing 21APR
2026-01-20 07:13:55 | INFO     | [lf.day.start] Processing ELQ-CAI for 21APR
2026-01-20 07:13:58 | INFO     | [lf.day.flights_found] Found 1 flights on 21APR
2026-01-20 07:14:01 | INFO     | [lf.flight.extracted] SM428 on 21APR: BKG=0, LF=0.0%
2026-01-20 07:14:04 | INFO     | [SUCCESS] Day 21APR
2026-01-20 07:14:04 | INFO     | [DAY_START] Processing 20APR
2026-01-20 07:14:04 | INFO     | [lf.day.start] Processing ELQ-CAI for 20APR
2026-01-20 07:14:05 | WARNING  | [lf.day.no_flights] No direct flights on 20APR
2026-01-20 07:14:05 | INFO     | [SUCCESS] Day 20APR
2026-01-20 07:14:05 | INFO     | [SUCCESS] LF Search Complete
2026-01-20 07:14:07 | INFO     | [Worker_9234] Completed: ELQ-CAI - 9 results, 0 errors
2026-01-20 07:14:07 | INFO     | [Worker_9234] Processing: HBE-JED
2026-01-20 07:14:07 | INFO     |   Tier 0: Range 3, Chunk 1/4 (9 days)
