2026-01-20 08:04:48 | INFO     | ======================================================================
2026-01-20 08:04:48 | INFO     | Load Factor Scraper Started - Route: ELQ-ATZ
2026-01-20 08:04:48 | INFO     | Log file: D:\CODERED\LAB\Artifacts\outputs\run_generated_200126_at_06.58\logs\LF_ELQ-ATZ_20260120_080448.log
2026-01-20 08:04:48 | INFO     | Enhanced logging: Capturing both logging.info() and print()
2026-01-20 08:04:48 | INFO     | ======================================================================
2026-01-20 08:04:48 | INFO     | Starting LF search for route: ELQ-ATZ
2026-01-20 08:04:48 | INFO     | [START] LF Search
2026-01-20 08:04:50 | INFO     | [HEALTH CHECK] [OK] Chrome connection is healthy
2026-01-20 08:04:50 | INFO     | [DAY_START] Processing 04FEB
2026-01-20 08:04:50 | INFO     | [lf.day.start] Processing ELQ-ATZ for 04FEB
2026-01-20 08:04:51 | INFO     | [lf.day.flights_found] Found 1 flights on 04FEB
2026-01-20 08:04:54 | INFO     | [lf.flight.extracted] SM436 on 04FEB: BKG=63, LF=36.0%
2026-01-20 08:04:58 | INFO     | [SUCCESS] Day 04FEB
2026-01-20 08:04:58 | INFO     | [DAY_START] Processing 03FEB
2026-01-20 08:04:58 | INFO     | [lf.day.start] Processing ELQ-ATZ for 03FEB
2026-01-20 08:04:59 | WARNING  | [lf.day.no_flights] No direct flights on 03FEB
2026-01-20 08:04:59 | INFO     | [SUCCESS] Day 03FEB
2026-01-20 08:04:59 | INFO     | [DAY_START] Processing 02FEB
2026-01-20 08:04:59 | INFO     | [lf.day.start] Processing ELQ-ATZ for 02FEB
2026-01-20 08:05:00 | WARNING  | [lf.day.no_flights] No direct flights on 02FEB
2026-01-20 08:05:01 | INFO     | [SUCCESS] Day 02FEB
2026-01-20 08:05:01 | INFO     | [DAY_START] Processing 01FEB
2026-01-20 08:05:01 | INFO     | [lf.day.start] Processing ELQ-ATZ for 01FEB
2026-01-20 08:05:02 | WARNING  | [lf.day.no_flights] No direct flights on 01FEB
2026-01-20 08:05:02 | INFO     | [SUCCESS] Day 01FEB
2026-01-20 08:05:02 | INFO     | [DAY_START] Processing 31JAN
2026-01-20 08:05:02 | INFO     | [lf.day.start] Processing ELQ-ATZ for 31JAN
2026-01-20 08:05:03 | INFO     | [lf.day.flights_found] Found 1 flights on 31JAN
2026-01-20 08:05:05 | INFO     | [lf.flight.extracted] SM436 on 31JAN: BKG=93, LF=53.1%
2026-01-20 08:05:11 | INFO     | [SUCCESS] Day 31JAN
2026-01-20 08:05:11 | INFO     | [DAY_START] Processing 30JAN
2026-01-20 08:05:11 | INFO     | [lf.day.start] Processing ELQ-ATZ for 30JAN
2026-01-20 08:05:12 | WARNING  | [lf.day.no_flights] No direct flights on 30JAN
2026-01-20 08:05:12 | INFO     | [SUCCESS] Day 30JAN
2026-01-20 08:05:12 | INFO     | [DAY_START] Processing 29JAN
2026-01-20 08:05:12 | INFO     | [lf.day.start] Processing ELQ-ATZ for 29JAN
2026-01-20 08:05:14 | WARNING  | [lf.day.no_flights] No direct flights on 29JAN
2026-01-20 08:05:14 | INFO     | [SUCCESS] Day 29JAN
2026-01-20 08:05:14 | INFO     | [DAY_START] Processing 28JAN
2026-01-20 08:05:14 | INFO     | [lf.day.start] Processing ELQ-ATZ for 28JAN
2026-01-20 08:05:15 | INFO     | [lf.day.flights_found] Found 1 flights on 28JAN
2026-01-20 08:05:17 | INFO     | [lf.flight.extracted] SM436 on 28JAN: BKG=120, LF=68.6%
2026-01-20 08:05:23 | INFO     | [SUCCESS] Day 28JAN
2026-01-20 08:05:23 | INFO     | [SUCCESS] LF Search Complete
2026-01-20 08:05:25 | INFO     | [Worker_9233] Completed: ELQ-ATZ - 8 results, 0 errors
2026-01-20 08:05:25 | INFO     | [Worker_9233] Processing: ATZ-JED
2026-01-20 08:05:25 | INFO     |   Tier 0: Range 1, Chunk 3/4 (8 days)
