2026-01-20 08:04:56 | INFO     | ======================================================================
2026-01-20 08:04:56 | INFO     | Load Factor Scraper Started - Route: GIZ-CAI
2026-01-20 08:04:56 | INFO     | Log file: D:\CODERED\LAB\Artifacts\outputs\run_generated_200126_at_06.58\logs\LF_GIZ-CAI_20260120_080456.log
2026-01-20 08:04:56 | INFO     | Enhanced logging: Capturing both logging.info() and print()
2026-01-20 08:04:56 | INFO     | ======================================================================
2026-01-20 08:04:56 | INFO     | Starting LF search for route: GIZ-CAI
2026-01-20 08:04:56 | INFO     | [START] LF Search
2026-01-20 08:04:57 | INFO     | [HEALTH CHECK] [OK] Chrome connection is healthy
2026-01-20 08:04:57 | INFO     | [DAY_START] Processing 04FEB
2026-01-20 08:04:57 | INFO     | [lf.day.start] Processing GIZ-CAI for 04FEB
2026-01-20 08:04:58 | WARNING  | [lf.day.no_flights] No direct flights on 04FEB
2026-01-20 08:04:58 | INFO     | [SUCCESS] Day 04FEB
2026-01-20 08:04:58 | INFO     | [DAY_START] Processing 03FEB
2026-01-20 08:04:58 | INFO     | [lf.day.start] Processing GIZ-CAI for 03FEB
2026-01-20 08:04:59 | WARNING  | [lf.day.no_flights] No direct flights on 03FEB
2026-01-20 08:04:59 | INFO     | [SUCCESS] Day 03FEB
2026-01-20 08:04:59 | INFO     | [DAY_START] Processing 02FEB
2026-01-20 08:04:59 | INFO     | [lf.day.start] Processing GIZ-CAI for 02FEB
2026-01-20 08:05:00 | WARNING  | [lf.day.no_flights] No direct flights on 02FEB
2026-01-20 08:05:01 | INFO     | [SUCCESS] Day 02FEB
2026-01-20 08:05:01 | INFO     | [DAY_START] Processing 01FEB
2026-01-20 08:05:01 | INFO     | [lf.day.start] Processing GIZ-CAI for 01FEB
2026-01-20 08:05:02 | INFO     | [lf.day.flights_found] Found 1 flights on 01FEB
2026-01-20 08:05:03 | INFO     | [lf.flight.extracted] SM330 on 01FEB: BKG=20, LF=11.4%
2026-01-20 08:05:07 | INFO     | [SUCCESS] Day 01FEB
2026-01-20 08:05:07 | INFO     | [DAY_START] Processing 31JAN
2026-01-20 08:05:07 | INFO     | [lf.day.start] Processing GIZ-CAI for 31JAN
2026-01-20 08:05:08 | WARNING  | [lf.day.no_flights] No direct flights on 31JAN
2026-01-20 08:05:08 | INFO     | [SUCCESS] Day 31JAN
2026-01-20 08:05:08 | INFO     | [DAY_START] Processing 30JAN
2026-01-20 08:05:08 | INFO     | [lf.day.start] Processing GIZ-CAI for 30JAN
2026-01-20 08:05:09 | INFO     | [lf.day.flights_found] Found 1 flights on 30JAN
2026-01-20 08:05:11 | INFO     | [lf.flight.extracted] SM330 on 30JAN: BKG=48, LF=27.4%
2026-01-20 08:05:14 | INFO     | [SUCCESS] Day 30JAN
2026-01-20 08:05:14 | INFO     | [DAY_START] Processing 29JAN
2026-01-20 08:05:14 | INFO     | [lf.day.start] Processing GIZ-CAI for 29JAN
2026-01-20 08:05:15 | WARNING  | [lf.day.no_flights] No direct flights on 29JAN
2026-01-20 08:05:16 | INFO     | [SUCCESS] Day 29JAN
2026-01-20 08:05:16 | INFO     | [DAY_START] Processing 28JAN
2026-01-20 08:05:16 | INFO     | [lf.day.start] Processing GIZ-CAI for 28JAN
2026-01-20 08:05:17 | WARNING  | [lf.day.no_flights] No direct flights on 28JAN
2026-01-20 08:05:17 | INFO     | [SUCCESS] Day 28JAN
2026-01-20 08:05:17 | INFO     | [SUCCESS] LF Search Complete
2026-01-20 08:05:19 | INFO     | [Worker_9227] Completed: GIZ-CAI - 8 results, 0 errors
2026-01-20 08:05:19 | INFO     | [Worker_9227] Processing: HBE-JED
2026-01-20 08:05:19 | INFO     |   Tier 0: Range 1, Chunk 3/4 (8 days)
