2026-01-20 07:28:24 | INFO     | ======================================================================
2026-01-20 07:28:24 | INFO     | Load Factor Scraper Started - Route: GIZ-CAI
2026-01-20 07:28:24 | INFO     | Log file: D:\CODERED\LAB\Artifacts\outputs\run_generated_200126_at_06.58\logs\LF_GIZ-CAI_20260120_072824.log
2026-01-20 07:28:24 | INFO     | Enhanced logging: Capturing both logging.info() and print()
2026-01-20 07:28:24 | INFO     | ======================================================================
2026-01-20 07:28:24 | INFO     | Starting LF search for route: GIZ-CAI
2026-01-20 07:28:24 | INFO     | [START] LF Search
2026-01-20 07:28:28 | INFO     | [HEALTH CHECK] [OK] Chrome connection is healthy
2026-01-20 07:28:28 | INFO     | [DAY_START] Processing 03APR
2026-01-20 07:28:28 | INFO     | [lf.day.start] Processing GIZ-CAI for 03APR
2026-01-20 07:28:30 | INFO     | [lf.day.flights_found] Found 1 flights on 03APR
2026-01-20 07:28:36 | INFO     | [lf.flight.extracted] SM330 on 03APR: BKG=8, LF=4.6%
2026-01-20 07:28:46 | INFO     | [SUCCESS] Day 03APR
2026-01-20 07:28:46 | INFO     | [DAY_START] Processing 02APR
2026-01-20 07:28:46 | INFO     | [lf.day.start] Processing GIZ-CAI for 02APR
2026-01-20 07:28:48 | INFO     | [lf.day.flights_found] Found 1 flights on 02APR
2026-01-20 07:28:51 | INFO     | [lf.flight.extracted] SM330 on 02APR: BKG=11, LF=6.3%
2026-01-20 07:28:58 | INFO     | [SUCCESS] Day 02APR
2026-01-20 07:28:58 | INFO     | [DAY_START] Processing 01APR
2026-01-20 07:28:58 | INFO     | [lf.day.start] Processing GIZ-CAI for 01APR
2026-01-20 07:29:06 | WARNING  | [lf.day.no_flights] No direct flights on 01APR
2026-01-20 07:29:06 | INFO     | [SUCCESS] Day 01APR
2026-01-20 07:29:06 | INFO     | [DAY_START] Processing 31MAR
2026-01-20 07:29:06 | INFO     | [lf.day.start] Processing GIZ-CAI for 31MAR
2026-01-20 07:29:08 | WARNING  | [lf.day.no_flights] No direct flights on 31MAR
2026-01-20 07:29:08 | INFO     | [SUCCESS] Day 31MAR
2026-01-20 07:29:08 | INFO     | [DAY_START] Processing 30MAR
2026-01-20 07:29:08 | INFO     | [lf.day.start] Processing GIZ-CAI for 30MAR
2026-01-20 07:29:09 | WARNING  | [lf.day.no_flights] No direct flights on 30MAR
2026-01-20 07:29:09 | INFO     | [SUCCESS] Day 30MAR
2026-01-20 07:29:09 | INFO     | [DAY_START] Processing 29MAR
2026-01-20 07:29:09 | INFO     | [lf.day.start] Processing GIZ-CAI for 29MAR
2026-01-20 07:29:10 | INFO     | [lf.day.flights_found] Found 1 flights on 29MAR
2026-01-20 07:29:13 | INFO     | [lf.flight.extracted] SM330 on 29MAR: BKG=0, LF=0.0%
2026-01-20 07:29:14 | INFO     | [SUCCESS] Day 29MAR
2026-01-20 07:29:14 | INFO     | [DAY_START] Processing 28MAR
2026-01-20 07:29:14 | INFO     | [lf.day.start] Processing GIZ-CAI for 28MAR
2026-01-20 07:29:15 | WARNING  | [lf.day.no_flights] No direct flights on 28MAR
2026-01-20 07:29:16 | INFO     | [SUCCESS] Day 28MAR
2026-01-20 07:29:16 | INFO     | [DAY_START] Processing 27MAR
2026-01-20 07:29:16 | INFO     | [lf.day.start] Processing GIZ-CAI for 27MAR
2026-01-20 07:29:17 | INFO     | [lf.day.flights_found] Found 1 flights on 27MAR
2026-01-20 07:29:20 | INFO     | [lf.flight.extracted] SM330 on 27MAR: BKG=11, LF=6.3%
2026-01-20 07:29:33 | INFO     | [lf.day.start] Processing GIZ-CAI for 27MAR
2026-01-20 07:29:35 | INFO     | [lf.day.flights_found] Found 1 flights on 27MAR
2026-01-20 07:29:52 | INFO     | [lf.flight.extracted] SM330 on 27MAR: BKG=11, LF=6.3%
2026-01-20 07:29:56 | INFO     | [SUCCESS] Day 27MAR
2026-01-20 07:29:56 | INFO     | [SUCCESS] LF Search Complete
2026-01-20 07:29:58 | INFO     | [Worker_9222] Completed: GIZ-CAI - 8 results, 0 errors
2026-01-20 07:29:58 | INFO     | [Worker_9222] Processing: CAI-RUH
2026-01-20 07:29:58 | INFO     |   Tier 0: Range 3, Chunk 4/4 (8 days)
