2026-01-20 07:17:40 | INFO     | ======================================================================
2026-01-20 07:17:40 | INFO     | Load Factor Scraper Started - Route: GIZ-CAI
2026-01-20 07:17:40 | INFO     | Log file: D:\CODERED\LAB\Artifacts\outputs\run_generated_200126_at_06.58\logs\LF_GIZ-CAI_20260120_071740.log
2026-01-20 07:17:40 | INFO     | Enhanced logging: Capturing both logging.info() and print()
2026-01-20 07:17:40 | INFO     | ======================================================================
2026-01-20 07:17:40 | INFO     | Starting LF search for route: GIZ-CAI
2026-01-20 07:17:40 | INFO     | [START] LF Search
2026-01-20 07:17:44 | INFO     | [HEALTH CHECK] [OK] Chrome connection is healthy
2026-01-20 07:17:44 | INFO     | [DAY_START] Processing 19APR
2026-01-20 07:17:44 | INFO     | [lf.day.start] Processing GIZ-CAI for 19APR
2026-01-20 07:17:46 | INFO     | [lf.day.flights_found] Found 1 flights on 19APR
2026-01-20 07:17:50 | INFO     | [lf.flight.extracted] SM330 on 19APR: BKG=4, LF=2.3%
2026-01-20 07:17:56 | INFO     | [SUCCESS] Day 19APR
2026-01-20 07:17:56 | INFO     | [DAY_START] Processing 18APR
2026-01-20 07:17:56 | INFO     | [lf.day.start] Processing GIZ-CAI for 18APR
2026-01-20 07:17:57 | WARNING  | [lf.day.no_flights] No direct flights on 18APR
2026-01-20 07:17:57 | INFO     | [SUCCESS] Day 18APR
2026-01-20 07:17:57 | INFO     | [DAY_START] Processing 17APR
2026-01-20 07:17:57 | INFO     | [lf.day.start] Processing GIZ-CAI for 17APR
2026-01-20 07:17:58 | INFO     | [lf.day.flights_found] Found 1 flights on 17APR
2026-01-20 07:18:00 | INFO     | [lf.flight.extracted] SM330 on 17APR: BKG=4, LF=2.3%
2026-01-20 07:18:05 | INFO     | [SUCCESS] Day 17APR
2026-01-20 07:18:05 | INFO     | [DAY_START] Processing 16APR
2026-01-20 07:18:05 | INFO     | [lf.day.start] Processing GIZ-CAI for 16APR
2026-01-20 07:18:06 | INFO     | [lf.day.flights_found] Found 1 flights on 16APR
2026-01-20 07:18:10 | INFO     | [lf.flight.extracted] SM330 on 16APR: BKG=0, LF=0.0%
2026-01-20 07:18:12 | INFO     | [SUCCESS] Day 16APR
2026-01-20 07:18:12 | INFO     | [DAY_START] Processing 15APR
2026-01-20 07:18:12 | INFO     | [lf.day.start] Processing GIZ-CAI for 15APR
2026-01-20 07:18:14 | WARNING  | [lf.day.no_flights] No direct flights on 15APR
2026-01-20 07:18:14 | INFO     | [SUCCESS] Day 15APR
2026-01-20 07:18:14 | INFO     | [DAY_START] Processing 14APR
2026-01-20 07:18:14 | INFO     | [lf.day.start] Processing GIZ-CAI for 14APR
2026-01-20 07:18:16 | WARNING  | [lf.day.no_flights] No direct flights on 14APR
2026-01-20 07:18:16 | INFO     | [SUCCESS] Day 14APR
2026-01-20 07:18:16 | INFO     | [DAY_START] Processing 13APR
2026-01-20 07:18:16 | INFO     | [lf.day.start] Processing GIZ-CAI for 13APR
2026-01-20 07:18:17 | WARNING  | [lf.day.no_flights] No direct flights on 13APR
2026-01-20 07:18:17 | INFO     | [SUCCESS] Day 13APR
2026-01-20 07:18:17 | INFO     | [DAY_START] Processing 12APR
2026-01-20 07:18:17 | INFO     | [lf.day.start] Processing GIZ-CAI for 12APR
2026-01-20 07:18:18 | INFO     | [lf.day.flights_found] Found 1 flights on 12APR
2026-01-20 07:18:20 | INFO     | [lf.flight.extracted] SM330 on 12APR: BKG=1, LF=0.6%
2026-01-20 07:18:24 | INFO     | [SUCCESS] Day 12APR
2026-01-20 07:18:24 | INFO     | [SUCCESS] LF Search Complete
2026-01-20 07:18:26 | INFO     | [Worker_9233] Completed: GIZ-CAI - 8 results, 0 errors
2026-01-20 07:18:26 | INFO     | [Worker_9233] Processing: CAI-RUH
2026-01-20 07:18:26 | INFO     |   Tier 0: Range 3, Chunk 2/4 (8 days)
