2026-01-20 07:03:46 | INFO     | ======================================================================
2026-01-20 07:03:46 | INFO     | Load Factor Scraper Started - Route: GIZ-CAI
2026-01-20 07:03:46 | INFO     | Log file: D:\CODERED\LAB\Artifacts\outputs\run_generated_200126_at_06.58\logs\LF_GIZ-CAI_20260120_070346.log
2026-01-20 07:03:46 | INFO     | Enhanced logging: Capturing both logging.info() and print()
2026-01-20 07:03:46 | INFO     | ======================================================================
2026-01-20 07:03:46 | INFO     | Starting LF search for route: GIZ-CAI
2026-01-20 07:03:46 | INFO     | [START] LF Search
2026-01-20 07:03:48 | INFO     | [HEALTH CHECK] [OK] Chrome connection is healthy
2026-01-20 07:03:48 | INFO     | [DAY_START] Processing 22MAY
2026-01-20 07:03:48 | INFO     | [lf.day.start] Processing GIZ-CAI for 22MAY
2026-01-20 07:03:49 | INFO     | [lf.day.flights_found] Found 1 flights on 22MAY
2026-01-20 07:03:51 | INFO     | [lf.flight.extracted] SM330 on 22MAY: BKG=0, LF=0.0%
2026-01-20 07:03:53 | INFO     | [SUCCESS] Day 22MAY
2026-01-20 07:03:53 | INFO     | [DAY_START] Processing 21MAY
2026-01-20 07:03:53 | INFO     | [lf.day.start] Processing GIZ-CAI for 21MAY
2026-01-20 07:03:54 | INFO     | [lf.day.flights_found] Found 1 flights on 21MAY
2026-01-20 07:03:56 | INFO     | [lf.flight.extracted] SM330 on 21MAY: BKG=1, LF=0.6%
2026-01-20 07:03:59 | INFO     | [SUCCESS] Day 21MAY
2026-01-20 07:03:59 | INFO     | [DAY_START] Processing 20MAY
2026-01-20 07:03:59 | INFO     | [lf.day.start] Processing GIZ-CAI for 20MAY
2026-01-20 07:04:00 | WARNING  | [lf.day.no_flights] No direct flights on 20MAY
2026-01-20 07:04:00 | INFO     | [SUCCESS] Day 20MAY
2026-01-20 07:04:00 | INFO     | [DAY_START] Processing 19MAY
2026-01-20 07:04:00 | INFO     | [lf.day.start] Processing GIZ-CAI for 19MAY
2026-01-20 07:04:01 | WARNING  | [lf.day.no_flights] No direct flights on 19MAY
2026-01-20 07:04:01 | INFO     | [SUCCESS] Day 19MAY
2026-01-20 07:04:01 | INFO     | [DAY_START] Processing 18MAY
2026-01-20 07:04:01 | INFO     | [lf.day.start] Processing GIZ-CAI for 18MAY
2026-01-20 07:04:02 | WARNING  | [lf.day.no_flights] No direct flights on 18MAY
2026-01-20 07:04:02 | INFO     | [SUCCESS] Day 18MAY
2026-01-20 07:04:02 | INFO     | [DAY_START] Processing 17MAY
2026-01-20 07:04:02 | INFO     | [lf.day.start] Processing GIZ-CAI for 17MAY
2026-01-20 07:04:03 | INFO     | [lf.day.flights_found] Found 1 flights on 17MAY
2026-01-20 07:04:05 | INFO     | [lf.flight.extracted] SM330 on 17MAY: BKG=0, LF=0.0%
2026-01-20 07:04:07 | INFO     | [SUCCESS] Day 17MAY
2026-01-20 07:04:07 | INFO     | [DAY_START] Processing 16MAY
2026-01-20 07:04:07 | INFO     | [lf.day.start] Processing GIZ-CAI for 16MAY
2026-01-20 07:04:08 | WARNING  | [lf.day.no_flights] No direct flights on 16MAY
2026-01-20 07:04:08 | INFO     | [SUCCESS] Day 16MAY
2026-01-20 07:04:08 | INFO     | [DAY_START] Processing 15MAY
2026-01-20 07:04:08 | INFO     | [lf.day.start] Processing GIZ-CAI for 15MAY
2026-01-20 07:04:10 | INFO     | [lf.day.flights_found] Found 1 flights on 15MAY
2026-01-20 07:04:12 | INFO     | [lf.flight.extracted] SM330 on 15MAY: BKG=5, LF=2.9%
2026-01-20 07:04:15 | INFO     | [SUCCESS] Day 15MAY
2026-01-20 07:04:15 | INFO     | [SUCCESS] LF Search Complete
2026-01-20 07:04:17 | INFO     | [Worker_9224] Completed: GIZ-CAI - 8 results, 0 errors
2026-01-20 07:04:17 | INFO     | [Worker_9224] Processing: CAI-RUH
2026-01-20 07:04:17 | INFO     |   Tier 0: Range 4, Chunk 2/4 (8 days)
