2026-01-20 08:09:49 | INFO     | ======================================================================
2026-01-20 08:09:49 | INFO     | Load Factor Scraper Started - Route: GIZ-CAI
2026-01-20 08:09:49 | INFO     | Log file: D:\CODERED\LAB\Artifacts\outputs\run_generated_200126_at_06.58\logs\LF_GIZ-CAI_20260120_080949.log
2026-01-20 08:09:49 | INFO     | Enhanced logging: Capturing both logging.info() and print()
2026-01-20 08:09:49 | INFO     | ======================================================================
2026-01-20 08:09:49 | INFO     | Starting LF search for route: GIZ-CAI
2026-01-20 08:09:49 | INFO     | [START] LF Search
2026-01-20 08:09:52 | INFO     | [HEALTH CHECK] [OK] Chrome connection is healthy
2026-01-20 08:09:52 | INFO     | [DAY_START] Processing 27JAN
2026-01-20 08:09:52 | INFO     | [lf.day.start] Processing GIZ-CAI for 27JAN
2026-01-20 08:09:53 | WARNING  | [lf.day.no_flights] No direct flights on 27JAN
2026-01-20 08:09:53 | INFO     | [SUCCESS] Day 27JAN
2026-01-20 08:09:53 | INFO     | [DAY_START] Processing 26JAN
2026-01-20 08:09:53 | INFO     | [lf.day.start] Processing GIZ-CAI for 26JAN
2026-01-20 08:09:54 | WARNING  | [lf.day.no_flights] No direct flights on 26JAN
2026-01-20 08:09:54 | INFO     | [SUCCESS] Day 26JAN
2026-01-20 08:09:54 | INFO     | [DAY_START] Processing 25JAN
2026-01-20 08:09:54 | INFO     | [lf.day.start] Processing GIZ-CAI for 25JAN
2026-01-20 08:09:55 | INFO     | [lf.day.flights_found] Found 1 flights on 25JAN
2026-01-20 08:09:58 | INFO     | [lf.flight.extracted] SM330 on 25JAN: BKG=43, LF=24.6%
2026-01-20 08:10:04 | INFO     | [SUCCESS] Day 25JAN
2026-01-20 08:10:04 | INFO     | [DAY_START] Processing 24JAN
2026-01-20 08:10:04 | INFO     | [lf.day.start] Processing GIZ-CAI for 24JAN
2026-01-20 08:10:05 | WARNING  | [lf.day.no_flights] No direct flights on 24JAN
2026-01-20 08:10:05 | INFO     | [SUCCESS] Day 24JAN
2026-01-20 08:10:05 | INFO     | [DAY_START] Processing 23JAN
2026-01-20 08:10:05 | INFO     | [lf.day.start] Processing GIZ-CAI for 23JAN
2026-01-20 08:10:06 | INFO     | [lf.day.flights_found] Found 1 flights on 23JAN
2026-01-20 08:10:09 | INFO     | [lf.flight.extracted] SM330 on 23JAN: BKG=108, LF=61.7%
2026-01-20 08:10:17 | INFO     | [SUCCESS] Day 23JAN
2026-01-20 08:10:17 | INFO     | [DAY_START] Processing 22JAN
2026-01-20 08:10:17 | INFO     | [lf.day.start] Processing GIZ-CAI for 22JAN
2026-01-20 08:10:19 | WARNING  | [lf.day.no_flights] No direct flights on 22JAN
2026-01-20 08:10:19 | INFO     | [SUCCESS] Day 22JAN
2026-01-20 08:10:19 | INFO     | [DAY_START] Processing 21JAN
2026-01-20 08:10:19 | INFO     | [lf.day.start] Processing GIZ-CAI for 21JAN
2026-01-20 08:10:20 | WARNING  | [lf.day.no_flights] No direct flights on 21JAN
2026-01-20 08:10:21 | INFO     | [SUCCESS] Day 21JAN
2026-01-20 08:10:21 | INFO     | [SUCCESS] LF Search Complete
2026-01-20 08:10:23 | INFO     | [Worker_9227] Completed: GIZ-CAI - 7 results, 0 errors
2026-01-20 08:10:23 | INFO     | [Worker_9227] Processing: HBE-JED
2026-01-20 08:10:23 | INFO     |   Tier 0: Range 1, Chunk 4/4 (8 days)
