2026-01-20 07:00:51 | INFO     | ======================================================================
2026-01-20 07:00:51 | INFO     | Load Factor Scraper Started - Route: GIZ-CAI
2026-01-20 07:00:51 | INFO     | Log file: D:\CODERED\LAB\Artifacts\outputs\run_generated_200126_at_06.58\logs\LF_GIZ-CAI_20260120_070051.log
2026-01-20 07:00:51 | INFO     | Enhanced logging: Capturing both logging.info() and print()
2026-01-20 07:00:51 | INFO     | ======================================================================
2026-01-20 07:00:51 | INFO     | Starting LF search for route: GIZ-CAI
2026-01-20 07:00:51 | INFO     | [START] LF Search
2026-01-20 07:00:53 | INFO     | [HEALTH CHECK] [OK] Chrome connection is healthy
2026-01-20 07:00:53 | INFO     | [DAY_START] Processing 31MAY
2026-01-20 07:00:53 | INFO     | [lf.day.start] Processing GIZ-CAI for 31MAY
2026-01-20 07:00:54 | INFO     | [lf.day.flights_found] Found 1 flights on 31MAY
2026-01-20 07:00:56 | INFO     | [lf.flight.extracted] SM330 on 31MAY: BKG=0, LF=0.0%
2026-01-20 07:00:58 | INFO     | [SUCCESS] Day 31MAY
2026-01-20 07:00:58 | INFO     | [DAY_START] Processing 30MAY
2026-01-20 07:00:58 | INFO     | [lf.day.start] Processing GIZ-CAI for 30MAY
2026-01-20 07:00:59 | WARNING  | [lf.day.no_flights] No direct flights on 30MAY
2026-01-20 07:00:59 | INFO     | [SUCCESS] Day 30MAY
2026-01-20 07:00:59 | INFO     | [DAY_START] Processing 29MAY
2026-01-20 07:00:59 | INFO     | [lf.day.start] Processing GIZ-CAI for 29MAY
2026-01-20 07:01:00 | INFO     | [lf.day.flights_found] Found 1 flights on 29MAY
2026-01-20 07:01:02 | INFO     | [lf.flight.extracted] SM330 on 29MAY: BKG=2, LF=1.1%
2026-01-20 07:01:06 | INFO     | [SUCCESS] Day 29MAY
2026-01-20 07:01:06 | INFO     | [DAY_START] Processing 28MAY
2026-01-20 07:01:06 | INFO     | [lf.day.start] Processing GIZ-CAI for 28MAY
2026-01-20 07:01:07 | INFO     | [lf.day.flights_found] Found 1 flights on 28MAY
2026-01-20 07:01:10 | INFO     | [lf.flight.extracted] SM330 on 28MAY: BKG=1, LF=0.6%
2026-01-20 07:01:13 | INFO     | [SUCCESS] Day 28MAY
2026-01-20 07:01:13 | INFO     | [DAY_START] Processing 27MAY
2026-01-20 07:01:13 | INFO     | [lf.day.start] Processing GIZ-CAI for 27MAY
2026-01-20 07:01:14 | WARNING  | [lf.day.no_flights] No direct flights on 27MAY
2026-01-20 07:01:14 | INFO     | [SUCCESS] Day 27MAY
2026-01-20 07:01:14 | INFO     | [DAY_START] Processing 26MAY
2026-01-20 07:01:14 | INFO     | [lf.day.start] Processing GIZ-CAI for 26MAY
2026-01-20 07:01:15 | WARNING  | [lf.day.no_flights] No direct flights on 26MAY
2026-01-20 07:01:15 | INFO     | [SUCCESS] Day 26MAY
2026-01-20 07:01:15 | INFO     | [DAY_START] Processing 25MAY
2026-01-20 07:01:15 | INFO     | [lf.day.start] Processing GIZ-CAI for 25MAY
2026-01-20 07:01:16 | WARNING  | [lf.day.no_flights] No direct flights on 25MAY
2026-01-20 07:01:16 | INFO     | [SUCCESS] Day 25MAY
2026-01-20 07:01:16 | INFO     | [DAY_START] Processing 24MAY
2026-01-20 07:01:16 | INFO     | [lf.day.start] Processing GIZ-CAI for 24MAY
2026-01-20 07:01:17 | INFO     | [lf.day.flights_found] Found 1 flights on 24MAY
2026-01-20 07:01:20 | INFO     | [lf.flight.extracted] SM330 on 24MAY: BKG=0, LF=0.0%
2026-01-20 07:01:21 | INFO     | [SUCCESS] Day 24MAY
2026-01-20 07:01:21 | INFO     | [DAY_START] Processing 23MAY
2026-01-20 07:01:21 | INFO     | [lf.day.start] Processing GIZ-CAI for 23MAY
2026-01-20 07:01:22 | WARNING  | [lf.day.no_flights] No direct flights on 23MAY
2026-01-20 07:01:22 | INFO     | [SUCCESS] Day 23MAY
2026-01-20 07:01:22 | INFO     | [SUCCESS] LF Search Complete
2026-01-20 07:01:24 | INFO     | [Worker_9224] Completed: GIZ-CAI - 9 results, 0 errors
2026-01-20 07:01:24 | INFO     | [Worker_9224] Processing: ASW-JED
2026-01-20 07:01:24 | INFO     |   Tier 0: Range 4, Chunk 1/4 (9 days)
