2026-01-20 07:44:54 | INFO     | ======================================================================
2026-01-20 07:44:54 | INFO     | Load Factor Scraper Started - Route: GIZ-CAI
2026-01-20 07:44:54 | INFO     | Log file: D:\CODERED\LAB\Artifacts\outputs\run_generated_200126_at_06.58\logs\LF_GIZ-CAI_20260120_074454.log
2026-01-20 07:44:54 | INFO     | Enhanced logging: Capturing both logging.info() and print()
2026-01-20 07:44:54 | INFO     | ======================================================================
2026-01-20 07:44:54 | INFO     | Starting LF search for route: GIZ-CAI
2026-01-20 07:44:54 | INFO     | [START] LF Search
2026-01-20 07:44:58 | INFO     | [HEALTH CHECK] [OK] Chrome connection is healthy
2026-01-20 07:44:58 | INFO     | [DAY_START] Processing 09MAR
2026-01-20 07:44:58 | INFO     | [lf.day.start] Processing GIZ-CAI for 09MAR
2026-01-20 07:45:00 | WARNING  | [lf.day.no_flights] No direct flights on 09MAR
2026-01-20 07:45:00 | INFO     | [SUCCESS] Day 09MAR
2026-01-20 07:45:00 | INFO     | [DAY_START] Processing 08MAR
2026-01-20 07:45:00 | INFO     | [lf.day.start] Processing GIZ-CAI for 08MAR
2026-01-20 07:45:03 | INFO     | [lf.day.flights_found] Found 1 flights on 08MAR
2026-01-20 07:45:08 | INFO     | [lf.flight.extracted] SM330 on 08MAR: BKG=23, LF=13.1%
2026-01-20 07:45:13 | INFO     | [SUCCESS] Day 08MAR
2026-01-20 07:45:13 | INFO     | [DAY_START] Processing 07MAR
2026-01-20 07:45:13 | INFO     | [lf.day.start] Processing GIZ-CAI for 07MAR
2026-01-20 07:45:16 | WARNING  | [lf.day.no_flights] No direct flights on 07MAR
2026-01-20 07:45:16 | INFO     | [SUCCESS] Day 07MAR
2026-01-20 07:45:16 | INFO     | [DAY_START] Processing 06MAR
2026-01-20 07:45:16 | INFO     | [lf.day.start] Processing GIZ-CAI for 06MAR
2026-01-20 07:45:18 | INFO     | [lf.day.flights_found] Found 1 flights on 06MAR
2026-01-20 07:45:21 | INFO     | [lf.flight.extracted] SM330 on 06MAR: BKG=28, LF=16.0%
2026-01-20 07:45:25 | INFO     | [SUCCESS] Day 06MAR
2026-01-20 07:45:25 | INFO     | [DAY_START] Processing 05MAR
2026-01-20 07:45:25 | INFO     | [lf.day.start] Processing GIZ-CAI for 05MAR
2026-01-20 07:45:26 | WARNING  | [lf.day.no_flights] No direct flights on 05MAR
2026-01-20 07:45:26 | INFO     | [SUCCESS] Day 05MAR
2026-01-20 07:45:26 | INFO     | [DAY_START] Processing 04MAR
2026-01-20 07:45:26 | INFO     | [lf.day.start] Processing GIZ-CAI for 04MAR
2026-01-20 07:45:28 | WARNING  | [lf.day.no_flights] No direct flights on 04MAR
2026-01-20 07:45:28 | INFO     | [SUCCESS] Day 04MAR
2026-01-20 07:45:28 | INFO     | [DAY_START] Processing 03MAR
2026-01-20 07:45:28 | INFO     | [lf.day.start] Processing GIZ-CAI for 03MAR
2026-01-20 07:45:30 | WARNING  | [lf.day.no_flights] No direct flights on 03MAR
2026-01-20 07:45:30 | INFO     | [SUCCESS] Day 03MAR
2026-01-20 07:45:30 | INFO     | [DAY_START] Processing 02MAR
2026-01-20 07:45:30 | INFO     | [lf.day.start] Processing GIZ-CAI for 02MAR
2026-01-20 07:45:31 | WARNING  | [lf.day.no_flights] No direct flights on 02MAR
2026-01-20 07:45:31 | INFO     | [SUCCESS] Day 02MAR
2026-01-20 07:45:31 | INFO     | [SUCCESS] LF Search Complete
2026-01-20 07:45:33 | INFO     | [Worker_9223] Completed: GIZ-CAI - 8 results, 0 errors
2026-01-20 07:45:33 | INFO     | [Worker_9223] Processing: ATZ-JED
2026-01-20 07:45:33 | INFO     |   Tier 0: Range 2, Chunk 3/4 (8 days)
