2026-01-20 07:40:34 | INFO     | ======================================================================
2026-01-20 07:40:34 | INFO     | Load Factor Scraper Started - Route: HBE-JED
2026-01-20 07:40:34 | INFO     | Log file: D:\CODERED\LAB\Artifacts\outputs\run_generated_200126_at_06.58\logs\LF_HBE-JED_20260120_074034.log
2026-01-20 07:40:34 | INFO     | Enhanced logging: Capturing both logging.info() and print()
2026-01-20 07:40:34 | INFO     | ======================================================================
2026-01-20 07:40:34 | INFO     | Starting LF search for route: HBE-JED
2026-01-20 07:40:34 | INFO     | [START] LF Search
2026-01-20 07:40:36 | INFO     | [HEALTH CHECK] [OK] Chrome connection is healthy
2026-01-20 07:40:36 | INFO     | [DAY_START] Processing 17MAR
2026-01-20 07:40:36 | INFO     | [lf.day.start] Processing HBE-JED for 17MAR
2026-01-20 07:40:37 | INFO     | [lf.day.flights_found] Found 1 flights on 17MAR
2026-01-20 07:40:39 | INFO     | [lf.flight.extracted] SM451 on 17MAR: BKG=0, LF=0.0%
2026-01-20 07:40:40 | INFO     | [SUCCESS] Day 17MAR
2026-01-20 07:40:40 | INFO     | [DAY_START] Processing 16MAR
2026-01-20 07:40:40 | INFO     | [lf.day.start] Processing HBE-JED for 16MAR
2026-01-20 07:40:41 | INFO     | [lf.day.flights_found] Found 2 flights on 16MAR
2026-01-20 07:40:43 | INFO     | [lf.flight.extracted] SM457 on 16MAR: BKG=1, LF=0.6%
2026-01-20 07:40:47 | INFO     | [lf.flight.extracted] SM451 on 16MAR: BKG=0, LF=0.0%
2026-01-20 07:40:49 | INFO     | [SUCCESS] Day 16MAR
2026-01-20 07:40:49 | INFO     | [DAY_START] Processing 15MAR
2026-01-20 07:40:49 | INFO     | [lf.day.start] Processing HBE-JED for 15MAR
2026-01-20 07:40:50 | INFO     | [lf.day.flights_found] Found 2 flights on 15MAR
2026-01-20 07:40:52 | INFO     | [lf.flight.extracted] SM451 on 15MAR: BKG=0, LF=0.0%
2026-01-20 07:40:56 | INFO     | [lf.flight.extracted] SM457 on 15MAR: BKG=0, LF=0.0%
2026-01-20 07:40:57 | INFO     | [SUCCESS] Day 15MAR
2026-01-20 07:40:57 | INFO     | [DAY_START] Processing 14MAR
2026-01-20 07:40:57 | INFO     | [lf.day.start] Processing HBE-JED for 14MAR
2026-01-20 07:40:58 | INFO     | [lf.day.flights_found] Found 2 flights on 14MAR
2026-01-20 07:41:00 | INFO     | [lf.flight.extracted] SM457 on 14MAR: BKG=1, LF=0.6%
2026-01-20 07:41:03 | INFO     | [lf.flight.extracted] SM451 on 14MAR: BKG=1, LF=0.6%
2026-01-20 07:41:07 | INFO     | [SUCCESS] Day 14MAR
2026-01-20 07:41:07 | INFO     | [DAY_START] Processing 13MAR
2026-01-20 07:41:07 | INFO     | [lf.day.start] Processing HBE-JED for 13MAR
2026-01-20 07:41:08 | INFO     | [lf.day.flights_found] Found 1 flights on 13MAR
2026-01-20 07:41:10 | INFO     | [lf.flight.extracted] SM451 on 13MAR: BKG=3, LF=1.7%
2026-01-20 07:41:13 | INFO     | [SUCCESS] Day 13MAR
2026-01-20 07:41:13 | INFO     | [DAY_START] Processing 12MAR
2026-01-20 07:41:13 | INFO     | [lf.day.start] Processing HBE-JED for 12MAR
2026-01-20 07:41:14 | INFO     | [lf.day.flights_found] Found 1 flights on 12MAR
2026-01-20 07:41:16 | INFO     | [lf.flight.extracted] SM451 on 12MAR: BKG=15, LF=8.4%
2026-01-20 07:41:19 | INFO     | [SUCCESS] Day 12MAR
2026-01-20 07:41:19 | INFO     | [DAY_START] Processing 11MAR
2026-01-20 07:41:19 | INFO     | [lf.day.start] Processing HBE-JED for 11MAR
2026-01-20 07:41:20 | INFO     | [lf.day.flights_found] Found 3 flights on 11MAR
2026-01-20 07:41:22 | INFO     | [lf.flight.extracted] SM451 on 11MAR: BKG=3, LF=1.7%
2026-01-20 07:41:26 | INFO     | [lf.flight.extracted] SM457 on 11MAR: BKG=1, LF=0.6%
2026-01-20 07:41:30 | INFO     | [lf.flight.extracted] SM473 on 11MAR: BKG=0, LF=0.0%
2026-01-20 07:41:34 | INFO     | [SUCCESS] Day 11MAR
2026-01-20 07:41:34 | INFO     | [DAY_START] Processing 10MAR
2026-01-20 07:41:34 | INFO     | [lf.day.start] Processing HBE-JED for 10MAR
2026-01-20 07:41:36 | INFO     | [lf.day.flights_found] Found 1 flights on 10MAR
2026-01-20 07:41:38 | INFO     | [lf.flight.extracted] SM451 on 10MAR: BKG=5, LF=2.8%
2026-01-20 07:41:41 | INFO     | [SUCCESS] Day 10MAR
2026-01-20 07:41:41 | INFO     | [SUCCESS] LF Search Complete
2026-01-20 07:41:43 | INFO     | [Worker_9227] Completed: HBE-JED - 8 results, 0 errors
2026-01-20 07:41:43 | INFO     | [Worker_9227] Processing: CAI-YNB
2026-01-20 07:41:43 | INFO     |   Tier 0: Range 2, Chunk 2/4 (8 days)
