2026-01-20 07:21:59 | INFO     | ======================================================================
2026-01-20 07:21:59 | INFO     | Load Factor Scraper Started - Route: HBE-JED
2026-01-20 07:21:59 | INFO     | Log file: D:\CODERED\LAB\Artifacts\outputs\run_generated_200126_at_06.58\logs\LF_HBE-JED_20260120_072159.log
2026-01-20 07:21:59 | INFO     | Enhanced logging: Capturing both logging.info() and print()
2026-01-20 07:21:59 | INFO     | ======================================================================
2026-01-20 07:21:59 | INFO     | Starting LF search for route: HBE-JED
2026-01-20 07:21:59 | INFO     | [START] LF Search
2026-01-20 07:22:03 | INFO     | [HEALTH CHECK] [OK] Chrome connection is healthy
2026-01-20 07:22:03 | INFO     | [DAY_START] Processing 11APR
2026-01-20 07:22:03 | INFO     | [lf.day.start] Processing HBE-JED for 11APR
2026-01-20 07:22:05 | INFO     | [lf.day.flights_found] Found 1 flights on 11APR
2026-01-20 07:22:07 | INFO     | [lf.flight.extracted] SM451 on 11APR: BKG=3, LF=1.7%
2026-01-20 07:22:10 | INFO     | [SUCCESS] Day 11APR
2026-01-20 07:22:10 | INFO     | [DAY_START] Processing 10APR
2026-01-20 07:22:10 | INFO     | [lf.day.start] Processing HBE-JED for 10APR
2026-01-20 07:22:11 | WARNING  | [lf.day.no_flights] No direct flights on 10APR
2026-01-20 07:22:11 | INFO     | [SUCCESS] Day 10APR
2026-01-20 07:22:11 | INFO     | [DAY_START] Processing 09APR
2026-01-20 07:22:11 | INFO     | [lf.day.start] Processing HBE-JED for 09APR
2026-01-20 07:22:13 | INFO     | [lf.day.flights_found] Found 1 flights on 09APR
2026-01-20 07:22:16 | INFO     | [lf.flight.extracted] SM451 on 09APR: BKG=6, LF=3.4%
2026-01-20 07:22:19 | INFO     | [SUCCESS] Day 09APR
2026-01-20 07:22:19 | INFO     | [DAY_START] Processing 08APR
2026-01-20 07:22:19 | INFO     | [lf.day.start] Processing HBE-JED for 08APR
2026-01-20 07:22:20 | INFO     | [lf.day.flights_found] Found 1 flights on 08APR
2026-01-20 07:22:23 | INFO     | [lf.flight.extracted] SM451 on 08APR: BKG=3, LF=1.7%
2026-01-20 07:22:26 | INFO     | [SUCCESS] Day 08APR
2026-01-20 07:22:26 | INFO     | [DAY_START] Processing 07APR
2026-01-20 07:22:26 | INFO     | [lf.day.start] Processing HBE-JED for 07APR
2026-01-20 07:22:27 | WARNING  | [lf.day.no_flights] No direct flights on 07APR
2026-01-20 07:22:27 | INFO     | [SUCCESS] Day 07APR
2026-01-20 07:22:27 | INFO     | [DAY_START] Processing 06APR
2026-01-20 07:22:27 | INFO     | [lf.day.start] Processing HBE-JED for 06APR
2026-01-20 07:22:28 | INFO     | [lf.day.flights_found] Found 1 flights on 06APR
2026-01-20 07:22:31 | INFO     | [lf.flight.extracted] SM451 on 06APR: BKG=1, LF=0.6%
2026-01-20 07:22:35 | INFO     | [SUCCESS] Day 06APR
2026-01-20 07:22:35 | INFO     | [DAY_START] Processing 05APR
2026-01-20 07:22:35 | INFO     | [lf.day.start] Processing HBE-JED for 05APR
2026-01-20 07:22:36 | INFO     | [lf.day.flights_found] Found 1 flights on 05APR
2026-01-20 07:22:39 | INFO     | [lf.flight.extracted] SM451 on 05APR: BKG=17, LF=9.5%
2026-01-20 07:22:44 | INFO     | [SUCCESS] Day 05APR
2026-01-20 07:22:44 | INFO     | [DAY_START] Processing 04APR
2026-01-20 07:22:44 | INFO     | [lf.day.start] Processing HBE-JED for 04APR
2026-01-20 07:22:46 | INFO     | [lf.day.flights_found] Found 1 flights on 04APR
2026-01-20 07:22:49 | INFO     | [lf.flight.extracted] SM451 on 04APR: BKG=19, LF=10.6%
2026-01-20 07:22:52 | INFO     | [SUCCESS] Day 04APR
2026-01-20 07:22:52 | INFO     | [SUCCESS] LF Search Complete
2026-01-20 07:22:54 | INFO     | [Worker_9222] Completed: HBE-JED - 8 results, 0 errors
2026-01-20 07:22:54 | INFO     | [Worker_9222] Processing: ATZ-AJF
2026-01-20 07:22:54 | INFO     |   Tier 0: Range 3, Chunk 3/4 (8 days)
