2026-01-20 07:10:27 | INFO     | ======================================================================
2026-01-20 07:10:27 | INFO     | Load Factor Scraper Started - Route: HBE-MED
2026-01-20 07:10:27 | INFO     | Log file: D:\CODERED\LAB\Artifacts\outputs\run_generated_200126_at_06.58\logs\LF_HBE-MED_20260120_071027.log
2026-01-20 07:10:27 | INFO     | Enhanced logging: Capturing both logging.info() and print()
2026-01-20 07:10:27 | INFO     | ======================================================================
2026-01-20 07:10:27 | INFO     | Starting LF search for route: HBE-MED
2026-01-20 07:10:27 | INFO     | [START] LF Search
2026-01-20 07:10:30 | INFO     | [HEALTH CHECK] [OK] Chrome connection is healthy
2026-01-20 07:10:30 | INFO     | [DAY_START] Processing 06MAY
2026-01-20 07:10:30 | INFO     | [lf.day.start] Processing HBE-MED for 06MAY
2026-01-20 07:10:32 | WARNING  | [lf.day.no_flights] No direct flights on 06MAY
2026-01-20 07:10:32 | INFO     | [SUCCESS] Day 06MAY
2026-01-20 07:10:32 | INFO     | [DAY_START] Processing 05MAY
2026-01-20 07:10:32 | INFO     | [lf.day.start] Processing HBE-MED for 05MAY
2026-01-20 07:10:34 | WARNING  | [lf.day.no_flights] No direct flights on 05MAY
2026-01-20 07:10:34 | INFO     | [SUCCESS] Day 05MAY
2026-01-20 07:10:34 | INFO     | [DAY_START] Processing 04MAY
2026-01-20 07:10:34 | INFO     | [lf.day.start] Processing HBE-MED for 04MAY
2026-01-20 07:10:35 | WARNING  | [lf.day.no_flights] No direct flights on 04MAY
2026-01-20 07:10:35 | INFO     | [SUCCESS] Day 04MAY
2026-01-20 07:10:35 | INFO     | [DAY_START] Processing 03MAY
2026-01-20 07:10:35 | INFO     | [lf.day.start] Processing HBE-MED for 03MAY
2026-01-20 07:10:37 | INFO     | [lf.day.flights_found] Found 1 flights on 03MAY
2026-01-20 07:10:40 | INFO     | [lf.flight.extracted] SM485 on 03MAY: BKG=0, LF=0.0%
2026-01-20 07:10:43 | INFO     | [SUCCESS] Day 03MAY
2026-01-20 07:10:43 | INFO     | [DAY_START] Processing 02MAY
2026-01-20 07:10:43 | INFO     | [lf.day.start] Processing HBE-MED for 02MAY
2026-01-20 07:10:45 | WARNING  | [lf.day.no_flights] No direct flights on 02MAY
2026-01-20 07:10:45 | INFO     | [SUCCESS] Day 02MAY
2026-01-20 07:10:45 | INFO     | [DAY_START] Processing 01MAY
2026-01-20 07:10:45 | INFO     | [lf.day.start] Processing HBE-MED for 01MAY
2026-01-20 07:10:47 | WARNING  | [lf.day.no_flights] No direct flights on 01MAY
2026-01-20 07:10:47 | INFO     | [SUCCESS] Day 01MAY
2026-01-20 07:10:47 | INFO     | [DAY_START] Processing 30APR
2026-01-20 07:10:47 | INFO     | [lf.day.start] Processing HBE-MED for 30APR
2026-01-20 07:10:49 | INFO     | [lf.day.flights_found] Found 1 flights on 30APR
2026-01-20 07:10:53 | INFO     | [lf.flight.extracted] SM485 on 30APR: BKG=0, LF=0.0%
2026-01-20 07:10:55 | INFO     | [SUCCESS] Day 30APR
2026-01-20 07:10:55 | INFO     | [DAY_START] Processing 29APR
2026-01-20 07:10:55 | INFO     | [lf.day.start] Processing HBE-MED for 29APR
2026-01-20 07:10:57 | WARNING  | [lf.day.no_flights] No direct flights on 29APR
2026-01-20 07:10:57 | INFO     | [SUCCESS] Day 29APR
2026-01-20 07:10:57 | INFO     | [SUCCESS] LF Search Complete
2026-01-20 07:10:59 | INFO     | [Worker_9227] Completed: HBE-MED - 8 results, 0 errors
2026-01-20 07:10:59 | INFO     | [Worker_9227] Processing: ATZ-RUH
2026-01-20 07:10:59 | INFO     |   Tier 0: Range 4, Chunk 4/4 (8 days)
