2026-01-20 07:09:03 | INFO     | ======================================================================
2026-01-20 07:09:03 | INFO     | Load Factor Scraper Started - Route: JED-LXR
2026-01-20 07:09:03 | INFO     | Log file: D:\CODERED\LAB\Artifacts\outputs\run_generated_200126_at_06.58\logs\LF_JED-LXR_20260120_070903.log
2026-01-20 07:09:03 | INFO     | Enhanced logging: Capturing both logging.info() and print()
2026-01-20 07:09:03 | INFO     | ======================================================================
2026-01-20 07:09:03 | INFO     | Starting LF search for route: JED-LXR
2026-01-20 07:09:03 | INFO     | [START] LF Search
2026-01-20 07:09:06 | INFO     | [HEALTH CHECK] [OK] Chrome connection is healthy
2026-01-20 07:09:06 | INFO     | [DAY_START] Processing 06MAY
2026-01-20 07:09:06 | INFO     | [lf.day.start] Processing JED-LXR for 06MAY
2026-01-20 07:09:08 | WARNING  | [lf.day.no_flights] No direct flights on 06MAY
2026-01-20 07:09:08 | INFO     | [SUCCESS] Day 06MAY
2026-01-20 07:09:08 | INFO     | [DAY_START] Processing 05MAY
2026-01-20 07:09:08 | INFO     | [lf.day.start] Processing JED-LXR for 05MAY
2026-01-20 07:09:10 | WARNING  | [lf.day.no_flights] No direct flights on 05MAY
2026-01-20 07:09:10 | INFO     | [SUCCESS] Day 05MAY
2026-01-20 07:09:10 | INFO     | [DAY_START] Processing 04MAY
2026-01-20 07:09:10 | INFO     | [lf.day.start] Processing JED-LXR for 04MAY
2026-01-20 07:09:13 | WARNING  | [lf.day.no_flights] No direct flights on 04MAY
2026-01-20 07:09:13 | INFO     | [SUCCESS] Day 04MAY
2026-01-20 07:09:13 | INFO     | [DAY_START] Processing 03MAY
2026-01-20 07:09:13 | INFO     | [lf.day.start] Processing JED-LXR for 03MAY
2026-01-20 07:09:14 | WARNING  | [lf.day.no_flights] No direct flights on 03MAY
2026-01-20 07:09:14 | INFO     | [SUCCESS] Day 03MAY
2026-01-20 07:09:14 | INFO     | [DAY_START] Processing 02MAY
2026-01-20 07:09:14 | INFO     | [lf.day.start] Processing JED-LXR for 02MAY
2026-01-20 07:09:15 | WARNING  | [lf.day.no_flights] No direct flights on 02MAY
2026-01-20 07:09:15 | INFO     | [SUCCESS] Day 02MAY
2026-01-20 07:09:15 | INFO     | [DAY_START] Processing 01MAY
2026-01-20 07:09:15 | INFO     | [lf.day.start] Processing JED-LXR for 01MAY
2026-01-20 07:09:17 | WARNING  | [lf.day.no_flights] No direct flights on 01MAY
2026-01-20 07:09:17 | INFO     | [SUCCESS] Day 01MAY
2026-01-20 07:09:17 | INFO     | [DAY_START] Processing 30APR
2026-01-20 07:09:17 | INFO     | [lf.day.start] Processing JED-LXR for 30APR
2026-01-20 07:09:18 | WARNING  | [lf.day.no_flights] No direct flights on 30APR
2026-01-20 07:09:18 | INFO     | [SUCCESS] Day 30APR
2026-01-20 07:09:18 | INFO     | [DAY_START] Processing 29APR
2026-01-20 07:09:18 | INFO     | [lf.day.start] Processing JED-LXR for 29APR
2026-01-20 07:09:19 | WARNING  | [lf.day.no_flights] No direct flights on 29APR
2026-01-20 07:09:19 | INFO     | [SUCCESS] Day 29APR
2026-01-20 07:09:19 | INFO     | [SUCCESS] LF Search Complete
2026-01-20 07:09:21 | INFO     | [Worker_9227] Completed: JED-LXR - 8 results, 0 errors
2026-01-20 07:09:21 | INFO     | [Worker_9227] Processing: TUU-CAI
2026-01-20 07:09:21 | INFO     |   Tier 0: Range 4, Chunk 4/4 (8 days)
