2026-01-20 07:52:04 | INFO     | ======================================================================
2026-01-20 07:52:04 | INFO     | Load Factor Scraper Started - Route: JED-HBE
2026-01-20 07:52:04 | INFO     | Log file: D:\CODERED\LAB\Artifacts\outputs\run_generated_200126_at_06.58\logs\LF_JED-HBE_20260120_075204.log
2026-01-20 07:52:04 | INFO     | Enhanced logging: Capturing both logging.info() and print()
2026-01-20 07:52:04 | INFO     | ======================================================================
2026-01-20 07:52:04 | INFO     | Starting LF search for route: JED-HBE
2026-01-20 07:52:04 | INFO     | [START] LF Search
2026-01-20 07:52:06 | INFO     | [HEALTH CHECK] [OK] Chrome connection is healthy
2026-01-20 07:52:06 | INFO     | [DAY_START] Processing 21FEB
2026-01-20 07:52:06 | INFO     | [lf.day.start] Processing JED-HBE for 21FEB
2026-01-20 07:52:07 | INFO     | [lf.day.flights_found] Found 2 flights on 21FEB
2026-01-20 07:52:09 | INFO     | [lf.flight.extracted] SM458 on 21FEB: BKG=175, LF=100.0%
2026-01-20 07:52:13 | INFO     | [lf.flight.extracted] SM452 on 21FEB: BKG=176, LF=100.6%
2026-01-20 07:52:17 | INFO     | [SUCCESS] Day 21FEB
2026-01-20 07:52:17 | INFO     | [DAY_START] Processing 20FEB
2026-01-20 07:52:17 | INFO     | [lf.day.start] Processing JED-HBE for 20FEB
2026-01-20 07:52:18 | INFO     | [lf.day.flights_found] Found 1 flights on 20FEB
2026-01-20 07:52:20 | INFO     | [lf.flight.extracted] SM452 on 20FEB: BKG=17, LF=9.7%
2026-01-20 07:52:22 | INFO     | [SUCCESS] Day 20FEB
2026-01-20 07:52:22 | INFO     | [DAY_START] Processing 19FEB
2026-01-20 07:52:22 | INFO     | [lf.day.start] Processing JED-HBE for 19FEB
2026-01-20 07:52:24 | INFO     | [lf.day.flights_found] Found 1 flights on 19FEB
2026-01-20 07:52:26 | INFO     | [lf.flight.extracted] SM452 on 19FEB: BKG=46, LF=26.3%
2026-01-20 07:52:28 | INFO     | [SUCCESS] Day 19FEB
2026-01-20 07:52:28 | INFO     | [DAY_START] Processing 18FEB
2026-01-20 07:52:28 | INFO     | [lf.day.start] Processing JED-HBE for 18FEB
2026-01-20 07:52:30 | INFO     | [lf.day.flights_found] Found 4 flights on 18FEB
2026-01-20 07:52:32 | INFO     | [lf.flight.extracted] SM958 on 18FEB: BKG=1, LF=0.6%
2026-01-20 07:52:35 | INFO     | [lf.flight.extracted] SM452 on 18FEB: BKG=5, LF=3.0%
2026-01-20 07:52:38 | INFO     | [lf.flight.extracted] SM474 on 18FEB: BKG=164, LF=95.3%
2026-01-20 07:52:42 | INFO     | [lf.flight.extracted] SM458 on 18FEB: BKG=11, LF=6.7%
2026-01-20 07:52:49 | INFO     | [SUCCESS] Day 18FEB
2026-01-20 07:52:49 | INFO     | [DAY_START] Processing 17FEB
2026-01-20 07:52:49 | INFO     | [lf.day.start] Processing JED-HBE for 17FEB
2026-01-20 07:52:50 | INFO     | [lf.day.flights_found] Found 2 flights on 17FEB
2026-01-20 07:52:52 | INFO     | [lf.flight.extracted] SM974 on 17FEB: BKG=3, LF=1.8%
2026-01-20 07:52:56 | INFO     | [lf.flight.extracted] SM452 on 17FEB: BKG=101, LF=57.7%
2026-01-20 07:53:02 | INFO     | [SUCCESS] Day 17FEB
2026-01-20 07:53:02 | INFO     | [DAY_START] Processing 16FEB
2026-01-20 07:53:02 | INFO     | [lf.day.start] Processing JED-HBE for 16FEB
2026-01-20 07:53:03 | INFO     | [lf.day.flights_found] Found 4 flights on 16FEB
2026-01-20 07:53:04 | INFO     | [lf.flight.extracted] SM2454 on 16FEB: BKG=0, LF=0.0%
2026-01-20 07:53:10 | INFO     | [lf.flight.extracted] SM458 on 16FEB: BKG=15, LF=8.6%
2026-01-20 07:53:14 | INFO     | [lf.flight.extracted] SM2456 on 16FEB: BKG=0, LF=0.0%
2026-01-20 07:53:17 | INFO     | [lf.flight.extracted] SM452 on 16FEB: BKG=19, LF=10.9%
2026-01-20 07:53:28 | INFO     | [SUCCESS] Day 16FEB
2026-01-20 07:53:28 | INFO     | [DAY_START] Processing 15FEB
2026-01-20 07:53:28 | INFO     | [lf.day.start] Processing JED-HBE for 15FEB
2026-01-20 07:53:30 | INFO     | [lf.day.flights_found] Found 3 flights on 15FEB
2026-01-20 07:53:32 | INFO     | [lf.flight.extracted] SM458 on 15FEB: BKG=69, LF=39.4%
2026-01-20 07:53:37 | INFO     | [lf.flight.extracted] SM452 on 15FEB: BKG=27, LF=15.4%
2026-01-20 07:53:41 | INFO     | [lf.flight.extracted] SM974 on 15FEB: BKG=28, LF=16.8%
2026-01-20 07:53:51 | INFO     | [SUCCESS] Day 15FEB
2026-01-20 07:53:51 | INFO     | [DAY_START] Processing 14FEB
2026-01-20 07:53:51 | INFO     | [lf.day.start] Processing JED-HBE for 14FEB
2026-01-20 07:53:52 | INFO     | [lf.day.flights_found] Found 4 flights on 14FEB
2026-01-20 07:53:54 | INFO     | [lf.flight.extracted] SM978 on 14FEB: BKG=24, LF=14.4%
2026-01-20 07:53:57 | INFO     | [lf.flight.extracted] SM458 on 14FEB: BKG=95, LF=54.3%
2026-01-20 07:54:01 | INFO     | [lf.flight.extracted] SM452 on 14FEB: BKG=110, LF=65.5%
2026-01-20 07:54:04 | INFO     | [lf.flight.extracted] SM980 on 14FEB: BKG=55, LF=32.9%
2026-01-20 07:54:16 | INFO     | [SUCCESS] Day 14FEB
2026-01-20 07:54:16 | INFO     | [DAY_START] Processing 13FEB
2026-01-20 07:54:16 | INFO     | [lf.day.start] Processing JED-HBE for 13FEB
2026-01-20 07:54:17 | INFO     | [lf.day.flights_found] Found 2 flights on 13FEB
2026-01-20 07:54:19 | INFO     | [lf.flight.extracted] SM452 on 13FEB: BKG=98, LF=56.0%
2026-01-20 07:54:23 | INFO     | [lf.flight.extracted] SM952 on 13FEB: BKG=35, LF=21.0%
2026-01-20 07:54:31 | INFO     | [SUCCESS] Day 13FEB
2026-01-20 07:54:31 | INFO     | [SUCCESS] LF Search Complete
2026-01-20 07:54:33 | INFO     | [Worker_9227] Completed: JED-HBE - 9 results, 0 errors
2026-01-20 07:54:33 | INFO     | [Worker_9227] Processing: CAI-MED
2026-01-20 07:54:33 | INFO     |   Tier 0: Range 1, Chunk 1/4 (9 days)
