2026-01-20 07:16:26 | INFO     | ======================================================================
2026-01-20 07:16:26 | INFO     | Load Factor Scraper Started - Route: JED-LXR
2026-01-20 07:16:26 | INFO     | Log file: D:\CODERED\LAB\Artifacts\outputs\run_generated_200126_at_06.58\logs\LF_JED-LXR_20260120_071626.log
2026-01-20 07:16:26 | INFO     | Enhanced logging: Capturing both logging.info() and print()
2026-01-20 07:16:26 | INFO     | ======================================================================
2026-01-20 07:16:26 | INFO     | Starting LF search for route: JED-LXR
2026-01-20 07:16:26 | INFO     | [START] LF Search
2026-01-20 07:16:27 | INFO     | [HEALTH CHECK] [OK] Chrome connection is healthy
2026-01-20 07:16:27 | INFO     | [DAY_START] Processing 19APR
2026-01-20 07:16:27 | INFO     | [lf.day.start] Processing JED-LXR for 19APR
2026-01-20 07:16:28 | WARNING  | [lf.day.no_flights] No direct flights on 19APR
2026-01-20 07:16:28 | INFO     | [SUCCESS] Day 19APR
2026-01-20 07:16:28 | INFO     | [DAY_START] Processing 18APR
2026-01-20 07:16:28 | INFO     | [lf.day.start] Processing JED-LXR for 18APR
2026-01-20 07:16:29 | WARNING  | [lf.day.no_flights] No direct flights on 18APR
2026-01-20 07:16:30 | INFO     | [SUCCESS] Day 18APR
2026-01-20 07:16:30 | INFO     | [DAY_START] Processing 17APR
2026-01-20 07:16:30 | INFO     | [lf.day.start] Processing JED-LXR for 17APR
2026-01-20 07:16:31 | WARNING  | [lf.day.no_flights] No direct flights on 17APR
2026-01-20 07:16:31 | INFO     | [SUCCESS] Day 17APR
2026-01-20 07:16:31 | INFO     | [DAY_START] Processing 16APR
2026-01-20 07:16:31 | INFO     | [lf.day.start] Processing JED-LXR for 16APR
2026-01-20 07:16:32 | WARNING  | [lf.day.no_flights] No direct flights on 16APR
2026-01-20 07:16:32 | INFO     | [SUCCESS] Day 16APR
2026-01-20 07:16:32 | INFO     | [DAY_START] Processing 15APR
2026-01-20 07:16:32 | INFO     | [lf.day.start] Processing JED-LXR for 15APR
2026-01-20 07:16:40 | WARNING  | [lf.day.no_flights] No direct flights on 15APR
2026-01-20 07:16:41 | INFO     | [SUCCESS] Day 15APR
2026-01-20 07:16:41 | INFO     | [DAY_START] Processing 14APR
2026-01-20 07:16:41 | INFO     | [lf.day.start] Processing JED-LXR for 14APR
2026-01-20 07:16:42 | WARNING  | [lf.day.no_flights] No direct flights on 14APR
2026-01-20 07:16:42 | INFO     | [SUCCESS] Day 14APR
2026-01-20 07:16:42 | INFO     | [DAY_START] Processing 13APR
2026-01-20 07:16:42 | INFO     | [lf.day.start] Processing JED-LXR for 13APR
2026-01-20 07:16:44 | WARNING  | [lf.day.no_flights] No direct flights on 13APR
2026-01-20 07:16:44 | INFO     | [SUCCESS] Day 13APR
2026-01-20 07:16:44 | INFO     | [DAY_START] Processing 12APR
2026-01-20 07:16:44 | INFO     | [lf.day.start] Processing JED-LXR for 12APR
2026-01-20 07:16:46 | WARNING  | [lf.day.no_flights] No direct flights on 12APR
2026-01-20 07:16:46 | INFO     | [SUCCESS] Day 12APR
2026-01-20 07:16:46 | INFO     | [SUCCESS] LF Search Complete
2026-01-20 07:16:48 | INFO     | [Worker_9227] Completed: JED-LXR - 8 results, 0 errors
2026-01-20 07:16:48 | INFO     | [Worker_9227] Processing: DMM-CAI
2026-01-20 07:16:48 | INFO     |   Tier 0: Range 3, Chunk 2/4 (8 days)
