2026-01-20 07:02:55 | INFO     | ======================================================================
2026-01-20 07:02:55 | INFO     | Load Factor Scraper Started - Route: JED-LXR
2026-01-20 07:02:55 | INFO     | Log file: D:\CODERED\LAB\Artifacts\outputs\run_generated_200126_at_06.58\logs\LF_JED-LXR_20260120_070255.log
2026-01-20 07:02:55 | INFO     | Enhanced logging: Capturing both logging.info() and print()
2026-01-20 07:02:55 | INFO     | ======================================================================
2026-01-20 07:02:55 | INFO     | Starting LF search for route: JED-LXR
2026-01-20 07:02:55 | INFO     | [START] LF Search
2026-01-20 07:02:59 | INFO     | [HEALTH CHECK] [OK] Chrome connection is healthy
2026-01-20 07:02:59 | INFO     | [DAY_START] Processing 22MAY
2026-01-20 07:02:59 | INFO     | [lf.day.start] Processing JED-LXR for 22MAY
2026-01-20 07:03:01 | WARNING  | [lf.day.no_flights] No direct flights on 22MAY
2026-01-20 07:03:01 | INFO     | [SUCCESS] Day 22MAY
2026-01-20 07:03:01 | INFO     | [DAY_START] Processing 21MAY
2026-01-20 07:03:01 | INFO     | [lf.day.start] Processing JED-LXR for 21MAY
2026-01-20 07:03:03 | WARNING  | [lf.day.no_flights] No direct flights on 21MAY
2026-01-20 07:03:04 | INFO     | [SUCCESS] Day 21MAY
2026-01-20 07:03:04 | INFO     | [DAY_START] Processing 20MAY
2026-01-20 07:03:04 | INFO     | [lf.day.start] Processing JED-LXR for 20MAY
2026-01-20 07:03:06 | WARNING  | [lf.day.no_flights] No direct flights on 20MAY
2026-01-20 07:03:06 | INFO     | [SUCCESS] Day 20MAY
2026-01-20 07:03:06 | INFO     | [DAY_START] Processing 19MAY
2026-01-20 07:03:06 | INFO     | [lf.day.start] Processing JED-LXR for 19MAY
2026-01-20 07:03:07 | WARNING  | [lf.day.no_flights] No direct flights on 19MAY
2026-01-20 07:03:08 | INFO     | [SUCCESS] Day 19MAY
2026-01-20 07:03:08 | INFO     | [DAY_START] Processing 18MAY
2026-01-20 07:03:08 | INFO     | [lf.day.start] Processing JED-LXR for 18MAY
2026-01-20 07:03:09 | WARNING  | [lf.day.no_flights] No direct flights on 18MAY
2026-01-20 07:03:09 | INFO     | [SUCCESS] Day 18MAY
2026-01-20 07:03:09 | INFO     | [DAY_START] Processing 17MAY
2026-01-20 07:03:09 | INFO     | [lf.day.start] Processing JED-LXR for 17MAY
2026-01-20 07:03:10 | WARNING  | [lf.day.no_flights] No direct flights on 17MAY
2026-01-20 07:03:10 | INFO     | [SUCCESS] Day 17MAY
2026-01-20 07:03:10 | INFO     | [DAY_START] Processing 16MAY
2026-01-20 07:03:10 | INFO     | [lf.day.start] Processing JED-LXR for 16MAY
2026-01-20 07:03:11 | WARNING  | [lf.day.no_flights] No direct flights on 16MAY
2026-01-20 07:03:11 | INFO     | [SUCCESS] Day 16MAY
2026-01-20 07:03:11 | INFO     | [DAY_START] Processing 15MAY
2026-01-20 07:03:11 | INFO     | [lf.day.start] Processing JED-LXR for 15MAY
2026-01-20 07:03:13 | WARNING  | [lf.day.no_flights] No direct flights on 15MAY
2026-01-20 07:03:13 | INFO     | [SUCCESS] Day 15MAY
2026-01-20 07:03:13 | INFO     | [SUCCESS] LF Search Complete
2026-01-20 07:03:15 | INFO     | [Worker_9224] Completed: JED-LXR - 8 results, 0 errors
2026-01-20 07:03:15 | INFO     | [Worker_9224] Processing: TUU-CAI
2026-01-20 07:03:15 | INFO     |   Tier 0: Range 4, Chunk 2/4 (8 days)
