2026-01-20 07:38:39 | INFO     | ======================================================================
2026-01-20 07:38:39 | INFO     | Load Factor Scraper Started - Route: JED-ASW
2026-01-20 07:38:39 | INFO     | Log file: D:\CODERED\LAB\Artifacts\outputs\run_generated_200126_at_06.58\logs\LF_JED-ASW_20260120_073839.log
2026-01-20 07:38:39 | INFO     | Enhanced logging: Capturing both logging.info() and print()
2026-01-20 07:38:39 | INFO     | ======================================================================
2026-01-20 07:38:39 | INFO     | Starting LF search for route: JED-ASW
2026-01-20 07:38:39 | INFO     | [START] LF Search
2026-01-20 07:38:42 | INFO     | [HEALTH CHECK] [OK] Chrome connection is healthy
2026-01-20 07:38:42 | INFO     | [DAY_START] Processing 17MAR
2026-01-20 07:38:42 | INFO     | [lf.day.start] Processing JED-ASW for 17MAR
2026-01-20 07:38:43 | WARNING  | [lf.day.no_flights] No direct flights on 17MAR
2026-01-20 07:38:43 | INFO     | [SUCCESS] Day 17MAR
2026-01-20 07:38:43 | INFO     | [DAY_START] Processing 16MAR
2026-01-20 07:38:43 | INFO     | [lf.day.start] Processing JED-ASW for 16MAR
2026-01-20 07:38:45 | WARNING  | [lf.day.no_flights] No direct flights on 16MAR
2026-01-20 07:38:45 | INFO     | [SUCCESS] Day 16MAR
2026-01-20 07:38:45 | INFO     | [DAY_START] Processing 15MAR
2026-01-20 07:38:45 | INFO     | [lf.day.start] Processing JED-ASW for 15MAR
2026-01-20 07:38:46 | WARNING  | [lf.day.no_flights] No direct flights on 15MAR
2026-01-20 07:38:46 | INFO     | [SUCCESS] Day 15MAR
2026-01-20 07:38:46 | INFO     | [DAY_START] Processing 14MAR
2026-01-20 07:38:46 | INFO     | [lf.day.start] Processing JED-ASW for 14MAR
2026-01-20 07:38:47 | WARNING  | [lf.day.no_flights] No direct flights on 14MAR
2026-01-20 07:38:47 | INFO     | [SUCCESS] Day 14MAR
2026-01-20 07:38:47 | INFO     | [DAY_START] Processing 13MAR
2026-01-20 07:38:47 | INFO     | [lf.day.start] Processing JED-ASW for 13MAR
2026-01-20 07:38:49 | WARNING  | [lf.day.no_flights] No direct flights on 13MAR
2026-01-20 07:38:49 | INFO     | [SUCCESS] Day 13MAR
2026-01-20 07:38:49 | INFO     | [DAY_START] Processing 12MAR
2026-01-20 07:38:49 | INFO     | [lf.day.start] Processing JED-ASW for 12MAR
2026-01-20 07:38:50 | WARNING  | [lf.day.no_flights] No direct flights on 12MAR
2026-01-20 07:38:50 | INFO     | [SUCCESS] Day 12MAR
2026-01-20 07:38:50 | INFO     | [DAY_START] Processing 11MAR
2026-01-20 07:38:50 | INFO     | [lf.day.start] Processing JED-ASW for 11MAR
2026-01-20 07:38:52 | WARNING  | [lf.day.no_flights] No direct flights on 11MAR
2026-01-20 07:38:52 | INFO     | [SUCCESS] Day 11MAR
2026-01-20 07:38:52 | INFO     | [DAY_START] Processing 10MAR
2026-01-20 07:38:52 | INFO     | [lf.day.start] Processing JED-ASW for 10MAR
2026-01-20 07:38:53 | WARNING  | [lf.day.no_flights] No direct flights on 10MAR
2026-01-20 07:38:53 | INFO     | [SUCCESS] Day 10MAR
2026-01-20 07:38:53 | INFO     | [SUCCESS] LF Search Complete
2026-01-20 07:38:55 | INFO     | [Worker_9234] Completed: JED-ASW - 8 results, 0 errors
2026-01-20 07:38:55 | INFO     | [Worker_9234] Processing: DMM-CAI
2026-01-20 07:38:55 | INFO     |   Tier 0: Range 2, Chunk 2/4 (8 days)
