2026-01-20 07:20:17 | INFO     | ======================================================================
2026-01-20 07:20:17 | INFO     | Load Factor Scraper Started - Route: JED-ATZ
2026-01-20 07:20:17 | INFO     | Log file: D:\CODERED\LAB\Artifacts\outputs\run_generated_200126_at_06.58\logs\LF_JED-ATZ_20260120_072017.log
2026-01-20 07:20:17 | INFO     | Enhanced logging: Capturing both logging.info() and print()
2026-01-20 07:20:17 | INFO     | ======================================================================
2026-01-20 07:20:17 | INFO     | Starting LF search for route: JED-ATZ
2026-01-20 07:20:17 | INFO     | [START] LF Search
2026-01-20 07:20:19 | INFO     | [HEALTH CHECK] [OK] Chrome connection is healthy
2026-01-20 07:20:19 | INFO     | [DAY_START] Processing 11APR
2026-01-20 07:20:19 | INFO     | [lf.day.start] Processing JED-ATZ for 11APR
2026-01-20 07:20:20 | INFO     | [lf.day.flights_found] Found 1 flights on 11APR
2026-01-20 07:20:23 | INFO     | [lf.flight.extracted] SM456 on 11APR: BKG=0, LF=0.0%
2026-01-20 07:20:24 | INFO     | [SUCCESS] Day 11APR
2026-01-20 07:20:24 | INFO     | [DAY_START] Processing 10APR
2026-01-20 07:20:24 | INFO     | [lf.day.start] Processing JED-ATZ for 10APR
2026-01-20 07:20:25 | INFO     | [lf.day.flights_found] Found 1 flights on 10APR
2026-01-20 07:20:27 | INFO     | [lf.flight.extracted] SM456 on 10APR: BKG=4, LF=2.3%
2026-01-20 07:20:31 | INFO     | [SUCCESS] Day 10APR
2026-01-20 07:20:31 | INFO     | [DAY_START] Processing 09APR
2026-01-20 07:20:31 | INFO     | [lf.day.start] Processing JED-ATZ for 09APR
2026-01-20 07:20:33 | INFO     | [lf.day.flights_found] Found 1 flights on 09APR
2026-01-20 07:20:36 | INFO     | [lf.flight.extracted] SM456 on 09APR: BKG=1, LF=0.6%
2026-01-20 07:20:40 | INFO     | [SUCCESS] Day 09APR
2026-01-20 07:20:40 | INFO     | [DAY_START] Processing 08APR
2026-01-20 07:20:40 | INFO     | [lf.day.start] Processing JED-ATZ for 08APR
2026-01-20 07:20:41 | INFO     | [lf.day.flights_found] Found 1 flights on 08APR
2026-01-20 07:20:44 | INFO     | [lf.flight.extracted] SM456 on 08APR: BKG=2, LF=1.1%
2026-01-20 07:20:49 | INFO     | [SUCCESS] Day 08APR
2026-01-20 07:20:49 | INFO     | [DAY_START] Processing 07APR
2026-01-20 07:20:49 | INFO     | [lf.day.start] Processing JED-ATZ for 07APR
2026-01-20 07:20:50 | INFO     | [lf.day.flights_found] Found 1 flights on 07APR
2026-01-20 07:20:54 | INFO     | [lf.flight.extracted] SM456 on 07APR: BKG=183, LF=104.6%
2026-01-20 07:20:59 | INFO     | [SUCCESS] Day 07APR
2026-01-20 07:20:59 | INFO     | [DAY_START] Processing 06APR
2026-01-20 07:20:59 | INFO     | [lf.day.start] Processing JED-ATZ for 06APR
2026-01-20 07:21:01 | INFO     | [lf.day.flights_found] Found 1 flights on 06APR
2026-01-20 07:21:03 | INFO     | [lf.flight.extracted] SM456 on 06APR: BKG=0, LF=0.0%
2026-01-20 07:21:04 | INFO     | [SUCCESS] Day 06APR
2026-01-20 07:21:04 | INFO     | [DAY_START] Processing 05APR
2026-01-20 07:21:04 | INFO     | [lf.day.start] Processing JED-ATZ for 05APR
2026-01-20 07:21:05 | INFO     | [lf.day.flights_found] Found 1 flights on 05APR
2026-01-20 07:21:07 | INFO     | [lf.flight.extracted] SM456 on 05APR: BKG=138, LF=78.9%
2026-01-20 07:21:13 | INFO     | [SUCCESS] Day 05APR
2026-01-20 07:21:13 | INFO     | [DAY_START] Processing 04APR
2026-01-20 07:21:13 | INFO     | [lf.day.start] Processing JED-ATZ for 04APR
2026-01-20 07:21:15 | INFO     | [lf.day.flights_found] Found 1 flights on 04APR
2026-01-20 07:21:17 | INFO     | [lf.flight.extracted] SM456 on 04APR: BKG=136, LF=77.7%
2026-01-20 07:21:19 | INFO     | [SUCCESS] Day 04APR
2026-01-20 07:21:19 | INFO     | [SUCCESS] LF Search Complete
2026-01-20 07:21:21 | INFO     | [Worker_9222] Completed: JED-ATZ - 8 results, 0 errors
2026-01-20 07:21:21 | INFO     | [Worker_9222] Processing: ELQ-CAI
2026-01-20 07:21:21 | INFO     |   Tier 0: Range 3, Chunk 3/4 (8 days)
