2026-01-20 07:02:33 | INFO     | ======================================================================
2026-01-20 07:02:33 | INFO     | Load Factor Scraper Started - Route: JED-CAI
2026-01-20 07:02:33 | INFO     | Log file: D:\CODERED\LAB\Artifacts\outputs\run_generated_200126_at_06.58\logs\LF_JED-CAI_20260120_070233.log
2026-01-20 07:02:33 | INFO     | Enhanced logging: Capturing both logging.info() and print()
2026-01-20 07:02:33 | INFO     | ======================================================================
2026-01-20 07:02:33 | INFO     | Starting LF search for route: JED-CAI
2026-01-20 07:02:33 | INFO     | [START] LF Search
2026-01-20 07:02:36 | INFO     | [HEALTH CHECK] [OK] Chrome connection is healthy
2026-01-20 07:02:36 | INFO     | [DAY_START] Processing 22MAY
2026-01-20 07:02:36 | INFO     | [lf.day.start] Processing JED-CAI for 22MAY
2026-01-20 07:02:39 | INFO     | [lf.day.flights_found] Found 4 flights on 22MAY
2026-01-20 07:02:43 | INFO     | [lf.flight.extracted] SM460 on 22MAY: BKG=21, LF=12.6%
2026-01-20 07:02:50 | INFO     | [lf.flight.extracted] SM478 on 22MAY: BKG=10, LF=5.7%
2026-01-20 07:02:56 | INFO     | [lf.flight.extracted] SM476 on 22MAY: BKG=25, LF=14.9%
2026-01-20 07:03:02 | INFO     | [lf.flight.extracted] SM480 on 22MAY: BKG=13, LF=7.4%
2026-01-20 07:03:15 | INFO     | [SUCCESS] Day 22MAY
2026-01-20 07:03:15 | INFO     | [DAY_START] Processing 21MAY
2026-01-20 07:03:15 | INFO     | [lf.day.start] Processing JED-CAI for 21MAY
2026-01-20 07:03:16 | INFO     | [lf.day.flights_found] Found 2 flights on 21MAY
2026-01-20 07:03:18 | INFO     | [lf.flight.extracted] SM478 on 21MAY: BKG=17, LF=9.7%
2026-01-20 07:03:22 | INFO     | [lf.flight.extracted] SM476 on 21MAY: BKG=37, LF=21.1%
2026-01-20 07:03:27 | INFO     | [SUCCESS] Day 21MAY
2026-01-20 07:03:27 | INFO     | [DAY_START] Processing 20MAY
2026-01-20 07:03:27 | INFO     | [lf.day.start] Processing JED-CAI for 20MAY
2026-01-20 07:03:28 | INFO     | [lf.day.flights_found] Found 2 flights on 20MAY
2026-01-20 07:03:31 | INFO     | [lf.flight.extracted] SM478 on 20MAY: BKG=2, LF=1.1%
2026-01-20 07:03:34 | INFO     | [lf.flight.extracted] SM476 on 20MAY: BKG=3, LF=1.8%
2026-01-20 07:03:38 | INFO     | [SUCCESS] Day 20MAY
2026-01-20 07:03:38 | INFO     | [DAY_START] Processing 19MAY
2026-01-20 07:03:38 | INFO     | [lf.day.start] Processing JED-CAI for 19MAY
2026-01-20 07:03:39 | INFO     | [lf.day.flights_found] Found 3 flights on 19MAY
2026-01-20 07:03:41 | INFO     | [lf.flight.extracted] SM478 on 19MAY: BKG=0, LF=0.0%
2026-01-20 07:03:45 | INFO     | [lf.flight.extracted] SM476 on 19MAY: BKG=1, LF=0.6%
2026-01-20 07:03:48 | INFO     | [lf.flight.extracted] SM480 on 19MAY: BKG=1, LF=0.6%
2026-01-20 07:03:52 | INFO     | [SUCCESS] Day 19MAY
2026-01-20 07:03:52 | INFO     | [DAY_START] Processing 18MAY
2026-01-20 07:03:52 | INFO     | [lf.day.start] Processing JED-CAI for 18MAY
2026-01-20 07:03:53 | INFO     | [lf.day.flights_found] Found 4 flights on 18MAY
2026-01-20 07:03:55 | INFO     | [lf.flight.extracted] SM460 on 18MAY: BKG=0, LF=0.0%
2026-01-20 07:03:59 | INFO     | [lf.flight.extracted] SM478 on 18MAY: BKG=0, LF=0.0%
2026-01-20 07:04:03 | INFO     | [lf.flight.extracted] SM476 on 18MAY: BKG=0, LF=0.0%
2026-01-20 07:04:06 | INFO     | [lf.flight.extracted] SM480 on 18MAY: BKG=0, LF=0.0%
2026-01-20 07:04:07 | INFO     | [SUCCESS] Day 18MAY
2026-01-20 07:04:07 | INFO     | [DAY_START] Processing 17MAY
2026-01-20 07:04:07 | INFO     | [lf.day.start] Processing JED-CAI for 17MAY
2026-01-20 07:04:09 | INFO     | [lf.day.flights_found] Found 2 flights on 17MAY
2026-01-20 07:04:12 | INFO     | [lf.flight.extracted] SM478 on 17MAY: BKG=0, LF=0.0%
2026-01-20 07:04:15 | INFO     | [lf.flight.extracted] SM476 on 17MAY: BKG=3, LF=1.8%
2026-01-20 07:04:18 | INFO     | [SUCCESS] Day 17MAY
2026-01-20 07:04:18 | INFO     | [DAY_START] Processing 16MAY
2026-01-20 07:04:18 | INFO     | [lf.day.start] Processing JED-CAI for 16MAY
2026-01-20 07:04:19 | INFO     | [lf.day.flights_found] Found 2 flights on 16MAY
2026-01-20 07:04:22 | INFO     | [lf.flight.extracted] SM478 on 16MAY: BKG=0, LF=0.0%
2026-01-20 07:04:26 | INFO     | [lf.flight.extracted] SM476 on 16MAY: BKG=0, LF=0.0%
2026-01-20 07:04:29 | INFO     | [SUCCESS] Day 16MAY
2026-01-20 07:04:29 | INFO     | [DAY_START] Processing 15MAY
2026-01-20 07:04:29 | INFO     | [lf.day.start] Processing JED-CAI for 15MAY
2026-01-20 07:04:32 | INFO     | [lf.day.flights_found] Found 4 flights on 15MAY
2026-01-20 07:04:37 | INFO     | [lf.flight.extracted] SM460 on 15MAY: BKG=6, LF=3.6%
2026-01-20 07:04:44 | INFO     | [lf.flight.extracted] SM478 on 15MAY: BKG=0, LF=0.0%
2026-01-20 07:04:51 | INFO     | [lf.flight.extracted] SM476 on 15MAY: BKG=0, LF=0.0%
2026-01-20 07:05:00 | INFO     | [lf.flight.extracted] SM480 on 15MAY: BKG=0, LF=0.0%
2026-01-20 07:05:03 | INFO     | [SUCCESS] Day 15MAY
2026-01-20 07:05:03 | INFO     | [SUCCESS] LF Search Complete
2026-01-20 07:05:05 | INFO     | [Worker_9223] Completed: JED-CAI - 8 results, 0 errors
2026-01-20 07:05:05 | INFO     | [Worker_9223] Processing: CAI-YNB
2026-01-20 07:05:05 | INFO     |   Tier 0: Range 4, Chunk 2/4 (8 days)
