2026-01-20 08:02:44 | INFO     | ======================================================================
2026-01-20 08:02:44 | INFO     | Load Factor Scraper Started - Route: JED-ATZ
2026-01-20 08:02:44 | INFO     | Log file: D:\CODERED\LAB\Artifacts\outputs\run_generated_200126_at_06.58\logs\LF_JED-ATZ_20260120_080244.log
2026-01-20 08:02:44 | INFO     | Enhanced logging: Capturing both logging.info() and print()
2026-01-20 08:02:44 | INFO     | ======================================================================
2026-01-20 08:02:44 | INFO     | Starting LF search for route: JED-ATZ
2026-01-20 08:02:44 | INFO     | [START] LF Search
2026-01-20 08:02:46 | INFO     | [HEALTH CHECK] [OK] Chrome connection is healthy
2026-01-20 08:02:46 | INFO     | [DAY_START] Processing 04FEB
2026-01-20 08:02:46 | INFO     | [lf.day.start] Processing JED-ATZ for 04FEB
2026-01-20 08:02:47 | INFO     | [lf.day.flights_found] Found 1 flights on 04FEB
2026-01-20 08:02:49 | INFO     | [lf.flight.extracted] SM454 on 04FEB: BKG=180, LF=102.9%
2026-01-20 08:02:55 | INFO     | [SUCCESS] Day 04FEB
2026-01-20 08:02:55 | INFO     | [DAY_START] Processing 03FEB
2026-01-20 08:02:55 | INFO     | [lf.day.start] Processing JED-ATZ for 03FEB
2026-01-20 08:02:56 | INFO     | [lf.day.flights_found] Found 2 flights on 03FEB
2026-01-20 08:02:58 | INFO     | [lf.flight.extracted] SM454 on 03FEB: BKG=171, LF=96.1%
2026-01-20 08:03:01 | INFO     | [lf.flight.extracted] SM456 on 03FEB: BKG=173, LF=103.0%
2026-01-20 08:03:13 | INFO     | [SUCCESS] Day 03FEB
2026-01-20 08:03:13 | INFO     | [DAY_START] Processing 02FEB
2026-01-20 08:03:13 | INFO     | [lf.day.start] Processing JED-ATZ for 02FEB
2026-01-20 08:03:15 | INFO     | [lf.day.flights_found] Found 4 flights on 02FEB
2026-01-20 08:03:18 | INFO     | [lf.flight.extracted] SM492 on 02FEB: BKG=171, LF=97.7%
2026-01-20 08:03:21 | INFO     | [lf.flight.extracted] SM456 on 02FEB: BKG=167, LF=99.4%
2026-01-20 08:03:25 | INFO     | [lf.flight.extracted] SM422 on 02FEB: BKG=166, LF=94.9%
2026-01-20 08:03:29 | INFO     | [lf.flight.extracted] SM454 on 02FEB: BKG=160, LF=91.4%
2026-01-20 08:03:50 | INFO     | [SUCCESS] Day 02FEB
2026-01-20 08:03:50 | INFO     | [DAY_START] Processing 01FEB
2026-01-20 08:03:50 | INFO     | [lf.day.start] Processing JED-ATZ for 01FEB
2026-01-20 08:03:51 | INFO     | [lf.day.flights_found] Found 2 flights on 01FEB
2026-01-20 08:03:54 | INFO     | [lf.flight.extracted] SM492 on 01FEB: BKG=168, LF=96.0%
2026-01-20 08:03:57 | INFO     | [lf.flight.extracted] SM456 on 01FEB: BKG=118, LF=66.3%
2026-01-20 08:04:08 | INFO     | [SUCCESS] Day 01FEB
2026-01-20 08:04:08 | INFO     | [DAY_START] Processing 31JAN
2026-01-20 08:04:08 | INFO     | [lf.day.start] Processing JED-ATZ for 31JAN
2026-01-20 08:04:10 | INFO     | [lf.day.flights_found] Found 3 flights on 31JAN
2026-01-20 08:04:12 | INFO     | [lf.flight.extracted] SM492 on 31JAN: BKG=172, LF=98.3%
2026-01-20 08:04:15 | INFO     | [lf.flight.extracted] SM454 on 31JAN: BKG=168, LF=96.0%
2026-01-20 08:04:19 | INFO     | [lf.flight.extracted] SM456 on 31JAN: BKG=126, LF=72.0%
2026-01-20 08:04:35 | INFO     | [SUCCESS] Day 31JAN
2026-01-20 08:04:35 | INFO     | [DAY_START] Processing 30JAN
2026-01-20 08:04:35 | INFO     | [lf.day.start] Processing JED-ATZ for 30JAN
2026-01-20 08:04:36 | INFO     | [lf.day.flights_found] Found 1 flights on 30JAN
2026-01-20 08:04:38 | INFO     | [lf.flight.extracted] SM492 on 30JAN: BKG=177, LF=101.1%
2026-01-20 08:04:44 | INFO     | [SUCCESS] Day 30JAN
2026-01-20 08:04:44 | INFO     | [DAY_START] Processing 29JAN
2026-01-20 08:04:44 | INFO     | [lf.day.start] Processing JED-ATZ for 29JAN
2026-01-20 08:04:45 | INFO     | [lf.day.flights_found] Found 4 flights on 29JAN
2026-01-20 08:04:47 | INFO     | [lf.flight.extracted] SM982 on 29JAN: BKG=178, LF=100.0%
2026-01-20 08:04:51 | INFO     | [lf.flight.extracted] SM422 on 29JAN: BKG=168, LF=94.4%
2026-01-20 08:04:55 | INFO     | [lf.flight.extracted] SM454 on 29JAN: BKG=174, LF=97.8%
2026-01-20 08:04:59 | INFO     | [lf.flight.extracted] SM456 on 29JAN: BKG=165, LF=92.2%
2026-01-20 08:05:19 | INFO     | [SUCCESS] Day 29JAN
2026-01-20 08:05:19 | INFO     | [DAY_START] Processing 28JAN
2026-01-20 08:05:19 | INFO     | [lf.day.start] Processing JED-ATZ for 28JAN
2026-01-20 08:05:20 | INFO     | [lf.day.flights_found] Found 2 flights on 28JAN
2026-01-20 08:05:22 | INFO     | [lf.flight.extracted] SM454 on 28JAN: BKG=168, LF=94.4%
2026-01-20 08:05:26 | INFO     | [lf.flight.extracted] SM492 on 28JAN: BKG=178, LF=100.0%
2026-01-20 08:05:37 | INFO     | [SUCCESS] Day 28JAN
2026-01-20 08:05:37 | INFO     | [SUCCESS] LF Search Complete
2026-01-20 08:05:39 | INFO     | [Worker_9225] Completed: JED-ATZ - 8 results, 0 errors
2026-01-20 08:05:39 | INFO     | [Worker_9225] Processing: LXR-JED
2026-01-20 08:05:39 | INFO     |   Tier 0: Range 1, Chunk 3/4 (8 days)
