2026-01-20 07:32:18 | INFO     | ======================================================================
2026-01-20 07:32:18 | INFO     | Load Factor Scraper Started - Route: JED-HBE
2026-01-20 07:32:18 | INFO     | Log file: D:\CODERED\LAB\Artifacts\outputs\run_generated_200126_at_06.58\logs\LF_JED-HBE_20260120_073218.log
2026-01-20 07:32:18 | INFO     | Enhanced logging: Capturing both logging.info() and print()
2026-01-20 07:32:18 | INFO     | ======================================================================
2026-01-20 07:32:18 | INFO     | Starting LF search for route: JED-HBE
2026-01-20 07:32:18 | INFO     | [START] LF Search
2026-01-20 07:32:22 | INFO     | [HEALTH CHECK] [OK] Chrome connection is healthy
2026-01-20 07:32:22 | INFO     | [DAY_START] Processing 26MAR
2026-01-20 07:32:22 | INFO     | [lf.day.start] Processing JED-HBE for 26MAR
2026-01-20 07:32:23 | INFO     | [lf.day.flights_found] Found 1 flights on 26MAR
2026-01-20 07:32:26 | INFO     | [lf.flight.extracted] SM452 on 26MAR: BKG=168, LF=96.0%
2026-01-20 07:32:29 | INFO     | [SUCCESS] Day 26MAR
2026-01-20 07:32:29 | INFO     | [DAY_START] Processing 25MAR
2026-01-20 07:32:29 | INFO     | [lf.day.start] Processing JED-HBE for 25MAR
2026-01-20 07:32:30 | INFO     | [lf.day.flights_found] Found 3 flights on 25MAR
2026-01-20 07:32:33 | INFO     | [lf.flight.extracted] SM452 on 25MAR: BKG=168, LF=96.0%
2026-01-20 07:32:37 | INFO     | [lf.flight.extracted] SM474 on 25MAR: BKG=171, LF=97.7%
2026-01-20 07:32:41 | INFO     | [lf.flight.extracted] SM458 on 25MAR: BKG=168, LF=100.0%
2026-01-20 07:32:47 | INFO     | [SUCCESS] Day 25MAR
2026-01-20 07:32:47 | INFO     | [DAY_START] Processing 24MAR
2026-01-20 07:32:47 | INFO     | [lf.day.start] Processing JED-HBE for 24MAR
2026-01-20 07:32:48 | INFO     | [lf.day.flights_found] Found 3 flights on 24MAR
2026-01-20 07:32:50 | INFO     | [lf.flight.extracted] SM958 on 24MAR: BKG=170, LF=101.8%
2026-01-20 07:32:54 | INFO     | [lf.flight.extracted] SM962 on 24MAR: BKG=170, LF=101.8%
2026-01-20 07:32:58 | INFO     | [lf.flight.extracted] SM452 on 24MAR: BKG=146, LF=83.4%
2026-01-20 07:33:06 | INFO     | [SUCCESS] Day 24MAR
2026-01-20 07:33:06 | INFO     | [DAY_START] Processing 23MAR
2026-01-20 07:33:06 | INFO     | [lf.day.start] Processing JED-HBE for 23MAR
2026-01-20 07:33:07 | INFO     | [lf.day.flights_found] Found 3 flights on 23MAR
2026-01-20 07:33:09 | INFO     | [lf.flight.extracted] SM952 on 23MAR: BKG=161, LF=96.4%
2026-01-20 07:33:14 | INFO     | [lf.flight.extracted] SM458 on 23MAR: BKG=174, LF=99.4%
2026-01-20 07:33:18 | INFO     | [lf.flight.extracted] SM452 on 23MAR: BKG=155, LF=88.6%
2026-01-20 07:33:26 | INFO     | [SUCCESS] Day 23MAR
2026-01-20 07:33:26 | INFO     | [DAY_START] Processing 22MAR
2026-01-20 07:33:26 | INFO     | [lf.day.start] Processing JED-HBE for 22MAR
2026-01-20 07:33:27 | INFO     | [lf.day.flights_found] Found 2 flights on 22MAR
2026-01-20 07:33:30 | INFO     | [lf.flight.extracted] SM458 on 22MAR: BKG=170, LF=97.1%
2026-01-20 07:33:34 | INFO     | [lf.flight.extracted] SM452 on 22MAR: BKG=177, LF=101.1%
2026-01-20 07:33:39 | INFO     | [SUCCESS] Day 22MAR
2026-01-20 07:33:39 | INFO     | [DAY_START] Processing 21MAR
2026-01-20 07:33:39 | INFO     | [lf.day.start] Processing JED-HBE for 21MAR
2026-01-20 07:33:40 | INFO     | [lf.day.flights_found] Found 2 flights on 21MAR
2026-01-20 07:33:43 | INFO     | [lf.flight.extracted] SM458 on 21MAR: BKG=177, LF=105.4%
2026-01-20 07:33:47 | INFO     | [lf.flight.extracted] SM452 on 21MAR: BKG=167, LF=95.4%
2026-01-20 07:33:51 | INFO     | [SUCCESS] Day 21MAR
2026-01-20 07:33:51 | INFO     | [DAY_START] Processing 20MAR
2026-01-20 07:33:51 | INFO     | [lf.day.start] Processing JED-HBE for 20MAR
2026-01-20 07:33:52 | INFO     | [lf.day.flights_found] Found 1 flights on 20MAR
2026-01-20 07:33:55 | INFO     | [lf.flight.extracted] SM452 on 20MAR: BKG=174, LF=99.4%
2026-01-20 07:33:59 | INFO     | [SUCCESS] Day 20MAR
2026-01-20 07:33:59 | INFO     | [DAY_START] Processing 19MAR
2026-01-20 07:33:59 | INFO     | [lf.day.start] Processing JED-HBE for 19MAR
2026-01-20 07:34:00 | INFO     | [lf.day.flights_found] Found 1 flights on 19MAR
2026-01-20 07:34:03 | INFO     | [lf.flight.extracted] SM452 on 19MAR: BKG=168, LF=96.0%
2026-01-20 07:34:10 | INFO     | [SUCCESS] Day 19MAR
2026-01-20 07:34:10 | INFO     | [DAY_START] Processing 18MAR
2026-01-20 07:34:10 | INFO     | [lf.day.start] Processing JED-HBE for 18MAR
2026-01-20 07:34:11 | INFO     | [lf.day.flights_found] Found 4 flights on 18MAR
2026-01-20 07:34:13 | INFO     | [lf.flight.extracted] SM974 on 18MAR: BKG=11, LF=6.3%
2026-01-20 07:34:17 | INFO     | [lf.flight.extracted] SM452 on 18MAR: BKG=218, LF=124.6%
2026-01-20 07:34:21 | INFO     | [lf.flight.extracted] SM474 on 18MAR: BKG=173, LF=98.9%
2026-01-20 07:34:25 | INFO     | [lf.flight.extracted] SM458 on 18MAR: BKG=168, LF=100.0%
2026-01-20 07:34:44 | INFO     | [SUCCESS] Day 18MAR
2026-01-20 07:34:44 | INFO     | [SUCCESS] LF Search Complete
2026-01-20 07:34:46 | INFO     | [Worker_9234] Completed: JED-HBE - 9 results, 0 errors
2026-01-20 07:34:46 | INFO     | [Worker_9234] Processing: HBE-MED
2026-01-20 07:34:46 | INFO     |   Tier 0: Range 2, Chunk 1/4 (9 days)
