2026-01-20 07:12:27 | INFO     | ======================================================================
2026-01-20 07:12:27 | INFO     | Load Factor Scraper Started - Route: JED-HBE
2026-01-20 07:12:27 | INFO     | Log file: D:\CODERED\LAB\Artifacts\outputs\run_generated_200126_at_06.58\logs\LF_JED-HBE_20260120_071227.log
2026-01-20 07:12:27 | INFO     | Enhanced logging: Capturing both logging.info() and print()
2026-01-20 07:12:27 | INFO     | ======================================================================
2026-01-20 07:12:27 | INFO     | Starting LF search for route: JED-HBE
2026-01-20 07:12:27 | INFO     | [START] LF Search
2026-01-20 07:12:28 | INFO     | [HEALTH CHECK] [OK] Chrome connection is healthy
2026-01-20 07:12:28 | INFO     | [DAY_START] Processing 28APR
2026-01-20 07:12:28 | INFO     | [lf.day.start] Processing JED-HBE for 28APR
2026-01-20 07:12:29 | WARNING  | [lf.day.no_flights] No direct flights on 28APR
2026-01-20 07:12:29 | INFO     | [SUCCESS] Day 28APR
2026-01-20 07:12:29 | INFO     | [DAY_START] Processing 27APR
2026-01-20 07:12:29 | INFO     | [lf.day.start] Processing JED-HBE for 27APR
2026-01-20 07:12:30 | INFO     | [lf.day.flights_found] Found 1 flights on 27APR
2026-01-20 07:12:33 | INFO     | [lf.flight.extracted] SM452 on 27APR: BKG=0, LF=0.0%
2026-01-20 07:12:34 | INFO     | [SUCCESS] Day 27APR
2026-01-20 07:12:34 | INFO     | [DAY_START] Processing 26APR
2026-01-20 07:12:34 | INFO     | [lf.day.start] Processing JED-HBE for 26APR
2026-01-20 07:12:35 | INFO     | [lf.day.flights_found] Found 1 flights on 26APR
2026-01-20 07:12:37 | INFO     | [lf.flight.extracted] SM452 on 26APR: BKG=1, LF=0.6%
2026-01-20 07:12:40 | INFO     | [SUCCESS] Day 26APR
2026-01-20 07:12:40 | INFO     | [DAY_START] Processing 25APR
2026-01-20 07:12:40 | INFO     | [lf.day.start] Processing JED-HBE for 25APR
2026-01-20 07:12:41 | INFO     | [lf.day.flights_found] Found 1 flights on 25APR
2026-01-20 07:12:43 | INFO     | [lf.flight.extracted] SM452 on 25APR: BKG=1, LF=0.6%
2026-01-20 07:12:46 | INFO     | [SUCCESS] Day 25APR
2026-01-20 07:12:46 | INFO     | [DAY_START] Processing 24APR
2026-01-20 07:12:46 | INFO     | [lf.day.start] Processing JED-HBE for 24APR
2026-01-20 07:12:47 | WARNING  | [lf.day.no_flights] No direct flights on 24APR
2026-01-20 07:12:47 | INFO     | [SUCCESS] Day 24APR
2026-01-20 07:12:47 | INFO     | [DAY_START] Processing 23APR
2026-01-20 07:12:47 | INFO     | [lf.day.start] Processing JED-HBE for 23APR
2026-01-20 07:12:48 | INFO     | [lf.day.flights_found] Found 1 flights on 23APR
2026-01-20 07:12:50 | INFO     | [lf.flight.extracted] SM452 on 23APR: BKG=0, LF=0.0%
2026-01-20 07:12:52 | INFO     | [SUCCESS] Day 23APR
2026-01-20 07:12:52 | INFO     | [DAY_START] Processing 22APR
2026-01-20 07:12:52 | INFO     | [lf.day.start] Processing JED-HBE for 22APR
2026-01-20 07:12:53 | INFO     | [lf.day.flights_found] Found 1 flights on 22APR
2026-01-20 07:12:58 | INFO     | [lf.flight.extracted] SM452 on 22APR: BKG=0, LF=0.0%
2026-01-20 07:12:59 | INFO     | [SUCCESS] Day 22APR
2026-01-20 07:12:59 | INFO     | [DAY_START] Processing 21APR
2026-01-20 07:12:59 | INFO     | [lf.day.start] Processing JED-HBE for 21APR
2026-01-20 07:13:01 | WARNING  | [lf.day.no_flights] No direct flights on 21APR
2026-01-20 07:13:01 | INFO     | [SUCCESS] Day 21APR
2026-01-20 07:13:01 | INFO     | [DAY_START] Processing 20APR
2026-01-20 07:13:01 | INFO     | [lf.day.start] Processing JED-HBE for 20APR
2026-01-20 07:13:02 | INFO     | [lf.day.flights_found] Found 1 flights on 20APR
2026-01-20 07:13:04 | INFO     | [lf.flight.extracted] SM452 on 20APR: BKG=7, LF=4.0%
2026-01-20 07:13:06 | INFO     | [SUCCESS] Day 20APR
2026-01-20 07:13:06 | INFO     | [SUCCESS] LF Search Complete
2026-01-20 07:13:08 | INFO     | [Worker_9227] Completed: JED-HBE - 9 results, 0 errors
2026-01-20 07:13:08 | INFO     | [Worker_9227] Processing: YNB-CAI
2026-01-20 07:13:08 | INFO     |   Tier 0: Range 3, Chunk 1/4 (9 days)
