2026-01-20 08:07:41 | INFO     | ======================================================================
2026-01-20 08:07:41 | INFO     | Load Factor Scraper Started - Route: JED-HBE
2026-01-20 08:07:41 | INFO     | Log file: D:\CODERED\LAB\Artifacts\outputs\run_generated_200126_at_06.58\logs\LF_JED-HBE_20260120_080741.log
2026-01-20 08:07:41 | INFO     | Enhanced logging: Capturing both logging.info() and print()
2026-01-20 08:07:41 | INFO     | ======================================================================
2026-01-20 08:07:41 | INFO     | Starting LF search for route: JED-HBE
2026-01-20 08:07:41 | INFO     | [START] LF Search
2026-01-20 08:07:43 | INFO     | [HEALTH CHECK] [OK] Chrome connection is healthy
2026-01-20 08:07:43 | INFO     | [DAY_START] Processing 27JAN
2026-01-20 08:07:43 | INFO     | [lf.day.start] Processing JED-HBE for 27JAN
2026-01-20 08:07:44 | INFO     | [lf.day.flights_found] Found 2 flights on 27JAN
2026-01-20 08:07:46 | INFO     | [lf.flight.extracted] SM958 on 27JAN: BKG=26, LF=15.6%
2026-01-20 08:07:50 | INFO     | [lf.flight.extracted] SM452 on 27JAN: BKG=166, LF=94.9%
2026-01-20 08:07:58 | INFO     | [SUCCESS] Day 27JAN
2026-01-20 08:07:58 | INFO     | [DAY_START] Processing 26JAN
2026-01-20 08:07:58 | INFO     | [lf.day.start] Processing JED-HBE for 26JAN
2026-01-20 08:07:59 | INFO     | [lf.day.flights_found] Found 5 flights on 26JAN
2026-01-20 08:08:01 | INFO     | [lf.flight.extracted] SM952 on 26JAN: BKG=102, LF=61.1%
2026-01-20 08:08:05 | INFO     | [lf.flight.extracted] SM954 on 26JAN: BKG=45, LF=25.7%
2026-01-20 08:08:08 | INFO     | [lf.flight.extracted] SM458 on 26JAN: BKG=152, LF=86.9%
2026-01-20 08:08:12 | INFO     | [lf.flight.extracted] SM452 on 26JAN: BKG=108, LF=61.7%
2026-01-20 08:08:15 | INFO     | [lf.flight.extracted] SM956 on 26JAN: BKG=104, LF=62.3%
2026-01-20 08:08:42 | INFO     | [SUCCESS] Day 26JAN
2026-01-20 08:08:42 | INFO     | [DAY_START] Processing 25JAN
2026-01-20 08:08:42 | INFO     | [lf.day.start] Processing JED-HBE for 25JAN
2026-01-20 08:08:44 | INFO     | [lf.day.flights_found] Found 2 flights on 25JAN
2026-01-20 08:08:46 | INFO     | [lf.flight.extracted] SM458 on 25JAN: BKG=168, LF=96.0%
2026-01-20 08:08:51 | INFO     | [lf.flight.extracted] SM452 on 25JAN: BKG=175, LF=100.0%
2026-01-20 08:09:05 | INFO     | [SUCCESS] Day 25JAN
2026-01-20 08:09:05 | INFO     | [DAY_START] Processing 24JAN
2026-01-20 08:09:05 | INFO     | [lf.day.start] Processing JED-HBE for 24JAN
2026-01-20 08:09:06 | INFO     | [lf.day.flights_found] Found 2 flights on 24JAN
2026-01-20 08:09:08 | INFO     | [lf.flight.extracted] SM458 on 24JAN: BKG=172, LF=98.3%
2026-01-20 08:09:11 | INFO     | [lf.flight.extracted] SM452 on 24JAN: BKG=164, LF=93.7%
2026-01-20 08:09:22 | INFO     | [SUCCESS] Day 24JAN
2026-01-20 08:09:22 | INFO     | [DAY_START] Processing 23JAN
2026-01-20 08:09:22 | INFO     | [lf.day.start] Processing JED-HBE for 23JAN
2026-01-20 08:09:23 | INFO     | [lf.day.flights_found] Found 1 flights on 23JAN
2026-01-20 08:09:25 | INFO     | [lf.flight.extracted] SM452 on 23JAN: BKG=102, LF=58.3%
2026-01-20 08:09:31 | INFO     | [SUCCESS] Day 23JAN
2026-01-20 08:09:31 | INFO     | [DAY_START] Processing 22JAN
2026-01-20 08:09:31 | INFO     | [lf.day.start] Processing JED-HBE for 22JAN
2026-01-20 08:09:32 | INFO     | [lf.day.flights_found] Found 2 flights on 22JAN
2026-01-20 08:09:34 | INFO     | [lf.flight.extracted] SM452 on 22JAN: BKG=167, LF=95.4%
2026-01-20 08:09:38 | INFO     | [lf.flight.extracted] SM478 on 22JAN: BKG=115, LF=65.7%
2026-01-20 08:10:03 | INFO     | [SUCCESS] Day 22JAN
2026-01-20 08:10:03 | INFO     | [DAY_START] Processing 21JAN
2026-01-20 08:10:03 | INFO     | [lf.day.start] Processing JED-HBE for 21JAN
2026-01-20 08:10:04 | INFO     | [lf.day.flights_found] Found 3 flights on 21JAN
2026-01-20 08:10:06 | INFO     | [lf.flight.extracted] SM452 on 21JAN: BKG=178, LF=100.0%
2026-01-20 08:10:11 | INFO     | [lf.flight.extracted] SM474 on 21JAN: BKG=165, LF=92.7%
2026-01-20 08:10:15 | INFO     | [lf.flight.extracted] SM458 on 21JAN: BKG=175, LF=98.3%
2026-01-20 08:10:25 | INFO     | [HEALTH CHECK] [OK] Chrome connection is healthy
2026-01-20 08:10:34 | INFO     | [SUCCESS] Day 21JAN
2026-01-20 08:10:34 | INFO     | [SUCCESS] LF Search Complete
2026-01-20 08:10:36 | INFO     | [Worker_9222] Completed: JED-HBE - 7 results, 0 errors
2026-01-20 08:10:36 | INFO     | [Worker_9222] Processing: ATZ-JED
2026-01-20 08:10:36 | INFO     |   Tier 0: Range 1, Chunk 4/4 (8 days)
