2026-01-20 07:12:28 | INFO     | ======================================================================
2026-01-20 07:12:28 | INFO     | Load Factor Scraper Started - Route: JED-LXR
2026-01-20 07:12:28 | INFO     | Log file: D:\CODERED\LAB\Artifacts\outputs\run_generated_200126_at_06.58\logs\LF_JED-LXR_20260120_071228.log
2026-01-20 07:12:28 | INFO     | Enhanced logging: Capturing both logging.info() and print()
2026-01-20 07:12:28 | INFO     | ======================================================================
2026-01-20 07:12:28 | INFO     | Starting LF search for route: JED-LXR
2026-01-20 07:12:28 | INFO     | [START] LF Search
2026-01-20 07:12:30 | INFO     | [HEALTH CHECK] [OK] Chrome connection is healthy
2026-01-20 07:12:30 | INFO     | [DAY_START] Processing 28APR
2026-01-20 07:12:30 | INFO     | [lf.day.start] Processing JED-LXR for 28APR
2026-01-20 07:12:31 | WARNING  | [lf.day.no_flights] No direct flights on 28APR
2026-01-20 07:12:32 | INFO     | [SUCCESS] Day 28APR
2026-01-20 07:12:32 | INFO     | [DAY_START] Processing 27APR
2026-01-20 07:12:32 | INFO     | [lf.day.start] Processing JED-LXR for 27APR
2026-01-20 07:12:33 | WARNING  | [lf.day.no_flights] No direct flights on 27APR
2026-01-20 07:12:33 | INFO     | [SUCCESS] Day 27APR
2026-01-20 07:12:33 | INFO     | [DAY_START] Processing 26APR
2026-01-20 07:12:33 | INFO     | [lf.day.start] Processing JED-LXR for 26APR
2026-01-20 07:12:34 | WARNING  | [lf.day.no_flights] No direct flights on 26APR
2026-01-20 07:12:34 | INFO     | [SUCCESS] Day 26APR
2026-01-20 07:12:34 | INFO     | [DAY_START] Processing 25APR
2026-01-20 07:12:34 | INFO     | [lf.day.start] Processing JED-LXR for 25APR
2026-01-20 07:12:35 | WARNING  | [lf.day.no_flights] No direct flights on 25APR
2026-01-20 07:12:36 | INFO     | [SUCCESS] Day 25APR
2026-01-20 07:12:36 | INFO     | [DAY_START] Processing 24APR
2026-01-20 07:12:36 | INFO     | [lf.day.start] Processing JED-LXR for 24APR
2026-01-20 07:12:37 | WARNING  | [lf.day.no_flights] No direct flights on 24APR
2026-01-20 07:12:37 | INFO     | [SUCCESS] Day 24APR
2026-01-20 07:12:37 | INFO     | [DAY_START] Processing 23APR
2026-01-20 07:12:37 | INFO     | [lf.day.start] Processing JED-LXR for 23APR
2026-01-20 07:12:38 | WARNING  | [lf.day.no_flights] No direct flights on 23APR
2026-01-20 07:12:38 | INFO     | [SUCCESS] Day 23APR
2026-01-20 07:12:38 | INFO     | [DAY_START] Processing 22APR
2026-01-20 07:12:38 | INFO     | [lf.day.start] Processing JED-LXR for 22APR
2026-01-20 07:12:39 | WARNING  | [lf.day.no_flights] No direct flights on 22APR
2026-01-20 07:12:40 | INFO     | [SUCCESS] Day 22APR
2026-01-20 07:12:40 | INFO     | [DAY_START] Processing 21APR
2026-01-20 07:12:40 | INFO     | [lf.day.start] Processing JED-LXR for 21APR
2026-01-20 07:12:41 | WARNING  | [lf.day.no_flights] No direct flights on 21APR
2026-01-20 07:12:41 | INFO     | [SUCCESS] Day 21APR
2026-01-20 07:12:41 | INFO     | [DAY_START] Processing 20APR
2026-01-20 07:12:41 | INFO     | [lf.day.start] Processing JED-LXR for 20APR
2026-01-20 07:12:42 | WARNING  | [lf.day.no_flights] No direct flights on 20APR
2026-01-20 07:12:42 | INFO     | [SUCCESS] Day 20APR
2026-01-20 07:12:42 | INFO     | [SUCCESS] LF Search Complete
2026-01-20 07:12:44 | INFO     | [Worker_9234] Completed: JED-LXR - 9 results, 0 errors
2026-01-20 07:12:44 | INFO     | [Worker_9234] Processing: DMM-ATZ
2026-01-20 07:12:44 | INFO     |   Tier 0: Range 3, Chunk 1/4 (9 days)
