2026-01-20 07:47:52 | INFO     | ======================================================================
2026-01-20 07:47:52 | INFO     | Load Factor Scraper Started - Route: JED-ASW
2026-01-20 07:47:52 | INFO     | Log file: D:\CODERED\LAB\Artifacts\outputs\run_generated_200126_at_06.58\logs\LF_JED-ASW_20260120_074752.log
2026-01-20 07:47:52 | INFO     | Enhanced logging: Capturing both logging.info() and print()
2026-01-20 07:47:52 | INFO     | ======================================================================
2026-01-20 07:47:52 | INFO     | Starting LF search for route: JED-ASW
2026-01-20 07:47:52 | INFO     | [START] LF Search
2026-01-20 07:47:54 | INFO     | [HEALTH CHECK] [OK] Chrome connection is healthy
2026-01-20 07:47:54 | INFO     | [DAY_START] Processing 01MAR
2026-01-20 07:47:54 | INFO     | [lf.day.start] Processing JED-ASW for 01MAR
2026-01-20 07:47:56 | WARNING  | [lf.day.no_flights] No direct flights on 01MAR
2026-01-20 07:47:56 | INFO     | [SUCCESS] Day 01MAR
2026-01-20 07:47:56 | INFO     | [DAY_START] Processing 28FEB
2026-01-20 07:47:56 | INFO     | [lf.day.start] Processing JED-ASW for 28FEB
2026-01-20 07:47:57 | WARNING  | [lf.day.no_flights] No direct flights on 28FEB
2026-01-20 07:47:57 | INFO     | [SUCCESS] Day 28FEB
2026-01-20 07:47:57 | INFO     | [DAY_START] Processing 27FEB
2026-01-20 07:47:57 | INFO     | [lf.day.start] Processing JED-ASW for 27FEB
2026-01-20 07:47:58 | WARNING  | [lf.day.no_flights] No direct flights on 27FEB
2026-01-20 07:47:58 | INFO     | [SUCCESS] Day 27FEB
2026-01-20 07:47:58 | INFO     | [DAY_START] Processing 26FEB
2026-01-20 07:47:58 | INFO     | [lf.day.start] Processing JED-ASW for 26FEB
2026-01-20 07:48:00 | WARNING  | [lf.day.no_flights] No direct flights on 26FEB
2026-01-20 07:48:00 | INFO     | [SUCCESS] Day 26FEB
2026-01-20 07:48:00 | INFO     | [DAY_START] Processing 25FEB
2026-01-20 07:48:00 | INFO     | [lf.day.start] Processing JED-ASW for 25FEB
2026-01-20 07:48:01 | WARNING  | [lf.day.no_flights] No direct flights on 25FEB
2026-01-20 07:48:02 | INFO     | [SUCCESS] Day 25FEB
2026-01-20 07:48:02 | INFO     | [DAY_START] Processing 24FEB
2026-01-20 07:48:02 | INFO     | [lf.day.start] Processing JED-ASW for 24FEB
2026-01-20 07:48:03 | INFO     | [lf.day.flights_found] Found 1 flights on 24FEB
2026-01-20 07:48:08 | INFO     | [lf.flight.extracted] SM986 on 24FEB: BKG=0, LF=0.0%
2026-01-20 07:48:10 | INFO     | [SUCCESS] Day 24FEB
2026-01-20 07:48:10 | INFO     | [DAY_START] Processing 23FEB
2026-01-20 07:48:10 | INFO     | [lf.day.start] Processing JED-ASW for 23FEB
2026-01-20 07:48:12 | INFO     | [lf.day.flights_found] Found 2 flights on 23FEB
2026-01-20 07:48:19 | INFO     | [lf.flight.extracted] SM426 on 23FEB: BKG=0, LF=0.0%
2026-01-20 07:48:23 | INFO     | [lf.flight.extracted] SM950 on 23FEB: BKG=0, LF=0.0%
2026-01-20 07:48:25 | INFO     | [SUCCESS] Day 23FEB
2026-01-20 07:48:25 | INFO     | [DAY_START] Processing 22FEB
2026-01-20 07:48:25 | INFO     | [lf.day.start] Processing JED-ASW for 22FEB
2026-01-20 07:48:26 | WARNING  | [lf.day.no_flights] No direct flights on 22FEB
2026-01-20 07:48:26 | INFO     | [SUCCESS] Day 22FEB
2026-01-20 07:48:26 | INFO     | [SUCCESS] LF Search Complete
2026-01-20 07:48:28 | INFO     | [Worker_9224] Completed: JED-ASW - 8 results, 0 errors
2026-01-20 07:48:28 | INFO     | [Worker_9224] Processing: DMM-CAI
2026-01-20 07:48:28 | INFO     |   Tier 0: Range 2, Chunk 4/4 (8 days)
