2026-01-20 07:16:28 | INFO     | ======================================================================
2026-01-20 07:16:28 | INFO     | Load Factor Scraper Started - Route: JED-ASW
2026-01-20 07:16:28 | INFO     | Log file: D:\CODERED\LAB\Artifacts\outputs\run_generated_200126_at_06.58\logs\LF_JED-ASW_20260120_071628.log
2026-01-20 07:16:28 | INFO     | Enhanced logging: Capturing both logging.info() and print()
2026-01-20 07:16:28 | INFO     | ======================================================================
2026-01-20 07:16:28 | INFO     | Starting LF search for route: JED-ASW
2026-01-20 07:16:28 | INFO     | [START] LF Search
2026-01-20 07:16:29 | INFO     | [HEALTH CHECK] [OK] Chrome connection is healthy
2026-01-20 07:16:29 | INFO     | [DAY_START] Processing 19APR
2026-01-20 07:16:29 | INFO     | [lf.day.start] Processing JED-ASW for 19APR
2026-01-20 07:16:31 | WARNING  | [lf.day.no_flights] No direct flights on 19APR
2026-01-20 07:16:31 | INFO     | [SUCCESS] Day 19APR
2026-01-20 07:16:31 | INFO     | [DAY_START] Processing 18APR
2026-01-20 07:16:31 | INFO     | [lf.day.start] Processing JED-ASW for 18APR
2026-01-20 07:16:32 | WARNING  | [lf.day.no_flights] No direct flights on 18APR
2026-01-20 07:16:32 | INFO     | [SUCCESS] Day 18APR
2026-01-20 07:16:32 | INFO     | [DAY_START] Processing 17APR
2026-01-20 07:16:32 | INFO     | [lf.day.start] Processing JED-ASW for 17APR
2026-01-20 07:16:40 | WARNING  | [lf.day.no_flights] No direct flights on 17APR
2026-01-20 07:16:40 | INFO     | [SUCCESS] Day 17APR
2026-01-20 07:16:40 | INFO     | [DAY_START] Processing 16APR
2026-01-20 07:16:40 | INFO     | [lf.day.start] Processing JED-ASW for 16APR
2026-01-20 07:16:42 | WARNING  | [lf.day.no_flights] No direct flights on 16APR
2026-01-20 07:16:42 | INFO     | [SUCCESS] Day 16APR
2026-01-20 07:16:42 | INFO     | [DAY_START] Processing 15APR
2026-01-20 07:16:42 | INFO     | [lf.day.start] Processing JED-ASW for 15APR
2026-01-20 07:16:43 | WARNING  | [lf.day.no_flights] No direct flights on 15APR
2026-01-20 07:16:44 | INFO     | [SUCCESS] Day 15APR
2026-01-20 07:16:44 | INFO     | [DAY_START] Processing 14APR
2026-01-20 07:16:44 | INFO     | [lf.day.start] Processing JED-ASW for 14APR
2026-01-20 07:16:45 | WARNING  | [lf.day.no_flights] No direct flights on 14APR
2026-01-20 07:16:45 | INFO     | [SUCCESS] Day 14APR
2026-01-20 07:16:45 | INFO     | [DAY_START] Processing 13APR
2026-01-20 07:16:45 | INFO     | [lf.day.start] Processing JED-ASW for 13APR
2026-01-20 07:16:47 | WARNING  | [lf.day.no_flights] No direct flights on 13APR
2026-01-20 07:16:47 | INFO     | [SUCCESS] Day 13APR
2026-01-20 07:16:47 | INFO     | [DAY_START] Processing 12APR
2026-01-20 07:16:47 | INFO     | [lf.day.start] Processing JED-ASW for 12APR
2026-01-20 07:16:49 | WARNING  | [lf.day.no_flights] No direct flights on 12APR
2026-01-20 07:16:49 | INFO     | [SUCCESS] Day 12APR
2026-01-20 07:16:49 | INFO     | [SUCCESS] LF Search Complete
2026-01-20 07:16:51 | INFO     | [Worker_9224] Completed: JED-ASW - 8 results, 0 errors
2026-01-20 07:16:51 | INFO     | [Worker_9224] Processing: DMM-ATZ
2026-01-20 07:16:51 | INFO     |   Tier 0: Range 3, Chunk 2/4 (8 days)
