2026-01-20 07:20:02 | INFO     | ======================================================================
2026-01-20 07:20:02 | INFO     | Load Factor Scraper Started - Route: JED-CAI
2026-01-20 07:20:02 | INFO     | Log file: D:\CODERED\LAB\Artifacts\outputs\run_generated_200126_at_06.58\logs\LF_JED-CAI_20260120_072002.log
2026-01-20 07:20:02 | INFO     | Enhanced logging: Capturing both logging.info() and print()
2026-01-20 07:20:02 | INFO     | ======================================================================
2026-01-20 07:20:02 | INFO     | Starting LF search for route: JED-CAI
2026-01-20 07:20:02 | INFO     | [START] LF Search
2026-01-20 07:20:04 | INFO     | [HEALTH CHECK] [OK] Chrome connection is healthy
2026-01-20 07:20:04 | INFO     | [DAY_START] Processing 11APR
2026-01-20 07:20:04 | INFO     | [lf.day.start] Processing JED-CAI for 11APR
2026-01-20 07:20:05 | INFO     | [lf.day.flights_found] Found 2 flights on 11APR
2026-01-20 07:20:10 | INFO     | [lf.flight.extracted] SM478 on 11APR: BKG=3, LF=1.7%
2026-01-20 07:20:14 | INFO     | [lf.flight.extracted] SM476 on 11APR: BKG=4, LF=2.4%
2026-01-20 07:20:18 | INFO     | [SUCCESS] Day 11APR
2026-01-20 07:20:18 | INFO     | [DAY_START] Processing 10APR
2026-01-20 07:20:18 | INFO     | [lf.day.start] Processing JED-CAI for 10APR
2026-01-20 07:20:19 | INFO     | [lf.day.flights_found] Found 4 flights on 10APR
2026-01-20 07:20:22 | INFO     | [lf.flight.extracted] SM460 on 10APR: BKG=4, LF=2.4%
2026-01-20 07:20:26 | INFO     | [lf.flight.extracted] SM478 on 10APR: BKG=1, LF=0.6%
2026-01-20 07:20:29 | INFO     | [lf.flight.extracted] SM476 on 10APR: BKG=9, LF=5.1%
2026-01-20 07:20:35 | INFO     | [lf.flight.extracted] SM480 on 10APR: BKG=8, LF=4.6%
2026-01-20 07:20:43 | INFO     | [SUCCESS] Day 10APR
2026-01-20 07:20:43 | INFO     | [DAY_START] Processing 09APR
2026-01-20 07:20:43 | INFO     | [lf.day.start] Processing JED-CAI for 09APR
2026-01-20 07:20:46 | INFO     | [lf.day.flights_found] Found 2 flights on 09APR
2026-01-20 07:20:49 | INFO     | [lf.flight.extracted] SM478 on 09APR: BKG=74, LF=44.0%
2026-01-20 07:20:59 | INFO     | [lf.flight.extracted] SM476 on 09APR: BKG=12, LF=6.9%
2026-01-20 07:21:03 | INFO     | [SUCCESS] Day 09APR
2026-01-20 07:21:03 | INFO     | [DAY_START] Processing 08APR
2026-01-20 07:21:03 | INFO     | [lf.day.start] Processing JED-CAI for 08APR
2026-01-20 07:21:04 | INFO     | [lf.day.flights_found] Found 2 flights on 08APR
2026-01-20 07:21:07 | INFO     | [lf.flight.extracted] SM478 on 08APR: BKG=124, LF=70.9%
2026-01-20 07:21:12 | INFO     | [lf.flight.extracted] SM476 on 08APR: BKG=23, LF=13.1%
2026-01-20 07:21:20 | INFO     | [SUCCESS] Day 08APR
2026-01-20 07:21:20 | INFO     | [DAY_START] Processing 07APR
2026-01-20 07:21:20 | INFO     | [lf.day.start] Processing JED-CAI for 07APR
2026-01-20 07:21:22 | INFO     | [lf.day.flights_found] Found 3 flights on 07APR
2026-01-20 07:21:25 | INFO     | [lf.flight.extracted] SM478 on 07APR: BKG=19, LF=10.9%
2026-01-20 07:21:31 | INFO     | [lf.flight.extracted] SM476 on 07APR: BKG=131, LF=74.9%
2026-01-20 07:21:37 | INFO     | [lf.flight.extracted] SM480 on 07APR: BKG=199, LF=118.5%
2026-01-20 07:21:48 | INFO     | [SUCCESS] Day 07APR
2026-01-20 07:21:48 | INFO     | [DAY_START] Processing 06APR
2026-01-20 07:21:48 | INFO     | [lf.day.start] Processing JED-CAI for 06APR
2026-01-20 07:21:49 | INFO     | [lf.day.flights_found] Found 4 flights on 06APR
2026-01-20 07:21:51 | INFO     | [lf.flight.extracted] SM460 on 06APR: BKG=185, LF=110.8%
2026-01-20 07:21:56 | INFO     | [lf.flight.extracted] SM478 on 06APR: BKG=176, LF=100.6%
2026-01-20 07:22:00 | INFO     | [lf.flight.extracted] SM476 on 06APR: BKG=165, LF=94.3%
2026-01-20 07:22:05 | INFO     | [lf.flight.extracted] SM480 on 06APR: BKG=179, LF=102.3%
2026-01-20 07:22:15 | INFO     | [SUCCESS] Day 06APR
2026-01-20 07:22:15 | INFO     | [DAY_START] Processing 05APR
2026-01-20 07:22:15 | INFO     | [lf.day.start] Processing JED-CAI for 05APR
2026-01-20 07:22:16 | INFO     | [lf.day.flights_found] Found 2 flights on 05APR
2026-01-20 07:22:19 | INFO     | [lf.flight.extracted] SM478 on 05APR: BKG=166, LF=94.9%
2026-01-20 07:22:22 | INFO     | [lf.flight.extracted] SM476 on 05APR: BKG=168, LF=96.0%
2026-01-20 07:22:35 | INFO     | [SUCCESS] Day 05APR
2026-01-20 07:22:35 | INFO     | [DAY_START] Processing 04APR
2026-01-20 07:22:35 | INFO     | [lf.day.start] Processing JED-CAI for 04APR
2026-01-20 07:22:37 | INFO     | [lf.day.flights_found] Found 2 flights on 04APR
2026-01-20 07:22:39 | INFO     | [lf.flight.extracted] SM478 on 04APR: BKG=164, LF=93.7%
2026-01-20 07:22:46 | INFO     | [lf.flight.extracted] SM476 on 04APR: BKG=191, LF=109.1%
2026-01-20 07:22:54 | INFO     | [SUCCESS] Day 04APR
2026-01-20 07:22:54 | INFO     | [SUCCESS] LF Search Complete
2026-01-20 07:22:56 | INFO     | [Worker_9226] Completed: JED-CAI - 8 results, 0 errors
2026-01-20 07:22:56 | INFO     | [Worker_9226] Processing: CAI-YNB
2026-01-20 07:22:56 | INFO     |   Tier 0: Range 3, Chunk 3/4 (8 days)
