2026-01-20 07:37:56 | INFO     | ======================================================================
2026-01-20 07:37:56 | INFO     | Load Factor Scraper Started - Route: JED-HBE
2026-01-20 07:37:56 | INFO     | Log file: D:\CODERED\LAB\Artifacts\outputs\run_generated_200126_at_06.58\logs\LF_JED-HBE_20260120_073756.log
2026-01-20 07:37:56 | INFO     | Enhanced logging: Capturing both logging.info() and print()
2026-01-20 07:37:56 | INFO     | ======================================================================
2026-01-20 07:37:56 | INFO     | Starting LF search for route: JED-HBE
2026-01-20 07:37:56 | INFO     | [START] LF Search
2026-01-20 07:37:59 | INFO     | [HEALTH CHECK] [OK] Chrome connection is healthy
2026-01-20 07:37:59 | INFO     | [DAY_START] Processing 17MAR
2026-01-20 07:37:59 | INFO     | [lf.day.start] Processing JED-HBE for 17MAR
2026-01-20 07:38:01 | INFO     | [lf.day.flights_found] Found 1 flights on 17MAR
2026-01-20 07:38:04 | INFO     | [lf.flight.extracted] SM452 on 17MAR: BKG=1, LF=0.6%
2026-01-20 07:38:08 | INFO     | [SUCCESS] Day 17MAR
2026-01-20 07:38:08 | INFO     | [DAY_START] Processing 16MAR
2026-01-20 07:38:08 | INFO     | [lf.day.start] Processing JED-HBE for 16MAR
2026-01-20 07:38:10 | INFO     | [lf.day.flights_found] Found 2 flights on 16MAR
2026-01-20 07:38:12 | INFO     | [lf.flight.extracted] SM458 on 16MAR: BKG=19, LF=10.9%
2026-01-20 07:38:17 | INFO     | [lf.flight.extracted] SM452 on 16MAR: BKG=74, LF=42.3%
2026-01-20 07:38:24 | INFO     | [SUCCESS] Day 16MAR
2026-01-20 07:38:24 | INFO     | [DAY_START] Processing 15MAR
2026-01-20 07:38:24 | INFO     | [lf.day.start] Processing JED-HBE for 15MAR
2026-01-20 07:38:25 | INFO     | [lf.day.flights_found] Found 2 flights on 15MAR
2026-01-20 07:38:28 | INFO     | [lf.flight.extracted] SM458 on 15MAR: BKG=10, LF=5.7%
2026-01-20 07:38:32 | INFO     | [lf.flight.extracted] SM452 on 15MAR: BKG=9, LF=5.1%
2026-01-20 07:38:37 | INFO     | [SUCCESS] Day 15MAR
2026-01-20 07:38:37 | INFO     | [DAY_START] Processing 14MAR
2026-01-20 07:38:37 | INFO     | [lf.day.start] Processing JED-HBE for 14MAR
2026-01-20 07:38:38 | INFO     | [lf.day.flights_found] Found 2 flights on 14MAR
2026-01-20 07:38:41 | INFO     | [lf.flight.extracted] SM458 on 14MAR: BKG=20, LF=11.4%
2026-01-20 07:38:45 | INFO     | [lf.flight.extracted] SM452 on 14MAR: BKG=25, LF=14.3%
2026-01-20 07:38:54 | INFO     | [SUCCESS] Day 14MAR
2026-01-20 07:38:54 | INFO     | [DAY_START] Processing 13MAR
2026-01-20 07:38:54 | INFO     | [lf.day.start] Processing JED-HBE for 13MAR
2026-01-20 07:38:56 | INFO     | [lf.day.flights_found] Found 1 flights on 13MAR
2026-01-20 07:39:00 | INFO     | [lf.flight.extracted] SM452 on 13MAR: BKG=65, LF=37.1%
2026-01-20 07:39:06 | INFO     | [SUCCESS] Day 13MAR
2026-01-20 07:39:06 | INFO     | [DAY_START] Processing 12MAR
2026-01-20 07:39:06 | INFO     | [lf.day.start] Processing JED-HBE for 12MAR
2026-01-20 07:39:08 | INFO     | [lf.day.flights_found] Found 1 flights on 12MAR
2026-01-20 07:39:11 | INFO     | [lf.flight.extracted] SM452 on 12MAR: BKG=41, LF=23.4%
2026-01-20 07:39:15 | INFO     | [SUCCESS] Day 12MAR
2026-01-20 07:39:15 | INFO     | [DAY_START] Processing 11MAR
2026-01-20 07:39:15 | INFO     | [lf.day.start] Processing JED-HBE for 11MAR
2026-01-20 07:39:16 | INFO     | [lf.day.flights_found] Found 3 flights on 11MAR
2026-01-20 07:39:18 | INFO     | [lf.flight.extracted] SM452 on 11MAR: BKG=17, LF=10.1%
2026-01-20 07:39:22 | INFO     | [lf.flight.extracted] SM474 on 11MAR: BKG=21, LF=12.0%
2026-01-20 07:39:25 | INFO     | [lf.flight.extracted] SM458 on 11MAR: BKG=27, LF=15.4%
2026-01-20 07:39:34 | INFO     | [SUCCESS] Day 11MAR
2026-01-20 07:39:34 | INFO     | [DAY_START] Processing 10MAR
2026-01-20 07:39:34 | INFO     | [lf.day.start] Processing JED-HBE for 10MAR
2026-01-20 07:39:35 | INFO     | [lf.day.flights_found] Found 1 flights on 10MAR
2026-01-20 07:39:37 | INFO     | [lf.flight.extracted] SM452 on 10MAR: BKG=24, LF=13.7%
2026-01-20 07:39:40 | INFO     | [SUCCESS] Day 10MAR
2026-01-20 07:39:40 | INFO     | [SUCCESS] LF Search Complete
2026-01-20 07:39:42 | INFO     | [Worker_9222] Completed: JED-HBE - 8 results, 0 errors
2026-01-20 07:39:42 | INFO     | [Worker_9222] Processing: YNB-CAI
2026-01-20 07:39:42 | INFO     |   Tier 0: Range 2, Chunk 2/4 (8 days)
