2026-01-20 07:47:34 | INFO     | ======================================================================
2026-01-20 07:47:34 | INFO     | Load Factor Scraper Started - Route: JED-CAI
2026-01-20 07:47:34 | INFO     | Log file: D:\CODERED\LAB\Artifacts\outputs\run_generated_200126_at_06.58\logs\LF_JED-CAI_20260120_074734.log
2026-01-20 07:47:34 | INFO     | Enhanced logging: Capturing both logging.info() and print()
2026-01-20 07:47:34 | INFO     | ======================================================================
2026-01-20 07:47:34 | INFO     | Starting LF search for route: JED-CAI
2026-01-20 07:47:34 | INFO     | [START] LF Search
2026-01-20 07:47:36 | INFO     | [HEALTH CHECK] [OK] Chrome connection is healthy
2026-01-20 07:47:36 | INFO     | [DAY_START] Processing 01MAR
2026-01-20 07:47:36 | INFO     | [lf.day.start] Processing JED-CAI for 01MAR
2026-01-20 07:47:37 | INFO     | [lf.day.flights_found] Found 4 flights on 01MAR
2026-01-20 07:47:39 | INFO     | [lf.flight.extracted] SM424 on 01MAR: BKG=46, LF=26.3%
2026-01-20 07:47:44 | INFO     | [lf.flight.extracted] SM476 on 01MAR: BKG=29, LF=16.9%
2026-01-20 07:47:48 | INFO     | [lf.flight.extracted] SM460 on 01MAR: BKG=34, LF=19.4%
2026-01-20 07:47:53 | INFO     | [lf.flight.extracted] SM478 on 01MAR: BKG=37, LF=21.1%
2026-01-20 07:48:13 | INFO     | [SUCCESS] Day 01MAR
2026-01-20 07:48:13 | INFO     | [DAY_START] Processing 28FEB
2026-01-20 07:48:13 | INFO     | [lf.day.start] Processing JED-CAI for 28FEB
2026-01-20 07:48:20 | INFO     | [lf.day.flights_found] Found 3 flights on 28FEB
2026-01-20 07:48:21 | INFO     | [lf.flight.extracted] SM2482 on 28FEB: BKG=0, LF=0.0%
2026-01-20 07:48:25 | INFO     | [lf.flight.extracted] SM450 on 28FEB: BKG=45, LF=26.2%
2026-01-20 07:48:29 | INFO     | [lf.flight.extracted] SM478 on 28FEB: BKG=138, LF=78.9%
2026-01-20 07:48:38 | INFO     | [SUCCESS] Day 28FEB
2026-01-20 07:48:38 | INFO     | [DAY_START] Processing 27FEB
2026-01-20 07:48:38 | INFO     | [lf.day.start] Processing JED-CAI for 27FEB
2026-01-20 07:48:39 | INFO     | [lf.day.flights_found] Found 5 flights on 27FEB
2026-01-20 07:48:42 | INFO     | [lf.flight.extracted] SM424 on 27FEB: BKG=163, LF=94.8%
2026-01-20 07:48:46 | INFO     | [lf.flight.extracted] SM476 on 27FEB: BKG=174, LF=99.4%
2026-01-20 07:48:49 | INFO     | [lf.flight.extracted] SM480 on 27FEB: BKG=138, LF=82.1%
2026-01-20 07:48:53 | INFO     | [lf.flight.extracted] SM472 on 27FEB: BKG=165, LF=94.3%
2026-01-20 07:48:57 | INFO     | [lf.flight.extracted] SM460 on 27FEB: BKG=164, LF=98.2%
2026-01-20 07:49:12 | INFO     | [SUCCESS] Day 27FEB
2026-01-20 07:49:12 | INFO     | [DAY_START] Processing 26FEB
2026-01-20 07:49:12 | INFO     | [lf.day.start] Processing JED-CAI for 26FEB
2026-01-20 07:49:13 | INFO     | [lf.day.flights_found] Found 8 flights on 26FEB
2026-01-20 07:49:15 | INFO     | [lf.flight.extracted] SM424 on 26FEB: BKG=180, LF=102.9%
2026-01-20 07:49:19 | INFO     | [lf.flight.extracted] SM472 on 26FEB: BKG=168, LF=96.0%
2026-01-20 07:49:24 | INFO     | [lf.flight.extracted] SM450 on 26FEB: BKG=165, LF=94.3%
2026-01-20 07:49:28 | INFO     | [lf.flight.extracted] SM2484 on 26FEB: BKG=130, LF=75.6%
2026-01-20 07:49:32 | INFO     | [lf.flight.extracted] SM476 on 26FEB: BKG=165, LF=94.3%
2026-01-20 07:49:36 | INFO     | [lf.flight.extracted] SM478 on 26FEB: BKG=168, LF=100.0%
2026-01-20 07:49:40 | INFO     | [lf.flight.extracted] SM2462 on 26FEB: BKG=0, LF=0.0%
2026-01-20 07:49:43 | INFO     | [lf.flight.extracted] SM480 on 26FEB: BKG=168, LF=100.0%
2026-01-20 07:50:05 | INFO     | [SUCCESS] Day 26FEB
2026-01-20 07:50:05 | INFO     | [DAY_START] Processing 25FEB
2026-01-20 07:50:05 | INFO     | [lf.day.start] Processing JED-CAI for 25FEB
2026-01-20 07:50:06 | INFO     | [lf.day.flights_found] Found 5 flights on 25FEB
2026-01-20 07:50:09 | INFO     | [lf.flight.extracted] SM476 on 25FEB: BKG=168, LF=96.0%
2026-01-20 07:50:13 | INFO     | [lf.flight.extracted] SM460 on 25FEB: BKG=168, LF=96.0%
2026-01-20 07:50:18 | INFO     | [lf.flight.extracted] SM478 on 25FEB: BKG=168, LF=96.0%
2026-01-20 07:50:22 | INFO     | [lf.flight.extracted] SM952 on 25FEB: BKG=170, LF=97.1%
2026-01-20 07:50:26 | INFO     | [lf.flight.extracted] SM2460 on 25FEB: BKG=0, LF=0.0%
2026-01-20 07:50:30 | ERROR    | Atomic write failed for D:\CODERED\LAB\Artifacts\outputs\run_generated_200126_at_06.58\checkpoints\flight_booking_data.json: [WinError 5] Access is denied: 'D:\\CODERED\\LAB\\Artifacts\\outputs\\run_generated_200126_at_06.58\\checkpoints\\flight_booking_data.tmp_8d63427b' -> 'D:\\CODERED\\LAB\\Artifacts\\outputs\\run_generated_200126_at_06.58\\checkpoints\\flight_booking_data.json'
2026-01-20 07:50:37 | INFO     | [SUCCESS] Day 25FEB
2026-01-20 07:50:37 | INFO     | [DAY_START] Processing 24FEB
2026-01-20 07:50:37 | INFO     | [lf.day.start] Processing JED-CAI for 24FEB
2026-01-20 07:50:38 | INFO     | [lf.day.flights_found] Found 7 flights on 24FEB
2026-01-20 07:50:40 | INFO     | [lf.flight.extracted] SM472 on 24FEB: BKG=163, LF=94.8%
2026-01-20 07:50:44 | INFO     | [lf.flight.extracted] SM2448 on 24FEB: BKG=0, LF=0.0%
2026-01-20 07:50:48 | INFO     | [lf.flight.extracted] SM976 on 24FEB: BKG=170, LF=101.8%
2026-01-20 07:50:51 | INFO     | [lf.flight.extracted] SM480 on 24FEB: BKG=165, LF=94.3%
2026-01-20 07:50:55 | INFO     | [lf.flight.extracted] SM460 on 24FEB: BKG=167, LF=100.0%
2026-01-20 07:50:58 | INFO     | [lf.flight.extracted] SM424 on 24FEB: BKG=165, LF=94.3%
2026-01-20 07:51:02 | INFO     | [lf.flight.extracted] SM476 on 24FEB: BKG=165, LF=94.3%
2026-01-20 07:51:19 | INFO     | [SUCCESS] Day 24FEB
2026-01-20 07:51:19 | INFO     | [DAY_START] Processing 23FEB
2026-01-20 07:51:19 | INFO     | [lf.day.start] Processing JED-CAI for 23FEB
2026-01-20 07:51:20 | INFO     | [lf.day.flights_found] Found 7 flights on 23FEB
2026-01-20 07:51:22 | INFO     | [lf.flight.extracted] SM480 on 23FEB: BKG=168, LF=97.7%
2026-01-20 07:51:26 | INFO     | [lf.flight.extracted] SM978 on 23FEB: BKG=175, LF=104.8%
2026-01-20 07:51:29 | INFO     | [lf.flight.extracted] SM2470 on 23FEB: BKG=180, LF=102.9%
2026-01-20 07:51:35 | INFO     | [lf.flight.extracted] SM476 on 23FEB: BKG=168, LF=96.0%
2026-01-20 07:51:40 | INFO     | [lf.flight.extracted] SM980 on 23FEB: BKG=180, LF=102.9%
2026-01-20 07:51:43 | INFO     | [lf.flight.extracted] SM2478 on 23FEB: BKG=175, LF=101.7%
2026-01-20 07:51:47 | INFO     | [lf.flight.extracted] SM460 on 23FEB: BKG=168, LF=96.0%
2026-01-20 07:52:06 | INFO     | [SUCCESS] Day 23FEB
2026-01-20 07:52:06 | INFO     | [DAY_START] Processing 22FEB
2026-01-20 07:52:06 | INFO     | [lf.day.start] Processing JED-CAI for 22FEB
2026-01-20 07:52:07 | INFO     | [lf.day.flights_found] Found 7 flights on 22FEB
2026-01-20 07:52:09 | INFO     | [lf.flight.extracted] SM424 on 22FEB: BKG=187, LF=106.9%
2026-01-20 07:52:14 | INFO     | [lf.flight.extracted] SM476 on 22FEB: BKG=180, LF=104.7%
2026-01-20 07:52:17 | INFO     | [lf.flight.extracted] SM460 on 22FEB: BKG=144, LF=82.3%
2026-01-20 07:52:20 | INFO     | [lf.flight.extracted] SM2442 on 22FEB: BKG=180, LF=102.9%
2026-01-20 07:52:24 | INFO     | [lf.flight.extracted] SM478 on 22FEB: BKG=163, LF=93.1%
2026-01-20 07:52:27 | INFO     | [lf.flight.extracted] SM976 on 22FEB: BKG=176, LF=100.6%
2026-01-20 07:52:30 | INFO     | [lf.flight.extracted] SM2444 on 22FEB: BKG=40, LF=22.9%
2026-01-20 07:52:42 | INFO     | [SUCCESS] Day 22FEB
2026-01-20 07:52:42 | INFO     | [SUCCESS] LF Search Complete
2026-01-20 07:52:44 | INFO     | [Worker_9223] Completed: JED-CAI - 8 results, 0 errors
2026-01-20 07:52:44 | INFO     | [Worker_9223] Processing: RUH-CAI
2026-01-20 07:52:44 | INFO     |   Tier 0: Range 1, Chunk 1/4 (9 days)
