2026-01-20 08:07:40 | INFO     | ======================================================================
2026-01-20 08:07:40 | INFO     | Load Factor Scraper Started - Route: JED-CAI
2026-01-20 08:07:40 | INFO     | Log file: D:\CODERED\LAB\Artifacts\outputs\run_generated_200126_at_06.58\logs\LF_JED-CAI_20260120_080740.log
2026-01-20 08:07:40 | INFO     | Enhanced logging: Capturing both logging.info() and print()
2026-01-20 08:07:40 | INFO     | ======================================================================
2026-01-20 08:07:40 | INFO     | Starting LF search for route: JED-CAI
2026-01-20 08:07:40 | INFO     | [START] LF Search
2026-01-20 08:07:41 | INFO     | [HEALTH CHECK] [OK] Chrome connection is healthy
2026-01-20 08:07:41 | INFO     | [DAY_START] Processing 27JAN
2026-01-20 08:07:41 | INFO     | [lf.day.start] Processing JED-CAI for 27JAN
2026-01-20 08:07:42 | INFO     | [lf.day.flights_found] Found 6 flights on 27JAN
2026-01-20 08:07:44 | INFO     | [lf.flight.extracted] SM472 on 27JAN: BKG=102, LF=59.3%
2026-01-20 08:07:48 | INFO     | [lf.flight.extracted] SM480 on 27JAN: BKG=110, LF=62.9%
2026-01-20 08:07:51 | INFO     | [lf.flight.extracted] SM478 on 27JAN: BKG=63, LF=37.5%
2026-01-20 08:07:55 | INFO     | [lf.flight.extracted] SM460 on 27JAN: BKG=164, LF=92.1%
2026-01-20 08:07:58 | INFO     | [lf.flight.extracted] SM424 on 27JAN: BKG=10, LF=5.7%
2026-01-20 08:08:02 | INFO     | [lf.flight.extracted] SM476 on 27JAN: BKG=100, LF=58.1%
2026-01-20 08:08:29 | INFO     | [SUCCESS] Day 27JAN
2026-01-20 08:08:29 | INFO     | [DAY_START] Processing 26JAN
2026-01-20 08:08:29 | INFO     | [lf.day.start] Processing JED-CAI for 26JAN
2026-01-20 08:08:30 | INFO     | [lf.day.flights_found] Found 4 flights on 26JAN
2026-01-20 08:08:32 | INFO     | [lf.flight.extracted] SM480 on 26JAN: BKG=38, LF=21.7%
2026-01-20 08:08:37 | INFO     | [lf.flight.extracted] SM476 on 26JAN: BKG=150, LF=85.7%
2026-01-20 08:08:41 | INFO     | [lf.flight.extracted] SM478 on 26JAN: BKG=135, LF=77.1%
2026-01-20 08:08:45 | INFO     | [lf.flight.extracted] SM460 on 26JAN: BKG=163, LF=93.1%
2026-01-20 08:09:10 | INFO     | [SUCCESS] Day 26JAN
2026-01-20 08:09:10 | INFO     | [DAY_START] Processing 25JAN
2026-01-20 08:09:10 | INFO     | [lf.day.start] Processing JED-CAI for 25JAN
2026-01-20 08:09:11 | INFO     | [lf.day.flights_found] Found 5 flights on 25JAN
2026-01-20 08:09:13 | INFO     | [lf.flight.extracted] SM424 on 25JAN: BKG=106, LF=60.6%
2026-01-20 08:09:16 | INFO     | [lf.flight.extracted] SM476 on 25JAN: BKG=0, LF=0.0%
2026-01-20 08:09:32 | INFO     | [lf.flight.extracted] SM432 on 25JAN: BKG=81, LF=46.3%
2026-01-20 08:09:36 | INFO     | [lf.flight.extracted] SM460 on 25JAN: BKG=137, LF=78.3%
2026-01-20 08:09:40 | INFO     | [lf.flight.extracted] SM478 on 25JAN: BKG=166, LF=94.9%
2026-01-20 08:10:02 | INFO     | [SUCCESS] Day 25JAN
2026-01-20 08:10:02 | INFO     | [DAY_START] Processing 24JAN
2026-01-20 08:10:02 | INFO     | [lf.day.start] Processing JED-CAI for 24JAN
2026-01-20 08:10:03 | INFO     | [lf.day.flights_found] Found 3 flights on 24JAN
2026-01-20 08:10:05 | INFO     | [lf.flight.extracted] SM450 on 24JAN: BKG=29, LF=16.6%
2026-01-20 08:10:10 | INFO     | [lf.flight.extracted] SM476 on 24JAN: BKG=157, LF=89.7%
2026-01-20 08:10:15 | INFO     | [lf.flight.extracted] SM478 on 24JAN: BKG=174, LF=99.4%
2026-01-20 08:10:33 | INFO     | [SUCCESS] Day 24JAN
2026-01-20 08:10:33 | INFO     | [DAY_START] Processing 23JAN
2026-01-20 08:10:33 | INFO     | [lf.day.start] Processing JED-CAI for 23JAN
2026-01-20 08:10:34 | INFO     | [lf.day.flights_found] Found 6 flights on 23JAN
2026-01-20 08:10:36 | INFO     | [lf.flight.extracted] SM424 on 23JAN: BKG=71, LF=40.6%
2026-01-20 08:10:39 | INFO     | [lf.flight.extracted] SM476 on 23JAN: BKG=0, LF=0.0%
2026-01-20 08:10:58 | INFO     | [lf.flight.extracted] SM478 on 23JAN: BKG=0, LF=0.0%
2026-01-20 08:11:13 | INFO     | [lf.flight.extracted] SM480 on 23JAN: BKG=94, LF=53.7%
2026-01-20 08:11:18 | INFO     | [lf.flight.extracted] SM472 on 23JAN: BKG=118, LF=67.4%
2026-01-20 08:11:23 | INFO     | [lf.flight.extracted] SM460 on 23JAN: BKG=133, LF=76.0%
2026-01-20 08:11:43 | INFO     | [SUCCESS] Day 23JAN
2026-01-20 08:11:43 | INFO     | [DAY_START] Processing 22JAN
2026-01-20 08:11:43 | INFO     | [lf.day.start] Processing JED-CAI for 22JAN
2026-01-20 08:11:44 | INFO     | [lf.day.flights_found] Found 6 flights on 22JAN
2026-01-20 08:11:46 | INFO     | [lf.flight.extracted] SM472 on 22JAN: BKG=0, LF=0.0%
2026-01-20 08:12:02 | INFO     | [lf.flight.extracted] SM450 on 22JAN: BKG=0, LF=0.0%
2026-01-20 08:12:17 | INFO     | [lf.flight.extracted] SM476 on 22JAN: BKG=0, LF=0.0%
2026-01-20 08:12:33 | INFO     | [lf.flight.extracted] SM432 on 22JAN: BKG=105, LF=60.0%
2026-01-20 08:12:36 | INFO     | [lf.flight.extracted] SM962 on 22JAN: BKG=69, LF=42.1%
2026-01-20 08:12:40 | INFO     | [lf.flight.extracted] SM480 on 22JAN: BKG=173, LF=97.2%
2026-01-20 08:12:55 | INFO     | [SUCCESS] Day 22JAN
2026-01-20 08:12:55 | INFO     | [DAY_START] Processing 21JAN
2026-01-20 08:12:55 | INFO     | [lf.day.start] Processing JED-CAI for 21JAN
2026-01-20 08:12:56 | INFO     | [lf.day.flights_found] Found 4 flights on 21JAN
2026-01-20 08:12:58 | INFO     | [lf.flight.extracted] SM476 on 21JAN: BKG=0, LF=0.0%
2026-01-20 08:13:13 | INFO     | [lf.flight.extracted] SM478 on 21JAN: BKG=172, LF=98.3%
2026-01-20 08:13:16 | INFO     | [lf.flight.extracted] SM460 on 21JAN: BKG=172, LF=98.3%
2026-01-20 08:13:20 | INFO     | [lf.flight.extracted] SM424 on 21JAN: BKG=51, LF=29.1%
2026-01-20 08:13:34 | INFO     | [SUCCESS] Day 21JAN
2026-01-20 08:13:34 | INFO     | [SUCCESS] LF Search Complete
2026-01-20 08:13:36 | INFO     | [Worker_9225] Completed: JED-CAI - 7 results, 0 errors
2026-01-20 08:45:14 | INFO     | [Worker_9225] Shutdown signal received, exiting...
2026-01-20 08:45:14 | INFO     | [Worker_9225] Finished. Processed 74 groups.
