2026-01-20 07:18:23 | INFO     | ======================================================================
2026-01-20 07:18:23 | INFO     | Load Factor Scraper Started - Route: LXR-JED
2026-01-20 07:18:23 | INFO     | Log file: D:\CODERED\LAB\Artifacts\outputs\run_generated_200126_at_06.58\logs\LF_LXR-JED_20260120_071823.log
2026-01-20 07:18:23 | INFO     | Enhanced logging: Capturing both logging.info() and print()
2026-01-20 07:18:23 | INFO     | ======================================================================
2026-01-20 07:18:23 | INFO     | Starting LF search for route: LXR-JED
2026-01-20 07:18:23 | INFO     | [START] LF Search
2026-01-20 07:18:27 | INFO     | [HEALTH CHECK] [OK] Chrome connection is healthy
2026-01-20 07:18:27 | INFO     | [DAY_START] Processing 19APR
2026-01-20 07:18:27 | INFO     | [lf.day.start] Processing LXR-JED for 19APR
2026-01-20 07:18:48 | WARNING  | [lf.day.no_flights] No direct flights on 19APR
2026-01-20 07:18:48 | INFO     | [SUCCESS] Day 19APR
2026-01-20 07:18:48 | INFO     | [DAY_START] Processing 18APR
2026-01-20 07:18:48 | INFO     | [lf.day.start] Processing LXR-JED for 18APR
2026-01-20 07:18:49 | WARNING  | [lf.day.no_flights] No direct flights on 18APR
2026-01-20 07:18:50 | INFO     | [SUCCESS] Day 18APR
2026-01-20 07:18:50 | INFO     | [DAY_START] Processing 17APR
2026-01-20 07:18:50 | INFO     | [lf.day.start] Processing LXR-JED for 17APR
2026-01-20 07:18:51 | WARNING  | [lf.day.no_flights] No direct flights on 17APR
2026-01-20 07:18:51 | INFO     | [SUCCESS] Day 17APR
2026-01-20 07:18:51 | INFO     | [DAY_START] Processing 16APR
2026-01-20 07:18:51 | INFO     | [lf.day.start] Processing LXR-JED for 16APR
2026-01-20 07:18:53 | WARNING  | [lf.day.no_flights] No direct flights on 16APR
2026-01-20 07:18:53 | INFO     | [SUCCESS] Day 16APR
2026-01-20 07:18:53 | INFO     | [DAY_START] Processing 15APR
2026-01-20 07:18:53 | INFO     | [lf.day.start] Processing LXR-JED for 15APR
2026-01-20 07:18:56 | WARNING  | [lf.day.no_flights] No direct flights on 15APR
2026-01-20 07:18:56 | INFO     | [SUCCESS] Day 15APR
2026-01-20 07:18:56 | INFO     | [DAY_START] Processing 14APR
2026-01-20 07:18:56 | INFO     | [lf.day.start] Processing LXR-JED for 14APR
2026-01-20 07:18:57 | WARNING  | [lf.day.no_flights] No direct flights on 14APR
2026-01-20 07:18:57 | INFO     | [SUCCESS] Day 14APR
2026-01-20 07:18:57 | INFO     | [DAY_START] Processing 13APR
2026-01-20 07:18:57 | INFO     | [lf.day.start] Processing LXR-JED for 13APR
2026-01-20 07:18:59 | WARNING  | [lf.day.no_flights] No direct flights on 13APR
2026-01-20 07:18:59 | INFO     | [SUCCESS] Day 13APR
2026-01-20 07:18:59 | INFO     | [DAY_START] Processing 12APR
2026-01-20 07:18:59 | INFO     | [lf.day.start] Processing LXR-JED for 12APR
2026-01-20 07:19:01 | WARNING  | [lf.day.no_flights] No direct flights on 12APR
2026-01-20 07:19:01 | INFO     | [SUCCESS] Day 12APR
2026-01-20 07:19:01 | INFO     | [SUCCESS] LF Search Complete
2026-01-20 07:19:03 | INFO     | [Worker_9232] Completed: LXR-JED - 8 results, 0 errors
2026-01-20 07:19:03 | INFO     | [Worker_9232] Processing: ATZ-AJF
2026-01-20 07:19:03 | INFO     |   Tier 0: Range 3, Chunk 2/4 (8 days)
