2026-01-20 07:55:01 | INFO     | ======================================================================
2026-01-20 07:55:01 | INFO     | Load Factor Scraper Started - Route: LXR-JED
2026-01-20 07:55:01 | INFO     | Log file: D:\CODERED\LAB\Artifacts\outputs\run_generated_200126_at_06.58\logs\LF_LXR-JED_20260120_075501.log
2026-01-20 07:55:01 | INFO     | Enhanced logging: Capturing both logging.info() and print()
2026-01-20 07:55:01 | INFO     | ======================================================================
2026-01-20 07:55:01 | INFO     | Starting LF search for route: LXR-JED
2026-01-20 07:55:01 | INFO     | [START] LF Search
2026-01-20 07:55:02 | INFO     | [HEALTH CHECK] [OK] Chrome connection is healthy
2026-01-20 07:55:02 | INFO     | [DAY_START] Processing 21FEB
2026-01-20 07:55:02 | INFO     | [lf.day.start] Processing LXR-JED for 21FEB
2026-01-20 07:55:03 | WARNING  | [lf.day.no_flights] No direct flights on 21FEB
2026-01-20 07:55:03 | INFO     | [SUCCESS] Day 21FEB
2026-01-20 07:55:03 | INFO     | [DAY_START] Processing 20FEB
2026-01-20 07:55:03 | INFO     | [lf.day.start] Processing LXR-JED for 20FEB
2026-01-20 07:55:05 | WARNING  | [lf.day.no_flights] No direct flights on 20FEB
2026-01-20 07:55:05 | INFO     | [SUCCESS] Day 20FEB
2026-01-20 07:55:05 | INFO     | [DAY_START] Processing 19FEB
2026-01-20 07:55:05 | INFO     | [lf.day.start] Processing LXR-JED for 19FEB
2026-01-20 07:55:06 | WARNING  | [lf.day.no_flights] No direct flights on 19FEB
2026-01-20 07:55:06 | INFO     | [SUCCESS] Day 19FEB
2026-01-20 07:55:06 | INFO     | [DAY_START] Processing 18FEB
2026-01-20 07:55:06 | INFO     | [lf.day.start] Processing LXR-JED for 18FEB
2026-01-20 07:55:07 | WARNING  | [lf.day.no_flights] No direct flights on 18FEB
2026-01-20 07:55:07 | INFO     | [SUCCESS] Day 18FEB
2026-01-20 07:55:07 | INFO     | [DAY_START] Processing 17FEB
2026-01-20 07:55:07 | INFO     | [lf.day.start] Processing LXR-JED for 17FEB
2026-01-20 07:55:08 | INFO     | [lf.day.flights_found] Found 4 flights on 17FEB
2026-01-20 07:55:10 | INFO     | [lf.flight.extracted] SM429 on 17FEB: BKG=0, LF=0.0%
2026-01-20 07:55:14 | INFO     | [lf.flight.extracted] SM483 on 17FEB: BKG=0, LF=0.0%
2026-01-20 07:55:17 | INFO     | [lf.flight.extracted] SM981 on 17FEB: BKG=0, LF=0.0%
2026-01-20 07:55:20 | INFO     | [lf.flight.extracted] SM983 on 17FEB: BKG=0, LF=0.0%
2026-01-20 07:55:21 | INFO     | [SUCCESS] Day 17FEB
2026-01-20 07:55:21 | INFO     | [DAY_START] Processing 16FEB
2026-01-20 07:55:21 | INFO     | [lf.day.start] Processing LXR-JED for 16FEB
2026-01-20 07:55:23 | INFO     | [lf.day.flights_found] Found 1 flights on 16FEB
2026-01-20 07:55:26 | INFO     | [lf.flight.extracted] SM481 on 16FEB: BKG=0, LF=0.0%
2026-01-20 07:55:27 | INFO     | [SUCCESS] Day 16FEB
2026-01-20 07:55:27 | INFO     | [DAY_START] Processing 15FEB
2026-01-20 07:55:27 | INFO     | [lf.day.start] Processing LXR-JED for 15FEB
2026-01-20 07:55:29 | WARNING  | [lf.day.no_flights] No direct flights on 15FEB
2026-01-20 07:55:29 | INFO     | [SUCCESS] Day 15FEB
2026-01-20 07:55:29 | INFO     | [DAY_START] Processing 14FEB
2026-01-20 07:55:29 | INFO     | [lf.day.start] Processing LXR-JED for 14FEB
2026-01-20 07:55:30 | WARNING  | [lf.day.no_flights] No direct flights on 14FEB
2026-01-20 07:55:30 | INFO     | [SUCCESS] Day 14FEB
2026-01-20 07:55:30 | INFO     | [DAY_START] Processing 13FEB
2026-01-20 07:55:30 | INFO     | [lf.day.start] Processing LXR-JED for 13FEB
2026-01-20 07:55:31 | WARNING  | [lf.day.no_flights] No direct flights on 13FEB
2026-01-20 07:55:31 | INFO     | [SUCCESS] Day 13FEB
2026-01-20 07:55:31 | INFO     | [SUCCESS] LF Search Complete
2026-01-20 07:55:33 | INFO     | [Worker_9225] Completed: LXR-JED - 9 results, 0 errors
2026-01-20 07:55:33 | INFO     | [Worker_9225] Processing: CAI-DMM
2026-01-20 07:55:33 | INFO     |   Tier 0: Range 1, Chunk 1/4 (9 days)
