2026-01-20 07:01:24 | INFO     | ======================================================================
2026-01-20 07:01:24 | INFO     | Load Factor Scraper Started - Route: LXR-JED
2026-01-20 07:01:24 | INFO     | Log file: D:\CODERED\LAB\Artifacts\outputs\run_generated_200126_at_06.58\logs\LF_LXR-JED_20260120_070124.log
2026-01-20 07:01:24 | INFO     | Enhanced logging: Capturing both logging.info() and print()
2026-01-20 07:01:24 | INFO     | ======================================================================
2026-01-20 07:01:24 | INFO     | Starting LF search for route: LXR-JED
2026-01-20 07:01:24 | INFO     | [START] LF Search
2026-01-20 07:01:26 | INFO     | [HEALTH CHECK] [OK] Chrome connection is healthy
2026-01-20 07:01:26 | INFO     | [DAY_START] Processing 31MAY
2026-01-20 07:01:26 | INFO     | [lf.day.start] Processing LXR-JED for 31MAY
2026-01-20 07:01:27 | WARNING  | [lf.day.no_flights] No direct flights on 31MAY
2026-01-20 07:01:27 | INFO     | [SUCCESS] Day 31MAY
2026-01-20 07:01:27 | INFO     | [DAY_START] Processing 30MAY
2026-01-20 07:01:27 | INFO     | [lf.day.start] Processing LXR-JED for 30MAY
2026-01-20 07:01:28 | WARNING  | [lf.day.no_flights] No direct flights on 30MAY
2026-01-20 07:01:28 | INFO     | [SUCCESS] Day 30MAY
2026-01-20 07:01:28 | INFO     | [DAY_START] Processing 29MAY
2026-01-20 07:01:28 | INFO     | [lf.day.start] Processing LXR-JED for 29MAY
2026-01-20 07:01:29 | WARNING  | [lf.day.no_flights] No direct flights on 29MAY
2026-01-20 07:01:30 | INFO     | [SUCCESS] Day 29MAY
2026-01-20 07:01:30 | INFO     | [DAY_START] Processing 28MAY
2026-01-20 07:01:30 | INFO     | [lf.day.start] Processing LXR-JED for 28MAY
2026-01-20 07:01:31 | WARNING  | [lf.day.no_flights] No direct flights on 28MAY
2026-01-20 07:01:31 | INFO     | [SUCCESS] Day 28MAY
2026-01-20 07:01:31 | INFO     | [DAY_START] Processing 27MAY
2026-01-20 07:01:31 | INFO     | [lf.day.start] Processing LXR-JED for 27MAY
2026-01-20 07:01:32 | WARNING  | [lf.day.no_flights] No direct flights on 27MAY
2026-01-20 07:01:32 | INFO     | [SUCCESS] Day 27MAY
2026-01-20 07:01:32 | INFO     | [DAY_START] Processing 26MAY
2026-01-20 07:01:32 | INFO     | [lf.day.start] Processing LXR-JED for 26MAY
2026-01-20 07:01:36 | WARNING  | [lf.day.no_flights] No direct flights on 26MAY
2026-01-20 07:01:36 | INFO     | [SUCCESS] Day 26MAY
2026-01-20 07:01:36 | INFO     | [DAY_START] Processing 25MAY
2026-01-20 07:01:36 | INFO     | [lf.day.start] Processing LXR-JED for 25MAY
2026-01-20 07:01:39 | WARNING  | [lf.day.no_flights] No direct flights on 25MAY
2026-01-20 07:01:39 | INFO     | [SUCCESS] Day 25MAY
2026-01-20 07:01:39 | INFO     | [DAY_START] Processing 24MAY
2026-01-20 07:01:39 | INFO     | [lf.day.start] Processing LXR-JED for 24MAY
2026-01-20 07:01:40 | WARNING  | [lf.day.no_flights] No direct flights on 24MAY
2026-01-20 07:01:40 | INFO     | [SUCCESS] Day 24MAY
2026-01-20 07:01:40 | INFO     | [DAY_START] Processing 23MAY
2026-01-20 07:01:40 | INFO     | [lf.day.start] Processing LXR-JED for 23MAY
2026-01-20 07:01:42 | WARNING  | [lf.day.no_flights] No direct flights on 23MAY
2026-01-20 07:01:42 | INFO     | [SUCCESS] Day 23MAY
2026-01-20 07:01:42 | INFO     | [SUCCESS] LF Search Complete
2026-01-20 07:01:44 | INFO     | [Worker_9223] Completed: LXR-JED - 9 results, 0 errors
2026-01-20 07:01:44 | INFO     | [Worker_9223] Processing: CAI-TUU
2026-01-20 07:01:44 | INFO     |   Tier 0: Range 4, Chunk 1/4 (9 days)
