2026-01-20 08:05:39 | INFO     | ======================================================================
2026-01-20 08:05:39 | INFO     | Load Factor Scraper Started - Route: LXR-JED
2026-01-20 08:05:39 | INFO     | Log file: D:\CODERED\LAB\Artifacts\outputs\run_generated_200126_at_06.58\logs\LF_LXR-JED_20260120_080539.log
2026-01-20 08:05:39 | INFO     | Enhanced logging: Capturing both logging.info() and print()
2026-01-20 08:05:39 | INFO     | ======================================================================
2026-01-20 08:05:39 | INFO     | Starting LF search for route: LXR-JED
2026-01-20 08:05:39 | INFO     | [START] LF Search
2026-01-20 08:05:40 | INFO     | [HEALTH CHECK] [OK] Chrome connection is healthy
2026-01-20 08:05:40 | INFO     | [DAY_START] Processing 04FEB
2026-01-20 08:05:40 | INFO     | [lf.day.start] Processing LXR-JED for 04FEB
2026-01-20 08:05:41 | INFO     | [lf.day.flights_found] Found 1 flights on 04FEB
2026-01-20 08:05:43 | INFO     | [lf.flight.extracted] SM983 on 04FEB: BKG=41, LF=22.9%
2026-01-20 08:05:47 | INFO     | [SUCCESS] Day 04FEB
2026-01-20 08:05:47 | INFO     | [DAY_START] Processing 03FEB
2026-01-20 08:05:47 | INFO     | [lf.day.start] Processing LXR-JED for 03FEB
2026-01-20 08:05:48 | INFO     | [lf.day.flights_found] Found 3 flights on 03FEB
2026-01-20 08:05:50 | INFO     | [lf.flight.extracted] SM429 on 03FEB: BKG=0, LF=0.0%
2026-01-20 08:05:53 | INFO     | [lf.flight.extracted] SM483 on 03FEB: BKG=0, LF=0.0%
2026-01-20 08:05:56 | INFO     | [lf.flight.extracted] SM981 on 03FEB: BKG=0, LF=0.0%
2026-01-20 08:05:57 | INFO     | [SUCCESS] Day 03FEB
2026-01-20 08:05:57 | INFO     | [DAY_START] Processing 02FEB
2026-01-20 08:05:57 | INFO     | [lf.day.start] Processing LXR-JED for 02FEB
2026-01-20 08:05:58 | INFO     | [lf.day.flights_found] Found 1 flights on 02FEB
2026-01-20 08:06:01 | INFO     | [lf.flight.extracted] SM481 on 02FEB: BKG=128, LF=71.5%
2026-01-20 08:06:04 | INFO     | [SUCCESS] Day 02FEB
2026-01-20 08:06:04 | INFO     | [DAY_START] Processing 01FEB
2026-01-20 08:06:04 | INFO     | [lf.day.start] Processing LXR-JED for 01FEB
2026-01-20 08:06:05 | WARNING  | [lf.day.no_flights] No direct flights on 01FEB
2026-01-20 08:06:05 | INFO     | [SUCCESS] Day 01FEB
2026-01-20 08:06:05 | INFO     | [DAY_START] Processing 31JAN
2026-01-20 08:06:05 | INFO     | [lf.day.start] Processing LXR-JED for 31JAN
2026-01-20 08:06:06 | WARNING  | [lf.day.no_flights] No direct flights on 31JAN
2026-01-20 08:06:06 | INFO     | [SUCCESS] Day 31JAN
2026-01-20 08:06:06 | INFO     | [DAY_START] Processing 30JAN
2026-01-20 08:06:06 | INFO     | [lf.day.start] Processing LXR-JED for 30JAN
2026-01-20 08:06:08 | WARNING  | [lf.day.no_flights] No direct flights on 30JAN
2026-01-20 08:06:08 | INFO     | [SUCCESS] Day 30JAN
2026-01-20 08:06:08 | INFO     | [DAY_START] Processing 29JAN
2026-01-20 08:06:08 | INFO     | [lf.day.start] Processing LXR-JED for 29JAN
2026-01-20 08:06:09 | WARNING  | [lf.day.no_flights] No direct flights on 29JAN
2026-01-20 08:06:09 | INFO     | [SUCCESS] Day 29JAN
2026-01-20 08:06:09 | INFO     | [DAY_START] Processing 28JAN
2026-01-20 08:06:09 | INFO     | [lf.day.start] Processing LXR-JED for 28JAN
2026-01-20 08:06:10 | WARNING  | [lf.day.no_flights] No direct flights on 28JAN
2026-01-20 08:06:10 | INFO     | [SUCCESS] Day 28JAN
2026-01-20 08:06:10 | INFO     | [SUCCESS] LF Search Complete
2026-01-20 08:06:12 | INFO     | [Worker_9225] Completed: LXR-JED - 8 results, 0 errors
2026-01-20 08:06:12 | INFO     | [Worker_9225] Processing: CAI-TUU
2026-01-20 08:06:12 | INFO     |   Tier 0: Range 1, Chunk 3/4 (8 days)
