2026-01-20 07:04:16 | INFO     | ======================================================================
2026-01-20 07:04:16 | INFO     | Load Factor Scraper Started - Route: LXR-JED
2026-01-20 07:04:16 | INFO     | Log file: D:\CODERED\LAB\Artifacts\outputs\run_generated_200126_at_06.58\logs\LF_LXR-JED_20260120_070416.log
2026-01-20 07:04:16 | INFO     | Enhanced logging: Capturing both logging.info() and print()
2026-01-20 07:04:16 | INFO     | ======================================================================
2026-01-20 07:04:16 | INFO     | Starting LF search for route: LXR-JED
2026-01-20 07:04:16 | INFO     | [START] LF Search
2026-01-20 07:04:18 | INFO     | [HEALTH CHECK] [OK] Chrome connection is healthy
2026-01-20 07:04:18 | INFO     | [DAY_START] Processing 22MAY
2026-01-20 07:04:18 | INFO     | [lf.day.start] Processing LXR-JED for 22MAY
2026-01-20 07:04:20 | WARNING  | [lf.day.no_flights] No direct flights on 22MAY
2026-01-20 07:04:20 | INFO     | [SUCCESS] Day 22MAY
2026-01-20 07:04:20 | INFO     | [DAY_START] Processing 21MAY
2026-01-20 07:04:20 | INFO     | [lf.day.start] Processing LXR-JED for 21MAY
2026-01-20 07:04:21 | WARNING  | [lf.day.no_flights] No direct flights on 21MAY
2026-01-20 07:04:21 | INFO     | [SUCCESS] Day 21MAY
2026-01-20 07:04:21 | INFO     | [DAY_START] Processing 20MAY
2026-01-20 07:04:21 | INFO     | [lf.day.start] Processing LXR-JED for 20MAY
2026-01-20 07:04:23 | WARNING  | [lf.day.no_flights] No direct flights on 20MAY
2026-01-20 07:04:23 | INFO     | [SUCCESS] Day 20MAY
2026-01-20 07:04:23 | INFO     | [DAY_START] Processing 19MAY
2026-01-20 07:04:23 | INFO     | [lf.day.start] Processing LXR-JED for 19MAY
2026-01-20 07:04:24 | WARNING  | [lf.day.no_flights] No direct flights on 19MAY
2026-01-20 07:04:24 | INFO     | [SUCCESS] Day 19MAY
2026-01-20 07:04:24 | INFO     | [DAY_START] Processing 18MAY
2026-01-20 07:04:24 | INFO     | [lf.day.start] Processing LXR-JED for 18MAY
2026-01-20 07:04:26 | WARNING  | [lf.day.no_flights] No direct flights on 18MAY
2026-01-20 07:04:26 | INFO     | [SUCCESS] Day 18MAY
2026-01-20 07:04:26 | INFO     | [DAY_START] Processing 17MAY
2026-01-20 07:04:26 | INFO     | [lf.day.start] Processing LXR-JED for 17MAY
2026-01-20 07:04:28 | WARNING  | [lf.day.no_flights] No direct flights on 17MAY
2026-01-20 07:04:28 | INFO     | [SUCCESS] Day 17MAY
2026-01-20 07:04:28 | INFO     | [DAY_START] Processing 16MAY
2026-01-20 07:04:28 | INFO     | [lf.day.start] Processing LXR-JED for 16MAY
2026-01-20 07:04:30 | WARNING  | [lf.day.no_flights] No direct flights on 16MAY
2026-01-20 07:04:31 | INFO     | [SUCCESS] Day 16MAY
2026-01-20 07:04:31 | INFO     | [DAY_START] Processing 15MAY
2026-01-20 07:04:31 | INFO     | [lf.day.start] Processing LXR-JED for 15MAY
2026-01-20 07:04:32 | WARNING  | [lf.day.no_flights] No direct flights on 15MAY
2026-01-20 07:04:32 | INFO     | [SUCCESS] Day 15MAY
2026-01-20 07:04:32 | INFO     | [SUCCESS] LF Search Complete
2026-01-20 07:04:34 | INFO     | [Worker_9233] Completed: LXR-JED - 8 results, 0 errors
2026-01-20 07:04:34 | INFO     | [Worker_9233] Processing: ATZ-DMM
2026-01-20 07:04:34 | INFO     |   Tier 0: Range 4, Chunk 2/4 (8 days)
