2026-01-20 07:50:20 | INFO     | ======================================================================
2026-01-20 07:50:20 | INFO     | Load Factor Scraper Started - Route: LXR-JED
2026-01-20 07:50:20 | INFO     | Log file: D:\CODERED\LAB\Artifacts\outputs\run_generated_200126_at_06.58\logs\LF_LXR-JED_20260120_075020.log
2026-01-20 07:50:20 | INFO     | Enhanced logging: Capturing both logging.info() and print()
2026-01-20 07:50:20 | INFO     | ======================================================================
2026-01-20 07:50:20 | INFO     | Starting LF search for route: LXR-JED
2026-01-20 07:50:20 | INFO     | [START] LF Search
2026-01-20 07:50:22 | INFO     | [HEALTH CHECK] [OK] Chrome connection is healthy
2026-01-20 07:50:22 | INFO     | [DAY_START] Processing 01MAR
2026-01-20 07:50:22 | INFO     | [lf.day.start] Processing LXR-JED for 01MAR
2026-01-20 07:50:23 | WARNING  | [lf.day.no_flights] No direct flights on 01MAR
2026-01-20 07:50:23 | INFO     | [SUCCESS] Day 01MAR
2026-01-20 07:50:23 | INFO     | [DAY_START] Processing 28FEB
2026-01-20 07:50:23 | INFO     | [lf.day.start] Processing LXR-JED for 28FEB
2026-01-20 07:50:24 | WARNING  | [lf.day.no_flights] No direct flights on 28FEB
2026-01-20 07:50:24 | INFO     | [SUCCESS] Day 28FEB
2026-01-20 07:50:24 | INFO     | [DAY_START] Processing 27FEB
2026-01-20 07:50:24 | INFO     | [lf.day.start] Processing LXR-JED for 27FEB
2026-01-20 07:50:25 | WARNING  | [lf.day.no_flights] No direct flights on 27FEB
2026-01-20 07:50:26 | INFO     | [SUCCESS] Day 27FEB
2026-01-20 07:50:26 | INFO     | [DAY_START] Processing 26FEB
2026-01-20 07:50:26 | INFO     | [lf.day.start] Processing LXR-JED for 26FEB
2026-01-20 07:50:27 | WARNING  | [lf.day.no_flights] No direct flights on 26FEB
2026-01-20 07:50:27 | INFO     | [SUCCESS] Day 26FEB
2026-01-20 07:50:27 | INFO     | [DAY_START] Processing 25FEB
2026-01-20 07:50:27 | INFO     | [lf.day.start] Processing LXR-JED for 25FEB
2026-01-20 07:50:28 | WARNING  | [lf.day.no_flights] No direct flights on 25FEB
2026-01-20 07:50:28 | INFO     | [SUCCESS] Day 25FEB
2026-01-20 07:50:28 | INFO     | [DAY_START] Processing 24FEB
2026-01-20 07:50:28 | INFO     | [lf.day.start] Processing LXR-JED for 24FEB
2026-01-20 07:50:29 | INFO     | [lf.day.flights_found] Found 4 flights on 24FEB
2026-01-20 07:50:31 | INFO     | [lf.flight.extracted] SM429 on 24FEB: BKG=0, LF=0.0%
2026-01-20 07:50:34 | INFO     | [lf.flight.extracted] SM483 on 24FEB: BKG=0, LF=0.0%
2026-01-20 07:50:38 | INFO     | [lf.flight.extracted] SM981 on 24FEB: BKG=0, LF=0.0%
2026-01-20 07:50:41 | INFO     | [lf.flight.extracted] SM959 on 24FEB: BKG=0, LF=0.0%
2026-01-20 07:50:42 | INFO     | [SUCCESS] Day 24FEB
2026-01-20 07:50:42 | INFO     | [DAY_START] Processing 23FEB
2026-01-20 07:50:42 | INFO     | [lf.day.start] Processing LXR-JED for 23FEB
2026-01-20 07:50:43 | INFO     | [lf.day.flights_found] Found 1 flights on 23FEB
2026-01-20 07:50:45 | INFO     | [lf.flight.extracted] SM481 on 23FEB: BKG=0, LF=0.0%
2026-01-20 07:50:47 | INFO     | [SUCCESS] Day 23FEB
2026-01-20 07:50:47 | INFO     | [DAY_START] Processing 22FEB
2026-01-20 07:50:47 | INFO     | [lf.day.start] Processing LXR-JED for 22FEB
2026-01-20 07:50:48 | WARNING  | [lf.day.no_flights] No direct flights on 22FEB
2026-01-20 07:50:48 | INFO     | [SUCCESS] Day 22FEB
2026-01-20 07:50:48 | INFO     | [SUCCESS] LF Search Complete
2026-01-20 07:50:50 | INFO     | [Worker_9226] Completed: LXR-JED - 8 results, 0 errors
2026-01-20 07:50:50 | INFO     | [Worker_9226] Processing: CAI-TUU
2026-01-20 07:50:50 | INFO     |   Tier 0: Range 2, Chunk 4/4 (8 days)
