2026-01-20 08:00:29 | INFO     | ======================================================================
2026-01-20 08:00:29 | INFO     | Load Factor Scraper Started - Route: LXR-JED
2026-01-20 08:00:29 | INFO     | Log file: D:\CODERED\LAB\Artifacts\outputs\run_generated_200126_at_06.58\logs\LF_LXR-JED_20260120_080029.log
2026-01-20 08:00:29 | INFO     | Enhanced logging: Capturing both logging.info() and print()
2026-01-20 08:00:29 | INFO     | ======================================================================
2026-01-20 08:00:29 | INFO     | Starting LF search for route: LXR-JED
2026-01-20 08:00:29 | INFO     | [START] LF Search
2026-01-20 08:00:31 | INFO     | [HEALTH CHECK] [OK] Chrome connection is healthy
2026-01-20 08:00:31 | INFO     | [DAY_START] Processing 12FEB
2026-01-20 08:00:31 | INFO     | [lf.day.start] Processing LXR-JED for 12FEB
2026-01-20 08:00:32 | WARNING  | [lf.day.no_flights] No direct flights on 12FEB
2026-01-20 08:00:32 | INFO     | [SUCCESS] Day 12FEB
2026-01-20 08:00:32 | INFO     | [DAY_START] Processing 11FEB
2026-01-20 08:00:32 | INFO     | [lf.day.start] Processing LXR-JED for 11FEB
2026-01-20 08:00:33 | INFO     | [lf.day.flights_found] Found 1 flights on 11FEB
2026-01-20 08:00:35 | INFO     | [lf.flight.extracted] SM961 on 11FEB: BKG=0, LF=0.0%
2026-01-20 08:00:37 | INFO     | [SUCCESS] Day 11FEB
2026-01-20 08:00:37 | INFO     | [DAY_START] Processing 10FEB
2026-01-20 08:00:37 | INFO     | [lf.day.start] Processing LXR-JED for 10FEB
2026-01-20 08:00:38 | INFO     | [lf.day.flights_found] Found 4 flights on 10FEB
2026-01-20 08:00:40 | INFO     | [lf.flight.extracted] SM429 on 10FEB: BKG=0, LF=0.0%
2026-01-20 08:00:44 | INFO     | [lf.flight.extracted] SM483 on 10FEB: BKG=0, LF=0.0%
2026-01-20 08:00:47 | INFO     | [lf.flight.extracted] SM981 on 10FEB: BKG=0, LF=0.0%
2026-01-20 08:00:50 | INFO     | [lf.flight.extracted] SM959 on 10FEB: BKG=0, LF=0.0%
2026-01-20 08:00:51 | INFO     | [SUCCESS] Day 10FEB
2026-01-20 08:00:51 | INFO     | [DAY_START] Processing 09FEB
2026-01-20 08:00:51 | INFO     | [lf.day.start] Processing LXR-JED for 09FEB
2026-01-20 08:00:53 | INFO     | [lf.day.flights_found] Found 1 flights on 09FEB
2026-01-20 08:00:55 | INFO     | [lf.flight.extracted] SM481 on 09FEB: BKG=0, LF=0.0%
2026-01-20 08:00:56 | INFO     | [SUCCESS] Day 09FEB
2026-01-20 08:00:56 | INFO     | [DAY_START] Processing 08FEB
2026-01-20 08:00:56 | INFO     | [lf.day.start] Processing LXR-JED for 08FEB
2026-01-20 08:00:57 | WARNING  | [lf.day.no_flights] No direct flights on 08FEB
2026-01-20 08:00:57 | INFO     | [SUCCESS] Day 08FEB
2026-01-20 08:00:57 | INFO     | [DAY_START] Processing 07FEB
2026-01-20 08:00:57 | INFO     | [lf.day.start] Processing LXR-JED for 07FEB
2026-01-20 08:00:58 | WARNING  | [lf.day.no_flights] No direct flights on 07FEB
2026-01-20 08:00:58 | INFO     | [SUCCESS] Day 07FEB
2026-01-20 08:00:58 | INFO     | [DAY_START] Processing 06FEB
2026-01-20 08:00:58 | INFO     | [lf.day.start] Processing LXR-JED for 06FEB
2026-01-20 08:01:00 | WARNING  | [lf.day.no_flights] No direct flights on 06FEB
2026-01-20 08:01:00 | INFO     | [SUCCESS] Day 06FEB
2026-01-20 08:01:00 | INFO     | [DAY_START] Processing 05FEB
2026-01-20 08:01:00 | INFO     | [lf.day.start] Processing LXR-JED for 05FEB
2026-01-20 08:01:01 | WARNING  | [lf.day.no_flights] No direct flights on 05FEB
2026-01-20 08:01:01 | INFO     | [SUCCESS] Day 05FEB
2026-01-20 08:01:01 | INFO     | [SUCCESS] LF Search Complete
2026-01-20 08:01:03 | INFO     | [Worker_9233] Completed: LXR-JED - 8 results, 0 errors
2026-01-20 08:01:03 | INFO     | [Worker_9233] Processing: CAI-DMM
2026-01-20 08:01:03 | INFO     |   Tier 0: Range 1, Chunk 2/4 (8 days)
