2026-01-20 08:02:34 | INFO     | ======================================================================
2026-01-20 08:02:34 | INFO     | Load Factor Scraper Started - Route: MED-ATZ
2026-01-20 08:02:34 | INFO     | Log file: D:\CODERED\LAB\Artifacts\outputs\run_generated_200126_at_06.58\logs\LF_MED-ATZ_20260120_080234.log
2026-01-20 08:02:34 | INFO     | Enhanced logging: Capturing both logging.info() and print()
2026-01-20 08:02:34 | INFO     | ======================================================================
2026-01-20 08:02:34 | INFO     | Starting LF search for route: MED-ATZ
2026-01-20 08:02:34 | INFO     | [START] LF Search
2026-01-20 08:02:36 | INFO     | [HEALTH CHECK] [OK] Chrome connection is healthy
2026-01-20 08:02:36 | INFO     | [DAY_START] Processing 04FEB
2026-01-20 08:02:36 | INFO     | [lf.day.start] Processing MED-ATZ for 04FEB
2026-01-20 08:02:37 | INFO     | [lf.day.flights_found] Found 1 flights on 04FEB
2026-01-20 08:02:40 | INFO     | [lf.flight.extracted] SM490 on 04FEB: BKG=168, LF=96.0%
2026-01-20 08:02:46 | INFO     | [SUCCESS] Day 04FEB
2026-01-20 08:02:46 | INFO     | [DAY_START] Processing 03FEB
2026-01-20 08:02:46 | INFO     | [lf.day.start] Processing MED-ATZ for 03FEB
2026-01-20 08:02:47 | INFO     | [lf.day.flights_found] Found 1 flights on 03FEB
2026-01-20 08:02:49 | INFO     | [lf.flight.extracted] SM488 on 03FEB: BKG=142, LF=79.3%
2026-01-20 08:02:55 | INFO     | [SUCCESS] Day 03FEB
2026-01-20 08:02:55 | INFO     | [DAY_START] Processing 02FEB
2026-01-20 08:02:55 | INFO     | [lf.day.start] Processing MED-ATZ for 02FEB
2026-01-20 08:02:56 | INFO     | [lf.day.flights_found] Found 1 flights on 02FEB
2026-01-20 08:02:58 | INFO     | [lf.flight.extracted] SM488 on 02FEB: BKG=176, LF=100.6%
2026-01-20 08:03:04 | INFO     | [SUCCESS] Day 02FEB
2026-01-20 08:03:04 | INFO     | [DAY_START] Processing 01FEB
2026-01-20 08:03:04 | INFO     | [lf.day.start] Processing MED-ATZ for 01FEB
2026-01-20 08:03:05 | WARNING  | [lf.day.no_flights] No direct flights on 01FEB
2026-01-20 08:03:05 | INFO     | [SUCCESS] Day 01FEB
2026-01-20 08:03:05 | INFO     | [DAY_START] Processing 31JAN
2026-01-20 08:03:05 | INFO     | [lf.day.start] Processing MED-ATZ for 31JAN
2026-01-20 08:03:06 | INFO     | [lf.day.flights_found] Found 1 flights on 31JAN
2026-01-20 08:03:08 | INFO     | [lf.flight.extracted] SM488 on 31JAN: BKG=176, LF=100.6%
2026-01-20 08:03:16 | INFO     | [SUCCESS] Day 31JAN
2026-01-20 08:03:16 | INFO     | [DAY_START] Processing 30JAN
2026-01-20 08:03:16 | INFO     | [lf.day.start] Processing MED-ATZ for 30JAN
2026-01-20 08:03:18 | WARNING  | [lf.day.no_flights] No direct flights on 30JAN
2026-01-20 08:03:18 | INFO     | [SUCCESS] Day 30JAN
2026-01-20 08:03:18 | INFO     | [DAY_START] Processing 29JAN
2026-01-20 08:03:18 | INFO     | [lf.day.start] Processing MED-ATZ for 29JAN
2026-01-20 08:03:19 | WARNING  | [lf.day.no_flights] No direct flights on 29JAN
2026-01-20 08:03:19 | INFO     | [SUCCESS] Day 29JAN
2026-01-20 08:03:19 | INFO     | [DAY_START] Processing 28JAN
2026-01-20 08:03:19 | INFO     | [lf.day.start] Processing MED-ATZ for 28JAN
2026-01-20 08:03:20 | INFO     | [lf.day.flights_found] Found 1 flights on 28JAN
2026-01-20 08:03:22 | INFO     | [lf.flight.extracted] SM490 on 28JAN: BKG=100, LF=56.2%
2026-01-20 08:03:29 | INFO     | [SUCCESS] Day 28JAN
2026-01-20 08:03:29 | INFO     | [SUCCESS] LF Search Complete
2026-01-20 08:03:31 | INFO     | [Worker_9232] Completed: MED-ATZ - 8 results, 0 errors
2026-01-20 08:03:31 | INFO     | [Worker_9232] Processing: DMM-CAI
2026-01-20 08:03:31 | INFO     |   Tier 0: Range 1, Chunk 3/4 (8 days)
