2026-01-20 07:12:04 | INFO     | ======================================================================
2026-01-20 07:12:04 | INFO     | Load Factor Scraper Started - Route: MED-CAI
2026-01-20 07:12:04 | INFO     | Log file: D:\CODERED\LAB\Artifacts\outputs\run_generated_200126_at_06.58\logs\LF_MED-CAI_20260120_071204.log
2026-01-20 07:12:04 | INFO     | Enhanced logging: Capturing both logging.info() and print()
2026-01-20 07:12:04 | INFO     | ======================================================================
2026-01-20 07:12:04 | INFO     | Starting LF search for route: MED-CAI
2026-01-20 07:12:04 | INFO     | [START] LF Search
2026-01-20 07:12:06 | INFO     | [HEALTH CHECK] [OK] Chrome connection is healthy
2026-01-20 07:12:06 | INFO     | [DAY_START] Processing 28APR
2026-01-20 07:12:06 | INFO     | [lf.day.start] Processing MED-CAI for 28APR
2026-01-20 07:12:07 | INFO     | [lf.day.flights_found] Found 1 flights on 28APR
2026-01-20 07:12:09 | INFO     | [lf.flight.extracted] SM494 on 28APR: BKG=0, LF=0.0%
2026-01-20 07:12:10 | INFO     | [SUCCESS] Day 28APR
2026-01-20 07:12:10 | INFO     | [DAY_START] Processing 27APR
2026-01-20 07:12:10 | INFO     | [lf.day.start] Processing MED-CAI for 27APR
2026-01-20 07:12:12 | INFO     | [lf.day.flights_found] Found 1 flights on 27APR
2026-01-20 07:12:14 | INFO     | [lf.flight.extracted] SM494 on 27APR: BKG=0, LF=0.0%
2026-01-20 07:12:16 | INFO     | [SUCCESS] Day 27APR
2026-01-20 07:12:16 | INFO     | [DAY_START] Processing 26APR
2026-01-20 07:12:16 | INFO     | [lf.day.start] Processing MED-CAI for 26APR
2026-01-20 07:12:17 | WARNING  | [lf.day.no_flights] No direct flights on 26APR
2026-01-20 07:12:18 | INFO     | [SUCCESS] Day 26APR
2026-01-20 07:12:18 | INFO     | [DAY_START] Processing 25APR
2026-01-20 07:12:18 | INFO     | [lf.day.start] Processing MED-CAI for 25APR
2026-01-20 07:12:19 | WARNING  | [lf.day.no_flights] No direct flights on 25APR
2026-01-20 07:12:19 | INFO     | [SUCCESS] Day 25APR
2026-01-20 07:12:19 | INFO     | [DAY_START] Processing 24APR
2026-01-20 07:12:19 | INFO     | [lf.day.start] Processing MED-CAI for 24APR
2026-01-20 07:12:21 | WARNING  | [lf.day.no_flights] No direct flights on 24APR
2026-01-20 07:12:21 | INFO     | [SUCCESS] Day 24APR
2026-01-20 07:12:21 | INFO     | [DAY_START] Processing 23APR
2026-01-20 07:12:21 | INFO     | [lf.day.start] Processing MED-CAI for 23APR
2026-01-20 07:12:22 | INFO     | [lf.day.flights_found] Found 1 flights on 23APR
2026-01-20 07:12:24 | INFO     | [lf.flight.extracted] SM494 on 23APR: BKG=1, LF=0.6%
2026-01-20 07:12:27 | INFO     | [SUCCESS] Day 23APR
2026-01-20 07:12:27 | INFO     | [DAY_START] Processing 22APR
2026-01-20 07:12:27 | INFO     | [lf.day.start] Processing MED-CAI for 22APR
2026-01-20 07:12:28 | INFO     | [lf.day.flights_found] Found 1 flights on 22APR
2026-01-20 07:12:30 | INFO     | [lf.flight.extracted] SM494 on 22APR: BKG=0, LF=0.0%
2026-01-20 07:12:31 | INFO     | [SUCCESS] Day 22APR
2026-01-20 07:12:31 | INFO     | [DAY_START] Processing 21APR
2026-01-20 07:12:31 | INFO     | [lf.day.start] Processing MED-CAI for 21APR
2026-01-20 07:12:32 | INFO     | [lf.day.flights_found] Found 1 flights on 21APR
2026-01-20 07:12:34 | INFO     | [lf.flight.extracted] SM494 on 21APR: BKG=0, LF=0.0%
2026-01-20 07:12:35 | INFO     | [SUCCESS] Day 21APR
2026-01-20 07:12:35 | INFO     | [DAY_START] Processing 20APR
2026-01-20 07:12:35 | INFO     | [lf.day.start] Processing MED-CAI for 20APR
2026-01-20 07:12:37 | INFO     | [lf.day.flights_found] Found 1 flights on 20APR
2026-01-20 07:12:39 | INFO     | [lf.flight.extracted] SM494 on 20APR: BKG=0, LF=0.0%
2026-01-20 07:12:40 | INFO     | [SUCCESS] Day 20APR
2026-01-20 07:12:40 | INFO     | [SUCCESS] LF Search Complete
2026-01-20 07:12:42 | INFO     | [Worker_9232] Completed: MED-CAI - 9 results, 0 errors
2026-01-20 07:12:42 | INFO     | [Worker_9232] Processing: DMM-CAI
2026-01-20 07:12:42 | INFO     |   Tier 0: Range 3, Chunk 1/4 (9 days)
