2026-01-20 07:23:52 | INFO     | ======================================================================
2026-01-20 07:23:52 | INFO     | Load Factor Scraper Started - Route: MED-ATZ
2026-01-20 07:23:52 | INFO     | Log file: D:\CODERED\LAB\Artifacts\outputs\run_generated_200126_at_06.58\logs\LF_MED-ATZ_20260120_072352.log
2026-01-20 07:23:52 | INFO     | Enhanced logging: Capturing both logging.info() and print()
2026-01-20 07:23:52 | INFO     | ======================================================================
2026-01-20 07:23:52 | INFO     | Starting LF search for route: MED-ATZ
2026-01-20 07:23:52 | INFO     | [START] LF Search
2026-01-20 07:23:59 | INFO     | [HEALTH CHECK] [OK] Chrome connection is healthy
2026-01-20 07:24:00 | INFO     | [DAY_START] Processing 03APR
2026-01-20 07:24:00 | INFO     | [lf.day.start] Processing MED-ATZ for 03APR
2026-01-20 07:24:17 | WARNING  | [lf.day.no_flights] No direct flights on 03APR
2026-01-20 07:24:17 | INFO     | [SUCCESS] Day 03APR
2026-01-20 07:24:17 | INFO     | [DAY_START] Processing 02APR
2026-01-20 07:24:17 | INFO     | [lf.day.start] Processing MED-ATZ for 02APR
2026-01-20 07:24:45 | WARNING  | [lf.day.no_flights] No direct flights on 02APR
2026-01-20 07:24:45 | INFO     | [SUCCESS] Day 02APR
2026-01-20 07:24:45 | INFO     | [DAY_START] Processing 01APR
2026-01-20 07:24:45 | INFO     | [lf.day.start] Processing MED-ATZ for 01APR
2026-01-20 07:24:51 | WARNING  | [lf.day.no_flights] No direct flights on 01APR
2026-01-20 07:24:51 | INFO     | [SUCCESS] Day 01APR
2026-01-20 07:24:51 | INFO     | [DAY_START] Processing 31MAR
2026-01-20 07:24:51 | INFO     | [lf.day.start] Processing MED-ATZ for 31MAR
2026-01-20 07:25:01 | WARNING  | [lf.day.no_flights] No direct flights on 31MAR
2026-01-20 07:25:01 | INFO     | [SUCCESS] Day 31MAR
2026-01-20 07:25:01 | INFO     | [DAY_START] Processing 30MAR
2026-01-20 07:25:01 | INFO     | [lf.day.start] Processing MED-ATZ for 30MAR
2026-01-20 07:25:06 | WARNING  | [lf.day.no_flights] No direct flights on 30MAR
2026-01-20 07:25:06 | INFO     | [SUCCESS] Day 30MAR
2026-01-20 07:25:06 | INFO     | [DAY_START] Processing 29MAR
2026-01-20 07:25:06 | INFO     | [lf.day.start] Processing MED-ATZ for 29MAR
2026-01-20 07:25:10 | INFO     | [lf.day.flights_found] Found 1 flights on 29MAR
2026-01-20 07:25:17 | INFO     | [lf.flight.extracted] SM488 on 29MAR: BKG=168, LF=96.0%
2026-01-20 07:25:33 | INFO     | [SUCCESS] Day 29MAR
2026-01-20 07:25:33 | INFO     | [DAY_START] Processing 28MAR
2026-01-20 07:25:33 | INFO     | [lf.day.start] Processing MED-ATZ for 28MAR
2026-01-20 07:25:38 | INFO     | [lf.day.flights_found] Found 1 flights on 28MAR
2026-01-20 07:25:46 | INFO     | [lf.flight.extracted] SM488 on 28MAR: BKG=183, LF=104.6%
2026-01-20 07:26:04 | INFO     | [SUCCESS] Day 28MAR
2026-01-20 07:26:04 | INFO     | [DAY_START] Processing 27MAR
2026-01-20 07:26:04 | INFO     | [lf.day.start] Processing MED-ATZ for 27MAR
2026-01-20 07:26:10 | INFO     | [lf.day.flights_found] Found 1 flights on 27MAR
2026-01-20 07:26:17 | INFO     | [lf.flight.extracted] SM964 on 27MAR: BKG=180, LF=107.8%
2026-01-20 07:26:28 | INFO     | [SUCCESS] Day 27MAR
2026-01-20 07:26:28 | INFO     | [SUCCESS] LF Search Complete
2026-01-20 07:26:31 | INFO     | [Worker_9222] Completed: MED-ATZ - 8 results, 0 errors
2026-01-20 07:26:31 | INFO     | [Worker_9222] Processing: TUU-CAI
2026-01-20 07:26:31 | INFO     |   Tier 0: Range 3, Chunk 4/4 (8 days)
