2026-01-20 07:05:38 | INFO     | ======================================================================
2026-01-20 07:05:38 | INFO     | Load Factor Scraper Started - Route: MED-ATZ
2026-01-20 07:05:38 | INFO     | Log file: D:\CODERED\LAB\Artifacts\outputs\run_generated_200126_at_06.58\logs\LF_MED-ATZ_20260120_070538.log
2026-01-20 07:05:38 | INFO     | Enhanced logging: Capturing both logging.info() and print()
2026-01-20 07:05:38 | INFO     | ======================================================================
2026-01-20 07:05:38 | INFO     | Starting LF search for route: MED-ATZ
2026-01-20 07:05:38 | INFO     | [START] LF Search
2026-01-20 07:05:41 | INFO     | [HEALTH CHECK] [OK] Chrome connection is healthy
2026-01-20 07:05:42 | INFO     | [DAY_START] Processing 14MAY
2026-01-20 07:05:42 | INFO     | [lf.day.start] Processing MED-ATZ for 14MAY
2026-01-20 07:05:45 | WARNING  | [lf.day.no_flights] No direct flights on 14MAY
2026-01-20 07:05:45 | INFO     | [SUCCESS] Day 14MAY
2026-01-20 07:05:45 | INFO     | [DAY_START] Processing 13MAY
2026-01-20 07:05:45 | INFO     | [lf.day.start] Processing MED-ATZ for 13MAY
2026-01-20 07:05:46 | WARNING  | [lf.day.no_flights] No direct flights on 13MAY
2026-01-20 07:05:47 | INFO     | [SUCCESS] Day 13MAY
2026-01-20 07:05:47 | INFO     | [DAY_START] Processing 12MAY
2026-01-20 07:05:47 | INFO     | [lf.day.start] Processing MED-ATZ for 12MAY
2026-01-20 07:05:49 | WARNING  | [lf.day.no_flights] No direct flights on 12MAY
2026-01-20 07:05:49 | INFO     | [SUCCESS] Day 12MAY
2026-01-20 07:05:49 | INFO     | [DAY_START] Processing 11MAY
2026-01-20 07:05:49 | INFO     | [lf.day.start] Processing MED-ATZ for 11MAY
2026-01-20 07:05:51 | WARNING  | [lf.day.no_flights] No direct flights on 11MAY
2026-01-20 07:05:51 | INFO     | [SUCCESS] Day 11MAY
2026-01-20 07:05:51 | INFO     | [DAY_START] Processing 10MAY
2026-01-20 07:05:51 | INFO     | [lf.day.start] Processing MED-ATZ for 10MAY
2026-01-20 07:05:52 | INFO     | [lf.day.flights_found] Found 1 flights on 10MAY
2026-01-20 07:05:55 | INFO     | [lf.flight.extracted] SM488 on 10MAY: BKG=1, LF=0.6%
2026-01-20 07:06:00 | INFO     | [SUCCESS] Day 10MAY
2026-01-20 07:06:00 | INFO     | [DAY_START] Processing 09MAY
2026-01-20 07:06:00 | INFO     | [lf.day.start] Processing MED-ATZ for 09MAY
2026-01-20 07:06:01 | WARNING  | [lf.day.no_flights] No direct flights on 09MAY
2026-01-20 07:06:02 | INFO     | [SUCCESS] Day 09MAY
2026-01-20 07:06:02 | INFO     | [DAY_START] Processing 08MAY
2026-01-20 07:06:02 | INFO     | [lf.day.start] Processing MED-ATZ for 08MAY
2026-01-20 07:06:03 | WARNING  | [lf.day.no_flights] No direct flights on 08MAY
2026-01-20 07:06:03 | INFO     | [SUCCESS] Day 08MAY
2026-01-20 07:06:03 | INFO     | [DAY_START] Processing 07MAY
2026-01-20 07:06:03 | INFO     | [lf.day.start] Processing MED-ATZ for 07MAY
2026-01-20 07:06:05 | WARNING  | [lf.day.no_flights] No direct flights on 07MAY
2026-01-20 07:06:05 | INFO     | [SUCCESS] Day 07MAY
2026-01-20 07:06:05 | INFO     | [SUCCESS] LF Search Complete
2026-01-20 07:06:07 | INFO     | [Worker_9225] Completed: MED-ATZ - 8 results, 0 errors
2026-01-20 07:06:07 | INFO     | [Worker_9225] Processing: JED-ASW
2026-01-20 07:06:07 | INFO     |   Tier 0: Range 4, Chunk 3/4 (8 days)
