2026-01-20 07:37:34 | INFO     | ======================================================================
2026-01-20 07:37:34 | INFO     | Load Factor Scraper Started - Route: MED-CAI
2026-01-20 07:37:34 | INFO     | Log file: D:\CODERED\LAB\Artifacts\outputs\run_generated_200126_at_06.58\logs\LF_MED-CAI_20260120_073734.log
2026-01-20 07:37:34 | INFO     | Enhanced logging: Capturing both logging.info() and print()
2026-01-20 07:37:34 | INFO     | ======================================================================
2026-01-20 07:37:34 | INFO     | Starting LF search for route: MED-CAI
2026-01-20 07:37:34 | INFO     | [START] LF Search
2026-01-20 07:37:36 | INFO     | [HEALTH CHECK] [OK] Chrome connection is healthy
2026-01-20 07:37:36 | INFO     | [DAY_START] Processing 17MAR
2026-01-20 07:37:36 | INFO     | [lf.day.start] Processing MED-CAI for 17MAR
2026-01-20 07:37:38 | INFO     | [lf.day.flights_found] Found 2 flights on 17MAR
2026-01-20 07:37:40 | INFO     | [lf.flight.extracted] SM496 on 17MAR: BKG=98, LF=58.3%
2026-01-20 07:37:46 | INFO     | [lf.flight.extracted] SM494 on 17MAR: BKG=12, LF=6.9%
2026-01-20 07:37:51 | INFO     | [SUCCESS] Day 17MAR
2026-01-20 07:37:51 | INFO     | [DAY_START] Processing 16MAR
2026-01-20 07:37:51 | INFO     | [lf.day.start] Processing MED-CAI for 16MAR
2026-01-20 07:37:53 | WARNING  | [lf.day.no_flights] No direct flights on 16MAR
2026-01-20 07:37:53 | INFO     | [SUCCESS] Day 16MAR
2026-01-20 07:37:53 | INFO     | [DAY_START] Processing 15MAR
2026-01-20 07:37:53 | INFO     | [lf.day.start] Processing MED-CAI for 15MAR
2026-01-20 07:37:54 | INFO     | [lf.day.flights_found] Found 1 flights on 15MAR
2026-01-20 07:37:58 | INFO     | [lf.flight.extracted] SM494 on 15MAR: BKG=7, LF=4.0%
2026-01-20 07:38:02 | INFO     | [SUCCESS] Day 15MAR
2026-01-20 07:38:02 | INFO     | [DAY_START] Processing 14MAR
2026-01-20 07:38:02 | INFO     | [lf.day.start] Processing MED-CAI for 14MAR
2026-01-20 07:38:04 | INFO     | [lf.day.flights_found] Found 1 flights on 14MAR
2026-01-20 07:38:07 | INFO     | [lf.flight.extracted] SM494 on 14MAR: BKG=18, LF=10.3%
2026-01-20 07:38:11 | INFO     | [SUCCESS] Day 14MAR
2026-01-20 07:38:11 | INFO     | [DAY_START] Processing 13MAR
2026-01-20 07:38:11 | INFO     | [lf.day.start] Processing MED-CAI for 13MAR
2026-01-20 07:38:12 | WARNING  | [lf.day.no_flights] No direct flights on 13MAR
2026-01-20 07:38:12 | INFO     | [SUCCESS] Day 13MAR
2026-01-20 07:38:12 | INFO     | [DAY_START] Processing 12MAR
2026-01-20 07:38:12 | INFO     | [lf.day.start] Processing MED-CAI for 12MAR
2026-01-20 07:38:14 | INFO     | [lf.day.flights_found] Found 1 flights on 12MAR
2026-01-20 07:38:17 | INFO     | [lf.flight.extracted] SM494 on 12MAR: BKG=39, LF=22.3%
2026-01-20 07:38:22 | INFO     | [SUCCESS] Day 12MAR
2026-01-20 07:38:22 | INFO     | [DAY_START] Processing 11MAR
2026-01-20 07:38:22 | INFO     | [lf.day.start] Processing MED-CAI for 11MAR
2026-01-20 07:38:23 | WARNING  | [lf.day.no_flights] No direct flights on 11MAR
2026-01-20 07:38:23 | INFO     | [SUCCESS] Day 11MAR
2026-01-20 07:38:23 | INFO     | [DAY_START] Processing 10MAR
2026-01-20 07:38:23 | INFO     | [lf.day.start] Processing MED-CAI for 10MAR
2026-01-20 07:38:25 | INFO     | [lf.day.flights_found] Found 2 flights on 10MAR
2026-01-20 07:38:27 | INFO     | [lf.flight.extracted] SM496 on 10MAR: BKG=29, LF=16.6%
2026-01-20 07:38:33 | INFO     | [lf.flight.extracted] SM494 on 10MAR: BKG=17, LF=9.7%
2026-01-20 07:38:39 | INFO     | [SUCCESS] Day 10MAR
2026-01-20 07:38:39 | INFO     | [SUCCESS] LF Search Complete
2026-01-20 07:38:41 | INFO     | [Worker_9224] Completed: MED-CAI - 8 results, 0 errors
2026-01-20 07:38:41 | INFO     | [Worker_9224] Processing: RUH-ATZ
2026-01-20 07:38:41 | INFO     |   Tier 0: Range 2, Chunk 2/4 (8 days)
