2026-01-20 07:19:41 | INFO     | ======================================================================
2026-01-20 07:19:41 | INFO     | Load Factor Scraper Started - Route: MED-HBE
2026-01-20 07:19:41 | INFO     | Log file: D:\CODERED\LAB\Artifacts\outputs\run_generated_200126_at_06.58\logs\LF_MED-HBE_20260120_071941.log
2026-01-20 07:19:41 | INFO     | Enhanced logging: Capturing both logging.info() and print()
2026-01-20 07:19:41 | INFO     | ======================================================================
2026-01-20 07:19:41 | INFO     | Starting LF search for route: MED-HBE
2026-01-20 07:19:41 | INFO     | [START] LF Search
2026-01-20 07:19:46 | INFO     | [HEALTH CHECK] [OK] Chrome connection is healthy
2026-01-20 07:19:47 | INFO     | [DAY_START] Processing 11APR
2026-01-20 07:19:47 | INFO     | [lf.day.start] Processing MED-HBE for 11APR
2026-01-20 07:19:52 | WARNING  | [lf.day.no_flights] No direct flights on 11APR
2026-01-20 07:19:52 | INFO     | [SUCCESS] Day 11APR
2026-01-20 07:19:52 | INFO     | [DAY_START] Processing 10APR
2026-01-20 07:19:52 | INFO     | [lf.day.start] Processing MED-HBE for 10APR
2026-01-20 07:20:00 | WARNING  | [lf.day.no_flights] No direct flights on 10APR
2026-01-20 07:20:00 | INFO     | [SUCCESS] Day 10APR
2026-01-20 07:20:00 | INFO     | [DAY_START] Processing 09APR
2026-01-20 07:20:00 | INFO     | [lf.day.start] Processing MED-HBE for 09APR
2026-01-20 07:20:01 | INFO     | [lf.day.flights_found] Found 1 flights on 09APR
2026-01-20 07:20:03 | INFO     | [lf.flight.extracted] SM486 on 09APR: BKG=6, LF=3.4%
2026-01-20 07:20:06 | INFO     | [SUCCESS] Day 09APR
2026-01-20 07:20:06 | INFO     | [DAY_START] Processing 08APR
2026-01-20 07:20:06 | INFO     | [lf.day.start] Processing MED-HBE for 08APR
2026-01-20 07:20:09 | WARNING  | [lf.day.no_flights] No direct flights on 08APR
2026-01-20 07:20:09 | INFO     | [SUCCESS] Day 08APR
2026-01-20 07:20:09 | INFO     | [DAY_START] Processing 07APR
2026-01-20 07:20:09 | INFO     | [lf.day.start] Processing MED-HBE for 07APR
2026-01-20 07:20:10 | WARNING  | [lf.day.no_flights] No direct flights on 07APR
2026-01-20 07:20:10 | INFO     | [SUCCESS] Day 07APR
2026-01-20 07:20:10 | INFO     | [DAY_START] Processing 06APR
2026-01-20 07:20:10 | INFO     | [lf.day.start] Processing MED-HBE for 06APR
2026-01-20 07:20:12 | WARNING  | [lf.day.no_flights] No direct flights on 06APR
2026-01-20 07:20:12 | INFO     | [SUCCESS] Day 06APR
2026-01-20 07:20:12 | INFO     | [DAY_START] Processing 05APR
2026-01-20 07:20:12 | INFO     | [lf.day.start] Processing MED-HBE for 05APR
2026-01-20 07:20:13 | INFO     | [lf.day.flights_found] Found 1 flights on 05APR
2026-01-20 07:20:15 | INFO     | [lf.flight.extracted] SM486 on 05APR: BKG=138, LF=78.9%
2026-01-20 07:20:18 | INFO     | [SUCCESS] Day 05APR
2026-01-20 07:20:18 | INFO     | [DAY_START] Processing 04APR
2026-01-20 07:20:18 | INFO     | [lf.day.start] Processing MED-HBE for 04APR
2026-01-20 07:20:20 | WARNING  | [lf.day.no_flights] No direct flights on 04APR
2026-01-20 07:20:20 | INFO     | [SUCCESS] Day 04APR
2026-01-20 07:20:20 | INFO     | [SUCCESS] LF Search Complete
2026-01-20 07:20:23 | INFO     | [Worker_9233] Completed: MED-HBE - 8 results, 0 errors
2026-01-20 07:20:23 | INFO     | [Worker_9233] Processing: JED-ASW
2026-01-20 07:20:23 | INFO     |   Tier 0: Range 3, Chunk 3/4 (8 days)
