2026-01-20 08:02:15 | INFO     | ======================================================================
2026-01-20 08:02:15 | INFO     | Load Factor Scraper Started - Route: MED-CAI
2026-01-20 08:02:15 | INFO     | Log file: D:\CODERED\LAB\Artifacts\outputs\run_generated_200126_at_06.58\logs\LF_MED-CAI_20260120_080215.log
2026-01-20 08:02:15 | INFO     | Enhanced logging: Capturing both logging.info() and print()
2026-01-20 08:02:15 | INFO     | ======================================================================
2026-01-20 08:02:15 | INFO     | Starting LF search for route: MED-CAI
2026-01-20 08:02:15 | INFO     | [START] LF Search
2026-01-20 08:02:17 | INFO     | [HEALTH CHECK] [OK] Chrome connection is healthy
2026-01-20 08:02:17 | INFO     | [DAY_START] Processing 04FEB
2026-01-20 08:02:17 | INFO     | [lf.day.start] Processing MED-CAI for 04FEB
2026-01-20 08:02:18 | WARNING  | [lf.day.no_flights] No direct flights on 04FEB
2026-01-20 08:02:19 | INFO     | [SUCCESS] Day 04FEB
2026-01-20 08:02:19 | INFO     | [DAY_START] Processing 03FEB
2026-01-20 08:02:19 | INFO     | [lf.day.start] Processing MED-CAI for 03FEB
2026-01-20 08:02:20 | INFO     | [lf.day.flights_found] Found 2 flights on 03FEB
2026-01-20 08:02:22 | INFO     | [lf.flight.extracted] SM496 on 03FEB: BKG=175, LF=100.0%
2026-01-20 08:02:28 | INFO     | [lf.flight.extracted] SM494 on 03FEB: BKG=175, LF=100.0%
2026-01-20 08:02:39 | INFO     | [SUCCESS] Day 03FEB
2026-01-20 08:02:39 | INFO     | [DAY_START] Processing 02FEB
2026-01-20 08:02:39 | INFO     | [lf.day.start] Processing MED-CAI for 02FEB
2026-01-20 08:02:40 | WARNING  | [lf.day.no_flights] No direct flights on 02FEB
2026-01-20 08:02:41 | INFO     | [SUCCESS] Day 02FEB
2026-01-20 08:02:41 | INFO     | [DAY_START] Processing 01FEB
2026-01-20 08:02:41 | INFO     | [lf.day.start] Processing MED-CAI for 01FEB
2026-01-20 08:02:42 | INFO     | [lf.day.flights_found] Found 1 flights on 01FEB
2026-01-20 08:02:44 | INFO     | [lf.flight.extracted] SM494 on 01FEB: BKG=146, LF=83.4%
2026-01-20 08:02:50 | INFO     | [SUCCESS] Day 01FEB
2026-01-20 08:02:50 | INFO     | [DAY_START] Processing 31JAN
2026-01-20 08:02:50 | INFO     | [lf.day.start] Processing MED-CAI for 31JAN
2026-01-20 08:02:51 | INFO     | [lf.day.flights_found] Found 1 flights on 31JAN
2026-01-20 08:02:53 | INFO     | [lf.flight.extracted] SM494 on 31JAN: BKG=168, LF=96.0%
2026-01-20 08:03:01 | INFO     | [SUCCESS] Day 31JAN
2026-01-20 08:03:01 | INFO     | [DAY_START] Processing 30JAN
2026-01-20 08:03:01 | INFO     | [lf.day.start] Processing MED-CAI for 30JAN
2026-01-20 08:03:02 | WARNING  | [lf.day.no_flights] No direct flights on 30JAN
2026-01-20 08:03:02 | INFO     | [SUCCESS] Day 30JAN
2026-01-20 08:03:02 | INFO     | [DAY_START] Processing 29JAN
2026-01-20 08:03:02 | INFO     | [lf.day.start] Processing MED-CAI for 29JAN
2026-01-20 08:03:03 | INFO     | [lf.day.flights_found] Found 1 flights on 29JAN
2026-01-20 08:03:05 | INFO     | [lf.flight.extracted] SM494 on 29JAN: BKG=176, LF=100.0%
2026-01-20 08:03:11 | INFO     | [SUCCESS] Day 29JAN
2026-01-20 08:03:11 | INFO     | [DAY_START] Processing 28JAN
2026-01-20 08:03:11 | INFO     | [lf.day.start] Processing MED-CAI for 28JAN
2026-01-20 08:03:12 | WARNING  | [lf.day.no_flights] No direct flights on 28JAN
2026-01-20 08:03:12 | INFO     | [SUCCESS] Day 28JAN
2026-01-20 08:03:12 | INFO     | [SUCCESS] LF Search Complete
2026-01-20 08:03:14 | INFO     | [Worker_9234] Completed: MED-CAI - 8 results, 0 errors
2026-01-20 08:03:14 | INFO     | [Worker_9234] Processing: JED-ASW
2026-01-20 08:03:14 | INFO     |   Tier 0: Range 1, Chunk 3/4 (8 days)
