2026-01-20 07:57:04 | INFO     | ======================================================================
2026-01-20 07:57:04 | INFO     | Load Factor Scraper Started - Route: MED-CAI
2026-01-20 07:57:04 | INFO     | Log file: D:\CODERED\LAB\Artifacts\outputs\run_generated_200126_at_06.58\logs\LF_MED-CAI_20260120_075704.log
2026-01-20 07:57:04 | INFO     | Enhanced logging: Capturing both logging.info() and print()
2026-01-20 07:57:04 | INFO     | ======================================================================
2026-01-20 07:57:04 | INFO     | Starting LF search for route: MED-CAI
2026-01-20 07:57:04 | INFO     | [START] LF Search
2026-01-20 07:57:05 | INFO     | [HEALTH CHECK] [OK] Chrome connection is healthy
2026-01-20 07:57:05 | INFO     | [DAY_START] Processing 12FEB
2026-01-20 07:57:05 | INFO     | [lf.day.start] Processing MED-CAI for 12FEB
2026-01-20 07:57:07 | INFO     | [lf.day.flights_found] Found 1 flights on 12FEB
2026-01-20 07:57:09 | INFO     | [lf.flight.extracted] SM494 on 12FEB: BKG=163, LF=94.8%
2026-01-20 07:57:13 | INFO     | [SUCCESS] Day 12FEB
2026-01-20 07:57:13 | INFO     | [DAY_START] Processing 11FEB
2026-01-20 07:57:13 | INFO     | [lf.day.start] Processing MED-CAI for 11FEB
2026-01-20 07:57:14 | WARNING  | [lf.day.no_flights] No direct flights on 11FEB
2026-01-20 07:57:14 | INFO     | [SUCCESS] Day 11FEB
2026-01-20 07:57:14 | INFO     | [DAY_START] Processing 10FEB
2026-01-20 07:57:14 | INFO     | [lf.day.start] Processing MED-CAI for 10FEB
2026-01-20 07:57:16 | INFO     | [lf.day.flights_found] Found 2 flights on 10FEB
2026-01-20 07:57:18 | INFO     | [lf.flight.extracted] SM496 on 10FEB: BKG=168, LF=96.0%
2026-01-20 07:57:22 | INFO     | [lf.flight.extracted] SM494 on 10FEB: BKG=169, LF=96.6%
2026-01-20 07:57:28 | INFO     | [SUCCESS] Day 10FEB
2026-01-20 07:57:28 | INFO     | [DAY_START] Processing 09FEB
2026-01-20 07:57:28 | INFO     | [lf.day.start] Processing MED-CAI for 09FEB
2026-01-20 07:57:29 | WARNING  | [lf.day.no_flights] No direct flights on 09FEB
2026-01-20 07:57:29 | INFO     | [SUCCESS] Day 09FEB
2026-01-20 07:57:29 | INFO     | [DAY_START] Processing 08FEB
2026-01-20 07:57:29 | INFO     | [lf.day.start] Processing MED-CAI for 08FEB
2026-01-20 07:57:30 | INFO     | [lf.day.flights_found] Found 1 flights on 08FEB
2026-01-20 07:57:39 | INFO     | [lf.flight.extracted] SM494 on 08FEB: BKG=178, LF=106.0%
2026-01-20 07:57:51 | INFO     | [SUCCESS] Day 08FEB
2026-01-20 07:57:51 | INFO     | [DAY_START] Processing 07FEB
2026-01-20 07:57:51 | INFO     | [lf.day.start] Processing MED-CAI for 07FEB
2026-01-20 07:57:53 | INFO     | [lf.day.flights_found] Found 1 flights on 07FEB
2026-01-20 07:57:55 | INFO     | [lf.flight.extracted] SM494 on 07FEB: BKG=174, LF=99.4%
2026-01-20 07:58:01 | INFO     | [SUCCESS] Day 07FEB
2026-01-20 07:58:01 | INFO     | [DAY_START] Processing 06FEB
2026-01-20 07:58:01 | INFO     | [lf.day.start] Processing MED-CAI for 06FEB
2026-01-20 07:58:02 | WARNING  | [lf.day.no_flights] No direct flights on 06FEB
2026-01-20 07:58:02 | INFO     | [SUCCESS] Day 06FEB
2026-01-20 07:58:02 | INFO     | [DAY_START] Processing 05FEB
2026-01-20 07:58:02 | INFO     | [lf.day.start] Processing MED-CAI for 05FEB
2026-01-20 07:58:13 | INFO     | [lf.day.start] Processing MED-CAI for 05FEB
2026-01-20 07:58:14 | INFO     | [lf.day.flights_found] Found 1 flights on 05FEB
2026-01-20 07:58:16 | INFO     | [lf.flight.extracted] SM494 on 05FEB: BKG=176, LF=100.6%
2026-01-20 07:58:22 | INFO     | [SUCCESS] Day 05FEB
2026-01-20 07:58:22 | INFO     | [SUCCESS] LF Search Complete
2026-01-20 07:58:24 | INFO     | [Worker_9223] Completed: MED-CAI - 8 results, 0 errors
2026-01-20 07:58:24 | INFO     | [Worker_9223] Processing: DMM-CAI
2026-01-20 07:58:24 | INFO     |   Tier 0: Range 1, Chunk 2/4 (8 days)
