2026-01-20 08:07:35 | INFO     | ======================================================================
2026-01-20 08:07:35 | INFO     | Load Factor Scraper Started - Route: MED-HBE
2026-01-20 08:07:35 | INFO     | Log file: D:\CODERED\LAB\Artifacts\outputs\run_generated_200126_at_06.58\logs\LF_MED-HBE_20260120_080735.log
2026-01-20 08:07:35 | INFO     | Enhanced logging: Capturing both logging.info() and print()
2026-01-20 08:07:35 | INFO     | ======================================================================
2026-01-20 08:07:35 | INFO     | Starting LF search for route: MED-HBE
2026-01-20 08:07:35 | INFO     | [START] LF Search
2026-01-20 08:07:37 | INFO     | [HEALTH CHECK] [OK] Chrome connection is healthy
2026-01-20 08:07:37 | INFO     | [DAY_START] Processing 27JAN
2026-01-20 08:07:37 | INFO     | [lf.day.start] Processing MED-HBE for 27JAN
2026-01-20 08:07:38 | INFO     | [lf.day.flights_found] Found 1 flights on 27JAN
2026-01-20 08:07:40 | INFO     | [lf.flight.extracted] SM486 on 27JAN: BKG=178, LF=100.0%
2026-01-20 08:07:46 | INFO     | [SUCCESS] Day 27JAN
2026-01-20 08:07:46 | INFO     | [DAY_START] Processing 26JAN
2026-01-20 08:07:46 | INFO     | [lf.day.start] Processing MED-HBE for 26JAN
2026-01-20 08:07:47 | WARNING  | [lf.day.no_flights] No direct flights on 26JAN
2026-01-20 08:07:47 | INFO     | [SUCCESS] Day 26JAN
2026-01-20 08:07:47 | INFO     | [DAY_START] Processing 25JAN
2026-01-20 08:07:47 | INFO     | [lf.day.start] Processing MED-HBE for 25JAN
2026-01-20 08:07:48 | INFO     | [lf.day.flights_found] Found 1 flights on 25JAN
2026-01-20 08:07:50 | INFO     | [lf.flight.extracted] SM486 on 25JAN: BKG=167, LF=95.4%
2026-01-20 08:07:55 | INFO     | [SUCCESS] Day 25JAN
2026-01-20 08:07:55 | INFO     | [DAY_START] Processing 24JAN
2026-01-20 08:07:55 | INFO     | [lf.day.start] Processing MED-HBE for 24JAN
2026-01-20 08:07:56 | WARNING  | [lf.day.no_flights] No direct flights on 24JAN
2026-01-20 08:07:57 | INFO     | [SUCCESS] Day 24JAN
2026-01-20 08:07:57 | INFO     | [DAY_START] Processing 23JAN
2026-01-20 08:07:57 | INFO     | [lf.day.start] Processing MED-HBE for 23JAN
2026-01-20 08:07:58 | WARNING  | [lf.day.no_flights] No direct flights on 23JAN
2026-01-20 08:07:58 | INFO     | [SUCCESS] Day 23JAN
2026-01-20 08:07:58 | INFO     | [DAY_START] Processing 22JAN
2026-01-20 08:07:58 | INFO     | [lf.day.start] Processing MED-HBE for 22JAN
2026-01-20 08:07:59 | INFO     | [lf.day.flights_found] Found 1 flights on 22JAN
2026-01-20 08:08:01 | INFO     | [lf.flight.extracted] SM486 on 22JAN: BKG=168, LF=96.0%
2026-01-20 08:08:06 | INFO     | [SUCCESS] Day 22JAN
2026-01-20 08:08:06 | INFO     | [DAY_START] Processing 21JAN
2026-01-20 08:08:06 | INFO     | [lf.day.start] Processing MED-HBE for 21JAN
2026-01-20 08:08:07 | INFO     | [lf.day.flights_found] Found 1 flights on 21JAN
2026-01-20 08:08:09 | INFO     | [lf.flight.extracted] SM486 on 21JAN: BKG=164, LF=92.1%
2026-01-20 08:08:15 | INFO     | [SUCCESS] Day 21JAN
2026-01-20 08:08:15 | INFO     | [SUCCESS] LF Search Complete
2026-01-20 08:08:17 | INFO     | [Worker_9227] Completed: MED-HBE - 7 results, 0 errors
2026-01-20 08:08:17 | INFO     | [Worker_9227] Processing: RUH-ATZ
2026-01-20 08:08:17 | INFO     |   Tier 0: Range 1, Chunk 4/4 (8 days)
