2026-01-20 07:05:37 | INFO     | ======================================================================
2026-01-20 07:05:37 | INFO     | Load Factor Scraper Started - Route: MED-HBE
2026-01-20 07:05:38 | INFO     | Log file: D:\CODERED\LAB\Artifacts\outputs\run_generated_200126_at_06.58\logs\LF_MED-HBE_20260120_070537.log
2026-01-20 07:05:38 | INFO     | Enhanced logging: Capturing both logging.info() and print()
2026-01-20 07:05:38 | INFO     | ======================================================================
2026-01-20 07:05:38 | INFO     | Starting LF search for route: MED-HBE
2026-01-20 07:05:38 | INFO     | [START] LF Search
2026-01-20 07:05:42 | INFO     | [HEALTH CHECK] [OK] Chrome connection is healthy
2026-01-20 07:05:42 | INFO     | [DAY_START] Processing 14MAY
2026-01-20 07:05:42 | INFO     | [lf.day.start] Processing MED-HBE for 14MAY
2026-01-20 07:05:45 | INFO     | [lf.day.flights_found] Found 1 flights on 14MAY
2026-01-20 07:05:49 | INFO     | [lf.flight.extracted] SM486 on 14MAY: BKG=0, LF=0.0%
2026-01-20 07:05:50 | INFO     | [SUCCESS] Day 14MAY
2026-01-20 07:05:50 | INFO     | [DAY_START] Processing 13MAY
2026-01-20 07:05:50 | INFO     | [lf.day.start] Processing MED-HBE for 13MAY
2026-01-20 07:05:52 | WARNING  | [lf.day.no_flights] No direct flights on 13MAY
2026-01-20 07:05:52 | INFO     | [SUCCESS] Day 13MAY
2026-01-20 07:05:52 | INFO     | [DAY_START] Processing 12MAY
2026-01-20 07:05:52 | INFO     | [lf.day.start] Processing MED-HBE for 12MAY
2026-01-20 07:05:53 | WARNING  | [lf.day.no_flights] No direct flights on 12MAY
2026-01-20 07:05:53 | INFO     | [SUCCESS] Day 12MAY
2026-01-20 07:05:53 | INFO     | [DAY_START] Processing 11MAY
2026-01-20 07:05:53 | INFO     | [lf.day.start] Processing MED-HBE for 11MAY
2026-01-20 07:05:54 | WARNING  | [lf.day.no_flights] No direct flights on 11MAY
2026-01-20 07:05:55 | INFO     | [SUCCESS] Day 11MAY
2026-01-20 07:05:55 | INFO     | [DAY_START] Processing 10MAY
2026-01-20 07:05:55 | INFO     | [lf.day.start] Processing MED-HBE for 10MAY
2026-01-20 07:05:56 | INFO     | [lf.day.flights_found] Found 1 flights on 10MAY
2026-01-20 07:06:00 | INFO     | [lf.flight.extracted] SM486 on 10MAY: BKG=1, LF=0.6%
2026-01-20 07:06:04 | INFO     | [SUCCESS] Day 10MAY
2026-01-20 07:06:04 | INFO     | [DAY_START] Processing 09MAY
2026-01-20 07:06:04 | INFO     | [lf.day.start] Processing MED-HBE for 09MAY
2026-01-20 07:06:06 | WARNING  | [lf.day.no_flights] No direct flights on 09MAY
2026-01-20 07:06:06 | INFO     | [SUCCESS] Day 09MAY
2026-01-20 07:06:06 | INFO     | [DAY_START] Processing 08MAY
2026-01-20 07:06:06 | INFO     | [lf.day.start] Processing MED-HBE for 08MAY
2026-01-20 07:06:08 | WARNING  | [lf.day.no_flights] No direct flights on 08MAY
2026-01-20 07:06:08 | INFO     | [SUCCESS] Day 08MAY
2026-01-20 07:06:08 | INFO     | [DAY_START] Processing 07MAY
2026-01-20 07:06:08 | INFO     | [lf.day.start] Processing MED-HBE for 07MAY
2026-01-20 07:06:09 | INFO     | [lf.day.flights_found] Found 1 flights on 07MAY
2026-01-20 07:06:12 | INFO     | [lf.flight.extracted] SM486 on 07MAY: BKG=0, LF=0.0%
2026-01-20 07:06:14 | INFO     | [SUCCESS] Day 07MAY
2026-01-20 07:06:14 | INFO     | [SUCCESS] LF Search Complete
2026-01-20 07:06:16 | INFO     | [Worker_9233] Completed: MED-HBE - 8 results, 0 errors
2026-01-20 07:06:16 | INFO     | [Worker_9233] Processing: RUH-CAI
2026-01-20 07:06:16 | INFO     |   Tier 0: Range 4, Chunk 3/4 (8 days)
