2026-01-20 07:02:27 | INFO     | ======================================================================
2026-01-20 07:02:27 | INFO     | Load Factor Scraper Started - Route: MED-HBE
2026-01-20 07:02:27 | INFO     | Log file: D:\CODERED\LAB\Artifacts\outputs\run_generated_200126_at_06.58\logs\LF_MED-HBE_20260120_070227.log
2026-01-20 07:02:27 | INFO     | Enhanced logging: Capturing both logging.info() and print()
2026-01-20 07:02:27 | INFO     | ======================================================================
2026-01-20 07:02:27 | INFO     | Starting LF search for route: MED-HBE
2026-01-20 07:02:27 | INFO     | [START] LF Search
2026-01-20 07:02:29 | INFO     | [HEALTH CHECK] [OK] Chrome connection is healthy
2026-01-20 07:02:29 | INFO     | [DAY_START] Processing 22MAY
2026-01-20 07:02:29 | INFO     | [lf.day.start] Processing MED-HBE for 22MAY
2026-01-20 07:02:31 | WARNING  | [lf.day.no_flights] No direct flights on 22MAY
2026-01-20 07:02:31 | INFO     | [SUCCESS] Day 22MAY
2026-01-20 07:02:31 | INFO     | [DAY_START] Processing 21MAY
2026-01-20 07:02:31 | INFO     | [lf.day.start] Processing MED-HBE for 21MAY
2026-01-20 07:02:32 | INFO     | [lf.day.flights_found] Found 1 flights on 21MAY
2026-01-20 07:02:35 | INFO     | [lf.flight.extracted] SM486 on 21MAY: BKG=2, LF=1.1%
2026-01-20 07:02:40 | INFO     | [SUCCESS] Day 21MAY
2026-01-20 07:02:40 | INFO     | [DAY_START] Processing 20MAY
2026-01-20 07:02:40 | INFO     | [lf.day.start] Processing MED-HBE for 20MAY
2026-01-20 07:02:42 | WARNING  | [lf.day.no_flights] No direct flights on 20MAY
2026-01-20 07:02:42 | INFO     | [SUCCESS] Day 20MAY
2026-01-20 07:02:42 | INFO     | [DAY_START] Processing 19MAY
2026-01-20 07:02:42 | INFO     | [lf.day.start] Processing MED-HBE for 19MAY
2026-01-20 07:02:43 | WARNING  | [lf.day.no_flights] No direct flights on 19MAY
2026-01-20 07:02:43 | INFO     | [SUCCESS] Day 19MAY
2026-01-20 07:02:43 | INFO     | [DAY_START] Processing 18MAY
2026-01-20 07:02:43 | INFO     | [lf.day.start] Processing MED-HBE for 18MAY
2026-01-20 07:02:45 | WARNING  | [lf.day.no_flights] No direct flights on 18MAY
2026-01-20 07:02:45 | INFO     | [SUCCESS] Day 18MAY
2026-01-20 07:02:45 | INFO     | [DAY_START] Processing 17MAY
2026-01-20 07:02:45 | INFO     | [lf.day.start] Processing MED-HBE for 17MAY
2026-01-20 07:02:46 | INFO     | [lf.day.flights_found] Found 1 flights on 17MAY
2026-01-20 07:02:49 | INFO     | [lf.flight.extracted] SM486 on 17MAY: BKG=0, LF=0.0%
2026-01-20 07:02:52 | INFO     | [SUCCESS] Day 17MAY
2026-01-20 07:02:52 | INFO     | [DAY_START] Processing 16MAY
2026-01-20 07:02:52 | INFO     | [lf.day.start] Processing MED-HBE for 16MAY
2026-01-20 07:02:53 | WARNING  | [lf.day.no_flights] No direct flights on 16MAY
2026-01-20 07:02:53 | INFO     | [SUCCESS] Day 16MAY
2026-01-20 07:02:53 | INFO     | [DAY_START] Processing 15MAY
2026-01-20 07:02:53 | INFO     | [lf.day.start] Processing MED-HBE for 15MAY
2026-01-20 07:02:55 | WARNING  | [lf.day.no_flights] No direct flights on 15MAY
2026-01-20 07:02:55 | INFO     | [SUCCESS] Day 15MAY
2026-01-20 07:02:55 | INFO     | [SUCCESS] LF Search Complete
2026-01-20 07:02:57 | INFO     | [Worker_9232] Completed: MED-HBE - 8 results, 0 errors
2026-01-20 07:02:57 | INFO     | [Worker_9232] Processing: JED-ASW
2026-01-20 07:02:57 | INFO     |   Tier 0: Range 4, Chunk 2/4 (8 days)
