2026-01-20 07:51:43 | INFO     | ======================================================================
2026-01-20 07:51:43 | INFO     | Load Factor Scraper Started - Route: MED-CAI
2026-01-20 07:51:43 | INFO     | Log file: D:\CODERED\LAB\Artifacts\outputs\run_generated_200126_at_06.58\logs\LF_MED-CAI_20260120_075143.log
2026-01-20 07:51:43 | INFO     | Enhanced logging: Capturing both logging.info() and print()
2026-01-20 07:51:43 | INFO     | ======================================================================
2026-01-20 07:51:43 | INFO     | Starting LF search for route: MED-CAI
2026-01-20 07:51:43 | INFO     | [START] LF Search
2026-01-20 07:51:44 | INFO     | [HEALTH CHECK] [OK] Chrome connection is healthy
2026-01-20 07:51:44 | INFO     | [DAY_START] Processing 21FEB
2026-01-20 07:51:44 | INFO     | [lf.day.start] Processing MED-CAI for 21FEB
2026-01-20 07:51:45 | INFO     | [lf.day.flights_found] Found 1 flights on 21FEB
2026-01-20 07:51:48 | INFO     | [lf.flight.extracted] SM494 on 21FEB: BKG=8, LF=4.6%
2026-01-20 07:51:51 | INFO     | [SUCCESS] Day 21FEB
2026-01-20 07:51:51 | INFO     | [DAY_START] Processing 20FEB
2026-01-20 07:51:51 | INFO     | [lf.day.start] Processing MED-CAI for 20FEB
2026-01-20 07:51:53 | INFO     | [lf.day.flights_found] Found 2 flights on 20FEB
2026-01-20 07:51:55 | INFO     | [lf.flight.extracted] SM972 on 20FEB: BKG=0, LF=0.0%
2026-01-20 07:51:58 | INFO     | [lf.flight.extracted] SM984 on 20FEB: BKG=45, LF=27.0%
2026-01-20 07:52:02 | INFO     | [SUCCESS] Day 20FEB
2026-01-20 07:52:02 | INFO     | [DAY_START] Processing 19FEB
2026-01-20 07:52:02 | INFO     | [lf.day.start] Processing MED-CAI for 19FEB
2026-01-20 07:52:03 | INFO     | [lf.day.flights_found] Found 1 flights on 19FEB
2026-01-20 07:52:05 | INFO     | [lf.flight.extracted] SM494 on 19FEB: BKG=2, LF=1.1%
2026-01-20 07:52:08 | INFO     | [SUCCESS] Day 19FEB
2026-01-20 07:52:08 | INFO     | [DAY_START] Processing 18FEB
2026-01-20 07:52:08 | INFO     | [lf.day.start] Processing MED-CAI for 18FEB
2026-01-20 07:52:09 | INFO     | [lf.day.flights_found] Found 2 flights on 18FEB
2026-01-20 07:52:11 | INFO     | [lf.flight.extracted] SM952 on 18FEB: BKG=0, LF=0.0%
2026-01-20 07:52:14 | INFO     | [lf.flight.extracted] SM954 on 18FEB: BKG=0, LF=0.0%
2026-01-20 07:52:15 | INFO     | [SUCCESS] Day 18FEB
2026-01-20 07:52:15 | INFO     | [DAY_START] Processing 17FEB
2026-01-20 07:52:15 | INFO     | [lf.day.start] Processing MED-CAI for 17FEB
2026-01-20 07:52:16 | INFO     | [lf.day.flights_found] Found 3 flights on 17FEB
2026-01-20 07:52:18 | INFO     | [lf.flight.extracted] SM496 on 17FEB: BKG=18, LF=10.5%
2026-01-20 07:52:23 | INFO     | [lf.flight.extracted] SM972 on 17FEB: BKG=8, LF=4.8%
2026-01-20 07:52:26 | INFO     | [lf.flight.extracted] SM494 on 17FEB: BKG=16, LF=9.1%
2026-01-20 07:52:31 | INFO     | [SUCCESS] Day 17FEB
2026-01-20 07:52:31 | INFO     | [DAY_START] Processing 16FEB
2026-01-20 07:52:31 | INFO     | [lf.day.start] Processing MED-CAI for 16FEB
2026-01-20 07:52:32 | INFO     | [lf.day.flights_found] Found 1 flights on 16FEB
2026-01-20 07:52:34 | INFO     | [lf.flight.extracted] SM972 on 16FEB: BKG=42, LF=25.1%
2026-01-20 07:52:38 | INFO     | [SUCCESS] Day 16FEB
2026-01-20 07:52:38 | INFO     | [DAY_START] Processing 15FEB
2026-01-20 07:52:38 | INFO     | [lf.day.start] Processing MED-CAI for 15FEB
2026-01-20 07:52:39 | INFO     | [lf.day.flights_found] Found 1 flights on 15FEB
2026-01-20 07:52:41 | INFO     | [lf.flight.extracted] SM494 on 15FEB: BKG=62, LF=35.4%
2026-01-20 07:52:46 | INFO     | [SUCCESS] Day 15FEB
2026-01-20 07:52:46 | INFO     | [DAY_START] Processing 14FEB
2026-01-20 07:52:46 | INFO     | [lf.day.start] Processing MED-CAI for 14FEB
2026-01-20 07:52:47 | INFO     | [lf.day.flights_found] Found 1 flights on 14FEB
2026-01-20 07:52:49 | INFO     | [lf.flight.extracted] SM494 on 14FEB: BKG=84, LF=48.0%
2026-01-20 07:52:55 | INFO     | [SUCCESS] Day 14FEB
2026-01-20 07:52:55 | INFO     | [DAY_START] Processing 13FEB
2026-01-20 07:52:55 | INFO     | [lf.day.start] Processing MED-CAI for 13FEB
2026-01-20 07:52:56 | INFO     | [lf.day.flights_found] Found 1 flights on 13FEB
2026-01-20 07:52:59 | INFO     | [lf.flight.extracted] SM972 on 13FEB: BKG=61, LF=36.5%
2026-01-20 07:53:05 | INFO     | [SUCCESS] Day 13FEB
2026-01-20 07:53:05 | INFO     | [SUCCESS] LF Search Complete
2026-01-20 07:53:07 | INFO     | [Worker_9224] Completed: MED-CAI - 9 results, 0 errors
2026-01-20 07:53:07 | INFO     | [Worker_9224] Processing: DMM-ATZ
2026-01-20 07:53:07 | INFO     |   Tier 0: Range 1, Chunk 1/4 (9 days)
