2026-01-20 07:16:32 | INFO     | ======================================================================
2026-01-20 07:16:32 | INFO     | Load Factor Scraper Started - Route: RUH-CAI
2026-01-20 07:16:32 | INFO     | Log file: D:\CODERED\LAB\Artifacts\outputs\run_generated_200126_at_06.58\logs\LF_RUH-CAI_20260120_071632.log
2026-01-20 07:16:32 | INFO     | Enhanced logging: Capturing both logging.info() and print()
2026-01-20 07:16:32 | INFO     | ======================================================================
2026-01-20 07:16:32 | INFO     | Starting LF search for route: RUH-CAI
2026-01-20 07:16:32 | INFO     | [START] LF Search
2026-01-20 07:16:40 | INFO     | [HEALTH CHECK] [OK] Chrome connection is healthy
2026-01-20 07:16:41 | INFO     | [DAY_START] Processing 19APR
2026-01-20 07:16:41 | INFO     | [lf.day.start] Processing RUH-CAI for 19APR
2026-01-20 07:16:42 | INFO     | [lf.day.flights_found] Found 1 flights on 19APR
2026-01-20 07:16:46 | INFO     | [lf.flight.extracted] SM462 on 19APR: BKG=0, LF=0.0%
2026-01-20 07:16:48 | INFO     | [SUCCESS] Day 19APR
2026-01-20 07:16:48 | INFO     | [DAY_START] Processing 18APR
2026-01-20 07:16:48 | INFO     | [lf.day.start] Processing RUH-CAI for 18APR
2026-01-20 07:16:49 | INFO     | [lf.day.flights_found] Found 1 flights on 18APR
2026-01-20 07:16:52 | INFO     | [lf.flight.extracted] SM462 on 18APR: BKG=0, LF=0.0%
2026-01-20 07:16:53 | INFO     | [SUCCESS] Day 18APR
2026-01-20 07:16:53 | INFO     | [DAY_START] Processing 17APR
2026-01-20 07:16:53 | INFO     | [lf.day.start] Processing RUH-CAI for 17APR
2026-01-20 07:16:56 | INFO     | [lf.day.flights_found] Found 1 flights on 17APR
2026-01-20 07:17:01 | INFO     | [lf.flight.extracted] SM462 on 17APR: BKG=0, LF=0.0%
2026-01-20 07:17:03 | INFO     | [SUCCESS] Day 17APR
2026-01-20 07:17:03 | INFO     | [DAY_START] Processing 16APR
2026-01-20 07:17:03 | INFO     | [lf.day.start] Processing RUH-CAI for 16APR
2026-01-20 07:17:05 | INFO     | [lf.day.flights_found] Found 1 flights on 16APR
2026-01-20 07:17:08 | INFO     | [lf.flight.extracted] SM462 on 16APR: BKG=0, LF=0.0%
2026-01-20 07:17:11 | INFO     | [SUCCESS] Day 16APR
2026-01-20 07:17:11 | INFO     | [DAY_START] Processing 15APR
2026-01-20 07:17:11 | INFO     | [lf.day.start] Processing RUH-CAI for 15APR
2026-01-20 07:17:12 | INFO     | [lf.day.flights_found] Found 1 flights on 15APR
2026-01-20 07:17:17 | INFO     | [lf.flight.extracted] SM462 on 15APR: BKG=0, LF=0.0%
2026-01-20 07:17:19 | INFO     | [SUCCESS] Day 15APR
2026-01-20 07:17:19 | INFO     | [DAY_START] Processing 14APR
2026-01-20 07:17:19 | INFO     | [lf.day.start] Processing RUH-CAI for 14APR
2026-01-20 07:17:20 | INFO     | [lf.day.flights_found] Found 1 flights on 14APR
2026-01-20 07:17:22 | INFO     | [lf.flight.extracted] SM462 on 14APR: BKG=0, LF=0.0%
2026-01-20 07:17:23 | INFO     | [SUCCESS] Day 14APR
2026-01-20 07:17:23 | INFO     | [DAY_START] Processing 13APR
2026-01-20 07:17:23 | INFO     | [lf.day.start] Processing RUH-CAI for 13APR
2026-01-20 07:17:24 | INFO     | [lf.day.flights_found] Found 1 flights on 13APR
2026-01-20 07:17:26 | INFO     | [lf.flight.extracted] SM462 on 13APR: BKG=0, LF=0.0%
2026-01-20 07:17:27 | INFO     | [SUCCESS] Day 13APR
2026-01-20 07:17:27 | INFO     | [DAY_START] Processing 12APR
2026-01-20 07:17:27 | INFO     | [lf.day.start] Processing RUH-CAI for 12APR
2026-01-20 07:17:28 | INFO     | [lf.day.flights_found] Found 1 flights on 12APR
2026-01-20 07:17:30 | INFO     | [lf.flight.extracted] SM462 on 12APR: BKG=0, LF=0.0%
2026-01-20 07:17:32 | INFO     | [SUCCESS] Day 12APR
2026-01-20 07:17:32 | INFO     | [SUCCESS] LF Search Complete
2026-01-20 07:17:34 | INFO     | [Worker_9222] Completed: RUH-CAI - 8 results, 0 errors
2026-01-20 07:17:34 | INFO     | [Worker_9222] Processing: AHB-ATZ
2026-01-20 07:17:34 | INFO     |   Tier 0: Range 3, Chunk 2/4 (8 days)
