2026-01-20 06:59:43 | INFO     | ======================================================================
2026-01-20 06:59:43 | INFO     | Load Factor Scraper Started - Route: RUH-ATZ
2026-01-20 06:59:43 | INFO     | Log file: D:\CODERED\LAB\Artifacts\outputs\run_generated_200126_at_06.58\logs\LF_RUH-ATZ_20260120_065943.log
2026-01-20 06:59:43 | INFO     | Enhanced logging: Capturing both logging.info() and print()
2026-01-20 06:59:43 | INFO     | ======================================================================
2026-01-20 06:59:43 | INFO     | Starting LF search for route: RUH-ATZ
2026-01-20 06:59:43 | INFO     | [START] LF Search
2026-01-20 06:59:45 | INFO     | [HEALTH CHECK] [OK] Chrome connection is healthy
2026-01-20 06:59:45 | INFO     | [DAY_START] Processing 31MAY
2026-01-20 06:59:45 | INFO     | [lf.day.start] Processing RUH-ATZ for 31MAY
2026-01-20 06:59:47 | WARNING  | [lf.day.no_flights] No direct flights on 31MAY
2026-01-20 06:59:47 | INFO     | [SUCCESS] Day 31MAY
2026-01-20 06:59:47 | INFO     | [DAY_START] Processing 30MAY
2026-01-20 06:59:47 | INFO     | [lf.day.start] Processing RUH-ATZ for 30MAY
2026-01-20 06:59:49 | WARNING  | [lf.day.no_flights] No direct flights on 30MAY
2026-01-20 06:59:49 | INFO     | [SUCCESS] Day 30MAY
2026-01-20 06:59:49 | INFO     | [DAY_START] Processing 29MAY
2026-01-20 06:59:49 | INFO     | [lf.day.start] Processing RUH-ATZ for 29MAY
2026-01-20 06:59:51 | WARNING  | [lf.day.no_flights] No direct flights on 29MAY
2026-01-20 06:59:51 | INFO     | [SUCCESS] Day 29MAY
2026-01-20 06:59:51 | INFO     | [DAY_START] Processing 28MAY
2026-01-20 06:59:51 | INFO     | [lf.day.start] Processing RUH-ATZ for 28MAY
2026-01-20 06:59:52 | WARNING  | [lf.day.no_flights] No direct flights on 28MAY
2026-01-20 06:59:52 | INFO     | [SUCCESS] Day 28MAY
2026-01-20 06:59:52 | INFO     | [DAY_START] Processing 27MAY
2026-01-20 06:59:52 | INFO     | [lf.day.start] Processing RUH-ATZ for 27MAY
2026-01-20 06:59:54 | INFO     | [lf.day.flights_found] Found 1 flights on 27MAY
2026-01-20 07:00:11 | INFO     | [lf.day.start] Processing RUH-ATZ for 27MAY
2026-01-20 07:00:11 | INFO     | [lf.day.flights_found] Found 1 flights on 27MAY
2026-01-20 07:00:14 | INFO     | [lf.flight.extracted] SM466 on 27MAY: BKG=11, LF=6.3%
2026-01-20 07:00:17 | INFO     | [SUCCESS] Day 27MAY
2026-01-20 07:00:17 | INFO     | [DAY_START] Processing 26MAY
2026-01-20 07:00:17 | INFO     | [lf.day.start] Processing RUH-ATZ for 26MAY
2026-01-20 07:00:18 | WARNING  | [lf.day.no_flights] No direct flights on 26MAY
2026-01-20 07:00:18 | INFO     | [SUCCESS] Day 26MAY
2026-01-20 07:00:18 | INFO     | [DAY_START] Processing 25MAY
2026-01-20 07:00:18 | INFO     | [lf.day.start] Processing RUH-ATZ for 25MAY
2026-01-20 07:00:20 | WARNING  | [lf.day.no_flights] No direct flights on 25MAY
2026-01-20 07:00:20 | INFO     | [SUCCESS] Day 25MAY
2026-01-20 07:00:20 | INFO     | [DAY_START] Processing 24MAY
2026-01-20 07:00:20 | INFO     | [lf.day.start] Processing RUH-ATZ for 24MAY
2026-01-20 07:00:21 | WARNING  | [lf.day.no_flights] No direct flights on 24MAY
2026-01-20 07:00:21 | INFO     | [SUCCESS] Day 24MAY
2026-01-20 07:00:21 | INFO     | [DAY_START] Processing 23MAY
2026-01-20 07:00:21 | INFO     | [lf.day.start] Processing RUH-ATZ for 23MAY
2026-01-20 07:00:23 | WARNING  | [lf.day.no_flights] No direct flights on 23MAY
2026-01-20 07:00:23 | INFO     | [SUCCESS] Day 23MAY
2026-01-20 07:00:23 | INFO     | [SUCCESS] LF Search Complete
2026-01-20 07:00:25 | INFO     | [Worker_9227] Completed: RUH-ATZ - 9 results, 0 errors
2026-01-20 07:00:25 | INFO     | [Worker_9227] Processing: AJF-ATZ
2026-01-20 07:00:25 | INFO     |   Tier 0: Range 4, Chunk 1/4 (9 days)
