2026-01-20 07:25:48 | INFO     | ======================================================================
2026-01-20 07:25:48 | INFO     | Load Factor Scraper Started - Route: RUH-ATZ
2026-01-20 07:25:48 | INFO     | Log file: D:\CODERED\LAB\Artifacts\outputs\run_generated_200126_at_06.58\logs\LF_RUH-ATZ_20260120_072548.log
2026-01-20 07:25:48 | INFO     | Enhanced logging: Capturing both logging.info() and print()
2026-01-20 07:25:48 | INFO     | ======================================================================
2026-01-20 07:25:48 | INFO     | Starting LF search for route: RUH-ATZ
2026-01-20 07:25:48 | INFO     | [START] LF Search
2026-01-20 07:25:52 | INFO     | [HEALTH CHECK] [OK] Chrome connection is healthy
2026-01-20 07:25:53 | INFO     | [DAY_START] Processing 03APR
2026-01-20 07:25:53 | INFO     | [lf.day.start] Processing RUH-ATZ for 03APR
2026-01-20 07:25:56 | WARNING  | [lf.day.no_flights] No direct flights on 03APR
2026-01-20 07:25:56 | INFO     | [SUCCESS] Day 03APR
2026-01-20 07:25:56 | INFO     | [DAY_START] Processing 02APR
2026-01-20 07:25:56 | INFO     | [lf.day.start] Processing RUH-ATZ for 02APR
2026-01-20 07:26:01 | WARNING  | [lf.day.no_flights] No direct flights on 02APR
2026-01-20 07:26:01 | INFO     | [SUCCESS] Day 02APR
2026-01-20 07:26:01 | INFO     | [DAY_START] Processing 01APR
2026-01-20 07:26:01 | INFO     | [lf.day.start] Processing RUH-ATZ for 01APR
2026-01-20 07:26:04 | INFO     | [lf.day.flights_found] Found 1 flights on 01APR
2026-01-20 07:26:09 | INFO     | [lf.flight.extracted] SM466 on 01APR: BKG=20, LF=11.4%
2026-01-20 07:26:18 | INFO     | [SUCCESS] Day 01APR
2026-01-20 07:26:18 | INFO     | [DAY_START] Processing 31MAR
2026-01-20 07:26:18 | INFO     | [lf.day.start] Processing RUH-ATZ for 31MAR
2026-01-20 07:26:21 | WARNING  | [lf.day.no_flights] No direct flights on 31MAR
2026-01-20 07:26:21 | INFO     | [SUCCESS] Day 31MAR
2026-01-20 07:26:21 | INFO     | [DAY_START] Processing 30MAR
2026-01-20 07:26:21 | INFO     | [lf.day.start] Processing RUH-ATZ for 30MAR
2026-01-20 07:26:23 | WARNING  | [lf.day.no_flights] No direct flights on 30MAR
2026-01-20 07:26:23 | INFO     | [SUCCESS] Day 30MAR
2026-01-20 07:26:23 | INFO     | [DAY_START] Processing 29MAR
2026-01-20 07:26:23 | INFO     | [lf.day.start] Processing RUH-ATZ for 29MAR
2026-01-20 07:26:26 | WARNING  | [lf.day.no_flights] No direct flights on 29MAR
2026-01-20 07:26:26 | INFO     | [SUCCESS] Day 29MAR
2026-01-20 07:26:26 | INFO     | [DAY_START] Processing 28MAR
2026-01-20 07:26:26 | INFO     | [lf.day.start] Processing RUH-ATZ for 28MAR
2026-01-20 07:26:28 | WARNING  | [lf.day.no_flights] No direct flights on 28MAR
2026-01-20 07:26:29 | INFO     | [SUCCESS] Day 28MAR
2026-01-20 07:26:29 | INFO     | [DAY_START] Processing 27MAR
2026-01-20 07:26:29 | INFO     | [lf.day.start] Processing RUH-ATZ for 27MAR
2026-01-20 07:26:32 | WARNING  | [lf.day.no_flights] No direct flights on 27MAR
2026-01-20 07:26:32 | INFO     | [SUCCESS] Day 27MAR
2026-01-20 07:26:32 | INFO     | [SUCCESS] LF Search Complete
2026-01-20 07:26:34 | INFO     | [Worker_9226] Completed: RUH-ATZ - 8 results, 0 errors
2026-01-20 07:26:35 | INFO     | [Worker_9226] Processing: TUU-ATZ
2026-01-20 07:26:35 | INFO     |   Tier 0: Range 3, Chunk 4/4 (8 days)
