2026-01-20 07:58:02 | INFO     | ======================================================================
2026-01-20 07:58:02 | INFO     | Load Factor Scraper Started - Route: RUH-CAI
2026-01-20 07:58:02 | INFO     | Log file: D:\CODERED\LAB\Artifacts\outputs\run_generated_200126_at_06.58\logs\LF_RUH-CAI_20260120_075802.log
2026-01-20 07:58:02 | INFO     | Enhanced logging: Capturing both logging.info() and print()
2026-01-20 07:58:02 | INFO     | ======================================================================
2026-01-20 07:58:02 | INFO     | Starting LF search for route: RUH-CAI
2026-01-20 07:58:02 | INFO     | [START] LF Search
2026-01-20 07:58:03 | INFO     | [HEALTH CHECK] [OK] Chrome connection is healthy
2026-01-20 07:58:03 | INFO     | [DAY_START] Processing 12FEB
2026-01-20 07:58:03 | INFO     | [lf.day.start] Processing RUH-CAI for 12FEB
2026-01-20 07:58:05 | INFO     | [lf.day.flights_found] Found 1 flights on 12FEB
2026-01-20 07:58:07 | INFO     | [lf.flight.extracted] SM462 on 12FEB: BKG=13, LF=7.4%
2026-01-20 07:58:10 | INFO     | [SUCCESS] Day 12FEB
2026-01-20 07:58:10 | INFO     | [DAY_START] Processing 11FEB
2026-01-20 07:58:10 | INFO     | [lf.day.start] Processing RUH-CAI for 11FEB
2026-01-20 07:58:11 | INFO     | [lf.day.flights_found] Found 2 flights on 11FEB
2026-01-20 07:58:13 | INFO     | [lf.flight.extracted] SM462 on 11FEB: BKG=34, LF=19.4%
2026-01-20 07:58:16 | INFO     | [lf.flight.extracted] SM470 on 11FEB: BKG=21, LF=12.6%
2026-01-20 07:58:23 | INFO     | [SUCCESS] Day 11FEB
2026-01-20 07:58:23 | INFO     | [DAY_START] Processing 10FEB
2026-01-20 07:58:23 | INFO     | [lf.day.start] Processing RUH-CAI for 10FEB
2026-01-20 07:58:24 | INFO     | [lf.day.flights_found] Found 1 flights on 10FEB
2026-01-20 07:58:30 | INFO     | [lf.flight.extracted] SM470 on 10FEB: BKG=29, LF=17.4%
2026-01-20 07:58:33 | INFO     | [SUCCESS] Day 10FEB
2026-01-20 07:58:33 | INFO     | [DAY_START] Processing 09FEB
2026-01-20 07:58:33 | INFO     | [lf.day.start] Processing RUH-CAI for 09FEB
2026-01-20 07:58:35 | INFO     | [lf.day.flights_found] Found 1 flights on 09FEB
2026-01-20 07:58:37 | INFO     | [lf.flight.extracted] SM470 on 09FEB: BKG=29, LF=17.4%
2026-01-20 07:58:40 | INFO     | [SUCCESS] Day 09FEB
2026-01-20 07:58:40 | INFO     | [DAY_START] Processing 08FEB
2026-01-20 07:58:40 | INFO     | [lf.day.start] Processing RUH-CAI for 08FEB
2026-01-20 07:58:41 | INFO     | [lf.day.flights_found] Found 1 flights on 08FEB
2026-01-20 07:58:43 | INFO     | [lf.flight.extracted] SM462 on 08FEB: BKG=23, LF=13.1%
2026-01-20 07:58:46 | INFO     | [SUCCESS] Day 08FEB
2026-01-20 07:58:46 | INFO     | [DAY_START] Processing 07FEB
2026-01-20 07:58:46 | INFO     | [lf.day.start] Processing RUH-CAI for 07FEB
2026-01-20 07:58:48 | INFO     | [lf.day.flights_found] Found 1 flights on 07FEB
2026-01-20 07:58:50 | INFO     | [lf.flight.extracted] SM462 on 07FEB: BKG=44, LF=25.1%
2026-01-20 07:58:53 | INFO     | [SUCCESS] Day 07FEB
2026-01-20 07:58:53 | INFO     | [DAY_START] Processing 06FEB
2026-01-20 07:58:53 | INFO     | [lf.day.start] Processing RUH-CAI for 06FEB
2026-01-20 07:58:54 | INFO     | [lf.day.flights_found] Found 2 flights on 06FEB
2026-01-20 07:58:56 | INFO     | [lf.flight.extracted] SM462 on 06FEB: BKG=65, LF=37.1%
2026-01-20 07:59:01 | INFO     | [lf.flight.extracted] SM470 on 06FEB: BKG=46, LF=27.5%
2026-01-20 07:59:09 | INFO     | [SUCCESS] Day 06FEB
2026-01-20 07:59:09 | INFO     | [DAY_START] Processing 05FEB
2026-01-20 07:59:09 | INFO     | [lf.day.start] Processing RUH-CAI for 05FEB
2026-01-20 07:59:10 | INFO     | [lf.day.flights_found] Found 1 flights on 05FEB
2026-01-20 07:59:12 | INFO     | [lf.flight.extracted] SM462 on 05FEB: BKG=62, LF=35.4%
2026-01-20 07:59:16 | INFO     | [SUCCESS] Day 05FEB
2026-01-20 07:59:16 | INFO     | [SUCCESS] LF Search Complete
2026-01-20 07:59:18 | INFO     | [Worker_9227] Completed: RUH-CAI - 8 results, 0 errors
2026-01-20 07:59:18 | INFO     | [Worker_9227] Processing: AHB-ATZ
2026-01-20 07:59:18 | INFO     |   Tier 0: Range 1, Chunk 2/4 (8 days)
