2026-01-20 07:02:58 | INFO     | ======================================================================
2026-01-20 07:02:58 | INFO     | Load Factor Scraper Started - Route: RUH-CAI
2026-01-20 07:02:58 | INFO     | Log file: D:\CODERED\LAB\Artifacts\outputs\run_generated_200126_at_06.58\logs\LF_RUH-CAI_20260120_070258.log
2026-01-20 07:02:58 | INFO     | Enhanced logging: Capturing both logging.info() and print()
2026-01-20 07:02:58 | INFO     | ======================================================================
2026-01-20 07:02:58 | INFO     | Starting LF search for route: RUH-CAI
2026-01-20 07:02:58 | INFO     | [START] LF Search
2026-01-20 07:03:01 | INFO     | [HEALTH CHECK] [OK] Chrome connection is healthy
2026-01-20 07:03:01 | INFO     | [DAY_START] Processing 22MAY
2026-01-20 07:03:01 | INFO     | [lf.day.start] Processing RUH-CAI for 22MAY
2026-01-20 07:03:03 | INFO     | [lf.day.flights_found] Found 1 flights on 22MAY
2026-01-20 07:03:07 | INFO     | [lf.flight.extracted] SM462 on 22MAY: BKG=0, LF=0.0%
2026-01-20 07:03:08 | INFO     | [SUCCESS] Day 22MAY
2026-01-20 07:03:08 | INFO     | [DAY_START] Processing 21MAY
2026-01-20 07:03:08 | INFO     | [lf.day.start] Processing RUH-CAI for 21MAY
2026-01-20 07:03:10 | INFO     | [lf.day.flights_found] Found 1 flights on 21MAY
2026-01-20 07:03:12 | INFO     | [lf.flight.extracted] SM462 on 21MAY: BKG=1, LF=0.6%
2026-01-20 07:03:14 | INFO     | [SUCCESS] Day 21MAY
2026-01-20 07:03:14 | INFO     | [DAY_START] Processing 20MAY
2026-01-20 07:03:14 | INFO     | [lf.day.start] Processing RUH-CAI for 20MAY
2026-01-20 07:03:16 | INFO     | [lf.day.flights_found] Found 1 flights on 20MAY
2026-01-20 07:03:18 | INFO     | [lf.flight.extracted] SM462 on 20MAY: BKG=0, LF=0.0%
2026-01-20 07:03:19 | INFO     | [SUCCESS] Day 20MAY
2026-01-20 07:03:19 | INFO     | [DAY_START] Processing 19MAY
2026-01-20 07:03:19 | INFO     | [lf.day.start] Processing RUH-CAI for 19MAY
2026-01-20 07:03:20 | INFO     | [lf.day.flights_found] Found 1 flights on 19MAY
2026-01-20 07:03:22 | INFO     | [lf.flight.extracted] SM462 on 19MAY: BKG=0, LF=0.0%
2026-01-20 07:03:24 | INFO     | [SUCCESS] Day 19MAY
2026-01-20 07:03:24 | INFO     | [DAY_START] Processing 18MAY
2026-01-20 07:03:24 | INFO     | [lf.day.start] Processing RUH-CAI for 18MAY
2026-01-20 07:03:25 | INFO     | [lf.day.flights_found] Found 1 flights on 18MAY
2026-01-20 07:03:27 | INFO     | [lf.flight.extracted] SM462 on 18MAY: BKG=0, LF=0.0%
2026-01-20 07:03:28 | INFO     | [SUCCESS] Day 18MAY
2026-01-20 07:03:28 | INFO     | [DAY_START] Processing 17MAY
2026-01-20 07:03:28 | INFO     | [lf.day.start] Processing RUH-CAI for 17MAY
2026-01-20 07:03:29 | INFO     | [lf.day.flights_found] Found 1 flights on 17MAY
2026-01-20 07:03:31 | INFO     | [lf.flight.extracted] SM462 on 17MAY: BKG=0, LF=0.0%
2026-01-20 07:03:33 | INFO     | [SUCCESS] Day 17MAY
2026-01-20 07:03:33 | INFO     | [DAY_START] Processing 16MAY
2026-01-20 07:03:33 | INFO     | [lf.day.start] Processing RUH-CAI for 16MAY
2026-01-20 07:03:34 | INFO     | [lf.day.flights_found] Found 1 flights on 16MAY
2026-01-20 07:03:36 | INFO     | [lf.flight.extracted] SM462 on 16MAY: BKG=0, LF=0.0%
2026-01-20 07:03:37 | INFO     | [SUCCESS] Day 16MAY
2026-01-20 07:03:37 | INFO     | [DAY_START] Processing 15MAY
2026-01-20 07:03:37 | INFO     | [lf.day.start] Processing RUH-CAI for 15MAY
2026-01-20 07:03:38 | INFO     | [lf.day.flights_found] Found 1 flights on 15MAY
2026-01-20 07:03:40 | INFO     | [lf.flight.extracted] SM462 on 15MAY: BKG=0, LF=0.0%
2026-01-20 07:03:41 | INFO     | [SUCCESS] Day 15MAY
2026-01-20 07:03:41 | INFO     | [SUCCESS] LF Search Complete
2026-01-20 07:03:43 | INFO     | [Worker_9233] Completed: RUH-CAI - 8 results, 0 errors
2026-01-20 07:03:43 | INFO     | [Worker_9233] Processing: ELQ-ATZ
2026-01-20 07:03:43 | INFO     |   Tier 0: Range 4, Chunk 2/4 (8 days)
