2026-01-20 08:08:13 | INFO     | ======================================================================
2026-01-20 08:08:13 | INFO     | Load Factor Scraper Started - Route: RUH-CAI
2026-01-20 08:08:13 | INFO     | Log file: D:\CODERED\LAB\Artifacts\outputs\run_generated_200126_at_06.58\logs\LF_RUH-CAI_20260120_080813.log
2026-01-20 08:08:13 | INFO     | Enhanced logging: Capturing both logging.info() and print()
2026-01-20 08:08:13 | INFO     | ======================================================================
2026-01-20 08:08:13 | INFO     | Starting LF search for route: RUH-CAI
2026-01-20 08:08:13 | INFO     | [START] LF Search
2026-01-20 08:08:14 | INFO     | [HEALTH CHECK] [OK] Chrome connection is healthy
2026-01-20 08:08:14 | INFO     | [DAY_START] Processing 27JAN
2026-01-20 08:08:14 | INFO     | [lf.day.start] Processing RUH-CAI for 27JAN
2026-01-20 08:08:15 | INFO     | [lf.day.flights_found] Found 1 flights on 27JAN
2026-01-20 08:08:17 | INFO     | [lf.flight.extracted] SM470 on 27JAN: BKG=57, LF=32.0%
2026-01-20 08:08:22 | INFO     | [SUCCESS] Day 27JAN
2026-01-20 08:08:22 | INFO     | [DAY_START] Processing 26JAN
2026-01-20 08:08:22 | INFO     | [lf.day.start] Processing RUH-CAI for 26JAN
2026-01-20 08:08:24 | INFO     | [lf.day.flights_found] Found 1 flights on 26JAN
2026-01-20 08:08:26 | INFO     | [lf.flight.extracted] SM470 on 26JAN: BKG=27, LF=16.2%
2026-01-20 08:08:30 | INFO     | [SUCCESS] Day 26JAN
2026-01-20 08:08:30 | INFO     | [DAY_START] Processing 25JAN
2026-01-20 08:08:30 | INFO     | [lf.day.start] Processing RUH-CAI for 25JAN
2026-01-20 08:08:31 | INFO     | [lf.day.flights_found] Found 1 flights on 25JAN
2026-01-20 08:08:33 | INFO     | [lf.flight.extracted] SM462 on 25JAN: BKG=65, LF=37.1%
2026-01-20 08:08:38 | INFO     | [SUCCESS] Day 25JAN
2026-01-20 08:08:38 | INFO     | [DAY_START] Processing 24JAN
2026-01-20 08:08:38 | INFO     | [lf.day.start] Processing RUH-CAI for 24JAN
2026-01-20 08:08:39 | INFO     | [lf.day.flights_found] Found 1 flights on 24JAN
2026-01-20 08:08:41 | INFO     | [lf.flight.extracted] SM462 on 24JAN: BKG=60, LF=34.3%
2026-01-20 08:08:48 | INFO     | [SUCCESS] Day 24JAN
2026-01-20 08:08:48 | INFO     | [DAY_START] Processing 23JAN
2026-01-20 08:08:48 | INFO     | [lf.day.start] Processing RUH-CAI for 23JAN
2026-01-20 08:08:50 | INFO     | [lf.day.flights_found] Found 2 flights on 23JAN
2026-01-20 08:08:53 | INFO     | [lf.flight.extracted] SM462 on 23JAN: BKG=80, LF=45.7%
2026-01-20 08:08:57 | INFO     | [lf.flight.extracted] SM470 on 23JAN: BKG=45, LF=27.0%
2026-01-20 08:09:08 | INFO     | [SUCCESS] Day 23JAN
2026-01-20 08:09:08 | INFO     | [DAY_START] Processing 22JAN
2026-01-20 08:09:08 | INFO     | [lf.day.start] Processing RUH-CAI for 22JAN
2026-01-20 08:09:09 | INFO     | [lf.day.flights_found] Found 1 flights on 22JAN
2026-01-20 08:09:11 | INFO     | [lf.flight.extracted] SM462 on 22JAN: BKG=103, LF=58.9%
2026-01-20 08:09:17 | INFO     | [SUCCESS] Day 22JAN
2026-01-20 08:09:17 | INFO     | [DAY_START] Processing 21JAN
2026-01-20 08:09:17 | INFO     | [lf.day.start] Processing RUH-CAI for 21JAN
2026-01-20 08:09:18 | INFO     | [lf.day.flights_found] Found 2 flights on 21JAN
2026-01-20 08:09:20 | INFO     | [lf.flight.extracted] SM462 on 21JAN: BKG=97, LF=55.4%
2026-01-20 08:09:23 | INFO     | [lf.flight.extracted] SM470 on 21JAN: BKG=39, LF=23.4%
2026-01-20 08:09:33 | INFO     | [SUCCESS] Day 21JAN
2026-01-20 08:09:33 | INFO     | [SUCCESS] LF Search Complete
2026-01-20 08:09:35 | INFO     | [Worker_9234] Completed: RUH-CAI - 7 results, 0 errors
2026-01-20 08:09:35 | INFO     | [Worker_9234] Processing: ELQ-CAI
2026-01-20 08:09:35 | INFO     |   Tier 0: Range 1, Chunk 4/4 (8 days)
