2026-01-20 07:16:33 | INFO     | ======================================================================
2026-01-20 07:16:33 | INFO     | Load Factor Scraper Started - Route: RUH-ATZ
2026-01-20 07:16:33 | INFO     | Log file: D:\CODERED\LAB\Artifacts\outputs\run_generated_200126_at_06.58\logs\LF_RUH-ATZ_20260120_071633.log
2026-01-20 07:16:33 | INFO     | Enhanced logging: Capturing both logging.info() and print()
2026-01-20 07:16:33 | INFO     | ======================================================================
2026-01-20 07:16:33 | INFO     | Starting LF search for route: RUH-ATZ
2026-01-20 07:16:33 | INFO     | [START] LF Search
2026-01-20 07:16:40 | INFO     | [HEALTH CHECK] [OK] Chrome connection is healthy
2026-01-20 07:16:40 | INFO     | [DAY_START] Processing 19APR
2026-01-20 07:16:40 | INFO     | [lf.day.start] Processing RUH-ATZ for 19APR
2026-01-20 07:16:42 | WARNING  | [lf.day.no_flights] No direct flights on 19APR
2026-01-20 07:16:42 | INFO     | [SUCCESS] Day 19APR
2026-01-20 07:16:42 | INFO     | [DAY_START] Processing 18APR
2026-01-20 07:16:42 | INFO     | [lf.day.start] Processing RUH-ATZ for 18APR
2026-01-20 07:16:44 | WARNING  | [lf.day.no_flights] No direct flights on 18APR
2026-01-20 07:16:44 | INFO     | [SUCCESS] Day 18APR
2026-01-20 07:16:44 | INFO     | [DAY_START] Processing 17APR
2026-01-20 07:16:44 | INFO     | [lf.day.start] Processing RUH-ATZ for 17APR
2026-01-20 07:16:46 | WARNING  | [lf.day.no_flights] No direct flights on 17APR
2026-01-20 07:16:46 | INFO     | [SUCCESS] Day 17APR
2026-01-20 07:16:46 | INFO     | [DAY_START] Processing 16APR
2026-01-20 07:16:46 | INFO     | [lf.day.start] Processing RUH-ATZ for 16APR
2026-01-20 07:16:48 | WARNING  | [lf.day.no_flights] No direct flights on 16APR
2026-01-20 07:16:49 | INFO     | [SUCCESS] Day 16APR
2026-01-20 07:16:49 | INFO     | [DAY_START] Processing 15APR
2026-01-20 07:16:49 | INFO     | [lf.day.start] Processing RUH-ATZ for 15APR
2026-01-20 07:16:50 | INFO     | [lf.day.flights_found] Found 1 flights on 15APR
2026-01-20 07:16:53 | INFO     | [lf.flight.extracted] SM466 on 15APR: BKG=9, LF=5.1%
2026-01-20 07:16:59 | INFO     | [SUCCESS] Day 15APR
2026-01-20 07:16:59 | INFO     | [DAY_START] Processing 14APR
2026-01-20 07:16:59 | INFO     | [lf.day.start] Processing RUH-ATZ for 14APR
2026-01-20 07:17:01 | WARNING  | [lf.day.no_flights] No direct flights on 14APR
2026-01-20 07:17:02 | INFO     | [SUCCESS] Day 14APR
2026-01-20 07:17:02 | INFO     | [DAY_START] Processing 13APR
2026-01-20 07:17:02 | INFO     | [lf.day.start] Processing RUH-ATZ for 13APR
2026-01-20 07:17:04 | WARNING  | [lf.day.no_flights] No direct flights on 13APR
2026-01-20 07:17:04 | INFO     | [SUCCESS] Day 13APR
2026-01-20 07:17:04 | INFO     | [DAY_START] Processing 12APR
2026-01-20 07:17:04 | INFO     | [lf.day.start] Processing RUH-ATZ for 12APR
2026-01-20 07:17:06 | WARNING  | [lf.day.no_flights] No direct flights on 12APR
2026-01-20 07:17:06 | INFO     | [SUCCESS] Day 12APR
2026-01-20 07:17:06 | INFO     | [SUCCESS] LF Search Complete
2026-01-20 07:17:08 | INFO     | [Worker_9233] Completed: RUH-ATZ - 8 results, 0 errors
2026-01-20 07:17:08 | INFO     | [Worker_9233] Processing: TUU-ATZ
2026-01-20 07:17:08 | INFO     |   Tier 0: Range 3, Chunk 2/4 (8 days)
