2026-01-20 08:09:04 | INFO     | ======================================================================
2026-01-20 08:09:04 | INFO     | Load Factor Scraper Started - Route: TUU-ATZ
2026-01-20 08:09:04 | INFO     | Log file: D:\CODERED\LAB\Artifacts\outputs\run_generated_200126_at_06.58\logs\LF_TUU-ATZ_20260120_080904.log
2026-01-20 08:09:04 | INFO     | Enhanced logging: Capturing both logging.info() and print()
2026-01-20 08:09:04 | INFO     | ======================================================================
2026-01-20 08:09:04 | INFO     | Starting LF search for route: TUU-ATZ
2026-01-20 08:09:04 | INFO     | [START] LF Search
2026-01-20 08:09:06 | INFO     | [HEALTH CHECK] [OK] Chrome connection is healthy
2026-01-20 08:09:06 | INFO     | [DAY_START] Processing 27JAN
2026-01-20 08:09:06 | INFO     | [lf.day.start] Processing TUU-ATZ for 27JAN
2026-01-20 08:09:07 | WARNING  | [lf.day.no_flights] No direct flights on 27JAN
2026-01-20 08:09:08 | INFO     | [SUCCESS] Day 27JAN
2026-01-20 08:09:08 | INFO     | [DAY_START] Processing 26JAN
2026-01-20 08:09:08 | INFO     | [lf.day.start] Processing TUU-ATZ for 26JAN
2026-01-20 08:09:09 | WARNING  | [lf.day.no_flights] No direct flights on 26JAN
2026-01-20 08:09:09 | INFO     | [SUCCESS] Day 26JAN
2026-01-20 08:09:09 | INFO     | [DAY_START] Processing 25JAN
2026-01-20 08:09:09 | INFO     | [lf.day.start] Processing TUU-ATZ for 25JAN
2026-01-20 08:09:10 | WARNING  | [lf.day.no_flights] No direct flights on 25JAN
2026-01-20 08:09:10 | INFO     | [SUCCESS] Day 25JAN
2026-01-20 08:09:10 | INFO     | [DAY_START] Processing 24JAN
2026-01-20 08:09:10 | INFO     | [lf.day.start] Processing TUU-ATZ for 24JAN
2026-01-20 08:09:11 | WARNING  | [lf.day.no_flights] No direct flights on 24JAN
2026-01-20 08:09:11 | INFO     | [SUCCESS] Day 24JAN
2026-01-20 08:09:11 | INFO     | [DAY_START] Processing 23JAN
2026-01-20 08:09:11 | INFO     | [lf.day.start] Processing TUU-ATZ for 23JAN
2026-01-20 08:09:12 | INFO     | [lf.day.flights_found] Found 1 flights on 23JAN
2026-01-20 08:09:14 | INFO     | [lf.flight.extracted] SM328 on 23JAN: BKG=101, LF=57.7%
2026-01-20 08:09:20 | INFO     | [SUCCESS] Day 23JAN
2026-01-20 08:09:20 | INFO     | [DAY_START] Processing 22JAN
2026-01-20 08:09:20 | INFO     | [lf.day.start] Processing TUU-ATZ for 22JAN
2026-01-20 08:09:21 | WARNING  | [lf.day.no_flights] No direct flights on 22JAN
2026-01-20 08:09:21 | INFO     | [SUCCESS] Day 22JAN
2026-01-20 08:09:21 | INFO     | [DAY_START] Processing 21JAN
2026-01-20 08:09:21 | INFO     | [lf.day.start] Processing TUU-ATZ for 21JAN
2026-01-20 08:09:23 | WARNING  | [lf.day.no_flights] No direct flights on 21JAN
2026-01-20 08:09:23 | INFO     | [SUCCESS] Day 21JAN
2026-01-20 08:09:23 | INFO     | [SUCCESS] LF Search Complete
2026-01-20 08:09:25 | INFO     | [Worker_9233] Completed: TUU-ATZ - 7 results, 0 errors
2026-01-20 08:09:25 | INFO     | [Worker_9233] Processing: YNB-CAI
2026-01-20 08:09:25 | INFO     |   Tier 0: Range 1, Chunk 4/4 (8 days)
