2026-01-20 07:33:26 | INFO     | ======================================================================
2026-01-20 07:33:26 | INFO     | Load Factor Scraper Started - Route: TUU-CAI
2026-01-20 07:33:26 | INFO     | Log file: D:\CODERED\LAB\Artifacts\outputs\run_generated_200126_at_06.58\logs\LF_TUU-CAI_20260120_073326.log
2026-01-20 07:33:26 | INFO     | Enhanced logging: Capturing both logging.info() and print()
2026-01-20 07:33:26 | INFO     | ======================================================================
2026-01-20 07:33:26 | INFO     | Starting LF search for route: TUU-CAI
2026-01-20 07:33:26 | INFO     | [START] LF Search
2026-01-20 07:33:29 | INFO     | [HEALTH CHECK] [OK] Chrome connection is healthy
2026-01-20 07:33:30 | INFO     | [DAY_START] Processing 26MAR
2026-01-20 07:33:30 | INFO     | [lf.day.start] Processing TUU-CAI for 26MAR
2026-01-20 07:33:31 | INFO     | [lf.day.flights_found] Found 1 flights on 26MAR
2026-01-20 07:33:34 | INFO     | [lf.flight.extracted] SM326 on 26MAR: BKG=0, LF=0.0%
2026-01-20 07:33:35 | INFO     | [SUCCESS] Day 26MAR
2026-01-20 07:33:35 | INFO     | [DAY_START] Processing 25MAR
2026-01-20 07:33:35 | INFO     | [lf.day.start] Processing TUU-CAI for 25MAR
2026-01-20 07:33:37 | INFO     | [lf.day.flights_found] Found 1 flights on 25MAR
2026-01-20 07:33:40 | INFO     | [lf.flight.extracted] SM326 on 25MAR: BKG=2, LF=1.1%
2026-01-20 07:33:43 | INFO     | [SUCCESS] Day 25MAR
2026-01-20 07:33:43 | INFO     | [DAY_START] Processing 24MAR
2026-01-20 07:33:43 | INFO     | [lf.day.start] Processing TUU-CAI for 24MAR
2026-01-20 07:33:44 | WARNING  | [lf.day.no_flights] No direct flights on 24MAR
2026-01-20 07:33:45 | INFO     | [SUCCESS] Day 24MAR
2026-01-20 07:33:45 | INFO     | [DAY_START] Processing 23MAR
2026-01-20 07:33:45 | INFO     | [lf.day.start] Processing TUU-CAI for 23MAR
2026-01-20 07:33:46 | WARNING  | [lf.day.no_flights] No direct flights on 23MAR
2026-01-20 07:33:46 | INFO     | [SUCCESS] Day 23MAR
2026-01-20 07:33:46 | INFO     | [DAY_START] Processing 22MAR
2026-01-20 07:33:46 | INFO     | [lf.day.start] Processing TUU-CAI for 22MAR
2026-01-20 07:33:47 | WARNING  | [lf.day.no_flights] No direct flights on 22MAR
2026-01-20 07:33:48 | INFO     | [SUCCESS] Day 22MAR
2026-01-20 07:33:48 | INFO     | [DAY_START] Processing 21MAR
2026-01-20 07:33:48 | INFO     | [lf.day.start] Processing TUU-CAI for 21MAR
2026-01-20 07:33:49 | INFO     | [lf.day.flights_found] Found 1 flights on 21MAR
2026-01-20 07:33:52 | INFO     | [lf.flight.extracted] SM326 on 21MAR: BKG=8, LF=7.6%
2026-01-20 07:33:56 | INFO     | [SUCCESS] Day 21MAR
2026-01-20 07:33:56 | INFO     | [DAY_START] Processing 20MAR
2026-01-20 07:33:56 | INFO     | [lf.day.start] Processing TUU-CAI for 20MAR
2026-01-20 07:33:57 | WARNING  | [lf.day.no_flights] No direct flights on 20MAR
2026-01-20 07:33:57 | INFO     | [SUCCESS] Day 20MAR
2026-01-20 07:33:57 | INFO     | [DAY_START] Processing 19MAR
2026-01-20 07:33:57 | INFO     | [lf.day.start] Processing TUU-CAI for 19MAR
2026-01-20 07:33:59 | INFO     | [lf.day.flights_found] Found 1 flights on 19MAR
2026-01-20 07:34:02 | INFO     | [lf.flight.extracted] SM326 on 19MAR: BKG=9, LF=5.1%
2026-01-20 07:34:06 | INFO     | [SUCCESS] Day 19MAR
2026-01-20 07:34:06 | INFO     | [DAY_START] Processing 18MAR
2026-01-20 07:34:06 | INFO     | [lf.day.start] Processing TUU-CAI for 18MAR
2026-01-20 07:34:07 | INFO     | [lf.day.flights_found] Found 1 flights on 18MAR
2026-01-20 07:34:10 | INFO     | [lf.flight.extracted] SM326 on 18MAR: BKG=14, LF=8.0%
2026-01-20 07:34:15 | INFO     | [SUCCESS] Day 18MAR
2026-01-20 07:34:15 | INFO     | [SUCCESS] LF Search Complete
2026-01-20 07:34:17 | INFO     | [Worker_9232] Completed: TUU-CAI - 9 results, 0 errors
2026-01-20 07:34:17 | INFO     | [Worker_9232] Processing: AHB-ATZ
2026-01-20 07:34:17 | INFO     |   Tier 0: Range 2, Chunk 1/4 (9 days)
