2026-01-20 07:16:53 | INFO     | ======================================================================
2026-01-20 07:16:53 | INFO     | Load Factor Scraper Started - Route: TUU-CAI
2026-01-20 07:16:53 | INFO     | Log file: D:\CODERED\LAB\Artifacts\outputs\run_generated_200126_at_06.58\logs\LF_TUU-CAI_20260120_071653.log
2026-01-20 07:16:53 | INFO     | Enhanced logging: Capturing both logging.info() and print()
2026-01-20 07:16:53 | INFO     | ======================================================================
2026-01-20 07:16:53 | INFO     | Starting LF search for route: TUU-CAI
2026-01-20 07:16:53 | INFO     | [START] LF Search
2026-01-20 07:16:57 | INFO     | [HEALTH CHECK] [OK] Chrome connection is healthy
2026-01-20 07:16:57 | INFO     | [DAY_START] Processing 19APR
2026-01-20 07:16:57 | INFO     | [lf.day.start] Processing TUU-CAI for 19APR
2026-01-20 07:17:00 | WARNING  | [lf.day.no_flights] No direct flights on 19APR
2026-01-20 07:17:00 | INFO     | [SUCCESS] Day 19APR
2026-01-20 07:17:00 | INFO     | [DAY_START] Processing 18APR
2026-01-20 07:17:00 | INFO     | [lf.day.start] Processing TUU-CAI for 18APR
2026-01-20 07:17:02 | INFO     | [lf.day.flights_found] Found 1 flights on 18APR
2026-01-20 07:17:07 | INFO     | [lf.flight.extracted] SM326 on 18APR: BKG=0, LF=0.0%
2026-01-20 07:17:09 | INFO     | [SUCCESS] Day 18APR
2026-01-20 07:17:09 | INFO     | [DAY_START] Processing 17APR
2026-01-20 07:17:09 | INFO     | [lf.day.start] Processing TUU-CAI for 17APR
2026-01-20 07:17:12 | INFO     | [lf.day.flights_found] Found 1 flights on 17APR
2026-01-20 07:17:17 | INFO     | [lf.flight.extracted] SM326 on 17APR: BKG=0, LF=0.0%
2026-01-20 07:17:19 | INFO     | [SUCCESS] Day 17APR
2026-01-20 07:17:19 | INFO     | [DAY_START] Processing 16APR
2026-01-20 07:17:19 | INFO     | [lf.day.start] Processing TUU-CAI for 16APR
2026-01-20 07:17:20 | INFO     | [lf.day.flights_found] Found 1 flights on 16APR
2026-01-20 07:17:22 | INFO     | [lf.flight.extracted] SM326 on 16APR: BKG=1, LF=0.6%
2026-01-20 07:17:24 | INFO     | [SUCCESS] Day 16APR
2026-01-20 07:17:24 | INFO     | [DAY_START] Processing 15APR
2026-01-20 07:17:24 | INFO     | [lf.day.start] Processing TUU-CAI for 15APR
2026-01-20 07:17:25 | WARNING  | [lf.day.no_flights] No direct flights on 15APR
2026-01-20 07:17:26 | INFO     | [SUCCESS] Day 15APR
2026-01-20 07:17:26 | INFO     | [DAY_START] Processing 14APR
2026-01-20 07:17:26 | INFO     | [lf.day.start] Processing TUU-CAI for 14APR
2026-01-20 07:17:27 | INFO     | [lf.day.flights_found] Found 1 flights on 14APR
2026-01-20 07:17:29 | INFO     | [lf.flight.extracted] SM326 on 14APR: BKG=0, LF=0.0%
2026-01-20 07:17:30 | INFO     | [SUCCESS] Day 14APR
2026-01-20 07:17:30 | INFO     | [DAY_START] Processing 13APR
2026-01-20 07:17:30 | INFO     | [lf.day.start] Processing TUU-CAI for 13APR
2026-01-20 07:17:31 | WARNING  | [lf.day.no_flights] No direct flights on 13APR
2026-01-20 07:17:31 | INFO     | [SUCCESS] Day 13APR
2026-01-20 07:17:31 | INFO     | [DAY_START] Processing 12APR
2026-01-20 07:17:31 | INFO     | [lf.day.start] Processing TUU-CAI for 12APR
2026-01-20 07:17:32 | WARNING  | [lf.day.no_flights] No direct flights on 12APR
2026-01-20 07:17:32 | INFO     | [SUCCESS] Day 12APR
2026-01-20 07:17:32 | INFO     | [SUCCESS] LF Search Complete
2026-01-20 07:17:34 | INFO     | [Worker_9223] Completed: TUU-CAI - 8 results, 0 errors
2026-01-20 07:17:34 | INFO     | [Worker_9223] Processing: ELQ-CAI
2026-01-20 07:17:34 | INFO     |   Tier 0: Range 3, Chunk 2/4 (8 days)
