2026-01-20 07:26:35 | INFO     | ======================================================================
2026-01-20 07:26:35 | INFO     | Load Factor Scraper Started - Route: TUU-ATZ
2026-01-20 07:26:35 | INFO     | Log file: D:\CODERED\LAB\Artifacts\outputs\run_generated_200126_at_06.58\logs\LF_TUU-ATZ_20260120_072635.log
2026-01-20 07:26:35 | INFO     | Enhanced logging: Capturing both logging.info() and print()
2026-01-20 07:26:35 | INFO     | ======================================================================
2026-01-20 07:26:35 | INFO     | Starting LF search for route: TUU-ATZ
2026-01-20 07:26:35 | INFO     | [START] LF Search
2026-01-20 07:26:40 | INFO     | [HEALTH CHECK] [OK] Chrome connection is healthy
2026-01-20 07:26:40 | INFO     | [DAY_START] Processing 03APR
2026-01-20 07:26:40 | INFO     | [lf.day.start] Processing TUU-ATZ for 03APR
2026-01-20 07:26:43 | WARNING  | [lf.day.no_flights] No direct flights on 03APR
2026-01-20 07:26:43 | INFO     | [SUCCESS] Day 03APR
2026-01-20 07:26:43 | INFO     | [DAY_START] Processing 02APR
2026-01-20 07:26:43 | INFO     | [lf.day.start] Processing TUU-ATZ for 02APR
2026-01-20 07:26:46 | WARNING  | [lf.day.no_flights] No direct flights on 02APR
2026-01-20 07:26:46 | INFO     | [SUCCESS] Day 02APR
2026-01-20 07:26:46 | INFO     | [DAY_START] Processing 01APR
2026-01-20 07:26:46 | INFO     | [lf.day.start] Processing TUU-ATZ for 01APR
2026-01-20 07:26:48 | WARNING  | [lf.day.no_flights] No direct flights on 01APR
2026-01-20 07:26:48 | INFO     | [SUCCESS] Day 01APR
2026-01-20 07:26:48 | INFO     | [DAY_START] Processing 31MAR
2026-01-20 07:26:48 | INFO     | [lf.day.start] Processing TUU-ATZ for 31MAR
2026-01-20 07:26:50 | WARNING  | [lf.day.no_flights] No direct flights on 31MAR
2026-01-20 07:26:50 | INFO     | [SUCCESS] Day 31MAR
2026-01-20 07:26:50 | INFO     | [DAY_START] Processing 30MAR
2026-01-20 07:26:50 | INFO     | [lf.day.start] Processing TUU-ATZ for 30MAR
2026-01-20 07:26:52 | WARNING  | [lf.day.no_flights] No direct flights on 30MAR
2026-01-20 07:26:52 | INFO     | [SUCCESS] Day 30MAR
2026-01-20 07:26:52 | INFO     | [DAY_START] Processing 29MAR
2026-01-20 07:26:52 | INFO     | [lf.day.start] Processing TUU-ATZ for 29MAR
2026-01-20 07:26:54 | WARNING  | [lf.day.no_flights] No direct flights on 29MAR
2026-01-20 07:26:54 | INFO     | [SUCCESS] Day 29MAR
2026-01-20 07:26:54 | INFO     | [DAY_START] Processing 28MAR
2026-01-20 07:26:54 | INFO     | [lf.day.start] Processing TUU-ATZ for 28MAR
2026-01-20 07:26:56 | WARNING  | [lf.day.no_flights] No direct flights on 28MAR
2026-01-20 07:26:56 | INFO     | [SUCCESS] Day 28MAR
2026-01-20 07:26:56 | INFO     | [DAY_START] Processing 27MAR
2026-01-20 07:26:56 | INFO     | [lf.day.start] Processing TUU-ATZ for 27MAR
2026-01-20 07:26:59 | INFO     | [lf.day.flights_found] Found 1 flights on 27MAR
2026-01-20 07:27:04 | INFO     | [lf.flight.extracted] SM328 on 27MAR: BKG=0, LF=0.0%
2026-01-20 07:27:06 | INFO     | [SUCCESS] Day 27MAR
2026-01-20 07:27:06 | INFO     | [SUCCESS] LF Search Complete
2026-01-20 07:27:08 | INFO     | [Worker_9226] Completed: TUU-ATZ - 8 results, 0 errors
2026-01-20 07:27:08 | INFO     | [Worker_9226] Processing: AJF-CAI
2026-01-20 07:27:08 | INFO     |   Tier 0: Range 3, Chunk 4/4 (8 days)
