2026-01-20 07:26:31 | INFO     | ======================================================================
2026-01-20 07:26:31 | INFO     | Load Factor Scraper Started - Route: TUU-CAI
2026-01-20 07:26:31 | INFO     | Log file: D:\CODERED\LAB\Artifacts\outputs\run_generated_200126_at_06.58\logs\LF_TUU-CAI_20260120_072631.log
2026-01-20 07:26:31 | INFO     | Enhanced logging: Capturing both logging.info() and print()
2026-01-20 07:26:31 | INFO     | ======================================================================
2026-01-20 07:26:31 | INFO     | Starting LF search for route: TUU-CAI
2026-01-20 07:26:31 | INFO     | [START] LF Search
2026-01-20 07:26:38 | INFO     | [HEALTH CHECK] [OK] Chrome connection is healthy
2026-01-20 07:26:39 | INFO     | [DAY_START] Processing 03APR
2026-01-20 07:26:39 | INFO     | [lf.day.start] Processing TUU-CAI for 03APR
2026-01-20 07:26:45 | INFO     | [lf.day.flights_found] Found 1 flights on 03APR
2026-01-20 07:26:51 | INFO     | [lf.flight.extracted] SM326 on 03APR: BKG=6, LF=3.6%
2026-01-20 07:27:00 | INFO     | [SUCCESS] Day 03APR
2026-01-20 07:27:00 | INFO     | [DAY_START] Processing 02APR
2026-01-20 07:27:00 | INFO     | [lf.day.start] Processing TUU-CAI for 02APR
2026-01-20 07:27:05 | INFO     | [lf.day.flights_found] Found 1 flights on 02APR
2026-01-20 07:27:13 | INFO     | [lf.flight.extracted] SM326 on 02APR: BKG=3, LF=1.7%
2026-01-20 07:27:23 | INFO     | [SUCCESS] Day 02APR
2026-01-20 07:27:23 | INFO     | [DAY_START] Processing 01APR
2026-01-20 07:27:23 | INFO     | [lf.day.start] Processing TUU-CAI for 01APR
2026-01-20 07:27:27 | WARNING  | [lf.day.no_flights] No direct flights on 01APR
2026-01-20 07:27:27 | INFO     | [SUCCESS] Day 01APR
2026-01-20 07:27:27 | INFO     | [DAY_START] Processing 31MAR
2026-01-20 07:27:27 | INFO     | [lf.day.start] Processing TUU-CAI for 31MAR
2026-01-20 07:27:32 | INFO     | [lf.day.flights_found] Found 1 flights on 31MAR
2026-01-20 07:27:45 | INFO     | [lf.flight.extracted] SM326 on 31MAR: BKG=3, LF=1.7%
2026-01-20 07:28:04 | INFO     | [SUCCESS] Day 31MAR
2026-01-20 07:28:04 | INFO     | [DAY_START] Processing 30MAR
2026-01-20 07:28:04 | INFO     | [lf.day.start] Processing TUU-CAI for 30MAR
2026-01-20 07:28:06 | WARNING  | [lf.day.no_flights] No direct flights on 30MAR
2026-01-20 07:28:06 | INFO     | [SUCCESS] Day 30MAR
2026-01-20 07:28:06 | INFO     | [DAY_START] Processing 29MAR
2026-01-20 07:28:06 | INFO     | [lf.day.start] Processing TUU-CAI for 29MAR
2026-01-20 07:28:08 | WARNING  | [lf.day.no_flights] No direct flights on 29MAR
2026-01-20 07:28:08 | INFO     | [SUCCESS] Day 29MAR
2026-01-20 07:28:08 | INFO     | [DAY_START] Processing 28MAR
2026-01-20 07:28:08 | INFO     | [lf.day.start] Processing TUU-CAI for 28MAR
2026-01-20 07:28:12 | INFO     | [lf.day.flights_found] Found 1 flights on 28MAR
2026-01-20 07:28:16 | INFO     | [lf.flight.extracted] SM326 on 28MAR: BKG=3, LF=1.7%
2026-01-20 07:28:20 | INFO     | [SUCCESS] Day 28MAR
2026-01-20 07:28:20 | INFO     | [DAY_START] Processing 27MAR
2026-01-20 07:28:20 | INFO     | [lf.day.start] Processing TUU-CAI for 27MAR
2026-01-20 07:28:22 | WARNING  | [lf.day.no_flights] No direct flights on 27MAR
2026-01-20 07:28:22 | INFO     | [SUCCESS] Day 27MAR
2026-01-20 07:28:22 | INFO     | [SUCCESS] LF Search Complete
2026-01-20 07:28:24 | INFO     | [Worker_9222] Completed: TUU-CAI - 8 results, 0 errors
2026-01-20 07:28:24 | INFO     | [Worker_9222] Processing: GIZ-CAI
2026-01-20 07:28:24 | INFO     |   Tier 0: Range 3, Chunk 4/4 (8 days)
