2026-01-20 07:39:27 | INFO     | ======================================================================
2026-01-20 07:39:27 | INFO     | Load Factor Scraper Started - Route: TUU-ATZ
2026-01-20 07:39:27 | INFO     | Log file: D:\CODERED\LAB\Artifacts\outputs\run_generated_200126_at_06.58\logs\LF_TUU-ATZ_20260120_073927.log
2026-01-20 07:39:27 | INFO     | Enhanced logging: Capturing both logging.info() and print()
2026-01-20 07:39:27 | INFO     | ======================================================================
2026-01-20 07:39:27 | INFO     | Starting LF search for route: TUU-ATZ
2026-01-20 07:39:27 | INFO     | [START] LF Search
2026-01-20 07:39:29 | INFO     | [HEALTH CHECK] [OK] Chrome connection is healthy
2026-01-20 07:39:29 | INFO     | [DAY_START] Processing 17MAR
2026-01-20 07:39:29 | INFO     | [lf.day.start] Processing TUU-ATZ for 17MAR
2026-01-20 07:39:30 | WARNING  | [lf.day.no_flights] No direct flights on 17MAR
2026-01-20 07:39:30 | INFO     | [SUCCESS] Day 17MAR
2026-01-20 07:39:30 | INFO     | [DAY_START] Processing 16MAR
2026-01-20 07:39:30 | INFO     | [lf.day.start] Processing TUU-ATZ for 16MAR
2026-01-20 07:39:31 | WARNING  | [lf.day.no_flights] No direct flights on 16MAR
2026-01-20 07:39:31 | INFO     | [SUCCESS] Day 16MAR
2026-01-20 07:39:31 | INFO     | [DAY_START] Processing 15MAR
2026-01-20 07:39:31 | INFO     | [lf.day.start] Processing TUU-ATZ for 15MAR
2026-01-20 07:39:32 | WARNING  | [lf.day.no_flights] No direct flights on 15MAR
2026-01-20 07:39:32 | INFO     | [SUCCESS] Day 15MAR
2026-01-20 07:39:32 | INFO     | [DAY_START] Processing 14MAR
2026-01-20 07:39:32 | INFO     | [lf.day.start] Processing TUU-ATZ for 14MAR
2026-01-20 07:39:34 | WARNING  | [lf.day.no_flights] No direct flights on 14MAR
2026-01-20 07:39:34 | INFO     | [SUCCESS] Day 14MAR
2026-01-20 07:39:34 | INFO     | [DAY_START] Processing 13MAR
2026-01-20 07:39:34 | INFO     | [lf.day.start] Processing TUU-ATZ for 13MAR
2026-01-20 07:39:35 | INFO     | [lf.day.flights_found] Found 1 flights on 13MAR
2026-01-20 07:39:37 | INFO     | [lf.flight.extracted] SM328 on 13MAR: BKG=12, LF=7.2%
2026-01-20 07:39:40 | INFO     | [SUCCESS] Day 13MAR
2026-01-20 07:39:40 | INFO     | [DAY_START] Processing 12MAR
2026-01-20 07:39:40 | INFO     | [lf.day.start] Processing TUU-ATZ for 12MAR
2026-01-20 07:39:41 | WARNING  | [lf.day.no_flights] No direct flights on 12MAR
2026-01-20 07:39:41 | INFO     | [SUCCESS] Day 12MAR
2026-01-20 07:39:41 | INFO     | [DAY_START] Processing 11MAR
2026-01-20 07:39:41 | INFO     | [lf.day.start] Processing TUU-ATZ for 11MAR
2026-01-20 07:39:42 | WARNING  | [lf.day.no_flights] No direct flights on 11MAR
2026-01-20 07:39:42 | INFO     | [SUCCESS] Day 11MAR
2026-01-20 07:39:42 | INFO     | [DAY_START] Processing 10MAR
2026-01-20 07:39:42 | INFO     | [lf.day.start] Processing TUU-ATZ for 10MAR
2026-01-20 07:39:43 | WARNING  | [lf.day.no_flights] No direct flights on 10MAR
2026-01-20 07:39:43 | INFO     | [SUCCESS] Day 10MAR
2026-01-20 07:39:43 | INFO     | [SUCCESS] LF Search Complete
2026-01-20 07:39:45 | INFO     | [Worker_9225] Completed: TUU-ATZ - 8 results, 0 errors
2026-01-20 07:39:46 | INFO     | [Worker_9225] Processing: AHB-ATZ
2026-01-20 07:39:46 | INFO     |   Tier 0: Range 2, Chunk 2/4 (8 days)
