2026-01-20 07:00:16 | INFO     | ======================================================================
2026-01-20 07:00:16 | INFO     | Load Factor Scraper Started - Route: TUU-ATZ
2026-01-20 07:00:16 | INFO     | Log file: D:\CODERED\LAB\Artifacts\outputs\run_generated_200126_at_06.58\logs\LF_TUU-ATZ_20260120_070016.log
2026-01-20 07:00:16 | INFO     | Enhanced logging: Capturing both logging.info() and print()
2026-01-20 07:00:16 | INFO     | ======================================================================
2026-01-20 07:00:16 | INFO     | Starting LF search for route: TUU-ATZ
2026-01-20 07:00:16 | INFO     | [START] LF Search
2026-01-20 07:00:18 | INFO     | [HEALTH CHECK] [OK] Chrome connection is healthy
2026-01-20 07:00:19 | INFO     | [DAY_START] Processing 31MAY
2026-01-20 07:00:19 | INFO     | [lf.day.start] Processing TUU-ATZ for 31MAY
2026-01-20 07:00:20 | WARNING  | [lf.day.no_flights] No direct flights on 31MAY
2026-01-20 07:00:20 | INFO     | [SUCCESS] Day 31MAY
2026-01-20 07:00:20 | INFO     | [DAY_START] Processing 30MAY
2026-01-20 07:00:20 | INFO     | [lf.day.start] Processing TUU-ATZ for 30MAY
2026-01-20 07:00:21 | WARNING  | [lf.day.no_flights] No direct flights on 30MAY
2026-01-20 07:00:21 | INFO     | [SUCCESS] Day 30MAY
2026-01-20 07:00:21 | INFO     | [DAY_START] Processing 29MAY
2026-01-20 07:00:21 | INFO     | [lf.day.start] Processing TUU-ATZ for 29MAY
2026-01-20 07:00:23 | WARNING  | [lf.day.no_flights] No direct flights on 29MAY
2026-01-20 07:00:23 | INFO     | [SUCCESS] Day 29MAY
2026-01-20 07:00:23 | INFO     | [DAY_START] Processing 28MAY
2026-01-20 07:00:23 | INFO     | [lf.day.start] Processing TUU-ATZ for 28MAY
2026-01-20 07:00:24 | WARNING  | [lf.day.no_flights] No direct flights on 28MAY
2026-01-20 07:00:24 | INFO     | [SUCCESS] Day 28MAY
2026-01-20 07:00:24 | INFO     | [DAY_START] Processing 27MAY
2026-01-20 07:00:24 | INFO     | [lf.day.start] Processing TUU-ATZ for 27MAY
2026-01-20 07:00:25 | WARNING  | [lf.day.no_flights] No direct flights on 27MAY
2026-01-20 07:00:26 | INFO     | [SUCCESS] Day 27MAY
2026-01-20 07:00:26 | INFO     | [DAY_START] Processing 26MAY
2026-01-20 07:00:26 | INFO     | [lf.day.start] Processing TUU-ATZ for 26MAY
2026-01-20 07:00:27 | WARNING  | [lf.day.no_flights] No direct flights on 26MAY
2026-01-20 07:00:27 | INFO     | [SUCCESS] Day 26MAY
2026-01-20 07:00:27 | INFO     | [DAY_START] Processing 25MAY
2026-01-20 07:00:27 | INFO     | [lf.day.start] Processing TUU-ATZ for 25MAY
2026-01-20 07:00:28 | WARNING  | [lf.day.no_flights] No direct flights on 25MAY
2026-01-20 07:00:28 | INFO     | [SUCCESS] Day 25MAY
2026-01-20 07:00:28 | INFO     | [DAY_START] Processing 24MAY
2026-01-20 07:00:28 | INFO     | [lf.day.start] Processing TUU-ATZ for 24MAY
2026-01-20 07:00:30 | WARNING  | [lf.day.no_flights] No direct flights on 24MAY
2026-01-20 07:00:30 | INFO     | [SUCCESS] Day 24MAY
2026-01-20 07:00:30 | INFO     | [DAY_START] Processing 23MAY
2026-01-20 07:00:30 | INFO     | [lf.day.start] Processing TUU-ATZ for 23MAY
2026-01-20 07:00:32 | WARNING  | [lf.day.no_flights] No direct flights on 23MAY
2026-01-20 07:00:32 | INFO     | [SUCCESS] Day 23MAY
2026-01-20 07:00:32 | INFO     | [SUCCESS] LF Search Complete
2026-01-20 07:00:34 | INFO     | [Worker_9222] Completed: TUU-ATZ - 9 results, 0 errors
2026-01-20 07:00:34 | INFO     | [Worker_9222] Processing: YNB-CAI
2026-01-20 07:00:34 | INFO     |   Tier 0: Range 4, Chunk 1/4 (9 days)
