2026-01-20 07:58:47 | INFO     | ======================================================================
2026-01-20 07:58:47 | INFO     | Load Factor Scraper Started - Route: TUU-ATZ
2026-01-20 07:58:47 | INFO     | Log file: D:\CODERED\LAB\Artifacts\outputs\run_generated_200126_at_06.58\logs\LF_TUU-ATZ_20260120_075847.log
2026-01-20 07:58:47 | INFO     | Enhanced logging: Capturing both logging.info() and print()
2026-01-20 07:58:47 | INFO     | ======================================================================
2026-01-20 07:58:47 | INFO     | Starting LF search for route: TUU-ATZ
2026-01-20 07:58:47 | INFO     | [START] LF Search
2026-01-20 07:58:49 | INFO     | [HEALTH CHECK] [OK] Chrome connection is healthy
2026-01-20 07:58:49 | INFO     | [DAY_START] Processing 12FEB
2026-01-20 07:58:49 | INFO     | [lf.day.start] Processing TUU-ATZ for 12FEB
2026-01-20 07:58:50 | WARNING  | [lf.day.no_flights] No direct flights on 12FEB
2026-01-20 07:58:50 | INFO     | [SUCCESS] Day 12FEB
2026-01-20 07:58:50 | INFO     | [DAY_START] Processing 11FEB
2026-01-20 07:58:50 | INFO     | [lf.day.start] Processing TUU-ATZ for 11FEB
2026-01-20 07:58:51 | WARNING  | [lf.day.no_flights] No direct flights on 11FEB
2026-01-20 07:58:51 | INFO     | [SUCCESS] Day 11FEB
2026-01-20 07:58:51 | INFO     | [DAY_START] Processing 10FEB
2026-01-20 07:58:51 | INFO     | [lf.day.start] Processing TUU-ATZ for 10FEB
2026-01-20 07:58:52 | WARNING  | [lf.day.no_flights] No direct flights on 10FEB
2026-01-20 07:58:52 | INFO     | [SUCCESS] Day 10FEB
2026-01-20 07:58:52 | INFO     | [DAY_START] Processing 09FEB
2026-01-20 07:58:52 | INFO     | [lf.day.start] Processing TUU-ATZ for 09FEB
2026-01-20 07:58:53 | WARNING  | [lf.day.no_flights] No direct flights on 09FEB
2026-01-20 07:58:54 | INFO     | [SUCCESS] Day 09FEB
2026-01-20 07:58:54 | INFO     | [DAY_START] Processing 08FEB
2026-01-20 07:58:54 | INFO     | [lf.day.start] Processing TUU-ATZ for 08FEB
2026-01-20 07:58:55 | WARNING  | [lf.day.no_flights] No direct flights on 08FEB
2026-01-20 07:58:55 | INFO     | [SUCCESS] Day 08FEB
2026-01-20 07:58:55 | INFO     | [DAY_START] Processing 07FEB
2026-01-20 07:58:55 | INFO     | [lf.day.start] Processing TUU-ATZ for 07FEB
2026-01-20 07:58:56 | WARNING  | [lf.day.no_flights] No direct flights on 07FEB
2026-01-20 07:58:56 | INFO     | [SUCCESS] Day 07FEB
2026-01-20 07:58:56 | INFO     | [DAY_START] Processing 06FEB
2026-01-20 07:58:56 | INFO     | [lf.day.start] Processing TUU-ATZ for 06FEB
2026-01-20 07:58:57 | INFO     | [lf.day.flights_found] Found 1 flights on 06FEB
2026-01-20 07:58:59 | INFO     | [lf.flight.extracted] SM328 on 06FEB: BKG=38, LF=22.8%
2026-01-20 07:59:03 | INFO     | [SUCCESS] Day 06FEB
2026-01-20 07:59:03 | INFO     | [DAY_START] Processing 05FEB
2026-01-20 07:59:03 | INFO     | [lf.day.start] Processing TUU-ATZ for 05FEB
2026-01-20 07:59:04 | WARNING  | [lf.day.no_flights] No direct flights on 05FEB
2026-01-20 07:59:04 | INFO     | [SUCCESS] Day 05FEB
2026-01-20 07:59:04 | INFO     | [SUCCESS] LF Search Complete
2026-01-20 07:59:06 | INFO     | [Worker_9233] Completed: TUU-ATZ - 8 results, 0 errors
2026-01-20 07:59:06 | INFO     | [Worker_9233] Processing: YNB-CAI
2026-01-20 07:59:06 | INFO     |   Tier 0: Range 1, Chunk 2/4 (8 days)
