2026-01-20 08:04:06 | INFO     | ======================================================================
2026-01-20 08:04:06 | INFO     | Load Factor Scraper Started - Route: TUU-ATZ
2026-01-20 08:04:06 | INFO     | Log file: D:\CODERED\LAB\Artifacts\outputs\run_generated_200126_at_06.58\logs\LF_TUU-ATZ_20260120_080406.log
2026-01-20 08:04:06 | INFO     | Enhanced logging: Capturing both logging.info() and print()
2026-01-20 08:04:06 | INFO     | ======================================================================
2026-01-20 08:04:06 | INFO     | Starting LF search for route: TUU-ATZ
2026-01-20 08:04:06 | INFO     | [START] LF Search
2026-01-20 08:04:07 | INFO     | [HEALTH CHECK] [OK] Chrome connection is healthy
2026-01-20 08:04:07 | INFO     | [DAY_START] Processing 04FEB
2026-01-20 08:04:07 | INFO     | [lf.day.start] Processing TUU-ATZ for 04FEB
2026-01-20 08:04:08 | WARNING  | [lf.day.no_flights] No direct flights on 04FEB
2026-01-20 08:04:08 | INFO     | [SUCCESS] Day 04FEB
2026-01-20 08:04:08 | INFO     | [DAY_START] Processing 03FEB
2026-01-20 08:04:08 | INFO     | [lf.day.start] Processing TUU-ATZ for 03FEB
2026-01-20 08:04:09 | WARNING  | [lf.day.no_flights] No direct flights on 03FEB
2026-01-20 08:04:09 | INFO     | [SUCCESS] Day 03FEB
2026-01-20 08:04:09 | INFO     | [DAY_START] Processing 02FEB
2026-01-20 08:04:09 | INFO     | [lf.day.start] Processing TUU-ATZ for 02FEB
2026-01-20 08:04:10 | WARNING  | [lf.day.no_flights] No direct flights on 02FEB
2026-01-20 08:04:10 | INFO     | [SUCCESS] Day 02FEB
2026-01-20 08:04:10 | INFO     | [DAY_START] Processing 01FEB
2026-01-20 08:04:10 | INFO     | [lf.day.start] Processing TUU-ATZ for 01FEB
2026-01-20 08:04:11 | WARNING  | [lf.day.no_flights] No direct flights on 01FEB
2026-01-20 08:04:12 | INFO     | [SUCCESS] Day 01FEB
2026-01-20 08:04:12 | INFO     | [DAY_START] Processing 31JAN
2026-01-20 08:04:12 | INFO     | [lf.day.start] Processing TUU-ATZ for 31JAN
2026-01-20 08:04:13 | WARNING  | [lf.day.no_flights] No direct flights on 31JAN
2026-01-20 08:04:13 | INFO     | [SUCCESS] Day 31JAN
2026-01-20 08:04:13 | INFO     | [DAY_START] Processing 30JAN
2026-01-20 08:04:13 | INFO     | [lf.day.start] Processing TUU-ATZ for 30JAN
2026-01-20 08:04:14 | INFO     | [lf.day.flights_found] Found 1 flights on 30JAN
2026-01-20 08:04:16 | INFO     | [lf.flight.extracted] SM328 on 30JAN: BKG=108, LF=61.7%
2026-01-20 08:04:22 | INFO     | [SUCCESS] Day 30JAN
2026-01-20 08:04:22 | INFO     | [DAY_START] Processing 29JAN
2026-01-20 08:04:22 | INFO     | [lf.day.start] Processing TUU-ATZ for 29JAN
2026-01-20 08:04:23 | WARNING  | [lf.day.no_flights] No direct flights on 29JAN
2026-01-20 08:04:23 | INFO     | [SUCCESS] Day 29JAN
2026-01-20 08:04:23 | INFO     | [DAY_START] Processing 28JAN
2026-01-20 08:04:23 | INFO     | [lf.day.start] Processing TUU-ATZ for 28JAN
2026-01-20 08:04:24 | WARNING  | [lf.day.no_flights] No direct flights on 28JAN
2026-01-20 08:04:24 | INFO     | [SUCCESS] Day 28JAN
2026-01-20 08:04:24 | INFO     | [SUCCESS] LF Search Complete
2026-01-20 08:04:26 | INFO     | [Worker_9224] Completed: TUU-ATZ - 8 results, 0 errors
2026-01-20 08:04:26 | INFO     | [Worker_9224] Processing: YNB-CAI
2026-01-20 08:04:26 | INFO     |   Tier 0: Range 1, Chunk 3/4 (8 days)
