2026-01-20 08:04:02 | INFO     | ======================================================================
2026-01-20 08:04:02 | INFO     | Load Factor Scraper Started - Route: TUU-CAI
2026-01-20 08:04:02 | INFO     | Log file: D:\CODERED\LAB\Artifacts\outputs\run_generated_200126_at_06.58\logs\LF_TUU-CAI_20260120_080402.log
2026-01-20 08:04:02 | INFO     | Enhanced logging: Capturing both logging.info() and print()
2026-01-20 08:04:02 | INFO     | ======================================================================
2026-01-20 08:04:02 | INFO     | Starting LF search for route: TUU-CAI
2026-01-20 08:04:02 | INFO     | [START] LF Search
2026-01-20 08:04:03 | INFO     | [HEALTH CHECK] [OK] Chrome connection is healthy
2026-01-20 08:04:03 | INFO     | [DAY_START] Processing 04FEB
2026-01-20 08:04:03 | INFO     | [lf.day.start] Processing TUU-CAI for 04FEB
2026-01-20 08:04:04 | INFO     | [lf.day.flights_found] Found 1 flights on 04FEB
2026-01-20 08:04:06 | INFO     | [lf.flight.extracted] SM326 on 04FEB: BKG=7, LF=4.0%
2026-01-20 08:04:09 | INFO     | [SUCCESS] Day 04FEB
2026-01-20 08:04:09 | INFO     | [DAY_START] Processing 03FEB
2026-01-20 08:04:09 | INFO     | [lf.day.start] Processing TUU-CAI for 03FEB
2026-01-20 08:04:10 | WARNING  | [lf.day.no_flights] No direct flights on 03FEB
2026-01-20 08:04:10 | INFO     | [SUCCESS] Day 03FEB
2026-01-20 08:04:10 | INFO     | [DAY_START] Processing 02FEB
2026-01-20 08:04:10 | INFO     | [lf.day.start] Processing TUU-CAI for 02FEB
2026-01-20 08:04:11 | WARNING  | [lf.day.no_flights] No direct flights on 02FEB
2026-01-20 08:04:11 | INFO     | [SUCCESS] Day 02FEB
2026-01-20 08:04:11 | INFO     | [DAY_START] Processing 01FEB
2026-01-20 08:04:11 | INFO     | [lf.day.start] Processing TUU-CAI for 01FEB
2026-01-20 08:04:12 | WARNING  | [lf.day.no_flights] No direct flights on 01FEB
2026-01-20 08:04:12 | INFO     | [SUCCESS] Day 01FEB
2026-01-20 08:04:12 | INFO     | [DAY_START] Processing 31JAN
2026-01-20 08:04:12 | INFO     | [lf.day.start] Processing TUU-CAI for 31JAN
2026-01-20 08:04:13 | INFO     | [lf.day.flights_found] Found 1 flights on 31JAN
2026-01-20 08:04:15 | INFO     | [lf.flight.extracted] SM326 on 31JAN: BKG=19, LF=10.9%
2026-01-20 08:04:18 | INFO     | [SUCCESS] Day 31JAN
2026-01-20 08:04:18 | INFO     | [DAY_START] Processing 30JAN
2026-01-20 08:04:18 | INFO     | [lf.day.start] Processing TUU-CAI for 30JAN
2026-01-20 08:04:19 | INFO     | [lf.day.flights_found] Found 1 flights on 30JAN
2026-01-20 08:04:21 | INFO     | [lf.flight.extracted] SM326 on 30JAN: BKG=47, LF=44.8%
2026-01-20 08:04:25 | INFO     | [SUCCESS] Day 30JAN
2026-01-20 08:04:25 | INFO     | [DAY_START] Processing 29JAN
2026-01-20 08:04:25 | INFO     | [lf.day.start] Processing TUU-CAI for 29JAN
2026-01-20 08:04:26 | WARNING  | [lf.day.no_flights] No direct flights on 29JAN
2026-01-20 08:04:26 | INFO     | [SUCCESS] Day 29JAN
2026-01-20 08:04:26 | INFO     | [DAY_START] Processing 28JAN
2026-01-20 08:04:26 | INFO     | [lf.day.start] Processing TUU-CAI for 28JAN
2026-01-20 08:04:27 | INFO     | [lf.day.flights_found] Found 1 flights on 28JAN
2026-01-20 08:04:29 | INFO     | [lf.flight.extracted] SM326 on 28JAN: BKG=22, LF=12.6%
2026-01-20 08:04:33 | INFO     | [SUCCESS] Day 28JAN
2026-01-20 08:04:33 | INFO     | [SUCCESS] LF Search Complete
2026-01-20 08:04:35 | INFO     | [Worker_9227] Completed: TUU-CAI - 8 results, 0 errors
2026-01-20 08:04:35 | INFO     | [Worker_9227] Processing: AHB-ATZ
2026-01-20 08:04:35 | INFO     |   Tier 0: Range 1, Chunk 3/4 (8 days)
