2026-01-20 07:43:36 | INFO     | ======================================================================
2026-01-20 07:43:36 | INFO     | Load Factor Scraper Started - Route: TUU-ATZ
2026-01-20 07:43:36 | INFO     | Log file: D:\CODERED\LAB\Artifacts\outputs\run_generated_200126_at_06.58\logs\LF_TUU-ATZ_20260120_074336.log
2026-01-20 07:43:36 | INFO     | Enhanced logging: Capturing both logging.info() and print()
2026-01-20 07:43:36 | INFO     | ======================================================================
2026-01-20 07:43:36 | INFO     | Starting LF search for route: TUU-ATZ
2026-01-20 07:43:36 | INFO     | [START] LF Search
2026-01-20 07:43:40 | INFO     | [HEALTH CHECK] [OK] Chrome connection is healthy
2026-01-20 07:43:40 | INFO     | [DAY_START] Processing 09MAR
2026-01-20 07:43:40 | INFO     | [lf.day.start] Processing TUU-ATZ for 09MAR
2026-01-20 07:43:42 | WARNING  | [lf.day.no_flights] No direct flights on 09MAR
2026-01-20 07:43:42 | INFO     | [SUCCESS] Day 09MAR
2026-01-20 07:43:42 | INFO     | [DAY_START] Processing 08MAR
2026-01-20 07:43:42 | INFO     | [lf.day.start] Processing TUU-ATZ for 08MAR
2026-01-20 07:43:44 | WARNING  | [lf.day.no_flights] No direct flights on 08MAR
2026-01-20 07:43:44 | INFO     | [SUCCESS] Day 08MAR
2026-01-20 07:43:44 | INFO     | [DAY_START] Processing 07MAR
2026-01-20 07:43:44 | INFO     | [lf.day.start] Processing TUU-ATZ for 07MAR
2026-01-20 07:43:46 | WARNING  | [lf.day.no_flights] No direct flights on 07MAR
2026-01-20 07:43:46 | INFO     | [SUCCESS] Day 07MAR
2026-01-20 07:43:46 | INFO     | [DAY_START] Processing 06MAR
2026-01-20 07:43:46 | INFO     | [lf.day.start] Processing TUU-ATZ for 06MAR
2026-01-20 07:43:48 | INFO     | [lf.day.flights_found] Found 1 flights on 06MAR
2026-01-20 07:43:51 | INFO     | [lf.flight.extracted] SM328 on 06MAR: BKG=29, LF=16.6%
2026-01-20 07:43:57 | INFO     | [SUCCESS] Day 06MAR
2026-01-20 07:43:57 | INFO     | [DAY_START] Processing 05MAR
2026-01-20 07:43:57 | INFO     | [lf.day.start] Processing TUU-ATZ for 05MAR
2026-01-20 07:43:58 | WARNING  | [lf.day.no_flights] No direct flights on 05MAR
2026-01-20 07:43:58 | INFO     | [SUCCESS] Day 05MAR
2026-01-20 07:43:58 | INFO     | [DAY_START] Processing 04MAR
2026-01-20 07:43:58 | INFO     | [lf.day.start] Processing TUU-ATZ for 04MAR
2026-01-20 07:44:00 | WARNING  | [lf.day.no_flights] No direct flights on 04MAR
2026-01-20 07:44:00 | INFO     | [SUCCESS] Day 04MAR
2026-01-20 07:44:00 | INFO     | [DAY_START] Processing 03MAR
2026-01-20 07:44:00 | INFO     | [lf.day.start] Processing TUU-ATZ for 03MAR
2026-01-20 07:44:02 | WARNING  | [lf.day.no_flights] No direct flights on 03MAR
2026-01-20 07:44:02 | INFO     | [SUCCESS] Day 03MAR
2026-01-20 07:44:02 | INFO     | [DAY_START] Processing 02MAR
2026-01-20 07:44:02 | INFO     | [lf.day.start] Processing TUU-ATZ for 02MAR
2026-01-20 07:44:03 | WARNING  | [lf.day.no_flights] No direct flights on 02MAR
2026-01-20 07:44:03 | INFO     | [SUCCESS] Day 02MAR
2026-01-20 07:44:03 | INFO     | [SUCCESS] LF Search Complete
2026-01-20 07:44:05 | INFO     | [Worker_9223] Completed: TUU-ATZ - 8 results, 0 errors
2026-01-20 07:44:05 | INFO     | [Worker_9223] Processing: AJF-CAI
2026-01-20 07:44:05 | INFO     |   Tier 0: Range 2, Chunk 3/4 (8 days)
