2026-01-20 07:06:25 | INFO     | ======================================================================
2026-01-20 07:06:25 | INFO     | Load Factor Scraper Started - Route: TUU-CAI
2026-01-20 07:06:25 | INFO     | Log file: D:\CODERED\LAB\Artifacts\outputs\run_generated_200126_at_06.58\logs\LF_TUU-CAI_20260120_070625.log
2026-01-20 07:06:25 | INFO     | Enhanced logging: Capturing both logging.info() and print()
2026-01-20 07:06:25 | INFO     | ======================================================================
2026-01-20 07:06:25 | INFO     | Starting LF search for route: TUU-CAI
2026-01-20 07:06:25 | INFO     | [START] LF Search
2026-01-20 07:06:27 | INFO     | [HEALTH CHECK] [OK] Chrome connection is healthy
2026-01-20 07:06:27 | INFO     | [DAY_START] Processing 14MAY
2026-01-20 07:06:27 | INFO     | [lf.day.start] Processing TUU-CAI for 14MAY
2026-01-20 07:06:28 | INFO     | [lf.day.flights_found] Found 1 flights on 14MAY
2026-01-20 07:06:31 | INFO     | [lf.flight.extracted] SM326 on 14MAY: BKG=5, LF=2.9%
2026-01-20 07:06:35 | INFO     | [SUCCESS] Day 14MAY
2026-01-20 07:06:35 | INFO     | [DAY_START] Processing 13MAY
2026-01-20 07:06:35 | INFO     | [lf.day.start] Processing TUU-CAI for 13MAY
2026-01-20 07:06:37 | WARNING  | [lf.day.no_flights] No direct flights on 13MAY
2026-01-20 07:06:37 | INFO     | [SUCCESS] Day 13MAY
2026-01-20 07:06:37 | INFO     | [DAY_START] Processing 12MAY
2026-01-20 07:06:37 | INFO     | [lf.day.start] Processing TUU-CAI for 12MAY
2026-01-20 07:06:39 | INFO     | [lf.day.flights_found] Found 1 flights on 12MAY
2026-01-20 07:06:42 | INFO     | [lf.flight.extracted] SM326 on 12MAY: BKG=0, LF=0.0%
2026-01-20 07:06:43 | INFO     | [SUCCESS] Day 12MAY
2026-01-20 07:06:43 | INFO     | [DAY_START] Processing 11MAY
2026-01-20 07:06:43 | INFO     | [lf.day.start] Processing TUU-CAI for 11MAY
2026-01-20 07:06:45 | WARNING  | [lf.day.no_flights] No direct flights on 11MAY
2026-01-20 07:06:45 | INFO     | [SUCCESS] Day 11MAY
2026-01-20 07:06:45 | INFO     | [DAY_START] Processing 10MAY
2026-01-20 07:06:45 | INFO     | [lf.day.start] Processing TUU-CAI for 10MAY
2026-01-20 07:06:47 | WARNING  | [lf.day.no_flights] No direct flights on 10MAY
2026-01-20 07:06:47 | INFO     | [SUCCESS] Day 10MAY
2026-01-20 07:06:47 | INFO     | [DAY_START] Processing 09MAY
2026-01-20 07:06:47 | INFO     | [lf.day.start] Processing TUU-CAI for 09MAY
2026-01-20 07:06:50 | INFO     | [lf.day.flights_found] Found 1 flights on 09MAY
2026-01-20 07:06:55 | INFO     | [lf.flight.extracted] SM326 on 09MAY: BKG=0, LF=0.0%
2026-01-20 07:06:57 | INFO     | [SUCCESS] Day 09MAY
2026-01-20 07:06:57 | INFO     | [DAY_START] Processing 08MAY
2026-01-20 07:06:57 | INFO     | [lf.day.start] Processing TUU-CAI for 08MAY
2026-01-20 07:06:58 | INFO     | [lf.day.flights_found] Found 1 flights on 08MAY
2026-01-20 07:07:00 | INFO     | [lf.flight.extracted] SM326 on 08MAY: BKG=0, LF=0.0%
2026-01-20 07:07:02 | INFO     | [SUCCESS] Day 08MAY
2026-01-20 07:07:02 | INFO     | [DAY_START] Processing 07MAY
2026-01-20 07:07:02 | INFO     | [lf.day.start] Processing TUU-CAI for 07MAY
2026-01-20 07:07:03 | INFO     | [lf.day.flights_found] Found 1 flights on 07MAY
2026-01-20 07:07:05 | INFO     | [lf.flight.extracted] SM326 on 07MAY: BKG=1, LF=0.6%
2026-01-20 07:07:09 | INFO     | [SUCCESS] Day 07MAY
2026-01-20 07:07:09 | INFO     | [SUCCESS] LF Search Complete
2026-01-20 07:07:11 | INFO     | [Worker_9225] Completed: TUU-CAI - 8 results, 0 errors
2026-01-20 07:07:11 | INFO     | [Worker_9225] Processing: GIZ-CAI
2026-01-20 07:07:11 | INFO     |   Tier 0: Range 4, Chunk 3/4 (8 days)
