2026-01-20 07:13:08 | INFO     | ======================================================================
2026-01-20 07:13:08 | INFO     | Load Factor Scraper Started - Route: YNB-CAI
2026-01-20 07:13:08 | INFO     | Log file: D:\CODERED\LAB\Artifacts\outputs\run_generated_200126_at_06.58\logs\LF_YNB-CAI_20260120_071308.log
2026-01-20 07:13:08 | INFO     | Enhanced logging: Capturing both logging.info() and print()
2026-01-20 07:13:08 | INFO     | ======================================================================
2026-01-20 07:13:08 | INFO     | Starting LF search for route: YNB-CAI
2026-01-20 07:13:08 | INFO     | [START] LF Search
2026-01-20 07:13:11 | INFO     | [HEALTH CHECK] [OK] Chrome connection is healthy
2026-01-20 07:13:11 | INFO     | [DAY_START] Processing 28APR
2026-01-20 07:13:11 | INFO     | [lf.day.start] Processing YNB-CAI for 28APR
2026-01-20 07:13:12 | INFO     | [lf.day.flights_found] Found 1 flights on 28APR
2026-01-20 07:13:14 | INFO     | [lf.flight.extracted] SM442 on 28APR: BKG=0, LF=0.0%
2026-01-20 07:13:15 | INFO     | [SUCCESS] Day 28APR
2026-01-20 07:13:15 | INFO     | [DAY_START] Processing 27APR
2026-01-20 07:13:15 | INFO     | [lf.day.start] Processing YNB-CAI for 27APR
2026-01-20 07:13:16 | INFO     | [lf.day.flights_found] Found 1 flights on 27APR
2026-01-20 07:13:18 | INFO     | [lf.flight.extracted] SM442 on 27APR: BKG=0, LF=0.0%
2026-01-20 07:13:19 | INFO     | [SUCCESS] Day 27APR
2026-01-20 07:13:19 | INFO     | [DAY_START] Processing 26APR
2026-01-20 07:13:19 | INFO     | [lf.day.start] Processing YNB-CAI for 26APR
2026-01-20 07:13:21 | INFO     | [lf.day.flights_found] Found 1 flights on 26APR
2026-01-20 07:13:23 | INFO     | [lf.flight.extracted] SM442 on 26APR: BKG=2, LF=1.1%
2026-01-20 07:13:26 | INFO     | [SUCCESS] Day 26APR
2026-01-20 07:13:26 | INFO     | [DAY_START] Processing 25APR
2026-01-20 07:13:26 | INFO     | [lf.day.start] Processing YNB-CAI for 25APR
2026-01-20 07:13:27 | INFO     | [lf.day.flights_found] Found 2 flights on 25APR
2026-01-20 07:13:29 | INFO     | [lf.flight.extracted] SM442 on 25APR: BKG=0, LF=0.0%
2026-01-20 07:13:34 | INFO     | [lf.flight.extracted] SM448 on 25APR: BKG=0, LF=0.0%
2026-01-20 07:13:36 | INFO     | [SUCCESS] Day 25APR
2026-01-20 07:13:36 | INFO     | [DAY_START] Processing 24APR
2026-01-20 07:13:36 | INFO     | [lf.day.start] Processing YNB-CAI for 24APR
2026-01-20 07:13:38 | INFO     | [lf.day.flights_found] Found 1 flights on 24APR
2026-01-20 07:13:44 | INFO     | [lf.flight.extracted] SM442 on 24APR: BKG=0, LF=0.0%
2026-01-20 07:13:49 | INFO     | [SUCCESS] Day 24APR
2026-01-20 07:13:49 | INFO     | [DAY_START] Processing 23APR
2026-01-20 07:13:49 | INFO     | [lf.day.start] Processing YNB-CAI for 23APR
2026-01-20 07:13:52 | INFO     | [lf.day.flights_found] Found 1 flights on 23APR
2026-01-20 07:13:58 | INFO     | [lf.flight.extracted] SM442 on 23APR: BKG=1, LF=0.6%
2026-01-20 07:14:02 | ERROR    | Atomic write failed for D:\CODERED\LAB\Artifacts\outputs\run_generated_200126_at_06.58\checkpoints\flight_booking_data.json: [WinError 5] Access is denied: 'D:\\CODERED\\LAB\\Artifacts\\outputs\\run_generated_200126_at_06.58\\checkpoints\\flight_booking_data.tmp_db560ae6' -> 'D:\\CODERED\\LAB\\Artifacts\\outputs\\run_generated_200126_at_06.58\\checkpoints\\flight_booking_data.json'
2026-01-20 07:14:02 | INFO     | [SUCCESS] Day 23APR
2026-01-20 07:14:02 | INFO     | [DAY_START] Processing 22APR
2026-01-20 07:14:02 | INFO     | [lf.day.start] Processing YNB-CAI for 22APR
2026-01-20 07:14:04 | WARNING  | [lf.day.no_flights] No direct flights on 22APR
2026-01-20 07:14:04 | INFO     | [SUCCESS] Day 22APR
2026-01-20 07:14:04 | INFO     | [DAY_START] Processing 21APR
2026-01-20 07:14:04 | INFO     | [lf.day.start] Processing YNB-CAI for 21APR
2026-01-20 07:14:05 | INFO     | [lf.day.flights_found] Found 1 flights on 21APR
2026-01-20 07:14:08 | INFO     | [lf.flight.extracted] SM442 on 21APR: BKG=0, LF=0.0%
2026-01-20 07:14:10 | INFO     | [SUCCESS] Day 21APR
2026-01-20 07:14:10 | INFO     | [DAY_START] Processing 20APR
2026-01-20 07:14:10 | INFO     | [lf.day.start] Processing YNB-CAI for 20APR
2026-01-20 07:14:11 | INFO     | [lf.day.flights_found] Found 1 flights on 20APR
2026-01-20 07:14:13 | INFO     | [lf.flight.extracted] SM442 on 20APR: BKG=0, LF=0.0%
2026-01-20 07:14:14 | INFO     | [SUCCESS] Day 20APR
2026-01-20 07:14:14 | INFO     | [SUCCESS] LF Search Complete
2026-01-20 07:14:16 | INFO     | [Worker_9227] Completed: YNB-CAI - 9 results, 0 errors
2026-01-20 07:14:16 | INFO     | [Worker_9227] Processing: ATZ-RUH
2026-01-20 07:14:16 | INFO     |   Tier 0: Range 3, Chunk 1/4 (9 days)
