2026-01-20 07:49:01 | INFO     | ======================================================================
2026-01-20 07:49:01 | INFO     | Load Factor Scraper Started - Route: YNB-CAI
2026-01-20 07:49:01 | INFO     | Log file: D:\CODERED\LAB\Artifacts\outputs\run_generated_200126_at_06.58\logs\LF_YNB-CAI_20260120_074901.log
2026-01-20 07:49:01 | INFO     | Enhanced logging: Capturing both logging.info() and print()
2026-01-20 07:49:01 | INFO     | ======================================================================
2026-01-20 07:49:01 | INFO     | Starting LF search for route: YNB-CAI
2026-01-20 07:49:01 | INFO     | [START] LF Search
2026-01-20 07:49:03 | INFO     | [HEALTH CHECK] [OK] Chrome connection is healthy
2026-01-20 07:49:03 | INFO     | [DAY_START] Processing 01MAR
2026-01-20 07:49:03 | INFO     | [lf.day.start] Processing YNB-CAI for 01MAR
2026-01-20 07:49:04 | INFO     | [lf.day.flights_found] Found 1 flights on 01MAR
2026-01-20 07:49:06 | INFO     | [lf.flight.extracted] SM442 on 01MAR: BKG=37, LF=21.1%
2026-01-20 07:49:10 | INFO     | [SUCCESS] Day 01MAR
2026-01-20 07:49:10 | INFO     | [DAY_START] Processing 28FEB
2026-01-20 07:49:10 | INFO     | [lf.day.start] Processing YNB-CAI for 28FEB
2026-01-20 07:49:11 | INFO     | [lf.day.flights_found] Found 1 flights on 28FEB
2026-01-20 07:49:13 | INFO     | [lf.flight.extracted] SM442 on 28FEB: BKG=18, LF=10.3%
2026-01-20 07:49:15 | INFO     | [SUCCESS] Day 28FEB
2026-01-20 07:49:15 | INFO     | [DAY_START] Processing 27FEB
2026-01-20 07:49:15 | INFO     | [lf.day.start] Processing YNB-CAI for 27FEB
2026-01-20 07:49:17 | INFO     | [lf.day.flights_found] Found 1 flights on 27FEB
2026-01-20 07:49:19 | INFO     | [lf.flight.extracted] SM442 on 27FEB: BKG=162, LF=92.6%
2026-01-20 07:49:22 | INFO     | [SUCCESS] Day 27FEB
2026-01-20 07:49:22 | INFO     | [DAY_START] Processing 26FEB
2026-01-20 07:49:22 | INFO     | [lf.day.start] Processing YNB-CAI for 26FEB
2026-01-20 07:49:23 | INFO     | [lf.day.flights_found] Found 1 flights on 26FEB
2026-01-20 07:49:25 | INFO     | [lf.flight.extracted] SM442 on 26FEB: BKG=164, LF=93.7%
2026-01-20 07:49:29 | INFO     | [SUCCESS] Day 26FEB
2026-01-20 07:49:29 | INFO     | [DAY_START] Processing 25FEB
2026-01-20 07:49:29 | INFO     | [lf.day.start] Processing YNB-CAI for 25FEB
2026-01-20 07:49:30 | INFO     | [lf.day.flights_found] Found 2 flights on 25FEB
2026-01-20 07:49:33 | INFO     | [lf.flight.extracted] SM984 on 25FEB: BKG=80, LF=45.7%
2026-01-20 07:49:37 | INFO     | [lf.flight.extracted] SM442 on 25FEB: BKG=153, LF=87.4%
2026-01-20 07:49:42 | INFO     | [SUCCESS] Day 25FEB
2026-01-20 07:49:42 | INFO     | [DAY_START] Processing 24FEB
2026-01-20 07:49:42 | INFO     | [lf.day.start] Processing YNB-CAI for 24FEB
2026-01-20 07:49:43 | INFO     | [lf.day.flights_found] Found 2 flights on 24FEB
2026-01-20 07:49:46 | INFO     | [lf.flight.extracted] SM942 on 24FEB: BKG=135, LF=80.8%
2026-01-20 07:49:49 | INFO     | [lf.flight.extracted] SM442 on 24FEB: BKG=150, LF=87.2%
2026-01-20 07:49:53 | INFO     | [SUCCESS] Day 24FEB
2026-01-20 07:49:53 | INFO     | [DAY_START] Processing 23FEB
2026-01-20 07:49:53 | INFO     | [lf.day.start] Processing YNB-CAI for 23FEB
2026-01-20 07:49:55 | INFO     | [lf.day.flights_found] Found 3 flights on 23FEB
2026-01-20 07:49:57 | INFO     | [lf.flight.extracted] SM986 on 23FEB: BKG=170, LF=101.8%
2026-01-20 07:50:02 | INFO     | [lf.flight.extracted] SM932 on 23FEB: BKG=0, LF=0.0%
2026-01-20 07:50:05 | INFO     | [lf.flight.extracted] SM442 on 23FEB: BKG=152, LF=86.9%
2026-01-20 07:50:12 | INFO     | [SUCCESS] Day 23FEB
2026-01-20 07:50:12 | INFO     | [DAY_START] Processing 22FEB
2026-01-20 07:50:12 | INFO     | [lf.day.start] Processing YNB-CAI for 22FEB
2026-01-20 07:50:13 | INFO     | [lf.day.flights_found] Found 3 flights on 22FEB
2026-01-20 07:50:15 | INFO     | [lf.flight.extracted] SM442 on 22FEB: BKG=45, LF=25.7%
2026-01-20 07:50:18 | INFO     | [lf.flight.extracted] SM988 on 22FEB: BKG=80, LF=47.9%
2026-01-20 07:50:22 | INFO     | [lf.flight.extracted] SM956 on 22FEB: BKG=0, LF=0.0%
2026-01-20 07:50:26 | INFO     | [SUCCESS] Day 22FEB
2026-01-20 07:50:26 | INFO     | [SUCCESS] LF Search Complete
2026-01-20 07:50:28 | INFO     | [Worker_9225] Completed: YNB-CAI - 8 results, 0 errors
2026-01-20 07:50:28 | INFO     | [Worker_9225] Processing: ATZ-RUH
2026-01-20 07:50:28 | INFO     |   Tier 0: Range 2, Chunk 4/4 (8 days)
