2026-01-25 07:29:17 | INFO     | ======================================================================
2026-01-25 07:29:17 | INFO     | Load Factor Scraper Started - Route: ATZ-AHB
2026-01-25 07:29:17 | INFO     | Log file: D:\CODERED\LAB\Artifacts\outputs\run_generated_250126_at_07.06\logs\LF_ATZ-AHB_20260125_072917.log
2026-01-25 07:29:17 | INFO     | Enhanced logging: Capturing both logging.info() and print()
2026-01-25 07:29:17 | INFO     | ======================================================================
2026-01-25 07:29:17 | INFO     | Starting LF search for route: ATZ-AHB
2026-01-25 07:29:17 | INFO     | [START] LF Search
2026-01-25 07:29:18 | INFO     | [HEALTH CHECK] [OK] Chrome connection is healthy
2026-01-25 07:29:18 | INFO     | [DAY_START] Processing 04APR
2026-01-25 07:29:18 | INFO     | [lf.day.start] Processing ATZ-AHB for 04APR
2026-01-25 07:29:19 | WARNING  | [lf.day.no_flights] No direct flights on 04APR
2026-01-25 07:29:19 | INFO     | [SUCCESS] Day 04APR
2026-01-25 07:29:19 | INFO     | [DAY_START] Processing 03APR
2026-01-25 07:29:19 | INFO     | [lf.day.start] Processing ATZ-AHB for 03APR
2026-01-25 07:29:20 | WARNING  | [lf.day.no_flights] No direct flights on 03APR
2026-01-25 07:29:20 | INFO     | [SUCCESS] Day 03APR
2026-01-25 07:29:20 | INFO     | [DAY_START] Processing 02APR
2026-01-25 07:29:20 | INFO     | [lf.day.start] Processing ATZ-AHB for 02APR
2026-01-25 07:29:22 | WARNING  | [lf.day.no_flights] No direct flights on 02APR
2026-01-25 07:29:22 | INFO     | [SUCCESS] Day 02APR
2026-01-25 07:29:22 | INFO     | [DAY_START] Processing 01APR
2026-01-25 07:29:22 | INFO     | [lf.day.start] Processing ATZ-AHB for 01APR
2026-01-25 07:29:23 | WARNING  | [lf.day.no_flights] No direct flights on 01APR
2026-01-25 07:29:23 | INFO     | [SUCCESS] Day 01APR
2026-01-25 07:29:23 | INFO     | [DAY_START] Processing 31MAR
2026-01-25 07:29:23 | INFO     | [lf.day.start] Processing ATZ-AHB for 31MAR
2026-01-25 07:29:24 | WARNING  | [lf.day.no_flights] No direct flights on 31MAR
2026-01-25 07:29:24 | INFO     | [SUCCESS] Day 31MAR
2026-01-25 07:29:24 | INFO     | [DAY_START] Processing 30MAR
2026-01-25 07:29:24 | INFO     | [lf.day.start] Processing ATZ-AHB for 30MAR
2026-01-25 07:29:26 | WARNING  | [lf.day.no_flights] No direct flights on 30MAR
2026-01-25 07:29:26 | INFO     | [SUCCESS] Day 30MAR
2026-01-25 07:29:26 | INFO     | [DAY_START] Processing 29MAR
2026-01-25 07:29:26 | INFO     | [lf.day.start] Processing ATZ-AHB for 29MAR
2026-01-25 07:29:27 | WARNING  | [lf.day.no_flights] No direct flights on 29MAR
2026-01-25 07:29:27 | INFO     | [SUCCESS] Day 29MAR
2026-01-25 07:29:27 | INFO     | [DAY_START] Processing 28MAR
2026-01-25 07:29:27 | INFO     | [lf.day.start] Processing ATZ-AHB for 28MAR
2026-01-25 07:29:29 | WARNING  | [lf.day.no_flights] No direct flights on 28MAR
2026-01-25 07:29:29 | INFO     | [SUCCESS] Day 28MAR
2026-01-25 07:29:29 | INFO     | [SUCCESS] LF Search Complete
2026-01-25 07:29:29 | INFO     | [Worker_9226] Completed: ATZ-AHB - 8 results, 0 errors
2026-01-25 07:29:29 | INFO     | [Worker_9226] Processing: CAI-GIZ
2026-01-25 07:29:29 | INFO     |   Tier 0: Range 3, Chunk 4/4 (8 days)
