2026-01-25 07:40:34 | INFO     | ======================================================================
2026-01-25 07:40:34 | INFO     | Load Factor Scraper Started - Route: ATZ-RUH
2026-01-25 07:40:34 | INFO     | Log file: D:\CODERED\LAB\Artifacts\outputs\run_generated_250126_at_07.06\logs\LF_ATZ-RUH_20260125_074034.log
2026-01-25 07:40:34 | INFO     | Enhanced logging: Capturing both logging.info() and print()
2026-01-25 07:40:34 | INFO     | ======================================================================
2026-01-25 07:40:34 | INFO     | Starting LF search for route: ATZ-RUH
2026-01-25 07:40:34 | INFO     | [START] LF Search
2026-01-25 07:40:35 | INFO     | [HEALTH CHECK] [OK] Chrome connection is healthy
2026-01-25 07:40:35 | INFO     | [DAY_START] Processing 11MAR
2026-01-25 07:40:35 | INFO     | [lf.day.start] Processing ATZ-RUH for 11MAR
2026-01-25 07:40:36 | INFO     | [lf.day.flights_found] Found 1 flights on 11MAR
2026-01-25 07:40:38 | INFO     | [lf.flight.extracted] SM465 on 11MAR: BKG=2, LF=1.1%
2026-01-25 07:40:41 | INFO     | [SUCCESS] Day 11MAR
2026-01-25 07:40:41 | INFO     | [DAY_START] Processing 10MAR
2026-01-25 07:40:41 | INFO     | [lf.day.start] Processing ATZ-RUH for 10MAR
2026-01-25 07:40:43 | INFO     | [lf.day.flights_found] Found 1 flights on 10MAR
2026-01-25 07:40:45 | INFO     | [lf.flight.extracted] SM463 on 10MAR: BKG=2, LF=1.1%
2026-01-25 07:40:48 | INFO     | [SUCCESS] Day 10MAR
2026-01-25 07:40:48 | INFO     | [DAY_START] Processing 09MAR
2026-01-25 07:40:48 | INFO     | [lf.day.start] Processing ATZ-RUH for 09MAR
2026-01-25 07:40:49 | WARNING  | [lf.day.no_flights] No direct flights on 09MAR
2026-01-25 07:40:49 | INFO     | [SUCCESS] Day 09MAR
2026-01-25 07:40:49 | INFO     | [DAY_START] Processing 08MAR
2026-01-25 07:40:49 | INFO     | [lf.day.start] Processing ATZ-RUH for 08MAR
2026-01-25 07:40:51 | INFO     | [lf.day.flights_found] Found 1 flights on 08MAR
2026-01-25 07:40:53 | INFO     | [lf.flight.extracted] SM463 on 08MAR: BKG=6, LF=3.4%
2026-01-25 07:40:56 | INFO     | [SUCCESS] Day 08MAR
2026-01-25 07:40:56 | INFO     | [DAY_START] Processing 07MAR
2026-01-25 07:40:56 | INFO     | [lf.day.start] Processing ATZ-RUH for 07MAR
2026-01-25 07:40:57 | WARNING  | [lf.day.no_flights] No direct flights on 07MAR
2026-01-25 07:40:57 | INFO     | [SUCCESS] Day 07MAR
2026-01-25 07:40:57 | INFO     | [DAY_START] Processing 06MAR
2026-01-25 07:40:57 | INFO     | [lf.day.start] Processing ATZ-RUH for 06MAR
2026-01-25 07:40:59 | WARNING  | [lf.day.no_flights] No direct flights on 06MAR
2026-01-25 07:40:59 | INFO     | [SUCCESS] Day 06MAR
2026-01-25 07:40:59 | INFO     | [DAY_START] Processing 05MAR
2026-01-25 07:40:59 | INFO     | [lf.day.start] Processing ATZ-RUH for 05MAR
2026-01-25 07:41:00 | WARNING  | [lf.day.no_flights] No direct flights on 05MAR
2026-01-25 07:41:00 | INFO     | [SUCCESS] Day 05MAR
2026-01-25 07:41:00 | INFO     | [DAY_START] Processing 04MAR
2026-01-25 07:41:00 | INFO     | [lf.day.start] Processing ATZ-RUH for 04MAR
2026-01-25 07:41:01 | INFO     | [lf.day.flights_found] Found 1 flights on 04MAR
2026-01-25 07:41:03 | INFO     | [lf.flight.extracted] SM465 on 04MAR: BKG=8, LF=4.5%
2026-01-25 07:41:06 | INFO     | [SUCCESS] Day 04MAR
2026-01-25 07:41:06 | INFO     | [SUCCESS] LF Search Complete
2026-01-25 07:41:06 | INFO     | [Worker_9225] Completed: ATZ-RUH - 8 results, 0 errors
2026-01-25 07:41:06 | INFO     | [Worker_9225] Processing: CAI-AJF
2026-01-25 07:41:06 | INFO     |   Tier 0: Range 2, Chunk 3/4 (8 days)
