2026-01-25 07:18:37 | INFO     | ======================================================================
2026-01-25 07:18:37 | INFO     | Load Factor Scraper Started - Route: ATZ-DMM
2026-01-25 07:18:37 | INFO     | Log file: D:\CODERED\LAB\Artifacts\outputs\run_generated_250126_at_07.06\logs\LF_ATZ-DMM_20260125_071837.log
2026-01-25 07:18:37 | INFO     | Enhanced logging: Capturing both logging.info() and print()
2026-01-25 07:18:37 | INFO     | ======================================================================
2026-01-25 07:18:37 | INFO     | Starting LF search for route: ATZ-DMM
2026-01-25 07:18:37 | INFO     | [START] LF Search
2026-01-25 07:18:38 | INFO     | [HEALTH CHECK] [OK] Chrome connection is healthy
2026-01-25 07:18:38 | INFO     | [DAY_START] Processing 06MAY
2026-01-25 07:18:38 | INFO     | [lf.day.start] Processing ATZ-DMM for 06MAY
2026-01-25 07:18:39 | WARNING  | [lf.day.no_flights] No direct flights on 06MAY
2026-01-25 07:18:39 | INFO     | [SUCCESS] Day 06MAY
2026-01-25 07:18:39 | INFO     | [DAY_START] Processing 05MAY
2026-01-25 07:18:39 | INFO     | [lf.day.start] Processing ATZ-DMM for 05MAY
2026-01-25 07:18:40 | WARNING  | [lf.day.no_flights] No direct flights on 05MAY
2026-01-25 07:18:40 | INFO     | [SUCCESS] Day 05MAY
2026-01-25 07:18:40 | INFO     | [DAY_START] Processing 04MAY
2026-01-25 07:18:40 | INFO     | [lf.day.start] Processing ATZ-DMM for 04MAY
2026-01-25 07:18:42 | WARNING  | [lf.day.no_flights] No direct flights on 04MAY
2026-01-25 07:18:42 | INFO     | [SUCCESS] Day 04MAY
2026-01-25 07:18:42 | INFO     | [DAY_START] Processing 03MAY
2026-01-25 07:18:42 | INFO     | [lf.day.start] Processing ATZ-DMM for 03MAY
2026-01-25 07:18:43 | WARNING  | [lf.day.no_flights] No direct flights on 03MAY
2026-01-25 07:18:43 | INFO     | [SUCCESS] Day 03MAY
2026-01-25 07:18:43 | INFO     | [DAY_START] Processing 02MAY
2026-01-25 07:18:43 | INFO     | [lf.day.start] Processing ATZ-DMM for 02MAY
2026-01-25 07:18:44 | WARNING  | [lf.day.no_flights] No direct flights on 02MAY
2026-01-25 07:18:44 | INFO     | [SUCCESS] Day 02MAY
2026-01-25 07:18:44 | INFO     | [DAY_START] Processing 01MAY
2026-01-25 07:18:44 | INFO     | [lf.day.start] Processing ATZ-DMM for 01MAY
2026-01-25 07:18:45 | WARNING  | [lf.day.no_flights] No direct flights on 01MAY
2026-01-25 07:18:45 | INFO     | [SUCCESS] Day 01MAY
2026-01-25 07:18:45 | INFO     | [DAY_START] Processing 30APR
2026-01-25 07:18:45 | INFO     | [lf.day.start] Processing ATZ-DMM for 30APR
2026-01-25 07:18:46 | WARNING  | [lf.day.no_flights] No direct flights on 30APR
2026-01-25 07:18:46 | INFO     | [SUCCESS] Day 30APR
2026-01-25 07:18:46 | INFO     | [DAY_START] Processing 29APR
2026-01-25 07:18:46 | INFO     | [lf.day.start] Processing ATZ-DMM for 29APR
2026-01-25 07:18:48 | WARNING  | [lf.day.no_flights] No direct flights on 29APR
2026-01-25 07:18:48 | INFO     | [SUCCESS] Day 29APR
2026-01-25 07:18:48 | INFO     | [SUCCESS] LF Search Complete
2026-01-25 07:18:48 | INFO     | [Worker_9224] Completed: ATZ-DMM - 8 results, 0 errors
2026-01-25 07:18:48 | INFO     | [Worker_9224] Processing: ATZ-TUU
2026-01-25 07:18:48 | INFO     |   Tier 0: Range 4, Chunk 4/4 (8 days)
