2026-01-25 07:16:14 | INFO     | ======================================================================
2026-01-25 07:16:14 | INFO     | Load Factor Scraper Started - Route: ATZ-TUU
2026-01-25 07:16:14 | INFO     | Log file: D:\CODERED\LAB\Artifacts\outputs\run_generated_250126_at_07.06\logs\LF_ATZ-TUU_20260125_071614.log
2026-01-25 07:16:14 | INFO     | Enhanced logging: Capturing both logging.info() and print()
2026-01-25 07:16:14 | INFO     | ======================================================================
2026-01-25 07:16:14 | INFO     | Starting LF search for route: ATZ-TUU
2026-01-25 07:16:14 | INFO     | [START] LF Search
2026-01-25 07:16:15 | INFO     | [HEALTH CHECK] [OK] Chrome connection is healthy
2026-01-25 07:16:15 | INFO     | [DAY_START] Processing 14MAY
2026-01-25 07:16:15 | INFO     | [lf.day.start] Processing ATZ-TUU for 14MAY
2026-01-25 07:16:17 | WARNING  | [lf.day.no_flights] No direct flights on 14MAY
2026-01-25 07:16:17 | INFO     | [SUCCESS] Day 14MAY
2026-01-25 07:16:17 | INFO     | [DAY_START] Processing 13MAY
2026-01-25 07:16:17 | INFO     | [lf.day.start] Processing ATZ-TUU for 13MAY
2026-01-25 07:16:18 | WARNING  | [lf.day.no_flights] No direct flights on 13MAY
2026-01-25 07:16:18 | INFO     | [SUCCESS] Day 13MAY
2026-01-25 07:16:18 | INFO     | [DAY_START] Processing 12MAY
2026-01-25 07:16:18 | INFO     | [lf.day.start] Processing ATZ-TUU for 12MAY
2026-01-25 07:16:19 | WARNING  | [lf.day.no_flights] No direct flights on 12MAY
2026-01-25 07:16:19 | INFO     | [SUCCESS] Day 12MAY
2026-01-25 07:16:19 | INFO     | [DAY_START] Processing 11MAY
2026-01-25 07:16:19 | INFO     | [lf.day.start] Processing ATZ-TUU for 11MAY
2026-01-25 07:16:20 | WARNING  | [lf.day.no_flights] No direct flights on 11MAY
2026-01-25 07:16:20 | INFO     | [SUCCESS] Day 11MAY
2026-01-25 07:16:20 | INFO     | [DAY_START] Processing 10MAY
2026-01-25 07:16:20 | INFO     | [lf.day.start] Processing ATZ-TUU for 10MAY
2026-01-25 07:16:21 | WARNING  | [lf.day.no_flights] No direct flights on 10MAY
2026-01-25 07:16:21 | INFO     | [SUCCESS] Day 10MAY
2026-01-25 07:16:21 | INFO     | [DAY_START] Processing 09MAY
2026-01-25 07:16:21 | INFO     | [lf.day.start] Processing ATZ-TUU for 09MAY
2026-01-25 07:16:23 | WARNING  | [lf.day.no_flights] No direct flights on 09MAY
2026-01-25 07:16:23 | INFO     | [SUCCESS] Day 09MAY
2026-01-25 07:16:23 | INFO     | [DAY_START] Processing 08MAY
2026-01-25 07:16:23 | INFO     | [lf.day.start] Processing ATZ-TUU for 08MAY
2026-01-25 07:16:24 | WARNING  | [lf.day.no_flights] No direct flights on 08MAY
2026-01-25 07:16:24 | INFO     | [SUCCESS] Day 08MAY
2026-01-25 07:16:24 | INFO     | [DAY_START] Processing 07MAY
2026-01-25 07:16:24 | INFO     | [lf.day.start] Processing ATZ-TUU for 07MAY
2026-01-25 07:16:26 | WARNING  | [lf.day.no_flights] No direct flights on 07MAY
2026-01-25 07:16:26 | INFO     | [SUCCESS] Day 07MAY
2026-01-25 07:16:26 | INFO     | [SUCCESS] LF Search Complete
2026-01-25 07:16:46 | INFO     | [Worker_9232] Completed: ATZ-TUU - 8 results, 0 errors
2026-01-25 07:16:46 | INFO     | [Worker_9232] Processing: MED-CAI
2026-01-25 07:16:46 | INFO     |   Tier 0: Range 4, Chunk 4/4 (8 days)
