2026-01-25 07:47:59 | INFO     | ======================================================================
2026-01-25 07:47:59 | INFO     | Load Factor Scraper Started - Route: ATZ-MED
2026-01-25 07:47:59 | INFO     | Log file: D:\CODERED\LAB\Artifacts\outputs\run_generated_250126_at_07.06\logs\LF_ATZ-MED_20260125_074759.log
2026-01-25 07:47:59 | INFO     | Enhanced logging: Capturing both logging.info() and print()
2026-01-25 07:47:59 | INFO     | ======================================================================
2026-01-25 07:47:59 | INFO     | Starting LF search for route: ATZ-MED
2026-01-25 07:47:59 | INFO     | [START] LF Search
2026-01-25 07:48:00 | INFO     | [HEALTH CHECK] [OK] Chrome connection is healthy
2026-01-25 07:48:00 | INFO     | [DAY_START] Processing 24FEB
2026-01-25 07:48:00 | INFO     | [lf.day.start] Processing ATZ-MED for 24FEB
2026-01-25 07:48:01 | INFO     | [lf.day.flights_found] Found 1 flights on 24FEB
2026-01-25 07:48:03 | INFO     | [lf.flight.extracted] SM487 on 24FEB: BKG=180, LF=100.6%
2026-01-25 07:48:07 | INFO     | [SUCCESS] Day 24FEB
2026-01-25 07:48:07 | INFO     | [DAY_START] Processing 23FEB
2026-01-25 07:48:07 | INFO     | [lf.day.start] Processing ATZ-MED for 23FEB
2026-01-25 07:48:08 | INFO     | [lf.day.flights_found] Found 1 flights on 23FEB
2026-01-25 07:48:10 | INFO     | [lf.flight.extracted] SM487 on 23FEB: BKG=176, LF=98.3%
2026-01-25 07:48:13 | INFO     | [SUCCESS] Day 23FEB
2026-01-25 07:48:13 | INFO     | [DAY_START] Processing 22FEB
2026-01-25 07:48:13 | INFO     | [lf.day.start] Processing ATZ-MED for 22FEB
2026-01-25 07:48:15 | INFO     | [lf.day.flights_found] Found 2 flights on 22FEB
2026-01-25 07:48:17 | INFO     | [lf.flight.extracted] SM981 on 22FEB: BKG=180, LF=100.6%
2026-01-25 07:48:20 | INFO     | [lf.flight.extracted] SM963 on 22FEB: BKG=180, LF=100.6%
2026-01-25 07:48:25 | INFO     | [SUCCESS] Day 22FEB
2026-01-25 07:48:25 | INFO     | [DAY_START] Processing 21FEB
2026-01-25 07:48:25 | INFO     | [lf.day.start] Processing ATZ-MED for 21FEB
2026-01-25 07:48:26 | INFO     | [lf.day.flights_found] Found 1 flights on 21FEB
2026-01-25 07:48:29 | INFO     | [lf.flight.extracted] SM487 on 21FEB: BKG=179, LF=100.0%
2026-01-25 07:48:32 | INFO     | [SUCCESS] Day 21FEB
2026-01-25 07:48:32 | INFO     | [DAY_START] Processing 20FEB
2026-01-25 07:48:32 | INFO     | [lf.day.start] Processing ATZ-MED for 20FEB
2026-01-25 07:48:33 | INFO     | [lf.day.flights_found] Found 1 flights on 20FEB
2026-01-25 07:48:36 | INFO     | [lf.flight.extracted] SM963 on 20FEB: BKG=180, LF=100.6%
2026-01-25 07:48:38 | INFO     | [SUCCESS] Day 20FEB
2026-01-25 07:48:38 | INFO     | [DAY_START] Processing 19FEB
2026-01-25 07:48:38 | INFO     | [lf.day.start] Processing ATZ-MED for 19FEB
2026-01-25 07:48:40 | WARNING  | [lf.day.no_flights] No direct flights on 19FEB
2026-01-25 07:48:40 | INFO     | [SUCCESS] Day 19FEB
2026-01-25 07:48:40 | INFO     | [DAY_START] Processing 18FEB
2026-01-25 07:48:40 | INFO     | [lf.day.start] Processing ATZ-MED for 18FEB
2026-01-25 07:48:41 | INFO     | [lf.day.flights_found] Found 1 flights on 18FEB
2026-01-25 07:48:43 | INFO     | [lf.flight.extracted] SM489 on 18FEB: BKG=225, LF=125.7%
2026-01-25 07:48:46 | INFO     | [SUCCESS] Day 18FEB
2026-01-25 07:48:46 | INFO     | [DAY_START] Processing 17FEB
2026-01-25 07:48:46 | INFO     | [lf.day.start] Processing ATZ-MED for 17FEB
2026-01-25 07:48:47 | INFO     | [lf.day.flights_found] Found 1 flights on 17FEB
2026-01-25 07:48:50 | INFO     | [lf.flight.extracted] SM487 on 17FEB: BKG=138, LF=77.1%
2026-01-25 07:48:53 | INFO     | [SUCCESS] Day 17FEB
2026-01-25 07:48:53 | INFO     | [SUCCESS] LF Search Complete
2026-01-25 07:48:53 | INFO     | [Worker_9225] Completed: ATZ-MED - 8 results, 0 errors
2026-01-25 07:48:53 | INFO     | [Worker_9225] Processing: ASW-JED
2026-01-25 07:48:53 | INFO     |   Tier 0: Range 1, Chunk 1/4 (8 days)
