2026-01-25 07:35:28 | INFO     | ======================================================================
2026-01-25 07:35:28 | INFO     | Load Factor Scraper Started - Route: AJF-CAI
2026-01-25 07:35:28 | INFO     | Log file: D:\CODERED\LAB\Artifacts\outputs\run_generated_250126_at_07.06\logs\LF_AJF-CAI_20260125_073528.log
2026-01-25 07:35:28 | INFO     | Enhanced logging: Capturing both logging.info() and print()
2026-01-25 07:35:28 | INFO     | ======================================================================
2026-01-25 07:35:28 | INFO     | Starting LF search for route: AJF-CAI
2026-01-25 07:35:28 | INFO     | [START] LF Search
2026-01-25 07:35:29 | INFO     | [HEALTH CHECK] [OK] Chrome connection is healthy
2026-01-25 07:35:29 | INFO     | [DAY_START] Processing 19MAR
2026-01-25 07:35:29 | INFO     | [lf.day.start] Processing AJF-CAI for 19MAR
2026-01-25 07:35:30 | INFO     | [lf.day.flights_found] Found 1 flights on 19MAR
2026-01-25 07:35:32 | INFO     | [lf.flight.extracted] SM322 on 19MAR: BKG=5, LF=2.9%
2026-01-25 07:35:35 | INFO     | [SUCCESS] Day 19MAR
2026-01-25 07:35:35 | INFO     | [DAY_START] Processing 18MAR
2026-01-25 07:35:35 | INFO     | [lf.day.start] Processing AJF-CAI for 18MAR
2026-01-25 07:35:36 | WARNING  | [lf.day.no_flights] No direct flights on 18MAR
2026-01-25 07:35:36 | INFO     | [SUCCESS] Day 18MAR
2026-01-25 07:35:36 | INFO     | [DAY_START] Processing 17MAR
2026-01-25 07:35:36 | INFO     | [lf.day.start] Processing AJF-CAI for 17MAR
2026-01-25 07:35:38 | INFO     | [lf.day.flights_found] Found 1 flights on 17MAR
2026-01-25 07:35:40 | INFO     | [lf.flight.extracted] SM322 on 17MAR: BKG=10, LF=5.7%
2026-01-25 07:35:43 | INFO     | [SUCCESS] Day 17MAR
2026-01-25 07:35:43 | INFO     | [DAY_START] Processing 16MAR
2026-01-25 07:35:43 | INFO     | [lf.day.start] Processing AJF-CAI for 16MAR
2026-01-25 07:35:44 | WARNING  | [lf.day.no_flights] No direct flights on 16MAR
2026-01-25 07:35:44 | INFO     | [SUCCESS] Day 16MAR
2026-01-25 07:35:44 | INFO     | [DAY_START] Processing 15MAR
2026-01-25 07:35:44 | INFO     | [lf.day.start] Processing AJF-CAI for 15MAR
2026-01-25 07:35:45 | WARNING  | [lf.day.no_flights] No direct flights on 15MAR
2026-01-25 07:35:45 | INFO     | [SUCCESS] Day 15MAR
2026-01-25 07:35:45 | INFO     | [DAY_START] Processing 14MAR
2026-01-25 07:35:45 | INFO     | [lf.day.start] Processing AJF-CAI for 14MAR
2026-01-25 07:35:46 | INFO     | [lf.day.flights_found] Found 1 flights on 14MAR
2026-01-25 07:35:48 | INFO     | [lf.flight.extracted] SM322 on 14MAR: BKG=2, LF=1.1%
2026-01-25 07:35:51 | INFO     | [SUCCESS] Day 14MAR
2026-01-25 07:35:51 | INFO     | [DAY_START] Processing 13MAR
2026-01-25 07:35:51 | INFO     | [lf.day.start] Processing AJF-CAI for 13MAR
2026-01-25 07:35:52 | WARNING  | [lf.day.no_flights] No direct flights on 13MAR
2026-01-25 07:35:52 | INFO     | [SUCCESS] Day 13MAR
2026-01-25 07:35:52 | INFO     | [DAY_START] Processing 12MAR
2026-01-25 07:35:52 | INFO     | [lf.day.start] Processing AJF-CAI for 12MAR
2026-01-25 07:35:53 | INFO     | [lf.day.flights_found] Found 1 flights on 12MAR
2026-01-25 07:35:55 | INFO     | [lf.flight.extracted] SM322 on 12MAR: BKG=11, LF=6.3%
2026-01-25 07:35:58 | INFO     | [SUCCESS] Day 12MAR
2026-01-25 07:35:58 | INFO     | [SUCCESS] LF Search Complete
2026-01-25 07:35:58 | INFO     | [Worker_9224] Completed: AJF-CAI - 8 results, 0 errors
2026-01-25 07:35:58 | INFO     | [Worker_9224] Processing: ELQ-ATZ
2026-01-25 07:35:58 | INFO     |   Tier 0: Range 2, Chunk 2/4 (8 days)
