2026-01-25 07:31:43 | INFO     | ======================================================================
2026-01-25 07:31:43 | INFO     | Load Factor Scraper Started - Route: AHB-CAI
2026-01-25 07:31:43 | INFO     | Log file: D:\CODERED\LAB\Artifacts\outputs\run_generated_250126_at_07.06\logs\LF_AHB-CAI_20260125_073143.log
2026-01-25 07:31:43 | INFO     | Enhanced logging: Capturing both logging.info() and print()
2026-01-25 07:31:43 | INFO     | ======================================================================
2026-01-25 07:31:43 | INFO     | Starting LF search for route: AHB-CAI
2026-01-25 07:31:43 | INFO     | [START] LF Search
2026-01-25 07:31:44 | INFO     | [HEALTH CHECK] [OK] Chrome connection is healthy
2026-01-25 07:31:44 | INFO     | [DAY_START] Processing 27MAR
2026-01-25 07:31:44 | INFO     | [lf.day.start] Processing AHB-CAI for 27MAR
2026-01-25 07:31:45 | INFO     | [lf.day.flights_found] Found 1 flights on 27MAR
2026-01-25 07:31:47 | INFO     | [lf.flight.extracted] SM444 on 27MAR: BKG=11, LF=6.3%
2026-01-25 07:31:50 | INFO     | [SUCCESS] Day 27MAR
2026-01-25 07:31:50 | INFO     | [DAY_START] Processing 26MAR
2026-01-25 07:31:50 | INFO     | [lf.day.start] Processing AHB-CAI for 26MAR
2026-01-25 07:31:51 | INFO     | [lf.day.flights_found] Found 1 flights on 26MAR
2026-01-25 07:31:53 | INFO     | [lf.flight.extracted] SM448 on 26MAR: BKG=9, LF=5.1%
2026-01-25 07:31:55 | INFO     | [SUCCESS] Day 26MAR
2026-01-25 07:31:55 | INFO     | [DAY_START] Processing 25MAR
2026-01-25 07:31:55 | INFO     | [lf.day.start] Processing AHB-CAI for 25MAR
2026-01-25 07:31:56 | WARNING  | [lf.day.no_flights] No direct flights on 25MAR
2026-01-25 07:31:56 | INFO     | [SUCCESS] Day 25MAR
2026-01-25 07:31:56 | INFO     | [DAY_START] Processing 24MAR
2026-01-25 07:31:56 | INFO     | [lf.day.start] Processing AHB-CAI for 24MAR
2026-01-25 07:31:58 | WARNING  | [lf.day.no_flights] No direct flights on 24MAR
2026-01-25 07:31:58 | INFO     | [SUCCESS] Day 24MAR
2026-01-25 07:31:58 | INFO     | [DAY_START] Processing 23MAR
2026-01-25 07:31:58 | INFO     | [lf.day.start] Processing AHB-CAI for 23MAR
2026-01-25 07:31:59 | WARNING  | [lf.day.no_flights] No direct flights on 23MAR
2026-01-25 07:31:59 | INFO     | [SUCCESS] Day 23MAR
2026-01-25 07:31:59 | INFO     | [DAY_START] Processing 22MAR
2026-01-25 07:31:59 | INFO     | [lf.day.start] Processing AHB-CAI for 22MAR
2026-01-25 07:32:00 | INFO     | [lf.day.flights_found] Found 1 flights on 22MAR
2026-01-25 07:32:02 | INFO     | [lf.flight.extracted] SM444 on 22MAR: BKG=22, LF=12.6%
2026-01-25 07:32:05 | INFO     | [SUCCESS] Day 22MAR
2026-01-25 07:32:05 | INFO     | [DAY_START] Processing 21MAR
2026-01-25 07:32:05 | INFO     | [lf.day.start] Processing AHB-CAI for 21MAR
2026-01-25 07:32:06 | WARNING  | [lf.day.no_flights] No direct flights on 21MAR
2026-01-25 07:32:06 | INFO     | [SUCCESS] Day 21MAR
2026-01-25 07:32:06 | INFO     | [DAY_START] Processing 20MAR
2026-01-25 07:32:06 | INFO     | [lf.day.start] Processing AHB-CAI for 20MAR
2026-01-25 07:32:07 | INFO     | [lf.day.flights_found] Found 1 flights on 20MAR
2026-01-25 07:32:09 | INFO     | [lf.flight.extracted] SM444 on 20MAR: BKG=12, LF=6.9%
2026-01-25 07:32:12 | INFO     | [SUCCESS] Day 20MAR
2026-01-25 07:32:12 | INFO     | [SUCCESS] LF Search Complete
2026-01-25 07:32:24 | INFO     | [Worker_9234] Completed: AHB-CAI - 8 results, 0 errors
2026-01-25 07:32:24 | INFO     | [Worker_9234] Processing: ATZ-JED
2026-01-25 07:32:24 | INFO     |   Tier 0: Range 2, Chunk 1/4 (8 days)
