2026-01-25 07:16:39 | INFO     | ======================================================================
2026-01-25 07:16:39 | INFO     | Load Factor Scraper Started - Route: ATZ-ELQ
2026-01-25 07:16:39 | INFO     | Log file: D:\CODERED\LAB\Artifacts\outputs\run_generated_250126_at_07.06\logs\LF_ATZ-ELQ_20260125_071639.log
2026-01-25 07:16:39 | INFO     | Enhanced logging: Capturing both logging.info() and print()
2026-01-25 07:16:39 | INFO     | ======================================================================
2026-01-25 07:16:39 | INFO     | Starting LF search for route: ATZ-ELQ
2026-01-25 07:16:39 | INFO     | [START] LF Search
2026-01-25 07:17:02 | INFO     | [HEALTH CHECK] [OK] Chrome connection is healthy
2026-01-25 07:17:02 | INFO     | [DAY_START] Processing 14MAY
2026-01-25 07:17:02 | INFO     | [lf.day.start] Processing ATZ-ELQ for 14MAY
2026-01-25 07:17:04 | WARNING  | [lf.day.no_flights] No direct flights on 14MAY
2026-01-25 07:17:04 | INFO     | [SUCCESS] Day 14MAY
2026-01-25 07:17:04 | INFO     | [DAY_START] Processing 13MAY
2026-01-25 07:17:04 | INFO     | [lf.day.start] Processing ATZ-ELQ for 13MAY
2026-01-25 07:17:06 | WARNING  | [lf.day.no_flights] No direct flights on 13MAY
2026-01-25 07:17:06 | INFO     | [SUCCESS] Day 13MAY
2026-01-25 07:17:06 | INFO     | [DAY_START] Processing 12MAY
2026-01-25 07:17:06 | INFO     | [lf.day.start] Processing ATZ-ELQ for 12MAY
2026-01-25 07:17:07 | WARNING  | [lf.day.no_flights] No direct flights on 12MAY
2026-01-25 07:17:07 | INFO     | [SUCCESS] Day 12MAY
2026-01-25 07:17:07 | INFO     | [DAY_START] Processing 11MAY
2026-01-25 07:17:07 | INFO     | [lf.day.start] Processing ATZ-ELQ for 11MAY
2026-01-25 07:17:08 | WARNING  | [lf.day.no_flights] No direct flights on 11MAY
2026-01-25 07:17:08 | INFO     | [SUCCESS] Day 11MAY
2026-01-25 07:17:08 | INFO     | [DAY_START] Processing 10MAY
2026-01-25 07:17:08 | INFO     | [lf.day.start] Processing ATZ-ELQ for 10MAY
2026-01-25 07:17:09 | WARNING  | [lf.day.no_flights] No direct flights on 10MAY
2026-01-25 07:17:09 | INFO     | [SUCCESS] Day 10MAY
2026-01-25 07:17:09 | INFO     | [DAY_START] Processing 09MAY
2026-01-25 07:17:09 | INFO     | [lf.day.start] Processing ATZ-ELQ for 09MAY
2026-01-25 07:17:10 | WARNING  | [lf.day.no_flights] No direct flights on 09MAY
2026-01-25 07:17:10 | INFO     | [SUCCESS] Day 09MAY
2026-01-25 07:17:10 | INFO     | [DAY_START] Processing 08MAY
2026-01-25 07:17:10 | INFO     | [lf.day.start] Processing ATZ-ELQ for 08MAY
2026-01-25 07:17:11 | WARNING  | [lf.day.no_flights] No direct flights on 08MAY
2026-01-25 07:17:11 | INFO     | [SUCCESS] Day 08MAY
2026-01-25 07:17:11 | INFO     | [DAY_START] Processing 07MAY
2026-01-25 07:17:11 | INFO     | [lf.day.start] Processing ATZ-ELQ for 07MAY
2026-01-25 07:17:13 | WARNING  | [lf.day.no_flights] No direct flights on 07MAY
2026-01-25 07:17:13 | INFO     | [SUCCESS] Day 07MAY
2026-01-25 07:17:13 | INFO     | [SUCCESS] LF Search Complete
2026-01-25 07:17:13 | INFO     | [Worker_9226] Completed: ATZ-ELQ - 8 results, 0 errors
2026-01-25 07:17:13 | INFO     | [Worker_9226] Processing: JED-LXR
2026-01-25 07:17:13 | INFO     |   Tier 0: Range 4, Chunk 4/4 (8 days)
