2026-01-25 07:18:29 | INFO     | ======================================================================
2026-01-25 07:18:29 | INFO     | Load Factor Scraper Started - Route: ATZ-RUH
2026-01-25 07:18:29 | INFO     | Log file: D:\CODERED\LAB\Artifacts\outputs\run_generated_250126_at_07.06\logs\LF_ATZ-RUH_20260125_071829.log
2026-01-25 07:18:29 | INFO     | Enhanced logging: Capturing both logging.info() and print()
2026-01-25 07:18:29 | INFO     | ======================================================================
2026-01-25 07:18:29 | INFO     | Starting LF search for route: ATZ-RUH
2026-01-25 07:18:29 | INFO     | [START] LF Search
2026-01-25 07:18:30 | INFO     | [HEALTH CHECK] [OK] Chrome connection is healthy
2026-01-25 07:18:30 | INFO     | [DAY_START] Processing 06MAY
2026-01-25 07:18:30 | INFO     | [lf.day.start] Processing ATZ-RUH for 06MAY
2026-01-25 07:18:31 | INFO     | [lf.day.flights_found] Found 1 flights on 06MAY
2026-01-25 07:18:33 | INFO     | [lf.flight.extracted] SM465 on 06MAY: BKG=20, LF=11.2%
2026-01-25 07:18:36 | INFO     | [SUCCESS] Day 06MAY
2026-01-25 07:18:36 | INFO     | [DAY_START] Processing 05MAY
2026-01-25 07:18:36 | INFO     | [lf.day.start] Processing ATZ-RUH for 05MAY
2026-01-25 07:18:37 | WARNING  | [lf.day.no_flights] No direct flights on 05MAY
2026-01-25 07:18:37 | INFO     | [SUCCESS] Day 05MAY
2026-01-25 07:18:37 | INFO     | [DAY_START] Processing 04MAY
2026-01-25 07:18:37 | INFO     | [lf.day.start] Processing ATZ-RUH for 04MAY
2026-01-25 07:18:38 | WARNING  | [lf.day.no_flights] No direct flights on 04MAY
2026-01-25 07:18:38 | INFO     | [SUCCESS] Day 04MAY
2026-01-25 07:18:38 | INFO     | [DAY_START] Processing 03MAY
2026-01-25 07:18:38 | INFO     | [lf.day.start] Processing ATZ-RUH for 03MAY
2026-01-25 07:18:40 | WARNING  | [lf.day.no_flights] No direct flights on 03MAY
2026-01-25 07:18:40 | INFO     | [SUCCESS] Day 03MAY
2026-01-25 07:18:40 | INFO     | [DAY_START] Processing 02MAY
2026-01-25 07:18:40 | INFO     | [lf.day.start] Processing ATZ-RUH for 02MAY
2026-01-25 07:18:42 | WARNING  | [lf.day.no_flights] No direct flights on 02MAY
2026-01-25 07:18:42 | INFO     | [SUCCESS] Day 02MAY
2026-01-25 07:18:42 | INFO     | [DAY_START] Processing 01MAY
2026-01-25 07:18:42 | INFO     | [lf.day.start] Processing ATZ-RUH for 01MAY
2026-01-25 07:18:43 | WARNING  | [lf.day.no_flights] No direct flights on 01MAY
2026-01-25 07:18:43 | INFO     | [SUCCESS] Day 01MAY
2026-01-25 07:18:43 | INFO     | [DAY_START] Processing 30APR
2026-01-25 07:18:43 | INFO     | [lf.day.start] Processing ATZ-RUH for 30APR
2026-01-25 07:18:44 | WARNING  | [lf.day.no_flights] No direct flights on 30APR
2026-01-25 07:18:44 | INFO     | [SUCCESS] Day 30APR
2026-01-25 07:18:44 | INFO     | [DAY_START] Processing 29APR
2026-01-25 07:18:44 | INFO     | [lf.day.start] Processing ATZ-RUH for 29APR
2026-01-25 07:18:45 | INFO     | [lf.day.flights_found] Found 1 flights on 29APR
2026-01-25 07:18:47 | INFO     | [lf.flight.extracted] SM465 on 29APR: BKG=36, LF=20.1%
2026-01-25 07:18:50 | INFO     | [SUCCESS] Day 29APR
2026-01-25 07:18:50 | INFO     | [SUCCESS] LF Search Complete
2026-01-25 07:18:50 | INFO     | [Worker_9232] Completed: ATZ-RUH - 8 results, 0 errors
2026-01-25 07:18:50 | INFO     | [Worker_9232] Processing: CAI-AJF
2026-01-25 07:18:50 | INFO     |   Tier 0: Range 4, Chunk 4/4 (8 days)
