2026-01-25 07:11:01 | INFO     | ======================================================================
2026-01-25 07:11:01 | INFO     | Load Factor Scraper Started - Route: AHB-CAI
2026-01-25 07:11:01 | INFO     | Log file: D:\CODERED\LAB\Artifacts\outputs\run_generated_250126_at_07.06\logs\LF_AHB-CAI_20260125_071101.log
2026-01-25 07:11:01 | INFO     | Enhanced logging: Capturing both logging.info() and print()
2026-01-25 07:11:01 | INFO     | ======================================================================
2026-01-25 07:11:01 | INFO     | Starting LF search for route: AHB-CAI
2026-01-25 07:11:01 | INFO     | [START] LF Search
2026-01-25 07:11:02 | INFO     | [HEALTH CHECK] [OK] Chrome connection is healthy
2026-01-25 07:11:02 | INFO     | [DAY_START] Processing 30MAY
2026-01-25 07:11:02 | INFO     | [lf.day.start] Processing AHB-CAI for 30MAY
2026-01-25 07:11:03 | INFO     | [lf.day.flights_found] Found 1 flights on 30MAY
2026-01-25 07:11:05 | INFO     | [lf.flight.extracted] SM444 on 30MAY: BKG=0, LF=0.0%
2026-01-25 07:11:06 | INFO     | [SUCCESS] Day 30MAY
2026-01-25 07:11:06 | INFO     | [DAY_START] Processing 29MAY
2026-01-25 07:11:06 | INFO     | [lf.day.start] Processing AHB-CAI for 29MAY
2026-01-25 07:11:07 | WARNING  | [lf.day.no_flights] No direct flights on 29MAY
2026-01-25 07:11:07 | INFO     | [SUCCESS] Day 29MAY
2026-01-25 07:11:07 | INFO     | [DAY_START] Processing 28MAY
2026-01-25 07:11:07 | INFO     | [lf.day.start] Processing AHB-CAI for 28MAY
2026-01-25 07:11:08 | INFO     | [lf.day.flights_found] Found 1 flights on 28MAY
2026-01-25 07:11:10 | INFO     | [lf.flight.extracted] SM444 on 28MAY: BKG=12, LF=7.2%
2026-01-25 07:11:13 | INFO     | [SUCCESS] Day 28MAY
2026-01-25 07:11:13 | INFO     | [DAY_START] Processing 27MAY
2026-01-25 07:11:13 | INFO     | [lf.day.start] Processing AHB-CAI for 27MAY
2026-01-25 07:11:14 | INFO     | [lf.day.flights_found] Found 1 flights on 27MAY
2026-01-25 07:11:16 | INFO     | [lf.flight.extracted] SM444 on 27MAY: BKG=13, LF=7.4%
2026-01-25 07:11:18 | INFO     | [SUCCESS] Day 27MAY
2026-01-25 07:11:18 | INFO     | [DAY_START] Processing 26MAY
2026-01-25 07:11:18 | INFO     | [lf.day.start] Processing AHB-CAI for 26MAY
2026-01-25 07:11:19 | WARNING  | [lf.day.no_flights] No direct flights on 26MAY
2026-01-25 07:11:19 | INFO     | [SUCCESS] Day 26MAY
2026-01-25 07:11:19 | INFO     | [DAY_START] Processing 25MAY
2026-01-25 07:11:19 | INFO     | [lf.day.start] Processing AHB-CAI for 25MAY
2026-01-25 07:11:20 | INFO     | [lf.day.flights_found] Found 1 flights on 25MAY
2026-01-25 07:11:22 | INFO     | [lf.flight.extracted] SM444 on 25MAY: BKG=1, LF=0.6%
2026-01-25 07:11:25 | INFO     | [SUCCESS] Day 25MAY
2026-01-25 07:11:25 | INFO     | [DAY_START] Processing 24MAY
2026-01-25 07:11:25 | INFO     | [lf.day.start] Processing AHB-CAI for 24MAY
2026-01-25 07:11:26 | WARNING  | [lf.day.no_flights] No direct flights on 24MAY
2026-01-25 07:11:26 | INFO     | [SUCCESS] Day 24MAY
2026-01-25 07:11:26 | INFO     | [DAY_START] Processing 23MAY
2026-01-25 07:11:26 | INFO     | [lf.day.start] Processing AHB-CAI for 23MAY
2026-01-25 07:11:27 | INFO     | [lf.day.flights_found] Found 1 flights on 23MAY
2026-01-25 07:11:29 | INFO     | [lf.flight.extracted] SM444 on 23MAY: BKG=1, LF=0.6%
2026-01-25 07:11:33 | INFO     | [SUCCESS] Day 23MAY
2026-01-25 07:11:33 | INFO     | [SUCCESS] LF Search Complete
2026-01-25 07:11:33 | INFO     | [Worker_9234] Completed: AHB-CAI - 8 results, 0 errors
2026-01-25 07:11:33 | INFO     | [Worker_9234] Processing: ASW-JED
2026-01-25 07:11:33 | INFO     |   Tier 0: Range 4, Chunk 1/4 (8 days)
