2026-01-25 07:25:26 | INFO     | ======================================================================
2026-01-25 07:25:26 | INFO     | Load Factor Scraper Started - Route: ATZ-MED
2026-01-25 07:25:26 | INFO     | Log file: D:\CODERED\LAB\Artifacts\outputs\run_generated_250126_at_07.06\logs\LF_ATZ-MED_20260125_072526.log
2026-01-25 07:25:26 | INFO     | Enhanced logging: Capturing both logging.info() and print()
2026-01-25 07:25:26 | INFO     | ======================================================================
2026-01-25 07:25:26 | INFO     | Starting LF search for route: ATZ-MED
2026-01-25 07:25:26 | INFO     | [START] LF Search
2026-01-25 07:25:27 | INFO     | [HEALTH CHECK] [OK] Chrome connection is healthy
2026-01-25 07:25:27 | INFO     | [DAY_START] Processing 12APR
2026-01-25 07:25:27 | INFO     | [lf.day.start] Processing ATZ-MED for 12APR
2026-01-25 07:25:28 | INFO     | [lf.day.flights_found] Found 1 flights on 12APR
2026-01-25 07:25:30 | INFO     | [lf.flight.extracted] SM487 on 12APR: BKG=3, LF=1.7%
2026-01-25 07:25:33 | INFO     | [SUCCESS] Day 12APR
2026-01-25 07:25:33 | INFO     | [DAY_START] Processing 11APR
2026-01-25 07:25:33 | INFO     | [lf.day.start] Processing ATZ-MED for 11APR
2026-01-25 07:25:34 | WARNING  | [lf.day.no_flights] No direct flights on 11APR
2026-01-25 07:25:34 | INFO     | [SUCCESS] Day 11APR
2026-01-25 07:25:34 | INFO     | [DAY_START] Processing 10APR
2026-01-25 07:25:34 | INFO     | [lf.day.start] Processing ATZ-MED for 10APR
2026-01-25 07:25:35 | WARNING  | [lf.day.no_flights] No direct flights on 10APR
2026-01-25 07:25:35 | INFO     | [SUCCESS] Day 10APR
2026-01-25 07:25:35 | INFO     | [DAY_START] Processing 09APR
2026-01-25 07:25:35 | INFO     | [lf.day.start] Processing ATZ-MED for 09APR
2026-01-25 07:25:36 | WARNING  | [lf.day.no_flights] No direct flights on 09APR
2026-01-25 07:25:36 | INFO     | [SUCCESS] Day 09APR
2026-01-25 07:25:36 | INFO     | [DAY_START] Processing 08APR
2026-01-25 07:25:36 | INFO     | [lf.day.start] Processing ATZ-MED for 08APR
2026-01-25 07:25:37 | WARNING  | [lf.day.no_flights] No direct flights on 08APR
2026-01-25 07:25:37 | INFO     | [SUCCESS] Day 08APR
2026-01-25 07:25:37 | INFO     | [DAY_START] Processing 07APR
2026-01-25 07:25:37 | INFO     | [lf.day.start] Processing ATZ-MED for 07APR
2026-01-25 07:25:39 | WARNING  | [lf.day.no_flights] No direct flights on 07APR
2026-01-25 07:25:39 | INFO     | [SUCCESS] Day 07APR
2026-01-25 07:25:39 | INFO     | [DAY_START] Processing 06APR
2026-01-25 07:25:39 | INFO     | [lf.day.start] Processing ATZ-MED for 06APR
2026-01-25 07:25:40 | WARNING  | [lf.day.no_flights] No direct flights on 06APR
2026-01-25 07:25:40 | INFO     | [SUCCESS] Day 06APR
2026-01-25 07:25:40 | INFO     | [DAY_START] Processing 05APR
2026-01-25 07:25:40 | INFO     | [lf.day.start] Processing ATZ-MED for 05APR
2026-01-25 07:25:41 | INFO     | [lf.day.flights_found] Found 1 flights on 05APR
2026-01-25 07:25:43 | INFO     | [lf.flight.extracted] SM487 on 05APR: BKG=14, LF=7.8%
2026-01-25 07:25:46 | INFO     | [SUCCESS] Day 05APR
2026-01-25 07:25:46 | INFO     | [SUCCESS] LF Search Complete
2026-01-25 07:25:54 | INFO     | [Worker_9232] Completed: ATZ-MED - 8 results, 0 errors
2026-01-25 07:25:54 | INFO     | [Worker_9232] Processing: CAI-RUH
2026-01-25 07:25:54 | INFO     |   Tier 0: Range 3, Chunk 3/4 (8 days)
