2026-01-25 07:44:26 | INFO     | ======================================================================
2026-01-25 07:44:26 | INFO     | Load Factor Scraper Started - Route: ATZ-DMM
2026-01-25 07:44:26 | INFO     | Log file: D:\CODERED\LAB\Artifacts\outputs\run_generated_250126_at_07.06\logs\LF_ATZ-DMM_20260125_074426.log
2026-01-25 07:44:26 | INFO     | Enhanced logging: Capturing both logging.info() and print()
2026-01-25 07:44:26 | INFO     | ======================================================================
2026-01-25 07:44:26 | INFO     | Starting LF search for route: ATZ-DMM
2026-01-25 07:44:26 | INFO     | [START] LF Search
2026-01-25 07:44:27 | INFO     | [HEALTH CHECK] [OK] Chrome connection is healthy
2026-01-25 07:44:27 | INFO     | [DAY_START] Processing 03MAR
2026-01-25 07:44:27 | INFO     | [lf.day.start] Processing ATZ-DMM for 03MAR
2026-01-25 07:44:28 | WARNING  | [lf.day.no_flights] No direct flights on 03MAR
2026-01-25 07:44:28 | INFO     | [SUCCESS] Day 03MAR
2026-01-25 07:44:28 | INFO     | [DAY_START] Processing 02MAR
2026-01-25 07:44:28 | INFO     | [lf.day.start] Processing ATZ-DMM for 02MAR
2026-01-25 07:44:30 | INFO     | [lf.day.flights_found] Found 1 flights on 02MAR
2026-01-25 07:44:32 | INFO     | [lf.flight.extracted] SM437 on 02MAR: BKG=9, LF=5.0%
2026-01-25 07:44:35 | INFO     | [SUCCESS] Day 02MAR
2026-01-25 07:44:35 | INFO     | [DAY_START] Processing 01MAR
2026-01-25 07:44:35 | INFO     | [lf.day.start] Processing ATZ-DMM for 01MAR
2026-01-25 07:44:36 | WARNING  | [lf.day.no_flights] No direct flights on 01MAR
2026-01-25 07:44:36 | INFO     | [SUCCESS] Day 01MAR
2026-01-25 07:44:36 | INFO     | [DAY_START] Processing 28FEB
2026-01-25 07:44:36 | INFO     | [lf.day.start] Processing ATZ-DMM for 28FEB
2026-01-25 07:44:37 | WARNING  | [lf.day.no_flights] No direct flights on 28FEB
2026-01-25 07:44:37 | INFO     | [SUCCESS] Day 28FEB
2026-01-25 07:44:37 | INFO     | [DAY_START] Processing 27FEB
2026-01-25 07:44:37 | INFO     | [lf.day.start] Processing ATZ-DMM for 27FEB
2026-01-25 07:44:38 | INFO     | [lf.day.flights_found] Found 1 flights on 27FEB
2026-01-25 07:44:40 | INFO     | [lf.flight.extracted] SM437 on 27FEB: BKG=5, LF=2.8%
2026-01-25 07:44:43 | INFO     | [SUCCESS] Day 27FEB
2026-01-25 07:44:43 | INFO     | [DAY_START] Processing 26FEB
2026-01-25 07:44:43 | INFO     | [lf.day.start] Processing ATZ-DMM for 26FEB
2026-01-25 07:44:44 | WARNING  | [lf.day.no_flights] No direct flights on 26FEB
2026-01-25 07:44:44 | INFO     | [SUCCESS] Day 26FEB
2026-01-25 07:44:44 | INFO     | [DAY_START] Processing 25FEB
2026-01-25 07:44:44 | INFO     | [lf.day.start] Processing ATZ-DMM for 25FEB
2026-01-25 07:44:46 | WARNING  | [lf.day.no_flights] No direct flights on 25FEB
2026-01-25 07:44:46 | INFO     | [SUCCESS] Day 25FEB
2026-01-25 07:44:46 | INFO     | [SUCCESS] LF Search Complete
2026-01-25 07:44:46 | INFO     | [Worker_9227] Completed: ATZ-DMM - 7 results, 0 errors
2026-01-25 07:44:46 | INFO     | [Worker_9227] Processing: ATZ-TUU
2026-01-25 07:44:46 | INFO     |   Tier 0: Range 2, Chunk 4/4 (7 days)
