2026-01-25 07:52:24 | INFO     | ======================================================================
2026-01-25 07:52:24 | INFO     | Load Factor Scraper Started - Route: AJF-ATZ
2026-01-25 07:52:24 | INFO     | Log file: D:\CODERED\LAB\Artifacts\outputs\run_generated_250126_at_07.06\logs\LF_AJF-ATZ_20260125_075224.log
2026-01-25 07:52:24 | INFO     | Enhanced logging: Capturing both logging.info() and print()
2026-01-25 07:52:24 | INFO     | ======================================================================
2026-01-25 07:52:24 | INFO     | Starting LF search for route: AJF-ATZ
2026-01-25 07:52:24 | INFO     | [START] LF Search
2026-01-25 07:52:25 | INFO     | [HEALTH CHECK] [OK] Chrome connection is healthy
2026-01-25 07:52:25 | INFO     | [DAY_START] Processing 16FEB
2026-01-25 07:52:25 | INFO     | [lf.day.start] Processing AJF-ATZ for 16FEB
2026-01-25 07:52:26 | WARNING  | [lf.day.no_flights] No direct flights on 16FEB
2026-01-25 07:52:26 | INFO     | [SUCCESS] Day 16FEB
2026-01-25 07:52:26 | INFO     | [DAY_START] Processing 15FEB
2026-01-25 07:52:26 | INFO     | [lf.day.start] Processing AJF-ATZ for 15FEB
2026-01-25 07:52:28 | WARNING  | [lf.day.no_flights] No direct flights on 15FEB
2026-01-25 07:52:28 | INFO     | [SUCCESS] Day 15FEB
2026-01-25 07:52:28 | INFO     | [DAY_START] Processing 14FEB
2026-01-25 07:52:28 | INFO     | [lf.day.start] Processing AJF-ATZ for 14FEB
2026-01-25 07:52:29 | WARNING  | [lf.day.no_flights] No direct flights on 14FEB
2026-01-25 07:52:29 | INFO     | [SUCCESS] Day 14FEB
2026-01-25 07:52:29 | INFO     | [DAY_START] Processing 13FEB
2026-01-25 07:52:29 | INFO     | [lf.day.start] Processing AJF-ATZ for 13FEB
2026-01-25 07:52:30 | INFO     | [lf.day.flights_found] Found 1 flights on 13FEB
2026-01-25 07:52:33 | INFO     | [lf.flight.extracted] SM324 on 13FEB: BKG=102, LF=58.3%
2026-01-25 07:52:40 | INFO     | [SUCCESS] Day 13FEB
2026-01-25 07:52:40 | INFO     | [DAY_START] Processing 12FEB
2026-01-25 07:52:40 | INFO     | [lf.day.start] Processing AJF-ATZ for 12FEB
2026-01-25 07:52:41 | WARNING  | [lf.day.no_flights] No direct flights on 12FEB
2026-01-25 07:52:41 | INFO     | [SUCCESS] Day 12FEB
2026-01-25 07:52:41 | INFO     | [DAY_START] Processing 11FEB
2026-01-25 07:52:41 | INFO     | [lf.day.start] Processing AJF-ATZ for 11FEB
2026-01-25 07:52:42 | WARNING  | [lf.day.no_flights] No direct flights on 11FEB
2026-01-25 07:52:42 | INFO     | [SUCCESS] Day 11FEB
2026-01-25 07:52:42 | INFO     | [DAY_START] Processing 10FEB
2026-01-25 07:52:42 | INFO     | [lf.day.start] Processing AJF-ATZ for 10FEB
2026-01-25 07:52:43 | WARNING  | [lf.day.no_flights] No direct flights on 10FEB
2026-01-25 07:52:43 | INFO     | [SUCCESS] Day 10FEB
2026-01-25 07:52:43 | INFO     | [DAY_START] Processing 09FEB
2026-01-25 07:52:43 | INFO     | [lf.day.start] Processing AJF-ATZ for 09FEB
2026-01-25 07:52:45 | WARNING  | [lf.day.no_flights] No direct flights on 09FEB
2026-01-25 07:52:45 | INFO     | [SUCCESS] Day 09FEB
2026-01-25 07:52:45 | INFO     | [SUCCESS] LF Search Complete
2026-01-25 07:52:45 | INFO     | [Worker_9225] Completed: AJF-ATZ - 8 results, 0 errors
2026-01-25 07:52:45 | INFO     | [Worker_9225] Processing: AHB-ATZ
2026-01-25 07:52:45 | INFO     |   Tier 0: Range 1, Chunk 2/4 (8 days)
