2026-01-25 07:47:28 | INFO     | ======================================================================
2026-01-25 07:47:28 | INFO     | Load Factor Scraper Started - Route: AHB-CAI
2026-01-25 07:47:28 | INFO     | Log file: D:\CODERED\LAB\Artifacts\outputs\run_generated_250126_at_07.06\logs\LF_AHB-CAI_20260125_074728.log
2026-01-25 07:47:28 | INFO     | Enhanced logging: Capturing both logging.info() and print()
2026-01-25 07:47:28 | INFO     | ======================================================================
2026-01-25 07:47:28 | INFO     | Starting LF search for route: AHB-CAI
2026-01-25 07:47:28 | INFO     | [START] LF Search
2026-01-25 07:47:29 | INFO     | [HEALTH CHECK] [OK] Chrome connection is healthy
2026-01-25 07:47:29 | INFO     | [DAY_START] Processing 24FEB
2026-01-25 07:47:29 | INFO     | [lf.day.start] Processing AHB-CAI for 24FEB
2026-01-25 07:47:31 | WARNING  | [lf.day.no_flights] No direct flights on 24FEB
2026-01-25 07:47:31 | INFO     | [SUCCESS] Day 24FEB
2026-01-25 07:47:31 | INFO     | [DAY_START] Processing 23FEB
2026-01-25 07:47:31 | INFO     | [lf.day.start] Processing AHB-CAI for 23FEB
2026-01-25 07:47:32 | WARNING  | [lf.day.no_flights] No direct flights on 23FEB
2026-01-25 07:47:32 | INFO     | [SUCCESS] Day 23FEB
2026-01-25 07:47:32 | INFO     | [DAY_START] Processing 22FEB
2026-01-25 07:47:32 | INFO     | [lf.day.start] Processing AHB-CAI for 22FEB
2026-01-25 07:47:33 | INFO     | [lf.day.flights_found] Found 1 flights on 22FEB
2026-01-25 07:47:36 | INFO     | [lf.flight.extracted] SM444 on 22FEB: BKG=27, LF=15.7%
2026-01-25 07:47:40 | INFO     | [SUCCESS] Day 22FEB
2026-01-25 07:47:40 | INFO     | [DAY_START] Processing 21FEB
2026-01-25 07:47:40 | INFO     | [lf.day.start] Processing AHB-CAI for 21FEB
2026-01-25 07:47:41 | WARNING  | [lf.day.no_flights] No direct flights on 21FEB
2026-01-25 07:47:41 | INFO     | [SUCCESS] Day 21FEB
2026-01-25 07:47:41 | INFO     | [DAY_START] Processing 20FEB
2026-01-25 07:47:41 | INFO     | [lf.day.start] Processing AHB-CAI for 20FEB
2026-01-25 07:47:42 | INFO     | [lf.day.flights_found] Found 1 flights on 20FEB
2026-01-25 07:47:44 | INFO     | [lf.flight.extracted] SM444 on 20FEB: BKG=23, LF=13.1%
2026-01-25 07:47:48 | INFO     | [SUCCESS] Day 20FEB
2026-01-25 07:47:48 | INFO     | [DAY_START] Processing 19FEB
2026-01-25 07:47:48 | INFO     | [lf.day.start] Processing AHB-CAI for 19FEB
2026-01-25 07:47:49 | INFO     | [lf.day.flights_found] Found 1 flights on 19FEB
2026-01-25 07:47:51 | INFO     | [lf.flight.extracted] SM448 on 19FEB: BKG=16, LF=9.6%
2026-01-25 07:47:54 | INFO     | [SUCCESS] Day 19FEB
2026-01-25 07:47:54 | INFO     | [DAY_START] Processing 18FEB
2026-01-25 07:47:54 | INFO     | [lf.day.start] Processing AHB-CAI for 18FEB
2026-01-25 07:47:56 | WARNING  | [lf.day.no_flights] No direct flights on 18FEB
2026-01-25 07:47:56 | INFO     | [SUCCESS] Day 18FEB
2026-01-25 07:47:56 | INFO     | [DAY_START] Processing 17FEB
2026-01-25 07:47:56 | INFO     | [lf.day.start] Processing AHB-CAI for 17FEB
2026-01-25 07:47:57 | WARNING  | [lf.day.no_flights] No direct flights on 17FEB
2026-01-25 07:47:57 | INFO     | [SUCCESS] Day 17FEB
2026-01-25 07:47:57 | INFO     | [SUCCESS] LF Search Complete
2026-01-25 07:47:57 | INFO     | [Worker_9226] Completed: AHB-CAI - 8 results, 0 errors
2026-01-25 07:47:57 | INFO     | [Worker_9226] Processing: HBE-MED
2026-01-25 07:47:57 | INFO     |   Tier 0: Range 1, Chunk 1/4 (8 days)
