2026-01-25 08:00:12 | INFO     | ======================================================================
2026-01-25 08:00:12 | INFO     | Load Factor Scraper Started - Route: ATZ-DMM
2026-01-25 08:00:12 | INFO     | Log file: D:\CODERED\LAB\Artifacts\outputs\run_generated_250126_at_07.06\logs\LF_ATZ-DMM_20260125_080012.log
2026-01-25 08:00:12 | INFO     | Enhanced logging: Capturing both logging.info() and print()
2026-01-25 08:00:12 | INFO     | ======================================================================
2026-01-25 08:00:12 | INFO     | Starting LF search for route: ATZ-DMM
2026-01-25 08:00:12 | INFO     | [START] LF Search
2026-01-25 08:00:12 | INFO     | [HEALTH CHECK] [OK] Chrome connection is healthy
2026-01-25 08:00:12 | INFO     | [DAY_START] Processing 08FEB
2026-01-25 08:00:12 | INFO     | [lf.day.start] Processing ATZ-DMM for 08FEB
2026-01-25 08:00:14 | WARNING  | [lf.day.no_flights] No direct flights on 08FEB
2026-01-25 08:00:14 | INFO     | [SUCCESS] Day 08FEB
2026-01-25 08:00:14 | INFO     | [DAY_START] Processing 07FEB
2026-01-25 08:00:14 | INFO     | [lf.day.start] Processing ATZ-DMM for 07FEB
2026-01-25 08:00:15 | WARNING  | [lf.day.no_flights] No direct flights on 07FEB
2026-01-25 08:00:15 | INFO     | [SUCCESS] Day 07FEB
2026-01-25 08:00:15 | INFO     | [DAY_START] Processing 06FEB
2026-01-25 08:00:15 | INFO     | [lf.day.start] Processing ATZ-DMM for 06FEB
2026-01-25 08:00:16 | INFO     | [lf.day.flights_found] Found 1 flights on 06FEB
2026-01-25 08:00:18 | INFO     | [lf.flight.extracted] SM437 on 06FEB: BKG=77, LF=43.0%
2026-01-25 08:00:23 | INFO     | [SUCCESS] Day 06FEB
2026-01-25 08:00:23 | INFO     | [DAY_START] Processing 05FEB
2026-01-25 08:00:23 | INFO     | [lf.day.start] Processing ATZ-DMM for 05FEB
2026-01-25 08:00:24 | WARNING  | [lf.day.no_flights] No direct flights on 05FEB
2026-01-25 08:00:24 | INFO     | [SUCCESS] Day 05FEB
2026-01-25 08:00:24 | INFO     | [DAY_START] Processing 04FEB
2026-01-25 08:00:24 | INFO     | [lf.day.start] Processing ATZ-DMM for 04FEB
2026-01-25 08:00:25 | WARNING  | [lf.day.no_flights] No direct flights on 04FEB
2026-01-25 08:00:25 | INFO     | [SUCCESS] Day 04FEB
2026-01-25 08:00:25 | INFO     | [DAY_START] Processing 03FEB
2026-01-25 08:00:25 | INFO     | [lf.day.start] Processing ATZ-DMM for 03FEB
2026-01-25 08:00:26 | WARNING  | [lf.day.no_flights] No direct flights on 03FEB
2026-01-25 08:00:26 | INFO     | [SUCCESS] Day 03FEB
2026-01-25 08:00:26 | INFO     | [DAY_START] Processing 02FEB
2026-01-25 08:00:26 | INFO     | [lf.day.start] Processing ATZ-DMM for 02FEB
2026-01-25 08:00:28 | INFO     | [lf.day.flights_found] Found 1 flights on 02FEB
2026-01-25 08:00:30 | INFO     | [lf.flight.extracted] SM437 on 02FEB: BKG=102, LF=57.0%
2026-01-25 08:00:35 | INFO     | [SUCCESS] Day 02FEB
2026-01-25 08:00:35 | INFO     | [DAY_START] Processing 01FEB
2026-01-25 08:00:35 | INFO     | [lf.day.start] Processing ATZ-DMM for 01FEB
2026-01-25 08:00:37 | WARNING  | [lf.day.no_flights] No direct flights on 01FEB
2026-01-25 08:00:37 | INFO     | [SUCCESS] Day 01FEB
2026-01-25 08:00:37 | INFO     | [SUCCESS] LF Search Complete
2026-01-25 08:00:37 | INFO     | [Worker_9222] Completed: ATZ-DMM - 8 results, 0 errors
2026-01-25 08:00:37 | INFO     | [Worker_9222] Processing: CAI-YNB
2026-01-25 08:00:37 | INFO     |   Tier 0: Range 1, Chunk 3/4 (8 days)
