2026-01-25 07:50:05 | INFO     | ======================================================================
2026-01-25 07:50:05 | INFO     | Load Factor Scraper Started - Route: ATZ-ELQ
2026-01-25 07:50:05 | INFO     | Log file: D:\CODERED\LAB\Artifacts\outputs\run_generated_250126_at_07.06\logs\LF_ATZ-ELQ_20260125_075005.log
2026-01-25 07:50:05 | INFO     | Enhanced logging: Capturing both logging.info() and print()
2026-01-25 07:50:05 | INFO     | ======================================================================
2026-01-25 07:50:05 | INFO     | Starting LF search for route: ATZ-ELQ
2026-01-25 07:50:05 | INFO     | [START] LF Search
2026-01-25 07:50:06 | INFO     | [HEALTH CHECK] [OK] Chrome connection is healthy
2026-01-25 07:50:06 | INFO     | [DAY_START] Processing 24FEB
2026-01-25 07:50:06 | INFO     | [lf.day.start] Processing ATZ-ELQ for 24FEB
2026-01-25 07:50:09 | INFO     | [lf.day.flights_found] Found 1 flights on 24FEB
2026-01-25 07:50:11 | INFO     | [lf.flight.extracted] SM435 on 24FEB: BKG=94, LF=52.5%
2026-01-25 07:50:13 | INFO     | [SUCCESS] Day 24FEB
2026-01-25 07:50:13 | INFO     | [DAY_START] Processing 23FEB
2026-01-25 07:50:13 | INFO     | [lf.day.start] Processing ATZ-ELQ for 23FEB
2026-01-25 07:50:15 | WARNING  | [lf.day.no_flights] No direct flights on 23FEB
2026-01-25 07:50:15 | INFO     | [SUCCESS] Day 23FEB
2026-01-25 07:50:15 | INFO     | [DAY_START] Processing 22FEB
2026-01-25 07:50:15 | INFO     | [lf.day.start] Processing ATZ-ELQ for 22FEB
2026-01-25 07:50:16 | WARNING  | [lf.day.no_flights] No direct flights on 22FEB
2026-01-25 07:50:16 | INFO     | [SUCCESS] Day 22FEB
2026-01-25 07:50:16 | INFO     | [DAY_START] Processing 21FEB
2026-01-25 07:50:16 | INFO     | [lf.day.start] Processing ATZ-ELQ for 21FEB
2026-01-25 07:50:17 | INFO     | [lf.day.flights_found] Found 1 flights on 21FEB
2026-01-25 07:50:19 | INFO     | [lf.flight.extracted] SM435 on 21FEB: BKG=97, LF=54.2%
2026-01-25 07:50:23 | INFO     | [SUCCESS] Day 21FEB
2026-01-25 07:50:23 | INFO     | [DAY_START] Processing 20FEB
2026-01-25 07:50:23 | INFO     | [lf.day.start] Processing ATZ-ELQ for 20FEB
2026-01-25 07:50:24 | WARNING  | [lf.day.no_flights] No direct flights on 20FEB
2026-01-25 07:50:24 | INFO     | [SUCCESS] Day 20FEB
2026-01-25 07:50:24 | INFO     | [DAY_START] Processing 19FEB
2026-01-25 07:50:24 | INFO     | [lf.day.start] Processing ATZ-ELQ for 19FEB
2026-01-25 07:50:26 | WARNING  | [lf.day.no_flights] No direct flights on 19FEB
2026-01-25 07:50:26 | INFO     | [SUCCESS] Day 19FEB
2026-01-25 07:50:26 | INFO     | [DAY_START] Processing 18FEB
2026-01-25 07:50:26 | INFO     | [lf.day.start] Processing ATZ-ELQ for 18FEB
2026-01-25 07:50:28 | WARNING  | [lf.day.no_flights] No direct flights on 18FEB
2026-01-25 07:50:28 | INFO     | [SUCCESS] Day 18FEB
2026-01-25 07:50:28 | INFO     | [DAY_START] Processing 17FEB
2026-01-25 07:50:28 | INFO     | [lf.day.start] Processing ATZ-ELQ for 17FEB
2026-01-25 07:50:29 | INFO     | [lf.day.flights_found] Found 1 flights on 17FEB
2026-01-25 07:50:32 | INFO     | [lf.flight.extracted] SM435 on 17FEB: BKG=138, LF=77.1%
2026-01-25 07:50:37 | INFO     | [SUCCESS] Day 17FEB
2026-01-25 07:50:37 | INFO     | [SUCCESS] LF Search Complete
2026-01-25 07:50:37 | INFO     | [Worker_9227] Completed: ATZ-ELQ - 8 results, 0 errors
2026-01-25 07:50:37 | INFO     | [Worker_9227] Processing: JED-CAI
2026-01-25 07:50:37 | INFO     |   Tier 0: Range 1, Chunk 2/4 (8 days)
