2026-01-25 07:20:28 | INFO     | ======================================================================
2026-01-25 07:20:28 | INFO     | Load Factor Scraper Started - Route: ATZ-MED
2026-01-25 07:20:28 | INFO     | Log file: D:\CODERED\LAB\Artifacts\outputs\run_generated_250126_at_07.06\logs\LF_ATZ-MED_20260125_072028.log
2026-01-25 07:20:28 | INFO     | Enhanced logging: Capturing both logging.info() and print()
2026-01-25 07:20:28 | INFO     | ======================================================================
2026-01-25 07:20:28 | INFO     | Starting LF search for route: ATZ-MED
2026-01-25 07:20:28 | INFO     | [START] LF Search
2026-01-25 07:20:29 | INFO     | [HEALTH CHECK] [OK] Chrome connection is healthy
2026-01-25 07:20:29 | INFO     | [DAY_START] Processing 28APR
2026-01-25 07:20:29 | INFO     | [lf.day.start] Processing ATZ-MED for 28APR
2026-01-25 07:20:30 | WARNING  | [lf.day.no_flights] No direct flights on 28APR
2026-01-25 07:20:30 | INFO     | [SUCCESS] Day 28APR
2026-01-25 07:20:30 | INFO     | [DAY_START] Processing 27APR
2026-01-25 07:20:30 | INFO     | [lf.day.start] Processing ATZ-MED for 27APR
2026-01-25 07:20:31 | WARNING  | [lf.day.no_flights] No direct flights on 27APR
2026-01-25 07:20:31 | INFO     | [SUCCESS] Day 27APR
2026-01-25 07:20:31 | INFO     | [DAY_START] Processing 26APR
2026-01-25 07:20:31 | INFO     | [lf.day.start] Processing ATZ-MED for 26APR
2026-01-25 07:20:33 | INFO     | [lf.day.flights_found] Found 1 flights on 26APR
2026-01-25 07:20:35 | INFO     | [lf.flight.extracted] SM487 on 26APR: BKG=4, LF=2.2%
2026-01-25 07:20:38 | INFO     | [SUCCESS] Day 26APR
2026-01-25 07:20:38 | INFO     | [DAY_START] Processing 25APR
2026-01-25 07:20:38 | INFO     | [lf.day.start] Processing ATZ-MED for 25APR
2026-01-25 07:20:39 | WARNING  | [lf.day.no_flights] No direct flights on 25APR
2026-01-25 07:20:39 | INFO     | [SUCCESS] Day 25APR
2026-01-25 07:20:39 | INFO     | [DAY_START] Processing 24APR
2026-01-25 07:20:39 | INFO     | [lf.day.start] Processing ATZ-MED for 24APR
2026-01-25 07:20:40 | WARNING  | [lf.day.no_flights] No direct flights on 24APR
2026-01-25 07:20:40 | INFO     | [SUCCESS] Day 24APR
2026-01-25 07:20:40 | INFO     | [DAY_START] Processing 23APR
2026-01-25 07:20:40 | INFO     | [lf.day.start] Processing ATZ-MED for 23APR
2026-01-25 07:20:41 | WARNING  | [lf.day.no_flights] No direct flights on 23APR
2026-01-25 07:20:41 | INFO     | [SUCCESS] Day 23APR
2026-01-25 07:20:41 | INFO     | [DAY_START] Processing 22APR
2026-01-25 07:20:41 | INFO     | [lf.day.start] Processing ATZ-MED for 22APR
2026-01-25 07:20:43 | WARNING  | [lf.day.no_flights] No direct flights on 22APR
2026-01-25 07:20:43 | INFO     | [SUCCESS] Day 22APR
2026-01-25 07:20:43 | INFO     | [DAY_START] Processing 21APR
2026-01-25 07:20:43 | INFO     | [lf.day.start] Processing ATZ-MED for 21APR
2026-01-25 07:20:44 | WARNING  | [lf.day.no_flights] No direct flights on 21APR
2026-01-25 07:20:44 | INFO     | [SUCCESS] Day 21APR
2026-01-25 07:20:44 | INFO     | [SUCCESS] LF Search Complete
2026-01-25 07:20:44 | INFO     | [Worker_9226] Completed: ATZ-MED - 8 results, 0 errors
2026-01-25 07:20:44 | INFO     | [Worker_9226] Processing: LXR-JED
2026-01-25 07:20:44 | INFO     |   Tier 0: Range 3, Chunk 1/4 (8 days)
