2026-01-25 07:58:16 | INFO     | ======================================================================
2026-01-25 07:58:16 | INFO     | Load Factor Scraper Started - Route: AHB-ATZ
2026-01-25 07:58:16 | INFO     | Log file: D:\CODERED\LAB\Artifacts\outputs\run_generated_250126_at_07.06\logs\LF_AHB-ATZ_20260125_075816.log
2026-01-25 07:58:16 | INFO     | Enhanced logging: Capturing both logging.info() and print()
2026-01-25 07:58:16 | INFO     | ======================================================================
2026-01-25 07:58:16 | INFO     | Starting LF search for route: AHB-ATZ
2026-01-25 07:58:16 | INFO     | [START] LF Search
2026-01-25 07:58:17 | INFO     | [HEALTH CHECK] [OK] Chrome connection is healthy
2026-01-25 07:58:17 | INFO     | [DAY_START] Processing 08FEB
2026-01-25 07:58:17 | INFO     | [lf.day.start] Processing AHB-ATZ for 08FEB
2026-01-25 07:58:18 | WARNING  | [lf.day.no_flights] No direct flights on 08FEB
2026-01-25 07:58:18 | INFO     | [SUCCESS] Day 08FEB
2026-01-25 07:58:18 | INFO     | [DAY_START] Processing 07FEB
2026-01-25 07:58:18 | INFO     | [lf.day.start] Processing AHB-ATZ for 07FEB
2026-01-25 07:58:19 | WARNING  | [lf.day.no_flights] No direct flights on 07FEB
2026-01-25 07:58:19 | INFO     | [SUCCESS] Day 07FEB
2026-01-25 07:58:19 | INFO     | [DAY_START] Processing 06FEB
2026-01-25 07:58:19 | INFO     | [lf.day.start] Processing AHB-ATZ for 06FEB
2026-01-25 07:58:20 | INFO     | [lf.day.flights_found] Found 1 flights on 06FEB
2026-01-25 07:58:22 | INFO     | [lf.flight.extracted] SM446 on 06FEB: BKG=69, LF=39.4%
2026-01-25 07:58:27 | INFO     | [SUCCESS] Day 06FEB
2026-01-25 07:58:27 | INFO     | [DAY_START] Processing 05FEB
2026-01-25 07:58:27 | INFO     | [lf.day.start] Processing AHB-ATZ for 05FEB
2026-01-25 07:58:28 | WARNING  | [lf.day.no_flights] No direct flights on 05FEB
2026-01-25 07:58:28 | INFO     | [SUCCESS] Day 05FEB
2026-01-25 07:58:28 | INFO     | [DAY_START] Processing 04FEB
2026-01-25 07:58:28 | INFO     | [lf.day.start] Processing AHB-ATZ for 04FEB
2026-01-25 07:58:29 | WARNING  | [lf.day.no_flights] No direct flights on 04FEB
2026-01-25 07:58:29 | INFO     | [SUCCESS] Day 04FEB
2026-01-25 07:58:29 | INFO     | [DAY_START] Processing 03FEB
2026-01-25 07:58:29 | INFO     | [lf.day.start] Processing AHB-ATZ for 03FEB
2026-01-25 07:58:30 | WARNING  | [lf.day.no_flights] No direct flights on 03FEB
2026-01-25 07:58:30 | INFO     | [SUCCESS] Day 03FEB
2026-01-25 07:58:30 | INFO     | [DAY_START] Processing 02FEB
2026-01-25 07:58:30 | INFO     | [lf.day.start] Processing AHB-ATZ for 02FEB
2026-01-25 07:58:32 | WARNING  | [lf.day.no_flights] No direct flights on 02FEB
2026-01-25 07:58:32 | INFO     | [SUCCESS] Day 02FEB
2026-01-25 07:58:32 | INFO     | [DAY_START] Processing 01FEB
2026-01-25 07:58:32 | INFO     | [lf.day.start] Processing AHB-ATZ for 01FEB
2026-01-25 07:58:33 | WARNING  | [lf.day.no_flights] No direct flights on 01FEB
2026-01-25 07:58:33 | INFO     | [SUCCESS] Day 01FEB
2026-01-25 07:58:33 | INFO     | [SUCCESS] LF Search Complete
2026-01-25 07:58:33 | INFO     | [Worker_9224] Completed: AHB-ATZ - 8 results, 0 errors
2026-01-25 07:58:33 | INFO     | [Worker_9224] Processing: ELQ-ATZ
2026-01-25 07:58:33 | INFO     |   Tier 0: Range 1, Chunk 3/4 (8 days)
