2026-01-25 07:14:18 | INFO     | ======================================================================
2026-01-25 07:14:18 | INFO     | Load Factor Scraper Started - Route: ATZ-AHB
2026-01-25 07:14:18 | INFO     | Log file: D:\CODERED\LAB\Artifacts\outputs\run_generated_250126_at_07.06\logs\LF_ATZ-AHB_20260125_071418.log
2026-01-25 07:14:18 | INFO     | Enhanced logging: Capturing both logging.info() and print()
2026-01-25 07:14:18 | INFO     | ======================================================================
2026-01-25 07:14:18 | INFO     | Starting LF search for route: ATZ-AHB
2026-01-25 07:14:18 | INFO     | [START] LF Search
2026-01-25 07:14:18 | INFO     | [HEALTH CHECK] [OK] Chrome connection is healthy
2026-01-25 07:14:18 | INFO     | [DAY_START] Processing 22MAY
2026-01-25 07:14:18 | INFO     | [lf.day.start] Processing ATZ-AHB for 22MAY
2026-01-25 07:14:20 | WARNING  | [lf.day.no_flights] No direct flights on 22MAY
2026-01-25 07:14:20 | INFO     | [SUCCESS] Day 22MAY
2026-01-25 07:14:20 | INFO     | [DAY_START] Processing 21MAY
2026-01-25 07:14:20 | INFO     | [lf.day.start] Processing ATZ-AHB for 21MAY
2026-01-25 07:14:21 | WARNING  | [lf.day.no_flights] No direct flights on 21MAY
2026-01-25 07:14:21 | INFO     | [SUCCESS] Day 21MAY
2026-01-25 07:14:21 | INFO     | [DAY_START] Processing 20MAY
2026-01-25 07:14:21 | INFO     | [lf.day.start] Processing ATZ-AHB for 20MAY
2026-01-25 07:14:22 | WARNING  | [lf.day.no_flights] No direct flights on 20MAY
2026-01-25 07:14:22 | INFO     | [SUCCESS] Day 20MAY
2026-01-25 07:14:22 | INFO     | [DAY_START] Processing 19MAY
2026-01-25 07:14:22 | INFO     | [lf.day.start] Processing ATZ-AHB for 19MAY
2026-01-25 07:14:24 | WARNING  | [lf.day.no_flights] No direct flights on 19MAY
2026-01-25 07:14:24 | INFO     | [SUCCESS] Day 19MAY
2026-01-25 07:14:24 | INFO     | [DAY_START] Processing 18MAY
2026-01-25 07:14:24 | INFO     | [lf.day.start] Processing ATZ-AHB for 18MAY
2026-01-25 07:14:25 | WARNING  | [lf.day.no_flights] No direct flights on 18MAY
2026-01-25 07:14:25 | INFO     | [SUCCESS] Day 18MAY
2026-01-25 07:14:25 | INFO     | [DAY_START] Processing 17MAY
2026-01-25 07:14:25 | INFO     | [lf.day.start] Processing ATZ-AHB for 17MAY
2026-01-25 07:14:26 | WARNING  | [lf.day.no_flights] No direct flights on 17MAY
2026-01-25 07:14:26 | INFO     | [SUCCESS] Day 17MAY
2026-01-25 07:14:26 | INFO     | [DAY_START] Processing 16MAY
2026-01-25 07:14:26 | INFO     | [lf.day.start] Processing ATZ-AHB for 16MAY
2026-01-25 07:14:27 | WARNING  | [lf.day.no_flights] No direct flights on 16MAY
2026-01-25 07:14:27 | INFO     | [SUCCESS] Day 16MAY
2026-01-25 07:14:27 | INFO     | [DAY_START] Processing 15MAY
2026-01-25 07:14:27 | INFO     | [lf.day.start] Processing ATZ-AHB for 15MAY
2026-01-25 07:14:28 | WARNING  | [lf.day.no_flights] No direct flights on 15MAY
2026-01-25 07:14:28 | INFO     | [SUCCESS] Day 15MAY
2026-01-25 07:14:28 | INFO     | [SUCCESS] LF Search Complete
2026-01-25 07:14:28 | INFO     | [Worker_9227] Completed: ATZ-AHB - 8 results, 0 errors
2026-01-25 07:14:28 | INFO     | [Worker_9227] Processing: MED-HBE
2026-01-25 07:14:28 | INFO     |   Tier 0: Range 4, Chunk 3/4 (8 days)
