2026-01-25 07:37:32 | INFO     | ======================================================================
2026-01-25 07:37:32 | INFO     | Load Factor Scraper Started - Route: ATZ-AHB
2026-01-25 07:37:32 | INFO     | Log file: D:\CODERED\LAB\Artifacts\outputs\run_generated_250126_at_07.06\logs\LF_ATZ-AHB_20260125_073732.log
2026-01-25 07:37:32 | INFO     | Enhanced logging: Capturing both logging.info() and print()
2026-01-25 07:37:32 | INFO     | ======================================================================
2026-01-25 07:37:32 | INFO     | Starting LF search for route: ATZ-AHB
2026-01-25 07:37:32 | INFO     | [START] LF Search
2026-01-25 07:37:33 | INFO     | [HEALTH CHECK] [OK] Chrome connection is healthy
2026-01-25 07:37:33 | INFO     | [DAY_START] Processing 19MAR
2026-01-25 07:37:33 | INFO     | [lf.day.start] Processing ATZ-AHB for 19MAR
2026-01-25 07:37:34 | WARNING  | [lf.day.no_flights] No direct flights on 19MAR
2026-01-25 07:37:34 | INFO     | [SUCCESS] Day 19MAR
2026-01-25 07:37:34 | INFO     | [DAY_START] Processing 18MAR
2026-01-25 07:37:34 | INFO     | [lf.day.start] Processing ATZ-AHB for 18MAR
2026-01-25 07:37:36 | WARNING  | [lf.day.no_flights] No direct flights on 18MAR
2026-01-25 07:37:36 | INFO     | [SUCCESS] Day 18MAR
2026-01-25 07:37:36 | INFO     | [DAY_START] Processing 17MAR
2026-01-25 07:37:36 | INFO     | [lf.day.start] Processing ATZ-AHB for 17MAR
2026-01-25 07:37:37 | WARNING  | [lf.day.no_flights] No direct flights on 17MAR
2026-01-25 07:37:37 | INFO     | [SUCCESS] Day 17MAR
2026-01-25 07:37:37 | INFO     | [DAY_START] Processing 16MAR
2026-01-25 07:37:37 | INFO     | [lf.day.start] Processing ATZ-AHB for 16MAR
2026-01-25 07:37:38 | WARNING  | [lf.day.no_flights] No direct flights on 16MAR
2026-01-25 07:37:38 | INFO     | [SUCCESS] Day 16MAR
2026-01-25 07:37:38 | INFO     | [DAY_START] Processing 15MAR
2026-01-25 07:37:38 | INFO     | [lf.day.start] Processing ATZ-AHB for 15MAR
2026-01-25 07:37:39 | WARNING  | [lf.day.no_flights] No direct flights on 15MAR
2026-01-25 07:37:39 | INFO     | [SUCCESS] Day 15MAR
2026-01-25 07:37:39 | INFO     | [DAY_START] Processing 14MAR
2026-01-25 07:37:39 | INFO     | [lf.day.start] Processing ATZ-AHB for 14MAR
2026-01-25 07:37:41 | WARNING  | [lf.day.no_flights] No direct flights on 14MAR
2026-01-25 07:37:41 | INFO     | [SUCCESS] Day 14MAR
2026-01-25 07:37:41 | INFO     | [DAY_START] Processing 13MAR
2026-01-25 07:37:41 | INFO     | [lf.day.start] Processing ATZ-AHB for 13MAR
2026-01-25 07:37:42 | INFO     | [lf.day.flights_found] Found 1 flights on 13MAR
2026-01-25 07:37:44 | INFO     | [lf.flight.extracted] SM445 on 13MAR: BKG=7, LF=3.9%
2026-01-25 07:37:46 | INFO     | [SUCCESS] Day 13MAR
2026-01-25 07:37:46 | INFO     | [DAY_START] Processing 12MAR
2026-01-25 07:37:46 | INFO     | [lf.day.start] Processing ATZ-AHB for 12MAR
2026-01-25 07:37:47 | WARNING  | [lf.day.no_flights] No direct flights on 12MAR
2026-01-25 07:37:47 | INFO     | [SUCCESS] Day 12MAR
2026-01-25 07:37:47 | INFO     | [SUCCESS] LF Search Complete
2026-01-25 07:37:58 | INFO     | [Worker_9226] Completed: ATZ-AHB - 8 results, 0 errors
2026-01-25 07:37:58 | INFO     | [Worker_9226] Processing: MED-ATZ
2026-01-25 07:37:58 | INFO     |   Tier 0: Range 2, Chunk 3/4 (8 days)
