2026-01-25 07:23:50 | INFO     | ======================================================================
2026-01-25 07:23:50 | INFO     | Load Factor Scraper Started - Route: ATZ-AJF
2026-01-25 07:23:50 | INFO     | Log file: D:\CODERED\LAB\Artifacts\outputs\run_generated_250126_at_07.06\logs\LF_ATZ-AJF_20260125_072350.log
2026-01-25 07:23:50 | INFO     | Enhanced logging: Capturing both logging.info() and print()
2026-01-25 07:23:50 | INFO     | ======================================================================
2026-01-25 07:23:50 | INFO     | Starting LF search for route: ATZ-AJF
2026-01-25 07:23:50 | INFO     | [START] LF Search
2026-01-25 07:23:51 | INFO     | [HEALTH CHECK] [OK] Chrome connection is healthy
2026-01-25 07:23:51 | INFO     | [DAY_START] Processing 20APR
2026-01-25 07:23:51 | INFO     | [lf.day.start] Processing ATZ-AJF for 20APR
2026-01-25 07:23:52 | WARNING  | [lf.day.no_flights] No direct flights on 20APR
2026-01-25 07:23:52 | INFO     | [SUCCESS] Day 20APR
2026-01-25 07:23:52 | INFO     | [DAY_START] Processing 19APR
2026-01-25 07:23:52 | INFO     | [lf.day.start] Processing ATZ-AJF for 19APR
2026-01-25 07:23:53 | WARNING  | [lf.day.no_flights] No direct flights on 19APR
2026-01-25 07:23:53 | INFO     | [SUCCESS] Day 19APR
2026-01-25 07:23:53 | INFO     | [DAY_START] Processing 18APR
2026-01-25 07:23:53 | INFO     | [lf.day.start] Processing ATZ-AJF for 18APR
2026-01-25 07:23:54 | WARNING  | [lf.day.no_flights] No direct flights on 18APR
2026-01-25 07:23:54 | INFO     | [SUCCESS] Day 18APR
2026-01-25 07:23:54 | INFO     | [DAY_START] Processing 17APR
2026-01-25 07:23:54 | INFO     | [lf.day.start] Processing ATZ-AJF for 17APR
2026-01-25 07:23:56 | WARNING  | [lf.day.no_flights] No direct flights on 17APR
2026-01-25 07:23:56 | INFO     | [SUCCESS] Day 17APR
2026-01-25 07:23:56 | INFO     | [DAY_START] Processing 16APR
2026-01-25 07:23:56 | INFO     | [lf.day.start] Processing ATZ-AJF for 16APR
2026-01-25 07:23:57 | WARNING  | [lf.day.no_flights] No direct flights on 16APR
2026-01-25 07:23:57 | INFO     | [SUCCESS] Day 16APR
2026-01-25 07:23:57 | INFO     | [DAY_START] Processing 15APR
2026-01-25 07:23:57 | INFO     | [lf.day.start] Processing ATZ-AJF for 15APR
2026-01-25 07:23:58 | WARNING  | [lf.day.no_flights] No direct flights on 15APR
2026-01-25 07:23:58 | INFO     | [SUCCESS] Day 15APR
2026-01-25 07:23:58 | INFO     | [DAY_START] Processing 14APR
2026-01-25 07:23:58 | INFO     | [lf.day.start] Processing ATZ-AJF for 14APR
2026-01-25 07:23:59 | WARNING  | [lf.day.no_flights] No direct flights on 14APR
2026-01-25 07:23:59 | INFO     | [SUCCESS] Day 14APR
2026-01-25 07:23:59 | INFO     | [DAY_START] Processing 13APR
2026-01-25 07:23:59 | INFO     | [lf.day.start] Processing ATZ-AJF for 13APR
2026-01-25 07:24:00 | WARNING  | [lf.day.no_flights] No direct flights on 13APR
2026-01-25 07:24:00 | INFO     | [SUCCESS] Day 13APR
2026-01-25 07:24:00 | INFO     | [SUCCESS] LF Search Complete
2026-01-25 07:24:00 | INFO     | [Worker_9224] Completed: ATZ-AJF - 8 results, 0 errors
2026-01-25 07:24:00 | INFO     | [Worker_9224] Processing: ATZ-ELQ
2026-01-25 07:24:00 | INFO     |   Tier 0: Range 3, Chunk 2/4 (8 days)
