2026-01-25 07:13:42 | INFO     | ======================================================================
2026-01-25 07:13:42 | INFO     | Load Factor Scraper Started - Route: ATZ-JED
2026-01-25 07:13:42 | INFO     | Log file: D:\CODERED\LAB\Artifacts\outputs\run_generated_250126_at_07.06\logs\LF_ATZ-JED_20260125_071342.log
2026-01-25 07:13:42 | INFO     | Enhanced logging: Capturing both logging.info() and print()
2026-01-25 07:13:42 | INFO     | ======================================================================
2026-01-25 07:13:42 | INFO     | Starting LF search for route: ATZ-JED
2026-01-25 07:13:42 | INFO     | [START] LF Search
2026-01-25 07:13:43 | INFO     | [HEALTH CHECK] [OK] Chrome connection is healthy
2026-01-25 07:13:43 | INFO     | [DAY_START] Processing 22MAY
2026-01-25 07:13:43 | INFO     | [lf.day.start] Processing ATZ-JED for 22MAY
2026-01-25 07:13:44 | INFO     | [lf.day.flights_found] Found 1 flights on 22MAY
2026-01-25 07:13:46 | INFO     | [lf.flight.extracted] SM455 on 22MAY: BKG=2, LF=1.1%
2026-01-25 07:13:48 | INFO     | [SUCCESS] Day 22MAY
2026-01-25 07:13:48 | INFO     | [DAY_START] Processing 21MAY
2026-01-25 07:13:48 | INFO     | [lf.day.start] Processing ATZ-JED for 21MAY
2026-01-25 07:13:50 | INFO     | [lf.day.flights_found] Found 1 flights on 21MAY
2026-01-25 07:13:52 | INFO     | [lf.flight.extracted] SM455 on 21MAY: BKG=0, LF=0.0%
2026-01-25 07:13:54 | INFO     | [SUCCESS] Day 21MAY
2026-01-25 07:13:54 | INFO     | [DAY_START] Processing 20MAY
2026-01-25 07:13:54 | INFO     | [lf.day.start] Processing ATZ-JED for 20MAY
2026-01-25 07:13:55 | INFO     | [lf.day.flights_found] Found 1 flights on 20MAY
2026-01-25 07:13:57 | INFO     | [lf.flight.extracted] SM455 on 20MAY: BKG=0, LF=0.0%
2026-01-25 07:13:59 | INFO     | [SUCCESS] Day 20MAY
2026-01-25 07:13:59 | INFO     | [DAY_START] Processing 19MAY
2026-01-25 07:13:59 | INFO     | [lf.day.start] Processing ATZ-JED for 19MAY
2026-01-25 07:14:00 | INFO     | [lf.day.flights_found] Found 1 flights on 19MAY
2026-01-25 07:14:02 | INFO     | [lf.flight.extracted] SM455 on 19MAY: BKG=0, LF=0.0%
2026-01-25 07:14:03 | INFO     | [SUCCESS] Day 19MAY
2026-01-25 07:14:03 | INFO     | [DAY_START] Processing 18MAY
2026-01-25 07:14:03 | INFO     | [lf.day.start] Processing ATZ-JED for 18MAY
2026-01-25 07:14:04 | INFO     | [lf.day.flights_found] Found 1 flights on 18MAY
2026-01-25 07:14:06 | INFO     | [lf.flight.extracted] SM455 on 18MAY: BKG=2, LF=1.1%
2026-01-25 07:14:08 | INFO     | [SUCCESS] Day 18MAY
2026-01-25 07:14:08 | INFO     | [DAY_START] Processing 17MAY
2026-01-25 07:14:08 | INFO     | [lf.day.start] Processing ATZ-JED for 17MAY
2026-01-25 07:14:10 | INFO     | [lf.day.flights_found] Found 1 flights on 17MAY
2026-01-25 07:14:11 | INFO     | [lf.flight.extracted] SM455 on 17MAY: BKG=0, LF=0.0%
2026-01-25 07:14:12 | INFO     | [SUCCESS] Day 17MAY
2026-01-25 07:14:12 | INFO     | [DAY_START] Processing 16MAY
2026-01-25 07:14:12 | INFO     | [lf.day.start] Processing ATZ-JED for 16MAY
2026-01-25 07:14:14 | INFO     | [lf.day.flights_found] Found 1 flights on 16MAY
2026-01-25 07:14:16 | INFO     | [lf.flight.extracted] SM455 on 16MAY: BKG=1, LF=0.6%
2026-01-25 07:14:18 | INFO     | [SUCCESS] Day 16MAY
2026-01-25 07:14:18 | INFO     | [DAY_START] Processing 15MAY
2026-01-25 07:14:18 | INFO     | [lf.day.start] Processing ATZ-JED for 15MAY
2026-01-25 07:14:20 | INFO     | [lf.day.flights_found] Found 1 flights on 15MAY
2026-01-25 07:14:21 | INFO     | [lf.flight.extracted] SM455 on 15MAY: BKG=1, LF=0.6%
2026-01-25 07:14:24 | INFO     | [SUCCESS] Day 15MAY
2026-01-25 07:14:24 | INFO     | [SUCCESS] LF Search Complete
2026-01-25 07:14:24 | INFO     | [Worker_9232] Completed: ATZ-JED - 8 results, 0 errors
2026-01-25 07:14:24 | INFO     | [Worker_9232] Processing: CAI-GIZ
2026-01-25 07:14:24 | INFO     |   Tier 0: Range 4, Chunk 2/4 (8 days)
