2026-01-25 07:14:02 | INFO     | ======================================================================
2026-01-25 07:14:02 | INFO     | Load Factor Scraper Started - Route: ATZ-TUU
2026-01-25 07:14:02 | INFO     | Log file: D:\CODERED\LAB\Artifacts\outputs\run_generated_250126_at_07.06\logs\LF_ATZ-TUU_20260125_071402.log
2026-01-25 07:14:02 | INFO     | Enhanced logging: Capturing both logging.info() and print()
2026-01-25 07:14:02 | INFO     | ======================================================================
2026-01-25 07:14:02 | INFO     | Starting LF search for route: ATZ-TUU
2026-01-25 07:14:02 | INFO     | [START] LF Search
2026-01-25 07:14:03 | INFO     | [HEALTH CHECK] [OK] Chrome connection is healthy
2026-01-25 07:14:03 | INFO     | [DAY_START] Processing 22MAY
2026-01-25 07:14:03 | INFO     | [lf.day.start] Processing ATZ-TUU for 22MAY
2026-01-25 07:14:04 | WARNING  | [lf.day.no_flights] No direct flights on 22MAY
2026-01-25 07:14:04 | INFO     | [SUCCESS] Day 22MAY
2026-01-25 07:14:04 | INFO     | [DAY_START] Processing 21MAY
2026-01-25 07:14:04 | INFO     | [lf.day.start] Processing ATZ-TUU for 21MAY
2026-01-25 07:14:05 | WARNING  | [lf.day.no_flights] No direct flights on 21MAY
2026-01-25 07:14:05 | INFO     | [SUCCESS] Day 21MAY
2026-01-25 07:14:05 | INFO     | [DAY_START] Processing 20MAY
2026-01-25 07:14:05 | INFO     | [lf.day.start] Processing ATZ-TUU for 20MAY
2026-01-25 07:14:06 | WARNING  | [lf.day.no_flights] No direct flights on 20MAY
2026-01-25 07:14:06 | INFO     | [SUCCESS] Day 20MAY
2026-01-25 07:14:06 | INFO     | [DAY_START] Processing 19MAY
2026-01-25 07:14:06 | INFO     | [lf.day.start] Processing ATZ-TUU for 19MAY
2026-01-25 07:14:07 | WARNING  | [lf.day.no_flights] No direct flights on 19MAY
2026-01-25 07:14:07 | INFO     | [SUCCESS] Day 19MAY
2026-01-25 07:14:07 | INFO     | [DAY_START] Processing 18MAY
2026-01-25 07:14:07 | INFO     | [lf.day.start] Processing ATZ-TUU for 18MAY
2026-01-25 07:14:08 | WARNING  | [lf.day.no_flights] No direct flights on 18MAY
2026-01-25 07:14:08 | INFO     | [SUCCESS] Day 18MAY
2026-01-25 07:14:08 | INFO     | [DAY_START] Processing 17MAY
2026-01-25 07:14:08 | INFO     | [lf.day.start] Processing ATZ-TUU for 17MAY
2026-01-25 07:14:09 | WARNING  | [lf.day.no_flights] No direct flights on 17MAY
2026-01-25 07:14:09 | INFO     | [SUCCESS] Day 17MAY
2026-01-25 07:14:09 | INFO     | [DAY_START] Processing 16MAY
2026-01-25 07:14:09 | INFO     | [lf.day.start] Processing ATZ-TUU for 16MAY
2026-01-25 07:14:10 | WARNING  | [lf.day.no_flights] No direct flights on 16MAY
2026-01-25 07:14:10 | INFO     | [SUCCESS] Day 16MAY
2026-01-25 07:14:10 | INFO     | [DAY_START] Processing 15MAY
2026-01-25 07:14:10 | INFO     | [lf.day.start] Processing ATZ-TUU for 15MAY
2026-01-25 07:14:11 | WARNING  | [lf.day.no_flights] No direct flights on 15MAY
2026-01-25 07:14:11 | INFO     | [SUCCESS] Day 15MAY
2026-01-25 07:14:11 | INFO     | [SUCCESS] LF Search Complete
2026-01-25 07:14:11 | INFO     | [Worker_9222] Completed: ATZ-TUU - 8 results, 0 errors
2026-01-25 07:14:11 | INFO     | [Worker_9222] Processing: CAI-YNB
2026-01-25 07:14:11 | INFO     |   Tier 0: Range 4, Chunk 2/4 (8 days)
