2026-01-25 07:45:17 | INFO     | ======================================================================
2026-01-25 07:45:17 | INFO     | Load Factor Scraper Started - Route: ATZ-ELQ
2026-01-25 07:45:17 | INFO     | Log file: D:\CODERED\LAB\Artifacts\outputs\run_generated_250126_at_07.06\logs\LF_ATZ-ELQ_20260125_074517.log
2026-01-25 07:45:17 | INFO     | Enhanced logging: Capturing both logging.info() and print()
2026-01-25 07:45:17 | INFO     | ======================================================================
2026-01-25 07:45:17 | INFO     | Starting LF search for route: ATZ-ELQ
2026-01-25 07:45:17 | INFO     | [START] LF Search
2026-01-25 07:45:19 | INFO     | [HEALTH CHECK] [OK] Chrome connection is healthy
2026-01-25 07:45:19 | INFO     | [DAY_START] Processing 03MAR
2026-01-25 07:45:19 | INFO     | [lf.day.start] Processing ATZ-ELQ for 03MAR
2026-01-25 07:45:20 | INFO     | [lf.day.flights_found] Found 1 flights on 03MAR
2026-01-25 07:45:23 | INFO     | [lf.flight.extracted] SM435 on 03MAR: BKG=0, LF=0.0%
2026-01-25 07:45:24 | INFO     | [SUCCESS] Day 03MAR
2026-01-25 07:45:24 | INFO     | [DAY_START] Processing 02MAR
2026-01-25 07:45:24 | INFO     | [lf.day.start] Processing ATZ-ELQ for 02MAR
2026-01-25 07:45:25 | WARNING  | [lf.day.no_flights] No direct flights on 02MAR
2026-01-25 07:45:25 | INFO     | [SUCCESS] Day 02MAR
2026-01-25 07:45:25 | INFO     | [DAY_START] Processing 01MAR
2026-01-25 07:45:25 | INFO     | [lf.day.start] Processing ATZ-ELQ for 01MAR
2026-01-25 07:45:27 | WARNING  | [lf.day.no_flights] No direct flights on 01MAR
2026-01-25 07:45:27 | INFO     | [SUCCESS] Day 01MAR
2026-01-25 07:45:27 | INFO     | [DAY_START] Processing 28FEB
2026-01-25 07:45:27 | INFO     | [lf.day.start] Processing ATZ-ELQ for 28FEB
2026-01-25 07:45:28 | INFO     | [lf.day.flights_found] Found 1 flights on 28FEB
2026-01-25 07:45:30 | INFO     | [lf.flight.extracted] SM435 on 28FEB: BKG=5, LF=2.8%
2026-01-25 07:45:33 | INFO     | [SUCCESS] Day 28FEB
2026-01-25 07:45:33 | INFO     | [DAY_START] Processing 27FEB
2026-01-25 07:45:33 | INFO     | [lf.day.start] Processing ATZ-ELQ for 27FEB
2026-01-25 07:45:34 | WARNING  | [lf.day.no_flights] No direct flights on 27FEB
2026-01-25 07:45:34 | INFO     | [SUCCESS] Day 27FEB
2026-01-25 07:45:34 | INFO     | [DAY_START] Processing 26FEB
2026-01-25 07:45:34 | INFO     | [lf.day.start] Processing ATZ-ELQ for 26FEB
2026-01-25 07:45:35 | WARNING  | [lf.day.no_flights] No direct flights on 26FEB
2026-01-25 07:45:35 | INFO     | [SUCCESS] Day 26FEB
2026-01-25 07:45:35 | INFO     | [DAY_START] Processing 25FEB
2026-01-25 07:45:35 | INFO     | [lf.day.start] Processing ATZ-ELQ for 25FEB
2026-01-25 07:45:37 | WARNING  | [lf.day.no_flights] No direct flights on 25FEB
2026-01-25 07:45:37 | INFO     | [SUCCESS] Day 25FEB
2026-01-25 07:45:37 | INFO     | [SUCCESS] LF Search Complete
2026-01-25 07:45:37 | INFO     | [Worker_9232] Completed: ATZ-ELQ - 7 results, 0 errors
2026-01-25 07:45:37 | INFO     | [Worker_9232] Processing: MED-ATZ
2026-01-25 07:45:37 | INFO     |   Tier 0: Range 1, Chunk 1/4 (8 days)
