2026-01-25 07:21:06 | INFO     | ======================================================================
2026-01-25 07:21:06 | INFO     | Load Factor Scraper Started - Route: ATZ-TUU
2026-01-25 07:21:06 | INFO     | Log file: D:\CODERED\LAB\Artifacts\outputs\run_generated_250126_at_07.06\logs\LF_ATZ-TUU_20260125_072106.log
2026-01-25 07:21:06 | INFO     | Enhanced logging: Capturing both logging.info() and print()
2026-01-25 07:21:06 | INFO     | ======================================================================
2026-01-25 07:21:06 | INFO     | Starting LF search for route: ATZ-TUU
2026-01-25 07:21:06 | INFO     | [START] LF Search
2026-01-25 07:21:07 | INFO     | [HEALTH CHECK] [OK] Chrome connection is healthy
2026-01-25 07:21:07 | INFO     | [DAY_START] Processing 28APR
2026-01-25 07:21:07 | INFO     | [lf.day.start] Processing ATZ-TUU for 28APR
2026-01-25 07:21:08 | WARNING  | [lf.day.no_flights] No direct flights on 28APR
2026-01-25 07:21:08 | INFO     | [SUCCESS] Day 28APR
2026-01-25 07:21:08 | INFO     | [DAY_START] Processing 27APR
2026-01-25 07:21:08 | INFO     | [lf.day.start] Processing ATZ-TUU for 27APR
2026-01-25 07:21:10 | WARNING  | [lf.day.no_flights] No direct flights on 27APR
2026-01-25 07:21:10 | INFO     | [SUCCESS] Day 27APR
2026-01-25 07:21:10 | INFO     | [DAY_START] Processing 26APR
2026-01-25 07:21:10 | INFO     | [lf.day.start] Processing ATZ-TUU for 26APR
2026-01-25 07:21:11 | WARNING  | [lf.day.no_flights] No direct flights on 26APR
2026-01-25 07:21:11 | INFO     | [SUCCESS] Day 26APR
2026-01-25 07:21:11 | INFO     | [DAY_START] Processing 25APR
2026-01-25 07:21:11 | INFO     | [lf.day.start] Processing ATZ-TUU for 25APR
2026-01-25 07:21:12 | WARNING  | [lf.day.no_flights] No direct flights on 25APR
2026-01-25 07:21:12 | INFO     | [SUCCESS] Day 25APR
2026-01-25 07:21:12 | INFO     | [DAY_START] Processing 24APR
2026-01-25 07:21:12 | INFO     | [lf.day.start] Processing ATZ-TUU for 24APR
2026-01-25 07:21:13 | WARNING  | [lf.day.no_flights] No direct flights on 24APR
2026-01-25 07:21:13 | INFO     | [SUCCESS] Day 24APR
2026-01-25 07:21:13 | INFO     | [DAY_START] Processing 23APR
2026-01-25 07:21:13 | INFO     | [lf.day.start] Processing ATZ-TUU for 23APR
2026-01-25 07:21:14 | WARNING  | [lf.day.no_flights] No direct flights on 23APR
2026-01-25 07:21:14 | INFO     | [SUCCESS] Day 23APR
2026-01-25 07:21:14 | INFO     | [DAY_START] Processing 22APR
2026-01-25 07:21:14 | INFO     | [lf.day.start] Processing ATZ-TUU for 22APR
2026-01-25 07:21:16 | WARNING  | [lf.day.no_flights] No direct flights on 22APR
2026-01-25 07:21:16 | INFO     | [SUCCESS] Day 22APR
2026-01-25 07:21:16 | INFO     | [DAY_START] Processing 21APR
2026-01-25 07:21:16 | INFO     | [lf.day.start] Processing ATZ-TUU for 21APR
2026-01-25 07:21:17 | WARNING  | [lf.day.no_flights] No direct flights on 21APR
2026-01-25 07:21:17 | INFO     | [SUCCESS] Day 21APR
2026-01-25 07:21:17 | INFO     | [SUCCESS] LF Search Complete
2026-01-25 07:21:39 | INFO     | [Worker_9226] Completed: ATZ-TUU - 8 results, 0 errors
2026-01-25 07:21:39 | INFO     | [Worker_9226] Processing: MED-HBE
2026-01-25 07:21:39 | INFO     |   Tier 0: Range 3, Chunk 2/4 (8 days)
