2026-01-25 07:22:30 | INFO     | ======================================================================
2026-01-25 07:22:30 | INFO     | Load Factor Scraper Started - Route: AJF-CAI
2026-01-25 07:22:30 | INFO     | Log file: D:\CODERED\LAB\Artifacts\outputs\run_generated_250126_at_07.06\logs\LF_AJF-CAI_20260125_072230.log
2026-01-25 07:22:30 | INFO     | Enhanced logging: Capturing both logging.info() and print()
2026-01-25 07:22:30 | INFO     | ======================================================================
2026-01-25 07:22:30 | INFO     | Starting LF search for route: AJF-CAI
2026-01-25 07:22:30 | INFO     | [START] LF Search
2026-01-25 07:22:31 | INFO     | [HEALTH CHECK] [OK] Chrome connection is healthy
2026-01-25 07:22:31 | INFO     | [DAY_START] Processing 20APR
2026-01-25 07:22:31 | INFO     | [lf.day.start] Processing AJF-CAI for 20APR
2026-01-25 07:22:32 | WARNING  | [lf.day.no_flights] No direct flights on 20APR
2026-01-25 07:22:32 | INFO     | [SUCCESS] Day 20APR
2026-01-25 07:22:32 | INFO     | [DAY_START] Processing 19APR
2026-01-25 07:22:32 | INFO     | [lf.day.start] Processing AJF-CAI for 19APR
2026-01-25 07:22:33 | INFO     | [lf.day.flights_found] Found 1 flights on 19APR
2026-01-25 07:22:36 | INFO     | [lf.flight.extracted] SM322 on 19APR: BKG=1, LF=0.6%
2026-01-25 07:22:40 | INFO     | [SUCCESS] Day 19APR
2026-01-25 07:22:40 | INFO     | [DAY_START] Processing 18APR
2026-01-25 07:22:40 | INFO     | [lf.day.start] Processing AJF-CAI for 18APR
2026-01-25 07:22:41 | WARNING  | [lf.day.no_flights] No direct flights on 18APR
2026-01-25 07:22:41 | INFO     | [SUCCESS] Day 18APR
2026-01-25 07:22:41 | INFO     | [DAY_START] Processing 17APR
2026-01-25 07:22:41 | INFO     | [lf.day.start] Processing AJF-CAI for 17APR
2026-01-25 07:22:42 | INFO     | [lf.day.flights_found] Found 1 flights on 17APR
2026-01-25 07:22:44 | INFO     | [lf.flight.extracted] SM322 on 17APR: BKG=1, LF=0.6%
2026-01-25 07:22:46 | INFO     | [SUCCESS] Day 17APR
2026-01-25 07:22:46 | INFO     | [DAY_START] Processing 16APR
2026-01-25 07:22:46 | INFO     | [lf.day.start] Processing AJF-CAI for 16APR
2026-01-25 07:22:47 | INFO     | [lf.day.flights_found] Found 1 flights on 16APR
2026-01-25 07:22:49 | INFO     | [lf.flight.extracted] SM322 on 16APR: BKG=0, LF=0.0%
2026-01-25 07:22:50 | INFO     | [SUCCESS] Day 16APR
2026-01-25 07:22:50 | INFO     | [DAY_START] Processing 15APR
2026-01-25 07:22:50 | INFO     | [lf.day.start] Processing AJF-CAI for 15APR
2026-01-25 07:22:51 | WARNING  | [lf.day.no_flights] No direct flights on 15APR
2026-01-25 07:22:51 | INFO     | [SUCCESS] Day 15APR
2026-01-25 07:22:51 | INFO     | [DAY_START] Processing 14APR
2026-01-25 07:22:51 | INFO     | [lf.day.start] Processing AJF-CAI for 14APR
2026-01-25 07:22:53 | WARNING  | [lf.day.no_flights] No direct flights on 14APR
2026-01-25 07:22:53 | INFO     | [SUCCESS] Day 14APR
2026-01-25 07:22:53 | INFO     | [DAY_START] Processing 13APR
2026-01-25 07:22:53 | INFO     | [lf.day.start] Processing AJF-CAI for 13APR
2026-01-25 07:22:54 | WARNING  | [lf.day.no_flights] No direct flights on 13APR
2026-01-25 07:22:54 | INFO     | [SUCCESS] Day 13APR
2026-01-25 07:22:54 | INFO     | [SUCCESS] LF Search Complete
2026-01-25 07:22:54 | INFO     | [Worker_9222] Completed: AJF-CAI - 8 results, 0 errors
2026-01-25 07:22:54 | INFO     | [Worker_9222] Processing: ELQ-ATZ
2026-01-25 07:22:54 | INFO     |   Tier 0: Range 3, Chunk 2/4 (8 days)
