2026-01-25 07:20:10 | INFO     | ======================================================================
2026-01-25 07:20:10 | INFO     | Load Factor Scraper Started - Route: AHB-CAI
2026-01-25 07:20:10 | INFO     | Log file: D:\CODERED\LAB\Artifacts\outputs\run_generated_250126_at_07.06\logs\LF_AHB-CAI_20260125_072010.log
2026-01-25 07:20:10 | INFO     | Enhanced logging: Capturing both logging.info() and print()
2026-01-25 07:20:10 | INFO     | ======================================================================
2026-01-25 07:20:10 | INFO     | Starting LF search for route: AHB-CAI
2026-01-25 07:20:10 | INFO     | [START] LF Search
2026-01-25 07:20:11 | INFO     | [HEALTH CHECK] [OK] Chrome connection is healthy
2026-01-25 07:20:12 | INFO     | [DAY_START] Processing 28APR
2026-01-25 07:20:12 | INFO     | [lf.day.start] Processing AHB-CAI for 28APR
2026-01-25 07:20:13 | WARNING  | [lf.day.no_flights] No direct flights on 28APR
2026-01-25 07:20:13 | INFO     | [SUCCESS] Day 28APR
2026-01-25 07:20:13 | INFO     | [DAY_START] Processing 27APR
2026-01-25 07:20:13 | INFO     | [lf.day.start] Processing AHB-CAI for 27APR
2026-01-25 07:20:14 | INFO     | [lf.day.flights_found] Found 1 flights on 27APR
2026-01-25 07:20:16 | INFO     | [lf.flight.extracted] SM444 on 27APR: BKG=1, LF=0.6%
2026-01-25 07:20:19 | INFO     | [SUCCESS] Day 27APR
2026-01-25 07:20:19 | INFO     | [DAY_START] Processing 26APR
2026-01-25 07:20:19 | INFO     | [lf.day.start] Processing AHB-CAI for 26APR
2026-01-25 07:20:20 | WARNING  | [lf.day.no_flights] No direct flights on 26APR
2026-01-25 07:20:20 | INFO     | [SUCCESS] Day 26APR
2026-01-25 07:20:20 | INFO     | [DAY_START] Processing 25APR
2026-01-25 07:20:20 | INFO     | [lf.day.start] Processing AHB-CAI for 25APR
2026-01-25 07:20:21 | INFO     | [lf.day.flights_found] Found 1 flights on 25APR
2026-01-25 07:20:23 | INFO     | [lf.flight.extracted] SM444 on 25APR: BKG=2, LF=1.1%
2026-01-25 07:20:25 | INFO     | [SUCCESS] Day 25APR
2026-01-25 07:20:25 | INFO     | [DAY_START] Processing 24APR
2026-01-25 07:20:25 | INFO     | [lf.day.start] Processing AHB-CAI for 24APR
2026-01-25 07:20:26 | WARNING  | [lf.day.no_flights] No direct flights on 24APR
2026-01-25 07:20:26 | INFO     | [SUCCESS] Day 24APR
2026-01-25 07:20:26 | INFO     | [DAY_START] Processing 23APR
2026-01-25 07:20:26 | INFO     | [lf.day.start] Processing AHB-CAI for 23APR
2026-01-25 07:20:28 | INFO     | [lf.day.flights_found] Found 1 flights on 23APR
2026-01-25 07:20:30 | INFO     | [lf.flight.extracted] SM444 on 23APR: BKG=2, LF=1.1%
2026-01-25 07:20:32 | INFO     | [SUCCESS] Day 23APR
2026-01-25 07:20:32 | INFO     | [DAY_START] Processing 22APR
2026-01-25 07:20:32 | INFO     | [lf.day.start] Processing AHB-CAI for 22APR
2026-01-25 07:20:34 | INFO     | [lf.day.flights_found] Found 1 flights on 22APR
2026-01-25 07:20:36 | INFO     | [lf.flight.extracted] SM444 on 22APR: BKG=0, LF=0.0%
2026-01-25 07:20:37 | INFO     | [SUCCESS] Day 22APR
2026-01-25 07:20:37 | INFO     | [DAY_START] Processing 21APR
2026-01-25 07:20:37 | INFO     | [lf.day.start] Processing AHB-CAI for 21APR
2026-01-25 07:20:38 | WARNING  | [lf.day.no_flights] No direct flights on 21APR
2026-01-25 07:20:38 | INFO     | [SUCCESS] Day 21APR
2026-01-25 07:20:38 | INFO     | [SUCCESS] LF Search Complete
2026-01-25 07:20:38 | INFO     | [Worker_9233] Completed: AHB-CAI - 8 results, 0 errors
2026-01-25 07:20:38 | INFO     | [Worker_9233] Processing: HBE-JED
2026-01-25 07:20:38 | INFO     |   Tier 0: Range 3, Chunk 1/4 (8 days)
