2026-01-25 07:13:02 | INFO     | ======================================================================
2026-01-25 07:13:02 | INFO     | Load Factor Scraper Started - Route: AJF-ATZ
2026-01-25 07:13:02 | INFO     | Log file: D:\CODERED\LAB\Artifacts\outputs\run_generated_250126_at_07.06\logs\LF_AJF-ATZ_20260125_071302.log
2026-01-25 07:13:02 | INFO     | Enhanced logging: Capturing both logging.info() and print()
2026-01-25 07:13:02 | INFO     | ======================================================================
2026-01-25 07:13:02 | INFO     | Starting LF search for route: AJF-ATZ
2026-01-25 07:13:02 | INFO     | [START] LF Search
2026-01-25 07:13:03 | INFO     | [HEALTH CHECK] [OK] Chrome connection is healthy
2026-01-25 07:13:03 | INFO     | [DAY_START] Processing 22MAY
2026-01-25 07:13:03 | INFO     | [lf.day.start] Processing AJF-ATZ for 22MAY
2026-01-25 07:13:04 | WARNING  | [lf.day.no_flights] No direct flights on 22MAY
2026-01-25 07:13:04 | INFO     | [SUCCESS] Day 22MAY
2026-01-25 07:13:04 | INFO     | [DAY_START] Processing 21MAY
2026-01-25 07:13:04 | INFO     | [lf.day.start] Processing AJF-ATZ for 21MAY
2026-01-25 07:13:05 | WARNING  | [lf.day.no_flights] No direct flights on 21MAY
2026-01-25 07:13:05 | INFO     | [SUCCESS] Day 21MAY
2026-01-25 07:13:05 | INFO     | [DAY_START] Processing 20MAY
2026-01-25 07:13:05 | INFO     | [lf.day.start] Processing AJF-ATZ for 20MAY
2026-01-25 07:13:07 | WARNING  | [lf.day.no_flights] No direct flights on 20MAY
2026-01-25 07:13:07 | INFO     | [SUCCESS] Day 20MAY
2026-01-25 07:13:07 | INFO     | [DAY_START] Processing 19MAY
2026-01-25 07:13:07 | INFO     | [lf.day.start] Processing AJF-ATZ for 19MAY
2026-01-25 07:13:08 | WARNING  | [lf.day.no_flights] No direct flights on 19MAY
2026-01-25 07:13:08 | INFO     | [SUCCESS] Day 19MAY
2026-01-25 07:13:08 | INFO     | [DAY_START] Processing 18MAY
2026-01-25 07:13:08 | INFO     | [lf.day.start] Processing AJF-ATZ for 18MAY
2026-01-25 07:13:09 | WARNING  | [lf.day.no_flights] No direct flights on 18MAY
2026-01-25 07:13:09 | INFO     | [SUCCESS] Day 18MAY
2026-01-25 07:13:09 | INFO     | [DAY_START] Processing 17MAY
2026-01-25 07:13:09 | INFO     | [lf.day.start] Processing AJF-ATZ for 17MAY
2026-01-25 07:13:10 | WARNING  | [lf.day.no_flights] No direct flights on 17MAY
2026-01-25 07:13:10 | INFO     | [SUCCESS] Day 17MAY
2026-01-25 07:13:10 | INFO     | [DAY_START] Processing 16MAY
2026-01-25 07:13:10 | INFO     | [lf.day.start] Processing AJF-ATZ for 16MAY
2026-01-25 07:13:11 | WARNING  | [lf.day.no_flights] No direct flights on 16MAY
2026-01-25 07:13:11 | INFO     | [SUCCESS] Day 16MAY
2026-01-25 07:13:11 | INFO     | [DAY_START] Processing 15MAY
2026-01-25 07:13:11 | INFO     | [lf.day.start] Processing AJF-ATZ for 15MAY
2026-01-25 07:13:13 | WARNING  | [lf.day.no_flights] No direct flights on 15MAY
2026-01-25 07:13:13 | INFO     | [SUCCESS] Day 15MAY
2026-01-25 07:13:13 | INFO     | [SUCCESS] LF Search Complete
2026-01-25 07:13:13 | INFO     | [Worker_9226] Completed: AJF-ATZ - 8 results, 0 errors
2026-01-25 07:13:13 | INFO     | [Worker_9226] Processing: AHB-ATZ
2026-01-25 07:13:13 | INFO     |   Tier 0: Range 4, Chunk 2/4 (8 days)
