2026-01-25 07:52:21 | INFO     | ======================================================================
2026-01-25 07:52:21 | INFO     | Load Factor Scraper Started - Route: AJF-CAI
2026-01-25 07:52:21 | INFO     | Log file: D:\CODERED\LAB\Artifacts\outputs\run_generated_250126_at_07.06\logs\LF_AJF-CAI_20260125_075221.log
2026-01-25 07:52:21 | INFO     | Enhanced logging: Capturing both logging.info() and print()
2026-01-25 07:52:21 | INFO     | ======================================================================
2026-01-25 07:52:21 | INFO     | Starting LF search for route: AJF-CAI
2026-01-25 07:52:21 | INFO     | [START] LF Search
2026-01-25 07:52:22 | INFO     | [HEALTH CHECK] [OK] Chrome connection is healthy
2026-01-25 07:52:22 | INFO     | [DAY_START] Processing 16FEB
2026-01-25 07:52:22 | INFO     | [lf.day.start] Processing AJF-CAI for 16FEB
2026-01-25 07:52:24 | WARNING  | [lf.day.no_flights] No direct flights on 16FEB
2026-01-25 07:52:24 | INFO     | [SUCCESS] Day 16FEB
2026-01-25 07:52:24 | INFO     | [DAY_START] Processing 15FEB
2026-01-25 07:52:24 | INFO     | [lf.day.start] Processing AJF-CAI for 15FEB
2026-01-25 07:52:25 | WARNING  | [lf.day.no_flights] No direct flights on 15FEB
2026-01-25 07:52:25 | INFO     | [SUCCESS] Day 15FEB
2026-01-25 07:52:25 | INFO     | [DAY_START] Processing 14FEB
2026-01-25 07:52:25 | INFO     | [lf.day.start] Processing AJF-CAI for 14FEB
2026-01-25 07:52:26 | INFO     | [lf.day.flights_found] Found 1 flights on 14FEB
2026-01-25 07:52:28 | INFO     | [lf.flight.extracted] SM322 on 14FEB: BKG=93, LF=54.1%
2026-01-25 07:52:35 | INFO     | [SUCCESS] Day 14FEB
2026-01-25 07:52:35 | INFO     | [DAY_START] Processing 13FEB
2026-01-25 07:52:35 | INFO     | [lf.day.start] Processing AJF-CAI for 13FEB
2026-01-25 07:52:36 | WARNING  | [lf.day.no_flights] No direct flights on 13FEB
2026-01-25 07:52:36 | INFO     | [SUCCESS] Day 13FEB
2026-01-25 07:52:36 | INFO     | [DAY_START] Processing 12FEB
2026-01-25 07:52:36 | INFO     | [lf.day.start] Processing AJF-CAI for 12FEB
2026-01-25 07:52:38 | INFO     | [lf.day.flights_found] Found 1 flights on 12FEB
2026-01-25 07:52:41 | INFO     | [lf.flight.extracted] SM322 on 12FEB: BKG=84, LF=48.0%
2026-01-25 07:52:46 | INFO     | [SUCCESS] Day 12FEB
2026-01-25 07:52:46 | INFO     | [DAY_START] Processing 11FEB
2026-01-25 07:52:46 | INFO     | [lf.day.start] Processing AJF-CAI for 11FEB
2026-01-25 07:52:48 | WARNING  | [lf.day.no_flights] No direct flights on 11FEB
2026-01-25 07:52:48 | INFO     | [SUCCESS] Day 11FEB
2026-01-25 07:52:48 | INFO     | [DAY_START] Processing 10FEB
2026-01-25 07:52:48 | INFO     | [lf.day.start] Processing AJF-CAI for 10FEB
2026-01-25 07:52:49 | INFO     | [lf.day.flights_found] Found 1 flights on 10FEB
2026-01-25 07:52:51 | INFO     | [lf.flight.extracted] SM322 on 10FEB: BKG=100, LF=57.1%
2026-01-25 07:53:00 | INFO     | [SUCCESS] Day 10FEB
2026-01-25 07:53:00 | INFO     | [DAY_START] Processing 09FEB
2026-01-25 07:53:00 | INFO     | [lf.day.start] Processing AJF-CAI for 09FEB
2026-01-25 07:53:02 | WARNING  | [lf.day.no_flights] No direct flights on 09FEB
2026-01-25 07:53:02 | INFO     | [SUCCESS] Day 09FEB
2026-01-25 07:53:02 | INFO     | [SUCCESS] LF Search Complete
2026-01-25 07:53:02 | INFO     | [Worker_9223] Completed: AJF-CAI - 8 results, 0 errors
2026-01-25 07:53:02 | INFO     | [Worker_9223] Processing: GIZ-CAI
2026-01-25 07:53:02 | INFO     |   Tier 0: Range 1, Chunk 2/4 (8 days)
