2026-01-25 08:05:03 | INFO     | ======================================================================
2026-01-25 08:05:03 | INFO     | Load Factor Scraper Started - Route: ATZ-AHB
2026-01-25 08:05:03 | INFO     | Log file: D:\CODERED\LAB\Artifacts\outputs\run_generated_250126_at_07.06\logs\LF_ATZ-AHB_20260125_080503.log
2026-01-25 08:05:03 | INFO     | Enhanced logging: Capturing both logging.info() and print()
2026-01-25 08:05:03 | INFO     | ======================================================================
2026-01-25 08:05:03 | INFO     | Starting LF search for route: ATZ-AHB
2026-01-25 08:05:03 | INFO     | [START] LF Search
2026-01-25 08:05:03 | INFO     | [HEALTH CHECK] [OK] Chrome connection is healthy
2026-01-25 08:05:03 | INFO     | [DAY_START] Processing 31JAN
2026-01-25 08:05:03 | INFO     | [lf.day.start] Processing ATZ-AHB for 31JAN
2026-01-25 08:05:04 | WARNING  | [lf.day.no_flights] No direct flights on 31JAN
2026-01-25 08:05:04 | INFO     | [SUCCESS] Day 31JAN
2026-01-25 08:05:04 | INFO     | [DAY_START] Processing 30JAN
2026-01-25 08:05:04 | INFO     | [lf.day.start] Processing ATZ-AHB for 30JAN
2026-01-25 08:05:05 | INFO     | [lf.day.flights_found] Found 1 flights on 30JAN
2026-01-25 08:05:07 | INFO     | [lf.flight.extracted] SM445 on 30JAN: BKG=155, LF=86.6%
2026-01-25 08:05:13 | INFO     | [SUCCESS] Day 30JAN
2026-01-25 08:05:13 | INFO     | [DAY_START] Processing 29JAN
2026-01-25 08:05:13 | INFO     | [lf.day.start] Processing ATZ-AHB for 29JAN
2026-01-25 08:05:14 | WARNING  | [lf.day.no_flights] No direct flights on 29JAN
2026-01-25 08:05:14 | INFO     | [SUCCESS] Day 29JAN
2026-01-25 08:05:14 | INFO     | [DAY_START] Processing 28JAN
2026-01-25 08:05:14 | INFO     | [lf.day.start] Processing ATZ-AHB for 28JAN
2026-01-25 08:05:15 | WARNING  | [lf.day.no_flights] No direct flights on 28JAN
2026-01-25 08:05:15 | INFO     | [SUCCESS] Day 28JAN
2026-01-25 08:05:15 | INFO     | [DAY_START] Processing 27JAN
2026-01-25 08:05:15 | INFO     | [lf.day.start] Processing ATZ-AHB for 27JAN
2026-01-25 08:05:16 | WARNING  | [lf.day.no_flights] No direct flights on 27JAN
2026-01-25 08:05:16 | INFO     | [SUCCESS] Day 27JAN
2026-01-25 08:05:16 | INFO     | [DAY_START] Processing 26JAN
2026-01-25 08:05:16 | INFO     | [lf.day.start] Processing ATZ-AHB for 26JAN
2026-01-25 08:05:18 | WARNING  | [lf.day.no_flights] No direct flights on 26JAN
2026-01-25 08:05:18 | INFO     | [SUCCESS] Day 26JAN
2026-01-25 08:05:18 | INFO     | [SUCCESS] LF Search Complete
2026-01-25 08:05:32 | INFO     | [Worker_9224] Completed: ATZ-AHB - 6 results, 0 errors
2026-01-25 09:00:02 | INFO     | [Worker_9224] Shutdown signal received, exiting...
2026-01-25 09:00:02 | INFO     | [Worker_9224] Finished. Processed 80 groups.
