2026-01-25 07:52:29 | INFO     | ======================================================================
2026-01-25 07:52:29 | INFO     | Load Factor Scraper Started - Route: AHB-CAI
2026-01-25 07:52:29 | INFO     | Log file: D:\CODERED\LAB\Artifacts\outputs\run_generated_250126_at_07.06\logs\LF_AHB-CAI_20260125_075229.log
2026-01-25 07:52:29 | INFO     | Enhanced logging: Capturing both logging.info() and print()
2026-01-25 07:52:29 | INFO     | ======================================================================
2026-01-25 07:52:29 | INFO     | Starting LF search for route: AHB-CAI
2026-01-25 07:52:29 | INFO     | [START] LF Search
2026-01-25 07:52:30 | INFO     | [HEALTH CHECK] [OK] Chrome connection is healthy
2026-01-25 07:52:30 | INFO     | [DAY_START] Processing 16FEB
2026-01-25 07:52:30 | INFO     | [lf.day.start] Processing AHB-CAI for 16FEB
2026-01-25 07:52:32 | WARNING  | [lf.day.no_flights] No direct flights on 16FEB
2026-01-25 07:52:32 | INFO     | [SUCCESS] Day 16FEB
2026-01-25 07:52:32 | INFO     | [DAY_START] Processing 15FEB
2026-01-25 07:52:32 | INFO     | [lf.day.start] Processing AHB-CAI for 15FEB
2026-01-25 07:52:33 | INFO     | [lf.day.flights_found] Found 1 flights on 15FEB
2026-01-25 07:52:36 | INFO     | [lf.flight.extracted] SM444 on 15FEB: BKG=30, LF=17.4%
2026-01-25 07:52:40 | INFO     | [SUCCESS] Day 15FEB
2026-01-25 07:52:40 | INFO     | [DAY_START] Processing 14FEB
2026-01-25 07:52:40 | INFO     | [lf.day.start] Processing AHB-CAI for 14FEB
2026-01-25 07:52:41 | WARNING  | [lf.day.no_flights] No direct flights on 14FEB
2026-01-25 07:52:41 | INFO     | [SUCCESS] Day 14FEB
2026-01-25 07:52:41 | INFO     | [DAY_START] Processing 13FEB
2026-01-25 07:52:41 | INFO     | [lf.day.start] Processing AHB-CAI for 13FEB
2026-01-25 07:52:43 | INFO     | [lf.day.flights_found] Found 1 flights on 13FEB
2026-01-25 07:52:45 | INFO     | [lf.flight.extracted] SM444 on 13FEB: BKG=37, LF=21.1%
2026-01-25 07:52:50 | INFO     | [SUCCESS] Day 13FEB
2026-01-25 07:52:50 | INFO     | [DAY_START] Processing 12FEB
2026-01-25 07:52:50 | INFO     | [lf.day.start] Processing AHB-CAI for 12FEB
2026-01-25 07:52:52 | INFO     | [lf.day.flights_found] Found 1 flights on 12FEB
2026-01-25 07:52:54 | INFO     | [lf.flight.extracted] SM448 on 12FEB: BKG=59, LF=34.3%
2026-01-25 07:52:58 | INFO     | [SUCCESS] Day 12FEB
2026-01-25 07:52:58 | INFO     | [DAY_START] Processing 11FEB
2026-01-25 07:52:58 | INFO     | [lf.day.start] Processing AHB-CAI for 11FEB
2026-01-25 07:52:59 | WARNING  | [lf.day.no_flights] No direct flights on 11FEB
2026-01-25 07:52:59 | INFO     | [SUCCESS] Day 11FEB
2026-01-25 07:52:59 | INFO     | [DAY_START] Processing 10FEB
2026-01-25 07:52:59 | INFO     | [lf.day.start] Processing AHB-CAI for 10FEB
2026-01-25 07:53:01 | WARNING  | [lf.day.no_flights] No direct flights on 10FEB
2026-01-25 07:53:01 | INFO     | [SUCCESS] Day 10FEB
2026-01-25 07:53:01 | INFO     | [DAY_START] Processing 09FEB
2026-01-25 07:53:01 | INFO     | [lf.day.start] Processing AHB-CAI for 09FEB
2026-01-25 07:53:02 | WARNING  | [lf.day.no_flights] No direct flights on 09FEB
2026-01-25 07:53:02 | INFO     | [SUCCESS] Day 09FEB
2026-01-25 07:53:02 | INFO     | [SUCCESS] LF Search Complete
2026-01-25 07:53:02 | INFO     | [Worker_9224] Completed: AHB-CAI - 8 results, 0 errors
2026-01-25 07:53:02 | INFO     | [Worker_9224] Processing: CAI-MED
2026-01-25 07:53:02 | INFO     |   Tier 0: Range 1, Chunk 2/4 (8 days)
