2026-01-25 07:28:40 | INFO     | ======================================================================
2026-01-25 07:28:40 | INFO     | Load Factor Scraper Started - Route: ATZ-DMM
2026-01-25 07:28:40 | INFO     | Log file: D:\CODERED\LAB\Artifacts\outputs\run_generated_250126_at_07.06\logs\LF_ATZ-DMM_20260125_072840.log
2026-01-25 07:28:40 | INFO     | Enhanced logging: Capturing both logging.info() and print()
2026-01-25 07:28:40 | INFO     | ======================================================================
2026-01-25 07:28:40 | INFO     | Starting LF search for route: ATZ-DMM
2026-01-25 07:28:40 | INFO     | [START] LF Search
2026-01-25 07:28:40 | INFO     | [HEALTH CHECK] [OK] Chrome connection is healthy
2026-01-25 07:28:40 | INFO     | [DAY_START] Processing 04APR
2026-01-25 07:28:40 | INFO     | [lf.day.start] Processing ATZ-DMM for 04APR
2026-01-25 07:28:42 | WARNING  | [lf.day.no_flights] No direct flights on 04APR
2026-01-25 07:28:42 | INFO     | [SUCCESS] Day 04APR
2026-01-25 07:28:42 | INFO     | [DAY_START] Processing 03APR
2026-01-25 07:28:42 | INFO     | [lf.day.start] Processing ATZ-DMM for 03APR
2026-01-25 07:28:43 | WARNING  | [lf.day.no_flights] No direct flights on 03APR
2026-01-25 07:28:43 | INFO     | [SUCCESS] Day 03APR
2026-01-25 07:28:43 | INFO     | [DAY_START] Processing 02APR
2026-01-25 07:28:43 | INFO     | [lf.day.start] Processing ATZ-DMM for 02APR
2026-01-25 07:28:44 | WARNING  | [lf.day.no_flights] No direct flights on 02APR
2026-01-25 07:28:44 | INFO     | [SUCCESS] Day 02APR
2026-01-25 07:28:44 | INFO     | [DAY_START] Processing 01APR
2026-01-25 07:28:44 | INFO     | [lf.day.start] Processing ATZ-DMM for 01APR
2026-01-25 07:28:45 | WARNING  | [lf.day.no_flights] No direct flights on 01APR
2026-01-25 07:28:45 | INFO     | [SUCCESS] Day 01APR
2026-01-25 07:28:45 | INFO     | [DAY_START] Processing 31MAR
2026-01-25 07:28:45 | INFO     | [lf.day.start] Processing ATZ-DMM for 31MAR
2026-01-25 07:28:47 | WARNING  | [lf.day.no_flights] No direct flights on 31MAR
2026-01-25 07:28:47 | INFO     | [SUCCESS] Day 31MAR
2026-01-25 07:28:47 | INFO     | [DAY_START] Processing 30MAR
2026-01-25 07:28:47 | INFO     | [lf.day.start] Processing ATZ-DMM for 30MAR
2026-01-25 07:28:48 | WARNING  | [lf.day.no_flights] No direct flights on 30MAR
2026-01-25 07:28:48 | INFO     | [SUCCESS] Day 30MAR
2026-01-25 07:28:48 | INFO     | [DAY_START] Processing 29MAR
2026-01-25 07:28:48 | INFO     | [lf.day.start] Processing ATZ-DMM for 29MAR
2026-01-25 07:28:49 | WARNING  | [lf.day.no_flights] No direct flights on 29MAR
2026-01-25 07:28:49 | INFO     | [SUCCESS] Day 29MAR
2026-01-25 07:28:49 | INFO     | [DAY_START] Processing 28MAR
2026-01-25 07:28:49 | INFO     | [lf.day.start] Processing ATZ-DMM for 28MAR
2026-01-25 07:28:50 | WARNING  | [lf.day.no_flights] No direct flights on 28MAR
2026-01-25 07:28:50 | INFO     | [SUCCESS] Day 28MAR
2026-01-25 07:28:50 | INFO     | [SUCCESS] LF Search Complete
2026-01-25 07:28:50 | INFO     | [Worker_9232] Completed: ATZ-DMM - 8 results, 0 errors
2026-01-25 07:28:50 | INFO     | [Worker_9232] Processing: ATZ-TUU
2026-01-25 07:28:50 | INFO     |   Tier 0: Range 3, Chunk 4/4 (8 days)
