2026-01-25 07:18:48 | INFO     | ======================================================================
2026-01-25 07:18:48 | INFO     | Load Factor Scraper Started - Route: ATZ-TUU
2026-01-25 07:18:48 | INFO     | Log file: D:\CODERED\LAB\Artifacts\outputs\run_generated_250126_at_07.06\logs\LF_ATZ-TUU_20260125_071848.log
2026-01-25 07:18:48 | INFO     | Enhanced logging: Capturing both logging.info() and print()
2026-01-25 07:18:48 | INFO     | ======================================================================
2026-01-25 07:18:48 | INFO     | Starting LF search for route: ATZ-TUU
2026-01-25 07:18:48 | INFO     | [START] LF Search
2026-01-25 07:18:48 | INFO     | [HEALTH CHECK] [OK] Chrome connection is healthy
2026-01-25 07:18:48 | INFO     | [DAY_START] Processing 06MAY
2026-01-25 07:18:48 | INFO     | [lf.day.start] Processing ATZ-TUU for 06MAY
2026-01-25 07:18:50 | WARNING  | [lf.day.no_flights] No direct flights on 06MAY
2026-01-25 07:18:50 | INFO     | [SUCCESS] Day 06MAY
2026-01-25 07:18:50 | INFO     | [DAY_START] Processing 05MAY
2026-01-25 07:18:50 | INFO     | [lf.day.start] Processing ATZ-TUU for 05MAY
2026-01-25 07:18:51 | WARNING  | [lf.day.no_flights] No direct flights on 05MAY
2026-01-25 07:18:51 | INFO     | [SUCCESS] Day 05MAY
2026-01-25 07:18:51 | INFO     | [DAY_START] Processing 04MAY
2026-01-25 07:18:51 | INFO     | [lf.day.start] Processing ATZ-TUU for 04MAY
2026-01-25 07:18:53 | WARNING  | [lf.day.no_flights] No direct flights on 04MAY
2026-01-25 07:18:53 | INFO     | [SUCCESS] Day 04MAY
2026-01-25 07:18:53 | INFO     | [DAY_START] Processing 03MAY
2026-01-25 07:18:53 | INFO     | [lf.day.start] Processing ATZ-TUU for 03MAY
2026-01-25 07:18:55 | WARNING  | [lf.day.no_flights] No direct flights on 03MAY
2026-01-25 07:18:55 | INFO     | [SUCCESS] Day 03MAY
2026-01-25 07:18:55 | INFO     | [DAY_START] Processing 02MAY
2026-01-25 07:18:55 | INFO     | [lf.day.start] Processing ATZ-TUU for 02MAY
2026-01-25 07:18:56 | WARNING  | [lf.day.no_flights] No direct flights on 02MAY
2026-01-25 07:18:56 | INFO     | [SUCCESS] Day 02MAY
2026-01-25 07:18:56 | INFO     | [DAY_START] Processing 01MAY
2026-01-25 07:18:56 | INFO     | [lf.day.start] Processing ATZ-TUU for 01MAY
2026-01-25 07:18:58 | WARNING  | [lf.day.no_flights] No direct flights on 01MAY
2026-01-25 07:18:58 | INFO     | [SUCCESS] Day 01MAY
2026-01-25 07:18:58 | INFO     | [DAY_START] Processing 30APR
2026-01-25 07:18:58 | INFO     | [lf.day.start] Processing ATZ-TUU for 30APR
2026-01-25 07:18:59 | WARNING  | [lf.day.no_flights] No direct flights on 30APR
2026-01-25 07:18:59 | INFO     | [SUCCESS] Day 30APR
2026-01-25 07:18:59 | INFO     | [DAY_START] Processing 29APR
2026-01-25 07:18:59 | INFO     | [lf.day.start] Processing ATZ-TUU for 29APR
2026-01-25 07:19:00 | WARNING  | [lf.day.no_flights] No direct flights on 29APR
2026-01-25 07:19:00 | INFO     | [SUCCESS] Day 29APR
2026-01-25 07:19:00 | INFO     | [SUCCESS] LF Search Complete
2026-01-25 07:19:00 | INFO     | [Worker_9224] Completed: ATZ-TUU - 8 results, 0 errors
2026-01-25 07:19:00 | INFO     | [Worker_9224] Processing: CAI-YNB
2026-01-25 07:19:00 | INFO     |   Tier 0: Range 4, Chunk 4/4 (8 days)
