2026-01-25 07:37:19 | INFO     | ======================================================================
2026-01-25 07:37:19 | INFO     | Load Factor Scraper Started - Route: ATZ-AJF
2026-01-25 07:37:19 | INFO     | Log file: D:\CODERED\LAB\Artifacts\outputs\run_generated_250126_at_07.06\logs\LF_ATZ-AJF_20260125_073719.log
2026-01-25 07:37:19 | INFO     | Enhanced logging: Capturing both logging.info() and print()
2026-01-25 07:37:19 | INFO     | ======================================================================
2026-01-25 07:37:19 | INFO     | Starting LF search for route: ATZ-AJF
2026-01-25 07:37:19 | INFO     | [START] LF Search
2026-01-25 07:37:20 | INFO     | [HEALTH CHECK] [OK] Chrome connection is healthy
2026-01-25 07:37:20 | INFO     | [DAY_START] Processing 19MAR
2026-01-25 07:37:20 | INFO     | [lf.day.start] Processing ATZ-AJF for 19MAR
2026-01-25 07:37:21 | WARNING  | [lf.day.no_flights] No direct flights on 19MAR
2026-01-25 07:37:21 | INFO     | [SUCCESS] Day 19MAR
2026-01-25 07:37:21 | INFO     | [DAY_START] Processing 18MAR
2026-01-25 07:37:21 | INFO     | [lf.day.start] Processing ATZ-AJF for 18MAR
2026-01-25 07:37:22 | WARNING  | [lf.day.no_flights] No direct flights on 18MAR
2026-01-25 07:37:22 | INFO     | [SUCCESS] Day 18MAR
2026-01-25 07:37:22 | INFO     | [DAY_START] Processing 17MAR
2026-01-25 07:37:22 | INFO     | [lf.day.start] Processing ATZ-AJF for 17MAR
2026-01-25 07:37:24 | WARNING  | [lf.day.no_flights] No direct flights on 17MAR
2026-01-25 07:37:24 | INFO     | [SUCCESS] Day 17MAR
2026-01-25 07:37:24 | INFO     | [DAY_START] Processing 16MAR
2026-01-25 07:37:24 | INFO     | [lf.day.start] Processing ATZ-AJF for 16MAR
2026-01-25 07:37:25 | WARNING  | [lf.day.no_flights] No direct flights on 16MAR
2026-01-25 07:37:25 | INFO     | [SUCCESS] Day 16MAR
2026-01-25 07:37:25 | INFO     | [DAY_START] Processing 15MAR
2026-01-25 07:37:25 | INFO     | [lf.day.start] Processing ATZ-AJF for 15MAR
2026-01-25 07:37:26 | WARNING  | [lf.day.no_flights] No direct flights on 15MAR
2026-01-25 07:37:26 | INFO     | [SUCCESS] Day 15MAR
2026-01-25 07:37:26 | INFO     | [DAY_START] Processing 14MAR
2026-01-25 07:37:26 | INFO     | [lf.day.start] Processing ATZ-AJF for 14MAR
2026-01-25 07:37:27 | WARNING  | [lf.day.no_flights] No direct flights on 14MAR
2026-01-25 07:37:27 | INFO     | [SUCCESS] Day 14MAR
2026-01-25 07:37:27 | INFO     | [DAY_START] Processing 13MAR
2026-01-25 07:37:27 | INFO     | [lf.day.start] Processing ATZ-AJF for 13MAR
2026-01-25 07:37:28 | INFO     | [lf.day.flights_found] Found 1 flights on 13MAR
2026-01-25 07:37:30 | INFO     | [lf.flight.extracted] SM323 on 13MAR: BKG=0, LF=0.0%
2026-01-25 07:37:31 | INFO     | [SUCCESS] Day 13MAR
2026-01-25 07:37:31 | INFO     | [DAY_START] Processing 12MAR
2026-01-25 07:37:31 | INFO     | [lf.day.start] Processing ATZ-AJF for 12MAR
2026-01-25 07:37:32 | WARNING  | [lf.day.no_flights] No direct flights on 12MAR
2026-01-25 07:37:32 | INFO     | [SUCCESS] Day 12MAR
2026-01-25 07:37:32 | INFO     | [SUCCESS] LF Search Complete
2026-01-25 07:37:32 | INFO     | [Worker_9226] Completed: ATZ-AJF - 8 results, 0 errors
2026-01-25 07:37:32 | INFO     | [Worker_9226] Processing: ATZ-AHB
2026-01-25 07:37:32 | INFO     |   Tier 0: Range 2, Chunk 2/4 (8 days)
