2026-01-25 07:17:39 | INFO     | ======================================================================
2026-01-25 07:17:39 | INFO     | Load Factor Scraper Started - Route: AJF-CAI
2026-01-25 07:17:39 | INFO     | Log file: D:\CODERED\LAB\Artifacts\outputs\run_generated_250126_at_07.06\logs\LF_AJF-CAI_20260125_071739.log
2026-01-25 07:17:39 | INFO     | Enhanced logging: Capturing both logging.info() and print()
2026-01-25 07:17:39 | INFO     | ======================================================================
2026-01-25 07:17:39 | INFO     | Starting LF search for route: AJF-CAI
2026-01-25 07:17:39 | INFO     | [START] LF Search
2026-01-25 07:17:40 | INFO     | [HEALTH CHECK] [OK] Chrome connection is healthy
2026-01-25 07:17:40 | INFO     | [DAY_START] Processing 06MAY
2026-01-25 07:17:40 | INFO     | [lf.day.start] Processing AJF-CAI for 06MAY
2026-01-25 07:17:41 | WARNING  | [lf.day.no_flights] No direct flights on 06MAY
2026-01-25 07:17:41 | INFO     | [SUCCESS] Day 06MAY
2026-01-25 07:17:41 | INFO     | [DAY_START] Processing 05MAY
2026-01-25 07:17:41 | INFO     | [lf.day.start] Processing AJF-CAI for 05MAY
2026-01-25 07:17:42 | WARNING  | [lf.day.no_flights] No direct flights on 05MAY
2026-01-25 07:17:42 | INFO     | [SUCCESS] Day 05MAY
2026-01-25 07:17:42 | INFO     | [DAY_START] Processing 04MAY
2026-01-25 07:17:42 | INFO     | [lf.day.start] Processing AJF-CAI for 04MAY
2026-01-25 07:17:43 | WARNING  | [lf.day.no_flights] No direct flights on 04MAY
2026-01-25 07:17:43 | INFO     | [SUCCESS] Day 04MAY
2026-01-25 07:17:43 | INFO     | [DAY_START] Processing 03MAY
2026-01-25 07:17:43 | INFO     | [lf.day.start] Processing AJF-CAI for 03MAY
2026-01-25 07:17:44 | INFO     | [lf.day.flights_found] Found 1 flights on 03MAY
2026-01-25 07:17:46 | INFO     | [lf.flight.extracted] SM322 on 03MAY: BKG=0, LF=0.0%
2026-01-25 07:17:47 | INFO     | [SUCCESS] Day 03MAY
2026-01-25 07:17:47 | INFO     | [DAY_START] Processing 02MAY
2026-01-25 07:17:47 | INFO     | [lf.day.start] Processing AJF-CAI for 02MAY
2026-01-25 07:17:48 | WARNING  | [lf.day.no_flights] No direct flights on 02MAY
2026-01-25 07:17:48 | INFO     | [SUCCESS] Day 02MAY
2026-01-25 07:17:48 | INFO     | [DAY_START] Processing 01MAY
2026-01-25 07:17:48 | INFO     | [lf.day.start] Processing AJF-CAI for 01MAY
2026-01-25 07:17:50 | INFO     | [lf.day.flights_found] Found 1 flights on 01MAY
2026-01-25 07:17:52 | INFO     | [lf.flight.extracted] SM322 on 01MAY: BKG=1, LF=0.6%
2026-01-25 07:17:54 | INFO     | [SUCCESS] Day 01MAY
2026-01-25 07:17:54 | INFO     | [DAY_START] Processing 30APR
2026-01-25 07:17:54 | INFO     | [lf.day.start] Processing AJF-CAI for 30APR
2026-01-25 07:17:55 | INFO     | [lf.day.flights_found] Found 1 flights on 30APR
2026-01-25 07:17:57 | INFO     | [lf.flight.extracted] SM322 on 30APR: BKG=0, LF=0.0%
2026-01-25 07:17:59 | INFO     | [SUCCESS] Day 30APR
2026-01-25 07:17:59 | INFO     | [DAY_START] Processing 29APR
2026-01-25 07:17:59 | INFO     | [lf.day.start] Processing AJF-CAI for 29APR
2026-01-25 07:18:00 | WARNING  | [lf.day.no_flights] No direct flights on 29APR
2026-01-25 07:18:00 | INFO     | [SUCCESS] Day 29APR
2026-01-25 07:18:00 | INFO     | [SUCCESS] LF Search Complete
2026-01-25 07:18:00 | INFO     | [Worker_9222] Completed: AJF-CAI - 8 results, 0 errors
2026-01-25 07:18:00 | INFO     | [Worker_9222] Processing: GIZ-CAI
2026-01-25 07:18:00 | INFO     |   Tier 0: Range 4, Chunk 4/4 (8 days)
