2026-01-25 07:55:43 | INFO     | ======================================================================
2026-01-25 07:55:43 | INFO     | Load Factor Scraper Started - Route: ATZ-ELQ
2026-01-25 07:55:43 | INFO     | Log file: D:\CODERED\LAB\Artifacts\outputs\run_generated_250126_at_07.06\logs\LF_ATZ-ELQ_20260125_075543.log
2026-01-25 07:55:43 | INFO     | Enhanced logging: Capturing both logging.info() and print()
2026-01-25 07:55:43 | INFO     | ======================================================================
2026-01-25 07:55:43 | INFO     | Starting LF search for route: ATZ-ELQ
2026-01-25 07:55:43 | INFO     | [START] LF Search
2026-01-25 07:55:44 | INFO     | [HEALTH CHECK] [OK] Chrome connection is healthy
2026-01-25 07:55:44 | INFO     | [DAY_START] Processing 16FEB
2026-01-25 07:55:44 | INFO     | [lf.day.start] Processing ATZ-ELQ for 16FEB
2026-01-25 07:55:45 | WARNING  | [lf.day.no_flights] No direct flights on 16FEB
2026-01-25 07:55:45 | INFO     | [SUCCESS] Day 16FEB
2026-01-25 07:55:45 | INFO     | [DAY_START] Processing 15FEB
2026-01-25 07:55:45 | INFO     | [lf.day.start] Processing ATZ-ELQ for 15FEB
2026-01-25 07:55:47 | WARNING  | [lf.day.no_flights] No direct flights on 15FEB
2026-01-25 07:55:47 | INFO     | [SUCCESS] Day 15FEB
2026-01-25 07:55:47 | INFO     | [DAY_START] Processing 14FEB
2026-01-25 07:55:47 | INFO     | [lf.day.start] Processing ATZ-ELQ for 14FEB
2026-01-25 07:55:49 | INFO     | [lf.day.flights_found] Found 1 flights on 14FEB
2026-01-25 07:55:53 | INFO     | [lf.flight.extracted] SM435 on 14FEB: BKG=97, LF=54.2%
2026-01-25 07:55:57 | INFO     | [SUCCESS] Day 14FEB
2026-01-25 07:55:57 | INFO     | [DAY_START] Processing 13FEB
2026-01-25 07:55:57 | INFO     | [lf.day.start] Processing ATZ-ELQ for 13FEB
2026-01-25 07:55:59 | WARNING  | [lf.day.no_flights] No direct flights on 13FEB
2026-01-25 07:55:59 | INFO     | [SUCCESS] Day 13FEB
2026-01-25 07:55:59 | INFO     | [DAY_START] Processing 12FEB
2026-01-25 07:55:59 | INFO     | [lf.day.start] Processing ATZ-ELQ for 12FEB
2026-01-25 07:56:00 | WARNING  | [lf.day.no_flights] No direct flights on 12FEB
2026-01-25 07:56:00 | INFO     | [SUCCESS] Day 12FEB
2026-01-25 07:56:00 | INFO     | [DAY_START] Processing 11FEB
2026-01-25 07:56:00 | INFO     | [lf.day.start] Processing ATZ-ELQ for 11FEB
2026-01-25 07:56:02 | WARNING  | [lf.day.no_flights] No direct flights on 11FEB
2026-01-25 07:56:02 | INFO     | [SUCCESS] Day 11FEB
2026-01-25 07:56:02 | INFO     | [DAY_START] Processing 10FEB
2026-01-25 07:56:02 | INFO     | [lf.day.start] Processing ATZ-ELQ for 10FEB
2026-01-25 07:56:04 | INFO     | [lf.day.flights_found] Found 1 flights on 10FEB
2026-01-25 07:56:07 | INFO     | [lf.flight.extracted] SM435 on 10FEB: BKG=28, LF=15.6%
2026-01-25 07:56:11 | INFO     | [SUCCESS] Day 10FEB
2026-01-25 07:56:11 | INFO     | [DAY_START] Processing 09FEB
2026-01-25 07:56:11 | INFO     | [lf.day.start] Processing ATZ-ELQ for 09FEB
2026-01-25 07:56:13 | WARNING  | [lf.day.no_flights] No direct flights on 09FEB
2026-01-25 07:56:13 | INFO     | [SUCCESS] Day 09FEB
2026-01-25 07:56:13 | INFO     | [SUCCESS] LF Search Complete
2026-01-25 07:56:19 | INFO     | [Worker_9233] Completed: ATZ-ELQ - 8 results, 0 errors
2026-01-25 07:56:19 | INFO     | [Worker_9233] Processing: JED-CAI
2026-01-25 07:56:19 | INFO     |   Tier 0: Range 1, Chunk 3/4 (8 days)
