2026-01-25 07:41:11 | INFO     | ======================================================================
2026-01-25 07:41:11 | INFO     | Load Factor Scraper Started - Route: ATZ-AJF
2026-01-25 07:41:11 | INFO     | Log file: D:\CODERED\LAB\Artifacts\outputs\run_generated_250126_at_07.06\logs\LF_ATZ-AJF_20260125_074111.log
2026-01-25 07:41:11 | INFO     | Enhanced logging: Capturing both logging.info() and print()
2026-01-25 07:41:11 | INFO     | ======================================================================
2026-01-25 07:41:11 | INFO     | Starting LF search for route: ATZ-AJF
2026-01-25 07:41:11 | INFO     | [START] LF Search
2026-01-25 07:41:12 | INFO     | [HEALTH CHECK] [OK] Chrome connection is healthy
2026-01-25 07:41:12 | INFO     | [DAY_START] Processing 11MAR
2026-01-25 07:41:12 | INFO     | [lf.day.start] Processing ATZ-AJF for 11MAR
2026-01-25 07:41:13 | WARNING  | [lf.day.no_flights] No direct flights on 11MAR
2026-01-25 07:41:13 | INFO     | [SUCCESS] Day 11MAR
2026-01-25 07:41:13 | INFO     | [DAY_START] Processing 10MAR
2026-01-25 07:41:13 | INFO     | [lf.day.start] Processing ATZ-AJF for 10MAR
2026-01-25 07:41:14 | WARNING  | [lf.day.no_flights] No direct flights on 10MAR
2026-01-25 07:41:14 | INFO     | [SUCCESS] Day 10MAR
2026-01-25 07:41:14 | INFO     | [DAY_START] Processing 09MAR
2026-01-25 07:41:14 | INFO     | [lf.day.start] Processing ATZ-AJF for 09MAR
2026-01-25 07:41:16 | WARNING  | [lf.day.no_flights] No direct flights on 09MAR
2026-01-25 07:41:16 | INFO     | [SUCCESS] Day 09MAR
2026-01-25 07:41:16 | INFO     | [DAY_START] Processing 08MAR
2026-01-25 07:41:16 | INFO     | [lf.day.start] Processing ATZ-AJF for 08MAR
2026-01-25 07:41:17 | WARNING  | [lf.day.no_flights] No direct flights on 08MAR
2026-01-25 07:41:17 | INFO     | [SUCCESS] Day 08MAR
2026-01-25 07:41:17 | INFO     | [DAY_START] Processing 07MAR
2026-01-25 07:41:17 | INFO     | [lf.day.start] Processing ATZ-AJF for 07MAR
2026-01-25 07:41:18 | WARNING  | [lf.day.no_flights] No direct flights on 07MAR
2026-01-25 07:41:18 | INFO     | [SUCCESS] Day 07MAR
2026-01-25 07:41:18 | INFO     | [DAY_START] Processing 06MAR
2026-01-25 07:41:18 | INFO     | [lf.day.start] Processing ATZ-AJF for 06MAR
2026-01-25 07:41:20 | INFO     | [lf.day.flights_found] Found 1 flights on 06MAR
2026-01-25 07:41:22 | INFO     | [lf.flight.extracted] SM323 on 06MAR: BKG=1, LF=0.6%
2026-01-25 07:41:26 | INFO     | [SUCCESS] Day 06MAR
2026-01-25 07:41:26 | INFO     | [DAY_START] Processing 05MAR
2026-01-25 07:41:26 | INFO     | [lf.day.start] Processing ATZ-AJF for 05MAR
2026-01-25 07:41:27 | WARNING  | [lf.day.no_flights] No direct flights on 05MAR
2026-01-25 07:41:27 | INFO     | [SUCCESS] Day 05MAR
2026-01-25 07:41:27 | INFO     | [DAY_START] Processing 04MAR
2026-01-25 07:41:27 | INFO     | [lf.day.start] Processing ATZ-AJF for 04MAR
2026-01-25 07:41:28 | WARNING  | [lf.day.no_flights] No direct flights on 04MAR
2026-01-25 07:41:28 | INFO     | [SUCCESS] Day 04MAR
2026-01-25 07:41:28 | INFO     | [SUCCESS] LF Search Complete
2026-01-25 07:41:28 | INFO     | [Worker_9227] Completed: ATZ-AJF - 8 results, 0 errors
2026-01-25 07:41:28 | INFO     | [Worker_9227] Processing: ATZ-AHB
2026-01-25 07:41:28 | INFO     |   Tier 0: Range 2, Chunk 3/4 (8 days)
