2026-01-25 07:11:33 | INFO     | ======================================================================
2026-01-25 07:11:33 | INFO     | Load Factor Scraper Started - Route: ASW-JED
2026-01-25 07:11:33 | INFO     | Log file: D:\CODERED\LAB\Artifacts\outputs\run_generated_250126_at_07.06\logs\LF_ASW-JED_20260125_071133.log
2026-01-25 07:11:33 | INFO     | Enhanced logging: Capturing both logging.info() and print()
2026-01-25 07:11:33 | INFO     | ======================================================================
2026-01-25 07:11:33 | INFO     | Starting LF search for route: ASW-JED
2026-01-25 07:11:33 | INFO     | [START] LF Search
2026-01-25 07:11:33 | INFO     | [HEALTH CHECK] [OK] Chrome connection is healthy
2026-01-25 07:11:33 | INFO     | [DAY_START] Processing 30MAY
2026-01-25 07:11:33 | INFO     | [lf.day.start] Processing ASW-JED for 30MAY
2026-01-25 07:11:35 | WARNING  | [lf.day.no_flights] No direct flights on 30MAY
2026-01-25 07:11:35 | INFO     | [SUCCESS] Day 30MAY
2026-01-25 07:11:35 | INFO     | [DAY_START] Processing 29MAY
2026-01-25 07:11:35 | INFO     | [lf.day.start] Processing ASW-JED for 29MAY
2026-01-25 07:11:36 | WARNING  | [lf.day.no_flights] No direct flights on 29MAY
2026-01-25 07:11:36 | INFO     | [SUCCESS] Day 29MAY
2026-01-25 07:11:36 | INFO     | [DAY_START] Processing 28MAY
2026-01-25 07:11:36 | INFO     | [lf.day.start] Processing ASW-JED for 28MAY
2026-01-25 07:11:37 | WARNING  | [lf.day.no_flights] No direct flights on 28MAY
2026-01-25 07:11:37 | INFO     | [SUCCESS] Day 28MAY
2026-01-25 07:11:37 | INFO     | [DAY_START] Processing 27MAY
2026-01-25 07:11:37 | INFO     | [lf.day.start] Processing ASW-JED for 27MAY
2026-01-25 07:11:38 | WARNING  | [lf.day.no_flights] No direct flights on 27MAY
2026-01-25 07:11:38 | INFO     | [SUCCESS] Day 27MAY
2026-01-25 07:11:38 | INFO     | [DAY_START] Processing 26MAY
2026-01-25 07:11:38 | INFO     | [lf.day.start] Processing ASW-JED for 26MAY
2026-01-25 07:11:39 | WARNING  | [lf.day.no_flights] No direct flights on 26MAY
2026-01-25 07:11:39 | INFO     | [SUCCESS] Day 26MAY
2026-01-25 07:11:39 | INFO     | [DAY_START] Processing 25MAY
2026-01-25 07:11:39 | INFO     | [lf.day.start] Processing ASW-JED for 25MAY
2026-01-25 07:11:40 | WARNING  | [lf.day.no_flights] No direct flights on 25MAY
2026-01-25 07:11:40 | INFO     | [SUCCESS] Day 25MAY
2026-01-25 07:11:40 | INFO     | [DAY_START] Processing 24MAY
2026-01-25 07:11:40 | INFO     | [lf.day.start] Processing ASW-JED for 24MAY
2026-01-25 07:11:41 | WARNING  | [lf.day.no_flights] No direct flights on 24MAY
2026-01-25 07:11:41 | INFO     | [SUCCESS] Day 24MAY
2026-01-25 07:11:41 | INFO     | [DAY_START] Processing 23MAY
2026-01-25 07:11:41 | INFO     | [lf.day.start] Processing ASW-JED for 23MAY
2026-01-25 07:11:42 | WARNING  | [lf.day.no_flights] No direct flights on 23MAY
2026-01-25 07:11:42 | INFO     | [SUCCESS] Day 23MAY
2026-01-25 07:11:42 | INFO     | [SUCCESS] LF Search Complete
2026-01-25 07:11:42 | INFO     | [Worker_9234] Completed: ASW-JED - 8 results, 0 errors
2026-01-25 07:11:42 | INFO     | [Worker_9234] Processing: ATZ-DMM
2026-01-25 07:11:42 | INFO     |   Tier 0: Range 4, Chunk 1/4 (8 days)
