2026-01-25 07:28:29 | INFO     | ======================================================================
2026-01-25 07:28:29 | INFO     | Load Factor Scraper Started - Route: ATZ-JED
2026-01-25 07:28:29 | INFO     | Log file: D:\CODERED\LAB\Artifacts\outputs\run_generated_250126_at_07.06\logs\LF_ATZ-JED_20260125_072829.log
2026-01-25 07:28:29 | INFO     | Enhanced logging: Capturing both logging.info() and print()
2026-01-25 07:28:29 | INFO     | ======================================================================
2026-01-25 07:28:29 | INFO     | Starting LF search for route: ATZ-JED
2026-01-25 07:28:29 | INFO     | [START] LF Search
2026-01-25 07:28:29 | INFO     | [HEALTH CHECK] [OK] Chrome connection is healthy
2026-01-25 07:28:29 | INFO     | [DAY_START] Processing 04APR
2026-01-25 07:28:29 | INFO     | [lf.day.start] Processing ATZ-JED for 04APR
2026-01-25 07:28:31 | INFO     | [lf.day.flights_found] Found 1 flights on 04APR
2026-01-25 07:28:33 | INFO     | [lf.flight.extracted] SM455 on 04APR: BKG=20, LF=11.2%
2026-01-25 07:28:36 | INFO     | [SUCCESS] Day 04APR
2026-01-25 07:28:36 | INFO     | [DAY_START] Processing 03APR
2026-01-25 07:28:36 | INFO     | [lf.day.start] Processing ATZ-JED for 03APR
2026-01-25 07:28:37 | INFO     | [lf.day.flights_found] Found 1 flights on 03APR
2026-01-25 07:28:39 | INFO     | [lf.flight.extracted] SM455 on 03APR: BKG=15, LF=8.4%
2026-01-25 07:28:42 | INFO     | [SUCCESS] Day 03APR
2026-01-25 07:28:42 | INFO     | [DAY_START] Processing 02APR
2026-01-25 07:28:42 | INFO     | [lf.day.start] Processing ATZ-JED for 02APR
2026-01-25 07:28:43 | INFO     | [lf.day.flights_found] Found 1 flights on 02APR
2026-01-25 07:28:45 | INFO     | [lf.flight.extracted] SM455 on 02APR: BKG=13, LF=7.3%
2026-01-25 07:28:48 | INFO     | [SUCCESS] Day 02APR
2026-01-25 07:28:48 | INFO     | [DAY_START] Processing 01APR
2026-01-25 07:28:48 | INFO     | [lf.day.start] Processing ATZ-JED for 01APR
2026-01-25 07:28:49 | INFO     | [lf.day.flights_found] Found 1 flights on 01APR
2026-01-25 07:28:51 | INFO     | [lf.flight.extracted] SM455 on 01APR: BKG=26, LF=14.5%
2026-01-25 07:28:55 | INFO     | [SUCCESS] Day 01APR
2026-01-25 07:28:55 | INFO     | [DAY_START] Processing 31MAR
2026-01-25 07:28:55 | INFO     | [lf.day.start] Processing ATZ-JED for 31MAR
2026-01-25 07:28:56 | INFO     | [lf.day.flights_found] Found 1 flights on 31MAR
2026-01-25 07:28:58 | INFO     | [lf.flight.extracted] SM455 on 31MAR: BKG=12, LF=6.7%
2026-01-25 07:29:01 | INFO     | [SUCCESS] Day 31MAR
2026-01-25 07:29:01 | INFO     | [DAY_START] Processing 30MAR
2026-01-25 07:29:01 | INFO     | [lf.day.start] Processing ATZ-JED for 30MAR
2026-01-25 07:29:02 | INFO     | [lf.day.flights_found] Found 1 flights on 30MAR
2026-01-25 07:29:04 | INFO     | [lf.flight.extracted] SM455 on 30MAR: BKG=27, LF=15.1%
2026-01-25 07:29:07 | INFO     | [SUCCESS] Day 30MAR
2026-01-25 07:29:07 | INFO     | [DAY_START] Processing 29MAR
2026-01-25 07:29:07 | INFO     | [lf.day.start] Processing ATZ-JED for 29MAR
2026-01-25 07:29:08 | INFO     | [lf.day.flights_found] Found 1 flights on 29MAR
2026-01-25 07:29:10 | INFO     | [lf.flight.extracted] SM455 on 29MAR: BKG=30, LF=16.8%
2026-01-25 07:29:14 | INFO     | [SUCCESS] Day 29MAR
2026-01-25 07:29:14 | INFO     | [DAY_START] Processing 28MAR
2026-01-25 07:29:14 | INFO     | [lf.day.start] Processing ATZ-JED for 28MAR
2026-01-25 07:29:15 | INFO     | [lf.day.flights_found] Found 4 flights on 28MAR
2026-01-25 07:29:17 | INFO     | [lf.flight.extracted] SM491 on 28MAR: BKG=29, LF=16.2%
2026-01-25 07:29:21 | INFO     | [lf.flight.extracted] SM453 on 28MAR: BKG=26, LF=14.8%
2026-01-25 07:29:25 | INFO     | [lf.flight.extracted] SM455 on 28MAR: BKG=58, LF=32.4%
2026-01-25 07:29:30 | INFO     | [lf.flight.extracted] SM955 on 28MAR: BKG=55, LF=31.2%
2026-01-25 07:29:47 | INFO     | [SUCCESS] Day 28MAR
2026-01-25 07:29:47 | INFO     | [SUCCESS] LF Search Complete
2026-01-25 07:29:47 | INFO     | [Worker_9225] Completed: ATZ-JED - 8 results, 0 errors
2026-01-25 07:29:47 | INFO     | [Worker_9225] Processing: MED-HBE
2026-01-25 07:29:47 | INFO     |   Tier 0: Range 2, Chunk 1/4 (8 days)
