2026-01-25 07:55:28 | INFO     | ======================================================================
2026-01-25 07:55:28 | INFO     | Load Factor Scraper Started - Route: ATZ-AHB
2026-01-25 07:55:28 | INFO     | Log file: D:\CODERED\LAB\Artifacts\outputs\run_generated_250126_at_07.06\logs\LF_ATZ-AHB_20260125_075528.log
2026-01-25 07:55:28 | INFO     | Enhanced logging: Capturing both logging.info() and print()
2026-01-25 07:55:28 | INFO     | ======================================================================
2026-01-25 07:55:28 | INFO     | Starting LF search for route: ATZ-AHB
2026-01-25 07:55:28 | INFO     | [START] LF Search
2026-01-25 07:55:29 | INFO     | [HEALTH CHECK] [OK] Chrome connection is healthy
2026-01-25 07:55:29 | INFO     | [DAY_START] Processing 16FEB
2026-01-25 07:55:29 | INFO     | [lf.day.start] Processing ATZ-AHB for 16FEB
2026-01-25 07:55:30 | WARNING  | [lf.day.no_flights] No direct flights on 16FEB
2026-01-25 07:55:30 | INFO     | [SUCCESS] Day 16FEB
2026-01-25 07:55:30 | INFO     | [DAY_START] Processing 15FEB
2026-01-25 07:55:30 | INFO     | [lf.day.start] Processing ATZ-AHB for 15FEB
2026-01-25 07:55:32 | WARNING  | [lf.day.no_flights] No direct flights on 15FEB
2026-01-25 07:55:32 | INFO     | [SUCCESS] Day 15FEB
2026-01-25 07:55:32 | INFO     | [DAY_START] Processing 14FEB
2026-01-25 07:55:32 | INFO     | [lf.day.start] Processing ATZ-AHB for 14FEB
2026-01-25 07:55:33 | WARNING  | [lf.day.no_flights] No direct flights on 14FEB
2026-01-25 07:55:33 | INFO     | [SUCCESS] Day 14FEB
2026-01-25 07:55:33 | INFO     | [DAY_START] Processing 13FEB
2026-01-25 07:55:33 | INFO     | [lf.day.start] Processing ATZ-AHB for 13FEB
2026-01-25 07:55:34 | INFO     | [lf.day.flights_found] Found 1 flights on 13FEB
2026-01-25 07:55:36 | INFO     | [lf.flight.extracted] SM445 on 13FEB: BKG=24, LF=13.4%
2026-01-25 07:55:40 | INFO     | [SUCCESS] Day 13FEB
2026-01-25 07:55:40 | INFO     | [DAY_START] Processing 12FEB
2026-01-25 07:55:40 | INFO     | [lf.day.start] Processing ATZ-AHB for 12FEB
2026-01-25 07:55:41 | WARNING  | [lf.day.no_flights] No direct flights on 12FEB
2026-01-25 07:55:41 | INFO     | [SUCCESS] Day 12FEB
2026-01-25 07:55:41 | INFO     | [DAY_START] Processing 11FEB
2026-01-25 07:55:41 | INFO     | [lf.day.start] Processing ATZ-AHB for 11FEB
2026-01-25 07:55:43 | WARNING  | [lf.day.no_flights] No direct flights on 11FEB
2026-01-25 07:55:43 | INFO     | [SUCCESS] Day 11FEB
2026-01-25 07:55:43 | INFO     | [DAY_START] Processing 10FEB
2026-01-25 07:55:43 | INFO     | [lf.day.start] Processing ATZ-AHB for 10FEB
2026-01-25 07:55:44 | WARNING  | [lf.day.no_flights] No direct flights on 10FEB
2026-01-25 07:55:44 | INFO     | [SUCCESS] Day 10FEB
2026-01-25 07:55:44 | INFO     | [DAY_START] Processing 09FEB
2026-01-25 07:55:44 | INFO     | [lf.day.start] Processing ATZ-AHB for 09FEB
2026-01-25 07:55:46 | WARNING  | [lf.day.no_flights] No direct flights on 09FEB
2026-01-25 07:55:46 | INFO     | [SUCCESS] Day 09FEB
2026-01-25 07:55:46 | INFO     | [SUCCESS] LF Search Complete
2026-01-25 07:55:46 | INFO     | [Worker_9223] Completed: ATZ-AHB - 8 results, 0 errors
2026-01-25 07:55:46 | INFO     | [Worker_9223] Processing: CAI-GIZ
2026-01-25 07:55:46 | INFO     |   Tier 0: Range 1, Chunk 2/4 (8 days)
