2026-01-25 07:27:38 | INFO     | ======================================================================
2026-01-25 07:27:38 | INFO     | Load Factor Scraper Started - Route: AJF-CAI
2026-01-25 07:27:38 | INFO     | Log file: D:\CODERED\LAB\Artifacts\outputs\run_generated_250126_at_07.06\logs\LF_AJF-CAI_20260125_072738.log
2026-01-25 07:27:38 | INFO     | Enhanced logging: Capturing both logging.info() and print()
2026-01-25 07:27:38 | INFO     | ======================================================================
2026-01-25 07:27:38 | INFO     | Starting LF search for route: AJF-CAI
2026-01-25 07:27:38 | INFO     | [START] LF Search
2026-01-25 07:27:39 | INFO     | [HEALTH CHECK] [OK] Chrome connection is healthy
2026-01-25 07:27:39 | INFO     | [DAY_START] Processing 04APR
2026-01-25 07:27:39 | INFO     | [lf.day.start] Processing AJF-CAI for 04APR
2026-01-25 07:27:40 | WARNING  | [lf.day.no_flights] No direct flights on 04APR
2026-01-25 07:27:40 | INFO     | [SUCCESS] Day 04APR
2026-01-25 07:27:40 | INFO     | [DAY_START] Processing 03APR
2026-01-25 07:27:40 | INFO     | [lf.day.start] Processing AJF-CAI for 03APR
2026-01-25 07:27:42 | INFO     | [lf.day.flights_found] Found 1 flights on 03APR
2026-01-25 07:27:44 | INFO     | [lf.flight.extracted] SM322 on 03APR: BKG=5, LF=2.9%
2026-01-25 07:27:46 | INFO     | [SUCCESS] Day 03APR
2026-01-25 07:27:46 | INFO     | [DAY_START] Processing 02APR
2026-01-25 07:27:46 | INFO     | [lf.day.start] Processing AJF-CAI for 02APR
2026-01-25 07:27:47 | INFO     | [lf.day.flights_found] Found 1 flights on 02APR
2026-01-25 07:27:49 | INFO     | [lf.flight.extracted] SM322 on 02APR: BKG=14, LF=8.0%
2026-01-25 07:27:52 | INFO     | [SUCCESS] Day 02APR
2026-01-25 07:27:52 | INFO     | [DAY_START] Processing 01APR
2026-01-25 07:27:52 | INFO     | [lf.day.start] Processing AJF-CAI for 01APR
2026-01-25 07:27:53 | WARNING  | [lf.day.no_flights] No direct flights on 01APR
2026-01-25 07:27:53 | INFO     | [SUCCESS] Day 01APR
2026-01-25 07:27:53 | INFO     | [DAY_START] Processing 31MAR
2026-01-25 07:27:53 | INFO     | [lf.day.start] Processing AJF-CAI for 31MAR
2026-01-25 07:27:55 | WARNING  | [lf.day.no_flights] No direct flights on 31MAR
2026-01-25 07:27:55 | INFO     | [SUCCESS] Day 31MAR
2026-01-25 07:27:55 | INFO     | [DAY_START] Processing 30MAR
2026-01-25 07:27:55 | INFO     | [lf.day.start] Processing AJF-CAI for 30MAR
2026-01-25 07:27:56 | WARNING  | [lf.day.no_flights] No direct flights on 30MAR
2026-01-25 07:27:56 | INFO     | [SUCCESS] Day 30MAR
2026-01-25 07:27:56 | INFO     | [DAY_START] Processing 29MAR
2026-01-25 07:27:56 | INFO     | [lf.day.start] Processing AJF-CAI for 29MAR
2026-01-25 07:27:57 | WARNING  | [lf.day.no_flights] No direct flights on 29MAR
2026-01-25 07:27:57 | INFO     | [SUCCESS] Day 29MAR
2026-01-25 07:27:57 | INFO     | [DAY_START] Processing 28MAR
2026-01-25 07:27:57 | INFO     | [lf.day.start] Processing AJF-CAI for 28MAR
2026-01-25 07:27:58 | INFO     | [lf.day.flights_found] Found 1 flights on 28MAR
2026-01-25 07:28:00 | INFO     | [lf.flight.extracted] SM322 on 28MAR: BKG=7, LF=4.0%
2026-01-25 07:28:03 | INFO     | [SUCCESS] Day 28MAR
2026-01-25 07:28:03 | INFO     | [SUCCESS] LF Search Complete
2026-01-25 07:28:03 | INFO     | [Worker_9233] Completed: AJF-CAI - 8 results, 0 errors
2026-01-25 07:28:03 | INFO     | [Worker_9233] Processing: GIZ-CAI
2026-01-25 07:28:03 | INFO     |   Tier 0: Range 3, Chunk 4/4 (8 days)
