2026-01-25 07:13:43 | INFO     | ======================================================================
2026-01-25 07:13:43 | INFO     | Load Factor Scraper Started - Route: ASW-JED
2026-01-25 07:13:43 | INFO     | Log file: D:\CODERED\LAB\Artifacts\outputs\run_generated_250126_at_07.06\logs\LF_ASW-JED_20260125_071343.log
2026-01-25 07:13:43 | INFO     | Enhanced logging: Capturing both logging.info() and print()
2026-01-25 07:13:43 | INFO     | ======================================================================
2026-01-25 07:13:43 | INFO     | Starting LF search for route: ASW-JED
2026-01-25 07:13:43 | INFO     | [START] LF Search
2026-01-25 07:13:44 | INFO     | [HEALTH CHECK] [OK] Chrome connection is healthy
2026-01-25 07:13:44 | INFO     | [DAY_START] Processing 22MAY
2026-01-25 07:13:44 | INFO     | [lf.day.start] Processing ASW-JED for 22MAY
2026-01-25 07:13:45 | WARNING  | [lf.day.no_flights] No direct flights on 22MAY
2026-01-25 07:13:45 | INFO     | [SUCCESS] Day 22MAY
2026-01-25 07:13:45 | INFO     | [DAY_START] Processing 21MAY
2026-01-25 07:13:45 | INFO     | [lf.day.start] Processing ASW-JED for 21MAY
2026-01-25 07:13:46 | WARNING  | [lf.day.no_flights] No direct flights on 21MAY
2026-01-25 07:13:46 | INFO     | [SUCCESS] Day 21MAY
2026-01-25 07:13:46 | INFO     | [DAY_START] Processing 20MAY
2026-01-25 07:13:46 | INFO     | [lf.day.start] Processing ASW-JED for 20MAY
2026-01-25 07:13:47 | WARNING  | [lf.day.no_flights] No direct flights on 20MAY
2026-01-25 07:13:47 | INFO     | [SUCCESS] Day 20MAY
2026-01-25 07:13:47 | INFO     | [DAY_START] Processing 19MAY
2026-01-25 07:13:47 | INFO     | [lf.day.start] Processing ASW-JED for 19MAY
2026-01-25 07:13:48 | WARNING  | [lf.day.no_flights] No direct flights on 19MAY
2026-01-25 07:13:48 | INFO     | [SUCCESS] Day 19MAY
2026-01-25 07:13:48 | INFO     | [DAY_START] Processing 18MAY
2026-01-25 07:13:48 | INFO     | [lf.day.start] Processing ASW-JED for 18MAY
2026-01-25 07:13:50 | WARNING  | [lf.day.no_flights] No direct flights on 18MAY
2026-01-25 07:13:50 | INFO     | [SUCCESS] Day 18MAY
2026-01-25 07:13:50 | INFO     | [DAY_START] Processing 17MAY
2026-01-25 07:13:50 | INFO     | [lf.day.start] Processing ASW-JED for 17MAY
2026-01-25 07:13:51 | WARNING  | [lf.day.no_flights] No direct flights on 17MAY
2026-01-25 07:13:51 | INFO     | [SUCCESS] Day 17MAY
2026-01-25 07:13:51 | INFO     | [DAY_START] Processing 16MAY
2026-01-25 07:13:51 | INFO     | [lf.day.start] Processing ASW-JED for 16MAY
2026-01-25 07:13:53 | WARNING  | [lf.day.no_flights] No direct flights on 16MAY
2026-01-25 07:13:53 | INFO     | [SUCCESS] Day 16MAY
2026-01-25 07:13:53 | INFO     | [DAY_START] Processing 15MAY
2026-01-25 07:13:53 | INFO     | [lf.day.start] Processing ASW-JED for 15MAY
2026-01-25 07:13:54 | WARNING  | [lf.day.no_flights] No direct flights on 15MAY
2026-01-25 07:13:54 | INFO     | [SUCCESS] Day 15MAY
2026-01-25 07:13:54 | INFO     | [SUCCESS] LF Search Complete
2026-01-25 07:13:54 | INFO     | [Worker_9223] Completed: ASW-JED - 8 results, 0 errors
2026-01-25 07:13:54 | INFO     | [Worker_9223] Processing: CAI-TUU
2026-01-25 07:13:54 | INFO     |   Tier 0: Range 4, Chunk 2/4 (8 days)
