2026-01-25 07:23:31 | INFO     | ======================================================================
2026-01-25 07:23:31 | INFO     | Load Factor Scraper Started - Route: CAI-DMM
2026-01-25 07:23:31 | INFO     | Log file: D:\CODERED\LAB\Artifacts\outputs\run_generated_250126_at_07.06\logs\LF_CAI-DMM_20260125_072331.log
2026-01-25 07:23:31 | INFO     | Enhanced logging: Capturing both logging.info() and print()
2026-01-25 07:23:31 | INFO     | ======================================================================
2026-01-25 07:23:31 | INFO     | Starting LF search for route: CAI-DMM
2026-01-25 07:23:31 | INFO     | [START] LF Search
2026-01-25 07:23:31 | INFO     | [HEALTH CHECK] [OK] Chrome connection is healthy
2026-01-25 07:23:31 | INFO     | [DAY_START] Processing 20APR
2026-01-25 07:23:31 | INFO     | [lf.day.start] Processing CAI-DMM for 20APR
2026-01-25 07:23:33 | INFO     | [lf.day.flights_found] Found 1 flights on 20APR
2026-01-25 07:23:35 | INFO     | [lf.flight.extracted] SM433 on 20APR: BKG=8, LF=4.5%
2026-01-25 07:23:38 | INFO     | [SUCCESS] Day 20APR
2026-01-25 07:23:38 | INFO     | [DAY_START] Processing 19APR
2026-01-25 07:23:38 | INFO     | [lf.day.start] Processing CAI-DMM for 19APR
2026-01-25 07:23:39 | INFO     | [lf.day.flights_found] Found 1 flights on 19APR
2026-01-25 07:23:41 | INFO     | [lf.flight.extracted] SM439 on 19APR: BKG=4, LF=2.2%
2026-01-25 07:23:43 | INFO     | [SUCCESS] Day 19APR
2026-01-25 07:23:43 | INFO     | [DAY_START] Processing 18APR
2026-01-25 07:23:43 | INFO     | [lf.day.start] Processing CAI-DMM for 18APR
2026-01-25 07:23:44 | INFO     | [lf.day.flights_found] Found 1 flights on 18APR
2026-01-25 07:23:46 | INFO     | [lf.flight.extracted] SM433 on 18APR: BKG=9, LF=5.0%
2026-01-25 07:23:49 | INFO     | [SUCCESS] Day 18APR
2026-01-25 07:23:49 | INFO     | [DAY_START] Processing 17APR
2026-01-25 07:23:49 | INFO     | [lf.day.start] Processing CAI-DMM for 17APR
2026-01-25 07:23:50 | INFO     | [lf.day.flights_found] Found 1 flights on 17APR
2026-01-25 07:23:52 | INFO     | [lf.flight.extracted] SM439 on 17APR: BKG=11, LF=6.2%
2026-01-25 07:23:54 | INFO     | [SUCCESS] Day 17APR
2026-01-25 07:23:54 | INFO     | [DAY_START] Processing 16APR
2026-01-25 07:23:54 | INFO     | [lf.day.start] Processing CAI-DMM for 16APR
2026-01-25 07:23:56 | INFO     | [lf.day.flights_found] Found 1 flights on 16APR
2026-01-25 07:23:57 | INFO     | [lf.flight.extracted] SM433 on 16APR: BKG=14, LF=7.8%
2026-01-25 07:24:00 | INFO     | [SUCCESS] Day 16APR
2026-01-25 07:24:00 | INFO     | [DAY_START] Processing 15APR
2026-01-25 07:24:00 | INFO     | [lf.day.start] Processing CAI-DMM for 15APR
2026-01-25 07:24:01 | INFO     | [lf.day.flights_found] Found 1 flights on 15APR
2026-01-25 07:24:03 | INFO     | [lf.flight.extracted] SM433 on 15APR: BKG=9, LF=5.0%
2026-01-25 07:24:06 | INFO     | [SUCCESS] Day 15APR
2026-01-25 07:24:06 | INFO     | [DAY_START] Processing 14APR
2026-01-25 07:24:06 | INFO     | [lf.day.start] Processing CAI-DMM for 14APR
2026-01-25 07:24:07 | INFO     | [lf.day.flights_found] Found 1 flights on 14APR
2026-01-25 07:24:09 | INFO     | [lf.flight.extracted] SM433 on 14APR: BKG=15, LF=8.4%
2026-01-25 07:24:12 | INFO     | [SUCCESS] Day 14APR
2026-01-25 07:24:12 | INFO     | [DAY_START] Processing 13APR
2026-01-25 07:24:12 | INFO     | [lf.day.start] Processing CAI-DMM for 13APR
2026-01-25 07:24:13 | INFO     | [lf.day.flights_found] Found 1 flights on 13APR
2026-01-25 07:24:15 | INFO     | [lf.flight.extracted] SM433 on 13APR: BKG=15, LF=8.4%
2026-01-25 07:24:18 | INFO     | [SUCCESS] Day 13APR
2026-01-25 07:24:18 | INFO     | [SUCCESS] LF Search Complete
2026-01-25 07:24:18 | INFO     | [Worker_9226] Completed: CAI-DMM - 8 results, 0 errors
2026-01-25 07:24:18 | INFO     | [Worker_9226] Processing: JED-CAI
2026-01-25 07:24:18 | INFO     |   Tier 0: Range 3, Chunk 3/4 (8 days)
