2026-01-25 07:23:32 | INFO     | ======================================================================
2026-01-25 07:23:32 | INFO     | Load Factor Scraper Started - Route: CAI-TUU
2026-01-25 07:23:32 | INFO     | Log file: D:\CODERED\LAB\Artifacts\outputs\run_generated_250126_at_07.06\logs\LF_CAI-TUU_20260125_072332.log
2026-01-25 07:23:32 | INFO     | Enhanced logging: Capturing both logging.info() and print()
2026-01-25 07:23:32 | INFO     | ======================================================================
2026-01-25 07:23:32 | INFO     | Starting LF search for route: CAI-TUU
2026-01-25 07:23:32 | INFO     | [START] LF Search
2026-01-25 07:23:33 | INFO     | [HEALTH CHECK] [OK] Chrome connection is healthy
2026-01-25 07:23:33 | INFO     | [DAY_START] Processing 20APR
2026-01-25 07:23:33 | INFO     | [lf.day.start] Processing CAI-TUU for 20APR
2026-01-25 07:23:34 | WARNING  | [lf.day.no_flights] No direct flights on 20APR
2026-01-25 07:23:34 | INFO     | [SUCCESS] Day 20APR
2026-01-25 07:23:34 | INFO     | [DAY_START] Processing 19APR
2026-01-25 07:23:34 | INFO     | [lf.day.start] Processing CAI-TUU for 19APR
2026-01-25 07:23:35 | WARNING  | [lf.day.no_flights] No direct flights on 19APR
2026-01-25 07:23:35 | INFO     | [SUCCESS] Day 19APR
2026-01-25 07:23:35 | INFO     | [DAY_START] Processing 18APR
2026-01-25 07:23:35 | INFO     | [lf.day.start] Processing CAI-TUU for 18APR
2026-01-25 07:23:37 | INFO     | [lf.day.flights_found] Found 1 flights on 18APR
2026-01-25 07:23:39 | INFO     | [lf.flight.extracted] SM325 on 18APR: BKG=0, LF=0.0%
2026-01-25 07:23:40 | INFO     | [SUCCESS] Day 18APR
2026-01-25 07:23:40 | INFO     | [DAY_START] Processing 17APR
2026-01-25 07:23:40 | INFO     | [lf.day.start] Processing CAI-TUU for 17APR
2026-01-25 07:23:41 | INFO     | [lf.day.flights_found] Found 1 flights on 17APR
2026-01-25 07:23:43 | INFO     | [lf.flight.extracted] SM325 on 17APR: BKG=4, LF=2.2%
2026-01-25 07:23:45 | INFO     | [SUCCESS] Day 17APR
2026-01-25 07:23:45 | INFO     | [DAY_START] Processing 16APR
2026-01-25 07:23:45 | INFO     | [lf.day.start] Processing CAI-TUU for 16APR
2026-01-25 07:23:46 | INFO     | [lf.day.flights_found] Found 1 flights on 16APR
2026-01-25 07:23:48 | INFO     | [lf.flight.extracted] SM325 on 16APR: BKG=0, LF=0.0%
2026-01-25 07:23:50 | INFO     | [SUCCESS] Day 16APR
2026-01-25 07:23:50 | INFO     | [DAY_START] Processing 15APR
2026-01-25 07:23:50 | INFO     | [lf.day.start] Processing CAI-TUU for 15APR
2026-01-25 07:23:51 | WARNING  | [lf.day.no_flights] No direct flights on 15APR
2026-01-25 07:23:51 | INFO     | [SUCCESS] Day 15APR
2026-01-25 07:23:51 | INFO     | [DAY_START] Processing 14APR
2026-01-25 07:23:51 | INFO     | [lf.day.start] Processing CAI-TUU for 14APR
2026-01-25 07:23:52 | INFO     | [lf.day.flights_found] Found 1 flights on 14APR
2026-01-25 07:23:54 | INFO     | [lf.flight.extracted] SM325 on 14APR: BKG=1, LF=0.6%
2026-01-25 07:23:56 | INFO     | [SUCCESS] Day 14APR
2026-01-25 07:23:56 | INFO     | [DAY_START] Processing 13APR
2026-01-25 07:23:56 | INFO     | [lf.day.start] Processing CAI-TUU for 13APR
2026-01-25 07:23:57 | WARNING  | [lf.day.no_flights] No direct flights on 13APR
2026-01-25 07:23:57 | INFO     | [SUCCESS] Day 13APR
2026-01-25 07:23:57 | INFO     | [SUCCESS] LF Search Complete
2026-01-25 07:23:57 | INFO     | [Worker_9222] Completed: CAI-TUU - 8 results, 0 errors
2026-01-25 07:23:57 | INFO     | [Worker_9222] Processing: ATZ-AHB
2026-01-25 07:23:57 | INFO     |   Tier 0: Range 3, Chunk 2/4 (8 days)
