2026-01-25 07:49:55 | INFO     | ======================================================================
2026-01-25 07:49:55 | INFO     | Load Factor Scraper Started - Route: CAI-YNB
2026-01-25 07:49:55 | INFO     | Log file: D:\CODERED\LAB\Artifacts\outputs\run_generated_250126_at_07.06\logs\LF_CAI-YNB_20260125_074955.log
2026-01-25 07:49:55 | INFO     | Enhanced logging: Capturing both logging.info() and print()
2026-01-25 07:49:55 | INFO     | ======================================================================
2026-01-25 07:49:55 | INFO     | Starting LF search for route: CAI-YNB
2026-01-25 07:49:55 | INFO     | [START] LF Search
2026-01-25 07:49:56 | INFO     | [HEALTH CHECK] [OK] Chrome connection is healthy
2026-01-25 07:49:56 | INFO     | [DAY_START] Processing 24FEB
2026-01-25 07:49:56 | INFO     | [lf.day.start] Processing CAI-YNB for 24FEB
2026-01-25 07:49:57 | INFO     | [lf.day.flights_found] Found 3 flights on 24FEB
2026-01-25 07:50:00 | INFO     | [lf.flight.extracted] SM941 on 24FEB: BKG=175, LF=97.8%
2026-01-25 07:50:04 | INFO     | [lf.flight.extracted] SM441 on 24FEB: BKG=176, LF=100.0%
2026-01-25 07:50:09 | INFO     | [lf.flight.extracted] SM983 on 24FEB: BKG=175, LF=97.8%
2026-01-25 07:50:14 | INFO     | [SUCCESS] Day 24FEB
2026-01-25 07:50:14 | INFO     | [DAY_START] Processing 23FEB
2026-01-25 07:50:14 | INFO     | [lf.day.start] Processing CAI-YNB for 23FEB
2026-01-25 07:50:15 | INFO     | [lf.day.flights_found] Found 2 flights on 23FEB
2026-01-25 07:50:17 | INFO     | [lf.flight.extracted] SM931 on 23FEB: BKG=0, LF=0.0%
2026-01-25 07:50:21 | INFO     | [lf.flight.extracted] SM441 on 23FEB: BKG=156, LF=87.2%
2026-01-25 07:50:26 | INFO     | [SUCCESS] Day 23FEB
2026-01-25 07:50:26 | INFO     | [DAY_START] Processing 22FEB
2026-01-25 07:50:26 | INFO     | [lf.day.start] Processing CAI-YNB for 22FEB
2026-01-25 07:50:28 | INFO     | [lf.day.flights_found] Found 4 flights on 22FEB
2026-01-25 07:50:30 | INFO     | [lf.flight.extracted] SM441 on 22FEB: BKG=145, LF=81.0%
2026-01-25 07:50:36 | INFO     | [lf.flight.extracted] SM987 on 22FEB: BKG=160, LF=89.4%
2026-01-25 07:50:40 | INFO     | [lf.flight.extracted] SM955 on 22FEB: BKG=175, LF=97.8%
2026-01-25 07:50:45 | INFO     | [lf.flight.extracted] SM985 on 22FEB: BKG=170, LF=95.0%
2026-01-25 07:50:53 | INFO     | [SUCCESS] Day 22FEB
2026-01-25 07:50:53 | INFO     | [DAY_START] Processing 21FEB
2026-01-25 07:50:53 | INFO     | [lf.day.start] Processing CAI-YNB for 21FEB
2026-01-25 07:50:54 | INFO     | [lf.day.flights_found] Found 1 flights on 21FEB
2026-01-25 07:50:56 | INFO     | [lf.flight.extracted] SM441 on 21FEB: BKG=145, LF=81.0%
2026-01-25 07:50:58 | INFO     | [SUCCESS] Day 21FEB
2026-01-25 07:50:58 | INFO     | [DAY_START] Processing 20FEB
2026-01-25 07:50:58 | INFO     | [lf.day.start] Processing CAI-YNB for 20FEB
2026-01-25 07:51:00 | INFO     | [lf.day.flights_found] Found 2 flights on 20FEB
2026-01-25 07:51:02 | INFO     | [lf.flight.extracted] SM931 on 20FEB: BKG=0, LF=0.0%
2026-01-25 07:51:05 | INFO     | [lf.flight.extracted] SM441 on 20FEB: BKG=143, LF=79.9%
2026-01-25 07:51:08 | INFO     | [SUCCESS] Day 20FEB
2026-01-25 07:51:08 | INFO     | [DAY_START] Processing 19FEB
2026-01-25 07:51:08 | INFO     | [lf.day.start] Processing CAI-YNB for 19FEB
2026-01-25 07:51:09 | INFO     | [lf.day.flights_found] Found 3 flights on 19FEB
2026-01-25 07:51:11 | INFO     | [lf.flight.extracted] SM931 on 19FEB: BKG=0, LF=0.0%
2026-01-25 07:51:14 | INFO     | [lf.flight.extracted] SM933 on 19FEB: BKG=0, LF=0.0%
2026-01-25 07:51:17 | INFO     | [lf.flight.extracted] SM441 on 19FEB: BKG=141, LF=80.1%
2026-01-25 07:51:20 | INFO     | [SUCCESS] Day 19FEB
2026-01-25 07:51:20 | INFO     | [DAY_START] Processing 18FEB
2026-01-25 07:51:20 | INFO     | [lf.day.start] Processing CAI-YNB for 18FEB
2026-01-25 07:51:21 | INFO     | [lf.day.flights_found] Found 2 flights on 18FEB
2026-01-25 07:51:24 | INFO     | [lf.flight.extracted] SM941 on 18FEB: BKG=170, LF=95.0%
2026-01-25 07:51:27 | INFO     | [lf.flight.extracted] SM441 on 18FEB: BKG=139, LF=77.6%
2026-01-25 07:51:31 | INFO     | [SUCCESS] Day 18FEB
2026-01-25 07:51:31 | INFO     | [DAY_START] Processing 17FEB
2026-01-25 07:51:31 | INFO     | [lf.day.start] Processing CAI-YNB for 17FEB
2026-01-25 07:51:32 | INFO     | [lf.day.flights_found] Found 2 flights on 17FEB
2026-01-25 07:51:34 | INFO     | [lf.flight.extracted] SM933 on 17FEB: BKG=0, LF=0.0%
2026-01-25 07:51:37 | INFO     | [lf.flight.extracted] SM441 on 17FEB: BKG=159, LF=90.3%
2026-01-25 07:51:41 | ERROR    | Atomic write failed for D:\CODERED\LAB\Artifacts\outputs\run_generated_250126_at_07.06\checkpoints\flight_booking_data.json: [WinError 5] Access is denied: 'D:\\CODERED\\LAB\\Artifacts\\outputs\\run_generated_250126_at_07.06\\checkpoints\\flight_booking_data.tmp_bb7c5665' -> 'D:\\CODERED\\LAB\\Artifacts\\outputs\\run_generated_250126_at_07.06\\checkpoints\\flight_booking_data.json'
2026-01-25 07:51:42 | INFO     | [SUCCESS] Day 17FEB
2026-01-25 07:51:42 | INFO     | [SUCCESS] LF Search Complete
2026-01-25 07:51:42 | INFO     | [Worker_9223] Completed: CAI-YNB - 8 results, 0 errors
2026-01-25 07:51:42 | INFO     | [Worker_9223] Processing: DMM-CAI
2026-01-25 07:51:42 | INFO     |   Tier 0: Range 1, Chunk 2/4 (8 days)
