2026-01-25 08:04:02 | INFO     | ======================================================================
2026-01-25 08:04:02 | INFO     | Load Factor Scraper Started - Route: CAI-RUH
2026-01-25 08:04:02 | INFO     | Log file: D:\CODERED\LAB\Artifacts\outputs\run_generated_250126_at_07.06\logs\LF_CAI-RUH_20260125_080402.log
2026-01-25 08:04:02 | INFO     | Enhanced logging: Capturing both logging.info() and print()
2026-01-25 08:04:02 | INFO     | ======================================================================
2026-01-25 08:04:02 | INFO     | Starting LF search for route: CAI-RUH
2026-01-25 08:04:02 | INFO     | [START] LF Search
2026-01-25 08:04:02 | INFO     | [HEALTH CHECK] [OK] Chrome connection is healthy
2026-01-25 08:04:02 | INFO     | [DAY_START] Processing 31JAN
2026-01-25 08:04:02 | INFO     | [lf.day.start] Processing CAI-RUH for 31JAN
2026-01-25 08:04:04 | INFO     | [lf.day.flights_found] Found 1 flights on 31JAN
2026-01-25 08:04:05 | INFO     | [lf.flight.extracted] SM461 on 31JAN: BKG=83, LF=46.4%
2026-01-25 08:04:10 | INFO     | [SUCCESS] Day 31JAN
2026-01-25 08:04:10 | INFO     | [DAY_START] Processing 30JAN
2026-01-25 08:04:10 | INFO     | [lf.day.start] Processing CAI-RUH for 30JAN
2026-01-25 08:04:11 | INFO     | [lf.day.flights_found] Found 2 flights on 30JAN
2026-01-25 08:04:13 | INFO     | [lf.flight.extracted] SM461 on 30JAN: BKG=113, LF=63.1%
2026-01-25 08:04:17 | INFO     | [lf.flight.extracted] SM469 on 30JAN: BKG=104, LF=58.1%
2026-01-25 08:04:27 | INFO     | [SUCCESS] Day 30JAN
2026-01-25 08:04:27 | INFO     | [DAY_START] Processing 29JAN
2026-01-25 08:04:27 | INFO     | [lf.day.start] Processing CAI-RUH for 29JAN
2026-01-25 08:04:28 | INFO     | [lf.day.flights_found] Found 1 flights on 29JAN
2026-01-25 08:04:30 | INFO     | [lf.flight.extracted] SM461 on 29JAN: BKG=129, LF=72.1%
2026-01-25 08:04:36 | INFO     | [SUCCESS] Day 29JAN
2026-01-25 08:04:36 | INFO     | [DAY_START] Processing 28JAN
2026-01-25 08:04:36 | INFO     | [lf.day.start] Processing CAI-RUH for 28JAN
2026-01-25 08:04:37 | INFO     | [lf.day.flights_found] Found 2 flights on 28JAN
2026-01-25 08:04:39 | INFO     | [lf.flight.extracted] SM461 on 28JAN: BKG=167, LF=93.3%
2026-01-25 08:04:42 | INFO     | [lf.flight.extracted] SM469 on 28JAN: BKG=153, LF=85.5%
2026-01-25 08:04:53 | INFO     | [SUCCESS] Day 28JAN
2026-01-25 08:04:53 | INFO     | [DAY_START] Processing 27JAN
2026-01-25 08:04:53 | INFO     | [lf.day.start] Processing CAI-RUH for 27JAN
2026-01-25 08:04:54 | INFO     | [lf.day.flights_found] Found 1 flights on 27JAN
2026-01-25 08:04:56 | INFO     | [lf.flight.extracted] SM469 on 27JAN: BKG=162, LF=90.5%
2026-01-25 08:05:02 | INFO     | [SUCCESS] Day 27JAN
2026-01-25 08:05:02 | INFO     | [DAY_START] Processing 26JAN
2026-01-25 08:05:02 | INFO     | [lf.day.start] Processing CAI-RUH for 26JAN
2026-01-25 08:05:03 | INFO     | [lf.day.flights_found] Found 1 flights on 26JAN
2026-01-25 08:05:06 | INFO     | [lf.flight.extracted] SM469 on 26JAN: BKG=171, LF=95.5%
2026-01-25 08:05:12 | INFO     | [SUCCESS] Day 26JAN
2026-01-25 08:05:12 | INFO     | [SUCCESS] LF Search Complete
2026-01-25 08:05:24 | INFO     | [Worker_9222] Completed: CAI-RUH - 6 results, 0 errors
2026-01-25 08:05:24 | INFO     | [Worker_9222] Processing: ATZ-ELQ
2026-01-25 08:05:24 | INFO     |   Tier 0: Range 1, Chunk 4/4 (7 days)
