2026-01-25 08:04:50 | INFO     | ======================================================================
2026-01-25 08:04:50 | INFO     | Load Factor Scraper Started - Route: CAI-YNB
2026-01-25 08:04:50 | INFO     | Log file: D:\CODERED\LAB\Artifacts\outputs\run_generated_250126_at_07.06\logs\LF_CAI-YNB_20260125_080450.log
2026-01-25 08:04:50 | INFO     | Enhanced logging: Capturing both logging.info() and print()
2026-01-25 08:04:50 | INFO     | ======================================================================
2026-01-25 08:04:50 | INFO     | Starting LF search for route: CAI-YNB
2026-01-25 08:04:50 | INFO     | [START] LF Search
2026-01-25 08:04:51 | INFO     | [HEALTH CHECK] [OK] Chrome connection is healthy
2026-01-25 08:04:51 | INFO     | [DAY_START] Processing 31JAN
2026-01-25 08:04:51 | INFO     | [lf.day.start] Processing CAI-YNB for 31JAN
2026-01-25 08:04:52 | INFO     | [lf.day.flights_found] Found 1 flights on 31JAN
2026-01-25 08:04:54 | INFO     | [lf.flight.extracted] SM441 on 31JAN: BKG=62, LF=34.6%
2026-01-25 08:04:57 | INFO     | [SUCCESS] Day 31JAN
2026-01-25 08:04:57 | INFO     | [DAY_START] Processing 30JAN
2026-01-25 08:04:57 | INFO     | [lf.day.start] Processing CAI-YNB for 30JAN
2026-01-25 08:04:58 | INFO     | [lf.day.flights_found] Found 1 flights on 30JAN
2026-01-25 08:05:00 | INFO     | [lf.flight.extracted] SM441 on 30JAN: BKG=89, LF=49.7%
2026-01-25 08:05:04 | INFO     | [SUCCESS] Day 30JAN
2026-01-25 08:05:04 | INFO     | [DAY_START] Processing 29JAN
2026-01-25 08:05:04 | INFO     | [lf.day.start] Processing CAI-YNB for 29JAN
2026-01-25 08:05:05 | INFO     | [lf.day.flights_found] Found 1 flights on 29JAN
2026-01-25 08:05:07 | INFO     | [lf.flight.extracted] SM441 on 29JAN: BKG=146, LF=81.6%
2026-01-25 08:05:12 | INFO     | [SUCCESS] Day 29JAN
2026-01-25 08:05:12 | INFO     | [DAY_START] Processing 28JAN
2026-01-25 08:05:12 | INFO     | [lf.day.start] Processing CAI-YNB for 28JAN
2026-01-25 08:05:13 | INFO     | [lf.day.flights_found] Found 1 flights on 28JAN
2026-01-25 08:05:15 | INFO     | [lf.flight.extracted] SM441 on 28JAN: BKG=146, LF=81.6%
2026-01-25 08:05:20 | INFO     | [SUCCESS] Day 28JAN
2026-01-25 08:05:20 | INFO     | [DAY_START] Processing 27JAN
2026-01-25 08:05:20 | INFO     | [lf.day.start] Processing CAI-YNB for 27JAN
2026-01-25 08:05:21 | INFO     | [lf.day.flights_found] Found 1 flights on 27JAN
2026-01-25 08:05:23 | INFO     | [lf.flight.extracted] SM441 on 27JAN: BKG=176, LF=98.3%
2026-01-25 08:05:29 | INFO     | [SUCCESS] Day 27JAN
2026-01-25 08:05:29 | INFO     | [DAY_START] Processing 26JAN
2026-01-25 08:05:29 | INFO     | [lf.day.start] Processing CAI-YNB for 26JAN
2026-01-25 08:05:30 | INFO     | [lf.day.flights_found] Found 1 flights on 26JAN
2026-01-25 08:05:32 | INFO     | [lf.flight.extracted] SM441 on 26JAN: BKG=176, LF=98.3%
2026-01-25 08:05:37 | INFO     | [SUCCESS] Day 26JAN
2026-01-25 08:05:37 | INFO     | [SUCCESS] LF Search Complete
2026-01-25 08:05:37 | INFO     | [Worker_9223] Completed: CAI-YNB - 6 results, 0 errors
2026-01-25 09:00:03 | INFO     | [Worker_9223] Shutdown signal received, exiting...
2026-01-25 09:00:03 | INFO     | [Worker_9223] Finished. Processed 88 groups.
