2026-01-25 07:26:19 | INFO     | ======================================================================
2026-01-25 07:26:19 | INFO     | Load Factor Scraper Started - Route: CAI-YNB
2026-01-25 07:26:19 | INFO     | Log file: D:\CODERED\LAB\Artifacts\outputs\run_generated_250126_at_07.06\logs\LF_CAI-YNB_20260125_072619.log
2026-01-25 07:26:19 | INFO     | Enhanced logging: Capturing both logging.info() and print()
2026-01-25 07:26:19 | INFO     | ======================================================================
2026-01-25 07:26:19 | INFO     | Starting LF search for route: CAI-YNB
2026-01-25 07:26:19 | INFO     | [START] LF Search
2026-01-25 07:26:20 | INFO     | [HEALTH CHECK] [OK] Chrome connection is healthy
2026-01-25 07:26:20 | INFO     | [DAY_START] Processing 12APR
2026-01-25 07:26:20 | INFO     | [lf.day.start] Processing CAI-YNB for 12APR
2026-01-25 07:26:22 | INFO     | [lf.day.flights_found] Found 1 flights on 12APR
2026-01-25 07:26:24 | INFO     | [lf.flight.extracted] SM441 on 12APR: BKG=4, LF=2.2%
2026-01-25 07:26:27 | INFO     | [SUCCESS] Day 12APR
2026-01-25 07:26:27 | INFO     | [DAY_START] Processing 11APR
2026-01-25 07:26:27 | INFO     | [lf.day.start] Processing CAI-YNB for 11APR
2026-01-25 07:26:28 | INFO     | [lf.day.flights_found] Found 1 flights on 11APR
2026-01-25 07:26:52 | INFO     | [lf.flight.extracted] SM447 on 11APR: BKG=9, LF=5.0%
2026-01-25 07:26:55 | INFO     | [SUCCESS] Day 11APR
2026-01-25 07:26:55 | INFO     | [DAY_START] Processing 10APR
2026-01-25 07:26:55 | INFO     | [lf.day.start] Processing CAI-YNB for 10APR
2026-01-25 07:26:56 | INFO     | [lf.day.flights_found] Found 1 flights on 10APR
2026-01-25 07:26:58 | INFO     | [lf.flight.extracted] SM441 on 10APR: BKG=12, LF=6.7%
2026-01-25 07:27:01 | INFO     | [SUCCESS] Day 10APR
2026-01-25 07:27:01 | INFO     | [DAY_START] Processing 09APR
2026-01-25 07:27:01 | INFO     | [lf.day.start] Processing CAI-YNB for 09APR
2026-01-25 07:27:02 | INFO     | [lf.day.flights_found] Found 1 flights on 09APR
2026-01-25 07:27:04 | INFO     | [lf.flight.extracted] SM441 on 09APR: BKG=8, LF=4.5%
2026-01-25 07:27:06 | INFO     | [SUCCESS] Day 09APR
2026-01-25 07:27:06 | INFO     | [DAY_START] Processing 08APR
2026-01-25 07:27:06 | INFO     | [lf.day.start] Processing CAI-YNB for 08APR
2026-01-25 07:27:08 | INFO     | [lf.day.flights_found] Found 1 flights on 08APR
2026-01-25 07:27:09 | INFO     | [lf.flight.extracted] SM441 on 08APR: BKG=2, LF=1.1%
2026-01-25 07:27:12 | INFO     | [SUCCESS] Day 08APR
2026-01-25 07:27:12 | INFO     | [DAY_START] Processing 07APR
2026-01-25 07:27:12 | INFO     | [lf.day.start] Processing CAI-YNB for 07APR
2026-01-25 07:27:13 | INFO     | [lf.day.flights_found] Found 1 flights on 07APR
2026-01-25 07:27:15 | INFO     | [lf.flight.extracted] SM441 on 07APR: BKG=1, LF=0.6%
2026-01-25 07:27:18 | INFO     | [SUCCESS] Day 07APR
2026-01-25 07:27:18 | INFO     | [DAY_START] Processing 06APR
2026-01-25 07:27:18 | INFO     | [lf.day.start] Processing CAI-YNB for 06APR
2026-01-25 07:27:19 | INFO     | [lf.day.flights_found] Found 1 flights on 06APR
2026-01-25 07:27:21 | INFO     | [lf.flight.extracted] SM441 on 06APR: BKG=0, LF=0.0%
2026-01-25 07:27:22 | INFO     | [SUCCESS] Day 06APR
2026-01-25 07:27:22 | INFO     | [DAY_START] Processing 05APR
2026-01-25 07:27:22 | INFO     | [lf.day.start] Processing CAI-YNB for 05APR
2026-01-25 07:27:23 | INFO     | [lf.day.flights_found] Found 1 flights on 05APR
2026-01-25 07:27:26 | INFO     | [lf.flight.extracted] SM441 on 05APR: BKG=7, LF=3.9%
2026-01-25 07:27:28 | INFO     | [SUCCESS] Day 05APR
2026-01-25 07:27:28 | INFO     | [SUCCESS] LF Search Complete
2026-01-25 07:27:28 | INFO     | [Worker_9233] Completed: CAI-YNB - 8 results, 0 errors
2026-01-25 07:27:28 | INFO     | [Worker_9233] Processing: DMM-ATZ
2026-01-25 07:27:28 | INFO     |   Tier 0: Range 3, Chunk 4/4 (8 days)
