2026-01-25 07:32:12 | INFO     | ======================================================================
2026-01-25 07:32:12 | INFO     | Load Factor Scraper Started - Route: CAI-JED
2026-01-25 07:32:12 | INFO     | Log file: D:\CODERED\LAB\Artifacts\outputs\run_generated_250126_at_07.06\logs\LF_CAI-JED_20260125_073212.log
2026-01-25 07:32:12 | INFO     | Enhanced logging: Capturing both logging.info() and print()
2026-01-25 07:32:12 | INFO     | ======================================================================
2026-01-25 07:32:12 | INFO     | Starting LF search for route: CAI-JED
2026-01-25 07:32:12 | INFO     | [START] LF Search
2026-01-25 07:32:12 | INFO     | [HEALTH CHECK] [OK] Chrome connection is healthy
2026-01-25 07:32:13 | INFO     | [DAY_START] Processing 27MAR
2026-01-25 07:32:13 | INFO     | [lf.day.start] Processing CAI-JED for 27MAR
2026-01-25 07:32:15 | INFO     | [lf.day.flights_found] Found 7 flights on 27MAR
2026-01-25 07:32:16 | INFO     | [lf.flight.extracted] SM975 on 27MAR: BKG=66, LF=36.9%
2026-01-25 07:32:20 | INFO     | [lf.flight.extracted] SM475 on 27MAR: BKG=7, LF=3.9%
2026-01-25 07:32:23 | INFO     | [lf.flight.extracted] SM477 on 27MAR: BKG=1, LF=0.6%
2026-01-25 07:32:26 | INFO     | [lf.flight.extracted] SM479 on 27MAR: BKG=8, LF=4.5%
2026-01-25 07:32:29 | INFO     | [lf.flight.extracted] SM459 on 27MAR: BKG=77, LF=43.0%
2026-01-25 07:32:33 | INFO     | [lf.flight.extracted] SM957 on 27MAR: BKG=76, LF=42.5%
2026-01-25 07:32:36 | INFO     | [lf.flight.extracted] SM471 on 27MAR: BKG=26, LF=14.5%
2026-01-25 07:32:55 | INFO     | [SUCCESS] Day 27MAR
2026-01-25 07:32:55 | INFO     | [DAY_START] Processing 26MAR
2026-01-25 07:32:55 | INFO     | [lf.day.start] Processing CAI-JED for 26MAR
2026-01-25 07:32:57 | INFO     | [lf.day.flights_found] Found 6 flights on 26MAR
2026-01-25 07:33:00 | INFO     | [lf.flight.extracted] SM449 on 26MAR: BKG=1, LF=0.6%
2026-01-25 07:33:03 | INFO     | [lf.flight.extracted] SM475 on 26MAR: BKG=4, LF=2.2%
2026-01-25 07:33:07 | INFO     | [lf.flight.extracted] SM431 on 26MAR: BKG=0, LF=0.0%
2026-01-25 07:33:10 | INFO     | [lf.flight.extracted] SM477 on 26MAR: BKG=2, LF=1.1%
2026-01-25 07:33:14 | INFO     | [lf.flight.extracted] SM423 on 26MAR: BKG=14, LF=7.8%
2026-01-25 07:33:18 | INFO     | [lf.flight.extracted] SM479 on 26MAR: BKG=3, LF=1.7%
2026-01-25 07:33:26 | INFO     | [SUCCESS] Day 26MAR
2026-01-25 07:33:26 | INFO     | [DAY_START] Processing 25MAR
2026-01-25 07:33:26 | INFO     | [lf.day.start] Processing CAI-JED for 25MAR
2026-01-25 07:33:28 | INFO     | [lf.day.flights_found] Found 8 flights on 25MAR
2026-01-25 07:33:30 | INFO     | [lf.flight.extracted] SM2477 on 25MAR: BKG=0, LF=0.0%
2026-01-25 07:33:33 | INFO     | [lf.flight.extracted] SM423 on 25MAR: BKG=4, LF=2.2%
2026-01-25 07:33:37 | INFO     | [lf.flight.extracted] SM475 on 25MAR: BKG=0, LF=0.0%
2026-01-25 07:33:40 | INFO     | [lf.flight.extracted] SM459 on 25MAR: BKG=0, LF=0.0%
2026-01-25 07:33:43 | INFO     | [lf.flight.extracted] SM477 on 25MAR: BKG=3, LF=1.7%
2026-01-25 07:33:46 | INFO     | [lf.flight.extracted] SM2479 on 25MAR: BKG=0, LF=0.0%
2026-01-25 07:33:50 | INFO     | [lf.flight.extracted] SM2461 on 25MAR: BKG=0, LF=0.0%
2026-01-25 07:33:53 | INFO     | [lf.flight.extracted] SM471 on 25MAR: BKG=5, LF=2.8%
2026-01-25 07:33:58 | INFO     | [SUCCESS] Day 25MAR
2026-01-25 07:33:58 | INFO     | [DAY_START] Processing 24MAR
2026-01-25 07:33:58 | INFO     | [lf.day.start] Processing CAI-JED for 24MAR
2026-01-25 07:34:00 | INFO     | [lf.day.flights_found] Found 8 flights on 24MAR
2026-01-25 07:34:02 | INFO     | [lf.flight.extracted] SM471 on 24MAR: BKG=0, LF=0.0%
2026-01-25 07:34:05 | INFO     | [lf.flight.extracted] SM975 on 24MAR: BKG=16, LF=8.9%
2026-01-25 07:34:08 | INFO     | [lf.flight.extracted] SM2481 on 24MAR: BKG=0, LF=0.0%
2026-01-25 07:34:12 | INFO     | [lf.flight.extracted] SM479 on 24MAR: BKG=0, LF=0.0%
2026-01-25 07:34:15 | INFO     | [lf.flight.extracted] SM477 on 24MAR: BKG=0, LF=0.0%
2026-01-25 07:34:18 | INFO     | [lf.flight.extracted] SM459 on 24MAR: BKG=2, LF=1.1%
2026-01-25 07:34:21 | INFO     | [lf.flight.extracted] SM475 on 24MAR: BKG=3, LF=1.7%
2026-01-25 07:34:25 | INFO     | [lf.flight.extracted] SM423 on 24MAR: BKG=0, LF=0.0%
2026-01-25 07:34:30 | INFO     | [SUCCESS] Day 24MAR
2026-01-25 07:34:30 | INFO     | [DAY_START] Processing 23MAR
2026-01-25 07:34:30 | INFO     | [lf.day.start] Processing CAI-JED for 23MAR
2026-01-25 07:34:31 | INFO     | [lf.day.flights_found] Found 6 flights on 23MAR
2026-01-25 07:34:33 | INFO     | [lf.flight.extracted] SM977 on 23MAR: BKG=4, LF=2.2%
2026-01-25 07:34:37 | INFO     | [lf.flight.extracted] SM2457 on 23MAR: BKG=0, LF=0.0%
2026-01-25 07:34:40 | INFO     | [lf.flight.extracted] SM475 on 23MAR: BKG=1, LF=0.6%
2026-01-25 07:34:43 | INFO     | [lf.flight.extracted] SM477 on 23MAR: BKG=0, LF=0.0%
2026-01-25 07:34:46 | INFO     | [lf.flight.extracted] SM957 on 23MAR: BKG=5, LF=2.8%
2026-01-25 07:34:50 | INFO     | [lf.flight.extracted] SM459 on 23MAR: BKG=0, LF=0.0%
2026-01-25 07:34:55 | INFO     | [SUCCESS] Day 23MAR
2026-01-25 07:34:55 | INFO     | [DAY_START] Processing 22MAR
2026-01-25 07:34:55 | INFO     | [lf.day.start] Processing CAI-JED for 22MAR
2026-01-25 07:34:57 | INFO     | [lf.day.flights_found] Found 8 flights on 22MAR
2026-01-25 07:34:59 | INFO     | [lf.flight.extracted] SM977 on 22MAR: BKG=1, LF=0.6%
2026-01-25 07:35:02 | INFO     | [lf.flight.extracted] SM475 on 22MAR: BKG=0, LF=0.0%
2026-01-25 07:35:05 | INFO     | [lf.flight.extracted] SM431 on 22MAR: BKG=0, LF=0.0%
2026-01-25 07:35:08 | INFO     | [lf.flight.extracted] SM2447 on 22MAR: BKG=0, LF=0.0%
2026-01-25 07:35:12 | INFO     | [lf.flight.extracted] SM459 on 22MAR: BKG=0, LF=0.0%
2026-01-25 07:35:15 | INFO     | [lf.flight.extracted] SM975 on 22MAR: BKG=2, LF=1.1%
2026-01-25 07:35:18 | INFO     | [lf.flight.extracted] SM479 on 22MAR: BKG=1, LF=0.6%
2026-01-25 07:35:21 | INFO     | [lf.flight.extracted] SM477 on 22MAR: BKG=0, LF=0.0%
2026-01-25 07:35:26 | INFO     | [SUCCESS] Day 22MAR
2026-01-25 07:35:26 | INFO     | [DAY_START] Processing 21MAR
2026-01-25 07:35:26 | INFO     | [lf.day.start] Processing CAI-JED for 21MAR
2026-01-25 07:35:28 | INFO     | [lf.day.flights_found] Found 4 flights on 21MAR
2026-01-25 07:35:30 | INFO     | [lf.flight.extracted] SM449 on 21MAR: BKG=0, LF=0.0%
2026-01-25 07:35:34 | INFO     | [lf.flight.extracted] SM475 on 21MAR: BKG=0, LF=0.0%
2026-01-25 07:35:37 | INFO     | [lf.flight.extracted] SM477 on 21MAR: BKG=1, LF=0.6%
2026-01-25 07:35:40 | INFO     | [lf.flight.extracted] SM423 on 21MAR: BKG=1, LF=0.6%
2026-01-25 07:35:44 | INFO     | [SUCCESS] Day 21MAR
2026-01-25 07:35:44 | INFO     | [DAY_START] Processing 20MAR
2026-01-25 07:35:44 | INFO     | [lf.day.start] Processing CAI-JED for 20MAR
2026-01-25 07:35:46 | INFO     | [lf.day.flights_found] Found 7 flights on 20MAR
2026-01-25 07:35:48 | INFO     | [lf.flight.extracted] SM475 on 20MAR: BKG=0, LF=0.0%
2026-01-25 07:35:51 | INFO     | [lf.flight.extracted] SM965 on 20MAR: BKG=1, LF=0.6%
2026-01-25 07:35:54 | INFO     | [lf.flight.extracted] SM477 on 20MAR: BKG=0, LF=0.0%
2026-01-25 07:35:57 | INFO     | [lf.flight.extracted] SM479 on 20MAR: BKG=0, LF=0.0%
2026-01-25 07:36:00 | INFO     | [lf.flight.extracted] SM459 on 20MAR: BKG=0, LF=0.0%
2026-01-25 07:36:04 | INFO     | [lf.flight.extracted] SM985 on 20MAR: BKG=0, LF=0.0%
2026-01-25 07:36:07 | INFO     | [lf.flight.extracted] SM471 on 20MAR: BKG=0, LF=0.0%
2026-01-25 07:36:09 | INFO     | [SUCCESS] Day 20MAR
2026-01-25 07:36:09 | INFO     | [SUCCESS] LF Search Complete
2026-01-25 07:36:09 | INFO     | [Worker_9226] Completed: CAI-JED - 8 results, 0 errors
2026-01-25 07:36:09 | INFO     | [Worker_9226] Processing: CAI-MED
2026-01-25 07:36:09 | INFO     |   Tier 0: Range 2, Chunk 2/4 (8 days)
