2026-01-25 07:13:24 | INFO     | ======================================================================
2026-01-25 07:13:24 | INFO     | Load Factor Scraper Started - Route: CAI-MED
2026-01-25 07:13:24 | INFO     | Log file: D:\CODERED\LAB\Artifacts\outputs\run_generated_250126_at_07.06\logs\LF_CAI-MED_20260125_071324.log
2026-01-25 07:13:24 | INFO     | Enhanced logging: Capturing both logging.info() and print()
2026-01-25 07:13:24 | INFO     | ======================================================================
2026-01-25 07:13:24 | INFO     | Starting LF search for route: CAI-MED
2026-01-25 07:13:24 | INFO     | [START] LF Search
2026-01-25 07:13:25 | INFO     | [HEALTH CHECK] [OK] Chrome connection is healthy
2026-01-25 07:13:25 | INFO     | [DAY_START] Processing 22MAY
2026-01-25 07:13:25 | INFO     | [lf.day.start] Processing CAI-MED for 22MAY
2026-01-25 07:13:26 | WARNING  | [lf.day.no_flights] No direct flights on 22MAY
2026-01-25 07:13:26 | INFO     | [SUCCESS] Day 22MAY
2026-01-25 07:13:26 | INFO     | [DAY_START] Processing 21MAY
2026-01-25 07:13:26 | INFO     | [lf.day.start] Processing CAI-MED for 21MAY
2026-01-25 07:13:27 | INFO     | [lf.day.flights_found] Found 1 flights on 21MAY
2026-01-25 07:13:29 | INFO     | [lf.flight.extracted] SM493 on 21MAY: BKG=10, LF=5.6%
2026-01-25 07:13:32 | INFO     | [SUCCESS] Day 21MAY
2026-01-25 07:13:32 | INFO     | [DAY_START] Processing 20MAY
2026-01-25 07:13:32 | INFO     | [lf.day.start] Processing CAI-MED for 20MAY
2026-01-25 07:13:33 | INFO     | [lf.day.flights_found] Found 1 flights on 20MAY
2026-01-25 07:13:35 | INFO     | [lf.flight.extracted] SM493 on 20MAY: BKG=156, LF=87.2%
2026-01-25 07:13:38 | INFO     | [SUCCESS] Day 20MAY
2026-01-25 07:13:38 | INFO     | [DAY_START] Processing 19MAY
2026-01-25 07:13:38 | INFO     | [lf.day.start] Processing CAI-MED for 19MAY
2026-01-25 07:13:39 | INFO     | [lf.day.flights_found] Found 1 flights on 19MAY
2026-01-25 07:13:41 | INFO     | [lf.flight.extracted] SM493 on 19MAY: BKG=157, LF=87.7%
2026-01-25 07:13:44 | INFO     | [SUCCESS] Day 19MAY
2026-01-25 07:13:44 | INFO     | [DAY_START] Processing 18MAY
2026-01-25 07:13:44 | INFO     | [lf.day.start] Processing CAI-MED for 18MAY
2026-01-25 07:13:45 | WARNING  | [lf.day.no_flights] No direct flights on 18MAY
2026-01-25 07:13:45 | INFO     | [SUCCESS] Day 18MAY
2026-01-25 07:13:45 | INFO     | [DAY_START] Processing 17MAY
2026-01-25 07:13:45 | INFO     | [lf.day.start] Processing CAI-MED for 17MAY
2026-01-25 07:13:46 | INFO     | [lf.day.flights_found] Found 1 flights on 17MAY
2026-01-25 07:13:48 | INFO     | [lf.flight.extracted] SM493 on 17MAY: BKG=2, LF=1.1%
2026-01-25 07:13:51 | INFO     | [SUCCESS] Day 17MAY
2026-01-25 07:13:51 | INFO     | [DAY_START] Processing 16MAY
2026-01-25 07:13:51 | INFO     | [lf.day.start] Processing CAI-MED for 16MAY
2026-01-25 07:13:52 | WARNING  | [lf.day.no_flights] No direct flights on 16MAY
2026-01-25 07:13:52 | INFO     | [SUCCESS] Day 16MAY
2026-01-25 07:13:52 | INFO     | [DAY_START] Processing 15MAY
2026-01-25 07:13:52 | INFO     | [lf.day.start] Processing CAI-MED for 15MAY
2026-01-25 07:13:54 | WARNING  | [lf.day.no_flights] No direct flights on 15MAY
2026-01-25 07:13:54 | INFO     | [SUCCESS] Day 15MAY
2026-01-25 07:13:54 | INFO     | [SUCCESS] LF Search Complete
2026-01-25 07:13:54 | INFO     | [Worker_9226] Completed: CAI-MED - 8 results, 0 errors
2026-01-25 07:13:54 | INFO     | [Worker_9226] Processing: ATZ-DMM
2026-01-25 07:13:54 | INFO     |   Tier 0: Range 4, Chunk 2/4 (8 days)
