2026-01-25 07:34:08 | INFO     | ======================================================================
2026-01-25 07:34:08 | INFO     | Load Factor Scraper Started - Route: CAI-GIZ
2026-01-25 07:34:08 | INFO     | Log file: D:\CODERED\LAB\Artifacts\outputs\run_generated_250126_at_07.06\logs\LF_CAI-GIZ_20260125_073408.log
2026-01-25 07:34:08 | INFO     | Enhanced logging: Capturing both logging.info() and print()
2026-01-25 07:34:08 | INFO     | ======================================================================
2026-01-25 07:34:08 | INFO     | Starting LF search for route: CAI-GIZ
2026-01-25 07:34:08 | INFO     | [START] LF Search
2026-01-25 07:34:09 | INFO     | [HEALTH CHECK] [OK] Chrome connection is healthy
2026-01-25 07:34:09 | INFO     | [DAY_START] Processing 27MAR
2026-01-25 07:34:09 | INFO     | [lf.day.start] Processing CAI-GIZ for 27MAR
2026-01-25 07:34:10 | WARNING  | [lf.day.no_flights] No direct flights on 27MAR
2026-01-25 07:34:10 | INFO     | [SUCCESS] Day 27MAR
2026-01-25 07:34:10 | INFO     | [DAY_START] Processing 26MAR
2026-01-25 07:34:10 | INFO     | [lf.day.start] Processing CAI-GIZ for 26MAR
2026-01-25 07:34:12 | INFO     | [lf.day.flights_found] Found 1 flights on 26MAR
2026-01-25 07:34:14 | INFO     | [lf.flight.extracted] SM329 on 26MAR: BKG=6, LF=3.4%
2026-01-25 07:34:16 | INFO     | [SUCCESS] Day 26MAR
2026-01-25 07:34:16 | INFO     | [DAY_START] Processing 25MAR
2026-01-25 07:34:16 | INFO     | [lf.day.start] Processing CAI-GIZ for 25MAR
2026-01-25 07:34:18 | WARNING  | [lf.day.no_flights] No direct flights on 25MAR
2026-01-25 07:34:18 | INFO     | [SUCCESS] Day 25MAR
2026-01-25 07:34:18 | INFO     | [DAY_START] Processing 24MAR
2026-01-25 07:34:18 | INFO     | [lf.day.start] Processing CAI-GIZ for 24MAR
2026-01-25 07:34:19 | WARNING  | [lf.day.no_flights] No direct flights on 24MAR
2026-01-25 07:34:19 | INFO     | [SUCCESS] Day 24MAR
2026-01-25 07:34:19 | INFO     | [DAY_START] Processing 23MAR
2026-01-25 07:34:19 | INFO     | [lf.day.start] Processing CAI-GIZ for 23MAR
2026-01-25 07:34:20 | WARNING  | [lf.day.no_flights] No direct flights on 23MAR
2026-01-25 07:34:20 | INFO     | [SUCCESS] Day 23MAR
2026-01-25 07:34:20 | INFO     | [DAY_START] Processing 22MAR
2026-01-25 07:34:20 | INFO     | [lf.day.start] Processing CAI-GIZ for 22MAR
2026-01-25 07:34:21 | WARNING  | [lf.day.no_flights] No direct flights on 22MAR
2026-01-25 07:34:21 | INFO     | [SUCCESS] Day 22MAR
2026-01-25 07:34:21 | INFO     | [DAY_START] Processing 21MAR
2026-01-25 07:34:21 | INFO     | [lf.day.start] Processing CAI-GIZ for 21MAR
2026-01-25 07:34:22 | INFO     | [lf.day.flights_found] Found 1 flights on 21MAR
2026-01-25 07:34:24 | INFO     | [lf.flight.extracted] SM329 on 21MAR: BKG=7, LF=3.9%
2026-01-25 07:34:27 | INFO     | [SUCCESS] Day 21MAR
2026-01-25 07:34:27 | INFO     | [DAY_START] Processing 20MAR
2026-01-25 07:34:27 | INFO     | [lf.day.start] Processing CAI-GIZ for 20MAR
2026-01-25 07:34:28 | WARNING  | [lf.day.no_flights] No direct flights on 20MAR
2026-01-25 07:34:28 | INFO     | [SUCCESS] Day 20MAR
2026-01-25 07:34:28 | INFO     | [SUCCESS] LF Search Complete
2026-01-25 07:34:28 | INFO     | [Worker_9232] Completed: CAI-GIZ - 8 results, 0 errors
2026-01-25 07:34:28 | INFO     | [Worker_9232] Processing: JED-HBE
2026-01-25 07:34:28 | INFO     |   Tier 0: Range 2, Chunk 2/4 (8 days)
