2026-01-25 07:33:34 | INFO     | ======================================================================
2026-01-25 07:33:34 | INFO     | Load Factor Scraper Started - Route: CAI-AJF
2026-01-25 07:33:34 | INFO     | Log file: D:\CODERED\LAB\Artifacts\outputs\run_generated_250126_at_07.06\logs\LF_CAI-AJF_20260125_073334.log
2026-01-25 07:33:34 | INFO     | Enhanced logging: Capturing both logging.info() and print()
2026-01-25 07:33:34 | INFO     | ======================================================================
2026-01-25 07:33:34 | INFO     | Starting LF search for route: CAI-AJF
2026-01-25 07:33:34 | INFO     | [START] LF Search
2026-01-25 07:33:34 | INFO     | [HEALTH CHECK] [OK] Chrome connection is healthy
2026-01-25 07:33:34 | INFO     | [DAY_START] Processing 27MAR
2026-01-25 07:33:34 | INFO     | [lf.day.start] Processing CAI-AJF for 27MAR
2026-01-25 07:33:36 | WARNING  | [lf.day.no_flights] No direct flights on 27MAR
2026-01-25 07:33:36 | INFO     | [SUCCESS] Day 27MAR
2026-01-25 07:33:36 | INFO     | [DAY_START] Processing 26MAR
2026-01-25 07:33:36 | INFO     | [lf.day.start] Processing CAI-AJF for 26MAR
2026-01-25 07:33:37 | INFO     | [lf.day.flights_found] Found 1 flights on 26MAR
2026-01-25 07:33:39 | INFO     | [lf.flight.extracted] SM321 on 26MAR: BKG=41, LF=22.9%
2026-01-25 07:33:42 | INFO     | [SUCCESS] Day 26MAR
2026-01-25 07:33:42 | INFO     | [DAY_START] Processing 25MAR
2026-01-25 07:33:42 | INFO     | [lf.day.start] Processing CAI-AJF for 25MAR
2026-01-25 07:33:44 | WARNING  | [lf.day.no_flights] No direct flights on 25MAR
2026-01-25 07:33:44 | INFO     | [SUCCESS] Day 25MAR
2026-01-25 07:33:44 | INFO     | [DAY_START] Processing 24MAR
2026-01-25 07:33:44 | INFO     | [lf.day.start] Processing CAI-AJF for 24MAR
2026-01-25 07:33:45 | INFO     | [lf.day.flights_found] Found 1 flights on 24MAR
2026-01-25 07:33:47 | INFO     | [lf.flight.extracted] SM321 on 24MAR: BKG=46, LF=25.7%
2026-01-25 07:33:51 | INFO     | [SUCCESS] Day 24MAR
2026-01-25 07:33:51 | INFO     | [DAY_START] Processing 23MAR
2026-01-25 07:33:51 | INFO     | [lf.day.start] Processing CAI-AJF for 23MAR
2026-01-25 07:33:52 | WARNING  | [lf.day.no_flights] No direct flights on 23MAR
2026-01-25 07:33:52 | INFO     | [SUCCESS] Day 23MAR
2026-01-25 07:33:52 | INFO     | [DAY_START] Processing 22MAR
2026-01-25 07:33:52 | INFO     | [lf.day.start] Processing CAI-AJF for 22MAR
2026-01-25 07:33:53 | WARNING  | [lf.day.no_flights] No direct flights on 22MAR
2026-01-25 07:33:53 | INFO     | [SUCCESS] Day 22MAR
2026-01-25 07:33:53 | INFO     | [DAY_START] Processing 21MAR
2026-01-25 07:33:53 | INFO     | [lf.day.start] Processing CAI-AJF for 21MAR
2026-01-25 07:33:54 | INFO     | [lf.day.flights_found] Found 1 flights on 21MAR
2026-01-25 07:33:56 | INFO     | [lf.flight.extracted] SM321 on 21MAR: BKG=17, LF=9.5%
2026-01-25 07:33:59 | INFO     | [SUCCESS] Day 21MAR
2026-01-25 07:33:59 | INFO     | [DAY_START] Processing 20MAR
2026-01-25 07:33:59 | INFO     | [lf.day.start] Processing CAI-AJF for 20MAR
2026-01-25 07:34:00 | WARNING  | [lf.day.no_flights] No direct flights on 20MAR
2026-01-25 07:34:00 | INFO     | [SUCCESS] Day 20MAR
2026-01-25 07:34:00 | INFO     | [SUCCESS] LF Search Complete
2026-01-25 07:34:00 | INFO     | [Worker_9222] Completed: CAI-AJF - 8 results, 0 errors
2026-01-25 07:34:00 | INFO     | [Worker_9222] Processing: CAI-ELQ
2026-01-25 07:34:00 | INFO     |   Tier 0: Range 2, Chunk 1/4 (8 days)
