2026-01-25 07:29:22 | INFO     | ======================================================================
2026-01-25 07:29:22 | INFO     | Load Factor Scraper Started - Route: CAI-ELQ
2026-01-25 07:29:22 | INFO     | Log file: D:\CODERED\LAB\Artifacts\outputs\run_generated_250126_at_07.06\logs\LF_CAI-ELQ_20260125_072922.log
2026-01-25 07:29:22 | INFO     | Enhanced logging: Capturing both logging.info() and print()
2026-01-25 07:29:22 | INFO     | ======================================================================
2026-01-25 07:29:22 | INFO     | Starting LF search for route: CAI-ELQ
2026-01-25 07:29:22 | INFO     | [START] LF Search
2026-01-25 07:29:23 | INFO     | [HEALTH CHECK] [OK] Chrome connection is healthy
2026-01-25 07:29:23 | INFO     | [DAY_START] Processing 04APR
2026-01-25 07:29:23 | INFO     | [lf.day.start] Processing CAI-ELQ for 04APR
2026-01-25 07:29:24 | WARNING  | [lf.day.no_flights] No direct flights on 04APR
2026-01-25 07:29:24 | INFO     | [SUCCESS] Day 04APR
2026-01-25 07:29:24 | INFO     | [DAY_START] Processing 03APR
2026-01-25 07:29:24 | INFO     | [lf.day.start] Processing CAI-ELQ for 03APR
2026-01-25 07:29:26 | INFO     | [lf.day.flights_found] Found 1 flights on 03APR
2026-01-25 07:29:28 | INFO     | [lf.flight.extracted] SM427 on 03APR: BKG=31, LF=17.3%
2026-01-25 07:29:31 | INFO     | [SUCCESS] Day 03APR
2026-01-25 07:29:31 | INFO     | [DAY_START] Processing 02APR
2026-01-25 07:29:31 | INFO     | [lf.day.start] Processing CAI-ELQ for 02APR
2026-01-25 07:29:33 | WARNING  | [lf.day.no_flights] No direct flights on 02APR
2026-01-25 07:29:33 | INFO     | [SUCCESS] Day 02APR
2026-01-25 07:29:33 | INFO     | [DAY_START] Processing 01APR
2026-01-25 07:29:33 | INFO     | [lf.day.start] Processing CAI-ELQ for 01APR
2026-01-25 07:29:34 | INFO     | [lf.day.flights_found] Found 1 flights on 01APR
2026-01-25 07:29:36 | INFO     | [lf.flight.extracted] SM427 on 01APR: BKG=37, LF=20.7%
2026-01-25 07:29:39 | INFO     | [SUCCESS] Day 01APR
2026-01-25 07:29:39 | INFO     | [DAY_START] Processing 31MAR
2026-01-25 07:29:39 | INFO     | [lf.day.start] Processing CAI-ELQ for 31MAR
2026-01-25 07:29:41 | INFO     | [lf.day.flights_found] Found 1 flights on 31MAR
2026-01-25 07:29:43 | INFO     | [lf.flight.extracted] SM427 on 31MAR: BKG=12, LF=6.7%
2026-01-25 07:29:46 | INFO     | [SUCCESS] Day 31MAR
2026-01-25 07:29:46 | INFO     | [DAY_START] Processing 30MAR
2026-01-25 07:29:46 | INFO     | [lf.day.start] Processing CAI-ELQ for 30MAR
2026-01-25 07:29:48 | WARNING  | [lf.day.no_flights] No direct flights on 30MAR
2026-01-25 07:29:48 | INFO     | [SUCCESS] Day 30MAR
2026-01-25 07:29:48 | INFO     | [DAY_START] Processing 29MAR
2026-01-25 07:29:48 | INFO     | [lf.day.start] Processing CAI-ELQ for 29MAR
2026-01-25 07:29:49 | WARNING  | [lf.day.no_flights] No direct flights on 29MAR
2026-01-25 07:29:49 | INFO     | [SUCCESS] Day 29MAR
2026-01-25 07:29:49 | INFO     | [DAY_START] Processing 28MAR
2026-01-25 07:29:49 | INFO     | [lf.day.start] Processing CAI-ELQ for 28MAR
2026-01-25 07:29:50 | WARNING  | [lf.day.no_flights] No direct flights on 28MAR
2026-01-25 07:29:50 | INFO     | [SUCCESS] Day 28MAR
2026-01-25 07:29:50 | INFO     | [SUCCESS] LF Search Complete
2026-01-25 07:29:50 | INFO     | [Worker_9224] Completed: CAI-ELQ - 8 results, 0 errors
2026-01-25 07:29:50 | INFO     | [Worker_9224] Processing: JED-CAI
2026-01-25 07:29:50 | INFO     |   Tier 0: Range 2, Chunk 1/4 (8 days)
