2026-01-25 07:14:20 | INFO     | ======================================================================
2026-01-25 07:14:20 | INFO     | Load Factor Scraper Started - Route: CAI-ELQ
2026-01-25 07:14:20 | INFO     | Log file: D:\CODERED\LAB\Artifacts\outputs\run_generated_250126_at_07.06\logs\LF_CAI-ELQ_20260125_071420.log
2026-01-25 07:14:20 | INFO     | Enhanced logging: Capturing both logging.info() and print()
2026-01-25 07:14:20 | INFO     | ======================================================================
2026-01-25 07:14:20 | INFO     | Starting LF search for route: CAI-ELQ
2026-01-25 07:14:20 | INFO     | [START] LF Search
2026-01-25 07:14:21 | INFO     | [HEALTH CHECK] [OK] Chrome connection is healthy
2026-01-25 07:14:21 | INFO     | [DAY_START] Processing 22MAY
2026-01-25 07:14:21 | INFO     | [lf.day.start] Processing CAI-ELQ for 22MAY
2026-01-25 07:14:22 | INFO     | [lf.day.flights_found] Found 1 flights on 22MAY
2026-01-25 07:14:25 | INFO     | [lf.flight.extracted] SM427 on 22MAY: BKG=1, LF=0.6%
2026-01-25 07:14:27 | INFO     | [SUCCESS] Day 22MAY
2026-01-25 07:14:27 | INFO     | [DAY_START] Processing 21MAY
2026-01-25 07:14:27 | INFO     | [lf.day.start] Processing CAI-ELQ for 21MAY
2026-01-25 07:14:28 | WARNING  | [lf.day.no_flights] No direct flights on 21MAY
2026-01-25 07:14:28 | INFO     | [SUCCESS] Day 21MAY
2026-01-25 07:14:28 | INFO     | [DAY_START] Processing 20MAY
2026-01-25 07:14:28 | INFO     | [lf.day.start] Processing CAI-ELQ for 20MAY
2026-01-25 07:14:29 | INFO     | [lf.day.flights_found] Found 1 flights on 20MAY
2026-01-25 07:14:32 | INFO     | [lf.flight.extracted] SM427 on 20MAY: BKG=0, LF=0.0%
2026-01-25 07:14:33 | INFO     | [SUCCESS] Day 20MAY
2026-01-25 07:14:33 | INFO     | [DAY_START] Processing 19MAY
2026-01-25 07:14:33 | INFO     | [lf.day.start] Processing CAI-ELQ for 19MAY
2026-01-25 07:14:34 | INFO     | [lf.day.flights_found] Found 1 flights on 19MAY
2026-01-25 07:14:36 | INFO     | [lf.flight.extracted] SM427 on 19MAY: BKG=0, LF=0.0%
2026-01-25 07:14:38 | INFO     | [SUCCESS] Day 19MAY
2026-01-25 07:14:38 | INFO     | [DAY_START] Processing 18MAY
2026-01-25 07:14:38 | INFO     | [lf.day.start] Processing CAI-ELQ for 18MAY
2026-01-25 07:14:39 | WARNING  | [lf.day.no_flights] No direct flights on 18MAY
2026-01-25 07:14:39 | INFO     | [SUCCESS] Day 18MAY
2026-01-25 07:14:39 | INFO     | [DAY_START] Processing 17MAY
2026-01-25 07:14:39 | INFO     | [lf.day.start] Processing CAI-ELQ for 17MAY
2026-01-25 07:14:40 | WARNING  | [lf.day.no_flights] No direct flights on 17MAY
2026-01-25 07:14:40 | INFO     | [SUCCESS] Day 17MAY
2026-01-25 07:14:40 | INFO     | [DAY_START] Processing 16MAY
2026-01-25 07:14:40 | INFO     | [lf.day.start] Processing CAI-ELQ for 16MAY
2026-01-25 07:14:42 | WARNING  | [lf.day.no_flights] No direct flights on 16MAY
2026-01-25 07:14:42 | INFO     | [SUCCESS] Day 16MAY
2026-01-25 07:14:42 | INFO     | [DAY_START] Processing 15MAY
2026-01-25 07:14:42 | INFO     | [lf.day.start] Processing CAI-ELQ for 15MAY
2026-01-25 07:14:43 | INFO     | [lf.day.flights_found] Found 1 flights on 15MAY
2026-01-25 07:14:45 | INFO     | [lf.flight.extracted] SM427 on 15MAY: BKG=0, LF=0.0%
2026-01-25 07:14:46 | INFO     | [SUCCESS] Day 15MAY
2026-01-25 07:14:46 | INFO     | [SUCCESS] LF Search Complete
2026-01-25 07:14:46 | INFO     | [Worker_9234] Completed: CAI-ELQ - 8 results, 0 errors
2026-01-25 07:14:46 | INFO     | [Worker_9234] Processing: JED-LXR
2026-01-25 07:14:46 | INFO     |   Tier 0: Range 4, Chunk 3/4 (8 days)
