2026-01-25 08:00:17 | INFO     | ======================================================================
2026-01-25 08:00:17 | INFO     | Load Factor Scraper Started - Route: CAI-TUU
2026-01-25 08:00:17 | INFO     | Log file: D:\CODERED\LAB\Artifacts\outputs\run_generated_250126_at_07.06\logs\LF_CAI-TUU_20260125_080017.log
2026-01-25 08:00:17 | INFO     | Enhanced logging: Capturing both logging.info() and print()
2026-01-25 08:00:17 | INFO     | ======================================================================
2026-01-25 08:00:17 | INFO     | Starting LF search for route: CAI-TUU
2026-01-25 08:00:17 | INFO     | [START] LF Search
2026-01-25 08:00:18 | INFO     | [HEALTH CHECK] [OK] Chrome connection is healthy
2026-01-25 08:00:18 | INFO     | [DAY_START] Processing 08FEB
2026-01-25 08:00:18 | INFO     | [lf.day.start] Processing CAI-TUU for 08FEB
2026-01-25 08:00:19 | WARNING  | [lf.day.no_flights] No direct flights on 08FEB
2026-01-25 08:00:19 | INFO     | [SUCCESS] Day 08FEB
2026-01-25 08:00:19 | INFO     | [DAY_START] Processing 07FEB
2026-01-25 08:00:19 | INFO     | [lf.day.start] Processing CAI-TUU for 07FEB
2026-01-25 08:00:20 | INFO     | [lf.day.flights_found] Found 1 flights on 07FEB
2026-01-25 08:00:22 | INFO     | [lf.flight.extracted] SM325 on 07FEB: BKG=32, LF=29.4%
2026-01-25 08:00:26 | INFO     | [SUCCESS] Day 07FEB
2026-01-25 08:00:26 | INFO     | [DAY_START] Processing 06FEB
2026-01-25 08:00:26 | INFO     | [lf.day.start] Processing CAI-TUU for 06FEB
2026-01-25 08:00:27 | WARNING  | [lf.day.no_flights] No direct flights on 06FEB
2026-01-25 08:00:27 | INFO     | [SUCCESS] Day 06FEB
2026-01-25 08:00:27 | INFO     | [DAY_START] Processing 05FEB
2026-01-25 08:00:27 | INFO     | [lf.day.start] Processing CAI-TUU for 05FEB
2026-01-25 08:00:28 | INFO     | [lf.day.flights_found] Found 1 flights on 05FEB
2026-01-25 08:00:30 | INFO     | [lf.flight.extracted] SM325 on 05FEB: BKG=18, LF=10.1%
2026-01-25 08:00:32 | INFO     | [SUCCESS] Day 05FEB
2026-01-25 08:00:32 | INFO     | [DAY_START] Processing 04FEB
2026-01-25 08:00:32 | INFO     | [lf.day.start] Processing CAI-TUU for 04FEB
2026-01-25 08:00:34 | INFO     | [lf.day.flights_found] Found 1 flights on 04FEB
2026-01-25 08:00:36 | INFO     | [lf.flight.extracted] SM325 on 04FEB: BKG=14, LF=7.8%
2026-01-25 08:00:38 | INFO     | [SUCCESS] Day 04FEB
2026-01-25 08:00:38 | INFO     | [DAY_START] Processing 03FEB
2026-01-25 08:00:38 | INFO     | [lf.day.start] Processing CAI-TUU for 03FEB
2026-01-25 08:00:39 | WARNING  | [lf.day.no_flights] No direct flights on 03FEB
2026-01-25 08:00:39 | INFO     | [SUCCESS] Day 03FEB
2026-01-25 08:00:39 | INFO     | [DAY_START] Processing 02FEB
2026-01-25 08:00:39 | INFO     | [lf.day.start] Processing CAI-TUU for 02FEB
2026-01-25 08:00:41 | WARNING  | [lf.day.no_flights] No direct flights on 02FEB
2026-01-25 08:00:41 | INFO     | [SUCCESS] Day 02FEB
2026-01-25 08:00:41 | INFO     | [DAY_START] Processing 01FEB
2026-01-25 08:00:41 | INFO     | [lf.day.start] Processing CAI-TUU for 01FEB
2026-01-25 08:00:42 | WARNING  | [lf.day.no_flights] No direct flights on 01FEB
2026-01-25 08:00:42 | INFO     | [SUCCESS] Day 01FEB
2026-01-25 08:00:42 | INFO     | [SUCCESS] LF Search Complete
2026-01-25 08:00:42 | INFO     | [Worker_9226] Completed: CAI-TUU - 8 results, 0 errors
2026-01-25 08:00:42 | INFO     | [Worker_9226] Processing: CAI-AHB
2026-01-25 08:00:42 | INFO     |   Tier 0: Range 1, Chunk 3/4 (8 days)
