2026-01-25 07:19:00 | INFO     | ======================================================================
2026-01-25 07:19:00 | INFO     | Load Factor Scraper Started - Route: CAI-YNB
2026-01-25 07:19:00 | INFO     | Log file: D:\CODERED\LAB\Artifacts\outputs\run_generated_250126_at_07.06\logs\LF_CAI-YNB_20260125_071900.log
2026-01-25 07:19:00 | INFO     | Enhanced logging: Capturing both logging.info() and print()
2026-01-25 07:19:00 | INFO     | ======================================================================
2026-01-25 07:19:00 | INFO     | Starting LF search for route: CAI-YNB
2026-01-25 07:19:00 | INFO     | [START] LF Search
2026-01-25 07:19:01 | INFO     | [HEALTH CHECK] [OK] Chrome connection is healthy
2026-01-25 07:19:01 | INFO     | [DAY_START] Processing 06MAY
2026-01-25 07:19:01 | INFO     | [lf.day.start] Processing CAI-YNB for 06MAY
2026-01-25 07:19:02 | INFO     | [lf.day.flights_found] Found 1 flights on 06MAY
2026-01-25 07:19:04 | INFO     | [lf.flight.extracted] SM441 on 06MAY: BKG=0, LF=0.0%
2026-01-25 07:19:06 | INFO     | [SUCCESS] Day 06MAY
2026-01-25 07:19:06 | INFO     | [DAY_START] Processing 05MAY
2026-01-25 07:19:06 | INFO     | [lf.day.start] Processing CAI-YNB for 05MAY
2026-01-25 07:19:07 | INFO     | [lf.day.flights_found] Found 1 flights on 05MAY
2026-01-25 07:19:09 | INFO     | [lf.flight.extracted] SM441 on 05MAY: BKG=0, LF=0.0%
2026-01-25 07:19:10 | INFO     | [SUCCESS] Day 05MAY
2026-01-25 07:19:10 | INFO     | [DAY_START] Processing 04MAY
2026-01-25 07:19:10 | INFO     | [lf.day.start] Processing CAI-YNB for 04MAY
2026-01-25 07:19:12 | INFO     | [lf.day.flights_found] Found 1 flights on 04MAY
2026-01-25 07:19:14 | INFO     | [lf.flight.extracted] SM441 on 04MAY: BKG=0, LF=0.0%
2026-01-25 07:19:16 | INFO     | [SUCCESS] Day 04MAY
2026-01-25 07:19:16 | INFO     | [DAY_START] Processing 03MAY
2026-01-25 07:19:16 | INFO     | [lf.day.start] Processing CAI-YNB for 03MAY
2026-01-25 07:19:17 | INFO     | [lf.day.flights_found] Found 1 flights on 03MAY
2026-01-25 07:19:19 | INFO     | [lf.flight.extracted] SM441 on 03MAY: BKG=0, LF=0.0%
2026-01-25 07:19:20 | INFO     | [SUCCESS] Day 03MAY
2026-01-25 07:19:20 | INFO     | [DAY_START] Processing 02MAY
2026-01-25 07:19:20 | INFO     | [lf.day.start] Processing CAI-YNB for 02MAY
2026-01-25 07:19:21 | INFO     | [lf.day.flights_found] Found 1 flights on 02MAY
2026-01-25 07:19:23 | INFO     | [lf.flight.extracted] SM447 on 02MAY: BKG=2, LF=1.1%
2026-01-25 07:19:26 | INFO     | [SUCCESS] Day 02MAY
2026-01-25 07:19:26 | INFO     | [DAY_START] Processing 01MAY
2026-01-25 07:19:26 | INFO     | [lf.day.start] Processing CAI-YNB for 01MAY
2026-01-25 07:19:27 | INFO     | [lf.day.flights_found] Found 1 flights on 01MAY
2026-01-25 07:19:29 | INFO     | [lf.flight.extracted] SM441 on 01MAY: BKG=1, LF=0.6%
2026-01-25 07:19:32 | INFO     | [SUCCESS] Day 01MAY
2026-01-25 07:19:32 | INFO     | [DAY_START] Processing 30APR
2026-01-25 07:19:32 | INFO     | [lf.day.start] Processing CAI-YNB for 30APR
2026-01-25 07:19:33 | INFO     | [lf.day.flights_found] Found 1 flights on 30APR
2026-01-25 07:19:35 | INFO     | [lf.flight.extracted] SM441 on 30APR: BKG=2, LF=1.1%
2026-01-25 07:19:37 | INFO     | [SUCCESS] Day 30APR
2026-01-25 07:19:37 | INFO     | [DAY_START] Processing 29APR
2026-01-25 07:19:37 | INFO     | [lf.day.start] Processing CAI-YNB for 29APR
2026-01-25 07:19:38 | INFO     | [lf.day.flights_found] Found 1 flights on 29APR
2026-01-25 07:19:40 | INFO     | [lf.flight.extracted] SM441 on 29APR: BKG=1, LF=0.6%
2026-01-25 07:19:43 | INFO     | [SUCCESS] Day 29APR
2026-01-25 07:19:43 | INFO     | [SUCCESS] LF Search Complete
2026-01-25 07:19:43 | INFO     | [Worker_9224] Completed: CAI-YNB - 8 results, 0 errors
2026-01-25 07:19:43 | INFO     | [Worker_9224] Processing: RUH-CAI
2026-01-25 07:19:43 | INFO     |   Tier 0: Range 3, Chunk 1/4 (8 days)
