2026-01-25 07:18:07 | INFO     | ======================================================================
2026-01-25 07:18:07 | INFO     | Load Factor Scraper Started - Route: CAI-MED
2026-01-25 07:18:07 | INFO     | Log file: D:\CODERED\LAB\Artifacts\outputs\run_generated_250126_at_07.06\logs\LF_CAI-MED_20260125_071807.log
2026-01-25 07:18:07 | INFO     | Enhanced logging: Capturing both logging.info() and print()
2026-01-25 07:18:07 | INFO     | ======================================================================
2026-01-25 07:18:07 | INFO     | Starting LF search for route: CAI-MED
2026-01-25 07:18:07 | INFO     | [START] LF Search
2026-01-25 07:18:07 | INFO     | [HEALTH CHECK] [OK] Chrome connection is healthy
2026-01-25 07:18:07 | INFO     | [DAY_START] Processing 06MAY
2026-01-25 07:18:07 | INFO     | [lf.day.start] Processing CAI-MED for 06MAY
2026-01-25 07:18:08 | INFO     | [lf.day.flights_found] Found 1 flights on 06MAY
2026-01-25 07:18:10 | INFO     | [lf.flight.extracted] SM493 on 06MAY: BKG=1, LF=0.6%
2026-01-25 07:18:13 | INFO     | [SUCCESS] Day 06MAY
2026-01-25 07:18:13 | INFO     | [DAY_START] Processing 05MAY
2026-01-25 07:18:13 | INFO     | [lf.day.start] Processing CAI-MED for 05MAY
2026-01-25 07:18:14 | INFO     | [lf.day.flights_found] Found 1 flights on 05MAY
2026-01-25 07:18:16 | INFO     | [lf.flight.extracted] SM493 on 05MAY: BKG=0, LF=0.0%
2026-01-25 07:18:18 | INFO     | [SUCCESS] Day 05MAY
2026-01-25 07:18:18 | INFO     | [DAY_START] Processing 04MAY
2026-01-25 07:18:18 | INFO     | [lf.day.start] Processing CAI-MED for 04MAY
2026-01-25 07:18:19 | WARNING  | [lf.day.no_flights] No direct flights on 04MAY
2026-01-25 07:18:19 | INFO     | [SUCCESS] Day 04MAY
2026-01-25 07:18:19 | INFO     | [DAY_START] Processing 03MAY
2026-01-25 07:18:19 | INFO     | [lf.day.start] Processing CAI-MED for 03MAY
2026-01-25 07:18:20 | INFO     | [lf.day.flights_found] Found 1 flights on 03MAY
2026-01-25 07:18:22 | INFO     | [lf.flight.extracted] SM493 on 03MAY: BKG=0, LF=0.0%
2026-01-25 07:18:23 | INFO     | [SUCCESS] Day 03MAY
2026-01-25 07:18:23 | INFO     | [DAY_START] Processing 02MAY
2026-01-25 07:18:23 | INFO     | [lf.day.start] Processing CAI-MED for 02MAY
2026-01-25 07:18:25 | WARNING  | [lf.day.no_flights] No direct flights on 02MAY
2026-01-25 07:18:25 | INFO     | [SUCCESS] Day 02MAY
2026-01-25 07:18:25 | INFO     | [DAY_START] Processing 01MAY
2026-01-25 07:18:25 | INFO     | [lf.day.start] Processing CAI-MED for 01MAY
2026-01-25 07:18:26 | WARNING  | [lf.day.no_flights] No direct flights on 01MAY
2026-01-25 07:18:26 | INFO     | [SUCCESS] Day 01MAY
2026-01-25 07:18:26 | INFO     | [DAY_START] Processing 30APR
2026-01-25 07:18:26 | INFO     | [lf.day.start] Processing CAI-MED for 30APR
2026-01-25 07:18:27 | INFO     | [lf.day.flights_found] Found 1 flights on 30APR
2026-01-25 07:18:29 | INFO     | [lf.flight.extracted] SM493 on 30APR: BKG=1, LF=0.6%
2026-01-25 07:18:32 | INFO     | [SUCCESS] Day 30APR
2026-01-25 07:18:32 | INFO     | [DAY_START] Processing 29APR
2026-01-25 07:18:32 | INFO     | [lf.day.start] Processing CAI-MED for 29APR
2026-01-25 07:18:33 | INFO     | [lf.day.flights_found] Found 1 flights on 29APR
2026-01-25 07:18:35 | INFO     | [lf.flight.extracted] SM493 on 29APR: BKG=0, LF=0.0%
2026-01-25 07:18:36 | INFO     | [SUCCESS] Day 29APR
2026-01-25 07:18:36 | INFO     | [SUCCESS] LF Search Complete
2026-01-25 07:18:36 | INFO     | [Worker_9225] Completed: CAI-MED - 8 results, 0 errors
2026-01-25 07:18:36 | INFO     | [Worker_9225] Processing: CAI-DMM
2026-01-25 07:18:36 | INFO     |   Tier 0: Range 4, Chunk 4/4 (8 days)
