2026-01-25 07:12:01 | INFO     | ======================================================================
2026-01-25 07:12:01 | INFO     | Load Factor Scraper Started - Route: CAI-YNB
2026-01-25 07:12:01 | INFO     | Log file: D:\CODERED\LAB\Artifacts\outputs\run_generated_250126_at_07.06\logs\LF_CAI-YNB_20260125_071201.log
2026-01-25 07:12:01 | INFO     | Enhanced logging: Capturing both logging.info() and print()
2026-01-25 07:12:01 | INFO     | ======================================================================
2026-01-25 07:12:01 | INFO     | Starting LF search for route: CAI-YNB
2026-01-25 07:12:01 | INFO     | [START] LF Search
2026-01-25 07:12:02 | INFO     | [HEALTH CHECK] [OK] Chrome connection is healthy
2026-01-25 07:12:02 | INFO     | [DAY_START] Processing 30MAY
2026-01-25 07:12:02 | INFO     | [lf.day.start] Processing CAI-YNB for 30MAY
2026-01-25 07:12:03 | INFO     | [lf.day.flights_found] Found 1 flights on 30MAY
2026-01-25 07:12:05 | INFO     | [lf.flight.extracted] SM447 on 30MAY: BKG=2, LF=1.1%
2026-01-25 07:12:07 | INFO     | [SUCCESS] Day 30MAY
2026-01-25 07:12:07 | INFO     | [DAY_START] Processing 29MAY
2026-01-25 07:12:07 | INFO     | [lf.day.start] Processing CAI-YNB for 29MAY
2026-01-25 07:12:08 | INFO     | [lf.day.flights_found] Found 1 flights on 29MAY
2026-01-25 07:12:10 | INFO     | [lf.flight.extracted] SM441 on 29MAY: BKG=2, LF=1.1%
2026-01-25 07:12:12 | INFO     | [SUCCESS] Day 29MAY
2026-01-25 07:12:12 | INFO     | [DAY_START] Processing 28MAY
2026-01-25 07:12:12 | INFO     | [lf.day.start] Processing CAI-YNB for 28MAY
2026-01-25 07:12:14 | INFO     | [lf.day.flights_found] Found 1 flights on 28MAY
2026-01-25 07:12:15 | INFO     | [lf.flight.extracted] SM441 on 28MAY: BKG=1, LF=0.6%
2026-01-25 07:12:18 | INFO     | [SUCCESS] Day 28MAY
2026-01-25 07:12:18 | INFO     | [DAY_START] Processing 27MAY
2026-01-25 07:12:18 | INFO     | [lf.day.start] Processing CAI-YNB for 27MAY
2026-01-25 07:12:19 | INFO     | [lf.day.flights_found] Found 1 flights on 27MAY
2026-01-25 07:12:21 | INFO     | [lf.flight.extracted] SM441 on 27MAY: BKG=0, LF=0.0%
2026-01-25 07:12:22 | INFO     | [SUCCESS] Day 27MAY
2026-01-25 07:12:22 | INFO     | [DAY_START] Processing 26MAY
2026-01-25 07:12:22 | INFO     | [lf.day.start] Processing CAI-YNB for 26MAY
2026-01-25 07:12:23 | INFO     | [lf.day.flights_found] Found 1 flights on 26MAY
2026-01-25 07:12:25 | INFO     | [lf.flight.extracted] SM441 on 26MAY: BKG=0, LF=0.0%
2026-01-25 07:12:26 | INFO     | [SUCCESS] Day 26MAY
2026-01-25 07:12:26 | INFO     | [DAY_START] Processing 25MAY
2026-01-25 07:12:26 | INFO     | [lf.day.start] Processing CAI-YNB for 25MAY
2026-01-25 07:12:27 | INFO     | [lf.day.flights_found] Found 1 flights on 25MAY
2026-01-25 07:12:29 | INFO     | [lf.flight.extracted] SM441 on 25MAY: BKG=0, LF=0.0%
2026-01-25 07:12:30 | INFO     | [SUCCESS] Day 25MAY
2026-01-25 07:12:30 | INFO     | [DAY_START] Processing 24MAY
2026-01-25 07:12:30 | INFO     | [lf.day.start] Processing CAI-YNB for 24MAY
2026-01-25 07:12:31 | INFO     | [lf.day.flights_found] Found 1 flights on 24MAY
2026-01-25 07:12:33 | INFO     | [lf.flight.extracted] SM441 on 24MAY: BKG=0, LF=0.0%
2026-01-25 07:12:34 | INFO     | [SUCCESS] Day 24MAY
2026-01-25 07:12:34 | INFO     | [DAY_START] Processing 23MAY
2026-01-25 07:12:34 | INFO     | [lf.day.start] Processing CAI-YNB for 23MAY
2026-01-25 07:12:35 | INFO     | [lf.day.flights_found] Found 1 flights on 23MAY
2026-01-25 07:12:37 | INFO     | [lf.flight.extracted] SM447 on 23MAY: BKG=0, LF=0.0%
2026-01-25 07:12:38 | INFO     | [SUCCESS] Day 23MAY
2026-01-25 07:12:38 | INFO     | [SUCCESS] LF Search Complete
2026-01-25 07:12:38 | INFO     | [Worker_9232] Completed: CAI-YNB - 8 results, 0 errors
2026-01-25 07:12:38 | INFO     | [Worker_9232] Processing: JED-ATZ
2026-01-25 07:12:38 | INFO     |   Tier 0: Range 4, Chunk 2/4 (8 days)
