2026-01-25 07:23:58 | INFO     | ======================================================================
2026-01-25 07:23:58 | INFO     | Load Factor Scraper Started - Route: CAI-ELQ
2026-01-25 07:23:58 | INFO     | Log file: D:\CODERED\LAB\Artifacts\outputs\run_generated_250126_at_07.06\logs\LF_CAI-ELQ_20260125_072358.log
2026-01-25 07:23:58 | INFO     | Enhanced logging: Capturing both logging.info() and print()
2026-01-25 07:23:58 | INFO     | ======================================================================
2026-01-25 07:23:58 | INFO     | Starting LF search for route: CAI-ELQ
2026-01-25 07:23:58 | INFO     | [START] LF Search
2026-01-25 07:23:59 | INFO     | [HEALTH CHECK] [OK] Chrome connection is healthy
2026-01-25 07:23:59 | INFO     | [DAY_START] Processing 20APR
2026-01-25 07:23:59 | INFO     | [lf.day.start] Processing CAI-ELQ for 20APR
2026-01-25 07:24:00 | WARNING  | [lf.day.no_flights] No direct flights on 20APR
2026-01-25 07:24:00 | INFO     | [SUCCESS] Day 20APR
2026-01-25 07:24:00 | INFO     | [DAY_START] Processing 19APR
2026-01-25 07:24:00 | INFO     | [lf.day.start] Processing CAI-ELQ for 19APR
2026-01-25 07:24:02 | WARNING  | [lf.day.no_flights] No direct flights on 19APR
2026-01-25 07:24:02 | INFO     | [SUCCESS] Day 19APR
2026-01-25 07:24:02 | INFO     | [DAY_START] Processing 18APR
2026-01-25 07:24:02 | INFO     | [lf.day.start] Processing CAI-ELQ for 18APR
2026-01-25 07:24:03 | WARNING  | [lf.day.no_flights] No direct flights on 18APR
2026-01-25 07:24:03 | INFO     | [SUCCESS] Day 18APR
2026-01-25 07:24:03 | INFO     | [DAY_START] Processing 17APR
2026-01-25 07:24:03 | INFO     | [lf.day.start] Processing CAI-ELQ for 17APR
2026-01-25 07:24:04 | INFO     | [lf.day.flights_found] Found 1 flights on 17APR
2026-01-25 07:24:06 | INFO     | [lf.flight.extracted] SM427 on 17APR: BKG=3, LF=1.7%
2026-01-25 07:24:09 | INFO     | [SUCCESS] Day 17APR
2026-01-25 07:24:09 | INFO     | [DAY_START] Processing 16APR
2026-01-25 07:24:09 | INFO     | [lf.day.start] Processing CAI-ELQ for 16APR
2026-01-25 07:24:10 | WARNING  | [lf.day.no_flights] No direct flights on 16APR
2026-01-25 07:24:10 | INFO     | [SUCCESS] Day 16APR
2026-01-25 07:24:10 | INFO     | [DAY_START] Processing 15APR
2026-01-25 07:24:10 | INFO     | [lf.day.start] Processing CAI-ELQ for 15APR
2026-01-25 07:24:11 | INFO     | [lf.day.flights_found] Found 1 flights on 15APR
2026-01-25 07:24:13 | INFO     | [lf.flight.extracted] SM427 on 15APR: BKG=5, LF=2.8%
2026-01-25 07:24:16 | INFO     | [SUCCESS] Day 15APR
2026-01-25 07:24:16 | INFO     | [DAY_START] Processing 14APR
2026-01-25 07:24:16 | INFO     | [lf.day.start] Processing CAI-ELQ for 14APR
2026-01-25 07:24:17 | INFO     | [lf.day.flights_found] Found 1 flights on 14APR
2026-01-25 07:24:20 | INFO     | [lf.flight.extracted] SM427 on 14APR: BKG=5, LF=2.8%
2026-01-25 07:24:22 | INFO     | [SUCCESS] Day 14APR
2026-01-25 07:24:22 | INFO     | [DAY_START] Processing 13APR
2026-01-25 07:24:22 | INFO     | [lf.day.start] Processing CAI-ELQ for 13APR
2026-01-25 07:24:23 | WARNING  | [lf.day.no_flights] No direct flights on 13APR
2026-01-25 07:24:23 | INFO     | [SUCCESS] Day 13APR
2026-01-25 07:24:23 | INFO     | [SUCCESS] LF Search Complete
2026-01-25 07:24:23 | INFO     | [Worker_9234] Completed: CAI-ELQ - 8 results, 0 errors
2026-01-25 07:24:23 | INFO     | [Worker_9234] Processing: JED-HBE
2026-01-25 07:24:23 | INFO     |   Tier 0: Range 3, Chunk 3/4 (8 days)
