2026-01-25 07:48:20 | INFO     | ======================================================================
2026-01-25 07:48:20 | INFO     | Load Factor Scraper Started - Route: CAI-JED
2026-01-25 07:48:20 | INFO     | Log file: D:\CODERED\LAB\Artifacts\outputs\run_generated_250126_at_07.06\logs\LF_CAI-JED_20260125_074820.log
2026-01-25 07:48:20 | INFO     | Enhanced logging: Capturing both logging.info() and print()
2026-01-25 07:48:20 | INFO     | ======================================================================
2026-01-25 07:48:20 | INFO     | Starting LF search for route: CAI-JED
2026-01-25 07:48:20 | INFO     | [START] LF Search
2026-01-25 07:48:21 | INFO     | [HEALTH CHECK] [OK] Chrome connection is healthy
2026-01-25 07:48:21 | INFO     | [DAY_START] Processing 24FEB
2026-01-25 07:48:21 | INFO     | [lf.day.start] Processing CAI-JED for 24FEB
2026-01-25 07:48:25 | INFO     | [lf.day.flights_found] Found 6 flights on 24FEB
2026-01-25 07:48:27 | INFO     | [lf.flight.extracted] SM975 on 24FEB: BKG=171, LF=95.5%
2026-01-25 07:48:31 | INFO     | [lf.flight.extracted] SM479 on 24FEB: BKG=178, LF=99.4%
2026-01-25 07:48:35 | INFO     | [lf.flight.extracted] SM477 on 24FEB: BKG=164, LF=91.6%
2026-01-25 07:48:38 | INFO     | [lf.flight.extracted] SM459 on 24FEB: BKG=160, LF=89.4%
2026-01-25 07:48:42 | INFO     | [lf.flight.extracted] SM475 on 24FEB: BKG=161, LF=89.9%
2026-01-25 07:48:45 | INFO     | [lf.flight.extracted] SM423 on 24FEB: BKG=148, LF=82.7%
2026-01-25 07:49:04 | INFO     | [SUCCESS] Day 24FEB
2026-01-25 07:49:04 | INFO     | [DAY_START] Processing 23FEB
2026-01-25 07:49:04 | INFO     | [lf.day.start] Processing CAI-JED for 23FEB
2026-01-25 07:49:06 | INFO     | [lf.day.flights_found] Found 7 flights on 23FEB
2026-01-25 07:49:08 | INFO     | [lf.flight.extracted] SM2473 on 23FEB: BKG=175, LF=99.4%
2026-01-25 07:49:12 | INFO     | [lf.flight.extracted] SM977 on 23FEB: BKG=170, LF=95.0%
2026-01-25 07:49:17 | INFO     | [lf.flight.extracted] SM475 on 23FEB: BKG=177, LF=98.9%
2026-01-25 07:49:20 | INFO     | [lf.flight.extracted] SM957 on 23FEB: BKG=180, LF=100.6%
2026-01-25 07:49:24 | INFO     | [lf.flight.extracted] SM477 on 23FEB: BKG=167, LF=93.3%
2026-01-25 07:49:28 | INFO     | [lf.flight.extracted] SM2447 on 23FEB: BKG=175, LF=97.8%
2026-01-25 07:49:31 | INFO     | [lf.flight.extracted] SM459 on 23FEB: BKG=157, LF=87.7%
2026-01-25 07:49:50 | INFO     | [SUCCESS] Day 23FEB
2026-01-25 07:49:50 | INFO     | [DAY_START] Processing 22FEB
2026-01-25 07:49:50 | INFO     | [lf.day.start] Processing CAI-JED for 22FEB
2026-01-25 07:49:52 | INFO     | [lf.day.flights_found] Found 9 flights on 22FEB
2026-01-25 07:49:54 | INFO     | [lf.flight.extracted] SM475 on 22FEB: BKG=167, LF=94.9%
2026-01-25 07:49:58 | INFO     | [lf.flight.extracted] SM431 on 22FEB: BKG=173, LF=96.7%
2026-01-25 07:50:02 | INFO     | [lf.flight.extracted] SM459 on 22FEB: BKG=165, LF=92.2%
2026-01-25 07:50:06 | INFO     | [lf.flight.extracted] SM2441 on 22FEB: BKG=180, LF=100.6%
2026-01-25 07:50:10 | INFO     | [lf.flight.extracted] SM975 on 22FEB: BKG=175, LF=97.8%
2026-01-25 07:50:13 | INFO     | [lf.flight.extracted] SM2443 on 22FEB: BKG=180, LF=100.6%
2026-01-25 07:50:16 | INFO     | [lf.flight.extracted] SM479 on 22FEB: BKG=173, LF=98.3%
2026-01-25 07:50:21 | INFO     | [lf.flight.extracted] SM2445 on 22FEB: BKG=180, LF=100.6%
2026-01-25 07:50:25 | INFO     | [lf.flight.extracted] SM477 on 22FEB: BKG=163, LF=91.1%
2026-01-25 07:50:52 | INFO     | [SUCCESS] Day 22FEB
2026-01-25 07:50:52 | INFO     | [DAY_START] Processing 21FEB
2026-01-25 07:50:52 | INFO     | [lf.day.start] Processing CAI-JED for 21FEB
2026-01-25 07:50:54 | INFO     | [lf.day.flights_found] Found 4 flights on 21FEB
2026-01-25 07:50:56 | INFO     | [lf.flight.extracted] SM449 on 21FEB: BKG=168, LF=93.8%
2026-01-25 07:51:00 | INFO     | [lf.flight.extracted] SM475 on 21FEB: BKG=165, LF=93.8%
2026-01-25 07:51:04 | INFO     | [lf.flight.extracted] SM423 on 21FEB: BKG=166, LF=92.7%
2026-01-25 07:51:07 | INFO     | [lf.flight.extracted] SM477 on 21FEB: BKG=161, LF=91.0%
2026-01-25 07:51:21 | INFO     | [SUCCESS] Day 21FEB
2026-01-25 07:51:21 | INFO     | [DAY_START] Processing 20FEB
2026-01-25 07:51:21 | INFO     | [lf.day.start] Processing CAI-JED for 20FEB
2026-01-25 07:51:23 | INFO     | [lf.day.flights_found] Found 6 flights on 20FEB
2026-01-25 07:51:25 | INFO     | [lf.flight.extracted] SM475 on 20FEB: BKG=175, LF=97.8%
2026-01-25 07:51:29 | INFO     | [lf.flight.extracted] SM975 on 20FEB: BKG=170, LF=95.0%
2026-01-25 07:51:32 | INFO     | [lf.flight.extracted] SM477 on 20FEB: BKG=177, LF=98.9%
2026-01-25 07:51:36 | INFO     | [lf.flight.extracted] SM479 on 20FEB: BKG=171, LF=95.5%
2026-01-25 07:51:39 | INFO     | [lf.flight.extracted] SM459 on 20FEB: BKG=161, LF=89.9%
2026-01-25 07:51:43 | INFO     | [lf.flight.extracted] SM471 on 20FEB: BKG=179, LF=100.0%
2026-01-25 07:52:05 | INFO     | [SUCCESS] Day 20FEB
2026-01-25 07:52:05 | INFO     | [DAY_START] Processing 19FEB
2026-01-25 07:52:05 | INFO     | [lf.day.start] Processing CAI-JED for 19FEB
2026-01-25 07:52:07 | INFO     | [lf.day.flights_found] Found 6 flights on 19FEB
2026-01-25 07:52:09 | INFO     | [lf.flight.extracted] SM449 on 19FEB: BKG=177, LF=98.9%
2026-01-25 07:52:13 | INFO     | [lf.flight.extracted] SM475 on 19FEB: BKG=175, LF=99.4%
2026-01-25 07:52:17 | INFO     | [lf.flight.extracted] SM431 on 19FEB: BKG=179, LF=100.0%
2026-01-25 07:52:21 | INFO     | [lf.flight.extracted] SM477 on 19FEB: BKG=168, LF=93.8%
2026-01-25 07:52:25 | INFO     | [lf.flight.extracted] SM423 on 19FEB: BKG=182, LF=101.7%
2026-01-25 07:52:28 | INFO     | [lf.flight.extracted] SM479 on 19FEB: BKG=179, LF=100.0%
2026-01-25 07:52:51 | INFO     | [SUCCESS] Day 19FEB
2026-01-25 07:52:51 | INFO     | [DAY_START] Processing 18FEB
2026-01-25 07:52:51 | INFO     | [lf.day.start] Processing CAI-JED for 18FEB
2026-01-25 07:52:54 | INFO     | [lf.day.flights_found] Found 6 flights on 18FEB
2026-01-25 07:52:57 | INFO     | [lf.flight.extracted] SM423 on 18FEB: BKG=169, LF=96.0%
2026-01-25 07:53:01 | INFO     | [lf.flight.extracted] SM475 on 18FEB: BKG=172, LF=96.1%
2026-01-25 07:53:05 | INFO     | [lf.flight.extracted] SM459 on 18FEB: BKG=173, LF=96.7%
2026-01-25 07:53:09 | INFO     | [lf.flight.extracted] SM477 on 18FEB: BKG=174, LF=97.2%
2026-01-25 07:53:13 | INFO     | [lf.flight.extracted] SM955 on 18FEB: BKG=170, LF=95.0%
2026-01-25 07:53:17 | INFO     | [lf.flight.extracted] SM471 on 18FEB: BKG=177, LF=98.9%
2026-01-25 07:53:35 | INFO     | [SUCCESS] Day 18FEB
2026-01-25 07:53:35 | INFO     | [DAY_START] Processing 17FEB
2026-01-25 07:53:35 | INFO     | [lf.day.start] Processing CAI-JED for 17FEB
2026-01-25 07:53:37 | INFO     | [lf.day.flights_found] Found 8 flights on 17FEB
2026-01-25 07:53:39 | INFO     | [lf.flight.extracted] SM471 on 17FEB: BKG=179, LF=100.0%
2026-01-25 07:53:43 | INFO     | [lf.flight.extracted] SM975 on 17FEB: BKG=180, LF=100.6%
2026-01-25 07:53:46 | INFO     | [lf.flight.extracted] SM479 on 17FEB: BKG=177, LF=98.9%
2026-01-25 07:53:50 | INFO     | [lf.flight.extracted] SM477 on 17FEB: BKG=177, LF=98.9%
2026-01-25 07:53:53 | INFO     | [lf.flight.extracted] SM459 on 17FEB: BKG=176, LF=100.0%
2026-01-25 07:53:56 | INFO     | [lf.flight.extracted] SM475 on 17FEB: BKG=179, LF=100.0%
2026-01-25 07:54:00 | INFO     | [lf.flight.extracted] SM2463 on 17FEB: BKG=175, LF=97.8%
2026-01-25 07:54:03 | INFO     | [lf.flight.extracted] SM423 on 17FEB: BKG=178, LF=99.4%
2026-01-25 07:54:28 | INFO     | [SUCCESS] Day 17FEB
2026-01-25 07:54:28 | INFO     | [SUCCESS] LF Search Complete
2026-01-25 07:54:28 | INFO     | [Worker_9232] Completed: CAI-JED - 8 results, 0 errors
2026-01-25 07:54:28 | INFO     | [Worker_9232] Processing: ATZ-RUH
2026-01-25 07:54:28 | INFO     |   Tier 0: Range 1, Chunk 2/4 (8 days)
