2026-01-25 07:47:51 | INFO     | ======================================================================
2026-01-25 07:47:51 | INFO     | Load Factor Scraper Started - Route: CAI-MED
2026-01-25 07:47:51 | INFO     | Log file: D:\CODERED\LAB\Artifacts\outputs\run_generated_250126_at_07.06\logs\LF_CAI-MED_20260125_074751.log
2026-01-25 07:47:51 | INFO     | Enhanced logging: Capturing both logging.info() and print()
2026-01-25 07:47:51 | INFO     | ======================================================================
2026-01-25 07:47:51 | INFO     | Starting LF search for route: CAI-MED
2026-01-25 07:47:51 | INFO     | [START] LF Search
2026-01-25 07:47:52 | INFO     | [HEALTH CHECK] [OK] Chrome connection is healthy
2026-01-25 07:47:52 | INFO     | [DAY_START] Processing 24FEB
2026-01-25 07:47:52 | INFO     | [lf.day.start] Processing CAI-MED for 24FEB
2026-01-25 07:47:53 | INFO     | [lf.day.flights_found] Found 1 flights on 24FEB
2026-01-25 07:47:56 | INFO     | [lf.flight.extracted] SM493 on 24FEB: BKG=158, LF=88.3%
2026-01-25 07:48:00 | INFO     | [SUCCESS] Day 24FEB
2026-01-25 07:48:00 | INFO     | [DAY_START] Processing 23FEB
2026-01-25 07:48:00 | INFO     | [lf.day.start] Processing CAI-MED for 23FEB
2026-01-25 07:48:02 | INFO     | [lf.day.flights_found] Found 1 flights on 23FEB
2026-01-25 07:48:04 | INFO     | [lf.flight.extracted] SM495 on 23FEB: BKG=177, LF=98.9%
2026-01-25 07:48:08 | INFO     | [SUCCESS] Day 23FEB
2026-01-25 07:48:08 | INFO     | [DAY_START] Processing 22FEB
2026-01-25 07:48:08 | INFO     | [lf.day.start] Processing CAI-MED for 22FEB
2026-01-25 07:48:10 | INFO     | [lf.day.flights_found] Found 1 flights on 22FEB
2026-01-25 07:48:12 | INFO     | [lf.flight.extracted] SM493 on 22FEB: BKG=177, LF=98.9%
2026-01-25 07:48:17 | INFO     | [SUCCESS] Day 22FEB
2026-01-25 07:48:17 | INFO     | [DAY_START] Processing 21FEB
2026-01-25 07:48:17 | INFO     | [lf.day.start] Processing CAI-MED for 21FEB
2026-01-25 07:48:18 | INFO     | [lf.day.flights_found] Found 1 flights on 21FEB
2026-01-25 07:48:20 | INFO     | [lf.flight.extracted] SM493 on 21FEB: BKG=177, LF=98.9%
2026-01-25 07:48:26 | INFO     | [SUCCESS] Day 21FEB
2026-01-25 07:48:26 | INFO     | [DAY_START] Processing 20FEB
2026-01-25 07:48:26 | INFO     | [lf.day.start] Processing CAI-MED for 20FEB
2026-01-25 07:48:27 | INFO     | [lf.day.flights_found] Found 2 flights on 20FEB
2026-01-25 07:48:29 | INFO     | [lf.flight.extracted] SM971 on 20FEB: BKG=170, LF=96.6%
2026-01-25 07:48:33 | INFO     | [lf.flight.extracted] SM983 on 20FEB: BKG=170, LF=95.0%
2026-01-25 07:48:37 | INFO     | [SUCCESS] Day 20FEB
2026-01-25 07:48:37 | INFO     | [DAY_START] Processing 19FEB
2026-01-25 07:48:37 | INFO     | [lf.day.start] Processing CAI-MED for 19FEB
2026-01-25 07:48:39 | INFO     | [lf.day.flights_found] Found 1 flights on 19FEB
2026-01-25 07:48:41 | INFO     | [lf.flight.extracted] SM493 on 19FEB: BKG=173, LF=96.7%
2026-01-25 07:48:46 | INFO     | [SUCCESS] Day 19FEB
2026-01-25 07:48:46 | INFO     | [DAY_START] Processing 18FEB
2026-01-25 07:48:46 | INFO     | [lf.day.start] Processing CAI-MED for 18FEB
2026-01-25 07:48:55 | INFO     | [lf.day.flights_found] Found 2 flights on 18FEB
2026-01-25 07:48:58 | INFO     | [lf.flight.extracted] SM951 on 18FEB: BKG=170, LF=95.0%
2026-01-25 07:49:02 | INFO     | [lf.flight.extracted] SM953 on 18FEB: BKG=170, LF=95.0%
2026-01-25 07:49:06 | INFO     | [SUCCESS] Day 18FEB
2026-01-25 07:49:06 | INFO     | [DAY_START] Processing 17FEB
2026-01-25 07:49:06 | INFO     | [lf.day.start] Processing CAI-MED for 17FEB
2026-01-25 07:49:07 | INFO     | [lf.day.flights_found] Found 2 flights on 17FEB
2026-01-25 07:49:10 | INFO     | [lf.flight.extracted] SM971 on 17FEB: BKG=180, LF=100.6%
2026-01-25 07:49:13 | INFO     | [lf.flight.extracted] SM493 on 17FEB: BKG=177, LF=98.9%
2026-01-25 07:49:21 | INFO     | [SUCCESS] Day 17FEB
2026-01-25 07:49:21 | INFO     | [SUCCESS] LF Search Complete
2026-01-25 07:49:21 | INFO     | [Worker_9222] Completed: CAI-MED - 8 results, 0 errors
2026-01-25 07:49:21 | INFO     | [Worker_9222] Processing: ATZ-DMM
2026-01-25 07:49:21 | INFO     |   Tier 0: Range 1, Chunk 1/4 (8 days)
