2026-01-25 07:58:54 | INFO     | ======================================================================
2026-01-25 07:58:54 | INFO     | Load Factor Scraper Started - Route: CAI-JED
2026-01-25 07:58:54 | INFO     | Log file: D:\CODERED\LAB\Artifacts\outputs\run_generated_250126_at_07.06\logs\LF_CAI-JED_20260125_075854.log
2026-01-25 07:58:54 | INFO     | Enhanced logging: Capturing both logging.info() and print()
2026-01-25 07:58:54 | INFO     | ======================================================================
2026-01-25 07:58:54 | INFO     | Starting LF search for route: CAI-JED
2026-01-25 07:58:54 | INFO     | [START] LF Search
2026-01-25 07:58:54 | INFO     | [HEALTH CHECK] [OK] Chrome connection is healthy
2026-01-25 07:58:55 | INFO     | [DAY_START] Processing 08FEB
2026-01-25 07:58:55 | INFO     | [lf.day.start] Processing CAI-JED for 08FEB
2026-01-25 07:58:57 | INFO     | [lf.day.flights_found] Found 7 flights on 08FEB
2026-01-25 07:58:59 | INFO     | [lf.flight.extracted] SM475 on 08FEB: BKG=179, LF=100.0%
2026-01-25 07:59:02 | INFO     | [lf.flight.extracted] SM431 on 08FEB: BKG=184, LF=102.8%
2026-01-25 07:59:05 | INFO     | [lf.flight.extracted] SM947 on 08FEB: BKG=170, LF=95.0%
2026-01-25 07:59:08 | INFO     | [lf.flight.extracted] SM459 on 08FEB: BKG=172, LF=96.1%
2026-01-25 07:59:12 | INFO     | [lf.flight.extracted] SM479 on 08FEB: BKG=182, LF=101.7%
2026-01-25 07:59:15 | INFO     | [lf.flight.extracted] SM951 on 08FEB: BKG=180, LF=100.6%
2026-01-25 07:59:18 | INFO     | [lf.flight.extracted] SM477 on 08FEB: BKG=163, LF=91.1%
2026-01-25 07:59:31 | INFO     | [SUCCESS] Day 08FEB
2026-01-25 07:59:31 | INFO     | [DAY_START] Processing 07FEB
2026-01-25 07:59:31 | INFO     | [lf.day.start] Processing CAI-JED for 07FEB
2026-01-25 07:59:33 | INFO     | [lf.day.flights_found] Found 4 flights on 07FEB
2026-01-25 07:59:35 | INFO     | [lf.flight.extracted] SM449 on 07FEB: BKG=182, LF=103.4%
2026-01-25 07:59:39 | INFO     | [lf.flight.extracted] SM475 on 07FEB: BKG=167, LF=93.3%
2026-01-25 07:59:42 | INFO     | [lf.flight.extracted] SM423 on 07FEB: BKG=166, LF=92.7%
2026-01-25 07:59:46 | INFO     | [lf.flight.extracted] SM477 on 07FEB: BKG=164, LF=91.6%
2026-01-25 07:59:56 | INFO     | [SUCCESS] Day 07FEB
2026-01-25 07:59:56 | INFO     | [DAY_START] Processing 06FEB
2026-01-25 07:59:56 | INFO     | [lf.day.start] Processing CAI-JED for 06FEB
2026-01-25 07:59:58 | INFO     | [lf.day.flights_found] Found 5 flights on 06FEB
2026-01-25 08:00:00 | INFO     | [lf.flight.extracted] SM475 on 06FEB: BKG=101, LF=56.4%
2026-01-25 08:00:03 | INFO     | [lf.flight.extracted] SM477 on 06FEB: BKG=70, LF=39.1%
2026-01-25 08:00:09 | INFO     | [lf.flight.extracted] SM479 on 06FEB: BKG=115, LF=64.2%
2026-01-25 08:00:12 | INFO     | [lf.flight.extracted] SM459 on 06FEB: BKG=131, LF=73.2%
2026-01-25 08:00:15 | INFO     | [lf.flight.extracted] SM471 on 06FEB: BKG=110, LF=61.5%
2026-01-25 08:00:32 | INFO     | [SUCCESS] Day 06FEB
2026-01-25 08:00:32 | INFO     | [DAY_START] Processing 05FEB
2026-01-25 08:00:32 | INFO     | [lf.day.start] Processing CAI-JED for 05FEB
2026-01-25 08:00:34 | INFO     | [lf.day.flights_found] Found 7 flights on 05FEB
2026-01-25 08:00:36 | INFO     | [lf.flight.extracted] SM449 on 05FEB: BKG=145, LF=81.0%
2026-01-25 08:00:39 | INFO     | [lf.flight.extracted] SM475 on 05FEB: BKG=164, LF=91.6%
2026-01-25 08:00:43 | INFO     | [lf.flight.extracted] SM431 on 05FEB: BKG=107, LF=59.8%
2026-01-25 08:00:46 | INFO     | [lf.flight.extracted] SM961 on 05FEB: BKG=143, LF=81.2%
2026-01-25 08:00:49 | INFO     | [lf.flight.extracted] SM477 on 05FEB: BKG=145, LF=81.0%
2026-01-25 08:00:53 | INFO     | [lf.flight.extracted] SM423 on 05FEB: BKG=94, LF=53.4%
2026-01-25 08:00:56 | INFO     | [lf.flight.extracted] SM479 on 05FEB: BKG=83, LF=46.4%
2026-01-25 08:01:10 | ERROR    | Atomic write failed for D:\CODERED\LAB\Artifacts\outputs\run_generated_250126_at_07.06\checkpoints\flight_booking_data.json: [WinError 5] Access is denied: 'D:\\CODERED\\LAB\\Artifacts\\outputs\\run_generated_250126_at_07.06\\checkpoints\\flight_booking_data.tmp_bf6022da' -> 'D:\\CODERED\\LAB\\Artifacts\\outputs\\run_generated_250126_at_07.06\\checkpoints\\flight_booking_data.json'
2026-01-25 08:01:20 | INFO     | [SUCCESS] Day 05FEB
2026-01-25 08:01:20 | INFO     | [DAY_START] Processing 04FEB
2026-01-25 08:01:20 | INFO     | [lf.day.start] Processing CAI-JED for 04FEB
2026-01-25 08:01:22 | INFO     | [lf.day.flights_found] Found 5 flights on 04FEB
2026-01-25 08:01:24 | INFO     | [lf.flight.extracted] SM423 on 04FEB: BKG=124, LF=70.5%
2026-01-25 08:01:27 | INFO     | [lf.flight.extracted] SM475 on 04FEB: BKG=178, LF=99.4%
2026-01-25 08:01:31 | INFO     | [lf.flight.extracted] SM459 on 04FEB: BKG=130, LF=72.6%
2026-01-25 08:01:34 | INFO     | [lf.flight.extracted] SM477 on 04FEB: BKG=166, LF=92.7%
2026-01-25 08:01:37 | INFO     | [lf.flight.extracted] SM471 on 04FEB: BKG=144, LF=80.5%
2026-01-25 08:01:53 | INFO     | [SUCCESS] Day 04FEB
2026-01-25 08:01:53 | INFO     | [DAY_START] Processing 03FEB
2026-01-25 08:01:53 | INFO     | [lf.day.start] Processing CAI-JED for 03FEB
2026-01-25 08:01:55 | INFO     | [lf.day.flights_found] Found 7 flights on 03FEB
2026-01-25 08:01:57 | INFO     | [lf.flight.extracted] SM471 on 03FEB: BKG=127, LF=71.0%
2026-01-25 08:02:00 | INFO     | [lf.flight.extracted] SM953 on 03FEB: BKG=150, LF=83.8%
2026-01-25 08:02:03 | INFO     | [lf.flight.extracted] SM479 on 03FEB: BKG=47, LF=26.3%
2026-01-25 08:02:07 | INFO     | [lf.flight.extracted] SM477 on 03FEB: BKG=131, LF=73.2%
2026-01-25 08:02:10 | INFO     | [lf.flight.extracted] SM459 on 03FEB: BKG=71, LF=40.3%
2026-01-25 08:02:13 | INFO     | [lf.flight.extracted] SM475 on 03FEB: BKG=110, LF=61.5%
2026-01-25 08:02:17 | INFO     | [lf.flight.extracted] SM423 on 03FEB: BKG=70, LF=39.1%
2026-01-25 08:02:45 | INFO     | [SUCCESS] Day 03FEB
2026-01-25 08:02:45 | INFO     | [DAY_START] Processing 02FEB
2026-01-25 08:02:45 | INFO     | [lf.day.start] Processing CAI-JED for 02FEB
2026-01-25 08:02:47 | INFO     | [lf.day.flights_found] Found 3 flights on 02FEB
2026-01-25 08:02:49 | INFO     | [lf.flight.extracted] SM475 on 02FEB: BKG=25, LF=14.0%
2026-01-25 08:02:52 | INFO     | [lf.flight.extracted] SM477 on 02FEB: BKG=38, LF=21.2%
2026-01-25 08:02:55 | INFO     | [lf.flight.extracted] SM459 on 02FEB: BKG=47, LF=26.3%
2026-01-25 08:03:04 | INFO     | [SUCCESS] Day 02FEB
2026-01-25 08:03:04 | INFO     | [DAY_START] Processing 01FEB
2026-01-25 08:03:04 | INFO     | [lf.day.start] Processing CAI-JED for 01FEB
2026-01-25 08:03:06 | INFO     | [lf.day.flights_found] Found 5 flights on 01FEB
2026-01-25 08:03:08 | INFO     | [lf.flight.extracted] SM475 on 01FEB: BKG=39, LF=22.2%
2026-01-25 08:03:11 | INFO     | [lf.flight.extracted] SM431 on 01FEB: BKG=26, LF=14.5%
2026-01-25 08:03:14 | INFO     | [lf.flight.extracted] SM459 on 01FEB: BKG=46, LF=25.7%
2026-01-25 08:03:17 | INFO     | [lf.flight.extracted] SM479 on 01FEB: BKG=74, LF=41.3%
2026-01-25 08:03:21 | INFO     | [lf.flight.extracted] SM477 on 01FEB: BKG=79, LF=44.1%
2026-01-25 08:03:37 | INFO     | [SUCCESS] Day 01FEB
2026-01-25 08:03:37 | INFO     | [SUCCESS] LF Search Complete
2026-01-25 08:03:37 | INFO     | [Worker_9232] Completed: CAI-JED - 8 results, 0 errors
2026-01-25 08:03:37 | INFO     | [Worker_9232] Processing: CAI-JED
2026-01-25 08:03:37 | INFO     |   Tier 0: Range 1, Chunk 4/4 (7 days)
