2026-01-25 07:54:58 | INFO     | ======================================================================
2026-01-25 07:54:58 | INFO     | Load Factor Scraper Started - Route: CAI-TUU
2026-01-25 07:54:58 | INFO     | Log file: D:\CODERED\LAB\Artifacts\outputs\run_generated_250126_at_07.06\logs\LF_CAI-TUU_20260125_075458.log
2026-01-25 07:54:58 | INFO     | Enhanced logging: Capturing both logging.info() and print()
2026-01-25 07:54:58 | INFO     | ======================================================================
2026-01-25 07:54:58 | INFO     | Starting LF search for route: CAI-TUU
2026-01-25 07:54:58 | INFO     | [START] LF Search
2026-01-25 07:54:59 | INFO     | [HEALTH CHECK] [OK] Chrome connection is healthy
2026-01-25 07:54:59 | INFO     | [DAY_START] Processing 16FEB
2026-01-25 07:54:59 | INFO     | [lf.day.start] Processing CAI-TUU for 16FEB
2026-01-25 07:55:00 | WARNING  | [lf.day.no_flights] No direct flights on 16FEB
2026-01-25 07:55:00 | INFO     | [SUCCESS] Day 16FEB
2026-01-25 07:55:00 | INFO     | [DAY_START] Processing 15FEB
2026-01-25 07:55:00 | INFO     | [lf.day.start] Processing CAI-TUU for 15FEB
2026-01-25 07:55:01 | WARNING  | [lf.day.no_flights] No direct flights on 15FEB
2026-01-25 07:55:01 | INFO     | [SUCCESS] Day 15FEB
2026-01-25 07:55:01 | INFO     | [DAY_START] Processing 14FEB
2026-01-25 07:55:01 | INFO     | [lf.day.start] Processing CAI-TUU for 14FEB
2026-01-25 07:55:03 | INFO     | [lf.day.flights_found] Found 1 flights on 14FEB
2026-01-25 07:55:05 | INFO     | [lf.flight.extracted] SM325 on 14FEB: BKG=1, LF=0.9%
2026-01-25 07:55:08 | INFO     | [SUCCESS] Day 14FEB
2026-01-25 07:55:08 | INFO     | [DAY_START] Processing 13FEB
2026-01-25 07:55:08 | INFO     | [lf.day.start] Processing CAI-TUU for 13FEB
2026-01-25 07:55:09 | WARNING  | [lf.day.no_flights] No direct flights on 13FEB
2026-01-25 07:55:09 | INFO     | [SUCCESS] Day 13FEB
2026-01-25 07:55:09 | INFO     | [DAY_START] Processing 12FEB
2026-01-25 07:55:09 | INFO     | [lf.day.start] Processing CAI-TUU for 12FEB
2026-01-25 07:55:10 | INFO     | [lf.day.flights_found] Found 1 flights on 12FEB
2026-01-25 07:55:12 | INFO     | [lf.flight.extracted] SM325 on 12FEB: BKG=1, LF=0.6%
2026-01-25 07:55:15 | INFO     | [SUCCESS] Day 12FEB
2026-01-25 07:55:15 | INFO     | [DAY_START] Processing 11FEB
2026-01-25 07:55:15 | INFO     | [lf.day.start] Processing CAI-TUU for 11FEB
2026-01-25 07:55:17 | INFO     | [lf.day.flights_found] Found 1 flights on 11FEB
2026-01-25 07:55:19 | INFO     | [lf.flight.extracted] SM325 on 11FEB: BKG=0, LF=0.0%
2026-01-25 07:55:20 | INFO     | [SUCCESS] Day 11FEB
2026-01-25 07:55:20 | INFO     | [DAY_START] Processing 10FEB
2026-01-25 07:55:20 | INFO     | [lf.day.start] Processing CAI-TUU for 10FEB
2026-01-25 07:55:21 | WARNING  | [lf.day.no_flights] No direct flights on 10FEB
2026-01-25 07:55:21 | INFO     | [SUCCESS] Day 10FEB
2026-01-25 07:55:21 | INFO     | [DAY_START] Processing 09FEB
2026-01-25 07:55:21 | INFO     | [lf.day.start] Processing CAI-TUU for 09FEB
2026-01-25 07:55:22 | WARNING  | [lf.day.no_flights] No direct flights on 09FEB
2026-01-25 07:55:22 | INFO     | [SUCCESS] Day 09FEB
2026-01-25 07:55:22 | INFO     | [SUCCESS] LF Search Complete
2026-01-25 07:55:22 | INFO     | [Worker_9232] Completed: CAI-TUU - 8 results, 0 errors
2026-01-25 07:55:22 | INFO     | [Worker_9232] Processing: CAI-YNB
2026-01-25 07:55:22 | INFO     |   Tier 0: Range 1, Chunk 2/4 (8 days)
