2026-01-25 08:03:27 | INFO     | ======================================================================
2026-01-25 08:03:27 | INFO     | Load Factor Scraper Started - Route: CAI-MED
2026-01-25 08:03:27 | INFO     | Log file: D:\CODERED\LAB\Artifacts\outputs\run_generated_250126_at_07.06\logs\LF_CAI-MED_20260125_080327.log
2026-01-25 08:03:27 | INFO     | Enhanced logging: Capturing both logging.info() and print()
2026-01-25 08:03:27 | INFO     | ======================================================================
2026-01-25 08:03:27 | INFO     | Starting LF search for route: CAI-MED
2026-01-25 08:03:27 | INFO     | [START] LF Search
2026-01-25 08:03:28 | INFO     | [HEALTH CHECK] [OK] Chrome connection is healthy
2026-01-25 08:03:28 | INFO     | [DAY_START] Processing 31JAN
2026-01-25 08:03:28 | INFO     | [lf.day.start] Processing CAI-MED for 31JAN
2026-01-25 08:03:29 | INFO     | [lf.day.flights_found] Found 1 flights on 31JAN
2026-01-25 08:03:31 | INFO     | [lf.flight.extracted] SM493 on 31JAN: BKG=79, LF=44.1%
2026-01-25 08:03:35 | INFO     | [SUCCESS] Day 31JAN
2026-01-25 08:03:35 | INFO     | [DAY_START] Processing 30JAN
2026-01-25 08:03:35 | INFO     | [lf.day.start] Processing CAI-MED for 30JAN
2026-01-25 08:03:36 | WARNING  | [lf.day.no_flights] No direct flights on 30JAN
2026-01-25 08:03:36 | INFO     | [SUCCESS] Day 30JAN
2026-01-25 08:03:36 | INFO     | [DAY_START] Processing 29JAN
2026-01-25 08:03:36 | INFO     | [lf.day.start] Processing CAI-MED for 29JAN
2026-01-25 08:03:37 | INFO     | [lf.day.flights_found] Found 1 flights on 29JAN
2026-01-25 08:03:39 | INFO     | [lf.flight.extracted] SM493 on 29JAN: BKG=172, LF=97.7%
2026-01-25 08:03:44 | INFO     | [SUCCESS] Day 29JAN
2026-01-25 08:03:44 | INFO     | [DAY_START] Processing 28JAN
2026-01-25 08:03:44 | INFO     | [lf.day.start] Processing CAI-MED for 28JAN
2026-01-25 08:03:45 | WARNING  | [lf.day.no_flights] No direct flights on 28JAN
2026-01-25 08:03:45 | INFO     | [SUCCESS] Day 28JAN
2026-01-25 08:03:45 | INFO     | [DAY_START] Processing 27JAN
2026-01-25 08:03:45 | INFO     | [lf.day.start] Processing CAI-MED for 27JAN
2026-01-25 08:03:47 | INFO     | [lf.day.flights_found] Found 1 flights on 27JAN
2026-01-25 08:03:49 | INFO     | [lf.flight.extracted] SM493 on 27JAN: BKG=179, LF=100.0%
2026-01-25 08:03:53 | INFO     | [SUCCESS] Day 27JAN
2026-01-25 08:03:53 | INFO     | [DAY_START] Processing 26JAN
2026-01-25 08:03:53 | INFO     | [lf.day.start] Processing CAI-MED for 26JAN
2026-01-25 08:03:55 | INFO     | [lf.day.flights_found] Found 1 flights on 26JAN
2026-01-25 08:03:57 | INFO     | [lf.flight.extracted] SM495 on 26JAN: BKG=178, LF=99.4%
2026-01-25 08:04:02 | INFO     | [SUCCESS] Day 26JAN
2026-01-25 08:04:02 | INFO     | [SUCCESS] LF Search Complete
2026-01-25 08:04:02 | INFO     | [Worker_9222] Completed: CAI-MED - 6 results, 0 errors
2026-01-25 08:04:02 | INFO     | [Worker_9222] Processing: CAI-RUH
2026-01-25 08:04:02 | INFO     |   Tier 0: Range 1, Chunk 4/4 (7 days)
