2026-01-25 07:16:39 | INFO     | ======================================================================
2026-01-25 07:16:39 | INFO     | Load Factor Scraper Started - Route: CAI-ELQ
2026-01-25 07:16:39 | INFO     | Log file: D:\CODERED\LAB\Artifacts\outputs\run_generated_250126_at_07.06\logs\LF_CAI-ELQ_20260125_071639.log
2026-01-25 07:16:39 | INFO     | Enhanced logging: Capturing both logging.info() and print()
2026-01-25 07:16:39 | INFO     | ======================================================================
2026-01-25 07:16:39 | INFO     | Starting LF search for route: CAI-ELQ
2026-01-25 07:16:39 | INFO     | [START] LF Search
2026-01-25 07:16:40 | INFO     | [HEALTH CHECK] [OK] Chrome connection is healthy
2026-01-25 07:16:40 | INFO     | [DAY_START] Processing 14MAY
2026-01-25 07:16:40 | INFO     | [lf.day.start] Processing CAI-ELQ for 14MAY
2026-01-25 07:16:41 | WARNING  | [lf.day.no_flights] No direct flights on 14MAY
2026-01-25 07:16:41 | INFO     | [SUCCESS] Day 14MAY
2026-01-25 07:16:41 | INFO     | [DAY_START] Processing 13MAY
2026-01-25 07:16:41 | INFO     | [lf.day.start] Processing CAI-ELQ for 13MAY
2026-01-25 07:16:42 | INFO     | [lf.day.flights_found] Found 1 flights on 13MAY
2026-01-25 07:16:44 | INFO     | [lf.flight.extracted] SM427 on 13MAY: BKG=0, LF=0.0%
2026-01-25 07:16:45 | INFO     | [SUCCESS] Day 13MAY
2026-01-25 07:16:45 | INFO     | [DAY_START] Processing 12MAY
2026-01-25 07:16:45 | INFO     | [lf.day.start] Processing CAI-ELQ for 12MAY
2026-01-25 07:16:47 | INFO     | [lf.day.flights_found] Found 1 flights on 12MAY
2026-01-25 07:16:48 | INFO     | [lf.flight.extracted] SM427 on 12MAY: BKG=0, LF=0.0%
2026-01-25 07:16:50 | INFO     | [SUCCESS] Day 12MAY
2026-01-25 07:16:50 | INFO     | [DAY_START] Processing 11MAY
2026-01-25 07:16:50 | INFO     | [lf.day.start] Processing CAI-ELQ for 11MAY
2026-01-25 07:16:51 | WARNING  | [lf.day.no_flights] No direct flights on 11MAY
2026-01-25 07:16:51 | INFO     | [SUCCESS] Day 11MAY
2026-01-25 07:16:51 | INFO     | [DAY_START] Processing 10MAY
2026-01-25 07:16:51 | INFO     | [lf.day.start] Processing CAI-ELQ for 10MAY
2026-01-25 07:16:52 | WARNING  | [lf.day.no_flights] No direct flights on 10MAY
2026-01-25 07:16:52 | INFO     | [SUCCESS] Day 10MAY
2026-01-25 07:16:52 | INFO     | [DAY_START] Processing 09MAY
2026-01-25 07:16:52 | INFO     | [lf.day.start] Processing CAI-ELQ for 09MAY
2026-01-25 07:16:53 | WARNING  | [lf.day.no_flights] No direct flights on 09MAY
2026-01-25 07:16:53 | INFO     | [SUCCESS] Day 09MAY
2026-01-25 07:16:53 | INFO     | [DAY_START] Processing 08MAY
2026-01-25 07:16:53 | INFO     | [lf.day.start] Processing CAI-ELQ for 08MAY
2026-01-25 07:16:54 | INFO     | [lf.day.flights_found] Found 1 flights on 08MAY
2026-01-25 07:16:56 | INFO     | [lf.flight.extracted] SM427 on 08MAY: BKG=2, LF=1.1%
2026-01-25 07:16:59 | INFO     | [SUCCESS] Day 08MAY
2026-01-25 07:16:59 | INFO     | [DAY_START] Processing 07MAY
2026-01-25 07:16:59 | INFO     | [lf.day.start] Processing CAI-ELQ for 07MAY
2026-01-25 07:17:00 | WARNING  | [lf.day.no_flights] No direct flights on 07MAY
2026-01-25 07:17:00 | INFO     | [SUCCESS] Day 07MAY
2026-01-25 07:17:00 | INFO     | [SUCCESS] LF Search Complete
2026-01-25 07:17:19 | INFO     | [Worker_9227] Completed: CAI-ELQ - 8 results, 0 errors
2026-01-25 07:17:19 | INFO     | [Worker_9227] Processing: RUH-CAI
2026-01-25 07:17:19 | INFO     |   Tier 0: Range 4, Chunk 4/4 (8 days)
