2026-01-25 07:59:40 | INFO     | ======================================================================
2026-01-25 07:59:40 | INFO     | Load Factor Scraper Started - Route: CAI-DMM
2026-01-25 07:59:40 | INFO     | Log file: D:\CODERED\LAB\Artifacts\outputs\run_generated_250126_at_07.06\logs\LF_CAI-DMM_20260125_075940.log
2026-01-25 07:59:40 | INFO     | Enhanced logging: Capturing both logging.info() and print()
2026-01-25 07:59:40 | INFO     | ======================================================================
2026-01-25 07:59:40 | INFO     | Starting LF search for route: CAI-DMM
2026-01-25 07:59:40 | INFO     | [START] LF Search
2026-01-25 07:59:41 | INFO     | [HEALTH CHECK] [OK] Chrome connection is healthy
2026-01-25 07:59:41 | INFO     | [DAY_START] Processing 08FEB
2026-01-25 07:59:41 | INFO     | [lf.day.start] Processing CAI-DMM for 08FEB
2026-01-25 07:59:43 | WARNING  | [lf.day.no_flights] No direct flights on 08FEB
2026-01-25 07:59:43 | INFO     | [SUCCESS] Day 08FEB
2026-01-25 07:59:43 | INFO     | [DAY_START] Processing 07FEB
2026-01-25 07:59:43 | INFO     | [lf.day.start] Processing CAI-DMM for 07FEB
2026-01-25 07:59:44 | INFO     | [lf.day.flights_found] Found 1 flights on 07FEB
2026-01-25 07:59:46 | INFO     | [lf.flight.extracted] SM433 on 07FEB: BKG=47, LF=26.3%
2026-01-25 07:59:50 | INFO     | [SUCCESS] Day 07FEB
2026-01-25 07:59:50 | INFO     | [DAY_START] Processing 06FEB
2026-01-25 07:59:50 | INFO     | [lf.day.start] Processing CAI-DMM for 06FEB
2026-01-25 07:59:51 | INFO     | [lf.day.flights_found] Found 1 flights on 06FEB
2026-01-25 07:59:53 | INFO     | [lf.flight.extracted] SM433 on 06FEB: BKG=38, LF=21.2%
2026-01-25 07:59:56 | INFO     | [SUCCESS] Day 06FEB
2026-01-25 07:59:56 | INFO     | [DAY_START] Processing 05FEB
2026-01-25 07:59:56 | INFO     | [lf.day.start] Processing CAI-DMM for 05FEB
2026-01-25 07:59:57 | INFO     | [lf.day.flights_found] Found 1 flights on 05FEB
2026-01-25 07:59:59 | INFO     | [lf.flight.extracted] SM433 on 05FEB: BKG=63, LF=35.2%
2026-01-25 08:00:03 | INFO     | [SUCCESS] Day 05FEB
2026-01-25 08:00:03 | INFO     | [DAY_START] Processing 04FEB
2026-01-25 08:00:03 | INFO     | [lf.day.start] Processing CAI-DMM for 04FEB
2026-01-25 08:00:06 | WARNING  | [lf.day.no_flights] No direct flights on 04FEB
2026-01-25 08:00:06 | INFO     | [SUCCESS] Day 04FEB
2026-01-25 08:00:06 | INFO     | [DAY_START] Processing 03FEB
2026-01-25 08:00:06 | INFO     | [lf.day.start] Processing CAI-DMM for 03FEB
2026-01-25 08:00:07 | INFO     | [lf.day.flights_found] Found 1 flights on 03FEB
2026-01-25 08:00:10 | INFO     | [lf.flight.extracted] SM433 on 03FEB: BKG=49, LF=27.4%
2026-01-25 08:00:14 | INFO     | [SUCCESS] Day 03FEB
2026-01-25 08:00:14 | INFO     | [DAY_START] Processing 02FEB
2026-01-25 08:00:14 | INFO     | [lf.day.start] Processing CAI-DMM for 02FEB
2026-01-25 08:00:15 | WARNING  | [lf.day.no_flights] No direct flights on 02FEB
2026-01-25 08:00:15 | INFO     | [SUCCESS] Day 02FEB
2026-01-25 08:00:15 | INFO     | [DAY_START] Processing 01FEB
2026-01-25 08:00:15 | INFO     | [lf.day.start] Processing CAI-DMM for 01FEB
2026-01-25 08:00:17 | WARNING  | [lf.day.no_flights] No direct flights on 01FEB
2026-01-25 08:00:17 | INFO     | [SUCCESS] Day 01FEB
2026-01-25 08:00:17 | INFO     | [SUCCESS] LF Search Complete
2026-01-25 08:00:17 | INFO     | [Worker_9226] Completed: CAI-DMM - 8 results, 0 errors
2026-01-25 08:00:17 | INFO     | [Worker_9226] Processing: CAI-TUU
2026-01-25 08:00:17 | INFO     |   Tier 0: Range 1, Chunk 3/4 (8 days)
