2026-01-25 07:23:54 | INFO     | ======================================================================
2026-01-25 07:23:54 | INFO     | Load Factor Scraper Started - Route: CAI-AHB
2026-01-25 07:23:54 | INFO     | Log file: D:\CODERED\LAB\Artifacts\outputs\run_generated_250126_at_07.06\logs\LF_CAI-AHB_20260125_072354.log
2026-01-25 07:23:54 | INFO     | Enhanced logging: Capturing both logging.info() and print()
2026-01-25 07:23:54 | INFO     | ======================================================================
2026-01-25 07:23:54 | INFO     | Starting LF search for route: CAI-AHB
2026-01-25 07:23:54 | INFO     | [START] LF Search
2026-01-25 07:23:55 | INFO     | [HEALTH CHECK] [OK] Chrome connection is healthy
2026-01-25 07:23:55 | INFO     | [DAY_START] Processing 20APR
2026-01-25 07:23:55 | INFO     | [lf.day.start] Processing CAI-AHB for 20APR
2026-01-25 07:23:56 | INFO     | [lf.day.flights_found] Found 1 flights on 20APR
2026-01-25 07:23:58 | INFO     | [lf.flight.extracted] SM443 on 20APR: BKG=7, LF=3.9%
2026-01-25 07:24:01 | INFO     | [SUCCESS] Day 20APR
2026-01-25 07:24:01 | INFO     | [DAY_START] Processing 19APR
2026-01-25 07:24:01 | INFO     | [lf.day.start] Processing CAI-AHB for 19APR
2026-01-25 07:24:02 | WARNING  | [lf.day.no_flights] No direct flights on 19APR
2026-01-25 07:24:02 | INFO     | [SUCCESS] Day 19APR
2026-01-25 07:24:02 | INFO     | [DAY_START] Processing 18APR
2026-01-25 07:24:02 | INFO     | [lf.day.start] Processing CAI-AHB for 18APR
2026-01-25 07:24:03 | INFO     | [lf.day.flights_found] Found 1 flights on 18APR
2026-01-25 07:24:05 | INFO     | [lf.flight.extracted] SM443 on 18APR: BKG=13, LF=7.3%
2026-01-25 07:24:08 | INFO     | [SUCCESS] Day 18APR
2026-01-25 07:24:08 | INFO     | [DAY_START] Processing 17APR
2026-01-25 07:24:08 | INFO     | [lf.day.start] Processing CAI-AHB for 17APR
2026-01-25 07:24:09 | WARNING  | [lf.day.no_flights] No direct flights on 17APR
2026-01-25 07:24:09 | INFO     | [SUCCESS] Day 17APR
2026-01-25 07:24:09 | INFO     | [DAY_START] Processing 16APR
2026-01-25 07:24:09 | INFO     | [lf.day.start] Processing CAI-AHB for 16APR
2026-01-25 07:24:10 | INFO     | [lf.day.flights_found] Found 1 flights on 16APR
2026-01-25 07:24:12 | INFO     | [lf.flight.extracted] SM443 on 16APR: BKG=3, LF=1.7%
2026-01-25 07:24:15 | INFO     | [SUCCESS] Day 16APR
2026-01-25 07:24:15 | INFO     | [DAY_START] Processing 15APR
2026-01-25 07:24:15 | INFO     | [lf.day.start] Processing CAI-AHB for 15APR
2026-01-25 07:24:16 | INFO     | [lf.day.flights_found] Found 1 flights on 15APR
2026-01-25 07:24:18 | INFO     | [lf.flight.extracted] SM443 on 15APR: BKG=14, LF=7.8%
2026-01-25 07:24:21 | INFO     | [SUCCESS] Day 15APR
2026-01-25 07:24:21 | INFO     | [DAY_START] Processing 14APR
2026-01-25 07:24:21 | INFO     | [lf.day.start] Processing CAI-AHB for 14APR
2026-01-25 07:24:22 | WARNING  | [lf.day.no_flights] No direct flights on 14APR
2026-01-25 07:24:22 | INFO     | [SUCCESS] Day 14APR
2026-01-25 07:24:22 | INFO     | [DAY_START] Processing 13APR
2026-01-25 07:24:22 | INFO     | [lf.day.start] Processing CAI-AHB for 13APR
2026-01-25 07:24:24 | INFO     | [lf.day.flights_found] Found 1 flights on 13APR
2026-01-25 07:24:26 | INFO     | [lf.flight.extracted] SM443 on 13APR: BKG=12, LF=6.7%
2026-01-25 07:24:28 | INFO     | [SUCCESS] Day 13APR
2026-01-25 07:24:28 | INFO     | [SUCCESS] LF Search Complete
2026-01-25 07:24:28 | INFO     | [Worker_9227] Completed: CAI-AHB - 8 results, 0 errors
2026-01-25 07:24:28 | INFO     | [Worker_9227] Processing: JED-ATZ
2026-01-25 07:24:28 | INFO     |   Tier 0: Range 3, Chunk 3/4 (8 days)
