2026-01-25 07:32:56 | INFO     | ======================================================================
2026-01-25 07:32:56 | INFO     | Load Factor Scraper Started - Route: CAI-DMM
2026-01-25 07:32:56 | INFO     | Log file: D:\CODERED\LAB\Artifacts\outputs\run_generated_250126_at_07.06\logs\LF_CAI-DMM_20260125_073256.log
2026-01-25 07:32:56 | INFO     | Enhanced logging: Capturing both logging.info() and print()
2026-01-25 07:32:56 | INFO     | ======================================================================
2026-01-25 07:32:56 | INFO     | Starting LF search for route: CAI-DMM
2026-01-25 07:32:56 | INFO     | [START] LF Search
2026-01-25 07:32:57 | INFO     | [HEALTH CHECK] [OK] Chrome connection is healthy
2026-01-25 07:32:57 | INFO     | [DAY_START] Processing 27MAR
2026-01-25 07:32:57 | INFO     | [lf.day.start] Processing CAI-DMM for 27MAR
2026-01-25 07:32:59 | INFO     | [lf.day.flights_found] Found 1 flights on 27MAR
2026-01-25 07:33:01 | INFO     | [lf.flight.extracted] SM433 on 27MAR: BKG=79, LF=44.1%
2026-01-25 07:33:07 | INFO     | [SUCCESS] Day 27MAR
2026-01-25 07:33:07 | INFO     | [DAY_START] Processing 26MAR
2026-01-25 07:33:07 | INFO     | [lf.day.start] Processing CAI-DMM for 26MAR
2026-01-25 07:33:08 | INFO     | [lf.day.flights_found] Found 1 flights on 26MAR
2026-01-25 07:33:10 | INFO     | [lf.flight.extracted] SM433 on 26MAR: BKG=44, LF=24.6%
2026-01-25 07:33:15 | INFO     | [SUCCESS] Day 26MAR
2026-01-25 07:33:15 | INFO     | [DAY_START] Processing 25MAR
2026-01-25 07:33:15 | INFO     | [lf.day.start] Processing CAI-DMM for 25MAR
2026-01-25 07:33:16 | WARNING  | [lf.day.no_flights] No direct flights on 25MAR
2026-01-25 07:33:16 | INFO     | [SUCCESS] Day 25MAR
2026-01-25 07:33:16 | INFO     | [DAY_START] Processing 24MAR
2026-01-25 07:33:16 | INFO     | [lf.day.start] Processing CAI-DMM for 24MAR
2026-01-25 07:33:17 | INFO     | [lf.day.flights_found] Found 1 flights on 24MAR
2026-01-25 07:33:19 | INFO     | [lf.flight.extracted] SM433 on 24MAR: BKG=25, LF=14.0%
2026-01-25 07:33:23 | INFO     | [SUCCESS] Day 24MAR
2026-01-25 07:33:23 | INFO     | [DAY_START] Processing 23MAR
2026-01-25 07:33:23 | INFO     | [lf.day.start] Processing CAI-DMM for 23MAR
2026-01-25 07:33:24 | WARNING  | [lf.day.no_flights] No direct flights on 23MAR
2026-01-25 07:33:24 | INFO     | [SUCCESS] Day 23MAR
2026-01-25 07:33:24 | INFO     | [DAY_START] Processing 22MAR
2026-01-25 07:33:24 | INFO     | [lf.day.start] Processing CAI-DMM for 22MAR
2026-01-25 07:33:26 | WARNING  | [lf.day.no_flights] No direct flights on 22MAR
2026-01-25 07:33:26 | INFO     | [SUCCESS] Day 22MAR
2026-01-25 07:33:26 | INFO     | [DAY_START] Processing 21MAR
2026-01-25 07:33:26 | INFO     | [lf.day.start] Processing CAI-DMM for 21MAR
2026-01-25 07:33:27 | INFO     | [lf.day.flights_found] Found 1 flights on 21MAR
2026-01-25 07:33:29 | INFO     | [lf.flight.extracted] SM433 on 21MAR: BKG=51, LF=28.5%
2026-01-25 07:33:33 | INFO     | [SUCCESS] Day 21MAR
2026-01-25 07:33:33 | INFO     | [DAY_START] Processing 20MAR
2026-01-25 07:33:33 | INFO     | [lf.day.start] Processing CAI-DMM for 20MAR
2026-01-25 07:33:34 | INFO     | [lf.day.flights_found] Found 1 flights on 20MAR
2026-01-25 07:33:36 | INFO     | [lf.flight.extracted] SM433 on 20MAR: BKG=5, LF=2.8%
2026-01-25 07:33:39 | INFO     | [SUCCESS] Day 20MAR
2026-01-25 07:33:39 | INFO     | [SUCCESS] LF Search Complete
2026-01-25 07:33:39 | INFO     | [Worker_9233] Completed: CAI-DMM - 8 results, 0 errors
2026-01-25 07:33:39 | INFO     | [Worker_9233] Processing: CAI-YNB
2026-01-25 07:33:39 | INFO     |   Tier 0: Range 2, Chunk 1/4 (8 days)
