2026-01-25 07:12:17 | INFO     | ======================================================================
2026-01-25 07:12:17 | INFO     | Load Factor Scraper Started - Route: CAI-GIZ
2026-01-25 07:12:17 | INFO     | Log file: D:\CODERED\LAB\Artifacts\outputs\run_generated_250126_at_07.06\logs\LF_CAI-GIZ_20260125_071217.log
2026-01-25 07:12:17 | INFO     | Enhanced logging: Capturing both logging.info() and print()
2026-01-25 07:12:17 | INFO     | ======================================================================
2026-01-25 07:12:17 | INFO     | Starting LF search for route: CAI-GIZ
2026-01-25 07:12:17 | INFO     | [START] LF Search
2026-01-25 07:12:28 | INFO     | [HEALTH CHECK] [OK] Chrome connection is healthy
2026-01-25 07:12:28 | INFO     | [DAY_START] Processing 30MAY
2026-01-25 07:12:28 | INFO     | [lf.day.start] Processing CAI-GIZ for 30MAY
2026-01-25 07:12:29 | INFO     | [lf.day.flights_found] Found 1 flights on 30MAY
2026-01-25 07:12:31 | INFO     | [lf.flight.extracted] SM329 on 30MAY: BKG=0, LF=0.0%
2026-01-25 07:12:33 | INFO     | [SUCCESS] Day 30MAY
2026-01-25 07:12:33 | INFO     | [DAY_START] Processing 29MAY
2026-01-25 07:12:33 | INFO     | [lf.day.start] Processing CAI-GIZ for 29MAY
2026-01-25 07:12:34 | WARNING  | [lf.day.no_flights] No direct flights on 29MAY
2026-01-25 07:12:34 | INFO     | [SUCCESS] Day 29MAY
2026-01-25 07:12:34 | INFO     | [DAY_START] Processing 28MAY
2026-01-25 07:12:34 | INFO     | [lf.day.start] Processing CAI-GIZ for 28MAY
2026-01-25 07:12:35 | INFO     | [lf.day.flights_found] Found 1 flights on 28MAY
2026-01-25 07:12:37 | INFO     | [lf.flight.extracted] SM329 on 28MAY: BKG=0, LF=0.0%
2026-01-25 07:12:38 | INFO     | [SUCCESS] Day 28MAY
2026-01-25 07:12:38 | INFO     | [DAY_START] Processing 27MAY
2026-01-25 07:12:38 | INFO     | [lf.day.start] Processing CAI-GIZ for 27MAY
2026-01-25 07:12:39 | INFO     | [lf.day.flights_found] Found 1 flights on 27MAY
2026-01-25 07:12:41 | INFO     | [lf.flight.extracted] SM329 on 27MAY: BKG=0, LF=0.0%
2026-01-25 07:12:43 | INFO     | [SUCCESS] Day 27MAY
2026-01-25 07:12:43 | INFO     | [DAY_START] Processing 26MAY
2026-01-25 07:12:43 | INFO     | [lf.day.start] Processing CAI-GIZ for 26MAY
2026-01-25 07:12:44 | WARNING  | [lf.day.no_flights] No direct flights on 26MAY
2026-01-25 07:12:44 | INFO     | [SUCCESS] Day 26MAY
2026-01-25 07:12:44 | INFO     | [DAY_START] Processing 25MAY
2026-01-25 07:12:44 | INFO     | [lf.day.start] Processing CAI-GIZ for 25MAY
2026-01-25 07:12:45 | WARNING  | [lf.day.no_flights] No direct flights on 25MAY
2026-01-25 07:12:45 | INFO     | [SUCCESS] Day 25MAY
2026-01-25 07:12:45 | INFO     | [DAY_START] Processing 24MAY
2026-01-25 07:12:45 | INFO     | [lf.day.start] Processing CAI-GIZ for 24MAY
2026-01-25 07:12:46 | WARNING  | [lf.day.no_flights] No direct flights on 24MAY
2026-01-25 07:12:46 | INFO     | [SUCCESS] Day 24MAY
2026-01-25 07:12:46 | INFO     | [DAY_START] Processing 23MAY
2026-01-25 07:12:46 | INFO     | [lf.day.start] Processing CAI-GIZ for 23MAY
2026-01-25 07:12:47 | INFO     | [lf.day.flights_found] Found 1 flights on 23MAY
2026-01-25 07:12:49 | INFO     | [lf.flight.extracted] SM329 on 23MAY: BKG=1, LF=0.6%
2026-01-25 07:12:52 | INFO     | [SUCCESS] Day 23MAY
2026-01-25 07:12:52 | INFO     | [SUCCESS] LF Search Complete
2026-01-25 07:12:52 | INFO     | [Worker_9226] Completed: CAI-GIZ - 8 results, 0 errors
2026-01-25 07:12:52 | INFO     | [Worker_9226] Processing: TUU-ATZ
2026-01-25 07:12:52 | INFO     |   Tier 0: Range 4, Chunk 2/4 (8 days)
