2026-01-25 08:05:31 | INFO     | ======================================================================
2026-01-25 08:05:31 | INFO     | Load Factor Scraper Started - Route: CAI-GIZ
2026-01-25 08:05:31 | INFO     | Log file: D:\CODERED\LAB\Artifacts\outputs\run_generated_250126_at_07.06\logs\LF_CAI-GIZ_20260125_080531.log
2026-01-25 08:05:31 | INFO     | Enhanced logging: Capturing both logging.info() and print()
2026-01-25 08:05:31 | INFO     | ======================================================================
2026-01-25 08:05:31 | INFO     | Starting LF search for route: CAI-GIZ
2026-01-25 08:05:31 | INFO     | [START] LF Search
2026-01-25 08:05:32 | INFO     | [HEALTH CHECK] [OK] Chrome connection is healthy
2026-01-25 08:05:32 | INFO     | [DAY_START] Processing 31JAN
2026-01-25 08:05:32 | INFO     | [lf.day.start] Processing CAI-GIZ for 31JAN
2026-01-25 08:05:33 | INFO     | [lf.day.flights_found] Found 1 flights on 31JAN
2026-01-25 08:05:35 | INFO     | [lf.flight.extracted] SM329 on 31JAN: BKG=92, LF=51.4%
2026-01-25 08:05:40 | INFO     | [SUCCESS] Day 31JAN
2026-01-25 08:05:40 | INFO     | [DAY_START] Processing 30JAN
2026-01-25 08:05:40 | INFO     | [lf.day.start] Processing CAI-GIZ for 30JAN
2026-01-25 08:05:41 | WARNING  | [lf.day.no_flights] No direct flights on 30JAN
2026-01-25 08:05:41 | INFO     | [SUCCESS] Day 30JAN
2026-01-25 08:05:41 | INFO     | [DAY_START] Processing 29JAN
2026-01-25 08:05:41 | INFO     | [lf.day.start] Processing CAI-GIZ for 29JAN
2026-01-25 08:05:42 | INFO     | [lf.day.flights_found] Found 1 flights on 29JAN
2026-01-25 08:05:44 | INFO     | [lf.flight.extracted] SM329 on 29JAN: BKG=95, LF=53.1%
2026-01-25 08:05:50 | INFO     | [SUCCESS] Day 29JAN
2026-01-25 08:05:50 | INFO     | [DAY_START] Processing 28JAN
2026-01-25 08:05:50 | INFO     | [lf.day.start] Processing CAI-GIZ for 28JAN
2026-01-25 08:05:51 | WARNING  | [lf.day.no_flights] No direct flights on 28JAN
2026-01-25 08:05:51 | INFO     | [SUCCESS] Day 28JAN
2026-01-25 08:05:51 | INFO     | [DAY_START] Processing 27JAN
2026-01-25 08:05:51 | INFO     | [lf.day.start] Processing CAI-GIZ for 27JAN
2026-01-25 08:05:52 | WARNING  | [lf.day.no_flights] No direct flights on 27JAN
2026-01-25 08:05:52 | INFO     | [SUCCESS] Day 27JAN
2026-01-25 08:05:52 | INFO     | [DAY_START] Processing 26JAN
2026-01-25 08:05:52 | INFO     | [lf.day.start] Processing CAI-GIZ for 26JAN
2026-01-25 08:05:53 | WARNING  | [lf.day.no_flights] No direct flights on 26JAN
2026-01-25 08:05:53 | INFO     | [SUCCESS] Day 26JAN
2026-01-25 08:05:53 | INFO     | [SUCCESS] LF Search Complete
2026-01-25 08:05:53 | INFO     | [Worker_9226] Completed: CAI-GIZ - 6 results, 0 errors
2026-01-25 09:00:03 | INFO     | [Worker_9226] Shutdown signal received, exiting...
2026-01-25 09:00:03 | INFO     | [Worker_9226] Finished. Processed 90 groups.
