2026-01-25 07:45:03 | INFO     | ======================================================================
2026-01-25 07:45:03 | INFO     | Load Factor Scraper Started - Route: CAI-AHB
2026-01-25 07:45:03 | INFO     | Log file: D:\CODERED\LAB\Artifacts\outputs\run_generated_250126_at_07.06\logs\LF_CAI-AHB_20260125_074503.log
2026-01-25 07:45:03 | INFO     | Enhanced logging: Capturing both logging.info() and print()
2026-01-25 07:45:03 | INFO     | ======================================================================
2026-01-25 07:45:03 | INFO     | Starting LF search for route: CAI-AHB
2026-01-25 07:45:03 | INFO     | [START] LF Search
2026-01-25 07:45:04 | INFO     | [HEALTH CHECK] [OK] Chrome connection is healthy
2026-01-25 07:45:04 | INFO     | [DAY_START] Processing 03MAR
2026-01-25 07:45:04 | INFO     | [lf.day.start] Processing CAI-AHB for 03MAR
2026-01-25 07:45:05 | WARNING  | [lf.day.no_flights] No direct flights on 03MAR
2026-01-25 07:45:05 | INFO     | [SUCCESS] Day 03MAR
2026-01-25 07:45:05 | INFO     | [DAY_START] Processing 02MAR
2026-01-25 07:45:05 | INFO     | [lf.day.start] Processing CAI-AHB for 02MAR
2026-01-25 07:45:07 | WARNING  | [lf.day.no_flights] No direct flights on 02MAR
2026-01-25 07:45:07 | INFO     | [SUCCESS] Day 02MAR
2026-01-25 07:45:07 | INFO     | [DAY_START] Processing 01MAR
2026-01-25 07:45:07 | INFO     | [lf.day.start] Processing CAI-AHB for 01MAR
2026-01-25 07:45:08 | WARNING  | [lf.day.no_flights] No direct flights on 01MAR
2026-01-25 07:45:08 | INFO     | [SUCCESS] Day 01MAR
2026-01-25 07:45:08 | INFO     | [DAY_START] Processing 28FEB
2026-01-25 07:45:08 | INFO     | [lf.day.start] Processing CAI-AHB for 28FEB
2026-01-25 07:45:09 | INFO     | [lf.day.flights_found] Found 1 flights on 28FEB
2026-01-25 07:45:12 | INFO     | [lf.flight.extracted] SM443 on 28FEB: BKG=13, LF=7.3%
2026-01-25 07:45:15 | INFO     | [SUCCESS] Day 28FEB
2026-01-25 07:45:15 | INFO     | [DAY_START] Processing 27FEB
2026-01-25 07:45:15 | INFO     | [lf.day.start] Processing CAI-AHB for 27FEB
2026-01-25 07:45:17 | WARNING  | [lf.day.no_flights] No direct flights on 27FEB
2026-01-25 07:45:17 | INFO     | [SUCCESS] Day 27FEB
2026-01-25 07:45:17 | INFO     | [DAY_START] Processing 26FEB
2026-01-25 07:45:17 | INFO     | [lf.day.start] Processing CAI-AHB for 26FEB
2026-01-25 07:45:19 | INFO     | [lf.day.flights_found] Found 1 flights on 26FEB
2026-01-25 07:45:21 | INFO     | [lf.flight.extracted] SM443 on 26FEB: BKG=5, LF=2.8%
2026-01-25 07:45:24 | INFO     | [SUCCESS] Day 26FEB
2026-01-25 07:45:24 | INFO     | [DAY_START] Processing 25FEB
2026-01-25 07:45:24 | INFO     | [lf.day.start] Processing CAI-AHB for 25FEB
2026-01-25 07:45:26 | INFO     | [lf.day.flights_found] Found 1 flights on 25FEB
2026-01-25 07:45:28 | INFO     | [lf.flight.extracted] SM447 on 25FEB: BKG=3, LF=1.7%
2026-01-25 07:45:31 | INFO     | [SUCCESS] Day 25FEB
2026-01-25 07:45:31 | INFO     | [SUCCESS] LF Search Complete
2026-01-25 07:45:31 | INFO     | [Worker_9223] Completed: CAI-AHB - 7 results, 0 errors
2026-01-25 07:45:31 | INFO     | [Worker_9223] Processing: MED-HBE
2026-01-25 07:45:31 | INFO     |   Tier 0: Range 1, Chunk 1/4 (8 days)
