2026-01-25 07:15:59 | INFO     | ======================================================================
2026-01-25 07:15:59 | INFO     | Load Factor Scraper Started - Route: CAI-RUH
2026-01-25 07:15:59 | INFO     | Log file: D:\CODERED\LAB\Artifacts\outputs\run_generated_250126_at_07.06\logs\LF_CAI-RUH_20260125_071559.log
2026-01-25 07:15:59 | INFO     | Enhanced logging: Capturing both logging.info() and print()
2026-01-25 07:15:59 | INFO     | ======================================================================
2026-01-25 07:15:59 | INFO     | Starting LF search for route: CAI-RUH
2026-01-25 07:15:59 | INFO     | [START] LF Search
2026-01-25 07:16:00 | INFO     | [HEALTH CHECK] [OK] Chrome connection is healthy
2026-01-25 07:16:00 | INFO     | [DAY_START] Processing 14MAY
2026-01-25 07:16:00 | INFO     | [lf.day.start] Processing CAI-RUH for 14MAY
2026-01-25 07:16:01 | INFO     | [lf.day.flights_found] Found 1 flights on 14MAY
2026-01-25 07:16:03 | INFO     | [lf.flight.extracted] SM461 on 14MAY: BKG=0, LF=0.0%
2026-01-25 07:16:04 | INFO     | [SUCCESS] Day 14MAY
2026-01-25 07:16:04 | INFO     | [DAY_START] Processing 13MAY
2026-01-25 07:16:04 | INFO     | [lf.day.start] Processing CAI-RUH for 13MAY
2026-01-25 07:16:06 | INFO     | [lf.day.flights_found] Found 1 flights on 13MAY
2026-01-25 07:16:08 | INFO     | [lf.flight.extracted] SM461 on 13MAY: BKG=0, LF=0.0%
2026-01-25 07:16:09 | INFO     | [SUCCESS] Day 13MAY
2026-01-25 07:16:09 | INFO     | [DAY_START] Processing 12MAY
2026-01-25 07:16:09 | INFO     | [lf.day.start] Processing CAI-RUH for 12MAY
2026-01-25 07:16:10 | INFO     | [lf.day.flights_found] Found 1 flights on 12MAY
2026-01-25 07:16:12 | INFO     | [lf.flight.extracted] SM461 on 12MAY: BKG=0, LF=0.0%
2026-01-25 07:16:14 | INFO     | [SUCCESS] Day 12MAY
2026-01-25 07:16:14 | INFO     | [DAY_START] Processing 11MAY
2026-01-25 07:16:14 | INFO     | [lf.day.start] Processing CAI-RUH for 11MAY
2026-01-25 07:16:15 | INFO     | [lf.day.flights_found] Found 1 flights on 11MAY
2026-01-25 07:16:17 | INFO     | [lf.flight.extracted] SM461 on 11MAY: BKG=0, LF=0.0%
2026-01-25 07:16:18 | INFO     | [SUCCESS] Day 11MAY
2026-01-25 07:16:18 | INFO     | [DAY_START] Processing 10MAY
2026-01-25 07:16:18 | INFO     | [lf.day.start] Processing CAI-RUH for 10MAY
2026-01-25 07:16:19 | INFO     | [lf.day.flights_found] Found 1 flights on 10MAY
2026-01-25 07:16:21 | INFO     | [lf.flight.extracted] SM461 on 10MAY: BKG=0, LF=0.0%
2026-01-25 07:16:23 | INFO     | [SUCCESS] Day 10MAY
2026-01-25 07:16:23 | INFO     | [DAY_START] Processing 09MAY
2026-01-25 07:16:23 | INFO     | [lf.day.start] Processing CAI-RUH for 09MAY
2026-01-25 07:16:24 | INFO     | [lf.day.flights_found] Found 1 flights on 09MAY
2026-01-25 07:16:26 | INFO     | [lf.flight.extracted] SM461 on 09MAY: BKG=0, LF=0.0%
2026-01-25 07:16:27 | INFO     | [SUCCESS] Day 09MAY
2026-01-25 07:16:27 | INFO     | [DAY_START] Processing 08MAY
2026-01-25 07:16:27 | INFO     | [lf.day.start] Processing CAI-RUH for 08MAY
2026-01-25 07:16:29 | INFO     | [lf.day.flights_found] Found 1 flights on 08MAY
2026-01-25 07:16:31 | INFO     | [lf.flight.extracted] SM461 on 08MAY: BKG=0, LF=0.0%
2026-01-25 07:16:32 | INFO     | [SUCCESS] Day 08MAY
2026-01-25 07:16:32 | INFO     | [DAY_START] Processing 07MAY
2026-01-25 07:16:32 | INFO     | [lf.day.start] Processing CAI-RUH for 07MAY
2026-01-25 07:16:33 | INFO     | [lf.day.flights_found] Found 1 flights on 07MAY
2026-01-25 07:16:35 | INFO     | [lf.flight.extracted] SM461 on 07MAY: BKG=0, LF=0.0%
2026-01-25 07:16:36 | INFO     | [SUCCESS] Day 07MAY
2026-01-25 07:16:36 | INFO     | [SUCCESS] LF Search Complete
2026-01-25 07:16:36 | INFO     | [Worker_9222] Completed: CAI-RUH - 8 results, 0 errors
2026-01-25 07:16:36 | INFO     | [Worker_9222] Processing: ATZ-AHB
2026-01-25 07:16:36 | INFO     |   Tier 0: Range 4, Chunk 3/4 (8 days)
