2026-01-25 07:37:34 | INFO     | ======================================================================
2026-01-25 07:37:34 | INFO     | Load Factor Scraper Started - Route: CAI-ELQ
2026-01-25 07:37:34 | INFO     | Log file: D:\CODERED\LAB\Artifacts\outputs\run_generated_250126_at_07.06\logs\LF_CAI-ELQ_20260125_073734.log
2026-01-25 07:37:34 | INFO     | Enhanced logging: Capturing both logging.info() and print()
2026-01-25 07:37:34 | INFO     | ======================================================================
2026-01-25 07:37:34 | INFO     | Starting LF search for route: CAI-ELQ
2026-01-25 07:37:34 | INFO     | [START] LF Search
2026-01-25 07:37:35 | INFO     | [HEALTH CHECK] [OK] Chrome connection is healthy
2026-01-25 07:37:35 | INFO     | [DAY_START] Processing 19MAR
2026-01-25 07:37:35 | INFO     | [lf.day.start] Processing CAI-ELQ for 19MAR
2026-01-25 07:37:36 | INFO     | [lf.day.flights_found] Found 1 flights on 19MAR
2026-01-25 07:37:38 | INFO     | [lf.flight.extracted] SM427 on 19MAR: BKG=2, LF=1.1%
2026-01-25 07:37:41 | INFO     | [SUCCESS] Day 19MAR
2026-01-25 07:37:41 | INFO     | [DAY_START] Processing 18MAR
2026-01-25 07:37:41 | INFO     | [lf.day.start] Processing CAI-ELQ for 18MAR
2026-01-25 07:37:42 | WARNING  | [lf.day.no_flights] No direct flights on 18MAR
2026-01-25 07:37:42 | INFO     | [SUCCESS] Day 18MAR
2026-01-25 07:37:42 | INFO     | [DAY_START] Processing 17MAR
2026-01-25 07:37:42 | INFO     | [lf.day.start] Processing CAI-ELQ for 17MAR
2026-01-25 07:37:43 | WARNING  | [lf.day.no_flights] No direct flights on 17MAR
2026-01-25 07:37:43 | INFO     | [SUCCESS] Day 17MAR
2026-01-25 07:37:43 | INFO     | [DAY_START] Processing 16MAR
2026-01-25 07:37:43 | INFO     | [lf.day.start] Processing CAI-ELQ for 16MAR
2026-01-25 07:37:45 | WARNING  | [lf.day.no_flights] No direct flights on 16MAR
2026-01-25 07:37:45 | INFO     | [SUCCESS] Day 16MAR
2026-01-25 07:37:45 | INFO     | [DAY_START] Processing 15MAR
2026-01-25 07:37:45 | INFO     | [lf.day.start] Processing CAI-ELQ for 15MAR
2026-01-25 07:37:46 | INFO     | [lf.day.flights_found] Found 1 flights on 15MAR
2026-01-25 07:37:48 | INFO     | [lf.flight.extracted] SM427 on 15MAR: BKG=5, LF=2.8%
2026-01-25 07:37:50 | INFO     | [SUCCESS] Day 15MAR
2026-01-25 07:37:50 | INFO     | [DAY_START] Processing 14MAR
2026-01-25 07:37:50 | INFO     | [lf.day.start] Processing CAI-ELQ for 14MAR
2026-01-25 07:37:52 | WARNING  | [lf.day.no_flights] No direct flights on 14MAR
2026-01-25 07:37:52 | INFO     | [SUCCESS] Day 14MAR
2026-01-25 07:37:52 | INFO     | [DAY_START] Processing 13MAR
2026-01-25 07:37:52 | INFO     | [lf.day.start] Processing CAI-ELQ for 13MAR
2026-01-25 07:37:53 | INFO     | [lf.day.flights_found] Found 1 flights on 13MAR
2026-01-25 07:37:55 | INFO     | [lf.flight.extracted] SM427 on 13MAR: BKG=4, LF=2.2%
2026-01-25 07:37:57 | INFO     | [SUCCESS] Day 13MAR
2026-01-25 07:37:57 | INFO     | [DAY_START] Processing 12MAR
2026-01-25 07:37:57 | INFO     | [lf.day.start] Processing CAI-ELQ for 12MAR
2026-01-25 07:37:58 | INFO     | [lf.day.flights_found] Found 1 flights on 12MAR
2026-01-25 07:38:14 | INFO     | [lf.flight.extracted] SM427 on 12MAR: BKG=0, LF=0.0%
2026-01-25 07:38:15 | INFO     | [SUCCESS] Day 12MAR
2026-01-25 07:38:15 | INFO     | [SUCCESS] LF Search Complete
2026-01-25 07:38:15 | INFO     | [Worker_9233] Completed: CAI-ELQ - 8 results, 0 errors
2026-01-25 07:38:15 | INFO     | [Worker_9233] Processing: JED-ATZ
2026-01-25 07:38:15 | INFO     |   Tier 0: Range 2, Chunk 3/4 (8 days)
