2026-01-25 08:04:29 | INFO     | ======================================================================
2026-01-25 08:04:29 | INFO     | Load Factor Scraper Started - Route: CAI-TUU
2026-01-25 08:04:29 | INFO     | Log file: D:\CODERED\LAB\Artifacts\outputs\run_generated_250126_at_07.06\logs\LF_CAI-TUU_20260125_080429.log
2026-01-25 08:04:29 | INFO     | Enhanced logging: Capturing both logging.info() and print()
2026-01-25 08:04:29 | INFO     | ======================================================================
2026-01-25 08:04:29 | INFO     | Starting LF search for route: CAI-TUU
2026-01-25 08:04:29 | INFO     | [START] LF Search
2026-01-25 08:04:30 | INFO     | [HEALTH CHECK] [OK] Chrome connection is healthy
2026-01-25 08:04:30 | INFO     | [DAY_START] Processing 31JAN
2026-01-25 08:04:30 | INFO     | [lf.day.start] Processing CAI-TUU for 31JAN
2026-01-25 08:04:31 | INFO     | [lf.day.flights_found] Found 1 flights on 31JAN
2026-01-25 08:04:33 | INFO     | [lf.flight.extracted] SM325 on 31JAN: BKG=67, LF=37.4%
2026-01-25 08:04:38 | INFO     | [SUCCESS] Day 31JAN
2026-01-25 08:04:38 | INFO     | [DAY_START] Processing 30JAN
2026-01-25 08:04:38 | INFO     | [lf.day.start] Processing CAI-TUU for 30JAN
2026-01-25 08:04:39 | WARNING  | [lf.day.no_flights] No direct flights on 30JAN
2026-01-25 08:04:39 | INFO     | [SUCCESS] Day 30JAN
2026-01-25 08:04:39 | INFO     | [DAY_START] Processing 29JAN
2026-01-25 08:04:39 | INFO     | [lf.day.start] Processing CAI-TUU for 29JAN
2026-01-25 08:04:40 | INFO     | [lf.day.flights_found] Found 1 flights on 29JAN
2026-01-25 08:04:42 | INFO     | [lf.flight.extracted] SM325 on 29JAN: BKG=70, LF=64.2%
2026-01-25 08:04:47 | INFO     | [SUCCESS] Day 29JAN
2026-01-25 08:04:47 | INFO     | [DAY_START] Processing 28JAN
2026-01-25 08:04:47 | INFO     | [lf.day.start] Processing CAI-TUU for 28JAN
2026-01-25 08:04:48 | WARNING  | [lf.day.no_flights] No direct flights on 28JAN
2026-01-25 08:04:48 | INFO     | [SUCCESS] Day 28JAN
2026-01-25 08:04:48 | INFO     | [DAY_START] Processing 27JAN
2026-01-25 08:04:48 | INFO     | [lf.day.start] Processing CAI-TUU for 27JAN
2026-01-25 08:04:49 | WARNING  | [lf.day.no_flights] No direct flights on 27JAN
2026-01-25 08:04:49 | INFO     | [SUCCESS] Day 27JAN
2026-01-25 08:04:49 | INFO     | [DAY_START] Processing 26JAN
2026-01-25 08:04:49 | INFO     | [lf.day.start] Processing CAI-TUU for 26JAN
2026-01-25 08:04:50 | WARNING  | [lf.day.no_flights] No direct flights on 26JAN
2026-01-25 08:04:50 | INFO     | [SUCCESS] Day 26JAN
2026-01-25 08:04:50 | INFO     | [SUCCESS] LF Search Complete
2026-01-25 08:04:50 | INFO     | [Worker_9223] Completed: CAI-TUU - 6 results, 0 errors
2026-01-25 08:04:50 | INFO     | [Worker_9223] Processing: CAI-YNB
2026-01-25 08:04:50 | INFO     |   Tier 0: Range 1, Chunk 4/4 (7 days)
