2026-01-25 08:00:51 | INFO     | ======================================================================
2026-01-25 08:00:51 | INFO     | Load Factor Scraper Started - Route: CAI-ELQ
2026-01-25 08:00:51 | INFO     | Log file: D:\CODERED\LAB\Artifacts\outputs\run_generated_250126_at_07.06\logs\LF_CAI-ELQ_20260125_080051.log
2026-01-25 08:00:51 | INFO     | Enhanced logging: Capturing both logging.info() and print()
2026-01-25 08:00:51 | INFO     | ======================================================================
2026-01-25 08:00:51 | INFO     | Starting LF search for route: CAI-ELQ
2026-01-25 08:00:51 | INFO     | [START] LF Search
2026-01-25 08:00:52 | INFO     | [HEALTH CHECK] [OK] Chrome connection is healthy
2026-01-25 08:00:52 | INFO     | [DAY_START] Processing 08FEB
2026-01-25 08:00:52 | INFO     | [lf.day.start] Processing CAI-ELQ for 08FEB
2026-01-25 08:00:53 | INFO     | [lf.day.flights_found] Found 1 flights on 08FEB
2026-01-25 08:00:55 | INFO     | [lf.flight.extracted] SM427 on 08FEB: BKG=24, LF=13.6%
2026-01-25 08:00:58 | INFO     | [SUCCESS] Day 08FEB
2026-01-25 08:00:58 | INFO     | [DAY_START] Processing 07FEB
2026-01-25 08:00:58 | INFO     | [lf.day.start] Processing CAI-ELQ for 07FEB
2026-01-25 08:00:59 | WARNING  | [lf.day.no_flights] No direct flights on 07FEB
2026-01-25 08:00:59 | INFO     | [SUCCESS] Day 07FEB
2026-01-25 08:00:59 | INFO     | [DAY_START] Processing 06FEB
2026-01-25 08:00:59 | INFO     | [lf.day.start] Processing CAI-ELQ for 06FEB
2026-01-25 08:01:01 | INFO     | [lf.day.flights_found] Found 1 flights on 06FEB
2026-01-25 08:01:02 | INFO     | [lf.flight.extracted] SM427 on 06FEB: BKG=21, LF=19.3%
2026-01-25 08:01:06 | INFO     | [SUCCESS] Day 06FEB
2026-01-25 08:01:06 | INFO     | [DAY_START] Processing 05FEB
2026-01-25 08:01:06 | INFO     | [lf.day.start] Processing CAI-ELQ for 05FEB
2026-01-25 08:01:07 | INFO     | [lf.day.flights_found] Found 1 flights on 05FEB
2026-01-25 08:01:09 | INFO     | [lf.flight.extracted] SM427 on 05FEB: BKG=24, LF=22.0%
2026-01-25 08:01:12 | INFO     | [SUCCESS] Day 05FEB
2026-01-25 08:01:12 | INFO     | [DAY_START] Processing 04FEB
2026-01-25 08:01:12 | INFO     | [lf.day.start] Processing CAI-ELQ for 04FEB
2026-01-25 08:01:14 | WARNING  | [lf.day.no_flights] No direct flights on 04FEB
2026-01-25 08:01:14 | INFO     | [SUCCESS] Day 04FEB
2026-01-25 08:01:14 | INFO     | [DAY_START] Processing 03FEB
2026-01-25 08:01:14 | INFO     | [lf.day.start] Processing CAI-ELQ for 03FEB
2026-01-25 08:01:15 | WARNING  | [lf.day.no_flights] No direct flights on 03FEB
2026-01-25 08:01:15 | INFO     | [SUCCESS] Day 03FEB
2026-01-25 08:01:15 | INFO     | [DAY_START] Processing 02FEB
2026-01-25 08:01:15 | INFO     | [lf.day.start] Processing CAI-ELQ for 02FEB
2026-01-25 08:01:16 | WARNING  | [lf.day.no_flights] No direct flights on 02FEB
2026-01-25 08:01:16 | INFO     | [SUCCESS] Day 02FEB
2026-01-25 08:01:16 | INFO     | [DAY_START] Processing 01FEB
2026-01-25 08:01:16 | INFO     | [lf.day.start] Processing CAI-ELQ for 01FEB
2026-01-25 08:01:17 | INFO     | [lf.day.flights_found] Found 1 flights on 01FEB
2026-01-25 08:01:19 | INFO     | [lf.flight.extracted] SM427 on 01FEB: BKG=59, LF=33.0%
2026-01-25 08:01:23 | INFO     | [SUCCESS] Day 01FEB
2026-01-25 08:01:23 | INFO     | [SUCCESS] LF Search Complete
2026-01-25 08:01:23 | INFO     | [Worker_9224] Completed: CAI-ELQ - 8 results, 0 errors
2026-01-25 08:01:23 | INFO     | [Worker_9224] Processing: JED-HBE
2026-01-25 08:01:23 | INFO     |   Tier 0: Range 1, Chunk 4/4 (7 days)
