2026-01-25 08:00:42 | INFO     | ======================================================================
2026-01-25 08:00:42 | INFO     | Load Factor Scraper Started - Route: CAI-AHB
2026-01-25 08:00:42 | INFO     | Log file: D:\CODERED\LAB\Artifacts\outputs\run_generated_250126_at_07.06\logs\LF_CAI-AHB_20260125_080042.log
2026-01-25 08:00:42 | INFO     | Enhanced logging: Capturing both logging.info() and print()
2026-01-25 08:00:42 | INFO     | ======================================================================
2026-01-25 08:00:42 | INFO     | Starting LF search for route: CAI-AHB
2026-01-25 08:00:42 | INFO     | [START] LF Search
2026-01-25 08:00:43 | INFO     | [HEALTH CHECK] [OK] Chrome connection is healthy
2026-01-25 08:00:43 | INFO     | [DAY_START] Processing 08FEB
2026-01-25 08:00:43 | INFO     | [lf.day.start] Processing CAI-AHB for 08FEB
2026-01-25 08:00:44 | WARNING  | [lf.day.no_flights] No direct flights on 08FEB
2026-01-25 08:00:44 | INFO     | [SUCCESS] Day 08FEB
2026-01-25 08:00:44 | INFO     | [DAY_START] Processing 07FEB
2026-01-25 08:00:44 | INFO     | [lf.day.start] Processing CAI-AHB for 07FEB
2026-01-25 08:00:45 | INFO     | [lf.day.flights_found] Found 1 flights on 07FEB
2026-01-25 08:00:47 | INFO     | [lf.flight.extracted] SM443 on 07FEB: BKG=72, LF=40.9%
2026-01-25 08:00:52 | INFO     | [SUCCESS] Day 07FEB
2026-01-25 08:00:52 | INFO     | [DAY_START] Processing 06FEB
2026-01-25 08:00:52 | INFO     | [lf.day.start] Processing CAI-AHB for 06FEB
2026-01-25 08:00:53 | WARNING  | [lf.day.no_flights] No direct flights on 06FEB
2026-01-25 08:00:53 | INFO     | [SUCCESS] Day 06FEB
2026-01-25 08:00:53 | INFO     | [DAY_START] Processing 05FEB
2026-01-25 08:00:53 | INFO     | [lf.day.start] Processing CAI-AHB for 05FEB
2026-01-25 08:00:55 | INFO     | [lf.day.flights_found] Found 1 flights on 05FEB
2026-01-25 08:00:57 | INFO     | [lf.flight.extracted] SM443 on 05FEB: BKG=76, LF=42.5%
2026-01-25 08:01:02 | INFO     | [SUCCESS] Day 05FEB
2026-01-25 08:01:02 | INFO     | [DAY_START] Processing 04FEB
2026-01-25 08:01:02 | INFO     | [lf.day.start] Processing CAI-AHB for 04FEB
2026-01-25 08:01:03 | INFO     | [lf.day.flights_found] Found 1 flights on 04FEB
2026-01-25 08:01:05 | INFO     | [lf.flight.extracted] SM447 on 04FEB: BKG=102, LF=57.0%
2026-01-25 08:01:10 | INFO     | [SUCCESS] Day 04FEB
2026-01-25 08:01:10 | INFO     | [DAY_START] Processing 03FEB
2026-01-25 08:01:10 | INFO     | [lf.day.start] Processing CAI-AHB for 03FEB
2026-01-25 08:01:11 | WARNING  | [lf.day.no_flights] No direct flights on 03FEB
2026-01-25 08:01:11 | INFO     | [SUCCESS] Day 03FEB
2026-01-25 08:01:11 | INFO     | [DAY_START] Processing 02FEB
2026-01-25 08:01:11 | INFO     | [lf.day.start] Processing CAI-AHB for 02FEB
2026-01-25 08:01:12 | WARNING  | [lf.day.no_flights] No direct flights on 02FEB
2026-01-25 08:01:12 | INFO     | [SUCCESS] Day 02FEB
2026-01-25 08:01:12 | INFO     | [DAY_START] Processing 01FEB
2026-01-25 08:01:12 | INFO     | [lf.day.start] Processing CAI-AHB for 01FEB
2026-01-25 08:01:14 | WARNING  | [lf.day.no_flights] No direct flights on 01FEB
2026-01-25 08:01:14 | INFO     | [SUCCESS] Day 01FEB
2026-01-25 08:01:14 | INFO     | [SUCCESS] LF Search Complete
2026-01-25 08:01:14 | INFO     | [Worker_9226] Completed: CAI-AHB - 8 results, 0 errors
2026-01-25 08:01:14 | INFO     | [Worker_9226] Processing: MED-HBE
2026-01-25 08:01:14 | INFO     |   Tier 0: Range 1, Chunk 4/4 (7 days)
