2026-01-25 07:26:38 | INFO     | ======================================================================
2026-01-25 07:26:38 | INFO     | Load Factor Scraper Started - Route: CAI-GIZ
2026-01-25 07:26:38 | INFO     | Log file: D:\CODERED\LAB\Artifacts\outputs\run_generated_250126_at_07.06\logs\LF_CAI-GIZ_20260125_072638.log
2026-01-25 07:26:38 | INFO     | Enhanced logging: Capturing both logging.info() and print()
2026-01-25 07:26:38 | INFO     | ======================================================================
2026-01-25 07:26:38 | INFO     | Starting LF search for route: CAI-GIZ
2026-01-25 07:26:38 | INFO     | [START] LF Search
2026-01-25 07:26:39 | INFO     | [HEALTH CHECK] [OK] Chrome connection is healthy
2026-01-25 07:26:39 | INFO     | [DAY_START] Processing 12APR
2026-01-25 07:26:39 | INFO     | [lf.day.start] Processing CAI-GIZ for 12APR
2026-01-25 07:26:40 | WARNING  | [lf.day.no_flights] No direct flights on 12APR
2026-01-25 07:26:40 | INFO     | [SUCCESS] Day 12APR
2026-01-25 07:26:40 | INFO     | [DAY_START] Processing 11APR
2026-01-25 07:26:40 | INFO     | [lf.day.start] Processing CAI-GIZ for 11APR
2026-01-25 07:26:41 | INFO     | [lf.day.flights_found] Found 1 flights on 11APR
2026-01-25 07:26:43 | INFO     | [lf.flight.extracted] SM329 on 11APR: BKG=1, LF=0.6%
2026-01-25 07:26:46 | INFO     | [SUCCESS] Day 11APR
2026-01-25 07:26:46 | INFO     | [DAY_START] Processing 10APR
2026-01-25 07:26:46 | INFO     | [lf.day.start] Processing CAI-GIZ for 10APR
2026-01-25 07:26:47 | WARNING  | [lf.day.no_flights] No direct flights on 10APR
2026-01-25 07:26:47 | INFO     | [SUCCESS] Day 10APR
2026-01-25 07:26:47 | INFO     | [DAY_START] Processing 09APR
2026-01-25 07:26:47 | INFO     | [lf.day.start] Processing CAI-GIZ for 09APR
2026-01-25 07:26:48 | INFO     | [lf.day.flights_found] Found 1 flights on 09APR
2026-01-25 07:26:50 | INFO     | [lf.flight.extracted] SM329 on 09APR: BKG=5, LF=2.8%
2026-01-25 07:26:52 | INFO     | [SUCCESS] Day 09APR
2026-01-25 07:26:52 | INFO     | [DAY_START] Processing 08APR
2026-01-25 07:26:52 | INFO     | [lf.day.start] Processing CAI-GIZ for 08APR
2026-01-25 07:26:53 | INFO     | [lf.day.flights_found] Found 1 flights on 08APR
2026-01-25 07:26:56 | INFO     | [lf.flight.extracted] SM329 on 08APR: BKG=4, LF=2.2%
2026-01-25 07:26:58 | INFO     | [SUCCESS] Day 08APR
2026-01-25 07:26:58 | INFO     | [DAY_START] Processing 07APR
2026-01-25 07:26:58 | INFO     | [lf.day.start] Processing CAI-GIZ for 07APR
2026-01-25 07:26:59 | WARNING  | [lf.day.no_flights] No direct flights on 07APR
2026-01-25 07:26:59 | INFO     | [SUCCESS] Day 07APR
2026-01-25 07:26:59 | INFO     | [DAY_START] Processing 06APR
2026-01-25 07:26:59 | INFO     | [lf.day.start] Processing CAI-GIZ for 06APR
2026-01-25 07:27:00 | WARNING  | [lf.day.no_flights] No direct flights on 06APR
2026-01-25 07:27:00 | INFO     | [SUCCESS] Day 06APR
2026-01-25 07:27:00 | INFO     | [DAY_START] Processing 05APR
2026-01-25 07:27:00 | INFO     | [lf.day.start] Processing CAI-GIZ for 05APR
2026-01-25 07:27:02 | WARNING  | [lf.day.no_flights] No direct flights on 05APR
2026-01-25 07:27:02 | INFO     | [SUCCESS] Day 05APR
2026-01-25 07:27:02 | INFO     | [SUCCESS] LF Search Complete
2026-01-25 07:27:02 | INFO     | [Worker_9234] Completed: CAI-GIZ - 8 results, 0 errors
2026-01-25 07:27:02 | INFO     | [Worker_9234] Processing: JED-ASW
2026-01-25 07:27:02 | INFO     |   Tier 0: Range 3, Chunk 4/4 (8 days)
