2026-01-25 07:11:39 | INFO     | ======================================================================
2026-01-25 07:11:39 | INFO     | Load Factor Scraper Started - Route: CAI-DMM
2026-01-25 07:11:39 | INFO     | Log file: D:\CODERED\LAB\Artifacts\outputs\run_generated_250126_at_07.06\logs\LF_CAI-DMM_20260125_071139.log
2026-01-25 07:11:39 | INFO     | Enhanced logging: Capturing both logging.info() and print()
2026-01-25 07:11:39 | INFO     | ======================================================================
2026-01-25 07:11:39 | INFO     | Starting LF search for route: CAI-DMM
2026-01-25 07:11:39 | INFO     | [START] LF Search
2026-01-25 07:11:40 | INFO     | [HEALTH CHECK] [OK] Chrome connection is healthy
2026-01-25 07:11:40 | INFO     | [DAY_START] Processing 30MAY
2026-01-25 07:11:40 | INFO     | [lf.day.start] Processing CAI-DMM for 30MAY
2026-01-25 07:11:41 | INFO     | [lf.day.flights_found] Found 1 flights on 30MAY
2026-01-25 07:11:43 | INFO     | [lf.flight.extracted] SM433 on 30MAY: BKG=0, LF=0.0%
2026-01-25 07:11:44 | INFO     | [SUCCESS] Day 30MAY
2026-01-25 07:11:44 | INFO     | [DAY_START] Processing 29MAY
2026-01-25 07:11:44 | INFO     | [lf.day.start] Processing CAI-DMM for 29MAY
2026-01-25 07:11:45 | INFO     | [lf.day.flights_found] Found 1 flights on 29MAY
2026-01-25 07:11:47 | INFO     | [lf.flight.extracted] SM439 on 29MAY: BKG=0, LF=0.0%
2026-01-25 07:11:48 | INFO     | [SUCCESS] Day 29MAY
2026-01-25 07:11:48 | INFO     | [DAY_START] Processing 28MAY
2026-01-25 07:11:48 | INFO     | [lf.day.start] Processing CAI-DMM for 28MAY
2026-01-25 07:11:49 | INFO     | [lf.day.flights_found] Found 1 flights on 28MAY
2026-01-25 07:11:51 | INFO     | [lf.flight.extracted] SM433 on 28MAY: BKG=0, LF=0.0%
2026-01-25 07:11:52 | INFO     | [SUCCESS] Day 28MAY
2026-01-25 07:11:52 | INFO     | [DAY_START] Processing 27MAY
2026-01-25 07:11:52 | INFO     | [lf.day.start] Processing CAI-DMM for 27MAY
2026-01-25 07:11:53 | INFO     | [lf.day.flights_found] Found 1 flights on 27MAY
2026-01-25 07:11:55 | INFO     | [lf.flight.extracted] SM433 on 27MAY: BKG=1, LF=0.6%
2026-01-25 07:11:58 | INFO     | [SUCCESS] Day 27MAY
2026-01-25 07:11:58 | INFO     | [DAY_START] Processing 26MAY
2026-01-25 07:11:58 | INFO     | [lf.day.start] Processing CAI-DMM for 26MAY
2026-01-25 07:11:59 | INFO     | [lf.day.flights_found] Found 1 flights on 26MAY
2026-01-25 07:12:01 | INFO     | [lf.flight.extracted] SM433 on 26MAY: BKG=0, LF=0.0%
2026-01-25 07:12:02 | INFO     | [SUCCESS] Day 26MAY
2026-01-25 07:12:02 | INFO     | [DAY_START] Processing 25MAY
2026-01-25 07:12:02 | INFO     | [lf.day.start] Processing CAI-DMM for 25MAY
2026-01-25 07:12:03 | INFO     | [lf.day.flights_found] Found 1 flights on 25MAY
2026-01-25 07:12:05 | INFO     | [lf.flight.extracted] SM433 on 25MAY: BKG=1, LF=0.6%
2026-01-25 07:12:07 | INFO     | [SUCCESS] Day 25MAY
2026-01-25 07:12:07 | INFO     | [DAY_START] Processing 24MAY
2026-01-25 07:12:07 | INFO     | [lf.day.start] Processing CAI-DMM for 24MAY
2026-01-25 07:12:17 | INFO     | [lf.day.flights_found] Found 1 flights on 24MAY
2026-01-25 07:12:19 | INFO     | [lf.flight.extracted] SM439 on 24MAY: BKG=0, LF=0.0%
2026-01-25 07:12:20 | INFO     | [SUCCESS] Day 24MAY
2026-01-25 07:12:20 | INFO     | [DAY_START] Processing 23MAY
2026-01-25 07:12:20 | INFO     | [lf.day.start] Processing CAI-DMM for 23MAY
2026-01-25 07:12:21 | INFO     | [lf.day.flights_found] Found 1 flights on 23MAY
2026-01-25 07:12:23 | INFO     | [lf.flight.extracted] SM433 on 23MAY: BKG=1, LF=0.6%
2026-01-25 07:12:25 | INFO     | [SUCCESS] Day 23MAY
2026-01-25 07:12:25 | INFO     | [SUCCESS] LF Search Complete
2026-01-25 07:12:25 | INFO     | [Worker_9227] Completed: CAI-DMM - 8 results, 0 errors
2026-01-25 07:12:25 | INFO     | [Worker_9227] Processing: JED-CAI
2026-01-25 07:12:25 | INFO     |   Tier 0: Range 4, Chunk 2/4 (8 days)
