2026-01-25 07:49:12 | INFO     | ======================================================================
2026-01-25 07:49:12 | INFO     | Load Factor Scraper Started - Route: CAI-DMM
2026-01-25 07:49:12 | INFO     | Log file: D:\CODERED\LAB\Artifacts\outputs\run_generated_250126_at_07.06\logs\LF_CAI-DMM_20260125_074912.log
2026-01-25 07:49:13 | INFO     | Enhanced logging: Capturing both logging.info() and print()
2026-01-25 07:49:13 | INFO     | ======================================================================
2026-01-25 07:49:13 | INFO     | Starting LF search for route: CAI-DMM
2026-01-25 07:49:13 | INFO     | [START] LF Search
2026-01-25 07:49:14 | INFO     | [HEALTH CHECK] [OK] Chrome connection is healthy
2026-01-25 07:49:14 | INFO     | [DAY_START] Processing 24FEB
2026-01-25 07:49:14 | INFO     | [lf.day.start] Processing CAI-DMM for 24FEB
2026-01-25 07:49:15 | INFO     | [lf.day.flights_found] Found 1 flights on 24FEB
2026-01-25 07:49:17 | INFO     | [lf.flight.extracted] SM433 on 24FEB: BKG=4, LF=2.2%
2026-01-25 07:49:20 | INFO     | [SUCCESS] Day 24FEB
2026-01-25 07:49:20 | INFO     | [DAY_START] Processing 23FEB
2026-01-25 07:49:20 | INFO     | [lf.day.start] Processing CAI-DMM for 23FEB
2026-01-25 07:49:21 | WARNING  | [lf.day.no_flights] No direct flights on 23FEB
2026-01-25 07:49:21 | INFO     | [SUCCESS] Day 23FEB
2026-01-25 07:49:21 | INFO     | [DAY_START] Processing 22FEB
2026-01-25 07:49:21 | INFO     | [lf.day.start] Processing CAI-DMM for 22FEB
2026-01-25 07:49:23 | WARNING  | [lf.day.no_flights] No direct flights on 22FEB
2026-01-25 07:49:23 | INFO     | [SUCCESS] Day 22FEB
2026-01-25 07:49:23 | INFO     | [DAY_START] Processing 21FEB
2026-01-25 07:49:23 | INFO     | [lf.day.start] Processing CAI-DMM for 21FEB
2026-01-25 07:49:24 | INFO     | [lf.day.flights_found] Found 1 flights on 21FEB
2026-01-25 07:49:26 | INFO     | [lf.flight.extracted] SM433 on 21FEB: BKG=12, LF=6.7%
2026-01-25 07:49:29 | INFO     | [SUCCESS] Day 21FEB
2026-01-25 07:49:29 | INFO     | [DAY_START] Processing 20FEB
2026-01-25 07:49:29 | INFO     | [lf.day.start] Processing CAI-DMM for 20FEB
2026-01-25 07:49:30 | INFO     | [lf.day.flights_found] Found 1 flights on 20FEB
2026-01-25 07:49:32 | INFO     | [lf.flight.extracted] SM433 on 20FEB: BKG=13, LF=7.4%
2026-01-25 07:49:35 | INFO     | [SUCCESS] Day 20FEB
2026-01-25 07:49:35 | INFO     | [DAY_START] Processing 19FEB
2026-01-25 07:49:35 | INFO     | [lf.day.start] Processing CAI-DMM for 19FEB
2026-01-25 07:49:36 | INFO     | [lf.day.flights_found] Found 1 flights on 19FEB
2026-01-25 07:49:38 | INFO     | [lf.flight.extracted] SM433 on 19FEB: BKG=3, LF=1.7%
2026-01-25 07:49:41 | INFO     | [SUCCESS] Day 19FEB
2026-01-25 07:49:41 | INFO     | [DAY_START] Processing 18FEB
2026-01-25 07:49:41 | INFO     | [lf.day.start] Processing CAI-DMM for 18FEB
2026-01-25 07:49:42 | WARNING  | [lf.day.no_flights] No direct flights on 18FEB
2026-01-25 07:49:42 | INFO     | [SUCCESS] Day 18FEB
2026-01-25 07:49:42 | INFO     | [DAY_START] Processing 17FEB
2026-01-25 07:49:42 | INFO     | [lf.day.start] Processing CAI-DMM for 17FEB
2026-01-25 07:49:43 | INFO     | [lf.day.flights_found] Found 1 flights on 17FEB
2026-01-25 07:49:46 | INFO     | [lf.flight.extracted] SM433 on 17FEB: BKG=10, LF=5.6%
2026-01-25 07:49:48 | INFO     | [SUCCESS] Day 17FEB
2026-01-25 07:49:48 | INFO     | [SUCCESS] LF Search Complete
2026-01-25 07:49:48 | INFO     | [Worker_9227] Completed: CAI-DMM - 8 results, 0 errors
2026-01-25 07:49:48 | INFO     | [Worker_9227] Processing: ATZ-AJF
2026-01-25 07:49:48 | INFO     |   Tier 0: Range 1, Chunk 1/4 (8 days)
