2026-01-25 07:26:26 | INFO     | ======================================================================
2026-01-25 07:26:26 | INFO     | Load Factor Scraper Started - Route: CAI-AHB
2026-01-25 07:26:26 | INFO     | Log file: D:\CODERED\LAB\Artifacts\outputs\run_generated_250126_at_07.06\logs\LF_CAI-AHB_20260125_072626.log
2026-01-25 07:26:26 | INFO     | Enhanced logging: Capturing both logging.info() and print()
2026-01-25 07:26:26 | INFO     | ======================================================================
2026-01-25 07:26:26 | INFO     | Starting LF search for route: CAI-AHB
2026-01-25 07:26:26 | INFO     | [START] LF Search
2026-01-25 07:26:27 | INFO     | [HEALTH CHECK] [OK] Chrome connection is healthy
2026-01-25 07:26:27 | INFO     | [DAY_START] Processing 12APR
2026-01-25 07:26:27 | INFO     | [lf.day.start] Processing CAI-AHB for 12APR
2026-01-25 07:26:28 | WARNING  | [lf.day.no_flights] No direct flights on 12APR
2026-01-25 07:26:28 | INFO     | [SUCCESS] Day 12APR
2026-01-25 07:26:28 | INFO     | [DAY_START] Processing 11APR
2026-01-25 07:26:28 | INFO     | [lf.day.start] Processing CAI-AHB for 11APR
2026-01-25 07:26:29 | INFO     | [lf.day.flights_found] Found 1 flights on 11APR
2026-01-25 07:26:31 | INFO     | [lf.flight.extracted] SM443 on 11APR: BKG=24, LF=13.4%
2026-01-25 07:26:34 | INFO     | [SUCCESS] Day 11APR
2026-01-25 07:26:34 | INFO     | [DAY_START] Processing 10APR
2026-01-25 07:26:34 | INFO     | [lf.day.start] Processing CAI-AHB for 10APR
2026-01-25 07:26:36 | WARNING  | [lf.day.no_flights] No direct flights on 10APR
2026-01-25 07:26:36 | INFO     | [SUCCESS] Day 10APR
2026-01-25 07:26:36 | INFO     | [DAY_START] Processing 09APR
2026-01-25 07:26:36 | INFO     | [lf.day.start] Processing CAI-AHB for 09APR
2026-01-25 07:26:37 | INFO     | [lf.day.flights_found] Found 1 flights on 09APR
2026-01-25 07:26:39 | INFO     | [lf.flight.extracted] SM443 on 09APR: BKG=16, LF=8.9%
2026-01-25 07:26:41 | INFO     | [SUCCESS] Day 09APR
2026-01-25 07:26:41 | INFO     | [DAY_START] Processing 08APR
2026-01-25 07:26:41 | INFO     | [lf.day.start] Processing CAI-AHB for 08APR
2026-01-25 07:26:42 | INFO     | [lf.day.flights_found] Found 1 flights on 08APR
2026-01-25 07:26:44 | INFO     | [lf.flight.extracted] SM443 on 08APR: BKG=12, LF=6.7%
2026-01-25 07:26:47 | INFO     | [SUCCESS] Day 08APR
2026-01-25 07:26:47 | INFO     | [DAY_START] Processing 07APR
2026-01-25 07:26:47 | INFO     | [lf.day.start] Processing CAI-AHB for 07APR
2026-01-25 07:26:48 | WARNING  | [lf.day.no_flights] No direct flights on 07APR
2026-01-25 07:26:48 | INFO     | [SUCCESS] Day 07APR
2026-01-25 07:26:48 | INFO     | [DAY_START] Processing 06APR
2026-01-25 07:26:48 | INFO     | [lf.day.start] Processing CAI-AHB for 06APR
2026-01-25 07:26:49 | INFO     | [lf.day.flights_found] Found 1 flights on 06APR
2026-01-25 07:26:51 | INFO     | [lf.flight.extracted] SM443 on 06APR: BKG=16, LF=8.9%
2026-01-25 07:26:54 | INFO     | [SUCCESS] Day 06APR
2026-01-25 07:26:54 | INFO     | [DAY_START] Processing 05APR
2026-01-25 07:26:54 | INFO     | [lf.day.start] Processing CAI-AHB for 05APR
2026-01-25 07:26:55 | WARNING  | [lf.day.no_flights] No direct flights on 05APR
2026-01-25 07:26:55 | INFO     | [SUCCESS] Day 05APR
2026-01-25 07:26:55 | INFO     | [SUCCESS] LF Search Complete
2026-01-25 07:26:55 | INFO     | [Worker_9223] Completed: CAI-AHB - 8 results, 0 errors
2026-01-25 07:26:55 | INFO     | [Worker_9223] Processing: JED-ATZ
2026-01-25 07:26:55 | INFO     |   Tier 0: Range 3, Chunk 4/4 (8 days)
