2026-01-25 07:25:23 | INFO     | ======================================================================
2026-01-25 07:25:23 | INFO     | Load Factor Scraper Started - Route: CAI-MED
2026-01-25 07:25:23 | INFO     | Log file: D:\CODERED\LAB\Artifacts\outputs\run_generated_250126_at_07.06\logs\LF_CAI-MED_20260125_072523.log
2026-01-25 07:25:23 | INFO     | Enhanced logging: Capturing both logging.info() and print()
2026-01-25 07:25:23 | INFO     | ======================================================================
2026-01-25 07:25:23 | INFO     | Starting LF search for route: CAI-MED
2026-01-25 07:25:23 | INFO     | [START] LF Search
2026-01-25 07:25:24 | INFO     | [HEALTH CHECK] [OK] Chrome connection is healthy
2026-01-25 07:25:24 | INFO     | [DAY_START] Processing 12APR
2026-01-25 07:25:24 | INFO     | [lf.day.start] Processing CAI-MED for 12APR
2026-01-25 07:25:25 | INFO     | [lf.day.flights_found] Found 1 flights on 12APR
2026-01-25 07:25:27 | INFO     | [lf.flight.extracted] SM493 on 12APR: BKG=4, LF=2.2%
2026-01-25 07:25:30 | INFO     | [SUCCESS] Day 12APR
2026-01-25 07:25:30 | INFO     | [DAY_START] Processing 11APR
2026-01-25 07:25:30 | INFO     | [lf.day.start] Processing CAI-MED for 11APR
2026-01-25 07:25:31 | WARNING  | [lf.day.no_flights] No direct flights on 11APR
2026-01-25 07:25:31 | INFO     | [SUCCESS] Day 11APR
2026-01-25 07:25:31 | INFO     | [DAY_START] Processing 10APR
2026-01-25 07:25:31 | INFO     | [lf.day.start] Processing CAI-MED for 10APR
2026-01-25 07:25:32 | WARNING  | [lf.day.no_flights] No direct flights on 10APR
2026-01-25 07:25:32 | INFO     | [SUCCESS] Day 10APR
2026-01-25 07:25:32 | INFO     | [DAY_START] Processing 09APR
2026-01-25 07:25:32 | INFO     | [lf.day.start] Processing CAI-MED for 09APR
2026-01-25 07:25:33 | INFO     | [lf.day.flights_found] Found 1 flights on 09APR
2026-01-25 07:25:35 | INFO     | [lf.flight.extracted] SM493 on 09APR: BKG=3, LF=1.7%
2026-01-25 07:25:38 | INFO     | [SUCCESS] Day 09APR
2026-01-25 07:25:38 | INFO     | [DAY_START] Processing 08APR
2026-01-25 07:25:38 | INFO     | [lf.day.start] Processing CAI-MED for 08APR
2026-01-25 07:25:39 | INFO     | [lf.day.flights_found] Found 1 flights on 08APR
2026-01-25 07:25:41 | INFO     | [lf.flight.extracted] SM493 on 08APR: BKG=3, LF=1.7%
2026-01-25 07:25:44 | INFO     | [SUCCESS] Day 08APR
2026-01-25 07:25:44 | INFO     | [DAY_START] Processing 07APR
2026-01-25 07:25:44 | INFO     | [lf.day.start] Processing CAI-MED for 07APR
2026-01-25 07:25:45 | INFO     | [lf.day.flights_found] Found 1 flights on 07APR
2026-01-25 07:25:47 | INFO     | [lf.flight.extracted] SM493 on 07APR: BKG=2, LF=1.1%
2026-01-25 07:25:50 | INFO     | [SUCCESS] Day 07APR
2026-01-25 07:25:50 | INFO     | [DAY_START] Processing 06APR
2026-01-25 07:25:50 | INFO     | [lf.day.start] Processing CAI-MED for 06APR
2026-01-25 07:25:51 | WARNING  | [lf.day.no_flights] No direct flights on 06APR
2026-01-25 07:25:51 | INFO     | [SUCCESS] Day 06APR
2026-01-25 07:25:51 | INFO     | [DAY_START] Processing 05APR
2026-01-25 07:25:51 | INFO     | [lf.day.start] Processing CAI-MED for 05APR
2026-01-25 07:25:52 | INFO     | [lf.day.flights_found] Found 1 flights on 05APR
2026-01-25 07:25:54 | INFO     | [lf.flight.extracted] SM493 on 05APR: BKG=2, LF=1.1%
2026-01-25 07:25:57 | INFO     | [SUCCESS] Day 05APR
2026-01-25 07:25:57 | INFO     | [SUCCESS] LF Search Complete
2026-01-25 07:25:57 | INFO     | [Worker_9227] Completed: CAI-MED - 8 results, 0 errors
2026-01-25 07:25:57 | INFO     | [Worker_9227] Processing: ATZ-RUH
2026-01-25 07:25:57 | INFO     |   Tier 0: Range 3, Chunk 3/4 (8 days)
