2026-01-25 07:36:40 | INFO     | ======================================================================
2026-01-25 07:36:40 | INFO     | Load Factor Scraper Started - Route: CAI-RUH
2026-01-25 07:36:40 | INFO     | Log file: D:\CODERED\LAB\Artifacts\outputs\run_generated_250126_at_07.06\logs\LF_CAI-RUH_20260125_073640.log
2026-01-25 07:36:40 | INFO     | Enhanced logging: Capturing both logging.info() and print()
2026-01-25 07:36:40 | INFO     | ======================================================================
2026-01-25 07:36:40 | INFO     | Starting LF search for route: CAI-RUH
2026-01-25 07:36:40 | INFO     | [START] LF Search
2026-01-25 07:36:41 | INFO     | [HEALTH CHECK] [OK] Chrome connection is healthy
2026-01-25 07:36:41 | INFO     | [DAY_START] Processing 19MAR
2026-01-25 07:36:41 | INFO     | [lf.day.start] Processing CAI-RUH for 19MAR
2026-01-25 07:36:42 | INFO     | [lf.day.flights_found] Found 1 flights on 19MAR
2026-01-25 07:36:44 | INFO     | [lf.flight.extracted] SM461 on 19MAR: BKG=5, LF=2.8%
2026-01-25 07:36:47 | INFO     | [SUCCESS] Day 19MAR
2026-01-25 07:36:47 | INFO     | [DAY_START] Processing 18MAR
2026-01-25 07:36:47 | INFO     | [lf.day.start] Processing CAI-RUH for 18MAR
2026-01-25 07:36:48 | INFO     | [lf.day.flights_found] Found 2 flights on 18MAR
2026-01-25 07:36:50 | INFO     | [lf.flight.extracted] SM461 on 18MAR: BKG=1, LF=0.6%
2026-01-25 07:36:53 | INFO     | [lf.flight.extracted] SM469 on 18MAR: BKG=1, LF=0.6%
2026-01-25 07:36:57 | INFO     | [SUCCESS] Day 18MAR
2026-01-25 07:36:57 | INFO     | [DAY_START] Processing 17MAR
2026-01-25 07:36:57 | INFO     | [lf.day.start] Processing CAI-RUH for 17MAR
2026-01-25 07:36:58 | INFO     | [lf.day.flights_found] Found 1 flights on 17MAR
2026-01-25 07:37:00 | INFO     | [lf.flight.extracted] SM469 on 17MAR: BKG=3, LF=1.7%
2026-01-25 07:37:03 | INFO     | [SUCCESS] Day 17MAR
2026-01-25 07:37:03 | INFO     | [DAY_START] Processing 16MAR
2026-01-25 07:37:03 | INFO     | [lf.day.start] Processing CAI-RUH for 16MAR
2026-01-25 07:37:04 | INFO     | [lf.day.flights_found] Found 1 flights on 16MAR
2026-01-25 07:37:06 | INFO     | [lf.flight.extracted] SM469 on 16MAR: BKG=5, LF=2.8%
2026-01-25 07:37:09 | INFO     | [SUCCESS] Day 16MAR
2026-01-25 07:37:09 | INFO     | [DAY_START] Processing 15MAR
2026-01-25 07:37:09 | INFO     | [lf.day.start] Processing CAI-RUH for 15MAR
2026-01-25 07:37:10 | INFO     | [lf.day.flights_found] Found 1 flights on 15MAR
2026-01-25 07:37:12 | INFO     | [lf.flight.extracted] SM461 on 15MAR: BKG=8, LF=4.5%
2026-01-25 07:37:15 | INFO     | [SUCCESS] Day 15MAR
2026-01-25 07:37:15 | INFO     | [DAY_START] Processing 14MAR
2026-01-25 07:37:15 | INFO     | [lf.day.start] Processing CAI-RUH for 14MAR
2026-01-25 07:37:16 | INFO     | [lf.day.flights_found] Found 1 flights on 14MAR
2026-01-25 07:37:18 | INFO     | [lf.flight.extracted] SM461 on 14MAR: BKG=1, LF=0.6%
2026-01-25 07:37:21 | INFO     | [SUCCESS] Day 14MAR
2026-01-25 07:37:21 | INFO     | [DAY_START] Processing 13MAR
2026-01-25 07:37:21 | INFO     | [lf.day.start] Processing CAI-RUH for 13MAR
2026-01-25 07:37:22 | INFO     | [lf.day.flights_found] Found 2 flights on 13MAR
2026-01-25 07:37:25 | INFO     | [lf.flight.extracted] SM461 on 13MAR: BKG=3, LF=1.7%
2026-01-25 07:37:28 | INFO     | [lf.flight.extracted] SM469 on 13MAR: BKG=8, LF=4.5%
2026-01-25 07:37:32 | INFO     | [SUCCESS] Day 13MAR
2026-01-25 07:37:32 | INFO     | [DAY_START] Processing 12MAR
2026-01-25 07:37:32 | INFO     | [lf.day.start] Processing CAI-RUH for 12MAR
2026-01-25 07:37:33 | INFO     | [lf.day.flights_found] Found 1 flights on 12MAR
2026-01-25 07:37:35 | INFO     | [lf.flight.extracted] SM461 on 12MAR: BKG=4, LF=2.2%
2026-01-25 07:37:37 | INFO     | [SUCCESS] Day 12MAR
2026-01-25 07:37:37 | INFO     | [SUCCESS] LF Search Complete
2026-01-25 07:37:44 | INFO     | [Worker_9224] Completed: CAI-RUH - 8 results, 0 errors
2026-01-25 07:37:44 | INFO     | [Worker_9224] Processing: CAI-GIZ
2026-01-25 07:37:44 | INFO     |   Tier 0: Range 2, Chunk 2/4 (8 days)
