2026-01-25 07:21:20 | INFO     | ======================================================================
2026-01-25 07:21:20 | INFO     | Load Factor Scraper Started - Route: CAI-AHB
2026-01-25 07:21:20 | INFO     | Log file: D:\CODERED\LAB\Artifacts\outputs\run_generated_250126_at_07.06\logs\LF_CAI-AHB_20260125_072120.log
2026-01-25 07:21:20 | INFO     | Enhanced logging: Capturing both logging.info() and print()
2026-01-25 07:21:20 | INFO     | ======================================================================
2026-01-25 07:21:20 | INFO     | Starting LF search for route: CAI-AHB
2026-01-25 07:21:20 | INFO     | [START] LF Search
2026-01-25 07:21:21 | INFO     | [HEALTH CHECK] [OK] Chrome connection is healthy
2026-01-25 07:21:21 | INFO     | [DAY_START] Processing 28APR
2026-01-25 07:21:21 | INFO     | [lf.day.start] Processing CAI-AHB for 28APR
2026-01-25 07:21:22 | WARNING  | [lf.day.no_flights] No direct flights on 28APR
2026-01-25 07:21:22 | INFO     | [SUCCESS] Day 28APR
2026-01-25 07:21:22 | INFO     | [DAY_START] Processing 27APR
2026-01-25 07:21:22 | INFO     | [lf.day.start] Processing CAI-AHB for 27APR
2026-01-25 07:21:23 | INFO     | [lf.day.flights_found] Found 1 flights on 27APR
2026-01-25 07:21:25 | INFO     | [lf.flight.extracted] SM443 on 27APR: BKG=5, LF=2.8%
2026-01-25 07:21:28 | INFO     | [SUCCESS] Day 27APR
2026-01-25 07:21:28 | INFO     | [DAY_START] Processing 26APR
2026-01-25 07:21:28 | INFO     | [lf.day.start] Processing CAI-AHB for 26APR
2026-01-25 07:21:29 | WARNING  | [lf.day.no_flights] No direct flights on 26APR
2026-01-25 07:21:29 | INFO     | [SUCCESS] Day 26APR
2026-01-25 07:21:29 | INFO     | [DAY_START] Processing 25APR
2026-01-25 07:21:29 | INFO     | [lf.day.start] Processing CAI-AHB for 25APR
2026-01-25 07:21:30 | INFO     | [lf.day.flights_found] Found 1 flights on 25APR
2026-01-25 07:21:32 | INFO     | [lf.flight.extracted] SM443 on 25APR: BKG=11, LF=6.2%
2026-01-25 07:21:36 | INFO     | [SUCCESS] Day 25APR
2026-01-25 07:21:36 | INFO     | [DAY_START] Processing 24APR
2026-01-25 07:21:36 | INFO     | [lf.day.start] Processing CAI-AHB for 24APR
2026-01-25 07:21:37 | WARNING  | [lf.day.no_flights] No direct flights on 24APR
2026-01-25 07:21:37 | INFO     | [SUCCESS] Day 24APR
2026-01-25 07:21:37 | INFO     | [DAY_START] Processing 23APR
2026-01-25 07:21:37 | INFO     | [lf.day.start] Processing CAI-AHB for 23APR
2026-01-25 07:21:38 | INFO     | [lf.day.flights_found] Found 1 flights on 23APR
2026-01-25 07:21:41 | INFO     | [lf.flight.extracted] SM443 on 23APR: BKG=7, LF=3.9%
2026-01-25 07:21:43 | INFO     | [SUCCESS] Day 23APR
2026-01-25 07:21:43 | INFO     | [DAY_START] Processing 22APR
2026-01-25 07:21:43 | INFO     | [lf.day.start] Processing CAI-AHB for 22APR
2026-01-25 07:21:44 | INFO     | [lf.day.flights_found] Found 1 flights on 22APR
2026-01-25 07:21:47 | INFO     | [lf.flight.extracted] SM443 on 22APR: BKG=5, LF=2.8%
2026-01-25 07:21:50 | INFO     | [SUCCESS] Day 22APR
2026-01-25 07:21:50 | INFO     | [DAY_START] Processing 21APR
2026-01-25 07:21:50 | INFO     | [lf.day.start] Processing CAI-AHB for 21APR
2026-01-25 07:21:51 | WARNING  | [lf.day.no_flights] No direct flights on 21APR
2026-01-25 07:21:51 | INFO     | [SUCCESS] Day 21APR
2026-01-25 07:21:51 | INFO     | [SUCCESS] LF Search Complete
2026-01-25 07:21:51 | INFO     | [Worker_9223] Completed: CAI-AHB - 8 results, 0 errors
2026-01-25 07:21:51 | INFO     | [Worker_9223] Processing: JED-CAI
2026-01-25 07:21:51 | INFO     |   Tier 0: Range 3, Chunk 2/4 (8 days)
