2026-01-25 07:23:16 | INFO     | ======================================================================
2026-01-25 07:23:16 | INFO     | Load Factor Scraper Started - Route: CAI-JED
2026-01-25 07:23:16 | INFO     | Log file: D:\CODERED\LAB\Artifacts\outputs\run_generated_250126_at_07.06\logs\LF_CAI-JED_20260125_072316.log
2026-01-25 07:23:16 | INFO     | Enhanced logging: Capturing both logging.info() and print()
2026-01-25 07:23:16 | INFO     | ======================================================================
2026-01-25 07:23:16 | INFO     | Starting LF search for route: CAI-JED
2026-01-25 07:23:16 | INFO     | [START] LF Search
2026-01-25 07:23:17 | INFO     | [HEALTH CHECK] [OK] Chrome connection is healthy
2026-01-25 07:23:17 | INFO     | [DAY_START] Processing 20APR
2026-01-25 07:23:17 | INFO     | [lf.day.start] Processing CAI-JED for 20APR
2026-01-25 07:23:19 | INFO     | [lf.day.flights_found] Found 3 flights on 20APR
2026-01-25 07:23:22 | INFO     | [lf.flight.extracted] SM477 on 20APR: BKG=4, LF=2.2%
2026-01-25 07:23:26 | INFO     | [lf.flight.extracted] SM475 on 20APR: BKG=7, LF=3.9%
2026-01-25 07:23:29 | INFO     | [lf.flight.extracted] SM479 on 20APR: BKG=10, LF=5.6%
2026-01-25 07:23:34 | INFO     | [SUCCESS] Day 20APR
2026-01-25 07:23:34 | INFO     | [DAY_START] Processing 19APR
2026-01-25 07:23:34 | INFO     | [lf.day.start] Processing CAI-JED for 19APR
2026-01-25 07:23:37 | INFO     | [lf.day.flights_found] Found 3 flights on 19APR
2026-01-25 07:23:39 | INFO     | [lf.flight.extracted] SM477 on 19APR: BKG=4, LF=2.2%
2026-01-25 07:23:42 | INFO     | [lf.flight.extracted] SM475 on 19APR: BKG=9, LF=5.0%
2026-01-25 07:23:47 | INFO     | [lf.flight.extracted] SM459 on 19APR: BKG=4, LF=2.2%
2026-01-25 07:23:52 | INFO     | [SUCCESS] Day 19APR
2026-01-25 07:23:52 | INFO     | [DAY_START] Processing 18APR
2026-01-25 07:23:52 | INFO     | [lf.day.start] Processing CAI-JED for 18APR
2026-01-25 07:23:54 | INFO     | [lf.day.flights_found] Found 2 flights on 18APR
2026-01-25 07:23:56 | INFO     | [lf.flight.extracted] SM477 on 18APR: BKG=9, LF=5.0%
2026-01-25 07:23:59 | INFO     | [lf.flight.extracted] SM475 on 18APR: BKG=15, LF=8.4%
2026-01-25 07:24:03 | INFO     | [SUCCESS] Day 18APR
2026-01-25 07:24:03 | INFO     | [DAY_START] Processing 17APR
2026-01-25 07:24:03 | INFO     | [lf.day.start] Processing CAI-JED for 17APR
2026-01-25 07:24:06 | INFO     | [lf.day.flights_found] Found 3 flights on 17APR
2026-01-25 07:24:08 | INFO     | [lf.flight.extracted] SM477 on 17APR: BKG=2, LF=1.1%
2026-01-25 07:24:11 | INFO     | [lf.flight.extracted] SM475 on 17APR: BKG=3, LF=1.7%
2026-01-25 07:24:14 | INFO     | [lf.flight.extracted] SM479 on 17APR: BKG=17, LF=9.5%
2026-01-25 07:24:17 | ERROR    | Atomic write failed for D:\CODERED\LAB\Artifacts\outputs\run_generated_250126_at_07.06\checkpoints\flight_booking_data.json: [WinError 5] Access is denied: 'D:\\CODERED\\LAB\\Artifacts\\outputs\\run_generated_250126_at_07.06\\checkpoints\\flight_booking_data.tmp_107cc349' -> 'D:\\CODERED\\LAB\\Artifacts\\outputs\\run_generated_250126_at_07.06\\checkpoints\\flight_booking_data.json'
2026-01-25 07:24:20 | INFO     | [SUCCESS] Day 17APR
2026-01-25 07:24:20 | INFO     | [DAY_START] Processing 16APR
2026-01-25 07:24:20 | INFO     | [lf.day.start] Processing CAI-JED for 16APR
2026-01-25 07:24:22 | INFO     | [lf.day.flights_found] Found 3 flights on 16APR
2026-01-25 07:24:24 | INFO     | [lf.flight.extracted] SM477 on 16APR: BKG=3, LF=1.7%
2026-01-25 07:24:28 | INFO     | [lf.flight.extracted] SM475 on 16APR: BKG=6, LF=3.4%
2026-01-25 07:24:31 | INFO     | [lf.flight.extracted] SM459 on 16APR: BKG=5, LF=2.8%
2026-01-25 07:24:36 | INFO     | [SUCCESS] Day 16APR
2026-01-25 07:24:36 | INFO     | [DAY_START] Processing 15APR
2026-01-25 07:24:36 | INFO     | [lf.day.start] Processing CAI-JED for 15APR
2026-01-25 07:24:38 | INFO     | [lf.day.flights_found] Found 2 flights on 15APR
2026-01-25 07:24:40 | INFO     | [lf.flight.extracted] SM477 on 15APR: BKG=7, LF=3.9%
2026-01-25 07:24:44 | INFO     | [lf.flight.extracted] SM475 on 15APR: BKG=8, LF=4.5%
2026-01-25 07:24:47 | INFO     | [SUCCESS] Day 15APR
2026-01-25 07:24:47 | INFO     | [DAY_START] Processing 14APR
2026-01-25 07:24:47 | INFO     | [lf.day.start] Processing CAI-JED for 14APR
2026-01-25 07:24:50 | INFO     | [lf.day.flights_found] Found 3 flights on 14APR
2026-01-25 07:24:52 | INFO     | [lf.flight.extracted] SM477 on 14APR: BKG=4, LF=2.2%
2026-01-25 07:24:55 | INFO     | [lf.flight.extracted] SM475 on 14APR: BKG=3, LF=1.7%
2026-01-25 07:24:59 | INFO     | [lf.flight.extracted] SM479 on 14APR: BKG=13, LF=7.3%
2026-01-25 07:25:04 | INFO     | [SUCCESS] Day 14APR
2026-01-25 07:25:04 | INFO     | [DAY_START] Processing 13APR
2026-01-25 07:25:04 | INFO     | [lf.day.start] Processing CAI-JED for 13APR
2026-01-25 07:25:06 | INFO     | [lf.day.flights_found] Found 3 flights on 13APR
2026-01-25 07:25:08 | INFO     | [lf.flight.extracted] SM477 on 13APR: BKG=3, LF=1.7%
2026-01-25 07:25:12 | INFO     | [lf.flight.extracted] SM475 on 13APR: BKG=2, LF=1.1%
2026-01-25 07:25:15 | INFO     | [lf.flight.extracted] SM479 on 13APR: BKG=8, LF=4.5%
2026-01-25 07:25:20 | INFO     | [SUCCESS] Day 13APR
2026-01-25 07:25:20 | INFO     | [SUCCESS] LF Search Complete
2026-01-25 07:25:20 | INFO     | [Worker_9225] Completed: CAI-JED - 8 results, 0 errors
2026-01-25 07:25:20 | INFO     | [Worker_9225] Processing: GIZ-CAI
2026-01-25 07:25:20 | INFO     |   Tier 0: Range 3, Chunk 3/4 (8 days)
