2026-01-25 07:11:13 | INFO     | ======================================================================
2026-01-25 07:11:13 | INFO     | Load Factor Scraper Started - Route: CAI-JED
2026-01-25 07:11:13 | INFO     | Log file: D:\CODERED\LAB\Artifacts\outputs\run_generated_250126_at_07.06\logs\LF_CAI-JED_20260125_071113.log
2026-01-25 07:11:13 | INFO     | Enhanced logging: Capturing both logging.info() and print()
2026-01-25 07:11:13 | INFO     | ======================================================================
2026-01-25 07:11:13 | INFO     | Starting LF search for route: CAI-JED
2026-01-25 07:11:13 | INFO     | [START] LF Search
2026-01-25 07:11:14 | INFO     | [HEALTH CHECK] [OK] Chrome connection is healthy
2026-01-25 07:11:14 | INFO     | [DAY_START] Processing 30MAY
2026-01-25 07:11:14 | INFO     | [lf.day.start] Processing CAI-JED for 30MAY
2026-01-25 07:11:16 | INFO     | [lf.day.flights_found] Found 2 flights on 30MAY
2026-01-25 07:11:18 | INFO     | [lf.flight.extracted] SM477 on 30MAY: BKG=2, LF=1.1%
2026-01-25 07:11:21 | INFO     | [lf.flight.extracted] SM475 on 30MAY: BKG=6, LF=3.4%
2026-01-25 07:11:25 | INFO     | [SUCCESS] Day 30MAY
2026-01-25 07:11:25 | INFO     | [DAY_START] Processing 29MAY
2026-01-25 07:11:25 | INFO     | [lf.day.start] Processing CAI-JED for 29MAY
2026-01-25 07:11:27 | INFO     | [lf.day.flights_found] Found 3 flights on 29MAY
2026-01-25 07:11:29 | INFO     | [lf.flight.extracted] SM477 on 29MAY: BKG=0, LF=0.0%
2026-01-25 07:11:33 | INFO     | [lf.flight.extracted] SM475 on 29MAY: BKG=0, LF=0.0%
2026-01-25 07:11:36 | INFO     | [lf.flight.extracted] SM479 on 29MAY: BKG=2, LF=1.1%
2026-01-25 07:11:38 | INFO     | [SUCCESS] Day 29MAY
2026-01-25 07:11:38 | INFO     | [DAY_START] Processing 28MAY
2026-01-25 07:11:38 | INFO     | [lf.day.start] Processing CAI-JED for 28MAY
2026-01-25 07:11:41 | INFO     | [lf.day.flights_found] Found 3 flights on 28MAY
2026-01-25 07:11:43 | INFO     | [lf.flight.extracted] SM477 on 28MAY: BKG=0, LF=0.0%
2026-01-25 07:11:46 | INFO     | [lf.flight.extracted] SM475 on 28MAY: BKG=0, LF=0.0%
2026-01-25 07:11:49 | INFO     | [lf.flight.extracted] SM459 on 28MAY: BKG=0, LF=0.0%
2026-01-25 07:11:50 | INFO     | [SUCCESS] Day 28MAY
2026-01-25 07:11:50 | INFO     | [DAY_START] Processing 27MAY
2026-01-25 07:11:50 | INFO     | [lf.day.start] Processing CAI-JED for 27MAY
2026-01-25 07:11:52 | INFO     | [lf.day.flights_found] Found 2 flights on 27MAY
2026-01-25 07:11:54 | INFO     | [lf.flight.extracted] SM477 on 27MAY: BKG=0, LF=0.0%
2026-01-25 07:11:57 | INFO     | [lf.flight.extracted] SM475 on 27MAY: BKG=0, LF=0.0%
2026-01-25 07:11:58 | INFO     | [SUCCESS] Day 27MAY
2026-01-25 07:11:58 | INFO     | [DAY_START] Processing 26MAY
2026-01-25 07:11:58 | INFO     | [lf.day.start] Processing CAI-JED for 26MAY
2026-01-25 07:12:00 | INFO     | [lf.day.flights_found] Found 3 flights on 26MAY
2026-01-25 07:12:02 | INFO     | [lf.flight.extracted] SM477 on 26MAY: BKG=0, LF=0.0%
2026-01-25 07:12:05 | INFO     | [lf.flight.extracted] SM475 on 26MAY: BKG=0, LF=0.0%
2026-01-25 07:12:08 | INFO     | [lf.flight.extracted] SM479 on 26MAY: BKG=0, LF=0.0%
2026-01-25 07:12:10 | INFO     | [SUCCESS] Day 26MAY
2026-01-25 07:12:10 | INFO     | [DAY_START] Processing 25MAY
2026-01-25 07:12:10 | INFO     | [lf.day.start] Processing CAI-JED for 25MAY
2026-01-25 07:12:12 | INFO     | [lf.day.flights_found] Found 3 flights on 25MAY
2026-01-25 07:12:14 | INFO     | [lf.flight.extracted] SM477 on 25MAY: BKG=0, LF=0.0%
2026-01-25 07:12:17 | INFO     | [lf.flight.extracted] SM475 on 25MAY: BKG=0, LF=0.0%
2026-01-25 07:12:20 | INFO     | [lf.flight.extracted] SM479 on 25MAY: BKG=0, LF=0.0%
2026-01-25 07:12:21 | INFO     | [SUCCESS] Day 25MAY
2026-01-25 07:12:21 | INFO     | [DAY_START] Processing 24MAY
2026-01-25 07:12:21 | INFO     | [lf.day.start] Processing CAI-JED for 24MAY
2026-01-25 07:12:23 | INFO     | [lf.day.flights_found] Found 3 flights on 24MAY
2026-01-25 07:12:25 | INFO     | [lf.flight.extracted] SM477 on 24MAY: BKG=4, LF=2.2%
2026-01-25 07:12:28 | INFO     | [lf.flight.extracted] SM475 on 24MAY: BKG=1, LF=0.6%
2026-01-25 07:12:31 | INFO     | [lf.flight.extracted] SM459 on 24MAY: BKG=0, LF=0.0%
2026-01-25 07:12:35 | INFO     | [SUCCESS] Day 24MAY
2026-01-25 07:12:35 | INFO     | [DAY_START] Processing 23MAY
2026-01-25 07:12:35 | INFO     | [lf.day.start] Processing CAI-JED for 23MAY
2026-01-25 07:12:37 | INFO     | [lf.day.flights_found] Found 2 flights on 23MAY
2026-01-25 07:12:39 | INFO     | [lf.flight.extracted] SM477 on 23MAY: BKG=4, LF=2.2%
2026-01-25 07:12:42 | INFO     | [lf.flight.extracted] SM475 on 23MAY: BKG=2, LF=1.1%
2026-01-25 07:12:50 | INFO     | [SUCCESS] Day 23MAY
2026-01-25 07:12:50 | INFO     | [SUCCESS] LF Search Complete
2026-01-25 07:12:50 | INFO     | [Worker_9233] Completed: CAI-JED - 8 results, 0 errors
2026-01-25 07:12:50 | INFO     | [Worker_9233] Processing: DMM-CAI
2026-01-25 07:12:50 | INFO     |   Tier 0: Range 4, Chunk 2/4 (8 days)
