2026-01-25 07:55:15 | INFO     | ======================================================================
2026-01-25 07:55:15 | INFO     | Load Factor Scraper Started - Route: CAI-AJF
2026-01-25 07:55:15 | INFO     | Log file: D:\CODERED\LAB\Artifacts\outputs\run_generated_250126_at_07.06\logs\LF_CAI-AJF_20260125_075515.log
2026-01-25 07:55:15 | INFO     | Enhanced logging: Capturing both logging.info() and print()
2026-01-25 07:55:15 | INFO     | ======================================================================
2026-01-25 07:55:15 | INFO     | Starting LF search for route: CAI-AJF
2026-01-25 07:55:15 | INFO     | [START] LF Search
2026-01-25 07:55:16 | INFO     | [HEALTH CHECK] [OK] Chrome connection is healthy
2026-01-25 07:55:16 | INFO     | [DAY_START] Processing 16FEB
2026-01-25 07:55:16 | INFO     | [lf.day.start] Processing CAI-AJF for 16FEB
2026-01-25 07:55:18 | WARNING  | [lf.day.no_flights] No direct flights on 16FEB
2026-01-25 07:55:18 | INFO     | [SUCCESS] Day 16FEB
2026-01-25 07:55:18 | INFO     | [DAY_START] Processing 15FEB
2026-01-25 07:55:18 | INFO     | [lf.day.start] Processing CAI-AJF for 15FEB
2026-01-25 07:55:19 | WARNING  | [lf.day.no_flights] No direct flights on 15FEB
2026-01-25 07:55:19 | INFO     | [SUCCESS] Day 15FEB
2026-01-25 07:55:19 | INFO     | [DAY_START] Processing 14FEB
2026-01-25 07:55:19 | INFO     | [lf.day.start] Processing CAI-AJF for 14FEB
2026-01-25 07:55:20 | INFO     | [lf.day.flights_found] Found 1 flights on 14FEB
2026-01-25 07:55:22 | INFO     | [lf.flight.extracted] SM321 on 14FEB: BKG=12, LF=6.8%
2026-01-25 07:55:25 | INFO     | [SUCCESS] Day 14FEB
2026-01-25 07:55:25 | INFO     | [DAY_START] Processing 13FEB
2026-01-25 07:55:25 | INFO     | [lf.day.start] Processing CAI-AJF for 13FEB
2026-01-25 07:55:27 | WARNING  | [lf.day.no_flights] No direct flights on 13FEB
2026-01-25 07:55:27 | INFO     | [SUCCESS] Day 13FEB
2026-01-25 07:55:27 | INFO     | [DAY_START] Processing 12FEB
2026-01-25 07:55:27 | INFO     | [lf.day.start] Processing CAI-AJF for 12FEB
2026-01-25 07:55:28 | INFO     | [lf.day.flights_found] Found 1 flights on 12FEB
2026-01-25 07:55:30 | INFO     | [lf.flight.extracted] SM321 on 12FEB: BKG=14, LF=7.8%
2026-01-25 07:55:33 | INFO     | [SUCCESS] Day 12FEB
2026-01-25 07:55:33 | INFO     | [DAY_START] Processing 11FEB
2026-01-25 07:55:33 | INFO     | [lf.day.start] Processing CAI-AJF for 11FEB
2026-01-25 07:55:34 | WARNING  | [lf.day.no_flights] No direct flights on 11FEB
2026-01-25 07:55:34 | INFO     | [SUCCESS] Day 11FEB
2026-01-25 07:55:34 | INFO     | [DAY_START] Processing 10FEB
2026-01-25 07:55:34 | INFO     | [lf.day.start] Processing CAI-AJF for 10FEB
2026-01-25 07:55:36 | INFO     | [lf.day.flights_found] Found 1 flights on 10FEB
2026-01-25 07:55:38 | INFO     | [lf.flight.extracted] SM321 on 10FEB: BKG=6, LF=3.4%
2026-01-25 07:55:41 | INFO     | [SUCCESS] Day 10FEB
2026-01-25 07:55:41 | INFO     | [DAY_START] Processing 09FEB
2026-01-25 07:55:41 | INFO     | [lf.day.start] Processing CAI-AJF for 09FEB
2026-01-25 07:55:43 | WARNING  | [lf.day.no_flights] No direct flights on 09FEB
2026-01-25 07:55:43 | INFO     | [SUCCESS] Day 09FEB
2026-01-25 07:55:43 | INFO     | [SUCCESS] LF Search Complete
2026-01-25 07:55:43 | INFO     | [Worker_9233] Completed: CAI-AJF - 8 results, 0 errors
2026-01-25 07:55:43 | INFO     | [Worker_9233] Processing: ATZ-ELQ
2026-01-25 07:55:43 | INFO     |   Tier 0: Range 1, Chunk 2/4 (8 days)
