2026-01-25 07:30:55 | INFO     | ======================================================================
2026-01-25 07:30:55 | INFO     | Load Factor Scraper Started - Route: DMM-ATZ
2026-01-25 07:30:55 | INFO     | Log file: D:\CODERED\LAB\Artifacts\outputs\run_generated_250126_at_07.06\logs\LF_DMM-ATZ_20260125_073055.log
2026-01-25 07:30:55 | INFO     | Enhanced logging: Capturing both logging.info() and print()
2026-01-25 07:30:55 | INFO     | ======================================================================
2026-01-25 07:30:55 | INFO     | Starting LF search for route: DMM-ATZ
2026-01-25 07:30:55 | INFO     | [START] LF Search
2026-01-25 07:30:56 | INFO     | [HEALTH CHECK] [OK] Chrome connection is healthy
2026-01-25 07:30:56 | INFO     | [DAY_START] Processing 27MAR
2026-01-25 07:30:56 | INFO     | [lf.day.start] Processing DMM-ATZ for 27MAR
2026-01-25 07:30:58 | INFO     | [lf.day.flights_found] Found 1 flights on 27MAR
2026-01-25 07:31:00 | INFO     | [lf.flight.extracted] SM438 on 27MAR: BKG=12, LF=7.0%
2026-01-25 07:31:04 | INFO     | [SUCCESS] Day 27MAR
2026-01-25 07:31:04 | INFO     | [DAY_START] Processing 26MAR
2026-01-25 07:31:04 | INFO     | [lf.day.start] Processing DMM-ATZ for 26MAR
2026-01-25 07:31:05 | WARNING  | [lf.day.no_flights] No direct flights on 26MAR
2026-01-25 07:31:05 | INFO     | [SUCCESS] Day 26MAR
2026-01-25 07:31:05 | INFO     | [DAY_START] Processing 25MAR
2026-01-25 07:31:05 | INFO     | [lf.day.start] Processing DMM-ATZ for 25MAR
2026-01-25 07:31:07 | WARNING  | [lf.day.no_flights] No direct flights on 25MAR
2026-01-25 07:31:07 | INFO     | [SUCCESS] Day 25MAR
2026-01-25 07:31:07 | INFO     | [DAY_START] Processing 24MAR
2026-01-25 07:31:07 | INFO     | [lf.day.start] Processing DMM-ATZ for 24MAR
2026-01-25 07:31:08 | WARNING  | [lf.day.no_flights] No direct flights on 24MAR
2026-01-25 07:31:08 | INFO     | [SUCCESS] Day 24MAR
2026-01-25 07:31:08 | INFO     | [DAY_START] Processing 23MAR
2026-01-25 07:31:08 | INFO     | [lf.day.start] Processing DMM-ATZ for 23MAR
2026-01-25 07:31:09 | INFO     | [lf.day.flights_found] Found 1 flights on 23MAR
2026-01-25 07:31:12 | INFO     | [lf.flight.extracted] SM438 on 23MAR: BKG=37, LF=21.5%
2026-01-25 07:31:15 | INFO     | [SUCCESS] Day 23MAR
2026-01-25 07:31:15 | INFO     | [DAY_START] Processing 22MAR
2026-01-25 07:31:15 | INFO     | [lf.day.start] Processing DMM-ATZ for 22MAR
2026-01-25 07:31:16 | WARNING  | [lf.day.no_flights] No direct flights on 22MAR
2026-01-25 07:31:16 | INFO     | [SUCCESS] Day 22MAR
2026-01-25 07:31:16 | INFO     | [DAY_START] Processing 21MAR
2026-01-25 07:31:16 | INFO     | [lf.day.start] Processing DMM-ATZ for 21MAR
2026-01-25 07:31:17 | WARNING  | [lf.day.no_flights] No direct flights on 21MAR
2026-01-25 07:31:17 | INFO     | [SUCCESS] Day 21MAR
2026-01-25 07:31:17 | INFO     | [DAY_START] Processing 20MAR
2026-01-25 07:31:17 | INFO     | [lf.day.start] Processing DMM-ATZ for 20MAR
2026-01-25 07:31:19 | INFO     | [lf.day.flights_found] Found 1 flights on 20MAR
2026-01-25 07:31:21 | INFO     | [lf.flight.extracted] SM438 on 20MAR: BKG=19, LF=11.1%
2026-01-25 07:31:23 | INFO     | [SUCCESS] Day 20MAR
2026-01-25 07:31:23 | INFO     | [SUCCESS] LF Search Complete
2026-01-25 07:31:23 | INFO     | [Worker_9232] Completed: DMM-ATZ - 8 results, 0 errors
2026-01-25 07:31:23 | INFO     | [Worker_9232] Processing: AJF-CAI
2026-01-25 07:31:23 | INFO     |   Tier 0: Range 2, Chunk 1/4 (8 days)
