2026-01-25 08:02:22 | INFO     | ======================================================================
2026-01-25 08:02:22 | INFO     | Load Factor Scraper Started - Route: DMM-ATZ
2026-01-25 08:02:22 | INFO     | Log file: D:\CODERED\LAB\Artifacts\outputs\run_generated_250126_at_07.06\logs\LF_DMM-ATZ_20260125_080222.log
2026-01-25 08:02:22 | INFO     | Enhanced logging: Capturing both logging.info() and print()
2026-01-25 08:02:22 | INFO     | ======================================================================
2026-01-25 08:02:22 | INFO     | Starting LF search for route: DMM-ATZ
2026-01-25 08:02:22 | INFO     | [START] LF Search
2026-01-25 08:02:23 | INFO     | [HEALTH CHECK] [OK] Chrome connection is healthy
2026-01-25 08:02:23 | INFO     | [DAY_START] Processing 31JAN
2026-01-25 08:02:23 | INFO     | [lf.day.start] Processing DMM-ATZ for 31JAN
2026-01-25 08:02:24 | WARNING  | [lf.day.no_flights] No direct flights on 31JAN
2026-01-25 08:02:24 | INFO     | [SUCCESS] Day 31JAN
2026-01-25 08:02:24 | INFO     | [DAY_START] Processing 30JAN
2026-01-25 08:02:24 | INFO     | [lf.day.start] Processing DMM-ATZ for 30JAN
2026-01-25 08:02:25 | INFO     | [lf.day.flights_found] Found 1 flights on 30JAN
2026-01-25 08:02:27 | INFO     | [lf.flight.extracted] SM438 on 30JAN: BKG=138, LF=78.9%
2026-01-25 08:02:30 | INFO     | [SUCCESS] Day 30JAN
2026-01-25 08:02:30 | INFO     | [DAY_START] Processing 29JAN
2026-01-25 08:02:30 | INFO     | [lf.day.start] Processing DMM-ATZ for 29JAN
2026-01-25 08:02:32 | WARNING  | [lf.day.no_flights] No direct flights on 29JAN
2026-01-25 08:02:32 | INFO     | [SUCCESS] Day 29JAN
2026-01-25 08:02:32 | INFO     | [DAY_START] Processing 28JAN
2026-01-25 08:02:32 | INFO     | [lf.day.start] Processing DMM-ATZ for 28JAN
2026-01-25 08:02:33 | WARNING  | [lf.day.no_flights] No direct flights on 28JAN
2026-01-25 08:02:33 | INFO     | [SUCCESS] Day 28JAN
2026-01-25 08:02:33 | INFO     | [DAY_START] Processing 27JAN
2026-01-25 08:02:33 | INFO     | [lf.day.start] Processing DMM-ATZ for 27JAN
2026-01-25 08:02:34 | WARNING  | [lf.day.no_flights] No direct flights on 27JAN
2026-01-25 08:02:34 | INFO     | [SUCCESS] Day 27JAN
2026-01-25 08:02:34 | INFO     | [DAY_START] Processing 26JAN
2026-01-25 08:02:34 | INFO     | [lf.day.start] Processing DMM-ATZ for 26JAN
2026-01-25 08:02:35 | INFO     | [lf.day.flights_found] Found 1 flights on 26JAN
2026-01-25 08:02:37 | INFO     | [lf.flight.extracted] SM438 on 26JAN: BKG=126, LF=72.0%
2026-01-25 08:02:43 | INFO     | [SUCCESS] Day 26JAN
2026-01-25 08:02:43 | INFO     | [SUCCESS] LF Search Complete
2026-01-25 08:02:43 | INFO     | [Worker_9225] Completed: DMM-ATZ - 6 results, 0 errors
2026-01-25 08:02:43 | INFO     | [Worker_9225] Processing: TUU-ATZ
2026-01-25 08:02:43 | INFO     |   Tier 0: Range 1, Chunk 4/4 (7 days)
