2026-01-25 07:24:41 | INFO     | ======================================================================
2026-01-25 07:24:41 | INFO     | Load Factor Scraper Started - Route: DMM-ATZ
2026-01-25 07:24:41 | INFO     | Log file: D:\CODERED\LAB\Artifacts\outputs\run_generated_250126_at_07.06\logs\LF_DMM-ATZ_20260125_072441.log
2026-01-25 07:24:41 | INFO     | Enhanced logging: Capturing both logging.info() and print()
2026-01-25 07:24:41 | INFO     | ======================================================================
2026-01-25 07:24:41 | INFO     | Starting LF search for route: DMM-ATZ
2026-01-25 07:24:41 | INFO     | [START] LF Search
2026-01-25 07:24:41 | INFO     | [HEALTH CHECK] [OK] Chrome connection is healthy
2026-01-25 07:24:41 | INFO     | [DAY_START] Processing 12APR
2026-01-25 07:24:41 | INFO     | [lf.day.start] Processing DMM-ATZ for 12APR
2026-01-25 07:24:42 | WARNING  | [lf.day.no_flights] No direct flights on 12APR
2026-01-25 07:24:42 | INFO     | [SUCCESS] Day 12APR
2026-01-25 07:24:42 | INFO     | [DAY_START] Processing 11APR
2026-01-25 07:24:42 | INFO     | [lf.day.start] Processing DMM-ATZ for 11APR
2026-01-25 07:24:44 | WARNING  | [lf.day.no_flights] No direct flights on 11APR
2026-01-25 07:24:44 | INFO     | [SUCCESS] Day 11APR
2026-01-25 07:24:44 | INFO     | [DAY_START] Processing 10APR
2026-01-25 07:24:44 | INFO     | [lf.day.start] Processing DMM-ATZ for 10APR
2026-01-25 07:24:45 | WARNING  | [lf.day.no_flights] No direct flights on 10APR
2026-01-25 07:24:45 | INFO     | [SUCCESS] Day 10APR
2026-01-25 07:24:45 | INFO     | [DAY_START] Processing 09APR
2026-01-25 07:24:45 | INFO     | [lf.day.start] Processing DMM-ATZ for 09APR
2026-01-25 07:24:46 | WARNING  | [lf.day.no_flights] No direct flights on 09APR
2026-01-25 07:24:46 | INFO     | [SUCCESS] Day 09APR
2026-01-25 07:24:46 | INFO     | [DAY_START] Processing 08APR
2026-01-25 07:24:46 | INFO     | [lf.day.start] Processing DMM-ATZ for 08APR
2026-01-25 07:24:47 | WARNING  | [lf.day.no_flights] No direct flights on 08APR
2026-01-25 07:24:47 | INFO     | [SUCCESS] Day 08APR
2026-01-25 07:24:47 | INFO     | [DAY_START] Processing 07APR
2026-01-25 07:24:47 | INFO     | [lf.day.start] Processing DMM-ATZ for 07APR
2026-01-25 07:24:48 | WARNING  | [lf.day.no_flights] No direct flights on 07APR
2026-01-25 07:24:48 | INFO     | [SUCCESS] Day 07APR
2026-01-25 07:24:48 | INFO     | [DAY_START] Processing 06APR
2026-01-25 07:24:48 | INFO     | [lf.day.start] Processing DMM-ATZ for 06APR
2026-01-25 07:24:50 | WARNING  | [lf.day.no_flights] No direct flights on 06APR
2026-01-25 07:24:50 | INFO     | [SUCCESS] Day 06APR
2026-01-25 07:24:50 | INFO     | [DAY_START] Processing 05APR
2026-01-25 07:24:50 | INFO     | [lf.day.start] Processing DMM-ATZ for 05APR
2026-01-25 07:24:51 | WARNING  | [lf.day.no_flights] No direct flights on 05APR
2026-01-25 07:24:51 | INFO     | [SUCCESS] Day 05APR
2026-01-25 07:24:51 | INFO     | [SUCCESS] LF Search Complete
2026-01-25 07:24:51 | INFO     | [Worker_9224] Completed: DMM-ATZ - 8 results, 0 errors
2026-01-25 07:24:51 | INFO     | [Worker_9224] Processing: TUU-CAI
2026-01-25 07:24:51 | INFO     |   Tier 0: Range 3, Chunk 3/4 (8 days)
