2026-01-25 07:27:28 | INFO     | ======================================================================
2026-01-25 07:27:28 | INFO     | Load Factor Scraper Started - Route: DMM-ATZ
2026-01-25 07:27:28 | INFO     | Log file: D:\CODERED\LAB\Artifacts\outputs\run_generated_250126_at_07.06\logs\LF_DMM-ATZ_20260125_072728.log
2026-01-25 07:27:28 | INFO     | Enhanced logging: Capturing both logging.info() and print()
2026-01-25 07:27:28 | INFO     | ======================================================================
2026-01-25 07:27:28 | INFO     | Starting LF search for route: DMM-ATZ
2026-01-25 07:27:28 | INFO     | [START] LF Search
2026-01-25 07:27:29 | INFO     | [HEALTH CHECK] [OK] Chrome connection is healthy
2026-01-25 07:27:29 | INFO     | [DAY_START] Processing 04APR
2026-01-25 07:27:29 | INFO     | [lf.day.start] Processing DMM-ATZ for 04APR
2026-01-25 07:27:30 | WARNING  | [lf.day.no_flights] No direct flights on 04APR
2026-01-25 07:27:30 | INFO     | [SUCCESS] Day 04APR
2026-01-25 07:27:30 | INFO     | [DAY_START] Processing 03APR
2026-01-25 07:27:30 | INFO     | [lf.day.start] Processing DMM-ATZ for 03APR
2026-01-25 07:27:31 | WARNING  | [lf.day.no_flights] No direct flights on 03APR
2026-01-25 07:27:31 | INFO     | [SUCCESS] Day 03APR
2026-01-25 07:27:31 | INFO     | [DAY_START] Processing 02APR
2026-01-25 07:27:31 | INFO     | [lf.day.start] Processing DMM-ATZ for 02APR
2026-01-25 07:27:32 | WARNING  | [lf.day.no_flights] No direct flights on 02APR
2026-01-25 07:27:32 | INFO     | [SUCCESS] Day 02APR
2026-01-25 07:27:32 | INFO     | [DAY_START] Processing 01APR
2026-01-25 07:27:32 | INFO     | [lf.day.start] Processing DMM-ATZ for 01APR
2026-01-25 07:27:33 | WARNING  | [lf.day.no_flights] No direct flights on 01APR
2026-01-25 07:27:33 | INFO     | [SUCCESS] Day 01APR
2026-01-25 07:27:33 | INFO     | [DAY_START] Processing 31MAR
2026-01-25 07:27:33 | INFO     | [lf.day.start] Processing DMM-ATZ for 31MAR
2026-01-25 07:27:35 | WARNING  | [lf.day.no_flights] No direct flights on 31MAR
2026-01-25 07:27:35 | INFO     | [SUCCESS] Day 31MAR
2026-01-25 07:27:35 | INFO     | [DAY_START] Processing 30MAR
2026-01-25 07:27:35 | INFO     | [lf.day.start] Processing DMM-ATZ for 30MAR
2026-01-25 07:27:36 | WARNING  | [lf.day.no_flights] No direct flights on 30MAR
2026-01-25 07:27:36 | INFO     | [SUCCESS] Day 30MAR
2026-01-25 07:27:36 | INFO     | [DAY_START] Processing 29MAR
2026-01-25 07:27:36 | INFO     | [lf.day.start] Processing DMM-ATZ for 29MAR
2026-01-25 07:27:37 | WARNING  | [lf.day.no_flights] No direct flights on 29MAR
2026-01-25 07:27:37 | INFO     | [SUCCESS] Day 29MAR
2026-01-25 07:27:37 | INFO     | [DAY_START] Processing 28MAR
2026-01-25 07:27:37 | INFO     | [lf.day.start] Processing DMM-ATZ for 28MAR
2026-01-25 07:27:38 | WARNING  | [lf.day.no_flights] No direct flights on 28MAR
2026-01-25 07:27:38 | INFO     | [SUCCESS] Day 28MAR
2026-01-25 07:27:38 | INFO     | [SUCCESS] LF Search Complete
2026-01-25 07:27:38 | INFO     | [Worker_9233] Completed: DMM-ATZ - 8 results, 0 errors
2026-01-25 07:27:38 | INFO     | [Worker_9233] Processing: AJF-CAI
2026-01-25 07:27:38 | INFO     |   Tier 0: Range 3, Chunk 4/4 (8 days)
