2026-01-25 07:46:50 | INFO     | ======================================================================
2026-01-25 07:46:50 | INFO     | Load Factor Scraper Started - Route: DMM-ATZ
2026-01-25 07:46:50 | INFO     | Log file: D:\CODERED\LAB\Artifacts\outputs\run_generated_250126_at_07.06\logs\LF_DMM-ATZ_20260125_074650.log
2026-01-25 07:46:50 | INFO     | Enhanced logging: Capturing both logging.info() and print()
2026-01-25 07:46:50 | INFO     | ======================================================================
2026-01-25 07:46:50 | INFO     | Starting LF search for route: DMM-ATZ
2026-01-25 07:46:50 | INFO     | [START] LF Search
2026-01-25 07:46:51 | INFO     | [HEALTH CHECK] [OK] Chrome connection is healthy
2026-01-25 07:46:51 | INFO     | [DAY_START] Processing 24FEB
2026-01-25 07:46:51 | INFO     | [lf.day.start] Processing DMM-ATZ for 24FEB
2026-01-25 07:46:52 | WARNING  | [lf.day.no_flights] No direct flights on 24FEB
2026-01-25 07:46:52 | INFO     | [SUCCESS] Day 24FEB
2026-01-25 07:46:52 | INFO     | [DAY_START] Processing 23FEB
2026-01-25 07:46:52 | INFO     | [lf.day.start] Processing DMM-ATZ for 23FEB
2026-01-25 07:46:53 | INFO     | [lf.day.flights_found] Found 1 flights on 23FEB
2026-01-25 07:46:55 | INFO     | [lf.flight.extracted] SM438 on 23FEB: BKG=61, LF=34.9%
2026-01-25 07:46:59 | INFO     | [SUCCESS] Day 23FEB
2026-01-25 07:46:59 | INFO     | [DAY_START] Processing 22FEB
2026-01-25 07:46:59 | INFO     | [lf.day.start] Processing DMM-ATZ for 22FEB
2026-01-25 07:47:01 | WARNING  | [lf.day.no_flights] No direct flights on 22FEB
2026-01-25 07:47:01 | INFO     | [SUCCESS] Day 22FEB
2026-01-25 07:47:01 | INFO     | [DAY_START] Processing 21FEB
2026-01-25 07:47:01 | INFO     | [lf.day.start] Processing DMM-ATZ for 21FEB
2026-01-25 07:47:02 | WARNING  | [lf.day.no_flights] No direct flights on 21FEB
2026-01-25 07:47:02 | INFO     | [SUCCESS] Day 21FEB
2026-01-25 07:47:02 | INFO     | [DAY_START] Processing 20FEB
2026-01-25 07:47:02 | INFO     | [lf.day.start] Processing DMM-ATZ for 20FEB
2026-01-25 07:47:03 | INFO     | [lf.day.flights_found] Found 1 flights on 20FEB
2026-01-25 07:47:06 | INFO     | [lf.flight.extracted] SM438 on 20FEB: BKG=22, LF=12.6%
2026-01-25 07:47:10 | INFO     | [SUCCESS] Day 20FEB
2026-01-25 07:47:10 | INFO     | [DAY_START] Processing 19FEB
2026-01-25 07:47:10 | INFO     | [lf.day.start] Processing DMM-ATZ for 19FEB
2026-01-25 07:47:12 | WARNING  | [lf.day.no_flights] No direct flights on 19FEB
2026-01-25 07:47:12 | INFO     | [SUCCESS] Day 19FEB
2026-01-25 07:47:12 | INFO     | [DAY_START] Processing 18FEB
2026-01-25 07:47:12 | INFO     | [lf.day.start] Processing DMM-ATZ for 18FEB
2026-01-25 07:47:13 | WARNING  | [lf.day.no_flights] No direct flights on 18FEB
2026-01-25 07:47:13 | INFO     | [SUCCESS] Day 18FEB
2026-01-25 07:47:13 | INFO     | [DAY_START] Processing 17FEB
2026-01-25 07:47:13 | INFO     | [lf.day.start] Processing DMM-ATZ for 17FEB
2026-01-25 07:47:16 | WARNING  | [lf.day.no_flights] No direct flights on 17FEB
2026-01-25 07:47:16 | INFO     | [SUCCESS] Day 17FEB
2026-01-25 07:47:16 | INFO     | [SUCCESS] LF Search Complete
2026-01-25 07:47:16 | INFO     | [Worker_9225] Completed: DMM-ATZ - 8 results, 0 errors
2026-01-25 07:47:16 | INFO     | [Worker_9225] Processing: AJF-CAI
2026-01-25 07:47:16 | INFO     |   Tier 0: Range 1, Chunk 1/4 (8 days)
