2026-01-25 07:38:42 | INFO     | ======================================================================
2026-01-25 07:38:42 | INFO     | Load Factor Scraper Started - Route: DMM-ATZ
2026-01-25 07:38:42 | INFO     | Log file: D:\CODERED\LAB\Artifacts\outputs\run_generated_250126_at_07.06\logs\LF_DMM-ATZ_20260125_073842.log
2026-01-25 07:38:42 | INFO     | Enhanced logging: Capturing both logging.info() and print()
2026-01-25 07:38:42 | INFO     | ======================================================================
2026-01-25 07:38:42 | INFO     | Starting LF search for route: DMM-ATZ
2026-01-25 07:38:42 | INFO     | [START] LF Search
2026-01-25 07:38:43 | INFO     | [HEALTH CHECK] [OK] Chrome connection is healthy
2026-01-25 07:38:43 | INFO     | [DAY_START] Processing 11MAR
2026-01-25 07:38:43 | INFO     | [lf.day.start] Processing DMM-ATZ for 11MAR
2026-01-25 07:38:44 | WARNING  | [lf.day.no_flights] No direct flights on 11MAR
2026-01-25 07:38:44 | INFO     | [SUCCESS] Day 11MAR
2026-01-25 07:38:44 | INFO     | [DAY_START] Processing 10MAR
2026-01-25 07:38:44 | INFO     | [lf.day.start] Processing DMM-ATZ for 10MAR
2026-01-25 07:38:45 | WARNING  | [lf.day.no_flights] No direct flights on 10MAR
2026-01-25 07:38:45 | INFO     | [SUCCESS] Day 10MAR
2026-01-25 07:38:45 | INFO     | [DAY_START] Processing 09MAR
2026-01-25 07:38:45 | INFO     | [lf.day.start] Processing DMM-ATZ for 09MAR
2026-01-25 07:38:47 | INFO     | [lf.day.flights_found] Found 1 flights on 09MAR
2026-01-25 07:38:48 | INFO     | [lf.flight.extracted] SM438 on 09MAR: BKG=53, LF=30.3%
2026-01-25 07:38:53 | INFO     | [SUCCESS] Day 09MAR
2026-01-25 07:38:53 | INFO     | [DAY_START] Processing 08MAR
2026-01-25 07:38:53 | INFO     | [lf.day.start] Processing DMM-ATZ for 08MAR
2026-01-25 07:38:54 | WARNING  | [lf.day.no_flights] No direct flights on 08MAR
2026-01-25 07:38:54 | INFO     | [SUCCESS] Day 08MAR
2026-01-25 07:38:54 | INFO     | [DAY_START] Processing 07MAR
2026-01-25 07:38:54 | INFO     | [lf.day.start] Processing DMM-ATZ for 07MAR
2026-01-25 07:38:55 | WARNING  | [lf.day.no_flights] No direct flights on 07MAR
2026-01-25 07:38:55 | INFO     | [SUCCESS] Day 07MAR
2026-01-25 07:38:55 | INFO     | [DAY_START] Processing 06MAR
2026-01-25 07:38:55 | INFO     | [lf.day.start] Processing DMM-ATZ for 06MAR
2026-01-25 07:38:56 | INFO     | [lf.day.flights_found] Found 1 flights on 06MAR
2026-01-25 07:38:58 | INFO     | [lf.flight.extracted] SM438 on 06MAR: BKG=65, LF=37.1%
2026-01-25 07:39:03 | INFO     | [SUCCESS] Day 06MAR
2026-01-25 07:39:03 | INFO     | [DAY_START] Processing 05MAR
2026-01-25 07:39:03 | INFO     | [lf.day.start] Processing DMM-ATZ for 05MAR
2026-01-25 07:39:04 | WARNING  | [lf.day.no_flights] No direct flights on 05MAR
2026-01-25 07:39:04 | INFO     | [SUCCESS] Day 05MAR
2026-01-25 07:39:04 | INFO     | [DAY_START] Processing 04MAR
2026-01-25 07:39:04 | INFO     | [lf.day.start] Processing DMM-ATZ for 04MAR
2026-01-25 07:39:05 | WARNING  | [lf.day.no_flights] No direct flights on 04MAR
2026-01-25 07:39:05 | INFO     | [SUCCESS] Day 04MAR
2026-01-25 07:39:05 | INFO     | [SUCCESS] LF Search Complete
2026-01-25 07:39:05 | INFO     | [Worker_9225] Completed: DMM-ATZ - 8 results, 0 errors
2026-01-25 07:39:05 | INFO     | [Worker_9225] Processing: TUU-ATZ
2026-01-25 07:39:05 | INFO     |   Tier 0: Range 2, Chunk 3/4 (8 days)
