2026-01-25 08:03:17 | INFO     | ======================================================================
2026-01-25 08:03:17 | INFO     | Load Factor Scraper Started - Route: ELQ-CAI
2026-01-25 08:03:17 | INFO     | Log file: D:\CODERED\LAB\Artifacts\outputs\run_generated_250126_at_07.06\logs\LF_ELQ-CAI_20260125_080317.log
2026-01-25 08:03:17 | INFO     | Enhanced logging: Capturing both logging.info() and print()
2026-01-25 08:03:17 | INFO     | ======================================================================
2026-01-25 08:03:17 | INFO     | Starting LF search for route: ELQ-CAI
2026-01-25 08:03:17 | INFO     | [START] LF Search
2026-01-25 08:03:18 | INFO     | [HEALTH CHECK] [OK] Chrome connection is healthy
2026-01-25 08:03:18 | INFO     | [DAY_START] Processing 31JAN
2026-01-25 08:03:18 | INFO     | [lf.day.start] Processing ELQ-CAI for 31JAN
2026-01-25 08:03:19 | INFO     | [lf.day.flights_found] Found 1 flights on 31JAN
2026-01-25 08:03:21 | INFO     | [lf.flight.extracted] SM428 on 31JAN: BKG=28, LF=16.0%
2026-01-25 08:03:24 | INFO     | [SUCCESS] Day 31JAN
2026-01-25 08:03:24 | INFO     | [DAY_START] Processing 30JAN
2026-01-25 08:03:24 | INFO     | [lf.day.start] Processing ELQ-CAI for 30JAN
2026-01-25 08:03:25 | WARNING  | [lf.day.no_flights] No direct flights on 30JAN
2026-01-25 08:03:25 | INFO     | [SUCCESS] Day 30JAN
2026-01-25 08:03:25 | INFO     | [DAY_START] Processing 29JAN
2026-01-25 08:03:25 | INFO     | [lf.day.start] Processing ELQ-CAI for 29JAN
2026-01-25 08:03:26 | INFO     | [lf.day.flights_found] Found 1 flights on 29JAN
2026-01-25 08:03:28 | INFO     | [lf.flight.extracted] SM428 on 29JAN: BKG=45, LF=26.2%
2026-01-25 08:03:32 | INFO     | [SUCCESS] Day 29JAN
2026-01-25 08:03:32 | INFO     | [DAY_START] Processing 28JAN
2026-01-25 08:03:32 | INFO     | [lf.day.start] Processing ELQ-CAI for 28JAN
2026-01-25 08:03:33 | WARNING  | [lf.day.no_flights] No direct flights on 28JAN
2026-01-25 08:03:33 | INFO     | [SUCCESS] Day 28JAN
2026-01-25 08:03:33 | INFO     | [DAY_START] Processing 27JAN
2026-01-25 08:03:33 | INFO     | [lf.day.start] Processing ELQ-CAI for 27JAN
2026-01-25 08:03:34 | WARNING  | [lf.day.no_flights] No direct flights on 27JAN
2026-01-25 08:03:34 | INFO     | [SUCCESS] Day 27JAN
2026-01-25 08:03:34 | INFO     | [DAY_START] Processing 26JAN
2026-01-25 08:03:34 | INFO     | [lf.day.start] Processing ELQ-CAI for 26JAN
2026-01-25 08:03:35 | WARNING  | [lf.day.no_flights] No direct flights on 26JAN
2026-01-25 08:03:35 | INFO     | [SUCCESS] Day 26JAN
2026-01-25 08:03:35 | INFO     | [SUCCESS] LF Search Complete
2026-01-25 08:03:35 | INFO     | [Worker_9224] Completed: ELQ-CAI - 6 results, 0 errors
2026-01-25 08:03:35 | INFO     | [Worker_9224] Processing: HBE-MED
2026-01-25 08:03:35 | INFO     |   Tier 0: Range 1, Chunk 4/4 (7 days)
