2026-01-25 07:20:20 | INFO     | ======================================================================
2026-01-25 07:20:20 | INFO     | Load Factor Scraper Started - Route: ELQ-CAI
2026-01-25 07:20:20 | INFO     | Log file: D:\CODERED\LAB\Artifacts\outputs\run_generated_250126_at_07.06\logs\LF_ELQ-CAI_20260125_072020.log
2026-01-25 07:20:20 | INFO     | Enhanced logging: Capturing both logging.info() and print()
2026-01-25 07:20:20 | INFO     | ======================================================================
2026-01-25 07:20:20 | INFO     | Starting LF search for route: ELQ-CAI
2026-01-25 07:20:20 | INFO     | [START] LF Search
2026-01-25 07:20:20 | INFO     | [HEALTH CHECK] [OK] Chrome connection is healthy
2026-01-25 07:20:20 | INFO     | [DAY_START] Processing 28APR
2026-01-25 07:20:20 | INFO     | [lf.day.start] Processing ELQ-CAI for 28APR
2026-01-25 07:20:22 | INFO     | [lf.day.flights_found] Found 1 flights on 28APR
2026-01-25 07:20:23 | INFO     | [lf.flight.extracted] SM428 on 28APR: BKG=1, LF=0.6%
2026-01-25 07:20:26 | INFO     | [SUCCESS] Day 28APR
2026-01-25 07:20:26 | INFO     | [DAY_START] Processing 27APR
2026-01-25 07:20:26 | INFO     | [lf.day.start] Processing ELQ-CAI for 27APR
2026-01-25 07:20:27 | WARNING  | [lf.day.no_flights] No direct flights on 27APR
2026-01-25 07:20:27 | INFO     | [SUCCESS] Day 27APR
2026-01-25 07:20:27 | INFO     | [DAY_START] Processing 26APR
2026-01-25 07:20:27 | INFO     | [lf.day.start] Processing ELQ-CAI for 26APR
2026-01-25 07:20:29 | WARNING  | [lf.day.no_flights] No direct flights on 26APR
2026-01-25 07:20:29 | INFO     | [SUCCESS] Day 26APR
2026-01-25 07:20:29 | INFO     | [DAY_START] Processing 25APR
2026-01-25 07:20:29 | INFO     | [lf.day.start] Processing ELQ-CAI for 25APR
2026-01-25 07:20:30 | WARNING  | [lf.day.no_flights] No direct flights on 25APR
2026-01-25 07:20:30 | INFO     | [SUCCESS] Day 25APR
2026-01-25 07:20:30 | INFO     | [DAY_START] Processing 24APR
2026-01-25 07:20:30 | INFO     | [lf.day.start] Processing ELQ-CAI for 24APR
2026-01-25 07:20:31 | INFO     | [lf.day.flights_found] Found 1 flights on 24APR
2026-01-25 07:20:33 | INFO     | [lf.flight.extracted] SM428 on 24APR: BKG=0, LF=0.0%
2026-01-25 07:20:35 | INFO     | [SUCCESS] Day 24APR
2026-01-25 07:20:35 | INFO     | [DAY_START] Processing 23APR
2026-01-25 07:20:35 | INFO     | [lf.day.start] Processing ELQ-CAI for 23APR
2026-01-25 07:20:36 | WARNING  | [lf.day.no_flights] No direct flights on 23APR
2026-01-25 07:20:36 | INFO     | [SUCCESS] Day 23APR
2026-01-25 07:20:36 | INFO     | [DAY_START] Processing 22APR
2026-01-25 07:20:36 | INFO     | [lf.day.start] Processing ELQ-CAI for 22APR
2026-01-25 07:20:37 | INFO     | [lf.day.flights_found] Found 1 flights on 22APR
2026-01-25 07:20:39 | INFO     | [lf.flight.extracted] SM428 on 22APR: BKG=1, LF=0.6%
2026-01-25 07:20:41 | INFO     | [SUCCESS] Day 22APR
2026-01-25 07:20:41 | INFO     | [DAY_START] Processing 21APR
2026-01-25 07:20:41 | INFO     | [lf.day.start] Processing ELQ-CAI for 21APR
2026-01-25 07:20:42 | INFO     | [lf.day.flights_found] Found 1 flights on 21APR
2026-01-25 07:20:44 | INFO     | [lf.flight.extracted] SM428 on 21APR: BKG=3, LF=1.7%
2026-01-25 07:20:47 | INFO     | [SUCCESS] Day 21APR
2026-01-25 07:20:47 | INFO     | [SUCCESS] LF Search Complete
2026-01-25 07:20:47 | INFO     | [Worker_9227] Completed: ELQ-CAI - 8 results, 0 errors
2026-01-25 07:20:47 | INFO     | [Worker_9227] Processing: CAI-RUH
2026-01-25 07:20:47 | INFO     |   Tier 0: Range 3, Chunk 1/4 (8 days)
