2026-01-25 07:47:46 | INFO     | ======================================================================
2026-01-25 07:47:46 | INFO     | Load Factor Scraper Started - Route: ELQ-ATZ
2026-01-25 07:47:46 | INFO     | Log file: D:\CODERED\LAB\Artifacts\outputs\run_generated_250126_at_07.06\logs\LF_ELQ-ATZ_20260125_074746.log
2026-01-25 07:47:46 | INFO     | Enhanced logging: Capturing both logging.info() and print()
2026-01-25 07:47:46 | INFO     | ======================================================================
2026-01-25 07:47:46 | INFO     | Starting LF search for route: ELQ-ATZ
2026-01-25 07:47:46 | INFO     | [START] LF Search
2026-01-25 07:47:47 | INFO     | [HEALTH CHECK] [OK] Chrome connection is healthy
2026-01-25 07:47:47 | INFO     | [DAY_START] Processing 24FEB
2026-01-25 07:47:47 | INFO     | [lf.day.start] Processing ELQ-ATZ for 24FEB
2026-01-25 07:47:48 | WARNING  | [lf.day.no_flights] No direct flights on 24FEB
2026-01-25 07:47:48 | INFO     | [SUCCESS] Day 24FEB
2026-01-25 07:47:48 | INFO     | [DAY_START] Processing 23FEB
2026-01-25 07:47:48 | INFO     | [lf.day.start] Processing ELQ-ATZ for 23FEB
2026-01-25 07:47:50 | WARNING  | [lf.day.no_flights] No direct flights on 23FEB
2026-01-25 07:47:50 | INFO     | [SUCCESS] Day 23FEB
2026-01-25 07:47:50 | INFO     | [DAY_START] Processing 22FEB
2026-01-25 07:47:50 | INFO     | [lf.day.start] Processing ELQ-ATZ for 22FEB
2026-01-25 07:47:51 | WARNING  | [lf.day.no_flights] No direct flights on 22FEB
2026-01-25 07:47:51 | INFO     | [SUCCESS] Day 22FEB
2026-01-25 07:47:51 | INFO     | [DAY_START] Processing 21FEB
2026-01-25 07:47:51 | INFO     | [lf.day.start] Processing ELQ-ATZ for 21FEB
2026-01-25 07:47:52 | INFO     | [lf.day.flights_found] Found 1 flights on 21FEB
2026-01-25 07:47:54 | INFO     | [lf.flight.extracted] SM436 on 21FEB: BKG=41, LF=23.4%
2026-01-25 07:47:58 | INFO     | [SUCCESS] Day 21FEB
2026-01-25 07:47:58 | INFO     | [DAY_START] Processing 20FEB
2026-01-25 07:47:58 | INFO     | [lf.day.start] Processing ELQ-ATZ for 20FEB
2026-01-25 07:47:59 | WARNING  | [lf.day.no_flights] No direct flights on 20FEB
2026-01-25 07:47:59 | INFO     | [SUCCESS] Day 20FEB
2026-01-25 07:47:59 | INFO     | [DAY_START] Processing 19FEB
2026-01-25 07:47:59 | INFO     | [lf.day.start] Processing ELQ-ATZ for 19FEB
2026-01-25 07:48:01 | WARNING  | [lf.day.no_flights] No direct flights on 19FEB
2026-01-25 07:48:01 | INFO     | [SUCCESS] Day 19FEB
2026-01-25 07:48:01 | INFO     | [DAY_START] Processing 18FEB
2026-01-25 07:48:01 | INFO     | [lf.day.start] Processing ELQ-ATZ for 18FEB
2026-01-25 07:48:02 | INFO     | [lf.day.flights_found] Found 1 flights on 18FEB
2026-01-25 07:48:04 | INFO     | [lf.flight.extracted] SM436 on 18FEB: BKG=37, LF=21.1%
2026-01-25 07:48:08 | INFO     | [SUCCESS] Day 18FEB
2026-01-25 07:48:08 | INFO     | [DAY_START] Processing 17FEB
2026-01-25 07:48:08 | INFO     | [lf.day.start] Processing ELQ-ATZ for 17FEB
2026-01-25 07:48:09 | WARNING  | [lf.day.no_flights] No direct flights on 17FEB
2026-01-25 07:48:09 | INFO     | [SUCCESS] Day 17FEB
2026-01-25 07:48:09 | INFO     | [SUCCESS] LF Search Complete
2026-01-25 07:48:27 | INFO     | [Worker_9227] Completed: ELQ-ATZ - 8 results, 0 errors
2026-01-25 07:48:27 | INFO     | [Worker_9227] Processing: LXR-JED
2026-01-25 07:48:27 | INFO     |   Tier 0: Range 1, Chunk 1/4 (8 days)
