2026-01-25 07:20:20 | INFO     | ======================================================================
2026-01-25 07:20:20 | INFO     | Load Factor Scraper Started - Route: ELQ-ATZ
2026-01-25 07:20:20 | INFO     | Log file: D:\CODERED\LAB\Artifacts\outputs\run_generated_250126_at_07.06\logs\LF_ELQ-ATZ_20260125_072020.log
2026-01-25 07:20:20 | INFO     | Enhanced logging: Capturing both logging.info() and print()
2026-01-25 07:20:20 | INFO     | ======================================================================
2026-01-25 07:20:20 | INFO     | Starting LF search for route: ELQ-ATZ
2026-01-25 07:20:20 | INFO     | [START] LF Search
2026-01-25 07:20:21 | INFO     | [HEALTH CHECK] [OK] Chrome connection is healthy
2026-01-25 07:20:21 | INFO     | [DAY_START] Processing 28APR
2026-01-25 07:20:21 | INFO     | [lf.day.start] Processing ELQ-ATZ for 28APR
2026-01-25 07:20:22 | WARNING  | [lf.day.no_flights] No direct flights on 28APR
2026-01-25 07:20:22 | INFO     | [SUCCESS] Day 28APR
2026-01-25 07:20:22 | INFO     | [DAY_START] Processing 27APR
2026-01-25 07:20:22 | INFO     | [lf.day.start] Processing ELQ-ATZ for 27APR
2026-01-25 07:20:23 | WARNING  | [lf.day.no_flights] No direct flights on 27APR
2026-01-25 07:20:23 | INFO     | [SUCCESS] Day 27APR
2026-01-25 07:20:23 | INFO     | [DAY_START] Processing 26APR
2026-01-25 07:20:23 | INFO     | [lf.day.start] Processing ELQ-ATZ for 26APR
2026-01-25 07:20:24 | WARNING  | [lf.day.no_flights] No direct flights on 26APR
2026-01-25 07:20:24 | INFO     | [SUCCESS] Day 26APR
2026-01-25 07:20:24 | INFO     | [DAY_START] Processing 25APR
2026-01-25 07:20:24 | INFO     | [lf.day.start] Processing ELQ-ATZ for 25APR
2026-01-25 07:20:25 | WARNING  | [lf.day.no_flights] No direct flights on 25APR
2026-01-25 07:20:25 | INFO     | [SUCCESS] Day 25APR
2026-01-25 07:20:25 | INFO     | [DAY_START] Processing 24APR
2026-01-25 07:20:25 | INFO     | [lf.day.start] Processing ELQ-ATZ for 24APR
2026-01-25 07:20:27 | WARNING  | [lf.day.no_flights] No direct flights on 24APR
2026-01-25 07:20:27 | INFO     | [SUCCESS] Day 24APR
2026-01-25 07:20:27 | INFO     | [DAY_START] Processing 23APR
2026-01-25 07:20:27 | INFO     | [lf.day.start] Processing ELQ-ATZ for 23APR
2026-01-25 07:20:28 | WARNING  | [lf.day.no_flights] No direct flights on 23APR
2026-01-25 07:20:28 | INFO     | [SUCCESS] Day 23APR
2026-01-25 07:20:28 | INFO     | [DAY_START] Processing 22APR
2026-01-25 07:20:28 | INFO     | [lf.day.start] Processing ELQ-ATZ for 22APR
2026-01-25 07:20:30 | WARNING  | [lf.day.no_flights] No direct flights on 22APR
2026-01-25 07:20:30 | INFO     | [SUCCESS] Day 22APR
2026-01-25 07:20:30 | INFO     | [DAY_START] Processing 21APR
2026-01-25 07:20:30 | INFO     | [lf.day.start] Processing ELQ-ATZ for 21APR
2026-01-25 07:20:31 | WARNING  | [lf.day.no_flights] No direct flights on 21APR
2026-01-25 07:20:31 | INFO     | [SUCCESS] Day 21APR
2026-01-25 07:20:31 | INFO     | [SUCCESS] LF Search Complete
2026-01-25 07:20:31 | INFO     | [Worker_9232] Completed: ELQ-ATZ - 8 results, 0 errors
2026-01-25 07:20:31 | INFO     | [Worker_9232] Processing: CAI-JED
2026-01-25 07:20:31 | INFO     |   Tier 0: Range 3, Chunk 1/4 (8 days)
