2026-01-25 07:22:56 | INFO     | ======================================================================
2026-01-25 07:22:56 | INFO     | Load Factor Scraper Started - Route: GIZ-CAI
2026-01-25 07:22:56 | INFO     | Log file: D:\CODERED\LAB\Artifacts\outputs\run_generated_250126_at_07.06\logs\LF_GIZ-CAI_20260125_072256.log
2026-01-25 07:22:56 | INFO     | Enhanced logging: Capturing both logging.info() and print()
2026-01-25 07:22:56 | INFO     | ======================================================================
2026-01-25 07:22:56 | INFO     | Starting LF search for route: GIZ-CAI
2026-01-25 07:22:56 | INFO     | [START] LF Search
2026-01-25 07:22:56 | INFO     | [HEALTH CHECK] [OK] Chrome connection is healthy
2026-01-25 07:22:56 | INFO     | [DAY_START] Processing 20APR
2026-01-25 07:22:56 | INFO     | [lf.day.start] Processing GIZ-CAI for 20APR
2026-01-25 07:22:58 | WARNING  | [lf.day.no_flights] No direct flights on 20APR
2026-01-25 07:22:58 | INFO     | [SUCCESS] Day 20APR
2026-01-25 07:22:58 | INFO     | [DAY_START] Processing 19APR
2026-01-25 07:22:58 | INFO     | [lf.day.start] Processing GIZ-CAI for 19APR
2026-01-25 07:22:59 | INFO     | [lf.day.flights_found] Found 1 flights on 19APR
2026-01-25 07:23:01 | INFO     | [lf.flight.extracted] SM330 on 19APR: BKG=4, LF=2.3%
2026-01-25 07:23:04 | INFO     | [SUCCESS] Day 19APR
2026-01-25 07:23:04 | INFO     | [DAY_START] Processing 18APR
2026-01-25 07:23:04 | INFO     | [lf.day.start] Processing GIZ-CAI for 18APR
2026-01-25 07:23:06 | WARNING  | [lf.day.no_flights] No direct flights on 18APR
2026-01-25 07:23:06 | INFO     | [SUCCESS] Day 18APR
2026-01-25 07:23:06 | INFO     | [DAY_START] Processing 17APR
2026-01-25 07:23:06 | INFO     | [lf.day.start] Processing GIZ-CAI for 17APR
2026-01-25 07:23:07 | INFO     | [lf.day.flights_found] Found 1 flights on 17APR
2026-01-25 07:23:10 | INFO     | [lf.flight.extracted] SM330 on 17APR: BKG=4, LF=2.3%
2026-01-25 07:23:12 | INFO     | [SUCCESS] Day 17APR
2026-01-25 07:23:12 | INFO     | [DAY_START] Processing 16APR
2026-01-25 07:23:12 | INFO     | [lf.day.start] Processing GIZ-CAI for 16APR
2026-01-25 07:23:13 | INFO     | [lf.day.flights_found] Found 1 flights on 16APR
2026-01-25 07:23:16 | INFO     | [lf.flight.extracted] SM330 on 16APR: BKG=0, LF=0.0%
2026-01-25 07:23:17 | INFO     | [SUCCESS] Day 16APR
2026-01-25 07:23:17 | INFO     | [DAY_START] Processing 15APR
2026-01-25 07:23:17 | INFO     | [lf.day.start] Processing GIZ-CAI for 15APR
2026-01-25 07:23:19 | WARNING  | [lf.day.no_flights] No direct flights on 15APR
2026-01-25 07:23:19 | INFO     | [SUCCESS] Day 15APR
2026-01-25 07:23:19 | INFO     | [DAY_START] Processing 14APR
2026-01-25 07:23:19 | INFO     | [lf.day.start] Processing GIZ-CAI for 14APR
2026-01-25 07:23:20 | WARNING  | [lf.day.no_flights] No direct flights on 14APR
2026-01-25 07:23:20 | INFO     | [SUCCESS] Day 14APR
2026-01-25 07:23:20 | INFO     | [DAY_START] Processing 13APR
2026-01-25 07:23:20 | INFO     | [lf.day.start] Processing GIZ-CAI for 13APR
2026-01-25 07:23:22 | WARNING  | [lf.day.no_flights] No direct flights on 13APR
2026-01-25 07:23:22 | INFO     | [SUCCESS] Day 13APR
2026-01-25 07:23:22 | INFO     | [SUCCESS] LF Search Complete
2026-01-25 07:23:22 | INFO     | [Worker_9234] Completed: GIZ-CAI - 8 results, 0 errors
2026-01-25 07:23:22 | INFO     | [Worker_9234] Processing: CAI-RUH
2026-01-25 07:23:22 | INFO     |   Tier 0: Range 3, Chunk 2/4 (8 days)
