2026-01-25 07:39:55 | INFO     | ======================================================================
2026-01-25 07:39:55 | INFO     | Load Factor Scraper Started - Route: HBE-MED
2026-01-25 07:39:55 | INFO     | Log file: D:\CODERED\LAB\Artifacts\outputs\run_generated_250126_at_07.06\logs\LF_HBE-MED_20260125_073955.log
2026-01-25 07:39:55 | INFO     | Enhanced logging: Capturing both logging.info() and print()
2026-01-25 07:39:55 | INFO     | ======================================================================
2026-01-25 07:39:55 | INFO     | Starting LF search for route: HBE-MED
2026-01-25 07:39:55 | INFO     | [START] LF Search
2026-01-25 07:39:55 | INFO     | [HEALTH CHECK] [OK] Chrome connection is healthy
2026-01-25 07:39:55 | INFO     | [DAY_START] Processing 11MAR
2026-01-25 07:39:55 | INFO     | [lf.day.start] Processing HBE-MED for 11MAR
2026-01-25 07:39:56 | INFO     | [lf.day.flights_found] Found 1 flights on 11MAR
2026-01-25 07:39:59 | INFO     | [lf.flight.extracted] SM485 on 11MAR: BKG=5, LF=2.8%
2026-01-25 07:40:01 | INFO     | [SUCCESS] Day 11MAR
2026-01-25 07:40:01 | INFO     | [DAY_START] Processing 10MAR
2026-01-25 07:40:01 | INFO     | [lf.day.start] Processing HBE-MED for 10MAR
2026-01-25 07:40:03 | INFO     | [lf.day.flights_found] Found 1 flights on 10MAR
2026-01-25 07:40:05 | INFO     | [lf.flight.extracted] SM485 on 10MAR: BKG=0, LF=0.0%
2026-01-25 07:40:07 | INFO     | [SUCCESS] Day 10MAR
2026-01-25 07:40:07 | INFO     | [DAY_START] Processing 09MAR
2026-01-25 07:40:07 | INFO     | [lf.day.start] Processing HBE-MED for 09MAR
2026-01-25 07:40:08 | WARNING  | [lf.day.no_flights] No direct flights on 09MAR
2026-01-25 07:40:08 | INFO     | [SUCCESS] Day 09MAR
2026-01-25 07:40:08 | INFO     | [DAY_START] Processing 08MAR
2026-01-25 07:40:08 | INFO     | [lf.day.start] Processing HBE-MED for 08MAR
2026-01-25 07:40:09 | INFO     | [lf.day.flights_found] Found 1 flights on 08MAR
2026-01-25 07:40:12 | INFO     | [lf.flight.extracted] SM485 on 08MAR: BKG=16, LF=8.9%
2026-01-25 07:40:15 | INFO     | [SUCCESS] Day 08MAR
2026-01-25 07:40:15 | INFO     | [DAY_START] Processing 07MAR
2026-01-25 07:40:15 | INFO     | [lf.day.start] Processing HBE-MED for 07MAR
2026-01-25 07:40:17 | WARNING  | [lf.day.no_flights] No direct flights on 07MAR
2026-01-25 07:40:17 | INFO     | [SUCCESS] Day 07MAR
2026-01-25 07:40:17 | INFO     | [DAY_START] Processing 06MAR
2026-01-25 07:40:17 | INFO     | [lf.day.start] Processing HBE-MED for 06MAR
2026-01-25 07:40:19 | WARNING  | [lf.day.no_flights] No direct flights on 06MAR
2026-01-25 07:40:19 | INFO     | [SUCCESS] Day 06MAR
2026-01-25 07:40:19 | INFO     | [DAY_START] Processing 05MAR
2026-01-25 07:40:19 | INFO     | [lf.day.start] Processing HBE-MED for 05MAR
2026-01-25 07:40:21 | INFO     | [lf.day.flights_found] Found 1 flights on 05MAR
2026-01-25 07:40:23 | INFO     | [lf.flight.extracted] SM485 on 05MAR: BKG=180, LF=100.6%
2026-01-25 07:40:28 | INFO     | [SUCCESS] Day 05MAR
2026-01-25 07:40:28 | INFO     | [DAY_START] Processing 04MAR
2026-01-25 07:40:28 | INFO     | [lf.day.start] Processing HBE-MED for 04MAR
2026-01-25 07:40:29 | INFO     | [lf.day.flights_found] Found 1 flights on 04MAR
2026-01-25 07:40:31 | INFO     | [lf.flight.extracted] SM485 on 04MAR: BKG=175, LF=97.8%
2026-01-25 07:40:34 | INFO     | [SUCCESS] Day 04MAR
2026-01-25 07:40:34 | INFO     | [SUCCESS] LF Search Complete
2026-01-25 07:40:34 | INFO     | [Worker_9226] Completed: HBE-MED - 8 results, 0 errors
2026-01-25 07:40:34 | INFO     | [Worker_9226] Processing: CAI-RUH
2026-01-25 07:40:34 | INFO     |   Tier 0: Range 2, Chunk 3/4 (8 days)
