2026-01-25 07:53:56 | INFO     | ======================================================================
2026-01-25 07:53:56 | INFO     | Load Factor Scraper Started - Route: HBE-JED
2026-01-25 07:53:56 | INFO     | Log file: D:\CODERED\LAB\Artifacts\outputs\run_generated_250126_at_07.06\logs\LF_HBE-JED_20260125_075356.log
2026-01-25 07:53:56 | INFO     | Enhanced logging: Capturing both logging.info() and print()
2026-01-25 07:53:56 | INFO     | ======================================================================
2026-01-25 07:53:56 | INFO     | Starting LF search for route: HBE-JED
2026-01-25 07:53:56 | INFO     | [START] LF Search
2026-01-25 07:53:57 | INFO     | [HEALTH CHECK] [OK] Chrome connection is healthy
2026-01-25 07:53:57 | INFO     | [DAY_START] Processing 16FEB
2026-01-25 07:53:57 | INFO     | [lf.day.start] Processing HBE-JED for 16FEB
2026-01-25 07:53:59 | INFO     | [lf.day.flights_found] Found 5 flights on 16FEB
2026-01-25 07:54:01 | INFO     | [lf.flight.extracted] SM973 on 16FEB: BKG=170, LF=95.0%
2026-01-25 07:54:04 | INFO     | [lf.flight.extracted] SM457 on 16FEB: BKG=179, LF=100.0%
2026-01-25 07:54:07 | INFO     | [lf.flight.extracted] SM2455 on 16FEB: BKG=175, LF=97.8%
2026-01-25 07:54:11 | INFO     | [lf.flight.extracted] SM451 on 16FEB: BKG=179, LF=100.0%
2026-01-25 07:54:14 | INFO     | [lf.flight.extracted] SM2457 on 16FEB: BKG=175, LF=97.8%
2026-01-25 07:54:22 | INFO     | [SUCCESS] Day 16FEB
2026-01-25 07:54:22 | INFO     | [DAY_START] Processing 15FEB
2026-01-25 07:54:22 | INFO     | [lf.day.start] Processing HBE-JED for 15FEB
2026-01-25 07:54:23 | INFO     | [lf.day.flights_found] Found 3 flights on 15FEB
2026-01-25 07:54:25 | INFO     | [lf.flight.extracted] SM957 on 15FEB: BKG=172, LF=96.1%
2026-01-25 07:54:29 | INFO     | [lf.flight.extracted] SM451 on 15FEB: BKG=179, LF=100.0%
2026-01-25 07:54:32 | INFO     | [lf.flight.extracted] SM457 on 15FEB: BKG=188, LF=105.0%
2026-01-25 07:54:38 | INFO     | [SUCCESS] Day 15FEB
2026-01-25 07:54:38 | INFO     | [DAY_START] Processing 14FEB
2026-01-25 07:54:38 | INFO     | [lf.day.start] Processing HBE-JED for 14FEB
2026-01-25 07:54:39 | INFO     | [lf.day.flights_found] Found 3 flights on 14FEB
2026-01-25 07:54:41 | INFO     | [lf.flight.extracted] SM457 on 14FEB: BKG=179, LF=100.0%
2026-01-25 07:54:44 | INFO     | [lf.flight.extracted] SM451 on 14FEB: BKG=183, LF=102.2%
2026-01-25 07:54:48 | INFO     | [lf.flight.extracted] SM979 on 14FEB: BKG=171, LF=95.5%
2026-01-25 07:54:58 | INFO     | [SUCCESS] Day 14FEB
2026-01-25 07:54:58 | INFO     | [DAY_START] Processing 13FEB
2026-01-25 07:54:58 | INFO     | [lf.day.start] Processing HBE-JED for 13FEB
2026-01-25 07:54:59 | INFO     | [lf.day.flights_found] Found 2 flights on 13FEB
2026-01-25 07:55:01 | INFO     | [lf.flight.extracted] SM451 on 13FEB: BKG=181, LF=101.1%
2026-01-25 07:55:05 | INFO     | [lf.flight.extracted] SM951 on 13FEB: BKG=166, LF=92.7%
2026-01-25 07:55:09 | INFO     | [SUCCESS] Day 13FEB
2026-01-25 07:55:09 | INFO     | [DAY_START] Processing 12FEB
2026-01-25 07:55:09 | INFO     | [lf.day.start] Processing HBE-JED for 12FEB
2026-01-25 07:55:10 | INFO     | [lf.day.flights_found] Found 2 flights on 12FEB
2026-01-25 07:55:12 | INFO     | [lf.flight.extracted] SM451 on 12FEB: BKG=70, LF=39.1%
2026-01-25 07:55:16 | INFO     | [lf.flight.extracted] SM2457 on 12FEB: BKG=170, LF=95.0%
2026-01-25 07:55:23 | INFO     | [SUCCESS] Day 12FEB
2026-01-25 07:55:23 | INFO     | [DAY_START] Processing 11FEB
2026-01-25 07:55:23 | INFO     | [lf.day.start] Processing HBE-JED for 11FEB
2026-01-25 07:55:24 | INFO     | [lf.day.flights_found] Found 5 flights on 11FEB
2026-01-25 07:55:24 | INFO     | [lf.flight.extracted] SM2449 on 11FEB: BKG=0, LF=0.0%
2026-01-25 07:55:28 | INFO     | [lf.flight.extracted] SM451 on 11FEB: BKG=179, LF=100.0%
2026-01-25 07:55:31 | INFO     | [lf.flight.extracted] SM2451 on 11FEB: BKG=175, LF=97.8%
2026-01-25 07:55:35 | INFO     | [lf.flight.extracted] SM457 on 11FEB: BKG=179, LF=100.0%
2026-01-25 07:55:38 | INFO     | [lf.flight.extracted] SM473 on 11FEB: BKG=77, LF=43.0%
2026-01-25 07:55:52 | INFO     | [SUCCESS] Day 11FEB
2026-01-25 07:55:52 | INFO     | [DAY_START] Processing 10FEB
2026-01-25 07:55:52 | INFO     | [lf.day.start] Processing HBE-JED for 10FEB
2026-01-25 07:55:54 | INFO     | [lf.day.flights_found] Found 3 flights on 10FEB
2026-01-25 07:55:57 | INFO     | [lf.flight.extracted] SM471 on 10FEB: BKG=171, LF=95.5%
2026-01-25 07:56:00 | INFO     | [lf.flight.extracted] SM479 on 10FEB: BKG=177, LF=98.9%
2026-01-25 07:56:05 | INFO     | [lf.flight.extracted] SM451 on 10FEB: BKG=179, LF=100.0%
2026-01-25 07:56:15 | INFO     | [SUCCESS] Day 10FEB
2026-01-25 07:56:15 | INFO     | [DAY_START] Processing 09FEB
2026-01-25 07:56:15 | INFO     | [lf.day.start] Processing HBE-JED for 09FEB
2026-01-25 07:56:16 | INFO     | [lf.day.flights_found] Found 4 flights on 09FEB
2026-01-25 07:56:18 | INFO     | [lf.flight.extracted] SM457 on 09FEB: BKG=179, LF=100.0%
2026-01-25 07:56:22 | INFO     | [lf.flight.extracted] SM477 on 09FEB: BKG=170, LF=95.0%
2026-01-25 07:56:26 | INFO     | [lf.flight.extracted] SM451 on 09FEB: BKG=179, LF=100.0%
2026-01-25 07:56:29 | INFO     | [lf.flight.extracted] SM957 on 09FEB: BKG=175, LF=97.8%
2026-01-25 07:56:36 | INFO     | [SUCCESS] Day 09FEB
2026-01-25 07:56:36 | INFO     | [SUCCESS] LF Search Complete
2026-01-25 07:56:36 | INFO     | [Worker_9234] Completed: HBE-JED - 8 results, 0 errors
2026-01-25 07:56:36 | INFO     | [Worker_9234] Processing: JED-ATZ
2026-01-25 07:56:36 | INFO     |   Tier 0: Range 1, Chunk 3/4 (8 days)
