2026-01-25 07:18:11 | INFO     | ======================================================================
2026-01-25 07:18:11 | INFO     | Load Factor Scraper Started - Route: HBE-MED
2026-01-25 07:18:11 | INFO     | Log file: D:\CODERED\LAB\Artifacts\outputs\run_generated_250126_at_07.06\logs\LF_HBE-MED_20260125_071811.log
2026-01-25 07:18:11 | INFO     | Enhanced logging: Capturing both logging.info() and print()
2026-01-25 07:18:11 | INFO     | ======================================================================
2026-01-25 07:18:11 | INFO     | Starting LF search for route: HBE-MED
2026-01-25 07:18:11 | INFO     | [START] LF Search
2026-01-25 07:18:12 | INFO     | [HEALTH CHECK] [OK] Chrome connection is healthy
2026-01-25 07:18:12 | INFO     | [DAY_START] Processing 06MAY
2026-01-25 07:18:12 | INFO     | [lf.day.start] Processing HBE-MED for 06MAY
2026-01-25 07:18:13 | WARNING  | [lf.day.no_flights] No direct flights on 06MAY
2026-01-25 07:18:13 | INFO     | [SUCCESS] Day 06MAY
2026-01-25 07:18:13 | INFO     | [DAY_START] Processing 05MAY
2026-01-25 07:18:13 | INFO     | [lf.day.start] Processing HBE-MED for 05MAY
2026-01-25 07:18:14 | WARNING  | [lf.day.no_flights] No direct flights on 05MAY
2026-01-25 07:18:14 | INFO     | [SUCCESS] Day 05MAY
2026-01-25 07:18:14 | INFO     | [DAY_START] Processing 04MAY
2026-01-25 07:18:14 | INFO     | [lf.day.start] Processing HBE-MED for 04MAY
2026-01-25 07:18:15 | WARNING  | [lf.day.no_flights] No direct flights on 04MAY
2026-01-25 07:18:15 | INFO     | [SUCCESS] Day 04MAY
2026-01-25 07:18:15 | INFO     | [DAY_START] Processing 03MAY
2026-01-25 07:18:15 | INFO     | [lf.day.start] Processing HBE-MED for 03MAY
2026-01-25 07:18:17 | INFO     | [lf.day.flights_found] Found 1 flights on 03MAY
2026-01-25 07:18:19 | INFO     | [lf.flight.extracted] SM485 on 03MAY: BKG=0, LF=0.0%
2026-01-25 07:18:20 | INFO     | [SUCCESS] Day 03MAY
2026-01-25 07:18:20 | INFO     | [DAY_START] Processing 02MAY
2026-01-25 07:18:20 | INFO     | [lf.day.start] Processing HBE-MED for 02MAY
2026-01-25 07:18:21 | WARNING  | [lf.day.no_flights] No direct flights on 02MAY
2026-01-25 07:18:21 | INFO     | [SUCCESS] Day 02MAY
2026-01-25 07:18:21 | INFO     | [DAY_START] Processing 01MAY
2026-01-25 07:18:21 | INFO     | [lf.day.start] Processing HBE-MED for 01MAY
2026-01-25 07:18:22 | WARNING  | [lf.day.no_flights] No direct flights on 01MAY
2026-01-25 07:18:22 | INFO     | [SUCCESS] Day 01MAY
2026-01-25 07:18:22 | INFO     | [DAY_START] Processing 30APR
2026-01-25 07:18:22 | INFO     | [lf.day.start] Processing HBE-MED for 30APR
2026-01-25 07:18:23 | INFO     | [lf.day.flights_found] Found 1 flights on 30APR
2026-01-25 07:18:25 | INFO     | [lf.flight.extracted] SM485 on 30APR: BKG=0, LF=0.0%
2026-01-25 07:18:27 | INFO     | [SUCCESS] Day 30APR
2026-01-25 07:18:27 | INFO     | [DAY_START] Processing 29APR
2026-01-25 07:18:27 | INFO     | [lf.day.start] Processing HBE-MED for 29APR
2026-01-25 07:18:28 | WARNING  | [lf.day.no_flights] No direct flights on 29APR
2026-01-25 07:18:28 | INFO     | [SUCCESS] Day 29APR
2026-01-25 07:18:28 | INFO     | [SUCCESS] LF Search Complete
2026-01-25 07:18:28 | INFO     | [Worker_9234] Completed: HBE-MED - 8 results, 0 errors
2026-01-25 07:18:28 | INFO     | [Worker_9234] Processing: ASW-JED
2026-01-25 07:18:28 | INFO     |   Tier 0: Range 4, Chunk 4/4 (8 days)
