2026-01-25 07:32:16 | INFO     | ======================================================================
2026-01-25 07:32:16 | INFO     | Load Factor Scraper Started - Route: HBE-JED
2026-01-25 07:32:16 | INFO     | Log file: D:\CODERED\LAB\Artifacts\outputs\run_generated_250126_at_07.06\logs\LF_HBE-JED_20260125_073216.log
2026-01-25 07:32:16 | INFO     | Enhanced logging: Capturing both logging.info() and print()
2026-01-25 07:32:16 | INFO     | ======================================================================
2026-01-25 07:32:16 | INFO     | Starting LF search for route: HBE-JED
2026-01-25 07:32:16 | INFO     | [START] LF Search
2026-01-25 07:32:17 | INFO     | [HEALTH CHECK] [OK] Chrome connection is healthy
2026-01-25 07:32:17 | INFO     | [DAY_START] Processing 27MAR
2026-01-25 07:32:17 | INFO     | [lf.day.start] Processing HBE-JED for 27MAR
2026-01-25 07:32:18 | INFO     | [lf.day.flights_found] Found 1 flights on 27MAR
2026-01-25 07:32:20 | INFO     | [lf.flight.extracted] SM451 on 27MAR: BKG=72, LF=40.2%
2026-01-25 07:32:25 | INFO     | [SUCCESS] Day 27MAR
2026-01-25 07:32:25 | INFO     | [DAY_START] Processing 26MAR
2026-01-25 07:32:25 | INFO     | [lf.day.start] Processing HBE-JED for 26MAR
2026-01-25 07:32:26 | INFO     | [lf.day.flights_found] Found 1 flights on 26MAR
2026-01-25 07:32:28 | INFO     | [lf.flight.extracted] SM451 on 26MAR: BKG=6, LF=3.4%
2026-01-25 07:32:30 | INFO     | [SUCCESS] Day 26MAR
2026-01-25 07:32:30 | INFO     | [DAY_START] Processing 25MAR
2026-01-25 07:32:30 | INFO     | [lf.day.start] Processing HBE-JED for 25MAR
2026-01-25 07:32:32 | INFO     | [lf.day.flights_found] Found 3 flights on 25MAR
2026-01-25 07:32:34 | INFO     | [lf.flight.extracted] SM451 on 25MAR: BKG=0, LF=0.0%
2026-01-25 07:32:37 | INFO     | [lf.flight.extracted] SM457 on 25MAR: BKG=4, LF=2.2%
2026-01-25 07:32:40 | INFO     | [lf.flight.extracted] SM473 on 25MAR: BKG=1, LF=0.6%
2026-01-25 07:32:44 | INFO     | [SUCCESS] Day 25MAR
2026-01-25 07:32:44 | INFO     | [DAY_START] Processing 24MAR
2026-01-25 07:32:44 | INFO     | [lf.day.start] Processing HBE-JED for 24MAR
2026-01-25 07:32:45 | INFO     | [lf.day.flights_found] Found 3 flights on 24MAR
2026-01-25 07:32:47 | INFO     | [lf.flight.extracted] SM961 on 24MAR: BKG=26, LF=14.5%
2026-01-25 07:32:50 | INFO     | [lf.flight.extracted] SM451 on 24MAR: BKG=0, LF=0.0%
2026-01-25 07:32:53 | INFO     | [lf.flight.extracted] SM957 on 24MAR: BKG=6, LF=3.4%
2026-01-25 07:32:58 | INFO     | [SUCCESS] Day 24MAR
2026-01-25 07:32:58 | INFO     | [DAY_START] Processing 23MAR
2026-01-25 07:32:58 | INFO     | [lf.day.start] Processing HBE-JED for 23MAR
2026-01-25 07:33:00 | INFO     | [lf.day.flights_found] Found 3 flights on 23MAR
2026-01-25 07:33:02 | INFO     | [lf.flight.extracted] SM457 on 23MAR: BKG=3, LF=1.7%
2026-01-25 07:33:06 | INFO     | [lf.flight.extracted] SM451 on 23MAR: BKG=2, LF=1.1%
2026-01-25 07:33:09 | INFO     | [lf.flight.extracted] SM951 on 23MAR: BKG=3, LF=1.7%
2026-01-25 07:33:15 | INFO     | [SUCCESS] Day 23MAR
2026-01-25 07:33:15 | INFO     | [DAY_START] Processing 22MAR
2026-01-25 07:33:15 | INFO     | [lf.day.start] Processing HBE-JED for 22MAR
2026-01-25 07:33:16 | INFO     | [lf.day.flights_found] Found 2 flights on 22MAR
2026-01-25 07:33:18 | INFO     | [lf.flight.extracted] SM451 on 22MAR: BKG=0, LF=0.0%
2026-01-25 07:33:22 | INFO     | [lf.flight.extracted] SM457 on 22MAR: BKG=1, LF=0.6%
2026-01-25 07:33:25 | INFO     | [SUCCESS] Day 22MAR
2026-01-25 07:33:25 | INFO     | [DAY_START] Processing 21MAR
2026-01-25 07:33:25 | INFO     | [lf.day.start] Processing HBE-JED for 21MAR
2026-01-25 07:33:26 | INFO     | [lf.day.flights_found] Found 2 flights on 21MAR
2026-01-25 07:33:28 | INFO     | [lf.flight.extracted] SM457 on 21MAR: BKG=0, LF=0.0%
2026-01-25 07:33:31 | INFO     | [lf.flight.extracted] SM451 on 21MAR: BKG=0, LF=0.0%
2026-01-25 07:33:33 | INFO     | [SUCCESS] Day 21MAR
2026-01-25 07:33:33 | INFO     | [DAY_START] Processing 20MAR
2026-01-25 07:33:33 | INFO     | [lf.day.start] Processing HBE-JED for 20MAR
2026-01-25 07:33:34 | INFO     | [lf.day.flights_found] Found 1 flights on 20MAR
2026-01-25 07:33:36 | INFO     | [lf.flight.extracted] SM451 on 20MAR: BKG=0, LF=0.0%
2026-01-25 07:33:37 | INFO     | [SUCCESS] Day 20MAR
2026-01-25 07:33:37 | INFO     | [SUCCESS] LF Search Complete
2026-01-25 07:33:37 | INFO     | [Worker_9223] Completed: HBE-JED - 8 results, 0 errors
2026-01-25 07:33:37 | INFO     | [Worker_9223] Processing: ATZ-AJF
2026-01-25 07:33:37 | INFO     |   Tier 0: Range 2, Chunk 1/4 (8 days)
