2026-01-25 07:36:23 | INFO     | ======================================================================
2026-01-25 07:36:23 | INFO     | Load Factor Scraper Started - Route: HBE-JED
2026-01-25 07:36:23 | INFO     | Log file: D:\CODERED\LAB\Artifacts\outputs\run_generated_250126_at_07.06\logs\LF_HBE-JED_20260125_073623.log
2026-01-25 07:36:23 | INFO     | Enhanced logging: Capturing both logging.info() and print()
2026-01-25 07:36:23 | INFO     | ======================================================================
2026-01-25 07:36:23 | INFO     | Starting LF search for route: HBE-JED
2026-01-25 07:36:23 | INFO     | [START] LF Search
2026-01-25 07:36:24 | INFO     | [HEALTH CHECK] [OK] Chrome connection is healthy
2026-01-25 07:36:24 | INFO     | [DAY_START] Processing 19MAR
2026-01-25 07:36:24 | INFO     | [lf.day.start] Processing HBE-JED for 19MAR
2026-01-25 07:36:25 | INFO     | [lf.day.flights_found] Found 1 flights on 19MAR
2026-01-25 07:36:27 | INFO     | [lf.flight.extracted] SM451 on 19MAR: BKG=0, LF=0.0%
2026-01-25 07:36:28 | INFO     | [SUCCESS] Day 19MAR
2026-01-25 07:36:28 | INFO     | [DAY_START] Processing 18MAR
2026-01-25 07:36:28 | INFO     | [lf.day.start] Processing HBE-JED for 18MAR
2026-01-25 07:36:29 | INFO     | [lf.day.flights_found] Found 4 flights on 18MAR
2026-01-25 07:36:31 | INFO     | [lf.flight.extracted] SM451 on 18MAR: BKG=0, LF=0.0%
2026-01-25 07:36:35 | INFO     | [lf.flight.extracted] SM475 on 18MAR: BKG=0, LF=0.0%
2026-01-25 07:36:38 | INFO     | [lf.flight.extracted] SM457 on 18MAR: BKG=0, LF=0.0%
2026-01-25 07:36:41 | INFO     | [lf.flight.extracted] SM473 on 18MAR: BKG=0, LF=0.0%
2026-01-25 07:36:42 | INFO     | [SUCCESS] Day 18MAR
2026-01-25 07:36:42 | INFO     | [DAY_START] Processing 17MAR
2026-01-25 07:36:42 | INFO     | [lf.day.start] Processing HBE-JED for 17MAR
2026-01-25 07:36:43 | INFO     | [lf.day.flights_found] Found 1 flights on 17MAR
2026-01-25 07:36:45 | INFO     | [lf.flight.extracted] SM451 on 17MAR: BKG=0, LF=0.0%
2026-01-25 07:36:47 | INFO     | [SUCCESS] Day 17MAR
2026-01-25 07:36:47 | INFO     | [DAY_START] Processing 16MAR
2026-01-25 07:36:47 | INFO     | [lf.day.start] Processing HBE-JED for 16MAR
2026-01-25 07:36:48 | INFO     | [lf.day.flights_found] Found 2 flights on 16MAR
2026-01-25 07:36:50 | INFO     | [lf.flight.extracted] SM457 on 16MAR: BKG=1, LF=0.6%
2026-01-25 07:36:53 | INFO     | [lf.flight.extracted] SM451 on 16MAR: BKG=0, LF=0.0%
2026-01-25 07:36:55 | INFO     | [SUCCESS] Day 16MAR
2026-01-25 07:36:55 | INFO     | [DAY_START] Processing 15MAR
2026-01-25 07:36:55 | INFO     | [lf.day.start] Processing HBE-JED for 15MAR
2026-01-25 07:36:56 | INFO     | [lf.day.flights_found] Found 2 flights on 15MAR
2026-01-25 07:36:58 | INFO     | [lf.flight.extracted] SM451 on 15MAR: BKG=0, LF=0.0%
2026-01-25 07:37:01 | INFO     | [lf.flight.extracted] SM457 on 15MAR: BKG=0, LF=0.0%
2026-01-25 07:37:03 | INFO     | [SUCCESS] Day 15MAR
2026-01-25 07:37:03 | INFO     | [DAY_START] Processing 14MAR
2026-01-25 07:37:03 | INFO     | [lf.day.start] Processing HBE-JED for 14MAR
2026-01-25 07:37:04 | INFO     | [lf.day.flights_found] Found 2 flights on 14MAR
2026-01-25 07:37:06 | INFO     | [lf.flight.extracted] SM457 on 14MAR: BKG=1, LF=0.6%
2026-01-25 07:37:09 | INFO     | [lf.flight.extracted] SM451 on 14MAR: BKG=1, LF=0.6%
2026-01-25 07:37:13 | INFO     | [SUCCESS] Day 14MAR
2026-01-25 07:37:13 | INFO     | [DAY_START] Processing 13MAR
2026-01-25 07:37:13 | INFO     | [lf.day.start] Processing HBE-JED for 13MAR
2026-01-25 07:37:14 | INFO     | [lf.day.flights_found] Found 1 flights on 13MAR
2026-01-25 07:37:16 | INFO     | [lf.flight.extracted] SM451 on 13MAR: BKG=3, LF=1.7%
2026-01-25 07:37:19 | INFO     | [SUCCESS] Day 13MAR
2026-01-25 07:37:19 | INFO     | [DAY_START] Processing 12MAR
2026-01-25 07:37:19 | INFO     | [lf.day.start] Processing HBE-JED for 12MAR
2026-01-25 07:37:20 | INFO     | [lf.day.flights_found] Found 1 flights on 12MAR
2026-01-25 07:37:22 | INFO     | [lf.flight.extracted] SM451 on 12MAR: BKG=15, LF=8.4%
2026-01-25 07:37:25 | INFO     | [SUCCESS] Day 12MAR
2026-01-25 07:37:25 | INFO     | [SUCCESS] LF Search Complete
2026-01-25 07:37:39 | INFO     | [Worker_9234] Completed: HBE-JED - 8 results, 0 errors
2026-01-25 07:37:39 | INFO     | [Worker_9234] Processing: ATZ-ELQ
2026-01-25 07:37:39 | INFO     |   Tier 0: Range 2, Chunk 2/4 (8 days)
