2026-01-25 07:11:13 | INFO     | ======================================================================
2026-01-25 07:11:13 | INFO     | Load Factor Scraper Started - Route: HBE-MED
2026-01-25 07:11:13 | INFO     | Log file: D:\CODERED\LAB\Artifacts\outputs\run_generated_250126_at_07.06\logs\LF_HBE-MED_20260125_071113.log
2026-01-25 07:11:13 | INFO     | Enhanced logging: Capturing both logging.info() and print()
2026-01-25 07:11:13 | INFO     | ======================================================================
2026-01-25 07:11:13 | INFO     | Starting LF search for route: HBE-MED
2026-01-25 07:11:13 | INFO     | [START] LF Search
2026-01-25 07:11:14 | INFO     | [HEALTH CHECK] [OK] Chrome connection is healthy
2026-01-25 07:11:14 | INFO     | [DAY_START] Processing 30MAY
2026-01-25 07:11:14 | INFO     | [lf.day.start] Processing HBE-MED for 30MAY
2026-01-25 07:11:15 | WARNING  | [lf.day.no_flights] No direct flights on 30MAY
2026-01-25 07:11:15 | INFO     | [SUCCESS] Day 30MAY
2026-01-25 07:11:15 | INFO     | [DAY_START] Processing 29MAY
2026-01-25 07:11:15 | INFO     | [lf.day.start] Processing HBE-MED for 29MAY
2026-01-25 07:11:16 | WARNING  | [lf.day.no_flights] No direct flights on 29MAY
2026-01-25 07:11:16 | INFO     | [SUCCESS] Day 29MAY
2026-01-25 07:11:16 | INFO     | [DAY_START] Processing 28MAY
2026-01-25 07:11:16 | INFO     | [lf.day.start] Processing HBE-MED for 28MAY
2026-01-25 07:11:17 | INFO     | [lf.day.flights_found] Found 1 flights on 28MAY
2026-01-25 07:11:19 | INFO     | [lf.flight.extracted] SM485 on 28MAY: BKG=1, LF=0.6%
2026-01-25 07:11:22 | INFO     | [SUCCESS] Day 28MAY
2026-01-25 07:11:22 | INFO     | [DAY_START] Processing 27MAY
2026-01-25 07:11:22 | INFO     | [lf.day.start] Processing HBE-MED for 27MAY
2026-01-25 07:11:23 | WARNING  | [lf.day.no_flights] No direct flights on 27MAY
2026-01-25 07:11:23 | INFO     | [SUCCESS] Day 27MAY
2026-01-25 07:11:23 | INFO     | [DAY_START] Processing 26MAY
2026-01-25 07:11:23 | INFO     | [lf.day.start] Processing HBE-MED for 26MAY
2026-01-25 07:11:24 | WARNING  | [lf.day.no_flights] No direct flights on 26MAY
2026-01-25 07:11:24 | INFO     | [SUCCESS] Day 26MAY
2026-01-25 07:11:24 | INFO     | [DAY_START] Processing 25MAY
2026-01-25 07:11:24 | INFO     | [lf.day.start] Processing HBE-MED for 25MAY
2026-01-25 07:11:25 | WARNING  | [lf.day.no_flights] No direct flights on 25MAY
2026-01-25 07:11:25 | INFO     | [SUCCESS] Day 25MAY
2026-01-25 07:11:25 | INFO     | [DAY_START] Processing 24MAY
2026-01-25 07:11:25 | INFO     | [lf.day.start] Processing HBE-MED for 24MAY
2026-01-25 07:11:27 | INFO     | [lf.day.flights_found] Found 1 flights on 24MAY
2026-01-25 07:11:29 | INFO     | [lf.flight.extracted] SM485 on 24MAY: BKG=0, LF=0.0%
2026-01-25 07:11:30 | INFO     | [SUCCESS] Day 24MAY
2026-01-25 07:11:30 | INFO     | [DAY_START] Processing 23MAY
2026-01-25 07:11:30 | INFO     | [lf.day.start] Processing HBE-MED for 23MAY
2026-01-25 07:11:32 | WARNING  | [lf.day.no_flights] No direct flights on 23MAY
2026-01-25 07:11:32 | INFO     | [SUCCESS] Day 23MAY
2026-01-25 07:11:32 | INFO     | [SUCCESS] LF Search Complete
2026-01-25 07:11:32 | INFO     | [Worker_9232] Completed: HBE-MED - 8 results, 0 errors
2026-01-25 07:11:32 | INFO     | [Worker_9232] Processing: LXR-JED
2026-01-25 07:11:32 | INFO     |   Tier 0: Range 4, Chunk 1/4 (8 days)
