2026-01-25 07:51:19 | INFO     | ======================================================================
2026-01-25 07:51:19 | INFO     | Load Factor Scraper Started - Route: JED-LXR
2026-01-25 07:51:19 | INFO     | Log file: D:\CODERED\LAB\Artifacts\outputs\run_generated_250126_at_07.06\logs\LF_JED-LXR_20260125_075119.log
2026-01-25 07:51:19 | INFO     | Enhanced logging: Capturing both logging.info() and print()
2026-01-25 07:51:19 | INFO     | ======================================================================
2026-01-25 07:51:19 | INFO     | Starting LF search for route: JED-LXR
2026-01-25 07:51:19 | INFO     | [START] LF Search
2026-01-25 07:51:20 | INFO     | [HEALTH CHECK] [OK] Chrome connection is healthy
2026-01-25 07:51:20 | INFO     | [DAY_START] Processing 16FEB
2026-01-25 07:51:20 | INFO     | [lf.day.start] Processing JED-LXR for 16FEB
2026-01-25 07:51:21 | WARNING  | [lf.day.no_flights] No direct flights on 16FEB
2026-01-25 07:51:21 | INFO     | [SUCCESS] Day 16FEB
2026-01-25 07:51:21 | INFO     | [DAY_START] Processing 15FEB
2026-01-25 07:51:21 | INFO     | [lf.day.start] Processing JED-LXR for 15FEB
2026-01-25 07:51:22 | WARNING  | [lf.day.no_flights] No direct flights on 15FEB
2026-01-25 07:51:22 | INFO     | [SUCCESS] Day 15FEB
2026-01-25 07:51:22 | INFO     | [DAY_START] Processing 14FEB
2026-01-25 07:51:22 | INFO     | [lf.day.start] Processing JED-LXR for 14FEB
2026-01-25 07:51:24 | WARNING  | [lf.day.no_flights] No direct flights on 14FEB
2026-01-25 07:51:24 | INFO     | [SUCCESS] Day 14FEB
2026-01-25 07:51:24 | INFO     | [DAY_START] Processing 13FEB
2026-01-25 07:51:24 | INFO     | [lf.day.start] Processing JED-LXR for 13FEB
2026-01-25 07:51:25 | WARNING  | [lf.day.no_flights] No direct flights on 13FEB
2026-01-25 07:51:25 | INFO     | [SUCCESS] Day 13FEB
2026-01-25 07:51:25 | INFO     | [DAY_START] Processing 12FEB
2026-01-25 07:51:25 | INFO     | [lf.day.start] Processing JED-LXR for 12FEB
2026-01-25 07:51:26 | WARNING  | [lf.day.no_flights] No direct flights on 12FEB
2026-01-25 07:51:26 | INFO     | [SUCCESS] Day 12FEB
2026-01-25 07:51:26 | INFO     | [DAY_START] Processing 11FEB
2026-01-25 07:51:26 | INFO     | [lf.day.start] Processing JED-LXR for 11FEB
2026-01-25 07:51:27 | INFO     | [lf.day.flights_found] Found 2 flights on 11FEB
2026-01-25 07:51:29 | INFO     | [lf.flight.extracted] SM960 on 11FEB: BKG=0, LF=0.0%
2026-01-25 07:51:33 | INFO     | [lf.flight.extracted] SM962 on 11FEB: BKG=0, LF=0.0%
2026-01-25 07:51:34 | INFO     | [SUCCESS] Day 11FEB
2026-01-25 07:51:34 | INFO     | [DAY_START] Processing 10FEB
2026-01-25 07:51:34 | INFO     | [lf.day.start] Processing JED-LXR for 10FEB
2026-01-25 07:51:35 | INFO     | [lf.day.flights_found] Found 5 flights on 10FEB
2026-01-25 07:51:37 | INFO     | [lf.flight.extracted] SM482 on 10FEB: BKG=0, LF=0.0%
2026-01-25 07:51:41 | INFO     | [lf.flight.extracted] SM430 on 10FEB: BKG=0, LF=0.0%
2026-01-25 07:51:45 | INFO     | [lf.flight.extracted] SM984 on 10FEB: BKG=0, LF=0.0%
2026-01-25 07:51:48 | INFO     | [lf.flight.extracted] SM982 on 10FEB: BKG=0, LF=0.0%
2026-01-25 07:51:52 | INFO     | [lf.flight.extracted] SM484 on 10FEB: BKG=0, LF=0.0%
2026-01-25 07:51:54 | INFO     | [SUCCESS] Day 10FEB
2026-01-25 07:51:54 | INFO     | [DAY_START] Processing 09FEB
2026-01-25 07:51:54 | INFO     | [lf.day.start] Processing JED-LXR for 09FEB
2026-01-25 07:51:55 | WARNING  | [lf.day.no_flights] No direct flights on 09FEB
2026-01-25 07:51:55 | INFO     | [SUCCESS] Day 09FEB
2026-01-25 07:51:55 | INFO     | [SUCCESS] LF Search Complete
2026-01-25 07:51:55 | INFO     | [Worker_9234] Completed: JED-LXR - 8 results, 0 errors
2026-01-25 07:51:55 | INFO     | [Worker_9234] Processing: DMM-ATZ
2026-01-25 07:51:55 | INFO     |   Tier 0: Range 1, Chunk 2/4 (8 days)
