2026-01-25 07:14:46 | INFO     | ======================================================================
2026-01-25 07:14:46 | INFO     | Load Factor Scraper Started - Route: JED-LXR
2026-01-25 07:14:46 | INFO     | Log file: D:\CODERED\LAB\Artifacts\outputs\run_generated_250126_at_07.06\logs\LF_JED-LXR_20260125_071446.log
2026-01-25 07:14:46 | INFO     | Enhanced logging: Capturing both logging.info() and print()
2026-01-25 07:14:46 | INFO     | ======================================================================
2026-01-25 07:14:46 | INFO     | Starting LF search for route: JED-LXR
2026-01-25 07:14:46 | INFO     | [START] LF Search
2026-01-25 07:14:47 | INFO     | [HEALTH CHECK] [OK] Chrome connection is healthy
2026-01-25 07:14:47 | INFO     | [DAY_START] Processing 14MAY
2026-01-25 07:14:47 | INFO     | [lf.day.start] Processing JED-LXR for 14MAY
2026-01-25 07:14:48 | WARNING  | [lf.day.no_flights] No direct flights on 14MAY
2026-01-25 07:14:48 | INFO     | [SUCCESS] Day 14MAY
2026-01-25 07:14:48 | INFO     | [DAY_START] Processing 13MAY
2026-01-25 07:14:48 | INFO     | [lf.day.start] Processing JED-LXR for 13MAY
2026-01-25 07:14:50 | WARNING  | [lf.day.no_flights] No direct flights on 13MAY
2026-01-25 07:14:50 | INFO     | [SUCCESS] Day 13MAY
2026-01-25 07:14:50 | INFO     | [DAY_START] Processing 12MAY
2026-01-25 07:14:50 | INFO     | [lf.day.start] Processing JED-LXR for 12MAY
2026-01-25 07:14:51 | WARNING  | [lf.day.no_flights] No direct flights on 12MAY
2026-01-25 07:14:51 | INFO     | [SUCCESS] Day 12MAY
2026-01-25 07:14:51 | INFO     | [DAY_START] Processing 11MAY
2026-01-25 07:14:51 | INFO     | [lf.day.start] Processing JED-LXR for 11MAY
2026-01-25 07:14:52 | WARNING  | [lf.day.no_flights] No direct flights on 11MAY
2026-01-25 07:14:52 | INFO     | [SUCCESS] Day 11MAY
2026-01-25 07:14:52 | INFO     | [DAY_START] Processing 10MAY
2026-01-25 07:14:52 | INFO     | [lf.day.start] Processing JED-LXR for 10MAY
2026-01-25 07:14:53 | WARNING  | [lf.day.no_flights] No direct flights on 10MAY
2026-01-25 07:14:53 | INFO     | [SUCCESS] Day 10MAY
2026-01-25 07:14:53 | INFO     | [DAY_START] Processing 09MAY
2026-01-25 07:14:53 | INFO     | [lf.day.start] Processing JED-LXR for 09MAY
2026-01-25 07:14:55 | WARNING  | [lf.day.no_flights] No direct flights on 09MAY
2026-01-25 07:14:55 | INFO     | [SUCCESS] Day 09MAY
2026-01-25 07:14:55 | INFO     | [DAY_START] Processing 08MAY
2026-01-25 07:14:55 | INFO     | [lf.day.start] Processing JED-LXR for 08MAY
2026-01-25 07:14:56 | WARNING  | [lf.day.no_flights] No direct flights on 08MAY
2026-01-25 07:14:56 | INFO     | [SUCCESS] Day 08MAY
2026-01-25 07:14:56 | INFO     | [DAY_START] Processing 07MAY
2026-01-25 07:14:56 | INFO     | [lf.day.start] Processing JED-LXR for 07MAY
2026-01-25 07:14:57 | WARNING  | [lf.day.no_flights] No direct flights on 07MAY
2026-01-25 07:14:57 | INFO     | [SUCCESS] Day 07MAY
2026-01-25 07:14:57 | INFO     | [SUCCESS] LF Search Complete
2026-01-25 07:14:57 | INFO     | [Worker_9234] Completed: JED-LXR - 8 results, 0 errors
2026-01-25 07:14:57 | INFO     | [Worker_9234] Processing: DMM-CAI
2026-01-25 07:14:57 | INFO     |   Tier 0: Range 4, Chunk 3/4 (8 days)
