2026-01-25 07:38:20 | INFO     | ======================================================================
2026-01-25 07:38:20 | INFO     | Load Factor Scraper Started - Route: JED-LXR
2026-01-25 07:38:20 | INFO     | Log file: D:\CODERED\LAB\Artifacts\outputs\run_generated_250126_at_07.06\logs\LF_JED-LXR_20260125_073820.log
2026-01-25 07:38:20 | INFO     | Enhanced logging: Capturing both logging.info() and print()
2026-01-25 07:38:20 | INFO     | ======================================================================
2026-01-25 07:38:20 | INFO     | Starting LF search for route: JED-LXR
2026-01-25 07:38:20 | INFO     | [START] LF Search
2026-01-25 07:38:21 | INFO     | [HEALTH CHECK] [OK] Chrome connection is healthy
2026-01-25 07:38:21 | INFO     | [DAY_START] Processing 11MAR
2026-01-25 07:38:21 | INFO     | [lf.day.start] Processing JED-LXR for 11MAR
2026-01-25 07:38:22 | WARNING  | [lf.day.no_flights] No direct flights on 11MAR
2026-01-25 07:38:22 | INFO     | [SUCCESS] Day 11MAR
2026-01-25 07:38:22 | INFO     | [DAY_START] Processing 10MAR
2026-01-25 07:38:22 | INFO     | [lf.day.start] Processing JED-LXR for 10MAR
2026-01-25 07:38:23 | INFO     | [lf.day.flights_found] Found 4 flights on 10MAR
2026-01-25 07:38:25 | INFO     | [lf.flight.extracted] SM482 on 10MAR: BKG=0, LF=0.0%
2026-01-25 07:38:28 | INFO     | [lf.flight.extracted] SM430 on 10MAR: BKG=0, LF=0.0%
2026-01-25 07:38:32 | INFO     | [lf.flight.extracted] SM982 on 10MAR: BKG=0, LF=0.0%
2026-01-25 07:38:35 | INFO     | [lf.flight.extracted] SM484 on 10MAR: BKG=0, LF=0.0%
2026-01-25 07:38:36 | INFO     | [SUCCESS] Day 10MAR
2026-01-25 07:38:36 | INFO     | [DAY_START] Processing 09MAR
2026-01-25 07:38:36 | INFO     | [lf.day.start] Processing JED-LXR for 09MAR
2026-01-25 07:38:37 | WARNING  | [lf.day.no_flights] No direct flights on 09MAR
2026-01-25 07:38:37 | INFO     | [SUCCESS] Day 09MAR
2026-01-25 07:38:37 | INFO     | [DAY_START] Processing 08MAR
2026-01-25 07:38:37 | INFO     | [lf.day.start] Processing JED-LXR for 08MAR
2026-01-25 07:38:38 | WARNING  | [lf.day.no_flights] No direct flights on 08MAR
2026-01-25 07:38:38 | INFO     | [SUCCESS] Day 08MAR
2026-01-25 07:38:38 | INFO     | [DAY_START] Processing 07MAR
2026-01-25 07:38:38 | INFO     | [lf.day.start] Processing JED-LXR for 07MAR
2026-01-25 07:38:39 | WARNING  | [lf.day.no_flights] No direct flights on 07MAR
2026-01-25 07:38:39 | INFO     | [SUCCESS] Day 07MAR
2026-01-25 07:38:39 | INFO     | [DAY_START] Processing 06MAR
2026-01-25 07:38:39 | INFO     | [lf.day.start] Processing JED-LXR for 06MAR
2026-01-25 07:38:40 | WARNING  | [lf.day.no_flights] No direct flights on 06MAR
2026-01-25 07:38:40 | INFO     | [SUCCESS] Day 06MAR
2026-01-25 07:38:40 | INFO     | [DAY_START] Processing 05MAR
2026-01-25 07:38:40 | INFO     | [lf.day.start] Processing JED-LXR for 05MAR
2026-01-25 07:38:41 | WARNING  | [lf.day.no_flights] No direct flights on 05MAR
2026-01-25 07:38:41 | INFO     | [SUCCESS] Day 05MAR
2026-01-25 07:38:41 | INFO     | [DAY_START] Processing 04MAR
2026-01-25 07:38:41 | INFO     | [lf.day.start] Processing JED-LXR for 04MAR
2026-01-25 07:38:42 | WARNING  | [lf.day.no_flights] No direct flights on 04MAR
2026-01-25 07:38:42 | INFO     | [SUCCESS] Day 04MAR
2026-01-25 07:38:42 | INFO     | [SUCCESS] LF Search Complete
2026-01-25 07:38:42 | INFO     | [Worker_9225] Completed: JED-LXR - 8 results, 0 errors
2026-01-25 07:38:42 | INFO     | [Worker_9225] Processing: DMM-ATZ
2026-01-25 07:38:42 | INFO     |   Tier 0: Range 2, Chunk 3/4 (8 days)
