2026-01-25 08:01:35 | INFO     | ======================================================================
2026-01-25 08:01:35 | INFO     | Load Factor Scraper Started - Route: JED-ATZ
2026-01-25 08:01:35 | INFO     | Log file: D:\CODERED\LAB\Artifacts\outputs\run_generated_250126_at_07.06\logs\LF_JED-ATZ_20260125_080135.log
2026-01-25 08:01:35 | INFO     | Enhanced logging: Capturing both logging.info() and print()
2026-01-25 08:01:35 | INFO     | ======================================================================
2026-01-25 08:01:35 | INFO     | Starting LF search for route: JED-ATZ
2026-01-25 08:01:35 | INFO     | [START] LF Search
2026-01-25 08:01:36 | INFO     | [HEALTH CHECK] [OK] Chrome connection is healthy
2026-01-25 08:01:36 | INFO     | [DAY_START] Processing 31JAN
2026-01-25 08:01:36 | INFO     | [lf.day.start] Processing JED-ATZ for 31JAN
2026-01-25 08:01:37 | INFO     | [lf.day.flights_found] Found 3 flights on 31JAN
2026-01-25 08:01:39 | INFO     | [lf.flight.extracted] SM492 on 31JAN: BKG=178, LF=100.0%
2026-01-25 08:01:42 | INFO     | [lf.flight.extracted] SM454 on 31JAN: BKG=178, LF=100.0%
2026-01-25 08:01:46 | INFO     | [lf.flight.extracted] SM456 on 31JAN: BKG=157, LF=89.7%
2026-01-25 08:02:02 | INFO     | [SUCCESS] Day 31JAN
2026-01-25 08:02:02 | INFO     | [DAY_START] Processing 30JAN
2026-01-25 08:02:02 | INFO     | [lf.day.start] Processing JED-ATZ for 30JAN
2026-01-25 08:02:03 | INFO     | [lf.day.flights_found] Found 1 flights on 30JAN
2026-01-25 08:02:05 | INFO     | [lf.flight.extracted] SM492 on 30JAN: BKG=178, LF=100.0%
2026-01-25 08:02:11 | INFO     | [SUCCESS] Day 30JAN
2026-01-25 08:02:11 | INFO     | [DAY_START] Processing 29JAN
2026-01-25 08:02:11 | INFO     | [lf.day.start] Processing JED-ATZ for 29JAN
2026-01-25 08:02:12 | INFO     | [lf.day.flights_found] Found 4 flights on 29JAN
2026-01-25 08:02:14 | INFO     | [lf.flight.extracted] SM982 on 29JAN: BKG=178, LF=100.0%
2026-01-25 08:02:17 | INFO     | [lf.flight.extracted] SM422 on 29JAN: BKG=178, LF=100.0%
2026-01-25 08:02:20 | INFO     | [lf.flight.extracted] SM454 on 29JAN: BKG=178, LF=100.0%
2026-01-25 08:02:24 | INFO     | [lf.flight.extracted] SM456 on 29JAN: BKG=178, LF=100.0%
2026-01-25 08:02:48 | INFO     | [SUCCESS] Day 29JAN
2026-01-25 08:02:48 | INFO     | [DAY_START] Processing 28JAN
2026-01-25 08:02:48 | INFO     | [lf.day.start] Processing JED-ATZ for 28JAN
2026-01-25 08:02:50 | INFO     | [lf.day.flights_found] Found 2 flights on 28JAN
2026-01-25 08:02:51 | INFO     | [lf.flight.extracted] SM454 on 28JAN: BKG=178, LF=100.0%
2026-01-25 08:02:55 | INFO     | [lf.flight.extracted] SM492 on 28JAN: BKG=178, LF=100.0%
2026-01-25 08:03:05 | INFO     | [SUCCESS] Day 28JAN
2026-01-25 08:03:05 | INFO     | [DAY_START] Processing 27JAN
2026-01-25 08:03:05 | INFO     | [lf.day.start] Processing JED-ATZ for 27JAN
2026-01-25 08:03:06 | INFO     | [lf.day.flights_found] Found 2 flights on 27JAN
2026-01-25 08:03:08 | INFO     | [lf.flight.extracted] SM454 on 27JAN: BKG=178, LF=100.0%
2026-01-25 08:03:12 | INFO     | [lf.flight.extracted] SM456 on 27JAN: BKG=181, LF=101.7%
2026-01-25 08:03:22 | INFO     | [SUCCESS] Day 27JAN
2026-01-25 08:03:22 | INFO     | [DAY_START] Processing 26JAN
2026-01-25 08:03:22 | INFO     | [lf.day.start] Processing JED-ATZ for 26JAN
2026-01-25 08:03:23 | INFO     | [lf.day.flights_found] Found 3 flights on 26JAN
2026-01-25 08:03:25 | INFO     | [lf.flight.extracted] SM456 on 26JAN: BKG=188, LF=107.4%
2026-01-25 08:03:28 | INFO     | [lf.flight.extracted] SM492 on 26JAN: BKG=168, LF=96.0%
2026-01-25 08:03:32 | INFO     | [lf.flight.extracted] SM454 on 26JAN: BKG=173, LF=98.9%
2026-01-25 08:03:46 | ERROR    | Atomic write failed for D:\CODERED\LAB\Artifacts\outputs\run_generated_250126_at_07.06\checkpoints\flight_booking_data.json: [WinError 5] Access is denied: 'D:\\CODERED\\LAB\\Artifacts\\outputs\\run_generated_250126_at_07.06\\checkpoints\\flight_booking_data.tmp_a3673fa3' -> 'D:\\CODERED\\LAB\\Artifacts\\outputs\\run_generated_250126_at_07.06\\checkpoints\\flight_booking_data.json'
2026-01-25 08:03:46 | INFO     | [SUCCESS] Day 26JAN
2026-01-25 08:03:46 | INFO     | [SUCCESS] LF Search Complete
2026-01-25 08:03:46 | INFO     | [Worker_9227] Completed: JED-ATZ - 6 results, 0 errors
2026-01-25 08:03:46 | INFO     | [Worker_9227] Processing: ATZ-JED
2026-01-25 08:03:46 | INFO     |   Tier 0: Range 1, Chunk 4/4 (7 days)
