2026-01-25 07:29:50 | INFO     | ======================================================================
2026-01-25 07:29:50 | INFO     | Load Factor Scraper Started - Route: JED-CAI
2026-01-25 07:29:50 | INFO     | Log file: D:\CODERED\LAB\Artifacts\outputs\run_generated_250126_at_07.06\logs\LF_JED-CAI_20260125_072950.log
2026-01-25 07:29:50 | INFO     | Enhanced logging: Capturing both logging.info() and print()
2026-01-25 07:29:50 | INFO     | ======================================================================
2026-01-25 07:29:50 | INFO     | Starting LF search for route: JED-CAI
2026-01-25 07:29:50 | INFO     | [START] LF Search
2026-01-25 07:29:51 | INFO     | [HEALTH CHECK] [OK] Chrome connection is healthy
2026-01-25 07:29:51 | INFO     | [DAY_START] Processing 27MAR
2026-01-25 07:29:51 | INFO     | [lf.day.start] Processing JED-CAI for 27MAR
2026-01-25 07:29:53 | INFO     | [lf.day.flights_found] Found 6 flights on 27MAR
2026-01-25 07:29:55 | INFO     | [lf.flight.extracted] SM424 on 27MAR: BKG=146, LF=83.4%
2026-01-25 07:30:00 | INFO     | [lf.flight.extracted] SM476 on 27MAR: BKG=148, LF=84.6%
2026-01-25 07:30:04 | INFO     | [lf.flight.extracted] SM480 on 27MAR: BKG=175, LF=100.0%
2026-01-25 07:30:09 | INFO     | [lf.flight.extracted] SM472 on 27MAR: BKG=153, LF=87.4%
2026-01-25 07:30:13 | INFO     | [lf.flight.extracted] SM460 on 27MAR: BKG=144, LF=86.2%
2026-01-25 07:30:17 | INFO     | [lf.flight.extracted] SM478 on 27MAR: BKG=145, LF=82.9%
2026-01-25 07:30:30 | INFO     | [SUCCESS] Day 27MAR
2026-01-25 07:30:30 | INFO     | [DAY_START] Processing 26MAR
2026-01-25 07:30:30 | INFO     | [lf.day.start] Processing JED-CAI for 26MAR
2026-01-25 07:30:33 | INFO     | [lf.day.flights_found] Found 8 flights on 26MAR
2026-01-25 07:30:37 | INFO     | [lf.flight.extracted] SM424 on 26MAR: BKG=174, LF=99.4%
2026-01-25 07:30:42 | INFO     | [lf.flight.extracted] SM472 on 26MAR: BKG=183, LF=104.6%
2026-01-25 07:30:47 | INFO     | [lf.flight.extracted] SM450 on 26MAR: BKG=171, LF=97.7%
2026-01-25 07:30:51 | INFO     | [lf.flight.extracted] SM2476 on 26MAR: BKG=175, LF=100.0%
2026-01-25 07:30:55 | INFO     | [lf.flight.extracted] SM476 on 26MAR: BKG=170, LF=97.1%
2026-01-25 07:31:00 | INFO     | [lf.flight.extracted] SM478 on 26MAR: BKG=154, LF=88.0%
2026-01-25 07:31:06 | INFO     | [lf.flight.extracted] SM480 on 26MAR: BKG=153, LF=87.4%
2026-01-25 07:31:10 | INFO     | [lf.flight.extracted] SM432 on 26MAR: BKG=171, LF=97.7%
2026-01-25 07:31:25 | INFO     | [SUCCESS] Day 26MAR
2026-01-25 07:31:25 | INFO     | [DAY_START] Processing 25MAR
2026-01-25 07:31:25 | INFO     | [lf.day.start] Processing JED-CAI for 25MAR
2026-01-25 07:31:27 | INFO     | [lf.day.flights_found] Found 7 flights on 25MAR
2026-01-25 07:31:29 | INFO     | [lf.flight.extracted] SM976 on 25MAR: BKG=170, LF=101.8%
2026-01-25 07:31:33 | INFO     | [lf.flight.extracted] SM2478 on 25MAR: BKG=175, LF=100.0%
2026-01-25 07:31:36 | INFO     | [lf.flight.extracted] SM476 on 25MAR: BKG=159, LF=90.9%
2026-01-25 07:31:39 | INFO     | [lf.flight.extracted] SM460 on 25MAR: BKG=152, LF=91.0%
2026-01-25 07:31:42 | INFO     | [lf.flight.extracted] SM478 on 25MAR: BKG=157, LF=89.7%
2026-01-25 07:31:47 | INFO     | [lf.flight.extracted] SM2480 on 25MAR: BKG=175, LF=100.0%
2026-01-25 07:31:50 | INFO     | [lf.flight.extracted] SM2462 on 25MAR: BKG=175, LF=100.0%
2026-01-25 07:32:04 | INFO     | [SUCCESS] Day 25MAR
2026-01-25 07:32:04 | INFO     | [DAY_START] Processing 24MAR
2026-01-25 07:32:04 | INFO     | [lf.day.start] Processing JED-CAI for 24MAR
2026-01-25 07:32:06 | INFO     | [lf.day.flights_found] Found 7 flights on 24MAR
2026-01-25 07:32:16 | INFO     | [lf.flight.extracted] SM472 on 24MAR: BKG=172, LF=98.3%
2026-01-25 07:32:19 | INFO     | [lf.flight.extracted] SM2482 on 24MAR: BKG=180, LF=102.9%
2026-01-25 07:32:22 | INFO     | [lf.flight.extracted] SM480 on 24MAR: BKG=177, LF=101.1%
2026-01-25 07:32:25 | INFO     | [lf.flight.extracted] SM460 on 24MAR: BKG=157, LF=94.0%
2026-01-25 07:32:29 | INFO     | [lf.flight.extracted] SM424 on 24MAR: BKG=156, LF=89.1%
2026-01-25 07:32:33 | INFO     | [lf.flight.extracted] SM476 on 24MAR: BKG=156, LF=89.1%
2026-01-25 07:32:37 | INFO     | [lf.flight.extracted] SM478 on 24MAR: BKG=151, LF=86.3%
2026-01-25 07:32:52 | INFO     | [SUCCESS] Day 24MAR
2026-01-25 07:32:52 | INFO     | [DAY_START] Processing 23MAR
2026-01-25 07:32:52 | INFO     | [lf.day.start] Processing JED-CAI for 23MAR
2026-01-25 07:32:54 | INFO     | [lf.day.flights_found] Found 7 flights on 23MAR
2026-01-25 07:32:56 | INFO     | [lf.flight.extracted] SM480 on 23MAR: BKG=166, LF=94.9%
2026-01-25 07:33:01 | INFO     | [lf.flight.extracted] SM2458 on 23MAR: BKG=175, LF=100.0%
2026-01-25 07:33:05 | INFO     | [lf.flight.extracted] SM476 on 23MAR: BKG=163, LF=93.1%
2026-01-25 07:33:08 | INFO     | [lf.flight.extracted] SM978 on 23MAR: BKG=170, LF=101.8%
2026-01-25 07:33:12 | INFO     | [lf.flight.extracted] SM460 on 23MAR: BKG=164, LF=93.7%
2026-01-25 07:33:18 | INFO     | [lf.flight.extracted] SM958 on 23MAR: BKG=170, LF=101.8%
2026-01-25 07:33:21 | INFO     | [lf.flight.extracted] SM478 on 23MAR: BKG=155, LF=88.6%
2026-01-25 07:33:38 | INFO     | [SUCCESS] Day 23MAR
2026-01-25 07:33:38 | INFO     | [DAY_START] Processing 22MAR
2026-01-25 07:33:38 | INFO     | [lf.day.start] Processing JED-CAI for 22MAR
2026-01-25 07:33:40 | INFO     | [lf.day.flights_found] Found 7 flights on 22MAR
2026-01-25 07:33:42 | INFO     | [lf.flight.extracted] SM424 on 22MAR: BKG=140, LF=80.0%
2026-01-25 07:33:48 | INFO     | [lf.flight.extracted] SM978 on 22MAR: BKG=170, LF=101.8%
2026-01-25 07:33:51 | INFO     | [lf.flight.extracted] SM476 on 22MAR: BKG=147, LF=84.0%
2026-01-25 07:33:54 | INFO     | [lf.flight.extracted] SM460 on 22MAR: BKG=178, LF=101.7%
2026-01-25 07:33:57 | INFO     | [lf.flight.extracted] SM478 on 22MAR: BKG=153, LF=87.4%
2026-01-25 07:34:02 | INFO     | [lf.flight.extracted] SM976 on 22MAR: BKG=170, LF=101.8%
2026-01-25 07:34:05 | INFO     | [lf.flight.extracted] SM432 on 22MAR: BKG=145, LF=82.9%
2026-01-25 07:34:19 | INFO     | [SUCCESS] Day 22MAR
2026-01-25 07:34:19 | INFO     | [DAY_START] Processing 21MAR
2026-01-25 07:34:19 | INFO     | [lf.day.start] Processing JED-CAI for 21MAR
2026-01-25 07:34:21 | INFO     | [lf.day.flights_found] Found 4 flights on 21MAR
2026-01-25 07:34:23 | INFO     | [lf.flight.extracted] SM986 on 21MAR: BKG=180, LF=102.9%
2026-01-25 07:34:27 | INFO     | [lf.flight.extracted] SM450 on 21MAR: BKG=156, LF=89.1%
2026-01-25 07:34:30 | INFO     | [lf.flight.extracted] SM476 on 21MAR: BKG=146, LF=87.4%
2026-01-25 07:34:33 | INFO     | [lf.flight.extracted] SM478 on 21MAR: BKG=166, LF=94.9%
2026-01-25 07:34:42 | INFO     | [SUCCESS] Day 21MAR
2026-01-25 07:34:42 | INFO     | [DAY_START] Processing 20MAR
2026-01-25 07:34:42 | INFO     | [lf.day.start] Processing JED-CAI for 20MAR
2026-01-25 07:34:44 | INFO     | [lf.day.flights_found] Found 7 flights on 20MAR
2026-01-25 07:34:46 | INFO     | [lf.flight.extracted] SM424 on 20MAR: BKG=171, LF=97.7%
2026-01-25 07:34:51 | INFO     | [lf.flight.extracted] SM476 on 20MAR: BKG=158, LF=90.3%
2026-01-25 07:34:56 | INFO     | [lf.flight.extracted] SM966 on 20MAR: BKG=175, LF=100.0%
2026-01-25 07:34:59 | INFO     | [lf.flight.extracted] SM480 on 20MAR: BKG=156, LF=89.1%
2026-01-25 07:35:04 | INFO     | [lf.flight.extracted] SM472 on 20MAR: BKG=167, LF=95.4%
2026-01-25 07:35:08 | INFO     | [lf.flight.extracted] SM460 on 20MAR: BKG=148, LF=88.6%
2026-01-25 07:35:11 | INFO     | [lf.flight.extracted] SM478 on 20MAR: BKG=145, LF=82.9%
2026-01-25 07:35:28 | INFO     | [SUCCESS] Day 20MAR
2026-01-25 07:35:28 | INFO     | [SUCCESS] LF Search Complete
2026-01-25 07:35:28 | INFO     | [Worker_9224] Completed: JED-CAI - 8 results, 0 errors
2026-01-25 07:35:28 | INFO     | [Worker_9224] Processing: AJF-CAI
2026-01-25 07:35:28 | INFO     |   Tier 0: Range 2, Chunk 2/4 (8 days)
