2026-01-25 07:14:34 | INFO     | ======================================================================
2026-01-25 07:14:34 | INFO     | Load Factor Scraper Started - Route: JED-CAI
2026-01-25 07:14:34 | INFO     | Log file: D:\CODERED\LAB\Artifacts\outputs\run_generated_250126_at_07.06\logs\LF_JED-CAI_20260125_071434.log
2026-01-25 07:14:34 | INFO     | Enhanced logging: Capturing both logging.info() and print()
2026-01-25 07:14:34 | INFO     | ======================================================================
2026-01-25 07:14:34 | INFO     | Starting LF search for route: JED-CAI
2026-01-25 07:14:34 | INFO     | [START] LF Search
2026-01-25 07:14:35 | INFO     | [HEALTH CHECK] [OK] Chrome connection is healthy
2026-01-25 07:14:35 | INFO     | [DAY_START] Processing 14MAY
2026-01-25 07:14:35 | INFO     | [lf.day.start] Processing JED-CAI for 14MAY
2026-01-25 07:14:37 | INFO     | [lf.day.flights_found] Found 2 flights on 14MAY
2026-01-25 07:14:40 | INFO     | [lf.flight.extracted] SM478 on 14MAY: BKG=2, LF=1.1%
2026-01-25 07:14:43 | INFO     | [lf.flight.extracted] SM476 on 14MAY: BKG=19, LF=10.9%
2026-01-25 07:14:46 | INFO     | [SUCCESS] Day 14MAY
2026-01-25 07:14:46 | INFO     | [DAY_START] Processing 13MAY
2026-01-25 07:14:46 | INFO     | [lf.day.start] Processing JED-CAI for 13MAY
2026-01-25 07:14:49 | INFO     | [lf.day.flights_found] Found 2 flights on 13MAY
2026-01-25 07:14:52 | INFO     | [lf.flight.extracted] SM478 on 13MAY: BKG=2, LF=1.2%
2026-01-25 07:14:55 | INFO     | [lf.flight.extracted] SM476 on 13MAY: BKG=0, LF=0.0%
2026-01-25 07:14:58 | INFO     | [SUCCESS] Day 13MAY
2026-01-25 07:14:58 | INFO     | [DAY_START] Processing 12MAY
2026-01-25 07:14:58 | INFO     | [lf.day.start] Processing JED-CAI for 12MAY
2026-01-25 07:15:00 | INFO     | [lf.day.flights_found] Found 3 flights on 12MAY
2026-01-25 07:15:03 | INFO     | [lf.flight.extracted] SM478 on 12MAY: BKG=0, LF=0.0%
2026-01-25 07:15:06 | INFO     | [lf.flight.extracted] SM476 on 12MAY: BKG=0, LF=0.0%
2026-01-25 07:15:09 | INFO     | [lf.flight.extracted] SM480 on 12MAY: BKG=0, LF=0.0%
2026-01-25 07:15:10 | INFO     | [SUCCESS] Day 12MAY
2026-01-25 07:15:10 | INFO     | [DAY_START] Processing 11MAY
2026-01-25 07:15:10 | INFO     | [lf.day.start] Processing JED-CAI for 11MAY
2026-01-25 07:15:12 | INFO     | [lf.day.flights_found] Found 4 flights on 11MAY
2026-01-25 07:15:14 | INFO     | [lf.flight.extracted] SM460 on 11MAY: BKG=0, LF=0.0%
2026-01-25 07:15:17 | INFO     | [lf.flight.extracted] SM478 on 11MAY: BKG=0, LF=0.0%
2026-01-25 07:15:21 | INFO     | [lf.flight.extracted] SM476 on 11MAY: BKG=0, LF=0.0%
2026-01-25 07:15:26 | INFO     | [lf.flight.extracted] SM480 on 11MAY: BKG=0, LF=0.0%
2026-01-25 07:15:27 | INFO     | [SUCCESS] Day 11MAY
2026-01-25 07:15:27 | INFO     | [DAY_START] Processing 10MAY
2026-01-25 07:15:27 | INFO     | [lf.day.start] Processing JED-CAI for 10MAY
2026-01-25 07:15:29 | INFO     | [lf.day.flights_found] Found 2 flights on 10MAY
2026-01-25 07:15:31 | INFO     | [lf.flight.extracted] SM478 on 10MAY: BKG=0, LF=0.0%
2026-01-25 07:15:36 | INFO     | [lf.flight.extracted] SM476 on 10MAY: BKG=1, LF=0.6%
2026-01-25 07:15:39 | INFO     | [SUCCESS] Day 10MAY
2026-01-25 07:15:39 | INFO     | [DAY_START] Processing 09MAY
2026-01-25 07:15:39 | INFO     | [lf.day.start] Processing JED-CAI for 09MAY
2026-01-25 07:15:42 | INFO     | [lf.day.flights_found] Found 2 flights on 09MAY
2026-01-25 07:15:45 | INFO     | [lf.flight.extracted] SM478 on 09MAY: BKG=0, LF=0.0%
2026-01-25 07:15:48 | INFO     | [lf.flight.extracted] SM476 on 09MAY: BKG=0, LF=0.0%
2026-01-25 07:15:49 | INFO     | [SUCCESS] Day 09MAY
2026-01-25 07:15:49 | INFO     | [DAY_START] Processing 08MAY
2026-01-25 07:15:49 | INFO     | [lf.day.start] Processing JED-CAI for 08MAY
2026-01-25 07:15:51 | INFO     | [lf.day.flights_found] Found 4 flights on 08MAY
2026-01-25 07:15:53 | INFO     | [lf.flight.extracted] SM460 on 08MAY: BKG=1, LF=0.6%
2026-01-25 07:15:56 | INFO     | [lf.flight.extracted] SM478 on 08MAY: BKG=0, LF=0.0%
2026-01-25 07:16:00 | INFO     | [lf.flight.extracted] SM476 on 08MAY: BKG=0, LF=0.0%
2026-01-25 07:16:03 | INFO     | [lf.flight.extracted] SM480 on 08MAY: BKG=0, LF=0.0%
2026-01-25 07:16:06 | INFO     | [SUCCESS] Day 08MAY
2026-01-25 07:16:06 | INFO     | [DAY_START] Processing 07MAY
2026-01-25 07:16:06 | INFO     | [lf.day.start] Processing JED-CAI for 07MAY
2026-01-25 07:16:08 | INFO     | [lf.day.flights_found] Found 2 flights on 07MAY
2026-01-25 07:16:10 | INFO     | [lf.flight.extracted] SM478 on 07MAY: BKG=0, LF=0.0%
2026-01-25 07:16:13 | INFO     | [lf.flight.extracted] SM476 on 07MAY: BKG=0, LF=0.0%
2026-01-25 07:16:14 | INFO     | [SUCCESS] Day 07MAY
2026-01-25 07:16:14 | INFO     | [SUCCESS] LF Search Complete
2026-01-25 07:16:14 | INFO     | [Worker_9223] Completed: JED-CAI - 8 results, 0 errors
2026-01-25 07:16:14 | INFO     | [Worker_9223] Processing: CAI-AJF
2026-01-25 07:16:14 | INFO     |   Tier 0: Range 4, Chunk 3/4 (8 days)
