2026-01-25 07:42:00 | INFO     | ======================================================================
2026-01-25 07:42:00 | INFO     | Load Factor Scraper Started - Route: JED-CAI
2026-01-25 07:42:00 | INFO     | Log file: D:\CODERED\LAB\Artifacts\outputs\run_generated_250126_at_07.06\logs\LF_JED-CAI_20260125_074200.log
2026-01-25 07:42:00 | INFO     | Enhanced logging: Capturing both logging.info() and print()
2026-01-25 07:42:00 | INFO     | ======================================================================
2026-01-25 07:42:00 | INFO     | Starting LF search for route: JED-CAI
2026-01-25 07:42:00 | INFO     | [START] LF Search
2026-01-25 07:42:00 | INFO     | [HEALTH CHECK] [OK] Chrome connection is healthy
2026-01-25 07:42:00 | INFO     | [DAY_START] Processing 03MAR
2026-01-25 07:42:00 | INFO     | [lf.day.start] Processing JED-CAI for 03MAR
2026-01-25 07:42:03 | INFO     | [lf.day.flights_found] Found 6 flights on 03MAR
2026-01-25 07:42:05 | INFO     | [lf.flight.extracted] SM472 on 03MAR: BKG=34, LF=19.4%
2026-01-25 07:42:09 | INFO     | [lf.flight.extracted] SM480 on 03MAR: BKG=38, LF=21.7%
2026-01-25 07:42:13 | INFO     | [lf.flight.extracted] SM460 on 03MAR: BKG=41, LF=24.6%
2026-01-25 07:42:17 | INFO     | [lf.flight.extracted] SM424 on 03MAR: BKG=36, LF=20.6%
2026-01-25 07:42:21 | INFO     | [lf.flight.extracted] SM476 on 03MAR: BKG=34, LF=19.4%
2026-01-25 07:42:24 | INFO     | [lf.flight.extracted] SM478 on 03MAR: BKG=53, LF=30.3%
2026-01-25 07:42:44 | INFO     | [SUCCESS] Day 03MAR
2026-01-25 07:42:44 | INFO     | [DAY_START] Processing 02MAR
2026-01-25 07:42:44 | INFO     | [lf.day.start] Processing JED-CAI for 02MAR
2026-01-25 07:42:45 | INFO     | [lf.day.flights_found] Found 4 flights on 02MAR
2026-01-25 07:42:48 | INFO     | [lf.flight.extracted] SM480 on 02MAR: BKG=29, LF=17.6%
2026-01-25 07:42:52 | INFO     | [lf.flight.extracted] SM476 on 02MAR: BKG=28, LF=16.0%
2026-01-25 07:42:55 | INFO     | [lf.flight.extracted] SM460 on 02MAR: BKG=37, LF=21.1%
2026-01-25 07:42:59 | INFO     | [lf.flight.extracted] SM478 on 02MAR: BKG=159, LF=90.9%
2026-01-25 07:43:28 | INFO     | [SUCCESS] Day 02MAR
2026-01-25 07:43:28 | INFO     | [DAY_START] Processing 01MAR
2026-01-25 07:43:28 | INFO     | [lf.day.start] Processing JED-CAI for 01MAR
2026-01-25 07:43:29 | INFO     | [lf.day.flights_found] Found 5 flights on 01MAR
2026-01-25 07:43:32 | INFO     | [lf.flight.extracted] SM424 on 01MAR: BKG=50, LF=28.6%
2026-01-25 07:43:36 | INFO     | [lf.flight.extracted] SM476 on 01MAR: BKG=34, LF=19.8%
2026-01-25 07:43:40 | INFO     | [lf.flight.extracted] SM460 on 01MAR: BKG=37, LF=21.1%
2026-01-25 07:43:44 | INFO     | [lf.flight.extracted] SM478 on 01MAR: BKG=37, LF=21.1%
2026-01-25 07:43:48 | INFO     | [lf.flight.extracted] SM432 on 01MAR: BKG=90, LF=51.4%
2026-01-25 07:44:03 | INFO     | [SUCCESS] Day 01MAR
2026-01-25 07:44:03 | INFO     | [DAY_START] Processing 28FEB
2026-01-25 07:44:03 | INFO     | [lf.day.start] Processing JED-CAI for 28FEB
2026-01-25 07:44:05 | INFO     | [lf.day.flights_found] Found 4 flights on 28FEB
2026-01-25 07:44:08 | INFO     | [lf.flight.extracted] SM2482 on 28FEB: BKG=175, LF=100.0%
2026-01-25 07:44:11 | INFO     | [lf.flight.extracted] SM450 on 28FEB: BKG=50, LF=29.1%
2026-01-25 07:44:14 | INFO     | [lf.flight.extracted] SM478 on 28FEB: BKG=136, LF=77.7%
2026-01-25 07:44:20 | INFO     | [lf.flight.extracted] SM476 on 28FEB: BKG=63, LF=36.0%
2026-01-25 07:44:35 | INFO     | [SUCCESS] Day 28FEB
2026-01-25 07:44:35 | INFO     | [DAY_START] Processing 27FEB
2026-01-25 07:44:35 | INFO     | [lf.day.start] Processing JED-CAI for 27FEB
2026-01-25 07:44:37 | INFO     | [lf.day.flights_found] Found 6 flights on 27FEB
2026-01-25 07:44:39 | INFO     | [lf.flight.extracted] SM424 on 27FEB: BKG=164, LF=95.3%
2026-01-25 07:44:42 | INFO     | [lf.flight.extracted] SM476 on 27FEB: BKG=174, LF=99.4%
2026-01-25 07:44:45 | INFO     | [lf.flight.extracted] SM480 on 27FEB: BKG=140, LF=83.8%
2026-01-25 07:44:49 | INFO     | [lf.flight.extracted] SM472 on 27FEB: BKG=165, LF=94.8%
2026-01-25 07:44:52 | INFO     | [lf.flight.extracted] SM460 on 27FEB: BKG=162, LF=97.0%
2026-01-25 07:44:56 | INFO     | [lf.flight.extracted] SM478 on 27FEB: BKG=174, LF=99.4%
2026-01-25 07:45:13 | INFO     | [SUCCESS] Day 27FEB
2026-01-25 07:45:13 | INFO     | [DAY_START] Processing 26FEB
2026-01-25 07:45:13 | INFO     | [lf.day.start] Processing JED-CAI for 26FEB
2026-01-25 07:45:15 | INFO     | [lf.day.flights_found] Found 9 flights on 26FEB
2026-01-25 07:45:18 | INFO     | [lf.flight.extracted] SM424 on 26FEB: BKG=134, LF=77.0%
2026-01-25 07:45:23 | INFO     | [lf.flight.extracted] SM472 on 26FEB: BKG=168, LF=96.0%
2026-01-25 07:45:28 | INFO     | [lf.flight.extracted] SM450 on 26FEB: BKG=159, LF=90.9%
2026-01-25 07:45:33 | INFO     | [lf.flight.extracted] SM2484 on 26FEB: BKG=130, LF=75.6%
2026-01-25 07:45:37 | INFO     | [lf.flight.extracted] SM476 on 26FEB: BKG=163, LF=93.1%
2026-01-25 07:45:41 | INFO     | [lf.flight.extracted] SM478 on 26FEB: BKG=108, LF=64.7%
2026-01-25 07:45:45 | INFO     | [lf.flight.extracted] SM2462 on 26FEB: BKG=0, LF=0.0%
2026-01-25 07:45:48 | INFO     | [lf.flight.extracted] SM480 on 26FEB: BKG=168, LF=100.6%
2026-01-25 07:45:52 | INFO     | [lf.flight.extracted] SM432 on 26FEB: BKG=139, LF=77.2%
2026-01-25 07:46:15 | INFO     | [SUCCESS] Day 26FEB
2026-01-25 07:46:15 | INFO     | [DAY_START] Processing 25FEB
2026-01-25 07:46:15 | INFO     | [lf.day.start] Processing JED-CAI for 25FEB
2026-01-25 07:46:18 | INFO     | [lf.day.flights_found] Found 5 flights on 25FEB
2026-01-25 07:46:20 | INFO     | [lf.flight.extracted] SM476 on 25FEB: BKG=168, LF=96.0%
2026-01-25 07:46:23 | INFO     | [lf.flight.extracted] SM460 on 25FEB: BKG=168, LF=96.0%
2026-01-25 07:46:29 | INFO     | [lf.flight.extracted] SM478 on 25FEB: BKG=168, LF=96.0%
2026-01-25 07:46:34 | INFO     | [lf.flight.extracted] SM952 on 25FEB: BKG=173, LF=98.9%
2026-01-25 07:46:38 | INFO     | [lf.flight.extracted] SM2460 on 25FEB: BKG=135, LF=77.1%
2026-01-25 07:46:50 | INFO     | [SUCCESS] Day 25FEB
2026-01-25 07:46:50 | INFO     | [SUCCESS] LF Search Complete
2026-01-25 07:46:50 | INFO     | [Worker_9225] Completed: JED-CAI - 7 results, 0 errors
2026-01-25 07:46:50 | INFO     | [Worker_9225] Processing: DMM-ATZ
2026-01-25 07:46:50 | INFO     |   Tier 0: Range 1, Chunk 1/4 (8 days)
