2026-01-25 07:21:51 | INFO     | ======================================================================
2026-01-25 07:21:51 | INFO     | Load Factor Scraper Started - Route: JED-CAI
2026-01-25 07:21:51 | INFO     | Log file: D:\CODERED\LAB\Artifacts\outputs\run_generated_250126_at_07.06\logs\LF_JED-CAI_20260125_072151.log
2026-01-25 07:21:51 | INFO     | Enhanced logging: Capturing both logging.info() and print()
2026-01-25 07:21:51 | INFO     | ======================================================================
2026-01-25 07:21:51 | INFO     | Starting LF search for route: JED-CAI
2026-01-25 07:21:51 | INFO     | [START] LF Search
2026-01-25 07:21:52 | INFO     | [HEALTH CHECK] [OK] Chrome connection is healthy
2026-01-25 07:21:52 | INFO     | [DAY_START] Processing 20APR
2026-01-25 07:21:52 | INFO     | [lf.day.start] Processing JED-CAI for 20APR
2026-01-25 07:21:54 | INFO     | [lf.day.flights_found] Found 4 flights on 20APR
2026-01-25 07:21:56 | INFO     | [lf.flight.extracted] SM460 on 20APR: BKG=0, LF=0.0%
2026-01-25 07:22:00 | INFO     | [lf.flight.extracted] SM478 on 20APR: BKG=1, LF=0.6%
2026-01-25 07:22:04 | INFO     | [lf.flight.extracted] SM476 on 20APR: BKG=3, LF=1.7%
2026-01-25 07:22:08 | INFO     | [lf.flight.extracted] SM480 on 20APR: BKG=1, LF=0.6%
2026-01-25 07:22:13 | INFO     | [SUCCESS] Day 20APR
2026-01-25 07:22:13 | INFO     | [DAY_START] Processing 19APR
2026-01-25 07:22:13 | INFO     | [lf.day.start] Processing JED-CAI for 19APR
2026-01-25 07:22:15 | INFO     | [lf.day.flights_found] Found 2 flights on 19APR
2026-01-25 07:22:17 | INFO     | [lf.flight.extracted] SM478 on 19APR: BKG=0, LF=0.0%
2026-01-25 07:22:20 | INFO     | [lf.flight.extracted] SM476 on 19APR: BKG=0, LF=0.0%
2026-01-25 07:22:22 | INFO     | [SUCCESS] Day 19APR
2026-01-25 07:22:22 | INFO     | [DAY_START] Processing 18APR
2026-01-25 07:22:22 | INFO     | [lf.day.start] Processing JED-CAI for 18APR
2026-01-25 07:22:24 | INFO     | [lf.day.flights_found] Found 2 flights on 18APR
2026-01-25 07:22:26 | INFO     | [lf.flight.extracted] SM478 on 18APR: BKG=2, LF=1.1%
2026-01-25 07:22:29 | INFO     | [lf.flight.extracted] SM476 on 18APR: BKG=1, LF=0.6%
2026-01-25 07:22:34 | INFO     | [SUCCESS] Day 18APR
2026-01-25 07:22:34 | INFO     | [DAY_START] Processing 17APR
2026-01-25 07:22:34 | INFO     | [lf.day.start] Processing JED-CAI for 17APR
2026-01-25 07:22:37 | INFO     | [lf.day.flights_found] Found 4 flights on 17APR
2026-01-25 07:22:40 | INFO     | [lf.flight.extracted] SM460 on 17APR: BKG=0, LF=0.0%
2026-01-25 07:22:43 | INFO     | [lf.flight.extracted] SM478 on 17APR: BKG=0, LF=0.0%
2026-01-25 07:22:46 | INFO     | [lf.flight.extracted] SM476 on 17APR: BKG=1, LF=0.6%
2026-01-25 07:22:49 | INFO     | [lf.flight.extracted] SM480 on 17APR: BKG=9, LF=5.1%
2026-01-25 07:22:53 | INFO     | [SUCCESS] Day 17APR
2026-01-25 07:22:53 | INFO     | [DAY_START] Processing 16APR
2026-01-25 07:22:53 | INFO     | [lf.day.start] Processing JED-CAI for 16APR
2026-01-25 07:22:55 | INFO     | [lf.day.flights_found] Found 2 flights on 16APR
2026-01-25 07:22:57 | INFO     | [lf.flight.extracted] SM478 on 16APR: BKG=1, LF=0.6%
2026-01-25 07:23:00 | INFO     | [lf.flight.extracted] SM476 on 16APR: BKG=2, LF=1.1%
2026-01-25 07:23:05 | INFO     | [SUCCESS] Day 16APR
2026-01-25 07:23:05 | INFO     | [DAY_START] Processing 15APR
2026-01-25 07:23:05 | INFO     | [lf.day.start] Processing JED-CAI for 15APR
2026-01-25 07:23:08 | INFO     | [lf.day.flights_found] Found 2 flights on 15APR
2026-01-25 07:23:10 | INFO     | [lf.flight.extracted] SM478 on 15APR: BKG=0, LF=0.0%
2026-01-25 07:23:13 | INFO     | [lf.flight.extracted] SM476 on 15APR: BKG=3, LF=1.7%
2026-01-25 07:23:17 | INFO     | [SUCCESS] Day 15APR
2026-01-25 07:23:17 | INFO     | [DAY_START] Processing 14APR
2026-01-25 07:23:17 | INFO     | [lf.day.start] Processing JED-CAI for 14APR
2026-01-25 07:23:19 | INFO     | [lf.day.flights_found] Found 3 flights on 14APR
2026-01-25 07:23:22 | INFO     | [lf.flight.extracted] SM478 on 14APR: BKG=1, LF=0.6%
2026-01-25 07:23:25 | INFO     | [lf.flight.extracted] SM476 on 14APR: BKG=4, LF=2.3%
2026-01-25 07:23:28 | INFO     | [lf.flight.extracted] SM480 on 14APR: BKG=1, LF=0.6%
2026-01-25 07:23:33 | INFO     | [SUCCESS] Day 14APR
2026-01-25 07:23:33 | INFO     | [DAY_START] Processing 13APR
2026-01-25 07:23:33 | INFO     | [lf.day.start] Processing JED-CAI for 13APR
2026-01-25 07:23:36 | INFO     | [lf.day.flights_found] Found 4 flights on 13APR
2026-01-25 07:23:38 | INFO     | [lf.flight.extracted] SM460 on 13APR: BKG=1, LF=0.6%
2026-01-25 07:23:41 | INFO     | [lf.flight.extracted] SM478 on 13APR: BKG=3, LF=1.7%
2026-01-25 07:23:45 | INFO     | [lf.flight.extracted] SM476 on 13APR: BKG=1, LF=0.6%
2026-01-25 07:23:48 | INFO     | [lf.flight.extracted] SM480 on 13APR: BKG=0, LF=0.0%
2026-01-25 07:23:53 | INFO     | [SUCCESS] Day 13APR
2026-01-25 07:23:53 | INFO     | [SUCCESS] LF Search Complete
2026-01-25 07:23:53 | INFO     | [Worker_9223] Completed: JED-CAI - 8 results, 0 errors
2026-01-25 07:23:53 | INFO     | [Worker_9223] Processing: CAI-YNB
2026-01-25 07:23:53 | INFO     |   Tier 0: Range 3, Chunk 2/4 (8 days)
