2026-01-25 07:12:38 | INFO     | ======================================================================
2026-01-25 07:12:38 | INFO     | Load Factor Scraper Started - Route: JED-ATZ
2026-01-25 07:12:38 | INFO     | Log file: D:\CODERED\LAB\Artifacts\outputs\run_generated_250126_at_07.06\logs\LF_JED-ATZ_20260125_071238.log
2026-01-25 07:12:38 | INFO     | Enhanced logging: Capturing both logging.info() and print()
2026-01-25 07:12:38 | INFO     | ======================================================================
2026-01-25 07:12:38 | INFO     | Starting LF search for route: JED-ATZ
2026-01-25 07:12:38 | INFO     | [START] LF Search
2026-01-25 07:12:39 | INFO     | [HEALTH CHECK] [OK] Chrome connection is healthy
2026-01-25 07:12:39 | INFO     | [DAY_START] Processing 22MAY
2026-01-25 07:12:39 | INFO     | [lf.day.start] Processing JED-ATZ for 22MAY
2026-01-25 07:12:40 | INFO     | [lf.day.flights_found] Found 1 flights on 22MAY
2026-01-25 07:12:42 | INFO     | [lf.flight.extracted] SM456 on 22MAY: BKG=14, LF=8.0%
2026-01-25 07:12:45 | INFO     | [SUCCESS] Day 22MAY
2026-01-25 07:12:45 | INFO     | [DAY_START] Processing 21MAY
2026-01-25 07:12:45 | INFO     | [lf.day.start] Processing JED-ATZ for 21MAY
2026-01-25 07:12:46 | INFO     | [lf.day.flights_found] Found 1 flights on 21MAY
2026-01-25 07:12:48 | INFO     | [lf.flight.extracted] SM456 on 21MAY: BKG=9, LF=5.1%
2026-01-25 07:12:50 | INFO     | [SUCCESS] Day 21MAY
2026-01-25 07:12:50 | INFO     | [DAY_START] Processing 20MAY
2026-01-25 07:12:50 | INFO     | [lf.day.start] Processing JED-ATZ for 20MAY
2026-01-25 07:12:51 | INFO     | [lf.day.flights_found] Found 1 flights on 20MAY
2026-01-25 07:12:53 | INFO     | [lf.flight.extracted] SM456 on 20MAY: BKG=5, LF=2.9%
2026-01-25 07:12:56 | INFO     | [SUCCESS] Day 20MAY
2026-01-25 07:12:56 | INFO     | [DAY_START] Processing 19MAY
2026-01-25 07:12:56 | INFO     | [lf.day.start] Processing JED-ATZ for 19MAY
2026-01-25 07:12:57 | INFO     | [lf.day.flights_found] Found 1 flights on 19MAY
2026-01-25 07:12:59 | INFO     | [lf.flight.extracted] SM456 on 19MAY: BKG=0, LF=0.0%
2026-01-25 07:13:00 | INFO     | [SUCCESS] Day 19MAY
2026-01-25 07:13:00 | INFO     | [DAY_START] Processing 18MAY
2026-01-25 07:13:00 | INFO     | [lf.day.start] Processing JED-ATZ for 18MAY
2026-01-25 07:13:01 | INFO     | [lf.day.flights_found] Found 1 flights on 18MAY
2026-01-25 07:13:03 | INFO     | [lf.flight.extracted] SM456 on 18MAY: BKG=0, LF=0.0%
2026-01-25 07:13:04 | INFO     | [SUCCESS] Day 18MAY
2026-01-25 07:13:04 | INFO     | [DAY_START] Processing 17MAY
2026-01-25 07:13:04 | INFO     | [lf.day.start] Processing JED-ATZ for 17MAY
2026-01-25 07:13:06 | INFO     | [lf.day.flights_found] Found 1 flights on 17MAY
2026-01-25 07:13:07 | INFO     | [lf.flight.extracted] SM456 on 17MAY: BKG=0, LF=0.0%
2026-01-25 07:13:09 | INFO     | [SUCCESS] Day 17MAY
2026-01-25 07:13:09 | INFO     | [DAY_START] Processing 16MAY
2026-01-25 07:13:09 | INFO     | [lf.day.start] Processing JED-ATZ for 16MAY
2026-01-25 07:13:10 | INFO     | [lf.day.flights_found] Found 1 flights on 16MAY
2026-01-25 07:13:12 | INFO     | [lf.flight.extracted] SM456 on 16MAY: BKG=0, LF=0.0%
2026-01-25 07:13:13 | INFO     | [SUCCESS] Day 16MAY
2026-01-25 07:13:13 | INFO     | [DAY_START] Processing 15MAY
2026-01-25 07:13:13 | INFO     | [lf.day.start] Processing JED-ATZ for 15MAY
2026-01-25 07:13:14 | INFO     | [lf.day.flights_found] Found 1 flights on 15MAY
2026-01-25 07:13:16 | INFO     | [lf.flight.extracted] SM456 on 15MAY: BKG=0, LF=0.0%
2026-01-25 07:13:17 | INFO     | [SUCCESS] Day 15MAY
2026-01-25 07:13:17 | INFO     | [SUCCESS] LF Search Complete
2026-01-25 07:13:17 | INFO     | [Worker_9232] Completed: JED-ATZ - 8 results, 0 errors
2026-01-25 07:13:17 | INFO     | [Worker_9232] Processing: ELQ-CAI
2026-01-25 07:13:17 | INFO     |   Tier 0: Range 4, Chunk 2/4 (8 days)
