2026-01-25 07:45:44 | INFO     | ======================================================================
2026-01-25 07:45:44 | INFO     | Load Factor Scraper Started - Route: JED-ATZ
2026-01-25 07:45:44 | INFO     | Log file: D:\CODERED\LAB\Artifacts\outputs\run_generated_250126_at_07.06\logs\LF_JED-ATZ_20260125_074544.log
2026-01-25 07:45:44 | INFO     | Enhanced logging: Capturing both logging.info() and print()
2026-01-25 07:45:44 | INFO     | ======================================================================
2026-01-25 07:45:44 | INFO     | Starting LF search for route: JED-ATZ
2026-01-25 07:45:44 | INFO     | [START] LF Search
2026-01-25 07:45:45 | INFO     | [HEALTH CHECK] [OK] Chrome connection is healthy
2026-01-25 07:45:45 | INFO     | [DAY_START] Processing 24FEB
2026-01-25 07:45:45 | INFO     | [lf.day.start] Processing JED-ATZ for 24FEB
2026-01-25 07:45:47 | INFO     | [lf.day.flights_found] Found 3 flights on 24FEB
2026-01-25 07:45:49 | INFO     | [lf.flight.extracted] SM454 on 24FEB: BKG=176, LF=101.2%
2026-01-25 07:45:52 | INFO     | [lf.flight.extracted] SM2472 on 24FEB: BKG=180, LF=102.9%
2026-01-25 07:45:55 | INFO     | [lf.flight.extracted] SM456 on 24FEB: BKG=184, LF=105.1%
2026-01-25 07:46:01 | INFO     | [SUCCESS] Day 24FEB
2026-01-25 07:46:01 | INFO     | [DAY_START] Processing 23FEB
2026-01-25 07:46:01 | INFO     | [lf.day.start] Processing JED-ATZ for 23FEB
2026-01-25 07:46:02 | INFO     | [lf.day.flights_found] Found 7 flights on 23FEB
2026-01-25 07:46:04 | INFO     | [lf.flight.extracted] SM954 on 23FEB: BKG=180, LF=107.8%
2026-01-25 07:46:08 | INFO     | [lf.flight.extracted] SM2446 on 23FEB: BKG=180, LF=102.9%
2026-01-25 07:46:11 | INFO     | [lf.flight.extracted] SM456 on 23FEB: BKG=168, LF=100.6%
2026-01-25 07:46:15 | INFO     | [lf.flight.extracted] SM958 on 23FEB: BKG=180, LF=102.9%
2026-01-25 07:46:19 | INFO     | [lf.flight.extracted] SM492 on 23FEB: BKG=188, LF=107.4%
2026-01-25 07:46:22 | INFO     | [lf.flight.extracted] SM962 on 23FEB: BKG=180, LF=102.9%
2026-01-25 07:46:27 | INFO     | [lf.flight.extracted] SM454 on 23FEB: BKG=181, LF=103.4%
2026-01-25 07:46:39 | INFO     | [SUCCESS] Day 23FEB
2026-01-25 07:46:39 | INFO     | [DAY_START] Processing 22FEB
2026-01-25 07:46:39 | INFO     | [lf.day.start] Processing JED-ATZ for 22FEB
2026-01-25 07:46:40 | INFO     | [lf.day.flights_found] Found 3 flights on 22FEB
2026-01-25 07:46:41 | INFO     | [lf.flight.extracted] SM2448 on 22FEB: BKG=0, LF=0.0%
2026-01-25 07:46:44 | INFO     | [lf.flight.extracted] SM492 on 22FEB: BKG=182, LF=104.0%
2026-01-25 07:46:48 | INFO     | [lf.flight.extracted] SM456 on 22FEB: BKG=155, LF=92.8%
2026-01-25 07:46:53 | INFO     | [SUCCESS] Day 22FEB
2026-01-25 07:46:53 | INFO     | [DAY_START] Processing 21FEB
2026-01-25 07:46:53 | INFO     | [lf.day.start] Processing JED-ATZ for 21FEB
2026-01-25 07:46:54 | INFO     | [lf.day.flights_found] Found 4 flights on 21FEB
2026-01-25 07:46:57 | INFO     | [lf.flight.extracted] SM956 on 21FEB: BKG=108, LF=64.7%
2026-01-25 07:47:00 | INFO     | [lf.flight.extracted] SM492 on 21FEB: BKG=181, LF=103.4%
2026-01-25 07:47:03 | INFO     | [lf.flight.extracted] SM454 on 21FEB: BKG=175, LF=100.0%
2026-01-25 07:47:07 | INFO     | [lf.flight.extracted] SM456 on 21FEB: BKG=178, LF=101.7%
2026-01-25 07:47:16 | INFO     | [SUCCESS] Day 21FEB
2026-01-25 07:47:16 | INFO     | [DAY_START] Processing 20FEB
2026-01-25 07:47:16 | INFO     | [lf.day.start] Processing JED-ATZ for 20FEB
2026-01-25 07:47:19 | INFO     | [lf.day.flights_found] Found 1 flights on 20FEB
2026-01-25 07:47:22 | INFO     | [lf.flight.extracted] SM492 on 20FEB: BKG=27, LF=15.4%
2026-01-25 07:47:27 | INFO     | [SUCCESS] Day 20FEB
2026-01-25 07:47:27 | INFO     | [DAY_START] Processing 19FEB
2026-01-25 07:47:27 | INFO     | [lf.day.start] Processing JED-ATZ for 19FEB
2026-01-25 07:47:28 | INFO     | [lf.day.flights_found] Found 3 flights on 19FEB
2026-01-25 07:47:31 | INFO     | [lf.flight.extracted] SM422 on 19FEB: BKG=0, LF=0.0%
2026-01-25 07:47:35 | INFO     | [lf.flight.extracted] SM454 on 19FEB: BKG=3, LF=1.7%
2026-01-25 07:47:39 | INFO     | [lf.flight.extracted] SM456 on 19FEB: BKG=4, LF=2.3%
2026-01-25 07:47:44 | INFO     | [SUCCESS] Day 19FEB
2026-01-25 07:47:44 | INFO     | [DAY_START] Processing 18FEB
2026-01-25 07:47:44 | INFO     | [lf.day.start] Processing JED-ATZ for 18FEB
2026-01-25 07:47:46 | INFO     | [lf.day.flights_found] Found 2 flights on 18FEB
2026-01-25 07:47:48 | INFO     | [lf.flight.extracted] SM454 on 18FEB: BKG=25, LF=14.3%
2026-01-25 07:47:52 | INFO     | [lf.flight.extracted] SM492 on 18FEB: BKG=25, LF=14.3%
2026-01-25 07:48:00 | INFO     | [SUCCESS] Day 18FEB
2026-01-25 07:48:00 | INFO     | [DAY_START] Processing 17FEB
2026-01-25 07:48:00 | INFO     | [lf.day.start] Processing JED-ATZ for 17FEB
2026-01-25 07:48:01 | INFO     | [lf.day.flights_found] Found 4 flights on 17FEB
2026-01-25 07:48:02 | INFO     | [lf.flight.extracted] SM2450 on 17FEB: BKG=0, LF=0.0%
2026-01-25 07:48:06 | INFO     | [lf.flight.extracted] SM454 on 17FEB: BKG=41, LF=23.4%
2026-01-25 07:48:10 | INFO     | [lf.flight.extracted] SM2452 on 17FEB: BKG=0, LF=0.0%
2026-01-25 07:48:13 | INFO     | [lf.flight.extracted] SM456 on 17FEB: BKG=22, LF=12.6%
2026-01-25 07:48:20 | INFO     | [SUCCESS] Day 17FEB
2026-01-25 07:48:20 | INFO     | [SUCCESS] LF Search Complete
2026-01-25 07:48:20 | INFO     | [Worker_9233] Completed: JED-ATZ - 8 results, 0 errors
2026-01-25 07:48:20 | INFO     | [Worker_9233] Processing: ATZ-JED
2026-01-25 07:48:20 | INFO     |   Tier 0: Range 1, Chunk 1/4 (8 days)
