2026-01-25 07:19:27 | INFO     | ======================================================================
2026-01-25 07:19:27 | INFO     | Load Factor Scraper Started - Route: JED-CAI
2026-01-25 07:19:27 | INFO     | Log file: D:\CODERED\LAB\Artifacts\outputs\run_generated_250126_at_07.06\logs\LF_JED-CAI_20260125_071927.log
2026-01-25 07:19:27 | INFO     | Enhanced logging: Capturing both logging.info() and print()
2026-01-25 07:19:27 | INFO     | ======================================================================
2026-01-25 07:19:27 | INFO     | Starting LF search for route: JED-CAI
2026-01-25 07:19:27 | INFO     | [START] LF Search
2026-01-25 07:19:28 | INFO     | [HEALTH CHECK] [OK] Chrome connection is healthy
2026-01-25 07:19:28 | INFO     | [DAY_START] Processing 28APR
2026-01-25 07:19:28 | INFO     | [lf.day.start] Processing JED-CAI for 28APR
2026-01-25 07:19:30 | INFO     | [lf.day.flights_found] Found 3 flights on 28APR
2026-01-25 07:19:32 | INFO     | [lf.flight.extracted] SM478 on 28APR: BKG=0, LF=0.0%
2026-01-25 07:19:35 | INFO     | [lf.flight.extracted] SM476 on 28APR: BKG=0, LF=0.0%
2026-01-25 07:19:38 | INFO     | [lf.flight.extracted] SM480 on 28APR: BKG=0, LF=0.0%
2026-01-25 07:19:39 | INFO     | [SUCCESS] Day 28APR
2026-01-25 07:19:39 | INFO     | [DAY_START] Processing 27APR
2026-01-25 07:19:39 | INFO     | [lf.day.start] Processing JED-CAI for 27APR
2026-01-25 07:19:41 | INFO     | [lf.day.flights_found] Found 4 flights on 27APR
2026-01-25 07:19:43 | INFO     | [lf.flight.extracted] SM460 on 27APR: BKG=1, LF=0.6%
2026-01-25 07:19:47 | INFO     | [lf.flight.extracted] SM478 on 27APR: BKG=0, LF=0.0%
2026-01-25 07:19:50 | INFO     | [lf.flight.extracted] SM476 on 27APR: BKG=0, LF=0.0%
2026-01-25 07:19:54 | INFO     | [lf.flight.extracted] SM480 on 27APR: BKG=0, LF=0.0%
2026-01-25 07:19:57 | INFO     | [SUCCESS] Day 27APR
2026-01-25 07:19:57 | INFO     | [DAY_START] Processing 26APR
2026-01-25 07:19:57 | INFO     | [lf.day.start] Processing JED-CAI for 26APR
2026-01-25 07:19:59 | INFO     | [lf.day.flights_found] Found 2 flights on 26APR
2026-01-25 07:20:01 | INFO     | [lf.flight.extracted] SM478 on 26APR: BKG=0, LF=0.0%
2026-01-25 07:20:04 | INFO     | [lf.flight.extracted] SM476 on 26APR: BKG=0, LF=0.0%
2026-01-25 07:20:06 | INFO     | [SUCCESS] Day 26APR
2026-01-25 07:20:06 | INFO     | [DAY_START] Processing 25APR
2026-01-25 07:20:06 | INFO     | [lf.day.start] Processing JED-CAI for 25APR
2026-01-25 07:20:08 | INFO     | [lf.day.flights_found] Found 2 flights on 25APR
2026-01-25 07:20:10 | INFO     | [lf.flight.extracted] SM478 on 25APR: BKG=1, LF=0.6%
2026-01-25 07:20:14 | INFO     | [lf.flight.extracted] SM476 on 25APR: BKG=0, LF=0.0%
2026-01-25 07:20:17 | INFO     | [SUCCESS] Day 25APR
2026-01-25 07:20:17 | INFO     | [DAY_START] Processing 24APR
2026-01-25 07:20:17 | INFO     | [lf.day.start] Processing JED-CAI for 24APR
2026-01-25 07:20:19 | INFO     | [lf.day.flights_found] Found 4 flights on 24APR
2026-01-25 07:20:21 | INFO     | [lf.flight.extracted] SM460 on 24APR: BKG=0, LF=0.0%
2026-01-25 07:20:24 | INFO     | [lf.flight.extracted] SM478 on 24APR: BKG=0, LF=0.0%
2026-01-25 07:20:28 | INFO     | [lf.flight.extracted] SM476 on 24APR: BKG=1, LF=0.6%
2026-01-25 07:20:31 | INFO     | [lf.flight.extracted] SM480 on 24APR: BKG=0, LF=0.0%
2026-01-25 07:20:33 | INFO     | [SUCCESS] Day 24APR
2026-01-25 07:20:33 | INFO     | [DAY_START] Processing 23APR
2026-01-25 07:20:33 | INFO     | [lf.day.start] Processing JED-CAI for 23APR
2026-01-25 07:20:36 | INFO     | [lf.day.flights_found] Found 2 flights on 23APR
2026-01-25 07:20:37 | INFO     | [lf.flight.extracted] SM478 on 23APR: BKG=2, LF=1.2%
2026-01-25 07:20:42 | INFO     | [lf.flight.extracted] SM476 on 23APR: BKG=0, LF=0.0%
2026-01-25 07:20:44 | INFO     | [SUCCESS] Day 23APR
2026-01-25 07:20:44 | INFO     | [DAY_START] Processing 22APR
2026-01-25 07:20:44 | INFO     | [lf.day.start] Processing JED-CAI for 22APR
2026-01-25 07:20:46 | INFO     | [lf.day.flights_found] Found 2 flights on 22APR
2026-01-25 07:20:48 | INFO     | [lf.flight.extracted] SM478 on 22APR: BKG=0, LF=0.0%
2026-01-25 07:20:52 | INFO     | [lf.flight.extracted] SM476 on 22APR: BKG=1, LF=0.6%
2026-01-25 07:20:55 | INFO     | [SUCCESS] Day 22APR
2026-01-25 07:20:55 | INFO     | [DAY_START] Processing 21APR
2026-01-25 07:20:55 | INFO     | [lf.day.start] Processing JED-CAI for 21APR
2026-01-25 07:20:57 | INFO     | [lf.day.flights_found] Found 3 flights on 21APR
2026-01-25 07:20:59 | INFO     | [lf.flight.extracted] SM478 on 21APR: BKG=1, LF=0.6%
2026-01-25 07:21:03 | INFO     | [lf.flight.extracted] SM476 on 21APR: BKG=0, LF=0.0%
2026-01-25 07:21:06 | INFO     | [lf.flight.extracted] SM480 on 21APR: BKG=0, LF=0.0%
2026-01-25 07:21:08 | INFO     | [SUCCESS] Day 21APR
2026-01-25 07:21:08 | INFO     | [SUCCESS] LF Search Complete
2026-01-25 07:21:08 | INFO     | [Worker_9225] Completed: JED-CAI - 8 results, 0 errors
2026-01-25 07:21:08 | INFO     | [Worker_9225] Processing: CAI-AJF
2026-01-25 07:21:08 | INFO     |   Tier 0: Range 3, Chunk 1/4 (8 days)
