2026-01-25 07:21:57 | INFO     | ======================================================================
2026-01-25 07:21:57 | INFO     | Load Factor Scraper Started - Route: JED-LXR
2026-01-25 07:21:57 | INFO     | Log file: D:\CODERED\LAB\Artifacts\outputs\run_generated_250126_at_07.06\logs\LF_JED-LXR_20260125_072157.log
2026-01-25 07:21:57 | INFO     | Enhanced logging: Capturing both logging.info() and print()
2026-01-25 07:21:57 | INFO     | ======================================================================
2026-01-25 07:21:57 | INFO     | Starting LF search for route: JED-LXR
2026-01-25 07:21:57 | INFO     | [START] LF Search
2026-01-25 07:21:58 | INFO     | [HEALTH CHECK] [OK] Chrome connection is healthy
2026-01-25 07:21:58 | INFO     | [DAY_START] Processing 20APR
2026-01-25 07:21:58 | INFO     | [lf.day.start] Processing JED-LXR for 20APR
2026-01-25 07:21:59 | WARNING  | [lf.day.no_flights] No direct flights on 20APR
2026-01-25 07:21:59 | INFO     | [SUCCESS] Day 20APR
2026-01-25 07:21:59 | INFO     | [DAY_START] Processing 19APR
2026-01-25 07:21:59 | INFO     | [lf.day.start] Processing JED-LXR for 19APR
2026-01-25 07:22:00 | WARNING  | [lf.day.no_flights] No direct flights on 19APR
2026-01-25 07:22:00 | INFO     | [SUCCESS] Day 19APR
2026-01-25 07:22:00 | INFO     | [DAY_START] Processing 18APR
2026-01-25 07:22:00 | INFO     | [lf.day.start] Processing JED-LXR for 18APR
2026-01-25 07:22:01 | WARNING  | [lf.day.no_flights] No direct flights on 18APR
2026-01-25 07:22:01 | INFO     | [SUCCESS] Day 18APR
2026-01-25 07:22:01 | INFO     | [DAY_START] Processing 17APR
2026-01-25 07:22:01 | INFO     | [lf.day.start] Processing JED-LXR for 17APR
2026-01-25 07:22:02 | WARNING  | [lf.day.no_flights] No direct flights on 17APR
2026-01-25 07:22:02 | INFO     | [SUCCESS] Day 17APR
2026-01-25 07:22:02 | INFO     | [DAY_START] Processing 16APR
2026-01-25 07:22:02 | INFO     | [lf.day.start] Processing JED-LXR for 16APR
2026-01-25 07:22:04 | WARNING  | [lf.day.no_flights] No direct flights on 16APR
2026-01-25 07:22:04 | INFO     | [SUCCESS] Day 16APR
2026-01-25 07:22:04 | INFO     | [DAY_START] Processing 15APR
2026-01-25 07:22:04 | INFO     | [lf.day.start] Processing JED-LXR for 15APR
2026-01-25 07:22:05 | WARNING  | [lf.day.no_flights] No direct flights on 15APR
2026-01-25 07:22:05 | INFO     | [SUCCESS] Day 15APR
2026-01-25 07:22:05 | INFO     | [DAY_START] Processing 14APR
2026-01-25 07:22:05 | INFO     | [lf.day.start] Processing JED-LXR for 14APR
2026-01-25 07:22:06 | WARNING  | [lf.day.no_flights] No direct flights on 14APR
2026-01-25 07:22:06 | INFO     | [SUCCESS] Day 14APR
2026-01-25 07:22:06 | INFO     | [DAY_START] Processing 13APR
2026-01-25 07:22:06 | INFO     | [lf.day.start] Processing JED-LXR for 13APR
2026-01-25 07:22:08 | WARNING  | [lf.day.no_flights] No direct flights on 13APR
2026-01-25 07:22:08 | INFO     | [SUCCESS] Day 13APR
2026-01-25 07:22:08 | INFO     | [SUCCESS] LF Search Complete
2026-01-25 07:22:08 | INFO     | [Worker_9225] Completed: JED-LXR - 8 results, 0 errors
2026-01-25 07:22:08 | INFO     | [Worker_9225] Processing: DMM-ATZ
2026-01-25 07:22:08 | INFO     |   Tier 0: Range 3, Chunk 2/4 (8 days)
