2026-01-25 07:21:57 | INFO     | ======================================================================
2026-01-25 07:21:57 | INFO     | Load Factor Scraper Started - Route: JED-ATZ
2026-01-25 07:21:57 | INFO     | Log file: D:\CODERED\LAB\Artifacts\outputs\run_generated_250126_at_07.06\logs\LF_JED-ATZ_20260125_072157.log
2026-01-25 07:21:57 | INFO     | Enhanced logging: Capturing both logging.info() and print()
2026-01-25 07:21:57 | INFO     | ======================================================================
2026-01-25 07:21:57 | INFO     | Starting LF search for route: JED-ATZ
2026-01-25 07:21:57 | INFO     | [START] LF Search
2026-01-25 07:21:58 | INFO     | [HEALTH CHECK] [OK] Chrome connection is healthy
2026-01-25 07:21:58 | INFO     | [DAY_START] Processing 20APR
2026-01-25 07:21:58 | INFO     | [lf.day.start] Processing JED-ATZ for 20APR
2026-01-25 07:21:59 | INFO     | [lf.day.flights_found] Found 1 flights on 20APR
2026-01-25 07:22:01 | INFO     | [lf.flight.extracted] SM456 on 20APR: BKG=0, LF=0.0%
2026-01-25 07:22:02 | INFO     | [SUCCESS] Day 20APR
2026-01-25 07:22:02 | INFO     | [DAY_START] Processing 19APR
2026-01-25 07:22:02 | INFO     | [lf.day.start] Processing JED-ATZ for 19APR
2026-01-25 07:22:03 | INFO     | [lf.day.flights_found] Found 1 flights on 19APR
2026-01-25 07:22:05 | INFO     | [lf.flight.extracted] SM456 on 19APR: BKG=0, LF=0.0%
2026-01-25 07:22:07 | INFO     | [SUCCESS] Day 19APR
2026-01-25 07:22:07 | INFO     | [DAY_START] Processing 18APR
2026-01-25 07:22:07 | INFO     | [lf.day.start] Processing JED-ATZ for 18APR
2026-01-25 07:22:08 | INFO     | [lf.day.flights_found] Found 1 flights on 18APR
2026-01-25 07:22:10 | INFO     | [lf.flight.extracted] SM456 on 18APR: BKG=1, LF=0.6%
2026-01-25 07:22:13 | INFO     | [SUCCESS] Day 18APR
2026-01-25 07:22:13 | INFO     | [DAY_START] Processing 17APR
2026-01-25 07:22:13 | INFO     | [lf.day.start] Processing JED-ATZ for 17APR
2026-01-25 07:22:14 | INFO     | [lf.day.flights_found] Found 1 flights on 17APR
2026-01-25 07:22:16 | INFO     | [lf.flight.extracted] SM456 on 17APR: BKG=0, LF=0.0%
2026-01-25 07:22:17 | INFO     | [SUCCESS] Day 17APR
2026-01-25 07:22:17 | INFO     | [DAY_START] Processing 16APR
2026-01-25 07:22:17 | INFO     | [lf.day.start] Processing JED-ATZ for 16APR
2026-01-25 07:22:19 | INFO     | [lf.day.flights_found] Found 1 flights on 16APR
2026-01-25 07:22:21 | INFO     | [lf.flight.extracted] SM456 on 16APR: BKG=2, LF=1.1%
2026-01-25 07:22:23 | INFO     | [SUCCESS] Day 16APR
2026-01-25 07:22:23 | INFO     | [DAY_START] Processing 15APR
2026-01-25 07:22:23 | INFO     | [lf.day.start] Processing JED-ATZ for 15APR
2026-01-25 07:22:24 | INFO     | [lf.day.flights_found] Found 1 flights on 15APR
2026-01-25 07:22:26 | INFO     | [lf.flight.extracted] SM456 on 15APR: BKG=3, LF=1.7%
2026-01-25 07:22:29 | INFO     | [SUCCESS] Day 15APR
2026-01-25 07:22:29 | INFO     | [DAY_START] Processing 14APR
2026-01-25 07:22:29 | INFO     | [lf.day.start] Processing JED-ATZ for 14APR
2026-01-25 07:22:30 | INFO     | [lf.day.flights_found] Found 1 flights on 14APR
2026-01-25 07:22:32 | INFO     | [lf.flight.extracted] SM456 on 14APR: BKG=1, LF=0.6%
2026-01-25 07:22:36 | INFO     | [SUCCESS] Day 14APR
2026-01-25 07:22:36 | INFO     | [DAY_START] Processing 13APR
2026-01-25 07:22:36 | INFO     | [lf.day.start] Processing JED-ATZ for 13APR
2026-01-25 07:22:38 | INFO     | [lf.day.flights_found] Found 1 flights on 13APR
2026-01-25 07:22:40 | INFO     | [lf.flight.extracted] SM456 on 13APR: BKG=2, LF=1.2%
2026-01-25 07:22:43 | INFO     | [SUCCESS] Day 13APR
2026-01-25 07:22:43 | INFO     | [SUCCESS] LF Search Complete
2026-01-25 07:22:43 | INFO     | [Worker_9226] Completed: JED-ATZ - 8 results, 0 errors
2026-01-25 07:22:43 | INFO     | [Worker_9226] Processing: AHB-CAI
2026-01-25 07:22:43 | INFO     |   Tier 0: Range 3, Chunk 2/4 (8 days)
