2026-01-25 07:26:59 | INFO     | ======================================================================
2026-01-25 07:26:59 | INFO     | Load Factor Scraper Started - Route: JED-LXR
2026-01-25 07:26:59 | INFO     | Log file: D:\CODERED\LAB\Artifacts\outputs\run_generated_250126_at_07.06\logs\LF_JED-LXR_20260125_072659.log
2026-01-25 07:26:59 | INFO     | Enhanced logging: Capturing both logging.info() and print()
2026-01-25 07:26:59 | INFO     | ======================================================================
2026-01-25 07:26:59 | INFO     | Starting LF search for route: JED-LXR
2026-01-25 07:26:59 | INFO     | [START] LF Search
2026-01-25 07:27:00 | INFO     | [HEALTH CHECK] [OK] Chrome connection is healthy
2026-01-25 07:27:00 | INFO     | [DAY_START] Processing 04APR
2026-01-25 07:27:00 | INFO     | [lf.day.start] Processing JED-LXR for 04APR
2026-01-25 07:27:01 | WARNING  | [lf.day.no_flights] No direct flights on 04APR
2026-01-25 07:27:01 | INFO     | [SUCCESS] Day 04APR
2026-01-25 07:27:01 | INFO     | [DAY_START] Processing 03APR
2026-01-25 07:27:01 | INFO     | [lf.day.start] Processing JED-LXR for 03APR
2026-01-25 07:27:02 | WARNING  | [lf.day.no_flights] No direct flights on 03APR
2026-01-25 07:27:02 | INFO     | [SUCCESS] Day 03APR
2026-01-25 07:27:02 | INFO     | [DAY_START] Processing 02APR
2026-01-25 07:27:02 | INFO     | [lf.day.start] Processing JED-LXR for 02APR
2026-01-25 07:27:04 | WARNING  | [lf.day.no_flights] No direct flights on 02APR
2026-01-25 07:27:04 | INFO     | [SUCCESS] Day 02APR
2026-01-25 07:27:04 | INFO     | [DAY_START] Processing 01APR
2026-01-25 07:27:04 | INFO     | [lf.day.start] Processing JED-LXR for 01APR
2026-01-25 07:27:05 | WARNING  | [lf.day.no_flights] No direct flights on 01APR
2026-01-25 07:27:05 | INFO     | [SUCCESS] Day 01APR
2026-01-25 07:27:05 | INFO     | [DAY_START] Processing 31MAR
2026-01-25 07:27:05 | INFO     | [lf.day.start] Processing JED-LXR for 31MAR
2026-01-25 07:27:06 | WARNING  | [lf.day.no_flights] No direct flights on 31MAR
2026-01-25 07:27:06 | INFO     | [SUCCESS] Day 31MAR
2026-01-25 07:27:06 | INFO     | [DAY_START] Processing 30MAR
2026-01-25 07:27:06 | INFO     | [lf.day.start] Processing JED-LXR for 30MAR
2026-01-25 07:27:07 | WARNING  | [lf.day.no_flights] No direct flights on 30MAR
2026-01-25 07:27:07 | INFO     | [SUCCESS] Day 30MAR
2026-01-25 07:27:07 | INFO     | [DAY_START] Processing 29MAR
2026-01-25 07:27:07 | INFO     | [lf.day.start] Processing JED-LXR for 29MAR
2026-01-25 07:27:09 | WARNING  | [lf.day.no_flights] No direct flights on 29MAR
2026-01-25 07:27:09 | INFO     | [SUCCESS] Day 29MAR
2026-01-25 07:27:09 | INFO     | [DAY_START] Processing 28MAR
2026-01-25 07:27:09 | INFO     | [lf.day.start] Processing JED-LXR for 28MAR
2026-01-25 07:27:10 | WARNING  | [lf.day.no_flights] No direct flights on 28MAR
2026-01-25 07:27:10 | INFO     | [SUCCESS] Day 28MAR
2026-01-25 07:27:10 | INFO     | [SUCCESS] LF Search Complete
2026-01-25 07:27:10 | INFO     | [Worker_9226] Completed: JED-LXR - 8 results, 0 errors
2026-01-25 07:27:10 | INFO     | [Worker_9226] Processing: RUH-ATZ
2026-01-25 07:27:10 | INFO     |   Tier 0: Range 3, Chunk 4/4 (8 days)
