2026-01-25 07:38:15 | INFO     | ======================================================================
2026-01-25 07:38:15 | INFO     | Load Factor Scraper Started - Route: JED-ATZ
2026-01-25 07:38:15 | INFO     | Log file: D:\CODERED\LAB\Artifacts\outputs\run_generated_250126_at_07.06\logs\LF_JED-ATZ_20260125_073815.log
2026-01-25 07:38:15 | INFO     | Enhanced logging: Capturing both logging.info() and print()
2026-01-25 07:38:15 | INFO     | ======================================================================
2026-01-25 07:38:15 | INFO     | Starting LF search for route: JED-ATZ
2026-01-25 07:38:15 | INFO     | [START] LF Search
2026-01-25 07:38:16 | INFO     | [HEALTH CHECK] [OK] Chrome connection is healthy
2026-01-25 07:38:16 | INFO     | [DAY_START] Processing 11MAR
2026-01-25 07:38:16 | INFO     | [lf.day.start] Processing JED-ATZ for 11MAR
2026-01-25 07:38:17 | INFO     | [lf.day.flights_found] Found 2 flights on 11MAR
2026-01-25 07:38:20 | INFO     | [lf.flight.extracted] SM454 on 11MAR: BKG=17, LF=10.2%
2026-01-25 07:38:23 | INFO     | [lf.flight.extracted] SM492 on 11MAR: BKG=17, LF=9.7%
2026-01-25 07:38:26 | INFO     | [SUCCESS] Day 11MAR
2026-01-25 07:38:26 | INFO     | [DAY_START] Processing 10MAR
2026-01-25 07:38:26 | INFO     | [lf.day.start] Processing JED-ATZ for 10MAR
2026-01-25 07:38:28 | INFO     | [lf.day.flights_found] Found 2 flights on 10MAR
2026-01-25 07:38:29 | INFO     | [lf.flight.extracted] SM454 on 10MAR: BKG=21, LF=12.0%
2026-01-25 07:38:33 | INFO     | [lf.flight.extracted] SM456 on 10MAR: BKG=15, LF=8.6%
2026-01-25 07:38:38 | INFO     | [SUCCESS] Day 10MAR
2026-01-25 07:38:38 | INFO     | [DAY_START] Processing 09MAR
2026-01-25 07:38:38 | INFO     | [lf.day.start] Processing JED-ATZ for 09MAR
2026-01-25 07:38:39 | INFO     | [lf.day.flights_found] Found 4 flights on 09MAR
2026-01-25 07:38:41 | INFO     | [lf.flight.extracted] SM492 on 09MAR: BKG=10, LF=5.7%
2026-01-25 07:38:44 | INFO     | [lf.flight.extracted] SM456 on 09MAR: BKG=12, LF=6.9%
2026-01-25 07:38:47 | INFO     | [lf.flight.extracted] SM422 on 09MAR: BKG=15, LF=8.6%
2026-01-25 07:38:51 | INFO     | [lf.flight.extracted] SM454 on 09MAR: BKG=12, LF=6.9%
2026-01-25 07:38:57 | INFO     | [SUCCESS] Day 09MAR
2026-01-25 07:38:57 | INFO     | [DAY_START] Processing 08MAR
2026-01-25 07:38:57 | INFO     | [lf.day.start] Processing JED-ATZ for 08MAR
2026-01-25 07:38:58 | INFO     | [lf.day.flights_found] Found 2 flights on 08MAR
2026-01-25 07:39:00 | INFO     | [lf.flight.extracted] SM492 on 08MAR: BKG=9, LF=5.1%
2026-01-25 07:39:04 | INFO     | [lf.flight.extracted] SM456 on 08MAR: BKG=9, LF=5.4%
2026-01-25 07:39:08 | INFO     | [SUCCESS] Day 08MAR
2026-01-25 07:39:08 | INFO     | [DAY_START] Processing 07MAR
2026-01-25 07:39:08 | INFO     | [lf.day.start] Processing JED-ATZ for 07MAR
2026-01-25 07:39:09 | INFO     | [lf.day.flights_found] Found 3 flights on 07MAR
2026-01-25 07:39:12 | INFO     | [lf.flight.extracted] SM492 on 07MAR: BKG=13, LF=7.4%
2026-01-25 07:39:16 | INFO     | [lf.flight.extracted] SM454 on 07MAR: BKG=13, LF=7.4%
2026-01-25 07:39:19 | INFO     | [lf.flight.extracted] SM456 on 07MAR: BKG=12, LF=6.9%
2026-01-25 07:39:25 | INFO     | [SUCCESS] Day 07MAR
2026-01-25 07:39:25 | INFO     | [DAY_START] Processing 06MAR
2026-01-25 07:39:25 | INFO     | [lf.day.start] Processing JED-ATZ for 06MAR
2026-01-25 07:39:26 | INFO     | [lf.day.flights_found] Found 1 flights on 06MAR
2026-01-25 07:39:29 | INFO     | [lf.flight.extracted] SM492 on 06MAR: BKG=22, LF=12.6%
2026-01-25 07:39:32 | INFO     | [SUCCESS] Day 06MAR
2026-01-25 07:39:32 | INFO     | [DAY_START] Processing 05MAR
2026-01-25 07:39:32 | INFO     | [lf.day.start] Processing JED-ATZ for 05MAR
2026-01-25 07:39:34 | INFO     | [lf.day.flights_found] Found 3 flights on 05MAR
2026-01-25 07:39:36 | INFO     | [lf.flight.extracted] SM422 on 05MAR: BKG=73, LF=41.7%
2026-01-25 07:39:40 | INFO     | [lf.flight.extracted] SM454 on 05MAR: BKG=96, LF=54.9%
2026-01-25 07:39:43 | INFO     | [lf.flight.extracted] SM456 on 05MAR: BKG=94, LF=53.7%
2026-01-25 07:39:59 | INFO     | [SUCCESS] Day 05MAR
2026-01-25 07:39:59 | INFO     | [DAY_START] Processing 04MAR
2026-01-25 07:39:59 | INFO     | [lf.day.start] Processing JED-ATZ for 04MAR
2026-01-25 07:40:00 | INFO     | [lf.day.flights_found] Found 2 flights on 04MAR
2026-01-25 07:40:02 | INFO     | [lf.flight.extracted] SM454 on 04MAR: BKG=37, LF=21.1%
2026-01-25 07:40:06 | INFO     | [lf.flight.extracted] SM492 on 04MAR: BKG=46, LF=26.3%
2026-01-25 07:40:14 | INFO     | [SUCCESS] Day 04MAR
2026-01-25 07:40:14 | INFO     | [SUCCESS] LF Search Complete
2026-01-25 07:40:14 | INFO     | [Worker_9233] Completed: JED-ATZ - 8 results, 0 errors
2026-01-25 07:40:14 | INFO     | [Worker_9233] Processing: ATZ-JED
2026-01-25 07:40:14 | INFO     |   Tier 0: Range 2, Chunk 3/4 (8 days)
