2026-01-25 07:34:36 | INFO     | ======================================================================
2026-01-25 07:34:36 | INFO     | Load Factor Scraper Started - Route: JED-LXR
2026-01-25 07:34:36 | INFO     | Log file: D:\CODERED\LAB\Artifacts\outputs\run_generated_250126_at_07.06\logs\LF_JED-LXR_20260125_073436.log
2026-01-25 07:34:36 | INFO     | Enhanced logging: Capturing both logging.info() and print()
2026-01-25 07:34:36 | INFO     | ======================================================================
2026-01-25 07:34:36 | INFO     | Starting LF search for route: JED-LXR
2026-01-25 07:34:36 | INFO     | [START] LF Search
2026-01-25 07:34:37 | INFO     | [HEALTH CHECK] [OK] Chrome connection is healthy
2026-01-25 07:34:37 | INFO     | [DAY_START] Processing 19MAR
2026-01-25 07:34:37 | INFO     | [lf.day.start] Processing JED-LXR for 19MAR
2026-01-25 07:34:38 | WARNING  | [lf.day.no_flights] No direct flights on 19MAR
2026-01-25 07:34:38 | INFO     | [SUCCESS] Day 19MAR
2026-01-25 07:34:38 | INFO     | [DAY_START] Processing 18MAR
2026-01-25 07:34:38 | INFO     | [lf.day.start] Processing JED-LXR for 18MAR
2026-01-25 07:34:39 | WARNING  | [lf.day.no_flights] No direct flights on 18MAR
2026-01-25 07:34:39 | INFO     | [SUCCESS] Day 18MAR
2026-01-25 07:34:39 | INFO     | [DAY_START] Processing 17MAR
2026-01-25 07:34:39 | INFO     | [lf.day.start] Processing JED-LXR for 17MAR
2026-01-25 07:34:40 | INFO     | [lf.day.flights_found] Found 4 flights on 17MAR
2026-01-25 07:34:42 | INFO     | [lf.flight.extracted] SM482 on 17MAR: BKG=0, LF=0.0%
2026-01-25 07:34:46 | INFO     | [lf.flight.extracted] SM430 on 17MAR: BKG=0, LF=0.0%
2026-01-25 07:34:50 | INFO     | [lf.flight.extracted] SM982 on 17MAR: BKG=0, LF=0.0%
2026-01-25 07:34:53 | INFO     | [lf.flight.extracted] SM484 on 17MAR: BKG=0, LF=0.0%
2026-01-25 07:34:54 | INFO     | [SUCCESS] Day 17MAR
2026-01-25 07:34:54 | INFO     | [DAY_START] Processing 16MAR
2026-01-25 07:34:54 | INFO     | [lf.day.start] Processing JED-LXR for 16MAR
2026-01-25 07:34:55 | WARNING  | [lf.day.no_flights] No direct flights on 16MAR
2026-01-25 07:34:55 | INFO     | [SUCCESS] Day 16MAR
2026-01-25 07:34:55 | INFO     | [DAY_START] Processing 15MAR
2026-01-25 07:34:55 | INFO     | [lf.day.start] Processing JED-LXR for 15MAR
2026-01-25 07:34:56 | WARNING  | [lf.day.no_flights] No direct flights on 15MAR
2026-01-25 07:34:56 | INFO     | [SUCCESS] Day 15MAR
2026-01-25 07:34:56 | INFO     | [DAY_START] Processing 14MAR
2026-01-25 07:34:56 | INFO     | [lf.day.start] Processing JED-LXR for 14MAR
2026-01-25 07:34:57 | WARNING  | [lf.day.no_flights] No direct flights on 14MAR
2026-01-25 07:34:57 | INFO     | [SUCCESS] Day 14MAR
2026-01-25 07:34:57 | INFO     | [DAY_START] Processing 13MAR
2026-01-25 07:34:57 | INFO     | [lf.day.start] Processing JED-LXR for 13MAR
2026-01-25 07:34:59 | WARNING  | [lf.day.no_flights] No direct flights on 13MAR
2026-01-25 07:34:59 | INFO     | [SUCCESS] Day 13MAR
2026-01-25 07:34:59 | INFO     | [DAY_START] Processing 12MAR
2026-01-25 07:34:59 | INFO     | [lf.day.start] Processing JED-LXR for 12MAR
2026-01-25 07:35:00 | WARNING  | [lf.day.no_flights] No direct flights on 12MAR
2026-01-25 07:35:00 | INFO     | [SUCCESS] Day 12MAR
2026-01-25 07:35:00 | INFO     | [SUCCESS] LF Search Complete
2026-01-25 07:35:00 | INFO     | [Worker_9234] Completed: JED-LXR - 8 results, 0 errors
2026-01-25 07:35:00 | INFO     | [Worker_9234] Processing: DMM-ATZ
2026-01-25 07:35:00 | INFO     |   Tier 0: Range 2, Chunk 2/4 (8 days)
