2026-01-25 07:36:31 | INFO     | ======================================================================
2026-01-25 07:36:31 | INFO     | Load Factor Scraper Started - Route: LXR-JED
2026-01-25 07:36:31 | INFO     | Log file: D:\CODERED\LAB\Artifacts\outputs\run_generated_250126_at_07.06\logs\LF_LXR-JED_20260125_073631.log
2026-01-25 07:36:31 | INFO     | Enhanced logging: Capturing both logging.info() and print()
2026-01-25 07:36:31 | INFO     | ======================================================================
2026-01-25 07:36:31 | INFO     | Starting LF search for route: LXR-JED
2026-01-25 07:36:31 | INFO     | [START] LF Search
2026-01-25 07:36:32 | INFO     | [HEALTH CHECK] [OK] Chrome connection is healthy
2026-01-25 07:36:32 | INFO     | [DAY_START] Processing 19MAR
2026-01-25 07:36:32 | INFO     | [lf.day.start] Processing LXR-JED for 19MAR
2026-01-25 07:36:34 | WARNING  | [lf.day.no_flights] No direct flights on 19MAR
2026-01-25 07:36:34 | INFO     | [SUCCESS] Day 19MAR
2026-01-25 07:36:34 | INFO     | [DAY_START] Processing 18MAR
2026-01-25 07:36:34 | INFO     | [lf.day.start] Processing LXR-JED for 18MAR
2026-01-25 07:36:35 | WARNING  | [lf.day.no_flights] No direct flights on 18MAR
2026-01-25 07:36:35 | INFO     | [SUCCESS] Day 18MAR
2026-01-25 07:36:35 | INFO     | [DAY_START] Processing 17MAR
2026-01-25 07:36:35 | INFO     | [lf.day.start] Processing LXR-JED for 17MAR
2026-01-25 07:36:36 | INFO     | [lf.day.flights_found] Found 3 flights on 17MAR
2026-01-25 07:36:38 | INFO     | [lf.flight.extracted] SM429 on 17MAR: BKG=0, LF=0.0%
2026-01-25 07:36:41 | INFO     | [lf.flight.extracted] SM483 on 17MAR: BKG=0, LF=0.0%
2026-01-25 07:36:44 | INFO     | [lf.flight.extracted] SM981 on 17MAR: BKG=0, LF=0.0%
2026-01-25 07:36:46 | INFO     | [SUCCESS] Day 17MAR
2026-01-25 07:36:46 | INFO     | [DAY_START] Processing 16MAR
2026-01-25 07:36:46 | INFO     | [lf.day.start] Processing LXR-JED for 16MAR
2026-01-25 07:36:47 | INFO     | [lf.day.flights_found] Found 1 flights on 16MAR
2026-01-25 07:36:49 | INFO     | [lf.flight.extracted] SM481 on 16MAR: BKG=0, LF=0.0%
2026-01-25 07:36:50 | INFO     | [SUCCESS] Day 16MAR
2026-01-25 07:36:50 | INFO     | [DAY_START] Processing 15MAR
2026-01-25 07:36:50 | INFO     | [lf.day.start] Processing LXR-JED for 15MAR
2026-01-25 07:36:51 | WARNING  | [lf.day.no_flights] No direct flights on 15MAR
2026-01-25 07:36:51 | INFO     | [SUCCESS] Day 15MAR
2026-01-25 07:36:51 | INFO     | [DAY_START] Processing 14MAR
2026-01-25 07:36:51 | INFO     | [lf.day.start] Processing LXR-JED for 14MAR
2026-01-25 07:36:52 | WARNING  | [lf.day.no_flights] No direct flights on 14MAR
2026-01-25 07:36:52 | INFO     | [SUCCESS] Day 14MAR
2026-01-25 07:36:52 | INFO     | [DAY_START] Processing 13MAR
2026-01-25 07:36:52 | INFO     | [lf.day.start] Processing LXR-JED for 13MAR
2026-01-25 07:36:53 | WARNING  | [lf.day.no_flights] No direct flights on 13MAR
2026-01-25 07:36:53 | INFO     | [SUCCESS] Day 13MAR
2026-01-25 07:36:53 | INFO     | [DAY_START] Processing 12MAR
2026-01-25 07:36:53 | INFO     | [lf.day.start] Processing LXR-JED for 12MAR
2026-01-25 07:36:54 | WARNING  | [lf.day.no_flights] No direct flights on 12MAR
2026-01-25 07:36:54 | INFO     | [SUCCESS] Day 12MAR
2026-01-25 07:36:54 | INFO     | [SUCCESS] LF Search Complete
2026-01-25 07:36:55 | INFO     | [Worker_9225] Completed: LXR-JED - 8 results, 0 errors
2026-01-25 07:36:55 | INFO     | [Worker_9225] Processing: CAI-TUU
2026-01-25 07:36:55 | INFO     |   Tier 0: Range 2, Chunk 2/4 (8 days)
