2026-01-25 07:40:19 | INFO     | ======================================================================
2026-01-25 07:40:19 | INFO     | Load Factor Scraper Started - Route: LXR-JED
2026-01-25 07:40:19 | INFO     | Log file: D:\CODERED\LAB\Artifacts\outputs\run_generated_250126_at_07.06\logs\LF_LXR-JED_20260125_074019.log
2026-01-25 07:40:19 | INFO     | Enhanced logging: Capturing both logging.info() and print()
2026-01-25 07:40:19 | INFO     | ======================================================================
2026-01-25 07:40:19 | INFO     | Starting LF search for route: LXR-JED
2026-01-25 07:40:19 | INFO     | [START] LF Search
2026-01-25 07:40:20 | INFO     | [HEALTH CHECK] [OK] Chrome connection is healthy
2026-01-25 07:40:20 | INFO     | [DAY_START] Processing 11MAR
2026-01-25 07:40:20 | INFO     | [lf.day.start] Processing LXR-JED for 11MAR
2026-01-25 07:40:22 | WARNING  | [lf.day.no_flights] No direct flights on 11MAR
2026-01-25 07:40:22 | INFO     | [SUCCESS] Day 11MAR
2026-01-25 07:40:22 | INFO     | [DAY_START] Processing 10MAR
2026-01-25 07:40:22 | INFO     | [lf.day.start] Processing LXR-JED for 10MAR
2026-01-25 07:40:23 | INFO     | [lf.day.flights_found] Found 3 flights on 10MAR
2026-01-25 07:40:25 | INFO     | [lf.flight.extracted] SM429 on 10MAR: BKG=0, LF=0.0%
2026-01-25 07:40:28 | INFO     | [lf.flight.extracted] SM483 on 10MAR: BKG=0, LF=0.0%
2026-01-25 07:40:32 | INFO     | [lf.flight.extracted] SM981 on 10MAR: BKG=0, LF=0.0%
2026-01-25 07:40:33 | INFO     | [SUCCESS] Day 10MAR
2026-01-25 07:40:33 | INFO     | [DAY_START] Processing 09MAR
2026-01-25 07:40:33 | INFO     | [lf.day.start] Processing LXR-JED for 09MAR
2026-01-25 07:40:35 | INFO     | [lf.day.flights_found] Found 1 flights on 09MAR
2026-01-25 07:40:37 | INFO     | [lf.flight.extracted] SM481 on 09MAR: BKG=0, LF=0.0%
2026-01-25 07:40:38 | INFO     | [SUCCESS] Day 09MAR
2026-01-25 07:40:38 | INFO     | [DAY_START] Processing 08MAR
2026-01-25 07:40:38 | INFO     | [lf.day.start] Processing LXR-JED for 08MAR
2026-01-25 07:40:40 | WARNING  | [lf.day.no_flights] No direct flights on 08MAR
2026-01-25 07:40:40 | INFO     | [SUCCESS] Day 08MAR
2026-01-25 07:40:40 | INFO     | [DAY_START] Processing 07MAR
2026-01-25 07:40:40 | INFO     | [lf.day.start] Processing LXR-JED for 07MAR
2026-01-25 07:40:42 | WARNING  | [lf.day.no_flights] No direct flights on 07MAR
2026-01-25 07:40:42 | INFO     | [SUCCESS] Day 07MAR
2026-01-25 07:40:42 | INFO     | [DAY_START] Processing 06MAR
2026-01-25 07:40:42 | INFO     | [lf.day.start] Processing LXR-JED for 06MAR
2026-01-25 07:40:43 | WARNING  | [lf.day.no_flights] No direct flights on 06MAR
2026-01-25 07:40:43 | INFO     | [SUCCESS] Day 06MAR
2026-01-25 07:40:43 | INFO     | [DAY_START] Processing 05MAR
2026-01-25 07:40:43 | INFO     | [lf.day.start] Processing LXR-JED for 05MAR
2026-01-25 07:40:45 | WARNING  | [lf.day.no_flights] No direct flights on 05MAR
2026-01-25 07:40:45 | INFO     | [SUCCESS] Day 05MAR
2026-01-25 07:40:45 | INFO     | [DAY_START] Processing 04MAR
2026-01-25 07:40:45 | INFO     | [lf.day.start] Processing LXR-JED for 04MAR
2026-01-25 07:40:46 | WARNING  | [lf.day.no_flights] No direct flights on 04MAR
2026-01-25 07:40:46 | INFO     | [SUCCESS] Day 04MAR
2026-01-25 07:40:46 | INFO     | [SUCCESS] LF Search Complete
2026-01-25 07:40:46 | INFO     | [Worker_9222] Completed: LXR-JED - 8 results, 0 errors
2026-01-25 07:40:46 | INFO     | [Worker_9222] Processing: CAI-TUU
2026-01-25 07:40:46 | INFO     |   Tier 0: Range 2, Chunk 3/4 (8 days)
