2026-01-25 07:18:27 | INFO     | ======================================================================
2026-01-25 07:18:27 | INFO     | Load Factor Scraper Started - Route: LXR-JED
2026-01-25 07:18:27 | INFO     | Log file: D:\CODERED\LAB\Artifacts\outputs\run_generated_250126_at_07.06\logs\LF_LXR-JED_20260125_071827.log
2026-01-25 07:18:27 | INFO     | Enhanced logging: Capturing both logging.info() and print()
2026-01-25 07:18:27 | INFO     | ======================================================================
2026-01-25 07:18:27 | INFO     | Starting LF search for route: LXR-JED
2026-01-25 07:18:27 | INFO     | [START] LF Search
2026-01-25 07:18:28 | INFO     | [HEALTH CHECK] [OK] Chrome connection is healthy
2026-01-25 07:18:28 | INFO     | [DAY_START] Processing 06MAY
2026-01-25 07:18:28 | INFO     | [lf.day.start] Processing LXR-JED for 06MAY
2026-01-25 07:18:29 | WARNING  | [lf.day.no_flights] No direct flights on 06MAY
2026-01-25 07:18:29 | INFO     | [SUCCESS] Day 06MAY
2026-01-25 07:18:29 | INFO     | [DAY_START] Processing 05MAY
2026-01-25 07:18:29 | INFO     | [lf.day.start] Processing LXR-JED for 05MAY
2026-01-25 07:18:30 | WARNING  | [lf.day.no_flights] No direct flights on 05MAY
2026-01-25 07:18:30 | INFO     | [SUCCESS] Day 05MAY
2026-01-25 07:18:30 | INFO     | [DAY_START] Processing 04MAY
2026-01-25 07:18:30 | INFO     | [lf.day.start] Processing LXR-JED for 04MAY
2026-01-25 07:18:31 | WARNING  | [lf.day.no_flights] No direct flights on 04MAY
2026-01-25 07:18:31 | INFO     | [SUCCESS] Day 04MAY
2026-01-25 07:18:31 | INFO     | [DAY_START] Processing 03MAY
2026-01-25 07:18:31 | INFO     | [lf.day.start] Processing LXR-JED for 03MAY
2026-01-25 07:18:33 | WARNING  | [lf.day.no_flights] No direct flights on 03MAY
2026-01-25 07:18:33 | INFO     | [SUCCESS] Day 03MAY
2026-01-25 07:18:33 | INFO     | [DAY_START] Processing 02MAY
2026-01-25 07:18:33 | INFO     | [lf.day.start] Processing LXR-JED for 02MAY
2026-01-25 07:18:34 | WARNING  | [lf.day.no_flights] No direct flights on 02MAY
2026-01-25 07:18:34 | INFO     | [SUCCESS] Day 02MAY
2026-01-25 07:18:34 | INFO     | [DAY_START] Processing 01MAY
2026-01-25 07:18:34 | INFO     | [lf.day.start] Processing LXR-JED for 01MAY
2026-01-25 07:18:35 | WARNING  | [lf.day.no_flights] No direct flights on 01MAY
2026-01-25 07:18:35 | INFO     | [SUCCESS] Day 01MAY
2026-01-25 07:18:35 | INFO     | [DAY_START] Processing 30APR
2026-01-25 07:18:35 | INFO     | [lf.day.start] Processing LXR-JED for 30APR
2026-01-25 07:18:36 | WARNING  | [lf.day.no_flights] No direct flights on 30APR
2026-01-25 07:18:36 | INFO     | [SUCCESS] Day 30APR
2026-01-25 07:18:36 | INFO     | [DAY_START] Processing 29APR
2026-01-25 07:18:36 | INFO     | [lf.day.start] Processing LXR-JED for 29APR
2026-01-25 07:18:37 | WARNING  | [lf.day.no_flights] No direct flights on 29APR
2026-01-25 07:18:37 | INFO     | [SUCCESS] Day 29APR
2026-01-25 07:18:37 | INFO     | [SUCCESS] LF Search Complete
2026-01-25 07:18:37 | INFO     | [Worker_9224] Completed: LXR-JED - 8 results, 0 errors
2026-01-25 07:18:37 | INFO     | [Worker_9224] Processing: ATZ-DMM
2026-01-25 07:18:37 | INFO     |   Tier 0: Range 4, Chunk 4/4 (8 days)
