2026-01-25 07:25:48 | INFO     | ======================================================================
2026-01-25 07:25:48 | INFO     | Load Factor Scraper Started - Route: LXR-JED
2026-01-25 07:25:48 | INFO     | Log file: D:\CODERED\LAB\Artifacts\outputs\run_generated_250126_at_07.06\logs\LF_LXR-JED_20260125_072548.log
2026-01-25 07:25:48 | INFO     | Enhanced logging: Capturing both logging.info() and print()
2026-01-25 07:25:48 | INFO     | ======================================================================
2026-01-25 07:25:48 | INFO     | Starting LF search for route: LXR-JED
2026-01-25 07:25:48 | INFO     | [START] LF Search
2026-01-25 07:25:49 | INFO     | [HEALTH CHECK] [OK] Chrome connection is healthy
2026-01-25 07:25:49 | INFO     | [DAY_START] Processing 12APR
2026-01-25 07:25:49 | INFO     | [lf.day.start] Processing LXR-JED for 12APR
2026-01-25 07:25:50 | WARNING  | [lf.day.no_flights] No direct flights on 12APR
2026-01-25 07:25:50 | INFO     | [SUCCESS] Day 12APR
2026-01-25 07:25:50 | INFO     | [DAY_START] Processing 11APR
2026-01-25 07:25:50 | INFO     | [lf.day.start] Processing LXR-JED for 11APR
2026-01-25 07:25:51 | WARNING  | [lf.day.no_flights] No direct flights on 11APR
2026-01-25 07:25:51 | INFO     | [SUCCESS] Day 11APR
2026-01-25 07:25:51 | INFO     | [DAY_START] Processing 10APR
2026-01-25 07:25:51 | INFO     | [lf.day.start] Processing LXR-JED for 10APR
2026-01-25 07:25:52 | WARNING  | [lf.day.no_flights] No direct flights on 10APR
2026-01-25 07:25:52 | INFO     | [SUCCESS] Day 10APR
2026-01-25 07:25:52 | INFO     | [DAY_START] Processing 09APR
2026-01-25 07:25:52 | INFO     | [lf.day.start] Processing LXR-JED for 09APR
2026-01-25 07:25:53 | WARNING  | [lf.day.no_flights] No direct flights on 09APR
2026-01-25 07:25:53 | INFO     | [SUCCESS] Day 09APR
2026-01-25 07:25:53 | INFO     | [DAY_START] Processing 08APR
2026-01-25 07:25:53 | INFO     | [lf.day.start] Processing LXR-JED for 08APR
2026-01-25 07:25:55 | WARNING  | [lf.day.no_flights] No direct flights on 08APR
2026-01-25 07:25:55 | INFO     | [SUCCESS] Day 08APR
2026-01-25 07:25:55 | INFO     | [DAY_START] Processing 07APR
2026-01-25 07:25:55 | INFO     | [lf.day.start] Processing LXR-JED for 07APR
2026-01-25 07:25:56 | WARNING  | [lf.day.no_flights] No direct flights on 07APR
2026-01-25 07:25:56 | INFO     | [SUCCESS] Day 07APR
2026-01-25 07:25:56 | INFO     | [DAY_START] Processing 06APR
2026-01-25 07:25:56 | INFO     | [lf.day.start] Processing LXR-JED for 06APR
2026-01-25 07:25:57 | WARNING  | [lf.day.no_flights] No direct flights on 06APR
2026-01-25 07:25:57 | INFO     | [SUCCESS] Day 06APR
2026-01-25 07:25:57 | INFO     | [DAY_START] Processing 05APR
2026-01-25 07:25:57 | INFO     | [lf.day.start] Processing LXR-JED for 05APR
2026-01-25 07:25:58 | WARNING  | [lf.day.no_flights] No direct flights on 05APR
2026-01-25 07:25:58 | INFO     | [SUCCESS] Day 05APR
2026-01-25 07:25:58 | INFO     | [SUCCESS] LF Search Complete
2026-01-25 07:25:58 | INFO     | [Worker_9233] Completed: LXR-JED - 8 results, 0 errors
2026-01-25 07:25:58 | INFO     | [Worker_9233] Processing: ATZ-DMM
2026-01-25 07:25:58 | INFO     |   Tier 0: Range 3, Chunk 3/4 (8 days)
