2026-01-25 07:21:39 | INFO     | ======================================================================
2026-01-25 07:21:39 | INFO     | Load Factor Scraper Started - Route: MED-HBE
2026-01-25 07:21:39 | INFO     | Log file: D:\CODERED\LAB\Artifacts\outputs\run_generated_250126_at_07.06\logs\LF_MED-HBE_20260125_072139.log
2026-01-25 07:21:39 | INFO     | Enhanced logging: Capturing both logging.info() and print()
2026-01-25 07:21:39 | INFO     | ======================================================================
2026-01-25 07:21:39 | INFO     | Starting LF search for route: MED-HBE
2026-01-25 07:21:39 | INFO     | [START] LF Search
2026-01-25 07:21:41 | INFO     | [HEALTH CHECK] [OK] Chrome connection is healthy
2026-01-25 07:21:41 | INFO     | [DAY_START] Processing 20APR
2026-01-25 07:21:41 | INFO     | [lf.day.start] Processing MED-HBE for 20APR
2026-01-25 07:21:42 | WARNING  | [lf.day.no_flights] No direct flights on 20APR
2026-01-25 07:21:42 | INFO     | [SUCCESS] Day 20APR
2026-01-25 07:21:42 | INFO     | [DAY_START] Processing 19APR
2026-01-25 07:21:42 | INFO     | [lf.day.start] Processing MED-HBE for 19APR
2026-01-25 07:21:43 | INFO     | [lf.day.flights_found] Found 1 flights on 19APR
2026-01-25 07:21:45 | INFO     | [lf.flight.extracted] SM486 on 19APR: BKG=0, LF=0.0%
2026-01-25 07:21:46 | INFO     | [SUCCESS] Day 19APR
2026-01-25 07:21:46 | INFO     | [DAY_START] Processing 18APR
2026-01-25 07:21:46 | INFO     | [lf.day.start] Processing MED-HBE for 18APR
2026-01-25 07:21:47 | WARNING  | [lf.day.no_flights] No direct flights on 18APR
2026-01-25 07:21:47 | INFO     | [SUCCESS] Day 18APR
2026-01-25 07:21:47 | INFO     | [DAY_START] Processing 17APR
2026-01-25 07:21:47 | INFO     | [lf.day.start] Processing MED-HBE for 17APR
2026-01-25 07:21:48 | WARNING  | [lf.day.no_flights] No direct flights on 17APR
2026-01-25 07:21:48 | INFO     | [SUCCESS] Day 17APR
2026-01-25 07:21:48 | INFO     | [DAY_START] Processing 16APR
2026-01-25 07:21:48 | INFO     | [lf.day.start] Processing MED-HBE for 16APR
2026-01-25 07:21:50 | INFO     | [lf.day.flights_found] Found 1 flights on 16APR
2026-01-25 07:21:52 | INFO     | [lf.flight.extracted] SM486 on 16APR: BKG=0, LF=0.0%
2026-01-25 07:21:53 | INFO     | [SUCCESS] Day 16APR
2026-01-25 07:21:53 | INFO     | [DAY_START] Processing 15APR
2026-01-25 07:21:53 | INFO     | [lf.day.start] Processing MED-HBE for 15APR
2026-01-25 07:21:54 | WARNING  | [lf.day.no_flights] No direct flights on 15APR
2026-01-25 07:21:54 | INFO     | [SUCCESS] Day 15APR
2026-01-25 07:21:54 | INFO     | [DAY_START] Processing 14APR
2026-01-25 07:21:54 | INFO     | [lf.day.start] Processing MED-HBE for 14APR
2026-01-25 07:21:56 | WARNING  | [lf.day.no_flights] No direct flights on 14APR
2026-01-25 07:21:56 | INFO     | [SUCCESS] Day 14APR
2026-01-25 07:21:56 | INFO     | [DAY_START] Processing 13APR
2026-01-25 07:21:56 | INFO     | [lf.day.start] Processing MED-HBE for 13APR
2026-01-25 07:21:57 | WARNING  | [lf.day.no_flights] No direct flights on 13APR
2026-01-25 07:21:57 | INFO     | [SUCCESS] Day 13APR
2026-01-25 07:21:57 | INFO     | [SUCCESS] LF Search Complete
2026-01-25 07:21:57 | INFO     | [Worker_9226] Completed: MED-HBE - 8 results, 0 errors
2026-01-25 07:21:57 | INFO     | [Worker_9226] Processing: JED-ATZ
2026-01-25 07:21:57 | INFO     |   Tier 0: Range 3, Chunk 2/4 (8 days)
