2026-01-25 07:45:31 | INFO     | ======================================================================
2026-01-25 07:45:31 | INFO     | Load Factor Scraper Started - Route: MED-HBE
2026-01-25 07:45:31 | INFO     | Log file: D:\CODERED\LAB\Artifacts\outputs\run_generated_250126_at_07.06\logs\LF_MED-HBE_20260125_074531.log
2026-01-25 07:45:31 | INFO     | Enhanced logging: Capturing both logging.info() and print()
2026-01-25 07:45:31 | INFO     | ======================================================================
2026-01-25 07:45:31 | INFO     | Starting LF search for route: MED-HBE
2026-01-25 07:45:31 | INFO     | [START] LF Search
2026-01-25 07:45:31 | INFO     | [HEALTH CHECK] [OK] Chrome connection is healthy
2026-01-25 07:45:32 | INFO     | [DAY_START] Processing 24FEB
2026-01-25 07:45:32 | INFO     | [lf.day.start] Processing MED-HBE for 24FEB
2026-01-25 07:45:33 | INFO     | [lf.day.flights_found] Found 1 flights on 24FEB
2026-01-25 07:45:35 | INFO     | [lf.flight.extracted] SM486 on 24FEB: BKG=99, LF=56.6%
2026-01-25 07:45:39 | INFO     | [SUCCESS] Day 24FEB
2026-01-25 07:45:39 | INFO     | [DAY_START] Processing 23FEB
2026-01-25 07:45:39 | INFO     | [lf.day.start] Processing MED-HBE for 23FEB
2026-01-25 07:45:41 | INFO     | [lf.day.flights_found] Found 1 flights on 23FEB
2026-01-25 07:45:43 | INFO     | [lf.flight.extracted] SM952 on 23FEB: BKG=131, LF=79.9%
2026-01-25 07:45:46 | INFO     | [SUCCESS] Day 23FEB
2026-01-25 07:45:46 | INFO     | [DAY_START] Processing 22FEB
2026-01-25 07:45:46 | INFO     | [lf.day.start] Processing MED-HBE for 22FEB
2026-01-25 07:45:48 | INFO     | [lf.day.flights_found] Found 2 flights on 22FEB
2026-01-25 07:45:50 | INFO     | [lf.flight.extracted] SM984 on 22FEB: BKG=0, LF=0.0%
2026-01-25 07:45:53 | INFO     | [lf.flight.extracted] SM486 on 22FEB: BKG=55, LF=31.4%
2026-01-25 07:45:56 | INFO     | [SUCCESS] Day 22FEB
2026-01-25 07:45:56 | INFO     | [DAY_START] Processing 21FEB
2026-01-25 07:45:56 | INFO     | [lf.day.start] Processing MED-HBE for 21FEB
2026-01-25 07:45:57 | WARNING  | [lf.day.no_flights] No direct flights on 21FEB
2026-01-25 07:45:57 | INFO     | [SUCCESS] Day 21FEB
2026-01-25 07:45:57 | INFO     | [DAY_START] Processing 20FEB
2026-01-25 07:45:57 | INFO     | [lf.day.start] Processing MED-HBE for 20FEB
2026-01-25 07:45:59 | WARNING  | [lf.day.no_flights] No direct flights on 20FEB
2026-01-25 07:45:59 | INFO     | [SUCCESS] Day 20FEB
2026-01-25 07:45:59 | INFO     | [DAY_START] Processing 19FEB
2026-01-25 07:45:59 | INFO     | [lf.day.start] Processing MED-HBE for 19FEB
2026-01-25 07:46:01 | INFO     | [lf.day.flights_found] Found 1 flights on 19FEB
2026-01-25 07:46:03 | INFO     | [lf.flight.extracted] SM486 on 19FEB: BKG=2, LF=1.1%
2026-01-25 07:46:06 | INFO     | [SUCCESS] Day 19FEB
2026-01-25 07:46:06 | INFO     | [DAY_START] Processing 18FEB
2026-01-25 07:46:06 | INFO     | [lf.day.start] Processing MED-HBE for 18FEB
2026-01-25 07:46:07 | INFO     | [lf.day.flights_found] Found 1 flights on 18FEB
2026-01-25 07:46:09 | INFO     | [lf.flight.extracted] SM486 on 18FEB: BKG=3, LF=1.7%
2026-01-25 07:46:12 | INFO     | [SUCCESS] Day 18FEB
2026-01-25 07:46:12 | INFO     | [DAY_START] Processing 17FEB
2026-01-25 07:46:12 | INFO     | [lf.day.start] Processing MED-HBE for 17FEB
2026-01-25 07:46:13 | INFO     | [lf.day.flights_found] Found 1 flights on 17FEB
2026-01-25 07:46:16 | INFO     | [lf.flight.extracted] SM486 on 17FEB: BKG=26, LF=14.9%
2026-01-25 07:46:19 | INFO     | [SUCCESS] Day 17FEB
2026-01-25 07:46:19 | INFO     | [SUCCESS] LF Search Complete
2026-01-25 07:46:19 | INFO     | [Worker_9223] Completed: MED-HBE - 8 results, 0 errors
2026-01-25 07:46:19 | INFO     | [Worker_9223] Processing: JED-ASW
2026-01-25 07:46:19 | INFO     |   Tier 0: Range 1, Chunk 1/4 (8 days)
