2026-01-25 07:37:49 | INFO     | ======================================================================
2026-01-25 07:37:49 | INFO     | Load Factor Scraper Started - Route: MED-CAI
2026-01-25 07:37:49 | INFO     | Log file: D:\CODERED\LAB\Artifacts\outputs\run_generated_250126_at_07.06\logs\LF_MED-CAI_20260125_073749.log
2026-01-25 07:37:49 | INFO     | Enhanced logging: Capturing both logging.info() and print()
2026-01-25 07:37:49 | INFO     | ======================================================================
2026-01-25 07:37:49 | INFO     | Starting LF search for route: MED-CAI
2026-01-25 07:37:49 | INFO     | [START] LF Search
2026-01-25 07:37:50 | INFO     | [HEALTH CHECK] [OK] Chrome connection is healthy
2026-01-25 07:37:50 | INFO     | [DAY_START] Processing 11MAR
2026-01-25 07:37:50 | INFO     | [lf.day.start] Processing MED-CAI for 11MAR
2026-01-25 07:37:51 | WARNING  | [lf.day.no_flights] No direct flights on 11MAR
2026-01-25 07:37:51 | INFO     | [SUCCESS] Day 11MAR
2026-01-25 07:37:51 | INFO     | [DAY_START] Processing 10MAR
2026-01-25 07:37:51 | INFO     | [lf.day.start] Processing MED-CAI for 10MAR
2026-01-25 07:37:52 | INFO     | [lf.day.flights_found] Found 2 flights on 10MAR
2026-01-25 07:37:54 | INFO     | [lf.flight.extracted] SM496 on 10MAR: BKG=29, LF=16.6%
2026-01-25 07:37:59 | INFO     | [lf.flight.extracted] SM494 on 10MAR: BKG=17, LF=9.7%
2026-01-25 07:38:04 | INFO     | [SUCCESS] Day 10MAR
2026-01-25 07:38:04 | INFO     | [DAY_START] Processing 09MAR
2026-01-25 07:38:04 | INFO     | [lf.day.start] Processing MED-CAI for 09MAR
2026-01-25 07:38:05 | WARNING  | [lf.day.no_flights] No direct flights on 09MAR
2026-01-25 07:38:05 | INFO     | [SUCCESS] Day 09MAR
2026-01-25 07:38:05 | INFO     | [DAY_START] Processing 08MAR
2026-01-25 07:38:05 | INFO     | [lf.day.start] Processing MED-CAI for 08MAR
2026-01-25 07:38:06 | INFO     | [lf.day.flights_found] Found 1 flights on 08MAR
2026-01-25 07:38:08 | INFO     | [lf.flight.extracted] SM494 on 08MAR: BKG=12, LF=6.9%
2026-01-25 07:38:11 | INFO     | [SUCCESS] Day 08MAR
2026-01-25 07:38:11 | INFO     | [DAY_START] Processing 07MAR
2026-01-25 07:38:11 | INFO     | [lf.day.start] Processing MED-CAI for 07MAR
2026-01-25 07:38:12 | INFO     | [lf.day.flights_found] Found 1 flights on 07MAR
2026-01-25 07:38:14 | INFO     | [lf.flight.extracted] SM494 on 07MAR: BKG=27, LF=15.4%
2026-01-25 07:38:17 | INFO     | [SUCCESS] Day 07MAR
2026-01-25 07:38:17 | INFO     | [DAY_START] Processing 06MAR
2026-01-25 07:38:17 | INFO     | [lf.day.start] Processing MED-CAI for 06MAR
2026-01-25 07:38:18 | WARNING  | [lf.day.no_flights] No direct flights on 06MAR
2026-01-25 07:38:18 | INFO     | [SUCCESS] Day 06MAR
2026-01-25 07:38:18 | INFO     | [DAY_START] Processing 05MAR
2026-01-25 07:38:18 | INFO     | [lf.day.start] Processing MED-CAI for 05MAR
2026-01-25 07:38:19 | INFO     | [lf.day.flights_found] Found 1 flights on 05MAR
2026-01-25 07:38:21 | INFO     | [lf.flight.extracted] SM494 on 05MAR: BKG=63, LF=36.6%
2026-01-25 07:38:25 | INFO     | [SUCCESS] Day 05MAR
2026-01-25 07:38:25 | INFO     | [DAY_START] Processing 04MAR
2026-01-25 07:38:25 | INFO     | [lf.day.start] Processing MED-CAI for 04MAR
2026-01-25 07:38:42 | WARNING  | [lf.day.no_flights] No direct flights on 04MAR
2026-01-25 07:38:42 | INFO     | [SUCCESS] Day 04MAR
2026-01-25 07:38:42 | INFO     | [SUCCESS] LF Search Complete
2026-01-25 07:38:42 | INFO     | [Worker_9223] Completed: MED-CAI - 8 results, 0 errors
2026-01-25 07:38:42 | INFO     | [Worker_9223] Processing: DMM-CAI
2026-01-25 07:38:42 | INFO     |   Tier 0: Range 2, Chunk 3/4 (8 days)
