2026-01-25 07:26:47 | INFO     | ======================================================================
2026-01-25 07:26:47 | INFO     | Load Factor Scraper Started - Route: MED-ATZ
2026-01-25 07:26:47 | INFO     | Log file: D:\CODERED\LAB\Artifacts\outputs\run_generated_250126_at_07.06\logs\LF_MED-ATZ_20260125_072647.log
2026-01-25 07:26:47 | INFO     | Enhanced logging: Capturing both logging.info() and print()
2026-01-25 07:26:47 | INFO     | ======================================================================
2026-01-25 07:26:47 | INFO     | Starting LF search for route: MED-ATZ
2026-01-25 07:26:47 | INFO     | [START] LF Search
2026-01-25 07:26:48 | INFO     | [HEALTH CHECK] [OK] Chrome connection is healthy
2026-01-25 07:26:48 | INFO     | [DAY_START] Processing 04APR
2026-01-25 07:26:48 | INFO     | [lf.day.start] Processing MED-ATZ for 04APR
2026-01-25 07:26:49 | WARNING  | [lf.day.no_flights] No direct flights on 04APR
2026-01-25 07:26:49 | INFO     | [SUCCESS] Day 04APR
2026-01-25 07:26:49 | INFO     | [DAY_START] Processing 03APR
2026-01-25 07:26:49 | INFO     | [lf.day.start] Processing MED-ATZ for 03APR
2026-01-25 07:26:50 | WARNING  | [lf.day.no_flights] No direct flights on 03APR
2026-01-25 07:26:50 | INFO     | [SUCCESS] Day 03APR
2026-01-25 07:26:50 | INFO     | [DAY_START] Processing 02APR
2026-01-25 07:26:50 | INFO     | [lf.day.start] Processing MED-ATZ for 02APR
2026-01-25 07:26:51 | WARNING  | [lf.day.no_flights] No direct flights on 02APR
2026-01-25 07:26:51 | INFO     | [SUCCESS] Day 02APR
2026-01-25 07:26:51 | INFO     | [DAY_START] Processing 01APR
2026-01-25 07:26:51 | INFO     | [lf.day.start] Processing MED-ATZ for 01APR
2026-01-25 07:26:52 | WARNING  | [lf.day.no_flights] No direct flights on 01APR
2026-01-25 07:26:52 | INFO     | [SUCCESS] Day 01APR
2026-01-25 07:26:52 | INFO     | [DAY_START] Processing 31MAR
2026-01-25 07:26:52 | INFO     | [lf.day.start] Processing MED-ATZ for 31MAR
2026-01-25 07:26:53 | WARNING  | [lf.day.no_flights] No direct flights on 31MAR
2026-01-25 07:26:53 | INFO     | [SUCCESS] Day 31MAR
2026-01-25 07:26:53 | INFO     | [DAY_START] Processing 30MAR
2026-01-25 07:26:53 | INFO     | [lf.day.start] Processing MED-ATZ for 30MAR
2026-01-25 07:26:55 | WARNING  | [lf.day.no_flights] No direct flights on 30MAR
2026-01-25 07:26:55 | INFO     | [SUCCESS] Day 30MAR
2026-01-25 07:26:55 | INFO     | [DAY_START] Processing 29MAR
2026-01-25 07:26:55 | INFO     | [lf.day.start] Processing MED-ATZ for 29MAR
2026-01-25 07:26:56 | INFO     | [lf.day.flights_found] Found 1 flights on 29MAR
2026-01-25 07:26:58 | INFO     | [lf.flight.extracted] SM488 on 29MAR: BKG=168, LF=96.0%
2026-01-25 07:27:01 | INFO     | [SUCCESS] Day 29MAR
2026-01-25 07:27:01 | INFO     | [DAY_START] Processing 28MAR
2026-01-25 07:27:01 | INFO     | [lf.day.start] Processing MED-ATZ for 28MAR
2026-01-25 07:27:02 | INFO     | [lf.day.flights_found] Found 1 flights on 28MAR
2026-01-25 07:27:04 | INFO     | [lf.flight.extracted] SM488 on 28MAR: BKG=183, LF=104.6%
2026-01-25 07:27:07 | INFO     | [SUCCESS] Day 28MAR
2026-01-25 07:27:07 | INFO     | [SUCCESS] LF Search Complete
2026-01-25 07:27:07 | INFO     | [Worker_9225] Completed: MED-ATZ - 8 results, 0 errors
2026-01-25 07:27:07 | INFO     | [Worker_9225] Processing: RUH-CAI
2026-01-25 07:27:07 | INFO     |   Tier 0: Range 3, Chunk 4/4 (8 days)
