2026-01-25 07:37:54 | INFO     | ======================================================================
2026-01-25 07:37:54 | INFO     | Load Factor Scraper Started - Route: MED-HBE
2026-01-25 07:37:54 | INFO     | Log file: D:\CODERED\LAB\Artifacts\outputs\run_generated_250126_at_07.06\logs\LF_MED-HBE_20260125_073754.log
2026-01-25 07:37:54 | INFO     | Enhanced logging: Capturing both logging.info() and print()
2026-01-25 07:37:54 | INFO     | ======================================================================
2026-01-25 07:37:54 | INFO     | Starting LF search for route: MED-HBE
2026-01-25 07:37:54 | INFO     | [START] LF Search
2026-01-25 07:37:54 | INFO     | [HEALTH CHECK] [OK] Chrome connection is healthy
2026-01-25 07:37:54 | INFO     | [DAY_START] Processing 11MAR
2026-01-25 07:37:54 | INFO     | [lf.day.start] Processing MED-HBE for 11MAR
2026-01-25 07:37:55 | INFO     | [lf.day.flights_found] Found 1 flights on 11MAR
2026-01-25 07:37:57 | INFO     | [lf.flight.extracted] SM486 on 11MAR: BKG=24, LF=13.7%
2026-01-25 07:38:01 | INFO     | [SUCCESS] Day 11MAR
2026-01-25 07:38:01 | INFO     | [DAY_START] Processing 10MAR
2026-01-25 07:38:01 | INFO     | [lf.day.start] Processing MED-HBE for 10MAR
2026-01-25 07:38:02 | INFO     | [lf.day.flights_found] Found 1 flights on 10MAR
2026-01-25 07:38:04 | INFO     | [lf.flight.extracted] SM486 on 10MAR: BKG=17, LF=9.7%
2026-01-25 07:38:06 | INFO     | [SUCCESS] Day 10MAR
2026-01-25 07:38:06 | INFO     | [DAY_START] Processing 09MAR
2026-01-25 07:38:06 | INFO     | [lf.day.start] Processing MED-HBE for 09MAR
2026-01-25 07:38:07 | WARNING  | [lf.day.no_flights] No direct flights on 09MAR
2026-01-25 07:38:07 | INFO     | [SUCCESS] Day 09MAR
2026-01-25 07:38:07 | INFO     | [DAY_START] Processing 08MAR
2026-01-25 07:38:07 | INFO     | [lf.day.start] Processing MED-HBE for 08MAR
2026-01-25 07:38:09 | INFO     | [lf.day.flights_found] Found 1 flights on 08MAR
2026-01-25 07:38:10 | INFO     | [lf.flight.extracted] SM486 on 08MAR: BKG=60, LF=34.3%
2026-01-25 07:38:13 | INFO     | [SUCCESS] Day 08MAR
2026-01-25 07:38:13 | INFO     | [DAY_START] Processing 07MAR
2026-01-25 07:38:13 | INFO     | [lf.day.start] Processing MED-HBE for 07MAR
2026-01-25 07:38:14 | WARNING  | [lf.day.no_flights] No direct flights on 07MAR
2026-01-25 07:38:14 | INFO     | [SUCCESS] Day 07MAR
2026-01-25 07:38:14 | INFO     | [DAY_START] Processing 06MAR
2026-01-25 07:38:14 | INFO     | [lf.day.start] Processing MED-HBE for 06MAR
2026-01-25 07:38:15 | WARNING  | [lf.day.no_flights] No direct flights on 06MAR
2026-01-25 07:38:15 | INFO     | [SUCCESS] Day 06MAR
2026-01-25 07:38:15 | INFO     | [DAY_START] Processing 05MAR
2026-01-25 07:38:15 | INFO     | [lf.day.start] Processing MED-HBE for 05MAR
2026-01-25 07:38:16 | INFO     | [lf.day.flights_found] Found 1 flights on 05MAR
2026-01-25 07:38:18 | INFO     | [lf.flight.extracted] SM486 on 05MAR: BKG=44, LF=25.1%
2026-01-25 07:38:22 | INFO     | [SUCCESS] Day 05MAR
2026-01-25 07:38:22 | INFO     | [DAY_START] Processing 04MAR
2026-01-25 07:38:22 | INFO     | [lf.day.start] Processing MED-HBE for 04MAR
2026-01-25 07:38:23 | INFO     | [lf.day.flights_found] Found 1 flights on 04MAR
2026-01-25 07:38:25 | INFO     | [lf.flight.extracted] SM486 on 04MAR: BKG=24, LF=14.4%
2026-01-25 07:38:28 | INFO     | [SUCCESS] Day 04MAR
2026-01-25 07:38:28 | INFO     | [SUCCESS] LF Search Complete
2026-01-25 07:38:28 | INFO     | [Worker_9222] Completed: MED-HBE - 8 results, 0 errors
2026-01-25 07:38:28 | INFO     | [Worker_9222] Processing: JED-ASW
2026-01-25 07:38:28 | INFO     |   Tier 0: Range 2, Chunk 3/4 (8 days)
