2026-01-25 07:16:46 | INFO     | ======================================================================
2026-01-25 07:16:46 | INFO     | Load Factor Scraper Started - Route: MED-CAI
2026-01-25 07:16:46 | INFO     | Log file: D:\CODERED\LAB\Artifacts\outputs\run_generated_250126_at_07.06\logs\LF_MED-CAI_20260125_071646.log
2026-01-25 07:16:46 | INFO     | Enhanced logging: Capturing both logging.info() and print()
2026-01-25 07:16:46 | INFO     | ======================================================================
2026-01-25 07:16:46 | INFO     | Starting LF search for route: MED-CAI
2026-01-25 07:16:46 | INFO     | [START] LF Search
2026-01-25 07:16:47 | INFO     | [HEALTH CHECK] [OK] Chrome connection is healthy
2026-01-25 07:16:47 | INFO     | [DAY_START] Processing 06MAY
2026-01-25 07:16:47 | INFO     | [lf.day.start] Processing MED-CAI for 06MAY
2026-01-25 07:16:48 | INFO     | [lf.day.flights_found] Found 1 flights on 06MAY
2026-01-25 07:16:50 | INFO     | [lf.flight.extracted] SM494 on 06MAY: BKG=0, LF=0.0%
2026-01-25 07:16:51 | INFO     | [SUCCESS] Day 06MAY
2026-01-25 07:16:51 | INFO     | [DAY_START] Processing 05MAY
2026-01-25 07:16:51 | INFO     | [lf.day.start] Processing MED-CAI for 05MAY
2026-01-25 07:16:52 | INFO     | [lf.day.flights_found] Found 1 flights on 05MAY
2026-01-25 07:16:54 | INFO     | [lf.flight.extracted] SM494 on 05MAY: BKG=0, LF=0.0%
2026-01-25 07:16:56 | INFO     | [SUCCESS] Day 05MAY
2026-01-25 07:16:56 | INFO     | [DAY_START] Processing 04MAY
2026-01-25 07:16:56 | INFO     | [lf.day.start] Processing MED-CAI for 04MAY
2026-01-25 07:16:57 | INFO     | [lf.day.flights_found] Found 1 flights on 04MAY
2026-01-25 07:16:59 | INFO     | [lf.flight.extracted] SM494 on 04MAY: BKG=0, LF=0.0%
2026-01-25 07:17:01 | INFO     | [SUCCESS] Day 04MAY
2026-01-25 07:17:01 | INFO     | [DAY_START] Processing 03MAY
2026-01-25 07:17:01 | INFO     | [lf.day.start] Processing MED-CAI for 03MAY
2026-01-25 07:17:02 | WARNING  | [lf.day.no_flights] No direct flights on 03MAY
2026-01-25 07:17:02 | INFO     | [SUCCESS] Day 03MAY
2026-01-25 07:17:02 | INFO     | [DAY_START] Processing 02MAY
2026-01-25 07:17:02 | INFO     | [lf.day.start] Processing MED-CAI for 02MAY
2026-01-25 07:17:03 | WARNING  | [lf.day.no_flights] No direct flights on 02MAY
2026-01-25 07:17:03 | INFO     | [SUCCESS] Day 02MAY
2026-01-25 07:17:03 | INFO     | [DAY_START] Processing 01MAY
2026-01-25 07:17:03 | INFO     | [lf.day.start] Processing MED-CAI for 01MAY
2026-01-25 07:17:04 | WARNING  | [lf.day.no_flights] No direct flights on 01MAY
2026-01-25 07:17:04 | INFO     | [SUCCESS] Day 01MAY
2026-01-25 07:17:04 | INFO     | [DAY_START] Processing 30APR
2026-01-25 07:17:04 | INFO     | [lf.day.start] Processing MED-CAI for 30APR
2026-01-25 07:17:06 | INFO     | [lf.day.flights_found] Found 1 flights on 30APR
2026-01-25 07:17:08 | INFO     | [lf.flight.extracted] SM494 on 30APR: BKG=2, LF=1.1%
2026-01-25 07:17:10 | INFO     | [SUCCESS] Day 30APR
2026-01-25 07:17:10 | INFO     | [DAY_START] Processing 29APR
2026-01-25 07:17:10 | INFO     | [lf.day.start] Processing MED-CAI for 29APR
2026-01-25 07:17:12 | INFO     | [lf.day.flights_found] Found 1 flights on 29APR
2026-01-25 07:17:14 | INFO     | [lf.flight.extracted] SM494 on 29APR: BKG=0, LF=0.0%
2026-01-25 07:17:16 | INFO     | [SUCCESS] Day 29APR
2026-01-25 07:17:16 | INFO     | [SUCCESS] LF Search Complete
2026-01-25 07:17:16 | INFO     | [Worker_9232] Completed: MED-CAI - 8 results, 0 errors
2026-01-25 07:17:16 | INFO     | [Worker_9232] Processing: JED-ASW
2026-01-25 07:17:16 | INFO     |   Tier 0: Range 4, Chunk 4/4 (8 days)
