2026-01-25 07:21:42 | INFO     | ======================================================================
2026-01-25 07:21:42 | INFO     | Load Factor Scraper Started - Route: MED-ATZ
2026-01-25 07:21:42 | INFO     | Log file: D:\CODERED\LAB\Artifacts\outputs\run_generated_250126_at_07.06\logs\LF_MED-ATZ_20260125_072142.log
2026-01-25 07:21:42 | INFO     | Enhanced logging: Capturing both logging.info() and print()
2026-01-25 07:21:42 | INFO     | ======================================================================
2026-01-25 07:21:42 | INFO     | Starting LF search for route: MED-ATZ
2026-01-25 07:21:42 | INFO     | [START] LF Search
2026-01-25 07:21:42 | INFO     | [HEALTH CHECK] [OK] Chrome connection is healthy
2026-01-25 07:21:42 | INFO     | [DAY_START] Processing 20APR
2026-01-25 07:21:42 | INFO     | [lf.day.start] Processing MED-ATZ for 20APR
2026-01-25 07:21:43 | WARNING  | [lf.day.no_flights] No direct flights on 20APR
2026-01-25 07:21:43 | INFO     | [SUCCESS] Day 20APR
2026-01-25 07:21:43 | INFO     | [DAY_START] Processing 19APR
2026-01-25 07:21:43 | INFO     | [lf.day.start] Processing MED-ATZ for 19APR
2026-01-25 07:21:45 | INFO     | [lf.day.flights_found] Found 1 flights on 19APR
2026-01-25 07:21:47 | INFO     | [lf.flight.extracted] SM488 on 19APR: BKG=1, LF=0.6%
2026-01-25 07:21:50 | INFO     | [SUCCESS] Day 19APR
2026-01-25 07:21:50 | INFO     | [DAY_START] Processing 18APR
2026-01-25 07:21:50 | INFO     | [lf.day.start] Processing MED-ATZ for 18APR
2026-01-25 07:21:51 | WARNING  | [lf.day.no_flights] No direct flights on 18APR
2026-01-25 07:21:51 | INFO     | [SUCCESS] Day 18APR
2026-01-25 07:21:51 | INFO     | [DAY_START] Processing 17APR
2026-01-25 07:21:51 | INFO     | [lf.day.start] Processing MED-ATZ for 17APR
2026-01-25 07:21:52 | WARNING  | [lf.day.no_flights] No direct flights on 17APR
2026-01-25 07:21:52 | INFO     | [SUCCESS] Day 17APR
2026-01-25 07:21:52 | INFO     | [DAY_START] Processing 16APR
2026-01-25 07:21:52 | INFO     | [lf.day.start] Processing MED-ATZ for 16APR
2026-01-25 07:21:53 | WARNING  | [lf.day.no_flights] No direct flights on 16APR
2026-01-25 07:21:53 | INFO     | [SUCCESS] Day 16APR
2026-01-25 07:21:53 | INFO     | [DAY_START] Processing 15APR
2026-01-25 07:21:53 | INFO     | [lf.day.start] Processing MED-ATZ for 15APR
2026-01-25 07:21:54 | WARNING  | [lf.day.no_flights] No direct flights on 15APR
2026-01-25 07:21:54 | INFO     | [SUCCESS] Day 15APR
2026-01-25 07:21:54 | INFO     | [DAY_START] Processing 14APR
2026-01-25 07:21:54 | INFO     | [lf.day.start] Processing MED-ATZ for 14APR
2026-01-25 07:21:56 | WARNING  | [lf.day.no_flights] No direct flights on 14APR
2026-01-25 07:21:56 | INFO     | [SUCCESS] Day 14APR
2026-01-25 07:21:56 | INFO     | [DAY_START] Processing 13APR
2026-01-25 07:21:56 | INFO     | [lf.day.start] Processing MED-ATZ for 13APR
2026-01-25 07:21:57 | WARNING  | [lf.day.no_flights] No direct flights on 13APR
2026-01-25 07:21:57 | INFO     | [SUCCESS] Day 13APR
2026-01-25 07:21:57 | INFO     | [SUCCESS] LF Search Complete
2026-01-25 07:21:57 | INFO     | [Worker_9225] Completed: MED-ATZ - 8 results, 0 errors
2026-01-25 07:21:57 | INFO     | [Worker_9225] Processing: JED-LXR
2026-01-25 07:21:57 | INFO     |   Tier 0: Range 3, Chunk 2/4 (8 days)
