2026-01-25 07:16:48 | INFO     | ======================================================================
2026-01-25 07:16:48 | INFO     | Load Factor Scraper Started - Route: MED-ATZ
2026-01-25 07:16:48 | INFO     | Log file: D:\CODERED\LAB\Artifacts\outputs\run_generated_250126_at_07.06\logs\LF_MED-ATZ_20260125_071648.log
2026-01-25 07:16:48 | INFO     | Enhanced logging: Capturing both logging.info() and print()
2026-01-25 07:16:48 | INFO     | ======================================================================
2026-01-25 07:16:48 | INFO     | Starting LF search for route: MED-ATZ
2026-01-25 07:16:48 | INFO     | [START] LF Search
2026-01-25 07:16:49 | INFO     | [HEALTH CHECK] [OK] Chrome connection is healthy
2026-01-25 07:16:49 | INFO     | [DAY_START] Processing 06MAY
2026-01-25 07:16:49 | INFO     | [lf.day.start] Processing MED-ATZ for 06MAY
2026-01-25 07:16:50 | WARNING  | [lf.day.no_flights] No direct flights on 06MAY
2026-01-25 07:16:50 | INFO     | [SUCCESS] Day 06MAY
2026-01-25 07:16:50 | INFO     | [DAY_START] Processing 05MAY
2026-01-25 07:16:50 | INFO     | [lf.day.start] Processing MED-ATZ for 05MAY
2026-01-25 07:16:51 | WARNING  | [lf.day.no_flights] No direct flights on 05MAY
2026-01-25 07:16:51 | INFO     | [SUCCESS] Day 05MAY
2026-01-25 07:16:51 | INFO     | [DAY_START] Processing 04MAY
2026-01-25 07:16:51 | INFO     | [lf.day.start] Processing MED-ATZ for 04MAY
2026-01-25 07:16:52 | WARNING  | [lf.day.no_flights] No direct flights on 04MAY
2026-01-25 07:16:52 | INFO     | [SUCCESS] Day 04MAY
2026-01-25 07:16:52 | INFO     | [DAY_START] Processing 03MAY
2026-01-25 07:16:52 | INFO     | [lf.day.start] Processing MED-ATZ for 03MAY
2026-01-25 07:16:54 | INFO     | [lf.day.flights_found] Found 1 flights on 03MAY
2026-01-25 07:16:56 | INFO     | [lf.flight.extracted] SM488 on 03MAY: BKG=0, LF=0.0%
2026-01-25 07:16:57 | INFO     | [SUCCESS] Day 03MAY
2026-01-25 07:16:57 | INFO     | [DAY_START] Processing 02MAY
2026-01-25 07:16:57 | INFO     | [lf.day.start] Processing MED-ATZ for 02MAY
2026-01-25 07:16:58 | WARNING  | [lf.day.no_flights] No direct flights on 02MAY
2026-01-25 07:16:58 | INFO     | [SUCCESS] Day 02MAY
2026-01-25 07:16:58 | INFO     | [DAY_START] Processing 01MAY
2026-01-25 07:16:58 | INFO     | [lf.day.start] Processing MED-ATZ for 01MAY
2026-01-25 07:16:59 | WARNING  | [lf.day.no_flights] No direct flights on 01MAY
2026-01-25 07:16:59 | INFO     | [SUCCESS] Day 01MAY
2026-01-25 07:16:59 | INFO     | [DAY_START] Processing 30APR
2026-01-25 07:16:59 | INFO     | [lf.day.start] Processing MED-ATZ for 30APR
2026-01-25 07:17:00 | WARNING  | [lf.day.no_flights] No direct flights on 30APR
2026-01-25 07:17:00 | INFO     | [SUCCESS] Day 30APR
2026-01-25 07:17:00 | INFO     | [DAY_START] Processing 29APR
2026-01-25 07:17:00 | INFO     | [lf.day.start] Processing MED-ATZ for 29APR
2026-01-25 07:17:01 | WARNING  | [lf.day.no_flights] No direct flights on 29APR
2026-01-25 07:17:01 | INFO     | [SUCCESS] Day 29APR
2026-01-25 07:17:01 | INFO     | [SUCCESS] LF Search Complete
2026-01-25 07:17:01 | INFO     | [Worker_9224] Completed: MED-ATZ - 8 results, 0 errors
2026-01-25 07:17:01 | INFO     | [Worker_9224] Processing: JED-HBE
2026-01-25 07:17:01 | INFO     |   Tier 0: Range 4, Chunk 4/4 (8 days)
