2026-01-25 07:38:31 | INFO     | ======================================================================
2026-01-25 07:38:31 | INFO     | Load Factor Scraper Started - Route: RUH-CAI
2026-01-25 07:38:31 | INFO     | Log file: D:\CODERED\LAB\Artifacts\outputs\run_generated_250126_at_07.06\logs\LF_RUH-CAI_20260125_073831.log
2026-01-25 07:38:31 | INFO     | Enhanced logging: Capturing both logging.info() and print()
2026-01-25 07:38:31 | INFO     | ======================================================================
2026-01-25 07:38:31 | INFO     | Starting LF search for route: RUH-CAI
2026-01-25 07:38:31 | INFO     | [START] LF Search
2026-01-25 07:38:32 | INFO     | [HEALTH CHECK] [OK] Chrome connection is healthy
2026-01-25 07:38:32 | INFO     | [DAY_START] Processing 11MAR
2026-01-25 07:38:32 | INFO     | [lf.day.start] Processing RUH-CAI for 11MAR
2026-01-25 07:38:33 | INFO     | [lf.day.flights_found] Found 2 flights on 11MAR
2026-01-25 07:38:35 | INFO     | [lf.flight.extracted] SM462 on 11MAR: BKG=54, LF=30.9%
2026-01-25 07:38:38 | INFO     | [lf.flight.extracted] SM470 on 11MAR: BKG=34, LF=20.4%
2026-01-25 07:38:45 | INFO     | [SUCCESS] Day 11MAR
2026-01-25 07:38:45 | INFO     | [DAY_START] Processing 10MAR
2026-01-25 07:38:45 | INFO     | [lf.day.start] Processing RUH-CAI for 10MAR
2026-01-25 07:38:46 | INFO     | [lf.day.flights_found] Found 1 flights on 10MAR
2026-01-25 07:38:48 | INFO     | [lf.flight.extracted] SM470 on 10MAR: BKG=36, LF=21.6%
2026-01-25 07:38:52 | INFO     | [SUCCESS] Day 10MAR
2026-01-25 07:38:52 | INFO     | [DAY_START] Processing 09MAR
2026-01-25 07:38:52 | INFO     | [lf.day.start] Processing RUH-CAI for 09MAR
2026-01-25 07:38:53 | INFO     | [lf.day.flights_found] Found 1 flights on 09MAR
2026-01-25 07:38:55 | INFO     | [lf.flight.extracted] SM470 on 09MAR: BKG=23, LF=13.8%
2026-01-25 07:39:00 | INFO     | [SUCCESS] Day 09MAR
2026-01-25 07:39:00 | INFO     | [DAY_START] Processing 08MAR
2026-01-25 07:39:00 | INFO     | [lf.day.start] Processing RUH-CAI for 08MAR
2026-01-25 07:39:02 | INFO     | [lf.day.flights_found] Found 1 flights on 08MAR
2026-01-25 07:39:04 | INFO     | [lf.flight.extracted] SM462 on 08MAR: BKG=24, LF=13.7%
2026-01-25 07:39:07 | INFO     | [SUCCESS] Day 08MAR
2026-01-25 07:39:07 | INFO     | [DAY_START] Processing 07MAR
2026-01-25 07:39:07 | INFO     | [lf.day.start] Processing RUH-CAI for 07MAR
2026-01-25 07:39:08 | INFO     | [lf.day.flights_found] Found 1 flights on 07MAR
2026-01-25 07:39:10 | INFO     | [lf.flight.extracted] SM462 on 07MAR: BKG=20, LF=11.4%
2026-01-25 07:39:16 | INFO     | [SUCCESS] Day 07MAR
2026-01-25 07:39:16 | INFO     | [DAY_START] Processing 06MAR
2026-01-25 07:39:16 | INFO     | [lf.day.start] Processing RUH-CAI for 06MAR
2026-01-25 07:39:18 | INFO     | [lf.day.flights_found] Found 2 flights on 06MAR
2026-01-25 07:39:20 | INFO     | [lf.flight.extracted] SM462 on 06MAR: BKG=41, LF=23.4%
2026-01-25 07:39:24 | INFO     | [lf.flight.extracted] SM470 on 06MAR: BKG=37, LF=22.2%
2026-01-25 07:39:31 | INFO     | [SUCCESS] Day 06MAR
2026-01-25 07:39:31 | INFO     | [DAY_START] Processing 05MAR
2026-01-25 07:39:31 | INFO     | [lf.day.start] Processing RUH-CAI for 05MAR
2026-01-25 07:39:32 | INFO     | [lf.day.flights_found] Found 1 flights on 05MAR
2026-01-25 07:39:35 | INFO     | [lf.flight.extracted] SM462 on 05MAR: BKG=46, LF=26.3%
2026-01-25 07:39:39 | INFO     | [SUCCESS] Day 05MAR
2026-01-25 07:39:39 | INFO     | [DAY_START] Processing 04MAR
2026-01-25 07:39:39 | INFO     | [lf.day.start] Processing RUH-CAI for 04MAR
2026-01-25 07:39:40 | INFO     | [lf.day.flights_found] Found 2 flights on 04MAR
2026-01-25 07:39:43 | INFO     | [lf.flight.extracted] SM462 on 04MAR: BKG=20, LF=11.4%
2026-01-25 07:39:47 | INFO     | [lf.flight.extracted] SM470 on 04MAR: BKG=23, LF=13.8%
2026-01-25 07:39:55 | INFO     | [SUCCESS] Day 04MAR
2026-01-25 07:39:55 | INFO     | [SUCCESS] LF Search Complete
2026-01-25 07:39:55 | INFO     | [Worker_9226] Completed: RUH-CAI - 8 results, 0 errors
2026-01-25 07:39:55 | INFO     | [Worker_9226] Processing: HBE-MED
2026-01-25 07:39:55 | INFO     |   Tier 0: Range 2, Chunk 3/4 (8 days)
