2026-01-25 07:42:32 | INFO     | ======================================================================
2026-01-25 07:42:32 | INFO     | Load Factor Scraper Started - Route: RUH-CAI
2026-01-25 07:42:32 | INFO     | Log file: D:\CODERED\LAB\Artifacts\outputs\run_generated_250126_at_07.06\logs\LF_RUH-CAI_20260125_074232.log
2026-01-25 07:42:32 | INFO     | Enhanced logging: Capturing both logging.info() and print()
2026-01-25 07:42:32 | INFO     | ======================================================================
2026-01-25 07:42:32 | INFO     | Starting LF search for route: RUH-CAI
2026-01-25 07:42:32 | INFO     | [START] LF Search
2026-01-25 07:42:33 | INFO     | [HEALTH CHECK] [OK] Chrome connection is healthy
2026-01-25 07:42:33 | INFO     | [DAY_START] Processing 03MAR
2026-01-25 07:42:33 | INFO     | [lf.day.start] Processing RUH-CAI for 03MAR
2026-01-25 07:42:35 | INFO     | [lf.day.flights_found] Found 1 flights on 03MAR
2026-01-25 07:42:37 | INFO     | [lf.flight.extracted] SM470 on 03MAR: BKG=13, LF=7.8%
2026-01-25 07:42:40 | INFO     | [SUCCESS] Day 03MAR
2026-01-25 07:42:40 | INFO     | [DAY_START] Processing 02MAR
2026-01-25 07:42:40 | INFO     | [lf.day.start] Processing RUH-CAI for 02MAR
2026-01-25 07:42:41 | INFO     | [lf.day.flights_found] Found 1 flights on 02MAR
2026-01-25 07:42:43 | INFO     | [lf.flight.extracted] SM470 on 02MAR: BKG=12, LF=7.2%
2026-01-25 07:42:46 | INFO     | [SUCCESS] Day 02MAR
2026-01-25 07:42:46 | INFO     | [DAY_START] Processing 01MAR
2026-01-25 07:42:46 | INFO     | [lf.day.start] Processing RUH-CAI for 01MAR
2026-01-25 07:42:47 | INFO     | [lf.day.flights_found] Found 1 flights on 01MAR
2026-01-25 07:42:49 | INFO     | [lf.flight.extracted] SM462 on 01MAR: BKG=12, LF=6.9%
2026-01-25 07:42:52 | INFO     | [SUCCESS] Day 01MAR
2026-01-25 07:42:52 | INFO     | [DAY_START] Processing 28FEB
2026-01-25 07:42:52 | INFO     | [lf.day.start] Processing RUH-CAI for 28FEB
2026-01-25 07:42:54 | INFO     | [lf.day.flights_found] Found 1 flights on 28FEB
2026-01-25 07:42:56 | INFO     | [lf.flight.extracted] SM462 on 28FEB: BKG=24, LF=13.7%
2026-01-25 07:43:01 | INFO     | [SUCCESS] Day 28FEB
2026-01-25 07:43:01 | INFO     | [DAY_START] Processing 27FEB
2026-01-25 07:43:01 | INFO     | [lf.day.start] Processing RUH-CAI for 27FEB
2026-01-25 07:43:03 | INFO     | [lf.day.flights_found] Found 2 flights on 27FEB
2026-01-25 07:43:05 | INFO     | [lf.flight.extracted] SM462 on 27FEB: BKG=28, LF=16.0%
2026-01-25 07:43:08 | INFO     | [lf.flight.extracted] SM470 on 27FEB: BKG=34, LF=20.4%
2026-01-25 07:43:15 | INFO     | [SUCCESS] Day 27FEB
2026-01-25 07:43:15 | INFO     | [DAY_START] Processing 26FEB
2026-01-25 07:43:15 | INFO     | [lf.day.start] Processing RUH-CAI for 26FEB
2026-01-25 07:43:16 | INFO     | [lf.day.flights_found] Found 1 flights on 26FEB
2026-01-25 07:43:18 | INFO     | [lf.flight.extracted] SM462 on 26FEB: BKG=13, LF=7.4%
2026-01-25 07:43:21 | INFO     | [SUCCESS] Day 26FEB
2026-01-25 07:43:21 | INFO     | [DAY_START] Processing 25FEB
2026-01-25 07:43:21 | INFO     | [lf.day.start] Processing RUH-CAI for 25FEB
2026-01-25 07:43:22 | INFO     | [lf.day.flights_found] Found 2 flights on 25FEB
2026-01-25 07:43:24 | INFO     | [lf.flight.extracted] SM462 on 25FEB: BKG=23, LF=13.1%
2026-01-25 07:43:27 | INFO     | [lf.flight.extracted] SM470 on 25FEB: BKG=31, LF=18.6%
2026-01-25 07:43:34 | INFO     | [SUCCESS] Day 25FEB
2026-01-25 07:43:34 | INFO     | [SUCCESS] LF Search Complete
2026-01-25 07:43:40 | INFO     | [Worker_9233] Completed: RUH-CAI - 7 results, 0 errors
2026-01-25 07:43:40 | INFO     | [Worker_9233] Processing: GIZ-CAI
2026-01-25 07:43:40 | INFO     |   Tier 0: Range 2, Chunk 4/4 (7 days)
