2026-01-25 07:21:58 | INFO     | ======================================================================
2026-01-25 07:21:58 | INFO     | Load Factor Scraper Started - Route: RUH-CAI
2026-01-25 07:21:58 | INFO     | Log file: D:\CODERED\LAB\Artifacts\outputs\run_generated_250126_at_07.06\logs\LF_RUH-CAI_20260125_072158.log
2026-01-25 07:21:58 | INFO     | Enhanced logging: Capturing both logging.info() and print()
2026-01-25 07:21:58 | INFO     | ======================================================================
2026-01-25 07:21:58 | INFO     | Starting LF search for route: RUH-CAI
2026-01-25 07:21:58 | INFO     | [START] LF Search
2026-01-25 07:21:58 | INFO     | [HEALTH CHECK] [OK] Chrome connection is healthy
2026-01-25 07:21:58 | INFO     | [DAY_START] Processing 20APR
2026-01-25 07:21:58 | INFO     | [lf.day.start] Processing RUH-CAI for 20APR
2026-01-25 07:21:59 | INFO     | [lf.day.flights_found] Found 1 flights on 20APR
2026-01-25 07:22:01 | INFO     | [lf.flight.extracted] SM462 on 20APR: BKG=0, LF=0.0%
2026-01-25 07:22:03 | INFO     | [SUCCESS] Day 20APR
2026-01-25 07:22:03 | INFO     | [DAY_START] Processing 19APR
2026-01-25 07:22:03 | INFO     | [lf.day.start] Processing RUH-CAI for 19APR
2026-01-25 07:22:04 | INFO     | [lf.day.flights_found] Found 1 flights on 19APR
2026-01-25 07:22:06 | INFO     | [lf.flight.extracted] SM462 on 19APR: BKG=0, LF=0.0%
2026-01-25 07:22:07 | INFO     | [SUCCESS] Day 19APR
2026-01-25 07:22:07 | INFO     | [DAY_START] Processing 18APR
2026-01-25 07:22:07 | INFO     | [lf.day.start] Processing RUH-CAI for 18APR
2026-01-25 07:22:09 | INFO     | [lf.day.flights_found] Found 1 flights on 18APR
2026-01-25 07:22:10 | INFO     | [lf.flight.extracted] SM462 on 18APR: BKG=0, LF=0.0%
2026-01-25 07:22:12 | INFO     | [SUCCESS] Day 18APR
2026-01-25 07:22:12 | INFO     | [DAY_START] Processing 17APR
2026-01-25 07:22:12 | INFO     | [lf.day.start] Processing RUH-CAI for 17APR
2026-01-25 07:22:13 | INFO     | [lf.day.flights_found] Found 1 flights on 17APR
2026-01-25 07:22:15 | INFO     | [lf.flight.extracted] SM462 on 17APR: BKG=0, LF=0.0%
2026-01-25 07:22:16 | INFO     | [SUCCESS] Day 17APR
2026-01-25 07:22:16 | INFO     | [DAY_START] Processing 16APR
2026-01-25 07:22:16 | INFO     | [lf.day.start] Processing RUH-CAI for 16APR
2026-01-25 07:22:17 | INFO     | [lf.day.flights_found] Found 1 flights on 16APR
2026-01-25 07:22:19 | INFO     | [lf.flight.extracted] SM462 on 16APR: BKG=0, LF=0.0%
2026-01-25 07:22:20 | INFO     | [SUCCESS] Day 16APR
2026-01-25 07:22:20 | INFO     | [DAY_START] Processing 15APR
2026-01-25 07:22:20 | INFO     | [lf.day.start] Processing RUH-CAI for 15APR
2026-01-25 07:22:22 | INFO     | [lf.day.flights_found] Found 1 flights on 15APR
2026-01-25 07:22:23 | INFO     | [lf.flight.extracted] SM462 on 15APR: BKG=0, LF=0.0%
2026-01-25 07:22:25 | INFO     | [SUCCESS] Day 15APR
2026-01-25 07:22:25 | INFO     | [DAY_START] Processing 14APR
2026-01-25 07:22:25 | INFO     | [lf.day.start] Processing RUH-CAI for 14APR
2026-01-25 07:22:26 | INFO     | [lf.day.flights_found] Found 1 flights on 14APR
2026-01-25 07:22:28 | INFO     | [lf.flight.extracted] SM462 on 14APR: BKG=0, LF=0.0%
2026-01-25 07:22:29 | INFO     | [SUCCESS] Day 14APR
2026-01-25 07:22:29 | INFO     | [DAY_START] Processing 13APR
2026-01-25 07:22:29 | INFO     | [lf.day.start] Processing RUH-CAI for 13APR
2026-01-25 07:22:30 | INFO     | [lf.day.flights_found] Found 1 flights on 13APR
2026-01-25 07:22:32 | INFO     | [lf.flight.extracted] SM462 on 13APR: BKG=0, LF=0.0%
2026-01-25 07:22:34 | INFO     | [SUCCESS] Day 13APR
2026-01-25 07:22:34 | INFO     | [SUCCESS] LF Search Complete
2026-01-25 07:22:34 | INFO     | [Worker_9233] Completed: RUH-CAI - 8 results, 0 errors
2026-01-25 07:22:34 | INFO     | [Worker_9233] Processing: AJF-ATZ
2026-01-25 07:22:34 | INFO     |   Tier 0: Range 3, Chunk 2/4 (8 days)
