2026-01-25 07:19:44 | INFO     | ======================================================================
2026-01-25 07:19:44 | INFO     | Load Factor Scraper Started - Route: RUH-ATZ
2026-01-25 07:19:44 | INFO     | Log file: D:\CODERED\LAB\Artifacts\outputs\run_generated_250126_at_07.06\logs\LF_RUH-ATZ_20260125_071944.log
2026-01-25 07:19:44 | INFO     | Enhanced logging: Capturing both logging.info() and print()
2026-01-25 07:19:44 | INFO     | ======================================================================
2026-01-25 07:19:44 | INFO     | Starting LF search for route: RUH-ATZ
2026-01-25 07:19:44 | INFO     | [START] LF Search
2026-01-25 07:19:44 | INFO     | [HEALTH CHECK] [OK] Chrome connection is healthy
2026-01-25 07:19:45 | INFO     | [DAY_START] Processing 28APR
2026-01-25 07:19:45 | INFO     | [lf.day.start] Processing RUH-ATZ for 28APR
2026-01-25 07:19:46 | WARNING  | [lf.day.no_flights] No direct flights on 28APR
2026-01-25 07:19:46 | INFO     | [SUCCESS] Day 28APR
2026-01-25 07:19:46 | INFO     | [DAY_START] Processing 27APR
2026-01-25 07:19:46 | INFO     | [lf.day.start] Processing RUH-ATZ for 27APR
2026-01-25 07:19:47 | WARNING  | [lf.day.no_flights] No direct flights on 27APR
2026-01-25 07:19:47 | INFO     | [SUCCESS] Day 27APR
2026-01-25 07:19:47 | INFO     | [DAY_START] Processing 26APR
2026-01-25 07:19:47 | INFO     | [lf.day.start] Processing RUH-ATZ for 26APR
2026-01-25 07:19:48 | WARNING  | [lf.day.no_flights] No direct flights on 26APR
2026-01-25 07:19:48 | INFO     | [SUCCESS] Day 26APR
2026-01-25 07:19:48 | INFO     | [DAY_START] Processing 25APR
2026-01-25 07:19:48 | INFO     | [lf.day.start] Processing RUH-ATZ for 25APR
2026-01-25 07:19:49 | WARNING  | [lf.day.no_flights] No direct flights on 25APR
2026-01-25 07:19:49 | INFO     | [SUCCESS] Day 25APR
2026-01-25 07:19:49 | INFO     | [DAY_START] Processing 24APR
2026-01-25 07:19:49 | INFO     | [lf.day.start] Processing RUH-ATZ for 24APR
2026-01-25 07:19:50 | WARNING  | [lf.day.no_flights] No direct flights on 24APR
2026-01-25 07:19:50 | INFO     | [SUCCESS] Day 24APR
2026-01-25 07:19:50 | INFO     | [DAY_START] Processing 23APR
2026-01-25 07:19:50 | INFO     | [lf.day.start] Processing RUH-ATZ for 23APR
2026-01-25 07:19:52 | WARNING  | [lf.day.no_flights] No direct flights on 23APR
2026-01-25 07:19:52 | INFO     | [SUCCESS] Day 23APR
2026-01-25 07:19:52 | INFO     | [DAY_START] Processing 22APR
2026-01-25 07:19:52 | INFO     | [lf.day.start] Processing RUH-ATZ for 22APR
2026-01-25 07:19:54 | INFO     | [lf.day.flights_found] Found 1 flights on 22APR
2026-01-25 07:19:57 | INFO     | [lf.flight.extracted] SM466 on 22APR: BKG=6, LF=3.4%
2026-01-25 07:19:59 | INFO     | [SUCCESS] Day 22APR
2026-01-25 07:19:59 | INFO     | [DAY_START] Processing 21APR
2026-01-25 07:19:59 | INFO     | [lf.day.start] Processing RUH-ATZ for 21APR
2026-01-25 07:20:00 | WARNING  | [lf.day.no_flights] No direct flights on 21APR
2026-01-25 07:20:00 | INFO     | [SUCCESS] Day 21APR
2026-01-25 07:20:00 | INFO     | [SUCCESS] LF Search Complete
2026-01-25 07:20:00 | INFO     | [Worker_9222] Completed: RUH-ATZ - 8 results, 0 errors
2026-01-25 07:20:00 | INFO     | [Worker_9222] Processing: AJF-CAI
2026-01-25 07:20:00 | INFO     |   Tier 0: Range 3, Chunk 1/4 (8 days)
