2026-01-25 07:42:32 | INFO     | ======================================================================
2026-01-25 07:42:32 | INFO     | Load Factor Scraper Started - Route: RUH-ATZ
2026-01-25 07:42:32 | INFO     | Log file: D:\CODERED\LAB\Artifacts\outputs\run_generated_250126_at_07.06\logs\LF_RUH-ATZ_20260125_074232.log
2026-01-25 07:42:32 | INFO     | Enhanced logging: Capturing both logging.info() and print()
2026-01-25 07:42:32 | INFO     | ======================================================================
2026-01-25 07:42:32 | INFO     | Starting LF search for route: RUH-ATZ
2026-01-25 07:42:32 | INFO     | [START] LF Search
2026-01-25 07:42:33 | INFO     | [HEALTH CHECK] [OK] Chrome connection is healthy
2026-01-25 07:42:33 | INFO     | [DAY_START] Processing 03MAR
2026-01-25 07:42:33 | INFO     | [lf.day.start] Processing RUH-ATZ for 03MAR
2026-01-25 07:42:35 | INFO     | [lf.day.flights_found] Found 1 flights on 03MAR
2026-01-25 07:42:37 | INFO     | [lf.flight.extracted] SM464 on 03MAR: BKG=36, LF=20.6%
2026-01-25 07:42:41 | INFO     | [SUCCESS] Day 03MAR
2026-01-25 07:42:41 | INFO     | [DAY_START] Processing 02MAR
2026-01-25 07:42:41 | INFO     | [lf.day.start] Processing RUH-ATZ for 02MAR
2026-01-25 07:42:42 | WARNING  | [lf.day.no_flights] No direct flights on 02MAR
2026-01-25 07:42:42 | INFO     | [SUCCESS] Day 02MAR
2026-01-25 07:42:42 | INFO     | [DAY_START] Processing 01MAR
2026-01-25 07:42:42 | INFO     | [lf.day.start] Processing RUH-ATZ for 01MAR
2026-01-25 07:42:43 | INFO     | [lf.day.flights_found] Found 1 flights on 01MAR
2026-01-25 07:42:45 | INFO     | [lf.flight.extracted] SM464 on 01MAR: BKG=40, LF=22.9%
2026-01-25 07:42:50 | INFO     | [SUCCESS] Day 01MAR
2026-01-25 07:42:50 | INFO     | [DAY_START] Processing 28FEB
2026-01-25 07:42:50 | INFO     | [lf.day.start] Processing RUH-ATZ for 28FEB
2026-01-25 07:42:51 | WARNING  | [lf.day.no_flights] No direct flights on 28FEB
2026-01-25 07:42:51 | INFO     | [SUCCESS] Day 28FEB
2026-01-25 07:42:51 | INFO     | [DAY_START] Processing 27FEB
2026-01-25 07:42:51 | INFO     | [lf.day.start] Processing RUH-ATZ for 27FEB
2026-01-25 07:42:52 | WARNING  | [lf.day.no_flights] No direct flights on 27FEB
2026-01-25 07:42:52 | INFO     | [SUCCESS] Day 27FEB
2026-01-25 07:42:52 | INFO     | [DAY_START] Processing 26FEB
2026-01-25 07:42:52 | INFO     | [lf.day.start] Processing RUH-ATZ for 26FEB
2026-01-25 07:42:54 | WARNING  | [lf.day.no_flights] No direct flights on 26FEB
2026-01-25 07:42:54 | INFO     | [SUCCESS] Day 26FEB
2026-01-25 07:42:54 | INFO     | [DAY_START] Processing 25FEB
2026-01-25 07:42:54 | INFO     | [lf.day.start] Processing RUH-ATZ for 25FEB
2026-01-25 07:42:55 | INFO     | [lf.day.flights_found] Found 1 flights on 25FEB
2026-01-25 07:42:57 | INFO     | [lf.flight.extracted] SM466 on 25FEB: BKG=66, LF=39.5%
2026-01-25 07:43:02 | INFO     | [SUCCESS] Day 25FEB
2026-01-25 07:43:02 | INFO     | [SUCCESS] LF Search Complete
2026-01-25 07:43:02 | INFO     | [Worker_9234] Completed: RUH-ATZ - 7 results, 0 errors
2026-01-25 07:43:02 | INFO     | [Worker_9234] Processing: TUU-ATZ
2026-01-25 07:43:02 | INFO     |   Tier 0: Range 2, Chunk 4/4 (7 days)
