2026-01-25 07:10:35 | INFO     | ======================================================================
2026-01-25 07:10:35 | INFO     | Load Factor Scraper Started - Route: RUH-ATZ
2026-01-25 07:10:35 | INFO     | Log file: D:\CODERED\LAB\Artifacts\outputs\run_generated_250126_at_07.06\logs\LF_RUH-ATZ_20260125_071035.log
2026-01-25 07:10:35 | INFO     | Enhanced logging: Capturing both logging.info() and print()
2026-01-25 07:10:35 | INFO     | ======================================================================
2026-01-25 07:10:35 | INFO     | Starting LF search for route: RUH-ATZ
2026-01-25 07:10:35 | INFO     | [START] LF Search
2026-01-25 07:10:36 | INFO     | [HEALTH CHECK] [OK] Chrome connection is healthy
2026-01-25 07:10:36 | INFO     | [DAY_START] Processing 30MAY
2026-01-25 07:10:36 | INFO     | [lf.day.start] Processing RUH-ATZ for 30MAY
2026-01-25 07:10:37 | WARNING  | [lf.day.no_flights] No direct flights on 30MAY
2026-01-25 07:10:37 | INFO     | [SUCCESS] Day 30MAY
2026-01-25 07:10:37 | INFO     | [DAY_START] Processing 29MAY
2026-01-25 07:10:37 | INFO     | [lf.day.start] Processing RUH-ATZ for 29MAY
2026-01-25 07:10:39 | WARNING  | [lf.day.no_flights] No direct flights on 29MAY
2026-01-25 07:10:39 | INFO     | [SUCCESS] Day 29MAY
2026-01-25 07:10:39 | INFO     | [DAY_START] Processing 28MAY
2026-01-25 07:10:39 | INFO     | [lf.day.start] Processing RUH-ATZ for 28MAY
2026-01-25 07:10:40 | WARNING  | [lf.day.no_flights] No direct flights on 28MAY
2026-01-25 07:10:40 | INFO     | [SUCCESS] Day 28MAY
2026-01-25 07:10:40 | INFO     | [DAY_START] Processing 27MAY
2026-01-25 07:10:40 | INFO     | [lf.day.start] Processing RUH-ATZ for 27MAY
2026-01-25 07:10:41 | INFO     | [lf.day.flights_found] Found 1 flights on 27MAY
2026-01-25 07:10:43 | INFO     | [lf.flight.extracted] SM466 on 27MAY: BKG=11, LF=6.3%
2026-01-25 07:10:45 | INFO     | [SUCCESS] Day 27MAY
2026-01-25 07:10:45 | INFO     | [DAY_START] Processing 26MAY
2026-01-25 07:10:45 | INFO     | [lf.day.start] Processing RUH-ATZ for 26MAY
2026-01-25 07:10:46 | WARNING  | [lf.day.no_flights] No direct flights on 26MAY
2026-01-25 07:10:46 | INFO     | [SUCCESS] Day 26MAY
2026-01-25 07:10:46 | INFO     | [DAY_START] Processing 25MAY
2026-01-25 07:10:46 | INFO     | [lf.day.start] Processing RUH-ATZ for 25MAY
2026-01-25 07:10:48 | WARNING  | [lf.day.no_flights] No direct flights on 25MAY
2026-01-25 07:10:48 | INFO     | [SUCCESS] Day 25MAY
2026-01-25 07:10:48 | INFO     | [DAY_START] Processing 24MAY
2026-01-25 07:10:48 | INFO     | [lf.day.start] Processing RUH-ATZ for 24MAY
2026-01-25 07:10:49 | WARNING  | [lf.day.no_flights] No direct flights on 24MAY
2026-01-25 07:10:49 | INFO     | [SUCCESS] Day 24MAY
2026-01-25 07:10:49 | INFO     | [DAY_START] Processing 23MAY
2026-01-25 07:10:49 | INFO     | [lf.day.start] Processing RUH-ATZ for 23MAY
2026-01-25 07:10:50 | WARNING  | [lf.day.no_flights] No direct flights on 23MAY
2026-01-25 07:10:50 | INFO     | [SUCCESS] Day 23MAY
2026-01-25 07:10:50 | INFO     | [SUCCESS] LF Search Complete
2026-01-25 07:10:50 | INFO     | [Worker_9227] Completed: RUH-ATZ - 8 results, 0 errors
2026-01-25 07:10:50 | INFO     | [Worker_9227] Processing: TUU-ATZ
2026-01-25 07:10:50 | INFO     |   Tier 0: Range 4, Chunk 1/4 (8 days)
