2026-01-25 07:12:42 | INFO     | ======================================================================
2026-01-25 07:12:42 | INFO     | Load Factor Scraper Started - Route: RUH-CAI
2026-01-25 07:12:42 | INFO     | Log file: D:\CODERED\LAB\Artifacts\outputs\run_generated_250126_at_07.06\logs\LF_RUH-CAI_20260125_071242.log
2026-01-25 07:12:42 | INFO     | Enhanced logging: Capturing both logging.info() and print()
2026-01-25 07:12:42 | INFO     | ======================================================================
2026-01-25 07:12:42 | INFO     | Starting LF search for route: RUH-CAI
2026-01-25 07:12:42 | INFO     | [START] LF Search
2026-01-25 07:12:42 | INFO     | [HEALTH CHECK] [OK] Chrome connection is healthy
2026-01-25 07:12:42 | INFO     | [DAY_START] Processing 22MAY
2026-01-25 07:12:42 | INFO     | [lf.day.start] Processing RUH-CAI for 22MAY
2026-01-25 07:12:43 | INFO     | [lf.day.flights_found] Found 1 flights on 22MAY
2026-01-25 07:12:45 | INFO     | [lf.flight.extracted] SM462 on 22MAY: BKG=0, LF=0.0%
2026-01-25 07:12:46 | INFO     | [SUCCESS] Day 22MAY
2026-01-25 07:12:46 | INFO     | [DAY_START] Processing 21MAY
2026-01-25 07:12:46 | INFO     | [lf.day.start] Processing RUH-CAI for 21MAY
2026-01-25 07:12:48 | INFO     | [lf.day.flights_found] Found 1 flights on 21MAY
2026-01-25 07:12:49 | INFO     | [lf.flight.extracted] SM462 on 21MAY: BKG=1, LF=0.6%
2026-01-25 07:12:52 | INFO     | [SUCCESS] Day 21MAY
2026-01-25 07:12:52 | INFO     | [DAY_START] Processing 20MAY
2026-01-25 07:12:52 | INFO     | [lf.day.start] Processing RUH-CAI for 20MAY
2026-01-25 07:12:53 | INFO     | [lf.day.flights_found] Found 1 flights on 20MAY
2026-01-25 07:12:55 | INFO     | [lf.flight.extracted] SM462 on 20MAY: BKG=0, LF=0.0%
2026-01-25 07:12:56 | INFO     | [SUCCESS] Day 20MAY
2026-01-25 07:12:56 | INFO     | [DAY_START] Processing 19MAY
2026-01-25 07:12:56 | INFO     | [lf.day.start] Processing RUH-CAI for 19MAY
2026-01-25 07:12:58 | INFO     | [lf.day.flights_found] Found 1 flights on 19MAY
2026-01-25 07:13:00 | INFO     | [lf.flight.extracted] SM462 on 19MAY: BKG=0, LF=0.0%
2026-01-25 07:13:01 | INFO     | [SUCCESS] Day 19MAY
2026-01-25 07:13:01 | INFO     | [DAY_START] Processing 18MAY
2026-01-25 07:13:01 | INFO     | [lf.day.start] Processing RUH-CAI for 18MAY
2026-01-25 07:13:02 | INFO     | [lf.day.flights_found] Found 1 flights on 18MAY
2026-01-25 07:13:04 | INFO     | [lf.flight.extracted] SM462 on 18MAY: BKG=0, LF=0.0%
2026-01-25 07:13:05 | INFO     | [SUCCESS] Day 18MAY
2026-01-25 07:13:05 | INFO     | [DAY_START] Processing 17MAY
2026-01-25 07:13:05 | INFO     | [lf.day.start] Processing RUH-CAI for 17MAY
2026-01-25 07:13:06 | INFO     | [lf.day.flights_found] Found 1 flights on 17MAY
2026-01-25 07:13:08 | INFO     | [lf.flight.extracted] SM462 on 17MAY: BKG=0, LF=0.0%
2026-01-25 07:13:09 | INFO     | [SUCCESS] Day 17MAY
2026-01-25 07:13:09 | INFO     | [DAY_START] Processing 16MAY
2026-01-25 07:13:09 | INFO     | [lf.day.start] Processing RUH-CAI for 16MAY
2026-01-25 07:13:10 | INFO     | [lf.day.flights_found] Found 1 flights on 16MAY
2026-01-25 07:13:12 | INFO     | [lf.flight.extracted] SM462 on 16MAY: BKG=0, LF=0.0%
2026-01-25 07:13:13 | INFO     | [SUCCESS] Day 16MAY
2026-01-25 07:13:13 | INFO     | [DAY_START] Processing 15MAY
2026-01-25 07:13:13 | INFO     | [lf.day.start] Processing RUH-CAI for 15MAY
2026-01-25 07:13:15 | INFO     | [lf.day.flights_found] Found 1 flights on 15MAY
2026-01-25 07:13:17 | INFO     | [lf.flight.extracted] SM462 on 15MAY: BKG=0, LF=0.0%
2026-01-25 07:13:18 | INFO     | [SUCCESS] Day 15MAY
2026-01-25 07:13:18 | INFO     | [SUCCESS] LF Search Complete
2026-01-25 07:13:18 | INFO     | [Worker_9223] Completed: RUH-CAI - 8 results, 0 errors
2026-01-25 07:13:18 | INFO     | [Worker_9223] Processing: ELQ-ATZ
2026-01-25 07:13:18 | INFO     |   Tier 0: Range 4, Chunk 2/4 (8 days)
