2026-01-25 07:34:57 | INFO     | ======================================================================
2026-01-25 07:34:57 | INFO     | Load Factor Scraper Started - Route: RUH-ATZ
2026-01-25 07:34:57 | INFO     | Log file: D:\CODERED\LAB\Artifacts\outputs\run_generated_250126_at_07.06\logs\LF_RUH-ATZ_20260125_073457.log
2026-01-25 07:34:57 | INFO     | Enhanced logging: Capturing both logging.info() and print()
2026-01-25 07:34:57 | INFO     | ======================================================================
2026-01-25 07:34:57 | INFO     | Starting LF search for route: RUH-ATZ
2026-01-25 07:34:57 | INFO     | [START] LF Search
2026-01-25 07:34:58 | INFO     | [HEALTH CHECK] [OK] Chrome connection is healthy
2026-01-25 07:34:58 | INFO     | [DAY_START] Processing 19MAR
2026-01-25 07:34:58 | INFO     | [lf.day.start] Processing RUH-ATZ for 19MAR
2026-01-25 07:34:59 | WARNING  | [lf.day.no_flights] No direct flights on 19MAR
2026-01-25 07:34:59 | INFO     | [SUCCESS] Day 19MAR
2026-01-25 07:34:59 | INFO     | [DAY_START] Processing 18MAR
2026-01-25 07:34:59 | INFO     | [lf.day.start] Processing RUH-ATZ for 18MAR
2026-01-25 07:35:00 | INFO     | [lf.day.flights_found] Found 1 flights on 18MAR
2026-01-25 07:35:02 | INFO     | [lf.flight.extracted] SM466 on 18MAR: BKG=32, LF=18.3%
2026-01-25 07:35:05 | INFO     | [SUCCESS] Day 18MAR
2026-01-25 07:35:05 | INFO     | [DAY_START] Processing 17MAR
2026-01-25 07:35:05 | INFO     | [lf.day.start] Processing RUH-ATZ for 17MAR
2026-01-25 07:35:06 | INFO     | [lf.day.flights_found] Found 1 flights on 17MAR
2026-01-25 07:35:08 | INFO     | [lf.flight.extracted] SM464 on 17MAR: BKG=13, LF=7.4%
2026-01-25 07:35:11 | INFO     | [SUCCESS] Day 17MAR
2026-01-25 07:35:11 | INFO     | [DAY_START] Processing 16MAR
2026-01-25 07:35:11 | INFO     | [lf.day.start] Processing RUH-ATZ for 16MAR
2026-01-25 07:35:12 | WARNING  | [lf.day.no_flights] No direct flights on 16MAR
2026-01-25 07:35:12 | INFO     | [SUCCESS] Day 16MAR
2026-01-25 07:35:12 | INFO     | [DAY_START] Processing 15MAR
2026-01-25 07:35:12 | INFO     | [lf.day.start] Processing RUH-ATZ for 15MAR
2026-01-25 07:35:13 | INFO     | [lf.day.flights_found] Found 1 flights on 15MAR
2026-01-25 07:35:15 | INFO     | [lf.flight.extracted] SM464 on 15MAR: BKG=17, LF=9.9%
2026-01-25 07:35:18 | INFO     | [SUCCESS] Day 15MAR
2026-01-25 07:35:18 | INFO     | [DAY_START] Processing 14MAR
2026-01-25 07:35:18 | INFO     | [lf.day.start] Processing RUH-ATZ for 14MAR
2026-01-25 07:35:19 | WARNING  | [lf.day.no_flights] No direct flights on 14MAR
2026-01-25 07:35:19 | INFO     | [SUCCESS] Day 14MAR
2026-01-25 07:35:19 | INFO     | [DAY_START] Processing 13MAR
2026-01-25 07:35:19 | INFO     | [lf.day.start] Processing RUH-ATZ for 13MAR
2026-01-25 07:35:20 | WARNING  | [lf.day.no_flights] No direct flights on 13MAR
2026-01-25 07:35:20 | INFO     | [SUCCESS] Day 13MAR
2026-01-25 07:35:20 | INFO     | [DAY_START] Processing 12MAR
2026-01-25 07:35:20 | INFO     | [lf.day.start] Processing RUH-ATZ for 12MAR
2026-01-25 07:35:21 | WARNING  | [lf.day.no_flights] No direct flights on 12MAR
2026-01-25 07:35:21 | INFO     | [SUCCESS] Day 12MAR
2026-01-25 07:35:21 | INFO     | [SUCCESS] LF Search Complete
2026-01-25 07:35:21 | INFO     | [Worker_9225] Completed: RUH-ATZ - 8 results, 0 errors
2026-01-25 07:35:21 | INFO     | [Worker_9225] Processing: TUU-ATZ
2026-01-25 07:35:21 | INFO     |   Tier 0: Range 2, Chunk 2/4 (8 days)
