2026-01-25 07:51:30 | INFO     | ======================================================================
2026-01-25 07:51:30 | INFO     | Load Factor Scraper Started - Route: RUH-ATZ
2026-01-25 07:51:30 | INFO     | Log file: D:\CODERED\LAB\Artifacts\outputs\run_generated_250126_at_07.06\logs\LF_RUH-ATZ_20260125_075130.log
2026-01-25 07:51:30 | INFO     | Enhanced logging: Capturing both logging.info() and print()
2026-01-25 07:51:30 | INFO     | ======================================================================
2026-01-25 07:51:30 | INFO     | Starting LF search for route: RUH-ATZ
2026-01-25 07:51:30 | INFO     | [START] LF Search
2026-01-25 07:51:31 | INFO     | [HEALTH CHECK] [OK] Chrome connection is healthy
2026-01-25 07:51:31 | INFO     | [DAY_START] Processing 16FEB
2026-01-25 07:51:31 | INFO     | [lf.day.start] Processing RUH-ATZ for 16FEB
2026-01-25 07:51:32 | WARNING  | [lf.day.no_flights] No direct flights on 16FEB
2026-01-25 07:51:32 | INFO     | [SUCCESS] Day 16FEB
2026-01-25 07:51:32 | INFO     | [DAY_START] Processing 15FEB
2026-01-25 07:51:32 | INFO     | [lf.day.start] Processing RUH-ATZ for 15FEB
2026-01-25 07:51:34 | INFO     | [lf.day.flights_found] Found 1 flights on 15FEB
2026-01-25 07:51:36 | INFO     | [lf.flight.extracted] SM464 on 15FEB: BKG=83, LF=47.4%
2026-01-25 07:51:41 | INFO     | [SUCCESS] Day 15FEB
2026-01-25 07:51:41 | INFO     | [DAY_START] Processing 14FEB
2026-01-25 07:51:41 | INFO     | [lf.day.start] Processing RUH-ATZ for 14FEB
2026-01-25 07:51:43 | WARNING  | [lf.day.no_flights] No direct flights on 14FEB
2026-01-25 07:51:43 | INFO     | [SUCCESS] Day 14FEB
2026-01-25 07:51:43 | INFO     | [DAY_START] Processing 13FEB
2026-01-25 07:51:43 | INFO     | [lf.day.start] Processing RUH-ATZ for 13FEB
2026-01-25 07:51:44 | WARNING  | [lf.day.no_flights] No direct flights on 13FEB
2026-01-25 07:51:44 | INFO     | [SUCCESS] Day 13FEB
2026-01-25 07:51:44 | INFO     | [DAY_START] Processing 12FEB
2026-01-25 07:51:44 | INFO     | [lf.day.start] Processing RUH-ATZ for 12FEB
2026-01-25 07:51:45 | WARNING  | [lf.day.no_flights] No direct flights on 12FEB
2026-01-25 07:51:45 | INFO     | [SUCCESS] Day 12FEB
2026-01-25 07:51:45 | INFO     | [DAY_START] Processing 11FEB
2026-01-25 07:51:45 | INFO     | [lf.day.start] Processing RUH-ATZ for 11FEB
2026-01-25 07:51:46 | INFO     | [lf.day.flights_found] Found 1 flights on 11FEB
2026-01-25 07:51:48 | INFO     | [lf.flight.extracted] SM466 on 11FEB: BKG=86, LF=49.1%
2026-01-25 07:51:55 | INFO     | [SUCCESS] Day 11FEB
2026-01-25 07:51:55 | INFO     | [DAY_START] Processing 10FEB
2026-01-25 07:51:55 | INFO     | [lf.day.start] Processing RUH-ATZ for 10FEB
2026-01-25 07:51:57 | INFO     | [lf.day.flights_found] Found 1 flights on 10FEB
2026-01-25 07:51:59 | INFO     | [lf.flight.extracted] SM464 on 10FEB: BKG=88, LF=50.3%
2026-01-25 07:52:05 | INFO     | [SUCCESS] Day 10FEB
2026-01-25 07:52:05 | INFO     | [DAY_START] Processing 09FEB
2026-01-25 07:52:05 | INFO     | [lf.day.start] Processing RUH-ATZ for 09FEB
2026-01-25 07:52:07 | WARNING  | [lf.day.no_flights] No direct flights on 09FEB
2026-01-25 07:52:07 | INFO     | [SUCCESS] Day 09FEB
2026-01-25 07:52:07 | INFO     | [SUCCESS] LF Search Complete
2026-01-25 07:52:07 | INFO     | [Worker_9225] Completed: RUH-ATZ - 8 results, 0 errors
2026-01-25 07:52:07 | INFO     | [Worker_9225] Processing: TUU-ATZ
2026-01-25 07:52:07 | INFO     |   Tier 0: Range 1, Chunk 2/4 (8 days)
