2026-01-25 07:57:33 | INFO     | ======================================================================
2026-01-25 07:57:33 | INFO     | Load Factor Scraper Started - Route: TUU-CAI
2026-01-25 07:57:33 | INFO     | Log file: D:\CODERED\LAB\Artifacts\outputs\run_generated_250126_at_07.06\logs\LF_TUU-CAI_20260125_075733.log
2026-01-25 07:57:33 | INFO     | Enhanced logging: Capturing both logging.info() and print()
2026-01-25 07:57:33 | INFO     | ======================================================================
2026-01-25 07:57:33 | INFO     | Starting LF search for route: TUU-CAI
2026-01-25 07:57:33 | INFO     | [START] LF Search
2026-01-25 07:57:34 | INFO     | [HEALTH CHECK] [OK] Chrome connection is healthy
2026-01-25 07:57:34 | INFO     | [DAY_START] Processing 08FEB
2026-01-25 07:57:34 | INFO     | [lf.day.start] Processing TUU-CAI for 08FEB
2026-01-25 07:57:35 | WARNING  | [lf.day.no_flights] No direct flights on 08FEB
2026-01-25 07:57:35 | INFO     | [SUCCESS] Day 08FEB
2026-01-25 07:57:35 | INFO     | [DAY_START] Processing 07FEB
2026-01-25 07:57:35 | INFO     | [lf.day.start] Processing TUU-CAI for 07FEB
2026-01-25 07:57:37 | INFO     | [lf.day.flights_found] Found 1 flights on 07FEB
2026-01-25 07:57:39 | INFO     | [lf.flight.extracted] SM326 on 07FEB: BKG=20, LF=20.6%
2026-01-25 07:57:42 | INFO     | [SUCCESS] Day 07FEB
2026-01-25 07:57:42 | INFO     | [DAY_START] Processing 06FEB
2026-01-25 07:57:42 | INFO     | [lf.day.start] Processing TUU-CAI for 06FEB
2026-01-25 07:57:43 | WARNING  | [lf.day.no_flights] No direct flights on 06FEB
2026-01-25 07:57:43 | INFO     | [SUCCESS] Day 06FEB
2026-01-25 07:57:43 | INFO     | [DAY_START] Processing 05FEB
2026-01-25 07:57:43 | INFO     | [lf.day.start] Processing TUU-CAI for 05FEB
2026-01-25 07:57:44 | INFO     | [lf.day.flights_found] Found 1 flights on 05FEB
2026-01-25 07:57:46 | INFO     | [lf.flight.extracted] SM326 on 05FEB: BKG=34, LF=19.4%
2026-01-25 07:57:50 | INFO     | [SUCCESS] Day 05FEB
2026-01-25 07:57:50 | INFO     | [DAY_START] Processing 04FEB
2026-01-25 07:57:50 | INFO     | [lf.day.start] Processing TUU-CAI for 04FEB
2026-01-25 07:57:51 | INFO     | [lf.day.flights_found] Found 1 flights on 04FEB
2026-01-25 07:57:53 | INFO     | [lf.flight.extracted] SM326 on 04FEB: BKG=11, LF=6.3%
2026-01-25 07:57:56 | INFO     | [SUCCESS] Day 04FEB
2026-01-25 07:57:56 | INFO     | [DAY_START] Processing 03FEB
2026-01-25 07:57:56 | INFO     | [lf.day.start] Processing TUU-CAI for 03FEB
2026-01-25 07:57:57 | WARNING  | [lf.day.no_flights] No direct flights on 03FEB
2026-01-25 07:57:57 | INFO     | [SUCCESS] Day 03FEB
2026-01-25 07:57:57 | INFO     | [DAY_START] Processing 02FEB
2026-01-25 07:57:57 | INFO     | [lf.day.start] Processing TUU-CAI for 02FEB
2026-01-25 07:57:58 | WARNING  | [lf.day.no_flights] No direct flights on 02FEB
2026-01-25 07:57:58 | INFO     | [SUCCESS] Day 02FEB
2026-01-25 07:57:58 | INFO     | [DAY_START] Processing 01FEB
2026-01-25 07:57:58 | INFO     | [lf.day.start] Processing TUU-CAI for 01FEB
2026-01-25 07:57:59 | WARNING  | [lf.day.no_flights] No direct flights on 01FEB
2026-01-25 07:57:59 | INFO     | [SUCCESS] Day 01FEB
2026-01-25 07:57:59 | INFO     | [SUCCESS] LF Search Complete
2026-01-25 07:57:59 | INFO     | [Worker_9226] Completed: TUU-CAI - 8 results, 0 errors
2026-01-25 07:57:59 | INFO     | [Worker_9226] Processing: YNB-CAI
2026-01-25 07:57:59 | INFO     |   Tier 0: Range 1, Chunk 3/4 (8 days)
