2026-01-25 07:14:59 | INFO     | ======================================================================
2026-01-25 07:14:59 | INFO     | Load Factor Scraper Started - Route: TUU-CAI
2026-01-25 07:14:59 | INFO     | Log file: D:\CODERED\LAB\Artifacts\outputs\run_generated_250126_at_07.06\logs\LF_TUU-CAI_20260125_071459.log
2026-01-25 07:14:59 | INFO     | Enhanced logging: Capturing both logging.info() and print()
2026-01-25 07:14:59 | INFO     | ======================================================================
2026-01-25 07:14:59 | INFO     | Starting LF search for route: TUU-CAI
2026-01-25 07:14:59 | INFO     | [START] LF Search
2026-01-25 07:14:59 | INFO     | [HEALTH CHECK] [OK] Chrome connection is healthy
2026-01-25 07:14:59 | INFO     | [DAY_START] Processing 14MAY
2026-01-25 07:14:59 | INFO     | [lf.day.start] Processing TUU-CAI for 14MAY
2026-01-25 07:15:01 | INFO     | [lf.day.flights_found] Found 1 flights on 14MAY
2026-01-25 07:15:03 | INFO     | [lf.flight.extracted] SM326 on 14MAY: BKG=5, LF=2.9%
2026-01-25 07:15:06 | INFO     | [SUCCESS] Day 14MAY
2026-01-25 07:15:06 | INFO     | [DAY_START] Processing 13MAY
2026-01-25 07:15:06 | INFO     | [lf.day.start] Processing TUU-CAI for 13MAY
2026-01-25 07:15:07 | WARNING  | [lf.day.no_flights] No direct flights on 13MAY
2026-01-25 07:15:07 | INFO     | [SUCCESS] Day 13MAY
2026-01-25 07:15:07 | INFO     | [DAY_START] Processing 12MAY
2026-01-25 07:15:07 | INFO     | [lf.day.start] Processing TUU-CAI for 12MAY
2026-01-25 07:15:08 | INFO     | [lf.day.flights_found] Found 1 flights on 12MAY
2026-01-25 07:15:10 | INFO     | [lf.flight.extracted] SM326 on 12MAY: BKG=0, LF=0.0%
2026-01-25 07:15:11 | INFO     | [SUCCESS] Day 12MAY
2026-01-25 07:15:11 | INFO     | [DAY_START] Processing 11MAY
2026-01-25 07:15:11 | INFO     | [lf.day.start] Processing TUU-CAI for 11MAY
2026-01-25 07:15:12 | WARNING  | [lf.day.no_flights] No direct flights on 11MAY
2026-01-25 07:15:12 | INFO     | [SUCCESS] Day 11MAY
2026-01-25 07:15:12 | INFO     | [DAY_START] Processing 10MAY
2026-01-25 07:15:12 | INFO     | [lf.day.start] Processing TUU-CAI for 10MAY
2026-01-25 07:15:13 | WARNING  | [lf.day.no_flights] No direct flights on 10MAY
2026-01-25 07:15:13 | INFO     | [SUCCESS] Day 10MAY
2026-01-25 07:15:13 | INFO     | [DAY_START] Processing 09MAY
2026-01-25 07:15:13 | INFO     | [lf.day.start] Processing TUU-CAI for 09MAY
2026-01-25 07:15:14 | INFO     | [lf.day.flights_found] Found 1 flights on 09MAY
2026-01-25 07:15:16 | INFO     | [lf.flight.extracted] SM326 on 09MAY: BKG=0, LF=0.0%
2026-01-25 07:15:17 | INFO     | [SUCCESS] Day 09MAY
2026-01-25 07:15:17 | INFO     | [DAY_START] Processing 08MAY
2026-01-25 07:15:17 | INFO     | [lf.day.start] Processing TUU-CAI for 08MAY
2026-01-25 07:15:19 | INFO     | [lf.day.flights_found] Found 1 flights on 08MAY
2026-01-25 07:15:21 | INFO     | [lf.flight.extracted] SM326 on 08MAY: BKG=0, LF=0.0%
2026-01-25 07:15:22 | INFO     | [SUCCESS] Day 08MAY
2026-01-25 07:15:22 | INFO     | [DAY_START] Processing 07MAY
2026-01-25 07:15:22 | INFO     | [lf.day.start] Processing TUU-CAI for 07MAY
2026-01-25 07:15:24 | INFO     | [lf.day.flights_found] Found 1 flights on 07MAY
2026-01-25 07:15:26 | INFO     | [lf.flight.extracted] SM326 on 07MAY: BKG=1, LF=0.6%
2026-01-25 07:15:29 | INFO     | [SUCCESS] Day 07MAY
2026-01-25 07:15:29 | INFO     | [SUCCESS] LF Search Complete
2026-01-25 07:15:29 | INFO     | [Worker_9225] Completed: TUU-CAI - 8 results, 0 errors
2026-01-25 07:15:29 | INFO     | [Worker_9225] Processing: ELQ-CAI
2026-01-25 07:15:29 | INFO     |   Tier 0: Range 4, Chunk 3/4 (8 days)
