2026-01-25 07:27:30 | INFO     | ======================================================================
2026-01-25 07:27:30 | INFO     | Load Factor Scraper Started - Route: TUU-ATZ
2026-01-25 07:27:30 | INFO     | Log file: D:\CODERED\LAB\Artifacts\outputs\run_generated_250126_at_07.06\logs\LF_TUU-ATZ_20260125_072730.log
2026-01-25 07:27:30 | INFO     | Enhanced logging: Capturing both logging.info() and print()
2026-01-25 07:27:30 | INFO     | ======================================================================
2026-01-25 07:27:30 | INFO     | Starting LF search for route: TUU-ATZ
2026-01-25 07:27:30 | INFO     | [START] LF Search
2026-01-25 07:27:31 | INFO     | [HEALTH CHECK] [OK] Chrome connection is healthy
2026-01-25 07:27:31 | INFO     | [DAY_START] Processing 04APR
2026-01-25 07:27:31 | INFO     | [lf.day.start] Processing TUU-ATZ for 04APR
2026-01-25 07:27:32 | WARNING  | [lf.day.no_flights] No direct flights on 04APR
2026-01-25 07:27:32 | INFO     | [SUCCESS] Day 04APR
2026-01-25 07:27:32 | INFO     | [DAY_START] Processing 03APR
2026-01-25 07:27:32 | INFO     | [lf.day.start] Processing TUU-ATZ for 03APR
2026-01-25 07:27:33 | WARNING  | [lf.day.no_flights] No direct flights on 03APR
2026-01-25 07:27:33 | INFO     | [SUCCESS] Day 03APR
2026-01-25 07:27:33 | INFO     | [DAY_START] Processing 02APR
2026-01-25 07:27:33 | INFO     | [lf.day.start] Processing TUU-ATZ for 02APR
2026-01-25 07:27:34 | WARNING  | [lf.day.no_flights] No direct flights on 02APR
2026-01-25 07:27:34 | INFO     | [SUCCESS] Day 02APR
2026-01-25 07:27:34 | INFO     | [DAY_START] Processing 01APR
2026-01-25 07:27:34 | INFO     | [lf.day.start] Processing TUU-ATZ for 01APR
2026-01-25 07:27:35 | WARNING  | [lf.day.no_flights] No direct flights on 01APR
2026-01-25 07:27:35 | INFO     | [SUCCESS] Day 01APR
2026-01-25 07:27:35 | INFO     | [DAY_START] Processing 31MAR
2026-01-25 07:27:35 | INFO     | [lf.day.start] Processing TUU-ATZ for 31MAR
2026-01-25 07:27:37 | WARNING  | [lf.day.no_flights] No direct flights on 31MAR
2026-01-25 07:27:37 | INFO     | [SUCCESS] Day 31MAR
2026-01-25 07:27:37 | INFO     | [DAY_START] Processing 30MAR
2026-01-25 07:27:37 | INFO     | [lf.day.start] Processing TUU-ATZ for 30MAR
2026-01-25 07:27:38 | WARNING  | [lf.day.no_flights] No direct flights on 30MAR
2026-01-25 07:27:38 | INFO     | [SUCCESS] Day 30MAR
2026-01-25 07:27:38 | INFO     | [DAY_START] Processing 29MAR
2026-01-25 07:27:38 | INFO     | [lf.day.start] Processing TUU-ATZ for 29MAR
2026-01-25 07:27:39 | WARNING  | [lf.day.no_flights] No direct flights on 29MAR
2026-01-25 07:27:39 | INFO     | [SUCCESS] Day 29MAR
2026-01-25 07:27:39 | INFO     | [DAY_START] Processing 28MAR
2026-01-25 07:27:39 | INFO     | [lf.day.start] Processing TUU-ATZ for 28MAR
2026-01-25 07:27:40 | WARNING  | [lf.day.no_flights] No direct flights on 28MAR
2026-01-25 07:27:40 | INFO     | [SUCCESS] Day 28MAR
2026-01-25 07:27:40 | INFO     | [SUCCESS] LF Search Complete
2026-01-25 07:27:40 | INFO     | [Worker_9227] Completed: TUU-ATZ - 8 results, 0 errors
2026-01-25 07:27:40 | INFO     | [Worker_9227] Processing: YNB-CAI
2026-01-25 07:27:40 | INFO     |   Tier 0: Range 3, Chunk 4/4 (8 days)
