2026-01-25 07:17:28 | INFO     | ======================================================================
2026-01-25 07:17:28 | INFO     | Load Factor Scraper Started - Route: TUU-CAI
2026-01-25 07:17:28 | INFO     | Log file: D:\CODERED\LAB\Artifacts\outputs\run_generated_250126_at_07.06\logs\LF_TUU-CAI_20260125_071728.log
2026-01-25 07:17:28 | INFO     | Enhanced logging: Capturing both logging.info() and print()
2026-01-25 07:17:28 | INFO     | ======================================================================
2026-01-25 07:17:28 | INFO     | Starting LF search for route: TUU-CAI
2026-01-25 07:17:28 | INFO     | [START] LF Search
2026-01-25 07:17:29 | INFO     | [HEALTH CHECK] [OK] Chrome connection is healthy
2026-01-25 07:17:29 | INFO     | [DAY_START] Processing 06MAY
2026-01-25 07:17:29 | INFO     | [lf.day.start] Processing TUU-CAI for 06MAY
2026-01-25 07:17:30 | WARNING  | [lf.day.no_flights] No direct flights on 06MAY
2026-01-25 07:17:30 | INFO     | [SUCCESS] Day 06MAY
2026-01-25 07:17:30 | INFO     | [DAY_START] Processing 05MAY
2026-01-25 07:17:30 | INFO     | [lf.day.start] Processing TUU-CAI for 05MAY
2026-01-25 07:17:32 | INFO     | [lf.day.flights_found] Found 1 flights on 05MAY
2026-01-25 07:17:34 | INFO     | [lf.flight.extracted] SM326 on 05MAY: BKG=2, LF=1.2%
2026-01-25 07:17:37 | INFO     | [SUCCESS] Day 05MAY
2026-01-25 07:17:37 | INFO     | [DAY_START] Processing 04MAY
2026-01-25 07:17:37 | INFO     | [lf.day.start] Processing TUU-CAI for 04MAY
2026-01-25 07:17:38 | WARNING  | [lf.day.no_flights] No direct flights on 04MAY
2026-01-25 07:17:38 | INFO     | [SUCCESS] Day 04MAY
2026-01-25 07:17:38 | INFO     | [DAY_START] Processing 03MAY
2026-01-25 07:17:38 | INFO     | [lf.day.start] Processing TUU-CAI for 03MAY
2026-01-25 07:17:39 | WARNING  | [lf.day.no_flights] No direct flights on 03MAY
2026-01-25 07:17:39 | INFO     | [SUCCESS] Day 03MAY
2026-01-25 07:17:39 | INFO     | [DAY_START] Processing 02MAY
2026-01-25 07:17:39 | INFO     | [lf.day.start] Processing TUU-CAI for 02MAY
2026-01-25 07:17:40 | INFO     | [lf.day.flights_found] Found 1 flights on 02MAY
2026-01-25 07:17:42 | INFO     | [lf.flight.extracted] SM326 on 02MAY: BKG=0, LF=0.0%
2026-01-25 07:17:43 | INFO     | [SUCCESS] Day 02MAY
2026-01-25 07:17:43 | INFO     | [DAY_START] Processing 01MAY
2026-01-25 07:17:43 | INFO     | [lf.day.start] Processing TUU-CAI for 01MAY
2026-01-25 07:17:44 | INFO     | [lf.day.flights_found] Found 1 flights on 01MAY
2026-01-25 07:17:46 | INFO     | [lf.flight.extracted] SM326 on 01MAY: BKG=0, LF=0.0%
2026-01-25 07:17:47 | INFO     | [SUCCESS] Day 01MAY
2026-01-25 07:17:47 | INFO     | [DAY_START] Processing 30APR
2026-01-25 07:17:47 | INFO     | [lf.day.start] Processing TUU-CAI for 30APR
2026-01-25 07:17:48 | INFO     | [lf.day.flights_found] Found 1 flights on 30APR
2026-01-25 07:17:51 | INFO     | [lf.flight.extracted] SM326 on 30APR: BKG=20, LF=12.0%
2026-01-25 07:17:54 | INFO     | [SUCCESS] Day 30APR
2026-01-25 07:17:54 | INFO     | [DAY_START] Processing 29APR
2026-01-25 07:17:54 | INFO     | [lf.day.start] Processing TUU-CAI for 29APR
2026-01-25 07:17:55 | WARNING  | [lf.day.no_flights] No direct flights on 29APR
2026-01-25 07:17:55 | INFO     | [SUCCESS] Day 29APR
2026-01-25 07:17:55 | INFO     | [SUCCESS] LF Search Complete
2026-01-25 07:17:55 | INFO     | [Worker_9225] Completed: TUU-CAI - 8 results, 0 errors
2026-01-25 07:17:55 | INFO     | [Worker_9225] Processing: AHB-ATZ
2026-01-25 07:17:55 | INFO     |   Tier 0: Range 4, Chunk 4/4 (8 days)
