2026-01-25 07:19:59 | INFO     | ======================================================================
2026-01-25 07:19:59 | INFO     | Load Factor Scraper Started - Route: TUU-ATZ
2026-01-25 07:19:59 | INFO     | Log file: D:\CODERED\LAB\Artifacts\outputs\run_generated_250126_at_07.06\logs\LF_TUU-ATZ_20260125_071959.log
2026-01-25 07:19:59 | INFO     | Enhanced logging: Capturing both logging.info() and print()
2026-01-25 07:19:59 | INFO     | ======================================================================
2026-01-25 07:19:59 | INFO     | Starting LF search for route: TUU-ATZ
2026-01-25 07:19:59 | INFO     | [START] LF Search
2026-01-25 07:20:00 | INFO     | [HEALTH CHECK] [OK] Chrome connection is healthy
2026-01-25 07:20:00 | INFO     | [DAY_START] Processing 28APR
2026-01-25 07:20:00 | INFO     | [lf.day.start] Processing TUU-ATZ for 28APR
2026-01-25 07:20:01 | WARNING  | [lf.day.no_flights] No direct flights on 28APR
2026-01-25 07:20:01 | INFO     | [SUCCESS] Day 28APR
2026-01-25 07:20:01 | INFO     | [DAY_START] Processing 27APR
2026-01-25 07:20:01 | INFO     | [lf.day.start] Processing TUU-ATZ for 27APR
2026-01-25 07:20:02 | WARNING  | [lf.day.no_flights] No direct flights on 27APR
2026-01-25 07:20:02 | INFO     | [SUCCESS] Day 27APR
2026-01-25 07:20:02 | INFO     | [DAY_START] Processing 26APR
2026-01-25 07:20:02 | INFO     | [lf.day.start] Processing TUU-ATZ for 26APR
2026-01-25 07:20:03 | WARNING  | [lf.day.no_flights] No direct flights on 26APR
2026-01-25 07:20:03 | INFO     | [SUCCESS] Day 26APR
2026-01-25 07:20:03 | INFO     | [DAY_START] Processing 25APR
2026-01-25 07:20:03 | INFO     | [lf.day.start] Processing TUU-ATZ for 25APR
2026-01-25 07:20:05 | WARNING  | [lf.day.no_flights] No direct flights on 25APR
2026-01-25 07:20:05 | INFO     | [SUCCESS] Day 25APR
2026-01-25 07:20:05 | INFO     | [DAY_START] Processing 24APR
2026-01-25 07:20:05 | INFO     | [lf.day.start] Processing TUU-ATZ for 24APR
2026-01-25 07:20:06 | WARNING  | [lf.day.no_flights] No direct flights on 24APR
2026-01-25 07:20:06 | INFO     | [SUCCESS] Day 24APR
2026-01-25 07:20:06 | INFO     | [DAY_START] Processing 23APR
2026-01-25 07:20:06 | INFO     | [lf.day.start] Processing TUU-ATZ for 23APR
2026-01-25 07:20:07 | WARNING  | [lf.day.no_flights] No direct flights on 23APR
2026-01-25 07:20:07 | INFO     | [SUCCESS] Day 23APR
2026-01-25 07:20:07 | INFO     | [DAY_START] Processing 22APR
2026-01-25 07:20:07 | INFO     | [lf.day.start] Processing TUU-ATZ for 22APR
2026-01-25 07:20:09 | WARNING  | [lf.day.no_flights] No direct flights on 22APR
2026-01-25 07:20:09 | INFO     | [SUCCESS] Day 22APR
2026-01-25 07:20:09 | INFO     | [DAY_START] Processing 21APR
2026-01-25 07:20:09 | INFO     | [lf.day.start] Processing TUU-ATZ for 21APR
2026-01-25 07:20:10 | WARNING  | [lf.day.no_flights] No direct flights on 21APR
2026-01-25 07:20:10 | INFO     | [SUCCESS] Day 21APR
2026-01-25 07:20:10 | INFO     | [SUCCESS] LF Search Complete
2026-01-25 07:20:10 | INFO     | [Worker_9233] Completed: TUU-ATZ - 8 results, 0 errors
2026-01-25 07:20:10 | INFO     | [Worker_9233] Processing: AHB-CAI
2026-01-25 07:20:10 | INFO     |   Tier 0: Range 3, Chunk 1/4 (8 days)
