2026-01-25 07:17:50 | INFO     | ======================================================================
2026-01-25 07:17:50 | INFO     | Load Factor Scraper Started - Route: YNB-CAI
2026-01-25 07:17:50 | INFO     | Log file: D:\CODERED\LAB\Artifacts\outputs\run_generated_250126_at_07.06\logs\LF_YNB-CAI_20260125_071750.log
2026-01-25 07:17:50 | INFO     | Enhanced logging: Capturing both logging.info() and print()
2026-01-25 07:17:50 | INFO     | ======================================================================
2026-01-25 07:17:50 | INFO     | Starting LF search for route: YNB-CAI
2026-01-25 07:17:50 | INFO     | [START] LF Search
2026-01-25 07:17:51 | INFO     | [HEALTH CHECK] [OK] Chrome connection is healthy
2026-01-25 07:17:51 | INFO     | [DAY_START] Processing 06MAY
2026-01-25 07:17:51 | INFO     | [lf.day.start] Processing YNB-CAI for 06MAY
2026-01-25 07:17:52 | WARNING  | [lf.day.no_flights] No direct flights on 06MAY
2026-01-25 07:17:52 | INFO     | [SUCCESS] Day 06MAY
2026-01-25 07:17:52 | INFO     | [DAY_START] Processing 05MAY
2026-01-25 07:17:52 | INFO     | [lf.day.start] Processing YNB-CAI for 05MAY
2026-01-25 07:17:53 | INFO     | [lf.day.flights_found] Found 1 flights on 05MAY
2026-01-25 07:17:55 | INFO     | [lf.flight.extracted] SM442 on 05MAY: BKG=0, LF=0.0%
2026-01-25 07:17:56 | INFO     | [SUCCESS] Day 05MAY
2026-01-25 07:17:56 | INFO     | [DAY_START] Processing 04MAY
2026-01-25 07:17:56 | INFO     | [lf.day.start] Processing YNB-CAI for 04MAY
2026-01-25 07:17:57 | INFO     | [lf.day.flights_found] Found 1 flights on 04MAY
2026-01-25 07:18:00 | INFO     | [lf.flight.extracted] SM442 on 04MAY: BKG=0, LF=0.0%
2026-01-25 07:18:01 | INFO     | [SUCCESS] Day 04MAY
2026-01-25 07:18:01 | INFO     | [DAY_START] Processing 03MAY
2026-01-25 07:18:01 | INFO     | [lf.day.start] Processing YNB-CAI for 03MAY
2026-01-25 07:18:03 | INFO     | [lf.day.flights_found] Found 1 flights on 03MAY
2026-01-25 07:18:06 | INFO     | [lf.flight.extracted] SM442 on 03MAY: BKG=0, LF=0.0%
2026-01-25 07:18:07 | INFO     | [SUCCESS] Day 03MAY
2026-01-25 07:18:07 | INFO     | [DAY_START] Processing 02MAY
2026-01-25 07:18:07 | INFO     | [lf.day.start] Processing YNB-CAI for 02MAY
2026-01-25 07:18:08 | INFO     | [lf.day.flights_found] Found 2 flights on 02MAY
2026-01-25 07:18:10 | INFO     | [lf.flight.extracted] SM442 on 02MAY: BKG=1, LF=0.6%
2026-01-25 07:18:13 | INFO     | [lf.flight.extracted] SM448 on 02MAY: BKG=0, LF=0.0%
2026-01-25 07:18:15 | INFO     | [SUCCESS] Day 02MAY
2026-01-25 07:18:15 | INFO     | [DAY_START] Processing 01MAY
2026-01-25 07:18:15 | INFO     | [lf.day.start] Processing YNB-CAI for 01MAY
2026-01-25 07:18:17 | INFO     | [lf.day.flights_found] Found 1 flights on 01MAY
2026-01-25 07:18:19 | INFO     | [lf.flight.extracted] SM442 on 01MAY: BKG=2, LF=1.1%
2026-01-25 07:18:21 | INFO     | [SUCCESS] Day 01MAY
2026-01-25 07:18:21 | INFO     | [DAY_START] Processing 30APR
2026-01-25 07:18:21 | INFO     | [lf.day.start] Processing YNB-CAI for 30APR
2026-01-25 07:18:23 | INFO     | [lf.day.flights_found] Found 1 flights on 30APR
2026-01-25 07:18:25 | INFO     | [lf.flight.extracted] SM442 on 30APR: BKG=0, LF=0.0%
2026-01-25 07:18:26 | INFO     | [SUCCESS] Day 30APR
2026-01-25 07:18:26 | INFO     | [DAY_START] Processing 29APR
2026-01-25 07:18:26 | INFO     | [lf.day.start] Processing YNB-CAI for 29APR
2026-01-25 07:18:27 | WARNING  | [lf.day.no_flights] No direct flights on 29APR
2026-01-25 07:18:27 | INFO     | [SUCCESS] Day 29APR
2026-01-25 07:18:27 | INFO     | [SUCCESS] LF Search Complete
2026-01-25 07:18:27 | INFO     | [Worker_9224] Completed: YNB-CAI - 8 results, 0 errors
2026-01-25 07:18:27 | INFO     | [Worker_9224] Processing: LXR-JED
2026-01-25 07:18:27 | INFO     |   Tier 0: Range 4, Chunk 4/4 (8 days)
