2026-01-25 07:47:22 | INFO     | ======================================================================
2026-01-25 07:47:22 | INFO     | Load Factor Scraper Started - Route: YNB-CAI
2026-01-25 07:47:22 | INFO     | Log file: D:\CODERED\LAB\Artifacts\outputs\run_generated_250126_at_07.06\logs\LF_YNB-CAI_20260125_074722.log
2026-01-25 07:47:22 | INFO     | Enhanced logging: Capturing both logging.info() and print()
2026-01-25 07:47:22 | INFO     | ======================================================================
2026-01-25 07:47:22 | INFO     | Starting LF search for route: YNB-CAI
2026-01-25 07:47:22 | INFO     | [START] LF Search
2026-01-25 07:47:24 | INFO     | [HEALTH CHECK] [OK] Chrome connection is healthy
2026-01-25 07:47:24 | INFO     | [DAY_START] Processing 24FEB
2026-01-25 07:47:24 | INFO     | [lf.day.start] Processing YNB-CAI for 24FEB
2026-01-25 07:47:26 | INFO     | [lf.day.flights_found] Found 2 flights on 24FEB
2026-01-25 07:47:28 | INFO     | [lf.flight.extracted] SM942 on 24FEB: BKG=138, LF=82.6%
2026-01-25 07:47:33 | INFO     | [lf.flight.extracted] SM442 on 24FEB: BKG=150, LF=87.2%
2026-01-25 07:47:39 | INFO     | [SUCCESS] Day 24FEB
2026-01-25 07:47:39 | INFO     | [DAY_START] Processing 23FEB
2026-01-25 07:47:39 | INFO     | [lf.day.start] Processing YNB-CAI for 23FEB
2026-01-25 07:47:41 | INFO     | [lf.day.flights_found] Found 3 flights on 23FEB
2026-01-25 07:47:43 | INFO     | [lf.flight.extracted] SM986 on 23FEB: BKG=170, LF=101.8%
2026-01-25 07:47:47 | INFO     | [lf.flight.extracted] SM932 on 23FEB: BKG=0, LF=0.0%
2026-01-25 07:47:51 | INFO     | [lf.flight.extracted] SM442 on 23FEB: BKG=154, LF=88.0%
2026-01-25 07:47:57 | INFO     | [SUCCESS] Day 23FEB
2026-01-25 07:47:57 | INFO     | [DAY_START] Processing 22FEB
2026-01-25 07:47:57 | INFO     | [lf.day.start] Processing YNB-CAI for 22FEB
2026-01-25 07:47:58 | INFO     | [lf.day.flights_found] Found 3 flights on 22FEB
2026-01-25 07:48:01 | INFO     | [lf.flight.extracted] SM442 on 22FEB: BKG=0, LF=0.0%
2026-01-25 07:48:05 | INFO     | [lf.flight.extracted] SM988 on 22FEB: BKG=80, LF=47.9%
2026-01-25 07:48:08 | INFO     | [lf.flight.extracted] SM956 on 22FEB: BKG=92, LF=52.6%
2026-01-25 07:48:12 | INFO     | [SUCCESS] Day 22FEB
2026-01-25 07:48:12 | INFO     | [DAY_START] Processing 21FEB
2026-01-25 07:48:12 | INFO     | [lf.day.start] Processing YNB-CAI for 21FEB
2026-01-25 07:48:14 | INFO     | [lf.day.flights_found] Found 1 flights on 21FEB
2026-01-25 07:48:16 | INFO     | [lf.flight.extracted] SM442 on 21FEB: BKG=49, LF=28.0%
2026-01-25 07:48:19 | INFO     | [SUCCESS] Day 21FEB
2026-01-25 07:48:19 | INFO     | [DAY_START] Processing 20FEB
2026-01-25 07:48:19 | INFO     | [lf.day.start] Processing YNB-CAI for 20FEB
2026-01-25 07:48:20 | INFO     | [lf.day.flights_found] Found 1 flights on 20FEB
2026-01-25 07:48:23 | INFO     | [lf.flight.extracted] SM442 on 20FEB: BKG=4, LF=2.3%
2026-01-25 07:48:26 | INFO     | [SUCCESS] Day 20FEB
2026-01-25 07:48:26 | INFO     | [DAY_START] Processing 19FEB
2026-01-25 07:48:26 | INFO     | [lf.day.start] Processing YNB-CAI for 19FEB
2026-01-25 07:48:27 | INFO     | [lf.day.flights_found] Found 1 flights on 19FEB
2026-01-25 07:48:30 | INFO     | [lf.flight.extracted] SM442 on 19FEB: BKG=6, LF=3.5%
2026-01-25 07:48:33 | INFO     | [SUCCESS] Day 19FEB
2026-01-25 07:48:33 | INFO     | [DAY_START] Processing 18FEB
2026-01-25 07:48:33 | INFO     | [lf.day.start] Processing YNB-CAI for 18FEB
2026-01-25 07:48:35 | INFO     | [lf.day.flights_found] Found 2 flights on 18FEB
2026-01-25 07:48:51 | INFO     | [lf.flight.extracted] SM942 on 18FEB: BKG=0, LF=0.0%
2026-01-25 07:48:55 | INFO     | [lf.flight.extracted] SM442 on 18FEB: BKG=7, LF=4.0%
2026-01-25 07:48:58 | INFO     | [SUCCESS] Day 18FEB
2026-01-25 07:48:58 | INFO     | [DAY_START] Processing 17FEB
2026-01-25 07:48:58 | INFO     | [lf.day.start] Processing YNB-CAI for 17FEB
2026-01-25 07:49:00 | INFO     | [lf.day.flights_found] Found 1 flights on 17FEB
2026-01-25 07:49:03 | INFO     | [lf.flight.extracted] SM442 on 17FEB: BKG=13, LF=7.6%
2026-01-25 07:49:06 | INFO     | [SUCCESS] Day 17FEB
2026-01-25 07:49:06 | INFO     | [SUCCESS] LF Search Complete
2026-01-25 07:49:06 | INFO     | [Worker_9223] Completed: YNB-CAI - 8 results, 0 errors
2026-01-25 07:49:06 | INFO     | [Worker_9223] Processing: ATZ-RUH
2026-01-25 07:49:06 | INFO     |   Tier 0: Range 1, Chunk 1/4 (8 days)
