2026-01-25 07:43:20 | INFO     | ======================================================================
2026-01-25 07:43:20 | INFO     | Load Factor Scraper Started - Route: YNB-CAI
2026-01-25 07:43:20 | INFO     | Log file: D:\CODERED\LAB\Artifacts\outputs\run_generated_250126_at_07.06\logs\LF_YNB-CAI_20260125_074320.log
2026-01-25 07:43:20 | INFO     | Enhanced logging: Capturing both logging.info() and print()
2026-01-25 07:43:20 | INFO     | ======================================================================
2026-01-25 07:43:20 | INFO     | Starting LF search for route: YNB-CAI
2026-01-25 07:43:20 | INFO     | [START] LF Search
2026-01-25 07:43:20 | INFO     | [HEALTH CHECK] [OK] Chrome connection is healthy
2026-01-25 07:43:20 | INFO     | [DAY_START] Processing 03MAR
2026-01-25 07:43:20 | INFO     | [lf.day.start] Processing YNB-CAI for 03MAR
2026-01-25 07:43:22 | INFO     | [lf.day.flights_found] Found 1 flights on 03MAR
2026-01-25 07:43:24 | INFO     | [lf.flight.extracted] SM442 on 03MAR: BKG=45, LF=25.7%
2026-01-25 07:43:28 | INFO     | [SUCCESS] Day 03MAR
2026-01-25 07:43:28 | INFO     | [DAY_START] Processing 02MAR
2026-01-25 07:43:28 | INFO     | [lf.day.start] Processing YNB-CAI for 02MAR
2026-01-25 07:43:29 | INFO     | [lf.day.flights_found] Found 1 flights on 02MAR
2026-01-25 07:43:31 | INFO     | [lf.flight.extracted] SM442 on 02MAR: BKG=80, LF=45.7%
2026-01-25 07:43:35 | INFO     | [SUCCESS] Day 02MAR
2026-01-25 07:43:35 | INFO     | [DAY_START] Processing 01MAR
2026-01-25 07:43:35 | INFO     | [lf.day.start] Processing YNB-CAI for 01MAR
2026-01-25 07:43:36 | INFO     | [lf.day.flights_found] Found 1 flights on 01MAR
2026-01-25 07:43:38 | INFO     | [lf.flight.extracted] SM442 on 01MAR: BKG=39, LF=22.3%
2026-01-25 07:43:42 | INFO     | [SUCCESS] Day 01MAR
2026-01-25 07:43:42 | INFO     | [DAY_START] Processing 28FEB
2026-01-25 07:43:42 | INFO     | [lf.day.start] Processing YNB-CAI for 28FEB
2026-01-25 07:43:43 | INFO     | [lf.day.flights_found] Found 1 flights on 28FEB
2026-01-25 07:43:45 | INFO     | [lf.flight.extracted] SM442 on 28FEB: BKG=24, LF=13.7%
2026-01-25 07:43:49 | INFO     | [SUCCESS] Day 28FEB
2026-01-25 07:43:49 | INFO     | [DAY_START] Processing 27FEB
2026-01-25 07:43:49 | INFO     | [lf.day.start] Processing YNB-CAI for 27FEB
2026-01-25 07:43:50 | INFO     | [lf.day.flights_found] Found 1 flights on 27FEB
2026-01-25 07:43:52 | INFO     | [lf.flight.extracted] SM442 on 27FEB: BKG=167, LF=95.4%
2026-01-25 07:43:56 | INFO     | [SUCCESS] Day 27FEB
2026-01-25 07:43:56 | INFO     | [DAY_START] Processing 26FEB
2026-01-25 07:43:56 | INFO     | [lf.day.start] Processing YNB-CAI for 26FEB
2026-01-25 07:43:57 | INFO     | [lf.day.flights_found] Found 1 flights on 26FEB
2026-01-25 07:43:59 | INFO     | [lf.flight.extracted] SM442 on 26FEB: BKG=167, LF=95.4%
2026-01-25 07:44:03 | INFO     | [SUCCESS] Day 26FEB
2026-01-25 07:44:03 | INFO     | [DAY_START] Processing 25FEB
2026-01-25 07:44:03 | INFO     | [lf.day.start] Processing YNB-CAI for 25FEB
2026-01-25 07:44:04 | INFO     | [lf.day.flights_found] Found 2 flights on 25FEB
2026-01-25 07:44:06 | INFO     | [lf.flight.extracted] SM984 on 25FEB: BKG=81, LF=46.3%
2026-01-25 07:44:10 | INFO     | [lf.flight.extracted] SM442 on 25FEB: BKG=157, LF=89.7%
2026-01-25 07:44:16 | INFO     | [SUCCESS] Day 25FEB
2026-01-25 07:44:16 | INFO     | [SUCCESS] LF Search Complete
2026-01-25 07:44:16 | INFO     | [Worker_9223] Completed: YNB-CAI - 7 results, 0 errors
2026-01-25 07:44:16 | INFO     | [Worker_9223] Processing: LXR-JED
2026-01-25 07:44:16 | INFO     |   Tier 0: Range 2, Chunk 4/4 (7 days)
