2026-01-19 05:19:50 | INFO     | ======================================================================
2026-01-19 05:19:50 | INFO     | Load Factor Scraper Started - Route: ELQ-CAI
2026-01-19 05:19:50 | INFO     | Log file: D:\CODERED\LAB\Artifacts\outputs\run_generated_190126_at_05.18_RETRY\logs\LF_ELQ-CAI_20260119_051950.log
2026-01-19 05:19:50 | INFO     | Enhanced logging: Capturing both logging.info() and print()
2026-01-19 05:19:50 | INFO     | ======================================================================
2026-01-19 05:19:50 | INFO     | Starting LF search for route: ELQ-CAI
2026-01-19 05:19:50 | INFO     | [START] LF Search
2026-01-19 05:19:51 | INFO     | [HEALTH CHECK] [OK] Chrome connection is healthy
2026-01-19 05:19:51 | INFO     | [DAY_START] Processing 29APR
2026-01-19 05:19:51 | INFO     | [lf.day.start] Processing ELQ-CAI for 29APR
2026-01-19 05:19:52 | INFO     | [lf.day.flights_found] Found 1 flights on 29APR
2026-01-19 05:19:54 | INFO     | [lf.flight.extracted] SM428 on 29APR: BKG=0, LF=0.0%
2026-01-19 05:19:56 | INFO     | [SUCCESS] Day 29APR
2026-01-19 05:19:56 | INFO     | [DAY_START] Processing 28APR
2026-01-19 05:19:56 | INFO     | [lf.day.start] Processing ELQ-CAI for 28APR
2026-01-19 05:19:57 | INFO     | [lf.day.flights_found] Found 1 flights on 28APR
2026-01-19 05:19:59 | INFO     | [lf.flight.extracted] SM428 on 28APR: BKG=1, LF=0.6%
2026-01-19 05:20:02 | INFO     | [SUCCESS] Day 28APR
2026-01-19 05:20:02 | INFO     | [DAY_START] Processing 27APR
2026-01-19 05:20:02 | INFO     | [lf.day.start] Processing ELQ-CAI for 27APR
2026-01-19 05:20:04 | WARNING  | [lf.day.no_flights] No direct flights on 27APR
2026-01-19 05:20:04 | INFO     | [SUCCESS] Day 27APR
2026-01-19 05:20:04 | INFO     | [DAY_START] Processing 26APR
2026-01-19 05:20:04 | INFO     | [lf.day.start] Processing ELQ-CAI for 26APR
2026-01-19 05:20:05 | WARNING  | [lf.day.no_flights] No direct flights on 26APR
2026-01-19 05:20:05 | INFO     | [SUCCESS] Day 26APR
2026-01-19 05:20:05 | INFO     | [DAY_START] Processing 25APR
2026-01-19 05:20:05 | INFO     | [lf.day.start] Processing ELQ-CAI for 25APR
2026-01-19 05:20:06 | WARNING  | [lf.day.no_flights] No direct flights on 25APR
2026-01-19 05:20:06 | INFO     | [SUCCESS] Day 25APR
2026-01-19 05:20:06 | INFO     | [DAY_START] Processing 24APR
2026-01-19 05:20:06 | INFO     | [lf.day.start] Processing ELQ-CAI for 24APR
2026-01-19 05:20:07 | INFO     | [lf.day.flights_found] Found 1 flights on 24APR
