2026-01-19 05:19:26 | INFO     | ======================================================================
2026-01-19 05:19:26 | INFO     | Load Factor Scraper Started - Route: TUU-CAI
2026-01-19 05:19:26 | INFO     | Log file: D:\CODERED\LAB\Artifacts\outputs\run_generated_190126_at_05.18_RETRY\logs\LF_TUU-CAI_20260119_051926.log
2026-01-19 05:19:26 | INFO     | Enhanced logging: Capturing both logging.info() and print()
2026-01-19 05:19:26 | INFO     | ======================================================================
2026-01-19 05:19:26 | INFO     | Starting LF search for route: TUU-CAI
2026-01-19 05:19:26 | INFO     | [START] LF Search
2026-01-19 05:19:27 | INFO     | [HEALTH CHECK] [OK] Chrome connection is healthy
2026-01-19 05:19:27 | INFO     | [DAY_START] Processing 29APR
2026-01-19 05:19:27 | INFO     | [lf.day.start] Processing TUU-CAI for 29APR
2026-01-19 05:19:28 | WARNING  | [lf.day.no_flights] No direct flights on 29APR
2026-01-19 05:19:28 | INFO     | [SUCCESS] Day 29APR
2026-01-19 05:19:28 | INFO     | [DAY_START] Processing 28APR
2026-01-19 05:19:28 | INFO     | [lf.day.start] Processing TUU-CAI for 28APR
2026-01-19 05:19:30 | INFO     | [lf.day.flights_found] Found 1 flights on 28APR
2026-01-19 05:19:32 | INFO     | [lf.flight.extracted] SM326 on 28APR: BKG=0, LF=0.0%
2026-01-19 05:19:34 | INFO     | [SUCCESS] Day 28APR
2026-01-19 05:19:34 | INFO     | [DAY_START] Processing 27APR
2026-01-19 05:19:34 | INFO     | [lf.day.start] Processing TUU-CAI for 27APR
2026-01-19 05:19:35 | WARNING  | [lf.day.no_flights] No direct flights on 27APR
2026-01-19 05:19:35 | INFO     | [SUCCESS] Day 27APR
2026-01-19 05:19:35 | INFO     | [DAY_START] Processing 26APR
2026-01-19 05:19:35 | INFO     | [lf.day.start] Processing TUU-CAI for 26APR
2026-01-19 05:19:37 | WARNING  | [lf.day.no_flights] No direct flights on 26APR
2026-01-19 05:19:37 | INFO     | [SUCCESS] Day 26APR
2026-01-19 05:19:37 | INFO     | [DAY_START] Processing 25APR
2026-01-19 05:19:37 | INFO     | [lf.day.start] Processing TUU-CAI for 25APR
2026-01-19 05:19:38 | INFO     | [lf.day.flights_found] Found 1 flights on 25APR
2026-01-19 05:19:41 | INFO     | [lf.flight.extracted] SM326 on 25APR: BKG=0, LF=0.0%
2026-01-19 05:19:43 | INFO     | [SUCCESS] Day 25APR
2026-01-19 05:19:43 | INFO     | [DAY_START] Processing 24APR
2026-01-19 05:19:43 | INFO     | [lf.day.start] Processing TUU-CAI for 24APR
2026-01-19 05:19:44 | INFO     | [lf.day.flights_found] Found 1 flights on 24APR
2026-01-19 05:19:47 | INFO     | [lf.flight.extracted] SM326 on 24APR: BKG=0, LF=0.0%
2026-01-19 05:19:48 | INFO     | [SUCCESS] Day 24APR
2026-01-19 05:19:48 | INFO     | [DAY_START] Processing 23APR
2026-01-19 05:19:48 | INFO     | [lf.day.start] Processing TUU-CAI for 23APR
2026-01-19 05:19:50 | INFO     | [lf.day.flights_found] Found 1 flights on 23APR
2026-01-19 05:19:52 | INFO     | [lf.flight.extracted] SM326 on 23APR: BKG=1, LF=0.6%
2026-01-19 05:19:56 | INFO     | [SUCCESS] Day 23APR
2026-01-19 05:19:56 | INFO     | [DAY_START] Processing 22APR
2026-01-19 05:19:56 | INFO     | [lf.day.start] Processing TUU-CAI for 22APR
2026-01-19 05:19:58 | WARNING  | [lf.day.no_flights] No direct flights on 22APR
2026-01-19 05:19:58 | INFO     | [SUCCESS] Day 22APR
2026-01-19 05:19:58 | INFO     | [DAY_START] Processing 21APR
2026-01-19 05:19:58 | INFO     | [lf.day.start] Processing TUU-CAI for 21APR
2026-01-19 05:19:59 | INFO     | [lf.day.flights_found] Found 1 flights on 21APR
2026-01-19 05:20:02 | INFO     | [lf.flight.extracted] SM326 on 21APR: BKG=0, LF=0.0%
2026-01-19 05:20:03 | INFO     | [SUCCESS] Day 21APR
2026-01-19 05:20:03 | INFO     | [SUCCESS] LF Search Complete
2026-01-19 05:20:03 | INFO     | [Worker_9224] Completed: TUU-CAI - 9 results, 0 errors
2026-01-19 05:20:03 | INFO     | [Worker_9224] Processing: CAI-MED
2026-01-19 05:20:03 | INFO     |   Tier 0: Range 4, Chunk 1/3 (9 days)
