2026-01-22 11:21:40 | INFO     | ======================================================================
2026-01-22 11:21:40 | INFO     | Load Factor Scraper Started - Route: AHB-CAI
2026-01-22 11:21:40 | INFO     | Log file: D:\CODERED\LAB\Artifacts\outputs\run_generated_220126_at_11.20\logs\LF_AHB-CAI_20260122_112140.log
2026-01-22 11:21:40 | INFO     | Enhanced logging: Capturing both logging.info() and print()
2026-01-22 11:21:40 | INFO     | ======================================================================
2026-01-22 11:21:40 | INFO     | Starting LF search for route: AHB-CAI
2026-01-22 11:21:40 | INFO     | [START] LF Search
2026-01-22 11:21:41 | INFO     | [HEALTH CHECK] [OK] Chrome connection is healthy
2026-01-22 11:21:41 | INFO     | [DAY_START] Processing 01JUN
2026-01-22 11:21:41 | INFO     | [lf.day.start] Processing AHB-CAI for 01JUN
2026-01-22 11:21:43 | INFO     | [lf.day.flights_found] Found 1 flights on 01JUN
2026-01-22 11:21:45 | INFO     | [lf.flight.extracted] SM444 on 01JUN: BKG=0, LF=0.0%
2026-01-22 11:21:47 | INFO     | [SUCCESS] Day 01JUN
2026-01-22 11:21:47 | INFO     | [DAY_START] Processing 31MAY
2026-01-22 11:21:47 | INFO     | [lf.day.start] Processing AHB-CAI for 31MAY
2026-01-22 11:21:48 | WARNING  | [lf.day.no_flights] No direct flights on 31MAY
2026-01-22 11:21:48 | INFO     | [SUCCESS] Day 31MAY
2026-01-22 11:21:48 | INFO     | [DAY_START] Processing 30MAY
2026-01-22 11:21:48 | INFO     | [lf.day.start] Processing AHB-CAI for 30MAY
2026-01-22 11:21:50 | INFO     | [lf.day.flights_found] Found 1 flights on 30MAY
2026-01-22 11:21:52 | INFO     | [lf.flight.extracted] SM444 on 30MAY: BKG=0, LF=0.0%
2026-01-22 11:21:54 | INFO     | [SUCCESS] Day 30MAY
2026-01-22 11:21:54 | INFO     | [DAY_START] Processing 29MAY
2026-01-22 11:21:54 | INFO     | [lf.day.start] Processing AHB-CAI for 29MAY
2026-01-22 11:21:55 | WARNING  | [lf.day.no_flights] No direct flights on 29MAY
2026-01-22 11:21:55 | INFO     | [SUCCESS] Day 29MAY
2026-01-22 11:21:55 | INFO     | [DAY_START] Processing 28MAY
2026-01-22 11:21:55 | INFO     | [lf.day.start] Processing AHB-CAI for 28MAY
2026-01-22 11:21:56 | INFO     | [lf.day.flights_found] Found 1 flights on 28MAY
2026-01-22 11:21:58 | INFO     | [lf.flight.extracted] SM444 on 28MAY: BKG=12, LF=7.2%
2026-01-22 11:22:02 | INFO     | [SUCCESS] Day 28MAY
2026-01-22 11:22:02 | INFO     | [DAY_START] Processing 27MAY
2026-01-22 11:22:02 | INFO     | [lf.day.start] Processing AHB-CAI for 27MAY
2026-01-22 11:22:03 | INFO     | [lf.day.flights_found] Found 1 flights on 27MAY
2026-01-22 11:22:06 | INFO     | [lf.flight.extracted] SM444 on 27MAY: BKG=13, LF=7.4%
2026-01-22 11:22:09 | INFO     | [SUCCESS] Day 27MAY
2026-01-22 11:22:09 | INFO     | [DAY_START] Processing 26MAY
2026-01-22 11:22:09 | INFO     | [lf.day.start] Processing AHB-CAI for 26MAY
2026-01-22 11:22:11 | WARNING  | [lf.day.no_flights] No direct flights on 26MAY
2026-01-22 11:22:11 | INFO     | [SUCCESS] Day 26MAY
2026-01-22 11:22:11 | INFO     | [DAY_START] Processing 25MAY
2026-01-22 11:22:11 | INFO     | [lf.day.start] Processing AHB-CAI for 25MAY
2026-01-22 11:22:12 | INFO     | [lf.day.flights_found] Found 1 flights on 25MAY
2026-01-22 11:22:14 | INFO     | [lf.flight.extracted] SM444 on 25MAY: BKG=1, LF=0.6%
2026-01-22 11:22:17 | INFO     | [SUCCESS] Day 25MAY
2026-01-22 11:22:17 | INFO     | [DAY_START] Processing 24MAY
2026-01-22 11:22:17 | INFO     | [lf.day.start] Processing AHB-CAI for 24MAY
2026-01-22 11:22:18 | WARNING  | [lf.day.no_flights] No direct flights on 24MAY
2026-01-22 11:22:18 | INFO     | [SUCCESS] Day 24MAY
2026-01-22 11:22:18 | INFO     | [SUCCESS] LF Search Complete
2026-01-22 11:22:18 | INFO     | [Worker_9227] Completed: AHB-CAI - 9 results, 0 errors
2026-01-22 11:22:18 | INFO     | [Worker_9227] Processing: ATZ-JED
2026-01-22 11:22:18 | INFO     |   Tier 0: Range 4, Chunk 1/4 (9 days)
