2026-01-22 11:22:33 | INFO     | ======================================================================
2026-01-22 11:22:33 | INFO     | Load Factor Scraper Started - Route: ATZ-DMM
2026-01-22 11:22:33 | INFO     | Log file: D:\CODERED\LAB\Artifacts\outputs\run_generated_220126_at_11.20\logs\LF_ATZ-DMM_20260122_112233.log
2026-01-22 11:22:33 | INFO     | Enhanced logging: Capturing both logging.info() and print()
2026-01-22 11:22:33 | INFO     | ======================================================================
2026-01-22 11:22:33 | INFO     | Starting LF search for route: ATZ-DMM
2026-01-22 11:22:33 | INFO     | [START] LF Search
2026-01-22 11:22:44 | INFO     | [HEALTH CHECK] [OK] Chrome connection is healthy
2026-01-22 11:22:44 | INFO     | [DAY_START] Processing 01JUN
2026-01-22 11:22:44 | INFO     | [lf.day.start] Processing ATZ-DMM for 01JUN
2026-01-22 11:22:45 | WARNING  | [lf.day.no_flights] No direct flights on 01JUN
2026-01-22 11:22:45 | INFO     | [SUCCESS] Day 01JUN
2026-01-22 11:22:45 | INFO     | [DAY_START] Processing 31MAY
2026-01-22 11:22:45 | INFO     | [lf.day.start] Processing ATZ-DMM for 31MAY
2026-01-22 11:22:46 | WARNING  | [lf.day.no_flights] No direct flights on 31MAY
2026-01-22 11:22:46 | INFO     | [SUCCESS] Day 31MAY
2026-01-22 11:22:46 | INFO     | [DAY_START] Processing 30MAY
2026-01-22 11:22:46 | INFO     | [lf.day.start] Processing ATZ-DMM for 30MAY
2026-01-22 11:22:47 | WARNING  | [lf.day.no_flights] No direct flights on 30MAY
2026-01-22 11:22:47 | INFO     | [SUCCESS] Day 30MAY
2026-01-22 11:22:47 | INFO     | [DAY_START] Processing 29MAY
2026-01-22 11:22:47 | INFO     | [lf.day.start] Processing ATZ-DMM for 29MAY
2026-01-22 11:22:48 | WARNING  | [lf.day.no_flights] No direct flights on 29MAY
2026-01-22 11:22:48 | INFO     | [SUCCESS] Day 29MAY
2026-01-22 11:22:48 | INFO     | [DAY_START] Processing 28MAY
2026-01-22 11:22:48 | INFO     | [lf.day.start] Processing ATZ-DMM for 28MAY
2026-01-22 11:22:49 | WARNING  | [lf.day.no_flights] No direct flights on 28MAY
2026-01-22 11:22:50 | INFO     | [SUCCESS] Day 28MAY
2026-01-22 11:22:50 | INFO     | [DAY_START] Processing 27MAY
2026-01-22 11:22:50 | INFO     | [lf.day.start] Processing ATZ-DMM for 27MAY
2026-01-22 11:22:51 | WARNING  | [lf.day.no_flights] No direct flights on 27MAY
2026-01-22 11:22:51 | INFO     | [SUCCESS] Day 27MAY
2026-01-22 11:22:51 | INFO     | [DAY_START] Processing 26MAY
2026-01-22 11:22:51 | INFO     | [lf.day.start] Processing ATZ-DMM for 26MAY
2026-01-22 11:22:52 | WARNING  | [lf.day.no_flights] No direct flights on 26MAY
2026-01-22 11:22:52 | INFO     | [SUCCESS] Day 26MAY
2026-01-22 11:22:52 | INFO     | [DAY_START] Processing 25MAY
2026-01-22 11:22:52 | INFO     | [lf.day.start] Processing ATZ-DMM for 25MAY
2026-01-22 11:22:53 | WARNING  | [lf.day.no_flights] No direct flights on 25MAY
2026-01-22 11:22:53 | INFO     | [SUCCESS] Day 25MAY
2026-01-22 11:22:53 | INFO     | [DAY_START] Processing 24MAY
2026-01-22 11:22:53 | INFO     | [lf.day.start] Processing ATZ-DMM for 24MAY
2026-01-22 11:22:54 | WARNING  | [lf.day.no_flights] No direct flights on 24MAY
2026-01-22 11:22:55 | INFO     | [SUCCESS] Day 24MAY
2026-01-22 11:22:55 | INFO     | [SUCCESS] LF Search Complete
2026-01-22 11:22:55 | INFO     | [Worker_9224] Completed: ATZ-DMM - 9 results, 0 errors
2026-01-22 11:22:55 | INFO     | [Worker_9224] Processing: CAI-AJF
2026-01-22 11:22:55 | INFO     |   Tier 0: Range 4, Chunk 1/4 (9 days)
