2026-01-22 11:21:41 | INFO     | ======================================================================
2026-01-22 11:21:41 | INFO     | Load Factor Scraper Started - Route: AHB-ATZ
2026-01-22 11:21:41 | INFO     | Log file: D:\CODERED\LAB\Artifacts\outputs\run_generated_220126_at_11.20\logs\LF_AHB-ATZ_20260122_112141.log
2026-01-22 11:21:41 | INFO     | Enhanced logging: Capturing both logging.info() and print()
2026-01-22 11:21:41 | INFO     | ======================================================================
2026-01-22 11:21:41 | INFO     | Starting LF search for route: AHB-ATZ
2026-01-22 11:21:41 | INFO     | [START] LF Search
2026-01-22 11:21:42 | INFO     | [HEALTH CHECK] [OK] Chrome connection is healthy
2026-01-22 11:21:42 | INFO     | [DAY_START] Processing 01JUN
2026-01-22 11:21:42 | INFO     | [lf.day.start] Processing AHB-ATZ for 01JUN
2026-01-22 11:21:44 | WARNING  | [lf.day.no_flights] No direct flights on 01JUN
2026-01-22 11:21:44 | INFO     | [SUCCESS] Day 01JUN
2026-01-22 11:21:44 | INFO     | [DAY_START] Processing 31MAY
2026-01-22 11:21:44 | INFO     | [lf.day.start] Processing AHB-ATZ for 31MAY
2026-01-22 11:21:45 | WARNING  | [lf.day.no_flights] No direct flights on 31MAY
2026-01-22 11:21:45 | INFO     | [SUCCESS] Day 31MAY
2026-01-22 11:21:45 | INFO     | [DAY_START] Processing 30MAY
2026-01-22 11:21:45 | INFO     | [lf.day.start] Processing AHB-ATZ for 30MAY
2026-01-22 11:21:47 | WARNING  | [lf.day.no_flights] No direct flights on 30MAY
2026-01-22 11:21:47 | INFO     | [SUCCESS] Day 30MAY
2026-01-22 11:21:47 | INFO     | [DAY_START] Processing 29MAY
2026-01-22 11:21:47 | INFO     | [lf.day.start] Processing AHB-ATZ for 29MAY
2026-01-22 11:21:48 | WARNING  | [lf.day.no_flights] No direct flights on 29MAY
2026-01-22 11:21:48 | INFO     | [SUCCESS] Day 29MAY
2026-01-22 11:21:48 | INFO     | [DAY_START] Processing 28MAY
2026-01-22 11:21:48 | INFO     | [lf.day.start] Processing AHB-ATZ for 28MAY
2026-01-22 11:21:50 | WARNING  | [lf.day.no_flights] No direct flights on 28MAY
2026-01-22 11:21:50 | INFO     | [SUCCESS] Day 28MAY
2026-01-22 11:21:50 | INFO     | [DAY_START] Processing 27MAY
2026-01-22 11:21:50 | INFO     | [lf.day.start] Processing AHB-ATZ for 27MAY
2026-01-22 11:21:52 | WARNING  | [lf.day.no_flights] No direct flights on 27MAY
2026-01-22 11:21:52 | INFO     | [SUCCESS] Day 27MAY
2026-01-22 11:21:52 | INFO     | [DAY_START] Processing 26MAY
2026-01-22 11:21:52 | INFO     | [lf.day.start] Processing AHB-ATZ for 26MAY
2026-01-22 11:21:53 | WARNING  | [lf.day.no_flights] No direct flights on 26MAY
2026-01-22 11:21:53 | INFO     | [SUCCESS] Day 26MAY
2026-01-22 11:21:53 | INFO     | [DAY_START] Processing 25MAY
2026-01-22 11:21:53 | INFO     | [lf.day.start] Processing AHB-ATZ for 25MAY
2026-01-22 11:21:54 | WARNING  | [lf.day.no_flights] No direct flights on 25MAY
2026-01-22 11:21:54 | INFO     | [SUCCESS] Day 25MAY
2026-01-22 11:21:54 | INFO     | [DAY_START] Processing 24MAY
2026-01-22 11:21:54 | INFO     | [lf.day.start] Processing AHB-ATZ for 24MAY
2026-01-22 11:21:55 | WARNING  | [lf.day.no_flights] No direct flights on 24MAY
2026-01-22 11:21:55 | INFO     | [SUCCESS] Day 24MAY
2026-01-22 11:21:55 | INFO     | [SUCCESS] LF Search Complete
2026-01-22 11:21:55 | INFO     | [Worker_9226] Completed: AHB-ATZ - 9 results, 0 errors
2026-01-22 11:21:55 | INFO     | [Worker_9226] Processing: CAI-MED
2026-01-22 11:21:55 | INFO     |   Tier 0: Range 4, Chunk 1/4 (9 days)
