2026-01-22 11:22:19 | INFO     | ======================================================================
2026-01-22 11:22:19 | INFO     | Load Factor Scraper Started - Route: ASW-JED
2026-01-22 11:22:19 | INFO     | Log file: D:\CODERED\LAB\Artifacts\outputs\run_generated_220126_at_11.20\logs\LF_ASW-JED_20260122_112219.log
2026-01-22 11:22:19 | INFO     | Enhanced logging: Capturing both logging.info() and print()
2026-01-22 11:22:19 | INFO     | ======================================================================
2026-01-22 11:22:19 | INFO     | Starting LF search for route: ASW-JED
2026-01-22 11:22:19 | INFO     | [START] LF Search
2026-01-22 11:22:20 | INFO     | [HEALTH CHECK] [OK] Chrome connection is healthy
2026-01-22 11:22:20 | INFO     | [DAY_START] Processing 01JUN
2026-01-22 11:22:20 | INFO     | [lf.day.start] Processing ASW-JED for 01JUN
2026-01-22 11:22:21 | WARNING  | [lf.day.no_flights] No direct flights on 01JUN
2026-01-22 11:22:21 | INFO     | [SUCCESS] Day 01JUN
2026-01-22 11:22:21 | INFO     | [DAY_START] Processing 31MAY
2026-01-22 11:22:21 | INFO     | [lf.day.start] Processing ASW-JED for 31MAY
2026-01-22 11:22:22 | WARNING  | [lf.day.no_flights] No direct flights on 31MAY
2026-01-22 11:22:22 | INFO     | [SUCCESS] Day 31MAY
2026-01-22 11:22:22 | INFO     | [DAY_START] Processing 30MAY
2026-01-22 11:22:22 | INFO     | [lf.day.start] Processing ASW-JED for 30MAY
2026-01-22 11:22:24 | WARNING  | [lf.day.no_flights] No direct flights on 30MAY
2026-01-22 11:22:25 | INFO     | [SUCCESS] Day 30MAY
2026-01-22 11:22:25 | INFO     | [DAY_START] Processing 29MAY
2026-01-22 11:22:25 | INFO     | [lf.day.start] Processing ASW-JED for 29MAY
2026-01-22 11:22:27 | WARNING  | [lf.day.no_flights] No direct flights on 29MAY
2026-01-22 11:22:27 | INFO     | [SUCCESS] Day 29MAY
2026-01-22 11:22:27 | INFO     | [DAY_START] Processing 28MAY
2026-01-22 11:22:27 | INFO     | [lf.day.start] Processing ASW-JED for 28MAY
2026-01-22 11:22:28 | WARNING  | [lf.day.no_flights] No direct flights on 28MAY
2026-01-22 11:22:28 | INFO     | [SUCCESS] Day 28MAY
2026-01-22 11:22:28 | INFO     | [DAY_START] Processing 27MAY
2026-01-22 11:22:28 | INFO     | [lf.day.start] Processing ASW-JED for 27MAY
2026-01-22 11:22:30 | WARNING  | [lf.day.no_flights] No direct flights on 27MAY
2026-01-22 11:22:30 | INFO     | [SUCCESS] Day 27MAY
2026-01-22 11:22:30 | INFO     | [DAY_START] Processing 26MAY
2026-01-22 11:22:30 | INFO     | [lf.day.start] Processing ASW-JED for 26MAY
2026-01-22 11:22:31 | WARNING  | [lf.day.no_flights] No direct flights on 26MAY
2026-01-22 11:22:31 | INFO     | [SUCCESS] Day 26MAY
2026-01-22 11:22:31 | INFO     | [DAY_START] Processing 25MAY
2026-01-22 11:22:31 | INFO     | [lf.day.start] Processing ASW-JED for 25MAY
2026-01-22 11:22:32 | WARNING  | [lf.day.no_flights] No direct flights on 25MAY
2026-01-22 11:22:32 | INFO     | [SUCCESS] Day 25MAY
2026-01-22 11:22:32 | INFO     | [DAY_START] Processing 24MAY
2026-01-22 11:22:32 | INFO     | [lf.day.start] Processing ASW-JED for 24MAY
2026-01-22 11:22:33 | WARNING  | [lf.day.no_flights] No direct flights on 24MAY
2026-01-22 11:22:33 | INFO     | [SUCCESS] Day 24MAY
2026-01-22 11:22:33 | INFO     | [SUCCESS] LF Search Complete
2026-01-22 11:22:33 | INFO     | [Worker_9222] Completed: ASW-JED - 9 results, 0 errors
2026-01-22 11:22:33 | INFO     | [Worker_9222] Processing: CAI-TUU
2026-01-22 11:22:33 | INFO     |   Tier 0: Range 4, Chunk 1/4 (9 days)
