2026-01-22 11:22:33 | INFO     | ======================================================================
2026-01-22 11:22:33 | INFO     | Load Factor Scraper Started - Route: CAI-TUU
2026-01-22 11:22:33 | INFO     | Log file: D:\CODERED\LAB\Artifacts\outputs\run_generated_220126_at_11.20\logs\LF_CAI-TUU_20260122_112233.log
2026-01-22 11:22:33 | INFO     | Enhanced logging: Capturing both logging.info() and print()
2026-01-22 11:22:33 | INFO     | ======================================================================
2026-01-22 11:22:33 | INFO     | Starting LF search for route: CAI-TUU
2026-01-22 11:22:33 | INFO     | [START] LF Search
2026-01-22 11:22:34 | INFO     | [HEALTH CHECK] [OK] Chrome connection is healthy
2026-01-22 11:22:34 | INFO     | [DAY_START] Processing 01JUN
2026-01-22 11:22:34 | INFO     | [lf.day.start] Processing CAI-TUU for 01JUN
2026-01-22 11:22:35 | WARNING  | [lf.day.no_flights] No direct flights on 01JUN
2026-01-22 11:22:35 | INFO     | [SUCCESS] Day 01JUN
2026-01-22 11:22:35 | INFO     | [DAY_START] Processing 31MAY
2026-01-22 11:22:35 | INFO     | [lf.day.start] Processing CAI-TUU for 31MAY
2026-01-22 11:22:36 | WARNING  | [lf.day.no_flights] No direct flights on 31MAY
2026-01-22 11:22:37 | INFO     | [SUCCESS] Day 31MAY
2026-01-22 11:22:37 | INFO     | [DAY_START] Processing 30MAY
2026-01-22 11:22:37 | INFO     | [lf.day.start] Processing CAI-TUU for 30MAY
2026-01-22 11:22:38 | INFO     | [lf.day.flights_found] Found 1 flights on 30MAY
2026-01-22 11:22:40 | INFO     | [lf.flight.extracted] SM325 on 30MAY: BKG=0, LF=0.0%
2026-01-22 11:22:41 | INFO     | [SUCCESS] Day 30MAY
2026-01-22 11:22:41 | INFO     | [DAY_START] Processing 29MAY
2026-01-22 11:22:41 | INFO     | [lf.day.start] Processing CAI-TUU for 29MAY
2026-01-22 11:22:42 | INFO     | [lf.day.flights_found] Found 1 flights on 29MAY
2026-01-22 11:22:44 | INFO     | [lf.flight.extracted] SM325 on 29MAY: BKG=0, LF=0.0%
2026-01-22 11:22:45 | INFO     | [SUCCESS] Day 29MAY
2026-01-22 11:22:45 | INFO     | [DAY_START] Processing 28MAY
2026-01-22 11:22:45 | INFO     | [lf.day.start] Processing CAI-TUU for 28MAY
2026-01-22 11:22:46 | INFO     | [lf.day.flights_found] Found 1 flights on 28MAY
2026-01-22 11:22:48 | INFO     | [lf.flight.extracted] SM325 on 28MAY: BKG=0, LF=0.0%
2026-01-22 11:22:50 | INFO     | [SUCCESS] Day 28MAY
2026-01-22 11:22:50 | INFO     | [DAY_START] Processing 27MAY
2026-01-22 11:22:50 | INFO     | [lf.day.start] Processing CAI-TUU for 27MAY
2026-01-22 11:22:51 | WARNING  | [lf.day.no_flights] No direct flights on 27MAY
2026-01-22 11:22:51 | INFO     | [SUCCESS] Day 27MAY
2026-01-22 11:22:51 | INFO     | [DAY_START] Processing 26MAY
2026-01-22 11:22:51 | INFO     | [lf.day.start] Processing CAI-TUU for 26MAY
2026-01-22 11:22:52 | INFO     | [lf.day.flights_found] Found 1 flights on 26MAY
2026-01-22 11:22:54 | INFO     | [lf.flight.extracted] SM325 on 26MAY: BKG=0, LF=0.0%
2026-01-22 11:22:56 | INFO     | [SUCCESS] Day 26MAY
2026-01-22 11:22:56 | INFO     | [DAY_START] Processing 25MAY
2026-01-22 11:22:56 | INFO     | [lf.day.start] Processing CAI-TUU for 25MAY
2026-01-22 11:22:57 | WARNING  | [lf.day.no_flights] No direct flights on 25MAY
2026-01-22 11:22:57 | INFO     | [SUCCESS] Day 25MAY
2026-01-22 11:22:57 | INFO     | [DAY_START] Processing 24MAY
2026-01-22 11:22:57 | INFO     | [lf.day.start] Processing CAI-TUU for 24MAY
2026-01-22 11:22:58 | WARNING  | [lf.day.no_flights] No direct flights on 24MAY
2026-01-22 11:22:58 | INFO     | [SUCCESS] Day 24MAY
2026-01-22 11:22:58 | INFO     | [SUCCESS] LF Search Complete
2026-01-22 11:22:58 | INFO     | [Worker_9222] Completed: CAI-TUU - 9 results, 0 errors
2026-01-22 11:22:58 | INFO     | [Worker_9222] Processing: CAI-YNB
2026-01-22 11:22:58 | INFO     |   Tier 0: Range 4, Chunk 1/4 (9 days)
