2026-01-22 11:22:55 | INFO     | ======================================================================
2026-01-22 11:22:55 | INFO     | Load Factor Scraper Started - Route: CAI-AJF
2026-01-22 11:22:55 | INFO     | Log file: D:\CODERED\LAB\Artifacts\outputs\run_generated_220126_at_11.20\logs\LF_CAI-AJF_20260122_112255.log
2026-01-22 11:22:55 | INFO     | Enhanced logging: Capturing both logging.info() and print()
2026-01-22 11:22:55 | INFO     | ======================================================================
2026-01-22 11:22:55 | INFO     | Starting LF search for route: CAI-AJF
2026-01-22 11:22:55 | INFO     | [START] LF Search
2026-01-22 11:22:55 | INFO     | [HEALTH CHECK] [OK] Chrome connection is healthy
2026-01-22 11:22:55 | INFO     | [DAY_START] Processing 01JUN
2026-01-22 11:22:55 | INFO     | [lf.day.start] Processing CAI-AJF for 01JUN
2026-01-22 11:22:57 | WARNING  | [lf.day.no_flights] No direct flights on 01JUN
2026-01-22 11:22:57 | INFO     | [SUCCESS] Day 01JUN
2026-01-22 11:22:57 | INFO     | [DAY_START] Processing 31MAY
2026-01-22 11:22:57 | INFO     | [lf.day.start] Processing CAI-AJF for 31MAY
2026-01-22 11:22:58 | WARNING  | [lf.day.no_flights] No direct flights on 31MAY
2026-01-22 11:22:58 | INFO     | [SUCCESS] Day 31MAY
2026-01-22 11:22:58 | INFO     | [DAY_START] Processing 30MAY
2026-01-22 11:22:58 | INFO     | [lf.day.start] Processing CAI-AJF for 30MAY
2026-01-22 11:22:59 | INFO     | [lf.day.flights_found] Found 1 flights on 30MAY
2026-01-22 11:23:01 | INFO     | [lf.flight.extracted] SM321 on 30MAY: BKG=1, LF=0.6%
2026-01-22 11:23:03 | INFO     | [SUCCESS] Day 30MAY
2026-01-22 11:23:03 | INFO     | [DAY_START] Processing 29MAY
2026-01-22 11:23:03 | INFO     | [lf.day.start] Processing CAI-AJF for 29MAY
2026-01-22 11:23:04 | WARNING  | [lf.day.no_flights] No direct flights on 29MAY
2026-01-22 11:23:04 | INFO     | [SUCCESS] Day 29MAY
2026-01-22 11:23:04 | INFO     | [DAY_START] Processing 28MAY
2026-01-22 11:23:04 | INFO     | [lf.day.start] Processing CAI-AJF for 28MAY
2026-01-22 11:23:05 | INFO     | [lf.day.flights_found] Found 1 flights on 28MAY
2026-01-22 11:23:07 | INFO     | [lf.flight.extracted] SM321 on 28MAY: BKG=0, LF=0.0%
2026-01-22 11:23:09 | INFO     | [SUCCESS] Day 28MAY
2026-01-22 11:23:09 | INFO     | [DAY_START] Processing 27MAY
2026-01-22 11:23:09 | INFO     | [lf.day.start] Processing CAI-AJF for 27MAY
2026-01-22 11:23:10 | INFO     | [lf.day.flights_found] Found 1 flights on 27MAY
2026-01-22 11:23:12 | INFO     | [lf.flight.extracted] SM321 on 27MAY: BKG=0, LF=0.0%
2026-01-22 11:23:13 | INFO     | [SUCCESS] Day 27MAY
2026-01-22 11:23:13 | INFO     | [DAY_START] Processing 26MAY
2026-01-22 11:23:13 | INFO     | [lf.day.start] Processing CAI-AJF for 26MAY
2026-01-22 11:23:14 | WARNING  | [lf.day.no_flights] No direct flights on 26MAY
2026-01-22 11:23:14 | INFO     | [SUCCESS] Day 26MAY
2026-01-22 11:23:14 | INFO     | [DAY_START] Processing 25MAY
2026-01-22 11:23:14 | INFO     | [lf.day.start] Processing CAI-AJF for 25MAY
2026-01-22 11:23:15 | WARNING  | [lf.day.no_flights] No direct flights on 25MAY
2026-01-22 11:23:15 | INFO     | [SUCCESS] Day 25MAY
2026-01-22 11:23:15 | INFO     | [DAY_START] Processing 24MAY
2026-01-22 11:23:15 | INFO     | [lf.day.start] Processing CAI-AJF for 24MAY
2026-01-22 11:23:16 | WARNING  | [lf.day.no_flights] No direct flights on 24MAY
2026-01-22 11:23:16 | INFO     | [SUCCESS] Day 24MAY
2026-01-22 11:23:16 | INFO     | [SUCCESS] LF Search Complete
2026-01-22 11:23:16 | INFO     | [Worker_9224] Completed: CAI-AJF - 9 results, 0 errors
2026-01-22 11:23:16 | INFO     | [Worker_9224] Processing: MED-CAI
2026-01-22 11:23:16 | INFO     |   Tier 0: Range 4, Chunk 2/4 (8 days)
