2026-01-22 11:21:55 | INFO     | ======================================================================
2026-01-22 11:21:55 | INFO     | Load Factor Scraper Started - Route: CAI-MED
2026-01-22 11:21:55 | INFO     | Log file: D:\CODERED\LAB\Artifacts\outputs\run_generated_220126_at_11.20\logs\LF_CAI-MED_20260122_112155.log
2026-01-22 11:21:55 | INFO     | Enhanced logging: Capturing both logging.info() and print()
2026-01-22 11:21:55 | INFO     | ======================================================================
2026-01-22 11:21:55 | INFO     | Starting LF search for route: CAI-MED
2026-01-22 11:21:55 | INFO     | [START] LF Search
2026-01-22 11:21:56 | INFO     | [HEALTH CHECK] [OK] Chrome connection is healthy
2026-01-22 11:21:56 | INFO     | [DAY_START] Processing 01JUN
2026-01-22 11:21:56 | INFO     | [lf.day.start] Processing CAI-MED for 01JUN
2026-01-22 11:21:57 | WARNING  | [lf.day.no_flights] No direct flights on 01JUN
2026-01-22 11:21:57 | INFO     | [SUCCESS] Day 01JUN
2026-01-22 11:21:57 | INFO     | [DAY_START] Processing 31MAY
2026-01-22 11:21:57 | INFO     | [lf.day.start] Processing CAI-MED for 31MAY
2026-01-22 11:21:58 | INFO     | [lf.day.flights_found] Found 1 flights on 31MAY
2026-01-22 11:22:01 | INFO     | [lf.flight.extracted] SM493 on 31MAY: BKG=0, LF=0.0%
2026-01-22 11:22:02 | INFO     | [SUCCESS] Day 31MAY
2026-01-22 11:22:02 | INFO     | [DAY_START] Processing 30MAY
2026-01-22 11:22:02 | INFO     | [lf.day.start] Processing CAI-MED for 30MAY
2026-01-22 11:22:03 | WARNING  | [lf.day.no_flights] No direct flights on 30MAY
2026-01-22 11:22:04 | INFO     | [SUCCESS] Day 30MAY
2026-01-22 11:22:04 | INFO     | [DAY_START] Processing 29MAY
2026-01-22 11:22:04 | INFO     | [lf.day.start] Processing CAI-MED for 29MAY
2026-01-22 11:22:05 | WARNING  | [lf.day.no_flights] No direct flights on 29MAY
2026-01-22 11:22:05 | INFO     | [SUCCESS] Day 29MAY
2026-01-22 11:22:05 | INFO     | [DAY_START] Processing 28MAY
2026-01-22 11:22:05 | INFO     | [lf.day.start] Processing CAI-MED for 28MAY
2026-01-22 11:22:06 | INFO     | [lf.day.flights_found] Found 1 flights on 28MAY
2026-01-22 11:22:09 | INFO     | [lf.flight.extracted] SM493 on 28MAY: BKG=0, LF=0.0%
2026-01-22 11:22:10 | INFO     | [SUCCESS] Day 28MAY
2026-01-22 11:22:10 | INFO     | [DAY_START] Processing 27MAY
2026-01-22 11:22:10 | INFO     | [lf.day.start] Processing CAI-MED for 27MAY
2026-01-22 11:22:11 | INFO     | [lf.day.flights_found] Found 1 flights on 27MAY
2026-01-22 11:22:13 | INFO     | [lf.flight.extracted] SM493 on 27MAY: BKG=0, LF=0.0%
2026-01-22 11:22:15 | INFO     | [SUCCESS] Day 27MAY
2026-01-22 11:22:15 | INFO     | [DAY_START] Processing 26MAY
2026-01-22 11:22:15 | INFO     | [lf.day.start] Processing CAI-MED for 26MAY
2026-01-22 11:22:16 | INFO     | [lf.day.flights_found] Found 1 flights on 26MAY
2026-01-22 11:22:18 | INFO     | [lf.flight.extracted] SM493 on 26MAY: BKG=0, LF=0.0%
2026-01-22 11:22:19 | INFO     | [SUCCESS] Day 26MAY
2026-01-22 11:22:19 | INFO     | [DAY_START] Processing 25MAY
2026-01-22 11:22:19 | INFO     | [lf.day.start] Processing CAI-MED for 25MAY
2026-01-22 11:22:20 | WARNING  | [lf.day.no_flights] No direct flights on 25MAY
2026-01-22 11:22:20 | INFO     | [SUCCESS] Day 25MAY
2026-01-22 11:22:20 | INFO     | [DAY_START] Processing 24MAY
2026-01-22 11:22:20 | INFO     | [lf.day.start] Processing CAI-MED for 24MAY
2026-01-22 11:22:21 | INFO     | [lf.day.flights_found] Found 1 flights on 24MAY
2026-01-22 11:22:23 | INFO     | [lf.flight.extracted] SM493 on 24MAY: BKG=1, LF=0.6%
2026-01-22 11:22:28 | INFO     | [SUCCESS] Day 24MAY
2026-01-22 11:22:28 | INFO     | [SUCCESS] LF Search Complete
2026-01-22 11:22:28 | INFO     | [Worker_9226] Completed: CAI-MED - 9 results, 0 errors
2026-01-22 11:22:28 | INFO     | [Worker_9226] Processing: CAI-DMM
2026-01-22 11:22:28 | INFO     |   Tier 0: Range 4, Chunk 1/4 (9 days)
