
============================================================
     LF WORKER - PORT 9226
============================================================
Worker: Worker_9226
Status: READY
Waiting for tasks...
============================================================


============================================================
[Worker_9226] Processing: MED-CAI
  Tier 0: Range 3, Chunk 1/3
  Dates: 617 days
  Date Range: 2031-03-31 to 2029-07-23
============================================================

2026-01-16 06:39:29 | INFO     | ======================================================================
2026-01-16 06:39:29 | INFO     | Load Factor Scraper Started - Route: MED-CAI
2026-01-16 06:39:29 | INFO     | Log file: D:\CODERED\LAB\Artifacts\outputs\run_generated_160126_at_06.39\logs\LF_MED-CAI_20260116_063929.log
2026-01-16 06:39:29 | INFO     | Enhanced logging: Capturing both logging.info() and print()
2026-01-16 06:39:29 | INFO     | ======================================================================
[LF] Processing dates (override): ['31MAR', '30MAR', '29MAR', '28MAR', '27MAR', '26MAR', '25MAR', '24MAR', '23MAR', '22MAR', '21MAR', '20MAR', '19MAR', '18MAR', '17MAR', '16MAR', '15MAR', '14MAR', '13MAR', '12MAR', '11MAR', '10MAR', '09MAR', '08MAR', '07MAR', '06MAR', '05MAR', '04MAR', '03MAR', '02MAR', '01MAR', '28FEB', '27FEB', '26FEB', '25FEB', '24FEB', '23FEB', '22FEB', '21FEB', '20FEB', '19FEB', '18FEB', '17FEB', '16FEB', '15FEB', '14FEB', '13FEB', '12FEB', '11FEB', '10FEB', '09FEB', '08FEB', '07FEB', '06FEB', '05FEB', '04FEB', '03FEB', '02FEB', '01FEB', '31JAN', '30JAN', '29JAN', '28JAN', '27JAN', '26JAN', '25JAN', '24JAN', '23JAN', '22JAN', '21JAN', '20JAN', '19JAN', '18JAN', '17JAN', '16JAN', '15JAN', '14JAN', '13JAN', '12JAN', '11JAN', '10JAN', '09JAN', '08JAN', '07JAN', '06JAN', '05JAN', '04JAN', '03JAN', '02JAN', '01JAN', '31DEC', '30DEC', '29DEC', '28DEC', '27DEC', '26DEC', '25DEC', '24DEC', '23DEC', '22DEC', '21DEC', '20DEC', '19DEC', '18DEC', '17DEC', '16DEC', '15DEC', '14DEC', '13DEC', '12DEC', '11DEC', '10DEC', '09DEC', '08DEC', '07DEC', '06DEC', '05DEC', '04DEC', '03DEC', '02DEC', '01DEC', '30NOV', '29NOV', '28NOV', '27NOV', '26NOV', '25NOV', '24NOV', '23NOV', '22NOV', '21NOV', '20NOV', '19NOV', '18NOV', '17NOV', '16NOV', '15NOV', '14NOV', '13NOV', '12NOV', '11NOV', '10NOV', '09NOV', '08NOV', '07NOV', '06NOV', '05NOV', '04NOV', '03NOV', '02NOV', '01NOV', '31OCT', '30OCT', '29OCT', '28OCT', '27OCT', '26OCT', '25OCT', '24OCT', '23OCT', '22OCT', '21OCT', '20OCT', '19OCT', '18OCT', '17OCT', '16OCT', '15OCT', '14OCT', '13OCT', '12OCT', '11OCT', '10OCT', '09OCT', '08OCT', '07OCT', '06OCT', '05OCT', '04OCT', '03OCT', '02OCT', '01OCT', '30SEP', '29SEP', '28SEP', '27SEP', '26SEP', '25SEP', '24SEP', '23SEP', '22SEP', '21SEP', '20SEP', '19SEP', '18SEP', '17SEP', '16SEP', '15SEP', '14SEP', '13SEP', '12SEP', '11SEP', '10SEP', '09SEP', '08SEP', '07SEP', '06SEP', '05SEP', '04SEP', '03SEP', '02SEP', '01SEP', '31AUG', '30AUG', '29AUG', '28AUG', '27AUG', '26AUG', '25AUG', '24AUG', '23AUG', '22AUG', '21AUG', '20AUG', '19AUG', '18AUG', '17AUG', '16AUG', '15AUG', '14AUG', '13AUG', '12AUG', '11AUG', '10AUG', '09AUG', '08AUG', '07AUG', '06AUG', '05AUG', '04AUG', '03AUG', '02AUG', '01AUG', '31JUL', '30JUL', '29JUL', '28JUL', '27JUL', '26JUL', '25JUL', '24JUL', '23JUL', '22JUL', '21JUL', '20JUL', '19JUL', '18JUL', '17JUL', '16JUL', '15JUL', '14JUL', '13JUL', '12JUL', '11JUL', '10JUL', '09JUL', '08JUL', '07JUL', '06JUL', '05JUL', '04JUL', '03JUL', '02JUL', '01JUL', '30JUN', '29JUN', '28JUN', '27JUN', '26JUN', '25JUN', '24JUN', '23JUN', '22JUN', '21JUN', '20JUN', '19JUN', '18JUN', '17JUN', '16JUN', '15JUN', '14JUN', '13JUN', '12JUN', '11JUN', '10JUN', '09JUN', '08JUN', '07JUN', '06JUN', '05JUN', '04JUN', '03JUN', '02JUN', '01JUN', '31MAY', '30MAY', '29MAY', '28MAY', '27MAY', '26MAY', '25MAY', '24MAY', '23MAY', '22MAY', '21MAY', '20MAY', '19MAY', '18MAY', '17MAY', '16MAY', '15MAY', '14MAY', '13MAY', '12MAY', '11MAY', '10MAY', '09MAY', '08MAY', '07MAY', '06MAY', '05MAY', '04MAY', '03MAY', '02MAY', '01MAY', '30APR', '29APR', '28APR', '27APR', '26APR', '25APR', '24APR', '23APR', '22APR', '21APR', '20APR', '19APR', '18APR', '17APR', '16APR', '15APR', '14APR', '13APR', '12APR', '11APR', '10APR', '09APR', '08APR', '07APR', '06APR', '05APR', '04APR', '03APR', '02APR', '01APR', '31MAR', '30MAR', '29MAR', '28MAR', '27MAR', '26MAR', '25MAR', '24MAR', '23MAR', '22MAR', '21MAR', '20MAR', '19MAR', '18MAR', '17MAR', '16MAR', '15MAR', '14MAR', '13MAR', '12MAR', '11MAR', '10MAR', '09MAR', '08MAR', '07MAR', '06MAR', '05MAR', '04MAR', '03MAR', '02MAR', '01MAR', '28FEB', '27FEB', '26FEB', '25FEB', '24FEB', '23FEB', '22FEB', '21FEB', '20FEB', '19FEB', '18FEB', '17FEB', '16FEB', '15FEB', '14FEB', '13FEB', '12FEB', '11FEB', '10FEB', '09FEB', '08FEB', '07FEB', '06FEB', '05FEB', '04FEB', '03FEB', '02FEB', '01FEB', '31JAN', '30JAN', '29JAN', '28JAN', '27JAN', '26JAN', '25JAN', '24JAN', '23JAN', '22JAN', '21JAN', '20JAN', '19JAN', '18JAN', '17JAN', '16JAN', '15JAN', '14JAN', '13JAN', '12JAN', '11JAN', '10JAN', '09JAN', '08JAN', '07JAN', '06JAN', '05JAN', '04JAN', '03JAN', '02JAN', '01JAN', '31DEC', '30DEC', '29DEC', '28DEC', '27DEC', '26DEC', '25DEC', '24DEC', '23DEC', '22DEC', '21DEC', '20DEC', '19DEC', '18DEC', '17DEC', '16DEC', '15DEC', '14DEC', '13DEC', '12DEC', '11DEC', '10DEC', '09DEC', '08DEC', '07DEC', '06DEC', '05DEC', '04DEC', '03DEC', '02DEC', '01DEC', '30NOV', '29NOV', '28NOV', '27NOV', '26NOV', '25NOV', '24NOV', '23NOV', '22NOV', '21NOV', '20NOV', '19NOV', '18NOV', '17NOV', '16NOV', '15NOV', '14NOV', '13NOV', '12NOV', '11NOV', '10NOV', '09NOV', '08NOV', '07NOV', '06NOV', '05NOV', '04NOV', '03NOV', '02NOV', '01NOV', '31OCT', '30OCT', '29OCT', '28OCT', '27OCT', '26OCT', '25OCT', '24OCT', '23OCT', '22OCT', '21OCT', '20OCT', '19OCT', '18OCT', '17OCT', '16OCT', '15OCT', '14OCT', '13OCT', '12OCT', '11OCT', '10OCT', '09OCT', '08OCT', '07OCT', '06OCT', '05OCT', '04OCT', '03OCT', '02OCT', '01OCT', '30SEP', '29SEP', '28SEP', '27SEP', '26SEP', '25SEP', '24SEP', '23SEP', '22SEP', '21SEP', '20SEP', '19SEP', '18SEP', '17SEP', '16SEP', '15SEP', '14SEP', '13SEP', '12SEP', '11SEP', '10SEP', '09SEP', '08SEP', '07SEP', '06SEP', '05SEP', '04SEP', '03SEP', '02SEP', '01SEP', '31AUG', '30AUG', '29AUG', '28AUG', '27AUG', '26AUG', '25AUG', '24AUG', '23AUG', '22AUG', '21AUG', '20AUG', '19AUG', '18AUG', '17AUG', '16AUG', '15AUG', '14AUG', '13AUG', '12AUG', '11AUG', '10AUG', '09AUG', '08AUG', '07AUG', '06AUG', '05AUG', '04AUG', '03AUG', '02AUG', '01AUG', '31JUL', '30JUL', '29JUL', '28JUL', '27JUL', '26JUL', '25JUL', '24JUL', '23JUL']
[LF] Attaching to Chrome for Altea access
[LF][[OK] SUCCESS] Connected to Chrome on 127.0.0.1:9226 (after 1 attempts)
[LF][[OK] SUCCESS] Found Amadeus Altea window: Altéa Reservation Desktop
[LF][[INFO] INFO] URL: https://tc212.resdesktop.altea.amadeus.com/app_ard/apf/init/login?SITE=ESMPESMP&LANGUAGE=GB&MARKETS=ARDW_PROD_WBP&ACTION=clpLogin
[LF] Processing MED-CAI for 31MAR
[LF][ERROR] Amadeus command error detected: UNKNOWN TRANSACTION
[LF][ERROR] Command: SN31MARMEDCAI/ASM
[LF][RESYNC] Triggering immediate resync to last successful SN command
============================================================
[LF][RESYNC] Command 'SN31MARMEDCAI/ASM' failed: TECH_ERROR:UNKNOWN TRANSACTION
[LF][RESYNC] Re-running entire day from SN command for MED-CAI 31MAR
[LF][RESYNC] Attempt 1/50 (waiting 1.0s before retry...)
============================================================
[LF][RESYNC] Sending IG to clear session state...
[LF][RESYNC] Session cleared with IG
[LF] Processing MED-CAI for 31MAR
[LF] 31MAR: found 1 direct flights
[LF] SM494 31MAR: BKG=168, GRP=135, CAP=175, LF%=96.0%, Brd-Off=MED-CAI, Classes: P:135, I:15, O:6, K:12
[LF] Getting WEEKLY/LASTSOLD data for 1 flights
[LF] SM494 31MAR: LASTSOLD=2030-12-29 00:00:00, WEEKLY=0, TODAY=0, YDAY=0
[LF] Processing MED-CAI for 30MAR
[LF] 30MAR: found 1 direct flights
[LF] SM494 30MAR: BKG=168, GRP=135, CAP=175, LF%=96.0%, Brd-Off=MED-CAI, Classes: P:135, I:17, O:10, X:1, K:5
[LF] Getting WEEKLY/LASTSOLD data for 1 flights
[LF] SM494 30MAR: LASTSOLD=2030-12-30 00:00:00, WEEKLY=0, TODAY=0, YDAY=0
[LF] Processing MED-CAI for 29MAR
[LF] No direct flights on 29MAR for MED-CAI
[LF] Processing MED-CAI for 28MAR
[LF] 28MAR: found 1 direct flights
[LF] SM494 28MAR: BKG=151, GRP=135, CAP=175, LF%=86.3%, Brd-Off=MED-CAI, Classes: P:137, L:5, V:5, K:4
[LF] Getting WEEKLY/LASTSOLD data for 1 flights
[LF] SM494 28MAR: LASTSOLD=2030-12-31 00:00:00, WEEKLY=0, TODAY=0, YDAY=0
[LF] Processing MED-CAI for 27MAR
[LF] No direct flights on 27MAR for MED-CAI
[LF] Processing MED-CAI for 26MAR
[LF] 26MAR: found 1 direct flights
[LF] SM494 26MAR: BKG=161, GRP=135, CAP=175, LF%=92.0%, Brd-Off=MED-CAI, Classes: P:137, S:1, L:5, V:5, K:5, Q:5, H:2, M:1
[LPC] SM494 26MAR: Found 1 outbound flights with connecting passengers
[LF] Getting WEEKLY/LASTSOLD data for 1 flights
[LF] SM494 26MAR: LASTSOLD=2030-12-30 00:00:00, WEEKLY=0, TODAY=0, YDAY=0
[LF] Processing MED-CAI for 25MAR
[LF] No direct flights on 25MAR for MED-CAI
[LF] Processing MED-CAI for 24MAR
[LF] 24MAR: 1 cancelled flight(s) detected from SN
[LF] 24MAR: found 4 direct flights
[LF] SM496 24MAR: BKG=164, GRP=140, CAP=175, LF%=93.7%, Brd-Off=MED-CAI, Classes: P:90, E:50, S:4, L:5, V:5, K:5, Q:3, M:2
[LPC] SM496 24MAR: Found 4 outbound flights with connecting passengers
[LF] SM974 24MAR: BKG=180, GRP=180, CAP=167, LF%=107.8%, Brd-Off=MED-CAI, Classes: P:180
[LF] SM984 24MAR: BKG=170, GRP=170, CAP=167, LF%=101.8%, Brd-Off=MED-CAI, Classes: P:170
[LF] SM494 24MAR: BKG=156, GRP=135, CAP=175, LF%=89.1%, Brd-Off=MED-CAI, Classes: P:135, S:1, L:10, V:5, K:5
[LF] Getting WEEKLY/LASTSOLD data for 4 flights
[LF] SM496 24MAR: LASTSOLD=2030-12-30 00:00:00, WEEKLY=0, TODAY=0, YDAY=0
[LF] SM974 24MAR: LASTSOLD=2030-01-07 00:00:00, WEEKLY=0, TODAY=0, YDAY=0
[LF] SM984 24MAR: LASTSOLD=2030-12-27 00:00:00, WEEKLY=0, TODAY=0, YDAY=0
[LF] SM494 24MAR: LASTSOLD=2030-12-30 00:00:00, WEEKLY=0, TODAY=0, YDAY=0
[LF] Processing MED-CAI for 23MAR
[LF] No direct flights on 23MAR for MED-CAI
[LF] Processing MED-CAI for 22MAR
[LF] 22MAR: found 2 direct flights
[LF] SM494 22MAR: BKG=156, GRP=135, CAP=175, LF%=89.1%, Brd-Off=MED-CAI, Classes: P:135, K:5, Q:5, H:5, M:6
[LF] SM972 22MAR: BKG=170, GRP=170, CAP=167, LF%=101.8%, Brd-Off=MED-CAI, Classes: P:170
[LF] Getting WEEKLY/LASTSOLD data for 2 flights
[LF] SM494 22MAR: LASTSOLD=2030-12-27 00:00:00, WEEKLY=0, TODAY=0, YDAY=0
[LF] SM972 22MAR: LASTSOLD=2030-01-07 00:00:00, WEEKLY=0, TODAY=0, YDAY=0
[LF] Processing MED-CAI for 21MAR
[LF] 21MAR: found 1 direct flights
[LF] SM494 21MAR: BKG=165, GRP=135, CAP=175, LF%=94.3%, Brd-Off=MED-CAI, Classes: P:135, K:5, Q:5, H:5, M:15
[LPC] SM494 21MAR: Found 1 outbound flights with connecting passengers
[LF] Getting WEEKLY/LASTSOLD data for 1 flights
[LF] SM494 21MAR: LASTSOLD=2030-12-25 00:00:00, WEEKLY=0, TODAY=0, YDAY=0
[LF] Processing MED-CAI for 20MAR
[LF] No direct flights on 20MAR for MED-CAI
[LF] Processing MED-CAI for 19MAR
[LF] 19MAR: found 2 direct flights
[LF] SM494 19MAR: BKG=51, GRP=0, CAP=175, LF%=29.1%, Brd-Off=MED-CAI, Classes: K:5, Q:5, H:5, M:36
[LF] SM952 19MAR: BKG=2, GRP=0, CAP=167, LF%=1.2%, Brd-Off=MED-CAI, Classes: Y:2
[LF] Getting WEEKLY/LASTSOLD data for 2 flights
[LF] SM494 19MAR: LASTSOLD=2030-12-30 00:00:00, WEEKLY=0, TODAY=0, YDAY=0
[LF] SM952 19MAR: LASTSOLD=2030-01-08 00:00:00, WEEKLY=0, TODAY=0, YDAY=0
[LF] Processing MED-CAI for 18MAR
[LF] 18MAR: 1 cancelled flight(s) detected from SN
[LF] No direct flights on 18MAR for MED-CAI
[LF] Processing MED-CAI for 17MAR
[LF] 17MAR: found 2 direct flights
[LF] SM496 17MAR: BKG=98, GRP=90, CAP=168, LF%=58.3%, Brd-Off=MED-CAI, Classes: E:90, K:5, M:3
[LPC] SM496 17MAR: Found 3 outbound flights with connecting passengers
[LF] SM494 17MAR: BKG=11, GRP=0, CAP=175, LF%=6.3%, Brd-Off=MED-CAI, Classes: K:5, Q:4, H:2
[LF] Getting WEEKLY/LASTSOLD data for 2 flights
[LF] SM496 17MAR: LASTSOLD=2030-12-31 00:00:00, WEEKLY=0, TODAY=0, YDAY=0
[LF] SM494 17MAR: LASTSOLD=2030-12-25 00:00:00, WEEKLY=0, TODAY=0, YDAY=0
[LF] Processing MED-CAI for 16MAR
[LF] No direct flights on 16MAR for MED-CAI
[LF] Processing MED-CAI for 15MAR
[LF] 15MAR: found 1 direct flights
[LF] SM494 15MAR: BKG=7, GRP=0, CAP=175, LF%=4.0%, Brd-Off=MED-CAI, Classes: S:4, K:3
[LF] Getting WEEKLY/LASTSOLD data for 1 flights
[LF] SM494 15MAR: LASTSOLD=2030-12-06 00:00:00, WEEKLY=0, TODAY=0, YDAY=0
[LF] Processing MED-CAI for 14MAR
[LF] 14MAR: found 1 direct flights
[LF] SM494 14MAR: BKG=18, GRP=0, CAP=175, LF%=10.3%, Brd-Off=MED-CAI, Classes: S:15, K:1, H:2
[LF] Getting WEEKLY/LASTSOLD data for 1 flights
[LF] SM494 14MAR: LASTSOLD=2030-12-30 00:00:00, WEEKLY=0, TODAY=0, YDAY=0
[LF] Processing MED-CAI for 13MAR
[LF] No direct flights on 13MAR for MED-CAI
[LF] Processing MED-CAI for 12MAR
[LF] 12MAR: found 1 direct flights
[LF] SM494 12MAR: BKG=37, GRP=0, CAP=175, LF%=21.1%, Brd-Off=MED-CAI, Classes: T:9, W:8, S:17, K:2, H:1
[LF] Getting WEEKLY/LASTSOLD data for 1 flights
[LF] SM494 12MAR: LASTSOLD=2030-12-27 00:00:00, WEEKLY=0, TODAY=0, YDAY=0
[LF] Processing MED-CAI for 11MAR
[LF] No direct flights on 11MAR for MED-CAI
[LF] Processing MED-CAI for 10MAR
[LF] 10MAR: found 2 direct flights
[LF] SM496 10MAR: BKG=38, GRP=25, CAP=175, LF%=21.7%, Brd-Off=MED-CAI, Classes: E:25, T:9, W:4
[LPC] SM496 10MAR: Found 1 outbound flights with connecting passengers
[LF] SM494 10MAR: BKG=16, GRP=0, CAP=175, LF%=9.1%, Brd-Off=MED-CAI, Classes: T:9, W:4, S:3
[LPC] SM494 10MAR: Found 0 outbound flights with connecting passengers
[LF] Getting WEEKLY/LASTSOLD data for 2 flights
[LF] SM496 10MAR: LASTSOLD=2030-12-29 00:00:00, WEEKLY=0, TODAY=0, YDAY=0
[LF] SM494 10MAR: LASTSOLD=2030-12-30 00:00:00, WEEKLY=0, TODAY=0, YDAY=0
[LF] Processing MED-CAI for 09MAR
[LF] No direct flights on 09MAR for MED-CAI
[LF] Processing MED-CAI for 08MAR
[LF] 08MAR: found 1 direct flights
[LF] SM494 08MAR: BKG=8, GRP=0, CAP=175, LF%=4.6%, Brd-Off=MED-CAI, Classes: T:5, W:3
[LF] Getting WEEKLY/LASTSOLD data for 1 flights
[LF] SM494 08MAR: LASTSOLD=2030-12-24 00:00:00, WEEKLY=0, TODAY=0, YDAY=0
[LF] Processing MED-CAI for 07MAR
[LF] 07MAR: found 1 direct flights
[LF] SM494 07MAR: BKG=19, GRP=0, CAP=175, LF%=10.9%, Brd-Off=MED-CAI, Classes: X:2, T:7, S:5, K:5
[LF] Getting WEEKLY/LASTSOLD data for 1 flights
[LF] SM494 07MAR: LASTSOLD=2030-12-27 00:00:00, WEEKLY=0, TODAY=0, YDAY=0
[LF] Processing MED-CAI for 06MAR
[LF] No direct flights on 06MAR for MED-CAI
[LF] Processing MED-CAI for 05MAR
[LF] 05MAR: found 1 direct flights
[LF] SM494 05MAR: BKG=62, GRP=0, CAP=172, LF%=36.0%, Brd-Off=MED-CAI, Classes: I:9, O:8, U:8, X:8, T:17, W:4, S:8
[LF] Getting WEEKLY/LASTSOLD data for 1 flights
[LF] SM494 05MAR: LASTSOLD=2030-12-30 00:00:00, WEEKLY=0, TODAY=0, YDAY=0
[LF] Processing MED-CAI for 04MAR
[LF] No direct flights on 04MAR for MED-CAI
[LF] Processing MED-CAI for 03MAR
[LF] 03MAR: found 2 direct flights
[LF] SM496 03MAR: BKG=77, GRP=40, CAP=175, LF%=44.0%, Brd-Off=MED-CAI, Classes: E:40, I:9, O:8, U:9, X:7, T:3, S:1
[LPC] SM496 03MAR: Found 1 outbound flights with connecting passengers
[LF] SM494 03MAR: BKG=43, GRP=0, CAP=175, LF%=24.6%, Brd-Off=MED-CAI, Classes: I:8, O:9, U:8, X:9, T:7, W:1, S:1
[LF] Getting WEEKLY/LASTSOLD data for 2 flights
[LF] SM496 03MAR: LASTSOLD=2030-12-30 00:00:00, WEEKLY=0, TODAY=0, YDAY=0
[LF] SM494 03MAR: LASTSOLD=2030-12-30 00:00:00, WEEKLY=0, TODAY=0, YDAY=0
[LF] Processing MED-CAI for 02MAR
[LF] No direct flights on 02MAR for MED-CAI
[LF] Processing MED-CAI for 01MAR
[LF] 01MAR: found 1 direct flights
[LF] SM494 01MAR: BKG=66, GRP=0, CAP=175, LF%=37.7%, Brd-Off=MED-CAI, Classes: I:17, O:7, U:8, X:17, T:8, W:7, K:2
[LF] Getting WEEKLY/LASTSOLD data for 1 flights
Process Process-6:
Traceback (most recent call last):
  File "C:\Users\MANDO\AppData\Local\Programs\Python\Python313\Lib\multiprocessing\process.py", line 313, in _bootstrap
    self.run()
    ~~~~~~~~^^
  File "C:\Users\MANDO\AppData\Local\Programs\Python\Python313\Lib\multiprocessing\process.py", line 108, in run
    self._target(*self._args, **self._kwargs)
    ~~~~~~~~~~~~^^^^^^^^^^^^^^^^^^^^^^^^^^^^^
  File "D:\CODERED\LAB\market_insights\orchestration\queue_worker_system.py", line 587, in lf_worker_process
    results, errors = run_lf_search(
                      ~~~~~~~~~~~~~^
        origin=origin,
        ^^^^^^^^^^^^^^
    ...<3 lines>...
        progress_callback=heartbeat_callback
        ^^^^^^^^^^^^^^^^^^^^^^^^^^^^^^^^^^^^
    )
    ^
  File "D:\CODERED\LAB\market_insights\lf\orchestration.py", line 771, in run_lf_search
    dtok, rows, err = process_lf_day(drv, origin, dest, dtok, year_for_token)
                      ~~~~~~~~~~~~~~^^^^^^^^^^^^^^^^^^^^^^^^^^^^^^^^^^^^^^^^^
  File "D:\CODERED\LAB\market_insights\lf\orchestration.py", line 287, in process_lf_day
    return handle_amadeus_error_with_resync(
        drv, origin, dest, dtok, year,
        _process_lf_day_once,
        resync_wait_sec=RESYNC_WAIT_SEC
    )
  File "D:\CODERED\LAB\market_insights\lf\amadeus.py", line 224, in handle_amadeus_error_with_resync
    result = process_func(drv, origin, dest, dtok, year)
  File "D:\CODERED\LAB\market_insights\lf\orchestration.py", line 483, in _process_lf_day_once
    last_sold, weekly_sold, sold_today, sold_yesterday = weekly_from_lpl_pages(drv, flight, dtok, year_)
                                                         ~~~~~~~~~~~~~~~~~~~~~^^^^^^^^^^^^^^^^^^^^^^^^^^
  File "D:\CODERED\LAB\market_insights\lf\parsers.py", line 891, in weekly_from_lpl_pages
    more = send_and_wait(drv, "M", expect_tokens=[], timeout=SEND_TIMEOUT_SEC) or ""
           ~~~~~~~~~~~~~^^^^^^^^^^^^^^^^^^^^^^^^^^^^^^^^^^^^^^^^^^^^^^^^^^^^^^
  File "D:\CODERED\LAB\market_insights\lf\amadeus.py", line 760, in send_and_wait
    inp = focus_cmdline(drv)
  File "D:\CODERED\LAB\market_insights\lf\amadeus.py", line 418, in focus_cmdline
    time.sleep(0.15)
    ~~~~~~~~~~^^^^^^
KeyboardInterrupt
